receiving incremental file list

sent 24 bytes  received 2323 bytes  670.57 bytes/sec
total size is 3008000  speedup is 1281.64
logging to logs/20180723111852
=== generate newenrollments for BBC3101VideoTechnology2017. ===
GENERATE SNAPSHOTS...
./BBCIncrementalEnrollerX2.py : generating enrolment files for subjects in  workingSheets/data/BBC3101VideoTechnology2017.xls
processXLS: start spreadsheet workingSheets/data/BBC3101VideoTechnology2017.xls
[u'2018 Blackboard Classrooms for Department: 3101 - VIDEO TECHNOLOGY', u'', u'', u'', u'', u'', u'', u'', u'', u'', u'', u'', u'']
check '2018 Blackboard Classrooms for Department: 3101 - VIDEO TECHNOLOGY' ''
[u'', u'', u'', u'', u'', u'', u'', u'', u'', u'', u'', u'', u'']
check '' ''
[u'BB Classroom', u'Migrate Classroom', u'ITS Subject', u'', u'ITS Qualification', u'', u'Block', u'', u'Off Type', u'', u'Grp', u'Lecturer(s)', u'2016 Enrol']
check 'BB Classroom' 'ITS Subject'
[u'INVD101_YEAR_2018', u'INVD101_YEAR_2017', u'INVD101', u'INTRODUCTION TO VIDEO I', u'NDVID2', u'ND: VIDEO TECHNOLOGY', u'11', u'YEAR', u'D1', u'Durban Campus Full-time', u'A', u'50000980:BURNETT', 44.0]
check 'INVD101_YEAR_2018' 'INVD101'
processXLS: only for SEM2 [u'INVD101_YEAR_2018', u'INVD101_YEAR_2017', u'INVD101', u'INTRODUCTION TO VIDEO I', u'NDVID2', u'ND: VIDEO TECHNOLOGY', u'11', u'YEAR', u'D1', u'Durban Campus Full-time', u'A', u'50000980:BURNETT', 44.0]
[u'', u'', u'', u'', u'', u'', u'', u'', u'', u'', u'', u'', u'']
check '' ''
[u'PRTV101_SEM1_2018', u'PRTV101_SEM1_2017', u'PRTV101', u'PRACTICAL TELEVISION PRODUCTION I', u'NDVID2', u'ND: VIDEO TECHNOLOGY', u'21', u'SEMESTER 1', u'D1', u'Durban Campus Full-time', u'A', u'50000980:BURNETT', 33.0]
check 'PRTV101_SEM1_2018' 'PRTV101'
processXLS: only for SEM2 [u'PRTV101_SEM1_2018', u'PRTV101_SEM1_2017', u'PRTV101', u'PRACTICAL TELEVISION PRODUCTION I', u'NDVID2', u'ND: VIDEO TECHNOLOGY', u'21', u'SEMESTER 1', u'D1', u'Durban Campus Full-time', u'A', u'50000980:BURNETT', 33.0]
[u'', u'', u'', u'', u'', u'', u'', u'', u'', u'', u'', u'', u'']
check '' ''
[u'TAPD101_SEM1_2018', u'TAPD101_SEM1_2017', u'TAPD101', u'TELEVISION APPRECIATION & DEVELOPMENT I', u'NDVID2', u'ND: VIDEO TECHNOLOGY', u'21', u'SEMESTER 1', u'D1', u'Durban Campus Full-time', u'A', u'50000980:BURNETT', 34.0]
check 'TAPD101_SEM1_2018' 'TAPD101'
processXLS: only for SEM2 [u'TAPD101_SEM1_2018', u'TAPD101_SEM1_2017', u'TAPD101', u'TELEVISION APPRECIATION & DEVELOPMENT I', u'NDVID2', u'ND: VIDEO TECHNOLOGY', u'21', u'SEMESTER 1', u'D1', u'Durban Campus Full-time', u'A', u'50000980:BURNETT', 34.0]
[u'', u'', u'', u'', u'', u'', u'', u'', u'', u'', u'', u'', u'']
check '' ''
[u'TETN101_YEAR_2018', u'TETN101_YEAR_2017', u'TETN101', u'TELEVISION ELECTRONICS I', u'NDVID2', u'ND: VIDEO TECHNOLOGY', u'11', u'YEAR', u'D1', u'Durban Campus Full-time', u'A', u'50000980:BURNETT', 46.0]
check 'TETN101_YEAR_2018' 'TETN101'
processXLS: only for SEM2 [u'TETN101_YEAR_2018', u'TETN101_YEAR_2017', u'TETN101', u'TELEVISION ELECTRONICS I', u'NDVID2', u'ND: VIDEO TECHNOLOGY', u'11', u'YEAR', u'D1', u'Durban Campus Full-time', u'A', u'50000980:BURNETT', 46.0]
[u'', u'', u'', u'', u'', u'', u'', u'', u'', u'', u'', u'', u'']
check '' ''
[u'TPTH101_YEAR_2018', u'TPTH101_YEAR_2017', u'TPTH101', u'TELEVISION PRODUCTION THEORY I', u'NDVID2', u'ND: VIDEO TECHNOLOGY', u'11', u'YEAR', u'D1', u'Durban Campus Full-time', u'A', u'50000980:BURNETT', 45.0]
check 'TPTH101_YEAR_2018' 'TPTH101'
processXLS: only for SEM2 [u'TPTH101_YEAR_2018', u'TPTH101_YEAR_2017', u'TPTH101', u'TELEVISION PRODUCTION THEORY I', u'NDVID2', u'ND: VIDEO TECHNOLOGY', u'11', u'YEAR', u'D1', u'Durban Campus Full-time', u'A', u'50000980:BURNETT', 45.0]
[u'', u'', u'', u'', u'', u'', u'', u'', u'', u'', u'', u'', u'']
check '' ''
[u'', u'', u'', u'', u'', u'', u'', u'', u'', u'', u'', u'', u'']
check '' ''
[u'', u'', u'', u'', u'', u'', u'', u'', u'', u'', u'', u'', u'']
check '' ''
[u'PRTV201_SEM2_2018', u'PRTV201_SEM2_2017', u'PRTV201', u'PRACTICAL TELEVISION PRODUCTION II', u'NDVID2', u'ND: VIDEO TECHNOLOGY', u'22', u'SEMESTER 2', u'D1', u'Durban Campus Full-time', u'A', u'50000980:BURNETT', 30.0]
check 'PRTV201_SEM2_2018' 'PRTV201'
adding  PRTV201
requesting:  http://10.0.100.98:8000/bbinfo/matching_courses/PRTV201%25
r= <Response [200]>
matching classes= set([u'PRTV201_SEM2_2016', u'PRTV201_SEM2_2017', u'PRTV201_13_THOC', u'PRTV201_SEM2_2018'])
[u'', u'', u'', u'', u'', u'', u'', u'', u'', u'', u'', u'', u'']
check '' ''
[u'TAPD201_SEM2_2018', u'TAPD201_SEM2_2017', u'TAPD201', u'TELEVISION APPRECIATION & DEVELOPMENT II', u'NDVID2', u'ND: VIDEO TECHNOLOGY', u'22', u'SEMESTER 2', u'D1', u'Durban Campus Full-time', u'A', u'50000980:BURNETT', 29.0]
check 'TAPD201_SEM2_2018' 'TAPD201'
adding  TAPD201
requesting:  http://10.0.100.98:8000/bbinfo/matching_courses/TAPD201%25
r= <Response [200]>
matching classes= set([u'TAPD201_SEM2_2018', u'TAPD201_13_THOC', u'TAPD201_SEM2_2017', u'TAPD201_SEM2_2016'])
[u'', u'', u'', u'', u'', u'', u'', u'', u'', u'', u'', u'', u'']
check '' ''
[u'TPTH201_SEM1_2018', u'TPTH201_SEM1_2017', u'TPTH201', u'TELEVISION PRODUCTION THEORY II', u'NDVID2', u'ND: VIDEO TECHNOLOGY', u'21', u'SEMESTER 1', u'D1', u'Durban Campus Full-time', u'A', u'50000980:BURNETT', 36.0]
check 'TPTH201_SEM1_2018' 'TPTH201'
processXLS: only for SEM2 [u'TPTH201_SEM1_2018', u'TPTH201_SEM1_2017', u'TPTH201', u'TELEVISION PRODUCTION THEORY II', u'NDVID2', u'ND: VIDEO TECHNOLOGY', u'21', u'SEMESTER 1', u'D1', u'Durban Campus Full-time', u'A', u'50000980:BURNETT', 36.0]
[u'', u'', u'', u'', u'', u'', u'', u'', u'', u'', u'', u'', u'']
check '' ''
[u'', u'', u'', u'', u'', u'', u'', u'', u'', u'', u'', u'', u'']
check '' ''
[u'', u'', u'', u'', u'', u'', u'', u'', u'', u'', u'', u'', u'']
check '' ''
[u'PRTV301_SEM1_2018', u'PRTV301_SEM1_2017', u'PRTV301', u'PRACTICAL TELEVISION PRODUCTION III', u'NDVID2', u'ND: VIDEO TECHNOLOGY', u'21', u'SEMESTER 1', u'D1', u'Durban Campus Full-time', u'A', u'50000980:BURNETT', 31.0]
check 'PRTV301_SEM1_2018' 'PRTV301'
processXLS: only for SEM2 [u'PRTV301_SEM1_2018', u'PRTV301_SEM1_2017', u'PRTV301', u'PRACTICAL TELEVISION PRODUCTION III', u'NDVID2', u'ND: VIDEO TECHNOLOGY', u'21', u'SEMESTER 1', u'D1', u'Durban Campus Full-time', u'A', u'50000980:BURNETT', 31.0]
[u'', u'', u'', u'', u'', u'', u'', u'', u'', u'', u'', u'', u'']
check '' ''
[u'TPTH301_SEM2_2018', u'TPTH301_SEM2_2017', u'TPTH301', u'TELEVISION PRODUCTION THEORY III', u'NDVID2', u'ND: VIDEO TECHNOLOGY', u'22', u'SEMESTER 2', u'D1', u'Durban Campus Full-time', u'A', u'50000980:BURNETT', 28.0]
check 'TPTH301_SEM2_2018' 'TPTH301'
adding  TPTH301
requesting:  http://10.0.100.98:8000/bbinfo/matching_courses/TPTH301%25
r= <Response [200]>
matching classes= set([u'TPTH301_SEM2_2017', u'TPTH301_SEM2_2016', u'TPTH301_14_BURC', u'TPTH301_13_THOC', u'TPTH301_SEM2_2018'])
[u'', u'', u'', u'', u'', u'', u'', u'', u'', u'', u'', u'', u'']
check '' ''
[u'PRTV401_YEAR_2018', u'PRTV401_YEAR_2017', u'PRTV401', u'PRACTICAL TELEVISION PRODUCTION IV', u'BTVID1', u'BT:  VIDEO TECHNOLOGY', u'11', u'YEAR', u'D1', u'Durban Campus Full-time', u'A', u'50000980:BURNETT', 10.0]
check 'PRTV401_YEAR_2018' 'PRTV401'
processXLS: only for SEM2 [u'PRTV401_YEAR_2018', u'PRTV401_YEAR_2017', u'PRTV401', u'PRACTICAL TELEVISION PRODUCTION IV', u'BTVID1', u'BT:  VIDEO TECHNOLOGY', u'11', u'YEAR', u'D1', u'Durban Campus Full-time', u'A', u'50000980:BURNETT', 10.0]
[u'', u'', u'', u'', u'', u'', u'', u'', u'', u'', u'', u'', u'']
check '' ''
[u'RMTS401_YEAR_2018', u'RMTS401_YEAR_2017', u'RMTS401', u'RESEARCH METHODS IV', u'BTVID1', u'BT:  VIDEO TECHNOLOGY', u'11', u'YEAR', u'D1', u'Durban Campus Full-time', u'A', u'40013390:PLUG;40012426:COLLINS;50000980:BURNETT', 10.0]
check 'RMTS401_YEAR_2018' 'RMTS401'
processXLS: only for SEM2 [u'RMTS401_YEAR_2018', u'RMTS401_YEAR_2017', u'RMTS401', u'RESEARCH METHODS IV', u'BTVID1', u'BT:  VIDEO TECHNOLOGY', u'11', u'YEAR', u'D1', u'Durban Campus Full-time', u'A', u'40013390:PLUG;40012426:COLLINS;50000980:BURNETT', 10.0]
[u'', u'', u'', u'', u'', u'', u'', u'', u'', u'', u'', u'', u'']
check '' ''
[u'RSHP401_YEAR_2018', u'RSHP401_YEAR_2017', u'RSHP401', u'RESEARCH PROJECT IV', u'BTVID1', u'BT:  VIDEO TECHNOLOGY', u'11', u'YEAR', u'D1', u'Durban Campus Full-time', u'A', u'40013390:PLUG;50000980:BURNETT', 10.0]
check 'RSHP401_YEAR_2018' 'RSHP401'
processXLS: only for SEM2 [u'RSHP401_YEAR_2018', u'RSHP401_YEAR_2017', u'RSHP401', u'RESEARCH PROJECT IV', u'BTVID1', u'BT:  VIDEO TECHNOLOGY', u'11', u'YEAR', u'D1', u'Durban Campus Full-time', u'A', u'40013390:PLUG;50000980:BURNETT', 10.0]
[u'', u'', u'', u'', u'', u'', u'', u'', u'', u'', u'', u'', u'']
check '' ''
[u'TPTH401_YEAR_2018', u'TPTH401_YEAR_2017', u'TPTH401', u'TELEVISION PRODUCTION THEORY IV', u'BTVID1', u'BT:  VIDEO TECHNOLOGY', u'11', u'YEAR', u'D1', u'Durban Campus Full-time', u'A', u'50000980:BURNETT', 10.0]
check 'TPTH401_YEAR_2018' 'TPTH401'
processXLS: only for SEM2 [u'TPTH401_YEAR_2018', u'TPTH401_YEAR_2017', u'TPTH401', u'TELEVISION PRODUCTION THEORY IV', u'BTVID1', u'BT:  VIDEO TECHNOLOGY', u'11', u'YEAR', u'D1', u'Durban Campus Full-time', u'A', u'50000980:BURNETT', 10.0]
[u'TPTH101', u'TPTH101', u'TPTH101', u'Scriptwriting 1', u'NDVID2', u'ND: Video Technology Year', u'', u'', u'D1', u'Durban Campus - Full time', u'A', 50000980.0, 50.0]
check 'TPTH101' 'TPTH101'
processXLS: only for SEM2 [u'TPTH101', u'TPTH101', u'TPTH101', u'Scriptwriting 1', u'NDVID2', u'ND: Video Technology Year', u'', u'', u'D1', u'Durban Campus - Full time', u'A', 50000980.0, 50.0]
[u'New subjects for 2018', u'TPTH201', u'TPTH201', u'Scriptwriting 2', u'NDVID2', u'ND: Video TechnologySemester', u'', u'', u'D1', u'Durban Campus - full time', u'A', 50000980.0, 35.0]
check 'New subjects for 2018' 'TPTH201'
[u'', u'TPTH201', u'TPTH201', u'Editing 2', u'NDVID 2', u'ND; Video Technology', u'', u'Semester', u'D1', u'Durban Campus - Full time', u'A', 50000980.0, 35.0]
check '' 'TPTH201'
processXLS: finished processing workingSheets/data/BBC3101VideoTechnology2017.xls
getWS: requesting:  http://10.0.100.98:8000/itsenrol/classlist/2018/22/PRTV201 rsp= <Response [200]>
getWS: requesting:  http://10.0.100.98:8000/bbinfo/classlist/PRTV201 rsp= <Response [200]>
getNewStudentsInSubject: ITS 28, BB 1 -> 28 new enrollments
getWS: requesting:  http://10.0.100.98:8000/itsenrol/classlist/2018/22/TPTH301 rsp= <Response [200]>
getWS: requesting:  http://10.0.100.98:8000/bbinfo/classlist/TPTH301 rsp= <Response [200]>
getNewStudentsInSubject: ITS 27, BB 1 -> 27 new enrollments
getWS: requesting:  http://10.0.100.98:8000/itsenrol/classlist/2018/22/TAPD201 rsp= <Response [200]>
getWS: requesting:  http://10.0.100.98:8000/bbinfo/classlist/TAPD201 rsp= <Response [200]>
getNewStudentsInSubject: ITS 23, BB 1 -> 23 new enrollments
main: Writing students...
main: Writing enrollments...
main: Finished processing workingSheets/data/BBC3101VideoTechnology2017.xls
main: 3 subjects processed
main: 3 subject -> classroom maps
main: 30 students
main: 78 student enrollments 0 errors
0.17user 0.12system 0:00.61elapsed 48%CPU (0avgtext+0avgdata 57904maxresident)k
0inputs+24outputs (0major+7105minor)pagefaults 0swaps
POSTING SNAPSHOTS to SIS endpoint
TEST RUN, NOT POSTING BBSTUDENTS
TEST RUN, NOT POSTIN BBENROL
copy snapshot files to saved output
=== department done ===
syncing logs...
Pushing logs from logs/20180723111852 to remote...
sending incremental file list
created directory /var/www/html/enrol-o-mat/logs/20180723111852
./
BBC3101VideoTechnology2017.BBENROL.txt
BBC3101VideoTechnology2017.BBSTUDENTS.txt
BBC3101VideoTechnology2017.Enrolomat.txt
BBC3101VideoTechnology2017.Postlog.txt

sent 19851 bytes  received 91 bytes  4431.56 bytes/sec
total size is 19526  speedup is 0.98
logging to logs/20180723111852
=== generate newenrollments for BBC3102SchoolOfEducation2017. ===
GENERATE SNAPSHOTS...
./BBCIncrementalEnrollerX2.py : generating enrolment files for subjects in  workingSheets/data/BBC3102SchoolOfEducation2017.xls
processXLS: start spreadsheet workingSheets/data/BBC3102SchoolOfEducation2017.xls
[u'2018 Blackboard Classrooms for Department: 3102 - SCHOOL OF EDUCATION', u'', u'', u'', u'', u'', u'', u'', u'', u'', u'', u'', u'']
check '2018 Blackboard Classrooms for Department: 3102 - SCHOOL OF EDUCATION' ''
[u'', u'', u'', u'', u'', u'', u'', u'', u'', u'', u'', u'', u'']
check '' ''
[u'BB Classroom', u'Migrate Classroom', u'ITS Subject', u'', u'ITS Qualification', u'', u'Block', u'', u'Off Type', u'', u'Grp', u'Lecturer(s)', u'2016 Enrol']
check 'BB Classroom' 'ITS Subject'
[u'ACCT101_YEAR_2018', u'ACCT101_YEAR_2017', u'ACCT101', u'ACCOUNTING I', u'BEECM1', u'BE:(FET):  ECONOMICS AND MANAGEMENT SCIE', u'11', u'YEAR', u'I1', u'INDUMISO CAMPUS FULL-TIME', u'A', u'50002600:TARR;50012091:HIRALAAL', 96.0]
check 'ACCT101_YEAR_2018' 'ACCT101'
processXLS: only for SEM2 [u'ACCT101_YEAR_2018', u'ACCT101_YEAR_2017', u'ACCT101', u'ACCOUNTING I', u'BEECM1', u'BE:(FET):  ECONOMICS AND MANAGEMENT SCIE', u'11', u'YEAR', u'I1', u'INDUMISO CAMPUS FULL-TIME', u'A', u'50002600:TARR;50012091:HIRALAAL', 96.0]
[u'', u'', u'', u'', u'', u'', u'', u'', u'', u'', u'', u'', u'']
check '' ''
[u'BIOE101_YEAR_2018', u'BIOE101_YEAR_2017', u'BIOE101', u'BIOLOGY (EDUCATION) I', u'BENSC1', u'BE:(FET):  NATURAL SCIENCE', u'11', u'YEAR', u'I1', u'INDUMISO CAMPUS FULL-TIME', u'A', u'40004774:NAICKER;50002600:TARR', 90.0]
check 'BIOE101_YEAR_2018' 'BIOE101'
processXLS: only for SEM2 [u'BIOE101_YEAR_2018', u'BIOE101_YEAR_2017', u'BIOE101', u'BIOLOGY (EDUCATION) I', u'BENSC1', u'BE:(FET):  NATURAL SCIENCE', u'11', u'YEAR', u'I1', u'INDUMISO CAMPUS FULL-TIME', u'A', u'40004774:NAICKER;50002600:TARR', 90.0]
[u'', u'', u'', u'', u'', u'', u'', u'', u'', u'', u'', u'', u'']
check '' ''
[u'BSMN101_YEAR_2018', u'BSMN101_YEAR_2017', u'BSMN101', u'BUSINESS MANAGEMENT I', u'BEECM1', u'BE:(FET):  ECONOMICS AND MANAGEMENT SCIE', u'11', u'YEAR', u'I1', u'INDUMISO CAMPUS FULL-TIME', u'A', u'40013550:MAGO;50002600:TARR', 67.0]
check 'BSMN101_YEAR_2018' 'BSMN101'
processXLS: only for SEM2 [u'BSMN101_YEAR_2018', u'BSMN101_YEAR_2017', u'BSMN101', u'BUSINESS MANAGEMENT I', u'BEECM1', u'BE:(FET):  ECONOMICS AND MANAGEMENT SCIE', u'11', u'YEAR', u'I1', u'INDUMISO CAMPUS FULL-TIME', u'A', u'40013550:MAGO;50002600:TARR', 67.0]
[u'', u'', u'', u'', u'', u'', u'', u'', u'', u'', u'', u'', u'']
check '' ''
[u'CAPT101_YEAR_2018', u'CAPT101_YEAR_2017', u'CAPT101', u'COMPUTER APPLICATIONS TECHNOLOGY I', u'BEECM1', u'BE:(FET):  ECONOMICS AND MANAGEMENT SCIE', u'11', u'YEAR', u'I1', u'INDUMISO CAMPUS FULL-TIME', u'A', u'40011122:MANGUNDU', 23.0]
check 'CAPT101_YEAR_2018' 'CAPT101'
processXLS: only for SEM2 [u'CAPT101_YEAR_2018', u'CAPT101_YEAR_2017', u'CAPT101', u'COMPUTER APPLICATIONS TECHNOLOGY I', u'BEECM1', u'BE:(FET):  ECONOMICS AND MANAGEMENT SCIE', u'11', u'YEAR', u'I1', u'INDUMISO CAMPUS FULL-TIME', u'A', u'40011122:MANGUNDU', 23.0]
[u'', u'', u'', u'', u'', u'', u'', u'', u'', u'', u'', u'', u'']
check '' ''
[u'CHED101_YEAR_2018', u'CHED101_YEAR_2017', u'CHED101', u'CHEMISTRY (EDUCATION) I', u'BENSC1', u'BE:(FET):  NATURAL SCIENCE', u'11', u'YEAR', u'I1', u'INDUMISO CAMPUS FULL-TIME', u'A', u'40009010:THAMAE;50002600:TARR', 1.0]
check 'CHED101_YEAR_2018' 'CHED101'
processXLS: only for SEM2 [u'CHED101_YEAR_2018', u'CHED101_YEAR_2017', u'CHED101', u'CHEMISTRY (EDUCATION) I', u'BENSC1', u'BE:(FET):  NATURAL SCIENCE', u'11', u'YEAR', u'I1', u'INDUMISO CAMPUS FULL-TIME', u'A', u'40009010:THAMAE;50002600:TARR', 1.0]
[u'', u'', u'', u'', u'', u'', u'', u'', u'', u'', u'', u'', u'']
check '' ''
[u'CMAF101_YEAR_2018', u'CMAF101_YEAR_2017', u'CMAF101', u'COMMUNICATION IN AFRIKAANS I', u'BEECM1', u'BE:(FET):  ECONOMICS AND MANAGEMENT SCIE', u'11', u'YEAR', u'I1', u'INDUMISO CAMPUS FULL-TIME', u'A', u'50002600:TARR;40012438:WELA', 18.0]
check 'CMAF101_YEAR_2018' 'CMAF101'
processXLS: only for SEM2 [u'CMAF101_YEAR_2018', u'CMAF101_YEAR_2017', u'CMAF101', u'COMMUNICATION IN AFRIKAANS I', u'BEECM1', u'BE:(FET):  ECONOMICS AND MANAGEMENT SCIE', u'11', u'YEAR', u'I1', u'INDUMISO CAMPUS FULL-TIME', u'A', u'50002600:TARR;40012438:WELA', 18.0]
[u'CMAF101_YEAR_2018', u'CMAF101_YEAR_2017', u'CMAF101', u'COMMUNICATION IN AFRIKAANS I', u'BENSC1', u'BE:(FET):  NATURAL SCIENCE', u'11', u'YEAR', u'I1', u'INDUMISO CAMPUS FULL-TIME', u'A', u'50002600:TARR;40012438:WELA', 2.0]
check 'CMAF101_YEAR_2018' 'CMAF101'
processXLS: only for SEM2 [u'CMAF101_YEAR_2018', u'CMAF101_YEAR_2017', u'CMAF101', u'COMMUNICATION IN AFRIKAANS I', u'BENSC1', u'BE:(FET):  NATURAL SCIENCE', u'11', u'YEAR', u'I1', u'INDUMISO CAMPUS FULL-TIME', u'A', u'50002600:TARR;40012438:WELA', 2.0]
[u'CMAF101_YEAR_2018', u'CMAF101_YEAR_2017', u'CMAF101', u'COMMUNICATION IN AFRIKAANS I', u'BETEC1', u'BE:(FET):  TECHNOLOGY', u'11', u'YEAR', u'I1', u'INDUMISO CAMPUS FULL-TIME', u'A', u'50002600:TARR;40012438:WELA', 4.0]
check 'CMAF101_YEAR_2018' 'CMAF101'
processXLS: only for SEM2 [u'CMAF101_YEAR_2018', u'CMAF101_YEAR_2017', u'CMAF101', u'COMMUNICATION IN AFRIKAANS I', u'BETEC1', u'BE:(FET):  TECHNOLOGY', u'11', u'YEAR', u'I1', u'INDUMISO CAMPUS FULL-TIME', u'A', u'50002600:TARR;40012438:WELA', 4.0]
[u'', u'', u'', u'', u'', u'', u'', u'', u'', u'', u'', u'', u'']
check '' ''
[u'COEN101_YEAR_2018', u'COEN101_YEAR_2017', u'COEN101', u'COMMUNICATION IN ENGLISH I', u'BEECM1', u'BE:(FET):  ECONOMICS AND MANAGEMENT SCIE', u'11', u'YEAR', u'I1', u'INDUMISO CAMPUS FULL-TIME', u'A', u'50002600:TARR;40012438:WELA', 80.0]
check 'COEN101_YEAR_2018' 'COEN101'
processXLS: only for SEM2 [u'COEN101_YEAR_2018', u'COEN101_YEAR_2017', u'COEN101', u'COMMUNICATION IN ENGLISH I', u'BEECM1', u'BE:(FET):  ECONOMICS AND MANAGEMENT SCIE', u'11', u'YEAR', u'I1', u'INDUMISO CAMPUS FULL-TIME', u'A', u'50002600:TARR;40012438:WELA', 80.0]
[u'COEN101_YEAR_2018', u'COEN101_YEAR_2017', u'COEN101', u'COMMUNICATION IN ENGLISH I', u'BENSC1', u'BE:(FET):  NATURAL SCIENCE', u'11', u'YEAR', u'I1', u'INDUMISO CAMPUS FULL-TIME', u'A', u'50002600:TARR;40012438:WELA', 95.0]
check 'COEN101_YEAR_2018' 'COEN101'
processXLS: only for SEM2 [u'COEN101_YEAR_2018', u'COEN101_YEAR_2017', u'COEN101', u'COMMUNICATION IN ENGLISH I', u'BENSC1', u'BE:(FET):  NATURAL SCIENCE', u'11', u'YEAR', u'I1', u'INDUMISO CAMPUS FULL-TIME', u'A', u'50002600:TARR;40012438:WELA', 95.0]
[u'COEN101_YEAR_2018', u'COEN101_YEAR_2017', u'COEN101', u'COMMUNICATION IN ENGLISH I', u'BETEC1', u'BE:(FET):  TECHNOLOGY', u'11', u'YEAR', u'I1', u'INDUMISO CAMPUS FULL-TIME', u'A', u'50002600:TARR;40012438:WELA', 52.0]
check 'COEN101_YEAR_2018' 'COEN101'
processXLS: only for SEM2 [u'COEN101_YEAR_2018', u'COEN101_YEAR_2017', u'COEN101', u'COMMUNICATION IN ENGLISH I', u'BETEC1', u'BE:(FET):  TECHNOLOGY', u'11', u'YEAR', u'I1', u'INDUMISO CAMPUS FULL-TIME', u'A', u'50002600:TARR;40012438:WELA', 52.0]
[u'', u'', u'', u'', u'', u'', u'', u'', u'', u'', u'', u'', u'']
check '' ''
[u'COZU101_YEAR_2018', u'COZU101_YEAR_2017', u'COZU101', u'COMMUNICATION IN ISIZULU I', u'BEECM1', u'BE:(FET):  ECONOMICS AND MANAGEMENT SCIE', u'11', u'YEAR', u'I1', u'INDUMISO CAMPUS FULL-TIME', u'A', u'40008888:ZULU;50002600:TARR', 79.0]
check 'COZU101_YEAR_2018' 'COZU101'
processXLS: only for SEM2 [u'COZU101_YEAR_2018', u'COZU101_YEAR_2017', u'COZU101', u'COMMUNICATION IN ISIZULU I', u'BEECM1', u'BE:(FET):  ECONOMICS AND MANAGEMENT SCIE', u'11', u'YEAR', u'I1', u'INDUMISO CAMPUS FULL-TIME', u'A', u'40008888:ZULU;50002600:TARR', 79.0]
[u'COZU101_YEAR_2018', u'COZU101_YEAR_2017', u'COZU101', u'COMMUNICATION IN ISIZULU I', u'BENSC1', u'BE:(FET):  NATURAL SCIENCE', u'11', u'YEAR', u'I1', u'INDUMISO CAMPUS FULL-TIME', u'A', u'40008888:ZULU;50002600:TARR', 95.0]
check 'COZU101_YEAR_2018' 'COZU101'
processXLS: only for SEM2 [u'COZU101_YEAR_2018', u'COZU101_YEAR_2017', u'COZU101', u'COMMUNICATION IN ISIZULU I', u'BENSC1', u'BE:(FET):  NATURAL SCIENCE', u'11', u'YEAR', u'I1', u'INDUMISO CAMPUS FULL-TIME', u'A', u'40008888:ZULU;50002600:TARR', 95.0]
[u'COZU101_YEAR_2018', u'COZU101_YEAR_2017', u'COZU101', u'COMMUNICATION IN ISIZULU I', u'BETEC1', u'BE:(FET):  TECHNOLOGY', u'11', u'YEAR', u'I1', u'INDUMISO CAMPUS FULL-TIME', u'A', u'40008888:ZULU;50002600:TARR', 51.0]
check 'COZU101_YEAR_2018' 'COZU101'
processXLS: only for SEM2 [u'COZU101_YEAR_2018', u'COZU101_YEAR_2017', u'COZU101', u'COMMUNICATION IN ISIZULU I', u'BETEC1', u'BE:(FET):  TECHNOLOGY', u'11', u'YEAR', u'I1', u'INDUMISO CAMPUS FULL-TIME', u'A', u'40008888:ZULU;50002600:TARR', 51.0]
[u'', u'', u'', u'', u'', u'', u'', u'', u'', u'', u'', u'', u'']
check '' ''
[u'CVTC101_YEAR_2018', u'CVTC101_YEAR_2017', u'CVTC101', u'CIVIL TECHNOLOGY I', u'BETEC1', u'BE:(FET):  TECHNOLOGY', u'11', u'YEAR', u'I1', u'INDUMISO CAMPUS FULL-TIME', u'A', u'40010261:MAEKO;50002600:TARR', 28.0]
check 'CVTC101_YEAR_2018' 'CVTC101'
processXLS: only for SEM2 [u'CVTC101_YEAR_2018', u'CVTC101_YEAR_2017', u'CVTC101', u'CIVIL TECHNOLOGY I', u'BETEC1', u'BE:(FET):  TECHNOLOGY', u'11', u'YEAR', u'I1', u'INDUMISO CAMPUS FULL-TIME', u'A', u'40010261:MAEKO;50002600:TARR', 28.0]
[u'', u'', u'', u'', u'', u'', u'', u'', u'', u'', u'', u'', u'']
check '' ''
[u'ECON101_YEAR_2018', u'ECON101_YEAR_2017', u'ECON101', u'ECONOMICS I', u'BEECM1', u'BE:(FET):  ECONOMICS AND MANAGEMENT SCIE', u'11', u'YEAR', u'I1', u'INDUMISO CAMPUS FULL-TIME', u'A', u'50002600:TARR;40011384:MAKWARA', 57.0]
check 'ECON101_YEAR_2018' 'ECON101'
processXLS: only for SEM2 [u'ECON101_YEAR_2018', u'ECON101_YEAR_2017', u'ECON101', u'ECONOMICS I', u'BEECM1', u'BE:(FET):  ECONOMICS AND MANAGEMENT SCIE', u'11', u'YEAR', u'I1', u'INDUMISO CAMPUS FULL-TIME', u'A', u'50002600:TARR;40011384:MAKWARA', 57.0]
[u'', u'', u'', u'', u'', u'', u'', u'', u'', u'', u'', u'', u'']
check '' ''
[u'EDUC101_YEAR_2018', u'EDUC101_YEAR_2017', u'EDUC101', u'EDUCATION I', u'BEECM1', u'BE:(FET):  ECONOMICS AND MANAGEMENT SCIE', u'11', u'YEAR', u'I1', u'INDUMISO CAMPUS FULL-TIME', u'A', u'50002600:TARR;50002570:NJOZELA', 79.0]
check 'EDUC101_YEAR_2018' 'EDUC101'
processXLS: only for SEM2 [u'EDUC101_YEAR_2018', u'EDUC101_YEAR_2017', u'EDUC101', u'EDUCATION I', u'BEECM1', u'BE:(FET):  ECONOMICS AND MANAGEMENT SCIE', u'11', u'YEAR', u'I1', u'INDUMISO CAMPUS FULL-TIME', u'A', u'50002600:TARR;50002570:NJOZELA', 79.0]
[u'EDUC101_YEAR_2018', u'EDUC101_YEAR_2017', u'EDUC101', u'EDUCATION I', u'BENSC1', u'BE:(FET):  NATURAL SCIENCE', u'11', u'YEAR', u'I1', u'INDUMISO CAMPUS FULL-TIME', u'A', u'50002600:TARR;50002570:NJOZELA', 96.0]
check 'EDUC101_YEAR_2018' 'EDUC101'
processXLS: only for SEM2 [u'EDUC101_YEAR_2018', u'EDUC101_YEAR_2017', u'EDUC101', u'EDUCATION I', u'BENSC1', u'BE:(FET):  NATURAL SCIENCE', u'11', u'YEAR', u'I1', u'INDUMISO CAMPUS FULL-TIME', u'A', u'50002600:TARR;50002570:NJOZELA', 96.0]
[u'EDUC101_YEAR_2018', u'EDUC101_YEAR_2017', u'EDUC101', u'EDUCATION I', u'BETEC1', u'BE:(FET):  TECHNOLOGY', u'11', u'YEAR', u'I1', u'INDUMISO CAMPUS FULL-TIME', u'A', u'50002600:TARR;50002570:NJOZELA', 57.0]
check 'EDUC101_YEAR_2018' 'EDUC101'
processXLS: only for SEM2 [u'EDUC101_YEAR_2018', u'EDUC101_YEAR_2017', u'EDUC101', u'EDUCATION I', u'BETEC1', u'BE:(FET):  TECHNOLOGY', u'11', u'YEAR', u'I1', u'INDUMISO CAMPUS FULL-TIME', u'A', u'50002600:TARR;50002570:NJOZELA', 57.0]
[u'', u'', u'', u'', u'', u'', u'', u'', u'', u'', u'', u'', u'']
check '' ''
[u'EGDS101_YEAR_2018', u'EGDS101_YEAR_2017', u'EGDS101', u'ENGINEERING GRAPHICS & DESIGN I', u'BETEC1', u'BE:(FET):  TECHNOLOGY', u'11', u'YEAR', u'I1', u'INDUMISO CAMPUS FULL-TIME', u'A', u'40010785:Themba Sbu Sotssaka', 82.0]
check 'EGDS101_YEAR_2018' 'EGDS101'
processXLS: only for SEM2 [u'EGDS101_YEAR_2018', u'EGDS101_YEAR_2017', u'EGDS101', u'ENGINEERING GRAPHICS & DESIGN I', u'BETEC1', u'BE:(FET):  TECHNOLOGY', u'11', u'YEAR', u'I1', u'INDUMISO CAMPUS FULL-TIME', u'A', u'40010785:Themba Sbu Sotssaka', 82.0]
[u'', u'', u'', u'', u'', u'', u'', u'', u'', u'', u'', u'', u'']
check '' ''
[u'ELTC101_YEAR_2018', u'ELTC101_YEAR_2017', u'ELTC101', u'ELECTRICAL TECHNOLOGY I', u'BETEC1', u'BE:(FET):  TECHNOLOGY', u'11', u'YEAR', u'I1', u'INDUMISO CAMPUS FULL-TIME', u'A', u'50002600:TARR;40009696:MAHARAJ', 17.0]
check 'ELTC101_YEAR_2018' 'ELTC101'
processXLS: only for SEM2 [u'ELTC101_YEAR_2018', u'ELTC101_YEAR_2017', u'ELTC101', u'ELECTRICAL TECHNOLOGY I', u'BETEC1', u'BE:(FET):  TECHNOLOGY', u'11', u'YEAR', u'I1', u'INDUMISO CAMPUS FULL-TIME', u'A', u'50002600:TARR;40009696:MAHARAJ', 17.0]
[u'', u'', u'', u'', u'', u'', u'', u'', u'', u'', u'', u'', u'']
check '' ''
[u'EXBE101_YEAR_2018', u'EXBE101_YEAR_2017', u'EXBE101', u'EXPERIENTIAL LEARNING I', u'BEECM1', u'BE:(FET):  ECONOMICS AND MANAGEMENT SCIE', u'11', u'YEAR', u'I1', u'INDUMISO CAMPUS FULL-TIME', u'A', u'50002599:KHONYANE;50002600:TARR', 1.0]
check 'EXBE101_YEAR_2018' 'EXBE101'
processXLS: only for SEM2 [u'EXBE101_YEAR_2018', u'EXBE101_YEAR_2017', u'EXBE101', u'EXPERIENTIAL LEARNING I', u'BEECM1', u'BE:(FET):  ECONOMICS AND MANAGEMENT SCIE', u'11', u'YEAR', u'I1', u'INDUMISO CAMPUS FULL-TIME', u'A', u'50002599:KHONYANE;50002600:TARR', 1.0]
[u'EXBE101_YEAR_2018', u'EXBE101_YEAR_2017', u'EXBE101', u'EXPERIENTIAL LEARNING I', u'BENSC1', u'BE:(FET):  NATURAL SCIENCE', u'11', u'YEAR', u'I1', u'INDUMISO CAMPUS FULL-TIME', u'A', u'50002599:KHONYANE;50002600:TARR', 4.0]
check 'EXBE101_YEAR_2018' 'EXBE101'
processXLS: only for SEM2 [u'EXBE101_YEAR_2018', u'EXBE101_YEAR_2017', u'EXBE101', u'EXPERIENTIAL LEARNING I', u'BENSC1', u'BE:(FET):  NATURAL SCIENCE', u'11', u'YEAR', u'I1', u'INDUMISO CAMPUS FULL-TIME', u'A', u'50002599:KHONYANE;50002600:TARR', 4.0]
[u'EXBE101_YEAR_2018', u'EXBE101_YEAR_2017', u'EXBE101', u'EXPERIENTIAL LEARNING I', u'BETEC1', u'BE:(FET):  TECHNOLOGY', u'11', u'YEAR', u'I1', u'INDUMISO CAMPUS FULL-TIME', u'A', u'50002599:KHONYANE;50002600:TARR', 2.0]
check 'EXBE101_YEAR_2018' 'EXBE101'
processXLS: only for SEM2 [u'EXBE101_YEAR_2018', u'EXBE101_YEAR_2017', u'EXBE101', u'EXPERIENTIAL LEARNING I', u'BETEC1', u'BE:(FET):  TECHNOLOGY', u'11', u'YEAR', u'I1', u'INDUMISO CAMPUS FULL-TIME', u'A', u'50002599:KHONYANE;50002600:TARR', 2.0]
[u'', u'', u'', u'', u'', u'', u'', u'', u'', u'', u'', u'', u'']
check '' ''
[u'GSDI101_YEAR_2018', u'GSDI101_YEAR_2017', u'GSDI101', u'GENERAL SUBJECT DIDACTICS I', u'BEECM1', u'BE:(FET):  ECONOMICS AND MANAGEMENT SCIE', u'11', u'YEAR', u'I1', u'INDUMISO CAMPUS FULL-TIME', u'A', u'50002600:TARR;40009693:CHAMANE', 78.0]
check 'GSDI101_YEAR_2018' 'GSDI101'
processXLS: only for SEM2 [u'GSDI101_YEAR_2018', u'GSDI101_YEAR_2017', u'GSDI101', u'GENERAL SUBJECT DIDACTICS I', u'BEECM1', u'BE:(FET):  ECONOMICS AND MANAGEMENT SCIE', u'11', u'YEAR', u'I1', u'INDUMISO CAMPUS FULL-TIME', u'A', u'50002600:TARR;40009693:CHAMANE', 78.0]
[u'GSDI101_YEAR_2018', u'GSDI101_YEAR_2017', u'GSDI101', u'GENERAL SUBJECT DIDACTICS I', u'BENSC1', u'BE:(FET):  NATURAL SCIENCE', u'11', u'YEAR', u'I1', u'INDUMISO CAMPUS FULL-TIME', u'A', u'50002600:TARR;40009693:CHAMANE', 95.0]
check 'GSDI101_YEAR_2018' 'GSDI101'
processXLS: only for SEM2 [u'GSDI101_YEAR_2018', u'GSDI101_YEAR_2017', u'GSDI101', u'GENERAL SUBJECT DIDACTICS I', u'BENSC1', u'BE:(FET):  NATURAL SCIENCE', u'11', u'YEAR', u'I1', u'INDUMISO CAMPUS FULL-TIME', u'A', u'50002600:TARR;40009693:CHAMANE', 95.0]
[u'GSDI101_YEAR_2018', u'GSDI101_YEAR_2017', u'GSDI101', u'GENERAL SUBJECT DIDACTICS I', u'BETEC1', u'BE:(FET):  TECHNOLOGY', u'11', u'YEAR', u'I1', u'INDUMISO CAMPUS FULL-TIME', u'A', u'50002600:TARR;40009693:CHAMANE', 51.0]
check 'GSDI101_YEAR_2018' 'GSDI101'
processXLS: only for SEM2 [u'GSDI101_YEAR_2018', u'GSDI101_YEAR_2017', u'GSDI101', u'GENERAL SUBJECT DIDACTICS I', u'BETEC1', u'BE:(FET):  TECHNOLOGY', u'11', u'YEAR', u'I1', u'INDUMISO CAMPUS FULL-TIME', u'A', u'50002600:TARR;40009693:CHAMANE', 51.0]
[u'', u'', u'', u'', u'', u'', u'', u'', u'', u'', u'', u'', u'']
check '' ''
[u'MCTC101_YEAR_2018', u'MCTC101_YEAR_2017', u'MCTC101', u'MECHANICAL TECHNOLOGY I', u'BETEC1', u'BE:(FET):  TECHNOLOGY', u'11', u'YEAR', u'I1', u'INDUMISO CAMPUS FULL-TIME', u'A', u'40010785:Themba Sbu Sotssaka', 19.0]
check 'MCTC101_YEAR_2018' 'MCTC101'
processXLS: only for SEM2 [u'MCTC101_YEAR_2018', u'MCTC101_YEAR_2017', u'MCTC101', u'MECHANICAL TECHNOLOGY I', u'BETEC1', u'BE:(FET):  TECHNOLOGY', u'11', u'YEAR', u'I1', u'INDUMISO CAMPUS FULL-TIME', u'A', u'40010785:Themba Sbu Sotssaka', 19.0]
[u'', u'', u'', u'', u'', u'', u'', u'', u'', u'', u'', u'', u'']
check '' ''
[u'MTHL101_YEAR_2018', u'MTHL101_YEAR_2017', u'MTHL101', u'MATHEMATICAL LITERACY I', u'BEECM1', u'BE:(FET):  ECONOMICS AND MANAGEMENT SCIE', u'11', u'YEAR', u'I1', u'INDUMISO CAMPUS FULL-TIME', u'A', u'40008699:SHILENGE', 15.0]
check 'MTHL101_YEAR_2018' 'MTHL101'
processXLS: only for SEM2 [u'MTHL101_YEAR_2018', u'MTHL101_YEAR_2017', u'MTHL101', u'MATHEMATICAL LITERACY I', u'BEECM1', u'BE:(FET):  ECONOMICS AND MANAGEMENT SCIE', u'11', u'YEAR', u'I1', u'INDUMISO CAMPUS FULL-TIME', u'A', u'40008699:SHILENGE', 15.0]
[u'MTHL101_YEAR_2018', u'MTHL101_YEAR_2017', u'MTHL101', u'MATHEMATICAL LITERACY I', u'BETEC1', u'BE:(FET):  TECHNOLOGY', u'11', u'YEAR', u'I1', u'INDUMISO CAMPUS FULL-TIME', u'A', u'40008699:SHILENGE', 31.0]
check 'MTHL101_YEAR_2018' 'MTHL101'
processXLS: only for SEM2 [u'MTHL101_YEAR_2018', u'MTHL101_YEAR_2017', u'MTHL101', u'MATHEMATICAL LITERACY I', u'BETEC1', u'BE:(FET):  TECHNOLOGY', u'11', u'YEAR', u'I1', u'INDUMISO CAMPUS FULL-TIME', u'A', u'40008699:SHILENGE', 31.0]
[u'', u'', u'', u'', u'', u'', u'', u'', u'', u'', u'', u'', u'']
check '' ''
[u'MTMC101_YEAR_2018', u'MTMC101_YEAR_2017', u'MTMC101', u'MATHEMATICS I', u'BEECM1', u'BE:(FET):  ECONOMICS AND MANAGEMENT SCIE', u'11', u'YEAR', u'I1', u'INDUMISO CAMPUS FULL-TIME', u'A', u'50002600:TARR;50002603:NAIDOO', 15.0]
check 'MTMC101_YEAR_2018' 'MTMC101'
processXLS: only for SEM2 [u'MTMC101_YEAR_2018', u'MTMC101_YEAR_2017', u'MTMC101', u'MATHEMATICS I', u'BEECM1', u'BE:(FET):  ECONOMICS AND MANAGEMENT SCIE', u'11', u'YEAR', u'I1', u'INDUMISO CAMPUS FULL-TIME', u'A', u'50002600:TARR;50002603:NAIDOO', 15.0]
[u'MTMC101_YEAR_2018', u'MTMC101_YEAR_2017', u'MTMC101', u'MATHEMATICS I', u'BENSC1', u'BE:(FET):  NATURAL SCIENCE', u'11', u'YEAR', u'I1', u'INDUMISO CAMPUS FULL-TIME', u'A', u'50002600:TARR;50002603:NAIDOO', 116.0]
check 'MTMC101_YEAR_2018' 'MTMC101'
processXLS: only for SEM2 [u'MTMC101_YEAR_2018', u'MTMC101_YEAR_2017', u'MTMC101', u'MATHEMATICS I', u'BENSC1', u'BE:(FET):  NATURAL SCIENCE', u'11', u'YEAR', u'I1', u'INDUMISO CAMPUS FULL-TIME', u'A', u'50002600:TARR;50002603:NAIDOO', 116.0]
[u'MTMC101_YEAR_2018', u'MTMC101_YEAR_2017', u'MTMC101', u'MATHEMATICS I', u'BETEC1', u'BE:(FET):  TECHNOLOGY', u'11', u'YEAR', u'I1', u'INDUMISO CAMPUS FULL-TIME', u'A', u'50002600:TARR;50002603:NAIDOO', 46.0]
check 'MTMC101_YEAR_2018' 'MTMC101'
processXLS: only for SEM2 [u'MTMC101_YEAR_2018', u'MTMC101_YEAR_2017', u'MTMC101', u'MATHEMATICS I', u'BETEC1', u'BE:(FET):  TECHNOLOGY', u'11', u'YEAR', u'I1', u'INDUMISO CAMPUS FULL-TIME', u'A', u'50002600:TARR;50002603:NAIDOO', 46.0]
[u'', u'', u'', u'', u'', u'', u'', u'', u'', u'', u'', u'', u'']
check '' ''
[u'PHSE101_YEAR_2018', u'PHSE101_YEAR_2017', u'PHSE101', u'PHYSICS (EDUCATION) I', u'BENSC1', u'BE:(FET):  NATURAL SCIENCE', u'11', u'YEAR', u'I1', u'INDUMISO CAMPUS FULL-TIME', u'A', u'50002600:TARR;40010676:BALACHANDRAN PILLAI', 77.0]
check 'PHSE101_YEAR_2018' 'PHSE101'
processXLS: only for SEM2 [u'PHSE101_YEAR_2018', u'PHSE101_YEAR_2017', u'PHSE101', u'PHYSICS (EDUCATION) I', u'BENSC1', u'BE:(FET):  NATURAL SCIENCE', u'11', u'YEAR', u'I1', u'INDUMISO CAMPUS FULL-TIME', u'A', u'50002600:TARR;40010676:BALACHANDRAN PILLAI', 77.0]
[u'', u'', u'', u'', u'', u'', u'', u'', u'', u'', u'', u'', u'']
check '' ''
[u'SKLO101_YEAR_2018', u'SKLO101_YEAR_2017', u'SKLO101', u'SKILLS AND LIFE ORIENTATION I', u'BEECM1', u'BE:(FET):  ECONOMICS AND MANAGEMENT SCIE', u'11', u'YEAR', u'I1', u'INDUMISO CAMPUS FULL-TIME', u'A', u'50002600:TARR', 83.0]
check 'SKLO101_YEAR_2018' 'SKLO101'
processXLS: only for SEM2 [u'SKLO101_YEAR_2018', u'SKLO101_YEAR_2017', u'SKLO101', u'SKILLS AND LIFE ORIENTATION I', u'BEECM1', u'BE:(FET):  ECONOMICS AND MANAGEMENT SCIE', u'11', u'YEAR', u'I1', u'INDUMISO CAMPUS FULL-TIME', u'A', u'50002600:TARR', 83.0]
[u'SKLO101_YEAR_2018', u'SKLO101_YEAR_2017', u'SKLO101', u'SKILLS AND LIFE ORIENTATION I', u'BENSC1', u'BE:(FET):  NATURAL SCIENCE', u'11', u'YEAR', u'I1', u'INDUMISO CAMPUS FULL-TIME', u'A', u'50002600:TARR', 97.0]
check 'SKLO101_YEAR_2018' 'SKLO101'
processXLS: only for SEM2 [u'SKLO101_YEAR_2018', u'SKLO101_YEAR_2017', u'SKLO101', u'SKILLS AND LIFE ORIENTATION I', u'BENSC1', u'BE:(FET):  NATURAL SCIENCE', u'11', u'YEAR', u'I1', u'INDUMISO CAMPUS FULL-TIME', u'A', u'50002600:TARR', 97.0]
[u'SKLO101_YEAR_2018', u'SKLO101_YEAR_2017', u'SKLO101', u'SKILLS AND LIFE ORIENTATION I', u'BETEC1', u'BE:(FET):  TECHNOLOGY', u'11', u'YEAR', u'I1', u'INDUMISO CAMPUS FULL-TIME', u'A', u'50002600:TARR', 51.0]
check 'SKLO101_YEAR_2018' 'SKLO101'
processXLS: only for SEM2 [u'SKLO101_YEAR_2018', u'SKLO101_YEAR_2017', u'SKLO101', u'SKILLS AND LIFE ORIENTATION I', u'BETEC1', u'BE:(FET):  TECHNOLOGY', u'11', u'YEAR', u'I1', u'INDUMISO CAMPUS FULL-TIME', u'A', u'50002600:TARR', 51.0]
[u'', u'', u'', u'', u'', u'', u'', u'', u'', u'', u'', u'', u'']
check '' ''
[u'ACCT201_YEAR_2018', u'ACCT201_YEAR_2017', u'ACCT201', u'ACCOUNTING II', u'BEECM1', u'BE:(FET):  ECONOMICS AND MANAGEMENT SCIE', u'11', u'YEAR', u'I1', u'INDUMISO CAMPUS FULL-TIME', u'A', u'50002600:TARR;50012091:HIRALAAL', 105.0]
check 'ACCT201_YEAR_2018' 'ACCT201'
processXLS: only for SEM2 [u'ACCT201_YEAR_2018', u'ACCT201_YEAR_2017', u'ACCT201', u'ACCOUNTING II', u'BEECM1', u'BE:(FET):  ECONOMICS AND MANAGEMENT SCIE', u'11', u'YEAR', u'I1', u'INDUMISO CAMPUS FULL-TIME', u'A', u'50002600:TARR;50012091:HIRALAAL', 105.0]
[u'', u'', u'', u'', u'', u'', u'', u'', u'', u'', u'', u'', u'']
check '' ''
[u'BIOE201_YEAR_2018', u'BIOE201_YEAR_2017', u'BIOE201', u'BIOLOGY (EDUCATION) II', u'BENSC1', u'BE:(FET):  NATURAL SCIENCE', u'11', u'YEAR', u'I1', u'INDUMISO CAMPUS FULL-TIME', u'A', u'40004774:NAICKER;50002600:TARR', 47.0]
check 'BIOE201_YEAR_2018' 'BIOE201'
processXLS: only for SEM2 [u'BIOE201_YEAR_2018', u'BIOE201_YEAR_2017', u'BIOE201', u'BIOLOGY (EDUCATION) II', u'BENSC1', u'BE:(FET):  NATURAL SCIENCE', u'11', u'YEAR', u'I1', u'INDUMISO CAMPUS FULL-TIME', u'A', u'40004774:NAICKER;50002600:TARR', 47.0]
[u'', u'', u'', u'', u'', u'', u'', u'', u'', u'', u'', u'', u'']
check '' ''
[u'BSMN201_YEAR_2018', u'BSMN201_YEAR_2017', u'BSMN201', u'BUSINESS MANAGEMENT II', u'BEECM1', u'BE:(FET):  ECONOMICS AND MANAGEMENT SCIE', u'11', u'YEAR', u'I1', u'INDUMISO CAMPUS FULL-TIME', u'A', u'40013550:MAGO;50002600:TARR', 43.0]
check 'BSMN201_YEAR_2018' 'BSMN201'
processXLS: only for SEM2 [u'BSMN201_YEAR_2018', u'BSMN201_YEAR_2017', u'BSMN201', u'BUSINESS MANAGEMENT II', u'BEECM1', u'BE:(FET):  ECONOMICS AND MANAGEMENT SCIE', u'11', u'YEAR', u'I1', u'INDUMISO CAMPUS FULL-TIME', u'A', u'40013550:MAGO;50002600:TARR', 43.0]
[u'', u'', u'', u'', u'', u'', u'', u'', u'', u'', u'', u'', u'']
check '' ''
[u'CAPT201_YEAR_2018', u'CAPT201_YEAR_2017', u'CAPT201', u'COMPUTER APPLICATIONS TECHNOLOGY II', u'BEECM1', u'BE:(FET):  ECONOMICS AND MANAGEMENT SCIE', u'11', u'YEAR', u'I1', u'INDUMISO CAMPUS FULL-TIME', u'A', u'40011122:MANGUNDU', 6.0]
check 'CAPT201_YEAR_2018' 'CAPT201'
processXLS: only for SEM2 [u'CAPT201_YEAR_2018', u'CAPT201_YEAR_2017', u'CAPT201', u'COMPUTER APPLICATIONS TECHNOLOGY II', u'BEECM1', u'BE:(FET):  ECONOMICS AND MANAGEMENT SCIE', u'11', u'YEAR', u'I1', u'INDUMISO CAMPUS FULL-TIME', u'A', u'40011122:MANGUNDU', 6.0]
[u'', u'', u'', u'', u'', u'', u'', u'', u'', u'', u'', u'', u'']
check '' ''
[u'CHED201_YEAR_2018', u'CHED201_YEAR_2017', u'CHED201', u'CHEMISTRY (EDUCATION) II', u'BENSC1', u'BE:(FET):  NATURAL SCIENCE', u'11', u'YEAR', u'I1', u'INDUMISO CAMPUS FULL-TIME', u'A', u'40009010:THAMAE;50002600:TARR', 31.0]
check 'CHED201_YEAR_2018' 'CHED201'
processXLS: only for SEM2 [u'CHED201_YEAR_2018', u'CHED201_YEAR_2017', u'CHED201', u'CHEMISTRY (EDUCATION) II', u'BENSC1', u'BE:(FET):  NATURAL SCIENCE', u'11', u'YEAR', u'I1', u'INDUMISO CAMPUS FULL-TIME', u'A', u'40009010:THAMAE;50002600:TARR', 31.0]
[u'', u'', u'', u'', u'', u'', u'', u'', u'', u'', u'', u'', u'']
check '' ''
[u'CMAF201_YEAR_2018', u'CMAF201_YEAR_2017', u'CMAF201', u'COMMUNICATION IN AFRIKAANS II', u'BEECM1', u'BE:(FET):  NATURAL SCIENCE', u'11', u'YEAR', u'I1', u'INDUMISO CAMPUS FULL-TIME', u'A', u'50002600:TARR;40012438:WELA', 3.0]
check 'CMAF201_YEAR_2018' 'CMAF201'
processXLS: only for SEM2 [u'CMAF201_YEAR_2018', u'CMAF201_YEAR_2017', u'CMAF201', u'COMMUNICATION IN AFRIKAANS II', u'BEECM1', u'BE:(FET):  NATURAL SCIENCE', u'11', u'YEAR', u'I1', u'INDUMISO CAMPUS FULL-TIME', u'A', u'50002600:TARR;40012438:WELA', 3.0]
[u'CMAF201_YEAR_2018', u'CMAF201_YEAR_2017', u'CMAF201', u'COMMUNICATION IN AFRIKAANS II', u'BENSC1', u'BE:(FET):  NATURAL SCIENCE', u'11', u'YEAR', u'I1', u'INDUMISO CAMPUS FULL-TIME', u'A', u'50002600:TARR;40012438:WELA', 3.0]
check 'CMAF201_YEAR_2018' 'CMAF201'
processXLS: only for SEM2 [u'CMAF201_YEAR_2018', u'CMAF201_YEAR_2017', u'CMAF201', u'COMMUNICATION IN AFRIKAANS II', u'BENSC1', u'BE:(FET):  NATURAL SCIENCE', u'11', u'YEAR', u'I1', u'INDUMISO CAMPUS FULL-TIME', u'A', u'50002600:TARR;40012438:WELA', 3.0]
[u'CMAF201_YEAR_2018', u'CMAF201_YEAR_2017', u'CMAF201', u'COMMUNICATION IN AFRIKAANS II', u'BETEC1', u'BE:(FET):  NATURAL SCIENCE', u'11', u'YEAR', u'I1', u'INDUMISO CAMPUS FULL-TIME', u'A', u'50002600:TARR;40012438:WELA', 3.0]
check 'CMAF201_YEAR_2018' 'CMAF201'
processXLS: only for SEM2 [u'CMAF201_YEAR_2018', u'CMAF201_YEAR_2017', u'CMAF201', u'COMMUNICATION IN AFRIKAANS II', u'BETEC1', u'BE:(FET):  NATURAL SCIENCE', u'11', u'YEAR', u'I1', u'INDUMISO CAMPUS FULL-TIME', u'A', u'50002600:TARR;40012438:WELA', 3.0]
[u'', u'', u'', u'', u'', u'', u'', u'', u'', u'', u'', u'', u'']
check '' ''
[u'COEN201_YEAR_2018', u'COEN201_YEAR_2017', u'COEN201', u'COMMUNICATION IN ENGLISH II', u'BEECM1', u'BE:(FET):  ECONOMICS AND MANAGEMENT SCIE', u'11', u'YEAR', u'I1', u'INDUMISO CAMPUS FULL-TIME', u'A', u'50002600:TARR;40012438:WELA', 107.0]
check 'COEN201_YEAR_2018' 'COEN201'
processXLS: only for SEM2 [u'COEN201_YEAR_2018', u'COEN201_YEAR_2017', u'COEN201', u'COMMUNICATION IN ENGLISH II', u'BEECM1', u'BE:(FET):  ECONOMICS AND MANAGEMENT SCIE', u'11', u'YEAR', u'I1', u'INDUMISO CAMPUS FULL-TIME', u'A', u'50002600:TARR;40012438:WELA', 107.0]
[u'COEN201_YEAR_2018', u'COEN201_YEAR_2017', u'COEN201', u'COMMUNICATION IN ENGLISH II', u'BENSC1', u'BE:(FET):  NATURAL SCIENCE', u'11', u'YEAR', u'I1', u'INDUMISO CAMPUS FULL-TIME', u'A', u'50002600:TARR;40012438:WELA', 74.0]
check 'COEN201_YEAR_2018' 'COEN201'
processXLS: only for SEM2 [u'COEN201_YEAR_2018', u'COEN201_YEAR_2017', u'COEN201', u'COMMUNICATION IN ENGLISH II', u'BENSC1', u'BE:(FET):  NATURAL SCIENCE', u'11', u'YEAR', u'I1', u'INDUMISO CAMPUS FULL-TIME', u'A', u'50002600:TARR;40012438:WELA', 74.0]
[u'COEN201_YEAR_2018', u'COEN201_YEAR_2017', u'COEN201', u'COMMUNICATION IN ENGLISH II', u'BETEC1', u'BE:(FET):  TECHNOLOGY', u'11', u'YEAR', u'I1', u'INDUMISO CAMPUS FULL-TIME', u'A', u'50002600:TARR;40012438:WELA', 54.0]
check 'COEN201_YEAR_2018' 'COEN201'
processXLS: only for SEM2 [u'COEN201_YEAR_2018', u'COEN201_YEAR_2017', u'COEN201', u'COMMUNICATION IN ENGLISH II', u'BETEC1', u'BE:(FET):  TECHNOLOGY', u'11', u'YEAR', u'I1', u'INDUMISO CAMPUS FULL-TIME', u'A', u'50002600:TARR;40012438:WELA', 54.0]
[u'', u'', u'', u'', u'', u'', u'', u'', u'', u'', u'', u'', u'']
check '' ''
[u'COZU201_YEAR_2018', u'COZU201_YEAR_2017', u'COZU201', u'COMMUNICATION IN ISIZULU II', u'BEECM1', u'BE:(FET):  ECONOMICS AND MANAGEMENT SCIE', u'11', u'YEAR', u'I1', u'INDUMISO CAMPUS FULL-TIME', u'A', u'40008888:ZULU;50002600:TARR', 106.0]
check 'COZU201_YEAR_2018' 'COZU201'
processXLS: only for SEM2 [u'COZU201_YEAR_2018', u'COZU201_YEAR_2017', u'COZU201', u'COMMUNICATION IN ISIZULU II', u'BEECM1', u'BE:(FET):  ECONOMICS AND MANAGEMENT SCIE', u'11', u'YEAR', u'I1', u'INDUMISO CAMPUS FULL-TIME', u'A', u'40008888:ZULU;50002600:TARR', 106.0]
[u'COZU201_YEAR_2018', u'COZU201_YEAR_2017', u'COZU201', u'COMMUNICATION IN ISIZULU II', u'BENSC1', u'BE:(FET):  NATURAL SCIENCE', u'11', u'YEAR', u'I1', u'INDUMISO CAMPUS FULL-TIME', u'A', u'40008888:ZULU;50002600:TARR', 69.0]
check 'COZU201_YEAR_2018' 'COZU201'
processXLS: only for SEM2 [u'COZU201_YEAR_2018', u'COZU201_YEAR_2017', u'COZU201', u'COMMUNICATION IN ISIZULU II', u'BENSC1', u'BE:(FET):  NATURAL SCIENCE', u'11', u'YEAR', u'I1', u'INDUMISO CAMPUS FULL-TIME', u'A', u'40008888:ZULU;50002600:TARR', 69.0]
[u'COZU201_YEAR_2018', u'COZU201_YEAR_2017', u'COZU201', u'COMMUNICATION IN ISIZULU II', u'BETEC1', u'BE:(FET):  TECHNOLOGY', u'11', u'YEAR', u'I1', u'INDUMISO CAMPUS FULL-TIME', u'A', u'40008888:ZULU;50002600:TARR', 55.0]
check 'COZU201_YEAR_2018' 'COZU201'
processXLS: only for SEM2 [u'COZU201_YEAR_2018', u'COZU201_YEAR_2017', u'COZU201', u'COMMUNICATION IN ISIZULU II', u'BETEC1', u'BE:(FET):  TECHNOLOGY', u'11', u'YEAR', u'I1', u'INDUMISO CAMPUS FULL-TIME', u'A', u'40008888:ZULU;50002600:TARR', 55.0]
[u'', u'', u'', u'', u'', u'', u'', u'', u'', u'', u'', u'', u'']
check '' ''
[u'CVTC201_YEAR_2018', u'CVTC201_YEAR_2017', u'CVTC201', u'CIVIL TECHNOLOGY II', u'BETEC1', u'BE:(FET):  TECHNOLOGY', u'11', u'YEAR', u'I1', u'INDUMISO CAMPUS FULL-TIME', u'A', u'40010261:MAEKO;50002600:TARR', 29.0]
check 'CVTC201_YEAR_2018' 'CVTC201'
processXLS: only for SEM2 [u'CVTC201_YEAR_2018', u'CVTC201_YEAR_2017', u'CVTC201', u'CIVIL TECHNOLOGY II', u'BETEC1', u'BE:(FET):  TECHNOLOGY', u'11', u'YEAR', u'I1', u'INDUMISO CAMPUS FULL-TIME', u'A', u'40010261:MAEKO;50002600:TARR', 29.0]
[u'', u'', u'', u'', u'', u'', u'', u'', u'', u'', u'', u'', u'']
check '' ''
[u'ECON201_YEAR_2018', u'ECON201_YEAR_2017', u'ECON201', u'ECONOMICS II', u'BEECM1', u'BE:(FET):  ECONOMICS AND MANAGEMENT SCIE', u'11', u'YEAR', u'I1', u'INDUMISO CAMPUS FULL-TIME', u'A', u'50002600:TARR;40011384:MAKWARA', 57.0]
check 'ECON201_YEAR_2018' 'ECON201'
processXLS: only for SEM2 [u'ECON201_YEAR_2018', u'ECON201_YEAR_2017', u'ECON201', u'ECONOMICS II', u'BEECM1', u'BE:(FET):  ECONOMICS AND MANAGEMENT SCIE', u'11', u'YEAR', u'I1', u'INDUMISO CAMPUS FULL-TIME', u'A', u'50002600:TARR;40011384:MAKWARA', 57.0]
[u'', u'', u'', u'', u'', u'', u'', u'', u'', u'', u'', u'', u'']
check '' ''
[u'EDUC201_YEAR_2018', u'EDUC201_YEAR_2017', u'EDUC201', u'EDUCATION II', u'BEECM1', u'BE:(FET):  ECONOMICS AND MANAGEMENT SCIE', u'11', u'YEAR', u'I1', u'INDUMISO CAMPUS FULL-TIME', u'A', u'40004999:GCABASHE;50002600:TARR', 112.0]
check 'EDUC201_YEAR_2018' 'EDUC201'
processXLS: only for SEM2 [u'EDUC201_YEAR_2018', u'EDUC201_YEAR_2017', u'EDUC201', u'EDUCATION II', u'BEECM1', u'BE:(FET):  ECONOMICS AND MANAGEMENT SCIE', u'11', u'YEAR', u'I1', u'INDUMISO CAMPUS FULL-TIME', u'A', u'40004999:GCABASHE;50002600:TARR', 112.0]
[u'EDUC201_YEAR_2018', u'EDUC201_YEAR_2017', u'EDUC201', u'EDUCATION II', u'BENSC1', u'BE:(FET):  NATURAL SCIENCE', u'11', u'YEAR', u'I1', u'INDUMISO CAMPUS FULL-TIME', u'A', u'40004999:GCABASHE;50002600:TARR', 74.0]
check 'EDUC201_YEAR_2018' 'EDUC201'
processXLS: only for SEM2 [u'EDUC201_YEAR_2018', u'EDUC201_YEAR_2017', u'EDUC201', u'EDUCATION II', u'BENSC1', u'BE:(FET):  NATURAL SCIENCE', u'11', u'YEAR', u'I1', u'INDUMISO CAMPUS FULL-TIME', u'A', u'40004999:GCABASHE;50002600:TARR', 74.0]
[u'EDUC201_YEAR_2018', u'EDUC201_YEAR_2017', u'EDUC201', u'EDUCATION II', u'BETEC1', u'BE:(FET):  TECHNOLOGY', u'11', u'YEAR', u'I1', u'INDUMISO CAMPUS FULL-TIME', u'A', u'40004999:GCABASHE;50002600:TARR', 58.0]
check 'EDUC201_YEAR_2018' 'EDUC201'
processXLS: only for SEM2 [u'EDUC201_YEAR_2018', u'EDUC201_YEAR_2017', u'EDUC201', u'EDUCATION II', u'BETEC1', u'BE:(FET):  TECHNOLOGY', u'11', u'YEAR', u'I1', u'INDUMISO CAMPUS FULL-TIME', u'A', u'40004999:GCABASHE;50002600:TARR', 58.0]
[u'', u'', u'', u'', u'', u'', u'', u'', u'', u'', u'', u'', u'']
check '' ''
[u'EGDS201_YEAR_2018', u'EGDS201_YEAR_2017', u'EGDS201', u'ENGINEERING GRAPHICS & DESIGN II', u'BETEC1', u'BE:(FET):  TECHNOLOGY', u'11', u'YEAR', u'I1', u'INDUMISO CAMPUS FULL-TIME', u'A', u'50002597:CONRADIE', 29.0]
check 'EGDS201_YEAR_2018' 'EGDS201'
processXLS: only for SEM2 [u'EGDS201_YEAR_2018', u'EGDS201_YEAR_2017', u'EGDS201', u'ENGINEERING GRAPHICS & DESIGN II', u'BETEC1', u'BE:(FET):  TECHNOLOGY', u'11', u'YEAR', u'I1', u'INDUMISO CAMPUS FULL-TIME', u'A', u'50002597:CONRADIE', 29.0]
[u'', u'', u'', u'', u'', u'', u'', u'', u'', u'', u'', u'', u'']
check '' ''
[u'ELTC201_YEAR_2018', u'ELTC201_YEAR_2017', u'ELTC201', u'ELECTRICAL TECHNOLOGY II', u'BETEC1', u'BE:(FET):  TECHNOLOGY', u'11', u'YEAR', u'I1', u'INDUMISO CAMPUS FULL-TIME', u'A', u'50002600:TARR;40009696:MAHARAJ', 10.0]
check 'ELTC201_YEAR_2018' 'ELTC201'
processXLS: only for SEM2 [u'ELTC201_YEAR_2018', u'ELTC201_YEAR_2017', u'ELTC201', u'ELECTRICAL TECHNOLOGY II', u'BETEC1', u'BE:(FET):  TECHNOLOGY', u'11', u'YEAR', u'I1', u'INDUMISO CAMPUS FULL-TIME', u'A', u'50002600:TARR;40009696:MAHARAJ', 10.0]
[u'', u'', u'', u'', u'', u'', u'', u'', u'', u'', u'', u'', u'']
check '' ''
[u'EXBE201_YEAR_2018', u'EXBE201_YEAR_2017', u'EXBE201', u'EXPERIENTIAL LEARNING II', u'BEECM1', u'BE:(FET):  NATURAL SCIENCE', u'11', u'YEAR', u'I1', u'INDUMISO CAMPUS FULL-TIME', u'A', u'50002599:KHONYANE;50002600:TARR', 1.0]
check 'EXBE201_YEAR_2018' 'EXBE201'
processXLS: only for SEM2 [u'EXBE201_YEAR_2018', u'EXBE201_YEAR_2017', u'EXBE201', u'EXPERIENTIAL LEARNING II', u'BEECM1', u'BE:(FET):  NATURAL SCIENCE', u'11', u'YEAR', u'I1', u'INDUMISO CAMPUS FULL-TIME', u'A', u'50002599:KHONYANE;50002600:TARR', 1.0]
[u'EXBE201_YEAR_2018', u'EXBE201_YEAR_2017', u'EXBE201', u'EXPERIENTIAL LEARNING II', u'BENSC1', u'BE:(FET):  NATURAL SCIENCE', u'11', u'YEAR', u'I1', u'INDUMISO CAMPUS FULL-TIME', u'A', u'50002599:KHONYANE;50002600:TARR', 1.0]
check 'EXBE201_YEAR_2018' 'EXBE201'
processXLS: only for SEM2 [u'EXBE201_YEAR_2018', u'EXBE201_YEAR_2017', u'EXBE201', u'EXPERIENTIAL LEARNING II', u'BENSC1', u'BE:(FET):  NATURAL SCIENCE', u'11', u'YEAR', u'I1', u'INDUMISO CAMPUS FULL-TIME', u'A', u'50002599:KHONYANE;50002600:TARR', 1.0]
[u'EXBE201_YEAR_2018', u'EXBE201_YEAR_2017', u'EXBE201', u'EXPERIENTIAL LEARNING II', u'BETEC1', u'BE:(FET):  TECHNOLOGY', u'11', u'YEAR', u'I1', u'INDUMISO CAMPUS FULL-TIME', u'A', u'50002599:KHONYANE;50002600:TARR', 1.0]
check 'EXBE201_YEAR_2018' 'EXBE201'
processXLS: only for SEM2 [u'EXBE201_YEAR_2018', u'EXBE201_YEAR_2017', u'EXBE201', u'EXPERIENTIAL LEARNING II', u'BETEC1', u'BE:(FET):  TECHNOLOGY', u'11', u'YEAR', u'I1', u'INDUMISO CAMPUS FULL-TIME', u'A', u'50002599:KHONYANE;50002600:TARR', 1.0]
[u'', u'', u'', u'', u'', u'', u'', u'', u'', u'', u'', u'', u'']
check '' ''
[u'GSDI201_YEAR_2018', u'GSDI201_YEAR_2017', u'GSDI201', u'GENERAL SUBJECT DIDACTICS II', u'BEECM1', u'BE:(FET):  ECONOMICS AND MANAGEMENT SCIE', u'11', u'YEAR', u'I1', u'INDUMISO CAMPUS FULL-TIME', u'A', u'50002600:TARR;40009693:CHAMANE', 105.0]
check 'GSDI201_YEAR_2018' 'GSDI201'
processXLS: only for SEM2 [u'GSDI201_YEAR_2018', u'GSDI201_YEAR_2017', u'GSDI201', u'GENERAL SUBJECT DIDACTICS II', u'BEECM1', u'BE:(FET):  ECONOMICS AND MANAGEMENT SCIE', u'11', u'YEAR', u'I1', u'INDUMISO CAMPUS FULL-TIME', u'A', u'50002600:TARR;40009693:CHAMANE', 105.0]
[u'GSDI201_YEAR_2018', u'GSDI201_YEAR_2017', u'GSDI201', u'GENERAL SUBJECT DIDACTICS II', u'BENSC1', u'BE:(FET):  NATURAL SCIENCE', u'11', u'YEAR', u'I1', u'INDUMISO CAMPUS FULL-TIME', u'A', u'50002600:TARR;40009693:CHAMANE', 73.0]
check 'GSDI201_YEAR_2018' 'GSDI201'
processXLS: only for SEM2 [u'GSDI201_YEAR_2018', u'GSDI201_YEAR_2017', u'GSDI201', u'GENERAL SUBJECT DIDACTICS II', u'BENSC1', u'BE:(FET):  NATURAL SCIENCE', u'11', u'YEAR', u'I1', u'INDUMISO CAMPUS FULL-TIME', u'A', u'50002600:TARR;40009693:CHAMANE', 73.0]
[u'GSDI201_YEAR_2018', u'GSDI201_YEAR_2017', u'GSDI201', u'GENERAL SUBJECT DIDACTICS II', u'BETEC1', u'BE:(FET):  TECHNOLOGY', u'11', u'YEAR', u'I1', u'INDUMISO CAMPUS FULL-TIME', u'A', u'50002600:TARR;40009693:CHAMANE', 53.0]
check 'GSDI201_YEAR_2018' 'GSDI201'
processXLS: only for SEM2 [u'GSDI201_YEAR_2018', u'GSDI201_YEAR_2017', u'GSDI201', u'GENERAL SUBJECT DIDACTICS II', u'BETEC1', u'BE:(FET):  TECHNOLOGY', u'11', u'YEAR', u'I1', u'INDUMISO CAMPUS FULL-TIME', u'A', u'50002600:TARR;40009693:CHAMANE', 53.0]
[u'', u'', u'', u'', u'', u'', u'', u'', u'', u'', u'', u'', u'']
check '' ''
[u'MCTC201_YEAR_2018', u'MCTC201_YEAR_2017', u'MCTC201', u'MECHANICAL TECHNOLOGY II', u'BETEC1', u'BE:(FET):  TECHNOLOGY', u'11', u'YEAR', u'I1', u'INDUMISO CAMPUS FULL-TIME', u'A', u'50002602:HOLMES', 18.0]
check 'MCTC201_YEAR_2018' 'MCTC201'
processXLS: only for SEM2 [u'MCTC201_YEAR_2018', u'MCTC201_YEAR_2017', u'MCTC201', u'MECHANICAL TECHNOLOGY II', u'BETEC1', u'BE:(FET):  TECHNOLOGY', u'11', u'YEAR', u'I1', u'INDUMISO CAMPUS FULL-TIME', u'A', u'50002602:HOLMES', 18.0]
[u'', u'', u'', u'', u'', u'', u'', u'', u'', u'', u'', u'', u'']
check '' ''
[u'MTHL201_YEAR_2018', u'MTHL201_YEAR_2017', u'MTHL201', u'MATHEMATICAL LITERACY II', u'BEECM1', u'BE:(FET):  ECONOMICS AND MANAGEMENT SCIE', u'11', u'YEAR', u'I1', u'INDUMISO CAMPUS FULL-TIME', u'A', u'40008699:SHILENGE', 17.0]
check 'MTHL201_YEAR_2018' 'MTHL201'
processXLS: only for SEM2 [u'MTHL201_YEAR_2018', u'MTHL201_YEAR_2017', u'MTHL201', u'MATHEMATICAL LITERACY II', u'BEECM1', u'BE:(FET):  ECONOMICS AND MANAGEMENT SCIE', u'11', u'YEAR', u'I1', u'INDUMISO CAMPUS FULL-TIME', u'A', u'40008699:SHILENGE', 17.0]
[u'MTHL201_YEAR_2018', u'MTHL201_YEAR_2017', u'MTHL201', u'MATHEMATICAL LITERACY II', u'BETEC1', u'BE:(FET):  TECHNOLOGY', u'11', u'YEAR', u'I1', u'INDUMISO CAMPUS FULL-TIME', u'A', u'40008699:SHILENGE', 23.0]
check 'MTHL201_YEAR_2018' 'MTHL201'
processXLS: only for SEM2 [u'MTHL201_YEAR_2018', u'MTHL201_YEAR_2017', u'MTHL201', u'MATHEMATICAL LITERACY II', u'BETEC1', u'BE:(FET):  TECHNOLOGY', u'11', u'YEAR', u'I1', u'INDUMISO CAMPUS FULL-TIME', u'A', u'40008699:SHILENGE', 23.0]
[u'', u'', u'', u'', u'', u'', u'', u'', u'', u'', u'', u'', u'']
check '' ''
[u'MTMC201_YEAR_2018', u'MTMC201_YEAR_2017', u'MTMC201', u'MATHEMATICS II', u'BEECM1', u'BE:(FET):  ECONOMICS AND MANAGEMENT SCIE', u'11', u'YEAR', u'I1', u'INDUMISO CAMPUS FULL-TIME', u'A', u'50002600:TARR;50002603:NAIDOO', 7.0]
check 'MTMC201_YEAR_2018' 'MTMC201'
processXLS: only for SEM2 [u'MTMC201_YEAR_2018', u'MTMC201_YEAR_2017', u'MTMC201', u'MATHEMATICS II', u'BEECM1', u'BE:(FET):  ECONOMICS AND MANAGEMENT SCIE', u'11', u'YEAR', u'I1', u'INDUMISO CAMPUS FULL-TIME', u'A', u'50002600:TARR;50002603:NAIDOO', 7.0]
[u'MTMC201_YEAR_2018', u'MTMC201_YEAR_2017', u'MTMC201', u'MATHEMATICS II', u'BENSC1', u'BE:(FET):  NATURAL SCIENCE', u'11', u'YEAR', u'I1', u'INDUMISO CAMPUS FULL-TIME', u'A', u'50002600:TARR;50002603:NAIDOO', 69.0]
check 'MTMC201_YEAR_2018' 'MTMC201'
processXLS: only for SEM2 [u'MTMC201_YEAR_2018', u'MTMC201_YEAR_2017', u'MTMC201', u'MATHEMATICS II', u'BENSC1', u'BE:(FET):  NATURAL SCIENCE', u'11', u'YEAR', u'I1', u'INDUMISO CAMPUS FULL-TIME', u'A', u'50002600:TARR;50002603:NAIDOO', 69.0]
[u'MTMC201_YEAR_2018', u'MTMC201_YEAR_2017', u'MTMC201', u'MATHEMATICS II', u'BETEC1', u'BE:(FET):  TECHNOLOGY', u'11', u'YEAR', u'I1', u'INDUMISO CAMPUS FULL-TIME', u'A', u'50002600:TARR;50002603:NAIDOO', 21.0]
check 'MTMC201_YEAR_2018' 'MTMC201'
processXLS: only for SEM2 [u'MTMC201_YEAR_2018', u'MTMC201_YEAR_2017', u'MTMC201', u'MATHEMATICS II', u'BETEC1', u'BE:(FET):  TECHNOLOGY', u'11', u'YEAR', u'I1', u'INDUMISO CAMPUS FULL-TIME', u'A', u'50002600:TARR;50002603:NAIDOO', 21.0]
[u'', u'', u'', u'', u'', u'', u'', u'', u'', u'', u'', u'', u'']
check '' ''
[u'PHSE201_YEAR_2018', u'PHSE201_YEAR_2017', u'PHSE201', u'PHYSICS (EDUCATION) II', u'BENSC1', u'BE:(FET):  NATURAL SCIENCE', u'11', u'YEAR', u'I1', u'INDUMISO CAMPUS FULL-TIME', u'A', u'50002600:TARR;40010676:BALACHANDRAN PILLAI', 41.0]
check 'PHSE201_YEAR_2018' 'PHSE201'
processXLS: only for SEM2 [u'PHSE201_YEAR_2018', u'PHSE201_YEAR_2017', u'PHSE201', u'PHYSICS (EDUCATION) II', u'BENSC1', u'BE:(FET):  NATURAL SCIENCE', u'11', u'YEAR', u'I1', u'INDUMISO CAMPUS FULL-TIME', u'A', u'50002600:TARR;40010676:BALACHANDRAN PILLAI', 41.0]
[u'', u'', u'', u'', u'', u'', u'', u'', u'', u'', u'', u'', u'']
check '' ''
[u'SKLO201_YEAR_2018', u'SKLO201_YEAR_2017', u'SKLO201', u'SKILLS AND LIFE ORIENTATION II', u'BEECM1', u'BE:(FET):  ECONOMICS AND MANAGEMENT SCIE', u'11', u'YEAR', u'I1', u'INDUMISO CAMPUS FULL-TIME', u'A', u'50002600:TARR;50002603:NAIDOO', 118.0]
check 'SKLO201_YEAR_2018' 'SKLO201'
processXLS: only for SEM2 [u'SKLO201_YEAR_2018', u'SKLO201_YEAR_2017', u'SKLO201', u'SKILLS AND LIFE ORIENTATION II', u'BEECM1', u'BE:(FET):  ECONOMICS AND MANAGEMENT SCIE', u'11', u'YEAR', u'I1', u'INDUMISO CAMPUS FULL-TIME', u'A', u'50002600:TARR;50002603:NAIDOO', 118.0]
[u'SKLO201_YEAR_2018', u'SKLO201_YEAR_2017', u'SKLO201', u'SKILLS AND LIFE ORIENTATION II', u'BENSC1', u'BE:(FET):  NATURAL SCIENCE', u'11', u'YEAR', u'I1', u'INDUMISO CAMPUS FULL-TIME', u'A', u'50002600:TARR;50002603:NAIDOO', 77.0]
check 'SKLO201_YEAR_2018' 'SKLO201'
processXLS: only for SEM2 [u'SKLO201_YEAR_2018', u'SKLO201_YEAR_2017', u'SKLO201', u'SKILLS AND LIFE ORIENTATION II', u'BENSC1', u'BE:(FET):  NATURAL SCIENCE', u'11', u'YEAR', u'I1', u'INDUMISO CAMPUS FULL-TIME', u'A', u'50002600:TARR;50002603:NAIDOO', 77.0]
[u'SKLO201_YEAR_2018', u'SKLO201_YEAR_2017', u'SKLO201', u'SKILLS AND LIFE ORIENTATION II', u'BETEC1', u'BE:(FET):  TECHNOLOGY', u'11', u'YEAR', u'I1', u'INDUMISO CAMPUS FULL-TIME', u'A', u'50002600:TARR;50002603:NAIDOO', 61.0]
check 'SKLO201_YEAR_2018' 'SKLO201'
processXLS: only for SEM2 [u'SKLO201_YEAR_2018', u'SKLO201_YEAR_2017', u'SKLO201', u'SKILLS AND LIFE ORIENTATION II', u'BETEC1', u'BE:(FET):  TECHNOLOGY', u'11', u'YEAR', u'I1', u'INDUMISO CAMPUS FULL-TIME', u'A', u'50002600:TARR;50002603:NAIDOO', 61.0]
[u'', u'', u'', u'', u'', u'', u'', u'', u'', u'', u'', u'', u'']
check '' ''
[u'ACCT301_YEAR_2018', u'ACCT301_YEAR_2017', u'ACCT301', u'ACCOUNTING III', u'BEECM1', u'BE:(FET):  ECONOMICS AND MANAGEMENT SCIE', u'11', u'YEAR', u'I1', u'INDUMISO CAMPUS FULL-TIME', u'A', u'50002600:TARR;50012091:HIRALAAL', 52.0]
check 'ACCT301_YEAR_2018' 'ACCT301'
processXLS: only for SEM2 [u'ACCT301_YEAR_2018', u'ACCT301_YEAR_2017', u'ACCT301', u'ACCOUNTING III', u'BEECM1', u'BE:(FET):  ECONOMICS AND MANAGEMENT SCIE', u'11', u'YEAR', u'I1', u'INDUMISO CAMPUS FULL-TIME', u'A', u'50002600:TARR;50012091:HIRALAAL', 52.0]
[u'', u'', u'', u'', u'', u'', u'', u'', u'', u'', u'', u'', u'']
check '' ''
[u'BIOE301_YEAR_2018', u'BIOE301_YEAR_2017', u'BIOE301', u'BIOLOGY (EDUCATION) III', u'BENSC1', u'BE:(FET):  NATURAL SCIENCE', u'11', u'YEAR', u'I1', u'INDUMISO CAMPUS FULL-TIME', u'A', u'40004774:NAICKER;5000260:TARR', 43.0]
check 'BIOE301_YEAR_2018' 'BIOE301'
processXLS: only for SEM2 [u'BIOE301_YEAR_2018', u'BIOE301_YEAR_2017', u'BIOE301', u'BIOLOGY (EDUCATION) III', u'BENSC1', u'BE:(FET):  NATURAL SCIENCE', u'11', u'YEAR', u'I1', u'INDUMISO CAMPUS FULL-TIME', u'A', u'40004774:NAICKER;5000260:TARR', 43.0]
[u'', u'', u'', u'', u'', u'', u'', u'', u'', u'', u'', u'', u'']
check '' ''
[u'BSMN301_YEAR_2018', u'BSMN301_YEAR_2017', u'BSMN301', u'BUSINESS MANAGEMENT III', u'BEECM1', u'BE:(FET):  ECONOMICS AND MANAGEMENT SCIE', u'11', u'YEAR', u'I1', u'INDUMISO CAMPUS FULL-TIME', u'A', u'40013550:MAGO;50002600:TARR', 52.0]
check 'BSMN301_YEAR_2018' 'BSMN301'
processXLS: only for SEM2 [u'BSMN301_YEAR_2018', u'BSMN301_YEAR_2017', u'BSMN301', u'BUSINESS MANAGEMENT III', u'BEECM1', u'BE:(FET):  ECONOMICS AND MANAGEMENT SCIE', u'11', u'YEAR', u'I1', u'INDUMISO CAMPUS FULL-TIME', u'A', u'40013550:MAGO;50002600:TARR', 52.0]
[u'', u'', u'', u'', u'', u'', u'', u'', u'', u'', u'', u'', u'']
check '' ''
[u'CAPT301_YEAR_2018', u'CAPT301_YEAR_2017', u'CAPT301', u'COMPUTER APPLICATIONS TECHNOLOGY III', u'BEECM1', u'BE:(FET):  ECONOMICS AND MANAGEMENT SCIE', u'11', u'YEAR', u'I1', u'INDUMISO CAMPUS FULL-TIME', u'A', u'40011122:MANGUNDU', 12.0]
check 'CAPT301_YEAR_2018' 'CAPT301'
processXLS: only for SEM2 [u'CAPT301_YEAR_2018', u'CAPT301_YEAR_2017', u'CAPT301', u'COMPUTER APPLICATIONS TECHNOLOGY III', u'BEECM1', u'BE:(FET):  ECONOMICS AND MANAGEMENT SCIE', u'11', u'YEAR', u'I1', u'INDUMISO CAMPUS FULL-TIME', u'A', u'40011122:MANGUNDU', 12.0]
[u'', u'', u'', u'', u'', u'', u'', u'', u'', u'', u'', u'', u'']
check '' ''
[u'CHED301_YEAR_2018', u'CHED301_YEAR_2017', u'CHED301', u'CHEMISTRY (EDUCATION) III', u'BENSC1', u'BE:(FET):  NATURAL SCIENCE', u'11', u'YEAR', u'I1', u'INDUMISO CAMPUS FULL-TIME', u'A', u'40009010:THAMAE;50002600:TARR', 14.0]
check 'CHED301_YEAR_2018' 'CHED301'
processXLS: only for SEM2 [u'CHED301_YEAR_2018', u'CHED301_YEAR_2017', u'CHED301', u'CHEMISTRY (EDUCATION) III', u'BENSC1', u'BE:(FET):  NATURAL SCIENCE', u'11', u'YEAR', u'I1', u'INDUMISO CAMPUS FULL-TIME', u'A', u'40009010:THAMAE;50002600:TARR', 14.0]
[u'', u'', u'', u'', u'', u'', u'', u'', u'', u'', u'', u'', u'']
check '' ''
[u'COEN301_YEAR_2018', u'COEN301_YEAR_2017', u'COEN301', u'COMMUNICATION IN ENGLISH III', u'BEECM1', u'BE:(FET):  ECONOMICS AND MANAGEMENT SCIE', u'11', u'YEAR', u'I1', u'INDUMISO CAMPUS FULL-TIME', u'A', u'50002600:TARR;40012438:WELA', 98.0]
check 'COEN301_YEAR_2018' 'COEN301'
processXLS: only for SEM2 [u'COEN301_YEAR_2018', u'COEN301_YEAR_2017', u'COEN301', u'COMMUNICATION IN ENGLISH III', u'BEECM1', u'BE:(FET):  ECONOMICS AND MANAGEMENT SCIE', u'11', u'YEAR', u'I1', u'INDUMISO CAMPUS FULL-TIME', u'A', u'50002600:TARR;40012438:WELA', 98.0]
[u'COEN301_YEAR_2018', u'COEN301_YEAR_2017', u'COEN301', u'COMMUNICATION IN ENGLISH III', u'BENSC1', u'BE:(FET):  NATURAL SCIENCE', u'11', u'YEAR', u'I1', u'INDUMISO CAMPUS FULL-TIME', u'A', u'50002600:TARR;40012438:WELA', 80.0]
check 'COEN301_YEAR_2018' 'COEN301'
processXLS: only for SEM2 [u'COEN301_YEAR_2018', u'COEN301_YEAR_2017', u'COEN301', u'COMMUNICATION IN ENGLISH III', u'BENSC1', u'BE:(FET):  NATURAL SCIENCE', u'11', u'YEAR', u'I1', u'INDUMISO CAMPUS FULL-TIME', u'A', u'50002600:TARR;40012438:WELA', 80.0]
[u'COEN301_YEAR_2018', u'COEN301_YEAR_2017', u'COEN301', u'COMMUNICATION IN ENGLISH III', u'BETEC1', u'BE:(FET):  TECHNOLOGY', u'11', u'YEAR', u'I1', u'INDUMISO CAMPUS FULL-TIME', u'A', u'50002600:TARR;40012438:WELA', 50.0]
check 'COEN301_YEAR_2018' 'COEN301'
processXLS: only for SEM2 [u'COEN301_YEAR_2018', u'COEN301_YEAR_2017', u'COEN301', u'COMMUNICATION IN ENGLISH III', u'BETEC1', u'BE:(FET):  TECHNOLOGY', u'11', u'YEAR', u'I1', u'INDUMISO CAMPUS FULL-TIME', u'A', u'50002600:TARR;40012438:WELA', 50.0]
[u'', u'', u'', u'', u'', u'', u'', u'', u'', u'', u'', u'', u'']
check '' ''
[u'CVTC301_YEAR_2018', u'CVTC301_YEAR_2017', u'CVTC301', u'CIVIL TECHNOLOGY III', u'BETEC1', u'BE:(FET):  TECHNOLOGY', u'11', u'YEAR', u'I1', u'INDUMISO CAMPUS FULL-TIME', u'A', u'40010261:MAEKO;50002600:TARR', 18.0]
check 'CVTC301_YEAR_2018' 'CVTC301'
processXLS: only for SEM2 [u'CVTC301_YEAR_2018', u'CVTC301_YEAR_2017', u'CVTC301', u'CIVIL TECHNOLOGY III', u'BETEC1', u'BE:(FET):  TECHNOLOGY', u'11', u'YEAR', u'I1', u'INDUMISO CAMPUS FULL-TIME', u'A', u'40010261:MAEKO;50002600:TARR', 18.0]
[u'', u'', u'', u'', u'', u'', u'', u'', u'', u'', u'', u'', u'']
check '' ''
[u'ECON301_YEAR_2018', u'ECON301_YEAR_2017', u'ECON301', u'ECONOMICS III', u'BEECM1', u'BE:(FET):  ECONOMICS AND MANAGEMENT SCIE', u'11', u'YEAR', u'I1', u'INDUMISO CAMPUS FULL-TIME', u'A', u'50002600:TARR;40011384:MAKWARA', 51.0]
check 'ECON301_YEAR_2018' 'ECON301'
processXLS: only for SEM2 [u'ECON301_YEAR_2018', u'ECON301_YEAR_2017', u'ECON301', u'ECONOMICS III', u'BEECM1', u'BE:(FET):  ECONOMICS AND MANAGEMENT SCIE', u'11', u'YEAR', u'I1', u'INDUMISO CAMPUS FULL-TIME', u'A', u'50002600:TARR;40011384:MAKWARA', 51.0]
[u'', u'', u'', u'', u'', u'', u'', u'', u'', u'', u'', u'', u'']
check '' ''
[u'EDUC301_YEAR_2018', u'EDUC301_YEAR_2017', u'EDUC301', u'EDUCATION III', u'BEECM1', u'BE:(FET):  ECONOMICS AND MANAGEMENT SCIE', u'11', u'YEAR', u'I1', u'INDUMISO CAMPUS FULL-TIME', u'A', u'50002600:TARR;40009612:ABRAHAM', 99.0]
check 'EDUC301_YEAR_2018' 'EDUC301'
processXLS: only for SEM2 [u'EDUC301_YEAR_2018', u'EDUC301_YEAR_2017', u'EDUC301', u'EDUCATION III', u'BEECM1', u'BE:(FET):  ECONOMICS AND MANAGEMENT SCIE', u'11', u'YEAR', u'I1', u'INDUMISO CAMPUS FULL-TIME', u'A', u'50002600:TARR;40009612:ABRAHAM', 99.0]
[u'EDUC301_YEAR_2018', u'EDUC301_YEAR_2017', u'EDUC301', u'EDUCATION III', u'BENSC1', u'BE:(FET):  NATURAL SCIENCE', u'11', u'YEAR', u'I1', u'INDUMISO CAMPUS FULL-TIME', u'A', u'50002600:TARR;40009612:ABRAHAM', 82.0]
check 'EDUC301_YEAR_2018' 'EDUC301'
processXLS: only for SEM2 [u'EDUC301_YEAR_2018', u'EDUC301_YEAR_2017', u'EDUC301', u'EDUCATION III', u'BENSC1', u'BE:(FET):  NATURAL SCIENCE', u'11', u'YEAR', u'I1', u'INDUMISO CAMPUS FULL-TIME', u'A', u'50002600:TARR;40009612:ABRAHAM', 82.0]
[u'EDUC301_YEAR_2018', u'EDUC301_YEAR_2017', u'EDUC301', u'EDUCATION III', u'BETEC1', u'BE:(FET):  TECHNOLOGY', u'11', u'YEAR', u'I1', u'INDUMISO CAMPUS FULL-TIME', u'A', u'50002600:TARR;40009612:ABRAHAM', 52.0]
check 'EDUC301_YEAR_2018' 'EDUC301'
processXLS: only for SEM2 [u'EDUC301_YEAR_2018', u'EDUC301_YEAR_2017', u'EDUC301', u'EDUCATION III', u'BETEC1', u'BE:(FET):  TECHNOLOGY', u'11', u'YEAR', u'I1', u'INDUMISO CAMPUS FULL-TIME', u'A', u'50002600:TARR;40009612:ABRAHAM', 52.0]
[u'', u'', u'', u'', u'', u'', u'', u'', u'', u'', u'', u'', u'']
check '' ''
[u'EGDS301_YEAR_2018', u'EGDS301_YEAR_2017', u'EGDS301', u'ENGINEERING GRAPHICS & DESIGN III', u'BETEC1', u'BE:(FET):  TECHNOLOGY', u'11', u'YEAR', u'I1', u'INDUMISO CAMPUS FULL-TIME', u'A', u'50002597:CONRADIE', 17.0]
check 'EGDS301_YEAR_2018' 'EGDS301'
processXLS: only for SEM2 [u'EGDS301_YEAR_2018', u'EGDS301_YEAR_2017', u'EGDS301', u'ENGINEERING GRAPHICS & DESIGN III', u'BETEC1', u'BE:(FET):  TECHNOLOGY', u'11', u'YEAR', u'I1', u'INDUMISO CAMPUS FULL-TIME', u'A', u'50002597:CONRADIE', 17.0]
[u'', u'', u'', u'', u'', u'', u'', u'', u'', u'', u'', u'', u'']
check '' ''
[u'ELTC301_YEAR_2018', u'ELTC301_YEAR_2017', u'ELTC301', u'ELECTRICAL TECHNOLOGY III', u'BETEC1', u'BE:(FET):  TECHNOLOGY', u'11', u'YEAR', u'I1', u'INDUMISO CAMPUS FULL-TIME', u'A', u'50002600:TARR;40009696:MAHARAJ', 16.0]
check 'ELTC301_YEAR_2018' 'ELTC301'
processXLS: only for SEM2 [u'ELTC301_YEAR_2018', u'ELTC301_YEAR_2017', u'ELTC301', u'ELECTRICAL TECHNOLOGY III', u'BETEC1', u'BE:(FET):  TECHNOLOGY', u'11', u'YEAR', u'I1', u'INDUMISO CAMPUS FULL-TIME', u'A', u'50002600:TARR;40009696:MAHARAJ', 16.0]
[u'', u'', u'', u'', u'', u'', u'', u'', u'', u'', u'', u'', u'']
check '' ''
[u'EXBE301_YEAR_2018', u'EXBE301_YEAR_2017', u'EXBE301', u'EXPERIENTIAL LEARNING III', u'BEECM1', u'BE:(FET):  NATURAL SCIENCE', u'11', u'YEAR', u'I1', u'INDUMISO CAMPUS FULL-TIME', u'A', u'50002599:KHONYANE;50002600:TARR', 1.0]
check 'EXBE301_YEAR_2018' 'EXBE301'
processXLS: only for SEM2 [u'EXBE301_YEAR_2018', u'EXBE301_YEAR_2017', u'EXBE301', u'EXPERIENTIAL LEARNING III', u'BEECM1', u'BE:(FET):  NATURAL SCIENCE', u'11', u'YEAR', u'I1', u'INDUMISO CAMPUS FULL-TIME', u'A', u'50002599:KHONYANE;50002600:TARR', 1.0]
[u'EXBE301_YEAR_2018', u'EXBE301_YEAR_2017', u'EXBE301', u'EXPERIENTIAL LEARNING III', u'BENSC1', u'BE:(FET):  NATURAL SCIENCE', u'11', u'YEAR', u'I1', u'INDUMISO CAMPUS FULL-TIME', u'A', u'50002599:KHONYANE;50002600:TARR', 1.0]
check 'EXBE301_YEAR_2018' 'EXBE301'
processXLS: only for SEM2 [u'EXBE301_YEAR_2018', u'EXBE301_YEAR_2017', u'EXBE301', u'EXPERIENTIAL LEARNING III', u'BENSC1', u'BE:(FET):  NATURAL SCIENCE', u'11', u'YEAR', u'I1', u'INDUMISO CAMPUS FULL-TIME', u'A', u'50002599:KHONYANE;50002600:TARR', 1.0]
[u'EXBE301_YEAR_2018', u'EXBE301_YEAR_2017', u'EXBE301', u'EXPERIENTIAL LEARNING III', u'BETEC1', u'BE:(FET):  TECHNOLOGY', u'11', u'YEAR', u'I1', u'INDUMISO CAMPUS FULL-TIME', u'A', u'50002599:KHONYANE;50002600:TARR', 1.0]
check 'EXBE301_YEAR_2018' 'EXBE301'
processXLS: only for SEM2 [u'EXBE301_YEAR_2018', u'EXBE301_YEAR_2017', u'EXBE301', u'EXPERIENTIAL LEARNING III', u'BETEC1', u'BE:(FET):  TECHNOLOGY', u'11', u'YEAR', u'I1', u'INDUMISO CAMPUS FULL-TIME', u'A', u'50002599:KHONYANE;50002600:TARR', 1.0]
[u'', u'', u'', u'', u'', u'', u'', u'', u'', u'', u'', u'', u'']
check '' ''
[u'GSDI301_YEAR_2018', u'GSDI301_YEAR_2017', u'GSDI301', u'GENERAL SUBJECT DIDACTICS III', u'BEECM1', u'BE:(FET):  ECONOMICS AND MANAGEMENT SCIE', u'11', u'YEAR', u'I1', u'INDUMISO CAMPUS FULL-TIME', u'A', u'50002600:TARR;40009693:CHAMANE', 96.0]
check 'GSDI301_YEAR_2018' 'GSDI301'
processXLS: only for SEM2 [u'GSDI301_YEAR_2018', u'GSDI301_YEAR_2017', u'GSDI301', u'GENERAL SUBJECT DIDACTICS III', u'BEECM1', u'BE:(FET):  ECONOMICS AND MANAGEMENT SCIE', u'11', u'YEAR', u'I1', u'INDUMISO CAMPUS FULL-TIME', u'A', u'50002600:TARR;40009693:CHAMANE', 96.0]
[u'GSDI301_YEAR_2018', u'GSDI301_YEAR_2017', u'GSDI301', u'GENERAL SUBJECT DIDACTICS III', u'BENSC1', u'BE:(FET):  NATURAL SCIENCE', u'11', u'YEAR', u'I1', u'INDUMISO CAMPUS FULL-TIME', u'A', u'50002600:TARR;40009693:CHAMANE', 80.0]
check 'GSDI301_YEAR_2018' 'GSDI301'
processXLS: only for SEM2 [u'GSDI301_YEAR_2018', u'GSDI301_YEAR_2017', u'GSDI301', u'GENERAL SUBJECT DIDACTICS III', u'BENSC1', u'BE:(FET):  NATURAL SCIENCE', u'11', u'YEAR', u'I1', u'INDUMISO CAMPUS FULL-TIME', u'A', u'50002600:TARR;40009693:CHAMANE', 80.0]
[u'GSDI301_YEAR_2018', u'GSDI301_YEAR_2017', u'GSDI301', u'GENERAL SUBJECT DIDACTICS III', u'BETEC1', u'BE:(FET):  TECHNOLOGY', u'11', u'YEAR', u'I1', u'INDUMISO CAMPUS FULL-TIME', u'A', u'50002600:TARR;40009693:CHAMANE', 50.0]
check 'GSDI301_YEAR_2018' 'GSDI301'
processXLS: only for SEM2 [u'GSDI301_YEAR_2018', u'GSDI301_YEAR_2017', u'GSDI301', u'GENERAL SUBJECT DIDACTICS III', u'BETEC1', u'BE:(FET):  TECHNOLOGY', u'11', u'YEAR', u'I1', u'INDUMISO CAMPUS FULL-TIME', u'A', u'50002600:TARR;40009693:CHAMANE', 50.0]
[u'', u'', u'', u'', u'', u'', u'', u'', u'', u'', u'', u'', u'']
check '' ''
[u'MCTC301_YEAR_2018', u'MCTC301_YEAR_2017', u'MCTC301', u'MECHANICAL TECHNOLOGY III', u'BETEC1', u'BE:(FET):  TECHNOLOGY', u'11', u'YEAR', u'I1', u'INDUMISO CAMPUS FULL-TIME', u'A', u'50002600:TARR;50002602:HOLMES', 19.0]
check 'MCTC301_YEAR_2018' 'MCTC301'
processXLS: only for SEM2 [u'MCTC301_YEAR_2018', u'MCTC301_YEAR_2017', u'MCTC301', u'MECHANICAL TECHNOLOGY III', u'BETEC1', u'BE:(FET):  TECHNOLOGY', u'11', u'YEAR', u'I1', u'INDUMISO CAMPUS FULL-TIME', u'A', u'50002600:TARR;50002602:HOLMES', 19.0]
[u'', u'', u'', u'', u'', u'', u'', u'', u'', u'', u'', u'', u'']
check '' ''
[u'MTHL301_YEAR_2018', u'MTHL301_YEAR_2017', u'MTHL301', u'MATHEMATICAL LITERACY III', u'BEECM1', u'BE:(FET):  ECONOMICS AND MANAGEMENT SCIE', u'11', u'YEAR', u'I1', u'INDUMISO CAMPUS FULL-TIME', u'A', u'40008699:SHILENGE', 14.0]
check 'MTHL301_YEAR_2018' 'MTHL301'
processXLS: only for SEM2 [u'MTHL301_YEAR_2018', u'MTHL301_YEAR_2017', u'MTHL301', u'MATHEMATICAL LITERACY III', u'BEECM1', u'BE:(FET):  ECONOMICS AND MANAGEMENT SCIE', u'11', u'YEAR', u'I1', u'INDUMISO CAMPUS FULL-TIME', u'A', u'40008699:SHILENGE', 14.0]
[u'MTHL301_YEAR_2018', u'MTHL301_YEAR_2017', u'MTHL301', u'MATHEMATICAL LITERACY III', u'BETEC1', u'BE:(FET):  TECHNOLOGY', u'11', u'YEAR', u'I1', u'INDUMISO CAMPUS FULL-TIME', u'A', u'40008699:SHILENGE', 12.0]
check 'MTHL301_YEAR_2018' 'MTHL301'
processXLS: only for SEM2 [u'MTHL301_YEAR_2018', u'MTHL301_YEAR_2017', u'MTHL301', u'MATHEMATICAL LITERACY III', u'BETEC1', u'BE:(FET):  TECHNOLOGY', u'11', u'YEAR', u'I1', u'INDUMISO CAMPUS FULL-TIME', u'A', u'40008699:SHILENGE', 12.0]
[u'', u'', u'', u'', u'', u'', u'', u'', u'', u'', u'', u'', u'']
check '' ''
[u'MTMC301_YEAR_2018', u'MTMC301_YEAR_2017', u'MTMC301', u'MATHEMATICS III', u'BEECM1', u'BE:(FET):  ECONOMICS AND MANAGEMENT SCIE', u'11', u'YEAR', u'I1', u'INDUMISO CAMPUS FULL-TIME', u'A', u'50002600:TARR;50002603:NAIDOO', 7.0]
check 'MTMC301_YEAR_2018' 'MTMC301'
processXLS: only for SEM2 [u'MTMC301_YEAR_2018', u'MTMC301_YEAR_2017', u'MTMC301', u'MATHEMATICS III', u'BEECM1', u'BE:(FET):  ECONOMICS AND MANAGEMENT SCIE', u'11', u'YEAR', u'I1', u'INDUMISO CAMPUS FULL-TIME', u'A', u'50002600:TARR;50002603:NAIDOO', 7.0]
[u'MTMC301_YEAR_2018', u'MTMC301_YEAR_2017', u'MTMC301', u'MATHEMATICS III', u'BENSC1', u'BE:(FET):  NATURAL SCIENCE', u'11', u'YEAR', u'I1', u'INDUMISO CAMPUS FULL-TIME', u'A', u'50002600:TARR;50002603:NAIDOO', 76.0]
check 'MTMC301_YEAR_2018' 'MTMC301'
processXLS: only for SEM2 [u'MTMC301_YEAR_2018', u'MTMC301_YEAR_2017', u'MTMC301', u'MATHEMATICS III', u'BENSC1', u'BE:(FET):  NATURAL SCIENCE', u'11', u'YEAR', u'I1', u'INDUMISO CAMPUS FULL-TIME', u'A', u'50002600:TARR;50002603:NAIDOO', 76.0]
[u'MTMC301_YEAR_2018', u'MTMC301_YEAR_2017', u'MTMC301', u'MATHEMATICS III', u'BETEC1', u'BE:(FET):  TECHNOLOGY', u'11', u'YEAR', u'I1', u'INDUMISO CAMPUS FULL-TIME', u'A', u'50002600:TARR;50002603:NAIDOO', 24.0]
check 'MTMC301_YEAR_2018' 'MTMC301'
processXLS: only for SEM2 [u'MTMC301_YEAR_2018', u'MTMC301_YEAR_2017', u'MTMC301', u'MATHEMATICS III', u'BETEC1', u'BE:(FET):  TECHNOLOGY', u'11', u'YEAR', u'I1', u'INDUMISO CAMPUS FULL-TIME', u'A', u'50002600:TARR;50002603:NAIDOO', 24.0]
[u'', u'', u'', u'', u'', u'', u'', u'', u'', u'', u'', u'', u'']
check '' ''
[u'PHSE301_YEAR_2018', u'PHSE301_YEAR_2017', u'PHSE301', u'PHYSICS (EDUCATION) III', u'BENSC1', u'BE:(FET):  NATURAL SCIENCE', u'11', u'YEAR', u'I1', u'INDUMISO CAMPUS FULL-TIME', u'A', u'50002600:TARR;40009612:ABRAHAM', 26.0]
check 'PHSE301_YEAR_2018' 'PHSE301'
processXLS: only for SEM2 [u'PHSE301_YEAR_2018', u'PHSE301_YEAR_2017', u'PHSE301', u'PHYSICS (EDUCATION) III', u'BENSC1', u'BE:(FET):  NATURAL SCIENCE', u'11', u'YEAR', u'I1', u'INDUMISO CAMPUS FULL-TIME', u'A', u'50002600:TARR;40009612:ABRAHAM', 26.0]
[u'', u'', u'', u'', u'', u'', u'', u'', u'', u'', u'', u'', u'']
check '' ''
[u'SKLO301_YEAR_2018', u'SKLO301_YEAR_2017', u'SKLO301', u'SKILLS AND LIFE ORIENTATION III', u'BEECM1', u'BE:(FET):  ECONOMICS AND MANAGEMENT SCIE', u'11', u'YEAR', u'I1', u'INDUMISO CAMPUS FULL-TIME', u'A', u'50002600:TARR;40008888:ZULU', 98.0]
check 'SKLO301_YEAR_2018' 'SKLO301'
processXLS: only for SEM2 [u'SKLO301_YEAR_2018', u'SKLO301_YEAR_2017', u'SKLO301', u'SKILLS AND LIFE ORIENTATION III', u'BEECM1', u'BE:(FET):  ECONOMICS AND MANAGEMENT SCIE', u'11', u'YEAR', u'I1', u'INDUMISO CAMPUS FULL-TIME', u'A', u'50002600:TARR;40008888:ZULU', 98.0]
[u'SKLO301_YEAR_2018', u'SKLO301_YEAR_2017', u'SKLO301', u'SKILLS AND LIFE ORIENTATION III', u'BENSC1', u'BE:(FET):  NATURAL SCIENCE', u'11', u'YEAR', u'I1', u'INDUMISO CAMPUS FULL-TIME', u'A', u'50002600:TARR;40008888:ZULU', 78.0]
check 'SKLO301_YEAR_2018' 'SKLO301'
processXLS: only for SEM2 [u'SKLO301_YEAR_2018', u'SKLO301_YEAR_2017', u'SKLO301', u'SKILLS AND LIFE ORIENTATION III', u'BENSC1', u'BE:(FET):  NATURAL SCIENCE', u'11', u'YEAR', u'I1', u'INDUMISO CAMPUS FULL-TIME', u'A', u'50002600:TARR;40008888:ZULU', 78.0]
[u'SKLO301_YEAR_2018', u'SKLO301_YEAR_2017', u'SKLO301', u'SKILLS AND LIFE ORIENTATION III', u'BETEC1', u'BE:(FET):  TECHNOLOGY', u'11', u'YEAR', u'I1', u'INDUMISO CAMPUS FULL-TIME', u'A', u'50002600:TARR;40008888:ZULU', 50.0]
check 'SKLO301_YEAR_2018' 'SKLO301'
processXLS: only for SEM2 [u'SKLO301_YEAR_2018', u'SKLO301_YEAR_2017', u'SKLO301', u'SKILLS AND LIFE ORIENTATION III', u'BETEC1', u'BE:(FET):  TECHNOLOGY', u'11', u'YEAR', u'I1', u'INDUMISO CAMPUS FULL-TIME', u'A', u'50002600:TARR;40008888:ZULU', 50.0]
[u'', u'', u'', u'', u'', u'', u'', u'', u'', u'', u'', u'', u'']
check '' ''
[u'EDUC401_YEAR_2018', u'EDUC401_YEAR_2017', u'EDUC401', u'EDUCATION IV', u'BEECM1', u'BE:(FET):  ECONOMICS AND MANAGEMENT SCIE', u'11', u'YEAR', u'I1', u'INDUMISO CAMPUS FULL-TIME', u'A', u'50002600:TARR;50002570:NJOZELA', 111.0]
check 'EDUC401_YEAR_2018' 'EDUC401'
processXLS: only for SEM2 [u'EDUC401_YEAR_2018', u'EDUC401_YEAR_2017', u'EDUC401', u'EDUCATION IV', u'BEECM1', u'BE:(FET):  ECONOMICS AND MANAGEMENT SCIE', u'11', u'YEAR', u'I1', u'INDUMISO CAMPUS FULL-TIME', u'A', u'50002600:TARR;50002570:NJOZELA', 111.0]
[u'EDUC401_YEAR_2018', u'EDUC401_YEAR_2017', u'EDUC401', u'EDUCATION IV', u'BENSC1', u'BE:(FET):  NATURAL SCIENCE', u'11', u'YEAR', u'I1', u'INDUMISO CAMPUS FULL-TIME', u'A', u'50002600:TARR;50002570:NJOZELA', 75.0]
check 'EDUC401_YEAR_2018' 'EDUC401'
processXLS: only for SEM2 [u'EDUC401_YEAR_2018', u'EDUC401_YEAR_2017', u'EDUC401', u'EDUCATION IV', u'BENSC1', u'BE:(FET):  NATURAL SCIENCE', u'11', u'YEAR', u'I1', u'INDUMISO CAMPUS FULL-TIME', u'A', u'50002600:TARR;50002570:NJOZELA', 75.0]
[u'EDUC401_YEAR_2018', u'EDUC401_YEAR_2017', u'EDUC401', u'EDUCATION IV', u'BETEC1', u'BE:(FET):  TECHNOLOGY', u'11', u'YEAR', u'I1', u'INDUMISO CAMPUS FULL-TIME', u'A', u'50002600:TARR;50002570:NJOZELA', 39.0]
check 'EDUC401_YEAR_2018' 'EDUC401'
processXLS: only for SEM2 [u'EDUC401_YEAR_2018', u'EDUC401_YEAR_2017', u'EDUC401', u'EDUCATION IV', u'BETEC1', u'BE:(FET):  TECHNOLOGY', u'11', u'YEAR', u'I1', u'INDUMISO CAMPUS FULL-TIME', u'A', u'50002600:TARR;50002570:NJOZELA', 39.0]
[u'', u'', u'', u'', u'', u'', u'', u'', u'', u'', u'', u'', u'']
check '' ''
[u'GSDI401_YEAR_2018', u'GSDI401_YEAR_2017', u'GSDI401', u'GENERAL SUBJECT DIDACTICS IV', u'BEECM1', u'BE:(FET):  ECONOMICS AND MANAGEMENT SCIE', u'11', u'YEAR', u'I1', u'INDUMISO CAMPUS FULL-TIME', u'A', u'50002600:TARR;40009693:CHAMANE', 110.0]
check 'GSDI401_YEAR_2018' 'GSDI401'
processXLS: only for SEM2 [u'GSDI401_YEAR_2018', u'GSDI401_YEAR_2017', u'GSDI401', u'GENERAL SUBJECT DIDACTICS IV', u'BEECM1', u'BE:(FET):  ECONOMICS AND MANAGEMENT SCIE', u'11', u'YEAR', u'I1', u'INDUMISO CAMPUS FULL-TIME', u'A', u'50002600:TARR;40009693:CHAMANE', 110.0]
[u'GSDI401_YEAR_2018', u'GSDI401_YEAR_2017', u'GSDI401', u'GENERAL SUBJECT DIDACTICS IV', u'BENSC1', u'BE:(FET):  NATURAL SCIENCE', u'11', u'YEAR', u'I1', u'INDUMISO CAMPUS FULL-TIME', u'A', u'50002600:TARR;40009693:CHAMANE', 74.0]
check 'GSDI401_YEAR_2018' 'GSDI401'
processXLS: only for SEM2 [u'GSDI401_YEAR_2018', u'GSDI401_YEAR_2017', u'GSDI401', u'GENERAL SUBJECT DIDACTICS IV', u'BENSC1', u'BE:(FET):  NATURAL SCIENCE', u'11', u'YEAR', u'I1', u'INDUMISO CAMPUS FULL-TIME', u'A', u'50002600:TARR;40009693:CHAMANE', 74.0]
[u'GSDI401_YEAR_2018', u'GSDI401_YEAR_2017', u'GSDI401', u'GENERAL SUBJECT DIDACTICS IV', u'BETEC1', u'BE:(FET):  TECHNOLOGY', u'11', u'YEAR', u'I1', u'INDUMISO CAMPUS FULL-TIME', u'A', u'50002600:TARR;40009693:CHAMANE', 40.0]
check 'GSDI401_YEAR_2018' 'GSDI401'
processXLS: only for SEM2 [u'GSDI401_YEAR_2018', u'GSDI401_YEAR_2017', u'GSDI401', u'GENERAL SUBJECT DIDACTICS IV', u'BETEC1', u'BE:(FET):  TECHNOLOGY', u'11', u'YEAR', u'I1', u'INDUMISO CAMPUS FULL-TIME', u'A', u'50002600:TARR;40009693:CHAMANE', 40.0]
[u'', u'', u'', u'', u'', u'', u'', u'', u'', u'', u'', u'', u'']
check '' ''
[u'RPDE611_YEAR_2018', u'RPDE611_YEAR_2017', u'RPDE611', u'RESEARCH PROJECT AND DISSERTATION (1ST REG)', u'DEEDU1', u'DOCTOR OF EDUCATION', u'P0', u'POST-GRAD ANNUAL REGISTRATIONS', u'I1', u'INDUMISO CAMPUS FULL-TIME', u'A', u'40009612:ABRAHAM', 1.0]
check 'RPDE611_YEAR_2018' 'RPDE611'
processXLS: only for SEM2 [u'RPDE611_YEAR_2018', u'RPDE611_YEAR_2017', u'RPDE611', u'RESEARCH PROJECT AND DISSERTATION (1ST REG)', u'DEEDU1', u'DOCTOR OF EDUCATION', u'P0', u'POST-GRAD ANNUAL REGISTRATIONS', u'I1', u'INDUMISO CAMPUS FULL-TIME', u'A', u'40009612:ABRAHAM', 1.0]
[u'', u'', u'', u'', u'', u'', u'', u'', u'', u'', u'', u'', u'']
check '' ''
[u'RPED601_YEAR_2018', u'RPED601_YEAR_2017', u'RPED601', u'RESEARCH PROJECT AND DISSERTATION (1ST REGIST', u'DTEDU1', u'DT: EDUCATION', u'P0', u'POST-GRAD ANNUAL REGISTRATIONS', u'D1', u'Durban Campus Full-time', u'A', u'40009612:ABRAHAM', 7.0]
check 'RPED601_YEAR_2018' 'RPED601'
processXLS: only for SEM2 [u'RPED601_YEAR_2018', u'RPED601_YEAR_2017', u'RPED601', u'RESEARCH PROJECT AND DISSERTATION (1ST REGIST', u'DTEDU1', u'DT: EDUCATION', u'P0', u'POST-GRAD ANNUAL REGISTRATIONS', u'D1', u'Durban Campus Full-time', u'A', u'40009612:ABRAHAM', 7.0]
[u'RPED601_YEAR_2018', u'RPED601_YEAR_2017', u'RPED601', u'RESEARCH PROJECT AND DISSERTATION (1ST REGIST', u'DTEDU1', u'DT: EDUCATION', u'P0', u'POST-GRAD ANNUAL REGISTRATIONS', u'D3', u'Durban Campus Part-time', u'A', u'40009612:ABRAHAM', 1.0]
check 'RPED601_YEAR_2018' 'RPED601'
processXLS: only for SEM2 [u'RPED601_YEAR_2018', u'RPED601_YEAR_2017', u'RPED601', u'RESEARCH PROJECT AND DISSERTATION (1ST REGIST', u'DTEDU1', u'DT: EDUCATION', u'P0', u'POST-GRAD ANNUAL REGISTRATIONS', u'D3', u'Durban Campus Part-time', u'A', u'40009612:ABRAHAM', 1.0]
[u'', u'', u'', u'', u'', u'', u'', u'', u'', u'', u'', u'', u'']
check '' ''
[u'RPED621_YEAR_2018', u'RPED621_YEAR_2017', u'RPED621', u'RESEARCH PROJECT AND DISSERTATION (3RD REGIST', u'DTEDU1', u'DT: EDUCATION', u'P0', u'POST-GRAD ANNUAL REGISTRATIONS', u'D3', u'Durban Campus Part-time', u'A', u'40009612:ABRAHAM', 1.0]
check 'RPED621_YEAR_2018' 'RPED621'
processXLS: only for SEM2 [u'RPED621_YEAR_2018', u'RPED621_YEAR_2017', u'RPED621', u'RESEARCH PROJECT AND DISSERTATION (3RD REGIST', u'DTEDU1', u'DT: EDUCATION', u'P0', u'POST-GRAD ANNUAL REGISTRATIONS', u'D3', u'Durban Campus Part-time', u'A', u'40009612:ABRAHAM', 1.0]
[u'...', u'', u'', u'', u'', u'', u'', u'', u'', u'', u'', u'', u'']
check '...' ''
[u'New subjects for 2018', u'', u'', u'', u'', u'', u'', u'', u'', u'', u'', u'', u'']
check 'New subjects for 2018' ''
[u'UNRS101_SEM1_2018', u'template_2018', u'UNRS101', u'UNDERSTANDING RESEARCH', u'BEHTE1', u'B ED HONOURS IN TECHNOLOGY EDUCTION', u'21', u'SEM1', u'I1', u'OTNAME', u'A', u'40013550:MAGO;', u'']
check 'UNRS101_SEM1_2018' 'UNRS101'
processXLS: only for SEM2 [u'UNRS101_SEM1_2018', u'template_2018', u'UNRS101', u'UNDERSTANDING RESEARCH', u'BEHTE1', u'B ED HONOURS IN TECHNOLOGY EDUCTION', u'21', u'SEM1', u'I1', u'OTNAME', u'A', u'40013550:MAGO;', u'']
[u'PRDW101_SEM1_2018', u'template_2018', u'PRDW101', u'PRINCIPLES OF DRAWING', u'BEHTE1', u'B ED HONOURS IN TECHNOLOGY EDUCTION', u'21', u'SEM1', u'I1', u'OTNAME', u'A', u'50002570:MZINDLE;', u'']
check 'PRDW101_SEM1_2018' 'PRDW101'
processXLS: only for SEM2 [u'PRDW101_SEM1_2018', u'template_2018', u'PRDW101', u'PRINCIPLES OF DRAWING', u'BEHTE1', u'B ED HONOURS IN TECHNOLOGY EDUCTION', u'21', u'SEM1', u'I1', u'OTNAME', u'A', u'50002570:MZINDLE;', u'']
[u'INPT101_SEM1_2018', u'template_2018', u'INPT101', u'INT & NAT PERSPECTIVES IN TECH EDUCATION', u'BEHTE1', u'B ED HONOURS IN TECHNOLOGY EDUCTION', u'21', u'SEM1', u'I1', u'OTNAME', u'A', u'50002602:HOLMES;', u'']
check 'INPT101_SEM1_2018' 'INPT101'
processXLS: only for SEM2 [u'INPT101_SEM1_2018', u'template_2018', u'INPT101', u'INT & NAT PERSPECTIVES IN TECH EDUCATION', u'BEHTE1', u'B ED HONOURS IN TECHNOLOGY EDUCTION', u'21', u'SEM1', u'I1', u'OTNAME', u'A', u'50002602:HOLMES;', u'']
[u'IRPJ101_SEM2_2018', u'template_2018', u'IRPJ101', u'INDEPENDENT RESEARCH PROJECT', u'BEHTE1', u'B ED HONOURS IN TECHNOLOGY EDUCTION', u'22', u'SEM2', u'I1', u'OTNAME', u'A', u'40013550:MAGO;', u'']
check 'IRPJ101_SEM2_2018' 'IRPJ101'
adding  IRPJ101
requesting:  http://10.0.100.98:8000/bbinfo/matching_courses/IRPJ101%25
r= <Response [200]>
matching classes= set([u'IRPJ101_SEM2_2018'])
[u'DMCE101_SEM2_2018', u'template_2018', u'DMCE101', u'DRAWING IN THE CONTEXT OF MECH, CIV & ELEC ', u'BEHTE1', u'B ED HONOURS IN TECHNOLOGY EDUCTION', u'22', u'SEM2', u'I1', u'OTNAME', u'A', u'50002597:CONRADIE;', u'']
check 'DMCE101_SEM2_2018' 'DMCE101'
adding  DMCE101
requesting:  http://10.0.100.98:8000/bbinfo/matching_courses/DMCE101%25
r= <Response [200]>
matching classes= set([u'DMCE101_SEM2_2018'])
[u'ISTE101_SEM2_2018', u'template_2018', u'ISTE101', u'INTEGRATED SYSTEMS IN TECHNOLOGY EDUCATION', u'BEHTE1', u'B ED HONOURS IN TECHNOLOGY EDUCTION', u'22', u'SEM2', u'I1', u'OTNAME', u'A', u'40010261:MAEKO;', u'']
check 'ISTE101_SEM2_2018' 'ISTE101'
adding  ISTE101
requesting:  http://10.0.100.98:8000/bbinfo/matching_courses/ISTE101%25
r= <Response [200]>
matching classes= set([u'ISTE101_SEM2_2018'])
[u'MSTE101_SEM2_2018', u'template_2018', u'MSTE101', u'MATERIALS AND STRUCTURE IN TECHNOLOGY ED', u'BEHTE1', u'B ED HONOURS IN TECHNOLOGY EDUCTION', u'22', u'SEM2', u'I1', u'OTNAME', u'A', u'40010261:MAEKO;', u'']
check 'MSTE101_SEM2_2018' 'MSTE101'
adding  MSTE101
requesting:  http://10.0.100.98:8000/bbinfo/matching_courses/MSTE101%25
r= <Response [200]>
matching classes= set([u'MSTE101_SEM2_2018'])
[u'CADT101_SEM2_2018', u'template_2018', u'CADT101', u'COMPUTER-AIDIED DES MECH, CIVIL & ELEC TECH', u'BEHTE1', u'B ED HONOURS IN TECHNOLOGY EDUCTION', u'22', u'SEM2', u'I1', u'OTNAME', u'A', u'40009696:MAHARAJ;', u'']
check 'CADT101_SEM2_2018' 'CADT101'
adding  CADT101
requesting:  http://10.0.100.98:8000/bbinfo/matching_courses/CADT101%25
r= <Response [200]>
matching classes= set([u'CADT101_SEM2_2018'])
[u'MTTE101_SEM1_2018', u'template_2018', u'MTTE101', u'MODERN TECH & COMM IN TECHNOLOGY EDUCATION', u'BEHTE1', u'B ED HONOURS IN TECHNOLOGY EDUCTION', u'21', u'SEM1', u'I1', u'OTNAME', u'A', u'40011122:MANGUNDU;', u'']
check 'MTTE101_SEM1_2018' 'MTTE101'
processXLS: only for SEM2 [u'MTTE101_SEM1_2018', u'template_2018', u'MTTE101', u'MODERN TECH & COMM IN TECHNOLOGY EDUCATION', u'BEHTE1', u'B ED HONOURS IN TECHNOLOGY EDUCTION', u'21', u'SEM1', u'I1', u'OTNAME', u'A', u'40011122:MANGUNDU;', u'']
processXLS: finished processing workingSheets/data/BBC3102SchoolOfEducation2017.xls
getWS: requesting:  http://10.0.100.98:8000/itsenrol/classlist/2018/22/DMCE101 rsp= <Response [200]>
getWS: requesting:  http://10.0.100.98:8000/bbinfo/classlist/DMCE101 rsp= <Response [200]>
getNewStudentsInSubject: ITS 0, BB 1 -> 0 new enrollments
getWS: requesting:  http://10.0.100.98:8000/itsenrol/classlist/2018/22/MSTE101 rsp= <Response [200]>
getWS: requesting:  http://10.0.100.98:8000/bbinfo/classlist/MSTE101 rsp= <Response [200]>
getNewStudentsInSubject: ITS 0, BB 1 -> 0 new enrollments
getWS: requesting:  http://10.0.100.98:8000/itsenrol/classlist/2018/22/ISTE101 rsp= <Response [200]>
getWS: requesting:  http://10.0.100.98:8000/bbinfo/classlist/ISTE101 rsp= <Response [200]>
getNewStudentsInSubject: ITS 0, BB 1 -> 0 new enrollments
getWS: requesting:  http://10.0.100.98:8000/itsenrol/classlist/2018/22/IRPJ101 rsp= <Response [200]>
getWS: requesting:  http://10.0.100.98:8000/bbinfo/classlist/IRPJ101 rsp= <Response [200]>
getNewStudentsInSubject: ITS 0, BB 1 -> 0 new enrollments
getWS: requesting:  http://10.0.100.98:8000/itsenrol/classlist/2018/22/CADT101 rsp= <Response [200]>
getWS: requesting:  http://10.0.100.98:8000/bbinfo/classlist/CADT101 rsp= <Response [200]>
getNewStudentsInSubject: ITS 0, BB 1 -> 0 new enrollments
main: Writing students...
main: Writing enrollments...
main: Finished processing workingSheets/data/BBC3102SchoolOfEducation2017.xls
main: 5 subjects processed
main: 5 subject -> classroom maps
main: 0 students
main: 0 student enrollments 0 errors
0.20user 0.10system 0:00.69elapsed 44%CPU (0avgtext+0avgdata 57760maxresident)k
0inputs+16outputs (0major+7103minor)pagefaults 0swaps
POSTING SNAPSHOTS to SIS endpoint
TEST RUN, NOT POSTING BBSTUDENTS
TEST RUN, NOT POSTIN BBENROL
copy snapshot files to saved output
=== department done ===
syncing logs...
Pushing logs from logs/20180723111852 to remote...
sending incremental file list
./
BBC3102SchoolOfEducation2017.BBENROL.txt
BBC3102SchoolOfEducation2017.BBSTUDENTS.txt
BBC3102SchoolOfEducation2017.Enrolomat.txt
BBC3102SchoolOfEducation2017.Postlog.txt

sent 71865 bytes  received 91 bytes  7574.32 bytes/sec
total size is 90877  speedup is 1.26
logging to logs/20180723111852
=== generate newenrollments for BBC3103FineArtJewelleryDesign2017. ===
GENERATE SNAPSHOTS...
./BBCIncrementalEnrollerX2.py : generating enrolment files for subjects in  workingSheets/data/BBC3103FineArtJewelleryDesign2017.xls
processXLS: start spreadsheet workingSheets/data/BBC3103FineArtJewelleryDesign2017.xls
[u'2018 Blackboard Classrooms for Department: 3103 - FINE ART & JEWELLERY DESIGN', u'', u'', u'', u'', u'', u'', u'', u'', u'', u'', u'', u'']
check '2018 Blackboard Classrooms for Department: 3103 - FINE ART & JEWELLERY DESIGN' ''
[u'', u'', u'', u'', u'', u'', u'', u'', u'', u'', u'', u'', u'']
check '' ''
[u'BB Classroom', u'Migrate Classroom', u'ITS Subject', u'', u'ITS Qualification', u'', u'Block', u'', u'Off Type', u'', u'Grp', u'Lecturer(s)', u'2016 Enrol']
check 'BB Classroom' 'ITS Subject'
[u'2DES101_YEAR_2018', u'2DES101_YEAR_2017', u'2DES101', u'TWO-DIMENSIONAL STUDIES I', u'NDJDF1', u'ND: JEWELLERY DES & MANUFACT (4 YEARS)', u'11', u'YEAR', u'D1', u'Durban Campus Full-time', u'A', u'40010824:David Tshabalala;50000895:DE BEER;40009807:PENN', 8.0]
check '2DES101_YEAR_2018' '2DES101'
processXLS: only for SEM2 [u'2DES101_YEAR_2018', u'2DES101_YEAR_2017', u'2DES101', u'TWO-DIMENSIONAL STUDIES I', u'NDJDF1', u'ND: JEWELLERY DES & MANUFACT (4 YEARS)', u'11', u'YEAR', u'D1', u'Durban Campus Full-time', u'A', u'40010824:David Tshabalala;50000895:DE BEER;40009807:PENN', 8.0]
[u'', u'', u'', u'', u'', u'', u'', u'', u'', u'', u'', u'', u'']
check '' ''
[u'2DST101_YEAR_2018', u'2DST101_YEAR_2017', u'2DST101', u'TWO-DIMENSIONAL STUDIES I', u'NDFAF1', u'ND: FINE ART (4 YEARS)', u'11', u'YEAR', u'D1', u'Durban Campus Full-time', u'A', u'40010824:David Tshabalala;50000895:DE BEER', 9.0]
check '2DST101_YEAR_2018' '2DST101'
processXLS: only for SEM2 [u'2DST101_YEAR_2018', u'2DST101_YEAR_2017', u'2DST101', u'TWO-DIMENSIONAL STUDIES I', u'NDFAF1', u'ND: FINE ART (4 YEARS)', u'11', u'YEAR', u'D1', u'Durban Campus Full-time', u'A', u'40010824:David Tshabalala;50000895:DE BEER', 9.0]
[u'2DST101_YEAR_2018', u'2DST101_YEAR_2017', u'2DST101', u'TWO-DIMENSIONAL STUDIES I', u'NDFAR2', u'ND: FINE ART', u'11', u'YEAR', u'D1', u'Durban Campus Full-time', u'A', u'40010824:David Tshabalala;50000895:DE BEER', 25.0]
check '2DST101_YEAR_2018' '2DST101'
processXLS: only for SEM2 [u'2DST101_YEAR_2018', u'2DST101_YEAR_2017', u'2DST101', u'TWO-DIMENSIONAL STUDIES I', u'NDFAR2', u'ND: FINE ART', u'11', u'YEAR', u'D1', u'Durban Campus Full-time', u'A', u'40010824:David Tshabalala;50000895:DE BEER', 25.0]
[u'', u'', u'', u'', u'', u'', u'', u'', u'', u'', u'', u'', u'']
check '' ''
[u'3DES101_YEAR_2018', u'3DES101_YEAR_2017', u'3DES101', u'THREE-DIMENSIONAL STUDIES I', u'NDJDF1', u'ND: JEWELLERY DES & MANUFACT (4 YEARS)', u'11', u'YEAR', u'D1', u'Durban Campus Full-time', u'A', u'50002342:KHANYILE;50000895:DE BEER', 8.0]
check '3DES101_YEAR_2018' '3DES101'
processXLS: only for SEM2 [u'3DES101_YEAR_2018', u'3DES101_YEAR_2017', u'3DES101', u'THREE-DIMENSIONAL STUDIES I', u'NDJDF1', u'ND: JEWELLERY DES & MANUFACT (4 YEARS)', u'11', u'YEAR', u'D1', u'Durban Campus Full-time', u'A', u'50002342:KHANYILE;50000895:DE BEER', 8.0]
[u'', u'', u'', u'', u'', u'', u'', u'', u'', u'', u'', u'', u'']
check '' ''
[u'3DST101_YEAR_2018', u'3DST101_YEAR_2017', u'3DST101', u'THREE-DIMENSIONAL STUDIES I', u'NDFAF1', u'ND: FINE ART (4 YEARS)', u'11', u'YEAR', u'D1', u'Durban Campus Full-time', u'A', u'50002342:KHANYILE;50000895:DE BEER', 9.0]
check '3DST101_YEAR_2018' '3DST101'
processXLS: only for SEM2 [u'3DST101_YEAR_2018', u'3DST101_YEAR_2017', u'3DST101', u'THREE-DIMENSIONAL STUDIES I', u'NDFAF1', u'ND: FINE ART (4 YEARS)', u'11', u'YEAR', u'D1', u'Durban Campus Full-time', u'A', u'50002342:KHANYILE;50000895:DE BEER', 9.0]
[u'3DST101_YEAR_2018', u'3DST101_YEAR_2017', u'3DST101', u'THREE-DIMENSIONAL STUDIES I', u'NDFAR2', u'ND: FINE ART', u'11', u'YEAR', u'D1', u'Durban Campus Full-time', u'A', u'50002342:KHANYILE;50000895:DE BEER', 24.0]
check '3DST101_YEAR_2018' '3DST101'
processXLS: only for SEM2 [u'3DST101_YEAR_2018', u'3DST101_YEAR_2017', u'3DST101', u'THREE-DIMENSIONAL STUDIES I', u'NDFAR2', u'ND: FINE ART', u'11', u'YEAR', u'D1', u'Durban Campus Full-time', u'A', u'50002342:KHANYILE;50000895:DE BEER', 24.0]
[u'', u'', u'', u'', u'', u'', u'', u'', u'', u'', u'', u'', u'']
check '' ''
[u'AATH101_YEAR_2018', u'AATH101_YEAR_2017', u'AATH101', u'AUGMENTED ART THEORY', u'NDFAF1', u'ND: FINE ART (4 YEARS)', u'11', u'YEAR', u'D1', u'Durban Campus Full-time', u'A', u'50013202:ZIEGLER;50000895:DE BEER', 9.0]
check 'AATH101_YEAR_2018' 'AATH101'
processXLS: only for SEM2 [u'AATH101_YEAR_2018', u'AATH101_YEAR_2017', u'AATH101', u'AUGMENTED ART THEORY', u'NDFAF1', u'ND: FINE ART (4 YEARS)', u'11', u'YEAR', u'D1', u'Durban Campus Full-time', u'A', u'50013202:ZIEGLER;50000895:DE BEER', 9.0]
[u'', u'', u'', u'', u'', u'', u'', u'', u'', u'', u'', u'', u'']
check '' ''
[u'ADAP101_YEAR_2018', u'ADAP101_YEAR_2017', u'ADAP101', u'ART AND DESIGN APPRECIATION', u'NDFAF1', u'ND: FINE ART (4 YEARS)', u'11', u'YEAR', u'D1', u'Durban Campus Full-time', u'A', u'50000895:DE BEER;50012075:ANDERSON', 8.0]
check 'ADAP101_YEAR_2018' 'ADAP101'
processXLS: only for SEM2 [u'ADAP101_YEAR_2018', u'ADAP101_YEAR_2017', u'ADAP101', u'ART AND DESIGN APPRECIATION', u'NDFAF1', u'ND: FINE ART (4 YEARS)', u'11', u'YEAR', u'D1', u'Durban Campus Full-time', u'A', u'50000895:DE BEER;50012075:ANDERSON', 8.0]
[u'', u'', u'', u'', u'', u'', u'', u'', u'', u'', u'', u'', u'']
check '' ''
[u'ARTD101_YEAR_2018', u'ARTD101_YEAR_2017', u'ARTD101', u'ART AND DESIGN APPRECIATION', u'NDJDF1', u'ND: JEWELLERY DES & MANUFACT (4 YEARS)', u'11', u'YEAR', u'D1', u'Durban Campus Full-time', u'A', u'50000895:DE BEER;50012075:ANDERSON', 8.0]
check 'ARTD101_YEAR_2018' 'ARTD101'
processXLS: only for SEM2 [u'ARTD101_YEAR_2018', u'ARTD101_YEAR_2017', u'ARTD101', u'ART AND DESIGN APPRECIATION', u'NDJDF1', u'ND: JEWELLERY DES & MANUFACT (4 YEARS)', u'11', u'YEAR', u'D1', u'Durban Campus Full-time', u'A', u'50000895:DE BEER;50012075:ANDERSON', 8.0]
[u'', u'', u'', u'', u'', u'', u'', u'', u'', u'', u'', u'', u'']
check '' ''
[u'ARTT101_YEAR_2018', u'ARTT101_YEAR_2017', u'ARTT101', u'ART THEORY I', u'NDFAF1', u'ND: FINE ART (4 YEARS)', u'11', u'YEAR', u'D1', u'Durban Campus Full-time', u'A', u'40012061:Maponya;50013202:ZIEGLER', 9.0]
check 'ARTT101_YEAR_2018' 'ARTT101'
processXLS: only for SEM2 [u'ARTT101_YEAR_2018', u'ARTT101_YEAR_2017', u'ARTT101', u'ART THEORY I', u'NDFAF1', u'ND: FINE ART (4 YEARS)', u'11', u'YEAR', u'D1', u'Durban Campus Full-time', u'A', u'40012061:Maponya;50013202:ZIEGLER', 9.0]
[u'ARTT101_YEAR_2018', u'ARTT101_YEAR_2017', u'ARTT101', u'ART THEORY I', u'NDFAR2', u'ND: FINE ART', u'11', u'YEAR', u'D1', u'Durban Campus Full-time', u'A', u'40012061:Maponya;50013202:ZIEGLER', 26.0]
check 'ARTT101_YEAR_2018' 'ARTT101'
processXLS: only for SEM2 [u'ARTT101_YEAR_2018', u'ARTT101_YEAR_2017', u'ARTT101', u'ART THEORY I', u'NDFAR2', u'ND: FINE ART', u'11', u'YEAR', u'D1', u'Durban Campus Full-time', u'A', u'40012061:Maponya;50013202:ZIEGLER', 26.0]
[u'', u'', u'', u'', u'', u'', u'', u'', u'', u'', u'', u'', u'']
check '' ''
[u'AUTJ101_YEAR_2018', u'AUTJ101_YEAR_2017', u'AUTJ101', u'AUGMENTED THEORY OF JEWELLERY', u'NDJDF1', u'ND: JEWELLERY DES & MANUFACT (4 YEARS)', u'11', u'YEAR', u'D1', u'Durban Campus Full-time', u'A', u'50013202:ZIEGLER;50000895:DE BEER', 7.0]
check 'AUTJ101_YEAR_2018' 'AUTJ101'
processXLS: only for SEM2 [u'AUTJ101_YEAR_2018', u'AUTJ101_YEAR_2017', u'AUTJ101', u'AUGMENTED THEORY OF JEWELLERY', u'NDJDF1', u'ND: JEWELLERY DES & MANUFACT (4 YEARS)', u'11', u'YEAR', u'D1', u'Durban Campus Full-time', u'A', u'50013202:ZIEGLER;50000895:DE BEER', 7.0]
[u'', u'', u'', u'', u'', u'', u'', u'', u'', u'', u'', u'', u'']
check '' ''
[u'CMJD101_YEAR_2018', u'CMJD101_YEAR_2017', u'CMJD101', u'COMMUNICATION I', u'NDJDF1', u'ND: JEWELLERY DES & MANUFACT (4 YEARS)', u'11', u'YEAR', u'D1', u'Durban Campus Full-time', u'A', u'50000895:DE BEER', 8.0]
check 'CMJD101_YEAR_2018' 'CMJD101'
processXLS: only for SEM2 [u'CMJD101_YEAR_2018', u'CMJD101_YEAR_2017', u'CMJD101', u'COMMUNICATION I', u'NDJDF1', u'ND: JEWELLERY DES & MANUFACT (4 YEARS)', u'11', u'YEAR', u'D1', u'Durban Campus Full-time', u'A', u'50000895:DE BEER', 8.0]
[u'', u'', u'', u'', u'', u'', u'', u'', u'', u'', u'', u'', u'']
check '' ''
[u'DADS101_YEAR_2018', u'DADS101_YEAR_2017', u'DADS101', u'DRAWING FOR ART AND DESIGN', u'NDJDF1', u'ND: JEWELLERY DES & MANUFACT (4 YEARS)', u'11', u'YEAR', u'D1', u'Durban Campus Full-time', u'A', u'50000895:DE BEER;50012075:ANDERSON', 8.0]
check 'DADS101_YEAR_2018' 'DADS101'
processXLS: only for SEM2 [u'DADS101_YEAR_2018', u'DADS101_YEAR_2017', u'DADS101', u'DRAWING FOR ART AND DESIGN', u'NDJDF1', u'ND: JEWELLERY DES & MANUFACT (4 YEARS)', u'11', u'YEAR', u'D1', u'Durban Campus Full-time', u'A', u'50000895:DE BEER;50012075:ANDERSON', 8.0]
[u'', u'', u'', u'', u'', u'', u'', u'', u'', u'', u'', u'', u'']
check '' ''
[u'DRFA101_YEAR_2018', u'DRFA101_YEAR_2017', u'DRFA101', u'DRAWING:FINE ART I', u'NDFAF1', u'ND: FINE ART (4 YEARS)', u'11', u'YEAR', u'D1', u'Durban Campus Full-time', u'A', u'40010824:David Tshabalala;50000895:DE BEER', 9.0]
check 'DRFA101_YEAR_2018' 'DRFA101'
processXLS: only for SEM2 [u'DRFA101_YEAR_2018', u'DRFA101_YEAR_2017', u'DRFA101', u'DRAWING:FINE ART I', u'NDFAF1', u'ND: FINE ART (4 YEARS)', u'11', u'YEAR', u'D1', u'Durban Campus Full-time', u'A', u'40010824:David Tshabalala;50000895:DE BEER', 9.0]
[u'DRFA101_YEAR_2018', u'DRFA101_YEAR_2017', u'DRFA101', u'DRAWING:FINE ART I', u'NDFAR2', u'ND: FINE ART', u'11', u'YEAR', u'D1', u'Durban Campus Full-time', u'A', u'40010824:David Tshabalala;50000895:DE BEER', 24.0]
check 'DRFA101_YEAR_2018' 'DRFA101'
processXLS: only for SEM2 [u'DRFA101_YEAR_2018', u'DRFA101_YEAR_2017', u'DRFA101', u'DRAWING:FINE ART I', u'NDFAR2', u'ND: FINE ART', u'11', u'YEAR', u'D1', u'Durban Campus Full-time', u'A', u'40010824:David Tshabalala;50000895:DE BEER', 24.0]
[u'', u'', u'', u'', u'', u'', u'', u'', u'', u'', u'', u'', u'']
check '' ''
[u'FCMU101_YEAR_2018', u'FCMU101_YEAR_2017', u'FCMU101', u'FUNDAMENTAL COMMUNICATION', u'NDFAF1', u'ND: FINE ART (4 YEARS)', u'11', u'YEAR', u'D1', u'Durban Campus Full-time', u'A', u'40011992:Sikakane;50000895:DE BEER;50012075:ANDERSON', 8.0]
check 'FCMU101_YEAR_2018' 'FCMU101'
processXLS: only for SEM2 [u'FCMU101_YEAR_2018', u'FCMU101_YEAR_2017', u'FCMU101', u'FUNDAMENTAL COMMUNICATION', u'NDFAF1', u'ND: FINE ART (4 YEARS)', u'11', u'YEAR', u'D1', u'Durban Campus Full-time', u'A', u'40011992:Sikakane;50000895:DE BEER;50012075:ANDERSON', 8.0]
[u'', u'', u'', u'', u'', u'', u'', u'', u'', u'', u'', u'', u'']
check '' ''
[u'IN2D101_YEAR_2018', u'IN2D101_YEAR_2017', u'IN2D101', u'INTRODUCTORY 2-DIMENSIONAL STUDIES', u'NDFAF1', u'ND: FINE ART (4 YEARS)', u'11', u'YEAR', u'D1', u'Durban Campus Full-time', u'A', u'50000895:DE BEER', 8.0]
check 'IN2D101_YEAR_2018' 'IN2D101'
processXLS: only for SEM2 [u'IN2D101_YEAR_2018', u'IN2D101_YEAR_2017', u'IN2D101', u'INTRODUCTORY 2-DIMENSIONAL STUDIES', u'NDFAF1', u'ND: FINE ART (4 YEARS)', u'11', u'YEAR', u'D1', u'Durban Campus Full-time', u'A', u'50000895:DE BEER', 8.0]
[u'', u'', u'', u'', u'', u'', u'', u'', u'', u'', u'', u'', u'']
check '' ''
[u'IN3D101_YEAR_2018', u'IN3D101_YEAR_2017', u'IN3D101', u'INTRODUCTORY 3-DIMENSIONAL STUDIES', u'NDFAF1', u'ND: FINE ART (4 YEARS)', u'11', u'YEAR', u'D1', u'Durban Campus Full-time', u'A', u'50000895:DE BEER', 8.0]
check 'IN3D101_YEAR_2018' 'IN3D101'
processXLS: only for SEM2 [u'IN3D101_YEAR_2018', u'IN3D101_YEAR_2017', u'IN3D101', u'INTRODUCTORY 3-DIMENSIONAL STUDIES', u'NDFAF1', u'ND: FINE ART (4 YEARS)', u'11', u'YEAR', u'D1', u'Durban Campus Full-time', u'A', u'50000895:DE BEER', 8.0]
[u'', u'', u'', u'', u'', u'', u'', u'', u'', u'', u'', u'', u'']
check '' ''
[u'INDR101_YEAR_2018', u'INDR101_YEAR_2017', u'INDR101', u'INTRODUCTORY DRAWING', u'NDFAF1', u'ND: FINE ART (4 YEARS)', u'11', u'YEAR', u'D1', u'Durban Campus Full-time', u'A', u'50000895:DE BEER;50012075:ANDERSON', 8.0]
check 'INDR101_YEAR_2018' 'INDR101'
processXLS: only for SEM2 [u'INDR101_YEAR_2018', u'INDR101_YEAR_2017', u'INDR101', u'INTRODUCTORY DRAWING', u'NDFAF1', u'ND: FINE ART (4 YEARS)', u'11', u'YEAR', u'D1', u'Durban Campus Full-time', u'A', u'50000895:DE BEER;50012075:ANDERSON', 8.0]
[u'', u'', u'', u'', u'', u'', u'', u'', u'', u'', u'', u'', u'']
check '' ''
[u'JDES102_YEAR_2018', u'JDES102_YEAR_2017', u'JDES102', u'JEWELLERY DESIGN I', u'NDJDF1', u'ND: JEWELLERY DES & MANUFACT (4 YEARS)', u'11', u'YEAR', u'D1', u'Durban Campus Full-time', u'A', u'50009583:VINCENT;20404156:BALENI;50000895:DE BEER;50010384:SAVAGE', 7.0]
check 'JDES102_YEAR_2018' 'JDES102'
processXLS: only for SEM2 [u'JDES102_YEAR_2018', u'JDES102_YEAR_2017', u'JDES102', u'JEWELLERY DESIGN I', u'NDJDF1', u'ND: JEWELLERY DES & MANUFACT (4 YEARS)', u'11', u'YEAR', u'D1', u'Durban Campus Full-time', u'A', u'50009583:VINCENT;20404156:BALENI;50000895:DE BEER;50010384:SAVAGE', 7.0]
[u'JDES102_YEAR_2018', u'JDES102_YEAR_2017', u'JDES102', u'JEWELLERY DESIGN I', u'NDJDM1', u'ND: JEWELLERY DESIGN AND MANUFACTURE', u'11', u'YEAR', u'D1', u'Durban Campus Full-time', u'A', u'50009583:VINCENT;20404156:BALENI;50000895:DE BEER;50010384:SAVAGE', 10.0]
check 'JDES102_YEAR_2018' 'JDES102'
processXLS: only for SEM2 [u'JDES102_YEAR_2018', u'JDES102_YEAR_2017', u'JDES102', u'JEWELLERY DESIGN I', u'NDJDM1', u'ND: JEWELLERY DESIGN AND MANUFACTURE', u'11', u'YEAR', u'D1', u'Durban Campus Full-time', u'A', u'50009583:VINCENT;20404156:BALENI;50000895:DE BEER;50010384:SAVAGE', 10.0]
[u'', u'', u'', u'', u'', u'', u'', u'', u'', u'', u'', u'', u'']
check '' ''
[u'JDRG102_YEAR_2018', u'JDRG102_YEAR_2017', u'JDRG102', u'JEWELLERY DRAWING I', u'NDJDF1', u'ND: JEWELLERY DES & MANUFACT (4 YEARS)', u'11', u'YEAR', u'D1', u'Durban Campus Full-time', u'A', u'50010384:SAVAGE;50000895:DE BEER', 7.0]
check 'JDRG102_YEAR_2018' 'JDRG102'
processXLS: only for SEM2 [u'JDRG102_YEAR_2018', u'JDRG102_YEAR_2017', u'JDRG102', u'JEWELLERY DRAWING I', u'NDJDF1', u'ND: JEWELLERY DES & MANUFACT (4 YEARS)', u'11', u'YEAR', u'D1', u'Durban Campus Full-time', u'A', u'50010384:SAVAGE;50000895:DE BEER', 7.0]
[u'JDRG102_YEAR_2018', u'JDRG102_YEAR_2017', u'JDRG102', u'JEWELLERY DRAWING I', u'NDJDM1', u'ND: JEWELLERY DESIGN AND MANUFACTURE', u'11', u'YEAR', u'D1', u'Durban Campus Full-time', u'A', u'50010384:SAVAGE;50000895:DE BEER', 10.0]
check 'JDRG102_YEAR_2018' 'JDRG102'
processXLS: only for SEM2 [u'JDRG102_YEAR_2018', u'JDRG102_YEAR_2017', u'JDRG102', u'JEWELLERY DRAWING I', u'NDJDM1', u'ND: JEWELLERY DESIGN AND MANUFACTURE', u'11', u'YEAR', u'D1', u'Durban Campus Full-time', u'A', u'50010384:SAVAGE;50000895:DE BEER', 10.0]
[u'JDDA101_YEAR_2018', u'JDDA101_YEAR_2017', u'JDDA101', u'JEWELLERY DESIGN AND DRAWING 1', u'NDJDM1', u'ND: JEWELLERY DESIGN AND MANUFACTURE', u'11', u'YEAR', u'D1', u'DURban Campus Full-time', u'A', u'50010384:SAVAGE;50000895:DE BEER', u'']
check 'JDDA101_YEAR_2018' 'JDDA101'
processXLS: only for SEM2 [u'JDDA101_YEAR_2018', u'JDDA101_YEAR_2017', u'JDDA101', u'JEWELLERY DESIGN AND DRAWING 1', u'NDJDM1', u'ND: JEWELLERY DESIGN AND MANUFACTURE', u'11', u'YEAR', u'D1', u'DURban Campus Full-time', u'A', u'50010384:SAVAGE;50000895:DE BEER', u'']
[u'', u'', u'', u'', u'', u'', u'', u'', u'', u'', u'', u'', u'']
check '' ''
[u'JTEC101_YEAR_2018', u'JTEC101_YEAR_2017', u'JTEC101', u'JEWELLERY TECHNIQUES I', u'NDJDF1', u'ND: JEWELLERY DES & MANUFACT (4 YEARS)', u'11', u'YEAR', u'D1', u'Durban Campus Full-time', u'A', u'40009765:BALENI;50000895:DE BEER', 7.0]
check 'JTEC101_YEAR_2018' 'JTEC101'
processXLS: only for SEM2 [u'JTEC101_YEAR_2018', u'JTEC101_YEAR_2017', u'JTEC101', u'JEWELLERY TECHNIQUES I', u'NDJDF1', u'ND: JEWELLERY DES & MANUFACT (4 YEARS)', u'11', u'YEAR', u'D1', u'Durban Campus Full-time', u'A', u'40009765:BALENI;50000895:DE BEER', 7.0]
[u'JTEC101_YEAR_2018', u'JTEC101_YEAR_2017', u'JTEC101', u'JEWELLERY TECHNIQUES I', u'NDJDM1', u'ND: JEWELLERY DESIGN AND MANUFACTURE', u'11', u'YEAR', u'D1', u'Durban Campus Full-time', u'A', u'40009765:BALENI;50000895:DE BEER', 10.0]
check 'JTEC101_YEAR_2018' 'JTEC101'
processXLS: only for SEM2 [u'JTEC101_YEAR_2018', u'JTEC101_YEAR_2017', u'JTEC101', u'JEWELLERY TECHNIQUES I', u'NDJDM1', u'ND: JEWELLERY DESIGN AND MANUFACTURE', u'11', u'YEAR', u'D1', u'Durban Campus Full-time', u'A', u'40009765:BALENI;50000895:DE BEER', 10.0]
[u'', u'', u'', u'', u'', u'', u'', u'', u'', u'', u'', u'', u'']
check '' ''
[u'JTHY101_YEAR_2018', u'JTHY101_YEAR_2017', u'JTHY101', u'JEWELLERY THEORY I', u'NDJDF1', u'ND: JEWELLERY DES & MANUFACT (4 YEARS)', u'11', u'YEAR', u'D1', u'Durban Campus Full-time', u'A', u'50009583:VINCENT;40009765:BALENI;40007741:Bestwick;50000895:DE BEER;50010384:SAVAGE;40010692:STEWART', 7.0]
check 'JTHY101_YEAR_2018' 'JTHY101'
processXLS: only for SEM2 [u'JTHY101_YEAR_2018', u'JTHY101_YEAR_2017', u'JTHY101', u'JEWELLERY THEORY I', u'NDJDF1', u'ND: JEWELLERY DES & MANUFACT (4 YEARS)', u'11', u'YEAR', u'D1', u'Durban Campus Full-time', u'A', u'50009583:VINCENT;40009765:BALENI;40007741:Bestwick;50000895:DE BEER;50010384:SAVAGE;40010692:STEWART', 7.0]
[u'JTHY101_YEAR_2018', u'JTHY101_YEAR_2017', u'JTHY101', u'JEWELLERY THEORY I', u'NDJDM1', u'ND: JEWELLERY DESIGN AND MANUFACTURE', u'11', u'YEAR', u'D1', u'Durban Campus Full-time', u'A', u'50009583:VINCENT;40009765:BALENI;40007741:Bestwick;50000895:DE BEER;50010384:SAVAGE;40010692:STEWART', 10.0]
check 'JTHY101_YEAR_2018' 'JTHY101'
processXLS: only for SEM2 [u'JTHY101_YEAR_2018', u'JTHY101_YEAR_2017', u'JTHY101', u'JEWELLERY THEORY I', u'NDJDM1', u'ND: JEWELLERY DESIGN AND MANUFACTURE', u'11', u'YEAR', u'D1', u'Durban Campus Full-time', u'A', u'50009583:VINCENT;40009765:BALENI;40007741:Bestwick;50000895:DE BEER;50010384:SAVAGE;40010692:STEWART', 10.0]
[u'JTPA101_YEAR_2018', u'JTPA101_YEAR_2017', u'JTPA101', u'JEWELLERY THEORY AND PRACTICE 1', u'NDJDM1', u'ND: JEWELLERY DESIGN AND MANUFACTURE', u'11', u'YEAR', u'D1', u'DUrban Campus Full-time', u'', u'50009583:VINCENT;40009765:BALENI;40007741:Bestwick;50000895:DE BEER;50010384:SAVAGE;40010692:STEWART', u'']
check 'JTPA101_YEAR_2018' 'JTPA101'
processXLS: only for SEM2 [u'JTPA101_YEAR_2018', u'JTPA101_YEAR_2017', u'JTPA101', u'JEWELLERY THEORY AND PRACTICE 1', u'NDJDM1', u'ND: JEWELLERY DESIGN AND MANUFACTURE', u'11', u'YEAR', u'D1', u'DUrban Campus Full-time', u'', u'50009583:VINCENT;40009765:BALENI;40007741:Bestwick;50000895:DE BEER;50010384:SAVAGE;40010692:STEWART', u'']
[u'', u'', u'', u'', u'', u'', u'', u'', u'', u'', u'', u'', u'']
check '' ''
[u'ARTT201_YEAR_2018', u'ARTT201_YEAR_2017', u'ARTT201', u'ART THEORY II', u'NDFAF1', u'ND: FINE ART (4 YEARS)', u'11', u'YEAR', u'D1', u'Durban Campus Full-time', u'A', u'50013202:ZIEGLER;50000895:DE BEER', 3.0]
check 'ARTT201_YEAR_2018' 'ARTT201'
processXLS: only for SEM2 [u'ARTT201_YEAR_2018', u'ARTT201_YEAR_2017', u'ARTT201', u'ART THEORY II', u'NDFAF1', u'ND: FINE ART (4 YEARS)', u'11', u'YEAR', u'D1', u'Durban Campus Full-time', u'A', u'50013202:ZIEGLER;50000895:DE BEER', 3.0]
[u'ARTT201_YEAR_2018', u'ARTT201_YEAR_2017', u'ARTT201', u'ART THEORY II', u'NDFAR2', u'ND: FINE ART', u'11', u'YEAR', u'D1', u'Durban Campus Full-time', u'A', u'50013202:ZIEGLER;50000895:DE BEER', 19.0]
check 'ARTT201_YEAR_2018' 'ARTT201'
processXLS: only for SEM2 [u'ARTT201_YEAR_2018', u'ARTT201_YEAR_2017', u'ARTT201', u'ART THEORY II', u'NDFAR2', u'ND: FINE ART', u'11', u'YEAR', u'D1', u'Durban Campus Full-time', u'A', u'50013202:ZIEGLER;50000895:DE BEER', 19.0]
[u'', u'', u'', u'', u'', u'', u'', u'', u'', u'', u'', u'', u'']
check '' ''
[u'CRFA201_YEAR_2018', u'CRFA201_YEAR_2017', u'CRFA201', u'CERAMICS:FINE ART II', u'NDFAF1', u'ND: FINE ART (4 YEARS)', u'11', u'YEAR', u'D1', u'Durban Campus Full-time', u'A', u'50010159:DA CRUZ;50000895:DE BEER;50000045:ROOME', 1.0]
check 'CRFA201_YEAR_2018' 'CRFA201'
processXLS: only for SEM2 [u'CRFA201_YEAR_2018', u'CRFA201_YEAR_2017', u'CRFA201', u'CERAMICS:FINE ART II', u'NDFAF1', u'ND: FINE ART (4 YEARS)', u'11', u'YEAR', u'D1', u'Durban Campus Full-time', u'A', u'50010159:DA CRUZ;50000895:DE BEER;50000045:ROOME', 1.0]
[u'CRFA201_YEAR_2018', u'CRFA201_YEAR_2017', u'CRFA201', u'CERAMICS:FINE ART II', u'NDFAR2', u'ND: FINE ART', u'11', u'YEAR', u'D1', u'Durban Campus Full-time', u'A', u'50010159:DA CRUZ;50000895:DE BEER;50000045:ROOME', 5.0]
check 'CRFA201_YEAR_2018' 'CRFA201'
processXLS: only for SEM2 [u'CRFA201_YEAR_2018', u'CRFA201_YEAR_2017', u'CRFA201', u'CERAMICS:FINE ART II', u'NDFAR2', u'ND: FINE ART', u'11', u'YEAR', u'D1', u'Durban Campus Full-time', u'A', u'50010159:DA CRUZ;50000895:DE BEER;50000045:ROOME', 5.0]
[u'', u'', u'', u'', u'', u'', u'', u'', u'', u'', u'', u'', u'']
check '' ''
[u'DRFA201_YEAR_2018', u'DRFA201_YEAR_2017', u'DRFA201', u'DRAWING:FINE ART II', u'NDFAF1', u'ND: FINE ART (4 YEARS)', u'11', u'YEAR', u'D1', u'Durban Campus Full-time', u'A', u'40012611:Zindela;50000895:DE BEER;50000045:ROOME', 3.0]
check 'DRFA201_YEAR_2018' 'DRFA201'
processXLS: only for SEM2 [u'DRFA201_YEAR_2018', u'DRFA201_YEAR_2017', u'DRFA201', u'DRAWING:FINE ART II', u'NDFAF1', u'ND: FINE ART (4 YEARS)', u'11', u'YEAR', u'D1', u'Durban Campus Full-time', u'A', u'40012611:Zindela;50000895:DE BEER;50000045:ROOME', 3.0]
[u'DRFA201_YEAR_2018', u'DRFA201_YEAR_2017', u'DRFA201', u'DRAWING:FINE ART II', u'NDFAR2', u'ND: FINE ART', u'11', u'YEAR', u'D1', u'Durban Campus Full-time', u'A', u'40012611:Zindela;50000895:DE BEER;50000045:ROOME', 12.0]
check 'DRFA201_YEAR_2018' 'DRFA201'
processXLS: only for SEM2 [u'DRFA201_YEAR_2018', u'DRFA201_YEAR_2017', u'DRFA201', u'DRAWING:FINE ART II', u'NDFAR2', u'ND: FINE ART', u'11', u'YEAR', u'D1', u'Durban Campus Full-time', u'A', u'40012611:Zindela;50000895:DE BEER;50000045:ROOME', 12.0]
[u'', u'', u'', u'', u'', u'', u'', u'', u'', u'', u'', u'', u'']
check '' ''
[u'JDES202_YEAR_2018', u'JDES202_YEAR_2017', u'JDES202', u'JEWELLERY DESIGN II', u'NDJDF1', u'ND: JEWELLERY DES & MANUFACT (4 YEARS)', u'11', u'YEAR', u'D1', u'Durban Campus Full-time', u'A', u'50009583:VINCENT', 7.0]
check 'JDES202_YEAR_2018' 'JDES202'
processXLS: only for SEM2 [u'JDES202_YEAR_2018', u'JDES202_YEAR_2017', u'JDES202', u'JEWELLERY DESIGN II', u'NDJDF1', u'ND: JEWELLERY DES & MANUFACT (4 YEARS)', u'11', u'YEAR', u'D1', u'Durban Campus Full-time', u'A', u'50009583:VINCENT', 7.0]
[u'JDES202_YEAR_2018', u'JDES202_YEAR_2017', u'JDES202', u'JEWELLERY DESIGN II', u'NDJDM1', u'ND: JEWELLERY DESIGN AND MANUFACTURE', u'11', u'YEAR', u'D1', u'Durban Campus Full-time', u'A', u'50009583:VINCENT', 9.0]
check 'JDES202_YEAR_2018' 'JDES202'
processXLS: only for SEM2 [u'JDES202_YEAR_2018', u'JDES202_YEAR_2017', u'JDES202', u'JEWELLERY DESIGN II', u'NDJDM1', u'ND: JEWELLERY DESIGN AND MANUFACTURE', u'11', u'YEAR', u'D1', u'Durban Campus Full-time', u'A', u'50009583:VINCENT', 9.0]
[u'', u'', u'', u'', u'', u'', u'', u'', u'', u'', u'', u'', u'']
check '' ''
[u'JTEC201_YEAR_2018', u'JTEC201_YEAR_2017', u'JTEC201', u'JEWELLERY TECHNIQUES II', u'NDJDF1', u'ND: JEWELLERY DES & MANUFACT (4 YEARS)', u'11', u'YEAR', u'D1', u'Durban Campus Full-time', u'A', u'50009583:VINCENT', 7.0]
check 'JTEC201_YEAR_2018' 'JTEC201'
processXLS: only for SEM2 [u'JTEC201_YEAR_2018', u'JTEC201_YEAR_2017', u'JTEC201', u'JEWELLERY TECHNIQUES II', u'NDJDF1', u'ND: JEWELLERY DES & MANUFACT (4 YEARS)', u'11', u'YEAR', u'D1', u'Durban Campus Full-time', u'A', u'50009583:VINCENT', 7.0]
[u'JTEC201_YEAR_2018', u'JTEC201_YEAR_2017', u'JTEC201', u'JEWELLERY TECHNIQUES II', u'NDJDM1', u'ND: JEWELLERY DESIGN AND MANUFACTURE', u'11', u'YEAR', u'D1', u'Durban Campus Full-time', u'A', u'50009583:VINCENT', 9.0]
check 'JTEC201_YEAR_2018' 'JTEC201'
processXLS: only for SEM2 [u'JTEC201_YEAR_2018', u'JTEC201_YEAR_2017', u'JTEC201', u'JEWELLERY TECHNIQUES II', u'NDJDM1', u'ND: JEWELLERY DESIGN AND MANUFACTURE', u'11', u'YEAR', u'D1', u'Durban Campus Full-time', u'A', u'50009583:VINCENT', 9.0]
[u'', u'', u'', u'', u'', u'', u'', u'', u'', u'', u'', u'', u'']
check '' ''
[u'JTHY201_YEAR_2018', u'JTHY201_YEAR_2017', u'JTHY201', u'JEWELLERY THEORY II', u'NDJDF1', u'ND: JEWELLERY DES & MANUFACT (4 YEARS)', u'11', u'YEAR', u'D1', u'Durban Campus Full-time', u'A', u'50009583:VINCENT;40007741:Bestwick;50008836:DE BEER;50000895:DE BEER;40010692:STEWART', 7.0]
check 'JTHY201_YEAR_2018' 'JTHY201'
processXLS: only for SEM2 [u'JTHY201_YEAR_2018', u'JTHY201_YEAR_2017', u'JTHY201', u'JEWELLERY THEORY II', u'NDJDF1', u'ND: JEWELLERY DES & MANUFACT (4 YEARS)', u'11', u'YEAR', u'D1', u'Durban Campus Full-time', u'A', u'50009583:VINCENT;40007741:Bestwick;50008836:DE BEER;50000895:DE BEER;40010692:STEWART', 7.0]
[u'JTHY201_YEAR_2018', u'JTHY201_YEAR_2017', u'JTHY201', u'JEWELLERY THEORY II', u'NDJDM1', u'ND: JEWELLERY DESIGN AND MANUFACTURE', u'11', u'YEAR', u'D1', u'Durban Campus Full-time', u'A', u'50009583:VINCENT;40007741:Bestwick;50008836:DE BEER;50000895:DE BEER;40010692:STEWART', 9.0]
check 'JTHY201_YEAR_2018' 'JTHY201'
processXLS: only for SEM2 [u'JTHY201_YEAR_2018', u'JTHY201_YEAR_2017', u'JTHY201', u'JEWELLERY THEORY II', u'NDJDM1', u'ND: JEWELLERY DESIGN AND MANUFACTURE', u'11', u'YEAR', u'D1', u'Durban Campus Full-time', u'A', u'50009583:VINCENT;40007741:Bestwick;50008836:DE BEER;50000895:DE BEER;40010692:STEWART', 9.0]
[u'', u'', u'', u'', u'', u'', u'', u'', u'', u'', u'', u'', u'']
check '' ''
[u'PMKG202_YEAR_2018', u'PMKG202_YEAR_2017', u'PMKG202', u'PRINTMAKING II', u'NDFAR2', u'ND: FINE ART', u'11', u'YEAR', u'D1', u'Durban Campus Full-time', u'A', u'40010824:David Tshabalala;50000895:DE BEER', 6.0]
check 'PMKG202_YEAR_2018' 'PMKG202'
processXLS: only for SEM2 [u'PMKG202_YEAR_2018', u'PMKG202_YEAR_2017', u'PMKG202', u'PRINTMAKING II', u'NDFAR2', u'ND: FINE ART', u'11', u'YEAR', u'D1', u'Durban Campus Full-time', u'A', u'40010824:David Tshabalala;50000895:DE BEER', 6.0]
[u'', u'', u'', u'', u'', u'', u'', u'', u'', u'', u'', u'', u'']
check '' ''
[u'PTNG202_YEAR_2018', u'PTNG202_YEAR_2017', u'PTNG202', u'PAINTING II', u'NDFAF1', u'ND: FINE ART (4 YEARS)', u'11', u'YEAR', u'D1', u'Durban Campus Full-time', u'A', u'40004532:SHIBASE;50000895:DE BEER', 3.0]
check 'PTNG202_YEAR_2018' 'PTNG202'
processXLS: only for SEM2 [u'PTNG202_YEAR_2018', u'PTNG202_YEAR_2017', u'PTNG202', u'PAINTING II', u'NDFAF1', u'ND: FINE ART (4 YEARS)', u'11', u'YEAR', u'D1', u'Durban Campus Full-time', u'A', u'40004532:SHIBASE;50000895:DE BEER', 3.0]
[u'PTNG202_YEAR_2018', u'PTNG202_YEAR_2017', u'PTNG202', u'PAINTING II', u'NDFAR2', u'ND: FINE ART', u'11', u'YEAR', u'D1', u'Durban Campus Full-time', u'A', u'40004532:SHIBASE;50000895:DE BEER', 8.0]
check 'PTNG202_YEAR_2018' 'PTNG202'
processXLS: only for SEM2 [u'PTNG202_YEAR_2018', u'PTNG202_YEAR_2017', u'PTNG202', u'PAINTING II', u'NDFAR2', u'ND: FINE ART', u'11', u'YEAR', u'D1', u'Durban Campus Full-time', u'A', u'40004532:SHIBASE;50000895:DE BEER', 8.0]
[u'', u'', u'', u'', u'', u'', u'', u'', u'', u'', u'', u'', u'']
check '' ''
[u'SCLP202_YEAR_2018', u'SCLP202_YEAR_2017', u'SCLP202', u'SCULPTURE II', u'NDFAF1', u'ND: FINE ART (4 YEARS)', u'11', u'YEAR', u'D1', u'Durban Campus Full-time', u'A', u'50028535:STREAK;50000895:DE BEER', 2.0]
check 'SCLP202_YEAR_2018' 'SCLP202'
processXLS: only for SEM2 [u'SCLP202_YEAR_2018', u'SCLP202_YEAR_2017', u'SCLP202', u'SCULPTURE II', u'NDFAF1', u'ND: FINE ART (4 YEARS)', u'11', u'YEAR', u'D1', u'Durban Campus Full-time', u'A', u'50028535:STREAK;50000895:DE BEER', 2.0]
[u'SCLP202_YEAR_2018', u'SCLP202_YEAR_2017', u'SCLP202', u'SCULPTURE II', u'NDFAR2', u'ND: FINE ART', u'11', u'YEAR', u'D1', u'Durban Campus Full-time', u'A', u'50028535:STREAK;50000895:DE BEER', 8.0]
check 'SCLP202_YEAR_2018' 'SCLP202'
processXLS: only for SEM2 [u'SCLP202_YEAR_2018', u'SCLP202_YEAR_2017', u'SCLP202', u'SCULPTURE II', u'NDFAR2', u'ND: FINE ART', u'11', u'YEAR', u'D1', u'Durban Campus Full-time', u'A', u'50028535:STREAK;50000895:DE BEER', 8.0]
[u'', u'', u'', u'', u'', u'', u'', u'', u'', u'', u'', u'', u'']
check '' ''
[u'ARTT301_YEAR_2018', u'ARTT301_YEAR_2017', u'ARTT301', u'ART THEORY III', u'NDFAF1', u'ND: FINE ART (4 YEARS)', u'11', u'YEAR', u'D1', u'Durban Campus Full-time', u'A', u'40004532:SHIBASE;50000895:DE BEER', 6.0]
check 'ARTT301_YEAR_2018' 'ARTT301'
processXLS: only for SEM2 [u'ARTT301_YEAR_2018', u'ARTT301_YEAR_2017', u'ARTT301', u'ART THEORY III', u'NDFAF1', u'ND: FINE ART (4 YEARS)', u'11', u'YEAR', u'D1', u'Durban Campus Full-time', u'A', u'40004532:SHIBASE;50000895:DE BEER', 6.0]
[u'ARTT301_YEAR_2018', u'ARTT301_YEAR_2017', u'ARTT301', u'ART THEORY III', u'NDFAR2', u'ND: FINE ART', u'11', u'YEAR', u'D1', u'Durban Campus Full-time', u'A', u'40004532:SHIBASE;50000895:DE BEER', 16.0]
check 'ARTT301_YEAR_2018' 'ARTT301'
processXLS: only for SEM2 [u'ARTT301_YEAR_2018', u'ARTT301_YEAR_2017', u'ARTT301', u'ART THEORY III', u'NDFAR2', u'ND: FINE ART', u'11', u'YEAR', u'D1', u'Durban Campus Full-time', u'A', u'40004532:SHIBASE;50000895:DE BEER', 16.0]
[u'', u'', u'', u'', u'', u'', u'', u'', u'', u'', u'', u'', u'']
check '' ''
[u'CMFA301_YEAR_2018', u'CMFA301_YEAR_2017', u'CMFA301', u'COMMUNICATION III', u'NDFAF1', u'ND: FINE ART (4 YEARS)', u'11', u'YEAR', u'D1', u'Durban Campus Full-time', u'A', u'50028535:STREAK;40010523:NIXON;50000895:DE BEER', 6.0]
check 'CMFA301_YEAR_2018' 'CMFA301'
processXLS: only for SEM2 [u'CMFA301_YEAR_2018', u'CMFA301_YEAR_2017', u'CMFA301', u'COMMUNICATION III', u'NDFAF1', u'ND: FINE ART (4 YEARS)', u'11', u'YEAR', u'D1', u'Durban Campus Full-time', u'A', u'50028535:STREAK;40010523:NIXON;50000895:DE BEER', 6.0]
[u'CMFA301_YEAR_2018', u'CMFA301_YEAR_2017', u'CMFA301', u'COMMUNICATION III', u'NDFAR2', u'ND: FINE ART', u'11', u'YEAR', u'D1', u'Durban Campus Full-time', u'A', u'50028535:STREAK;40010523:NIXON;50000895:DE BEER', 15.0]
check 'CMFA301_YEAR_2018' 'CMFA301'
processXLS: only for SEM2 [u'CMFA301_YEAR_2018', u'CMFA301_YEAR_2017', u'CMFA301', u'COMMUNICATION III', u'NDFAR2', u'ND: FINE ART', u'11', u'YEAR', u'D1', u'Durban Campus Full-time', u'A', u'50028535:STREAK;40010523:NIXON;50000895:DE BEER', 15.0]
[u'', u'', u'', u'', u'', u'', u'', u'', u'', u'', u'', u'', u'']
check '' ''
[u'CRFA301_YEAR_2018', u'CRFA301_YEAR_2017', u'CRFA301', u'CERAMICS:FINE ART III', u'NDFAF1', u'ND: FINE ART (4 YEARS)', u'11', u'YEAR', u'D1', u'Durban Campus Full-time', u'A', u'50010159:DA CRUZ;50000895:DE BEER;', 5.0]
check 'CRFA301_YEAR_2018' 'CRFA301'
processXLS: only for SEM2 [u'CRFA301_YEAR_2018', u'CRFA301_YEAR_2017', u'CRFA301', u'CERAMICS:FINE ART III', u'NDFAF1', u'ND: FINE ART (4 YEARS)', u'11', u'YEAR', u'D1', u'Durban Campus Full-time', u'A', u'50010159:DA CRUZ;50000895:DE BEER;', 5.0]
[u'CRFA301_YEAR_2018', u'CRFA301_YEAR_2017', u'CRFA301', u'CERAMICS:FINE ART III', u'NDFAR2', u'ND: FINE ART', u'11', u'YEAR', u'D1', u'Durban Campus Full-time', u'A', u'50010159:DA CRUZ;50000895:DE BEER', 10.0]
check 'CRFA301_YEAR_2018' 'CRFA301'
processXLS: only for SEM2 [u'CRFA301_YEAR_2018', u'CRFA301_YEAR_2017', u'CRFA301', u'CERAMICS:FINE ART III', u'NDFAR2', u'ND: FINE ART', u'11', u'YEAR', u'D1', u'Durban Campus Full-time', u'A', u'50010159:DA CRUZ;50000895:DE BEER', 10.0]
[u'', u'', u'', u'', u'', u'', u'', u'', u'', u'', u'', u'', u'']
check '' ''
[u'DRFA301_YEAR_2018', u'DRFA301_YEAR_2017', u'DRFA301', u'DRAWING:FINE ART III', u'NDFAF1', u'ND: FINE ART (4 YEARS)', u'11', u'YEAR', u'D1', u'Durban Campus Full-time', u'A', u'40012611:Zindela;50000895:DE BEER;', 5.0]
check 'DRFA301_YEAR_2018' 'DRFA301'
processXLS: only for SEM2 [u'DRFA301_YEAR_2018', u'DRFA301_YEAR_2017', u'DRFA301', u'DRAWING:FINE ART III', u'NDFAF1', u'ND: FINE ART (4 YEARS)', u'11', u'YEAR', u'D1', u'Durban Campus Full-time', u'A', u'40012611:Zindela;50000895:DE BEER;', 5.0]
[u'DRFA301_YEAR_2018', u'DRFA301_YEAR_2017', u'DRFA301', u'DRAWING:FINE ART III', u'NDFAR2', u'ND: FINE ART', u'11', u'YEAR', u'D1', u'Durban Campus Full-time', u'A', u'40012611:Zindela;50000895:DE BEER;', 19.0]
check 'DRFA301_YEAR_2018' 'DRFA301'
processXLS: only for SEM2 [u'DRFA301_YEAR_2018', u'DRFA301_YEAR_2017', u'DRFA301', u'DRAWING:FINE ART III', u'NDFAR2', u'ND: FINE ART', u'11', u'YEAR', u'D1', u'Durban Campus Full-time', u'A', u'40012611:Zindela;50000895:DE BEER;', 19.0]
[u'', u'', u'', u'', u'', u'', u'', u'', u'', u'', u'', u'', u'']
check '' ''
[u'JDES302_YEAR_2018', u'JDES302_YEAR_2017', u'JDES302', u'JEWELLERY DESIGN III', u'NDJDF1', u'ND: JEWELLERY DES & MANUFACT (4 YEARS)', u'11', u'YEAR', u'D1', u'Durban Campus Full-time', u'A', u'50008836:DE BEER', 5.0]
check 'JDES302_YEAR_2018' 'JDES302'
processXLS: only for SEM2 [u'JDES302_YEAR_2018', u'JDES302_YEAR_2017', u'JDES302', u'JEWELLERY DESIGN III', u'NDJDF1', u'ND: JEWELLERY DES & MANUFACT (4 YEARS)', u'11', u'YEAR', u'D1', u'Durban Campus Full-time', u'A', u'50008836:DE BEER', 5.0]
[u'JDES302_YEAR_2018', u'JDES302_YEAR_2017', u'JDES302', u'JEWELLERY DESIGN III', u'NDJDM1', u'ND: JEWELLERY DESIGN AND MANUFACTURE', u'11', u'YEAR', u'D1', u'Durban Campus Full-time', u'A', u'50008836:DE BEER', 7.0]
check 'JDES302_YEAR_2018' 'JDES302'
processXLS: only for SEM2 [u'JDES302_YEAR_2018', u'JDES302_YEAR_2017', u'JDES302', u'JEWELLERY DESIGN III', u'NDJDM1', u'ND: JEWELLERY DESIGN AND MANUFACTURE', u'11', u'YEAR', u'D1', u'Durban Campus Full-time', u'A', u'50008836:DE BEER', 7.0]
[u'', u'', u'', u'', u'', u'', u'', u'', u'', u'', u'', u'', u'']
check '' ''
[u'JTEC301_YEAR_2018', u'JTEC301_YEAR_2017', u'JTEC301', u'JEWELLERY TECHNIQUES III', u'NDJDF1', u'ND: JEWELLERY DES & MANUFACT (4 YEARS)', u'11', u'YEAR', u'D1', u'Durban Campus Full-time', u'A', u'50008836:DE BEER', 5.0]
check 'JTEC301_YEAR_2018' 'JTEC301'
processXLS: only for SEM2 [u'JTEC301_YEAR_2018', u'JTEC301_YEAR_2017', u'JTEC301', u'JEWELLERY TECHNIQUES III', u'NDJDF1', u'ND: JEWELLERY DES & MANUFACT (4 YEARS)', u'11', u'YEAR', u'D1', u'Durban Campus Full-time', u'A', u'50008836:DE BEER', 5.0]
[u'JTEC301_YEAR_2018', u'JTEC301_YEAR_2017', u'JTEC301', u'JEWELLERY TECHNIQUES III', u'NDJDM1', u'ND: JEWELLERY DESIGN AND MANUFACTURE', u'11', u'YEAR', u'D1', u'Durban Campus Full-time', u'A', u'50008836:DE BEER', 7.0]
check 'JTEC301_YEAR_2018' 'JTEC301'
processXLS: only for SEM2 [u'JTEC301_YEAR_2018', u'JTEC301_YEAR_2017', u'JTEC301', u'JEWELLERY TECHNIQUES III', u'NDJDM1', u'ND: JEWELLERY DESIGN AND MANUFACTURE', u'11', u'YEAR', u'D1', u'Durban Campus Full-time', u'A', u'50008836:DE BEER', 7.0]
[u'', u'', u'', u'', u'', u'', u'', u'', u'', u'', u'', u'', u'']
check '' ''
[u'JTHY301_YEAR_2018', u'JTHY301_YEAR_2017', u'JTHY301', u'JEWELLERY THEORY III', u'NDJDF1', u'ND: JEWELLERY DES & MANUFACT (4 YEARS)', u'11', u'YEAR', u'D1', u'Durban Campus Full-time', u'A', u'50009583:VINCENT;40007741:Bestwick;50008836:DE BEER;50000895:DE BEER', 4.0]
check 'JTHY301_YEAR_2018' 'JTHY301'
processXLS: only for SEM2 [u'JTHY301_YEAR_2018', u'JTHY301_YEAR_2017', u'JTHY301', u'JEWELLERY THEORY III', u'NDJDF1', u'ND: JEWELLERY DES & MANUFACT (4 YEARS)', u'11', u'YEAR', u'D1', u'Durban Campus Full-time', u'A', u'50009583:VINCENT;40007741:Bestwick;50008836:DE BEER;50000895:DE BEER', 4.0]
[u'JTHY301_YEAR_2018', u'JTHY301_YEAR_2017', u'JTHY301', u'JEWELLERY THEORY III', u'NDJDM1', u'ND: JEWELLERY DESIGN AND MANUFACTURE', u'11', u'YEAR', u'D1', u'Durban Campus Full-time', u'A', u'50009583:VINCENT;40007741:Bestwick;50008836:DE BEER;50000895:DE BEER', 7.0]
check 'JTHY301_YEAR_2018' 'JTHY301'
processXLS: only for SEM2 [u'JTHY301_YEAR_2018', u'JTHY301_YEAR_2017', u'JTHY301', u'JEWELLERY THEORY III', u'NDJDM1', u'ND: JEWELLERY DESIGN AND MANUFACTURE', u'11', u'YEAR', u'D1', u'Durban Campus Full-time', u'A', u'50009583:VINCENT;40007741:Bestwick;50008836:DE BEER;50000895:DE BEER', 7.0]
[u'', u'', u'', u'', u'', u'', u'', u'', u'', u'', u'', u'', u'']
check '' ''
[u'PMKG302_YEAR_2018', u'PMKG302_YEAR_2017', u'PMKG302', u'PRINTMAKING III', u'NDFAF1', u'ND: FINE ART (4 YEARS)', u'11', u'YEAR', u'D1', u'Durban Campus Full-time', u'A', u'40010824:David Tshabalala;50000895:DE BEER', 2.0]
check 'PMKG302_YEAR_2018' 'PMKG302'
processXLS: only for SEM2 [u'PMKG302_YEAR_2018', u'PMKG302_YEAR_2017', u'PMKG302', u'PRINTMAKING III', u'NDFAF1', u'ND: FINE ART (4 YEARS)', u'11', u'YEAR', u'D1', u'Durban Campus Full-time', u'A', u'40010824:David Tshabalala;50000895:DE BEER', 2.0]
[u'PMKG302_YEAR_2018', u'PMKG302_YEAR_2017', u'PMKG302', u'PRINTMAKING III', u'NDFAR2', u'ND: FINE ART', u'11', u'YEAR', u'D1', u'Durban Campus Full-time', u'A', u'40010824:David Tshabalala;50000895:DE BEER', 11.0]
check 'PMKG302_YEAR_2018' 'PMKG302'
processXLS: only for SEM2 [u'PMKG302_YEAR_2018', u'PMKG302_YEAR_2017', u'PMKG302', u'PRINTMAKING III', u'NDFAR2', u'ND: FINE ART', u'11', u'YEAR', u'D1', u'Durban Campus Full-time', u'A', u'40010824:David Tshabalala;50000895:DE BEER', 11.0]
[u'', u'', u'', u'', u'', u'', u'', u'', u'', u'', u'', u'', u'']
check '' ''
[u'PTNG302_YEAR_2018', u'PTNG302_YEAR_2017', u'PTNG302', u'PAINTING III', u'NDFAF1', u'ND: FINE ART (4 YEARS)', u'11', u'YEAR', u'D1', u'Durban Campus Full-time', u'A', u'40004532:SHIBASE;50000895:DE BEER', 3.0]
check 'PTNG302_YEAR_2018' 'PTNG302'
processXLS: only for SEM2 [u'PTNG302_YEAR_2018', u'PTNG302_YEAR_2017', u'PTNG302', u'PAINTING III', u'NDFAF1', u'ND: FINE ART (4 YEARS)', u'11', u'YEAR', u'D1', u'Durban Campus Full-time', u'A', u'40004532:SHIBASE;50000895:DE BEER', 3.0]
[u'PTNG302_YEAR_2018', u'PTNG302_YEAR_2017', u'PTNG302', u'PAINTING III', u'NDFAR2', u'ND: FINE ART', u'11', u'YEAR', u'D1', u'Durban Campus Full-time', u'A', u'40004532:SHIBASE;50000895:DE BEER', 6.0]
check 'PTNG302_YEAR_2018' 'PTNG302'
processXLS: only for SEM2 [u'PTNG302_YEAR_2018', u'PTNG302_YEAR_2017', u'PTNG302', u'PAINTING III', u'NDFAR2', u'ND: FINE ART', u'11', u'YEAR', u'D1', u'Durban Campus Full-time', u'A', u'40004532:SHIBASE;50000895:DE BEER', 6.0]
[u'', u'', u'', u'', u'', u'', u'', u'', u'', u'', u'', u'', u'']
check '' ''
[u'SCLP302_YEAR_2018', u'SCLP302_YEAR_2017', u'SCLP302', u'SCULPTURE III', u'NDFAF1', u'ND: FINE ART (4 YEARS)', u'11', u'YEAR', u'D1', u'Durban Campus Full-time', u'A', u'50028535:STREAK;50000895:DE BEER', 1.0]
check 'SCLP302_YEAR_2018' 'SCLP302'
processXLS: only for SEM2 [u'SCLP302_YEAR_2018', u'SCLP302_YEAR_2017', u'SCLP302', u'SCULPTURE III', u'NDFAF1', u'ND: FINE ART (4 YEARS)', u'11', u'YEAR', u'D1', u'Durban Campus Full-time', u'A', u'50028535:STREAK;50000895:DE BEER', 1.0]
[u'SCLP302_YEAR_2018', u'SCLP302_YEAR_2017', u'SCLP302', u'SCULPTURE III', u'NDFAR2', u'ND: FINE ART', u'11', u'YEAR', u'D1', u'Durban Campus Full-time', u'A', u'50028535:STREAK;50000895:DE BEER', 7.0]
check 'SCLP302_YEAR_2018' 'SCLP302'
processXLS: only for SEM2 [u'SCLP302_YEAR_2018', u'SCLP302_YEAR_2017', u'SCLP302', u'SCULPTURE III', u'NDFAR2', u'ND: FINE ART', u'11', u'YEAR', u'D1', u'Durban Campus Full-time', u'A', u'50028535:STREAK;50000895:DE BEER', 7.0]
[u'', u'', u'', u'', u'', u'', u'', u'', u'', u'', u'', u'', u'']
check '' ''
[u'ARTT401_YEAR_2018', u'ARTT401_YEAR_2017', u'ARTT401', u'ART THEORY IV', u'BTFAR1', u'BT: FINE ART', u'11', u'YEAR', u'D1', u'Durban Campus Full-time', u'A', u'50000895:DE BEER', 11.0]
check 'ARTT401_YEAR_2018' 'ARTT401'
processXLS: only for SEM2 [u'ARTT401_YEAR_2018', u'ARTT401_YEAR_2017', u'ARTT401', u'ART THEORY IV', u'BTFAR1', u'BT: FINE ART', u'11', u'YEAR', u'D1', u'Durban Campus Full-time', u'A', u'50000895:DE BEER', 11.0]
[u'', u'', u'', u'', u'', u'', u'', u'', u'', u'', u'', u'', u'']
check '' ''
[u'ARTT411_YEAR_2018', u'ARTT411_YEAR_2017', u'ARTT411', u'ART THEORY IV (SUCCESSIVE REG)', u'BTFAR1', u'BT: FINE ART', u'11', u'YEAR', u'D3', u'Durban Campus Part-time', u'A', u'50000895:DE BEER', 2.0]
check 'ARTT411_YEAR_2018' 'ARTT411'
processXLS: only for SEM2 [u'ARTT411_YEAR_2018', u'ARTT411_YEAR_2017', u'ARTT411', u'ART THEORY IV (SUCCESSIVE REG)', u'BTFAR1', u'BT: FINE ART', u'11', u'YEAR', u'D3', u'Durban Campus Part-time', u'A', u'50000895:DE BEER', 2.0]
[u'', u'', u'', u'', u'', u'', u'', u'', u'', u'', u'', u'', u'']
check '' ''
[u'CRFA401_YEAR_2018', u'CRFA401_YEAR_2017', u'CRFA401', u'CERAMICS:FINE ART IV', u'BTFAR1', u'BT: FINE ART', u'11', u'YEAR', u'D1', u'Durban Campus Full-time', u'A', u'50000895:DE BEER', 1.0]
check 'CRFA401_YEAR_2018' 'CRFA401'
processXLS: only for SEM2 [u'CRFA401_YEAR_2018', u'CRFA401_YEAR_2017', u'CRFA401', u'CERAMICS:FINE ART IV', u'BTFAR1', u'BT: FINE ART', u'11', u'YEAR', u'D1', u'Durban Campus Full-time', u'A', u'50000895:DE BEER', 1.0]
[u'', u'', u'', u'', u'', u'', u'', u'', u'', u'', u'', u'', u'']
check '' ''
[u'JTHY401_YEAR_2018', u'JTHY401_YEAR_2017', u'JTHY401', u'JEWELLERY THEORY IV', u'BTJDM1', u'BT: JEWELLERY DESIGN AND MANUFACTURE', u'11', u'YEAR', u'D1', u'Durban Campus Full-time', u'A', u'50008836:DE BEER;50000895:DE BEER', 1.0]
check 'JTHY401_YEAR_2018' 'JTHY401'
processXLS: only for SEM2 [u'JTHY401_YEAR_2018', u'JTHY401_YEAR_2017', u'JTHY401', u'JEWELLERY THEORY IV', u'BTJDM1', u'BT: JEWELLERY DESIGN AND MANUFACTURE', u'11', u'YEAR', u'D1', u'Durban Campus Full-time', u'A', u'50008836:DE BEER;50000895:DE BEER', 1.0]
[u'JTHY401_YEAR_2018', u'JTHY401_YEAR_2017', u'JTHY401', u'JEWELLERY THEORY IV', u'BTJDM1', u'BT: JEWELLERY DESIGN AND MANUFACTURE', u'11', u'YEAR', u'D3', u'Durban Campus Part-time', u'A', u'50008836:DE BEER;50000895:DE BEER', 4.0]
check 'JTHY401_YEAR_2018' 'JTHY401'
processXLS: only for SEM2 [u'JTHY401_YEAR_2018', u'JTHY401_YEAR_2017', u'JTHY401', u'JEWELLERY THEORY IV', u'BTJDM1', u'BT: JEWELLERY DESIGN AND MANUFACTURE', u'11', u'YEAR', u'D3', u'Durban Campus Part-time', u'A', u'50008836:DE BEER;50000895:DE BEER', 4.0]
[u'', u'', u'', u'', u'', u'', u'', u'', u'', u'', u'', u'', u'']
check '' ''
[u'JWDM401_YEAR_2018', u'JWDM401_YEAR_2017', u'JWDM401', u'JEWELLERY DESIGN AND MANUFACTURE IV', u'BTJDM1', u'BT: JEWELLERY DESIGN AND MANUFACTURE', u'11', u'YEAR', u'D1', u'Durban Campus Full-time', u'A', u'50000895:DE BEER', 1.0]
check 'JWDM401_YEAR_2018' 'JWDM401'
processXLS: only for SEM2 [u'JWDM401_YEAR_2018', u'JWDM401_YEAR_2017', u'JWDM401', u'JEWELLERY DESIGN AND MANUFACTURE IV', u'BTJDM1', u'BT: JEWELLERY DESIGN AND MANUFACTURE', u'11', u'YEAR', u'D1', u'Durban Campus Full-time', u'A', u'50000895:DE BEER', 1.0]
[u'JWDM401_YEAR_2018', u'JWDM401_YEAR_2017', u'JWDM401', u'JEWELLERY DESIGN AND MANUFACTURE IV', u'BTJDM1', u'BT: JEWELLERY DESIGN AND MANUFACTURE', u'11', u'YEAR', u'D3', u'Durban Campus Part-time', u'A', u'50000895:DE BEER', 4.0]
check 'JWDM401_YEAR_2018' 'JWDM401'
processXLS: only for SEM2 [u'JWDM401_YEAR_2018', u'JWDM401_YEAR_2017', u'JWDM401', u'JEWELLERY DESIGN AND MANUFACTURE IV', u'BTJDM1', u'BT: JEWELLERY DESIGN AND MANUFACTURE', u'11', u'YEAR', u'D3', u'Durban Campus Part-time', u'A', u'50000895:DE BEER', 4.0]
[u'', u'', u'', u'', u'', u'', u'', u'', u'', u'', u'', u'', u'']
check '' ''
[u'PMKG401_YEAR_2018', u'PMKG401_YEAR_2017', u'PMKG401', u'PRINTMAKING IV', u'BTFAR1', u'BT: FINE ART', u'11', u'YEAR', u'D1', u'Durban Campus Full-time', u'A', u'50000895:DeBeer', 3.0]
check 'PMKG401_YEAR_2018' 'PMKG401'
processXLS: only for SEM2 [u'PMKG401_YEAR_2018', u'PMKG401_YEAR_2017', u'PMKG401', u'PRINTMAKING IV', u'BTFAR1', u'BT: FINE ART', u'11', u'YEAR', u'D1', u'Durban Campus Full-time', u'A', u'50000895:DeBeer', 3.0]
[u'', u'', u'', u'', u'', u'', u'', u'', u'', u'', u'', u'', u'']
check '' ''
[u'PTNG401_YEAR_2018', u'PTNG401_YEAR_2017', u'PTNG401', u'PAINTING IV', u'BTFAR1', u'BT: FINE ART', u'11', u'YEAR', u'D1', u'Durban Campus Full-time', u'A', u'50000895:DE BEER;40004532:SHIBASE', 5.0]
check 'PTNG401_YEAR_2018' 'PTNG401'
processXLS: only for SEM2 [u'PTNG401_YEAR_2018', u'PTNG401_YEAR_2017', u'PTNG401', u'PAINTING IV', u'BTFAR1', u'BT: FINE ART', u'11', u'YEAR', u'D1', u'Durban Campus Full-time', u'A', u'50000895:DE BEER;40004532:SHIBASE', 5.0]
[u'', u'', u'', u'', u'', u'', u'', u'', u'', u'', u'', u'', u'']
check '' ''
[u'PTNG411_YEAR_2018', u'PTNG411_YEAR_2017', u'PTNG411', u'PAINTING IV (SUCCESSIVE REG)', u'BTFAR1', u'BT: FINE ART', u'11', u'YEAR', u'D3', u'Durban Campus Part-time', u'A', u'50000895:DeBeer', 1.0]
check 'PTNG411_YEAR_2018' 'PTNG411'
processXLS: only for SEM2 [u'PTNG411_YEAR_2018', u'PTNG411_YEAR_2017', u'PTNG411', u'PAINTING IV (SUCCESSIVE REG)', u'BTFAR1', u'BT: FINE ART', u'11', u'YEAR', u'D3', u'Durban Campus Part-time', u'A', u'50000895:DeBeer', 1.0]
[u'', u'', u'', u'', u'', u'', u'', u'', u'', u'', u'', u'', u'']
check '' ''
[u'SCLP401_YEAR_2018', u'SCLP401_YEAR_2017', u'SCLP401', u'SCULPTURE IV', u'BTFAR1', u'BT: FINE ART', u'11', u'YEAR', u'D1', u'Durban Campus Full-time', u'A', u'50028535:STREAK;50000895:DE BEER', 2.0]
check 'SCLP401_YEAR_2018' 'SCLP401'
processXLS: only for SEM2 [u'SCLP401_YEAR_2018', u'SCLP401_YEAR_2017', u'SCLP401', u'SCULPTURE IV', u'BTFAR1', u'BT: FINE ART', u'11', u'YEAR', u'D1', u'Durban Campus Full-time', u'A', u'50028535:STREAK;50000895:DE BEER', 2.0]
[u'', u'', u'', u'', u'', u'', u'', u'', u'', u'', u'', u'', u'']
check '' ''
[u'SCLP411_YEAR_2018', u'SCLP411_YEAR_2017', u'SCLP411', u'SCULPTURE IV (SUCCESSIVE REG)', u'BTFAR1', u'BT: FINE ART', u'11', u'YEAR', u'D3', u'Durban Campus Part-time', u'A', u'50000895:DeBeer', 1.0]
check 'SCLP411_YEAR_2018' 'SCLP411'
processXLS: only for SEM2 [u'SCLP411_YEAR_2018', u'SCLP411_YEAR_2017', u'SCLP411', u'SCULPTURE IV (SUCCESSIVE REG)', u'BTFAR1', u'BT: FINE ART', u'11', u'YEAR', u'D3', u'Durban Campus Part-time', u'A', u'50000895:DeBeer', 1.0]
[u'', u'', u'', u'', u'', u'', u'', u'', u'', u'', u'', u'', u'']
check '' ''
[u'RPAF502_YEAR_2018', u'RPAF502_YEAR_2017', u'RPAF502', u'RESEARCH PROJECT AND DISSERTATION (YR 1 : FUL', u'MSFAR1', u'MASTER OF FINE ART', u'11', u'YEAR', u'D1', u'Durban Campus Full-time', u'A', u'50000895:DE BEER', 1.0]
check 'RPAF502_YEAR_2018' 'RPAF502'
processXLS: only for SEM2 [u'RPAF502_YEAR_2018', u'RPAF502_YEAR_2017', u'RPAF502', u'RESEARCH PROJECT AND DISSERTATION (YR 1 : FUL', u'MSFAR1', u'MASTER OF FINE ART', u'11', u'YEAR', u'D1', u'Durban Campus Full-time', u'A', u'50000895:DE BEER', 1.0]
[u'RPAF502_YEAR_2018', u'RPAF502_YEAR_2017', u'RPAF502', u'RESEARCH PROJECT AND DISSERTATION (YR 1 : FUL', u'MTFAR1', u'MT: FINE ART', u'11', u'YEAR', u'D1', u'Durban Campus Full-time', u'A', u'50000895:DE BEER', 2.0]
check 'RPAF502_YEAR_2018' 'RPAF502'
processXLS: only for SEM2 [u'RPAF502_YEAR_2018', u'RPAF502_YEAR_2017', u'RPAF502', u'RESEARCH PROJECT AND DISSERTATION (YR 1 : FUL', u'MTFAR1', u'MT: FINE ART', u'11', u'YEAR', u'D1', u'Durban Campus Full-time', u'A', u'50000895:DE BEER', 2.0]
[u'RPAF502_YEAR_2018', u'RPAF502_YEAR_2017', u'RPAF502', u'RESEARCH PROJECT AND DISSERTATION (YR 1 : FUL', u'MTFAR1', u'MT: FINE ART', u'11', u'YEAR', u'D3', u'Durban Campus Part-time', u'A', u'50000895:DE BEER', 5.0]
check 'RPAF502_YEAR_2018' 'RPAF502'
processXLS: only for SEM2 [u'RPAF502_YEAR_2018', u'RPAF502_YEAR_2017', u'RPAF502', u'RESEARCH PROJECT AND DISSERTATION (YR 1 : FUL', u'MTFAR1', u'MT: FINE ART', u'11', u'YEAR', u'D3', u'Durban Campus Part-time', u'A', u'50000895:DE BEER', 5.0]
[u'RPAF502_YEAR_2018', u'RPAF502_YEAR_2017', u'RPAF502', u'RESEARCH PROJECT AND DISSERTATION (YR 1 : FUL', u'MSFAR1', u'MASTER OF FINE ART', u'P0', u'POST-GRAD ANNUAL REGISTRATIONS', u'D1', u'Durban Campus Full-time', u'A', u'50000895:DE BEER', 1.0]
check 'RPAF502_YEAR_2018' 'RPAF502'
processXLS: only for SEM2 [u'RPAF502_YEAR_2018', u'RPAF502_YEAR_2017', u'RPAF502', u'RESEARCH PROJECT AND DISSERTATION (YR 1 : FUL', u'MSFAR1', u'MASTER OF FINE ART', u'P0', u'POST-GRAD ANNUAL REGISTRATIONS', u'D1', u'Durban Campus Full-time', u'A', u'50000895:DE BEER', 1.0]
[u'RPAF502_YEAR_2018', u'RPAF502_YEAR_2017', u'RPAF502', u'RESEARCH PROJECT AND DISSERTATION (YR 1 : FUL', u'MTFAR1', u'MT: FINE ART', u'P0', u'POST-GRAD ANNUAL REGISTRATIONS', u'D1', u'Durban Campus Full-time', u'A', u'50000895:DE BEER', 2.0]
check 'RPAF502_YEAR_2018' 'RPAF502'
processXLS: only for SEM2 [u'RPAF502_YEAR_2018', u'RPAF502_YEAR_2017', u'RPAF502', u'RESEARCH PROJECT AND DISSERTATION (YR 1 : FUL', u'MTFAR1', u'MT: FINE ART', u'P0', u'POST-GRAD ANNUAL REGISTRATIONS', u'D1', u'Durban Campus Full-time', u'A', u'50000895:DE BEER', 2.0]
[u'', u'', u'', u'', u'', u'', u'', u'', u'', u'', u'', u'', u'']
check '' ''
[u'RPAF512_YEAR_2018', u'RPAF512_YEAR_2017', u'RPAF512', u'RESEARCH PROJECT AND DISSERTATION (1ST REGIST', u'MSFAR1', u'MASTER OF FINE ART', u'11', u'YEAR', u'D1', u'Durban Campus Full-time', u'A', u'50000895:DE BEER', 1.0]
check 'RPAF512_YEAR_2018' 'RPAF512'
processXLS: only for SEM2 [u'RPAF512_YEAR_2018', u'RPAF512_YEAR_2017', u'RPAF512', u'RESEARCH PROJECT AND DISSERTATION (1ST REGIST', u'MSFAR1', u'MASTER OF FINE ART', u'11', u'YEAR', u'D1', u'Durban Campus Full-time', u'A', u'50000895:DE BEER', 1.0]
[u'', u'', u'', u'', u'', u'', u'', u'', u'', u'', u'', u'', u'']
check '' ''
[u'RPAF522_YEAR_2018', u'RPAF522_YEAR_2017', u'RPAF522', u'RESEARCH PROJECT AND DISSERTATION(SUCCESSIVE)', u'MSFAR1', u'MASTER OF FINE ART', u'11', u'YEAR', u'D1', u'Durban Campus Full-time', u'A', u'50000895:DE BEER', 1.0]
check 'RPAF522_YEAR_2018' 'RPAF522'
processXLS: only for SEM2 [u'RPAF522_YEAR_2018', u'RPAF522_YEAR_2017', u'RPAF522', u'RESEARCH PROJECT AND DISSERTATION(SUCCESSIVE)', u'MSFAR1', u'MASTER OF FINE ART', u'11', u'YEAR', u'D1', u'Durban Campus Full-time', u'A', u'50000895:DE BEER', 1.0]
[u'RPAF522_YEAR_2018', u'RPAF522_YEAR_2017', u'RPAF522', u'RESEARCH PROJECT AND DISSERTATION(SUCCESSIVE)', u'MTFAR1', u'MT: FINE ART', u'11', u'YEAR', u'D1', u'Durban Campus Full-time', u'A', u'50000895:DE BEER', 1.0]
check 'RPAF522_YEAR_2018' 'RPAF522'
processXLS: only for SEM2 [u'RPAF522_YEAR_2018', u'RPAF522_YEAR_2017', u'RPAF522', u'RESEARCH PROJECT AND DISSERTATION(SUCCESSIVE)', u'MTFAR1', u'MT: FINE ART', u'11', u'YEAR', u'D1', u'Durban Campus Full-time', u'A', u'50000895:DE BEER', 1.0]
[u'', u'', u'', u'', u'', u'', u'', u'', u'', u'', u'', u'', u'']
check '' ''
[u'RPFA511_YEAR_2018', u'RPFA511_YEAR_2017', u'RPFA511', u'RESEARCH PROJECT AND DISSERTATION (1ST REG)', u'MSFAR1', u'MASTER OF FINE ART', u'P0', u'POST-GRAD ANNUAL REGISTRATIONS', u'D1', u'Durban Campus Full-time', u'A', u'50000895:DeBeer', 1.0]
check 'RPFA511_YEAR_2018' 'RPFA511'
processXLS: only for SEM2 [u'RPFA511_YEAR_2018', u'RPFA511_YEAR_2017', u'RPFA511', u'RESEARCH PROJECT AND DISSERTATION (1ST REG)', u'MSFAR1', u'MASTER OF FINE ART', u'P0', u'POST-GRAD ANNUAL REGISTRATIONS', u'D1', u'Durban Campus Full-time', u'A', u'50000895:DeBeer', 1.0]
[u'', u'', u'', u'', u'', u'', u'', u'', u'', u'', u'', u'', u'']
check '' ''
[u'TXMT101_SEM2_2018', u'TXMT101_SEM2_2017', u'TXMT101', u'TXMT101: TEXTILE MATERIALS II 2017', u'DITXT1', u'DIPLOMA IN TEXTILE TECHNOLOGY', 22.0, u'SEMESTER 2', u'D1', u'Durban Campus Full-time', u'A', u'50001388:JUDD', 1.0]
check 'TXMT101_SEM2_2018' 'TXMT101'
processXLS: only for SEM2 [u'TXMT101_SEM2_2018', u'TXMT101_SEM2_2017', u'TXMT101', u'TXMT101: TEXTILE MATERIALS II 2017', u'DITXT1', u'DIPLOMA IN TEXTILE TECHNOLOGY', 22.0, u'SEMESTER 2', u'D1', u'Durban Campus Full-time', u'A', u'50001388:JUDD', 1.0]
[u'', u'', u'', u'', u'', u'', u'', u'', u'', u'', u'', u'', u'']
check '' ''
[u'JWMA101_SEM1_2018', u'JWMA101_SEM1_2017', u'JWMA101', u'MANUFACTURE 1A - 2018', u'DIJDM1', u'DIMLOMA IN JEWELLERY DESIGN AND MANUFACTURE', u'21', u'SEMESTER 1', u'D1', u'Durban Campus Full-time', u'A', u'50000895:DeBeer;40009765:BALENI;50009583:VINCENT', 3.0]
check 'JWMA101_SEM1_2018' 'JWMA101'
processXLS: only for SEM2 [u'JWMA101_SEM1_2018', u'JWMA101_SEM1_2017', u'JWMA101', u'MANUFACTURE 1A - 2018', u'DIJDM1', u'DIMLOMA IN JEWELLERY DESIGN AND MANUFACTURE', u'21', u'SEMESTER 1', u'D1', u'Durban Campus Full-time', u'A', u'50000895:DeBeer;40009765:BALENI;50009583:VINCENT', 3.0]
[u'', u'', u'', u'', u'', u'', u'', u'', u'', u'', u'', u'', u'']
check '' ''
[u'JDDB101_SEM2_2018', u'JDDA101_YEAR_2017', u'JDDB101', u'DESIGN AND DRAWING 1B - 2018', u'DIJDM1', u'DIMLOMA IN JEWELLERY DESIGN AND MANUFACTURE', u'22', u'SEMESTER 2', u'D1', u'Durban Campus Full-time', u'A', u'50000895:DeBeer;40009765:BALENI;50010384:SAVAGE;50009583:VINCENT', 4.0]
check 'JDDB101_SEM2_2018' 'JDDB101'
adding  JDDB101
requesting:  http://10.0.100.98:8000/bbinfo/matching_courses/JDDB101%25
r= <Response [200]>
matching classes= set([u'JDDB101_SEM2_2018'])
[u'JTPB101_SEM2_2018', u'JTPA101_YEAR_2017', u'JTPB101', u'THEORY AND PRACTICE 1B - 2018', u'DIJDM1', u'DIMLOMA IN JEWELLERY DESIGN AND MANUFACTURE', u'22', u'SEMESTER 2', u'D1', u'Durban Campus Full-time', u'A', u'50000895:DeBeer;40009765:BALENI;50009583:VINCENT', 3.0]
check 'JTPB101_SEM2_2018' 'JTPB101'
adding  JTPB101
requesting:  http://10.0.100.98:8000/bbinfo/matching_courses/JTPB101%25
r= <Response [200]>
matching classes= set([u'JTPB101_SEM2_2018'])
[u'JWMB101_SEM2_2018', u'JWMB101_SEM2_2017', u'JWMB101', u'MANUFACTURE 1B - 2018', u'DIJDM1', u'DIMLOMA IN JEWELLERY DESIGN AND MANUFACTURE', u'22', u'SEMESTER 2', u'D1', u'Durban Campus Full-time', u'A', u'50000895:DeBeer;40009765:BALENI;50009583:VINCENT', 3.0]
check 'JWMB101_SEM2_2018' 'JWMB101'
adding  JWMB101
requesting:  http://10.0.100.98:8000/bbinfo/matching_courses/JWMB101%25
r= <Response [200]>
matching classes= set([u'JWMB101_SEM2_2018'])
[u'', u'', u'', u'', u'', u'', u'', u'', u'', u'', u'', u'', u'']
check '' ''
[u'JDDA201_SEM1_2018', u'JDES202_YEAR_2017', u'JDDA201', u'DESIGN AND DRAWING 1A - 2018', u'DIJDM1', u'DIMLOMA IN JEWELLERY DESIGN AND MANUFACTURE', u'21', u'SEMESTER 1', u'D1', u'Durban Campus Full-time', u'A', u'50000895:DeBeer;50009583:VINCENT', 2.0]
check 'JDDA201_SEM1_2018' 'JDDA201'
processXLS: only for SEM2 [u'JDDA201_SEM1_2018', u'JDES202_YEAR_2017', u'JDDA201', u'DESIGN AND DRAWING 1A - 2018', u'DIJDM1', u'DIMLOMA IN JEWELLERY DESIGN AND MANUFACTURE', u'21', u'SEMESTER 1', u'D1', u'Durban Campus Full-time', u'A', u'50000895:DeBeer;50009583:VINCENT', 2.0]
[u'JTPA201_SEM1_2018', u'JTHY201_YEAR_2017', u'JTPA201', u'THEORY AND PRACTICE 1A - 2018', u'DIJDM1', u'DIMLOMA IN JEWELLERY DESIGN AND MANUFACTURE', u'21', u'SEMESTER 1', u'D1', u'Durban Campus Full-time', u'A', u'50000895:DeBeer;50009583:VINCENT', 2.0]
check 'JTPA201_SEM1_2018' 'JTPA201'
processXLS: only for SEM2 [u'JTPA201_SEM1_2018', u'JTHY201_YEAR_2017', u'JTPA201', u'THEORY AND PRACTICE 1A - 2018', u'DIJDM1', u'DIMLOMA IN JEWELLERY DESIGN AND MANUFACTURE', u'21', u'SEMESTER 1', u'D1', u'Durban Campus Full-time', u'A', u'50000895:DeBeer;50009583:VINCENT', 2.0]
[u'JWMA201_SEM1_2018', u'', u'JWMA201', u'MANUFACTURE 1A - 2018', u'DIJDM1', u'DIMLOMA IN JEWELLERY DESIGN AND MANUFACTURE', u'21', u'SEMESTER 1', u'D1', u'Durban Campus Full-time', u'A', u'50000895:DeBeer;50009583:VINCENT', 2.0]
check 'JWMA201_SEM1_2018' 'JWMA201'
processXLS: only for SEM2 [u'JWMA201_SEM1_2018', u'', u'JWMA201', u'MANUFACTURE 1A - 2018', u'DIJDM1', u'DIMLOMA IN JEWELLERY DESIGN AND MANUFACTURE', u'21', u'SEMESTER 1', u'D1', u'Durban Campus Full-time', u'A', u'50000895:DeBeer;50009583:VINCENT', 2.0]
[u'', u'', u'', u'', u'', u'', u'', u'', u'', u'', u'', u'', u'']
check '' ''
[u'JDDB201_SEM2_2018', u'JDES202_YEAR_2017', u'JDDB201', u'DESIGN AND DRAWING 1B - 2018', u'DIJDM1', u'DIMLOMA IN JEWELLERY DESIGN AND MANUFACTURE', u'22', u'SEMESTER 2', u'D1', u'Durban Campus Full-time', u'A', u'50000895:DeBeer;50009583:VINCENT', 2.0]
check 'JDDB201_SEM2_2018' 'JDDB201'
adding  JDDB201
requesting:  http://10.0.100.98:8000/bbinfo/matching_courses/JDDB201%25
r= <Response [200]>
matching classes= set([u'JDDB201_SEM2_2018'])
[u'JTPB201_SEM2_2018', u'JTHY201_YEAR_2017', u'JTPB201', u'THEORY AND PRACTICE 1B - 2018', u'DIJDM1', u'DIMLOMA IN JEWELLERY DESIGN AND MANUFACTURE', u'22', u'SEMESTER 2', u'D1', u'Durban Campus Full-time', u'A', u'50000895:DeBeer;50009583:VINCENT', 2.0]
check 'JTPB201_SEM2_2018' 'JTPB201'
adding  JTPB201
requesting:  http://10.0.100.98:8000/bbinfo/matching_courses/JTPB201%25
r= <Response [200]>
matching classes= set([u'JTPB201_SEM2_2018'])
[u'JWMB201_SEM2_2018', u'', u'JWMB201', u'MANUFACTURE 1B - 2018', u'DIJDM1', u'DIMLOMA IN JEWELLERY DESIGN AND MANUFACTURE', u'22', u'SEMESTER 2', u'D1', u'Durban Campus Full-time', u'A', u'50000895:DeBeer;50009583:VINCENT', 2.0]
check 'JWMB201_SEM2_2018' 'JWMB201'
adding  JWMB201
requesting:  http://10.0.100.98:8000/bbinfo/matching_courses/JWMB201%25
r= <Response [200]>
matching classes= set([u'JWMB201_SEM2_2018'])
[u'', u'', u'', u'', u'', u'', u'', u'', u'', u'', u'', u'', u'']
check '' ''
[u'===APPEND===', u'', u'', u'', u'', u'', u'', u'', u'', u'', u'', u'', u'']
check '===APPEND===' ''
[u'2017 NEW SUBJECTS  Blackboard Classrooms for Department: 3103 - FINE ART & JEWELLERY DESIGN', u'', u'', u'', u'', u'', u'', u'', u'', u'', u'', u'', u'']
check '2017 NEW SUBJECTS  Blackboard Classrooms for Department: 3103 - FINE ART & JEWELLERY DESIGN' ''
[u'New subjects for 2018', u'', u'', u'', u'', u'', u'', u'', u'', u'', u'', u'', u'']
check 'New subjects for 2018' ''
[u'BB Classroom', u'Migrate Classroom', u'ITS Subject', u'', u'ITS Qualification', u'', u'Block', u'', u'Off Type', u'', u'Grp', u'Lecturer(s)', u'2016 Enrol']
check 'BB Classroom' 'ITS Subject'
[u'AGTH101_SEM1_2018', u'AGTH101_SEM1_2017', u'AGTH101', u'AUGMENTED THEORY OF ART', u'DIFAF1', u'DIPLOMA IN FINE ART (4 YEARS)', u'21', u'SEMESTER 1', u'D1', u'Durban Campus Full-time', u'A', u'50000895:DeBeer', 0.0]
check 'AGTH101_SEM1_2018' 'AGTH101'
processXLS: only for SEM2 [u'AGTH101_SEM1_2018', u'AGTH101_SEM1_2017', u'AGTH101', u'AUGMENTED THEORY OF ART', u'DIFAF1', u'DIPLOMA IN FINE ART (4 YEARS)', u'21', u'SEMESTER 1', u'D1', u'Durban Campus Full-time', u'A', u'50000895:DeBeer', 0.0]
[u'', u'', u'', u'', u'', u'', u'', u'', u'', u'', u'', u'', u'']
check '' ''
[u'ATHA101_SEM1_2018', u'ATHA101_SEM1_2017', u'ATHA101', u'ART THEORY IA', u'DIFAF1', u'DIPLOMA IN FINE ART (4 YEARS)', u'21', u'SEMESTER 1', u'D1', u'Durban Campus Full-time', u'A', u'50000895:DeBeer', 0.0]
check 'ATHA101_SEM1_2018' 'ATHA101'
processXLS: only for SEM2 [u'ATHA101_SEM1_2018', u'ATHA101_SEM1_2017', u'ATHA101', u'ART THEORY IA', u'DIFAF1', u'DIPLOMA IN FINE ART (4 YEARS)', u'21', u'SEMESTER 1', u'D1', u'Durban Campus Full-time', u'A', u'50000895:DeBeer', 0.0]
[u'ATHA101_SEM1_2018', u'ATHA101_SEM1_2017', u'ATHA101', u'ART THEORY IA', u'DIFAR1', u'DIPLOMA IN FINE ART', u'21', u'SEMESTER 1', u'D1', u'Durban Campus Full-time', u'A', u'50000895:DeBeer', 0.0]
check 'ATHA101_SEM1_2018' 'ATHA101'
processXLS: only for SEM2 [u'ATHA101_SEM1_2018', u'ATHA101_SEM1_2017', u'ATHA101', u'ART THEORY IA', u'DIFAR1', u'DIPLOMA IN FINE ART', u'21', u'SEMESTER 1', u'D1', u'Durban Campus Full-time', u'A', u'50000895:DeBeer', 0.0]
[u'', u'', u'', u'', u'', u'', u'', u'', u'', u'', u'', u'', u'']
check '' ''
[u'ATHB101_SEM2_2018', u'ATHB101_SEM2_2017', u'ATHB101', u'ART THEORY IB', u'DIFAF1', u'DIPLOMA IN FINE ART (4 YEARS)', u'22', u'SEMESTER 2', u'D1', u'Durban Campus Full-time', u'A', u'50000895:DeBeer', 0.0]
check 'ATHB101_SEM2_2018' 'ATHB101'
adding  ATHB101
requesting:  http://10.0.100.98:8000/bbinfo/matching_courses/ATHB101%25
r= <Response [200]>
matching classes= set([u'ATHB101_SEM2_2018', u'ATHB101_SEM2_2017'])
[u'ATHB101_SEM2_2018', u'ATHB101_SEM2_2017', u'ATHB101', u'ART THEORY IB', u'DIFAR1', u'DIPLOMA IN FINE ART', u'22', u'SEMESTER 2', u'D1', u'Durban Campus Full-time', u'A', u'50000895:DeBeer', 0.0]
check 'ATHB101_SEM2_2018' 'ATHB101'
adding  ATHB101
requesting:  http://10.0.100.98:8000/bbinfo/matching_courses/ATHB101%25
r= <Response [200]>
matching classes= set([u'ATHB101_SEM2_2018', u'ATHB101_SEM2_2017'])
[u'', u'', u'', u'', u'', u'', u'', u'', u'', u'', u'', u'', u'']
check '' ''
[u'STPA101_SEM1_2018', u'STPA101_SEM1_2017', u'STPA101', u'STUDIO PRACTICE IA', u'DIFAF1', u'DIPLOMA IN FINE ART (4 YEARS)', u'21', u'SEMESTER 1', u'D1', u'Durban Campus Full-time', u'A', u'50000895:DeBeer', 0.0]
check 'STPA101_SEM1_2018' 'STPA101'
processXLS: only for SEM2 [u'STPA101_SEM1_2018', u'STPA101_SEM1_2017', u'STPA101', u'STUDIO PRACTICE IA', u'DIFAF1', u'DIPLOMA IN FINE ART (4 YEARS)', u'21', u'SEMESTER 1', u'D1', u'Durban Campus Full-time', u'A', u'50000895:DeBeer', 0.0]
[u'STPA101_SEM1_2018', u'STPA101_SEM1_2017', u'STPA101', u'STUDIO PRACTICE IA', u'DIFAR1', u'DIPLOMA IN FINE ART', u'21', u'SEMESTER 1', u'D1', u'Durban Campus Full-time', u'A', u'50000895:DeBeer', 0.0]
check 'STPA101_SEM1_2018' 'STPA101'
processXLS: only for SEM2 [u'STPA101_SEM1_2018', u'STPA101_SEM1_2017', u'STPA101', u'STUDIO PRACTICE IA', u'DIFAR1', u'DIPLOMA IN FINE ART', u'21', u'SEMESTER 1', u'D1', u'Durban Campus Full-time', u'A', u'50000895:DeBeer', 0.0]
[u'', u'', u'', u'', u'', u'', u'', u'', u'', u'', u'', u'', u'']
check '' ''
[u'STPB101_SEM2_2018', u'STPB101_SEM2_2017', u'STPB101', u'STUDIO PRACTICE IB', u'DIFAF1', u'DIPLOMA IN FINE ART (4 YEARS)', u'22', u'SEMESTER 2', u'D1', u'Durban Campus Full-time', u'A', u'50000895:DeBeer', 0.0]
check 'STPB101_SEM2_2018' 'STPB101'
adding  STPB101
requesting:  http://10.0.100.98:8000/bbinfo/matching_courses/STPB101%25
r= <Response [200]>
matching classes= set([u'STPB101_SEM2_2017', u'STPB101_SEM2_2018'])
[u'STPB101_SEM2_2018', u'STPB101_SEM2_2017', u'STPB101', u'STUDIO PRACTICE IB', u'DIFAR1', u'DIPLOMA IN FINE ART', u'22', u'SEMESTER 2', u'D1', u'Durban Campus Full-time', u'A', u'50000895:DeBeer', 0.0]
check 'STPB101_SEM2_2018' 'STPB101'
adding  STPB101
requesting:  http://10.0.100.98:8000/bbinfo/matching_courses/STPB101%25
r= <Response [200]>
matching classes= set([u'STPB101_SEM2_2017', u'STPB101_SEM2_2018'])
[u'', u'', u'', u'', u'', u'', u'', u'', u'', u'', u'', u'', u'']
check '' ''
[u'ATHA201_SEM1_2018', u'ATHA201_SEM1_2017', u'ATHA201', u'ART THEORY IIA', u'DIFAF1', u'DIPLOMA IN FINE ART (4 YEARS)', u'21', u'SEMESTER 1', u'D1', u'Durban Campus Full-time', u'A', u'50000895:DeBeer', 0.0]
check 'ATHA201_SEM1_2018' 'ATHA201'
processXLS: only for SEM2 [u'ATHA201_SEM1_2018', u'ATHA201_SEM1_2017', u'ATHA201', u'ART THEORY IIA', u'DIFAF1', u'DIPLOMA IN FINE ART (4 YEARS)', u'21', u'SEMESTER 1', u'D1', u'Durban Campus Full-time', u'A', u'50000895:DeBeer', 0.0]
[u'ATHA201_SEM1_2018', u'ATHA201_SEM1_2017', u'ATHA201', u'ART THEORY IIA', u'DIFAR1', u'DIPLOMA IN FINE ART', u'21', u'SEMESTER 1', u'D1', u'Durban Campus Full-time', u'A', u'50000895:DeBeer', 0.0]
check 'ATHA201_SEM1_2018' 'ATHA201'
processXLS: only for SEM2 [u'ATHA201_SEM1_2018', u'ATHA201_SEM1_2017', u'ATHA201', u'ART THEORY IIA', u'DIFAR1', u'DIPLOMA IN FINE ART', u'21', u'SEMESTER 1', u'D1', u'Durban Campus Full-time', u'A', u'50000895:DeBeer', 0.0]
[u'', u'', u'', u'', u'', u'', u'', u'', u'', u'', u'', u'', u'']
check '' ''
[u'ATHB201_SEM2_2018', u'ATHB201_SEM2_2017', u'ATHB201', u'ART THEORY IIB', u'DIFAF1', u'DIPLOMA IN FINE ART (4 YEARS)', u'22', u'SEMESTER 2', u'D1', u'Durban Campus Full-time', u'A', u'50000895:DeBeer', 0.0]
check 'ATHB201_SEM2_2018' 'ATHB201'
adding  ATHB201
requesting:  http://10.0.100.98:8000/bbinfo/matching_courses/ATHB201%25
r= <Response [200]>
matching classes= set([u'ATHB201_SEM2_2017', u'ATHB201_SEM2_2018'])
[u'ATHB201_SEM2_2018', u'ATHB201_SEM2_2017', u'ATHB201', u'ART THEORY IIB', u'DIFAR1', u'DIPLOMA IN FINE ART', u'22', u'SEMESTER 2', u'D1', u'Durban Campus Full-time', u'A', u'50000895:DeBeer', 0.0]
check 'ATHB201_SEM2_2018' 'ATHB201'
adding  ATHB201
requesting:  http://10.0.100.98:8000/bbinfo/matching_courses/ATHB201%25
r= <Response [200]>
matching classes= set([u'ATHB201_SEM2_2017', u'ATHB201_SEM2_2018'])
[u'', u'', u'', u'', u'', u'', u'', u'', u'', u'', u'', u'', u'']
check '' ''
[u'PFSP201_SEM2_2018', u'PFSP201_SEM2_2017', u'PFSP201', u'PROFESSIONAL PRACTICE II', u'DIFAF1', u'DIPLOMA IN FINE ART (4 YEARS)', u'22', u'SEMESTER 2', u'D1', u'Durban Campus Full-time', u'A', u'50000895:DeBeer', 0.0]
check 'PFSP201_SEM2_2018' 'PFSP201'
adding  PFSP201
requesting:  http://10.0.100.98:8000/bbinfo/matching_courses/PFSP201%25
r= <Response [200]>
matching classes= set([u'PFSP201_SEM2_2017', u'PFSP201_SEM2_2018'])
[u'', u'', u'', u'', u'', u'', u'', u'', u'', u'', u'', u'', u'']
check '' ''
[u'STPA201_SEM1_2018', u'STPA201_SEM1_2017', u'STPA201', u'STUDIO PRACTICE IIA', u'DIFAF1', u'DIPLOMA IN FINE ART (4 YEARS)', u'21', u'SEMESTER 1', u'D1', u'Durban Campus Full-time', u'A', u'50000895:DeBeer', 0.0]
check 'STPA201_SEM1_2018' 'STPA201'
processXLS: only for SEM2 [u'STPA201_SEM1_2018', u'STPA201_SEM1_2017', u'STPA201', u'STUDIO PRACTICE IIA', u'DIFAF1', u'DIPLOMA IN FINE ART (4 YEARS)', u'21', u'SEMESTER 1', u'D1', u'Durban Campus Full-time', u'A', u'50000895:DeBeer', 0.0]
[u'', u'', u'', u'', u'', u'', u'', u'', u'', u'', u'', u'', u'']
check '' ''
[u'STPB201_SEM2_2018', u'STPB201_SEM2_2017', u'STPB201', u'STUDIO PRACTICE IIB', u'DIFAF1', u'DIPLOMA IN FINE ART (4 YEARS)', u'22', u'SEMESTER 2', u'D1', u'Durban Campus Full-time', u'A', u'50000895:DeBeer', 0.0]
check 'STPB201_SEM2_2018' 'STPB201'
adding  STPB201
requesting:  http://10.0.100.98:8000/bbinfo/matching_courses/STPB201%25
r= <Response [200]>
matching classes= set([u'STPB201_SEM2_2018', u'STPB201_SEM2_2017'])
[u'STPB201_SEM2_2018', u'STPB201_SEM2_2017', u'STPB201', u'STUDIO PRACTICE IIB', u'DIFAR1', u'DIPLOMA IN FINE ART', u'22', u'SEMESTER 2', u'D1', u'Durban Campus Full-time', u'A', u'50000895:DeBeer', 0.0]
check 'STPB201_SEM2_2018' 'STPB201'
adding  STPB201
requesting:  http://10.0.100.98:8000/bbinfo/matching_courses/STPB201%25
r= <Response [200]>
matching classes= set([u'STPB201_SEM2_2018', u'STPB201_SEM2_2017'])
[u'', u'', u'', u'', u'', u'', u'', u'', u'', u'', u'', u'', u'']
check '' ''
[u'ATHA301_SEM1_2018', u'ATHA301_SEM1_2017', u'ATHA301', u'ART THEORY IIIA', u'DIFAF1', u'DIPLOMA IN FINE ART (4 YEARS)', u'21', u'SEMESTER 1', u'D1', u'Durban Campus Full-time', u'A', u'50000895:DeBeer', 0.0]
check 'ATHA301_SEM1_2018' 'ATHA301'
processXLS: only for SEM2 [u'ATHA301_SEM1_2018', u'ATHA301_SEM1_2017', u'ATHA301', u'ART THEORY IIIA', u'DIFAF1', u'DIPLOMA IN FINE ART (4 YEARS)', u'21', u'SEMESTER 1', u'D1', u'Durban Campus Full-time', u'A', u'50000895:DeBeer', 0.0]
[u'ATHA301_SEM1_2018', u'ATHA301_SEM1_2017', u'ATHA301', u'ART THEORY IIIA', u'DIFAR1', u'DIPLOMA IN FINE ART', u'21', u'SEMESTER 1', u'D1', u'Durban Campus Full-time', u'A', u'50000895:DeBeer', 0.0]
check 'ATHA301_SEM1_2018' 'ATHA301'
processXLS: only for SEM2 [u'ATHA301_SEM1_2018', u'ATHA301_SEM1_2017', u'ATHA301', u'ART THEORY IIIA', u'DIFAR1', u'DIPLOMA IN FINE ART', u'21', u'SEMESTER 1', u'D1', u'Durban Campus Full-time', u'A', u'50000895:DeBeer', 0.0]
[u'', u'', u'', u'', u'', u'', u'', u'', u'', u'', u'', u'', u'']
check '' ''
[u'ATHB301_SEM2_2018', u'ATHB301_SEM2_2017', u'ATHB301', u'ART THEORY IIIB', u'DIFAF1', u'DIPLOMA IN FINE ART (4 YEARS)', u'22', u'SEMESTER 2', u'D1', u'Durban Campus Full-time', u'A', u'50000895:DeBeer', 0.0]
check 'ATHB301_SEM2_2018' 'ATHB301'
adding  ATHB301
requesting:  http://10.0.100.98:8000/bbinfo/matching_courses/ATHB301%25
r= <Response [200]>
matching classes= set([u'ATHB301_SEM2_2017', u'ATHB301_SEM2_2018'])
[u'ATHB301_SEM2_2018', u'ATHB301_SEM2_2017', u'ATHB301', u'ART THEORY IIIB', u'DIFAR1', u'DIPLOMA IN FINE ART', u'22', u'SEMESTER 2', u'D1', u'Durban Campus Full-time', u'A', u'50000895:DeBeer', 0.0]
check 'ATHB301_SEM2_2018' 'ATHB301'
adding  ATHB301
requesting:  http://10.0.100.98:8000/bbinfo/matching_courses/ATHB301%25
r= <Response [200]>
matching classes= set([u'ATHB301_SEM2_2017', u'ATHB301_SEM2_2018'])
[u'', u'', u'', u'', u'', u'', u'', u'', u'', u'', u'', u'', u'']
check '' ''
[u'PFSP301_SEM2_2018', u'PFSP301_SEM2_2017', u'PFSP301', u'PROFESSIONAL PRACTICE III', u'DIFAF1', u'DIPLOMA IN FINE ART (4 YEARS)', u'22', u'SEMESTER 2', u'D1', u'Durban Campus Full-time', u'A', u'50000895:DeBeer', 0.0]
check 'PFSP301_SEM2_2018' 'PFSP301'
adding  PFSP301
requesting:  http://10.0.100.98:8000/bbinfo/matching_courses/PFSP301%25
r= <Response [200]>
matching classes= set([u'PFSP301_SEM2_2017', u'PFSP301_SEM2_2018'])
[u'PFSP301_SEM2_2018', u'PFSP301_SEM2_2017', u'PFSP301', u'PROFESSIONAL PRACTICE III', u'DIFAR1', u'DIPLOMA IN FINE ART', u'22', u'SEMESTER 2', u'D1', u'Durban Campus Full-time', u'A', u'50000895:DeBeer', 0.0]
check 'PFSP301_SEM2_2018' 'PFSP301'
adding  PFSP301
requesting:  http://10.0.100.98:8000/bbinfo/matching_courses/PFSP301%25
r= <Response [200]>
matching classes= set([u'PFSP301_SEM2_2017', u'PFSP301_SEM2_2018'])
[u'', u'', u'', u'', u'', u'', u'', u'', u'', u'', u'', u'', u'']
check '' ''
[u'STPA301_SEM1_2018', u'STPA301_SEM1_2017', u'STPA301', u'STUDIO PRACTICE IIIA', u'DIFAF1', u'DIPLOMA IN FINE ART (4 YEARS)', u'21', u'SEMESTER 1', u'D1', u'Durban Campus Full-time', u'A', u'50000895:DeBeer', 0.0]
check 'STPA301_SEM1_2018' 'STPA301'
processXLS: only for SEM2 [u'STPA301_SEM1_2018', u'STPA301_SEM1_2017', u'STPA301', u'STUDIO PRACTICE IIIA', u'DIFAF1', u'DIPLOMA IN FINE ART (4 YEARS)', u'21', u'SEMESTER 1', u'D1', u'Durban Campus Full-time', u'A', u'50000895:DeBeer', 0.0]
[u'STPA301_SEM1_2018', u'STPA301_SEM1_2017', u'STPA301', u'STUDIO PRACTICE IIIA', u'DIFAR1', u'DIPLOMA IN FINE ART', u'21', u'SEMESTER 1', u'D1', u'Durban Campus Full-time', u'A', u'50000895:DeBeer', 0.0]
check 'STPA301_SEM1_2018' 'STPA301'
processXLS: only for SEM2 [u'STPA301_SEM1_2018', u'STPA301_SEM1_2017', u'STPA301', u'STUDIO PRACTICE IIIA', u'DIFAR1', u'DIPLOMA IN FINE ART', u'21', u'SEMESTER 1', u'D1', u'Durban Campus Full-time', u'A', u'50000895:DeBeer', 0.0]
[u'', u'', u'', u'', u'', u'', u'', u'', u'', u'', u'', u'', u'']
check '' ''
[u'STPB301_SEM2_2018', u'STPB301_SEM2_2017', u'STPB301', u'STUDIO PRACTICE IIIB', u'DIFAF1', u'DIPLOMA IN FINE ART (4 YEARS)', u'22', u'SEMESTER 2', u'D1', u'Durban Campus Full-time', u'A', u'50000895:DeBeer', 0.0]
check 'STPB301_SEM2_2018' 'STPB301'
adding  STPB301
requesting:  http://10.0.100.98:8000/bbinfo/matching_courses/STPB301%25
r= <Response [200]>
matching classes= set([u'STPB301_SEM2_2018', u'STPB301_SEM2_2017'])
[u'', u'', u'', u'', u'', u'', u'', u'', u'', u'', u'', u'', u'']
check '' ''
[u'YRTN201_SEM2_2018', u'template_2018', u'YRNT201', u'YRTN201: TECHNOLOGY II 2017', u'DITXT1', u'DIPLOMA IN TEXTILE TECHNOLOGY', 22.0, u'SEMESTER 2', u'D1', u'Durban Campus Full-time', u'A', u'50001388:JUDD', 1.0]
check 'YRTN201_SEM2_2018' 'YRNT201'
[u'', u'', u'', u'', u'', u'', u'', u'', u'', u'', u'', u'', u'']
check '' ''
[u'THCL412_YEAR_2018', u'', u'THCL412', u'THEORY OF CLOTHING IV - 2018', u'BTFSH1', u'BTECH: FASHION', 11.0, u'YEAR', u'D1', u'Durban Campus Full-time', u'A', u'40000014:KADWA', 1.0]
check 'THCL412_YEAR_2018' 'THCL412'
processXLS: only for SEM2 [u'THCL412_YEAR_2018', u'', u'THCL412', u'THEORY OF CLOTHING IV - 2018', u'BTFSH1', u'BTECH: FASHION', 11.0, u'YEAR', u'D1', u'Durban Campus Full-time', u'A', u'40000014:KADWA', 1.0]
[u'', u'', u'', u'', u'', u'', u'', u'', u'', u'', u'', u'', u'']
check '' ''
[u'THCL402_YEAR_2018', u'', u'THCL402', u'THEORY OF CLOTHING IV - 2018', u'BTFSH1', u'BTECH: FASHION', 11.0, u'YEAR', u'D1', u'Durban Campus Full-time', u'A', u'40000014:KADWA', 1.0]
check 'THCL402_YEAR_2018' 'THCL402'
processXLS: only for SEM2 [u'THCL402_YEAR_2018', u'', u'THCL402', u'THEORY OF CLOTHING IV - 2018', u'BTFSH1', u'BTECH: FASHION', 11.0, u'YEAR', u'D1', u'Durban Campus Full-time', u'A', u'40000014:KADWA', 1.0]
processXLS: finished processing workingSheets/data/BBC3103FineArtJewelleryDesign2017.xls
getWS: requesting:  http://10.0.100.98:8000/itsenrol/classlist/2018/22/STPB301 rsp= <Response [200]>
getWS: requesting:  http://10.0.100.98:8000/bbinfo/classlist/STPB301 rsp= <Response [200]>
getNewStudentsInSubject: ITS 0, BB 1 -> 0 new enrollments
getWS: requesting:  http://10.0.100.98:8000/itsenrol/classlist/2018/22/STPB101 rsp= <Response [200]>
getWS: requesting:  http://10.0.100.98:8000/bbinfo/classlist/STPB101 rsp= <Response [200]>
getNewStudentsInSubject: ITS 16, BB 1 -> 16 new enrollments
getWS: requesting:  http://10.0.100.98:8000/itsenrol/classlist/2018/22/ATHB201 rsp= <Response [200]>
getWS: requesting:  http://10.0.100.98:8000/bbinfo/classlist/ATHB201 rsp= <Response [200]>
getNewStudentsInSubject: ITS 12, BB 1 -> 12 new enrollments
getWS: requesting:  http://10.0.100.98:8000/itsenrol/classlist/2018/22/JWMB201 rsp= <Response [200]>
getWS: requesting:  http://10.0.100.98:8000/bbinfo/classlist/JWMB201 rsp= <Response [200]>
getNewStudentsInSubject: ITS 8, BB 2 -> 8 new enrollments
getWS: requesting:  http://10.0.100.98:8000/itsenrol/classlist/2018/22/ATHB101 rsp= <Response [200]>
getWS: requesting:  http://10.0.100.98:8000/bbinfo/classlist/ATHB101 rsp= <Response [200]>
getNewStudentsInSubject: ITS 22, BB 1 -> 22 new enrollments
getWS: requesting:  http://10.0.100.98:8000/itsenrol/classlist/2018/22/JDDB101 rsp= <Response [200]>
getWS: requesting:  http://10.0.100.98:8000/bbinfo/classlist/JDDB101 rsp= <Response [200]>
getNewStudentsInSubject: ITS 9, BB 17 -> 9 new enrollments
getWS: requesting:  http://10.0.100.98:8000/itsenrol/classlist/2018/22/PFSP301 rsp= <Response [200]>
getWS: requesting:  http://10.0.100.98:8000/bbinfo/classlist/PFSP301 rsp= <Response [200]>
getNewStudentsInSubject: ITS 0, BB 1 -> 0 new enrollments
getWS: requesting:  http://10.0.100.98:8000/itsenrol/classlist/2018/22/JDDB201 rsp= <Response [200]>
getWS: requesting:  http://10.0.100.98:8000/bbinfo/classlist/JDDB201 rsp= <Response [200]>
getNewStudentsInSubject: ITS 8, BB 2 -> 8 new enrollments
getWS: requesting:  http://10.0.100.98:8000/itsenrol/classlist/2018/22/PFSP201 rsp= <Response [200]>
getWS: requesting:  http://10.0.100.98:8000/bbinfo/classlist/PFSP201 rsp= <Response [200]>
getNewStudentsInSubject: ITS 15, BB 2 -> 15 new enrollments
getWS: requesting:  http://10.0.100.98:8000/itsenrol/classlist/2018/22/JTPB101 rsp= <Response [200]>
getWS: requesting:  http://10.0.100.98:8000/bbinfo/classlist/JTPB101 rsp= <Response [200]>
getNewStudentsInSubject: ITS 9, BB 16 -> 0 new enrollments
getWS: requesting:  http://10.0.100.98:8000/itsenrol/classlist/2018/22/STPB201 rsp= <Response [200]>
getWS: requesting:  http://10.0.100.98:8000/bbinfo/classlist/STPB201 rsp= <Response [200]>
getNewStudentsInSubject: ITS 14, BB 1 -> 14 new enrollments
getWS: requesting:  http://10.0.100.98:8000/itsenrol/classlist/2018/22/ATHB301 rsp= <Response [200]>
getWS: requesting:  http://10.0.100.98:8000/bbinfo/classlist/ATHB301 rsp= <Response [200]>
getNewStudentsInSubject: ITS 0, BB 1 -> 0 new enrollments
getWS: requesting:  http://10.0.100.98:8000/itsenrol/classlist/2018/22/JTPB201 rsp= <Response [200]>
getWS: requesting:  http://10.0.100.98:8000/bbinfo/classlist/JTPB201 rsp= <Response [200]>
getNewStudentsInSubject: ITS 8, BB 2 -> 8 new enrollments
getWS: requesting:  http://10.0.100.98:8000/itsenrol/classlist/2018/22/JWMB101 rsp= <Response [200]>
getWS: requesting:  http://10.0.100.98:8000/bbinfo/classlist/JWMB101 rsp= <Response [200]>
getNewStudentsInSubject: ITS 9, BB 16 -> 9 new enrollments
main: Writing students...
main: Writing enrollments...
main: Finished processing workingSheets/data/BBC3103FineArtJewelleryDesign2017.xls
main: 14 subjects processed
main: 20 subject -> classroom maps
main: 51 students
main: 121 student enrollments 0 errors
0.24user 0.14system 0:01.36elapsed 28%CPU (0avgtext+0avgdata 58240maxresident)k
0inputs+32outputs (0major+7134minor)pagefaults 0swaps
POSTING SNAPSHOTS to SIS endpoint
TEST RUN, NOT POSTING BBSTUDENTS
TEST RUN, NOT POSTIN BBENROL
copy snapshot files to saved output
=== department done ===
syncing logs...
Pushing logs from logs/20180723111852 to remote...
sending incremental file list
./
BBC3103FineArtJewelleryDesign2017.BBENROL.txt
BBC3103FineArtJewelleryDesign2017.BBSTUDENTS.txt
BBC3103FineArtJewelleryDesign2017.Enrolomat.txt
BBC3103FineArtJewelleryDesign2017.Postlog.txt

sent 89171 bytes  received 91 bytes  19836.00 bytes/sec
total size is 179370  speedup is 2.01
logging to logs/20180723111852
=== generate newenrollments for BBC3104MediaLangCommunication2017. ===
GENERATE SNAPSHOTS...
./BBCIncrementalEnrollerX2.py : generating enrolment files for subjects in  workingSheets/data/BBC3104MediaLangCommunication2017.xls
processXLS: start spreadsheet workingSheets/data/BBC3104MediaLangCommunication2017.xls
[u'2018 Blackboard Classrooms for Department: 3104 - MEDIA LANG & COMMUNICATION', u'', u'', u'', u'', u'', u'', u'', u'', u'', u'', u'', u'']
check '2018 Blackboard Classrooms for Department: 3104 - MEDIA LANG & COMMUNICATION' ''
[u'', u'Migrate Classroom', u'ITS Subject', u'', u'ITS Qualification', u'Block', u'', u'', u'', u'', u'', u'', u'']
check '' 'ITS Subject'
[u'TRTP101_YEAR_2017', u'ENTR101 YEAR 2016', u'ENTR101', u'ENTREPRENEURSHIP I', u'BTTIP1', u'BT: TRANSLATION & INTERPRETING PRACT', 11.0, u'YEAR', u'D1', u'Durban Campus Full-time', u'', u':ZONDO', 36.0]
check 'TRTP101_YEAR_2017' 'ENTR101'
[u'TANY202_SEM2_2017', u'ENTR201 YEAR 2016', u'ENTR201', u'ENTREPRENEURSHIP I', u'BTTIP1', u'ND: TRANSLATION & INTERPRETING PRACTICE', 11.0, u'YEAR', u'D1', u'Durban Campus Full-time', u'', u':RAUTENBACH', 15.0]
check 'TANY202_SEM2_2017' 'ENTR201'
[u'ISTI101 YEAR 2017', u'ISTI101 YEAR 2016', u'ISTI101', u'INTERCULTURAL STUDIES I', u'NDTIP1', u'ND: TRANSLATION & INTERPRETING PRACTICE', 11.0, u'YEAR', u'D1', u'Durban Campus Full-time', u'A', u'40003268:NXUMALO', 40.0]
check 'ISTI101 YEAR 2017' 'ISTI101'
processXLS: only for SEM2 [u'ISTI101 YEAR 2017', u'ISTI101 YEAR 2016', u'ISTI101', u'INTERCULTURAL STUDIES I', u'NDTIP1', u'ND: TRANSLATION & INTERPRETING PRACTICE', 11.0, u'YEAR', u'D1', u'Durban Campus Full-time', u'A', u'40003268:NXUMALO', 40.0]
[u'ITPR101_YEAR_2018', u'ITPR101_YEAR_2017', u'ITPR101', u'INTERPRETING THEORY AND PRACTICE I', u'NDTIP1', u'ND: TRANSLATION & INTERPRETING PRACTICE', u'11', u'YEAR', u'D1', u'Durban Campus Full-time', u'A', u'40008192:CELE', 54.0]
check 'ITPR101_YEAR_2018' 'ITPR101'
processXLS: only for SEM2 [u'ITPR101_YEAR_2018', u'ITPR101_YEAR_2017', u'ITPR101', u'INTERPRETING THEORY AND PRACTICE I', u'NDTIP1', u'ND: TRANSLATION & INTERPRETING PRACTICE', u'11', u'YEAR', u'D1', u'Durban Campus Full-time', u'A', u'40008192:CELE', 54.0]
[u'ITPR201_YEAR_2018', u'ITPR201_YEAR_2017', u'ITPR201', u'INTERPRETING THEORY AND PRACTICE II', u'NDTIP1', u'ND: TRANSLATION & INTERPRETING PRACTICE', u'11', u'YEAR', u'D1', u'Durban Campus Full-time', u'A', u'40003268:NXUMALO', 41.0]
check 'ITPR201_YEAR_2018' 'ITPR201'
processXLS: only for SEM2 [u'ITPR201_YEAR_2018', u'ITPR201_YEAR_2017', u'ITPR201', u'INTERPRETING THEORY AND PRACTICE II', u'NDTIP1', u'ND: TRANSLATION & INTERPRETING PRACTICE', u'11', u'YEAR', u'D1', u'Durban Campus Full-time', u'A', u'40003268:NXUMALO', 41.0]
[u'ITPR301_YEAR_2018', u'ITPR301_YEAR_2017', u'ITPR301', u'INTERPRETING THEORY AND PRACTICE III', u'NDTIP1', u'ND: TRANSLATION & INTERPRETING PRACTICE', u'11', u'YEAR', u'D1', u'Durban Campus Full-time', u'A', u'50012651:MALL', 34.0]
check 'ITPR301_YEAR_2018' 'ITPR301'
processXLS: only for SEM2 [u'ITPR301_YEAR_2018', u'ITPR301_YEAR_2017', u'ITPR301', u'INTERPRETING THEORY AND PRACTICE III', u'NDTIP1', u'ND: TRANSLATION & INTERPRETING PRACTICE', u'11', u'YEAR', u'D1', u'Durban Campus Full-time', u'A', u'50012651:MALL', 34.0]
[u'ITPR401_YEAR_2018', u'ITPR401_YEAR_2017', u'ITPR401', u'INTERPRETING THEORY AND PRACTICE IV', u'BTTIP1', u'BT: TRANSLATION & INTERPRETING PRACT', u'11', u'YEAR', u'D1', u'Durban Campus Full-time', u'A', u'40003268:NXUMALO', 15.0]
check 'ITPR401_YEAR_2018' 'ITPR401'
processXLS: only for SEM2 [u'ITPR401_YEAR_2018', u'ITPR401_YEAR_2017', u'ITPR401', u'INTERPRETING THEORY AND PRACTICE IV', u'BTTIP1', u'BT: TRANSLATION & INTERPRETING PRACT', u'11', u'YEAR', u'D1', u'Durban Campus Full-time', u'A', u'40003268:NXUMALO', 15.0]
[u'PROR101_SEM1_2018', u'PROR101_SEM1_2017', u'PROR101', u'PROOF READING I', u'NDTIP1', u'ND: TRANSLATION & INTERPRETING PRACTICE', u'21', u'SEMESTER 1', u'D1', u'Durban Campus Full-time', u'A', u'40008192:CELE', 42.0]
check 'PROR101_SEM1_2018' 'PROR101'
processXLS: only for SEM2 [u'PROR101_SEM1_2018', u'PROR101_SEM1_2017', u'PROR101', u'PROOF READING I', u'NDTIP1', u'ND: TRANSLATION & INTERPRETING PRACTICE', u'21', u'SEMESTER 1', u'D1', u'Durban Campus Full-time', u'A', u'40008192:CELE', 42.0]
[u'PROR201_SEM1_2018', u'PROR201_SEM1_2017', u'PROR201', u'PROOF READING II', u'NDTIP1', u'ND: TRANSLATION & INTERPRETING PRACTICE', 21.0, u'SEMESTER 1', u'D1', u'Durban Campus Full-time', u'A', u'40008278: DLAMINI', 38.0]
check 'PROR201_SEM1_2018' 'PROR201'
processXLS: only for SEM2 [u'PROR201_SEM1_2018', u'PROR201_SEM1_2017', u'PROR201', u'PROOF READING II', u'NDTIP1', u'ND: TRANSLATION & INTERPRETING PRACTICE', 21.0, u'SEMESTER 1', u'D1', u'Durban Campus Full-time', u'A', u'40008278: DLAMINI', 38.0]
[u'RMGY201_YEAR_2018', u'RMGY201_YEAR_2017', u'RMGY201', u'RESEARCH METHODOLOGY II', u'BTTIP1', u'BT: TRANSLATION & INTERPRETING PRACT', 11.0, u'YEAR', u'D1', u'Durban Campus Full-time', u'A', u'50012651:MALL', 15.0]
check 'RMGY201_YEAR_2018' 'RMGY201'
processXLS: only for SEM2 [u'RMGY201_YEAR_2018', u'RMGY201_YEAR_2017', u'RMGY201', u'RESEARCH METHODOLOGY II', u'BTTIP1', u'BT: TRANSLATION & INTERPRETING PRACT', 11.0, u'YEAR', u'D1', u'Durban Campus Full-time', u'A', u'50012651:MALL', 15.0]
[u'SINL101_YEAR_2018', u'SINL101_YEAR_2017', u'SINL101', u'SIGN LANGUAGE I', u'NDTIP1', u'ND: TRANSLATION & INTERPRETING PRACTICE', u'11', u'YEAR', u'D1', u'Durban Campus Full-time', u'A', u'40010619:SAWULA', 54.0]
check 'SINL101_YEAR_2018' 'SINL101'
processXLS: only for SEM2 [u'SINL101_YEAR_2018', u'SINL101_YEAR_2017', u'SINL101', u'SIGN LANGUAGE I', u'NDTIP1', u'ND: TRANSLATION & INTERPRETING PRACTICE', u'11', u'YEAR', u'D1', u'Durban Campus Full-time', u'A', u'40010619:SAWULA', 54.0]
[u'SINL201_YEAR_2018', u'SINL201_YEAR_2017', u'SINL201', u'SIGN LANGUAGE II', u'NDTIP1', u'ND: TRANSLATION & INTERPRETING PRACTICE', u'11', u'YEAR', u'D1', u'Durban Campus Full-time', u'A', u'40010619:SAWULA', 41.0]
check 'SINL201_YEAR_2018' 'SINL201'
processXLS: only for SEM2 [u'SINL201_YEAR_2018', u'SINL201_YEAR_2017', u'SINL201', u'SIGN LANGUAGE II', u'NDTIP1', u'ND: TRANSLATION & INTERPRETING PRACTICE', u'11', u'YEAR', u'D1', u'Durban Campus Full-time', u'A', u'40010619:SAWULA', 41.0]
[u'SINL201_YEAR_2018', u'SINL201_YEAR_2017', u'SINL201', u'SIGN LANGUAGE II', u'NDTIP1', u'BT: TRANSLATION & INTERPRETING PRACT', 11.0, u'YEAR', u'D1', u'Durban Campus Full-time', u'A', u'400010619: SAWULA', 41.0]
check 'SINL201_YEAR_2018' 'SINL201'
processXLS: only for SEM2 [u'SINL201_YEAR_2018', u'SINL201_YEAR_2017', u'SINL201', u'SIGN LANGUAGE II', u'NDTIP1', u'BT: TRANSLATION & INTERPRETING PRACT', 11.0, u'YEAR', u'D1', u'Durban Campus Full-time', u'A', u'400010619: SAWULA', 41.0]
[u'TANY102_SEM1_2018', u'TANY102_SEM1_2017', u'TANY102', u'TEXT ANALYSIS I', u'NDTIP1', u'ND: TRANSLATION & INTERPRETING PRACTICE', u'21', u'SEMESTER 1', u'D1', u'Durban Campus Full-time', u'A', u'40008192:CELE', 37.0]
check 'TANY102_SEM1_2018' 'TANY102'
processXLS: only for SEM2 [u'TANY102_SEM1_2018', u'TANY102_SEM1_2017', u'TANY102', u'TEXT ANALYSIS I', u'NDTIP1', u'ND: TRANSLATION & INTERPRETING PRACTICE', u'21', u'SEMESTER 1', u'D1', u'Durban Campus Full-time', u'A', u'40008192:CELE', 37.0]
[u'TANY202_SEM2_2018', u'TANY202_SEM2_2017', u'TANY202', u'TEXT ANALYSIS II', u'NDTIP1', u'ND: TRANSLATION & INTERPRETING PRACTICE', u'22', u'SEMESTER 2', u'D1', u'Durban Campus Full-time', u'A', u'40008278:DLAMINI', 37.0]
check 'TANY202_SEM2_2018' 'TANY202'
adding  TANY202
requesting:  http://10.0.100.98:8000/bbinfo/matching_courses/TANY202%25
r= <Response [200]>
matching classes= set([u'TANY202_13_SKOS', u'TANY202_SEM2_2017', u'TANY202_SEM2_2016', u'TANY202_SEM2_2018'])
[u'TRTP101_YEAR_2018', u'TRTP101_YEAR_2017', u'TRTP101', u'TRANSLATION THEORY AND PRACTICE I', u'NDTIP1', u'ND: TRANSLATION & INTERPRETING PRACTICE', u'11', u'YEAR', u'D1', u'Durban Campus Full-time', u'A', u'40008192:CELE', 56.0]
check 'TRTP101_YEAR_2018' 'TRTP101'
processXLS: only for SEM2 [u'TRTP101_YEAR_2018', u'TRTP101_YEAR_2017', u'TRTP101', u'TRANSLATION THEORY AND PRACTICE I', u'NDTIP1', u'ND: TRANSLATION & INTERPRETING PRACTICE', u'11', u'YEAR', u'D1', u'Durban Campus Full-time', u'A', u'40008192:CELE', 56.0]
[u'TRTP201_YEAR_2018', u'TRTP201_YEAR_2017', u'TRTP201', u'TRANSLATION THEORY AND PRACTICE II', u'NDTIP1', u'ND: TRANSLATION & INTERPRETING PRACTICE', u'11', u'YEAR', u'D1', u'Durban Campus Full-time', u'A', u'40008278:DLAMINI', 40.0]
check 'TRTP201_YEAR_2018' 'TRTP201'
processXLS: only for SEM2 [u'TRTP201_YEAR_2018', u'TRTP201_YEAR_2017', u'TRTP201', u'TRANSLATION THEORY AND PRACTICE II', u'NDTIP1', u'ND: TRANSLATION & INTERPRETING PRACTICE', u'11', u'YEAR', u'D1', u'Durban Campus Full-time', u'A', u'40008278:DLAMINI', 40.0]
[u'TRTP301_YEAR_2018', u'TRTP301_YEAR_2017', u'TRTP301', u'TRANSLATION THEORY AND PRACTICE III', u'NDTIP1', u'ND: TRANSLATION & INTERPRETING PRACTICE', u'11', u'YEAR', u'D1', u'Durban Campus Full-time', u'A', u'40003268:NXUMALO', 40.0]
check 'TRTP301_YEAR_2018' 'TRTP301'
processXLS: only for SEM2 [u'TRTP301_YEAR_2018', u'TRTP301_YEAR_2017', u'TRTP301', u'TRANSLATION THEORY AND PRACTICE III', u'NDTIP1', u'ND: TRANSLATION & INTERPRETING PRACTICE', u'11', u'YEAR', u'D1', u'Durban Campus Full-time', u'A', u'40003268:NXUMALO', 40.0]
[u'TRTP401_YEAR_2018', u'TRTP401_YEAR_2017', u'TRTP401', u'TRANSLATION AND THEORY PRACTICE IV', u'BTTIP1', u'ND: TRANSLATION & INTERPRETING PRACTICE', 11.0, u'YEAR', u'D1', u'Durban Campus Full-time', u'A', u'40008278:DLAMINI', 15.0]
check 'TRTP401_YEAR_2018' 'TRTP401'
processXLS: only for SEM2 [u'TRTP401_YEAR_2018', u'TRTP401_YEAR_2017', u'TRTP401', u'TRANSLATION AND THEORY PRACTICE IV', u'BTTIP1', u'ND: TRANSLATION & INTERPRETING PRACTICE', 11.0, u'YEAR', u'D1', u'Durban Campus Full-time', u'A', u'40008278:DLAMINI', 15.0]
[u' CBAD202_YEAR_2017', u' CBAD202_YEAR_2016', u'CBAD202', u'COMMUNICATION II  (OMT)', u'NDOMT2', u'ND: OFFICE MANAGEMENT AND TECHNOLOGY', u'', u'YEAR', u'D1', u'Durban Campus Full-time', u'', u'40013343: R Matteau Matsha', 200.0]
check 'CBAD202_YEAR_2017' 'CBAD202'
processXLS: only for SEM2 [u' CBAD202_YEAR_2017', u' CBAD202_YEAR_2016', u'CBAD202', u'COMMUNICATION II  (OMT)', u'NDOMT2', u'ND: OFFICE MANAGEMENT AND TECHNOLOGY', u'', u'YEAR', u'D1', u'Durban Campus Full-time', u'', u'40013343: R Matteau Matsha', 200.0]
[u' CCOM101_YEAR_2017', u' CCOM101_YEAR_2016', u'CCOM101', u'CATERING COMMUNICATION I', u'NDCTM3', u'ND: CATERING MANAGEMENT', u'', u'YEAR', u'D1', u'Durban Campus Full-time', u'', u'50000179: T Herd', 70.0]
check 'CCOM101_YEAR_2017' 'CCOM101'
processXLS: only for SEM2 [u' CCOM101_YEAR_2017', u' CCOM101_YEAR_2016', u'CCOM101', u'CATERING COMMUNICATION I', u'NDCTM3', u'ND: CATERING MANAGEMENT', u'', u'YEAR', u'D1', u'Durban Campus Full-time', u'', u'50000179: T Herd', 70.0]
[u' CMCA102_YEAR_2017', u' CMCA102_YEAR_2016', u'CMCA102', u'COMMUNICATION I (TOURISM MANAGEMENT)', u'NDTRM1', u'ND: TOURISM MANAGEMENT', u'', u'YEAR', u'D1', u'Durban Campus Full-time', u'', u'50001376: RAWLINSON', 115.0]
check 'CMCA102_YEAR_2017' 'CMCA102'
processXLS: only for SEM2 [u' CMCA102_YEAR_2017', u' CMCA102_YEAR_2016', u'CMCA102', u'COMMUNICATION I (TOURISM MANAGEMENT)', u'NDTRM1', u'ND: TOURISM MANAGEMENT', u'', u'YEAR', u'D1', u'Durban Campus Full-time', u'', u'50001376: RAWLINSON', 115.0]
[u' CMCA102_YEAR_2017', u' CMCA102_YEAR_2016', u'CMCA102', u'COMMUNICATION I (DENTAL TECH) ', u'NDDNT1', u'ND: DENTAL TECHNOLOGY', u'', u'YEAR', u'D1', u'Durban Campus Full-time', u'', u'40000616: PARTAB', 30.0]
check 'CMCA102_YEAR_2017' 'CMCA102'
processXLS: only for SEM2 [u' CMCA102_YEAR_2017', u' CMCA102_YEAR_2016', u'CMCA102', u'COMMUNICATION I (DENTAL TECH) ', u'NDDNT1', u'ND: DENTAL TECHNOLOGY', u'', u'YEAR', u'D1', u'Durban Campus Full-time', u'', u'40000616: PARTAB', 30.0]
[u' CMMN101_YEAR_2017', u' CMMN101_YEAR_2016', u'CMMN101', u'COMMUNICATION I (BUILDING)', u'NDBLD2', u'ND: BUILDING', u'', u'YEAR', u'D1', u'Durban Campus Full-time', u'', u'40013343: R Matteau Matsha', 100.0]
check 'CMMN101_YEAR_2017' 'CMMN101'
processXLS: only for SEM2 [u' CMMN101_YEAR_2017', u' CMMN101_YEAR_2016', u'CMMN101', u'COMMUNICATION I (BUILDING)', u'NDBLD2', u'ND: BUILDING', u'', u'YEAR', u'D1', u'Durban Campus Full-time', u'', u'40013343: R Matteau Matsha', 100.0]
[u'CMMN102', u'CMMN102', u'CMMN102', u'COMMUNICATION 1 (REPEAT OMT)', u'', u'ND: NDOMT', u'', u'YEAR', u'D1', u'Durban Campus Full-time', u'', u'40013343: R Matteau Matsha', 10.0]
check 'CMMN102' 'CMMN102'
processXLS: only for SEM2 [u'CMMN102', u'CMMN102', u'CMMN102', u'COMMUNICATION 1 (REPEAT OMT)', u'', u'ND: NDOMT', u'', u'YEAR', u'D1', u'Durban Campus Full-time', u'', u'40013343: R Matteau Matsha', 10.0]
[u'CMON101', u'CMON10', u' CMNC102', u'COMMUNICATION I (DBIM)', u'DIBM1', u'ND: OFFICE MANAGEMENT AND TECHNOLOGY', u'', u'YEAR', u'D1', u'Durban Campus Full-time', u'', u'40013343: R Matteau Matsha', 250.0]
check 'CMON101' 'CMNC102'
[u'CMON201', u'CMON201', u'CMON201', u'COMMUNICATION 2 (NDIM)', u'DIBM2', u'ND: OFFICE MANAGEMENT AND TECHNOLOGY', u'', u'YEAR', u'D1', u'Durban Campus Full-time', u'', u'40013343: R Matteau Matsha', 230.0]
check 'CMON201' 'CMON201'
processXLS: only for SEM2 [u'CMON201', u'CMON201', u'CMON201', u'COMMUNICATION 2 (NDIM)', u'DIBM2', u'ND: OFFICE MANAGEMENT AND TECHNOLOGY', u'', u'YEAR', u'D1', u'Durban Campus Full-time', u'', u'40013343: R Matteau Matsha', 230.0]
[u' CMUN101_ALL_2018', u' CMUN101_ALL_2017', u' CMUN101', u'COMMUNICATION I (FINANCIAL ACCOUNTING) ', u'NDACC3', u'ND FINANCIAL ACCOUNTING', u'', u'SEMESTER 1', u'D1', u'Durban Campus Full-time', u'', u'50000179: T Herd', 300.0]
check 'CMUN101_ALL_2018' 'CMUN101'
processXLS: only for SEM2 [u' CMUN101_ALL_2018', u' CMUN101_ALL_2017', u' CMUN101', u'COMMUNICATION I (FINANCIAL ACCOUNTING) ', u'NDACC3', u'ND FINANCIAL ACCOUNTING', u'', u'SEMESTER 1', u'D1', u'Durban Campus Full-time', u'', u'50000179: T Herd', 300.0]
[u' COSK101_ALL_2018', u' COSK101_ALL_2017', u' COSK101', u'COMMUNICATION SKILLS I (PULP & PAPER) ', u'NDPPT1', u'ND: PULP AND PAPER', u'', u'SEMESTER 1', u'D1', u'Durban Campus Full-time', u'', u'50000179: T Herd', 50.0]
check 'COSK101_ALL_2018' 'COSK101'
processXLS: only for SEM2 [u' COSK101_ALL_2018', u' COSK101_ALL_2017', u' COSK101', u'COMMUNICATION SKILLS I (PULP & PAPER) ', u'NDPPT1', u'ND: PULP AND PAPER', u'', u'SEMESTER 1', u'D1', u'Durban Campus Full-time', u'', u'50000179: T Herd', 50.0]
[u' COVD101_YEAR_2018', u' COVD101_YEAR_2017', u' COVD101', u'COMMUNICATION IN VIDEO I ', u'NDVID2', u'ND: VIDEO TECHNOLOGY', u'', u'YEAR', u'D1', u'Durban Campus Full-time', u'', u'4001343: R Matteau Matsha', 42.0]
check 'COVD101_YEAR_2018' 'COVD101'
processXLS: only for SEM2 [u' COVD101_YEAR_2018', u' COVD101_YEAR_2017', u' COVD101', u'COMMUNICATION IN VIDEO I ', u'NDVID2', u'ND: VIDEO TECHNOLOGY', u'', u'YEAR', u'D1', u'Durban Campus Full-time', u'', u'4001343: R Matteau Matsha', 42.0]
[u' COVD201_SEM1_2018', u' COVD201_SEM1_2017', u' COVD201', u' COMMUNICATION IN VIDEO II', u'NDVID2', u'ND: VIDEO TECHNOLOGY', u'', u'SEMESTER 1', u'D1', u'Durban Campus Full-time', u'', u'40013343: R Matteau Matsha', 42.0]
check 'COVD201_SEM1_2018' 'COVD201'
processXLS: only for SEM2 [u' COVD201_SEM1_2018', u' COVD201_SEM1_2017', u' COVD201', u' COMMUNICATION IN VIDEO II', u'NDVID2', u'ND: VIDEO TECHNOLOGY', u'', u'SEMESTER 1', u'D1', u'Durban Campus Full-time', u'', u'40013343: R Matteau Matsha', 42.0]
[u' ENGS101_YEAR_2018', u' ENGS101_YEAR_2017', u' ENGS101', u'ENGLISH (LIS)', u'NDLIS1', u'ND: LIBRARY AND INFORMATION STUDIES', u'', u'YEAR', u'D1', u'Durban Campus Full-time', u'', u'40013343: R Matteau Matsha', 120.0]
check 'ENGS101_YEAR_2018' 'ENGS101'
processXLS: only for SEM2 [u' ENGS101_YEAR_2018', u' ENGS101_YEAR_2017', u' ENGS101', u'ENGLISH (LIS)', u'NDLIS1', u'ND: LIBRARY AND INFORMATION STUDIES', u'', u'YEAR', u'D1', u'Durban Campus Full-time', u'', u'40013343: R Matteau Matsha', 120.0]
[u'CMMMN101', u'CMMN101', u'CMMN101', u'COMMUNICATION 1 (ARCH)', u'NDARC3', u'ND: ARCHITECTURE', u'', u'YEAR', u'D1', u'Durban Campus Full-time', u'', u'40013343: R Matteau Matsha', 100.0]
check 'CMMMN101' 'CMMN101'
[u'CCNS101', u'CCNS101', u'CCNS101', u'COMMUICATION 1 (ANALYTICAL CHEMISTRY)', u'DIACHI1', u'ND: ANALYTICAL CHEMISTRY', u'', u'SEMESTER', u'D1', u'Durban Campus Full-time', u'', u'50000179: T Herd', 65.0]
check 'CCNS101' 'CCNS101'
processXLS: only for SEM2 [u'CCNS101', u'CCNS101', u'CCNS101', u'COMMUICATION 1 (ANALYTICAL CHEMISTRY)', u'DIACHI1', u'ND: ANALYTICAL CHEMISTRY', u'', u'SEMESTER', u'D1', u'Durban Campus Full-time', u'', u'50000179: T Herd', 65.0]
[u'CSKI103', u'CSKI103', u'CSKI103', u'COMMUNICATION 1 (SURVEYING)', u'NDSUR2', u'ND: SURVEYING', u'', u'SEMESTER', u'D1', u'Durban Campus Full-time', u'', u'50000179: T Herd', 40.0]
check 'CSKI103' 'CSKI103'
processXLS: only for SEM2 [u'CSKI103', u'CSKI103', u'CSKI103', u'COMMUNICATION 1 (SURVEYING)', u'NDSUR2', u'ND: SURVEYING', u'', u'SEMESTER', u'D1', u'Durban Campus Full-time', u'', u'50000179: T Herd', 40.0]
[u'CMCL101', u'CMCL101', u'CMCL101', u'COMMUNICATION 1 (RTOWN&REGIONAL PLANNING)', u'BBURP1', u'ND: TOWN AND REGIONAL PLANNING', u'', u'SEMESTER', u'D1', u'Durban Campus Full-time', u'', u'40013343: R Matteau Matsha', 60.0]
check 'CMCL101' 'CMCL101'
processXLS: only for SEM2 [u'CMCL101', u'CMCL101', u'CMCL101', u'COMMUNICATION 1 (RTOWN&REGIONAL PLANNING)', u'BBURP1', u'ND: TOWN AND REGIONAL PLANNING', u'', u'SEMESTER', u'D1', u'Durban Campus Full-time', u'', u'40013343: R Matteau Matsha', 60.0]
[u'CMUN101', u'CMUM101', u'CMUN101', u'COMMUNICATION 1 (TAXATION)', u'HCACT1', u'ND: TAXATION', u'', u'SEMESTER', u'D1', u'Durban Campus Full-time', u'', u'40013343: R Matteau Matsha', 112.0]
check 'CMUN101' 'CMUN101'
processXLS: only for SEM2 [u'CMUN101', u'CMUM101', u'CMUN101', u'COMMUNICATION 1 (TAXATION)', u'HCACT1', u'ND: TAXATION', u'', u'SEMESTER', u'D1', u'Durban Campus Full-time', u'', u'40013343: R Matteau Matsha', 112.0]
[u'CMUN101', u'CMUN101', u'CMUN101', u'COMMUNICATION 1 (COST AND MANAGEMENT)', u'HCACM1', u'ND: COST AND MANAGEMENT', u'', u'SEMESTER', u'D1', u'Durban Campus Full-time', u'', u'50000179: t hERD', 170.0]
check 'CMUN101' 'CMUN101'
processXLS: only for SEM2 [u'CMUN101', u'CMUN101', u'CMUN101', u'COMMUNICATION 1 (COST AND MANAGEMENT)', u'HCACM1', u'ND: COST AND MANAGEMENT', u'', u'SEMESTER', u'D1', u'Durban Campus Full-time', u'', u'50000179: t hERD', 170.0]
[u'EGLA101', u'EGLA101', u'EGLA101', u'ENGLISH FOR THE ARTS', u'', u'ND: DRAMA', u'', u'SEMESTER', u'D1', u'Durban Campus Full-time', u'', u'40013343: R Matteau Matsha', 40.0]
check 'EGLA101' 'EGLA101'
processXLS: only for SEM2 [u'EGLA101', u'EGLA101', u'EGLA101', u'ENGLISH FOR THE ARTS', u'', u'ND: DRAMA', u'', u'SEMESTER', u'D1', u'Durban Campus Full-time', u'', u'40013343: R Matteau Matsha', 40.0]
[u'FCOM101_YEAR_2018', u' FCOM101_YEAR_2017', u' FCOM101', u'FOOD COMMUNICATION I ', u'NDCSF1', u'ND CONSUMER SCIENCE', u'', u'YEAR', u'D1', u'Durban Campus Full-time', u'', u'50000179: T Herd', 78.0]
check 'FCOM101_YEAR_2018' 'FCOM101'
processXLS: only for SEM2 [u'FCOM101_YEAR_2018', u' FCOM101_YEAR_2017', u' FCOM101', u'FOOD COMMUNICATION I ', u'NDCSF1', u'ND CONSUMER SCIENCE', u'', u'YEAR', u'D1', u'Durban Campus Full-time', u'', u'50000179: T Herd', 78.0]
[u'APCO 2017', u'APCO ', u'APCO', u'APPLIED COMMUNICATION MOTHER COURSE 2018', u'', u'REPOSITORY ENGLISH & COMM', u'', u'ANNUAL', u'D1', u'Durban Campus Full-time', u'', u'5000179: T HERD; 40013343: R MATTEAU MATSHA; 40000282 S NARSEE; 50001376: W RAWLINSON; 40008656: T SEEDAT; 40000616: V PARTAB', u'N/A']
check 'APCO 2017' 'APCO'
[u'MINM101_YEAR_2018', u'MINM101_YEAR_2017', u'MINM101', u'MINM101: MEDIA INFORMATION MANAGEMENT 1', u'NDJRN', u'ND: JOURNALISM', 21.0, u'SEMESTER 1', u'D1', u'Durban Campus Full-time', u'A', u'40009808: BLOSE', 60.0]
check 'MINM101_YEAR_2018' 'MINM101'
processXLS: only for SEM2 [u'MINM101_YEAR_2018', u'MINM101_YEAR_2017', u'MINM101', u'MINM101: MEDIA INFORMATION MANAGEMENT 1', u'NDJRN', u'ND: JOURNALISM', 21.0, u'SEMESTER 1', u'D1', u'Durban Campus Full-time', u'A', u'40009808: BLOSE', 60.0]
[u'MCOM101_YEAR_2018', u'MCOM101_YEAR_2017', u'MCOM101', u'MCOM101: MEDIA COMMUNICATION 1 (Contemporary Politics)', u'NDJRN', u'ND: JOURNALISM', 22.0, u'SEMESTER 2', u'D1', u'Durban Campus Full-time', u'A', u'40009808: BLOSE', 60.0]
check 'MCOM101_YEAR_2018' 'MCOM101'
processXLS: only for SEM2 [u'MCOM101_YEAR_2018', u'MCOM101_YEAR_2017', u'MCOM101', u'MCOM101: MEDIA COMMUNICATION 1 (Contemporary Politics)', u'NDJRN', u'ND: JOURNALISM', 22.0, u'SEMESTER 2', u'D1', u'Durban Campus Full-time', u'A', u'40009808: BLOSE', 60.0]
[u'MPRO101_YEAR_2018', u'MPRO101_YEAR_2017', u'MPRO101', u'MPRO101: MEDIA PRODUCTION 1 (RADIO)', u'NDJRN', u'ND: JOURNALISM', 11.0, u'ANNUAL', u'D1', u'Durban Campus Full-time', u'', u'40000293: SEWLAL', 60.0]
check 'MPRO101_YEAR_2018' 'MPRO101'
processXLS: only for SEM2 [u'MPRO101_YEAR_2018', u'MPRO101_YEAR_2017', u'MPRO101', u'MPRO101: MEDIA PRODUCTION 1 (RADIO)', u'NDJRN', u'ND: JOURNALISM', 11.0, u'ANNUAL', u'D1', u'Durban Campus Full-time', u'', u'40000293: SEWLAL', 60.0]
[u'NWRP101_YEAR_2018', u'NWRP101_YEAR_2017', u'NWRP101', u'NWRP101: NEWS REPORTING I (COURT REPORTING)', u'NDJRN', u'ND: JOURNALISM', 21.0, u'SEMESTER 1', u'D1', u'Durban Campus Full-time', u'', u'40000293: SEWLAL', 60.0]
check 'NWRP101_YEAR_2018' 'NWRP101'
processXLS: only for SEM2 [u'NWRP101_YEAR_2018', u'NWRP101_YEAR_2017', u'NWRP101', u'NWRP101: NEWS REPORTING I (COURT REPORTING)', u'NDJRN', u'ND: JOURNALISM', 21.0, u'SEMESTER 1', u'D1', u'Durban Campus Full-time', u'', u'40000293: SEWLAL', 60.0]
[u'MPRO201_YEAR_2018', u'MPRO201_YEAR_2017', u'MPRO201', u'MPRO201: MEDIA PRODUCTION II (DTP) 2017', u'ND JRN', u'ND: JOURNALISM', 21.0, u'SEMESTER 1', u'D1', u'Durban Campus Full-time', u'A', u'40006218: STUART', 45.0]
check 'MPRO201_YEAR_2018' 'MPRO201'
processXLS: only for SEM2 [u'MPRO201_YEAR_2018', u'MPRO201_YEAR_2017', u'MPRO201', u'MPRO201: MEDIA PRODUCTION II (DTP) 2017', u'ND JRN', u'ND: JOURNALISM', 21.0, u'SEMESTER 1', u'D1', u'Durban Campus Full-time', u'A', u'40006218: STUART', 45.0]
[u'MPRO201_YEAR_2018', u'MPRO201_YEAR_2017', u'MPRO201', u'MPRO201: MEDIA PRODUCTION II (TV) 2017', u'NDJRN', u'ND: JOURNALISM', 11.0, u'YEAR', u'D1', u'Durban Campus Full-time', u'A', u'40009808: BLOSE', 60.0]
check 'MPRO201_YEAR_2018' 'MPRO201'
processXLS: only for SEM2 [u'MPRO201_YEAR_2018', u'MPRO201_YEAR_2017', u'MPRO201', u'MPRO201: MEDIA PRODUCTION II (TV) 2017', u'NDJRN', u'ND: JOURNALISM', 11.0, u'YEAR', u'D1', u'Durban Campus Full-time', u'A', u'40009808: BLOSE', 60.0]
[u'MPRO201_YEAR_2018', u'MPRO201_YEAR_2017', u'MPRO201', u'MPRO201: MEDIA PRODUCTION II (EDITORIAL MANAGEMENT) ', u'NDJRN', u'ND: JOURNALISM', 22.0, u'SEMESTER 2', u'D1', u'Durban Campus Full-time', u'', u'40013728: NGUBANE', 60.0]
check 'MPRO201_YEAR_2018' 'MPRO201'
processXLS: only for SEM2 [u'MPRO201_YEAR_2018', u'MPRO201_YEAR_2017', u'MPRO201', u'MPRO201: MEDIA PRODUCTION II (EDITORIAL MANAGEMENT) ', u'NDJRN', u'ND: JOURNALISM', 22.0, u'SEMESTER 2', u'D1', u'Durban Campus Full-time', u'', u'40013728: NGUBANE', 60.0]
[u'MPRO201_YEAR_2018', u'MPRO201_YEAR_2017', u'MPRO201', u'MPRO201: MEDIA PRODUCTION II (NEW MEDIA)', u'NDJRN', u'ND: JOURNALISM', 11.0, u'ANNUAL', u'D1', u'Durban Campus Full-time', u'', u'40013728: NGUBANE', 60.0]
check 'MPRO201_YEAR_2018' 'MPRO201'
processXLS: only for SEM2 [u'MPRO201_YEAR_2018', u'MPRO201_YEAR_2017', u'MPRO201', u'MPRO201: MEDIA PRODUCTION II (NEW MEDIA)', u'NDJRN', u'ND: JOURNALISM', 11.0, u'ANNUAL', u'D1', u'Durban Campus Full-time', u'', u'40013728: NGUBANE', 60.0]
[u'MPRO201_YEAR_2018', u'MPRO201_YEAR_2017', u'MPRO201', u'MPRO201: MEDIA PRODUCTION II (RADIO)', u'NDJRN', u'ND: JOURNALISM', 11.0, u'ANNUAL', u'D1', u'Durban Campus Full-time', u'', u'40000293: SEWLAL', 60.0]
check 'MPRO201_YEAR_2018' 'MPRO201'
processXLS: only for SEM2 [u'MPRO201_YEAR_2018', u'MPRO201_YEAR_2017', u'MPRO201', u'MPRO201: MEDIA PRODUCTION II (RADIO)', u'NDJRN', u'ND: JOURNALISM', 11.0, u'ANNUAL', u'D1', u'Durban Campus Full-time', u'', u'40000293: SEWLAL', 60.0]
[u'ADRP201_YEAR_2018', u'ADRP201_YEAR_2017', u'ADRP201', u'ADRP201: ADVANCED REPORTING II (MEDIA LAW)', u'NDJRN', u'ND: JOURNALISM', 11.0, u'ANNUAL', u'D1', u'Durban Campus Full-time', u'', u'40000293: SEWLAL', 60.0]
check 'ADRP201_YEAR_2018' 'ADRP201'
processXLS: only for SEM2 [u'ADRP201_YEAR_2018', u'ADRP201_YEAR_2017', u'ADRP201', u'ADRP201: ADVANCED REPORTING II (MEDIA LAW)', u'NDJRN', u'ND: JOURNALISM', 11.0, u'ANNUAL', u'D1', u'Durban Campus Full-time', u'', u'40000293: SEWLAL', 60.0]
[u'MDPR302_YEAR_2018', u'MDPR302_YEAR_2017', u'MDPR302', u'MDPR302: MEDIA PRODUCTION III (BROADCAST)', u'NDJRN', u'ND: JOURNALISM', 21.0, u'SEMESTER 1', u'D1', u'Durban Campus Full-time', u'A', u'40009808: BLOSE', 15.0]
check 'MDPR302_YEAR_2018' 'MDPR302'
processXLS: only for SEM2 [u'MDPR302_YEAR_2018', u'MDPR302_YEAR_2017', u'MDPR302', u'MDPR302: MEDIA PRODUCTION III (BROADCAST)', u'NDJRN', u'ND: JOURNALISM', 21.0, u'SEMESTER 1', u'D1', u'Durban Campus Full-time', u'A', u'40009808: BLOSE', 15.0]
[u'ADRP301_YEAR_2018', u'ADRP301_YEAR_2017', u'ADRP301', u'ADRP301: ADVANCED REPORTING III (INVESTIGATIVE JOURNALISM)', u'NDJRN', u'ND: JOURNALISM', 21.0, u'SEMESTER 1', u'D1', u'Durban Campus Full-time', u'', u'40000293: SEWLAL', 45.0]
check 'ADRP301_YEAR_2018' 'ADRP301'
processXLS: only for SEM2 [u'ADRP301_YEAR_2018', u'ADRP301_YEAR_2017', u'ADRP301', u'ADRP301: ADVANCED REPORTING III (INVESTIGATIVE JOURNALISM)', u'NDJRN', u'ND: JOURNALISM', 21.0, u'SEMESTER 1', u'D1', u'Durban Campus Full-time', u'', u'40000293: SEWLAL', 45.0]
[u'ADRP201', u'ADRP201', u'ADRP201', u'ADRP201: ADVANCED REPORTING II (News Writing)', u'NDJRN', u'ND: JOURNALISM', 11.0, u'ANNUAL', u'D1', u'Durban Campus Full-time', u'A', u'40014092: HATTINGH', 50.0]
check 'ADRP201' 'ADRP201'
processXLS: only for SEM2 [u'ADRP201', u'ADRP201', u'ADRP201', u'ADRP201: ADVANCED REPORTING II (News Writing)', u'NDJRN', u'ND: JOURNALISM', 11.0, u'ANNUAL', u'D1', u'Durban Campus Full-time', u'A', u'40014092: HATTINGH', 50.0]
[u'MPRO101_YEAR_2017', u'MDPRO101 (PHOTOGRAPHY)', u'MDPRO101', u'MEDIA PRODUCTION 1 (PHOTOGRAPHY)', u'ND JRN', u'ND: JOURNALISM', 11.0, u'ANNUAL', u'D1', u'DURBAN CAMPUS FULLTIME', u'A', u'40000443: SOOBBEN RAJGOPAUL', 60.0]
check 'MPRO101_YEAR_2017' 'MDPRO101'
[u'NWRP101_YEAR_2018', u'NWRP101_YEAR_2017', u'NWRP101', u'NEWS REPORTING 1 (REG OF NEWS)', u'ND JRN', u'ND: JOURNALISM', 21.0, u'SEMESTER 2', u'', u'DURBAN CAMPUS FULLTIME', u'', u'40000443: SOOBBEN  ', 60.0]
check 'NWRP101_YEAR_2018' 'NWRP101'
processXLS: only for SEM2 [u'NWRP101_YEAR_2018', u'NWRP101_YEAR_2017', u'NWRP101', u'NEWS REPORTING 1 (REG OF NEWS)', u'ND JRN', u'ND: JOURNALISM', 21.0, u'SEMESTER 2', u'', u'DURBAN CAMPUS FULLTIME', u'', u'40000443: SOOBBEN  ', 60.0]
[u'', u'', u'', u'', u'', u'', u'', u'', u'', u'', u'', u'', u'']
check '' ''
[u'MCOM201_SEM1_2018', u'MCOM201_SEM1_2017', u'MCOM201', u'MEDIA COMMUNICATION 2 (MEDIA STUDIES)', u'ND JRN', u'ND: JOURNALISM', 21.0, u'SEMESTER 1', u'', u'DURBAN CAMPUS ', u'', u'40000443: SOOBBEN', 60.0]
check 'MCOM201_SEM1_2018' 'MCOM201'
processXLS: only for SEM2 [u'MCOM201_SEM1_2018', u'MCOM201_SEM1_2017', u'MCOM201', u'MEDIA COMMUNICATION 2 (MEDIA STUDIES)', u'ND JRN', u'ND: JOURNALISM', 21.0, u'SEMESTER 1', u'', u'DURBAN CAMPUS ', u'', u'40000443: SOOBBEN', 60.0]
[u'', u'', u'', u'', u'', u'', u'', u'', u'', u'FULLTIME', u'', u'', u'']
check '' ''
[u'', u'', u'', u'', u'', u'', u'', u'', u'', u'', u'', u'', u'']
check '' ''
[u'MEDP301_YEAR_2018', u'MEDP301_YEAR_2017', u'MEDP301', u'MEDIA PRACTICE 3 ', u'ND JRN', u'ND: JOURNALISM', 11.0, u'YEAR', u'', u'DURBAN CAMPUS', u'', u'40000443: SOOBBEN FRANKISH', 60.0]
check 'MEDP301_YEAR_2018' 'MEDP301'
processXLS: only for SEM2 [u'MEDP301_YEAR_2018', u'MEDP301_YEAR_2017', u'MEDP301', u'MEDIA PRACTICE 3 ', u'ND JRN', u'ND: JOURNALISM', 11.0, u'YEAR', u'', u'DURBAN CAMPUS', u'', u'40000443: SOOBBEN FRANKISH', 60.0]
[u'VITP101_YEAR_2018', u'VITP101_YEAR_2017', u'VITP101', u'VITP101: VIDEO THEORY AND PRACTICE', u'NDLP2', u'ND: LANGUAGE PRACTICE', 11.0, u'YEAR', u'D1', u'FULLTIME', u'', u'40008656: SEEDAT', 45.0]
check 'VITP101_YEAR_2018' 'VITP101'
processXLS: only for SEM2 [u'VITP101_YEAR_2018', u'VITP101_YEAR_2017', u'VITP101', u'VITP101: VIDEO THEORY AND PRACTICE', u'NDLP2', u'ND: LANGUAGE PRACTICE', 11.0, u'YEAR', u'D1', u'FULLTIME', u'', u'40008656: SEEDAT', 45.0]
[u'', u'', u'', u'', u'', u'', u'', u'', u'', u'', u'', u'', u'']
check '' ''
[u'BRPR401_YEAR_2018', u'BRPR401_YEAR_2017', u'BRPR401', u'BASIC RESEARCH PROJECT', u'BTJRN1', u'BT: JOURNALISM', u'11', u'YEAR', u'D1', u'Durban Campus Full-time', u'', u'40012426:COLLINS FRANKISH', 40.0]
check 'BRPR401_YEAR_2018' 'BRPR401'
processXLS: only for SEM2 [u'BRPR401_YEAR_2018', u'BRPR401_YEAR_2017', u'BRPR401', u'BASIC RESEARCH PROJECT', u'BTJRN1', u'BT: JOURNALISM', u'11', u'YEAR', u'D1', u'Durban Campus Full-time', u'', u'40012426:COLLINS FRANKISH', 40.0]
[u'SPRP401_SEM1_2018', u'SPRP401_SEM1_2017', u'SPRP401', u'SPECIALIST REPORTING IV', u'BTJRN1', u'BT: JOURNALISM', u'21', u'ANNUAL', u'D1', u'Durban Campus Full-time', u'', u'40012426:COLLINS MUTOMBO', 40.0]
check 'SPRP401_SEM1_2018' 'SPRP401'
processXLS: only for SEM2 [u'SPRP401_SEM1_2018', u'SPRP401_SEM1_2017', u'SPRP401', u'SPECIALIST REPORTING IV', u'BTJRN1', u'BT: JOURNALISM', u'21', u'ANNUAL', u'D1', u'Durban Campus Full-time', u'', u'40012426:COLLINS MUTOMBO', 40.0]
[u'EDIT401_YEAR_2018', u'EDIT401_YEAR_2017', u'EDIT401', u'EDITORIAL MANAGEMENT IV', u'BTJRN1', u'BT: JOURNALISM', 21.0, u'SEMESTER 1', u'D1', u'Durban Campus Full-time', u'', u'40013728: NGUBANE', 40.0]
check 'EDIT401_YEAR_2018' 'EDIT401'
processXLS: only for SEM2 [u'EDIT401_YEAR_2018', u'EDIT401_YEAR_2017', u'EDIT401', u'EDITORIAL MANAGEMENT IV', u'BTJRN1', u'BT: JOURNALISM', 21.0, u'SEMESTER 1', u'D1', u'Durban Campus Full-time', u'', u'40013728: NGUBANE', 40.0]
[u'GLDY301_YEAR_2018', u'GLDY301_YEAR_2017', u'GLDY301', u'GENERAL LANGUAGE DYNAMICS III', u'NDLPR1', u'NATIONAL DIPLOMA IN LANGUAGE PRACTICE', u'11', u'YEAR', u'D1', u'Durban Campus Full-time', u'', u'40013374:MNCUBE', 1.0]
check 'GLDY301_YEAR_2018' 'GLDY301'
processXLS: only for SEM2 [u'GLDY301_YEAR_2018', u'GLDY301_YEAR_2017', u'GLDY301', u'GENERAL LANGUAGE DYNAMICS III', u'NDLPR1', u'NATIONAL DIPLOMA IN LANGUAGE PRACTICE', u'11', u'YEAR', u'D1', u'Durban Campus Full-time', u'', u'40013374:MNCUBE', 1.0]
[u'GLDY101_YEAR_2017', u'', u'GLDY 101', u'GENERAL LANGUAGE DYNAMICS I', u'NDLPR1', u'NATIONAL DIPLOMA IN LANGUAGE PRACTICE', u'11', u'YEAR', u'D1', u'Durban Campus Full-time', u'', u'40013374:MNCUBE', 1.0]
check 'GLDY101_YEAR_2017' 'GLDY 101'
[u'INTS101_YEAR_2017', u'', u'INTS 101', u'INTERCULTURAL STUDIES', u'NDLPR1', u'NATIONAL DIPLOMA IN LANGUAGE PRACTICE', u'11', u'YEAR', u'D1', u'Durban Campus Full-time', u'', u'40013374:MNCUBE', 1.0]
check 'INTS101_YEAR_2017' 'INTS 101'
[u'LTRA101_YEAR_2017', u'', u'LTRA 101', u'LANGUAGE AND TRANSLATION PRACTICE I', u'NDLPR1', u'NATIONAL DIPLOMA IN LANGUAGE PRACTICE', u'11', u'YEAR', u'D1', u'Durban Campus Full-time', u'', u'40013374:MNCUBE', 1.0]
check 'LTRA101_YEAR_2017' 'LTRA 101'
[u'LTRA201_YEAR_2017', u'', u'LTRA 201', u'LANGUAGE AND TRANSLATION PRACTICE II', u'NDLPR1', u'NATIONAL DIPLOMA IN LANGUAGE PRACTICE', u'11', u'YEAR', u'D1', u'Durban Campus Full-time', u'', u'40013374:MNCUBE', 1.0]
check 'LTRA201_YEAR_2017' 'LTRA 201'
[u'', u'', u'', u'', u'', u'', u'', u'', u'', u'', u'', u'', u'']
check '' ''
[u'MSJRN1_YEAR_2018', u'MSJRN1_YEAR_2017', u'MSJRN1', u'MSJRN1: MASTER OF JOURNALISM 2017', u'MT JRN1', u'MT: JOURNALISM', u'11', u'YEAR', u'D1', u'Durban Campus Full-time', u'', u'40012426:COLLINS FRANKISH', 15.0]
check 'MSJRN1_YEAR_2018' 'MSJRN1'
processXLS: only for SEM2 [u'MSJRN1_YEAR_2018', u'MSJRN1_YEAR_2017', u'MSJRN1', u'MSJRN1: MASTER OF JOURNALISM 2017', u'MT JRN1', u'MT: JOURNALISM', u'11', u'YEAR', u'D1', u'Durban Campus Full-time', u'', u'40012426:COLLINS FRANKISH', 15.0]
[u'', u'', u'', u'', u'', u'', u'', u'', u'', u'', u'', u'', u'']
check '' ''
[u'CLEO101_YEAR_2018', u'CLEO101_YEAR_2017', u'CLEO101', u'CLEO101: CLINICAL ENDOCRINOLOGY & OPTHALMOLOGY 2017', u'BHHOM1', u'BH: HEALTH SCIENCES HOMEOPATHY', u'11', u'YEAR', u'D1', u'Durban Campus Full-time', u'', u'50009409:NAUDE', 1.0]
check 'CLEO101_YEAR_2018' 'CLEO101'
processXLS: only for SEM2 [u'CLEO101_YEAR_2018', u'CLEO101_YEAR_2017', u'CLEO101', u'CLEO101: CLINICAL ENDOCRINOLOGY & OPTHALMOLOGY 2017', u'BHHOM1', u'BH: HEALTH SCIENCES HOMEOPATHY', u'11', u'YEAR', u'D1', u'Durban Campus Full-time', u'', u'50009409:NAUDE', 1.0]
[u'', u'', u'', u'', u'', u'', u'', u'', u'', u'', u'', u'', u'']
check '' ''
[u'', u'', u'', u'', u'', u'', u'', u'', u'', u'', u'', u'', u'']
check '' ''
[u'', u'', u'', u'', u'', u'', u'', u'', u'', u'', u'', u'', u'']
check '' ''
[u'', u'', u'', u'', u'', u'', u'', u'', u'', u'', u'', u'', u'']
check '' ''
[u'', u'', u'', u'', u'', u'', u'', u'', u'', u'', u'', u'', u'']
check '' ''
[u'', u'', u'', u'', u'', u'', u'', u'', u'', u'', u'', u'', u'']
check '' ''
[u'', u'', u'', u'', u'', u'', u'', u'', u'', u'', u'', u'', u'']
check '' ''
[u'', u'', u'', u'', u'', u'', u'', u'', u'', u'', u'', u'', u'']
check '' ''
[u'', u'', u'', u'', u'', u'', u'', u'', u'', u'', u'', u'', u'']
check '' ''
[u'', u'', u'', u'', u'', u'', u'', u'', u'', u'', u'', u'', u'']
check '' ''
[u'', u'', u'', u'', u'', u'', u'', u'', u'', u'', u'', u'', u'']
check '' ''
[u'', u'', u'', u'', u'', u'', u'', u'', u'', u'', u'', u'', u'']
check '' ''
[u'', u'', u'', u'', u'', u'', u'', u'', u'', u'', u'', u'', u'']
check '' ''
[u'', u'', u'', u'', u'', u'', u'', u'', u'', u'', u'', u'', u'']
check '' ''
[u'', u'', u'', u'', u'', u'', u'', u'', u'', u'', u'', u'', u'']
check '' ''
[u'', u'', u'', u'', u'', u'', u'', u'', u'', u'', u'', u'', u'']
check '' ''
[u'', u'', u'', u'', u'', u'', u'', u'', u'', u'', u'', u'', u'']
check '' ''
[u'', u'', u'', u'', u'', u'', u'', u'', u'', u'', u'', u'', u'']
check '' ''
[u'', u'', u'', u'', u'', u'', u'', u'', u'', u'', u'', u'', u'']
check '' ''
[u'', u'', u'', u'', u'', u'', u'', u'', u'', u'', u'', u'', u'']
check '' ''
[u'', u'', u'', u'', u'', u'', u'', u'', u'', u'', u'', u'', u'']
check '' ''
[u'', u'', u'', u'', u'', u'', u'', u'', u'', u'', u'', u'', u'']
check '' ''
[u'', u'', u'', u'', u'', u'', u'', u'', u'', u'', u'', u'', u'']
check '' ''
[u'', u'', u'', u'', u'', u'', u'', u'', u'', u'', u'', u'', u'']
check '' ''
[u'', u'', u'', u'', u'', u'', u'', u'', u'', u'', u'', u'', u'']
check '' ''
[u'', u'', u'', u'', u'', u'', u'', u'', u'', u'', u'', u'', u'']
check '' ''
[u'', u'', u'', u'', u'', u'', u'', u'', u'', u'', u'', u'', u'']
check '' ''
[u'', u'', u'', u'', u'', u'', u'', u'', u'', u'', u'', u'', u'']
check '' ''
[u'', u'', u'', u'', u'', u'', u'', u'', u'', u'', u'', u'', u'']
check '' ''
[u'', u'', u'', u'', u'', u'', u'', u'', u'', u'', u'', u'', u'']
check '' ''
[u'', u'', u'', u'', u'', u'', u'', u'', u'', u'', u'', u'', u'']
check '' ''
[u'', u'', u'', u'', u'', u'', u'', u'', u'', u'', u'', u'', u'']
check '' ''
[u'', u'', u'', u'', u'', u'', u'', u'', u'', u'', u'', u'', u'']
check '' ''
[u'', u'', u'', u'', u'', u'', u'', u'', u'', u'', u'', u'', u'']
check '' ''
[u'', u'', u'', u'', u'', u'', u'', u'', u'', u'', u'', u'', u'']
check '' ''
[u'', u'', u'', u'', u'', u'', u'', u'', u'', u'', u'', u'', u'']
check '' ''
[u'', u'', u'', u'', u'', u'', u'', u'', u'', u'', u'', u'', u'']
check '' ''
[u'', u'', u'', u'', u'', u'', u'', u'', u'', u'', u'', u'', u'']
check '' ''
[u'', u'', u'', u'', u'', u'', u'', u'', u'', u'', u'', u'', u'']
check '' ''
[u'', u'', u'', u'', u'', u'', u'', u'', u'', u'', u'', u'', u'']
check '' ''
[u'', u'', u'', u'', u'', u'', u'', u'', u'', u'', u'', u'', u'']
check '' ''
[u'', u'', u'', u'', u'', u'', u'', u'', u'', u'', u'', u'', u'']
check '' ''
[u'', u'', u'', u'', u'', u'', u'', u'', u'', u'', u'', u'', u'']
check '' ''
[u'', u'', u'', u'', u'', u'', u'', u'', u'', u'', u'', u'', u'']
check '' ''
[u'', u'', u'', u'', u'', u'', u'', u'', u'', u'', u'', u'', u'']
check '' ''
[u'', u'', u'', u'', u'', u'', u'', u'', u'', u'', u'', u'', u'']
check '' ''
[u'', u'', u'', u'', u'', u'', u'', u'', u'', u'', u'', u'', u'']
check '' ''
[u'', u'', u'', u'', u'', u'', u'', u'', u'', u'', u'', u'', u'']
check '' ''
[u'', u'', u'', u'', u'', u'', u'', u'', u'', u'', u'', u'', u'']
check '' ''
[u'', u'', u'', u'', u'', u'', u'', u'', u'', u'', u'', u'', u'']
check '' ''
[u'', u'', u'', u'', u'', u'', u'', u'', u'', u'', u'', u'', u'']
check '' ''
[u'', u'', u'', u'', u'', u'', u'', u'', u'', u'', u'', u'', u'']
check '' ''
[u'', u'', u'', u'', u'', u'', u'', u'', u'', u'', u'', u'', u'']
check '' ''
[u'', u'', u'', u'', u'', u'', u'', u'', u'', u'', u'', u'', u'']
check '' ''
[u'', u'', u'', u'', u'', u'', u'', u'', u'', u'', u'', u'', u'']
check '' ''
[u'', u'', u'', u'', u'', u'', u'', u'', u'', u'', u'', u'', u'']
check '' ''
[u'', u'', u'', u'', u'', u'', u'', u'', u'', u'', u'', u'', u'']
check '' ''
[u'', u'', u'', u'', u'', u'', u'', u'', u'', u'', u'', u'', u'']
check '' ''
[u'', u'', u'', u'', u'', u'', u'', u'', u'', u'', u'', u'', u'']
check '' ''
[u'', u'', u'', u'', u'', u'', u'', u'', u'', u'', u'', u'', u'']
check '' ''
[u'', u'', u'', u'', u'', u'', u'', u'', u'', u'', u'', u'', u'']
check '' ''
[u'', u'', u'', u'', u'', u'', u'', u'', u'', u'', u'', u'', u'']
check '' ''
[u'', u'', u'', u'', u'', u'', u'', u'', u'', u'', u'', u'', u'']
check '' ''
[u'', u'', u'', u'', u'', u'', u'', u'', u'', u'', u'', u'', u'']
check '' ''
[u'', u'', u'', u'', u'', u'', u'', u'', u'', u'', u'', u'', u'']
check '' ''
[u'', u'', u'', u'', u'', u'', u'', u'', u'', u'', u'', u'', u'']
check '' ''
[u'', u'', u'', u'', u'', u'', u'', u'', u'', u'', u'', u'', u'']
check '' ''
[u'', u'', u'', u'', u'', u'', u'', u'', u'', u'', u'', u'', u'']
check '' ''
[u'', u'', u'', u'', u'', u'', u'', u'', u'', u'', u'', u'', u'']
check '' ''
[u'', u'', u'', u'', u'', u'', u'', u'', u'', u'', u'', u'', u'']
check '' ''
[u'', u'', u'', u'', u'', u'', u'', u'', u'', u'', u'', u'', u'']
check '' ''
[u'', u'', u'', u'', u'', u'', u'', u'', u'', u'', u'', u'', u'']
check '' ''
[u'', u'', u'', u'', u'', u'', u'', u'', u'', u'', u'', u'', u'']
check '' ''
[u'', u'', u'', u'', u'', u'', u'', u'', u'', u'', u'', u'', u'']
check '' ''
[u'', u'', u'', u'', u'', u'', u'', u'', u'', u'', u'', u'', u'']
check '' ''
[u'', u'', u'', u'', u'', u'', u'', u'', u'', u'', u'', u'', u'']
check '' ''
[u'', u'', u'', u'', u'', u'', u'', u'', u'', u'', u'', u'', u'']
check '' ''
[u'', u'', u'', u'', u'', u'', u'', u'', u'', u'', u'', u'', u'']
check '' ''
[u'', u'', u'', u'', u'', u'', u'', u'', u'', u'', u'', u'', u'']
check '' ''
[u'', u'', u'', u'', u'', u'', u'', u'', u'', u'', u'', u'', u'']
check '' ''
[u'', u'', u'', u'', u'', u'', u'', u'', u'', u'', u'', u'', u'']
check '' ''
[u'', u'', u'', u'', u'', u'', u'', u'', u'', u'', u'', u'', u'']
check '' ''
[u'', u'', u'', u'', u'', u'', u'', u'', u'', u'', u'', u'', u'']
check '' ''
[u'', u'', u'', u'', u'', u'', u'', u'', u'', u'', u'', u'', u'']
check '' ''
[u'', u'', u'', u'', u'', u'', u'', u'', u'', u'', u'', u'', u'']
check '' ''
[u'', u'', u'', u'', u'', u'', u'', u'', u'', u'', u'', u'', u'']
check '' ''
[u'', u'', u'', u'', u'', u'', u'', u'', u'', u'', u'', u'', u'']
check '' ''
[u'', u'', u'', u'', u'', u'', u'', u'', u'', u'', u'', u'', u'']
check '' ''
[u'', u'', u'', u'', u'', u'', u'', u'', u'', u'', u'', u'', u'']
check '' ''
[u'', u'', u'', u'', u'', u'', u'', u'', u'', u'', u'', u'', u'']
check '' ''
[u'', u'', u'', u'', u'', u'', u'', u'', u'', u'', u'', u'', u'']
check '' ''
[u'', u'', u'', u'', u'', u'', u'', u'', u'', u'', u'', u'', u'']
check '' ''
[u'', u'', u'', u'', u'', u'', u'', u'', u'', u'', u'', u'', u'']
check '' ''
[u'', u'', u'', u'', u'', u'', u'', u'', u'', u'', u'', u'', u'']
check '' ''
[u'', u'', u'', u'', u'', u'', u'', u'', u'', u'', u'', u'', u'']
check '' ''
[u'', u'', u'', u'', u'', u'', u'', u'', u'', u'', u'', u'', u'']
check '' ''
[u'', u'', u'', u'', u'', u'', u'', u'', u'', u'', u'', u'', u'']
check '' ''
[u'', u'', u'', u'', u'', u'', u'', u'', u'', u'', u'', u'', u'']
check '' ''
[u'', u'', u'', u'', u'', u'', u'', u'', u'', u'', u'', u'', u'']
check '' ''
[u'', u'', u'', u'', u'', u'', u'', u'', u'', u'', u'', u'', u'']
check '' ''
[u'', u'', u'', u'', u'', u'', u'', u'', u'', u'', u'', u'', u'']
check '' ''
[u'', u'', u'', u'', u'', u'', u'', u'', u'', u'', u'', u'', u'']
check '' ''
[u'===APPEND===', u'', u'', u'', u'', u'', u'', u'', u'', u'', u'', u'', u'']
check '===APPEND===' ''
[u'2017 NEW SUBJECTS  Blackboard Classrooms for Department: 3104 - MEDIA LANG & COMMUNICATION', u'', u'', u'', u'', u'', u'', u'', u'', u'', u'', u'', u'']
check '2017 NEW SUBJECTS  Blackboard Classrooms for Department: 3104 - MEDIA LANG & COMMUNICATION' ''
[u'', u'', u'', u'', u'', u'', u'', u'', u'', u'', u'', u'', u'2016 Enrol']
check '' ''
[u'', u'', u'', u'', u'', u'', u'', u'', u'', u'', u'', u'', 0.0]
check '' ''
[u'', u'', u'', u'', u'', u'', u'', u'', u'', u'', u'', u'', 0.0]
check '' ''
[u'', u'', u'', u'', u'', u'', u'', u'', u'', u'', u'', u'', 0.0]
check '' ''
[u'', u'', u'', u'', u'', u'', u'', u'', u'', u'', u'', u'', 0.0]
check '' ''
[u'', u'', u'', u'', u'', u'', u'', u'', u'', u'', u'', u'', u'']
check '' ''
[u'', u'', u'', u'', u'', u'', u'', u'', u'', u'', u'', u'', 0.0]
check '' ''
[u'', u'', u'', u'', u'', u'', u'', u'', u'', u'', u'', u'', 0.0]
check '' ''
[u'', u'', u'', u'', u'', u'', u'', u'', u'', u'', u'', u'', 0.0]
check '' ''
[u'', u'', u'', u'', u'', u'', u'', u'', u'', u'', u'', u'', 0.0]
check '' ''
[u'', u'', u'', u'', u'', u'', u'', u'', u'', u'', u'', u'', u'']
check '' ''
[u'', u'', u'', u'', u'', u'', u'', u'', u'', u'', u'', u'', 0.0]
check '' ''
[u'', u'', u'', u'', u'', u'', u'', u'', u'', u'', u'', u'', u'']
check '' ''
[u'', u'', u'', u'', u'', u'', u'', u'', u'', u'', u'', u'', 0.0]
check '' ''
[u'', u'', u'', u'', u'', u'', u'', u'', u'', u'', u'', u'', u'']
check '' ''
[u'', u'', u'', u'', u'', u'', u'', u'', u'', u'', u'', u'', 0.0]
check '' ''
[u'', u'', u'', u'', u'', u'', u'', u'', u'', u'', u'', u'', u'']
check '' ''
[u'', u'', u'', u'', u'', u'', u'', u'', u'', u'', u'', u'', 0.0]
check '' ''
[u'...', u'', u'', u'', u'', u'', u'', u'', u'', u'', u'', u'', u'']
check '...' ''
[u'New subjects for 2018', u'', u'', u'', u'', u'', u'', u'', u'', u'', u'', u'', u'']
check 'New subjects for 2018' ''
[u'CENL101_SEM1_2018', u'template_2018', u'CENL101', u'COMMUNICATION IN ENGLISH', u'DILIS1', u'DIP IN LIBRARY AND INFORMATION STUDIES', u'21', u'SEM1', u'D1', u'OTNAME', u'A', u'40002824:NGWANE;', u'']
check 'CENL101_SEM1_2018' 'CENL101'
processXLS: only for SEM2 [u'CENL101_SEM1_2018', u'template_2018', u'CENL101', u'COMMUNICATION IN ENGLISH', u'DILIS1', u'DIP IN LIBRARY AND INFORMATION STUDIES', u'21', u'SEM1', u'D1', u'OTNAME', u'A', u'40002824:NGWANE;', u'']
[u'CZUL101_SEM1_2018', u'template_2018', u'CZUL101', u'COMMUNICATION IN ZULU', u'DILIS1', u'DIP IN LIBRARY AND INFORMATION STUDIES', u'21', u'SEM1', u'D1', u'OTNAME', u'A', u'40002824:NGWANE;', u'']
check 'CZUL101_SEM1_2018' 'CZUL101'
processXLS: only for SEM2 [u'CZUL101_SEM1_2018', u'template_2018', u'CZUL101', u'COMMUNICATION IN ZULU', u'DILIS1', u'DIP IN LIBRARY AND INFORMATION STUDIES', u'21', u'SEM1', u'D1', u'OTNAME', u'A', u'40002824:NGWANE;', u'']
[u'CAFR101_SEM1_2018', u'template_2018', u'CAFR101', u'COMMUNICATION IN AFRIKAANS', u'DILIS1', u'DIP IN LIBRARY AND INFORMATION STUDIES', u'21', u'SEM1', u'D1', u'OTNAME', u'A', u'40002824:NGWANE;', u'']
check 'CAFR101_SEM1_2018' 'CAFR101'
processXLS: only for SEM2 [u'CAFR101_SEM1_2018', u'template_2018', u'CAFR101', u'COMMUNICATION IN AFRIKAANS', u'DILIS1', u'DIP IN LIBRARY AND INFORMATION STUDIES', u'21', u'SEM1', u'D1', u'OTNAME', u'A', u'40002824:NGWANE;', u'']
processXLS: finished processing workingSheets/data/BBC3104MediaLangCommunication2017.xls
getWS: requesting:  http://10.0.100.98:8000/itsenrol/classlist/2018/22/TANY202 rsp= <Response [200]>
getWS: requesting:  http://10.0.100.98:8000/bbinfo/classlist/TANY202 rsp= <Response [200]>
getNewStudentsInSubject: ITS 53, BB 48 -> 6 new enrollments
main: Writing students...
main: Writing enrollments...
main: Finished processing workingSheets/data/BBC3104MediaLangCommunication2017.xls
main: 1 subjects processed
main: 1 subject -> classroom maps
main: 6 students
main: 6 student enrollments 0 errors
0.16user 0.10system 0:00.40elapsed 64%CPU (0avgtext+0avgdata 58320maxresident)k
0inputs+16outputs (0major+7138minor)pagefaults 0swaps
POSTING SNAPSHOTS to SIS endpoint
TEST RUN, NOT POSTING BBSTUDENTS
TEST RUN, NOT POSTIN BBENROL
copy snapshot files to saved output
=== department done ===
syncing logs...
Pushing logs from logs/20180723111852 to remote...
sending incremental file list
./
BBC3104MediaLangCommunication2017.BBENROL.txt
BBC3104MediaLangCommunication2017.BBSTUDENTS.txt
BBC3104MediaLangCommunication2017.Enrolomat.txt
BBC3104MediaLangCommunication2017.Postlog.txt

sent 47040 bytes  received 91 bytes  6284.13 bytes/sec
total size is 225503  speedup is 4.78
logging to logs/20180723111852
=== generate newenrollments for BBC3105VisualCommunicationDesign2017. ===
GENERATE SNAPSHOTS...
./BBCIncrementalEnrollerX2.py : generating enrolment files for subjects in  workingSheets/data/BBC3105VisualCommunicationDesign2017.xls
processXLS: start spreadsheet workingSheets/data/BBC3105VisualCommunicationDesign2017.xls
[u'2018 Blackboard Classrooms for Department: 3105 - VISUAL COMMUNICATION DESIGN', u'', u'', u'', u'', u'', u'', u'', u'', u'', u'', u'', u'']
check '2018 Blackboard Classrooms for Department: 3105 - VISUAL COMMUNICATION DESIGN' ''
[u'', u'', u'', u'', u'', u'', u'', u'', u'', u'', u'', u'', u'']
check '' ''
[u'BB Classroom', u'Migrate Classroom', u'ITS Subject', u'', u'ITS Qualification', u'', u'Block', u'', u'Off Type', u'', u'Grp', u'Lecturer(s)', u'2016 Enrol']
check 'BB Classroom' 'ITS Subject'
[u'2DMS101_YEAR_2018', u'2DMS101_YEAR_2017', u'2DMS101', u'TWO-DIMENSIONAL STUDIES I', u'NDIDF1', u'ND: INTERIOR DESIGN (4 YEARS)', u'11', u'YEAR', u'D1', u'Durban Campus Full-time', u'A', u'50009885:COETZEE;50002046:BARRETT', 9.0]
check '2DMS101_YEAR_2018' '2DMS101'
processXLS: only for SEM2 [u'2DMS101_YEAR_2018', u'2DMS101_YEAR_2017', u'2DMS101', u'TWO-DIMENSIONAL STUDIES I', u'NDIDF1', u'ND: INTERIOR DESIGN (4 YEARS)', u'11', u'YEAR', u'D1', u'Durban Campus Full-time', u'A', u'50009885:COETZEE;50002046:BARRETT', 9.0]
[u'2DMS101_YEAR_2018', u'2DMS101_YEAR_2017', u'2DMS101', u'TWO-DIMENSIONAL STUDIES I', u'NDINT2', u'ND: INTERIOR DESIGN', u'11', u'YEAR', u'D1', u'Durban Campus Full-time', u'A', u'50009885:COETZEE;50002046:BARRETT', 2.0]
check '2DMS101_YEAR_2018' '2DMS101'
processXLS: only for SEM2 [u'2DMS101_YEAR_2018', u'2DMS101_YEAR_2017', u'2DMS101', u'TWO-DIMENSIONAL STUDIES I', u'NDINT2', u'ND: INTERIOR DESIGN', u'11', u'YEAR', u'D1', u'Durban Campus Full-time', u'A', u'50009885:COETZEE;50002046:BARRETT', 2.0]
[u'', u'', u'', u'', u'', u'', u'', u'', u'', u'', u'', u'', u'']
check '' ''
[u'2DSS101_YEAR_2018', u'2DSS101_YEAR_2017', u'2DSS101', u'TWO-DIMENSIONAL STUDIES I', u'NDPHF1', u'ND: PHOTOGRAPHY (4 YEARS)', u'11', u'YEAR', u'D1', u'Durban Campus Full-time', u'A', u'50050304:BHORAT;50009885:COETZEE', 6.0]
check '2DSS101_YEAR_2018' '2DSS101'
processXLS: only for SEM2 [u'2DSS101_YEAR_2018', u'2DSS101_YEAR_2017', u'2DSS101', u'TWO-DIMENSIONAL STUDIES I', u'NDPHF1', u'ND: PHOTOGRAPHY (4 YEARS)', u'11', u'YEAR', u'D1', u'Durban Campus Full-time', u'A', u'50050304:BHORAT;50009885:COETZEE', 6.0]
[u'', u'', u'', u'', u'', u'', u'', u'', u'', u'', u'', u'', u'']
check '' ''
[u'3DMS101_YEAR_2018', u'3DMS101_YEAR_2017', u'3DMS101', u'THREE-DIMENSIONAL STUDIES I', u'NDIDF1', u'ND: INTERIOR DESIGN (4 YEARS)', u'11', u'YEAR', u'D1', u'Durban Campus Full-time', u'A', u'50002046:BARRETT;50012075:ANDERSON', 9.0]
check '3DMS101_YEAR_2018' '3DMS101'
processXLS: only for SEM2 [u'3DMS101_YEAR_2018', u'3DMS101_YEAR_2017', u'3DMS101', u'THREE-DIMENSIONAL STUDIES I', u'NDIDF1', u'ND: INTERIOR DESIGN (4 YEARS)', u'11', u'YEAR', u'D1', u'Durban Campus Full-time', u'A', u'50002046:BARRETT;50012075:ANDERSON', 9.0]
[u'3DMS101_YEAR_2018', u'3DMS101_YEAR_2017', u'3DMS101', u'THREE-DIMENSIONAL STUDIES I', u'NDINT2', u'ND: INTERIOR DESIGN', u'11', u'YEAR', u'D1', u'Durban Campus Full-time', u'A', u'50002046:BARRETT;50012075:ANDERSON', 2.0]
check '3DMS101_YEAR_2018' '3DMS101'
processXLS: only for SEM2 [u'3DMS101_YEAR_2018', u'3DMS101_YEAR_2017', u'3DMS101', u'THREE-DIMENSIONAL STUDIES I', u'NDINT2', u'ND: INTERIOR DESIGN', u'11', u'YEAR', u'D1', u'Durban Campus Full-time', u'A', u'50002046:BARRETT;50012075:ANDERSON', 2.0]
[u'', u'', u'', u'', u'', u'', u'', u'', u'', u'', u'', u'', u'']
check '' ''
[u'3DSS101_YEAR_2018', u'3DSS101_YEAR_2017', u'3DSS101', u'THREE-DIMENSIONAL STUDIES I', u'NDPHF1', u'ND: PHOTOGRAPHY (4 YEARS)', u'11', u'YEAR', u'D1', u'Durban Campus Full-time', u'A', u'50050304:BHORAT;50012075:ANDERSON', 6.0]
check '3DSS101_YEAR_2018' '3DSS101'
processXLS: only for SEM2 [u'3DSS101_YEAR_2018', u'3DSS101_YEAR_2017', u'3DSS101', u'THREE-DIMENSIONAL STUDIES I', u'NDPHF1', u'ND: PHOTOGRAPHY (4 YEARS)', u'11', u'YEAR', u'D1', u'Durban Campus Full-time', u'A', u'50050304:BHORAT;50012075:ANDERSON', 6.0]
[u'', u'', u'', u'', u'', u'', u'', u'', u'', u'', u'', u'', u'']
check '' ''
[u'ADSA101_YEAR_2018', u'ADSA101_YEAR_2017', u'ADSA101', u'ART AND DESIGN APPRECIATION', u'NDPHF1', u'ND: PHOTOGRAPHY (4 YEARS)', u'11', u'YEAR', u'D1', u'Durban Campus Full-time', u'A', u'50050304:BHORAT;50013199:BROOKE', 6.0]
check 'ADSA101_YEAR_2018' 'ADSA101'
processXLS: only for SEM2 [u'ADSA101_YEAR_2018', u'ADSA101_YEAR_2017', u'ADSA101', u'ART AND DESIGN APPRECIATION', u'NDPHF1', u'ND: PHOTOGRAPHY (4 YEARS)', u'11', u'YEAR', u'D1', u'Durban Campus Full-time', u'A', u'50050304:BHORAT;50013199:BROOKE', 6.0]
[u'', u'', u'', u'', u'', u'', u'', u'', u'', u'', u'', u'', u'']
check '' ''
[u'AHAD101_YEAR_2018', u'AHAD101_YEAR_2017', u'AHAD101', u'AUGMENTED HISTORY OF ART AND DESIGN', u'NDIDF1', u'ND: INTERIOR DESIGN (4 YEARS)', u'11', u'YEAR', u'D1', u'Durban Campus Full-time', u'A', u'50001172:Carey', 10.0]
check 'AHAD101_YEAR_2018' 'AHAD101'
processXLS: only for SEM2 [u'AHAD101_YEAR_2018', u'AHAD101_YEAR_2017', u'AHAD101', u'AUGMENTED HISTORY OF ART AND DESIGN', u'NDIDF1', u'ND: INTERIOR DESIGN (4 YEARS)', u'11', u'YEAR', u'D1', u'Durban Campus Full-time', u'A', u'50001172:Carey', 10.0]
[u'', u'', u'', u'', u'', u'', u'', u'', u'', u'', u'', u'', u'']
check '' ''
[u'APHT101_YEAR_2018', u'APHT101_YEAR_2017', u'APHT101', u'APPLIED PHOTOGRAPHY I', u'NDPHF1', u'ND: PHOTOGRAPHY (4 YEARS)', u'11', u'YEAR', u'D1', u'Durban Campus Full-time', u'A', u'50051205:RAMPERSAD', 4.0]
check 'APHT101_YEAR_2018' 'APHT101'
processXLS: only for SEM2 [u'APHT101_YEAR_2018', u'APHT101_YEAR_2017', u'APHT101', u'APPLIED PHOTOGRAPHY I', u'NDPHF1', u'ND: PHOTOGRAPHY (4 YEARS)', u'11', u'YEAR', u'D1', u'Durban Campus Full-time', u'A', u'50051205:RAMPERSAD', 4.0]
[u'APHT101_YEAR_2018', u'APHT101_YEAR_2017', u'APHT101', u'APPLIED PHOTOGRAPHY I', u'NDPHT1', u'ND: PHOTOGRAPHY', u'11', u'YEAR', u'D1', u'Durban Campus Full-time', u'A', u'50051205:RAMPERSAD', 29.0]
check 'APHT101_YEAR_2018' 'APHT101'
processXLS: only for SEM2 [u'APHT101_YEAR_2018', u'APHT101_YEAR_2017', u'APHT101', u'APPLIED PHOTOGRAPHY I', u'NDPHT1', u'ND: PHOTOGRAPHY', u'11', u'YEAR', u'D1', u'Durban Campus Full-time', u'A', u'50051205:RAMPERSAD', 29.0]
[u'', u'', u'', u'', u'', u'', u'', u'', u'', u'', u'', u'', u'']
check '' ''
[u'ARDA101_YEAR_2018', u'ARDA101_YEAR_2017', u'ARDA101', u'ART AND DESIGN APPRECIATION', u'NDIDF1', u'ND: INTERIOR DESIGN (4 YEARS)', u'11', u'YEAR', u'D1', u'Durban Campus Full-time', u'A', u'50013199:BROOKE;50002046:BARRETT', 9.0]
check 'ARDA101_YEAR_2018' 'ARDA101'
processXLS: only for SEM2 [u'ARDA101_YEAR_2018', u'ARDA101_YEAR_2017', u'ARDA101', u'ART AND DESIGN APPRECIATION', u'NDIDF1', u'ND: INTERIOR DESIGN (4 YEARS)', u'11', u'YEAR', u'D1', u'Durban Campus Full-time', u'A', u'50013199:BROOKE;50002046:BARRETT', 9.0]
[u'ARDA101_YEAR_2018', u'ARDA101_YEAR_2017', u'ARDA101', u'ART AND DESIGN APPRECIATION', u'NDINT2', u'ND: INTERIOR DESIGN', u'11', u'YEAR', u'D1', u'Durban Campus Full-time', u'A', u'50013199:BROOKE;50002046:BARRETT', 2.0]
check 'ARDA101_YEAR_2018' 'ARDA101'
processXLS: only for SEM2 [u'ARDA101_YEAR_2018', u'ARDA101_YEAR_2017', u'ARDA101', u'ART AND DESIGN APPRECIATION', u'NDINT2', u'ND: INTERIOR DESIGN', u'11', u'YEAR', u'D1', u'Durban Campus Full-time', u'A', u'50013199:BROOKE;50002046:BARRETT', 2.0]
[u'', u'', u'', u'', u'', u'', u'', u'', u'', u'', u'', u'', u'']
check '' ''
[u'AUHA101_YEAR_2018', u'AUHA101_YEAR_2017', u'AUHA101', u'AUGMENTED HISTORY OF ART AND DESIGN', u'NDGDF1', u'ND: GRAPHIC DESIGN (4 YEARS)', u'11', u'YEAR', u'D1', u'Durban Campus Full-time', u'A', u'50001172:CAREY', 5.0]
check 'AUHA101_YEAR_2018' 'AUHA101'
processXLS: only for SEM2 [u'AUHA101_YEAR_2018', u'AUHA101_YEAR_2017', u'AUHA101', u'AUGMENTED HISTORY OF ART AND DESIGN', u'NDGDF1', u'ND: GRAPHIC DESIGN (4 YEARS)', u'11', u'YEAR', u'D1', u'Durban Campus Full-time', u'A', u'50001172:CAREY', 5.0]
[u'', u'', u'', u'', u'', u'', u'', u'', u'', u'', u'', u'', u'']
check '' ''
[u'CDGD102_YEAR_2018', u'CDGD102_YEAR_2017', u'CDGD102', u'COMMUNICATION DESIGN I', u'NDGDF1', u'ND: GRAPHIC DESIGN (4 YEARS)', u'11', u'YEAR', u'D1', u'Durban Campus Full-time', u'B', u'40003112:MOODLEY;40003329:RAVJEE;40011337:THOMAS', 2.0]
check 'CDGD102_YEAR_2018' 'CDGD102'
processXLS: only for SEM2 [u'CDGD102_YEAR_2018', u'CDGD102_YEAR_2017', u'CDGD102', u'COMMUNICATION DESIGN I', u'NDGDF1', u'ND: GRAPHIC DESIGN (4 YEARS)', u'11', u'YEAR', u'D1', u'Durban Campus Full-time', u'B', u'40003112:MOODLEY;40003329:RAVJEE;40011337:THOMAS', 2.0]
[u'CDGD102_YEAR_2018', u'CDGD102_YEAR_2017', u'CDGD102', u'COMMUNICATION DESIGN I', u'NDGDF1', u'ND: GRAPHIC DESIGN (4 YEARS)', u'11', u'YEAR', u'D1', u'Durban Campus Full-time', u'A', u'40003112:MOODLEY;40003329:RAVJEE;40011337:THOMAS', 2.0]
check 'CDGD102_YEAR_2018' 'CDGD102'
processXLS: only for SEM2 [u'CDGD102_YEAR_2018', u'CDGD102_YEAR_2017', u'CDGD102', u'COMMUNICATION DESIGN I', u'NDGDF1', u'ND: GRAPHIC DESIGN (4 YEARS)', u'11', u'YEAR', u'D1', u'Durban Campus Full-time', u'A', u'40003112:MOODLEY;40003329:RAVJEE;40011337:THOMAS', 2.0]
[u'CDGD102_YEAR_2018', u'CDGD102_YEAR_2017', u'CDGD102', u'COMMUNICATION DESIGN I', u'NDGDF1', u'ND: GRAPHIC DESIGN (4 YEARS)', u'11', u'YEAR', u'D1', u'Durban Campus Full-time', u'C', u'40003112:MOODLEY;40003329:RAVJEE;40011337:THOMAS', 1.0]
check 'CDGD102_YEAR_2018' 'CDGD102'
processXLS: only for SEM2 [u'CDGD102_YEAR_2018', u'CDGD102_YEAR_2017', u'CDGD102', u'COMMUNICATION DESIGN I', u'NDGDF1', u'ND: GRAPHIC DESIGN (4 YEARS)', u'11', u'YEAR', u'D1', u'Durban Campus Full-time', u'C', u'40003112:MOODLEY;40003329:RAVJEE;40011337:THOMAS', 1.0]
[u'CDGD102_YEAR_2018', u'CDGD102_YEAR_2017', u'CDGD102', u'COMMUNICATION DESIGN I', u'NDGRD2', u'ND: GRAPHIC DESIGN', u'11', u'YEAR', u'D1', u'Durban Campus Full-time', u'A', u'40003112:MOODLEY;40003329:RAVJEE;40011337:THOMAS', 20.0]
check 'CDGD102_YEAR_2018' 'CDGD102'
processXLS: only for SEM2 [u'CDGD102_YEAR_2018', u'CDGD102_YEAR_2017', u'CDGD102', u'COMMUNICATION DESIGN I', u'NDGRD2', u'ND: GRAPHIC DESIGN', u'11', u'YEAR', u'D1', u'Durban Campus Full-time', u'A', u'40003112:MOODLEY;40003329:RAVJEE;40011337:THOMAS', 20.0]
[u'CDGD102_YEAR_2018', u'CDGD102_YEAR_2017', u'CDGD102', u'COMMUNICATION DESIGN I', u'NDGRD2', u'ND: GRAPHIC DESIGN', u'11', u'YEAR', u'D1', u'Durban Campus Full-time', u'C', u'40003112:MOODLEY;40003329:RAVJEE;40011337:THOMAS', 21.0]
check 'CDGD102_YEAR_2018' 'CDGD102'
processXLS: only for SEM2 [u'CDGD102_YEAR_2018', u'CDGD102_YEAR_2017', u'CDGD102', u'COMMUNICATION DESIGN I', u'NDGRD2', u'ND: GRAPHIC DESIGN', u'11', u'YEAR', u'D1', u'Durban Campus Full-time', u'C', u'40003112:MOODLEY;40003329:RAVJEE;40011337:THOMAS', 21.0]
[u'CDGD102_YEAR_2018', u'CDGD102_YEAR_2017', u'CDGD102', u'COMMUNICATION DESIGN I', u'NDGRD2', u'ND: GRAPHIC DESIGN', u'11', u'YEAR', u'D1', u'Durban Campus Full-time', u'B', u'40003112:MOODLEY;40003329:RAVJEE;40011337:THOMAS', 19.0]
check 'CDGD102_YEAR_2018' 'CDGD102'
processXLS: only for SEM2 [u'CDGD102_YEAR_2018', u'CDGD102_YEAR_2017', u'CDGD102', u'COMMUNICATION DESIGN I', u'NDGRD2', u'ND: GRAPHIC DESIGN', u'11', u'YEAR', u'D1', u'Durban Campus Full-time', u'B', u'40003112:MOODLEY;40003329:RAVJEE;40011337:THOMAS', 19.0]
[u'', u'', u'', u'', u'', u'', u'', u'', u'', u'', u'', u'', u'']
check '' ''
[u'CMID101_YEAR_2018', u'CMID101_YEAR_2017', u'CMID101', u'COMMUNICATION I', u'NDIDF1', u'ND: INTERIOR DESIGN (4 YEARS)', u'11', u'YEAR', u'D1', u'Durban Campus Full-time', u'A', u'40004262:DU PLESSIS;50002046:BARRETT', 9.0]
check 'CMID101_YEAR_2018' 'CMID101'
processXLS: only for SEM2 [u'CMID101_YEAR_2018', u'CMID101_YEAR_2017', u'CMID101', u'COMMUNICATION I', u'NDIDF1', u'ND: INTERIOR DESIGN (4 YEARS)', u'11', u'YEAR', u'D1', u'Durban Campus Full-time', u'A', u'40004262:DU PLESSIS;50002046:BARRETT', 9.0]
[u'CMID101_YEAR_2018', u'CMID101_YEAR_2017', u'CMID101', u'COMMUNICATION I', u'NDINT2', u'ND: INTERIOR DESIGN', u'11', u'YEAR', u'D1', u'Durban Campus Full-time', u'A', u'40004262:DU PLESSIS;50002046:BARRETT', 2.0]
check 'CMID101_YEAR_2018' 'CMID101'
processXLS: only for SEM2 [u'CMID101_YEAR_2018', u'CMID101_YEAR_2017', u'CMID101', u'COMMUNICATION I', u'NDINT2', u'ND: INTERIOR DESIGN', u'11', u'YEAR', u'D1', u'Durban Campus Full-time', u'A', u'40004262:DU PLESSIS;50002046:BARRETT', 2.0]
[u'', u'', u'', u'', u'', u'', u'', u'', u'', u'', u'', u'', u'']
check '' ''
[u'CMPH101_YEAR_2018', u'CMPH101_YEAR_2017', u'CMPH101', u'COMMUNICATION I', u'NDPHF1', u'ND: PHOTOGRAPHY (4 YEARS)', u'11', u'YEAR', u'D1', u'Durban Campus Full-time', u'A', u'50050304:BHORAT;40004262:DU PLESSIS', 6.0]
check 'CMPH101_YEAR_2018' 'CMPH101'
processXLS: only for SEM2 [u'CMPH101_YEAR_2018', u'CMPH101_YEAR_2017', u'CMPH101', u'COMMUNICATION I', u'NDPHF1', u'ND: PHOTOGRAPHY (4 YEARS)', u'11', u'YEAR', u'D1', u'Durban Campus Full-time', u'A', u'50050304:BHORAT;40004262:DU PLESSIS', 6.0]
[u'', u'', u'', u'', u'', u'', u'', u'', u'', u'', u'', u'', u'']
check '' ''
[u'DATD101_YEAR_2018', u'DATD101_YEAR_2017', u'DATD101', u'DRAWING FOR ART AND DESIGN', u'NDPHF1', u'ND: PHOTOGRAPHY (4 YEARS)', u'11', u'YEAR', u'D1', u'Durban Campus Full-time', u'A', u'50050304:BHORAT;50009885:COETZEE', 6.0]
check 'DATD101_YEAR_2018' 'DATD101'
processXLS: only for SEM2 [u'DATD101_YEAR_2018', u'DATD101_YEAR_2017', u'DATD101', u'DRAWING FOR ART AND DESIGN', u'NDPHF1', u'ND: PHOTOGRAPHY (4 YEARS)', u'11', u'YEAR', u'D1', u'Durban Campus Full-time', u'A', u'50050304:BHORAT;50009885:COETZEE', 6.0]
[u'', u'', u'', u'', u'', u'', u'', u'', u'', u'', u'', u'', u'']
check '' ''
[u'DRAD101_YEAR_2018', u'DRAD101_YEAR_2017', u'DRAD101', u'DRAWING FOR ART AND DESIGN', u'NDIDF1', u'ND: INTERIOR DESIGN (4 YEARS)', u'11', u'YEAR', u'D1', u'Durban Campus Full-time', u'A', u'50002046:BARRETT', 9.0]
check 'DRAD101_YEAR_2018' 'DRAD101'
processXLS: only for SEM2 [u'DRAD101_YEAR_2018', u'DRAD101_YEAR_2017', u'DRAD101', u'DRAWING FOR ART AND DESIGN', u'NDIDF1', u'ND: INTERIOR DESIGN (4 YEARS)', u'11', u'YEAR', u'D1', u'Durban Campus Full-time', u'A', u'50002046:BARRETT', 9.0]
[u'DRAD101_YEAR_2018', u'DRAD101_YEAR_2017', u'DRAD101', u'DRAWING FOR ART AND DESIGN', u'NDINT2', u'ND: INTERIOR DESIGN', u'11', u'YEAR', u'D1', u'Durban Campus Full-time', u'A', u'50002046:BARRETT', 2.0]
check 'DRAD101_YEAR_2018' 'DRAD101'
processXLS: only for SEM2 [u'DRAD101_YEAR_2018', u'DRAD101_YEAR_2017', u'DRAD101', u'DRAWING FOR ART AND DESIGN', u'NDINT2', u'ND: INTERIOR DESIGN', u'11', u'YEAR', u'D1', u'Durban Campus Full-time', u'A', u'50002046:BARRETT', 2.0]
[u'', u'', u'', u'', u'', u'', u'', u'', u'', u'', u'', u'', u'']
check '' ''
[u'DRDS102_YEAR_2018', u'DRDS102_YEAR_2017', u'DRDS102', u'DRAWING FOR DESIGN I', u'NDIDF1', u'ND: INTERIOR DESIGN (4 YEARS)', u'11', u'YEAR', u'D1', u'Durban Campus Full-time', u'A', u'40008095:MLAMBO', 10.0]
check 'DRDS102_YEAR_2018' 'DRDS102'
processXLS: only for SEM2 [u'DRDS102_YEAR_2018', u'DRDS102_YEAR_2017', u'DRDS102', u'DRAWING FOR DESIGN I', u'NDIDF1', u'ND: INTERIOR DESIGN (4 YEARS)', u'11', u'YEAR', u'D1', u'Durban Campus Full-time', u'A', u'40008095:MLAMBO', 10.0]
[u'DRDS102_YEAR_2018', u'DRDS102_YEAR_2017', u'DRDS102', u'DRAWING FOR DESIGN I', u'NDINT2', u'ND: INTERIOR DESIGN', u'11', u'YEAR', u'D1', u'Durban Campus Full-time', u'A', u'40008095:MLAMBO', 24.0]
check 'DRDS102_YEAR_2018' 'DRDS102'
processXLS: only for SEM2 [u'DRDS102_YEAR_2018', u'DRDS102_YEAR_2017', u'DRDS102', u'DRAWING FOR DESIGN I', u'NDINT2', u'ND: INTERIOR DESIGN', u'11', u'YEAR', u'D1', u'Durban Campus Full-time', u'A', u'40008095:MLAMBO', 24.0]
[u'', u'', u'', u'', u'', u'', u'', u'', u'', u'', u'', u'', u'']
check '' ''
[u'DSGN101_YEAR_2018', u'DSGN101_YEAR_2017', u'DSGN101', u'DESIGN STUDIES I', u'NDIDF1', u'ND: INTERIOR DESIGN (4 YEARS)', u'11', u'YEAR', u'D1', u'Durban Campus Full-time', u'A', u'40008095:MLAMBO;40011337:THOMAS', 10.0]
check 'DSGN101_YEAR_2018' 'DSGN101'
processXLS: only for SEM2 [u'DSGN101_YEAR_2018', u'DSGN101_YEAR_2017', u'DSGN101', u'DESIGN STUDIES I', u'NDIDF1', u'ND: INTERIOR DESIGN (4 YEARS)', u'11', u'YEAR', u'D1', u'Durban Campus Full-time', u'A', u'40008095:MLAMBO;40011337:THOMAS', 10.0]
[u'DSGN101_YEAR_2018', u'DSGN101_YEAR_2017', u'DSGN101', u'DESIGN STUDIES I', u'NDINT2', u'ND: INTERIOR DESIGN', u'11', u'YEAR', u'D1', u'Durban Campus Full-time', u'A', u'40008095:MLAMBO;40011337:THOMAS', 24.0]
check 'DSGN101_YEAR_2018' 'DSGN101'
processXLS: only for SEM2 [u'DSGN101_YEAR_2018', u'DSGN101_YEAR_2017', u'DSGN101', u'DESIGN STUDIES I', u'NDINT2', u'ND: INTERIOR DESIGN', u'11', u'YEAR', u'D1', u'Durban Campus Full-time', u'A', u'40008095:MLAMBO;40011337:THOMAS', 24.0]
[u'', u'', u'', u'', u'', u'', u'', u'', u'', u'', u'', u'', u'']
check '' ''
[u'DSTC101_YEAR_2018', u'DSTC101_YEAR_2017', u'DSTC101', u'DESIGN TECHNOLOGY I', u'NDIDF1', u'ND: INTERIOR DESIGN (4 YEARS)', u'11', u'YEAR', u'D1', u'Durban Campus Full-time', u'A', u'40008095:MLAMBO', 10.0]
check 'DSTC101_YEAR_2018' 'DSTC101'
processXLS: only for SEM2 [u'DSTC101_YEAR_2018', u'DSTC101_YEAR_2017', u'DSTC101', u'DESIGN TECHNOLOGY I', u'NDIDF1', u'ND: INTERIOR DESIGN (4 YEARS)', u'11', u'YEAR', u'D1', u'Durban Campus Full-time', u'A', u'40008095:MLAMBO', 10.0]
[u'DSTC101_YEAR_2018', u'DSTC101_YEAR_2017', u'DSTC101', u'DESIGN TECHNOLOGY I', u'NDINT2', u'ND: INTERIOR DESIGN', u'11', u'YEAR', u'D1', u'Durban Campus Full-time', u'A', u'40008095:MLAMBO', 26.0]
check 'DSTC101_YEAR_2018' 'DSTC101'
processXLS: only for SEM2 [u'DSTC101_YEAR_2018', u'DSTC101_YEAR_2017', u'DSTC101', u'DESIGN TECHNOLOGY I', u'NDINT2', u'ND: INTERIOR DESIGN', u'11', u'YEAR', u'D1', u'Durban Campus Full-time', u'A', u'40008095:MLAMBO', 26.0]
[u'', u'', u'', u'', u'', u'', u'', u'', u'', u'', u'', u'', u'']
check '' ''
[u'DTCN102_YEAR_2018', u'DTCN102_YEAR_2017', u'DTCN102', u'DESIGN TECHNIQUES I', u'NDGDF1', u'ND: GRAPHIC DESIGN (4 YEARS)', u'11', u'YEAR', u'D1', u'Durban Campus Full-time', u'B', u'40010061:KNUDSEN', 2.0]
check 'DTCN102_YEAR_2018' 'DTCN102'
processXLS: only for SEM2 [u'DTCN102_YEAR_2018', u'DTCN102_YEAR_2017', u'DTCN102', u'DESIGN TECHNIQUES I', u'NDGDF1', u'ND: GRAPHIC DESIGN (4 YEARS)', u'11', u'YEAR', u'D1', u'Durban Campus Full-time', u'B', u'40010061:KNUDSEN', 2.0]
[u'DTCN102_YEAR_2018', u'DTCN102_YEAR_2017', u'DTCN102', u'DESIGN TECHNIQUES I', u'NDGDF1', u'ND: GRAPHIC DESIGN (4 YEARS)', u'11', u'YEAR', u'D1', u'Durban Campus Full-time', u'A', u'40010061:KNUDSEN', 2.0]
check 'DTCN102_YEAR_2018' 'DTCN102'
processXLS: only for SEM2 [u'DTCN102_YEAR_2018', u'DTCN102_YEAR_2017', u'DTCN102', u'DESIGN TECHNIQUES I', u'NDGDF1', u'ND: GRAPHIC DESIGN (4 YEARS)', u'11', u'YEAR', u'D1', u'Durban Campus Full-time', u'A', u'40010061:KNUDSEN', 2.0]
[u'DTCN102_YEAR_2018', u'DTCN102_YEAR_2017', u'DTCN102', u'DESIGN TECHNIQUES I', u'NDGDF1', u'ND: GRAPHIC DESIGN (4 YEARS)', u'11', u'YEAR', u'D1', u'Durban Campus Full-time', u'C', u'40010061:KNUDSEN', 1.0]
check 'DTCN102_YEAR_2018' 'DTCN102'
processXLS: only for SEM2 [u'DTCN102_YEAR_2018', u'DTCN102_YEAR_2017', u'DTCN102', u'DESIGN TECHNIQUES I', u'NDGDF1', u'ND: GRAPHIC DESIGN (4 YEARS)', u'11', u'YEAR', u'D1', u'Durban Campus Full-time', u'C', u'40010061:KNUDSEN', 1.0]
[u'DTCN102_YEAR_2018', u'DTCN102_YEAR_2017', u'DTCN102', u'DESIGN TECHNIQUES I', u'NDGRD2', u'ND: GRAPHIC DESIGN', u'11', u'YEAR', u'D1', u'Durban Campus Full-time', u'A', u'40010061:KNUDSEN', 21.0]
check 'DTCN102_YEAR_2018' 'DTCN102'
processXLS: only for SEM2 [u'DTCN102_YEAR_2018', u'DTCN102_YEAR_2017', u'DTCN102', u'DESIGN TECHNIQUES I', u'NDGRD2', u'ND: GRAPHIC DESIGN', u'11', u'YEAR', u'D1', u'Durban Campus Full-time', u'A', u'40010061:KNUDSEN', 21.0]
[u'DTCN102_YEAR_2018', u'DTCN102_YEAR_2017', u'DTCN102', u'DESIGN TECHNIQUES I', u'NDGRD2', u'ND: GRAPHIC DESIGN', u'11', u'YEAR', u'D1', u'Durban Campus Full-time', u'B', u'40010061:KNUDSEN', 20.0]
check 'DTCN102_YEAR_2018' 'DTCN102'
processXLS: only for SEM2 [u'DTCN102_YEAR_2018', u'DTCN102_YEAR_2017', u'DTCN102', u'DESIGN TECHNIQUES I', u'NDGRD2', u'ND: GRAPHIC DESIGN', u'11', u'YEAR', u'D1', u'Durban Campus Full-time', u'B', u'40010061:KNUDSEN', 20.0]
[u'DTCN102_YEAR_2018', u'DTCN102_YEAR_2017', u'DTCN102', u'DESIGN TECHNIQUES I', u'NDGRD2', u'ND: GRAPHIC DESIGN', u'11', u'YEAR', u'D1', u'Durban Campus Full-time', u'C', u'40010061:KNUDSEN', 22.0]
check 'DTCN102_YEAR_2018' 'DTCN102'
processXLS: only for SEM2 [u'DTCN102_YEAR_2018', u'DTCN102_YEAR_2017', u'DTCN102', u'DESIGN TECHNIQUES I', u'NDGRD2', u'ND: GRAPHIC DESIGN', u'11', u'YEAR', u'D1', u'Durban Campus Full-time', u'C', u'40010061:KNUDSEN', 22.0]
[u'', u'', u'', u'', u'', u'', u'', u'', u'', u'', u'', u'', u'']
check '' ''
[u'FCMM101_YEAR_2018', u'FCMM101_YEAR_2017', u'FCMM101', u'FUNDAMENTAL COMMUNICATION', u'NDGDF1', u'ND: GRAPHIC DESIGN (4 YEARS)', u'11', u'YEAR', u'D1', u'Durban Campus Full-time', u'A', u'50009885:COETZEE;50001172:CAREY', 9.0]
check 'FCMM101_YEAR_2018' 'FCMM101'
processXLS: only for SEM2 [u'FCMM101_YEAR_2018', u'FCMM101_YEAR_2017', u'FCMM101', u'FUNDAMENTAL COMMUNICATION', u'NDGDF1', u'ND: GRAPHIC DESIGN (4 YEARS)', u'11', u'YEAR', u'D1', u'Durban Campus Full-time', u'A', u'50009885:COETZEE;50001172:CAREY', 9.0]
[u'', u'', u'', u'', u'', u'', u'', u'', u'', u'', u'', u'', u'']
check '' ''
[u'FDST101_YEAR_2018', u'FDST101_YEAR_2017', u'FDST101', u'FUNDAMENTAL DESIGN TECHNIQUES', u'NDGDF1', u'ND: GRAPHIC DESIGN (4 YEARS)', u'11', u'YEAR', u'D1', u'Durban Campus Full-time', u'A', u'50012075:ANDERSON;50001172:CAREY', 9.0]
check 'FDST101_YEAR_2018' 'FDST101'
processXLS: only for SEM2 [u'FDST101_YEAR_2018', u'FDST101_YEAR_2017', u'FDST101', u'FUNDAMENTAL DESIGN TECHNIQUES', u'NDGDF1', u'ND: GRAPHIC DESIGN (4 YEARS)', u'11', u'YEAR', u'D1', u'Durban Campus Full-time', u'A', u'50012075:ANDERSON;50001172:CAREY', 9.0]
[u'', u'', u'', u'', u'', u'', u'', u'', u'', u'', u'', u'', u'']
check '' ''
[u'FGDS101_YEAR_2018', u'FGDS101_YEAR_2017', u'FGDS101', u'FUNDAMENTAL FOR GRAPHIC DESIGN', u'NDGDF1', u'ND: GRAPHIC DESIGN (4 YEARS)', u'11', u'YEAR', u'D1', u'Durban Campus Full-time', u'A', u'50009885:COETZEE;50001172:CAREY', 9.0]
check 'FGDS101_YEAR_2018' 'FGDS101'
processXLS: only for SEM2 [u'FGDS101_YEAR_2018', u'FGDS101_YEAR_2017', u'FGDS101', u'FUNDAMENTAL FOR GRAPHIC DESIGN', u'NDGDF1', u'ND: GRAPHIC DESIGN (4 YEARS)', u'11', u'YEAR', u'D1', u'Durban Campus Full-time', u'A', u'50009885:COETZEE;50001172:CAREY', 9.0]
[u'', u'', u'', u'', u'', u'', u'', u'', u'', u'', u'', u'', u'']
check '' ''
[u'FHAD101_YEAR_2018', u'FHAD101_YEAR_2017', u'FHAD101', u'FUNDAMENTAL HISTORY OF ART AND DESIGN', u'NDGDF1', u'ND: GRAPHIC DESIGN (4 YEARS)', u'11', u'YEAR', u'D1', u'Durban Campus Full-time', u'A', u'50013199:BROOKE;50001172:CAREY', 9.0]
check 'FHAD101_YEAR_2018' 'FHAD101'
processXLS: only for SEM2 [u'FHAD101_YEAR_2018', u'FHAD101_YEAR_2017', u'FHAD101', u'FUNDAMENTAL HISTORY OF ART AND DESIGN', u'NDGDF1', u'ND: GRAPHIC DESIGN (4 YEARS)', u'11', u'YEAR', u'D1', u'Durban Campus Full-time', u'A', u'50013199:BROOKE;50001172:CAREY', 9.0]
[u'', u'', u'', u'', u'', u'', u'', u'', u'', u'', u'', u'', u'']
check '' ''
[u'FPGD101_YEAR_2018', u'FPGD101_YEAR_2017', u'FPGD101', u'FUNDAMENTAL PROF GRAPHIC DESIGN PRACTICE', u'NDGDF1', u'ND: GRAPHIC DESIGN (4 YEARS)', u'11', u'YEAR', u'D1', u'Durban Campus Full-time', u'A', u'40004262:DU PLESSIS;50001172:CAREY', 9.0]
check 'FPGD101_YEAR_2018' 'FPGD101'
processXLS: only for SEM2 [u'FPGD101_YEAR_2018', u'FPGD101_YEAR_2017', u'FPGD101', u'FUNDAMENTAL PROF GRAPHIC DESIGN PRACTICE', u'NDGDF1', u'ND: GRAPHIC DESIGN (4 YEARS)', u'11', u'YEAR', u'D1', u'Durban Campus Full-time', u'A', u'40004262:DU PLESSIS;50001172:CAREY', 9.0]
[u'', u'', u'', u'', u'', u'', u'', u'', u'', u'', u'', u'', u'']
check '' ''
[u'GDDR102_YEAR_2018', u'GDDR102_YEAR_2017', u'GDDR102', u'GRAPHIC DESIGN DRAWING I', u'NDGDF1', u'ND: GRAPHIC DESIGN (4 YEARS)', u'11', u'YEAR', u'D1', u'Durban Campus Full-time', u'C', u'50001367:ZOEPKE', 1.0]
check 'GDDR102_YEAR_2018' 'GDDR102'
processXLS: only for SEM2 [u'GDDR102_YEAR_2018', u'GDDR102_YEAR_2017', u'GDDR102', u'GRAPHIC DESIGN DRAWING I', u'NDGDF1', u'ND: GRAPHIC DESIGN (4 YEARS)', u'11', u'YEAR', u'D1', u'Durban Campus Full-time', u'C', u'50001367:ZOEPKE', 1.0]
[u'GDDR102_YEAR_2018', u'GDDR102_YEAR_2017', u'GDDR102', u'GRAPHIC DESIGN DRAWING I', u'NDGDF1', u'ND: GRAPHIC DESIGN (4 YEARS)', u'11', u'YEAR', u'D1', u'Durban Campus Full-time', u'A', u'50001367:ZOEPKE', 2.0]
check 'GDDR102_YEAR_2018' 'GDDR102'
processXLS: only for SEM2 [u'GDDR102_YEAR_2018', u'GDDR102_YEAR_2017', u'GDDR102', u'GRAPHIC DESIGN DRAWING I', u'NDGDF1', u'ND: GRAPHIC DESIGN (4 YEARS)', u'11', u'YEAR', u'D1', u'Durban Campus Full-time', u'A', u'50001367:ZOEPKE', 2.0]
[u'GDDR102_YEAR_2018', u'GDDR102_YEAR_2017', u'GDDR102', u'GRAPHIC DESIGN DRAWING I', u'NDGDF1', u'ND: GRAPHIC DESIGN (4 YEARS)', u'11', u'YEAR', u'D1', u'Durban Campus Full-time', u'B', u'50001367:ZOEPKE', 2.0]
check 'GDDR102_YEAR_2018' 'GDDR102'
processXLS: only for SEM2 [u'GDDR102_YEAR_2018', u'GDDR102_YEAR_2017', u'GDDR102', u'GRAPHIC DESIGN DRAWING I', u'NDGDF1', u'ND: GRAPHIC DESIGN (4 YEARS)', u'11', u'YEAR', u'D1', u'Durban Campus Full-time', u'B', u'50001367:ZOEPKE', 2.0]
[u'GDDR102_YEAR_2018', u'GDDR102_YEAR_2017', u'GDDR102', u'GRAPHIC DESIGN DRAWING I', u'NDGRD2', u'ND: GRAPHIC DESIGN', u'11', u'YEAR', u'D1', u'Durban Campus Full-time', u'B', u'50001367:ZOEPKE', 19.0]
check 'GDDR102_YEAR_2018' 'GDDR102'
processXLS: only for SEM2 [u'GDDR102_YEAR_2018', u'GDDR102_YEAR_2017', u'GDDR102', u'GRAPHIC DESIGN DRAWING I', u'NDGRD2', u'ND: GRAPHIC DESIGN', u'11', u'YEAR', u'D1', u'Durban Campus Full-time', u'B', u'50001367:ZOEPKE', 19.0]
[u'GDDR102_YEAR_2018', u'GDDR102_YEAR_2017', u'GDDR102', u'GRAPHIC DESIGN DRAWING I', u'NDGRD2', u'ND: GRAPHIC DESIGN', u'11', u'YEAR', u'D1', u'Durban Campus Full-time', u'A', u'50001367:ZOEPKE', 24.0]
check 'GDDR102_YEAR_2018' 'GDDR102'
processXLS: only for SEM2 [u'GDDR102_YEAR_2018', u'GDDR102_YEAR_2017', u'GDDR102', u'GRAPHIC DESIGN DRAWING I', u'NDGRD2', u'ND: GRAPHIC DESIGN', u'11', u'YEAR', u'D1', u'Durban Campus Full-time', u'A', u'50001367:ZOEPKE', 24.0]
[u'GDDR102_YEAR_2018', u'GDDR102_YEAR_2017', u'GDDR102', u'GRAPHIC DESIGN DRAWING I', u'NDGRD2', u'ND: GRAPHIC DESIGN', u'11', u'YEAR', u'D1', u'Durban Campus Full-time', u'C', u'50001367:ZOEPKE', 21.0]
check 'GDDR102_YEAR_2018' 'GDDR102'
processXLS: only for SEM2 [u'GDDR102_YEAR_2018', u'GDDR102_YEAR_2017', u'GDDR102', u'GRAPHIC DESIGN DRAWING I', u'NDGRD2', u'ND: GRAPHIC DESIGN', u'11', u'YEAR', u'D1', u'Durban Campus Full-time', u'C', u'50001367:ZOEPKE', 21.0]
[u'', u'', u'', u'', u'', u'', u'', u'', u'', u'', u'', u'', u'']
check '' ''
[u'HADS101_YEAR_2018', u'HADS101_YEAR_2017', u'HADS101', u'HISTORY OF ART & DESIGN I', u'NDIDF1', u'ND: INTERIOR DESIGN (4 YEARS)', u'11', u'YEAR', u'D1', u'Durban Campus Full-time', u'A', u'40008095:MLAMBO', 11.0]
check 'HADS101_YEAR_2018' 'HADS101'
processXLS: only for SEM2 [u'HADS101_YEAR_2018', u'HADS101_YEAR_2017', u'HADS101', u'HISTORY OF ART & DESIGN I', u'NDIDF1', u'ND: INTERIOR DESIGN (4 YEARS)', u'11', u'YEAR', u'D1', u'Durban Campus Full-time', u'A', u'40008095:MLAMBO', 11.0]
[u'HADS101_YEAR_2018', u'HADS101_YEAR_2017', u'HADS101', u'HISTORY OF ART & DESIGN I', u'NDINT2', u'ND: INTERIOR DESIGN', u'11', u'YEAR', u'D1', u'Durban Campus Full-time', u'A', u'40008095:MLAMBO', 25.0]
check 'HADS101_YEAR_2018' 'HADS101'
processXLS: only for SEM2 [u'HADS101_YEAR_2018', u'HADS101_YEAR_2017', u'HADS101', u'HISTORY OF ART & DESIGN I', u'NDINT2', u'ND: INTERIOR DESIGN', u'11', u'YEAR', u'D1', u'Durban Campus Full-time', u'A', u'40008095:MLAMBO', 25.0]
[u'', u'', u'', u'', u'', u'', u'', u'', u'', u'', u'', u'', u'']
check '' ''
[u'HIST102_YEAR_2018', u'HIST102_YEAR_2017', u'HIST102', u'HISTORY OF ART AND DESIGN I', u'NDGDF1', u'ND: GRAPHIC DESIGN (4 YEARS)', u'11', u'YEAR', u'D1', u'Durban Campus Full-time', u'A', u'40003329:Ravjee', 6.0]
check 'HIST102_YEAR_2018' 'HIST102'
processXLS: only for SEM2 [u'HIST102_YEAR_2018', u'HIST102_YEAR_2017', u'HIST102', u'HISTORY OF ART AND DESIGN I', u'NDGDF1', u'ND: GRAPHIC DESIGN (4 YEARS)', u'11', u'YEAR', u'D1', u'Durban Campus Full-time', u'A', u'40003329:Ravjee', 6.0]
[u'HIST102_YEAR_2018', u'HIST102_YEAR_2017', u'HIST102', u'HISTORY OF ART AND DESIGN I', u'NDGRD2', u'ND: GRAPHIC DESIGN', u'11', u'YEAR', u'D1', u'Durban Campus Full-time', u'A', u'40003329:Ravjee', 64.0]
check 'HIST102_YEAR_2018' 'HIST102'
processXLS: only for SEM2 [u'HIST102_YEAR_2018', u'HIST102_YEAR_2017', u'HIST102', u'HISTORY OF ART AND DESIGN I', u'NDGRD2', u'ND: GRAPHIC DESIGN', u'11', u'YEAR', u'D1', u'Durban Campus Full-time', u'A', u'40003329:Ravjee', 64.0]
[u'', u'', u'', u'', u'', u'', u'', u'', u'', u'', u'', u'', u'']
check '' ''
[u'PDPR101_YEAR_2018', u'PDPR101_YEAR_2017', u'PDPR101', u'PROFESSIONAL DESIGN PRACTICE I', u'NDIDF1', u'ND: INTERIOR DESIGN (4 YEARS)', u'11', u'YEAR', u'D1', u'Durban Campus Full-time', u'A', u'50002046:BARRETT', 10.0]
check 'PDPR101_YEAR_2018' 'PDPR101'
processXLS: only for SEM2 [u'PDPR101_YEAR_2018', u'PDPR101_YEAR_2017', u'PDPR101', u'PROFESSIONAL DESIGN PRACTICE I', u'NDIDF1', u'ND: INTERIOR DESIGN (4 YEARS)', u'11', u'YEAR', u'D1', u'Durban Campus Full-time', u'A', u'50002046:BARRETT', 10.0]
[u'PDPR101_YEAR_2018', u'PDPR101_YEAR_2017', u'PDPR101', u'PROFESSIONAL DESIGN PRACTICE I', u'NDINT2', u'ND: INTERIOR DESIGN', u'11', u'YEAR', u'D1', u'Durban Campus Full-time', u'A', u'50002046:BARRETT', 26.0]
check 'PDPR101_YEAR_2018' 'PDPR101'
processXLS: only for SEM2 [u'PDPR101_YEAR_2018', u'PDPR101_YEAR_2017', u'PDPR101', u'PROFESSIONAL DESIGN PRACTICE I', u'NDINT2', u'ND: INTERIOR DESIGN', u'11', u'YEAR', u'D1', u'Durban Campus Full-time', u'A', u'50002046:BARRETT', 26.0]
[u'', u'', u'', u'', u'', u'', u'', u'', u'', u'', u'', u'', u'']
check '' ''
[u'PFPR101_YEAR_2018', u'PFPR101_YEAR_2017', u'PFPR101', u'PROFESSIONAL PRACTICE I', u'NDPHF1', u'ND: PHOTOGRAPHY (4 YEARS)', u'11', u'YEAR', u'D1', u'Durban Campus Full-time', u'A', u'50002108:KHUBISA', 4.0]
check 'PFPR101_YEAR_2018' 'PFPR101'
processXLS: only for SEM2 [u'PFPR101_YEAR_2018', u'PFPR101_YEAR_2017', u'PFPR101', u'PROFESSIONAL PRACTICE I', u'NDPHF1', u'ND: PHOTOGRAPHY (4 YEARS)', u'11', u'YEAR', u'D1', u'Durban Campus Full-time', u'A', u'50002108:KHUBISA', 4.0]
[u'PFPR101_YEAR_2018', u'PFPR101_YEAR_2017', u'PFPR101', u'PROFESSIONAL PRACTICE I', u'NDPHT1', u'ND: PHOTOGRAPHY', u'11', u'YEAR', u'D1', u'Durban Campus Full-time', u'A', u'50002108:KHUBISA', 29.0]
check 'PFPR101_YEAR_2018' 'PFPR101'
processXLS: only for SEM2 [u'PFPR101_YEAR_2018', u'PFPR101_YEAR_2017', u'PFPR101', u'PROFESSIONAL PRACTICE I', u'NDPHT1', u'ND: PHOTOGRAPHY', u'11', u'YEAR', u'D1', u'Durban Campus Full-time', u'A', u'50002108:KHUBISA', 29.0]
[u'', u'', u'', u'', u'', u'', u'', u'', u'', u'', u'', u'', u'']
check '' ''
[u'PROF102_YEAR_2018', u'PROF102_YEAR_2017', u'PROF102', u'PROFESSIONAL GRAPHIC DESIGN PRACTICE I', u'NDGDF1', u'ND: GRAPHIC DESIGN (4 YEARS)', u'11', u'YEAR', u'D1', u'Durban Campus Full-time', u'A', u'40013366:HUMAN;50001367:ZOEPKE', 6.0]
check 'PROF102_YEAR_2018' 'PROF102'
processXLS: only for SEM2 [u'PROF102_YEAR_2018', u'PROF102_YEAR_2017', u'PROF102', u'PROFESSIONAL GRAPHIC DESIGN PRACTICE I', u'NDGDF1', u'ND: GRAPHIC DESIGN (4 YEARS)', u'11', u'YEAR', u'D1', u'Durban Campus Full-time', u'A', u'40013366:HUMAN;50001367:ZOEPKE', 6.0]
[u'PROF102_YEAR_2018', u'PROF102_YEAR_2017', u'PROF102', u'PROFESSIONAL GRAPHIC DESIGN PRACTICE I', u'NDGRD2', u'ND: GRAPHIC DESIGN', u'11', u'YEAR', u'D1', u'Durban Campus Full-time', u'A', u'40013366:HUMAN;50001367:ZOEPKE', 63.0]
check 'PROF102_YEAR_2018' 'PROF102'
processXLS: only for SEM2 [u'PROF102_YEAR_2018', u'PROF102_YEAR_2017', u'PROF102', u'PROFESSIONAL GRAPHIC DESIGN PRACTICE I', u'NDGRD2', u'ND: GRAPHIC DESIGN', u'11', u'YEAR', u'D1', u'Durban Campus Full-time', u'A', u'40013366:HUMAN;50001367:ZOEPKE', 63.0]
[u'', u'', u'', u'', u'', u'', u'', u'', u'', u'', u'', u'', u'']
check '' ''
[u'RMTQ102_YEAR_2018', u'RMTQ102_YEAR_2017', u'RMTQ102', u'RESEARCH METHODS AND TECHNIQUES I', u'BTPHT1', u'BT: PHOTOGRAPHY', u'11', u'YEAR', u'D1', u'Durban Campus Full-time', u'A', u'50050304:Bhorat', 4.0]
check 'RMTQ102_YEAR_2018' 'RMTQ102'
processXLS: only for SEM2 [u'RMTQ102_YEAR_2018', u'RMTQ102_YEAR_2017', u'RMTQ102', u'RESEARCH METHODS AND TECHNIQUES I', u'BTPHT1', u'BT: PHOTOGRAPHY', u'11', u'YEAR', u'D1', u'Durban Campus Full-time', u'A', u'50050304:Bhorat', 4.0]
[u'RMTQ102_YEAR_2018', u'RMTQ102_YEAR_2017', u'RMTQ102', u'RESEARCH METHODS AND TECHNIQUES I', u'BTPHT1', u'BT: PHOTOGRAPHY', u'11', u'YEAR', u'D3', u'Durban Campus Part-time', u'A', u'50050304:Bhorat', 1.0]
check 'RMTQ102_YEAR_2018' 'RMTQ102'
processXLS: only for SEM2 [u'RMTQ102_YEAR_2018', u'RMTQ102_YEAR_2017', u'RMTQ102', u'RESEARCH METHODS AND TECHNIQUES I', u'BTPHT1', u'BT: PHOTOGRAPHY', u'11', u'YEAR', u'D3', u'Durban Campus Part-time', u'A', u'50050304:Bhorat', 1.0]
[u'', u'', u'', u'', u'', u'', u'', u'', u'', u'', u'', u'', u'']
check '' ''
[u'THPH102_YEAR_2018', u'THPH102_YEAR_2017', u'THPH102', u'THEORY OF PHOTOGRAPHY I', u'NDPHF1', u'ND: PHOTOGRAPHY (4 YEARS)', u'11', u'YEAR', u'D1', u'Durban Campus Full-time', u'A', u'50051205:RAMPERSAD', 4.0]
check 'THPH102_YEAR_2018' 'THPH102'
processXLS: only for SEM2 [u'THPH102_YEAR_2018', u'THPH102_YEAR_2017', u'THPH102', u'THEORY OF PHOTOGRAPHY I', u'NDPHF1', u'ND: PHOTOGRAPHY (4 YEARS)', u'11', u'YEAR', u'D1', u'Durban Campus Full-time', u'A', u'50051205:RAMPERSAD', 4.0]
[u'THPH102_YEAR_2018', u'THPH102_YEAR_2017', u'THPH102', u'THEORY OF PHOTOGRAPHY I', u'NDPHT1', u'ND: PHOTOGRAPHY', u'11', u'YEAR', u'D1', u'Durban Campus Full-time', u'A', u'50051205:RAMPERSAD', 29.0]
check 'THPH102_YEAR_2018' 'THPH102'
processXLS: only for SEM2 [u'THPH102_YEAR_2018', u'THPH102_YEAR_2017', u'THPH102', u'THEORY OF PHOTOGRAPHY I', u'NDPHT1', u'ND: PHOTOGRAPHY', u'11', u'YEAR', u'D1', u'Durban Campus Full-time', u'A', u'50051205:RAMPERSAD', 29.0]
[u'', u'', u'', u'', u'', u'', u'', u'', u'', u'', u'', u'', u'']
check '' ''
[u'VCOM102_YEAR_2018', u'VCOM102_YEAR_2017', u'VCOM102', u'VISUAL COMMUNICATION I', u'NDPHF1', u'ND: PHOTOGRAPHY (4 YEARS)', u'11', u'YEAR', u'D1', u'Durban Campus Full-time', u'A', u'50051205:RAMPERSAD', 4.0]
check 'VCOM102_YEAR_2018' 'VCOM102'
processXLS: only for SEM2 [u'VCOM102_YEAR_2018', u'VCOM102_YEAR_2017', u'VCOM102', u'VISUAL COMMUNICATION I', u'NDPHF1', u'ND: PHOTOGRAPHY (4 YEARS)', u'11', u'YEAR', u'D1', u'Durban Campus Full-time', u'A', u'50051205:RAMPERSAD', 4.0]
[u'VCOM102_YEAR_2018', u'VCOM102_YEAR_2017', u'VCOM102', u'VISUAL COMMUNICATION I', u'NDPHT1', u'ND: PHOTOGRAPHY', u'11', u'YEAR', u'D1', u'Durban Campus Full-time', u'A', u'50051205:RAMPERSAD', 30.0]
check 'VCOM102_YEAR_2018' 'VCOM102'
processXLS: only for SEM2 [u'VCOM102_YEAR_2018', u'VCOM102_YEAR_2017', u'VCOM102', u'VISUAL COMMUNICATION I', u'NDPHT1', u'ND: PHOTOGRAPHY', u'11', u'YEAR', u'D1', u'Durban Campus Full-time', u'A', u'50051205:RAMPERSAD', 30.0]
[u'', u'', u'', u'', u'', u'', u'', u'', u'', u'', u'', u'', u'']
check '' ''
[u'APHT201_YEAR_2018', u'APHT201_YEAR_2017', u'APHT201', u'APPLIED PHOTOGRAPHY II', u'NDPHF1', u'ND: PHOTOGRAPHY (4 YEARS)', u'11', u'YEAR', u'D1', u'Durban Campus Full-time', u'A', u'50002108:KHUBISA', 5.0]
check 'APHT201_YEAR_2018' 'APHT201'
processXLS: only for SEM2 [u'APHT201_YEAR_2018', u'APHT201_YEAR_2017', u'APHT201', u'APPLIED PHOTOGRAPHY II', u'NDPHF1', u'ND: PHOTOGRAPHY (4 YEARS)', u'11', u'YEAR', u'D1', u'Durban Campus Full-time', u'A', u'50002108:KHUBISA', 5.0]
[u'APHT201_YEAR_2018', u'APHT201_YEAR_2017', u'APHT201', u'APPLIED PHOTOGRAPHY II', u'NDPHT1', u'ND: PHOTOGRAPHY', u'11', u'YEAR', u'D1', u'Durban Campus Full-time', u'A', u'50002108:KHUBISA', 21.0]
check 'APHT201_YEAR_2018' 'APHT201'
processXLS: only for SEM2 [u'APHT201_YEAR_2018', u'APHT201_YEAR_2017', u'APHT201', u'APPLIED PHOTOGRAPHY II', u'NDPHT1', u'ND: PHOTOGRAPHY', u'11', u'YEAR', u'D1', u'Durban Campus Full-time', u'A', u'50002108:KHUBISA', 21.0]
[u'', u'', u'', u'', u'', u'', u'', u'', u'', u'', u'', u'', u'']
check '' ''
[u'CDGD202_YEAR_2018', u'CDGD202_YEAR_2017', u'CDGD202', u'COMMUNICATION DESIGN II', u'NDGDF1', u'ND: GRAPHIC DESIGN (4 YEARS)', u'11', u'YEAR', u'D1', u'Durban Campus Full-time', u'A', u'40002483:ZAMA', 5.0]
check 'CDGD202_YEAR_2018' 'CDGD202'
processXLS: only for SEM2 [u'CDGD202_YEAR_2018', u'CDGD202_YEAR_2017', u'CDGD202', u'COMMUNICATION DESIGN II', u'NDGDF1', u'ND: GRAPHIC DESIGN (4 YEARS)', u'11', u'YEAR', u'D1', u'Durban Campus Full-time', u'A', u'40002483:ZAMA', 5.0]
[u'CDGD202_YEAR_2018', u'CDGD202_YEAR_2017', u'CDGD202', u'COMMUNICATION DESIGN II', u'NDGDF1', u'ND: GRAPHIC DESIGN (4 YEARS)', u'11', u'YEAR', u'D1', u'Durban Campus Full-time', u'B', u'40002483:ZAMA', 3.0]
check 'CDGD202_YEAR_2018' 'CDGD202'
processXLS: only for SEM2 [u'CDGD202_YEAR_2018', u'CDGD202_YEAR_2017', u'CDGD202', u'COMMUNICATION DESIGN II', u'NDGDF1', u'ND: GRAPHIC DESIGN (4 YEARS)', u'11', u'YEAR', u'D1', u'Durban Campus Full-time', u'B', u'40002483:ZAMA', 3.0]
[u'CDGD202_YEAR_2018', u'CDGD202_YEAR_2017', u'CDGD202', u'COMMUNICATION DESIGN II', u'NDGRD2', u'ND: GRAPHIC DESIGN', u'11', u'YEAR', u'D1', u'Durban Campus Full-time', u'A', u'40002483:ZAMA', 18.0]
check 'CDGD202_YEAR_2018' 'CDGD202'
processXLS: only for SEM2 [u'CDGD202_YEAR_2018', u'CDGD202_YEAR_2017', u'CDGD202', u'COMMUNICATION DESIGN II', u'NDGRD2', u'ND: GRAPHIC DESIGN', u'11', u'YEAR', u'D1', u'Durban Campus Full-time', u'A', u'40002483:ZAMA', 18.0]
[u'CDGD202_YEAR_2018', u'CDGD202_YEAR_2017', u'CDGD202', u'COMMUNICATION DESIGN II', u'NDGRD2', u'ND: GRAPHIC DESIGN', u'11', u'YEAR', u'D1', u'Durban Campus Full-time', u'B', u'40002483:ZAMA', 14.0]
check 'CDGD202_YEAR_2018' 'CDGD202'
processXLS: only for SEM2 [u'CDGD202_YEAR_2018', u'CDGD202_YEAR_2017', u'CDGD202', u'COMMUNICATION DESIGN II', u'NDGRD2', u'ND: GRAPHIC DESIGN', u'11', u'YEAR', u'D1', u'Durban Campus Full-time', u'B', u'40002483:ZAMA', 14.0]
[u'', u'', u'', u'', u'', u'', u'', u'', u'', u'', u'', u'', u'']
check '' ''
[u'DSTC201_YEAR_2018', u'DSTC201_YEAR_2017', u'DSTC201', u'DESIGN TECHNOLOGY II', u'NDIDF1', u'ND: INTERIOR DESIGN (4 YEARS)', u'11', u'YEAR', u'D1', u'Durban Campus Full-time', u'A', u'50002046:BARRETT;40008095:MLAMBO;40007766:KEMM', 3.0]
check 'DSTC201_YEAR_2018' 'DSTC201'
processXLS: only for SEM2 [u'DSTC201_YEAR_2018', u'DSTC201_YEAR_2017', u'DSTC201', u'DESIGN TECHNOLOGY II', u'NDIDF1', u'ND: INTERIOR DESIGN (4 YEARS)', u'11', u'YEAR', u'D1', u'Durban Campus Full-time', u'A', u'50002046:BARRETT;40008095:MLAMBO;40007766:KEMM', 3.0]
[u'DSTC201_YEAR_2018', u'DSTC201_YEAR_2017', u'DSTC201', u'DESIGN TECHNOLOGY II', u'NDINT2', u'ND: INTERIOR DESIGN', u'11', u'YEAR', u'D1', u'Durban Campus Full-time', u'A', u'50002046:BARRETT;40008095:MLAMBO;40007766:KEMM', 16.0]
check 'DSTC201_YEAR_2018' 'DSTC201'
processXLS: only for SEM2 [u'DSTC201_YEAR_2018', u'DSTC201_YEAR_2017', u'DSTC201', u'DESIGN TECHNOLOGY II', u'NDINT2', u'ND: INTERIOR DESIGN', u'11', u'YEAR', u'D1', u'Durban Campus Full-time', u'A', u'50002046:BARRETT;40008095:MLAMBO;40007766:KEMM', 16.0]
[u'', u'', u'', u'', u'', u'', u'', u'', u'', u'', u'', u'', u'']
check '' ''
[u'DSTH201_YEAR_2018', u'DSTH201_YEAR_2017', u'DSTH201', u'DESIGN THEORY II', u'NDIDF1', u'ND: INTERIOR DESIGN (4 YEARS)', u'11', u'YEAR', u'D1', u'Durban Campus Full-time', u'A', u'40004627:HANKINSON', 3.0]
check 'DSTH201_YEAR_2018' 'DSTH201'
processXLS: only for SEM2 [u'DSTH201_YEAR_2018', u'DSTH201_YEAR_2017', u'DSTH201', u'DESIGN THEORY II', u'NDIDF1', u'ND: INTERIOR DESIGN (4 YEARS)', u'11', u'YEAR', u'D1', u'Durban Campus Full-time', u'A', u'40004627:HANKINSON', 3.0]
[u'DSTH201_YEAR_2018', u'DSTH201_YEAR_2017', u'DSTH201', u'DESIGN THEORY II', u'NDINT2', u'ND: INTERIOR DESIGN', u'11', u'YEAR', u'D1', u'Durban Campus Full-time', u'A', u'40004627:HANKINSON', 15.0]
check 'DSTH201_YEAR_2018' 'DSTH201'
processXLS: only for SEM2 [u'DSTH201_YEAR_2018', u'DSTH201_YEAR_2017', u'DSTH201', u'DESIGN THEORY II', u'NDINT2', u'ND: INTERIOR DESIGN', u'11', u'YEAR', u'D1', u'Durban Campus Full-time', u'A', u'40004627:HANKINSON', 15.0]
[u'', u'', u'', u'', u'', u'', u'', u'', u'', u'', u'', u'', u'']
check '' ''
[u'DTCN202_YEAR_2018', u'DTCN202_YEAR_2017', u'DTCN202', u'DESIGN TECHNIQUES II', u'NDGDF1', u'ND: GRAPHIC DESIGN (4 YEARS)', u'11', u'YEAR', u'D1', u'Durban Campus Full-time', u'A', u'50001367:ZOEPKE;40013556:SUBRAMONEY;THOMAS:40011337', 4.0]
check 'DTCN202_YEAR_2018' 'DTCN202'
processXLS: only for SEM2 [u'DTCN202_YEAR_2018', u'DTCN202_YEAR_2017', u'DTCN202', u'DESIGN TECHNIQUES II', u'NDGDF1', u'ND: GRAPHIC DESIGN (4 YEARS)', u'11', u'YEAR', u'D1', u'Durban Campus Full-time', u'A', u'50001367:ZOEPKE;40013556:SUBRAMONEY;THOMAS:40011337', 4.0]
[u'DTCN202_YEAR_2018', u'DTCN202_YEAR_2017', u'DTCN202', u'DESIGN TECHNIQUES II', u'NDGDF1', u'ND: GRAPHIC DESIGN (4 YEARS)', u'11', u'YEAR', u'D1', u'Durban Campus Full-time', u'B', u'50001367:ZOEPKE;40013556:SUBRAMONEY;THOMAS:40011337', 3.0]
check 'DTCN202_YEAR_2018' 'DTCN202'
processXLS: only for SEM2 [u'DTCN202_YEAR_2018', u'DTCN202_YEAR_2017', u'DTCN202', u'DESIGN TECHNIQUES II', u'NDGDF1', u'ND: GRAPHIC DESIGN (4 YEARS)', u'11', u'YEAR', u'D1', u'Durban Campus Full-time', u'B', u'50001367:ZOEPKE;40013556:SUBRAMONEY;THOMAS:40011337', 3.0]
[u'DTCN202_YEAR_2018', u'DTCN202_YEAR_2017', u'DTCN202', u'DESIGN TECHNIQUES II', u'NDGRD2', u'ND: GRAPHIC DESIGN', u'11', u'YEAR', u'D1', u'Durban Campus Full-time', u'A', u'50001367:ZOEPKE;40013556:SUBRAMONEY;THOMAS:40011337', 18.0]
check 'DTCN202_YEAR_2018' 'DTCN202'
processXLS: only for SEM2 [u'DTCN202_YEAR_2018', u'DTCN202_YEAR_2017', u'DTCN202', u'DESIGN TECHNIQUES II', u'NDGRD2', u'ND: GRAPHIC DESIGN', u'11', u'YEAR', u'D1', u'Durban Campus Full-time', u'A', u'50001367:ZOEPKE;40013556:SUBRAMONEY;THOMAS:40011337', 18.0]
[u'DTCN202_YEAR_2018', u'DTCN202_YEAR_2017', u'DTCN202', u'DESIGN TECHNIQUES II', u'NDGRD2', u'ND: GRAPHIC DESIGN', u'11', u'YEAR', u'D1', u'Durban Campus Full-time', u'B', u'50001367:ZOEPKE;40013556:SUBRAMONEY;THOMAS:40011337', 13.0]
check 'DTCN202_YEAR_2018' 'DTCN202'
processXLS: only for SEM2 [u'DTCN202_YEAR_2018', u'DTCN202_YEAR_2017', u'DTCN202', u'DESIGN TECHNIQUES II', u'NDGRD2', u'ND: GRAPHIC DESIGN', u'11', u'YEAR', u'D1', u'Durban Campus Full-time', u'B', u'50001367:ZOEPKE;40013556:SUBRAMONEY;THOMAS:40011337', 13.0]
[u'', u'', u'', u'', u'', u'', u'', u'', u'', u'', u'', u'', u'']
check '' ''
[u'GDDR202_YEAR_2018', u'GDDR202_YEAR_2017', u'GDDR202', u'GRAPHIC DESIGN DRAWING II', u'NDGDF1', u'ND: GRAPHIC DESIGN (4 YEARS)', u'11', u'YEAR', u'D1', u'Durban Campus Full-time', u'A', u'40010061:KNUDSEN', 4.0]
check 'GDDR202_YEAR_2018' 'GDDR202'
processXLS: only for SEM2 [u'GDDR202_YEAR_2018', u'GDDR202_YEAR_2017', u'GDDR202', u'GRAPHIC DESIGN DRAWING II', u'NDGDF1', u'ND: GRAPHIC DESIGN (4 YEARS)', u'11', u'YEAR', u'D1', u'Durban Campus Full-time', u'A', u'40010061:KNUDSEN', 4.0]
[u'GDDR202_YEAR_2018', u'GDDR202_YEAR_2017', u'GDDR202', u'GRAPHIC DESIGN DRAWING II', u'NDGDF1', u'ND: GRAPHIC DESIGN (4 YEARS)', u'11', u'YEAR', u'D1', u'Durban Campus Full-time', u'B', u'40010061:KNUDSEN', 4.0]
check 'GDDR202_YEAR_2018' 'GDDR202'
processXLS: only for SEM2 [u'GDDR202_YEAR_2018', u'GDDR202_YEAR_2017', u'GDDR202', u'GRAPHIC DESIGN DRAWING II', u'NDGDF1', u'ND: GRAPHIC DESIGN (4 YEARS)', u'11', u'YEAR', u'D1', u'Durban Campus Full-time', u'B', u'40010061:KNUDSEN', 4.0]
[u'GDDR202_YEAR_2018', u'GDDR202_YEAR_2017', u'GDDR202', u'GRAPHIC DESIGN DRAWING II', u'NDGRD2', u'ND: GRAPHIC DESIGN', u'11', u'YEAR', u'D1', u'Durban Campus Full-time', u'B', u'40010061:KNUDSEN', 13.0]
check 'GDDR202_YEAR_2018' 'GDDR202'
processXLS: only for SEM2 [u'GDDR202_YEAR_2018', u'GDDR202_YEAR_2017', u'GDDR202', u'GRAPHIC DESIGN DRAWING II', u'NDGRD2', u'ND: GRAPHIC DESIGN', u'11', u'YEAR', u'D1', u'Durban Campus Full-time', u'B', u'40010061:KNUDSEN', 13.0]
[u'GDDR202_YEAR_2018', u'GDDR202_YEAR_2017', u'GDDR202', u'GRAPHIC DESIGN DRAWING II', u'NDGRD2', u'ND: GRAPHIC DESIGN', u'11', u'YEAR', u'D1', u'Durban Campus Full-time', u'A', u'40010061:KNUDSEN', 20.0]
check 'GDDR202_YEAR_2018' 'GDDR202'
processXLS: only for SEM2 [u'GDDR202_YEAR_2018', u'GDDR202_YEAR_2017', u'GDDR202', u'GRAPHIC DESIGN DRAWING II', u'NDGRD2', u'ND: GRAPHIC DESIGN', u'11', u'YEAR', u'D1', u'Durban Campus Full-time', u'A', u'40010061:KNUDSEN', 20.0]
[u'', u'', u'', u'', u'', u'', u'', u'', u'', u'', u'', u'', u'']
check '' ''
[u'HGDS202_YEAR_2018', u'HGDS202_YEAR_2017', u'HGDS202', u'HISTORY AND THEORY OF GRAPHIC DESIGN II', u'NDGDF1', u'ND: GRAPHIC DESIGN (4 YEARS)', u'11', u'YEAR', u'D1', u'Durban Campus Full-time', u'A', u'50001064:Kethro', 6.0]
check 'HGDS202_YEAR_2018' 'HGDS202'
processXLS: only for SEM2 [u'HGDS202_YEAR_2018', u'HGDS202_YEAR_2017', u'HGDS202', u'HISTORY AND THEORY OF GRAPHIC DESIGN II', u'NDGDF1', u'ND: GRAPHIC DESIGN (4 YEARS)', u'11', u'YEAR', u'D1', u'Durban Campus Full-time', u'A', u'50001064:Kethro', 6.0]
[u'HGDS202_YEAR_2018', u'HGDS202_YEAR_2017', u'HGDS202', u'HISTORY AND THEORY OF GRAPHIC DESIGN II', u'NDGRD2', u'ND: GRAPHIC DESIGN', u'11', u'YEAR', u'D1', u'Durban Campus Full-time', u'A', u'50001064:Kethro', 31.0]
check 'HGDS202_YEAR_2018' 'HGDS202'
processXLS: only for SEM2 [u'HGDS202_YEAR_2018', u'HGDS202_YEAR_2017', u'HGDS202', u'HISTORY AND THEORY OF GRAPHIC DESIGN II', u'NDGRD2', u'ND: GRAPHIC DESIGN', u'11', u'YEAR', u'D1', u'Durban Campus Full-time', u'A', u'50001064:Kethro', 31.0]
[u'', u'', u'', u'', u'', u'', u'', u'', u'', u'', u'', u'', u'']
check '' ''
[u'IDSN202_YEAR_2018', u'IDSN202_YEAR_2017', u'IDSN202', u'INTERIOR DESIGN II', u'NDIDF1', u'ND: INTERIOR DESIGN (4 YEARS)', u'11', u'YEAR', u'D1', u'Durban Campus Full-time', u'A', u'40007766:KEMM', 3.0]
check 'IDSN202_YEAR_2018' 'IDSN202'
processXLS: only for SEM2 [u'IDSN202_YEAR_2018', u'IDSN202_YEAR_2017', u'IDSN202', u'INTERIOR DESIGN II', u'NDIDF1', u'ND: INTERIOR DESIGN (4 YEARS)', u'11', u'YEAR', u'D1', u'Durban Campus Full-time', u'A', u'40007766:KEMM', 3.0]
[u'IDSN202_YEAR_2018', u'IDSN202_YEAR_2017', u'IDSN202', u'INTERIOR DESIGN II', u'NDINT2', u'ND: INTERIOR DESIGN', u'11', u'YEAR', u'D1', u'Durban Campus Full-time', u'A', u'40007766:KEMM', 17.0]
check 'IDSN202_YEAR_2018' 'IDSN202'
processXLS: only for SEM2 [u'IDSN202_YEAR_2018', u'IDSN202_YEAR_2017', u'IDSN202', u'INTERIOR DESIGN II', u'NDINT2', u'ND: INTERIOR DESIGN', u'11', u'YEAR', u'D1', u'Durban Campus Full-time', u'A', u'40007766:KEMM', 17.0]
[u'', u'', u'', u'', u'', u'', u'', u'', u'', u'', u'', u'', u'']
check '' ''
[u'JDRG202_YEAR_2018', u'JDRG202_YEAR_2017', u'JDRG202', u'JEWELLERY DRAWING II', u'NDJDF1', u'ND: JEWELLERY DES & MANUFACT (4 YEARS)', u'11', u'YEAR', u'D1', u'Durban Campus Full-time', u'A', u'50001027:WASSERMAN', 7.0]
check 'JDRG202_YEAR_2018' 'JDRG202'
processXLS: only for SEM2 [u'JDRG202_YEAR_2018', u'JDRG202_YEAR_2017', u'JDRG202', u'JEWELLERY DRAWING II', u'NDJDF1', u'ND: JEWELLERY DES & MANUFACT (4 YEARS)', u'11', u'YEAR', u'D1', u'Durban Campus Full-time', u'A', u'50001027:WASSERMAN', 7.0]
[u'JDRG202_YEAR_2018', u'JDRG202_YEAR_2017', u'JDRG202', u'JEWELLERY DRAWING II', u'NDJDM1', u'ND: JEWELLERY DESIGN AND MANUFACTURE', u'11', u'YEAR', u'D1', u'Durban Campus Full-time', u'A', u'50001027:WASSERMAN', 9.0]
check 'JDRG202_YEAR_2018' 'JDRG202'
processXLS: only for SEM2 [u'JDRG202_YEAR_2018', u'JDRG202_YEAR_2017', u'JDRG202', u'JEWELLERY DRAWING II', u'NDJDM1', u'ND: JEWELLERY DESIGN AND MANUFACTURE', u'11', u'YEAR', u'D1', u'Durban Campus Full-time', u'A', u'50001027:WASSERMAN', 9.0]
[u'', u'', u'', u'', u'', u'', u'', u'', u'', u'', u'', u'', u'']
check '' ''
[u'PDPR201_YEAR_2018', u'PDPR201_YEAR_2017', u'PDPR201', u'PROFESSIONAL DESIGN PRACTICE II', u'NDIDF1', u'ND: INTERIOR DESIGN (4 YEARS)', u'11', u'YEAR', u'D1', u'Durban Campus Full-time', u'A', u'40007766:KEMM', 3.0]
check 'PDPR201_YEAR_2018' 'PDPR201'
processXLS: only for SEM2 [u'PDPR201_YEAR_2018', u'PDPR201_YEAR_2017', u'PDPR201', u'PROFESSIONAL DESIGN PRACTICE II', u'NDIDF1', u'ND: INTERIOR DESIGN (4 YEARS)', u'11', u'YEAR', u'D1', u'Durban Campus Full-time', u'A', u'40007766:KEMM', 3.0]
[u'PDPR201_YEAR_2018', u'PDPR201_YEAR_2017', u'PDPR201', u'PROFESSIONAL DESIGN PRACTICE II', u'NDINT2', u'ND: INTERIOR DESIGN', u'11', u'YEAR', u'D1', u'Durban Campus Full-time', u'A', u'40007766:KEMM', 15.0]
check 'PDPR201_YEAR_2018' 'PDPR201'
processXLS: only for SEM2 [u'PDPR201_YEAR_2018', u'PDPR201_YEAR_2017', u'PDPR201', u'PROFESSIONAL DESIGN PRACTICE II', u'NDINT2', u'ND: INTERIOR DESIGN', u'11', u'YEAR', u'D1', u'Durban Campus Full-time', u'A', u'40007766:KEMM', 15.0]
[u'', u'', u'', u'', u'', u'', u'', u'', u'', u'', u'', u'', u'']
check '' ''
[u'PFPR201_YEAR_2018', u'PFPR201_YEAR_2017', u'PFPR201', u'PROFESSIONAL PRACTICE II', u'NDPHF1', u'ND: PHOTOGRAPHY (4 YEARS)', u'11', u'YEAR', u'D1', u'Durban Campus Full-time', u'A', u'50002108:KHUBISA', 5.0]
check 'PFPR201_YEAR_2018' 'PFPR201'
processXLS: only for SEM2 [u'PFPR201_YEAR_2018', u'PFPR201_YEAR_2017', u'PFPR201', u'PROFESSIONAL PRACTICE II', u'NDPHF1', u'ND: PHOTOGRAPHY (4 YEARS)', u'11', u'YEAR', u'D1', u'Durban Campus Full-time', u'A', u'50002108:KHUBISA', 5.0]
[u'PFPR201_YEAR_2018', u'PFPR201_YEAR_2017', u'PFPR201', u'PROFESSIONAL PRACTICE II', u'NDPHT1', u'ND: PHOTOGRAPHY', u'11', u'YEAR', u'D1', u'Durban Campus Full-time', u'A', u'50002108:KHUBISA', 21.0]
check 'PFPR201_YEAR_2018' 'PFPR201'
processXLS: only for SEM2 [u'PFPR201_YEAR_2018', u'PFPR201_YEAR_2017', u'PFPR201', u'PROFESSIONAL PRACTICE II', u'NDPHT1', u'ND: PHOTOGRAPHY', u'11', u'YEAR', u'D1', u'Durban Campus Full-time', u'A', u'50002108:KHUBISA', 21.0]
[u'', u'', u'', u'', u'', u'', u'', u'', u'', u'', u'', u'', u'']
check '' ''
[u'PMET202_YEAR_2018', u'PMET202_YEAR_2017', u'PMET202', u'PRESENTATION METHODS II', u'NDIDF1', u'ND: INTERIOR DESIGN (4 YEARS)', u'11', u'YEAR', u'D1', u'Durban Campus Full-time', u'A', u'40007766:KEMM;40011337:THOMAS', 3.0]
check 'PMET202_YEAR_2018' 'PMET202'
processXLS: only for SEM2 [u'PMET202_YEAR_2018', u'PMET202_YEAR_2017', u'PMET202', u'PRESENTATION METHODS II', u'NDIDF1', u'ND: INTERIOR DESIGN (4 YEARS)', u'11', u'YEAR', u'D1', u'Durban Campus Full-time', u'A', u'40007766:KEMM;40011337:THOMAS', 3.0]
[u'PMET202_YEAR_2018', u'PMET202_YEAR_2017', u'PMET202', u'PRESENTATION METHODS II', u'NDINT2', u'ND: INTERIOR DESIGN', u'11', u'YEAR', u'D1', u'Durban Campus Full-time', u'A', u'40007766:KEMM;40011337:THOMAS', 17.0]
check 'PMET202_YEAR_2018' 'PMET202'
processXLS: only for SEM2 [u'PMET202_YEAR_2018', u'PMET202_YEAR_2017', u'PMET202', u'PRESENTATION METHODS II', u'NDINT2', u'ND: INTERIOR DESIGN', u'11', u'YEAR', u'D1', u'Durban Campus Full-time', u'A', u'40007766:KEMM;40011337:THOMAS', 17.0]
[u'', u'', u'', u'', u'', u'', u'', u'', u'', u'', u'', u'', u'']
check '' ''
[u'PROF202_YEAR_2018', u'PROF202_YEAR_2017', u'PROF202', u'PROFESSIONAL GRAPHIC DESIGN PRACTICE II', u'NDGDF1', u'ND: GRAPHIC DESIGN (4 YEARS)', u'11', u'YEAR', u'D1', u'Durban Campus Full-time', u'A', u'40002483:ZAMA', 6.0]
check 'PROF202_YEAR_2018' 'PROF202'
processXLS: only for SEM2 [u'PROF202_YEAR_2018', u'PROF202_YEAR_2017', u'PROF202', u'PROFESSIONAL GRAPHIC DESIGN PRACTICE II', u'NDGDF1', u'ND: GRAPHIC DESIGN (4 YEARS)', u'11', u'YEAR', u'D1', u'Durban Campus Full-time', u'A', u'40002483:ZAMA', 6.0]
[u'PROF202_YEAR_2018', u'PROF202_YEAR_2017', u'PROF202', u'PROFESSIONAL GRAPHIC DESIGN PRACTICE II', u'NDGRD2', u'ND: GRAPHIC DESIGN', u'11', u'YEAR', u'D1', u'Durban Campus Full-time', u'A', u'40002483:ZAMA', 33.0]
check 'PROF202_YEAR_2018' 'PROF202'
processXLS: only for SEM2 [u'PROF202_YEAR_2018', u'PROF202_YEAR_2017', u'PROF202', u'PROFESSIONAL GRAPHIC DESIGN PRACTICE II', u'NDGRD2', u'ND: GRAPHIC DESIGN', u'11', u'YEAR', u'D1', u'Durban Campus Full-time', u'A', u'40002483:ZAMA', 33.0]
[u'', u'', u'', u'', u'', u'', u'', u'', u'', u'', u'', u'', u'']
check '' ''
[u'THPH202_YEAR_2018', u'THPH202_YEAR_2017', u'THPH202', u'THEORY OF PHOTOGRAPHY II', u'NDPHF1', u'ND: PHOTOGRAPHY (4 YEARS)', u'11', u'YEAR', u'D1', u'Durban Campus Full-time', u'A', u'50050282:HOOVER', 5.0]
check 'THPH202_YEAR_2018' 'THPH202'
processXLS: only for SEM2 [u'THPH202_YEAR_2018', u'THPH202_YEAR_2017', u'THPH202', u'THEORY OF PHOTOGRAPHY II', u'NDPHF1', u'ND: PHOTOGRAPHY (4 YEARS)', u'11', u'YEAR', u'D1', u'Durban Campus Full-time', u'A', u'50050282:HOOVER', 5.0]
[u'THPH202_YEAR_2018', u'THPH202_YEAR_2017', u'THPH202', u'THEORY OF PHOTOGRAPHY II', u'NDPHT1', u'ND: PHOTOGRAPHY', u'11', u'YEAR', u'D1', u'Durban Campus Full-time', u'A', u'50050282:HOOVER', 21.0]
check 'THPH202_YEAR_2018' 'THPH202'
processXLS: only for SEM2 [u'THPH202_YEAR_2018', u'THPH202_YEAR_2017', u'THPH202', u'THEORY OF PHOTOGRAPHY II', u'NDPHT1', u'ND: PHOTOGRAPHY', u'11', u'YEAR', u'D1', u'Durban Campus Full-time', u'A', u'50050282:HOOVER', 21.0]
[u'', u'', u'', u'', u'', u'', u'', u'', u'', u'', u'', u'', u'']
check '' ''
[u'VCOM202_YEAR_2018', u'VCOM202_YEAR_2017', u'VCOM202', u'VISUAL COMMUNICATION II', u'NDPHF1', u'ND: PHOTOGRAPHY (4 YEARS)', u'11', u'YEAR', u'D1', u'Durban Campus Full-time', u'A', u'50050304:BHORAT', 5.0]
check 'VCOM202_YEAR_2018' 'VCOM202'
processXLS: only for SEM2 [u'VCOM202_YEAR_2018', u'VCOM202_YEAR_2017', u'VCOM202', u'VISUAL COMMUNICATION II', u'NDPHF1', u'ND: PHOTOGRAPHY (4 YEARS)', u'11', u'YEAR', u'D1', u'Durban Campus Full-time', u'A', u'50050304:BHORAT', 5.0]
[u'VCOM202_YEAR_2018', u'VCOM202_YEAR_2017', u'VCOM202', u'VISUAL COMMUNICATION II', u'NDPHT1', u'ND: PHOTOGRAPHY', u'11', u'YEAR', u'D1', u'Durban Campus Full-time', u'A', u'50050304:BHORAT', 21.0]
check 'VCOM202_YEAR_2018' 'VCOM202'
processXLS: only for SEM2 [u'VCOM202_YEAR_2018', u'VCOM202_YEAR_2017', u'VCOM202', u'VISUAL COMMUNICATION II', u'NDPHT1', u'ND: PHOTOGRAPHY', u'11', u'YEAR', u'D1', u'Durban Campus Full-time', u'A', u'50050304:BHORAT', 21.0]
[u'', u'', u'', u'', u'', u'', u'', u'', u'', u'', u'', u'', u'']
check '' ''
[u'APHT301_YEAR_2018', u'APHT301_YEAR_2017', u'APHT301', u'APPLIED PHOTOGRAPHY III', u'NDPHF1', u'ND: PHOTOGRAPHY (4 YEARS)', u'11', u'YEAR', u'D1', u'Durban Campus Full-time', u'A', u'50050282:HOOVER', 5.0]
check 'APHT301_YEAR_2018' 'APHT301'
processXLS: only for SEM2 [u'APHT301_YEAR_2018', u'APHT301_YEAR_2017', u'APHT301', u'APPLIED PHOTOGRAPHY III', u'NDPHF1', u'ND: PHOTOGRAPHY (4 YEARS)', u'11', u'YEAR', u'D1', u'Durban Campus Full-time', u'A', u'50050282:HOOVER', 5.0]
[u'APHT301_YEAR_2018', u'APHT301_YEAR_2017', u'APHT301', u'APPLIED PHOTOGRAPHY III', u'NDPHT1', u'ND: PHOTOGRAPHY', u'11', u'YEAR', u'D1', u'Durban Campus Full-time', u'A', u'50050282:HOOVER', 22.0]
check 'APHT301_YEAR_2018' 'APHT301'
processXLS: only for SEM2 [u'APHT301_YEAR_2018', u'APHT301_YEAR_2017', u'APHT301', u'APPLIED PHOTOGRAPHY III', u'NDPHT1', u'ND: PHOTOGRAPHY', u'11', u'YEAR', u'D1', u'Durban Campus Full-time', u'A', u'50050282:HOOVER', 22.0]
[u'', u'', u'', u'', u'', u'', u'', u'', u'', u'', u'', u'', u'']
check '' ''
[u'CDGD302_YEAR_2018', u'CDGD302_YEAR_2017', u'CDGD302', u'COMMUNICATION DESIGN III', u'NDGDF1', u'ND: GRAPHIC DESIGN (4 YEARS)', u'11', u'YEAR', u'D1', u'Durban Campus Full-time', u'B', u'40000011:PURVIS;40011429:KALALA', 5.0]
check 'CDGD302_YEAR_2018' 'CDGD302'
processXLS: only for SEM2 [u'CDGD302_YEAR_2018', u'CDGD302_YEAR_2017', u'CDGD302', u'COMMUNICATION DESIGN III', u'NDGDF1', u'ND: GRAPHIC DESIGN (4 YEARS)', u'11', u'YEAR', u'D1', u'Durban Campus Full-time', u'B', u'40000011:PURVIS;40011429:KALALA', 5.0]
[u'CDGD302_YEAR_2018', u'CDGD302_YEAR_2017', u'CDGD302', u'COMMUNICATION DESIGN III', u'NDGRD2', u'ND: GRAPHIC DESIGN', u'11', u'YEAR', u'D1', u'Durban Campus Full-time', u'A', u'40000011:PURVIS;40011429:KALALA', 14.0]
check 'CDGD302_YEAR_2018' 'CDGD302'
processXLS: only for SEM2 [u'CDGD302_YEAR_2018', u'CDGD302_YEAR_2017', u'CDGD302', u'COMMUNICATION DESIGN III', u'NDGRD2', u'ND: GRAPHIC DESIGN', u'11', u'YEAR', u'D1', u'Durban Campus Full-time', u'A', u'40000011:PURVIS;40011429:KALALA', 14.0]
[u'CDGD302_YEAR_2018', u'CDGD302_YEAR_2017', u'CDGD302', u'COMMUNICATION DESIGN III', u'NDGRD2', u'ND: GRAPHIC DESIGN', u'11', u'YEAR', u'D1', u'Durban Campus Full-time', u'B', u'40000011:PURVIS;40011429:KALALA', 9.0]
check 'CDGD302_YEAR_2018' 'CDGD302'
processXLS: only for SEM2 [u'CDGD302_YEAR_2018', u'CDGD302_YEAR_2017', u'CDGD302', u'COMMUNICATION DESIGN III', u'NDGRD2', u'ND: GRAPHIC DESIGN', u'11', u'YEAR', u'D1', u'Durban Campus Full-time', u'B', u'40000011:PURVIS;40011429:KALALA', 9.0]
[u'CDGD302_YEAR_2018', u'CDGD302_YEAR_2017', u'CDGD302', u'COMMUNICATION DESIGN III', u'NODIP3', u'NON-DIPLOMA PURPOSE (ARTS & DES)', u'11', u'YEAR', u'D7', u'DBN FULL-TIME NON-SUBSIDISED', u'A', u'40000011:PURVIS;40011429:KALALA', 2.0]
check 'CDGD302_YEAR_2018' 'CDGD302'
processXLS: only for SEM2 [u'CDGD302_YEAR_2018', u'CDGD302_YEAR_2017', u'CDGD302', u'COMMUNICATION DESIGN III', u'NODIP3', u'NON-DIPLOMA PURPOSE (ARTS & DES)', u'11', u'YEAR', u'D7', u'DBN FULL-TIME NON-SUBSIDISED', u'A', u'40000011:PURVIS;40011429:KALALA', 2.0]
[u'', u'', u'', u'', u'', u'', u'', u'', u'', u'', u'', u'', u'']
check '' ''
[u'DSTC301_YEAR_2018', u'DSTC301_YEAR_2017', u'DSTC301', u'DESIGN TECHNOLOGY III', u'NDIDF1', u'ND: INTERIOR DESIGN (4 YEARS)', u'11', u'YEAR', u'D1', u'Durban Campus Full-time', u'A', u'50002046:BARRETT;40007766:KEMM', 5.0]
check 'DSTC301_YEAR_2018' 'DSTC301'
processXLS: only for SEM2 [u'DSTC301_YEAR_2018', u'DSTC301_YEAR_2017', u'DSTC301', u'DESIGN TECHNOLOGY III', u'NDIDF1', u'ND: INTERIOR DESIGN (4 YEARS)', u'11', u'YEAR', u'D1', u'Durban Campus Full-time', u'A', u'50002046:BARRETT;40007766:KEMM', 5.0]
[u'DSTC301_YEAR_2018', u'DSTC301_YEAR_2017', u'DSTC301', u'DESIGN TECHNOLOGY III', u'NDINT2', u'ND: INTERIOR DESIGN', u'11', u'YEAR', u'D1', u'Durban Campus Full-time', u'A', u'50002046:BARRETT;40007766:KEMM', 17.0]
check 'DSTC301_YEAR_2018' 'DSTC301'
processXLS: only for SEM2 [u'DSTC301_YEAR_2018', u'DSTC301_YEAR_2017', u'DSTC301', u'DESIGN TECHNOLOGY III', u'NDINT2', u'ND: INTERIOR DESIGN', u'11', u'YEAR', u'D1', u'Durban Campus Full-time', u'A', u'50002046:BARRETT;40007766:KEMM', 17.0]
[u'', u'', u'', u'', u'', u'', u'', u'', u'', u'', u'', u'', u'']
check '' ''
[u'DSTH301_YEAR_2018', u'DSTH301_YEAR_2017', u'DSTH301', u'DESIGN THEORY III', u'NDIDF1', u'ND: INTERIOR DESIGN (4 YEARS)', u'11', u'YEAR', u'D1', u'Durban Campus Full-time', u'A', u'40004627:HANKINSON', 5.0]
check 'DSTH301_YEAR_2018' 'DSTH301'
processXLS: only for SEM2 [u'DSTH301_YEAR_2018', u'DSTH301_YEAR_2017', u'DSTH301', u'DESIGN THEORY III', u'NDIDF1', u'ND: INTERIOR DESIGN (4 YEARS)', u'11', u'YEAR', u'D1', u'Durban Campus Full-time', u'A', u'40004627:HANKINSON', 5.0]
[u'DSTH301_YEAR_2018', u'DSTH301_YEAR_2017', u'DSTH301', u'DESIGN THEORY III', u'NDINT2', u'ND: INTERIOR DESIGN', u'11', u'YEAR', u'D1', u'Durban Campus Full-time', u'A', u'40004627:HANKINSON', 17.0]
check 'DSTH301_YEAR_2018' 'DSTH301'
processXLS: only for SEM2 [u'DSTH301_YEAR_2018', u'DSTH301_YEAR_2017', u'DSTH301', u'DESIGN THEORY III', u'NDINT2', u'ND: INTERIOR DESIGN', u'11', u'YEAR', u'D1', u'Durban Campus Full-time', u'A', u'40004627:HANKINSON', 17.0]
[u'', u'', u'', u'', u'', u'', u'', u'', u'', u'', u'', u'', u'']
check '' ''
[u'DTCN302_YEAR_2018', u'DTCN302_YEAR_2017', u'DTCN302', u'DESIGN TECHNIQUES III', u'NDGDF1', u'ND: GRAPHIC DESIGN (4 YEARS)', u'11', u'YEAR', u'D1', u'Durban Campus Full-time', u'B', u'40000011:PURVIS;40011429:KALALA', 5.0]
check 'DTCN302_YEAR_2018' 'DTCN302'
processXLS: only for SEM2 [u'DTCN302_YEAR_2018', u'DTCN302_YEAR_2017', u'DTCN302', u'DESIGN TECHNIQUES III', u'NDGDF1', u'ND: GRAPHIC DESIGN (4 YEARS)', u'11', u'YEAR', u'D1', u'Durban Campus Full-time', u'B', u'40000011:PURVIS;40011429:KALALA', 5.0]
[u'DTCN302_YEAR_2018', u'DTCN302_YEAR_2017', u'DTCN302', u'DESIGN TECHNIQUES III', u'NDGRD2', u'ND: GRAPHIC DESIGN', u'11', u'YEAR', u'D1', u'Durban Campus Full-time', u'A', u'40000011:PURVIS;40011429:KALALA', 13.0]
check 'DTCN302_YEAR_2018' 'DTCN302'
processXLS: only for SEM2 [u'DTCN302_YEAR_2018', u'DTCN302_YEAR_2017', u'DTCN302', u'DESIGN TECHNIQUES III', u'NDGRD2', u'ND: GRAPHIC DESIGN', u'11', u'YEAR', u'D1', u'Durban Campus Full-time', u'A', u'40000011:PURVIS;40011429:KALALA', 13.0]
[u'DTCN302_YEAR_2018', u'DTCN302_YEAR_2017', u'DTCN302', u'DESIGN TECHNIQUES III', u'NDGRD2', u'ND: GRAPHIC DESIGN', u'11', u'YEAR', u'D1', u'Durban Campus Full-time', u'B', u'40000011:PURVIS;40011429:KALALA', 10.0]
check 'DTCN302_YEAR_2018' 'DTCN302'
processXLS: only for SEM2 [u'DTCN302_YEAR_2018', u'DTCN302_YEAR_2017', u'DTCN302', u'DESIGN TECHNIQUES III', u'NDGRD2', u'ND: GRAPHIC DESIGN', u'11', u'YEAR', u'D1', u'Durban Campus Full-time', u'B', u'40000011:PURVIS;40011429:KALALA', 10.0]
[u'DTCN302_YEAR_2018', u'DTCN302_YEAR_2017', u'DTCN302', u'DESIGN TECHNIQUES III', u'NODIP3', u'NON-DIPLOMA PURPOSE (ARTS & DES)', u'11', u'YEAR', u'D7', u'DBN FULL-TIME NON-SUBSIDISED', u'A', u'40000011:PURVIS;40011429:KALALA', 2.0]
check 'DTCN302_YEAR_2018' 'DTCN302'
processXLS: only for SEM2 [u'DTCN302_YEAR_2018', u'DTCN302_YEAR_2017', u'DTCN302', u'DESIGN TECHNIQUES III', u'NODIP3', u'NON-DIPLOMA PURPOSE (ARTS & DES)', u'11', u'YEAR', u'D7', u'DBN FULL-TIME NON-SUBSIDISED', u'A', u'40000011:PURVIS;40011429:KALALA', 2.0]
[u'', u'', u'', u'', u'', u'', u'', u'', u'', u'', u'', u'', u'']
check '' ''
[u'GDDR302_YEAR_2018', u'GDDR302_YEAR_2017', u'GDDR302', u'GRAPHIC DESIGN DRAWING III', u'NDGDF1', u'ND: GRAPHIC DESIGN (4 YEARS)', u'11', u'YEAR', u'D1', u'Durban Campus Full-time', u'B', u'50001027:WASSERMAN', 5.0]
check 'GDDR302_YEAR_2018' 'GDDR302'
processXLS: only for SEM2 [u'GDDR302_YEAR_2018', u'GDDR302_YEAR_2017', u'GDDR302', u'GRAPHIC DESIGN DRAWING III', u'NDGDF1', u'ND: GRAPHIC DESIGN (4 YEARS)', u'11', u'YEAR', u'D1', u'Durban Campus Full-time', u'B', u'50001027:WASSERMAN', 5.0]
[u'GDDR302_YEAR_2018', u'GDDR302_YEAR_2017', u'GDDR302', u'GRAPHIC DESIGN DRAWING III', u'NDGRD2', u'ND: GRAPHIC DESIGN', u'11', u'YEAR', u'D1', u'Durban Campus Full-time', u'A', u'50001027:WASSERMAN', 15.0]
check 'GDDR302_YEAR_2018' 'GDDR302'
processXLS: only for SEM2 [u'GDDR302_YEAR_2018', u'GDDR302_YEAR_2017', u'GDDR302', u'GRAPHIC DESIGN DRAWING III', u'NDGRD2', u'ND: GRAPHIC DESIGN', u'11', u'YEAR', u'D1', u'Durban Campus Full-time', u'A', u'50001027:WASSERMAN', 15.0]
[u'GDDR302_YEAR_2018', u'GDDR302_YEAR_2017', u'GDDR302', u'GRAPHIC DESIGN DRAWING III', u'NDGRD2', u'ND: GRAPHIC DESIGN', u'11', u'YEAR', u'D1', u'Durban Campus Full-time', u'B', u'50001027:WASSERMAN', 9.0]
check 'GDDR302_YEAR_2018' 'GDDR302'
processXLS: only for SEM2 [u'GDDR302_YEAR_2018', u'GDDR302_YEAR_2017', u'GDDR302', u'GRAPHIC DESIGN DRAWING III', u'NDGRD2', u'ND: GRAPHIC DESIGN', u'11', u'YEAR', u'D1', u'Durban Campus Full-time', u'B', u'50001027:WASSERMAN', 9.0]
[u'', u'', u'', u'', u'', u'', u'', u'', u'', u'', u'', u'', u'']
check '' ''
[u'HIST302_YEAR_2018', u'HIST302_YEAR_2017', u'HIST302', u'HISTORY AND THEORY OF GRAPHIC DESIGN III', u'NDGDF1', u'ND: GRAPHIC DESIGN (4 YEARS)', u'11', u'YEAR', u'D1', u'Durban Campus Full-time', u'A', u'40012006:GAEDE;40003329:RAVJEE', 5.0]
check 'HIST302_YEAR_2018' 'HIST302'
processXLS: only for SEM2 [u'HIST302_YEAR_2018', u'HIST302_YEAR_2017', u'HIST302', u'HISTORY AND THEORY OF GRAPHIC DESIGN III', u'NDGDF1', u'ND: GRAPHIC DESIGN (4 YEARS)', u'11', u'YEAR', u'D1', u'Durban Campus Full-time', u'A', u'40012006:GAEDE;40003329:RAVJEE', 5.0]
[u'HIST302_YEAR_2018', u'HIST302_YEAR_2017', u'HIST302', u'HISTORY AND THEORY OF GRAPHIC DESIGN III', u'NDGRD2', u'ND: GRAPHIC DESIGN', u'11', u'YEAR', u'D1', u'Durban Campus Full-time', u'A', u'40012006:GAEDE;40003329:RAVJEE', 23.0]
check 'HIST302_YEAR_2018' 'HIST302'
processXLS: only for SEM2 [u'HIST302_YEAR_2018', u'HIST302_YEAR_2017', u'HIST302', u'HISTORY AND THEORY OF GRAPHIC DESIGN III', u'NDGRD2', u'ND: GRAPHIC DESIGN', u'11', u'YEAR', u'D1', u'Durban Campus Full-time', u'A', u'40012006:GAEDE;40003329:RAVJEE', 23.0]
[u'HIST302_YEAR_2018', u'HIST302_YEAR_2017', u'HIST302', u'HISTORY AND THEORY OF GRAPHIC DESIGN III', u'NODIP3', u'NON-DIPLOMA PURPOSE (ARTS & DES)', u'11', u'YEAR', u'D7', u'DBN FULL-TIME NON-SUBSIDISED', u'A', u'40012006:GAEDE;40003329:RAVJEE', 2.0]
check 'HIST302_YEAR_2018' 'HIST302'
processXLS: only for SEM2 [u'HIST302_YEAR_2018', u'HIST302_YEAR_2017', u'HIST302', u'HISTORY AND THEORY OF GRAPHIC DESIGN III', u'NODIP3', u'NON-DIPLOMA PURPOSE (ARTS & DES)', u'11', u'YEAR', u'D7', u'DBN FULL-TIME NON-SUBSIDISED', u'A', u'40012006:GAEDE;40003329:RAVJEE', 2.0]
[u'', u'', u'', u'', u'', u'', u'', u'', u'', u'', u'', u'', u'']
check '' ''
[u'IDSN302_YEAR_2018', u'IDSN302_YEAR_2017', u'IDSN302', u'INTERIOR DESIGN III', u'NDIDF1', u'ND: INTERIOR DESIGN (4 YEARS)', u'11', u'YEAR', u'D1', u'Durban Campus Full-time', u'A', u'50002046:BARRETT', 4.0]
check 'IDSN302_YEAR_2018' 'IDSN302'
processXLS: only for SEM2 [u'IDSN302_YEAR_2018', u'IDSN302_YEAR_2017', u'IDSN302', u'INTERIOR DESIGN III', u'NDIDF1', u'ND: INTERIOR DESIGN (4 YEARS)', u'11', u'YEAR', u'D1', u'Durban Campus Full-time', u'A', u'50002046:BARRETT', 4.0]
[u'IDSN302_YEAR_2018', u'IDSN302_YEAR_2017', u'IDSN302', u'INTERIOR DESIGN III', u'NDINT2', u'ND: INTERIOR DESIGN', u'11', u'YEAR', u'D1', u'Durban Campus Full-time', u'A', u'50002046:BARRETT', 17.0]
check 'IDSN302_YEAR_2018' 'IDSN302'
processXLS: only for SEM2 [u'IDSN302_YEAR_2018', u'IDSN302_YEAR_2017', u'IDSN302', u'INTERIOR DESIGN III', u'NDINT2', u'ND: INTERIOR DESIGN', u'11', u'YEAR', u'D1', u'Durban Campus Full-time', u'A', u'50002046:BARRETT', 17.0]
[u'', u'', u'', u'', u'', u'', u'', u'', u'', u'', u'', u'', u'']
check '' ''
[u'JDRG302_YEAR_2018', u'JDRG302_YEAR_2017', u'JDRG302', u'JEWELLERY DRAWING III', u'NDJDF1', u'ND: JEWELLERY DES & MANUFACT (4 YEARS)', u'11', u'YEAR', u'D1', u'Durban Campus Full-time', u'A', u'50001027:WASSERMAN', 5.0]
check 'JDRG302_YEAR_2018' 'JDRG302'
processXLS: only for SEM2 [u'JDRG302_YEAR_2018', u'JDRG302_YEAR_2017', u'JDRG302', u'JEWELLERY DRAWING III', u'NDJDF1', u'ND: JEWELLERY DES & MANUFACT (4 YEARS)', u'11', u'YEAR', u'D1', u'Durban Campus Full-time', u'A', u'50001027:WASSERMAN', 5.0]
[u'JDRG302_YEAR_2018', u'JDRG302_YEAR_2017', u'JDRG302', u'JEWELLERY DRAWING III', u'NDJDM1', u'ND: JEWELLERY DESIGN AND MANUFACTURE', u'11', u'YEAR', u'D1', u'Durban Campus Full-time', u'A', u'50001027:WASSERMAN', 7.0]
check 'JDRG302_YEAR_2018' 'JDRG302'
processXLS: only for SEM2 [u'JDRG302_YEAR_2018', u'JDRG302_YEAR_2017', u'JDRG302', u'JEWELLERY DRAWING III', u'NDJDM1', u'ND: JEWELLERY DESIGN AND MANUFACTURE', u'11', u'YEAR', u'D1', u'Durban Campus Full-time', u'A', u'50001027:WASSERMAN', 7.0]
[u'', u'', u'', u'', u'', u'', u'', u'', u'', u'', u'', u'', u'']
check '' ''
[u'PDPR301_YEAR_2018', u'PDPR301_YEAR_2017', u'PDPR301', u'PROFESSIONAL DESIGN PRACTICE III', u'NDIDF1', u'ND: INTERIOR DESIGN (4 YEARS)', u'11', u'YEAR', u'D1', u'Durban Campus Full-time', u'A', u'40007766:KEMM', 4.0]
check 'PDPR301_YEAR_2018' 'PDPR301'
processXLS: only for SEM2 [u'PDPR301_YEAR_2018', u'PDPR301_YEAR_2017', u'PDPR301', u'PROFESSIONAL DESIGN PRACTICE III', u'NDIDF1', u'ND: INTERIOR DESIGN (4 YEARS)', u'11', u'YEAR', u'D1', u'Durban Campus Full-time', u'A', u'40007766:KEMM', 4.0]
[u'PDPR301_YEAR_2018', u'PDPR301_YEAR_2017', u'PDPR301', u'PROFESSIONAL DESIGN PRACTICE III', u'NDINT2', u'ND: INTERIOR DESIGN', u'11', u'YEAR', u'D1', u'Durban Campus Full-time', u'A', u'40007766:KEMM', 17.0]
check 'PDPR301_YEAR_2018' 'PDPR301'
processXLS: only for SEM2 [u'PDPR301_YEAR_2018', u'PDPR301_YEAR_2017', u'PDPR301', u'PROFESSIONAL DESIGN PRACTICE III', u'NDINT2', u'ND: INTERIOR DESIGN', u'11', u'YEAR', u'D1', u'Durban Campus Full-time', u'A', u'40007766:KEMM', 17.0]
[u'', u'', u'', u'', u'', u'', u'', u'', u'', u'', u'', u'', u'']
check '' ''
[u'PFPR301_YEAR_2018', u'PFPR301_YEAR_2017', u'PFPR301', u'PROFESSIONAL PRACTICE III', u'NDPHF1', u'ND: PHOTOGRAPHY (4 YEARS)', u'11', u'YEAR', u'D1', u'Durban Campus Full-time', u'A', u'50050304: Bhorat', 4.0]
check 'PFPR301_YEAR_2018' 'PFPR301'
processXLS: only for SEM2 [u'PFPR301_YEAR_2018', u'PFPR301_YEAR_2017', u'PFPR301', u'PROFESSIONAL PRACTICE III', u'NDPHF1', u'ND: PHOTOGRAPHY (4 YEARS)', u'11', u'YEAR', u'D1', u'Durban Campus Full-time', u'A', u'50050304: Bhorat', 4.0]
[u'PFPR301_YEAR_2018', u'PFPR301_YEAR_2017', u'PFPR301', u'PROFESSIONAL PRACTICE III', u'NDPHT1', u'ND: PHOTOGRAPHY', u'11', u'YEAR', u'D1', u'Durban Campus Full-time', u'A', u'50050304: Bhorat', 22.0]
check 'PFPR301_YEAR_2018' 'PFPR301'
processXLS: only for SEM2 [u'PFPR301_YEAR_2018', u'PFPR301_YEAR_2017', u'PFPR301', u'PROFESSIONAL PRACTICE III', u'NDPHT1', u'ND: PHOTOGRAPHY', u'11', u'YEAR', u'D1', u'Durban Campus Full-time', u'A', u'50050304: Bhorat', 22.0]
[u'', u'', u'', u'', u'', u'', u'', u'', u'', u'', u'', u'', u'']
check '' ''
[u'PMET302_YEAR_2018', u'PMET302_YEAR_2017', u'PMET302', u'PRESENTATION METHODS III', u'NDIDF1', u'ND: INTERIOR DESIGN (4 YEARS)', u'11', u'YEAR', u'D1', u'Durban Campus Full-time', u'A', u'50002046:BARRETT;40011337:THOMAS', 4.0]
check 'PMET302_YEAR_2018' 'PMET302'
processXLS: only for SEM2 [u'PMET302_YEAR_2018', u'PMET302_YEAR_2017', u'PMET302', u'PRESENTATION METHODS III', u'NDIDF1', u'ND: INTERIOR DESIGN (4 YEARS)', u'11', u'YEAR', u'D1', u'Durban Campus Full-time', u'A', u'50002046:BARRETT;40011337:THOMAS', 4.0]
[u'PMET302_YEAR_2018', u'PMET302_YEAR_2017', u'PMET302', u'PRESENTATION METHODS III', u'NDINT2', u'ND: INTERIOR DESIGN', u'11', u'YEAR', u'D1', u'Durban Campus Full-time', u'A', u'50002046:BARRETT;40011337:THOMAS', 17.0]
check 'PMET302_YEAR_2018' 'PMET302'
processXLS: only for SEM2 [u'PMET302_YEAR_2018', u'PMET302_YEAR_2017', u'PMET302', u'PRESENTATION METHODS III', u'NDINT2', u'ND: INTERIOR DESIGN', u'11', u'YEAR', u'D1', u'Durban Campus Full-time', u'A', u'50002046:BARRETT;40011337:THOMAS', 17.0]
[u'', u'', u'', u'', u'', u'', u'', u'', u'', u'', u'', u'', u'']
check '' ''
[u'PROF302_YEAR_2018', u'PROF302_YEAR_2017', u'PROF302', u'PROFESSIONAL GRAPHIC DESIGN PRACTICE III', u'NDGDF1', u'ND: GRAPHIC DESIGN (4 YEARS)', u'11', u'YEAR', u'D1', u'Durban Campus Full-time', u'A', u'40000011:PURVIS;40011429:KALALA', 5.0]
check 'PROF302_YEAR_2018' 'PROF302'
processXLS: only for SEM2 [u'PROF302_YEAR_2018', u'PROF302_YEAR_2017', u'PROF302', u'PROFESSIONAL GRAPHIC DESIGN PRACTICE III', u'NDGDF1', u'ND: GRAPHIC DESIGN (4 YEARS)', u'11', u'YEAR', u'D1', u'Durban Campus Full-time', u'A', u'40000011:PURVIS;40011429:KALALA', 5.0]
[u'PROF302_YEAR_2018', u'PROF302_YEAR_2017', u'PROF302', u'PROFESSIONAL GRAPHIC DESIGN PRACTICE III', u'NDGRD2', u'ND: GRAPHIC DESIGN', u'11', u'YEAR', u'D1', u'Durban Campus Full-time', u'A', u'40000011:PURVIS;40011429:KALALA', 21.0]
check 'PROF302_YEAR_2018' 'PROF302'
processXLS: only for SEM2 [u'PROF302_YEAR_2018', u'PROF302_YEAR_2017', u'PROF302', u'PROFESSIONAL GRAPHIC DESIGN PRACTICE III', u'NDGRD2', u'ND: GRAPHIC DESIGN', u'11', u'YEAR', u'D1', u'Durban Campus Full-time', u'A', u'40000011:PURVIS;40011429:KALALA', 21.0]
[u'PROF302_YEAR_2018', u'PROF302_YEAR_2017', u'PROF302', u'PROFESSIONAL GRAPHIC DESIGN PRACTICE III', u'NODIP3', u'NON-DIPLOMA PURPOSE (ARTS & DES)', u'11', u'YEAR', u'D7', u'DBN FULL-TIME NON-SUBSIDISED', u'A', u'40000011:PURVIS;40011429:KALALA', 2.0]
check 'PROF302_YEAR_2018' 'PROF302'
processXLS: only for SEM2 [u'PROF302_YEAR_2018', u'PROF302_YEAR_2017', u'PROF302', u'PROFESSIONAL GRAPHIC DESIGN PRACTICE III', u'NODIP3', u'NON-DIPLOMA PURPOSE (ARTS & DES)', u'11', u'YEAR', u'D7', u'DBN FULL-TIME NON-SUBSIDISED', u'A', u'40000011:PURVIS;40011429:KALALA', 2.0]
[u'', u'', u'', u'', u'', u'', u'', u'', u'', u'', u'', u'', u'']
check '' ''
[u'THPH302_YEAR_2018', u'THPH302_YEAR_2017', u'THPH302', u'THEORY OF PHOTOGRAPHY III', u'NDPHF1', u'ND: PHOTOGRAPHY (4 YEARS)', u'11', u'YEAR', u'D1', u'Durban Campus Full-time', u'A', u'50050282:HOOVER', 4.0]
check 'THPH302_YEAR_2018' 'THPH302'
processXLS: only for SEM2 [u'THPH302_YEAR_2018', u'THPH302_YEAR_2017', u'THPH302', u'THEORY OF PHOTOGRAPHY III', u'NDPHF1', u'ND: PHOTOGRAPHY (4 YEARS)', u'11', u'YEAR', u'D1', u'Durban Campus Full-time', u'A', u'50050282:HOOVER', 4.0]
[u'THPH302_YEAR_2018', u'THPH302_YEAR_2017', u'THPH302', u'THEORY OF PHOTOGRAPHY III', u'NDPHT1', u'ND: PHOTOGRAPHY', u'11', u'YEAR', u'D1', u'Durban Campus Full-time', u'A', u'50050282:HOOVER', 22.0]
check 'THPH302_YEAR_2018' 'THPH302'
processXLS: only for SEM2 [u'THPH302_YEAR_2018', u'THPH302_YEAR_2017', u'THPH302', u'THEORY OF PHOTOGRAPHY III', u'NDPHT1', u'ND: PHOTOGRAPHY', u'11', u'YEAR', u'D1', u'Durban Campus Full-time', u'A', u'50050282:HOOVER', 22.0]
[u'', u'', u'', u'', u'', u'', u'', u'', u'', u'', u'', u'', u'']
check '' ''
[u'VCOM302_YEAR_2018', u'VCOM302_YEAR_2017', u'VCOM302', u'VISUAL COMMUNICATION III', u'NDPHF1', u'ND: PHOTOGRAPHY (4 YEARS)', u'11', u'YEAR', u'D1', u'Durban Campus Full-time', u'A', u'50050304:BHORAT', 5.0]
check 'VCOM302_YEAR_2018' 'VCOM302'
processXLS: only for SEM2 [u'VCOM302_YEAR_2018', u'VCOM302_YEAR_2017', u'VCOM302', u'VISUAL COMMUNICATION III', u'NDPHF1', u'ND: PHOTOGRAPHY (4 YEARS)', u'11', u'YEAR', u'D1', u'Durban Campus Full-time', u'A', u'50050304:BHORAT', 5.0]
[u'VCOM302_YEAR_2018', u'VCOM302_YEAR_2017', u'VCOM302', u'VISUAL COMMUNICATION III', u'NDPHT1', u'ND: PHOTOGRAPHY', u'11', u'YEAR', u'D1', u'Durban Campus Full-time', u'A', u'50050304:BHORAT', 22.0]
check 'VCOM302_YEAR_2018' 'VCOM302'
processXLS: only for SEM2 [u'VCOM302_YEAR_2018', u'VCOM302_YEAR_2017', u'VCOM302', u'VISUAL COMMUNICATION III', u'NDPHT1', u'ND: PHOTOGRAPHY', u'11', u'YEAR', u'D1', u'Durban Campus Full-time', u'A', u'50050304:BHORAT', 22.0]
[u'', u'', u'', u'', u'', u'', u'', u'', u'', u'', u'', u'', u'']
check '' ''
[u'APHT401_YEAR_2018', u'APHT401_YEAR_2017', u'APHT401', u'APPLIED PHOTOGRAPHY IV', u'BTPHT1', u'BT: PHOTOGRAPHY', u'11', u'YEAR', u'D1', u'Durban Campus Full-time', u'A', u'50050304:BHORAT', 4.0]
check 'APHT401_YEAR_2018' 'APHT401'
processXLS: only for SEM2 [u'APHT401_YEAR_2018', u'APHT401_YEAR_2017', u'APHT401', u'APPLIED PHOTOGRAPHY IV', u'BTPHT1', u'BT: PHOTOGRAPHY', u'11', u'YEAR', u'D1', u'Durban Campus Full-time', u'A', u'50050304:BHORAT', 4.0]
[u'', u'', u'', u'', u'', u'', u'', u'', u'', u'', u'', u'', u'']
check '' ''
[u'CDGD401_YEAR_2018', u'CDGD401_YEAR_2017', u'CDGD401', u'COMMUNICATION DESIGN IV', u'BTGRD1', u'BT: GRAPHIC DESIGN', u'11', u'YEAR', u'D1', u'Durban Campus Full-time', u'A', u'50001172:CAREY;40008371:VAN DER MERWE', 10.0]
check 'CDGD401_YEAR_2018' 'CDGD401'
processXLS: only for SEM2 [u'CDGD401_YEAR_2018', u'CDGD401_YEAR_2017', u'CDGD401', u'COMMUNICATION DESIGN IV', u'BTGRD1', u'BT: GRAPHIC DESIGN', u'11', u'YEAR', u'D1', u'Durban Campus Full-time', u'A', u'50001172:CAREY;40008371:VAN DER MERWE', 10.0]
[u'CDGD401_YEAR_2018', u'CDGD401_YEAR_2017', u'CDGD401', u'COMMUNICATION DESIGN IV', u'BTGRD1', u'BT: GRAPHIC DESIGN', u'11', u'YEAR', u'D3', u'Durban Campus Part-time', u'A', u'50001172:CAREY;40008371:VAN DER MERWE', 8.0]
check 'CDGD401_YEAR_2018' 'CDGD401'
processXLS: only for SEM2 [u'CDGD401_YEAR_2018', u'CDGD401_YEAR_2017', u'CDGD401', u'COMMUNICATION DESIGN IV', u'BTGRD1', u'BT: GRAPHIC DESIGN', u'11', u'YEAR', u'D3', u'Durban Campus Part-time', u'A', u'50001172:CAREY;40008371:VAN DER MERWE', 8.0]
[u'', u'', u'', u'', u'', u'', u'', u'', u'', u'', u'', u'', u'']
check '' ''
[u'DSTC401_YEAR_2018', u'DSTC401_YEAR_2017', u'DSTC401', u'DESIGN TECHNOLOGY IV', u'BTINT1', u'BT: INTERIOR DESIGN', u'11', u'YEAR', u'D1', u'Durban Campus Full-time', u'A', u'40004627:HANKINSON;40007766:KEMM', 4.0]
check 'DSTC401_YEAR_2018' 'DSTC401'
processXLS: only for SEM2 [u'DSTC401_YEAR_2018', u'DSTC401_YEAR_2017', u'DSTC401', u'DESIGN TECHNOLOGY IV', u'BTINT1', u'BT: INTERIOR DESIGN', u'11', u'YEAR', u'D1', u'Durban Campus Full-time', u'A', u'40004627:HANKINSON;40007766:KEMM', 4.0]
[u'DSTC401_YEAR_2018', u'DSTC401_YEAR_2017', u'DSTC401', u'DESIGN TECHNOLOGY IV', u'BTINT1', u'BT: INTERIOR DESIGN', u'11', u'YEAR', u'D3', u'Durban Campus Part-time', u'A', u'40004627:HANKINSON;40007766:KEMM', 2.0]
check 'DSTC401_YEAR_2018' 'DSTC401'
processXLS: only for SEM2 [u'DSTC401_YEAR_2018', u'DSTC401_YEAR_2017', u'DSTC401', u'DESIGN TECHNOLOGY IV', u'BTINT1', u'BT: INTERIOR DESIGN', u'11', u'YEAR', u'D3', u'Durban Campus Part-time', u'A', u'40004627:HANKINSON;40007766:KEMM', 2.0]
[u'', u'', u'', u'', u'', u'', u'', u'', u'', u'', u'', u'', u'']
check '' ''
[u'DSTH401_YEAR_2018', u'DSTH401_YEAR_2017', u'DSTH401', u'DESIGN THEORY IV', u'BTINT1', u'BT: INTERIOR DESIGN', u'11', u'YEAR', u'D1', u'Durban Campus Full-time', u'A', u'40004627:HANKINSON;40007766:KEMM', 4.0]
check 'DSTH401_YEAR_2018' 'DSTH401'
processXLS: only for SEM2 [u'DSTH401_YEAR_2018', u'DSTH401_YEAR_2017', u'DSTH401', u'DESIGN THEORY IV', u'BTINT1', u'BT: INTERIOR DESIGN', u'11', u'YEAR', u'D1', u'Durban Campus Full-time', u'A', u'40004627:HANKINSON;40007766:KEMM', 4.0]
[u'DSTH401_YEAR_2018', u'DSTH401_YEAR_2017', u'DSTH401', u'DESIGN THEORY IV', u'BTINT1', u'BT: INTERIOR DESIGN', u'11', u'YEAR', u'D3', u'Durban Campus Part-time', u'A', u'40004627:HANKINSON;40007766:KEMM', 2.0]
check 'DSTH401_YEAR_2018' 'DSTH401'
processXLS: only for SEM2 [u'DSTH401_YEAR_2018', u'DSTH401_YEAR_2017', u'DSTH401', u'DESIGN THEORY IV', u'BTINT1', u'BT: INTERIOR DESIGN', u'11', u'YEAR', u'D3', u'Durban Campus Part-time', u'A', u'40004627:HANKINSON;40007766:KEMM', 2.0]
[u'', u'', u'', u'', u'', u'', u'', u'', u'', u'', u'', u'', u'']
check '' ''
[u'INTD401_YEAR_2018', u'INTD401_YEAR_2017', u'INTD401', u'INTERIOR DESIGN IV', u'BTINT1', u'BT: INTERIOR DESIGN', u'11', u'YEAR', u'D1', u'Durban Campus Full-time', u'A', u'40004627:HANKINSON;40007766:KEMM', 4.0]
check 'INTD401_YEAR_2018' 'INTD401'
processXLS: only for SEM2 [u'INTD401_YEAR_2018', u'INTD401_YEAR_2017', u'INTD401', u'INTERIOR DESIGN IV', u'BTINT1', u'BT: INTERIOR DESIGN', u'11', u'YEAR', u'D1', u'Durban Campus Full-time', u'A', u'40004627:HANKINSON;40007766:KEMM', 4.0]
[u'INTD401_YEAR_2018', u'INTD401_YEAR_2017', u'INTD401', u'INTERIOR DESIGN IV', u'BTINT1', u'BT: INTERIOR DESIGN', u'11', u'YEAR', u'D3', u'Durban Campus Part-time', u'A', u'40004627:HANKINSON;40007766:KEMM', 2.0]
check 'INTD401_YEAR_2018' 'INTD401'
processXLS: only for SEM2 [u'INTD401_YEAR_2018', u'INTD401_YEAR_2017', u'INTD401', u'INTERIOR DESIGN IV', u'BTINT1', u'BT: INTERIOR DESIGN', u'11', u'YEAR', u'D3', u'Durban Campus Part-time', u'A', u'40004627:HANKINSON;40007766:KEMM', 2.0]
[u'', u'', u'', u'', u'', u'', u'', u'', u'', u'', u'', u'', u'']
check '' ''
[u'PDPR401_YEAR_2018', u'PDPR401_YEAR_2017', u'PDPR401', u'PROFESSIONAL DESIGN PRACTICE IV', u'BTINT1', u'BT: INTERIOR DESIGN', u'11', u'YEAR', u'D1', u'Durban Campus Full-time', u'A', u'40004627:HANKINSON;40007766:KEMM', 4.0]
check 'PDPR401_YEAR_2018' 'PDPR401'
processXLS: only for SEM2 [u'PDPR401_YEAR_2018', u'PDPR401_YEAR_2017', u'PDPR401', u'PROFESSIONAL DESIGN PRACTICE IV', u'BTINT1', u'BT: INTERIOR DESIGN', u'11', u'YEAR', u'D1', u'Durban Campus Full-time', u'A', u'40004627:HANKINSON;40007766:KEMM', 4.0]
[u'PDPR401_YEAR_2018', u'PDPR401_YEAR_2017', u'PDPR401', u'PROFESSIONAL DESIGN PRACTICE IV', u'BTINT1', u'BT: INTERIOR DESIGN', u'11', u'YEAR', u'D3', u'Durban Campus Part-time', u'A', u'40004627:HANKINSON;40007766:KEMM', 2.0]
check 'PDPR401_YEAR_2018' 'PDPR401'
processXLS: only for SEM2 [u'PDPR401_YEAR_2018', u'PDPR401_YEAR_2017', u'PDPR401', u'PROFESSIONAL DESIGN PRACTICE IV', u'BTINT1', u'BT: INTERIOR DESIGN', u'11', u'YEAR', u'D3', u'Durban Campus Part-time', u'A', u'40004627:HANKINSON;40007766:KEMM', 2.0]
[u'', u'', u'', u'', u'', u'', u'', u'', u'', u'', u'', u'', u'']
check '' ''
[u'PMET401_YEAR_2018', u'PMET401_YEAR_2017', u'PMET401', u'PRESENTATION METHODS IV', u'BTINT1', u'BT: INTERIOR DESIGN', u'11', u'YEAR', u'D1', u'Durban Campus Full-time', u'A', u'40004627:HANKINSON;40007766:KEMM', 4.0]
check 'PMET401_YEAR_2018' 'PMET401'
processXLS: only for SEM2 [u'PMET401_YEAR_2018', u'PMET401_YEAR_2017', u'PMET401', u'PRESENTATION METHODS IV', u'BTINT1', u'BT: INTERIOR DESIGN', u'11', u'YEAR', u'D1', u'Durban Campus Full-time', u'A', u'40004627:HANKINSON;40007766:KEMM', 4.0]
[u'PMET401_YEAR_2018', u'PMET401_YEAR_2017', u'PMET401', u'PRESENTATION METHODS IV', u'BTINT1', u'BT: INTERIOR DESIGN', u'11', u'YEAR', u'D3', u'Durban Campus Part-time', u'A', u'40004627:HANKINSON;40007766:KEMM', 2.0]
check 'PMET401_YEAR_2018' 'PMET401'
processXLS: only for SEM2 [u'PMET401_YEAR_2018', u'PMET401_YEAR_2017', u'PMET401', u'PRESENTATION METHODS IV', u'BTINT1', u'BT: INTERIOR DESIGN', u'11', u'YEAR', u'D3', u'Durban Campus Part-time', u'A', u'40004627:HANKINSON;40007766:KEMM', 2.0]
[u'', u'', u'', u'', u'', u'', u'', u'', u'', u'', u'', u'', u'']
check '' ''
[u'REPT401_YEAR_2018', u'REPT401_YEAR_2017', u'REPT401', u'THEORY OF GRAPHIC DESIGN & ACADEMIC REPORT IV', u'BTGRD1', u'BT: GRAPHIC DESIGN', u'11', u'YEAR', u'D1', u'Durban Campus Full-time', u'A', u'50001172:CAREY;40008371:VAN DER MERWE', 10.0]
check 'REPT401_YEAR_2018' 'REPT401'
processXLS: only for SEM2 [u'REPT401_YEAR_2018', u'REPT401_YEAR_2017', u'REPT401', u'THEORY OF GRAPHIC DESIGN & ACADEMIC REPORT IV', u'BTGRD1', u'BT: GRAPHIC DESIGN', u'11', u'YEAR', u'D1', u'Durban Campus Full-time', u'A', u'50001172:CAREY;40008371:VAN DER MERWE', 10.0]
[u'REPT401_YEAR_2018', u'REPT401_YEAR_2017', u'REPT401', u'THEORY OF GRAPHIC DESIGN & ACADEMIC REPORT IV', u'BTGRD1', u'BT: GRAPHIC DESIGN', u'11', u'YEAR', u'D3', u'Durban Campus Part-time', u'A', u'50001172:CAREY;40008371:VAN DER MERWE', 8.0]
check 'REPT401_YEAR_2018' 'REPT401'
processXLS: only for SEM2 [u'REPT401_YEAR_2018', u'REPT401_YEAR_2017', u'REPT401', u'THEORY OF GRAPHIC DESIGN & ACADEMIC REPORT IV', u'BTGRD1', u'BT: GRAPHIC DESIGN', u'11', u'YEAR', u'D3', u'Durban Campus Part-time', u'A', u'50001172:CAREY;40008371:VAN DER MERWE', 8.0]
[u'', u'', u'', u'', u'', u'', u'', u'', u'', u'', u'', u'', u'']
check '' ''
[u'THPH401_YEAR_2018', u'THPH401_YEAR_2017', u'THPH401', u'THEORY OF PHOTOGRAPHY IV', u'BTPHT1', u'BT: PHOTOGRAPHY', u'11', u'YEAR', u'D1', u'Durban Campus Full-time', u'A', u'50050304:BHORAT;', 4.0]
check 'THPH401_YEAR_2018' 'THPH401'
processXLS: only for SEM2 [u'THPH401_YEAR_2018', u'THPH401_YEAR_2017', u'THPH401', u'THEORY OF PHOTOGRAPHY IV', u'BTPHT1', u'BT: PHOTOGRAPHY', u'11', u'YEAR', u'D1', u'Durban Campus Full-time', u'A', u'50050304:BHORAT;', 4.0]
[u'', u'', u'', u'', u'', u'', u'', u'', u'', u'', u'', u'', u'']
check '' ''
[u'THPH411_YEAR_2018', u'THPH411_YEAR_2017', u'THPH411', u'THEORY OF PHOTOGRAPHY IV', u'BTPHT1', u'BT: PHOTOGRAPHY', u'11', u'YEAR', u'D3', u'Durban Campus Part-time', u'A', u'50050304:BHORAT', 1.0]
check 'THPH411_YEAR_2018' 'THPH411'
processXLS: only for SEM2 [u'THPH411_YEAR_2018', u'THPH411_YEAR_2017', u'THPH411', u'THEORY OF PHOTOGRAPHY IV', u'BTPHT1', u'BT: PHOTOGRAPHY', u'11', u'YEAR', u'D3', u'Durban Campus Part-time', u'A', u'50050304:BHORAT', 1.0]
[u'', u'', u'', u'', u'', u'', u'', u'', u'', u'', u'', u'', u'']
check '' ''
[u'RPGD501_YEAR_2018', u'RPGD501_YEAR_2017', u'RPGD501', u'RESEARCH PROJECT AND TREATISE (YR 1 : FULL YE', u'MAGDS1', u'MASTER OF APPLIED ARTS IN GRAPHIC DESIGN', u'11', u'YEAR', u'D1', u'Durban Campus Full-time', u'A', u'40012006:GAEDE;50001064:KETHRO', 1.0]
check 'RPGD501_YEAR_2018' 'RPGD501'
processXLS: only for SEM2 [u'RPGD501_YEAR_2018', u'RPGD501_YEAR_2017', u'RPGD501', u'RESEARCH PROJECT AND TREATISE (YR 1 : FULL YE', u'MAGDS1', u'MASTER OF APPLIED ARTS IN GRAPHIC DESIGN', u'11', u'YEAR', u'D1', u'Durban Campus Full-time', u'A', u'40012006:GAEDE;50001064:KETHRO', 1.0]
[u'RPGD501_YEAR_2018', u'RPGD501_YEAR_2017', u'RPGD501', u'RESEARCH PROJECT AND TREATISE (YR 1 : FULL YE', u'MAGDS1', u'MASTER OF APPLIED ARTS IN GRAPHIC DESIGN', u'11', u'YEAR', u'D3', u'Durban Campus Part-time', u'A', u'40012006:GAEDE;50001064:KETHRO', 1.0]
check 'RPGD501_YEAR_2018' 'RPGD501'
processXLS: only for SEM2 [u'RPGD501_YEAR_2018', u'RPGD501_YEAR_2017', u'RPGD501', u'RESEARCH PROJECT AND TREATISE (YR 1 : FULL YE', u'MAGDS1', u'MASTER OF APPLIED ARTS IN GRAPHIC DESIGN', u'11', u'YEAR', u'D3', u'Durban Campus Part-time', u'A', u'40012006:GAEDE;50001064:KETHRO', 1.0]
[u'RPGD501_YEAR_2018', u'RPGD501_YEAR_2017', u'RPGD501', u'RESEARCH PROJECT AND TREATISE (YR 1 : FULL YE', u'MTGRD1', u'MT: GRAPHIC DESIGN', u'11', u'YEAR', u'D1', u'Durban Campus Full-time', u'A', u'40012006:GAEDE;50001064:KETHRO', 1.0]
check 'RPGD501_YEAR_2018' 'RPGD501'
processXLS: only for SEM2 [u'RPGD501_YEAR_2018', u'RPGD501_YEAR_2017', u'RPGD501', u'RESEARCH PROJECT AND TREATISE (YR 1 : FULL YE', u'MTGRD1', u'MT: GRAPHIC DESIGN', u'11', u'YEAR', u'D1', u'Durban Campus Full-time', u'A', u'40012006:GAEDE;50001064:KETHRO', 1.0]
[u'RPGD501_YEAR_2018', u'RPGD501_YEAR_2017', u'RPGD501', u'RESEARCH PROJECT AND TREATISE (YR 1 : FULL YE', u'MTGRD1', u'MT: GRAPHIC DESIGN', u'11', u'YEAR', u'D3', u'Durban Campus Part-time', u'A', u'40012006:GAEDE;50001064:KETHRO', 2.0]
check 'RPGD501_YEAR_2018' 'RPGD501'
processXLS: only for SEM2 [u'RPGD501_YEAR_2018', u'RPGD501_YEAR_2017', u'RPGD501', u'RESEARCH PROJECT AND TREATISE (YR 1 : FULL YE', u'MTGRD1', u'MT: GRAPHIC DESIGN', u'11', u'YEAR', u'D3', u'Durban Campus Part-time', u'A', u'40012006:GAEDE;50001064:KETHRO', 2.0]
[u'', u'', u'', u'', u'', u'', u'', u'', u'', u'', u'', u'', u'']
check '' ''
[u'RPGD511_YEAR_2018', u'RPGD511_YEAR_2017', u'RPGD511', u'RESEARCH PROJECT AND TREATISE (1ST REGISTRATI', u'MAGDS1', u'MASTER OF APPLIED ARTS IN GRAPHIC DESIGN', u'11', u'YEAR', u'D1', u'Durban Campus Full-time', u'A', u'40012006:GAEDE;50001064:KETHRO', 1.0]
check 'RPGD511_YEAR_2018' 'RPGD511'
processXLS: only for SEM2 [u'RPGD511_YEAR_2018', u'RPGD511_YEAR_2017', u'RPGD511', u'RESEARCH PROJECT AND TREATISE (1ST REGISTRATI', u'MAGDS1', u'MASTER OF APPLIED ARTS IN GRAPHIC DESIGN', u'11', u'YEAR', u'D1', u'Durban Campus Full-time', u'A', u'40012006:GAEDE;50001064:KETHRO', 1.0]
[u'RPGD511_YEAR_2018', u'RPGD511_YEAR_2017', u'RPGD511', u'RESEARCH PROJECT AND TREATISE (1ST REGISTRATI', u'MTGRD1', u'MT: GRAPHIC DESIGN', u'11', u'YEAR', u'D1', u'Durban Campus Full-time', u'A', u'40012006:GAEDE;50001064:KETHRO', 1.0]
check 'RPGD511_YEAR_2018' 'RPGD511'
processXLS: only for SEM2 [u'RPGD511_YEAR_2018', u'RPGD511_YEAR_2017', u'RPGD511', u'RESEARCH PROJECT AND TREATISE (1ST REGISTRATI', u'MTGRD1', u'MT: GRAPHIC DESIGN', u'11', u'YEAR', u'D1', u'Durban Campus Full-time', u'A', u'40012006:GAEDE;50001064:KETHRO', 1.0]
[u'RPGD511_YEAR_2018', u'RPGD511_YEAR_2017', u'RPGD511', u'RESEARCH PROJECT AND TREATISE (1ST REGISTRATI', u'MTGRD1', u'MT: GRAPHIC DESIGN', u'11', u'YEAR', u'D3', u'Durban Campus Part-time', u'A', u'40012006:GAEDE;50001064:KETHRO', 2.0]
check 'RPGD511_YEAR_2018' 'RPGD511'
processXLS: only for SEM2 [u'RPGD511_YEAR_2018', u'RPGD511_YEAR_2017', u'RPGD511', u'RESEARCH PROJECT AND TREATISE (1ST REGISTRATI', u'MTGRD1', u'MT: GRAPHIC DESIGN', u'11', u'YEAR', u'D3', u'Durban Campus Part-time', u'A', u'40012006:GAEDE;50001064:KETHRO', 2.0]
[u'', u'', u'', u'', u'', u'', u'', u'', u'', u'', u'', u'', u'']
check '' ''
[u'RPGD521_YEAR_2018', u'RPGD521_YEAR_2017', u'RPGD521', u'RESEARCH PROJECT AND TREATISE (SUCCESSIVE YEA', u'MAGDS1', u'MASTER OF APPLIED ARTS IN GRAPHIC DESIGN', u'11', u'YEAR', u'D3', u'Durban Campus Part-time', u'A', u'40012006:GAEDE;50001064:KETHRO', 1.0]
check 'RPGD521_YEAR_2018' 'RPGD521'
processXLS: only for SEM2 [u'RPGD521_YEAR_2018', u'RPGD521_YEAR_2017', u'RPGD521', u'RESEARCH PROJECT AND TREATISE (SUCCESSIVE YEA', u'MAGDS1', u'MASTER OF APPLIED ARTS IN GRAPHIC DESIGN', u'11', u'YEAR', u'D3', u'Durban Campus Part-time', u'A', u'40012006:GAEDE;50001064:KETHRO', 1.0]
[u'RPGD521_YEAR_2018', u'RPGD521_YEAR_2017', u'RPGD521', u'RESEARCH PROJECT AND TREATISE (SUCCESSIVE YEA', u'MTGRD1', u'MT: GRAPHIC DESIGN', u'11', u'YEAR', u'D1', u'Durban Campus Full-time', u'A', u'40012006:GAEDE;50001064:KETHRO', 4.0]
check 'RPGD521_YEAR_2018' 'RPGD521'
processXLS: only for SEM2 [u'RPGD521_YEAR_2018', u'RPGD521_YEAR_2017', u'RPGD521', u'RESEARCH PROJECT AND TREATISE (SUCCESSIVE YEA', u'MTGRD1', u'MT: GRAPHIC DESIGN', u'11', u'YEAR', u'D1', u'Durban Campus Full-time', u'A', u'40012006:GAEDE;50001064:KETHRO', 4.0]
[u'RPGD521_YEAR_2018', u'RPGD521_YEAR_2017', u'RPGD521', u'RESEARCH PROJECT AND TREATISE (SUCCESSIVE YEA', u'MTGRD1', u'MT: GRAPHIC DESIGN', u'11', u'YEAR', u'D3', u'Durban Campus Part-time', u'A', u'40012006:GAEDE;50001064:KETHRO', 3.0]
check 'RPGD521_YEAR_2018' 'RPGD521'
processXLS: only for SEM2 [u'RPGD521_YEAR_2018', u'RPGD521_YEAR_2017', u'RPGD521', u'RESEARCH PROJECT AND TREATISE (SUCCESSIVE YEA', u'MTGRD1', u'MT: GRAPHIC DESIGN', u'11', u'YEAR', u'D3', u'Durban Campus Part-time', u'A', u'40012006:GAEDE;50001064:KETHRO', 3.0]
[u'RPGD521_YEAR_2018', u'RPGD521_YEAR_2017', u'RPGD521', u'RESEARCH PROJECT AND TREATISE (SUCCESSIVE YEA', u'MAGDS1', u'MASTER OF APPLIED ARTS IN GRAPHIC DESIGN', u'P0', u'POST-GRAD ANNUAL REGISTRATIONS', u'D1', u'Durban Campus Full-time', u'A', u'40012006:GAEDE;50001064:KETHRO', 1.0]
check 'RPGD521_YEAR_2018' 'RPGD521'
processXLS: only for SEM2 [u'RPGD521_YEAR_2018', u'RPGD521_YEAR_2017', u'RPGD521', u'RESEARCH PROJECT AND TREATISE (SUCCESSIVE YEA', u'MAGDS1', u'MASTER OF APPLIED ARTS IN GRAPHIC DESIGN', u'P0', u'POST-GRAD ANNUAL REGISTRATIONS', u'D1', u'Durban Campus Full-time', u'A', u'40012006:GAEDE;50001064:KETHRO', 1.0]
[u'RPGD521_YEAR_2018', u'RPGD521_YEAR_2017', u'RPGD521', u'RESEARCH PROJECT AND TREATISE (SUCCESSIVE YEA', u'MTGRD1', u'MT: GRAPHIC DESIGN', u'P0', u'POST-GRAD ANNUAL REGISTRATIONS', u'D1', u'Durban Campus Full-time', u'A', u'40012006:GAEDE;50001064:KETHRO', 1.0]
check 'RPGD521_YEAR_2018' 'RPGD521'
processXLS: only for SEM2 [u'RPGD521_YEAR_2018', u'RPGD521_YEAR_2017', u'RPGD521', u'RESEARCH PROJECT AND TREATISE (SUCCESSIVE YEA', u'MTGRD1', u'MT: GRAPHIC DESIGN', u'P0', u'POST-GRAD ANNUAL REGISTRATIONS', u'D1', u'Durban Campus Full-time', u'A', u'40012006:GAEDE;50001064:KETHRO', 1.0]
[u'', u'', u'', u'', u'', u'', u'', u'', u'', u'', u'', u'', u'']
check '' ''
[u'RPID501_YEAR_2018', u'RPID501_YEAR_2017', u'RPID501', u'RESEARCH PROJECT:INTERIOR DESIGN (YR 1 : FULL', u'MTINT1', u'MT: INTERIOR DESIGN', u'11', u'YEAR', u'D1', u'Durban Campus Full-time', u'A', u'40012006:GAEDE;50002046:BARRETT;40004627:HANKINSON;40007766:KEMM', 1.0]
check 'RPID501_YEAR_2018' 'RPID501'
processXLS: only for SEM2 [u'RPID501_YEAR_2018', u'RPID501_YEAR_2017', u'RPID501', u'RESEARCH PROJECT:INTERIOR DESIGN (YR 1 : FULL', u'MTINT1', u'MT: INTERIOR DESIGN', u'11', u'YEAR', u'D1', u'Durban Campus Full-time', u'A', u'40012006:GAEDE;50002046:BARRETT;40004627:HANKINSON;40007766:KEMM', 1.0]
[u'RPID501_YEAR_2018', u'RPID501_YEAR_2017', u'RPID501', u'RESEARCH PROJECT:INTERIOR DESIGN (YR 1 : FULL', u'MTINT1', u'MT: INTERIOR DESIGN', u'P0', u'POST-GRAD ANNUAL REGISTRATIONS', u'D1', u'Durban Campus Full-time', u'A', u'40012006:GAEDE;50002046:BARRETT;40004627:HANKINSON;40007766:KEMM', 2.0]
check 'RPID501_YEAR_2018' 'RPID501'
processXLS: only for SEM2 [u'RPID501_YEAR_2018', u'RPID501_YEAR_2017', u'RPID501', u'RESEARCH PROJECT:INTERIOR DESIGN (YR 1 : FULL', u'MTINT1', u'MT: INTERIOR DESIGN', u'P0', u'POST-GRAD ANNUAL REGISTRATIONS', u'D1', u'Durban Campus Full-time', u'A', u'40012006:GAEDE;50002046:BARRETT;40004627:HANKINSON;40007766:KEMM', 2.0]
[u'', u'', u'', u'', u'', u'', u'', u'', u'', u'', u'', u'', u'']
check '' ''
[u'RPPH531_YEAR_2018', u'RPPH531_YEAR_2017', u'RPPH531', u'RESEARCH PROJECT AND DISSERTATION (3RD REG)', u'MAPHT1', u'MASTER OF APPLIED ARTS IN PHOTOGRAPHY', u'P0', u'POST-GRAD ANNUAL REGISTRATIONS', u'D3', u'Durban Campus Part-time', u'A', u'50001172:Carey', 1.0]
check 'RPPH531_YEAR_2018' 'RPPH531'
processXLS: only for SEM2 [u'RPPH531_YEAR_2018', u'RPPH531_YEAR_2017', u'RPPH531', u'RESEARCH PROJECT AND DISSERTATION (3RD REG)', u'MAPHT1', u'MASTER OF APPLIED ARTS IN PHOTOGRAPHY', u'P0', u'POST-GRAD ANNUAL REGISTRATIONS', u'D3', u'Durban Campus Part-time', u'A', u'50001172:Carey', 1.0]
[u'===APPEND===', u'', u'', u'', u'', u'', u'', u'', u'', u'', u'', u'', u'']
check '===APPEND===' ''
[u'2017 NEW SUBJECTS  Blackboard Classrooms for Department: 3105 - VISUAL COMMUNICATION DESIGN', u'', u'', u'', u'', u'', u'', u'', u'', u'', u'', u'', u'']
check '2017 NEW SUBJECTS  Blackboard Classrooms for Department: 3105 - VISUAL COMMUNICATION DESIGN' ''
[u'', u'', u'', u'', u'', u'', u'', u'', u'', u'', u'', u'', u'']
check '' ''
[u'BB Classroom', u'Migrate Classroom', u'ITS Subject', u'', u'ITS Qualification', u'', u'Block', u'', u'Off Type', u'', u'Grp', u'Lecturer(s)', u'2016 Enrol']
check 'BB Classroom' 'ITS Subject'
[u'APHB101_SEM2_2018', u'APHB101_SEM2_2017', u'APHB101', u'APPLIED PHOTOGRAPHIC TECHNIQUES IB', u'BACPH1', u'B APPLIED ARTS IN COMMERCIAL PHOTOGRAPHY', u'22', u'SEMESTER 2', u'D1', u'Durban Campus Full-time', u'A', u'50050304:Bhorat', 0.0]
check 'APHB101_SEM2_2018' 'APHB101'
adding  APHB101
requesting:  http://10.0.100.98:8000/bbinfo/matching_courses/APHB101%25
r= <Response [200]>
matching classes= set([u'APHB101_SEM2_2017', u'APHB101_SEM2_2018'])
[u'', u'', u'', u'', u'', u'', u'', u'', u'', u'', u'', u'', u'']
check '' ''
[u'HPHA101_SEM1_2018', u'HPHA101_SEM1_2017', u'HPHA101', u'HISTORY OF PHOTOGRAPHY IA', u'BACPH1', u'B APPLIED ARTS IN COMMERCIAL PHOTOGRAPHY', u'21', u'SEMESTER 1', u'D1', u'Durban Campus Full-time', u'A', u'50050304:Bhorat', 0.0]
check 'HPHA101_SEM1_2018' 'HPHA101'
processXLS: only for SEM2 [u'HPHA101_SEM1_2018', u'HPHA101_SEM1_2017', u'HPHA101', u'HISTORY OF PHOTOGRAPHY IA', u'BACPH1', u'B APPLIED ARTS IN COMMERCIAL PHOTOGRAPHY', u'21', u'SEMESTER 1', u'D1', u'Durban Campus Full-time', u'A', u'50050304:Bhorat', 0.0]
[u'', u'', u'', u'', u'', u'', u'', u'', u'', u'', u'', u'', u'']
check '' ''
[u'HPHB101_SEM2_2018', u'HPHB101_SEM2_2017', u'HPHB101', u'HISTORY OF PHOTOGRAPHY IB', u'BACPH1', u'B APPLIED ARTS IN COMMERCIAL PHOTOGRAPHY', u'22', u'SEMESTER 2', u'D1', u'Durban Campus Full-time', u'A', u'50050304:Bhorat', 0.0]
check 'HPHB101_SEM2_2018' 'HPHB101'
adding  HPHB101
requesting:  http://10.0.100.98:8000/bbinfo/matching_courses/HPHB101%25
r= <Response [200]>
matching classes= set([u'HPHB101_SEM2_2018', u'HPHB101_SEM2_2017'])
[u'', u'', u'', u'', u'', u'', u'', u'', u'', u'', u'', u'', u'']
check '' ''
[u'PRMA101_SEM1_2018', u'PRMA101_SEM1_2017', u'PRMA101', u'PRAC BASED RES METH IN PHOTOGRAPHY IA', u'BACPH1', u'B APPLIED ARTS IN COMMERCIAL PHOTOGRAPHY', u'21', u'SEMESTER 1', u'D1', u'Durban Campus Full-time', u'A', u'50050304:Bhorat', 0.0]
check 'PRMA101_SEM1_2018' 'PRMA101'
processXLS: only for SEM2 [u'PRMA101_SEM1_2018', u'PRMA101_SEM1_2017', u'PRMA101', u'PRAC BASED RES METH IN PHOTOGRAPHY IA', u'BACPH1', u'B APPLIED ARTS IN COMMERCIAL PHOTOGRAPHY', u'21', u'SEMESTER 1', u'D1', u'Durban Campus Full-time', u'A', u'50050304:Bhorat', 0.0]
[u'', u'', u'', u'', u'', u'', u'', u'', u'', u'', u'', u'', u'']
check '' ''
[u'PRMB101_SEM2_2018', u'PRMB101_SEM2_2017', u'PRMB101', u'PRAC BASED RES METH IN PHOTOGRAPHY IB', u'BACPH1', u'B APPLIED ARTS IN COMMERCIAL PHOTOGRAPHY', u'22', u'SEMESTER 2', u'D1', u'Durban Campus Full-time', u'A', u'50050304:Bhorat', 0.0]
check 'PRMB101_SEM2_2018' 'PRMB101'
adding  PRMB101
requesting:  http://10.0.100.98:8000/bbinfo/matching_courses/PRMB101%25
r= <Response [200]>
matching classes= set([u'PRMB101_SEM2_2018', u'PRMB101_SEM2_2017'])
[u'', u'', u'', u'', u'', u'', u'', u'', u'', u'', u'', u'', u'']
check '' ''
[u'PTHA101_SEM1_2018', u'PTHA101_SEM1_2017', u'PTHA101', u'PHOTOGRAPHIC THEORY IA', u'BACPH1', u'B APPLIED ARTS IN COMMERCIAL PHOTOGRAPHY', u'21', u'SEMESTER 1', u'D1', u'Durban Campus Full-time', u'A', u'50050304:Bhorat', 0.0]
check 'PTHA101_SEM1_2018' 'PTHA101'
processXLS: only for SEM2 [u'PTHA101_SEM1_2018', u'PTHA101_SEM1_2017', u'PTHA101', u'PHOTOGRAPHIC THEORY IA', u'BACPH1', u'B APPLIED ARTS IN COMMERCIAL PHOTOGRAPHY', u'21', u'SEMESTER 1', u'D1', u'Durban Campus Full-time', u'A', u'50050304:Bhorat', 0.0]
[u'', u'', u'', u'', u'', u'', u'', u'', u'', u'', u'', u'', u'']
check '' ''
[u'PTHB101_SEM2_2018', u'PTHB101_SEM2_2017', u'PTHB101', u'PHOTOGRAPHIC THEORY IB', u'BACPH1', u'B APPLIED ARTS IN COMMERCIAL PHOTOGRAPHY', u'22', u'SEMESTER 2', u'D1', u'Durban Campus Full-time', u'A', u'50050304:Bhorat', 0.0]
check 'PTHB101_SEM2_2018' 'PTHB101'
adding  PTHB101
requesting:  http://10.0.100.98:8000/bbinfo/matching_courses/PTHB101%25
r= <Response [200]>
matching classes= set([u'PTHB101_SEM2_2017', u'PTHB101_SEM2_2018'])
[u'', u'', u'', u'', u'', u'', u'', u'', u'', u'', u'', u'', u'']
check '' ''
[u'VCPA101_SEM1_2018', u'VCPA101_SEM1_2017', u'VCPA101', u'VIS COMM & PHOTO PROF PRAC IA', u'BACPH1', u'B APPLIED ARTS IN COMMERCIAL PHOTOGRAPHY', u'21', u'SEMESTER 1', u'D1', u'Durban Campus Full-time', u'A', u'50050304:Bhorat', 0.0]
check 'VCPA101_SEM1_2018' 'VCPA101'
processXLS: only for SEM2 [u'VCPA101_SEM1_2018', u'VCPA101_SEM1_2017', u'VCPA101', u'VIS COMM & PHOTO PROF PRAC IA', u'BACPH1', u'B APPLIED ARTS IN COMMERCIAL PHOTOGRAPHY', u'21', u'SEMESTER 1', u'D1', u'Durban Campus Full-time', u'A', u'50050304:Bhorat', 0.0]
[u'', u'', u'', u'', u'', u'', u'', u'', u'', u'', u'', u'', u'']
check '' ''
[u'VCPB101_SEM2_2018', u'VCPB101_SEM2_2017', u'VCPB101', u'VIS COMM & PHOTO PROF PRAC IB', u'BACPH1', u'B APPLIED ARTS IN COMMERCIAL PHOTOGRAPHY', u'22', u'SEMESTER 2', u'D1', u'Durban Campus Full-time', u'A', u'50050304:Bhorat', 0.0]
check 'VCPB101_SEM2_2018' 'VCPB101'
adding  VCPB101
requesting:  http://10.0.100.98:8000/bbinfo/matching_courses/VCPB101%25
r= <Response [200]>
matching classes= set([u'VCPB101_SEM2_2018', u'VCPB101_SEM2_2017'])
[u'', u'', u'', u'', u'', u'', u'', u'', u'', u'', u'', u'', u'']
check '' ''
[u'APHA201_SEM1_2018', u'APHA201_SEM1_2017', u'APHA201', u'APPLIED PHOTOGRAPHIC TECHNIQUES IIA', u'BACPH1', u'B APPLIED ARTS IN COMMERCIAL PHOTOGRAPHY', u'21', u'SEMESTER 1', u'D1', u'Durban Campus Full-time', u'A', u'50050304:Bhorat', 0.0]
check 'APHA201_SEM1_2018' 'APHA201'
processXLS: only for SEM2 [u'APHA201_SEM1_2018', u'APHA201_SEM1_2017', u'APHA201', u'APPLIED PHOTOGRAPHIC TECHNIQUES IIA', u'BACPH1', u'B APPLIED ARTS IN COMMERCIAL PHOTOGRAPHY', u'21', u'SEMESTER 1', u'D1', u'Durban Campus Full-time', u'A', u'50050304:Bhorat', 0.0]
[u'', u'', u'', u'', u'', u'', u'', u'', u'', u'', u'', u'', u'']
check '' ''
[u'APHB201_SEM2_2018', u'APHB201_SEM2_2017', u'APHB201', u'APPLIED PHOTOGRAPHIC TECHNIQUES IIB', u'BACPH1', u'B APPLIED ARTS IN COMMERCIAL PHOTOGRAPHY', u'22', u'SEMESTER 2', u'D1', u'Durban Campus Full-time', u'A', u'50050304:Bhorat', 0.0]
check 'APHB201_SEM2_2018' 'APHB201'
adding  APHB201
requesting:  http://10.0.100.98:8000/bbinfo/matching_courses/APHB201%25
r= <Response [200]>
matching classes= set([u'APHB201_SEM2_2018', u'APHB201_SEM2_2017'])
[u'', u'', u'', u'', u'', u'', u'', u'', u'', u'', u'', u'', u'']
check '' ''
[u'HPHA201_SEM1_2018', u'HPHA201_SEM1_2017', u'HPHA201', u'HISTORY OF PHOTOGRAPHY IIA', u'BACPH1', u'B APPLIED ARTS IN COMMERCIAL PHOTOGRAPHY', u'21', u'SEMESTER 1', u'D1', u'Durban Campus Full-time', u'A', u'50050304:Bhorat', 0.0]
check 'HPHA201_SEM1_2018' 'HPHA201'
processXLS: only for SEM2 [u'HPHA201_SEM1_2018', u'HPHA201_SEM1_2017', u'HPHA201', u'HISTORY OF PHOTOGRAPHY IIA', u'BACPH1', u'B APPLIED ARTS IN COMMERCIAL PHOTOGRAPHY', u'21', u'SEMESTER 1', u'D1', u'Durban Campus Full-time', u'A', u'50050304:Bhorat', 0.0]
[u'', u'', u'', u'', u'', u'', u'', u'', u'', u'', u'', u'', u'']
check '' ''
[u'HPHB201_SEM2_2018', u'HPHB201_SEM2_2017', u'HPHB201', u'HISTORY OF PHOTOGRAPHY IIB', u'BACPH1', u'B APPLIED ARTS IN COMMERCIAL PHOTOGRAPHY', u'22', u'SEMESTER 2', u'D1', u'Durban Campus Full-time', u'A', u'50050304:Bhorat', 0.0]
check 'HPHB201_SEM2_2018' 'HPHB201'
adding  HPHB201
requesting:  http://10.0.100.98:8000/bbinfo/matching_courses/HPHB201%25
r= <Response [200]>
matching classes= set([u'HPHB201_SEM2_2017', u'HPHB201_SEM2_2018'])
[u'', u'', u'', u'', u'', u'', u'', u'', u'', u'', u'', u'', u'']
check '' ''
[u'PTHA201_SEM1_2018', u'PTHA201_SEM1_2017', u'PTHA201', u'PHOTOGRAPHIC THEORY IIA', u'BACPH1', u'B APPLIED ARTS IN COMMERCIAL PHOTOGRAPHY', u'21', u'SEMESTER 1', u'D1', u'Durban Campus Full-time', u'A', u'50050304:Bhorat', 0.0]
check 'PTHA201_SEM1_2018' 'PTHA201'
processXLS: only for SEM2 [u'PTHA201_SEM1_2018', u'PTHA201_SEM1_2017', u'PTHA201', u'PHOTOGRAPHIC THEORY IIA', u'BACPH1', u'B APPLIED ARTS IN COMMERCIAL PHOTOGRAPHY', u'21', u'SEMESTER 1', u'D1', u'Durban Campus Full-time', u'A', u'50050304:Bhorat', 0.0]
[u'', u'', u'', u'', u'', u'', u'', u'', u'', u'', u'', u'', u'']
check '' ''
[u'PTHB201_SEM2_2018', u'PTHB201_SEM2_2017', u'PTHB201', u'PHOTOGRAPHIC THEORY IIB', u'BACPH1', u'B APPLIED ARTS IN COMMERCIAL PHOTOGRAPHY', u'22', u'SEMESTER 2', u'D1', u'Durban Campus Full-time', u'A', u'50050304:Bhorat', 0.0]
check 'PTHB201_SEM2_2018' 'PTHB201'
adding  PTHB201
requesting:  http://10.0.100.98:8000/bbinfo/matching_courses/PTHB201%25
r= <Response [200]>
matching classes= set([u'PTHB201_SEM2_2018', u'PTHB201_SEM2_2017'])
[u'...', u'', u'', u'', u'', u'', u'', u'', u'', u'', u'', u'', u'']
check '...' ''
[u'New subjects for 2018', u'', u'', u'', u'', u'', u'', u'', u'', u'', u'', u'', u'']
check 'New subjects for 2018' ''
[u'CCTX101_SEM2_2018', u'template_2018', u'CCTX101', u'CRITICAL AND CONTEXTUAL STUDIES I', u'BDVCD1', u'B DESIGN IN VISUAL COMMUNICATION DESIGN', u'22', u'SEM2', u'D1', u'OTNAME', u'A', u'40003329:RAVJEE;', u'']
check 'CCTX101_SEM2_2018' 'CCTX101'
adding  CCTX101
requesting:  http://10.0.100.98:8000/bbinfo/matching_courses/CCTX101%25
r= <Response [200]>
matching classes= set([u'CCTX101_SEM2_2018'])
[u'VCDS121_SEM2_2018', u'template_2018', u'VCDS121', u'VISUAL COMMUNICATION DESIGN I (PART 2)', u'BDVCD1', u'B DESIGN IN VISUAL COMMUNICATION DESIGN', u'22', u'SEM2', u'D1', u'OTNAME', u'A', u'40003329:RAVJEE;40003112:MOODLEY;', u'']
check 'VCDS121_SEM2_2018' 'VCDS121'
adding  VCDS121
requesting:  http://10.0.100.98:8000/bbinfo/matching_courses/VCDS121%25
r= <Response [200]>
matching classes= set([u'VCDS121_SEM2_2018'])
[u'CCTX201_SEM1_2018', u'template_2018', u'CCTX201', u'CRITICAL AND CONTEXTUAL STUDIES II', u'BDVCD1', u'B DESIGN IN VISUAL COMMUNICATION DESIGN', u'21', u'SEM1', u'D1', u'OTNAME', u'A', u'50001064:KETHRO;', u'']
check 'CCTX201_SEM1_2018' 'CCTX201'
processXLS: only for SEM2 [u'CCTX201_SEM1_2018', u'template_2018', u'CCTX201', u'CRITICAL AND CONTEXTUAL STUDIES II', u'BDVCD1', u'B DESIGN IN VISUAL COMMUNICATION DESIGN', u'21', u'SEM1', u'D1', u'OTNAME', u'A', u'50001064:KETHRO;', u'']
[u'VCDS211_SEM1_2018', u'template_2018', u'VCDS211', u'VISUAL COMMUNICATION DESIGN II (PART 1)', u'BDVCD1', u'B DESIGN IN VISUAL COMMUNICATION DESIGN', u'21', u'SEM1', u'D1', u'OTNAME', u'A', u'40002483:ZAMA;', u'']
check 'VCDS211_SEM1_2018' 'VCDS211'
processXLS: only for SEM2 [u'VCDS211_SEM1_2018', u'template_2018', u'VCDS211', u'VISUAL COMMUNICATION DESIGN II (PART 1)', u'BDVCD1', u'B DESIGN IN VISUAL COMMUNICATION DESIGN', u'21', u'SEM1', u'D1', u'OTNAME', u'A', u'40002483:ZAMA;', u'']
[u'GVST221_SEM2_2018', u'template_2018', u'GVST221', u'GRAPHIC VISUALISATION & TECH II (PART 2)', u'BDVCD1', u'B DESIGN IN VISUAL COMMUNICATION DESIGN', u'22', u'SEM2', u'D1', u'OTNAME', u'A', u'40010061:KNUDSEN;50001367:ZOEPKE;', u'']
check 'GVST221_SEM2_2018' 'GVST221'
adding  GVST221
requesting:  http://10.0.100.98:8000/bbinfo/matching_courses/GVST221%25
r= <Response [200]>
matching classes= set([u'GVST221_SEM2_2018'])
[u'CCTX301_SEM1_2018', u'template_2018', u'CCTX301', u'CRITICAL AND CONTEXTUAL STUDIES III', u'BDVCD1', u'B DESIGN IN VISUAL COMMUNICATION DESIGN', u'21', u'SEM1', u'D1', u'OTNAME', u'A', u'40003329:RAVJEE;40012006:GAEDE;', u'']
check 'CCTX301_SEM1_2018' 'CCTX301'
processXLS: only for SEM2 [u'CCTX301_SEM1_2018', u'template_2018', u'CCTX301', u'CRITICAL AND CONTEXTUAL STUDIES III', u'BDVCD1', u'B DESIGN IN VISUAL COMMUNICATION DESIGN', u'21', u'SEM1', u'D1', u'OTNAME', u'A', u'40003329:RAVJEE;40012006:GAEDE;', u'']
[u'VCDS111_SEM1_2018', u'template_2018', u'VCDS111', u'VISUAL COMMUNICATION DESIGN I (PART 1)', u'BDVCD1', u'B DESIGN IN VISUAL COMMUNICATION DESIGN', u'21', u'SEM1', u'D1', u'OTNAME', u'A', u'40003329:RAVJEE;40003112:MOODLEY;', u'']
check 'VCDS111_SEM1_2018' 'VCDS111'
processXLS: only for SEM2 [u'VCDS111_SEM1_2018', u'template_2018', u'VCDS111', u'VISUAL COMMUNICATION DESIGN I (PART 1)', u'BDVCD1', u'B DESIGN IN VISUAL COMMUNICATION DESIGN', u'21', u'SEM1', u'D1', u'OTNAME', u'A', u'40003329:RAVJEE;40003112:MOODLEY;', u'']
[u'GRTT111_SEM1_2018', u'template_2018', u'GRTT111', u'GRAPHIC TECHNIQUES AND TECHNOLOGY I (PART 1)', u'BDVCD1', u'B DESIGN IN VISUAL COMMUNICATION DESIGN', u'21', u'SEM1', u'D1', u'OTNAME', u'A', u'40010061:KNUDSEN;40003112:MOODLEY;50001367:ZOEPKE;', u'']
check 'GRTT111_SEM1_2018' 'GRTT111'
processXLS: only for SEM2 [u'GRTT111_SEM1_2018', u'template_2018', u'GRTT111', u'GRAPHIC TECHNIQUES AND TECHNOLOGY I (PART 1)', u'BDVCD1', u'B DESIGN IN VISUAL COMMUNICATION DESIGN', u'21', u'SEM1', u'D1', u'OTNAME', u'A', u'40010061:KNUDSEN;40003112:MOODLEY;50001367:ZOEPKE;', u'']
[u'GRTT121_SEM2_2018', u'template_2018', u'GRTT121', u'GRAPHIC TECHNIQUES AND TECHNOLOGY I (PART 2)', u'BDVCD1', u'B DESIGN IN VISUAL COMMUNICATION DESIGN', u'22', u'SEM2', u'D1', u'OTNAME', u'A', u'40010061:KNUDSEN;40003112:MOODLEY;50001367:ZOEPKE;', u'']
check 'GRTT121_SEM2_2018' 'GRTT121'
adding  GRTT121
requesting:  http://10.0.100.98:8000/bbinfo/matching_courses/GRTT121%25
r= <Response [200]>
matching classes= set([u'GRTT121_SEM2_2018'])
[u'PDIP301_SEM2_2018', u'template_2018', u'PDIP301', u'PROFESSIONAL DESIGN INDUSTRY PRACTICE III', u'BDVCD1', u'B DESIGN IN VISUAL COMMUNICATION DESIGN', u'22', u'SEM2', u'D1', u'OTNAME', u'A', u'50001027:WASSERMAN;', u'']
check 'PDIP301_SEM2_2018' 'PDIP301'
adding  PDIP301
requesting:  http://10.0.100.98:8000/bbinfo/matching_courses/PDIP301%25
r= <Response [200]>
matching classes= set([u'PDIP301_SEM2_2018'])
[u'PFDP201_SEM2_2018', u'template_2018', u'PFDP201', u'PROFESSIONAL DESIGN PRACTICE II', u'BDVCD1', u'B DESIGN IN VISUAL COMMUNICATION DESIGN', u'22', u'SEM2', u'D1', u'OTNAME', u'A', u'40002483:ZAMA;', u'']
check 'PFDP201_SEM2_2018' 'PFDP201'
adding  PFDP201
requesting:  http://10.0.100.98:8000/bbinfo/matching_courses/PFDP201%25
r= <Response [200]>
matching classes= set([u'PFDP201_SEM2_2018'])
[u'GVST211_SEM1_2018', u'template_2018', u'GVST211', u'GRAPHIC VISUALISATION & TECH II (PART 1)', u'BDVCD1', u'B DESIGN IN VISUAL COMMUNICATION DESIGN', u'21', u'SEM1', u'D1', u'OTNAME', u'A', u'40010061:KNUDSEN;50001367:ZOEPKE;', u'']
check 'GVST211_SEM1_2018' 'GVST211'
processXLS: only for SEM2 [u'GVST211_SEM1_2018', u'template_2018', u'GVST211', u'GRAPHIC VISUALISATION & TECH II (PART 1)', u'BDVCD1', u'B DESIGN IN VISUAL COMMUNICATION DESIGN', u'21', u'SEM1', u'D1', u'OTNAME', u'A', u'40010061:KNUDSEN;50001367:ZOEPKE;', u'']
[u'GVST311_SEM1_2018', u'template_2018', u'GVST311', u'GRAPHIC VISUALISATION & TECH III (PART 1)', u'BDVCD1', u'B DESIGN IN VISUAL COMMUNICATION DESIGN', u'21', u'SEM1', u'D1', u'OTNAME', u'A', u'40011429:KALALA;50001027:WASSERMAN;', u'']
check 'GVST311_SEM1_2018' 'GVST311'
processXLS: only for SEM2 [u'GVST311_SEM1_2018', u'template_2018', u'GVST311', u'GRAPHIC VISUALISATION & TECH III (PART 1)', u'BDVCD1', u'B DESIGN IN VISUAL COMMUNICATION DESIGN', u'21', u'SEM1', u'D1', u'OTNAME', u'A', u'40011429:KALALA;50001027:WASSERMAN;', u'']
[u'GVST321_SEM2_2018', u'template_2018', u'GVST321', u'GRAPHIC VISUALISATION & TECH III (PART 2)', u'BDVCD1', u'B DESIGN IN VISUAL COMMUNICATION DESIGN', u'22', u'SEM2', u'D1', u'OTNAME', u'A', u'40011429:KALALA;50001027:WASSERMAN;', u'']
check 'GVST321_SEM2_2018' 'GVST321'
adding  GVST321
requesting:  http://10.0.100.98:8000/bbinfo/matching_courses/GVST321%25
r= <Response [200]>
matching classes= set([u'GVST321_SEM2_2018'])
[u'AVCD321_SEM2_2018', u'template_2018', u'AVCD321', u'ADV VISUAL COMMUNICATION DESIGN III (PART 2)', u'BDVCD1', u'B DESIGN IN VISUAL COMMUNICATION DESIGN', u'22', u'SEM2', u'D1', u'OTNAME', u'A', u'40011429:KALALA;', u'']
check 'AVCD321_SEM2_2018' 'AVCD321'
adding  AVCD321
requesting:  http://10.0.100.98:8000/bbinfo/matching_courses/AVCD321%25
r= <Response [200]>
matching classes= set([u'AVCD321_SEM2_2018'])
[u'VCDS221_SEM2_2018', u'template_2018', u'VCDS221', u'VISUAL COMMUNICATION DESIGN II (PART 2)', u'BDVCD1', u'B DESIGN IN VISUAL COMMUNICATION DESIGN', u'22', u'SEM2', u'D1', u'OTNAME', u'A', u'40002483:ZAMA;', u'']
check 'VCDS221_SEM2_2018' 'VCDS221'
adding  VCDS221
requesting:  http://10.0.100.98:8000/bbinfo/matching_courses/VCDS221%25
r= <Response [200]>
matching classes= set([u'VCDS221_SEM2_2018'])
[u'AVCD311_SEM1_2018', u'template_2018', u'AVCD311', u'ADV VISUAL COMMUNICATION DESIGN III (PART 1)', u'BDVCD1', u'B DESIGN IN VISUAL COMMUNICATION DESIGN', u'21', u'SEM1', u'D1', u'OTNAME', u'A', u'40011429:KALALA;', u'']
check 'AVCD311_SEM1_2018' 'AVCD311'
processXLS: only for SEM2 [u'AVCD311_SEM1_2018', u'template_2018', u'AVCD311', u'ADV VISUAL COMMUNICATION DESIGN III (PART 1)', u'BDVCD1', u'B DESIGN IN VISUAL COMMUNICATION DESIGN', u'21', u'SEM1', u'D1', u'OTNAME', u'A', u'40011429:KALALA;', u'']
processXLS: finished processing workingSheets/data/BBC3105VisualCommunicationDesign2017.xls
getWS: requesting:  http://10.0.100.98:8000/itsenrol/classlist/2018/22/VCDS221 rsp= <Response [200]>
getWS: requesting:  http://10.0.100.98:8000/bbinfo/classlist/VCDS221 rsp= <Response [200]>
getNewStudentsInSubject: ITS 0, BB 1 -> 0 new enrollments
getWS: requesting:  http://10.0.100.98:8000/itsenrol/classlist/2018/22/HPHB201 rsp= <Response [200]>
getWS: requesting:  http://10.0.100.98:8000/bbinfo/classlist/HPHB201 rsp= <Response [200]>
getNewStudentsInSubject: ITS 0, BB 1 -> 0 new enrollments
getWS: requesting:  http://10.0.100.98:8000/itsenrol/classlist/2018/22/GVST221 rsp= <Response [200]>
getWS: requesting:  http://10.0.100.98:8000/bbinfo/classlist/GVST221 rsp= <Response [200]>
getNewStudentsInSubject: ITS 0, BB 2 -> 0 new enrollments
getWS: requesting:  http://10.0.100.98:8000/itsenrol/classlist/2018/22/PTHB201 rsp= <Response [200]>
getWS: requesting:  http://10.0.100.98:8000/bbinfo/classlist/PTHB201 rsp= <Response [200]>
getNewStudentsInSubject: ITS 0, BB 1 -> 0 new enrollments
getWS: requesting:  http://10.0.100.98:8000/itsenrol/classlist/2018/22/VCPB101 rsp= <Response [200]>
getWS: requesting:  http://10.0.100.98:8000/bbinfo/classlist/VCPB101 rsp= <Response [200]>
getNewStudentsInSubject: ITS 0, BB 1 -> 0 new enrollments
getWS: requesting:  http://10.0.100.98:8000/itsenrol/classlist/2018/22/VCDS121 rsp= <Response [200]>
getWS: requesting:  http://10.0.100.98:8000/bbinfo/classlist/VCDS121 rsp= <Response [200]>
getNewStudentsInSubject: ITS 0, BB 2 -> 0 new enrollments
getWS: requesting:  http://10.0.100.98:8000/itsenrol/classlist/2018/22/PDIP301 rsp= <Response [200]>
getWS: requesting:  http://10.0.100.98:8000/bbinfo/classlist/PDIP301 rsp= <Response [200]>
getNewStudentsInSubject: ITS 0, BB 1 -> 0 new enrollments
getWS: requesting:  http://10.0.100.98:8000/itsenrol/classlist/2018/22/AVCD321 rsp= <Response [200]>
getWS: requesting:  http://10.0.100.98:8000/bbinfo/classlist/AVCD321 rsp= <Response [200]>
getNewStudentsInSubject: ITS 0, BB 1 -> 0 new enrollments
getWS: requesting:  http://10.0.100.98:8000/itsenrol/classlist/2018/22/APHB201 rsp= <Response [200]>
getWS: requesting:  http://10.0.100.98:8000/bbinfo/classlist/APHB201 rsp= <Response [200]>
getNewStudentsInSubject: ITS 0, BB 1 -> 0 new enrollments
getWS: requesting:  http://10.0.100.98:8000/itsenrol/classlist/2018/22/PFDP201 rsp= <Response [200]>
getWS: requesting:  http://10.0.100.98:8000/bbinfo/classlist/PFDP201 rsp= <Response [200]>
getNewStudentsInSubject: ITS 0, BB 1 -> 0 new enrollments
getWS: requesting:  http://10.0.100.98:8000/itsenrol/classlist/2018/22/APHB101 rsp= <Response [200]>
getWS: requesting:  http://10.0.100.98:8000/bbinfo/classlist/APHB101 rsp= <Response [200]>
getNewStudentsInSubject: ITS 0, BB 1 -> 0 new enrollments
getWS: requesting:  http://10.0.100.98:8000/itsenrol/classlist/2018/22/PTHB101 rsp= <Response [200]>
getWS: requesting:  http://10.0.100.98:8000/bbinfo/classlist/PTHB101 rsp= <Response [200]>
getNewStudentsInSubject: ITS 0, BB 1 -> 0 new enrollments
getWS: requesting:  http://10.0.100.98:8000/itsenrol/classlist/2018/22/GVST321 rsp= <Response [200]>
getWS: requesting:  http://10.0.100.98:8000/bbinfo/classlist/GVST321 rsp= <Response [200]>
getNewStudentsInSubject: ITS 0, BB 2 -> 0 new enrollments
getWS: requesting:  http://10.0.100.98:8000/itsenrol/classlist/2018/22/HPHB101 rsp= <Response [200]>
getWS: requesting:  http://10.0.100.98:8000/bbinfo/classlist/HPHB101 rsp= <Response [200]>
getNewStudentsInSubject: ITS 0, BB 1 -> 0 new enrollments
getWS: requesting:  http://10.0.100.98:8000/itsenrol/classlist/2018/22/GRTT121 rsp= <Response [200]>
getWS: requesting:  http://10.0.100.98:8000/bbinfo/classlist/GRTT121 rsp= <Response [200]>
getNewStudentsInSubject: ITS 0, BB 3 -> 0 new enrollments
getWS: requesting:  http://10.0.100.98:8000/itsenrol/classlist/2018/22/CCTX101 rsp= <Response [200]>
getWS: requesting:  http://10.0.100.98:8000/bbinfo/classlist/CCTX101 rsp= <Response [200]>
getNewStudentsInSubject: ITS 0, BB 1 -> 0 new enrollments
getWS: requesting:  http://10.0.100.98:8000/itsenrol/classlist/2018/22/PRMB101 rsp= <Response [200]>
getWS: requesting:  http://10.0.100.98:8000/bbinfo/classlist/PRMB101 rsp= <Response [200]>
getNewStudentsInSubject: ITS 0, BB 1 -> 0 new enrollments
main: Writing students...
main: Writing enrollments...
main: Finished processing workingSheets/data/BBC3105VisualCommunicationDesign2017.xls
main: 17 subjects processed
main: 17 subject -> classroom maps
main: 0 students
main: 0 student enrollments 0 errors
0.29user 0.10system 0:01.37elapsed 28%CPU (0avgtext+0avgdata 58064maxresident)k
0inputs+16outputs (0major+7064minor)pagefaults 0swaps
POSTING SNAPSHOTS to SIS endpoint
TEST RUN, NOT POSTING BBSTUDENTS
TEST RUN, NOT POSTIN BBENROL
copy snapshot files to saved output
=== department done ===
syncing logs...
Pushing logs from logs/20180723111852 to remote...
sending incremental file list
./
BBC3105VisualCommunicationDesign2017.BBENROL.txt
BBC3105VisualCommunicationDesign2017.BBSTUDENTS.txt
BBC3105VisualCommunicationDesign2017.Enrolomat.txt
BBC3105VisualCommunicationDesign2017.Postlog.txt

sent 115248 bytes  received 91 bytes  25630.89 bytes/sec
total size is 339654  speedup is 2.94
logging to logs/20180723111852
=== generate newenrollments for BBC3106FashionTextiles2017. ===
GENERATE SNAPSHOTS...
./BBCIncrementalEnrollerX2.py : generating enrolment files for subjects in  workingSheets/data/BBC3106FashionTextiles2017.xls
processXLS: start spreadsheet workingSheets/data/BBC3106FashionTextiles2017.xls
[u'2018 Blackboard Classrooms for Department: 3106 - FASHION & TEXTILES', u'', u'', u'', u'', u'', u'', u'', u'', u'', u'', u'', u'']
check '2018 Blackboard Classrooms for Department: 3106 - FASHION & TEXTILES' ''
[u'', u'', u'', u'', u'', u'', u'', u'', u'', u'', u'', u'', u'']
check '' ''
[u'BB Classroom', u'Migrate Classroom', u'ITS Subject', u'', u'ITS Qualification', u'', u'Block', u'', u'Off Type', u'', u'Grp', u'Lecturer(s)', u'2016 Enrol']
check 'BB Classroom' 'ITS Subject'
[u'', u'', u'', u'', u'', u'', u'', u'', u'', u'', u'', u'', u'']
check '' ''
[u'', u'', u'', u'', u'', u'', u'', u'', u'', u'', u'', u'', u'']
check '' ''
[u'', u'', u'', u'', u'', u'', u'', u'', u'', u'', u'', u'', u'']
check '' ''
[u'', u'', u'', u'', u'', u'', u'', u'', u'', u'', u'', u'', u'']
check '' ''
[u'', u'', u'', u'', u'', u'', u'', u'', u'', u'', u'', u'', u'']
check '' ''
[u'', u'', u'', u'', u'', u'', u'', u'', u'', u'', u'', u'', u'']
check '' ''
[u'APCT113_YEAR_2018', u'APCT113_YEAR_2017', u'APCT113', u'APPLIED CLOTHING TECH 1 (MOD 1 - PATTERNS)', u'NDFSF1', u'ND: FASHION (4 YEARS)', u'11', u'YEAR', u'D1', u'Durban Campus Full-time', u'A', u'40010290:GOSS', 2.0]
check 'APCT113_YEAR_2018' 'APCT113'
processXLS: only for SEM2 [u'APCT113_YEAR_2018', u'APCT113_YEAR_2017', u'APCT113', u'APPLIED CLOTHING TECH 1 (MOD 1 - PATTERNS)', u'NDFSF1', u'ND: FASHION (4 YEARS)', u'11', u'YEAR', u'D1', u'Durban Campus Full-time', u'A', u'40010290:GOSS', 2.0]
[u'APCT113_YEAR_2018', u'APCT113_YEAR_2017', u'APCT113', u'APPLIED CLOTHING TECH 1 (MOD 1 - PATTERNS)', u'NDFSF1', u'ND: FASHION (4 YEARS)', u'11', u'YEAR', u'D1', u'Durban Campus Full-time', u'B', u'40010290:GOSS', 3.0]
check 'APCT113_YEAR_2018' 'APCT113'
processXLS: only for SEM2 [u'APCT113_YEAR_2018', u'APCT113_YEAR_2017', u'APCT113', u'APPLIED CLOTHING TECH 1 (MOD 1 - PATTERNS)', u'NDFSF1', u'ND: FASHION (4 YEARS)', u'11', u'YEAR', u'D1', u'Durban Campus Full-time', u'B', u'40010290:GOSS', 3.0]
[u'APCT113_YEAR_2018', u'APCT113_YEAR_2017', u'APCT113', u'APPLIED CLOTHING TECH 1 (MOD 1 - PATTERNS)', u'NDFSH1', u'ND: FASHION', u'11', u'YEAR', u'D1', u'Durban Campus Full-time', u'B', u'40010290:GOSS', 25.0]
check 'APCT113_YEAR_2018' 'APCT113'
processXLS: only for SEM2 [u'APCT113_YEAR_2018', u'APCT113_YEAR_2017', u'APCT113', u'APPLIED CLOTHING TECH 1 (MOD 1 - PATTERNS)', u'NDFSH1', u'ND: FASHION', u'11', u'YEAR', u'D1', u'Durban Campus Full-time', u'B', u'40010290:GOSS', 25.0]
[u'APCT113_YEAR_2018', u'APCT113_YEAR_2017', u'APCT113', u'APPLIED CLOTHING TECH 1 (MOD 1 - PATTERNS)', u'NDFSH1', u'ND: FASHION', u'11', u'YEAR', u'D1', u'Durban Campus Full-time', u'A', u'40010290:GOSS', 25.0]
check 'APCT113_YEAR_2018' 'APCT113'
processXLS: only for SEM2 [u'APCT113_YEAR_2018', u'APCT113_YEAR_2017', u'APCT113', u'APPLIED CLOTHING TECH 1 (MOD 1 - PATTERNS)', u'NDFSH1', u'ND: FASHION', u'11', u'YEAR', u'D1', u'Durban Campus Full-time', u'A', u'40010290:GOSS', 25.0]
[u'', u'', u'', u'', u'', u'', u'', u'', u'', u'', u'', u'', u'']
check '' ''
[u'APCT123_YEAR_2018', u'APCT123_YEAR_2017', u'APCT123', u'APPLIED CLOTHING TECH I (MOD 2 - GARMENTS)', u'NDFSF1', u'ND: FASHION (4 YEARS)', u'11', u'YEAR', u'D1', u'Durban Campus Full-time', u'B', u'40013317:MCHUNU', 3.0]
check 'APCT123_YEAR_2018' 'APCT123'
processXLS: only for SEM2 [u'APCT123_YEAR_2018', u'APCT123_YEAR_2017', u'APCT123', u'APPLIED CLOTHING TECH I (MOD 2 - GARMENTS)', u'NDFSF1', u'ND: FASHION (4 YEARS)', u'11', u'YEAR', u'D1', u'Durban Campus Full-time', u'B', u'40013317:MCHUNU', 3.0]
[u'APCT123_YEAR_2018', u'APCT123_YEAR_2017', u'APCT123', u'APPLIED CLOTHING TECH I (MOD 2 - GARMENTS)', u'NDFSF1', u'ND: FASHION (4 YEARS)', u'11', u'YEAR', u'D1', u'Durban Campus Full-time', u'A', u'40013317:MCHUNU', 2.0]
check 'APCT123_YEAR_2018' 'APCT123'
processXLS: only for SEM2 [u'APCT123_YEAR_2018', u'APCT123_YEAR_2017', u'APCT123', u'APPLIED CLOTHING TECH I (MOD 2 - GARMENTS)', u'NDFSF1', u'ND: FASHION (4 YEARS)', u'11', u'YEAR', u'D1', u'Durban Campus Full-time', u'A', u'40013317:MCHUNU', 2.0]
[u'APCT123_YEAR_2018', u'APCT123_YEAR_2017', u'APCT123', u'APPLIED CLOTHING TECH I (MOD 2 - GARMENTS)', u'NDFSH1', u'ND: FASHION', u'11', u'YEAR', u'D1', u'Durban Campus Full-time', u'B', u'40013317:MCHUNU', 23.0]
check 'APCT123_YEAR_2018' 'APCT123'
processXLS: only for SEM2 [u'APCT123_YEAR_2018', u'APCT123_YEAR_2017', u'APCT123', u'APPLIED CLOTHING TECH I (MOD 2 - GARMENTS)', u'NDFSH1', u'ND: FASHION', u'11', u'YEAR', u'D1', u'Durban Campus Full-time', u'B', u'40013317:MCHUNU', 23.0]
[u'APCT123_YEAR_2018', u'APCT123_YEAR_2017', u'APCT123', u'APPLIED CLOTHING TECH I (MOD 2 - GARMENTS)', u'NDFSH1', u'ND: FASHION', u'11', u'YEAR', u'D1', u'Durban Campus Full-time', u'A', u'40013317:MCHUNU', 23.0]
check 'APCT123_YEAR_2018' 'APCT123'
processXLS: only for SEM2 [u'APCT123_YEAR_2018', u'APCT123_YEAR_2017', u'APCT123', u'APPLIED CLOTHING TECH I (MOD 2 - GARMENTS)', u'NDFSH1', u'ND: FASHION', u'11', u'YEAR', u'D1', u'Durban Campus Full-time', u'A', u'40013317:MCHUNU', 23.0]
[u'', u'', u'', u'', u'', u'', u'', u'', u'', u'', u'', u'', u'']
check '' ''
[u'APCT133_YEAR_2018', u'APCT133_YEAR_2017', u'APCT133', u'APPLIED CLOTHING TECH I (MOD 3 - TEXTILES)', u'NDFSF1', u'ND: FASHION (4 YEARS)', u'11', u'YEAR', u'D1', u'Durban Campus Full-time', u'A', u'40012335:Gounden', 5.0]
check 'APCT133_YEAR_2018' 'APCT133'
processXLS: only for SEM2 [u'APCT133_YEAR_2018', u'APCT133_YEAR_2017', u'APCT133', u'APPLIED CLOTHING TECH I (MOD 3 - TEXTILES)', u'NDFSF1', u'ND: FASHION (4 YEARS)', u'11', u'YEAR', u'D1', u'Durban Campus Full-time', u'A', u'40012335:Gounden', 5.0]
[u'APCT133_YEAR_2018', u'APCT133_YEAR_2017', u'APCT133', u'APPLIED CLOTHING TECH I (MOD 3 - TEXTILES)', u'NDFSF1', u'ND: FASHION (4 YEARS)', u'11', u'YEAR', u'D1', u'Durban Campus Full-time', u'B', u'40012335:Gounden', 4.0]
check 'APCT133_YEAR_2018' 'APCT133'
processXLS: only for SEM2 [u'APCT133_YEAR_2018', u'APCT133_YEAR_2017', u'APCT133', u'APPLIED CLOTHING TECH I (MOD 3 - TEXTILES)', u'NDFSF1', u'ND: FASHION (4 YEARS)', u'11', u'YEAR', u'D1', u'Durban Campus Full-time', u'B', u'40012335:Gounden', 4.0]
[u'APCT133_YEAR_2018', u'APCT133_YEAR_2017', u'APCT133', u'APPLIED CLOTHING TECH I (MOD 3 - TEXTILES)', u'NDFSH1', u'ND: FASHION', u'11', u'YEAR', u'D1', u'Durban Campus Full-time', u'B', u'40012335:Gounden', 24.0]
check 'APCT133_YEAR_2018' 'APCT133'
processXLS: only for SEM2 [u'APCT133_YEAR_2018', u'APCT133_YEAR_2017', u'APCT133', u'APPLIED CLOTHING TECH I (MOD 3 - TEXTILES)', u'NDFSH1', u'ND: FASHION', u'11', u'YEAR', u'D1', u'Durban Campus Full-time', u'B', u'40012335:Gounden', 24.0]
[u'APCT133_YEAR_2018', u'APCT133_YEAR_2017', u'APCT133', u'APPLIED CLOTHING TECH I (MOD 3 - TEXTILES)', u'NDFSH1', u'ND: FASHION', u'11', u'YEAR', u'D1', u'Durban Campus Full-time', u'A', u'40012335:Gounder', 28.0]
check 'APCT133_YEAR_2018' 'APCT133'
processXLS: only for SEM2 [u'APCT133_YEAR_2018', u'APCT133_YEAR_2017', u'APCT133', u'APPLIED CLOTHING TECH I (MOD 3 - TEXTILES)', u'NDFSH1', u'ND: FASHION', u'11', u'YEAR', u'D1', u'Durban Campus Full-time', u'A', u'40012335:Gounder', 28.0]
[u'', u'', u'', u'', u'', u'', u'', u'', u'', u'', u'', u'', u'']
check '' ''
[u'', u'', u'', u'', u'', u'', u'', u'', u'', u'', u'', u'', u'']
check '' ''
[u'', u'', u'', u'', u'', u'', u'', u'', u'', u'', u'', u'', u'']
check '' ''
[u'', u'', u'', u'', u'', u'', u'', u'', u'', u'', u'', u'', u'']
check '' ''
[u'', u'', u'', u'', u'', u'', u'', u'', u'', u'', u'', u'', u'']
check '' ''
[u'', u'', u'', u'', u'', u'', u'', u'', u'', u'', u'', u'', u'']
check '' ''
[u'', u'', u'', u'', u'', u'', u'', u'', u'', u'', u'', u'', u'']
check '' ''
[u'DSTD114_YEAR_2018', u'DSTD114_YEAR_2017', u'DSTD114', u'DESIGN STUDIES I (MODULE 1 - CREATIVE)', u'NDFSF1', u'ND: FASHION (4 YEARS)', u'11', u'YEAR', u'D1', u'Durban Campus Full-time', u'A', u'40011669:MDLETSHE', 2.0]
check 'DSTD114_YEAR_2018' 'DSTD114'
processXLS: only for SEM2 [u'DSTD114_YEAR_2018', u'DSTD114_YEAR_2017', u'DSTD114', u'DESIGN STUDIES I (MODULE 1 - CREATIVE)', u'NDFSF1', u'ND: FASHION (4 YEARS)', u'11', u'YEAR', u'D1', u'Durban Campus Full-time', u'A', u'40011669:MDLETSHE', 2.0]
[u'DSTD114_YEAR_2018', u'DSTD114_YEAR_2017', u'DSTD114', u'DESIGN STUDIES I (MODULE 1 - CREATIVE)', u'NDFSF1', u'ND: FASHION (4 YEARS)', u'11', u'YEAR', u'D1', u'Durban Campus Full-time', u'B', u'40011669:MDLETSHE', 3.0]
check 'DSTD114_YEAR_2018' 'DSTD114'
processXLS: only for SEM2 [u'DSTD114_YEAR_2018', u'DSTD114_YEAR_2017', u'DSTD114', u'DESIGN STUDIES I (MODULE 1 - CREATIVE)', u'NDFSF1', u'ND: FASHION (4 YEARS)', u'11', u'YEAR', u'D1', u'Durban Campus Full-time', u'B', u'40011669:MDLETSHE', 3.0]
[u'DSTD114_YEAR_2018', u'DSTD114_YEAR_2017', u'DSTD114', u'DESIGN STUDIES I (MODULE 1 - CREATIVE)', u'NDFSH1', u'ND: FASHION', u'11', u'YEAR', u'D1', u'Durban Campus Full-time', u'B', u'40011669:MDLETSHE', 23.0]
check 'DSTD114_YEAR_2018' 'DSTD114'
processXLS: only for SEM2 [u'DSTD114_YEAR_2018', u'DSTD114_YEAR_2017', u'DSTD114', u'DESIGN STUDIES I (MODULE 1 - CREATIVE)', u'NDFSH1', u'ND: FASHION', u'11', u'YEAR', u'D1', u'Durban Campus Full-time', u'B', u'40011669:MDLETSHE', 23.0]
[u'DSTD114_YEAR_2018', u'DSTD114_YEAR_2017', u'DSTD114', u'DESIGN STUDIES I (MODULE 1 - CREATIVE)', u'NDFSH1', u'`', u'11', u'YEAR', u'D1', u'Durban Campus Full-time', u'A', u'40011669:MDLETSHE', 23.0]
check 'DSTD114_YEAR_2018' 'DSTD114'
processXLS: only for SEM2 [u'DSTD114_YEAR_2018', u'DSTD114_YEAR_2017', u'DSTD114', u'DESIGN STUDIES I (MODULE 1 - CREATIVE)', u'NDFSH1', u'`', u'11', u'YEAR', u'D1', u'Durban Campus Full-time', u'A', u'40011669:MDLETSHE', 23.0]
[u'', u'', u'', u'', u'', u'', u'', u'', u'', u'', u'', u'', u'']
check '' ''
[u'DSTD124_YEAR_2018', u'DSTD124_YEAR_2017', u'DSTD124', u'DESIGN STUDIES I (MOD 2 - 2 & 3 DIMENSION ST)', u'NDFSF1', u'ND: FASHION (4 YEARS)', u'11', u'YEAR', u'D1', u'Durban Campus Full-time', u'A', u'40000389:SCOTT', 2.0]
check 'DSTD124_YEAR_2018' 'DSTD124'
processXLS: only for SEM2 [u'DSTD124_YEAR_2018', u'DSTD124_YEAR_2017', u'DSTD124', u'DESIGN STUDIES I (MOD 2 - 2 & 3 DIMENSION ST)', u'NDFSF1', u'ND: FASHION (4 YEARS)', u'11', u'YEAR', u'D1', u'Durban Campus Full-time', u'A', u'40000389:SCOTT', 2.0]
[u'DSTD124_YEAR_2018', u'DSTD124_YEAR_2017', u'DSTD124', u'DESIGN STUDIES I (MOD 2 - 2 & 3 DIMENSION ST)', u'NDFSF1', u'ND: FASHION (4 YEARS)', u'11', u'YEAR', u'D1', u'Durban Campus Full-time', u'B', u'40000389:SCOTT', 3.0]
check 'DSTD124_YEAR_2018' 'DSTD124'
processXLS: only for SEM2 [u'DSTD124_YEAR_2018', u'DSTD124_YEAR_2017', u'DSTD124', u'DESIGN STUDIES I (MOD 2 - 2 & 3 DIMENSION ST)', u'NDFSF1', u'ND: FASHION (4 YEARS)', u'11', u'YEAR', u'D1', u'Durban Campus Full-time', u'B', u'40000389:SCOTT', 3.0]
[u'DSTD124_YEAR_2018', u'DSTD124_YEAR_2017', u'DSTD124', u'DESIGN STUDIES I (MOD 2 - 2 & 3 DIMENSION ST)', u'NDFSH1', u'ND: FASHION', u'11', u'YEAR', u'D1', u'Durban Campus Full-time', u'B', u'40000389:SCOTT', 23.0]
check 'DSTD124_YEAR_2018' 'DSTD124'
processXLS: only for SEM2 [u'DSTD124_YEAR_2018', u'DSTD124_YEAR_2017', u'DSTD124', u'DESIGN STUDIES I (MOD 2 - 2 & 3 DIMENSION ST)', u'NDFSH1', u'ND: FASHION', u'11', u'YEAR', u'D1', u'Durban Campus Full-time', u'B', u'40000389:SCOTT', 23.0]
[u'DSTD124_YEAR_2018', u'DSTD124_YEAR_2017', u'DSTD124', u'DESIGN STUDIES I (MOD 2 - 2 & 3 DIMENSION ST)', u'NDFSH1', u'ND: FASHION', u'11', u'YEAR', u'D1', u'Durban Campus Full-time', u'A', u'40000389:SCOTT', 23.0]
check 'DSTD124_YEAR_2018' 'DSTD124'
processXLS: only for SEM2 [u'DSTD124_YEAR_2018', u'DSTD124_YEAR_2017', u'DSTD124', u'DESIGN STUDIES I (MOD 2 - 2 & 3 DIMENSION ST)', u'NDFSH1', u'ND: FASHION', u'11', u'YEAR', u'D1', u'Durban Campus Full-time', u'A', u'40000389:SCOTT', 23.0]
[u'', u'', u'', u'', u'', u'', u'', u'', u'', u'', u'', u'', u'']
check '' ''
[u'DSTD134_YEAR_2018', u'DSTD134_YEAR_2017', u'DSTD134', u'DESIGN STUDIES I (MOD 3 - DRAW & ILLUST)', u'NDFSF1', u'ND: FASHION (4 YEARS)', u'11', u'YEAR', u'D1', u'Durban Campus Full-time', u'A', u'40000389:SCOTT', 2.0]
check 'DSTD134_YEAR_2018' 'DSTD134'
processXLS: only for SEM2 [u'DSTD134_YEAR_2018', u'DSTD134_YEAR_2017', u'DSTD134', u'DESIGN STUDIES I (MOD 3 - DRAW & ILLUST)', u'NDFSF1', u'ND: FASHION (4 YEARS)', u'11', u'YEAR', u'D1', u'Durban Campus Full-time', u'A', u'40000389:SCOTT', 2.0]
[u'DSTD134_YEAR_2018', u'DSTD134_YEAR_2017', u'DSTD134', u'DESIGN STUDIES I (MOD 3 - DRAW & ILLUST)', u'NDFSF1', u'ND: FASHION (4 YEARS)', u'11', u'YEAR', u'D1', u'Durban Campus Full-time', u'B', u'40000389:SCOTT', 3.0]
check 'DSTD134_YEAR_2018' 'DSTD134'
processXLS: only for SEM2 [u'DSTD134_YEAR_2018', u'DSTD134_YEAR_2017', u'DSTD134', u'DESIGN STUDIES I (MOD 3 - DRAW & ILLUST)', u'NDFSF1', u'ND: FASHION (4 YEARS)', u'11', u'YEAR', u'D1', u'Durban Campus Full-time', u'B', u'40000389:SCOTT', 3.0]
[u'DSTD134_YEAR_2018', u'DSTD134_YEAR_2017', u'DSTD134', u'DESIGN STUDIES I (MOD 3 - DRAW & ILLUST)', u'NDFSH1', u'ND: FASHION', u'11', u'YEAR', u'D1', u'Durban Campus Full-time', u'A', u'40000389:SCOTT', 23.0]
check 'DSTD134_YEAR_2018' 'DSTD134'
processXLS: only for SEM2 [u'DSTD134_YEAR_2018', u'DSTD134_YEAR_2017', u'DSTD134', u'DESIGN STUDIES I (MOD 3 - DRAW & ILLUST)', u'NDFSH1', u'ND: FASHION', u'11', u'YEAR', u'D1', u'Durban Campus Full-time', u'A', u'40000389:SCOTT', 23.0]
[u'DSTD134_YEAR_2018', u'DSTD134_YEAR_2017', u'DSTD134', u'DESIGN STUDIES I (MOD 3 - DRAW & ILLUST)', u'NDFSH1', u'ND: FASHION', u'11', u'YEAR', u'D1', u'Durban Campus Full-time', u'B', u'40000389:SCOTT', 24.0]
check 'DSTD134_YEAR_2018' 'DSTD134'
processXLS: only for SEM2 [u'DSTD134_YEAR_2018', u'DSTD134_YEAR_2017', u'DSTD134', u'DESIGN STUDIES I (MOD 3 - DRAW & ILLUST)', u'NDFSH1', u'ND: FASHION', u'11', u'YEAR', u'D1', u'Durban Campus Full-time', u'B', u'40000389:SCOTT', 24.0]
[u'', u'', u'', u'', u'', u'', u'', u'', u'', u'', u'', u'', u'']
check '' ''
[u'PRFP101_YEAR_2018', u'PRFP101_YEAR_2017', u'PRFP101', u'BUSINESS STUDIES I', u'NDFSF1', u'ND: FASHION (4 YEARS)', u'11', u'YEAR', u'D1', u'Durban Campus Full-time', u'B', u'40010681:MBANGA', 3.0]
check 'PRFP101_YEAR_2018' 'PRFP101'
processXLS: only for SEM2 [u'PRFP101_YEAR_2018', u'PRFP101_YEAR_2017', u'PRFP101', u'BUSINESS STUDIES I', u'NDFSF1', u'ND: FASHION (4 YEARS)', u'11', u'YEAR', u'D1', u'Durban Campus Full-time', u'B', u'40010681:MBANGA', 3.0]
[u'PRFP101_YEAR_2018', u'PRFP101_YEAR_2017', u'PRFP101', u'BUSINESS STUDIES I', u'NDFSF1', u'ND: FASHION (4 YEARS)', u'11', u'YEAR', u'D1', u'Durban Campus Full-time', u'A', u'40010681:MBANGA', 2.0]
check 'PRFP101_YEAR_2018' 'PRFP101'
processXLS: only for SEM2 [u'PRFP101_YEAR_2018', u'PRFP101_YEAR_2017', u'PRFP101', u'BUSINESS STUDIES I', u'NDFSF1', u'ND: FASHION (4 YEARS)', u'11', u'YEAR', u'D1', u'Durban Campus Full-time', u'A', u'40010681:MBANGA', 2.0]
[u'PRFP101_YEAR_2018', u'PRFP101_YEAR_2017', u'PRFP101', u'BUSINESS STUDIES I', u'NDFSH1', u'ND: FASHION', u'11', u'YEAR', u'D1', u'Durban Campus Full-time', u'A', u'40010681:MBANGA', 23.0]
check 'PRFP101_YEAR_2018' 'PRFP101'
processXLS: only for SEM2 [u'PRFP101_YEAR_2018', u'PRFP101_YEAR_2017', u'PRFP101', u'BUSINESS STUDIES I', u'NDFSH1', u'ND: FASHION', u'11', u'YEAR', u'D1', u'Durban Campus Full-time', u'A', u'40010681:MBANGA', 23.0]
[u'PRFP101_YEAR_2018', u'PRFP101_YEAR_2017', u'PRFP101', u'BUSINESS STUDIES I', u'NDFSH1', u'ND: FASHION', u'11', u'YEAR', u'D1', u'Durban Campus Full-time', u'B', u'40010681:MBANGA', 24.0]
check 'PRFP101_YEAR_2018' 'PRFP101'
processXLS: only for SEM2 [u'PRFP101_YEAR_2018', u'PRFP101_YEAR_2017', u'PRFP101', u'BUSINESS STUDIES I', u'NDFSH1', u'ND: FASHION', u'11', u'YEAR', u'D1', u'Durban Campus Full-time', u'B', u'40010681:MBANGA', 24.0]
[u'', u'', u'', u'', u'', u'', u'', u'', u'', u'', u'', u'', u'']
check '' ''
[u'THCL103_YEAR_2018', u'THCL103_YEAR_2017', u'THCL103', u'THEORY OF CLOTHING I', u'NDFSF1', u'ND: FASHION (4 YEARS)', u'11', u'YEAR', u'D1', u'Durban Campus Full-time', u'B', u'40011334:MEMELA', 4.0]
check 'THCL103_YEAR_2018' 'THCL103'
processXLS: only for SEM2 [u'THCL103_YEAR_2018', u'THCL103_YEAR_2017', u'THCL103', u'THEORY OF CLOTHING I', u'NDFSF1', u'ND: FASHION (4 YEARS)', u'11', u'YEAR', u'D1', u'Durban Campus Full-time', u'B', u'40011334:MEMELA', 4.0]
[u'THCL103_YEAR_2018', u'THCL103_YEAR_2017', u'THCL103', u'THEORY OF CLOTHING I', u'NDFSF1', u'ND: FASHION (4 YEARS)', u'11', u'YEAR', u'D1', u'Durban Campus Full-time', u'A', u'40011334:MEMELA', 4.0]
check 'THCL103_YEAR_2018' 'THCL103'
processXLS: only for SEM2 [u'THCL103_YEAR_2018', u'THCL103_YEAR_2017', u'THCL103', u'THEORY OF CLOTHING I', u'NDFSF1', u'ND: FASHION (4 YEARS)', u'11', u'YEAR', u'D1', u'Durban Campus Full-time', u'A', u'40011334:MEMELA', 4.0]
[u'THCL103_YEAR_2018', u'THCL103_YEAR_2017', u'THCL103', u'THEORY OF CLOTHING I', u'NDFSH1', u'ND: FASHION', u'11', u'YEAR', u'D1', u'Durban Campus Full-time', u'B', u'40011334:MEMELA', 29.0]
check 'THCL103_YEAR_2018' 'THCL103'
processXLS: only for SEM2 [u'THCL103_YEAR_2018', u'THCL103_YEAR_2017', u'THCL103', u'THEORY OF CLOTHING I', u'NDFSH1', u'ND: FASHION', u'11', u'YEAR', u'D1', u'Durban Campus Full-time', u'B', u'40011334:MEMELA', 29.0]
[u'THCL103_YEAR_2018', u'THCL103_YEAR_2017', u'THCL103', u'THEORY OF CLOTHING I', u'NDFSH1', u'ND: FASHION', u'11', u'YEAR', u'D1', u'Durban Campus Full-time', u'A', u'40011334:MEMELA', 26.0]
check 'THCL103_YEAR_2018' 'THCL103'
processXLS: only for SEM2 [u'THCL103_YEAR_2018', u'THCL103_YEAR_2017', u'THCL103', u'THEORY OF CLOTHING I', u'NDFSH1', u'ND: FASHION', u'11', u'YEAR', u'D1', u'Durban Campus Full-time', u'A', u'40011334:MEMELA', 26.0]
[u'', u'', u'', u'', u'', u'', u'', u'', u'', u'', u'', u'', u'']
check '' ''
[u'APCT211_YEAR_2018', u'APCT211_YEAR_2017', u'APCT211', u'APPLIED CLOTHING TECH II (MOD 1 - PATTERNS)', u'NDFSF1', u'ND: FASHION (4 YEARS)', u'11', u'YEAR', u'D1', u'Durban Campus Full-time', u'A', u'40000545:XULU', 6.0]
check 'APCT211_YEAR_2018' 'APCT211'
processXLS: only for SEM2 [u'APCT211_YEAR_2018', u'APCT211_YEAR_2017', u'APCT211', u'APPLIED CLOTHING TECH II (MOD 1 - PATTERNS)', u'NDFSF1', u'ND: FASHION (4 YEARS)', u'11', u'YEAR', u'D1', u'Durban Campus Full-time', u'A', u'40000545:XULU', 6.0]
[u'APCT211_YEAR_2018', u'APCT211_YEAR_2017', u'APCT211', u'APPLIED CLOTHING TECH II (MOD 1 - PATTERNS)', u'NDFSF1', u'ND: FASHION (4 YEARS)', u'11', u'YEAR', u'D1', u'Durban Campus Full-time', u'B', u'40000545:XULU', 2.0]
check 'APCT211_YEAR_2018' 'APCT211'
processXLS: only for SEM2 [u'APCT211_YEAR_2018', u'APCT211_YEAR_2017', u'APCT211', u'APPLIED CLOTHING TECH II (MOD 1 - PATTERNS)', u'NDFSF1', u'ND: FASHION (4 YEARS)', u'11', u'YEAR', u'D1', u'Durban Campus Full-time', u'B', u'40000545:XULU', 2.0]
[u'APCT211_YEAR_2018', u'APCT211_YEAR_2017', u'APCT211', u'APPLIED CLOTHING TECH II (MOD 1 - PATTERNS)', u'NDFSH1', u'ND: FASHION', u'11', u'YEAR', u'D1', u'Durban Campus Full-time', u'B', u'40000545:XULU', 19.0]
check 'APCT211_YEAR_2018' 'APCT211'
processXLS: only for SEM2 [u'APCT211_YEAR_2018', u'APCT211_YEAR_2017', u'APCT211', u'APPLIED CLOTHING TECH II (MOD 1 - PATTERNS)', u'NDFSH1', u'ND: FASHION', u'11', u'YEAR', u'D1', u'Durban Campus Full-time', u'B', u'40000545:XULU', 19.0]
[u'APCT211_YEAR_2018', u'APCT211_YEAR_2017', u'APCT211', u'APPLIED CLOTHING TECH II (MOD 1 - PATTERNS)', u'NDFSH1', u'ND: FASHION', u'11', u'YEAR', u'D1', u'Durban Campus Full-time', u'A', u'40000545:XULU', 16.0]
check 'APCT211_YEAR_2018' 'APCT211'
processXLS: only for SEM2 [u'APCT211_YEAR_2018', u'APCT211_YEAR_2017', u'APCT211', u'APPLIED CLOTHING TECH II (MOD 1 - PATTERNS)', u'NDFSH1', u'ND: FASHION', u'11', u'YEAR', u'D1', u'Durban Campus Full-time', u'A', u'40000545:XULU', 16.0]
[u'', u'', u'', u'', u'', u'', u'', u'', u'', u'', u'', u'', u'']
check '' ''
[u'APCT221_YEAR_2018', u'APCT221_YEAR_2017', u'APCT221', u'APPLIED CLOTHING TECH II (MOD 2 - GARMENTS)', u'NDFSF1', u'ND: FASHION (4 YEARS)', u'11', u'YEAR', u'D1', u'Durban Campus Full-time', u'B', u'40000545:XULU', 2.0]
check 'APCT221_YEAR_2018' 'APCT221'
processXLS: only for SEM2 [u'APCT221_YEAR_2018', u'APCT221_YEAR_2017', u'APCT221', u'APPLIED CLOTHING TECH II (MOD 2 - GARMENTS)', u'NDFSF1', u'ND: FASHION (4 YEARS)', u'11', u'YEAR', u'D1', u'Durban Campus Full-time', u'B', u'40000545:XULU', 2.0]
[u'APCT221_YEAR_2018', u'APCT221_YEAR_2017', u'APCT221', u'APPLIED CLOTHING TECH II (MOD 2 - GARMENTS)', u'NDFSF1', u'ND: FASHION (4 YEARS)', u'11', u'YEAR', u'D1', u'Durban Campus Full-time', u'A', u'40000545:XULU', 6.0]
check 'APCT221_YEAR_2018' 'APCT221'
processXLS: only for SEM2 [u'APCT221_YEAR_2018', u'APCT221_YEAR_2017', u'APCT221', u'APPLIED CLOTHING TECH II (MOD 2 - GARMENTS)', u'NDFSF1', u'ND: FASHION (4 YEARS)', u'11', u'YEAR', u'D1', u'Durban Campus Full-time', u'A', u'40000545:XULU', 6.0]
[u'APCT221_YEAR_2018', u'APCT221_YEAR_2017', u'APCT221', u'APPLIED CLOTHING TECH II (MOD 2 - GARMENTS)', u'NDFSH1', u'ND: FASHION', u'11', u'YEAR', u'D1', u'Durban Campus Full-time', u'A', u'40000545:XULU', 16.0]
check 'APCT221_YEAR_2018' 'APCT221'
processXLS: only for SEM2 [u'APCT221_YEAR_2018', u'APCT221_YEAR_2017', u'APCT221', u'APPLIED CLOTHING TECH II (MOD 2 - GARMENTS)', u'NDFSH1', u'ND: FASHION', u'11', u'YEAR', u'D1', u'Durban Campus Full-time', u'A', u'40000545:XULU', 16.0]
[u'APCT221_YEAR_2018', u'APCT221_YEAR_2017', u'APCT221', u'APPLIED CLOTHING TECH II (MOD 2 - GARMENTS)', u'NDFSH1', u'ND: FASHION', u'11', u'YEAR', u'D1', u'Durban Campus Full-time', u'B', u'40000545:XULU', 19.0]
check 'APCT221_YEAR_2018' 'APCT221'
processXLS: only for SEM2 [u'APCT221_YEAR_2018', u'APCT221_YEAR_2017', u'APCT221', u'APPLIED CLOTHING TECH II (MOD 2 - GARMENTS)', u'NDFSH1', u'ND: FASHION', u'11', u'YEAR', u'D1', u'Durban Campus Full-time', u'B', u'40000545:XULU', 19.0]
[u'', u'', u'', u'', u'', u'', u'', u'', u'', u'', u'', u'', u'']
check '' ''
[u'DSTD211_YEAR_2018', u'DSTD211_YEAR_2017', u'DSTD211', u'DESIGN STUDIES II (MODULE 1 - CREATIVE)', u'NDFSF1', u'ND: FASHION (4 YEARS)', u'11', u'YEAR', u'D1', u'Durban Campus Full-time', u'B', u'40011667:Smith', 2.0]
check 'DSTD211_YEAR_2018' 'DSTD211'
processXLS: only for SEM2 [u'DSTD211_YEAR_2018', u'DSTD211_YEAR_2017', u'DSTD211', u'DESIGN STUDIES II (MODULE 1 - CREATIVE)', u'NDFSF1', u'ND: FASHION (4 YEARS)', u'11', u'YEAR', u'D1', u'Durban Campus Full-time', u'B', u'40011667:Smith', 2.0]
[u'DSTD211_YEAR_2018', u'DSTD211_YEAR_2017', u'DSTD211', u'DESIGN STUDIES II (MODULE 1 - CREATIVE)', u'NDFSF1', u'ND: FASHION (4 YEARS)', u'11', u'YEAR', u'D1', u'Durban Campus Full-time', u'A', u'40011667:Smith', 6.0]
check 'DSTD211_YEAR_2018' 'DSTD211'
processXLS: only for SEM2 [u'DSTD211_YEAR_2018', u'DSTD211_YEAR_2017', u'DSTD211', u'DESIGN STUDIES II (MODULE 1 - CREATIVE)', u'NDFSF1', u'ND: FASHION (4 YEARS)', u'11', u'YEAR', u'D1', u'Durban Campus Full-time', u'A', u'40011667:Smith', 6.0]
[u'DSTD211_YEAR_2018', u'DSTD211_YEAR_2017', u'DSTD211', u'DESIGN STUDIES II (MODULE 1 - CREATIVE)', u'NDFSH1', u'ND: FASHION', u'11', u'YEAR', u'D1', u'Durban Campus Full-time', u'A', u'40011667:Smith', 16.0]
check 'DSTD211_YEAR_2018' 'DSTD211'
processXLS: only for SEM2 [u'DSTD211_YEAR_2018', u'DSTD211_YEAR_2017', u'DSTD211', u'DESIGN STUDIES II (MODULE 1 - CREATIVE)', u'NDFSH1', u'ND: FASHION', u'11', u'YEAR', u'D1', u'Durban Campus Full-time', u'A', u'40011667:Smith', 16.0]
[u'DSTD211_YEAR_2018', u'DSTD211_YEAR_2017', u'DSTD211', u'DESIGN STUDIES II (MODULE 1 - CREATIVE)', u'NDFSH1', u'ND: FASHION', u'11', u'YEAR', u'D1', u'Durban Campus Full-time', u'B', u'40011667:Smith', 19.0]
check 'DSTD211_YEAR_2018' 'DSTD211'
processXLS: only for SEM2 [u'DSTD211_YEAR_2018', u'DSTD211_YEAR_2017', u'DSTD211', u'DESIGN STUDIES II (MODULE 1 - CREATIVE)', u'NDFSH1', u'ND: FASHION', u'11', u'YEAR', u'D1', u'Durban Campus Full-time', u'B', u'40011667:Smith', 19.0]
[u'', u'', u'', u'', u'', u'', u'', u'', u'', u'', u'', u'', u'']
check '' ''
[u'DSTD221_YEAR_2018', u'DSTD221_YEAR_2017', u'DSTD221', u'DESIGN STUDIES II (MODULE 2 - 2 & 3 DIMENSION', u'NDFSF1', u'ND: FASHION (4 YEARS)', u'11', u'YEAR', u'D1', u'Durban Campus Full-time', u'A', u'40010681:MBANGA', 6.0]
check 'DSTD221_YEAR_2018' 'DSTD221'
processXLS: only for SEM2 [u'DSTD221_YEAR_2018', u'DSTD221_YEAR_2017', u'DSTD221', u'DESIGN STUDIES II (MODULE 2 - 2 & 3 DIMENSION', u'NDFSF1', u'ND: FASHION (4 YEARS)', u'11', u'YEAR', u'D1', u'Durban Campus Full-time', u'A', u'40010681:MBANGA', 6.0]
[u'DSTD221_YEAR_2018', u'DSTD221_YEAR_2017', u'DSTD221', u'DESIGN STUDIES II (MODULE 2 - 2 & 3 DIMENSION', u'NDFSF1', u'ND: FASHION (4 YEARS)', u'11', u'YEAR', u'D1', u'Durban Campus Full-time', u'B', u'40010681:MBANGA', 2.0]
check 'DSTD221_YEAR_2018' 'DSTD221'
processXLS: only for SEM2 [u'DSTD221_YEAR_2018', u'DSTD221_YEAR_2017', u'DSTD221', u'DESIGN STUDIES II (MODULE 2 - 2 & 3 DIMENSION', u'NDFSF1', u'ND: FASHION (4 YEARS)', u'11', u'YEAR', u'D1', u'Durban Campus Full-time', u'B', u'40010681:MBANGA', 2.0]
[u'DSTD221_YEAR_2018', u'DSTD221_YEAR_2017', u'DSTD221', u'DESIGN STUDIES II (MODULE 2 - 2 & 3 DIMENSION', u'NDFSH1', u'ND: FASHION', u'11', u'YEAR', u'D1', u'Durban Campus Full-time', u'B', u'40010681:MBANGA', 19.0]
check 'DSTD221_YEAR_2018' 'DSTD221'
processXLS: only for SEM2 [u'DSTD221_YEAR_2018', u'DSTD221_YEAR_2017', u'DSTD221', u'DESIGN STUDIES II (MODULE 2 - 2 & 3 DIMENSION', u'NDFSH1', u'ND: FASHION', u'11', u'YEAR', u'D1', u'Durban Campus Full-time', u'B', u'40010681:MBANGA', 19.0]
[u'DSTD221_YEAR_2018', u'DSTD221_YEAR_2017', u'DSTD221', u'DESIGN STUDIES II (MODULE 2 - 2 & 3 DIMENSION', u'NDFSH1', u'ND: FASHION', u'11', u'YEAR', u'D1', u'Durban Campus Full-time', u'A', u'40010681:MBANGA', 17.0]
check 'DSTD221_YEAR_2018' 'DSTD221'
processXLS: only for SEM2 [u'DSTD221_YEAR_2018', u'DSTD221_YEAR_2017', u'DSTD221', u'DESIGN STUDIES II (MODULE 2 - 2 & 3 DIMENSION', u'NDFSH1', u'ND: FASHION', u'11', u'YEAR', u'D1', u'Durban Campus Full-time', u'A', u'40010681:MBANGA', 17.0]
[u'', u'', u'', u'', u'', u'', u'', u'', u'', u'', u'', u'', u'']
check '' ''
[u'DSTD231_YEAR_2018', u'DSTD231_YEAR_2017', u'DSTD231', u'DESIGN STUDIES II (MODULE 3 - DRAWING & ILLUS', u'NDFSF1', u'ND: FASHION (4 YEARS)', u'11', u'YEAR', u'D1', u'Durban Campus Full-time', u'B', u'40011667:Smith', 2.0]
check 'DSTD231_YEAR_2018' 'DSTD231'
processXLS: only for SEM2 [u'DSTD231_YEAR_2018', u'DSTD231_YEAR_2017', u'DSTD231', u'DESIGN STUDIES II (MODULE 3 - DRAWING & ILLUS', u'NDFSF1', u'ND: FASHION (4 YEARS)', u'11', u'YEAR', u'D1', u'Durban Campus Full-time', u'B', u'40011667:Smith', 2.0]
[u'DSTD231_YEAR_2018', u'DSTD231_YEAR_2017', u'DSTD231', u'DESIGN STUDIES II (MODULE 3 - DRAWING & ILLUS', u'NDFSF1', u'ND: FASHION (4 YEARS)', u'11', u'YEAR', u'D1', u'Durban Campus Full-time', u'A', u'40011667:Smith', 6.0]
check 'DSTD231_YEAR_2018' 'DSTD231'
processXLS: only for SEM2 [u'DSTD231_YEAR_2018', u'DSTD231_YEAR_2017', u'DSTD231', u'DESIGN STUDIES II (MODULE 3 - DRAWING & ILLUS', u'NDFSF1', u'ND: FASHION (4 YEARS)', u'11', u'YEAR', u'D1', u'Durban Campus Full-time', u'A', u'40011667:Smith', 6.0]
[u'DSTD231_YEAR_2018', u'DSTD231_YEAR_2017', u'DSTD231', u'DESIGN STUDIES II (MODULE 3 - DRAWING & ILLUS', u'NDFSH1', u'ND: FASHION', u'11', u'YEAR', u'D1', u'Durban Campus Full-time', u'B', u'40011667:Smith', 18.0]
check 'DSTD231_YEAR_2018' 'DSTD231'
processXLS: only for SEM2 [u'DSTD231_YEAR_2018', u'DSTD231_YEAR_2017', u'DSTD231', u'DESIGN STUDIES II (MODULE 3 - DRAWING & ILLUS', u'NDFSH1', u'ND: FASHION', u'11', u'YEAR', u'D1', u'Durban Campus Full-time', u'B', u'40011667:Smith', 18.0]
[u'DSTD231_YEAR_2018', u'DSTD231_YEAR_2017', u'DSTD231', u'DESIGN STUDIES II (MODULE 3 - DRAWING & ILLUS', u'NDFSH1', u'ND: FASHION', u'11', u'YEAR', u'D1', u'Durban Campus Full-time', u'A', u'40011667:Smith', 17.0]
check 'DSTD231_YEAR_2018' 'DSTD231'
processXLS: only for SEM2 [u'DSTD231_YEAR_2018', u'DSTD231_YEAR_2017', u'DSTD231', u'DESIGN STUDIES II (MODULE 3 - DRAWING & ILLUS', u'NDFSH1', u'ND: FASHION', u'11', u'YEAR', u'D1', u'Durban Campus Full-time', u'A', u'40011667:Smith', 17.0]
[u'', u'', u'', u'', u'', u'', u'', u'', u'', u'', u'', u'', u'']
check '' ''
[u'PRFP211_YEAR_2018', u'PRFP211_YEAR_2017', u'PRFP211', u'BUSINESS STUDIES II (MOD 1 - MERCHANDISING)', u'NDFSF1', u'ND: FASHION (4 YEARS)', u'11', u'YEAR', u'D1', u'Durban Campus Full-time', u'A', u'40011669:MDLETSHE', 6.0]
check 'PRFP211_YEAR_2018' 'PRFP211'
processXLS: only for SEM2 [u'PRFP211_YEAR_2018', u'PRFP211_YEAR_2017', u'PRFP211', u'BUSINESS STUDIES II (MOD 1 - MERCHANDISING)', u'NDFSF1', u'ND: FASHION (4 YEARS)', u'11', u'YEAR', u'D1', u'Durban Campus Full-time', u'A', u'40011669:MDLETSHE', 6.0]
[u'PRFP211_YEAR_2018', u'PRFP211_YEAR_2017', u'PRFP211', u'BUSINESS STUDIES II (MOD 1 - MERCHANDISING)', u'NDFSF1', u'ND: FASHION (4 YEARS)', u'11', u'YEAR', u'D1', u'Durban Campus Full-time', u'B', u'40011669:MDLETSHE', 2.0]
check 'PRFP211_YEAR_2018' 'PRFP211'
processXLS: only for SEM2 [u'PRFP211_YEAR_2018', u'PRFP211_YEAR_2017', u'PRFP211', u'BUSINESS STUDIES II (MOD 1 - MERCHANDISING)', u'NDFSF1', u'ND: FASHION (4 YEARS)', u'11', u'YEAR', u'D1', u'Durban Campus Full-time', u'B', u'40011669:MDLETSHE', 2.0]
[u'PRFP211_YEAR_2018', u'PRFP211_YEAR_2017', u'PRFP211', u'BUSINESS STUDIES II (MOD 1 - MERCHANDISING)', u'NDFSH1', u'ND: FASHION', u'11', u'YEAR', u'D1', u'Durban Campus Full-time', u'A', u'40011669:MDLETSHE', 19.0]
check 'PRFP211_YEAR_2018' 'PRFP211'
processXLS: only for SEM2 [u'PRFP211_YEAR_2018', u'PRFP211_YEAR_2017', u'PRFP211', u'BUSINESS STUDIES II (MOD 1 - MERCHANDISING)', u'NDFSH1', u'ND: FASHION', u'11', u'YEAR', u'D1', u'Durban Campus Full-time', u'A', u'40011669:MDLETSHE', 19.0]
[u'PRFP211_YEAR_2018', u'PRFP211_YEAR_2017', u'PRFP211', u'BUSINESS STUDIES II (MOD 1 - MERCHANDISING)', u'NDFSH1', u'ND: FASHION', u'11', u'YEAR', u'D1', u'Durban Campus Full-time', u'B', u'40011669:MDLETSHE', 19.0]
check 'PRFP211_YEAR_2018' 'PRFP211'
processXLS: only for SEM2 [u'PRFP211_YEAR_2018', u'PRFP211_YEAR_2017', u'PRFP211', u'BUSINESS STUDIES II (MOD 1 - MERCHANDISING)', u'NDFSH1', u'ND: FASHION', u'11', u'YEAR', u'D1', u'Durban Campus Full-time', u'B', u'40011669:MDLETSHE', 19.0]
[u'', u'', u'', u'', u'', u'', u'', u'', u'', u'', u'', u'', u'']
check '' ''
[u'PRFP221_YEAR_2018', u'PRFP221_YEAR_2017', u'PRFP221', u'BUSINESS STUDIES II (MOD 2 - BUSINESS SKILLS)', u'NDFSF1', u'ND: FASHION (4 YEARS)', u'11', u'YEAR', u'D1', u'Durban Campus Full-time', u'B', u'40010681:MBANGA', 2.0]
check 'PRFP221_YEAR_2018' 'PRFP221'
processXLS: only for SEM2 [u'PRFP221_YEAR_2018', u'PRFP221_YEAR_2017', u'PRFP221', u'BUSINESS STUDIES II (MOD 2 - BUSINESS SKILLS)', u'NDFSF1', u'ND: FASHION (4 YEARS)', u'11', u'YEAR', u'D1', u'Durban Campus Full-time', u'B', u'40010681:MBANGA', 2.0]
[u'PRFP221_YEAR_2018', u'PRFP221_YEAR_2017', u'PRFP221', u'BUSINESS STUDIES II (MOD 2 - BUSINESS SKILLS)', u'NDFSF1', u'ND: FASHION (4 YEARS)', u'11', u'YEAR', u'D1', u'Durban Campus Full-time', u'A', u'40010681:MBANGA', 6.0]
check 'PRFP221_YEAR_2018' 'PRFP221'
processXLS: only for SEM2 [u'PRFP221_YEAR_2018', u'PRFP221_YEAR_2017', u'PRFP221', u'BUSINESS STUDIES II (MOD 2 - BUSINESS SKILLS)', u'NDFSF1', u'ND: FASHION (4 YEARS)', u'11', u'YEAR', u'D1', u'Durban Campus Full-time', u'A', u'40010681:MBANGA', 6.0]
[u'PRFP221_YEAR_2018', u'PRFP221_YEAR_2017', u'PRFP221', u'BUSINESS STUDIES II (MOD 2 - BUSINESS SKILLS)', u'NDFSH1', u'ND: FASHION', u'11', u'YEAR', u'D1', u'Durban Campus Full-time', u'B', u'40010681:MBANGA', 19.0]
check 'PRFP221_YEAR_2018' 'PRFP221'
processXLS: only for SEM2 [u'PRFP221_YEAR_2018', u'PRFP221_YEAR_2017', u'PRFP221', u'BUSINESS STUDIES II (MOD 2 - BUSINESS SKILLS)', u'NDFSH1', u'ND: FASHION', u'11', u'YEAR', u'D1', u'Durban Campus Full-time', u'B', u'40010681:MBANGA', 19.0]
[u'PRFP221_YEAR_2018', u'PRFP221_YEAR_2017', u'PRFP221', u'BUSINESS STUDIES II (MOD 2 - BUSINESS SKILLS)', u'NDFSH1', u'ND: FASHION', u'11', u'YEAR', u'D1', u'Durban Campus Full-time', u'A', u'40010681:MBANGA', 18.0]
check 'PRFP221_YEAR_2018' 'PRFP221'
processXLS: only for SEM2 [u'PRFP221_YEAR_2018', u'PRFP221_YEAR_2017', u'PRFP221', u'BUSINESS STUDIES II (MOD 2 - BUSINESS SKILLS)', u'NDFSH1', u'ND: FASHION', u'11', u'YEAR', u'D1', u'Durban Campus Full-time', u'A', u'40010681:MBANGA', 18.0]
[u'', u'', u'', u'', u'', u'', u'', u'', u'', u'', u'', u'', u'']
check '' ''
[u'THCL202_YEAR_2018', u'THCL202_YEAR_2017', u'THCL202', u'THEORY OF CLOTHING II', u'NDFSF1', u'ND: FASHION (4 YEARS)', u'11', u'YEAR', u'D1', u'Durban Campus Full-time', u'A', u'40012335:Gounden', 5.0]
check 'THCL202_YEAR_2018' 'THCL202'
processXLS: only for SEM2 [u'THCL202_YEAR_2018', u'THCL202_YEAR_2017', u'THCL202', u'THEORY OF CLOTHING II', u'NDFSF1', u'ND: FASHION (4 YEARS)', u'11', u'YEAR', u'D1', u'Durban Campus Full-time', u'A', u'40012335:Gounden', 5.0]
[u'THCL202_YEAR_2018', u'THCL202_YEAR_2017', u'THCL202', u'THEORY OF CLOTHING II', u'NDFSF1', u'ND: FASHION (4 YEARS)', u'11', u'YEAR', u'D1', u'Durban Campus Full-time', u'B', u'40012335:Gounden', 1.0]
check 'THCL202_YEAR_2018' 'THCL202'
processXLS: only for SEM2 [u'THCL202_YEAR_2018', u'THCL202_YEAR_2017', u'THCL202', u'THEORY OF CLOTHING II', u'NDFSF1', u'ND: FASHION (4 YEARS)', u'11', u'YEAR', u'D1', u'Durban Campus Full-time', u'B', u'40012335:Gounden', 1.0]
[u'THCL202_YEAR_2018', u'THCL202_YEAR_2017', u'THCL202', u'THEORY OF CLOTHING II', u'NDFSH1', u'ND: FASHION', u'11', u'YEAR', u'D1', u'Durban Campus Full-time', u'B', u'40012335:Gounden', 15.0]
check 'THCL202_YEAR_2018' 'THCL202'
processXLS: only for SEM2 [u'THCL202_YEAR_2018', u'THCL202_YEAR_2017', u'THCL202', u'THEORY OF CLOTHING II', u'NDFSH1', u'ND: FASHION', u'11', u'YEAR', u'D1', u'Durban Campus Full-time', u'B', u'40012335:Gounden', 15.0]
[u'THCL202_YEAR_2018', u'THCL202_YEAR_2017', u'THCL202', u'THEORY OF CLOTHING II', u'NDFSH1', u'ND: FASHION', u'11', u'YEAR', u'D1', u'Durban Campus Full-time', u'A', u'40012335:Gounden', 22.0]
check 'THCL202_YEAR_2018' 'THCL202'
processXLS: only for SEM2 [u'THCL202_YEAR_2018', u'THCL202_YEAR_2017', u'THCL202', u'THEORY OF CLOTHING II', u'NDFSH1', u'ND: FASHION', u'11', u'YEAR', u'D1', u'Durban Campus Full-time', u'A', u'40012335:Gounden', 22.0]
[u'', u'', u'', u'', u'', u'', u'', u'', u'', u'', u'', u'', u'']
check '' ''
[u'APCT311_YEAR_2018', u'APCT311_YEAR_2017', u'APCT311', u'APPLIED CLOTHING TECH III (MOD 1 - PATTERNS)', u'NDFSH1', u'ND: FASHION', u'11', u'YEAR', u'D1', u'Durban Campus Full-time', u'B', u'40000001:BAGWANDIN', 18.0]
check 'APCT311_YEAR_2018' 'APCT311'
processXLS: only for SEM2 [u'APCT311_YEAR_2018', u'APCT311_YEAR_2017', u'APCT311', u'APPLIED CLOTHING TECH III (MOD 1 - PATTERNS)', u'NDFSH1', u'ND: FASHION', u'11', u'YEAR', u'D1', u'Durban Campus Full-time', u'B', u'40000001:BAGWANDIN', 18.0]
[u'APCT311_YEAR_2018', u'APCT311_YEAR_2017', u'APCT311', u'APPLIED CLOTHING TECH III (MOD 1 - PATTERNS)', u'NDFSH1', u'ND: FASHION', u'11', u'YEAR', u'D1', u'Durban Campus Full-time', u'A', u'40000001:BAGWANDIN', 18.0]
check 'APCT311_YEAR_2018' 'APCT311'
processXLS: only for SEM2 [u'APCT311_YEAR_2018', u'APCT311_YEAR_2017', u'APCT311', u'APPLIED CLOTHING TECH III (MOD 1 - PATTERNS)', u'NDFSH1', u'ND: FASHION', u'11', u'YEAR', u'D1', u'Durban Campus Full-time', u'A', u'40000001:BAGWANDIN', 18.0]
[u'', u'', u'', u'', u'', u'', u'', u'', u'', u'', u'', u'', u'']
check '' ''
[u'APCT321_YEAR_2018', u'APCT321_YEAR_2017', u'APCT321', u'APPLIED CLOTHING TECH III (MOD 2 - GARMENTS)', u'NDFSH1', u'ND: FASHION', u'11', u'YEAR', u'D1', u'Durban Campus Full-time', u'A', u'40000001:BAGWANDIN', 18.0]
check 'APCT321_YEAR_2018' 'APCT321'
processXLS: only for SEM2 [u'APCT321_YEAR_2018', u'APCT321_YEAR_2017', u'APCT321', u'APPLIED CLOTHING TECH III (MOD 2 - GARMENTS)', u'NDFSH1', u'ND: FASHION', u'11', u'YEAR', u'D1', u'Durban Campus Full-time', u'A', u'40000001:BAGWANDIN', 18.0]
[u'APCT321_YEAR_2018', u'APCT321_YEAR_2017', u'APCT321', u'APPLIED CLOTHING TECH III (MOD 2 - GARMENTS)', u'NDFSH1', u'ND: FASHION', u'11', u'YEAR', u'D1', u'Durban Campus Full-time', u'B', u'40000001:BAGWANDIN', 18.0]
check 'APCT321_YEAR_2018' 'APCT321'
processXLS: only for SEM2 [u'APCT321_YEAR_2018', u'APCT321_YEAR_2017', u'APCT321', u'APPLIED CLOTHING TECH III (MOD 2 - GARMENTS)', u'NDFSH1', u'ND: FASHION', u'11', u'YEAR', u'D1', u'Durban Campus Full-time', u'B', u'40000001:BAGWANDIN', 18.0]
[u'', u'', u'', u'', u'', u'', u'', u'', u'', u'', u'', u'', u'']
check '' ''
[u'DSTD311_YEAR_2018', u'DSTD311_YEAR_2017', u'DSTD311', u'DESIGN STUDIES III (MODULE 1 - CREATIVE)', u'NDFSH1', u'ND: FASHION', u'11', u'YEAR', u'D1', u'Durban Campus Full-time', u'A', u'40011667:Smith', 18.0]
check 'DSTD311_YEAR_2018' 'DSTD311'
processXLS: only for SEM2 [u'DSTD311_YEAR_2018', u'DSTD311_YEAR_2017', u'DSTD311', u'DESIGN STUDIES III (MODULE 1 - CREATIVE)', u'NDFSH1', u'ND: FASHION', u'11', u'YEAR', u'D1', u'Durban Campus Full-time', u'A', u'40011667:Smith', 18.0]
[u'DSTD311_YEAR_2018', u'DSTD311_YEAR_2017', u'DSTD311', u'DESIGN STUDIES III (MODULE 1 - CREATIVE)', u'NDFSH1', u'ND: FASHION', u'11', u'YEAR', u'D1', u'Durban Campus Full-time', u'B', u'40011667:Smith', 18.0]
check 'DSTD311_YEAR_2018' 'DSTD311'
processXLS: only for SEM2 [u'DSTD311_YEAR_2018', u'DSTD311_YEAR_2017', u'DSTD311', u'DESIGN STUDIES III (MODULE 1 - CREATIVE)', u'NDFSH1', u'ND: FASHION', u'11', u'YEAR', u'D1', u'Durban Campus Full-time', u'B', u'40011667:Smith', 18.0]
[u'', u'', u'', u'', u'', u'', u'', u'', u'', u'', u'', u'', u'']
check '' ''
[u'DSTD321_YEAR_2018', u'DSTD321_YEAR_2017', u'DSTD321', u'DESIGN STUDIES III (MOD 2 - 2 & 3 DIMENSIONAL', u'NDFSH1', u'ND: FASHION', u'11', u'YEAR', u'D1', u'Durban Campus Full-time', u'B', u'40010481:VAN ROOYEN', 19.0]
check 'DSTD321_YEAR_2018' 'DSTD321'
processXLS: only for SEM2 [u'DSTD321_YEAR_2018', u'DSTD321_YEAR_2017', u'DSTD321', u'DESIGN STUDIES III (MOD 2 - 2 & 3 DIMENSIONAL', u'NDFSH1', u'ND: FASHION', u'11', u'YEAR', u'D1', u'Durban Campus Full-time', u'B', u'40010481:VAN ROOYEN', 19.0]
[u'DSTD321_YEAR_2018', u'DSTD321_YEAR_2017', u'DSTD321', u'DESIGN STUDIES III (MOD 2 - 2 & 3 DIMENSIONAL', u'NDFSH1', u'ND: FASHION', u'11', u'YEAR', u'D1', u'Durban Campus Full-time', u'A', u'40010481:VAN ROOYEN', 18.0]
check 'DSTD321_YEAR_2018' 'DSTD321'
processXLS: only for SEM2 [u'DSTD321_YEAR_2018', u'DSTD321_YEAR_2017', u'DSTD321', u'DESIGN STUDIES III (MOD 2 - 2 & 3 DIMENSIONAL', u'NDFSH1', u'ND: FASHION', u'11', u'YEAR', u'D1', u'Durban Campus Full-time', u'A', u'40010481:VAN ROOYEN', 18.0]
[u'', u'', u'', u'', u'', u'', u'', u'', u'', u'', u'', u'', u'']
check '' ''
[u'DSTD331_YEAR_2018', u'DSTD331_YEAR_2017', u'DSTD331', u'DESIGN STUDIES III (MODULE 3 - DRAWING & ILLU', u'NDFSH1', u'ND: FASHION', u'11', u'YEAR', u'D1', u'Durban Campus Full-time', u'A', u'40011667:Smith', 18.0]
check 'DSTD331_YEAR_2018' 'DSTD331'
processXLS: only for SEM2 [u'DSTD331_YEAR_2018', u'DSTD331_YEAR_2017', u'DSTD331', u'DESIGN STUDIES III (MODULE 3 - DRAWING & ILLU', u'NDFSH1', u'ND: FASHION', u'11', u'YEAR', u'D1', u'Durban Campus Full-time', u'A', u'40011667:Smith', 18.0]
[u'DSTD331_YEAR_2018', u'DSTD331_YEAR_2017', u'DSTD331', u'DESIGN STUDIES III (MODULE 3 - DRAWING & ILLU', u'NDFSH1', u'ND: FASHION', u'11', u'YEAR', u'D1', u'Durban Campus Full-time', u'B', u'40011667:Smith', 18.0]
check 'DSTD331_YEAR_2018' 'DSTD331'
processXLS: only for SEM2 [u'DSTD331_YEAR_2018', u'DSTD331_YEAR_2017', u'DSTD331', u'DESIGN STUDIES III (MODULE 3 - DRAWING & ILLU', u'NDFSH1', u'ND: FASHION', u'11', u'YEAR', u'D1', u'Durban Campus Full-time', u'B', u'40011667:Smith', 18.0]
[u'', u'', u'', u'', u'', u'', u'', u'', u'', u'', u'', u'', u'']
check '' ''
[u'PRFP311_YEAR_2018', u'PRFP311_YEAR_2017', u'PRFP311', u'BUSINESS STUDIES III (MOD 1 - BUS CREATION)', u'NDFSH1', u'ND: FASHION', u'11', u'YEAR', u'D1', u'Durban Campus Full-time', u'A', u'40010681:MBANGA', 18.0]
check 'PRFP311_YEAR_2018' 'PRFP311'
processXLS: only for SEM2 [u'PRFP311_YEAR_2018', u'PRFP311_YEAR_2017', u'PRFP311', u'BUSINESS STUDIES III (MOD 1 - BUS CREATION)', u'NDFSH1', u'ND: FASHION', u'11', u'YEAR', u'D1', u'Durban Campus Full-time', u'A', u'40010681:MBANGA', 18.0]
[u'PRFP311_YEAR_2018', u'PRFP311_YEAR_2017', u'PRFP311', u'BUSINESS STUDIES III (MOD 1 - BUS CREATION)', u'NDFSH1', u'ND: FASHION', u'11', u'YEAR', u'D1', u'Durban Campus Full-time', u'B', u'40010681:MBANGA', 20.0]
check 'PRFP311_YEAR_2018' 'PRFP311'
processXLS: only for SEM2 [u'PRFP311_YEAR_2018', u'PRFP311_YEAR_2017', u'PRFP311', u'BUSINESS STUDIES III (MOD 1 - BUS CREATION)', u'NDFSH1', u'ND: FASHION', u'11', u'YEAR', u'D1', u'Durban Campus Full-time', u'B', u'40010681:MBANGA', 20.0]
[u'', u'', u'', u'', u'', u'', u'', u'', u'', u'', u'', u'', u'']
check '' ''
[u'PRFP321_YEAR_2018', u'PRFP321_YEAR_2017', u'PRFP321', u'BUSINESS STUDIES III (MOD 2 - BUS MNGMNT)', u'NDFSH1', u'ND: FASHION', u'11', u'YEAR', u'D1', u'Durban Campus Full-time', u'A', u'40010681:MBANGA', 19.0]
check 'PRFP321_YEAR_2018' 'PRFP321'
processXLS: only for SEM2 [u'PRFP321_YEAR_2018', u'PRFP321_YEAR_2017', u'PRFP321', u'BUSINESS STUDIES III (MOD 2 - BUS MNGMNT)', u'NDFSH1', u'ND: FASHION', u'11', u'YEAR', u'D1', u'Durban Campus Full-time', u'A', u'40010681:MBANGA', 19.0]
[u'PRFP321_YEAR_2018', u'PRFP321_YEAR_2017', u'PRFP321', u'BUSINESS STUDIES III (MOD 2 - BUS MNGMNT)', u'NDFSH1', u'ND: FASHION', u'11', u'YEAR', u'D1', u'Durban Campus Full-time', u'B', u'40010681:MBANGA', 19.0]
check 'PRFP321_YEAR_2018' 'PRFP321'
processXLS: only for SEM2 [u'PRFP321_YEAR_2018', u'PRFP321_YEAR_2017', u'PRFP321', u'BUSINESS STUDIES III (MOD 2 - BUS MNGMNT)', u'NDFSH1', u'ND: FASHION', u'11', u'YEAR', u'D1', u'Durban Campus Full-time', u'B', u'40010681:MBANGA', 19.0]
[u'', u'', u'', u'', u'', u'', u'', u'', u'', u'', u'', u'', u'']
check '' ''
[u'THCL302_YEAR_2018', u'THCL302_YEAR_2017', u'THCL302', u'THEORY OF CLOTHING III', u'NDFSH1', u'ND: FASHION', u'11', u'YEAR', u'D1', u'Durban Campus Full-time', u'A', u'40012335:Gounder', 22.0]
check 'THCL302_YEAR_2018' 'THCL302'
processXLS: only for SEM2 [u'THCL302_YEAR_2018', u'THCL302_YEAR_2017', u'THCL302', u'THEORY OF CLOTHING III', u'NDFSH1', u'ND: FASHION', u'11', u'YEAR', u'D1', u'Durban Campus Full-time', u'A', u'40012335:Gounder', 22.0]
[u'THCL302_YEAR_2018', u'THCL302_YEAR_2017', u'THCL302', u'THEORY OF CLOTHING III', u'NDFSH1', u'ND: FASHION', u'11', u'YEAR', u'D1', u'Durban Campus Full-time', u'B', u'40012335:Gounder', 18.0]
check 'THCL302_YEAR_2018' 'THCL302'
processXLS: only for SEM2 [u'THCL302_YEAR_2018', u'THCL302_YEAR_2017', u'THCL302', u'THEORY OF CLOTHING III', u'NDFSH1', u'ND: FASHION', u'11', u'YEAR', u'D1', u'Durban Campus Full-time', u'B', u'40012335:Gounder', 18.0]
[u'', u'', u'', u'', u'', u'', u'', u'', u'', u'', u'', u'', u'']
check '' ''
[u'SPCT401_YEAR_2018', u'SPCT401_YEAR_2017', u'SPCT401', u'SPECIALISED CLOTHING TECHNOLOGY IV', u'BTFSH1', u'BT: FASHION', u'11', u'YEAR', u'D1', u'Durban Campus Full-time', u'A', u'40007436:MADHOO CHIPPS', 6.0]
check 'SPCT401_YEAR_2018' 'SPCT401'
processXLS: only for SEM2 [u'SPCT401_YEAR_2018', u'SPCT401_YEAR_2017', u'SPCT401', u'SPECIALISED CLOTHING TECHNOLOGY IV', u'BTFSH1', u'BT: FASHION', u'11', u'YEAR', u'D1', u'Durban Campus Full-time', u'A', u'40007436:MADHOO CHIPPS', 6.0]
[u'SPCT401_YEAR_2018', u'SPCT401_YEAR_2017', u'SPCT401', u'SPECIALISED CLOTHING TECHNOLOGY IV', u'BTFSH1', u'BT: FASHION', u'11', u'YEAR', u'D3', u'Durban Campus Part-time', u'A', u'40007436:MADHOO CHIPPS', 2.0]
check 'SPCT401_YEAR_2018' 'SPCT401'
processXLS: only for SEM2 [u'SPCT401_YEAR_2018', u'SPCT401_YEAR_2017', u'SPCT401', u'SPECIALISED CLOTHING TECHNOLOGY IV', u'BTFSH1', u'BT: FASHION', u'11', u'YEAR', u'D3', u'Durban Campus Part-time', u'A', u'40007436:MADHOO CHIPPS', 2.0]
[u'', u'', u'', u'', u'', u'', u'', u'', u'', u'', u'', u'', u'']
check '' ''
[u'', u'', u'', u'', u'', u'', u'', u'', u'', u'', u'', u'', u'']
check '' ''
[u'', u'', u'', u'', u'', u'', u'', u'', u'', u'', u'', u'', u'']
check '' ''
[u'THCL402_YEAR_2018', u'THCL402_YEAR_2017', u'THCL402', u'THEORY OF CLOTHING IV', u'BTFSH1', u'BT: FASHION', u'11', u'YEAR', u'D1', u'Durban Campus Full-time', u'A', u'40007436:MADHOO CHIPPS', 6.0]
check 'THCL402_YEAR_2018' 'THCL402'
processXLS: only for SEM2 [u'THCL402_YEAR_2018', u'THCL402_YEAR_2017', u'THCL402', u'THEORY OF CLOTHING IV', u'BTFSH1', u'BT: FASHION', u'11', u'YEAR', u'D1', u'Durban Campus Full-time', u'A', u'40007436:MADHOO CHIPPS', 6.0]
[u'THCL402_YEAR_2018', u'THCL402_YEAR_2017', u'THCL402', u'THEORY OF CLOTHING IV', u'BTFSH1', u'BT: FASHION', u'11', u'YEAR', u'D3', u'Durban Campus Part-time', u'A', u'40007436:MADHOO CHIPPS', 2.0]
check 'THCL402_YEAR_2018' 'THCL402'
processXLS: only for SEM2 [u'THCL402_YEAR_2018', u'THCL402_YEAR_2017', u'THCL402', u'THEORY OF CLOTHING IV', u'BTFSH1', u'BT: FASHION', u'11', u'YEAR', u'D3', u'Durban Campus Part-time', u'A', u'40007436:MADHOO CHIPPS', 2.0]
[u'', u'', u'', u'', u'', u'', u'', u'', u'', u'', u'', u'', u'']
check '' ''
[u'', u'', u'', u'', u'', u'', u'', u'', u'', u'', u'', u'', u'']
check '' ''
[u'', u'', u'', u'', u'', u'', u'', u'', u'', u'', u'', u'', u'']
check '' ''
[u'RPFS511_YEAR_2018', u'RPFS511_YEAR_2017', u'RPFS511', u'RESEARCH PROJECT & DISSERTATION (1ST REGISTRA', u'MAFSH1', u'MASTER OF APPLIED ARTS IN FASHION', u'11', u'YEAR', u'D1', u'Durban Campus Full-time', u'A', u'40007436:MADHOO CHIPPS', 5.0]
check 'RPFS511_YEAR_2018' 'RPFS511'
processXLS: only for SEM2 [u'RPFS511_YEAR_2018', u'RPFS511_YEAR_2017', u'RPFS511', u'RESEARCH PROJECT & DISSERTATION (1ST REGISTRA', u'MAFSH1', u'MASTER OF APPLIED ARTS IN FASHION', u'11', u'YEAR', u'D1', u'Durban Campus Full-time', u'A', u'40007436:MADHOO CHIPPS', 5.0]
[u'', u'', u'', u'', u'', u'', u'', u'', u'', u'', u'', u'', u'']
check '' ''
[u'RPFS521_YEAR_2018', u'RPFS521_YEAR_2017', u'RPFS521', u'RESEARCH PROJECT & DISSERTATION (2ND REGISTRA', u'MAFSH1', u'MASTER OF APPLIED ARTS IN FASHION', u'11', u'YEAR', u'D1', u'Durban Campus Full-time', u'A', u'40007436:MADHOO CHIPPS', 3.0]
check 'RPFS521_YEAR_2018' 'RPFS521'
processXLS: only for SEM2 [u'RPFS521_YEAR_2018', u'RPFS521_YEAR_2017', u'RPFS521', u'RESEARCH PROJECT & DISSERTATION (2ND REGISTRA', u'MAFSH1', u'MASTER OF APPLIED ARTS IN FASHION', u'11', u'YEAR', u'D1', u'Durban Campus Full-time', u'A', u'40007436:MADHOO CHIPPS', 3.0]
processXLS: finished processing workingSheets/data/BBC3106FashionTextiles2017.xls
main: Writing students...
main: Writing enrollments...
main: Finished processing workingSheets/data/BBC3106FashionTextiles2017.xls
main: 0 subjects processed
main: 0 subject -> classroom maps
main: 0 students
main: 0 student enrollments 0 errors
0.14user 0.11system 0:00.52elapsed 48%CPU (0avgtext+0avgdata 54224maxresident)k
0inputs+16outputs (0major+6874minor)pagefaults 0swaps
POSTING SNAPSHOTS to SIS endpoint
TEST RUN, NOT POSTING BBSTUDENTS
TEST RUN, NOT POSTIN BBENROL
copy snapshot files to saved output
=== department done ===
syncing logs...
Pushing logs from logs/20180723111852 to remote...
sending incremental file list
./
BBC3106FashionTextiles2017.BBENROL.txt
BBC3106FashionTextiles2017.BBSTUDENTS.txt
BBC3106FashionTextiles2017.Enrolomat.txt
BBC3106FashionTextiles2017.Postlog.txt

sent 48405 bytes  received 91 bytes  6466.13 bytes/sec
total size is 386801  speedup is 7.98
logging to logs/20180723111852
=== generate newenrollments for BBC3108DramaAndProdStudies2017. ===
GENERATE SNAPSHOTS...
./BBCIncrementalEnrollerX2.py : generating enrolment files for subjects in  workingSheets/data/BBC3108DramaAndProdStudies2017.xls
processXLS: start spreadsheet workingSheets/data/BBC3108DramaAndProdStudies2017.xls
[u'2018 Blackboard Classrooms for Department: 3108 - DRAMA AND PROD STUDIES', u'', u'', u'', u'', u'', u'', u'', u'', u'', u'', u'', u'', u'', u'', u'', u'', u'', u'', u'', u'', u'', u'']
check '2018 Blackboard Classrooms for Department: 3108 - DRAMA AND PROD STUDIES' ''
[u'', u'', u'', u'', u'', u'', u'', u'', u'', u'', u'', u'', u'', u'', u'', u'', u'', u'', u'', u'', u'', u'', u'']
check '' ''
[u'BB Classroom', u'Migrate Classroom', u'ITS Subject', u'', u'ITS Qualification', u'', u'Block', u'', u'Off Type', u'', u'Grp', u'Lecturer(s)', u'2016 Enrol', u'', u'', u'', u'', u'', u'', u'', u'', u'', u'']
check 'BB Classroom' 'ITS Subject'
[u'ACTC102_YEAR_2018', u'ACTC102_YEAR_2017', u'ACTC102', u'ACTING TECHNIQUES I', u'NDDRM1', u'ND: DRAMA', u'11', u'YEAR', u'D1', u'Durban Campus Full-time', u'A', u'40009505:MTHEMBU;40010243:PESCHKE;50001068:LUTGE', u'', 40014068.0, u'STEEL', 50001068.0, u'LUTGE', u'', u'', u'', u'', u'', u'']
check 'ACTC102_YEAR_2018' 'ACTC102'
processXLS: only for SEM2 [u'ACTC102_YEAR_2018', u'ACTC102_YEAR_2017', u'ACTC102', u'ACTING TECHNIQUES I', u'NDDRM1', u'ND: DRAMA', u'11', u'YEAR', u'D1', u'Durban Campus Full-time', u'A', u'40009505:MTHEMBU;40010243:PESCHKE;50001068:LUTGE', u'', 40014068.0, u'STEEL', 50001068.0, u'LUTGE', u'', u'', u'', u'', u'', u'']
[u'', u'', u'', u'', u'', u'', u'', u'', u'', u'', u'', u'', u'', u'', u'', u'', u'', u'', u'', u'', u'', u'', u'']
check '' ''
[u'ARTA101_YEAR_2018', u'ARTA101_YEAR_2017', u'ARTA101', u'ARTS ADMINISTRATION I', u'NDDRM1', u'ND: DRAMA', u'11', u'YEAR', u'D1', u'Durban Campus Full-time', u'A', 40013353.0, u'NAICKER', u'', u'', u'', u'', u'', u'', u'', u'', u'', u'']
check 'ARTA101_YEAR_2018' 'ARTA101'
processXLS: only for SEM2 [u'ARTA101_YEAR_2018', u'ARTA101_YEAR_2017', u'ARTA101', u'ARTS ADMINISTRATION I', u'NDDRM1', u'ND: DRAMA', u'11', u'YEAR', u'D1', u'Durban Campus Full-time', u'A', 40013353.0, u'NAICKER', u'', u'', u'', u'', u'', u'', u'', u'', u'', u'']
[u'', u'', u'', u'', u'', u'', u'', u'', u'', u'', u'', u'', 45.0, u'', u'', u'', u'', u'', u'', u'', u'', u'', u'']
check '' ''
[u'CTEQ102_YEAR_2018', u'CTEQ102_YEAR_2017', u'CTEQ102', u'COMMUNICATION TECHNIQUES I', u'NDDRM1', u'ND: DRAMA', u'11', u'YEAR', u'D1', u'Durban Campus Full-time', u'A', 40010373.0, u'WISSINK', 40004913.0, u'MTSHALI', u'', u'', u'', u'', u'', u'', u'', u'']
check 'CTEQ102_YEAR_2018' 'CTEQ102'
processXLS: only for SEM2 [u'CTEQ102_YEAR_2018', u'CTEQ102_YEAR_2017', u'CTEQ102', u'COMMUNICATION TECHNIQUES I', u'NDDRM1', u'ND: DRAMA', u'11', u'YEAR', u'D1', u'Durban Campus Full-time', u'A', 40010373.0, u'WISSINK', 40004913.0, u'MTSHALI', u'', u'', u'', u'', u'', u'', u'', u'']
[u'', u'', u'', u'', u'', u'', u'', u'', u'', u'', u'', u'', 17.0, u'', u'', u'', u'', u'', u'', u'', u'', u'', u'']
check '' ''
[u'EDTH101_YEAR_2018', u'EDTH101_YEAR_2017', u'EDTH101', u'EDUCATIONAL THEATRE I (SPECIALISATION)', u'NDDRM1', u'ND: DRAMA', u'11', u'YEAR', u'D1', u'Durban Campus Full-time', u'A', u'40008650:Tancsik', u'TANCSIK', u'', u'', u'', u'', u'', u'', u'', u'', u'', u'']
check 'EDTH101_YEAR_2018' 'EDTH101'
processXLS: only for SEM2 [u'EDTH101_YEAR_2018', u'EDTH101_YEAR_2017', u'EDTH101', u'EDUCATIONAL THEATRE I (SPECIALISATION)', u'NDDRM1', u'ND: DRAMA', u'11', u'YEAR', u'D1', u'Durban Campus Full-time', u'A', u'40008650:Tancsik', u'TANCSIK', u'', u'', u'', u'', u'', u'', u'', u'', u'', u'']
[u'', u'', u'', u'', u'', u'', u'', u'', u'', u'', u'', u'', 45.0, u'', u'', u'', u'', u'', u'', u'', u'', u'', u'']
check '' ''
[u'PTQS102_YEAR_2018', u'PTQS102_YEAR_2017', u'PTQS102', u'PERFORMANCE TECHNIQUES I', u'NDDRM1', u'ND: DRAMA', u'11', u'YEAR', u'D1', u'Durban Campus Full-time', u'A', u'40009505:MTHEMBU;40008650:Tancsik;40011093:NGCONGO;40010243:PESCHKE;40012323:Dyk;50001068:LUTGE;40003779:TZANKOVA;40004913:MTSHALI', u'', u'', u'TANCSIK', 40013353.0, u'NAICKER', 40014068.0, u'STEEL', 50001068.0, u'LUTGE', 40005069.0, u'MUNSAMY']
check 'PTQS102_YEAR_2018' 'PTQS102'
processXLS: only for SEM2 [u'PTQS102_YEAR_2018', u'PTQS102_YEAR_2017', u'PTQS102', u'PERFORMANCE TECHNIQUES I', u'NDDRM1', u'ND: DRAMA', u'11', u'YEAR', u'D1', u'Durban Campus Full-time', u'A', u'40009505:MTHEMBU;40008650:Tancsik;40011093:NGCONGO;40010243:PESCHKE;40012323:Dyk;50001068:LUTGE;40003779:TZANKOVA;40004913:MTSHALI', u'', u'', u'TANCSIK', 40013353.0, u'NAICKER', 40014068.0, u'STEEL', 50001068.0, u'LUTGE', 40005069.0, u'MUNSAMY']
[u'', u'', u'', u'', u'', u'', u'', u'', u'', u'', u'', u'', 23.0, u'', u'', u'', u'', u'', u'', u'', u'', u'', u'']
check '' ''
[u'SCRP101_YEAR_2018', u'SCRP101_YEAR_2017', u'SCRP101', u'SCRIPTWRITING I (SPECIALISATION)', u'NDDRM1', u'ND: DRAMA', u'11', u'YEAR', u'D1', u'Durban Campus Full-time', u'A', 40005069.0, u'MUNSAMY', u'', u'', u'', u'', u'', u'', u'', u'', u'', u'']
check 'SCRP101_YEAR_2018' 'SCRP101'
processXLS: only for SEM2 [u'SCRP101_YEAR_2018', u'SCRP101_YEAR_2017', u'SCRP101', u'SCRIPTWRITING I (SPECIALISATION)', u'NDDRM1', u'ND: DRAMA', u'11', u'YEAR', u'D1', u'Durban Campus Full-time', u'A', 40005069.0, u'MUNSAMY', u'', u'', u'', u'', u'', u'', u'', u'', u'', u'']
[u'', u'', u'', u'', u'', u'', u'', u'', u'', u'', u'', u'', u'', u'', u'', u'', u'', u'', u'', u'', u'', u'', u'']
check '' ''
[u'', u'', u'', u'', u'', u'', u'', u'', u'', u'', u'', u'', u'', u'', u'', u'', u'', u'', u'', u'', u'', u'', u'']
check '' ''
[u'', u'', u'', u'', u'', u'', u'', u'', u'', u'', u'', u'', 30.0, u'', u'', u'', u'', u'', u'', u'', u'', u'', u'']
check '' ''
[u'TDNC101_YEAR_2018', u'TDNC101_YEAR_2017', u'TDNC101', u'THEATRE DANCE I (SPECIALISATION)', u'NDDRM1', u'ND: DRAMA', u'11', u'YEAR', u'D1', u'Durban Campus Full-time', u'A', u'40004913:MTSHALI', u'', u'', u'', u'', u'', u'', u'', u'', u'', u'', u'']
check 'TDNC101_YEAR_2018' 'TDNC101'
processXLS: only for SEM2 [u'TDNC101_YEAR_2018', u'TDNC101_YEAR_2017', u'TDNC101', u'THEATRE DANCE I (SPECIALISATION)', u'NDDRM1', u'ND: DRAMA', u'11', u'YEAR', u'D1', u'Durban Campus Full-time', u'A', u'40004913:MTSHALI', u'', u'', u'', u'', u'', u'', u'', u'', u'', u'', u'']
[u'', u'', u'', u'', u'', u'', u'', u'', u'', u'', u'', u'', 52.0, u'', u'', u'', u'', u'', u'', u'', u'', u'', u'']
check '' ''
[u'THST102_YEAR_2018', u'THST102_YEAR_2017', u'THST102', u'THEATRE STUDY I', u'NDDRM1', u'ND: DRAMA', u'11', u'YEAR', u'D1', u'Durban Campus Full-time', u'A', u'40012323:Dyk', u'NAICKER', u'', u'', u'', u'', u'', u'', u'', u'', u'', u'']
check 'THST102_YEAR_2018' 'THST102'
processXLS: only for SEM2 [u'THST102_YEAR_2018', u'THST102_YEAR_2017', u'THST102', u'THEATRE STUDY I', u'NDDRM1', u'ND: DRAMA', u'11', u'YEAR', u'D1', u'Durban Campus Full-time', u'A', u'40012323:Dyk', u'NAICKER', u'', u'', u'', u'', u'', u'', u'', u'', u'', u'']
[u'', u'', u'', u'', u'', u'', u'', u'', u'', u'', u'', u'', 46.0, u'', u'', u'', u'', u'', u'', u'', u'', u'', u'']
check '' ''
[u'TSTD102_YEAR_2018', u'TSTD102_YEAR_2017', u'TSTD102', u'TEXT STUDY I', u'NDDRM1', u'ND: DRAMA', u'11', u'YEAR', u'D1', u'Durban Campus Full-time', u'A', 40014068.0, u'STEEL', 40005069.0, u'MUNSAMY', u'', u'', u'', u'', u'', u'', u'', u'']
check 'TSTD102_YEAR_2018' 'TSTD102'
processXLS: only for SEM2 [u'TSTD102_YEAR_2018', u'TSTD102_YEAR_2017', u'TSTD102', u'TEXT STUDY I', u'NDDRM1', u'ND: DRAMA', u'11', u'YEAR', u'D1', u'Durban Campus Full-time', u'A', 40014068.0, u'STEEL', 40005069.0, u'MUNSAMY', u'', u'', u'', u'', u'', u'', u'', u'']
[u'', u'', u'', u'', u'', u'', u'', u'', u'', u'', u'', u'', 44.0, u'', u'', u'', u'', u'', u'', u'', u'', u'', u'']
check '' ''
[u'ACTC202_YEAR_2018', u'ACTC202_YEAR_2017', u'ACTC202', u'ACTING TECHNIQUES II', u'NDDRM1', u'ND: DRAMA', u'11', u'YEAR', u'D1', u'Durban Campus Full-time', u'A', 40005069.0, u'MUNSAMY', u'', u'', u'', u'', u'', u'', u'', u'', u'', u'']
check 'ACTC202_YEAR_2018' 'ACTC202'
processXLS: only for SEM2 [u'ACTC202_YEAR_2018', u'ACTC202_YEAR_2017', u'ACTC202', u'ACTING TECHNIQUES II', u'NDDRM1', u'ND: DRAMA', u'11', u'YEAR', u'D1', u'Durban Campus Full-time', u'A', 40005069.0, u'MUNSAMY', u'', u'', u'', u'', u'', u'', u'', u'', u'', u'']
[u'', u'', u'', u'', u'', u'', u'', u'', u'', u'', u'', u'', 42.0, u'', u'', u'', u'', u'', u'', u'', u'', u'', u'']
check '' ''
[u'CTEQ202_YEAR_2018', u'CTEQ202_YEAR_2017', u'CTEQ202', u'COMMUNICATION TECHNIQUES II', u'NDDRM1', u'ND: DRAMA', u'11', u'YEAR', u'D1', u'Durban Campus Full-time', u'A', u'40009505:MTHEMBU;40004913:MTSHALI', u'', u'', u'', u'', u'', u'', u'', u'', u'', u'', u'']
check 'CTEQ202_YEAR_2018' 'CTEQ202'
processXLS: only for SEM2 [u'CTEQ202_YEAR_2018', u'CTEQ202_YEAR_2017', u'CTEQ202', u'COMMUNICATION TECHNIQUES II', u'NDDRM1', u'ND: DRAMA', u'11', u'YEAR', u'D1', u'Durban Campus Full-time', u'A', u'40009505:MTHEMBU;40004913:MTSHALI', u'', u'', u'', u'', u'', u'', u'', u'', u'', u'', u'']
[u'', u'', u'', u'', u'', u'', u'', u'', u'', u'', u'', u'', 20.0, u'', u'', u'', u'', u'', u'', u'', u'', u'', u'']
check '' ''
[u'EDTH201_YEAR_2018', u'EDTH201_YEAR_2017', u'EDTH201', u'EDUCATIONAL THEATRE II (SPECIALISATION)', u'NDDRM1', u'ND: DRAMA', u'11', u'YEAR', u'D1', u'Durban Campus Full-time', u'A', u'40008650:TANCSIK', u'', u'', u'', u'', u'', u'', u'', u'', u'', u'', u'']
check 'EDTH201_YEAR_2018' 'EDTH201'
processXLS: only for SEM2 [u'EDTH201_YEAR_2018', u'EDTH201_YEAR_2017', u'EDTH201', u'EDUCATIONAL THEATRE II (SPECIALISATION)', u'NDDRM1', u'ND: DRAMA', u'11', u'YEAR', u'D1', u'Durban Campus Full-time', u'A', u'40008650:TANCSIK', u'', u'', u'', u'', u'', u'', u'', u'', u'', u'', u'']
[u'', u'', u'', u'', u'', u'', u'', u'', u'', u'', u'', u'', 42.0, u'', u'', u'', u'', u'', u'', u'', u'', u'', u'']
check '' ''
[u'PTQS202_YEAR_2018', u'PTQS202_YEAR_2017', u'PTQS202', u'PERFORMANCE TECHNIQUES II', u'NDDRM1', u'ND: DRAMA', u'11', u'YEAR', u'D1', u'Durban Campus Full-time', u'A', u'40009505:MTHEMBU;40008650:TANCSIK;40005069:MUNSAMY;40014068:STEEL;40013353:NAICKER;50001068:LUTGE;40010373:WISSINK;40004913:MTSHALI', u'', u'', u'', u'', u'', u'', u'', u'', u'', u'', u'']
check 'PTQS202_YEAR_2018' 'PTQS202'
processXLS: only for SEM2 [u'PTQS202_YEAR_2018', u'PTQS202_YEAR_2017', u'PTQS202', u'PERFORMANCE TECHNIQUES II', u'NDDRM1', u'ND: DRAMA', u'11', u'YEAR', u'D1', u'Durban Campus Full-time', u'A', u'40009505:MTHEMBU;40008650:TANCSIK;40005069:MUNSAMY;40014068:STEEL;40013353:NAICKER;50001068:LUTGE;40010373:WISSINK;40004913:MTSHALI', u'', u'', u'', u'', u'', u'', u'', u'', u'', u'', u'']
[u'', u'', u'', u'', u'', u'', u'', u'', u'', u'', u'', u'', 10.0, u'', u'', u'', u'', u'', u'', u'', u'', u'', u'']
check '' ''
[u'SCRP201_YEAR_2018', u'SCRP201_YEAR_2017', u'SCRP201', u'SCRIPTWRITING II (SPECIALISATION)', u'NDDRM1', u'ND: DRAMA', u'11', u'YEAR', u'D1', u'Durban Campus Full-time', u'A', u'40005069:MUNSAMY', u'', u'', u'', u'', u'', u'', u'', u'', u'', u'', u'']
check 'SCRP201_YEAR_2018' 'SCRP201'
processXLS: only for SEM2 [u'SCRP201_YEAR_2018', u'SCRP201_YEAR_2017', u'SCRP201', u'SCRIPTWRITING II (SPECIALISATION)', u'NDDRM1', u'ND: DRAMA', u'11', u'YEAR', u'D1', u'Durban Campus Full-time', u'A', u'40005069:MUNSAMY', u'', u'', u'', u'', u'', u'', u'', u'', u'', u'', u'']
[u'', u'', u'', u'', u'', u'', u'', u'', u'', u'', u'', u'', 19.0, u'', u'', u'', u'', u'', u'', u'', u'', u'', u'']
check '' ''
[u'SING203_YEAR_2018', u'SING203_YEAR_2017', u'SING203', u'SINGING II (SPECIALISATION)', u'NDDRM1', u'ND: DRAMA', u'11', u'YEAR', u'D1', u'Durban Campus Full-time', u'A', u'40010373:WISSINK ', u'', u'', u'', u'', u'', u'', u'', u'', u'', u'', u'']
check 'SING203_YEAR_2018' 'SING203'
processXLS: only for SEM2 [u'SING203_YEAR_2018', u'SING203_YEAR_2017', u'SING203', u'SINGING II (SPECIALISATION)', u'NDDRM1', u'ND: DRAMA', u'11', u'YEAR', u'D1', u'Durban Campus Full-time', u'A', u'40010373:WISSINK ', u'', u'', u'', u'', u'', u'', u'', u'', u'', u'', u'']
[u'', u'', u'', u'', u'', u'', u'', u'', u'', u'', u'', u'', 24.0, u'', u'', u'', u'', u'', u'', u'', u'', u'', u'']
check '' ''
[u'TDNC201_YEAR_2018', u'TDNC201_YEAR_2017', u'TDNC201', u'THEATRE DANCE II (SPECIALISATION)', u'NDDRM1', u'ND: DRAMA', u'11', u'YEAR', u'D1', u'Durban Campus Full-time', u'A', u'40004913:MTSHALI', u'', u'', u'', u'', u'', u'', u'', u'', u'', u'', u'']
check 'TDNC201_YEAR_2018' 'TDNC201'
processXLS: only for SEM2 [u'TDNC201_YEAR_2018', u'TDNC201_YEAR_2017', u'TDNC201', u'THEATRE DANCE II (SPECIALISATION)', u'NDDRM1', u'ND: DRAMA', u'11', u'YEAR', u'D1', u'Durban Campus Full-time', u'A', u'40004913:MTSHALI', u'', u'', u'', u'', u'', u'', u'', u'', u'', u'', u'']
[u'', u'', u'', u'', u'', u'', u'', u'', u'', u'', u'', u'', 39.0, u'', u'', u'', u'', u'', u'', u'', u'', u'', u'']
check '' ''
[u'THST202_YEAR_2018', u'THST202_YEAR_2017', u'THST202', u'THEATRE STUDY II', u'NDDRM1', u'ND: DRAMA', u'11', u'YEAR', u'D1', u'Durban Campus Full-time', u'A', u'40008650:TANCSIK', u'', 40005069.0, u'MUNSAMY', u'', u'', u'', u'', u'', u'', u'', u'']
check 'THST202_YEAR_2018' 'THST202'
processXLS: only for SEM2 [u'THST202_YEAR_2018', u'THST202_YEAR_2017', u'THST202', u'THEATRE STUDY II', u'NDDRM1', u'ND: DRAMA', u'11', u'YEAR', u'D1', u'Durban Campus Full-time', u'A', u'40008650:TANCSIK', u'', 40005069.0, u'MUNSAMY', u'', u'', u'', u'', u'', u'', u'', u'']
[u'', u'', u'', u'', u'', u'', u'', u'', u'', u'', u'', u'', 49.0, u'', u'', u'', u'', u'', u'', u'', u'', u'', u'']
check '' ''
[u'TSTD202_YEAR_2018', u'TSTD202_YEAR_2017', u'TSTD202', u'TEXT STUDY II', u'NDDRM1', u'ND: DRAMA', u'11', u'YEAR', u'D1', u'Durban Campus Full-time', u'A', u'40005069:MUNSAMY', u'', u'', u'', u'', u'', u'', u'', u'', u'', u'', u'']
check 'TSTD202_YEAR_2018' 'TSTD202'
processXLS: only for SEM2 [u'TSTD202_YEAR_2018', u'TSTD202_YEAR_2017', u'TSTD202', u'TEXT STUDY II', u'NDDRM1', u'ND: DRAMA', u'11', u'YEAR', u'D1', u'Durban Campus Full-time', u'A', u'40005069:MUNSAMY', u'', u'', u'', u'', u'', u'', u'', u'', u'', u'', u'']
[u'', u'', u'', u'', u'', u'', u'', u'', u'', u'', u'', u'', 34.0, u'', u'', u'', u'', u'', u'', u'', u'', u'', u'']
check '' ''
[u'ACTC302_YEAR_2018', u'ACTC302_YEAR_2017', u'ACTC302', u'ACTING TECHNIQUES III', u'NDDRM1', u'ND: DRAMA', u'11', u'YEAR', u'D1', u'Durban Campus Full-time', u'A', u'40008650:TANCSIK;40005069:MUNSAMY;40013353:NAICKER;50001068:LUTGE', u'', u'', u'', u'', u'', u'', u'', u'', u'', u'', u'']
check 'ACTC302_YEAR_2018' 'ACTC302'
processXLS: only for SEM2 [u'ACTC302_YEAR_2018', u'ACTC302_YEAR_2017', u'ACTC302', u'ACTING TECHNIQUES III', u'NDDRM1', u'ND: DRAMA', u'11', u'YEAR', u'D1', u'Durban Campus Full-time', u'A', u'40008650:TANCSIK;40005069:MUNSAMY;40013353:NAICKER;50001068:LUTGE', u'', u'', u'', u'', u'', u'', u'', u'', u'', u'', u'']
[u'', u'', u'', u'', u'', u'', u'', u'', u'', u'', u'', u'', 33.0, u'', u'', u'', u'', u'', u'', u'', u'', u'', u'']
check '' ''
[u'CTEQ302_YEAR_2018', u'CTEQ302_YEAR_2017', u'CTEQ302', u'COMMUNICATION TECHNIQUES III', u'NDDRM1', u'ND: DRAMA', u'11', u'YEAR', u'D1', u'Durban Campus Full-time', u'A', u'40008650:TANCSIK;40004913:MTSHALI', u'', u'', u'', u'', u'', u'', u'', u'', u'', u'', u'']
check 'CTEQ302_YEAR_2018' 'CTEQ302'
processXLS: only for SEM2 [u'CTEQ302_YEAR_2018', u'CTEQ302_YEAR_2017', u'CTEQ302', u'COMMUNICATION TECHNIQUES III', u'NDDRM1', u'ND: DRAMA', u'11', u'YEAR', u'D1', u'Durban Campus Full-time', u'A', u'40008650:TANCSIK;40004913:MTSHALI', u'', u'', u'', u'', u'', u'', u'', u'', u'', u'', u'']
[u'', u'', u'', u'', u'', u'', u'', u'', u'', u'', u'', u'', 32.0, u'', u'', u'', u'', u'', u'', u'', u'', u'', u'']
check '' ''
[u'PTQS302_YEAR_2018', u'PTQS302_YEAR_2017', u'PTQS302', u'PERFORMANCE TECHNIQUES III', u'NDDRM1', u'ND: DRAMA', u'11', u'YEAR', u'D1', u'Durban Campus Full-time', u'A', u'40009505:MTHEMBU;40008650:TANCSIK;40014068:STEEL;40005069:MUNSAMY;40013353:NAICKER;50001068:LUTGE;40010373:WISSINK;40004913:MTSHALI', u'', u'', u'', u'', u'', u'', u'', u'', u'', u'', u'']
check 'PTQS302_YEAR_2018' 'PTQS302'
processXLS: only for SEM2 [u'PTQS302_YEAR_2018', u'PTQS302_YEAR_2017', u'PTQS302', u'PERFORMANCE TECHNIQUES III', u'NDDRM1', u'ND: DRAMA', u'11', u'YEAR', u'D1', u'Durban Campus Full-time', u'A', u'40009505:MTHEMBU;40008650:TANCSIK;40014068:STEEL;40005069:MUNSAMY;40013353:NAICKER;50001068:LUTGE;40010373:WISSINK;40004913:MTSHALI', u'', u'', u'', u'', u'', u'', u'', u'', u'', u'', u'']
[u'', u'', u'', u'', u'', u'', u'', u'', u'', u'', u'', u'', 31.0, u'', u'', u'', u'', u'', u'', u'', u'', u'', u'']
check '' ''
[u'THST302_YEAR_2018', u'THST302_YEAR_2017', u'THST302', u'THEATRE STUDY III', u'NDDRM1', u'ND: DRAMA', u'11', u'YEAR', u'D1', u'Durban Campus Full-time', u'A', u'40008650:TANCSIK', u'', u'', u'', u'', u'', u'', u'', u'', u'', u'', u'']
check 'THST302_YEAR_2018' 'THST302'
processXLS: only for SEM2 [u'THST302_YEAR_2018', u'THST302_YEAR_2017', u'THST302', u'THEATRE STUDY III', u'NDDRM1', u'ND: DRAMA', u'11', u'YEAR', u'D1', u'Durban Campus Full-time', u'A', u'40008650:TANCSIK', u'', u'', u'', u'', u'', u'', u'', u'', u'', u'', u'']
[u'', u'', u'', u'', u'', u'', u'', u'', u'', u'', u'', u'', 33.0, u'', u'', u'', u'', u'', u'', u'', u'', u'', u'']
check '' ''
[u'TSTD302_YEAR_2018', u'TSTD302_YEAR_2017', u'TSTD302', u'TEXT STUDY III', u'NDDRM1', u'ND: DRAMA', u'11', u'YEAR', u'D1', u'Durban Campus Full-time', u'A', u'40005069:MUNSAMY', u'', u'', u'', u'', u'', u'', u'', u'', u'', u'', u'']
check 'TSTD302_YEAR_2018' 'TSTD302'
processXLS: only for SEM2 [u'TSTD302_YEAR_2018', u'TSTD302_YEAR_2017', u'TSTD302', u'TEXT STUDY III', u'NDDRM1', u'ND: DRAMA', u'11', u'YEAR', u'D1', u'Durban Campus Full-time', u'A', u'40005069:MUNSAMY', u'', u'', u'', u'', u'', u'', u'', u'', u'', u'', u'']
[u'...', u'', u'', u'', u'', u'', u'', u'', u'', u'', u'', u'', u'', u'', u'', u'', u'', u'', u'', u'', u'', u'', u'']
check '...' ''
[u'New subjects for 2018', u'', u'', u'', u'', u'', u'', u'', u'', u'', u'', u'', u'', u'', u'', u'', u'', u'', u'', u'', u'', u'', u'']
check 'New subjects for 2018' ''
processXLS: finished processing workingSheets/data/BBC3108DramaAndProdStudies2017.xls
main: Writing students...
main: Writing enrollments...
main: Finished processing workingSheets/data/BBC3108DramaAndProdStudies2017.xls
main: 0 subjects processed
main: 0 subject -> classroom maps
main: 0 students
main: 0 student enrollments 0 errors
0.12user 0.10system 0:00.28elapsed 81%CPU (0avgtext+0avgdata 54112maxresident)k
72inputs+16outputs (0major+6865minor)pagefaults 0swaps
POSTING SNAPSHOTS to SIS endpoint
TEST RUN, NOT POSTING BBSTUDENTS
TEST RUN, NOT POSTIN BBENROL
copy snapshot files to saved output
=== department done ===
syncing logs...
Pushing logs from logs/20180723111852 to remote...
sending incremental file list
./
BBC3108DramaAndProdStudies2017.BBENROL.txt
BBC3108DramaAndProdStudies2017.BBSTUDENTS.txt
BBC3108DramaAndProdStudies2017.Enrolomat.txt
BBC3108DramaAndProdStudies2017.Postlog.txt

sent 20445 bytes  received 91 bytes  2416.00 bytes/sec
total size is 405778  speedup is 19.76
logging to logs/20180723111852
=== generate newenrollments for BBC3201AuditingAndTaxation2017. ===
GENERATE SNAPSHOTS...
./BBCIncrementalEnrollerX2.py : generating enrolment files for subjects in  workingSheets/data/BBC3201AuditingAndTaxation2017.xls
processXLS: start spreadsheet workingSheets/data/BBC3201AuditingAndTaxation2017.xls
[u'2018 Blackboard Classrooms for Department: 3201 - AUDITING AND TAXATION', u'', u'', u'', u'', u'', u'', u'', u'', u'', u'', u'', u'']
check '2018 Blackboard Classrooms for Department: 3201 - AUDITING AND TAXATION' ''
[u'', u'', u'', u'', u'', u'', u'', u'', u'', u'', u'', u'', u'']
check '' ''
[u'BB Classroom', u'Migrate Classroom', u'ITS Subject', u'', u'ITS Qualification', u'', u'Block', u'', u'Off Type', u'', u'Grp', u'Lecturer(s)', u'2016 Enrol']
check 'BB Classroom' 'ITS Subject'
[u'ACCL101_SEM1_2018', u'ACCL101_SEM1_2017', u'ACCL101', u'ACCOUNTING LITERACY', u'NDIAF1', u'ND: INTERNAL AUDITING (4 YEARS)', u'21', u'SEMESTER 1', u'D1', u'Durban Campus Full-time', u'A', u'40010267:MUTANDA', 30.0]
check 'ACCL101_SEM1_2018' 'ACCL101'
processXLS: only for SEM2 [u'ACCL101_SEM1_2018', u'ACCL101_SEM1_2017', u'ACCL101', u'ACCOUNTING LITERACY', u'NDIAF1', u'ND: INTERNAL AUDITING (4 YEARS)', u'21', u'SEMESTER 1', u'D1', u'Durban Campus Full-time', u'A', u'40010267:MUTANDA', 30.0]
[u'ACCL101_SEM1_2018', u'ACCL101_SEM1_2017', u'ACCL101', u'ACCOUNTING LITERACY', u'NDTXF1', u'ND: TAXATION (4YEARS)', u'21', u'SEMESTER 1', u'D1', u'Durban Campus Full-time', u'A', u'40010267:MUTANDA', 33.0]
check 'ACCL101_SEM1_2018' 'ACCL101'
processXLS: only for SEM2 [u'ACCL101_SEM1_2018', u'ACCL101_SEM1_2017', u'ACCL101', u'ACCOUNTING LITERACY', u'NDTXF1', u'ND: TAXATION (4YEARS)', u'21', u'SEMESTER 1', u'D1', u'Durban Campus Full-time', u'A', u'40010267:MUTANDA', 33.0]
[u'', u'', u'', u'', u'', u'', u'', u'', u'', u'', u'', u'', u'']
check '' ''
[u'IAUD118_SEM1_2018', u'IAUD118_SEM1_2017', u'IAUD118', u'INTERNAL AUDITING I (MODULE 1)', u'NDFIS2', u'ND: FINANCIAL INFORMATION SYSTEMS', u'21', u'SEMESTER 1', u'D1', u'Durban Campus Full-time', u'A', u'40002746:JALI', 31.0]
check 'IAUD118_SEM1_2018' 'IAUD118'
processXLS: only for SEM2 [u'IAUD118_SEM1_2018', u'IAUD118_SEM1_2017', u'IAUD118', u'INTERNAL AUDITING I (MODULE 1)', u'NDFIS2', u'ND: FINANCIAL INFORMATION SYSTEMS', u'21', u'SEMESTER 1', u'D1', u'Durban Campus Full-time', u'A', u'40002746:JALI', 31.0]
[u'IAUD118_SEM1_2018', u'IAUD118_SEM1_2017', u'IAUD118', u'INTERNAL AUDITING I (MODULE 1)', u'NDIAF1', u'ND: INTERNAL AUDITING (4 YEARS)', u'21', u'SEMESTER 1', u'D1', u'Durban Campus Full-time', u'A', u'40002746:JALI', 23.0]
check 'IAUD118_SEM1_2018' 'IAUD118'
processXLS: only for SEM2 [u'IAUD118_SEM1_2018', u'IAUD118_SEM1_2017', u'IAUD118', u'INTERNAL AUDITING I (MODULE 1)', u'NDIAF1', u'ND: INTERNAL AUDITING (4 YEARS)', u'21', u'SEMESTER 1', u'D1', u'Durban Campus Full-time', u'A', u'40002746:JALI', 23.0]
[u'IAUD118_SEM1_2018', u'IAUD118_SEM1_2017', u'IAUD118', u'INTERNAL AUDITING I (MODULE 1)', u'NDIAU3', u'ND: INTERNAL AUDITING', u'21', u'SEMESTER 1', u'D1', u'Durban Campus Full-time', u'A', u'40002746:JALI', 117.0]
check 'IAUD118_SEM1_2018' 'IAUD118'
processXLS: only for SEM2 [u'IAUD118_SEM1_2018', u'IAUD118_SEM1_2017', u'IAUD118', u'INTERNAL AUDITING I (MODULE 1)', u'NDIAU3', u'ND: INTERNAL AUDITING', u'21', u'SEMESTER 1', u'D1', u'Durban Campus Full-time', u'A', u'40002746:JALI', 117.0]
[u'', u'', u'', u'', u'', u'', u'', u'', u'', u'', u'', u'', u'']
check '' ''
[u'IAUD128_SEM2_2018', u'IAUD128_SEM2_2017', u'IAUD128', u'INTERNAL AUDITING I (MODULE 2)', u'NDFIS2', u'ND: FINANCIAL INFORMATION SYSTEMS', u'22', u'SEMESTER 2', u'D1', u'Durban Campus Full-time', u'A', u'40008814:SAYED ALLY;40002746:JALI', 10.0]
check 'IAUD128_SEM2_2018' 'IAUD128'
adding  IAUD128
requesting:  http://10.0.100.98:8000/bbinfo/matching_courses/IAUD128%25
r= <Response [200]>
matching classes= set([u'IAUD128_13_RONC', u'IAUD128_14_JALL', u'IAUD128_SEM2_2017', u'IAUD128_SEM2_2016', u'IAUD128_SEM2_2018', u'IAUD128_13_THOC', u'IAUD128_15_JALL', u'IAUD128_2013'])
[u'IAUD128_SEM2_2018', u'IAUD128_SEM2_2017', u'IAUD128', u'INTERNAL AUDITING I (MODULE 2)', u'NDIAF1', u'ND: INTERNAL AUDITING (4 YEARS)', u'22', u'SEMESTER 2', u'D1', u'Durban Campus Full-time', u'A', u'40008814:SAYED ALLY;40002746:JALI', 17.0]
check 'IAUD128_SEM2_2018' 'IAUD128'
adding  IAUD128
requesting:  http://10.0.100.98:8000/bbinfo/matching_courses/IAUD128%25
r= <Response [200]>
matching classes= set([u'IAUD128_13_RONC', u'IAUD128_14_JALL', u'IAUD128_SEM2_2017', u'IAUD128_SEM2_2016', u'IAUD128_SEM2_2018', u'IAUD128_13_THOC', u'IAUD128_15_JALL', u'IAUD128_2013'])
[u'IAUD128_SEM2_2018', u'IAUD128_SEM2_2017', u'IAUD128', u'INTERNAL AUDITING I (MODULE 2)', u'NDIAU3', u'ND: INTERNAL AUDITING', u'22', u'SEMESTER 2', u'D1', u'Durban Campus Full-time', u'A', u'40008814:SAYED ALLY;40002746:JALI', 94.0]
check 'IAUD128_SEM2_2018' 'IAUD128'
adding  IAUD128
requesting:  http://10.0.100.98:8000/bbinfo/matching_courses/IAUD128%25
r= <Response [200]>
matching classes= set([u'IAUD128_13_RONC', u'IAUD128_14_JALL', u'IAUD128_SEM2_2017', u'IAUD128_SEM2_2016', u'IAUD128_SEM2_2018', u'IAUD128_13_THOC', u'IAUD128_15_JALL', u'IAUD128_2013'])
[u'', u'', u'', u'', u'', u'', u'', u'', u'', u'', u'', u'', u'']
check '' ''
[u'RESM101_YEAR_2018', u'RESM101_YEAR_2017', u'RESM101', u'RESEARCH METHODOLOGY', u'BTTAX2', u'BT: TAXATION', u'11', u'YEAR', u'D1', u'Durban Campus Full-time', u'A', u'40004225:RAMFOL', 64.0]
check 'RESM101_YEAR_2018' 'RESM101'
processXLS: only for SEM2 [u'RESM101_YEAR_2018', u'RESM101_YEAR_2017', u'RESM101', u'RESEARCH METHODOLOGY', u'BTTAX2', u'BT: TAXATION', u'11', u'YEAR', u'D1', u'Durban Campus Full-time', u'A', u'40004225:RAMFOL', 64.0]
[u'RESM101_YEAR_2018', u'RESM101_YEAR_2017', u'RESM101', u'RESEARCH METHODOLOGY', u'BTTAX2', u'BT: TAXATION', u'11', u'YEAR', u'D3', u'Durban Campus Part-time', u'A', u'40004225:RAMFOL', 15.0]
check 'RESM101_YEAR_2018' 'RESM101'
processXLS: only for SEM2 [u'RESM101_YEAR_2018', u'RESM101_YEAR_2017', u'RESM101', u'RESEARCH METHODOLOGY', u'BTTAX2', u'BT: TAXATION', u'11', u'YEAR', u'D3', u'Durban Campus Part-time', u'A', u'40004225:RAMFOL', 15.0]
[u'', u'', u'', u'', u'', u'', u'', u'', u'', u'', u'', u'', u'']
check '' ''
[u'RMGY101_YEAR_2018', u'RMGY101_YEAR_2017', u'RMGY101', u'RESEARCH METHODOLOGY', u'BTIAU2', u'BT: INTERNAL AUDITING', u'11', u'YEAR', u'D1', u'Durban Campus Full-time', u'A', u'40002746:JALI', 56.0]
check 'RMGY101_YEAR_2018' 'RMGY101'
processXLS: only for SEM2 [u'RMGY101_YEAR_2018', u'RMGY101_YEAR_2017', u'RMGY101', u'RESEARCH METHODOLOGY', u'BTIAU2', u'BT: INTERNAL AUDITING', u'11', u'YEAR', u'D1', u'Durban Campus Full-time', u'A', u'40002746:JALI', 56.0]
[u'RMGY101_YEAR_2018', u'RMGY101_YEAR_2017', u'RMGY101', u'RESEARCH METHODOLOGY', u'BTIAU2', u'BT: INTERNAL AUDITING', u'11', u'YEAR', u'D3', u'Durban Campus Part-time', u'A', u'40002746:JALI', 16.0]
check 'RMGY101_YEAR_2018' 'RMGY101'
processXLS: only for SEM2 [u'RMGY101_YEAR_2018', u'RMGY101_YEAR_2017', u'RMGY101', u'RESEARCH METHODOLOGY', u'BTIAU2', u'BT: INTERNAL AUDITING', u'11', u'YEAR', u'D3', u'Durban Campus Part-time', u'A', u'40002746:JALI', 16.0]
[u'', u'', u'', u'', u'', u'', u'', u'', u'', u'', u'', u'', u'']
check '' ''
[u'TAXN102_SEM1_2018', u'TAXN102_SEM1_2017', u'TAXN102', u'TAXATION I', u'NDACC3', u'ND: ACCOUNTING', u'21', u'SEMESTER 1', u'D3', u'Durban Campus Part-time', u'A', u'40003373:RONALD;50012672:KHAN;40007392:MOODLEY', 1.0]
check 'TAXN102_SEM1_2018' 'TAXN102'
processXLS: only for SEM2 [u'TAXN102_SEM1_2018', u'TAXN102_SEM1_2017', u'TAXN102', u'TAXATION I', u'NDACC3', u'ND: ACCOUNTING', u'21', u'SEMESTER 1', u'D3', u'Durban Campus Part-time', u'A', u'40003373:RONALD;50012672:KHAN;40007392:MOODLEY', 1.0]
[u'TAXN102_SEM1_2018', u'TAXN102_SEM1_2017', u'TAXN102', u'TAXATION I', u'NDCAF2', u'ND: COST & MANAGEMENT ACCT (4 YEARS)', u'21', u'SEMESTER 1', u'D1', u'Durban Campus Full-time', u'A', u'40003373:RONALD;50012672:KHAN;40007392:MOODLEY', 30.0]
check 'TAXN102_SEM1_2018' 'TAXN102'
processXLS: only for SEM2 [u'TAXN102_SEM1_2018', u'TAXN102_SEM1_2017', u'TAXN102', u'TAXATION I', u'NDCAF2', u'ND: COST & MANAGEMENT ACCT (4 YEARS)', u'21', u'SEMESTER 1', u'D1', u'Durban Campus Full-time', u'A', u'40003373:RONALD;50012672:KHAN;40007392:MOODLEY', 30.0]
[u'TAXN102_SEM1_2018', u'TAXN102_SEM1_2017', u'TAXN102', u'TAXATION I', u'NDCMA3', u'ND: COST AND MANAGEMENT ACCOUNTING', u'21', u'SEMESTER 1', u'D1', u'Durban Campus Full-time', u'A', u'40003373:RONALD;50012672:KHAN;40007392:MOODLEY', 194.0]
check 'TAXN102_SEM1_2018' 'TAXN102'
processXLS: only for SEM2 [u'TAXN102_SEM1_2018', u'TAXN102_SEM1_2017', u'TAXN102', u'TAXATION I', u'NDCMA3', u'ND: COST AND MANAGEMENT ACCOUNTING', u'21', u'SEMESTER 1', u'D1', u'Durban Campus Full-time', u'A', u'40003373:RONALD;50012672:KHAN;40007392:MOODLEY', 194.0]
[u'TAXN102_SEM1_2018', u'TAXN102_SEM1_2017', u'TAXN102', u'TAXATION I', u'NDCMA3', u'ND: COST AND MANAGEMENT ACCOUNTING', u'21', u'SEMESTER 1', u'D3', u'Durban Campus Part-time', u'A', u'40003373:RONALD;50012672:KHAN;40007392:MOODLEY', 2.0]
check 'TAXN102_SEM1_2018' 'TAXN102'
processXLS: only for SEM2 [u'TAXN102_SEM1_2018', u'TAXN102_SEM1_2017', u'TAXN102', u'TAXATION I', u'NDCMA3', u'ND: COST AND MANAGEMENT ACCOUNTING', u'21', u'SEMESTER 1', u'D3', u'Durban Campus Part-time', u'A', u'40003373:RONALD;50012672:KHAN;40007392:MOODLEY', 2.0]
[u'TAXN102_SEM1_2018', u'TAXN102_SEM1_2017', u'TAXN102', u'TAXATION I', u'NDFIS2', u'ND: FINANCIAL INFORMATION SYSTEMS', u'21', u'SEMESTER 1', u'D1', u'Durban Campus Full-time', u'A', u'40003373:RONALD;50012672:KHAN;40007392:MOODLEY', 4.0]
check 'TAXN102_SEM1_2018' 'TAXN102'
processXLS: only for SEM2 [u'TAXN102_SEM1_2018', u'TAXN102_SEM1_2017', u'TAXN102', u'TAXATION I', u'NDFIS2', u'ND: FINANCIAL INFORMATION SYSTEMS', u'21', u'SEMESTER 1', u'D1', u'Durban Campus Full-time', u'A', u'40003373:RONALD;50012672:KHAN;40007392:MOODLEY', 4.0]
[u'TAXN102_SEM1_2018', u'TAXN102_SEM1_2017', u'TAXN102', u'TAXATION I', u'NDIAU3', u'ND: INTERNAL AUDITING', u'21', u'SEMESTER 1', u'D1', u'Durban Campus Full-time', u'A', u'40003373:RONALD;50012672:KHAN;40007392:MOODLEY', 1.0]
check 'TAXN102_SEM1_2018' 'TAXN102'
processXLS: only for SEM2 [u'TAXN102_SEM1_2018', u'TAXN102_SEM1_2017', u'TAXN102', u'TAXATION I', u'NDIAU3', u'ND: INTERNAL AUDITING', u'21', u'SEMESTER 1', u'D1', u'Durban Campus Full-time', u'A', u'40003373:RONALD;50012672:KHAN;40007392:MOODLEY', 1.0]
[u'TAXN102_SEM1_2018', u'TAXN102_SEM1_2017', u'TAXN102', u'TAXATION I', u'NDTAX3', u'ND: TAXATION', u'21', u'SEMESTER 1', u'D1', u'Durban Campus Full-time', u'A', u'40003373:RONALD;50012672:KHAN;40007392:MOODLEY', 69.0]
check 'TAXN102_SEM1_2018' 'TAXN102'
processXLS: only for SEM2 [u'TAXN102_SEM1_2018', u'TAXN102_SEM1_2017', u'TAXN102', u'TAXATION I', u'NDTAX3', u'ND: TAXATION', u'21', u'SEMESTER 1', u'D1', u'Durban Campus Full-time', u'A', u'40003373:RONALD;50012672:KHAN;40007392:MOODLEY', 69.0]
[u'TAXN102_SEM1_2018', u'TAXN102_SEM1_2017', u'TAXN102', u'TAXATION I', u'NDTXF1', u'ND: TAXATION (4YEARS)', u'21', u'SEMESTER 1', u'D1', u'Durban Campus Full-time', u'A', u'40003373:RONALD;50012672:KHAN;40007392:MOODLEY', 11.0]
check 'TAXN102_SEM1_2018' 'TAXN102'
processXLS: only for SEM2 [u'TAXN102_SEM1_2018', u'TAXN102_SEM1_2017', u'TAXN102', u'TAXATION I', u'NDTXF1', u'ND: TAXATION (4YEARS)', u'21', u'SEMESTER 1', u'D1', u'Durban Campus Full-time', u'A', u'40003373:RONALD;50012672:KHAN;40007392:MOODLEY', 11.0]
[u'', u'', u'', u'', u'', u'', u'', u'', u'', u'', u'', u'', u'']
check '' ''
[u'TAXN102_SEM2_2018', u'TAXN102_SEM2_2017', u'TAXN102', u'TAXATION I', u'NDACC3', u'ND: ACCOUNTING', u'22', u'SEMESTER 2', u'D1', u'Durban Campus Full-time', u'A', u'40003373:RONALD;50012672:KHAN;40007392:MOODLEY', 228.0]
check 'TAXN102_SEM2_2018' 'TAXN102'
adding  TAXN102
requesting:  http://10.0.100.98:8000/bbinfo/matching_courses/TAXN102%25
r= <Response [200]>
matching classes= set([u'TAXN102_ALL_2016', u'TAXN102_2013', u'TAXN102_14_GRED', u'TAXN102_SEM2_2017', u'TAXN102_14_MUTM', u'TAXN102_13_MYEG', u'TAXN102_SEM1_2017', u'TAXN102_14_MOOK', u'TAXN102_SEM1_2018', u'TAXN102_SEM2_2018'])
[u'TAXN102_SEM2_2018', u'TAXN102_SEM2_2017', u'TAXN102', u'TAXATION I', u'NDACC3', u'ND: ACCOUNTING', u'22', u'SEMESTER 2', u'D3', u'Durban Campus Part-time', u'A', u'40003373:RONALD;50012672:KHAN;40007392:MOODLEY', 19.0]
check 'TAXN102_SEM2_2018' 'TAXN102'
adding  TAXN102
requesting:  http://10.0.100.98:8000/bbinfo/matching_courses/TAXN102%25
r= <Response [200]>
matching classes= set([u'TAXN102_ALL_2016', u'TAXN102_2013', u'TAXN102_14_GRED', u'TAXN102_SEM2_2017', u'TAXN102_14_MUTM', u'TAXN102_13_MYEG', u'TAXN102_SEM1_2017', u'TAXN102_14_MOOK', u'TAXN102_SEM1_2018', u'TAXN102_SEM2_2018'])
[u'TAXN102_SEM2_2018', u'TAXN102_SEM2_2017', u'TAXN102', u'TAXATION I', u'NDACF1', u'ND: ACCOUNTING (4 YEARS)', u'22', u'SEMESTER 2', u'D1', u'Durban Campus Full-time', u'A', u'40003373:RONALD;50012672:KHAN;40007392:MOODLEY', 38.0]
check 'TAXN102_SEM2_2018' 'TAXN102'
adding  TAXN102
requesting:  http://10.0.100.98:8000/bbinfo/matching_courses/TAXN102%25
r= <Response [200]>
matching classes= set([u'TAXN102_ALL_2016', u'TAXN102_2013', u'TAXN102_14_GRED', u'TAXN102_SEM2_2017', u'TAXN102_14_MUTM', u'TAXN102_13_MYEG', u'TAXN102_SEM1_2017', u'TAXN102_14_MOOK', u'TAXN102_SEM1_2018', u'TAXN102_SEM2_2018'])
[u'TAXN102_SEM2_2018', u'TAXN102_SEM2_2017', u'TAXN102', u'TAXATION I', u'NDCMA3', u'ND: COST AND MANAGEMENT ACCOUNTING', u'22', u'SEMESTER 2', u'D1', u'Durban Campus Full-time', u'A', u'40003373:RONALD;50012672:KHAN;40007392:MOODLEY', 10.0]
check 'TAXN102_SEM2_2018' 'TAXN102'
adding  TAXN102
requesting:  http://10.0.100.98:8000/bbinfo/matching_courses/TAXN102%25
r= <Response [200]>
matching classes= set([u'TAXN102_ALL_2016', u'TAXN102_2013', u'TAXN102_14_GRED', u'TAXN102_SEM2_2017', u'TAXN102_14_MUTM', u'TAXN102_13_MYEG', u'TAXN102_SEM1_2017', u'TAXN102_14_MOOK', u'TAXN102_SEM1_2018', u'TAXN102_SEM2_2018'])
[u'TAXN102_SEM2_2018', u'TAXN102_SEM2_2017', u'TAXN102', u'TAXATION I', u'NDCMA3', u'ND: COST AND MANAGEMENT ACCOUNTING', u'22', u'SEMESTER 2', u'D3', u'Durban Campus Part-time', u'A', u'40003373:RONALD;50012672:KHAN;40007392:MOODLEY', 2.0]
check 'TAXN102_SEM2_2018' 'TAXN102'
adding  TAXN102
requesting:  http://10.0.100.98:8000/bbinfo/matching_courses/TAXN102%25
r= <Response [200]>
matching classes= set([u'TAXN102_ALL_2016', u'TAXN102_2013', u'TAXN102_14_GRED', u'TAXN102_SEM2_2017', u'TAXN102_14_MUTM', u'TAXN102_13_MYEG', u'TAXN102_SEM1_2017', u'TAXN102_14_MOOK', u'TAXN102_SEM1_2018', u'TAXN102_SEM2_2018'])
[u'TAXN102_SEM2_2018', u'TAXN102_SEM2_2017', u'TAXN102', u'TAXATION I', u'NDFIS2', u'ND: FINANCIAL INFORMATION SYSTEMS', u'22', u'SEMESTER 2', u'D1', u'Durban Campus Full-time', u'A', u'40003373:RONALD;50012672:KHAN;40007392:MOODLEY', 46.0]
check 'TAXN102_SEM2_2018' 'TAXN102'
adding  TAXN102
requesting:  http://10.0.100.98:8000/bbinfo/matching_courses/TAXN102%25
r= <Response [200]>
matching classes= set([u'TAXN102_ALL_2016', u'TAXN102_2013', u'TAXN102_14_GRED', u'TAXN102_SEM2_2017', u'TAXN102_14_MUTM', u'TAXN102_13_MYEG', u'TAXN102_SEM1_2017', u'TAXN102_14_MOOK', u'TAXN102_SEM1_2018', u'TAXN102_SEM2_2018'])
[u'TAXN102_SEM2_2018', u'TAXN102_SEM2_2017', u'TAXN102', u'TAXATION I', u'NDIAF1', u'ND: INTERNAL AUDITING (4 YEARS)', u'22', u'SEMESTER 2', u'D1', u'Durban Campus Full-time', u'A', u'40003373:RONALD;50012672:KHAN;40007392:MOODLEY', 12.0]
check 'TAXN102_SEM2_2018' 'TAXN102'
adding  TAXN102
requesting:  http://10.0.100.98:8000/bbinfo/matching_courses/TAXN102%25
r= <Response [200]>
matching classes= set([u'TAXN102_ALL_2016', u'TAXN102_2013', u'TAXN102_14_GRED', u'TAXN102_SEM2_2017', u'TAXN102_14_MUTM', u'TAXN102_13_MYEG', u'TAXN102_SEM1_2017', u'TAXN102_14_MOOK', u'TAXN102_SEM1_2018', u'TAXN102_SEM2_2018'])
[u'TAXN102_SEM2_2018', u'TAXN102_SEM2_2017', u'TAXN102', u'TAXATION I', u'NDIAU3', u'ND: INTERNAL AUDITING', u'22', u'SEMESTER 2', u'D1', u'Durban Campus Full-time', u'A', u'40003373:RONALD;50012672:KHAN;40007392:MOODLEY', 83.0]
check 'TAXN102_SEM2_2018' 'TAXN102'
adding  TAXN102
requesting:  http://10.0.100.98:8000/bbinfo/matching_courses/TAXN102%25
r= <Response [200]>
matching classes= set([u'TAXN102_ALL_2016', u'TAXN102_2013', u'TAXN102_14_GRED', u'TAXN102_SEM2_2017', u'TAXN102_14_MUTM', u'TAXN102_13_MYEG', u'TAXN102_SEM1_2017', u'TAXN102_14_MOOK', u'TAXN102_SEM1_2018', u'TAXN102_SEM2_2018'])
[u'TAXN102_SEM2_2018', u'TAXN102_SEM2_2017', u'TAXN102', u'TAXATION I', u'NODIP1', u'NON-DIPLOMA PURPOSE (ACCT & INFO)', u'22', u'SEMESTER 2', u'D8', u'DBN PART-TIME NON-SUBSIDISED', u'A', u'40003373:RONALD;50012672:KHAN;40007392:MOODLEY', 1.0]
check 'TAXN102_SEM2_2018' 'TAXN102'
adding  TAXN102
requesting:  http://10.0.100.98:8000/bbinfo/matching_courses/TAXN102%25
r= <Response [200]>
matching classes= set([u'TAXN102_ALL_2016', u'TAXN102_2013', u'TAXN102_14_GRED', u'TAXN102_SEM2_2017', u'TAXN102_14_MUTM', u'TAXN102_13_MYEG', u'TAXN102_SEM1_2017', u'TAXN102_14_MOOK', u'TAXN102_SEM1_2018', u'TAXN102_SEM2_2018'])
[u'', u'', u'', u'', u'', u'', u'', u'', u'', u'', u'', u'', u'']
check '' ''
[u'AUDT212_SEM1_2018', u'AUDT212_SEM1_2017', u'AUDT212', u'AUDITING II (MODULE 1)', u'NDACC3', u'ND: ACCOUNTING', u'21', u'SEMESTER 1', u'D1', u'Durban Campus Full-time', u'A', u'40003104:SEETHARAM;40008814:SAYED ALLY;40011006:GREENHAM;40008614:PURBHOO', 204.0]
check 'AUDT212_SEM1_2018' 'AUDT212'
processXLS: only for SEM2 [u'AUDT212_SEM1_2018', u'AUDT212_SEM1_2017', u'AUDT212', u'AUDITING II (MODULE 1)', u'NDACC3', u'ND: ACCOUNTING', u'21', u'SEMESTER 1', u'D1', u'Durban Campus Full-time', u'A', u'40003104:SEETHARAM;40008814:SAYED ALLY;40011006:GREENHAM;40008614:PURBHOO', 204.0]
[u'AUDT212_SEM1_2018', u'AUDT212_SEM1_2017', u'AUDT212', u'AUDITING II (MODULE 1)', u'NDACC3', u'ND: ACCOUNTING', u'21', u'SEMESTER 1', u'D3', u'Durban Campus Part-time', u'A', u'40003104:SEETHARAM;40008814:SAYED ALLY;40011006:GREENHAM;40008614:PURBHOO', 17.0]
check 'AUDT212_SEM1_2018' 'AUDT212'
processXLS: only for SEM2 [u'AUDT212_SEM1_2018', u'AUDT212_SEM1_2017', u'AUDT212', u'AUDITING II (MODULE 1)', u'NDACC3', u'ND: ACCOUNTING', u'21', u'SEMESTER 1', u'D3', u'Durban Campus Part-time', u'A', u'40003104:SEETHARAM;40008814:SAYED ALLY;40011006:GREENHAM;40008614:PURBHOO', 17.0]
[u'AUDT212_SEM1_2018', u'AUDT212_SEM1_2017', u'AUDT212', u'AUDITING II (MODULE 1)', u'NDACF1', u'ND: ACCOUNTING (4 YEARS)', u'21', u'SEMESTER 1', u'D1', u'Durban Campus Full-time', u'A', u'40003104:SEETHARAM;40008814:SAYED ALLY;40011006:GREENHAM;40008614:PURBHOO', 36.0]
check 'AUDT212_SEM1_2018' 'AUDT212'
processXLS: only for SEM2 [u'AUDT212_SEM1_2018', u'AUDT212_SEM1_2017', u'AUDT212', u'AUDITING II (MODULE 1)', u'NDACF1', u'ND: ACCOUNTING (4 YEARS)', u'21', u'SEMESTER 1', u'D1', u'Durban Campus Full-time', u'A', u'40003104:SEETHARAM;40008814:SAYED ALLY;40011006:GREENHAM;40008614:PURBHOO', 36.0]
[u'AUDT212_SEM1_2018', u'AUDT212_SEM1_2017', u'AUDT212', u'AUDITING II (MODULE 1)', u'NDCAF1', u'ND: COST & MANAGEMENT ACCT (4 YEARS)', u'21', u'SEMESTER 1', u'D1', u'Durban Campus Full-time', u'A', u'40003104:SEETHARAM;40008814:SAYED ALLY;40011006:GREENHAM;40008614:PURBHOO', 2.0]
check 'AUDT212_SEM1_2018' 'AUDT212'
processXLS: only for SEM2 [u'AUDT212_SEM1_2018', u'AUDT212_SEM1_2017', u'AUDT212', u'AUDITING II (MODULE 1)', u'NDCAF1', u'ND: COST & MANAGEMENT ACCT (4 YEARS)', u'21', u'SEMESTER 1', u'D1', u'Durban Campus Full-time', u'A', u'40003104:SEETHARAM;40008814:SAYED ALLY;40011006:GREENHAM;40008614:PURBHOO', 2.0]
[u'AUDT212_SEM1_2018', u'AUDT212_SEM1_2017', u'AUDT212', u'AUDITING II (MODULE 1)', u'NDCAF2', u'ND: COST & MANAGEMENT ACCT (4 YEARS)', u'21', u'SEMESTER 1', u'D1', u'Durban Campus Full-time', u'A', u'40003104:SEETHARAM;40008814:SAYED ALLY;40011006:GREENHAM;40008614:PURBHOO', 27.0]
check 'AUDT212_SEM1_2018' 'AUDT212'
processXLS: only for SEM2 [u'AUDT212_SEM1_2018', u'AUDT212_SEM1_2017', u'AUDT212', u'AUDITING II (MODULE 1)', u'NDCAF2', u'ND: COST & MANAGEMENT ACCT (4 YEARS)', u'21', u'SEMESTER 1', u'D1', u'Durban Campus Full-time', u'A', u'40003104:SEETHARAM;40008814:SAYED ALLY;40011006:GREENHAM;40008614:PURBHOO', 27.0]
[u'AUDT212_SEM1_2018', u'AUDT212_SEM1_2017', u'AUDT212', u'AUDITING II (MODULE 1)', u'NDCMA3', u'ND: COST AND MANAGEMENT ACCOUNTING', u'21', u'SEMESTER 1', u'D1', u'Durban Campus Full-time', u'A', u'40003104:SEETHARAM;40008814:SAYED ALLY;40011006:GREENHAM;40008614:PURBHOO', 193.0]
check 'AUDT212_SEM1_2018' 'AUDT212'
processXLS: only for SEM2 [u'AUDT212_SEM1_2018', u'AUDT212_SEM1_2017', u'AUDT212', u'AUDITING II (MODULE 1)', u'NDCMA3', u'ND: COST AND MANAGEMENT ACCOUNTING', u'21', u'SEMESTER 1', u'D1', u'Durban Campus Full-time', u'A', u'40003104:SEETHARAM;40008814:SAYED ALLY;40011006:GREENHAM;40008614:PURBHOO', 193.0]
[u'AUDT212_SEM1_2018', u'AUDT212_SEM1_2017', u'AUDT212', u'AUDITING II (MODULE 1)', u'NDCMA3', u'ND: COST AND MANAGEMENT ACCOUNTING', u'21', u'SEMESTER 1', u'D3', u'Durban Campus Part-time', u'A', u'40003104:SEETHARAM;40008814:SAYED ALLY;40011006:GREENHAM;40008614:PURBHOO', 3.0]
check 'AUDT212_SEM1_2018' 'AUDT212'
processXLS: only for SEM2 [u'AUDT212_SEM1_2018', u'AUDT212_SEM1_2017', u'AUDT212', u'AUDITING II (MODULE 1)', u'NDCMA3', u'ND: COST AND MANAGEMENT ACCOUNTING', u'21', u'SEMESTER 1', u'D3', u'Durban Campus Part-time', u'A', u'40003104:SEETHARAM;40008814:SAYED ALLY;40011006:GREENHAM;40008614:PURBHOO', 3.0]
[u'AUDT212_SEM1_2018', u'AUDT212_SEM1_2017', u'AUDT212', u'AUDITING II (MODULE 1)', u'NDTAX3', u'ND: TAXATION', u'21', u'SEMESTER 1', u'D1', u'Durban Campus Full-time', u'A', u'40003104:SEETHARAM;40008814:SAYED ALLY;40011006:GREENHAM;40008614:PURBHOO', 60.0]
check 'AUDT212_SEM1_2018' 'AUDT212'
processXLS: only for SEM2 [u'AUDT212_SEM1_2018', u'AUDT212_SEM1_2017', u'AUDT212', u'AUDITING II (MODULE 1)', u'NDTAX3', u'ND: TAXATION', u'21', u'SEMESTER 1', u'D1', u'Durban Campus Full-time', u'A', u'40003104:SEETHARAM;40008814:SAYED ALLY;40011006:GREENHAM;40008614:PURBHOO', 60.0]
[u'AUDT212_SEM1_2018', u'AUDT212_SEM1_2017', u'AUDT212', u'AUDITING II (MODULE 1)', u'NDTXF1', u'ND: TAXATION (4YEARS)', u'21', u'SEMESTER 1', u'D1', u'Durban Campus Full-time', u'A', u'40003104:SEETHARAM;40008814:SAYED ALLY;40011006:GREENHAM;40008614:PURBHOO', 10.0]
check 'AUDT212_SEM1_2018' 'AUDT212'
processXLS: only for SEM2 [u'AUDT212_SEM1_2018', u'AUDT212_SEM1_2017', u'AUDT212', u'AUDITING II (MODULE 1)', u'NDTXF1', u'ND: TAXATION (4YEARS)', u'21', u'SEMESTER 1', u'D1', u'Durban Campus Full-time', u'A', u'40003104:SEETHARAM;40008814:SAYED ALLY;40011006:GREENHAM;40008614:PURBHOO', 10.0]
[u'', u'', u'', u'', u'', u'', u'', u'', u'', u'', u'', u'', u'']
check '' ''
[u'AUDT212_SEM2_2018', u'AUDT212_SEM2_2017', u'AUDT212', u'AUDITING II (MODULE 1)', u'NDTXF1', u'ND: TAXATION (4YEARS)', u'22', u'SEMESTER 2', u'D1', u'Durban Campus Full-time', u'A', u'40003104:SEETHARAM;40008814:SAYED ALLY;40011006:GREENHAM;40008614:PURBHOO', 3.0]
check 'AUDT212_SEM2_2018' 'AUDT212'
adding  AUDT212
requesting:  http://10.0.100.98:8000/bbinfo/matching_courses/AUDT212%25
r= <Response [200]>
matching classes= set([u'AUDT212_13_GARH', u'AUDT212_SEM2_2018', u'AUDT212_SEM1_2017', u'AUDT212_SEM1_2016', u'AUDT212_13_MOOR', u'AUDT212_2013', u'AUDT212_SEM1_2018', u'AUDT212_SEM2_2017'])
[u'', u'', u'', u'', u'', u'', u'', u'', u'', u'', u'', u'', u'']
check '' ''
[u'AUDT222_SEM2_2018', u'AUDT222_SEM2_2017', u'AUDT222', u'AUDITING II (MODULE 2)', u'NDACC3', u'ND: ACCOUNTING', u'22', u'SEMESTER 2', u'D1', u'Durban Campus Full-time', u'A', u'40003104:SEETHARAM', 217.0]
check 'AUDT222_SEM2_2018' 'AUDT222'
adding  AUDT222
requesting:  http://10.0.100.98:8000/bbinfo/matching_courses/AUDT222%25
r= <Response [200]>
matching classes= set([u'AUDT222_15', u'AUDT222_SEM2_2017', u'AUDT222_SEM2_2016', u'AUDT222_14_GRED', u'AUDT222_13_GARH', u'AUDT222_2013', u'AUDT222_13_RAMA', u'AUDT222_SEM2_2018'])
[u'AUDT222_SEM2_2018', u'AUDT222_SEM2_2017', u'AUDT222', u'AUDITING II (MODULE 2)', u'NDACC3', u'ND: ACCOUNTING', u'22', u'SEMESTER 2', u'D3', u'Durban Campus Part-time', u'A', u'40003104:SEETHARAM', 15.0]
check 'AUDT222_SEM2_2018' 'AUDT222'
adding  AUDT222
requesting:  http://10.0.100.98:8000/bbinfo/matching_courses/AUDT222%25
r= <Response [200]>
matching classes= set([u'AUDT222_15', u'AUDT222_SEM2_2017', u'AUDT222_SEM2_2016', u'AUDT222_14_GRED', u'AUDT222_13_GARH', u'AUDT222_2013', u'AUDT222_13_RAMA', u'AUDT222_SEM2_2018'])
[u'AUDT222_SEM2_2018', u'AUDT222_SEM2_2017', u'AUDT222', u'AUDITING II (MODULE 2)', u'NDACF1', u'ND: ACCOUNTING (4 YEARS)', u'22', u'SEMESTER 2', u'D1', u'Durban Campus Full-time', u'A', u'40003104:SEETHARAM', 39.0]
check 'AUDT222_SEM2_2018' 'AUDT222'
adding  AUDT222
requesting:  http://10.0.100.98:8000/bbinfo/matching_courses/AUDT222%25
r= <Response [200]>
matching classes= set([u'AUDT222_15', u'AUDT222_SEM2_2017', u'AUDT222_SEM2_2016', u'AUDT222_14_GRED', u'AUDT222_13_GARH', u'AUDT222_2013', u'AUDT222_13_RAMA', u'AUDT222_SEM2_2018'])
[u'AUDT222_SEM2_2018', u'AUDT222_SEM2_2017', u'AUDT222', u'AUDITING II (MODULE 2)', u'NDCAF1', u'ND: COST & MANAGEMENT ACCT (4 YEARS)', u'22', u'SEMESTER 2', u'D1', u'Durban Campus Full-time', u'A', u'40003104:SEETHARAM', 2.0]
check 'AUDT222_SEM2_2018' 'AUDT222'
adding  AUDT222
requesting:  http://10.0.100.98:8000/bbinfo/matching_courses/AUDT222%25
r= <Response [200]>
matching classes= set([u'AUDT222_15', u'AUDT222_SEM2_2017', u'AUDT222_SEM2_2016', u'AUDT222_14_GRED', u'AUDT222_13_GARH', u'AUDT222_2013', u'AUDT222_13_RAMA', u'AUDT222_SEM2_2018'])
[u'AUDT222_SEM2_2018', u'AUDT222_SEM2_2017', u'AUDT222', u'AUDITING II (MODULE 2)', u'NDCAF2', u'ND: COST & MANAGEMENT ACCT (4 YEARS)', u'22', u'SEMESTER 2', u'D1', u'Durban Campus Full-time', u'A', u'40003104:SEETHARAM', 26.0]
check 'AUDT222_SEM2_2018' 'AUDT222'
adding  AUDT222
requesting:  http://10.0.100.98:8000/bbinfo/matching_courses/AUDT222%25
r= <Response [200]>
matching classes= set([u'AUDT222_15', u'AUDT222_SEM2_2017', u'AUDT222_SEM2_2016', u'AUDT222_14_GRED', u'AUDT222_13_GARH', u'AUDT222_2013', u'AUDT222_13_RAMA', u'AUDT222_SEM2_2018'])
[u'AUDT222_SEM2_2018', u'AUDT222_SEM2_2017', u'AUDT222', u'AUDITING II (MODULE 2)', u'NDCMA3', u'ND: COST AND MANAGEMENT ACCOUNTING', u'22', u'SEMESTER 2', u'D1', u'Durban Campus Full-time', u'A', u'40003104:SEETHARAM', 178.0]
check 'AUDT222_SEM2_2018' 'AUDT222'
adding  AUDT222
requesting:  http://10.0.100.98:8000/bbinfo/matching_courses/AUDT222%25
r= <Response [200]>
matching classes= set([u'AUDT222_15', u'AUDT222_SEM2_2017', u'AUDT222_SEM2_2016', u'AUDT222_14_GRED', u'AUDT222_13_GARH', u'AUDT222_2013', u'AUDT222_13_RAMA', u'AUDT222_SEM2_2018'])
[u'AUDT222_SEM2_2018', u'AUDT222_SEM2_2017', u'AUDT222', u'AUDITING II (MODULE 2)', u'NDCMA3', u'ND: COST AND MANAGEMENT ACCOUNTING', u'22', u'SEMESTER 2', u'D3', u'Durban Campus Part-time', u'A', u'40003104:SEETHARAM', 4.0]
check 'AUDT222_SEM2_2018' 'AUDT222'
adding  AUDT222
requesting:  http://10.0.100.98:8000/bbinfo/matching_courses/AUDT222%25
r= <Response [200]>
matching classes= set([u'AUDT222_15', u'AUDT222_SEM2_2017', u'AUDT222_SEM2_2016', u'AUDT222_14_GRED', u'AUDT222_13_GARH', u'AUDT222_2013', u'AUDT222_13_RAMA', u'AUDT222_SEM2_2018'])
[u'AUDT222_SEM2_2018', u'AUDT222_SEM2_2017', u'AUDT222', u'AUDITING II (MODULE 2)', u'NDTAX3', u'ND: TAXATION', u'22', u'SEMESTER 2', u'D1', u'Durban Campus Full-time', u'A', u'40003104:SEETHARAM', 62.0]
check 'AUDT222_SEM2_2018' 'AUDT222'
adding  AUDT222
requesting:  http://10.0.100.98:8000/bbinfo/matching_courses/AUDT222%25
r= <Response [200]>
matching classes= set([u'AUDT222_15', u'AUDT222_SEM2_2017', u'AUDT222_SEM2_2016', u'AUDT222_14_GRED', u'AUDT222_13_GARH', u'AUDT222_2013', u'AUDT222_13_RAMA', u'AUDT222_SEM2_2018'])
[u'AUDT222_SEM2_2018', u'AUDT222_SEM2_2017', u'AUDT222', u'AUDITING II (MODULE 2)', u'NDTXF1', u'ND: TAXATION (4YEARS)', u'22', u'SEMESTER 2', u'D1', u'Durban Campus Full-time', u'A', u'40003104:SEETHARAM', 12.0]
check 'AUDT222_SEM2_2018' 'AUDT222'
adding  AUDT222
requesting:  http://10.0.100.98:8000/bbinfo/matching_courses/AUDT222%25
r= <Response [200]>
matching classes= set([u'AUDT222_15', u'AUDT222_SEM2_2017', u'AUDT222_SEM2_2016', u'AUDT222_14_GRED', u'AUDT222_13_GARH', u'AUDT222_2013', u'AUDT222_13_RAMA', u'AUDT222_SEM2_2018'])
[u'AUDT222_SEM2_2018', u'AUDT222_SEM2_2017', u'AUDT222', u'AUDITING II (MODULE 2)', u'NODIP1', u'NON-DIPLOMA PURPOSE (ACCT & INFO)', u'22', u'SEMESTER 2', u'D8', u'DBN PART-TIME NON-SUBSIDISED', u'A', u'40003104:SEETHARAM', 1.0]
check 'AUDT222_SEM2_2018' 'AUDT222'
adding  AUDT222
requesting:  http://10.0.100.98:8000/bbinfo/matching_courses/AUDT222%25
r= <Response [200]>
matching classes= set([u'AUDT222_15', u'AUDT222_SEM2_2017', u'AUDT222_SEM2_2016', u'AUDT222_14_GRED', u'AUDT222_13_GARH', u'AUDT222_2013', u'AUDT222_13_RAMA', u'AUDT222_SEM2_2018'])
[u'', u'', u'', u'', u'', u'', u'', u'', u'', u'', u'', u'', u'']
check '' ''
[u'IAUD214_SEM1_2018', u'IAUD214_SEM1_2017', u'IAUD214', u'INTERNAL AUDITING II (MODULE 1)', u'NDFIS2', u'ND: FINANCIAL INFORMATION SYSTEMS', u'21', u'SEMESTER 1', u'D1', u'Durban Campus Full-time', u'A', u'50002491:RAMLALL', 52.0]
check 'IAUD214_SEM1_2018' 'IAUD214'
processXLS: only for SEM2 [u'IAUD214_SEM1_2018', u'IAUD214_SEM1_2017', u'IAUD214', u'INTERNAL AUDITING II (MODULE 1)', u'NDFIS2', u'ND: FINANCIAL INFORMATION SYSTEMS', u'21', u'SEMESTER 1', u'D1', u'Durban Campus Full-time', u'A', u'50002491:RAMLALL', 52.0]
[u'IAUD214_SEM1_2018', u'IAUD214_SEM1_2017', u'IAUD214', u'INTERNAL AUDITING II (MODULE 1)', u'NDIAF1', u'ND: INTERNAL AUDITING (4 YEARS)', u'21', u'SEMESTER 1', u'D1', u'Durban Campus Full-time', u'A', u'50002491:RAMLALL', 12.0]
check 'IAUD214_SEM1_2018' 'IAUD214'
processXLS: only for SEM2 [u'IAUD214_SEM1_2018', u'IAUD214_SEM1_2017', u'IAUD214', u'INTERNAL AUDITING II (MODULE 1)', u'NDIAF1', u'ND: INTERNAL AUDITING (4 YEARS)', u'21', u'SEMESTER 1', u'D1', u'Durban Campus Full-time', u'A', u'50002491:RAMLALL', 12.0]
[u'IAUD214_SEM1_2018', u'IAUD214_SEM1_2017', u'IAUD214', u'INTERNAL AUDITING II (MODULE 1)', u'NDIAU3', u'ND: INTERNAL AUDITING', u'21', u'SEMESTER 1', u'D1', u'Durban Campus Full-time', u'A', u'50002491:RAMLALL', 73.0]
check 'IAUD214_SEM1_2018' 'IAUD214'
processXLS: only for SEM2 [u'IAUD214_SEM1_2018', u'IAUD214_SEM1_2017', u'IAUD214', u'INTERNAL AUDITING II (MODULE 1)', u'NDIAU3', u'ND: INTERNAL AUDITING', u'21', u'SEMESTER 1', u'D1', u'Durban Campus Full-time', u'A', u'50002491:RAMLALL', 73.0]
[u'', u'', u'', u'', u'', u'', u'', u'', u'', u'', u'', u'', u'']
check '' ''
[u'IAUD224_SEM2_2018', u'IAUD224_SEM2_2017', u'IAUD224', u'INTERNAL AUDITING II (MODULE 2)', u'NDFIS2', u'ND: FINANCIAL INFORMATION SYSTEMS', u'22', u'SEMESTER 2', u'D1', u'Durban Campus Full-time', u'A', u'50012672:KHAN;50002491:RAMLALL', 42.0]
check 'IAUD224_SEM2_2018' 'IAUD224'
adding  IAUD224
requesting:  http://10.0.100.98:8000/bbinfo/matching_courses/IAUD224%25
r= <Response [200]>
matching classes= set([u'IAUD224_SEM2_2016', u'IAUD224_2013', u'IAUD224_13_MOOR', u'IAUD224_14_PURH', u'IAUD224_SEM2_2017', u'IAUD224_14_ESSA', u'IAUD224_SEM2_2018'])
[u'IAUD224_SEM2_2018', u'IAUD224_SEM2_2017', u'IAUD224', u'INTERNAL AUDITING II (MODULE 2)', u'NDIAF1', u'ND: INTERNAL AUDITING (4 YEARS)', u'22', u'SEMESTER 2', u'D1', u'Durban Campus Full-time', u'A', u'50012672:KHAN;50002491:RAMLALL', 11.0]
check 'IAUD224_SEM2_2018' 'IAUD224'
adding  IAUD224
requesting:  http://10.0.100.98:8000/bbinfo/matching_courses/IAUD224%25
r= <Response [200]>
matching classes= set([u'IAUD224_SEM2_2016', u'IAUD224_2013', u'IAUD224_13_MOOR', u'IAUD224_14_PURH', u'IAUD224_SEM2_2017', u'IAUD224_14_ESSA', u'IAUD224_SEM2_2018'])
[u'IAUD224_SEM2_2018', u'IAUD224_SEM2_2017', u'IAUD224', u'INTERNAL AUDITING II (MODULE 2)', u'NDIAU3', u'ND: INTERNAL AUDITING', u'22', u'SEMESTER 2', u'D1', u'Durban Campus Full-time', u'A', u'50012672:KHAN;50002491:RAMLALL', 75.0]
check 'IAUD224_SEM2_2018' 'IAUD224'
adding  IAUD224
requesting:  http://10.0.100.98:8000/bbinfo/matching_courses/IAUD224%25
r= <Response [200]>
matching classes= set([u'IAUD224_SEM2_2016', u'IAUD224_2013', u'IAUD224_13_MOOR', u'IAUD224_14_PURH', u'IAUD224_SEM2_2017', u'IAUD224_14_ESSA', u'IAUD224_SEM2_2018'])
[u'', u'', u'', u'', u'', u'', u'', u'', u'', u'', u'', u'', u'']
check '' ''
[u'TAXN211_SEM1_2018', u'TAXN211_SEM1_2017', u'TAXN211', u'TAXATION II (MODULE 1)', u'NDACC3', u'ND: ACCOUNTING', u'21', u'SEMESTER 1', u'D1', u'Durban Campus Full-time', u'A', u'50008994:HLOPHE;40010267:MUTANDA', 149.0]
check 'TAXN211_SEM1_2018' 'TAXN211'
processXLS: only for SEM2 [u'TAXN211_SEM1_2018', u'TAXN211_SEM1_2017', u'TAXN211', u'TAXATION II (MODULE 1)', u'NDACC3', u'ND: ACCOUNTING', u'21', u'SEMESTER 1', u'D1', u'Durban Campus Full-time', u'A', u'50008994:HLOPHE;40010267:MUTANDA', 149.0]
[u'TAXN211_SEM1_2018', u'TAXN211_SEM1_2017', u'TAXN211', u'TAXATION II (MODULE 1)', u'NDACC3', u'ND: ACCOUNTING', u'21', u'SEMESTER 1', u'D3', u'Durban Campus Part-time', u'A', u'50008994:HLOPHE;40010267:MUTANDA', 13.0]
check 'TAXN211_SEM1_2018' 'TAXN211'
processXLS: only for SEM2 [u'TAXN211_SEM1_2018', u'TAXN211_SEM1_2017', u'TAXN211', u'TAXATION II (MODULE 1)', u'NDACC3', u'ND: ACCOUNTING', u'21', u'SEMESTER 1', u'D3', u'Durban Campus Part-time', u'A', u'50008994:HLOPHE;40010267:MUTANDA', 13.0]
[u'TAXN211_SEM1_2018', u'TAXN211_SEM1_2017', u'TAXN211', u'TAXATION II (MODULE 1)', u'NDACF1', u'ND: ACCOUNTING (4 YEARS)', u'21', u'SEMESTER 1', u'D1', u'Durban Campus Full-time', u'A', u'50008994:HLOPHE;40010267:MUTANDA', 14.0]
check 'TAXN211_SEM1_2018' 'TAXN211'
processXLS: only for SEM2 [u'TAXN211_SEM1_2018', u'TAXN211_SEM1_2017', u'TAXN211', u'TAXATION II (MODULE 1)', u'NDACF1', u'ND: ACCOUNTING (4 YEARS)', u'21', u'SEMESTER 1', u'D1', u'Durban Campus Full-time', u'A', u'50008994:HLOPHE;40010267:MUTANDA', 14.0]
[u'TAXN211_SEM1_2018', u'TAXN211_SEM1_2017', u'TAXN211', u'TAXATION II (MODULE 1)', u'NDCAF1', u'ND: COST & MANAGEMENT ACCT (4 YEARS)', u'21', u'SEMESTER 1', u'D1', u'Durban Campus Full-time', u'A', u'50008994:HLOPHE;40010267:MUTANDA', 10.0]
check 'TAXN211_SEM1_2018' 'TAXN211'
processXLS: only for SEM2 [u'TAXN211_SEM1_2018', u'TAXN211_SEM1_2017', u'TAXN211', u'TAXATION II (MODULE 1)', u'NDCAF1', u'ND: COST & MANAGEMENT ACCT (4 YEARS)', u'21', u'SEMESTER 1', u'D1', u'Durban Campus Full-time', u'A', u'50008994:HLOPHE;40010267:MUTANDA', 10.0]
[u'TAXN211_SEM1_2018', u'TAXN211_SEM1_2017', u'TAXN211', u'TAXATION II (MODULE 1)', u'NDCAF2', u'ND: COST & MANAGEMENT ACCT (4 YEARS)', u'21', u'SEMESTER 1', u'D1', u'Durban Campus Full-time', u'A', u'50008994:HLOPHE;40010267:MUTANDA', 22.0]
check 'TAXN211_SEM1_2018' 'TAXN211'
processXLS: only for SEM2 [u'TAXN211_SEM1_2018', u'TAXN211_SEM1_2017', u'TAXN211', u'TAXATION II (MODULE 1)', u'NDCAF2', u'ND: COST & MANAGEMENT ACCT (4 YEARS)', u'21', u'SEMESTER 1', u'D1', u'Durban Campus Full-time', u'A', u'50008994:HLOPHE;40010267:MUTANDA', 22.0]
[u'TAXN211_SEM1_2018', u'TAXN211_SEM1_2017', u'TAXN211', u'TAXATION II (MODULE 1)', u'NDCMA3', u'ND: COST AND MANAGEMENT ACCOUNTING', u'21', u'SEMESTER 1', u'D1', u'Durban Campus Full-time', u'A', u'50008994:HLOPHE;40010267:MUTANDA', 141.0]
check 'TAXN211_SEM1_2018' 'TAXN211'
processXLS: only for SEM2 [u'TAXN211_SEM1_2018', u'TAXN211_SEM1_2017', u'TAXN211', u'TAXATION II (MODULE 1)', u'NDCMA3', u'ND: COST AND MANAGEMENT ACCOUNTING', u'21', u'SEMESTER 1', u'D1', u'Durban Campus Full-time', u'A', u'50008994:HLOPHE;40010267:MUTANDA', 141.0]
[u'TAXN211_SEM1_2018', u'TAXN211_SEM1_2017', u'TAXN211', u'TAXATION II (MODULE 1)', u'NDCMA3', u'ND: COST AND MANAGEMENT ACCOUNTING', u'21', u'SEMESTER 1', u'D3', u'Durban Campus Part-time', u'A', u'50008994:HLOPHE;40010267:MUTANDA', 3.0]
check 'TAXN211_SEM1_2018' 'TAXN211'
processXLS: only for SEM2 [u'TAXN211_SEM1_2018', u'TAXN211_SEM1_2017', u'TAXN211', u'TAXATION II (MODULE 1)', u'NDCMA3', u'ND: COST AND MANAGEMENT ACCOUNTING', u'21', u'SEMESTER 1', u'D3', u'Durban Campus Part-time', u'A', u'50008994:HLOPHE;40010267:MUTANDA', 3.0]
[u'TAXN211_SEM1_2018', u'TAXN211_SEM1_2017', u'TAXN211', u'TAXATION II (MODULE 1)', u'NDIAF1', u'ND: INTERNAL AUDITING (4 YEARS)', u'21', u'SEMESTER 1', u'D1', u'Durban Campus Full-time', u'A', u'50008994:HLOPHE;40010267:MUTANDA', 9.0]
check 'TAXN211_SEM1_2018' 'TAXN211'
processXLS: only for SEM2 [u'TAXN211_SEM1_2018', u'TAXN211_SEM1_2017', u'TAXN211', u'TAXATION II (MODULE 1)', u'NDIAF1', u'ND: INTERNAL AUDITING (4 YEARS)', u'21', u'SEMESTER 1', u'D1', u'Durban Campus Full-time', u'A', u'50008994:HLOPHE;40010267:MUTANDA', 9.0]
[u'TAXN211_SEM1_2018', u'TAXN211_SEM1_2017', u'TAXN211', u'TAXATION II (MODULE 1)', u'NDIAU3', u'ND: INTERNAL AUDITING', u'21', u'SEMESTER 1', u'D1', u'Durban Campus Full-time', u'A', u'50008994:HLOPHE;40010267:MUTANDA', 74.0]
check 'TAXN211_SEM1_2018' 'TAXN211'
processXLS: only for SEM2 [u'TAXN211_SEM1_2018', u'TAXN211_SEM1_2017', u'TAXN211', u'TAXATION II (MODULE 1)', u'NDIAU3', u'ND: INTERNAL AUDITING', u'21', u'SEMESTER 1', u'D1', u'Durban Campus Full-time', u'A', u'50008994:HLOPHE;40010267:MUTANDA', 74.0]
[u'TAXN211_SEM1_2018', u'TAXN211_SEM1_2017', u'TAXN211', u'TAXATION II (MODULE 1)', u'NDTAX3', u'ND: TAXATION', u'21', u'SEMESTER 1', u'D1', u'Durban Campus Full-time', u'A', u'50008994:HLOPHE;40010267:MUTANDA', 52.0]
check 'TAXN211_SEM1_2018' 'TAXN211'
processXLS: only for SEM2 [u'TAXN211_SEM1_2018', u'TAXN211_SEM1_2017', u'TAXN211', u'TAXATION II (MODULE 1)', u'NDTAX3', u'ND: TAXATION', u'21', u'SEMESTER 1', u'D1', u'Durban Campus Full-time', u'A', u'50008994:HLOPHE;40010267:MUTANDA', 52.0]
[u'TAXN211_SEM1_2018', u'TAXN211_SEM1_2017', u'TAXN211', u'TAXATION II (MODULE 1)', u'NDTXF1', u'ND: TAXATION (4YEARS)', u'21', u'SEMESTER 1', u'D1', u'Durban Campus Full-time', u'A', u'50008994:HLOPHE;40010267:MUTANDA', 12.0]
check 'TAXN211_SEM1_2018' 'TAXN211'
processXLS: only for SEM2 [u'TAXN211_SEM1_2018', u'TAXN211_SEM1_2017', u'TAXN211', u'TAXATION II (MODULE 1)', u'NDTXF1', u'ND: TAXATION (4YEARS)', u'21', u'SEMESTER 1', u'D1', u'Durban Campus Full-time', u'A', u'50008994:HLOPHE;40010267:MUTANDA', 12.0]
[u'TAXN211_SEM1_2018', u'TAXN211_SEM1_2017', u'TAXN211', u'TAXATION II (MODULE 1)', u'NODIP1', u'NON-DIPLOMA PURPOSE (ACCT & INFO)', u'21', u'SEMESTER 1', u'D7', u'DBN FULL-TIME NON-SUBSIDISED', u'A', u'50008994:HLOPHE;40010267:MUTANDA', 3.0]
check 'TAXN211_SEM1_2018' 'TAXN211'
processXLS: only for SEM2 [u'TAXN211_SEM1_2018', u'TAXN211_SEM1_2017', u'TAXN211', u'TAXATION II (MODULE 1)', u'NODIP1', u'NON-DIPLOMA PURPOSE (ACCT & INFO)', u'21', u'SEMESTER 1', u'D7', u'DBN FULL-TIME NON-SUBSIDISED', u'A', u'50008994:HLOPHE;40010267:MUTANDA', 3.0]
[u'', u'', u'', u'', u'', u'', u'', u'', u'', u'', u'', u'', u'']
check '' ''
[u'TAXN221_SEM2_2018', u'TAXN221_SEM2_2017', u'TAXN221', u'TAXATION II (MODULE 2)', u'NDACC3', u'ND: ACCOUNTING', u'22', u'SEMESTER 2', u'D1', u'Durban Campus Full-time', u'A', u'50008994:HLOPHE;40010267:MUTANDA', 146.0]
check 'TAXN221_SEM2_2018' 'TAXN221'
adding  TAXN221
requesting:  http://10.0.100.98:8000/bbinfo/matching_courses/TAXN221%25
r= <Response [200]>
matching classes= set([u'TAXN221_14_MUTM', u'TAXN221_14_RAMR', u'TAXN221_SEM2_2018', u'TAXN221_2013', u'TAXN221_13_MYEG', u'TAXN221_SEM2_2017', u'TAXN221_SEM2_2016'])
[u'TAXN221_SEM2_2018', u'TAXN221_SEM2_2017', u'TAXN221', u'TAXATION II (MODULE 2)', u'NDACC3', u'ND: ACCOUNTING', u'22', u'SEMESTER 2', u'D3', u'Durban Campus Part-time', u'A', u'50008994:HLOPHE;40010267:MUTANDA', 9.0]
check 'TAXN221_SEM2_2018' 'TAXN221'
adding  TAXN221
requesting:  http://10.0.100.98:8000/bbinfo/matching_courses/TAXN221%25
r= <Response [200]>
matching classes= set([u'TAXN221_14_MUTM', u'TAXN221_14_RAMR', u'TAXN221_SEM2_2018', u'TAXN221_2013', u'TAXN221_13_MYEG', u'TAXN221_SEM2_2017', u'TAXN221_SEM2_2016'])
[u'TAXN221_SEM2_2018', u'TAXN221_SEM2_2017', u'TAXN221', u'TAXATION II (MODULE 2)', u'NDACF1', u'ND: ACCOUNTING (4 YEARS)', u'22', u'SEMESTER 2', u'D1', u'Durban Campus Full-time', u'A', u'50008994:HLOPHE;40010267:MUTANDA', 14.0]
check 'TAXN221_SEM2_2018' 'TAXN221'
adding  TAXN221
requesting:  http://10.0.100.98:8000/bbinfo/matching_courses/TAXN221%25
r= <Response [200]>
matching classes= set([u'TAXN221_14_MUTM', u'TAXN221_14_RAMR', u'TAXN221_SEM2_2018', u'TAXN221_2013', u'TAXN221_13_MYEG', u'TAXN221_SEM2_2017', u'TAXN221_SEM2_2016'])
[u'TAXN221_SEM2_2018', u'TAXN221_SEM2_2017', u'TAXN221', u'TAXATION II (MODULE 2)', u'NDCAF1', u'ND: COST & MANAGEMENT ACCT (4 YEARS)', u'22', u'SEMESTER 2', u'D1', u'Durban Campus Full-time', u'A', u'50008994:HLOPHE;40010267:MUTANDA', 3.0]
check 'TAXN221_SEM2_2018' 'TAXN221'
adding  TAXN221
requesting:  http://10.0.100.98:8000/bbinfo/matching_courses/TAXN221%25
r= <Response [200]>
matching classes= set([u'TAXN221_14_MUTM', u'TAXN221_14_RAMR', u'TAXN221_SEM2_2018', u'TAXN221_2013', u'TAXN221_13_MYEG', u'TAXN221_SEM2_2017', u'TAXN221_SEM2_2016'])
[u'TAXN221_SEM2_2018', u'TAXN221_SEM2_2017', u'TAXN221', u'TAXATION II (MODULE 2)', u'NDCAF2', u'ND: COST & MANAGEMENT ACCT (4 YEARS)', u'22', u'SEMESTER 2', u'D1', u'Durban Campus Full-time', u'A', u'50008994:HLOPHE;40010267:MUTANDA', 22.0]
check 'TAXN221_SEM2_2018' 'TAXN221'
adding  TAXN221
requesting:  http://10.0.100.98:8000/bbinfo/matching_courses/TAXN221%25
r= <Response [200]>
matching classes= set([u'TAXN221_14_MUTM', u'TAXN221_14_RAMR', u'TAXN221_SEM2_2018', u'TAXN221_2013', u'TAXN221_13_MYEG', u'TAXN221_SEM2_2017', u'TAXN221_SEM2_2016'])
[u'TAXN221_SEM2_2018', u'TAXN221_SEM2_2017', u'TAXN221', u'TAXATION II (MODULE 2)', u'NDCMA3', u'ND: COST AND MANAGEMENT ACCOUNTING', u'22', u'SEMESTER 2', u'D1', u'Durban Campus Full-time', u'A', u'50008994:HLOPHE;40010267:MUTANDA', 152.0]
check 'TAXN221_SEM2_2018' 'TAXN221'
adding  TAXN221
requesting:  http://10.0.100.98:8000/bbinfo/matching_courses/TAXN221%25
r= <Response [200]>
matching classes= set([u'TAXN221_14_MUTM', u'TAXN221_14_RAMR', u'TAXN221_SEM2_2018', u'TAXN221_2013', u'TAXN221_13_MYEG', u'TAXN221_SEM2_2017', u'TAXN221_SEM2_2016'])
[u'TAXN221_SEM2_2018', u'TAXN221_SEM2_2017', u'TAXN221', u'TAXATION II (MODULE 2)', u'NDCMA3', u'ND: COST AND MANAGEMENT ACCOUNTING', u'22', u'SEMESTER 2', u'D3', u'Durban Campus Part-time', u'A', u'50008994:HLOPHE;40010267:MUTANDA', 5.0]
check 'TAXN221_SEM2_2018' 'TAXN221'
adding  TAXN221
requesting:  http://10.0.100.98:8000/bbinfo/matching_courses/TAXN221%25
r= <Response [200]>
matching classes= set([u'TAXN221_14_MUTM', u'TAXN221_14_RAMR', u'TAXN221_SEM2_2018', u'TAXN221_2013', u'TAXN221_13_MYEG', u'TAXN221_SEM2_2017', u'TAXN221_SEM2_2016'])
[u'TAXN221_SEM2_2018', u'TAXN221_SEM2_2017', u'TAXN221', u'TAXATION II (MODULE 2)', u'NDIAF1', u'ND: INTERNAL AUDITING (4 YEARS)', u'22', u'SEMESTER 2', u'D1', u'Durban Campus Full-time', u'A', u'50008994:HLOPHE;40010267:MUTANDA', 10.0]
check 'TAXN221_SEM2_2018' 'TAXN221'
adding  TAXN221
requesting:  http://10.0.100.98:8000/bbinfo/matching_courses/TAXN221%25
r= <Response [200]>
matching classes= set([u'TAXN221_14_MUTM', u'TAXN221_14_RAMR', u'TAXN221_SEM2_2018', u'TAXN221_2013', u'TAXN221_13_MYEG', u'TAXN221_SEM2_2017', u'TAXN221_SEM2_2016'])
[u'TAXN221_SEM2_2018', u'TAXN221_SEM2_2017', u'TAXN221', u'TAXATION II (MODULE 2)', u'NDIAU3', u'ND: INTERNAL AUDITING', u'22', u'SEMESTER 2', u'D1', u'Durban Campus Full-time', u'A', u'50008994:HLOPHE;40010267:MUTANDA', 73.0]
check 'TAXN221_SEM2_2018' 'TAXN221'
adding  TAXN221
requesting:  http://10.0.100.98:8000/bbinfo/matching_courses/TAXN221%25
r= <Response [200]>
matching classes= set([u'TAXN221_14_MUTM', u'TAXN221_14_RAMR', u'TAXN221_SEM2_2018', u'TAXN221_2013', u'TAXN221_13_MYEG', u'TAXN221_SEM2_2017', u'TAXN221_SEM2_2016'])
[u'TAXN221_SEM2_2018', u'TAXN221_SEM2_2017', u'TAXN221', u'TAXATION II (MODULE 2)', u'NDTAX3', u'ND: TAXATION', u'22', u'SEMESTER 2', u'D1', u'Durban Campus Full-time', u'A', u'50008994:HLOPHE;40010267:MUTANDA', 59.0]
check 'TAXN221_SEM2_2018' 'TAXN221'
adding  TAXN221
requesting:  http://10.0.100.98:8000/bbinfo/matching_courses/TAXN221%25
r= <Response [200]>
matching classes= set([u'TAXN221_14_MUTM', u'TAXN221_14_RAMR', u'TAXN221_SEM2_2018', u'TAXN221_2013', u'TAXN221_13_MYEG', u'TAXN221_SEM2_2017', u'TAXN221_SEM2_2016'])
[u'TAXN221_SEM2_2018', u'TAXN221_SEM2_2017', u'TAXN221', u'TAXATION II (MODULE 2)', u'NDTXF1', u'ND: TAXATION (4YEARS)', u'22', u'SEMESTER 2', u'D1', u'Durban Campus Full-time', u'A', u'50008994:HLOPHE;40010267:MUTANDA', 12.0]
check 'TAXN221_SEM2_2018' 'TAXN221'
adding  TAXN221
requesting:  http://10.0.100.98:8000/bbinfo/matching_courses/TAXN221%25
r= <Response [200]>
matching classes= set([u'TAXN221_14_MUTM', u'TAXN221_14_RAMR', u'TAXN221_SEM2_2018', u'TAXN221_2013', u'TAXN221_13_MYEG', u'TAXN221_SEM2_2017', u'TAXN221_SEM2_2016'])
[u'TAXN221_SEM2_2018', u'TAXN221_SEM2_2017', u'TAXN221', u'TAXATION II (MODULE 2)', u'NODIP1', u'NON-DIPLOMA PURPOSE (ACCT & INFO)', u'22', u'SEMESTER 2', u'D7', u'DBN FULL-TIME NON-SUBSIDISED', u'A', u'50008994:HLOPHE;40010267:MUTANDA', 3.0]
check 'TAXN221_SEM2_2018' 'TAXN221'
adding  TAXN221
requesting:  http://10.0.100.98:8000/bbinfo/matching_courses/TAXN221%25
r= <Response [200]>
matching classes= set([u'TAXN221_14_MUTM', u'TAXN221_14_RAMR', u'TAXN221_SEM2_2018', u'TAXN221_2013', u'TAXN221_13_MYEG', u'TAXN221_SEM2_2017', u'TAXN221_SEM2_2016'])
[u'', u'', u'', u'', u'', u'', u'', u'', u'', u'', u'', u'', u'']
check '' ''
[u'AUDT302_SEM2_2018', u'AUDT302_SEM2_2017', u'AUDT302', u'AUDITING III', u'NDACC3', u'ND: ACCOUNTING', u'22', u'SEMESTER 2', u'D1', u'Durban Campus Full-time', u'A', u'50002491:RAMLALL', 145.0]
check 'AUDT302_SEM2_2018' 'AUDT302'
adding  AUDT302
requesting:  http://10.0.100.98:8000/bbinfo/matching_courses/AUDT302%25
r= <Response [200]>
matching classes= set([u'AUDT302_13_GARH', u'AUDT302_2013', u'AUDT302_15_GRED', u'AUDT302_SEM2_2016', u'AUDT302_SEM2_2017', u'AUDT302_SEM2_2018'])
[u'AUDT302_SEM2_2018', u'AUDT302_SEM2_2017', u'AUDT302', u'AUDITING III', u'NDACC3', u'ND: ACCOUNTING', u'22', u'SEMESTER 2', u'D3', u'Durban Campus Part-time', u'A', u'50002491:RAMLALL', 15.0]
check 'AUDT302_SEM2_2018' 'AUDT302'
adding  AUDT302
requesting:  http://10.0.100.98:8000/bbinfo/matching_courses/AUDT302%25
r= <Response [200]>
matching classes= set([u'AUDT302_13_GARH', u'AUDT302_2013', u'AUDT302_15_GRED', u'AUDT302_SEM2_2016', u'AUDT302_SEM2_2017', u'AUDT302_SEM2_2018'])
[u'AUDT302_SEM2_2018', u'AUDT302_SEM2_2017', u'AUDT302', u'AUDITING III', u'NDACF1', u'ND: ACCOUNTING (4 YEARS)', u'22', u'SEMESTER 2', u'D1', u'Durban Campus Full-time', u'A', u'50002491:RAMLALL', 10.0]
check 'AUDT302_SEM2_2018' 'AUDT302'
adding  AUDT302
requesting:  http://10.0.100.98:8000/bbinfo/matching_courses/AUDT302%25
r= <Response [200]>
matching classes= set([u'AUDT302_13_GARH', u'AUDT302_2013', u'AUDT302_15_GRED', u'AUDT302_SEM2_2016', u'AUDT302_SEM2_2017', u'AUDT302_SEM2_2018'])
[u'', u'', u'', u'', u'', u'', u'', u'', u'', u'', u'', u'', u'']
check '' ''
[u'AUDT311_SEM1_2018', u'AUDT311_SEM1_2017', u'AUDT311', u'AUDITING III (MODULE 1)', u'NDTAX3', u'ND: TAXATION', u'21', u'SEMESTER 1', u'D1', u'Durban Campus Full-time', u'A', u'50002491:RAMLALL', 56.0]
check 'AUDT311_SEM1_2018' 'AUDT311'
processXLS: only for SEM2 [u'AUDT311_SEM1_2018', u'AUDT311_SEM1_2017', u'AUDT311', u'AUDITING III (MODULE 1)', u'NDTAX3', u'ND: TAXATION', u'21', u'SEMESTER 1', u'D1', u'Durban Campus Full-time', u'A', u'50002491:RAMLALL', 56.0]
[u'AUDT311_SEM1_2018', u'AUDT311_SEM1_2017', u'AUDT311', u'AUDITING III (MODULE 1)', u'NDTXF1', u'ND: TAXATION (4YEARS)', u'21', u'SEMESTER 1', u'D1', u'Durban Campus Full-time', u'A', u'50002491:RAMLALL', 9.0]
check 'AUDT311_SEM1_2018' 'AUDT311'
processXLS: only for SEM2 [u'AUDT311_SEM1_2018', u'AUDT311_SEM1_2017', u'AUDT311', u'AUDITING III (MODULE 1)', u'NDTXF1', u'ND: TAXATION (4YEARS)', u'21', u'SEMESTER 1', u'D1', u'Durban Campus Full-time', u'A', u'50002491:RAMLALL', 9.0]
[u'', u'', u'', u'', u'', u'', u'', u'', u'', u'', u'', u'', u'']
check '' ''
[u'AUDT321_SEM2_2018', u'AUDT321_SEM2_2017', u'AUDT321', u'AUDITING III (MODULE 2)', u'NDTAX3', u'ND: TAXATION', u'22', u'SEMESTER 2', u'D1', u'Durban Campus Full-time', u'A', u'40002829:BHAGWAN', 56.0]
check 'AUDT321_SEM2_2018' 'AUDT321'
adding  AUDT321
requesting:  http://10.0.100.98:8000/bbinfo/matching_courses/AUDT321%25
r= <Response [200]>
matching classes= set([u'AUDT321_SEM2_2018', u'AUDT321_SEM2_2017', u'AUDT321_SEM2_2016', u'AUDT321_13_THOC', u'AUDT321_14_BHAD', u'AUDT321_2013'])
[u'AUDT321_SEM2_2018', u'AUDT321_SEM2_2017', u'AUDT321', u'AUDITING III (MODULE 2)', u'NDTXF1', u'ND: TAXATION (4YEARS)', u'22', u'SEMESTER 2', u'D1', u'Durban Campus Full-time', u'A', u'40002829:BHAGWAN', 9.0]
check 'AUDT321_SEM2_2018' 'AUDT321'
adding  AUDT321
requesting:  http://10.0.100.98:8000/bbinfo/matching_courses/AUDT321%25
r= <Response [200]>
matching classes= set([u'AUDT321_SEM2_2018', u'AUDT321_SEM2_2017', u'AUDT321_SEM2_2016', u'AUDT321_13_THOC', u'AUDT321_14_BHAD', u'AUDT321_2013'])
[u'AUDT321_SEM2_2018', u'AUDT321_SEM2_2017', u'AUDT321', u'AUDITING III (MODULE 2)', u'NODIP1', u'NON-DIPLOMA PURPOSE (ACCT & INFO)', u'22', u'SEMESTER 2', u'D7', u'DBN FULL-TIME NON-SUBSIDISED', u'A', u'40002829:BHAGWAN', 9.0]
check 'AUDT321_SEM2_2018' 'AUDT321'
adding  AUDT321
requesting:  http://10.0.100.98:8000/bbinfo/matching_courses/AUDT321%25
r= <Response [200]>
matching classes= set([u'AUDT321_SEM2_2018', u'AUDT321_SEM2_2017', u'AUDT321_SEM2_2016', u'AUDT321_13_THOC', u'AUDT321_14_BHAD', u'AUDT321_2013'])
[u'', u'', u'', u'', u'', u'', u'', u'', u'', u'', u'', u'', u'']
check '' ''
[u'IAUD314_SEM1_2018', u'IAUD314_SEM1_2017', u'IAUD314', u'INTERNAL AUDITING III (MODULE 1)', u'NDFIS2', u'ND: FINANCIAL INFORMATION SYSTEMS', u'21', u'SEMESTER 1', u'D1', u'Durban Campus Full-time', u'A', u'40009131:MOODLEY;40002746:JALI', 20.0]
check 'IAUD314_SEM1_2018' 'IAUD314'
processXLS: only for SEM2 [u'IAUD314_SEM1_2018', u'IAUD314_SEM1_2017', u'IAUD314', u'INTERNAL AUDITING III (MODULE 1)', u'NDFIS2', u'ND: FINANCIAL INFORMATION SYSTEMS', u'21', u'SEMESTER 1', u'D1', u'Durban Campus Full-time', u'A', u'40009131:MOODLEY;40002746:JALI', 20.0]
[u'IAUD314_SEM1_2018', u'IAUD314_SEM1_2017', u'IAUD314', u'INTERNAL AUDITING III (MODULE 1)', u'NDIAF1', u'ND: INTERNAL AUDITING (4 YEARS)', u'21', u'SEMESTER 1', u'D1', u'Durban Campus Full-time', u'A', u'40009131:MOODLEY;40002746:JALI', 5.0]
check 'IAUD314_SEM1_2018' 'IAUD314'
processXLS: only for SEM2 [u'IAUD314_SEM1_2018', u'IAUD314_SEM1_2017', u'IAUD314', u'INTERNAL AUDITING III (MODULE 1)', u'NDIAF1', u'ND: INTERNAL AUDITING (4 YEARS)', u'21', u'SEMESTER 1', u'D1', u'Durban Campus Full-time', u'A', u'40009131:MOODLEY;40002746:JALI', 5.0]
[u'IAUD314_SEM1_2018', u'IAUD314_SEM1_2017', u'IAUD314', u'INTERNAL AUDITING III (MODULE 1)', u'NDIAU3', u'ND: INTERNAL AUDITING', u'21', u'SEMESTER 1', u'D1', u'Durban Campus Full-time', u'A', u'40009131:MOODLEY;40002746:JALI', 81.0]
check 'IAUD314_SEM1_2018' 'IAUD314'
processXLS: only for SEM2 [u'IAUD314_SEM1_2018', u'IAUD314_SEM1_2017', u'IAUD314', u'INTERNAL AUDITING III (MODULE 1)', u'NDIAU3', u'ND: INTERNAL AUDITING', u'21', u'SEMESTER 1', u'D1', u'Durban Campus Full-time', u'A', u'40009131:MOODLEY;40002746:JALI', 81.0]
[u'', u'', u'', u'', u'', u'', u'', u'', u'', u'', u'', u'', u'']
check '' ''
[u'IAUD324_SEM2_2018', u'IAUD324_SEM2_2017', u'IAUD324', u'INTERNAL AUDITING III (MODULE 2)', u'NDFIS2', u'ND: FINANCIAL INFORMATION SYSTEMS', u'22', u'SEMESTER 2', u'D1', u'Durban Campus Full-time', u'A', u'40009131:MOODLEY;40003104:SEETHARAM;40008814:SAYED ALLY', 21.0]
check 'IAUD324_SEM2_2018' 'IAUD324'
adding  IAUD324
requesting:  http://10.0.100.98:8000/bbinfo/matching_courses/IAUD324%25
r= <Response [200]>
matching classes= set([u'IAUD324_SEM2_2018', u'IAUD324_SEM2_2017', u'IAUD324_SEM2_2016', u'IAUD324_15_SAYF', u'IAUD324_13_THOC', u'IAUD324_14_ALLF', u'IAUD324_13_BHAD', u'IAUD324_2013'])
[u'IAUD324_SEM2_2018', u'IAUD324_SEM2_2017', u'IAUD324', u'INTERNAL AUDITING III (MODULE 2)', u'NDIAF1', u'ND: INTERNAL AUDITING (4 YEARS)', u'22', u'SEMESTER 2', u'D1', u'Durban Campus Full-time', u'A', u'40009131:MOODLEY;40003104:SEETHARAM;40008814:SAYED ALLY', 10.0]
check 'IAUD324_SEM2_2018' 'IAUD324'
adding  IAUD324
requesting:  http://10.0.100.98:8000/bbinfo/matching_courses/IAUD324%25
r= <Response [200]>
matching classes= set([u'IAUD324_SEM2_2018', u'IAUD324_SEM2_2017', u'IAUD324_SEM2_2016', u'IAUD324_15_SAYF', u'IAUD324_13_THOC', u'IAUD324_14_ALLF', u'IAUD324_13_BHAD', u'IAUD324_2013'])
[u'IAUD324_SEM2_2018', u'IAUD324_SEM2_2017', u'IAUD324', u'INTERNAL AUDITING III (MODULE 2)', u'NDIAU3', u'ND: INTERNAL AUDITING', u'22', u'SEMESTER 2', u'D1', u'Durban Campus Full-time', u'A', u'40009131:MOODLEY;40003104:SEETHARAM;40008814:SAYED ALLY', 97.0]
check 'IAUD324_SEM2_2018' 'IAUD324'
adding  IAUD324
requesting:  http://10.0.100.98:8000/bbinfo/matching_courses/IAUD324%25
r= <Response [200]>
matching classes= set([u'IAUD324_SEM2_2018', u'IAUD324_SEM2_2017', u'IAUD324_SEM2_2016', u'IAUD324_15_SAYF', u'IAUD324_13_THOC', u'IAUD324_14_ALLF', u'IAUD324_13_BHAD', u'IAUD324_2013'])
[u'IAUD324_SEM2_2018', u'IAUD324_SEM2_2017', u'IAUD324', u'INTERNAL AUDITING III (MODULE 2)', u'NODIP1', u'NON-DIPLOMA PURPOSE (ACCT & INFO)', u'22', u'SEMESTER 2', u'D7', u'DBN FULL-TIME NON-SUBSIDISED', u'A', u'40009131:MOODLEY;40003104:SEETHARAM;40008814:SAYED ALLY', 1.0]
check 'IAUD324_SEM2_2018' 'IAUD324'
adding  IAUD324
requesting:  http://10.0.100.98:8000/bbinfo/matching_courses/IAUD324%25
r= <Response [200]>
matching classes= set([u'IAUD324_SEM2_2018', u'IAUD324_SEM2_2017', u'IAUD324_SEM2_2016', u'IAUD324_15_SAYF', u'IAUD324_13_THOC', u'IAUD324_14_ALLF', u'IAUD324_13_BHAD', u'IAUD324_2013'])
[u'', u'', u'', u'', u'', u'', u'', u'', u'', u'', u'', u'', u'']
check '' ''
[u'TAXN312_SEM1_2018', u'TAXN312_SEM1_2017', u'TAXN312', u'TAXATION III (MODULE 1)', u'BTTAX2', u'BT: TAXATION', u'21', u'SEMESTER 1', u'D1', u'Durban Campus Full-time', u'A', u'40007392:MOODLEY', 61.0]
check 'TAXN312_SEM1_2018' 'TAXN312'
processXLS: only for SEM2 [u'TAXN312_SEM1_2018', u'TAXN312_SEM1_2017', u'TAXN312', u'TAXATION III (MODULE 1)', u'BTTAX2', u'BT: TAXATION', u'21', u'SEMESTER 1', u'D1', u'Durban Campus Full-time', u'A', u'40007392:MOODLEY', 61.0]
[u'TAXN312_SEM1_2018', u'TAXN312_SEM1_2017', u'TAXN312', u'TAXATION III (MODULE 1)', u'BTTAX2', u'BT: TAXATION', u'21', u'SEMESTER 1', u'D3', u'Durban Campus Part-time', u'A', u'40007392:MOODLEY', 13.0]
check 'TAXN312_SEM1_2018' 'TAXN312'
processXLS: only for SEM2 [u'TAXN312_SEM1_2018', u'TAXN312_SEM1_2017', u'TAXN312', u'TAXATION III (MODULE 1)', u'BTTAX2', u'BT: TAXATION', u'21', u'SEMESTER 1', u'D3', u'Durban Campus Part-time', u'A', u'40007392:MOODLEY', 13.0]
[u'', u'', u'', u'', u'', u'', u'', u'', u'', u'', u'', u'', u'']
check '' ''
[u'TAXN322_SEM2_2018', u'TAXN322_SEM2_2017', u'TAXN322', u'TAXATION III (MODULE 2)', u'BTTAX2', u'BT: TAXATION', u'22', u'SEMESTER 2', u'D1', u'Durban Campus Full-time', u'A', u'40004225:RAMFOL', 49.0]
check 'TAXN322_SEM2_2018' 'TAXN322'
adding  TAXN322
requesting:  http://10.0.100.98:8000/bbinfo/matching_courses/TAXN322%25
r= <Response [200]>
matching classes= set([u'TAXN322_13_MYEG', u'TAXN322_2013', u'TAXN322_14_RAMR', u'TAXN322_15_RAMR', u'TAXN322_SEM2_2017', u'TAXN322_SEM2_2016', u'TAXN322_SEM2_2018'])
[u'TAXN322_SEM2_2018', u'TAXN322_SEM2_2017', u'TAXN322', u'TAXATION III (MODULE 2)', u'BTTAX2', u'BT: TAXATION', u'22', u'SEMESTER 2', u'D3', u'Durban Campus Part-time', u'A', u'40004225:RAMFOL', 6.0]
check 'TAXN322_SEM2_2018' 'TAXN322'
adding  TAXN322
requesting:  http://10.0.100.98:8000/bbinfo/matching_courses/TAXN322%25
r= <Response [200]>
matching classes= set([u'TAXN322_13_MYEG', u'TAXN322_2013', u'TAXN322_14_RAMR', u'TAXN322_15_RAMR', u'TAXN322_SEM2_2017', u'TAXN322_SEM2_2016', u'TAXN322_SEM2_2018'])
[u'', u'', u'', u'', u'', u'', u'', u'', u'', u'', u'', u'', u'']
check '' ''
[u'TAXN332_SEM2_2018', u'TAXN332_SEM2_2017', u'TAXN332', u'TAXATION III (MODULE 3)', u'BTTAX2', u'BT: TAXATION', u'22', u'SEMESTER 2', u'D1', u'Durban Campus Full-time', u'A', u'40003373:RONALD', 50.0]
check 'TAXN332_SEM2_2018' 'TAXN332'
adding  TAXN332
requesting:  http://10.0.100.98:8000/bbinfo/matching_courses/TAXN332%25
r= <Response [200]>
matching classes= set([u'TAXN332_13_MYEG', u'TAXN332_SEM2_2018', u'TAXN332_2013', u'TAXN332_12_A', u'TAXN332_SEM2_2016', u'TAXN332_SEM2_2017'])
[u'TAXN332_SEM2_2018', u'TAXN332_SEM2_2017', u'TAXN332', u'TAXATION III (MODULE 3)', u'BTTAX2', u'BT: TAXATION', u'22', u'SEMESTER 2', u'D3', u'Durban Campus Part-time', u'A', u'40003373:RONALD', 5.0]
check 'TAXN332_SEM2_2018' 'TAXN332'
adding  TAXN332
requesting:  http://10.0.100.98:8000/bbinfo/matching_courses/TAXN332%25
r= <Response [200]>
matching classes= set([u'TAXN332_13_MYEG', u'TAXN332_SEM2_2018', u'TAXN332_2013', u'TAXN332_12_A', u'TAXN332_SEM2_2016', u'TAXN332_SEM2_2017'])
[u'', u'', u'', u'', u'', u'', u'', u'', u'', u'', u'', u'', u'']
check '' ''
[u'AUDT402_SEM1_2018', u'AUDT402_SEM1_2017', u'AUDT402', u'AUDITING IV', u'BTTAX2', u'BT: TAXATION', u'21', u'SEMESTER 1', u'D1', u'Durban Campus Full-time', u'A', u'40008814:SAYED ALLY', 42.0]
check 'AUDT402_SEM1_2018' 'AUDT402'
processXLS: only for SEM2 [u'AUDT402_SEM1_2018', u'AUDT402_SEM1_2017', u'AUDT402', u'AUDITING IV', u'BTTAX2', u'BT: TAXATION', u'21', u'SEMESTER 1', u'D1', u'Durban Campus Full-time', u'A', u'40008814:SAYED ALLY', 42.0]
[u'AUDT402_SEM1_2018', u'AUDT402_SEM1_2017', u'AUDT402', u'AUDITING IV', u'BTTAX2', u'BT: TAXATION', u'21', u'SEMESTER 1', u'D3', u'Durban Campus Part-time', u'A', u'40008814:SAYED ALLY', 13.0]
check 'AUDT402_SEM1_2018' 'AUDT402'
processXLS: only for SEM2 [u'AUDT402_SEM1_2018', u'AUDT402_SEM1_2017', u'AUDT402', u'AUDITING IV', u'BTTAX2', u'BT: TAXATION', u'21', u'SEMESTER 1', u'D3', u'Durban Campus Part-time', u'A', u'40008814:SAYED ALLY', 13.0]
[u'', u'', u'', u'', u'', u'', u'', u'', u'', u'', u'', u'', u'']
check '' ''
[u'IAUD411_SEM1_2018', u'IAUD411_SEM1_2017', u'IAUD411', u'INTERNAL AUDITING IV (MODULE 1)', u'BTIAU2', u'BT: INTERNAL AUDITING', u'21', u'SEMESTER 1', u'D1', u'Durban Campus Full-time', u'A', u'40003104:SEETHARAM', 64.0]
check 'IAUD411_SEM1_2018' 'IAUD411'
processXLS: only for SEM2 [u'IAUD411_SEM1_2018', u'IAUD411_SEM1_2017', u'IAUD411', u'INTERNAL AUDITING IV (MODULE 1)', u'BTIAU2', u'BT: INTERNAL AUDITING', u'21', u'SEMESTER 1', u'D1', u'Durban Campus Full-time', u'A', u'40003104:SEETHARAM', 64.0]
[u'', u'', u'', u'', u'', u'', u'', u'', u'', u'', u'', u'', u'']
check '' ''
[u'IAUD421_SEM2_2018', u'IAUD421_SEM2_2017', u'IAUD421', u'INTERNAL AUDITING IV (MODULE 2)', u'BTIAU2', u'BT: INTERNAL AUDITING', u'22', u'SEMESTER 2', u'D1', u'Durban Campus Full-time', u'A', u'40003104:SEETHARAM', 56.0]
check 'IAUD421_SEM2_2018' 'IAUD421'
adding  IAUD421
requesting:  http://10.0.100.98:8000/bbinfo/matching_courses/IAUD421%25
r= <Response [200]>
matching classes= set([u'IAUD421_SEM2_2018', u'IAUD421_2013', u'IAUD421_SEM2_2017', u'IAUD421_SEM2_2016', u'IAUD421_13_MOOV', u'IAUD421_13_SEEA'])
[u'', u'', u'', u'', u'', u'', u'', u'', u'', u'', u'', u'', u'']
check '' ''
[u'ISAU401_SEM2_2018', u'ISAU401_SEM2_2017', u'ISAU401', u'INFORMATION SYSTEMS AUDITING IV', u'BTIAU2', u'BT: INTERNAL AUDITING', u'22', u'SEMESTER 2', u'D1', u'Durban Campus Full-time', u'A', u'40002829:BHAGWAN;40009994:REDDY', 47.0]
check 'ISAU401_SEM2_2018' 'ISAU401'
adding  ISAU401
requesting:  http://10.0.100.98:8000/bbinfo/matching_courses/ISAU401%25
r= <Response [200]>
matching classes= set([u'ISAU401_2013', u'ISAU401_15_BHAD', u'ISAU401_SEM2_2018', u'ISAU401_13_REDD', u'ISAU401_SEM2_2016', u'ISAU401_SEM2_2017', u'ISAU401_14_REDD'])
[u'', u'', u'', u'', u'', u'', u'', u'', u'', u'', u'', u'', u'']
check '' ''
[u'SYPM421_SEM2_2018', u'SYPM421_SEM2_2017', u'SYPM421', u'SYSTEMS & PROJECT MANAGEMENT IV (MOD 2)', u'BTCMA2', u'BT: COST AND MANAGEMENT ACCOUNTING', u'22', u'SEMESTER 2', u'D1', u'Durban Campus Full-time', u'A', u'40009994:REDDY', 60.0]
check 'SYPM421_SEM2_2018' 'SYPM421'
adding  SYPM421
requesting:  http://10.0.100.98:8000/bbinfo/matching_courses/SYPM421%25
r= <Response [200]>
matching classes= set([u'SYPM421_13_KHUN', u'SYPM421_13_BHAD', u'SYPM421_2013', u'SYPM421_14_REDD', u'SYPM421_SEM2_2017', u'SYPM421_SEM2_2016', u'SYPM421_SEM2_2018'])
[u'SYPM421_SEM2_2018', u'SYPM421_SEM2_2017', u'SYPM421', u'SYSTEMS & PROJECT MANAGEMENT IV (MOD 2)', u'BTCMA2', u'BT: COST AND MANAGEMENT ACCOUNTING', u'22', u'SEMESTER 2', u'D3', u'Durban Campus Part-time', u'A', u'40009994:REDDY', 31.0]
check 'SYPM421_SEM2_2018' 'SYPM421'
adding  SYPM421
requesting:  http://10.0.100.98:8000/bbinfo/matching_courses/SYPM421%25
r= <Response [200]>
matching classes= set([u'SYPM421_13_KHUN', u'SYPM421_13_BHAD', u'SYPM421_2013', u'SYPM421_14_REDD', u'SYPM421_SEM2_2017', u'SYPM421_SEM2_2016', u'SYPM421_SEM2_2018'])
[u'', u'', u'', u'', u'', u'', u'', u'', u'', u'', u'', u'', u'']
check '' ''
[u'RDTX511_YEAR_2018', u'RDTX511_YEAR_2017', u'RDTX511', u'RESEARCH PROJECT AND DISSERTATION (1ST REG)', u'MSATX1', u'MASTER OF ACCOUNTING (TAXATION)', u'P0', u'POST-GRAD ANNUAL REGISTRATIONS', u'D1', u'Durban Campus Full-time', u'A', u'40009994:Reddy', 2.0]
check 'RDTX511_YEAR_2018' 'RDTX511'
processXLS: only for SEM2 [u'RDTX511_YEAR_2018', u'RDTX511_YEAR_2017', u'RDTX511', u'RESEARCH PROJECT AND DISSERTATION (1ST REG)', u'MSATX1', u'MASTER OF ACCOUNTING (TAXATION)', u'P0', u'POST-GRAD ANNUAL REGISTRATIONS', u'D1', u'Durban Campus Full-time', u'A', u'40009994:Reddy', 2.0]
[u'RDTX511_YEAR_2018', u'RDTX511_YEAR_2017', u'RDTX511', u'RESEARCH PROJECT AND DISSERTATION (1ST REG)', u'MSATX1', u'MASTER OF ACCOUNTING (TAXATION)', u'P0', u'POST-GRAD ANNUAL REGISTRATIONS', u'D3', u'Durban Campus Part-time', u'A', u'40009994:Reddy', 2.0]
check 'RDTX511_YEAR_2018' 'RDTX511'
processXLS: only for SEM2 [u'RDTX511_YEAR_2018', u'RDTX511_YEAR_2017', u'RDTX511', u'RESEARCH PROJECT AND DISSERTATION (1ST REG)', u'MSATX1', u'MASTER OF ACCOUNTING (TAXATION)', u'P0', u'POST-GRAD ANNUAL REGISTRATIONS', u'D3', u'Durban Campus Part-time', u'A', u'40009994:Reddy', 2.0]
[u'', u'', u'', u'', u'', u'', u'', u'', u'', u'', u'', u'', u'']
check '' ''
[u'RDTX521_YEAR_2018', u'RDTX521_YEAR_2017', u'RDTX521', u'RESEARCH PROJECT AND DISSERTATION (2ND REG)', u'MSATX1', u'MASTER OF ACCOUNTING (TAXATION)', u'P0', u'POST-GRAD ANNUAL REGISTRATIONS', u'D3', u'Durban Campus Part-time', u'A', u'40009994:Reddy', 2.0]
check 'RDTX521_YEAR_2018' 'RDTX521'
processXLS: only for SEM2 [u'RDTX521_YEAR_2018', u'RDTX521_YEAR_2017', u'RDTX521', u'RESEARCH PROJECT AND DISSERTATION (2ND REG)', u'MSATX1', u'MASTER OF ACCOUNTING (TAXATION)', u'P0', u'POST-GRAD ANNUAL REGISTRATIONS', u'D3', u'Durban Campus Part-time', u'A', u'40009994:Reddy', 2.0]
[u'', u'', u'', u'', u'', u'', u'', u'', u'', u'', u'', u'', u'']
check '' ''
[u'RDTX531_YEAR_2018', u'RDTX531_YEAR_2017', u'RDTX531', u'RESEARCH PROJECT AND DISSERTATION (3RD REG)', u'MSATX1', u'MASTER OF ACCOUNTING (TAXATION)', u'P0', u'POST-GRAD ANNUAL REGISTRATIONS', u'D1', u'Durban Campus Full-time', u'A', u'40009994:Reddy', 1.0]
check 'RDTX531_YEAR_2018' 'RDTX531'
processXLS: only for SEM2 [u'RDTX531_YEAR_2018', u'RDTX531_YEAR_2017', u'RDTX531', u'RESEARCH PROJECT AND DISSERTATION (3RD REG)', u'MSATX1', u'MASTER OF ACCOUNTING (TAXATION)', u'P0', u'POST-GRAD ANNUAL REGISTRATIONS', u'D1', u'Durban Campus Full-time', u'A', u'40009994:Reddy', 1.0]
[u'', u'', u'', u'', u'', u'', u'', u'', u'', u'', u'', u'', u'']
check '' ''
[u'RPTX501_YEAR_2018', u'RPTX501_YEAR_2017', u'RPTX501', u'RESEARCH PROJECT AND DISSERTATION (YR 1 : FUL', u'MSATX1', u'MASTER OF ACCOUNTING (TAXATION)', u'P0', u'POST-GRAD ANNUAL REGISTRATIONS', u'D1', u'Durban Campus Full-time', u'A', u'40004225:RAMFOL', 1.0]
check 'RPTX501_YEAR_2018' 'RPTX501'
processXLS: only for SEM2 [u'RPTX501_YEAR_2018', u'RPTX501_YEAR_2017', u'RPTX501', u'RESEARCH PROJECT AND DISSERTATION (YR 1 : FUL', u'MSATX1', u'MASTER OF ACCOUNTING (TAXATION)', u'P0', u'POST-GRAD ANNUAL REGISTRATIONS', u'D1', u'Durban Campus Full-time', u'A', u'40004225:RAMFOL', 1.0]
[u'RPTX501_YEAR_2018', u'RPTX501_YEAR_2017', u'RPTX501', u'RESEARCH PROJECT AND DISSERTATION (YR 1 : FUL', u'MSATX1', u'MASTER OF ACCOUNTING (TAXATION)', u'P0', u'POST-GRAD ANNUAL REGISTRATIONS', u'D3', u'Durban Campus Part-time', u'A', u'40004225:RAMFOL', 1.0]
check 'RPTX501_YEAR_2018' 'RPTX501'
processXLS: only for SEM2 [u'RPTX501_YEAR_2018', u'RPTX501_YEAR_2017', u'RPTX501', u'RESEARCH PROJECT AND DISSERTATION (YR 1 : FUL', u'MSATX1', u'MASTER OF ACCOUNTING (TAXATION)', u'P0', u'POST-GRAD ANNUAL REGISTRATIONS', u'D3', u'Durban Campus Part-time', u'A', u'40004225:RAMFOL', 1.0]
[u'', u'', u'', u'', u'', u'', u'', u'', u'', u'', u'', u'', u'']
check '' ''
[u'RPTX511_YEAR_2018', u'RPTX511_YEAR_2017', u'RPTX511', u'RESEARCH PROJECT AND DISSERTATION (1ST REGIST', u'MSATX1', u'MASTER OF ACCOUNTING (TAXATION)', u'P0', u'POST-GRAD ANNUAL REGISTRATIONS', u'D3', u'Durban Campus Part-time', u'A', u'40009994:Reddy', 1.0]
check 'RPTX511_YEAR_2018' 'RPTX511'
processXLS: only for SEM2 [u'RPTX511_YEAR_2018', u'RPTX511_YEAR_2017', u'RPTX511', u'RESEARCH PROJECT AND DISSERTATION (1ST REGIST', u'MSATX1', u'MASTER OF ACCOUNTING (TAXATION)', u'P0', u'POST-GRAD ANNUAL REGISTRATIONS', u'D3', u'Durban Campus Part-time', u'A', u'40009994:Reddy', 1.0]
[u'', u'', u'', u'', u'', u'', u'', u'', u'', u'', u'', u'', u'']
check '' ''
[u'RSIA511_YEAR_2018', u'RSIA511_YEAR_2017', u'RSIA511', u'RESEARCH (1ST REGISTRATION)', u'MSAIA1', u'MASTER OF ACCOUNTING (INTERNAL AUDITING)', u'P0', u'POST-GRAD ANNUAL REGISTRATIONS', u'D1', u'Durban Campus Full-time', u'A', u'40002829:BHAGWAN D N', 1.0]
check 'RSIA511_YEAR_2018' 'RSIA511'
processXLS: only for SEM2 [u'RSIA511_YEAR_2018', u'RSIA511_YEAR_2017', u'RSIA511', u'RESEARCH (1ST REGISTRATION)', u'MSAIA1', u'MASTER OF ACCOUNTING (INTERNAL AUDITING)', u'P0', u'POST-GRAD ANNUAL REGISTRATIONS', u'D1', u'Durban Campus Full-time', u'A', u'40002829:BHAGWAN D N', 1.0]
[u'===APPEND===', u'', u'', u'', u'', u'', u'', u'', u'', u'', u'', u'', u'']
check '===APPEND===' ''
[u'2017 NEW SUBJECTS  Blackboard Classrooms for Department: 3201 - AUDITING AND TAXATION', u'', u'', u'', u'', u'', u'', u'', u'', u'', u'', u'', u'']
check '2017 NEW SUBJECTS  Blackboard Classrooms for Department: 3201 - AUDITING AND TAXATION' ''
[u'', u'', u'', u'', u'', u'', u'', u'', u'', u'', u'', u'', u'']
check '' ''
[u'BB Classroom', u'Migrate Classroom', u'ITS Subject', u'', u'ITS Qualification', u'', u'Block', u'', u'Off Type', u'', u'Grp', u'Lecturer(s)', u'2016 Enrol']
check 'BB Classroom' 'ITS Subject'
[u'...', u'', u'', u'', u'', u'', u'', u'', u'', u'', u'', u'', u'']
check '...' ''
[u'New subjects for 2018', u'', u'', u'', u'', u'', u'', u'', u'', u'', u'', u'', u'']
check 'New subjects for 2018' ''
processXLS: finished processing workingSheets/data/BBC3201AuditingAndTaxation2017.xls
getWS: requesting:  http://10.0.100.98:8000/itsenrol/classlist/2018/22/TAXN322 rsp= <Response [200]>
getWS: requesting:  http://10.0.100.98:8000/bbinfo/classlist/TAXN322 rsp= <Response [200]>
getNewStudentsInSubject: ITS 48, BB 1 -> 48 new enrollments
getWS: requesting:  http://10.0.100.98:8000/itsenrol/classlist/2018/22/TAXN332 rsp= <Response [200]>
getWS: requesting:  http://10.0.100.98:8000/bbinfo/classlist/TAXN332 rsp= <Response [200]>
getNewStudentsInSubject: ITS 49, BB 1 -> 49 new enrollments
getWS: requesting:  http://10.0.100.98:8000/itsenrol/classlist/2018/22/AUDT222 rsp= <Response [200]>
getWS: requesting:  http://10.0.100.98:8000/bbinfo/classlist/AUDT222 rsp= <Response [200]>
getNewStudentsInSubject: ITS 492, BB 11 -> 483 new enrollments
getWS: requesting:  http://10.0.100.98:8000/itsenrol/classlist/2018/22/AUDT321 rsp= <Response [200]>
getWS: requesting:  http://10.0.100.98:8000/bbinfo/classlist/AUDT321 rsp= <Response [200]>
getNewStudentsInSubject: ITS 57, BB 1 -> 57 new enrollments
getWS: requesting:  http://10.0.100.98:8000/itsenrol/classlist/2018/22/AUDT212 rsp= <Response [200]>
getWS: requesting:  http://10.0.100.98:8000/bbinfo/classlist/AUDT212 rsp= <Response [200]>
getNewStudentsInSubject: ITS 0, BB 1129 -> 0 new enrollments
getWS: requesting:  http://10.0.100.98:8000/itsenrol/classlist/2018/22/SYPM421 rsp= <Response [200]>
getWS: requesting:  http://10.0.100.98:8000/bbinfo/classlist/SYPM421 rsp= <Response [200]>
getNewStudentsInSubject: ITS 59, BB 1 -> 59 new enrollments
getWS: requesting:  http://10.0.100.98:8000/itsenrol/classlist/2018/22/AUDT302 rsp= <Response [200]>
getWS: requesting:  http://10.0.100.98:8000/bbinfo/classlist/AUDT302 rsp= <Response [200]>
getNewStudentsInSubject: ITS 180, BB 3 -> 180 new enrollments
getWS: requesting:  http://10.0.100.98:8000/itsenrol/classlist/2018/22/IAUD224 rsp= <Response [200]>
getWS: requesting:  http://10.0.100.98:8000/bbinfo/classlist/IAUD224 rsp= <Response [200]>
getNewStudentsInSubject: ITS 98, BB 2 -> 98 new enrollments
getWS: requesting:  http://10.0.100.98:8000/itsenrol/classlist/2018/22/IAUD421 rsp= <Response [200]>
getWS: requesting:  http://10.0.100.98:8000/bbinfo/classlist/IAUD421 rsp= <Response [200]>
getNewStudentsInSubject: ITS 55, BB 1 -> 55 new enrollments
getWS: requesting:  http://10.0.100.98:8000/itsenrol/classlist/2018/22/IAUD324 rsp= <Response [200]>
getWS: requesting:  http://10.0.100.98:8000/bbinfo/classlist/IAUD324 rsp= <Response [200]>
getNewStudentsInSubject: ITS 78, BB 3 -> 78 new enrollments
getWS: requesting:  http://10.0.100.98:8000/itsenrol/classlist/2018/22/IAUD128 rsp= <Response [200]>
getWS: requesting:  http://10.0.100.98:8000/bbinfo/classlist/IAUD128 rsp= <Response [200]>
getNewStudentsInSubject: ITS 101, BB 2 -> 101 new enrollments
getWS: requesting:  http://10.0.100.98:8000/itsenrol/classlist/2018/22/ISAU401 rsp= <Response [200]>
getWS: requesting:  http://10.0.100.98:8000/bbinfo/classlist/ISAU401 rsp= <Response [200]>
getNewStudentsInSubject: ITS 50, BB 2 -> 50 new enrollments
getWS: requesting:  http://10.0.100.98:8000/itsenrol/classlist/2018/22/TAXN102 rsp= <Response [200]>
getWS: requesting:  http://10.0.100.98:8000/bbinfo/classlist/TAXN102 rsp= <Response [200]>
getNewStudentsInSubject: ITS 362, BB 918 -> 315 new enrollments
getWS: requesting:  http://10.0.100.98:8000/itsenrol/classlist/2018/22/TAXN221 rsp= <Response [200]>
getWS: requesting:  http://10.0.100.98:8000/bbinfo/classlist/TAXN221 rsp= <Response [200]>
getNewStudentsInSubject: ITS 424, BB 5 -> 421 new enrollments
main: Writing students...
main: Writing enrollments...
main: Finished processing workingSheets/data/BBC3201AuditingAndTaxation2017.xls
main: 14 subjects processed
main: 56 subject -> classroom maps
main: 1306 students
main: 1994 student enrollments 0 errors
0.49user 0.16system 0:06.22elapsed 10%CPU (0avgtext+0avgdata 71904maxresident)k
72inputs+528outputs (0major+8403minor)pagefaults 0swaps
POSTING SNAPSHOTS to SIS endpoint
TEST RUN, NOT POSTING BBSTUDENTS
TEST RUN, NOT POSTIN BBENROL
copy snapshot files to saved output
=== department done ===
syncing logs...
Pushing logs from logs/20180723111852 to remote...
sending incremental file list
./
BBC3201AuditingAndTaxation2017.BBENROL.txt
BBC3201AuditingAndTaxation2017.BBSTUDENTS.txt
BBC3201AuditingAndTaxation2017.Enrolomat.txt
BBC3201AuditingAndTaxation2017.Postlog.txt

sent 338635 bytes  received 91 bytes  32259.62 bytes/sec
total size is 742736  speedup is 2.19
logging to logs/20180723111852
=== generate newenrollments for BBC3202InformationCorporateMgmt2017. ===
GENERATE SNAPSHOTS...
./BBCIncrementalEnrollerX2.py : generating enrolment files for subjects in  workingSheets/data/BBC3202InformationCorporateMgmt2017.xls
processXLS: start spreadsheet workingSheets/data/BBC3202InformationCorporateMgmt2017.xls
[u'2018 Blackboard Classrooms for Department: 3202 - INFORMATION & CORPORATE MGMT', u'', u'', u'', u'', u'', u'', u'', u'', u'', u'', u'', u'']
check '2018 Blackboard Classrooms for Department: 3202 - INFORMATION & CORPORATE MGMT' ''
[u'', u'', u'', u'', u'', u'', u'', u'', u'', u'', u'', u'', u'']
check '' ''
[u'BB Classroom', u'Migrate Classroom', u'ITS Subject', u'', u'ITS Qualification', u'', u'Block', u'', u'Off Type', u'', u'Grp', u'Lecturer(s)', u'2016 Enrol']
check 'BB Classroom' 'ITS Subject'
[u'ACLT101_YEAR_2018', u'ACLT101_YEAR_2017', u'ACLT101', u'ACADEMIC LITERACY', u'NDLIF2', u'ND: LIBRARY & INFO STUDIES (4 YEARS)', u'11', u'YEAR', u'D1', u'Durban Campus Full-time', u'A', u'40002824:NGWANE', 13.0]
check 'ACLT101_YEAR_2018' 'ACLT101'
processXLS: only for SEM2 [u'ACLT101_YEAR_2018', u'ACLT101_YEAR_2017', u'ACLT101', u'ACADEMIC LITERACY', u'NDLIF2', u'ND: LIBRARY & INFO STUDIES (4 YEARS)', u'11', u'YEAR', u'D1', u'Durban Campus Full-time', u'A', u'40002824:NGWANE', 13.0]
[u'', u'', u'', u'', u'', u'', u'', u'', u'', u'', u'', u'', u'']
check '' ''
[u'', u'', u'', u'', u'', u'', u'', u'', u'', u'', u'', u'', u'']
check '' ''
[u'SKLD101_YEAR_2018', u'SKLD101_YEAR_2017', u'SKLD201', u'SKILLS DEVELOPMENT 2', u'NDOMF1', u'ND: OFFICE MANAGEMENT & TECH (4 YEARS)', u'11', u'YEAR', u'D1', u'Durban Campus Full-time', u'A', u'40000495:MBATHA', 31.0]
check 'SKLD101_YEAR_2018' 'SKLD201'
[u'ADIF201_YEAR_2018', u'ADIF201_YEAR_2017', u'BADM103', u'ADMINISTRATION AND INFORMATION MANAGEMENT 2', u'NDOMF1', u'ND: OFFICE MANAGEMENT & TECH (4 YEARS)', u'11', u'YEAR', u'D1', u'Durban Campus Full-time', u'A', u'40000495:MBATHA', 31.0]
check 'ADIF201_YEAR_2018' 'BADM103'
[u'', u'', u'', u'', u'', u'', u'', u'', u'', u'', u'', u'', u'']
check '' ''
[u'HSTD101_YEAR_2018', u'HSTD101_YEAR_2017', u'HSTD101', u'HUMAN STUDIES', u'NDLIF2', u'ND: LIBRARY & INFO STUDIES (4 YEARS)', u'11', u'YEAR', u'D1', u'Durban Campus Full-time', u'A', u'40007115:RAJAGOPAUL', 13.0]
check 'HSTD101_YEAR_2018' 'HSTD101'
processXLS: only for SEM2 [u'HSTD101_YEAR_2018', u'HSTD101_YEAR_2017', u'HSTD101', u'HUMAN STUDIES', u'NDLIF2', u'ND: LIBRARY & INFO STUDIES (4 YEARS)', u'11', u'YEAR', u'D1', u'Durban Campus Full-time', u'A', u'40007115:RAJAGOPAUL', 13.0]
[u'HSTD101_YEAR_2018', u'HSTD101_YEAR_2017', u'HSTD101', u'HUMAN STUDIES', u'NDLIS1', u'ND: LIBRARY AND INFORMATION STUDIES', u'11', u'YEAR', u'D1', u'Durban Campus Full-time', u'A', u'40007115:RAJAGOPAUL', 64.0]
check 'HSTD101_YEAR_2018' 'HSTD101'
processXLS: only for SEM2 [u'HSTD101_YEAR_2018', u'HSTD101_YEAR_2017', u'HSTD101', u'HUMAN STUDIES', u'NDLIS1', u'ND: LIBRARY AND INFORMATION STUDIES', u'11', u'YEAR', u'D1', u'Durban Campus Full-time', u'A', u'40007115:RAJAGOPAUL', 64.0]
[u'', u'', u'', u'', u'', u'', u'', u'', u'', u'', u'', u'', u'']
check '' ''
[u'', u'', u'', u'', u'', u'', u'', u'', u'', u'', u'', u'', u'']
check '' ''
[u'INFM101_YEAR_2018', u'INFM101_YEAR_2017', u'INFM101', u'INFORMATION MANAGEMENT', u'BTLIS1', u'BT: LIBRARY AND INFORMATION STUDIES', u'11', u'YEAR', u'D1', u'Durban Campus Full-time', u'A', u'40007115:RAJAGOPAUL', 17.0]
check 'INFM101_YEAR_2018' 'INFM101'
processXLS: only for SEM2 [u'INFM101_YEAR_2018', u'INFM101_YEAR_2017', u'INFM101', u'INFORMATION MANAGEMENT', u'BTLIS1', u'BT: LIBRARY AND INFORMATION STUDIES', u'11', u'YEAR', u'D1', u'Durban Campus Full-time', u'A', u'40007115:RAJAGOPAUL', 17.0]
[u'INFM101_YEAR_2018', u'INFM101_YEAR_2017', u'INFM101', u'INFORMATION MANAGEMENT', u'BTLIS1', u'BT: LIBRARY AND INFORMATION STUDIES', u'11', u'YEAR', u'D3', u'Durban Campus Part-time', u'A', u'40007115:RAJAGOPAUL', 17.0]
check 'INFM101_YEAR_2018' 'INFM101'
processXLS: only for SEM2 [u'INFM101_YEAR_2018', u'INFM101_YEAR_2017', u'INFM101', u'INFORMATION MANAGEMENT', u'BTLIS1', u'BT: LIBRARY AND INFORMATION STUDIES', u'11', u'YEAR', u'D3', u'Durban Campus Part-time', u'A', u'40007115:RAJAGOPAUL', 17.0]
[u'', u'', u'', u'', u'', u'', u'', u'', u'', u'', u'', u'', u'']
check '' ''
[u'IRET101_YEAR_2018', u'IRET101_YEAR_2017', u'IRET101', u'INFORMATION RETRIEVAL I', u'NDLIF2', u'ND: LIBRARY & INFO STUDIES (4 YEARS)', u'11', u'YEAR', u'D1', u'Durban Campus Full-time', u'A', u'40003244:RAKOMA', 16.0]
check 'IRET101_YEAR_2018' 'IRET101'
processXLS: only for SEM2 [u'IRET101_YEAR_2018', u'IRET101_YEAR_2017', u'IRET101', u'INFORMATION RETRIEVAL I', u'NDLIF2', u'ND: LIBRARY & INFO STUDIES (4 YEARS)', u'11', u'YEAR', u'D1', u'Durban Campus Full-time', u'A', u'40003244:RAKOMA', 16.0]
[u'IRET101_YEAR_2018', u'IRET101_YEAR_2017', u'IRET101', u'INFORMATION RETRIEVAL I', u'NDLIS1', u'ND: LIBRARY AND INFORMATION STUDIES', u'11', u'YEAR', u'D1', u'Durban Campus Full-time', u'A', u'40003244:RAKOMA', 70.0]
check 'IRET101_YEAR_2018' 'IRET101'
processXLS: only for SEM2 [u'IRET101_YEAR_2018', u'IRET101_YEAR_2017', u'IRET101', u'INFORMATION RETRIEVAL I', u'NDLIS1', u'ND: LIBRARY AND INFORMATION STUDIES', u'11', u'YEAR', u'D1', u'Durban Campus Full-time', u'A', u'40003244:RAKOMA', 70.0]
[u'', u'', u'', u'', u'', u'', u'', u'', u'', u'', u'', u'', u'']
check '' ''
[u'', u'', u'', u'', u'', u'', u'', u'', u'', u'', u'', u'', u'']
check '' ''
[u'LFPR102_YEAR_2018', u'LFPR102_YEAR_2017', u'LFPR102', u'LIBRARY AND INFORMATION PRACTICE I', u'NDLIF2', u'ND: LIBRARY & INFO STUDIES (4 YEARS)', u'11', u'YEAR', u'D1', u'Durban Campus Full-time', u'A', u'40011688:MOYANE', 13.0]
check 'LFPR102_YEAR_2018' 'LFPR102'
processXLS: only for SEM2 [u'LFPR102_YEAR_2018', u'LFPR102_YEAR_2017', u'LFPR102', u'LIBRARY AND INFORMATION PRACTICE I', u'NDLIF2', u'ND: LIBRARY & INFO STUDIES (4 YEARS)', u'11', u'YEAR', u'D1', u'Durban Campus Full-time', u'A', u'40011688:MOYANE', 13.0]
[u'LFPR102_YEAR_2018', u'LFPR102_YEAR_2017', u'LFPR102', u'LIBRARY AND INFORMATION PRACTICE I', u'NDLIS1', u'ND: LIBRARY AND INFORMATION STUDIES', u'11', u'YEAR', u'D1', u'Durban Campus Full-time', u'A', u'40011688:MOYANE', 65.0]
check 'LFPR102_YEAR_2018' 'LFPR102'
processXLS: only for SEM2 [u'LFPR102_YEAR_2018', u'LFPR102_YEAR_2017', u'LFPR102', u'LIBRARY AND INFORMATION PRACTICE I', u'NDLIS1', u'ND: LIBRARY AND INFORMATION STUDIES', u'11', u'YEAR', u'D1', u'Durban Campus Full-time', u'A', u'40011688:MOYANE', 65.0]
[u'', u'', u'', u'', u'', u'', u'', u'', u'', u'', u'', u'', u'']
check '' ''
[u'LITS101_YEAR_2018', u'LITS101_YEAR_2017', u'LITS101', u'LITERATURE STUDIES I', u'NDLIF2', u'ND: LIBRARY & INFO STUDIES (4 YEARS)', u'11', u'YEAR', u'D1', u'Durban Campus Full-time', u'A', u'40003244:RAKOMA', 2.0]
check 'LITS101_YEAR_2018' 'LITS101'
processXLS: only for SEM2 [u'LITS101_YEAR_2018', u'LITS101_YEAR_2017', u'LITS101', u'LITERATURE STUDIES I', u'NDLIF2', u'ND: LIBRARY & INFO STUDIES (4 YEARS)', u'11', u'YEAR', u'D1', u'Durban Campus Full-time', u'A', u'40003244:RAKOMA', 2.0]
[u'LITS101_YEAR_2018', u'LITS101_YEAR_2017', u'LITS101', u'LITERATURE STUDIES I', u'NDLIS1', u'ND: LIBRARY AND INFORMATION STUDIES', u'11', u'YEAR', u'D1', u'Durban Campus Full-time', u'A', u'40003244:RAKOMA', 60.0]
check 'LITS101_YEAR_2018' 'LITS101'
processXLS: only for SEM2 [u'LITS101_YEAR_2018', u'LITS101_YEAR_2017', u'LITS101', u'LITERATURE STUDIES I', u'NDLIS1', u'ND: LIBRARY AND INFORMATION STUDIES', u'11', u'YEAR', u'D1', u'Durban Campus Full-time', u'A', u'40003244:RAKOMA', 60.0]
[u'', u'', u'', u'', u'', u'', u'', u'', u'', u'', u'', u'', u'']
check '' ''
[u'LPRO102_YEAR_2018', u'LPRO102_YEAR_2017', u'LPRO102', u'LIBRARY PROMOTION I', u'NDLIF2', u'ND: LIBRARY & INFO STUDIES (4 YEARS)', u'11', u'YEAR', u'D1', u'Durban Campus Full-time', u'A', u'40002824:NGWANE', 4.0]
check 'LPRO102_YEAR_2018' 'LPRO102'
processXLS: only for SEM2 [u'LPRO102_YEAR_2018', u'LPRO102_YEAR_2017', u'LPRO102', u'LIBRARY PROMOTION I', u'NDLIF2', u'ND: LIBRARY & INFO STUDIES (4 YEARS)', u'11', u'YEAR', u'D1', u'Durban Campus Full-time', u'A', u'40002824:NGWANE', 4.0]
[u'LPRO102_YEAR_2018', u'LPRO102_YEAR_2017', u'LPRO102', u'LIBRARY PROMOTION I', u'NDLIS1', u'ND: LIBRARY AND INFORMATION STUDIES', u'11', u'YEAR', u'D1', u'Durban Campus Full-time', u'A', u'40002824:NGWANE', 70.0]
check 'LPRO102_YEAR_2018' 'LPRO102'
processXLS: only for SEM2 [u'LPRO102_YEAR_2018', u'LPRO102_YEAR_2017', u'LPRO102', u'LIBRARY PROMOTION I', u'NDLIS1', u'ND: LIBRARY AND INFORMATION STUDIES', u'11', u'YEAR', u'D1', u'Durban Campus Full-time', u'A', u'40002824:NGWANE', 70.0]
[u'', u'', u'', u'', u'', u'', u'', u'', u'', u'', u'', u'', u'']
check '' ''
[u'LTEC102_YEAR_2018', u'LTEC102_YEAR_2017', u'LTEC102', u'LIBRARY AND INFORMATION TECHNOLOGY I', u'NDLIF2', u'ND: LIBRARY & INFO STUDIES (4 YEARS)', u'11', u'YEAR', u'D1', u'Durban Campus Full-time', u'A', u'40000780:SENTOO', 18.0]
check 'LTEC102_YEAR_2018' 'LTEC102'
processXLS: only for SEM2 [u'LTEC102_YEAR_2018', u'LTEC102_YEAR_2017', u'LTEC102', u'LIBRARY AND INFORMATION TECHNOLOGY I', u'NDLIF2', u'ND: LIBRARY & INFO STUDIES (4 YEARS)', u'11', u'YEAR', u'D1', u'Durban Campus Full-time', u'A', u'40000780:SENTOO', 18.0]
[u'LTEC102_YEAR_2018', u'LTEC102_YEAR_2017', u'LTEC102', u'LIBRARY AND INFORMATION TECHNOLOGY I', u'NDLIS1', u'ND: LIBRARY AND INFORMATION STUDIES', u'11', u'YEAR', u'D1', u'Durban Campus Full-time', u'A', u'40000780:SENTOO', 82.0]
check 'LTEC102_YEAR_2018' 'LTEC102'
processXLS: only for SEM2 [u'LTEC102_YEAR_2018', u'LTEC102_YEAR_2017', u'LTEC102', u'LIBRARY AND INFORMATION TECHNOLOGY I', u'NDLIS1', u'ND: LIBRARY AND INFORMATION STUDIES', u'11', u'YEAR', u'D1', u'Durban Campus Full-time', u'A', u'40000780:SENTOO', 82.0]
[u'', u'', u'', u'', u'', u'', u'', u'', u'', u'', u'', u'', u'']
check '' ''
[u'OABA102_YEAR_2018', u'OABA102_YEAR_2017', u'OABA102', u'OFFICE ADMINISTRATION:BEHAVIOURAL ASPECTS', u'BTOMT1', u'BT: OFFICE MANAGEMENT AND TECHNOLOGY', u'11', u'YEAR', u'D1', u'Durban Campus Full-time', u'A', u'40000056:NAIDOO;', 61.0]
check 'OABA102_YEAR_2018' 'OABA102'
processXLS: only for SEM2 [u'OABA102_YEAR_2018', u'OABA102_YEAR_2017', u'OABA102', u'OFFICE ADMINISTRATION:BEHAVIOURAL ASPECTS', u'BTOMT1', u'BT: OFFICE MANAGEMENT AND TECHNOLOGY', u'11', u'YEAR', u'D1', u'Durban Campus Full-time', u'A', u'40000056:NAIDOO;', 61.0]
[u'OABA102_YEAR_2018', u'OABA102_YEAR_2017', u'OABA102', u'OFFICE ADMINISTRATION:BEHAVIOURAL ASPECTS', u'BTOMT1', u'BT: OFFICE MANAGEMENT AND TECHNOLOGY', u'11', u'YEAR', u'D3', u'Durban Campus Part-time', u'A', u'40000056:NAIDOO;', 14.0]
check 'OABA102_YEAR_2018' 'OABA102'
processXLS: only for SEM2 [u'OABA102_YEAR_2018', u'OABA102_YEAR_2017', u'OABA102', u'OFFICE ADMINISTRATION:BEHAVIOURAL ASPECTS', u'BTOMT1', u'BT: OFFICE MANAGEMENT AND TECHNOLOGY', u'11', u'YEAR', u'D3', u'Durban Campus Part-time', u'A', u'40000056:NAIDOO;', 14.0]
[u'', u'', u'', u'', u'', u'', u'', u'', u'', u'', u'', u'', u'']
check '' ''
[u'OMTP101_YEAR_2018', u'OMTP101_YEAR_2017', u'OMTP101', u'OFFICE MANAGEMENT AND TECHNOLOGY PRACTICE I', u'NDOMT2', u'ND: OFFICE MANAGEMENT AND TECHNOLOGY', u'11', u'YEAR', u'D1', u'Durban Campus Full-time', u'A', u'50002609:REDDY;40000505:NAIDOO', 144.0]
check 'OMTP101_YEAR_2018' 'OMTP101'
processXLS: only for SEM2 [u'OMTP101_YEAR_2018', u'OMTP101_YEAR_2017', u'OMTP101', u'OFFICE MANAGEMENT AND TECHNOLOGY PRACTICE I', u'NDOMT2', u'ND: OFFICE MANAGEMENT AND TECHNOLOGY', u'11', u'YEAR', u'D1', u'Durban Campus Full-time', u'A', u'50002609:REDDY;40000505:NAIDOO', 144.0]
[u'', u'', u'', u'', u'', u'', u'', u'', u'', u'', u'', u'', u'']
check '' ''
[u'OMTP101_SEM1_2018', u'OMTP101_SEM1_2017', u'OMTP101', u'OFFICE MANAGEMENT AND TECHNOLOGY PRACTICE I', u'NDOMT2', u'ND: OFFICE MANAGEMENT AND TECHNOLOGY', u'21', u'SEMESTER 1', u'D1', u'Durban Campus Full-time', u'A', u'50002609:REDDY;40000505:NAIDOO', 2.0]
check 'OMTP101_SEM1_2018' 'OMTP101'
processXLS: only for SEM2 [u'OMTP101_SEM1_2018', u'OMTP101_SEM1_2017', u'OMTP101', u'OFFICE MANAGEMENT AND TECHNOLOGY PRACTICE I', u'NDOMT2', u'ND: OFFICE MANAGEMENT AND TECHNOLOGY', u'21', u'SEMESTER 1', u'D1', u'Durban Campus Full-time', u'A', u'50002609:REDDY;40000505:NAIDOO', 2.0]
[u'', u'', u'', u'', u'', u'', u'', u'', u'', u'', u'', u'', u'']
check '' ''
[u'PCON101_YEAR_2018', u'PCON101_YEAR_2017', u'PCON101', u'PRESERVATION AND CONSERVATION', u'BTLIS1', u'BT: LIBRARY AND INFORMATION STUDIES', u'11', u'YEAR', u'D1', u'Durban Campus Full-time', u'A', u'40002824:NGWANE', 17.0]
check 'PCON101_YEAR_2018' 'PCON101'
processXLS: only for SEM2 [u'PCON101_YEAR_2018', u'PCON101_YEAR_2017', u'PCON101', u'PRESERVATION AND CONSERVATION', u'BTLIS1', u'BT: LIBRARY AND INFORMATION STUDIES', u'11', u'YEAR', u'D1', u'Durban Campus Full-time', u'A', u'40002824:NGWANE', 17.0]
[u'PCON101_YEAR_2018', u'PCON101_YEAR_2017', u'PCON101', u'PRESERVATION AND CONSERVATION', u'BTLIS1', u'BT: LIBRARY AND INFORMATION STUDIES', u'11', u'YEAR', u'D3', u'Durban Campus Part-time', u'A', u'40002824:NGWANE', 24.0]
check 'PCON101_YEAR_2018' 'PCON101'
processXLS: only for SEM2 [u'PCON101_YEAR_2018', u'PCON101_YEAR_2017', u'PCON101', u'PRESERVATION AND CONSERVATION', u'BTLIS1', u'BT: LIBRARY AND INFORMATION STUDIES', u'11', u'YEAR', u'D3', u'Durban Campus Part-time', u'A', u'40002824:NGWANE', 24.0]
[u'', u'', u'', u'', u'', u'', u'', u'', u'', u'', u'', u'', u'']
check '' ''
[u'PSYO101_YEAR_2018', u'PSYO101_YEAR_2017', u'PSYO101', u'PSYCHOLOGY IN ORGANISATIONS I', u'NDLIF2', u'ND: LIBRARY & INFO STUDIES (4 YEARS)', u'11', u'YEAR', u'D1', u'Durban Campus Full-time', u'A', u'40007115:RAJAGOPAUL', 1.0]
check 'PSYO101_YEAR_2018' 'PSYO101'
processXLS: only for SEM2 [u'PSYO101_YEAR_2018', u'PSYO101_YEAR_2017', u'PSYO101', u'PSYCHOLOGY IN ORGANISATIONS I', u'NDLIF2', u'ND: LIBRARY & INFO STUDIES (4 YEARS)', u'11', u'YEAR', u'D1', u'Durban Campus Full-time', u'A', u'40007115:RAJAGOPAUL', 1.0]
[u'PSYO101_YEAR_2018', u'PSYO101_YEAR_2017', u'PSYO101', u'PSYCHOLOGY IN ORGANISATIONS I', u'NDLIS1', u'ND: LIBRARY AND INFORMATION STUDIES', u'11', u'YEAR', u'D1', u'Durban Campus Full-time', u'A', u'40007115:RAJAGOPAUL', 72.0]
check 'PSYO101_YEAR_2018' 'PSYO101'
processXLS: only for SEM2 [u'PSYO101_YEAR_2018', u'PSYO101_YEAR_2017', u'PSYO101', u'PSYCHOLOGY IN ORGANISATIONS I', u'NDLIS1', u'ND: LIBRARY AND INFORMATION STUDIES', u'11', u'YEAR', u'D1', u'Durban Campus Full-time', u'A', u'40007115:RAJAGOPAUL', 72.0]
[u'', u'', u'', u'', u'', u'', u'', u'', u'', u'', u'', u'', u'']
check '' ''
[u'RMGD104_YEAR_2018', u'RMGD104_YEAR_2017', u'RMGD104', u'RESEARCH METHODOLOGY', u'BTLIS1', u'BT: LIBRARY AND INFORMATION STUDIES', u'11', u'YEAR', u'D1', u'Durban Campus Full-time', u'A', u'40002824:NGWANE', 18.0]
check 'RMGD104_YEAR_2018' 'RMGD104'
processXLS: only for SEM2 [u'RMGD104_YEAR_2018', u'RMGD104_YEAR_2017', u'RMGD104', u'RESEARCH METHODOLOGY', u'BTLIS1', u'BT: LIBRARY AND INFORMATION STUDIES', u'11', u'YEAR', u'D1', u'Durban Campus Full-time', u'A', u'40002824:NGWANE', 18.0]
[u'RMGD104_YEAR_2018', u'RMGD104_YEAR_2017', u'RMGD104', u'RESEARCH METHODOLOGY', u'BTLIS1', u'BT: LIBRARY AND INFORMATION STUDIES', u'11', u'YEAR', u'D3', u'Durban Campus Part-time', u'A', u'40002824:NGWANE', 8.0]
check 'RMGD104_YEAR_2018' 'RMGD104'
processXLS: only for SEM2 [u'RMGD104_YEAR_2018', u'RMGD104_YEAR_2017', u'RMGD104', u'RESEARCH METHODOLOGY', u'BTLIS1', u'BT: LIBRARY AND INFORMATION STUDIES', u'11', u'YEAR', u'D3', u'Durban Campus Part-time', u'A', u'40002824:NGWANE', 8.0]
[u'', u'', u'', u'', u'', u'', u'', u'', u'', u'', u'', u'', u'']
check '' ''
[u'RSCH101_YEAR_2018', u'RSCH101_YEAR_2017', u'RSCH101', u'RESEARCH METHODOLOGY', u'BTOMT1', u'BT: OFFICE MANAGEMENT AND TECHNOLOGY', u'11', u'YEAR', u'D1', u'Durban Campus Full-time', u'A', u'40002824:NGWANE', 65.0]
check 'RSCH101_YEAR_2018' 'RSCH101'
processXLS: only for SEM2 [u'RSCH101_YEAR_2018', u'RSCH101_YEAR_2017', u'RSCH101', u'RESEARCH METHODOLOGY', u'BTOMT1', u'BT: OFFICE MANAGEMENT AND TECHNOLOGY', u'11', u'YEAR', u'D1', u'Durban Campus Full-time', u'A', u'40002824:NGWANE', 65.0]
[u'RSCH101_YEAR_2018', u'RSCH101_YEAR_2017', u'RSCH101', u'RESEARCH METHODOLOGY', u'BTOMT1', u'BT: OFFICE MANAGEMENT AND TECHNOLOGY', u'11', u'YEAR', u'D3', u'Durban Campus Part-time', u'A', u'40002824:NGWANE', 12.0]
check 'RSCH101_YEAR_2018' 'RSCH101'
processXLS: only for SEM2 [u'RSCH101_YEAR_2018', u'RSCH101_YEAR_2017', u'RSCH101', u'RESEARCH METHODOLOGY', u'BTOMT1', u'BT: OFFICE MANAGEMENT AND TECHNOLOGY', u'11', u'YEAR', u'D3', u'Durban Campus Part-time', u'A', u'40002824:NGWANE', 12.0]
[u'', u'', u'', u'', u'', u'', u'', u'', u'', u'', u'', u'', u'']
check '' ''
[u'', u'', u'', u'', u'', u'', u'', u'', u'', u'', u'', u'', u'']
check '' ''
[u'BADM204_YEAR_2018', u'BADM204_YEAR_2017', u'BADM204', u'BUSINESS ADMINISTRATION II', u'NDOMT2', u'ND: OFFICE MANAGEMENT AND TECHNOLOGY', u'11', u'YEAR', u'D1', u'Durban Campus Full-time', u'A', u'50010731:RAMRAJ;50002335:NAIDOO;40002904:GUMEDE;40009771:MSOMI', 163.0]
check 'BADM204_YEAR_2018' 'BADM204'
processXLS: only for SEM2 [u'BADM204_YEAR_2018', u'BADM204_YEAR_2017', u'BADM204', u'BUSINESS ADMINISTRATION II', u'NDOMT2', u'ND: OFFICE MANAGEMENT AND TECHNOLOGY', u'11', u'YEAR', u'D1', u'Durban Campus Full-time', u'A', u'50010731:RAMRAJ;50002335:NAIDOO;40002904:GUMEDE;40009771:MSOMI', 163.0]
[u'', u'', u'', u'', u'', u'', u'', u'', u'', u'', u'', u'', u'']
check '' ''
[u'IADM201_YEAR_2018', u'IADM201_YEAR_2017', u'IADM201', u'INFORMATION ADMINISTRATION II', u'NDOMT2', u'ND: OFFICE MANAGEMENT AND TECHNOLOGY', u'11', u'YEAR', u'D1', u'Durban Campus Full-time', u'A', u'50002335:NAIDOO;40000038:MOODLEY:NGWANE', 163.0]
check 'IADM201_YEAR_2018' 'IADM201'
processXLS: only for SEM2 [u'IADM201_YEAR_2018', u'IADM201_YEAR_2017', u'IADM201', u'INFORMATION ADMINISTRATION II', u'NDOMT2', u'ND: OFFICE MANAGEMENT AND TECHNOLOGY', u'11', u'YEAR', u'D1', u'Durban Campus Full-time', u'A', u'50002335:NAIDOO;40000038:MOODLEY:NGWANE', 163.0]
[u'', u'', u'', u'', u'', u'', u'', u'', u'', u'', u'', u'', u'']
check '' ''
[u'IRET201_YEAR_2018', u'IRET201_YEAR_2017', u'IRET201', u'INFORMATION RETRIEVAL II', u'NDLIF2', u'ND: LIBRARY & INFO STUDIES (4 YEARS)', u'11', u'YEAR', u'D1', u'Durban Campus Full-time', u'A', u'40007115:RAJAGOPAUL', 1.0]
check 'IRET201_YEAR_2018' 'IRET201'
processXLS: only for SEM2 [u'IRET201_YEAR_2018', u'IRET201_YEAR_2017', u'IRET201', u'INFORMATION RETRIEVAL II', u'NDLIF2', u'ND: LIBRARY & INFO STUDIES (4 YEARS)', u'11', u'YEAR', u'D1', u'Durban Campus Full-time', u'A', u'40007115:RAJAGOPAUL', 1.0]
[u'IRET201_YEAR_2018', u'IRET201_YEAR_2017', u'IRET201', u'INFORMATION RETRIEVAL II', u'NDLIS1', u'ND: LIBRARY AND INFORMATION STUDIES', u'11', u'YEAR', u'D1', u'Durban Campus Full-time', u'A', u'40007115:RAJAGOPAUL', 60.0]
check 'IRET201_YEAR_2018' 'IRET201'
processXLS: only for SEM2 [u'IRET201_YEAR_2018', u'IRET201_YEAR_2017', u'IRET201', u'INFORMATION RETRIEVAL II', u'NDLIS1', u'ND: LIBRARY AND INFORMATION STUDIES', u'11', u'YEAR', u'D1', u'Durban Campus Full-time', u'A', u'40007115:RAJAGOPAUL', 60.0]
[u'', u'', u'', u'', u'', u'', u'', u'', u'', u'', u'', u'', u'']
check '' ''
[u'LFPR203_YEAR_2018', u'LFPR203_YEAR_2017', u'LFPR203', u'LIBRARY AND INFORMATION PRACTICE II', u'NDLIF2', u'ND: LIBRARY & INFO STUDIES (4 YEARS)', u'11', u'YEAR', u'D1', u'Durban Campus Full-time', u'A', u'40003420:KHOMO', 1.0]
check 'LFPR203_YEAR_2018' 'LFPR203'
processXLS: only for SEM2 [u'LFPR203_YEAR_2018', u'LFPR203_YEAR_2017', u'LFPR203', u'LIBRARY AND INFORMATION PRACTICE II', u'NDLIF2', u'ND: LIBRARY & INFO STUDIES (4 YEARS)', u'11', u'YEAR', u'D1', u'Durban Campus Full-time', u'A', u'40003420:KHOMO', 1.0]
[u'LFPR203_YEAR_2018', u'LFPR203_YEAR_2017', u'LFPR203', u'LIBRARY AND INFORMATION PRACTICE II', u'NDLIS1', u'ND: LIBRARY AND INFORMATION STUDIES', u'11', u'YEAR', u'D1', u'Durban Campus Full-time', u'A', u'40003420:KHOMO', 63.0]
check 'LFPR203_YEAR_2018' 'LFPR203'
processXLS: only for SEM2 [u'LFPR203_YEAR_2018', u'LFPR203_YEAR_2017', u'LFPR203', u'LIBRARY AND INFORMATION PRACTICE II', u'NDLIS1', u'ND: LIBRARY AND INFORMATION STUDIES', u'11', u'YEAR', u'D1', u'Durban Campus Full-time', u'A', u'40003420:KHOMO', 63.0]
[u'', u'', u'', u'', u'', u'', u'', u'', u'', u'', u'', u'', u'']
check '' ''
[u'LTEC202_YEAR_2018', u'LTEC202_YEAR_2017', u'LTEC202', u'LIBRARY AND INFORMATION TECHNOLOGY II', u'NDLIF2', u'ND: LIBRARY & INFO STUDIES (4 YEARS)', u'11', u'YEAR', u'D1', u'Durban Campus Full-time', u'A', u'40011688:MOYANE', 2.0]
check 'LTEC202_YEAR_2018' 'LTEC202'
processXLS: only for SEM2 [u'LTEC202_YEAR_2018', u'LTEC202_YEAR_2017', u'LTEC202', u'LIBRARY AND INFORMATION TECHNOLOGY II', u'NDLIF2', u'ND: LIBRARY & INFO STUDIES (4 YEARS)', u'11', u'YEAR', u'D1', u'Durban Campus Full-time', u'A', u'40011688:MOYANE', 2.0]
[u'LTEC202_YEAR_2018', u'LTEC202_YEAR_2017', u'LTEC202', u'LIBRARY AND INFORMATION TECHNOLOGY II', u'NDLIS1', u'ND: LIBRARY AND INFORMATION STUDIES', u'11', u'YEAR', u'D1', u'Durban Campus Full-time', u'A', u'40011688:MOYANE', 57.0]
check 'LTEC202_YEAR_2018' 'LTEC202'
processXLS: only for SEM2 [u'LTEC202_YEAR_2018', u'LTEC202_YEAR_2017', u'LTEC202', u'LIBRARY AND INFORMATION TECHNOLOGY II', u'NDLIS1', u'ND: LIBRARY AND INFORMATION STUDIES', u'11', u'YEAR', u'D1', u'Durban Campus Full-time', u'A', u'40011688:MOYANE', 57.0]
[u'', u'', u'', u'', u'', u'', u'', u'', u'', u'', u'', u'', u'']
check '' ''
[u'BADM303_YEAR_2018', u'BADM303_YEAR_2017', u'BADM303', u'BUSINESS ADMINISTRATION III', u'NDOMT2', u'ND: OFFICE MANAGEMENT AND TECHNOLOGY', u'11', u'YEAR', u'D1', u'Durban Campus Full-time', u'A', u'40000546:NDABA;40000505:NAIDOO', 131.0]
check 'BADM303_YEAR_2018' 'BADM303'
processXLS: only for SEM2 [u'BADM303_YEAR_2018', u'BADM303_YEAR_2017', u'BADM303', u'BUSINESS ADMINISTRATION III', u'NDOMT2', u'ND: OFFICE MANAGEMENT AND TECHNOLOGY', u'11', u'YEAR', u'D1', u'Durban Campus Full-time', u'A', u'40000546:NDABA;40000505:NAIDOO', 131.0]
[u'', u'', u'', u'', u'', u'', u'', u'', u'', u'', u'', u'', u'']
check '' ''
[u'IADM301_YEAR_2018', u'IADM301_YEAR_2017', u'IADM301', u'INFORMATION ADMINISTRATION III', u'NDOMT2', u'ND: OFFICE MANAGEMENT AND TECHNOLOGY', u'11', u'YEAR', u'D1', u'Durban Campus Full-time', u'A', u'50010731:RAMRAJ;50002335:NAIDOO;40002824:NGWANE;50010934:DONGWE', 131.0]
check 'IADM301_YEAR_2018' 'IADM301'
processXLS: only for SEM2 [u'IADM301_YEAR_2018', u'IADM301_YEAR_2017', u'IADM301', u'INFORMATION ADMINISTRATION III', u'NDOMT2', u'ND: OFFICE MANAGEMENT AND TECHNOLOGY', u'11', u'YEAR', u'D1', u'Durban Campus Full-time', u'A', u'50010731:RAMRAJ;50002335:NAIDOO;40002824:NGWANE;50010934:DONGWE', 131.0]
[u'', u'', u'', u'', u'', u'', u'', u'', u'', u'', u'', u'', u'']
check '' ''
[u'IRET301_YEAR_2018', u'IRET301_YEAR_2017', u'IRET301', u'INFORMATION RETRIEVAL III', u'NDLIS1', u'ND: LIBRARY AND INFORMATION STUDIES', u'11', u'YEAR', u'D1', u'Durban Campus Full-time', u'A', u'40003420:KHOMO', 70.0]
check 'IRET301_YEAR_2018' 'IRET301'
processXLS: only for SEM2 [u'IRET301_YEAR_2018', u'IRET301_YEAR_2017', u'IRET301', u'INFORMATION RETRIEVAL III', u'NDLIS1', u'ND: LIBRARY AND INFORMATION STUDIES', u'11', u'YEAR', u'D1', u'Durban Campus Full-time', u'A', u'40003420:KHOMO', 70.0]
[u'', u'', u'', u'', u'', u'', u'', u'', u'', u'', u'', u'', u'']
check '' ''
[u'LFPR302_YEAR_2018', u'LFPR302_YEAR_2017', u'LFPR302', u'LIBRARY AND INFORMATION PRACTICE III', u'NDLIS1', u'ND: LIBRARY AND INFORMATION STUDIES', u'11', u'YEAR', u'D1', u'Durban Campus Full-time', u'A', u'40003420:KHOMO', 72.0]
check 'LFPR302_YEAR_2018' 'LFPR302'
processXLS: only for SEM2 [u'LFPR302_YEAR_2018', u'LFPR302_YEAR_2017', u'LFPR302', u'LIBRARY AND INFORMATION PRACTICE III', u'NDLIS1', u'ND: LIBRARY AND INFORMATION STUDIES', u'11', u'YEAR', u'D1', u'Durban Campus Full-time', u'A', u'40003420:KHOMO', 72.0]
[u'', u'', u'', u'', u'', u'', u'', u'', u'', u'', u'', u'', u'']
check '' ''
[u'LIPP301_YEAR_2018', u'LIPP301_YEAR_2017', u'LIPP301', u'LIBRARY & INFO PROFESSIONAL PRACTICE III', u'NDLIS1', u'ND: LIBRARY AND INFORMATION STUDIES', u'11', u'YEAR', u'D1', u'Durban Campus Full-time', u'A', u'40003244:RAKOMA', 68.0]
check 'LIPP301_YEAR_2018' 'LIPP301'
processXLS: only for SEM2 [u'LIPP301_YEAR_2018', u'LIPP301_YEAR_2017', u'LIPP301', u'LIBRARY & INFO PROFESSIONAL PRACTICE III', u'NDLIS1', u'ND: LIBRARY AND INFORMATION STUDIES', u'11', u'YEAR', u'D1', u'Durban Campus Full-time', u'A', u'40003244:RAKOMA', 68.0]
[u'', u'', u'', u'', u'', u'', u'', u'', u'', u'', u'', u'', u'']
check '' ''
[u'LTEC302_YEAR_2018', u'LTEC302_YEAR_2017', u'LTEC302', u'LIBRARY AND INFORMATION TECHNOLOGY III', u'NDLIS1', u'ND: LIBRARY AND INFORMATION STUDIES', u'11', u'YEAR', u'D1', u'Durban Campus Full-time', u'A', u'40002824:NGWANE', 70.0]
check 'LTEC302_YEAR_2018' 'LTEC302'
processXLS: only for SEM2 [u'LTEC302_YEAR_2018', u'LTEC302_YEAR_2017', u'LTEC302', u'LIBRARY AND INFORMATION TECHNOLOGY III', u'NDLIS1', u'ND: LIBRARY AND INFORMATION STUDIES', u'11', u'YEAR', u'D1', u'Durban Campus Full-time', u'A', u'40002824:NGWANE', 70.0]
[u'', u'', u'', u'', u'', u'', u'', u'', u'', u'', u'', u'', u'']
check '' ''
[u'BADM402_YEAR_2018', u'BADM402_YEAR_2017', u'BADM402', u'BUSINESS ADMINISTRATION IV', u'BTOMT1', u'BT: OFFICE MANAGEMENT AND TECHNOLOGY', u'11', u'YEAR', u'D1', u'Durban Campus Full-time', u'A', u'40002824:NGWANE', 64.0]
check 'BADM402_YEAR_2018' 'BADM402'
processXLS: only for SEM2 [u'BADM402_YEAR_2018', u'BADM402_YEAR_2017', u'BADM402', u'BUSINESS ADMINISTRATION IV', u'BTOMT1', u'BT: OFFICE MANAGEMENT AND TECHNOLOGY', u'11', u'YEAR', u'D1', u'Durban Campus Full-time', u'A', u'40002824:NGWANE', 64.0]
[u'BADM402_YEAR_2018', u'BADM402_YEAR_2017', u'BADM402', u'BUSINESS ADMINISTRATION IV', u'BTOMT1', u'BT: OFFICE MANAGEMENT AND TECHNOLOGY', u'11', u'YEAR', u'D3', u'Durban Campus Part-time', u'A', u'40002824:NGWANE', 12.0]
check 'BADM402_YEAR_2018' 'BADM402'
processXLS: only for SEM2 [u'BADM402_YEAR_2018', u'BADM402_YEAR_2017', u'BADM402', u'BUSINESS ADMINISTRATION IV', u'BTOMT1', u'BT: OFFICE MANAGEMENT AND TECHNOLOGY', u'11', u'YEAR', u'D3', u'Durban Campus Part-time', u'A', u'40002824:NGWANE', 12.0]
[u'', u'', u'', u'', u'', u'', u'', u'', u'', u'', u'', u'', u'']
check '' ''
[u'IADM401_YEAR_2018', u'IADM401_YEAR_2017', u'IADM401', u'INFORMATION ADMINISTRATION IV', u'BTOMT1', u'BT: OFFICE MANAGEMENT AND TECHNOLOGY', u'11', u'YEAR', u'D1', u'Durban Campus Full-time', u'A', u'40000286: PADIACHEE', 61.0]
check 'IADM401_YEAR_2018' 'IADM401'
processXLS: only for SEM2 [u'IADM401_YEAR_2018', u'IADM401_YEAR_2017', u'IADM401', u'INFORMATION ADMINISTRATION IV', u'BTOMT1', u'BT: OFFICE MANAGEMENT AND TECHNOLOGY', u'11', u'YEAR', u'D1', u'Durban Campus Full-time', u'A', u'40000286: PADIACHEE', 61.0]
[u'IADM401_YEAR_2018', u'IADM401_YEAR_2017', u'IADM401', u'INFORMATION ADMINISTRATION IV', u'BTOMT1', u'BT: OFFICE MANAGEMENT AND TECHNOLOGY', u'11', u'YEAR', u'D3', u'Durban Campus Part-time', u'A', u'40000286: PADIACHEE', 14.0]
check 'IADM401_YEAR_2018' 'IADM401'
processXLS: only for SEM2 [u'IADM401_YEAR_2018', u'IADM401_YEAR_2017', u'IADM401', u'INFORMATION ADMINISTRATION IV', u'BTOMT1', u'BT: OFFICE MANAGEMENT AND TECHNOLOGY', u'11', u'YEAR', u'D3', u'Durban Campus Part-time', u'A', u'40000286: PADIACHEE', 14.0]
[u'', u'', u'', u'', u'', u'', u'', u'', u'', u'', u'', u'', u'']
check '' ''
[u'IRET401_YEAR_2018', u'IRET401_YEAR_2017', u'IRET401', u'INFORMATION RETRIEVAL IV', u'BTLIS1', u'BT: LIBRARY AND INFORMATION STUDIES', u'11', u'YEAR', u'D1', u'Durban Campus Full-time', u'A', u'40003420:KHOMO', 20.0]
check 'IRET401_YEAR_2018' 'IRET401'
processXLS: only for SEM2 [u'IRET401_YEAR_2018', u'IRET401_YEAR_2017', u'IRET401', u'INFORMATION RETRIEVAL IV', u'BTLIS1', u'BT: LIBRARY AND INFORMATION STUDIES', u'11', u'YEAR', u'D1', u'Durban Campus Full-time', u'A', u'40003420:KHOMO', 20.0]
[u'IRET401_YEAR_2018', u'IRET401_YEAR_2017', u'IRET401', u'INFORMATION RETRIEVAL IV', u'BTLIS1', u'BT: LIBRARY AND INFORMATION STUDIES', u'11', u'YEAR', u'D3', u'Durban Campus Part-time', u'A', u'40003420:KHOMO', 22.0]
check 'IRET401_YEAR_2018' 'IRET401'
processXLS: only for SEM2 [u'IRET401_YEAR_2018', u'IRET401_YEAR_2017', u'IRET401', u'INFORMATION RETRIEVAL IV', u'BTLIS1', u'BT: LIBRARY AND INFORMATION STUDIES', u'11', u'YEAR', u'D3', u'Durban Campus Part-time', u'A', u'40003420:KHOMO', 22.0]
[u'', u'', u'', u'', u'', u'', u'', u'', u'', u'', u'', u'', u'']
check '' ''
[u'LFPR401_YEAR_2018', u'LFPR401_YEAR_2017', u'LFPR401', u'LIBRARY AND INFORMATION PRACTICE IV', u'BTLIS1', u'BT: LIBRARY AND INFORMATION STUDIES', u'11', u'YEAR', u'D1', u'Durban Campus Full-time', u'A', u'40000780:SENTOO', 17.0]
check 'LFPR401_YEAR_2018' 'LFPR401'
processXLS: only for SEM2 [u'LFPR401_YEAR_2018', u'LFPR401_YEAR_2017', u'LFPR401', u'LIBRARY AND INFORMATION PRACTICE IV', u'BTLIS1', u'BT: LIBRARY AND INFORMATION STUDIES', u'11', u'YEAR', u'D1', u'Durban Campus Full-time', u'A', u'40000780:SENTOO', 17.0]
[u'LFPR401_YEAR_2018', u'LFPR401_YEAR_2017', u'LFPR401', u'LIBRARY AND INFORMATION PRACTICE IV', u'BTLIS1', u'BT: LIBRARY AND INFORMATION STUDIES', u'11', u'YEAR', u'D3', u'Durban Campus Part-time', u'A', u'40000780:SENTOO;', 30.0]
check 'LFPR401_YEAR_2018' 'LFPR401'
processXLS: only for SEM2 [u'LFPR401_YEAR_2018', u'LFPR401_YEAR_2017', u'LFPR401', u'LIBRARY AND INFORMATION PRACTICE IV', u'BTLIS1', u'BT: LIBRARY AND INFORMATION STUDIES', u'11', u'YEAR', u'D3', u'Durban Campus Part-time', u'A', u'40000780:SENTOO;', 30.0]
[u'', u'', u'', u'', u'', u'', u'', u'', u'', u'', u'', u'', u'']
check '' ''
[u'THSL511_YEAR_2018', u'THSL511_YEAR_2017', u'THSL511', u'THESIS (IST REGISTRATION)', u'MMLIS1', u'M MAN SC LIBRARY AND INFORMATION SCIENCE', u'P0', u'POST-GRAD ANNUAL REGISTRATIONS', u'D1', u'Durban Campus Full-time', u'A', u'40002824:NGWANE', 2.0]
check 'THSL511_YEAR_2018' 'THSL511'
processXLS: only for SEM2 [u'THSL511_YEAR_2018', u'THSL511_YEAR_2017', u'THSL511', u'THESIS (IST REGISTRATION)', u'MMLIS1', u'M MAN SC LIBRARY AND INFORMATION SCIENCE', u'P0', u'POST-GRAD ANNUAL REGISTRATIONS', u'D1', u'Durban Campus Full-time', u'A', u'40002824:NGWANE', 2.0]
[u'', u'', u'', u'', u'', u'', u'', u'', u'', u'', u'', u'', u'']
check '' ''
[u'THSL521_YEAR_2018', u'THSL521_YEAR_2017', u'THSL521', u'THESIS (2ND REGISTRATION)', u'MMLIS1', u'M MAN SC LIBRARY AND INFORMATION SCIENCE', u'P0', u'POST-GRAD ANNUAL REGISTRATIONS', u'D1', u'Durban Campus Full-time', u'A', u'40002824:NGWANE', 3.0]
check 'THSL521_YEAR_2018' 'THSL521'
processXLS: only for SEM2 [u'THSL521_YEAR_2018', u'THSL521_YEAR_2017', u'THSL521', u'THESIS (2ND REGISTRATION)', u'MMLIS1', u'M MAN SC LIBRARY AND INFORMATION SCIENCE', u'P0', u'POST-GRAD ANNUAL REGISTRATIONS', u'D1', u'Durban Campus Full-time', u'A', u'40002824:NGWANE', 3.0]
[u'', u'', u'', u'', u'', u'', u'', u'', u'', u'', u'', u'', u'']
check '' ''
[u'THSL531_YEAR_2018', u'THSL531_YEAR_2017', u'THSL531', u'THESIS (3RD REGISTRATION)', u'MMLIS1', u'M MAN SC LIBRARY AND INFORMATION SCIENCE', u'P0', u'POST-GRAD ANNUAL REGISTRATIONS', u'D1', u'Durban Campus Full-time', u'A', u'40002824:NGWANE', 1.0]
check 'THSL531_YEAR_2018' 'THSL531'
processXLS: only for SEM2 [u'THSL531_YEAR_2018', u'THSL531_YEAR_2017', u'THSL531', u'THESIS (3RD REGISTRATION)', u'MMLIS1', u'M MAN SC LIBRARY AND INFORMATION SCIENCE', u'P0', u'POST-GRAD ANNUAL REGISTRATIONS', u'D1', u'Durban Campus Full-time', u'A', u'40002824:NGWANE', 1.0]
[u'', u'', u'', u'', u'', u'', u'', u'', u'', u'', u'', u'', u'']
check '' ''
[u'THSM511_YEAR_2018', u'THSM511_YEAR_2017', u'THSM511', u'THESIS (1ST REGISTRATION)', u'MMAIM1', u'M MAN SCIENCES IN ADMIN AND INFO MAN', u'P0', u'POST-GRAD ANNUAL REGISTRATIONS', u'D1', u'Durban Campus Full-time', u'A', u'40002824:NGWANE', 7.0]
check 'THSM511_YEAR_2018' 'THSM511'
processXLS: only for SEM2 [u'THSM511_YEAR_2018', u'THSM511_YEAR_2017', u'THSM511', u'THESIS (1ST REGISTRATION)', u'MMAIM1', u'M MAN SCIENCES IN ADMIN AND INFO MAN', u'P0', u'POST-GRAD ANNUAL REGISTRATIONS', u'D1', u'Durban Campus Full-time', u'A', u'40002824:NGWANE', 7.0]
[u'', u'', u'', u'', u'', u'', u'', u'', u'', u'', u'', u'', u'']
check '' ''
[u'THSM521_YEAR_2018', u'THSM521_YEAR_2017', u'THSM521', u'THESIS (2ND REGISTRATION)', u'MMAIM1', u'M MAN SCIENCES IN ADMIN AND INFO MAN', u'P0', u'POST-GRAD ANNUAL REGISTRATIONS', u'D1', u'Durban Campus Full-time', u'A', u'40002824:NGWANE', 16.0]
check 'THSM521_YEAR_2018' 'THSM521'
processXLS: only for SEM2 [u'THSM521_YEAR_2018', u'THSM521_YEAR_2017', u'THSM521', u'THESIS (2ND REGISTRATION)', u'MMAIM1', u'M MAN SCIENCES IN ADMIN AND INFO MAN', u'P0', u'POST-GRAD ANNUAL REGISTRATIONS', u'D1', u'Durban Campus Full-time', u'A', u'40002824:NGWANE', 16.0]
[u'', u'', u'', u'', u'', u'', u'', u'', u'', u'', u'', u'', u'']
check '' ''
[u'THSM531_YEAR_2018', u'THSM531_YEAR_2017', u'THSM531', u'THESIS (3RD REGISTRATION)', u'MMAIM1', u'M MAN SCIENCES IN ADMIN AND INFO MAN', u'P0', u'POST-GRAD ANNUAL REGISTRATIONS', u'D1', u'Durban Campus Full-time', u'A', u'40002824:NGWANE', 4.0]
check 'THSM531_YEAR_2018' 'THSM531'
processXLS: only for SEM2 [u'THSM531_YEAR_2018', u'THSM531_YEAR_2017', u'THSM531', u'THESIS (3RD REGISTRATION)', u'MMAIM1', u'M MAN SCIENCES IN ADMIN AND INFO MAN', u'P0', u'POST-GRAD ANNUAL REGISTRATIONS', u'D1', u'Durban Campus Full-time', u'A', u'40002824:NGWANE', 4.0]
[u'', u'', u'', u'', u'', u'', u'', u'', u'', u'', u'', u'', u'']
check '' ''
[u'RSLS621_YEAR_2018', u'RSLS621_YEAR_2017', u'RSLS621', u'RESEARCH PROJECT AND DISSERTATION (2ND REG)', u'DPLIS1', u'DR OF PHIL IN LIBRARY & INFO SCIENCE', u'P0', u'POST-GRAD ANNUAL REGISTRATIONS', u'D3', u'Durban Campus Part-time', u'A', u'40002824: NGWANE', 1.0]
check 'RSLS621_YEAR_2018' 'RSLS621'
processXLS: only for SEM2 [u'RSLS621_YEAR_2018', u'RSLS621_YEAR_2017', u'RSLS621', u'RESEARCH PROJECT AND DISSERTATION (2ND REG)', u'DPLIS1', u'DR OF PHIL IN LIBRARY & INFO SCIENCE', u'P0', u'POST-GRAD ANNUAL REGISTRATIONS', u'D3', u'Durban Campus Part-time', u'A', u'40002824: NGWANE', 1.0]
[u'', u'', u'', u'', u'', u'', u'', u'', u'', u'', u'', u'', u'']
check '' ''
[u'RSLS631_YEAR_2018', u'RSLS631_YEAR_2017', u'RSLS631', u'RESEARCH PROJECT AND DISSERTATION (3RD REG)', u'DPLIS1', u'DR OF PHIL IN LIBRARY & INFO SCIENCE', u'P0', u'POST-GRAD ANNUAL REGISTRATIONS', u'D1', u'Durban Campus Full-time', u'A', u'40002824:NGWANE', 1.0]
check 'RSLS631_YEAR_2018' 'RSLS631'
processXLS: only for SEM2 [u'RSLS631_YEAR_2018', u'RSLS631_YEAR_2017', u'RSLS631', u'RESEARCH PROJECT AND DISSERTATION (3RD REG)', u'DPLIS1', u'DR OF PHIL IN LIBRARY & INFO SCIENCE', u'P0', u'POST-GRAD ANNUAL REGISTRATIONS', u'D1', u'Durban Campus Full-time', u'A', u'40002824:NGWANE', 1.0]
[u'', u'', u'', u'', u'', u'', u'', u'', u'', u'', u'', u'', u'']
check '' ''
[u'THSE611_YEAR_2018', u'THSE611_YEAR_2017', u'THSE611', u'THESIS (1ST REGISTRATION)', u'MMAIM1', u'M MAN SCIENCES IN ADMIN AND INFO MAN', u'P0', u'POST-GRAD ANNUAL REGISTRATIONS', u'D1', u'Durban Campus Full-time', u'A', u'40002824:NGWANE', 4.0]
check 'THSE611_YEAR_2018' 'THSE611'
processXLS: only for SEM2 [u'THSE611_YEAR_2018', u'THSE611_YEAR_2017', u'THSE611', u'THESIS (1ST REGISTRATION)', u'MMAIM1', u'M MAN SCIENCES IN ADMIN AND INFO MAN', u'P0', u'POST-GRAD ANNUAL REGISTRATIONS', u'D1', u'Durban Campus Full-time', u'A', u'40002824:NGWANE', 4.0]
[u'THSE611_YEAR_2018', u'THSE611_YEAR_2017', u'THSE611', u'THESIS (1ST REGISTRATION)', u'MMAIM1', u'M MAN SCIENCES IN ADMIN AND INFO MAN', u'P0', u'POST-GRAD ANNUAL REGISTRATIONS', u'P1', u'Pietermaritzburg Full-time', u'A', u'40002824:NGWANE', 2.0]
check 'THSE611_YEAR_2018' 'THSE611'
processXLS: only for SEM2 [u'THSE611_YEAR_2018', u'THSE611_YEAR_2017', u'THSE611', u'THESIS (1ST REGISTRATION)', u'MMAIM1', u'M MAN SCIENCES IN ADMIN AND INFO MAN', u'P0', u'POST-GRAD ANNUAL REGISTRATIONS', u'P1', u'Pietermaritzburg Full-time', u'A', u'40002824:NGWANE', 2.0]
[u'', u'', u'', u'', u'', u'', u'', u'', u'', u'', u'', u'', u'']
check '' ''
[u'THSE621_YEAR_2018', u'THSE621_YEAR_2017', u'THSE621', u'THESIS (2ND REGISTRATION)', u'MMAIM1', u'M MAN SCIENCES IN ADMIN AND INFO MAN', u'P0', u'POST-GRAD ANNUAL REGISTRATIONS', u'D1', u'Durban Campus Full-time', u'A', u'40002824:NGWANE', 14.0]
check 'THSE621_YEAR_2018' 'THSE621'
processXLS: only for SEM2 [u'THSE621_YEAR_2018', u'THSE621_YEAR_2017', u'THSE621', u'THESIS (2ND REGISTRATION)', u'MMAIM1', u'M MAN SCIENCES IN ADMIN AND INFO MAN', u'P0', u'POST-GRAD ANNUAL REGISTRATIONS', u'D1', u'Durban Campus Full-time', u'A', u'40002824:NGWANE', 14.0]
[u'THSE621_YEAR_2018', u'THSE621_YEAR_2017', u'THSE621', u'THESIS (2ND REGISTRATION)', u'MMAIM1', u'M MAN SCIENCES IN ADMIN AND INFO MAN', u'P0', u'POST-GRAD ANNUAL REGISTRATIONS', u'D3', u'Durban Campus Part-time', u'A', u'40002824:NGWANE', 1.0]
check 'THSE621_YEAR_2018' 'THSE621'
processXLS: only for SEM2 [u'THSE621_YEAR_2018', u'THSE621_YEAR_2017', u'THSE621', u'THESIS (2ND REGISTRATION)', u'MMAIM1', u'M MAN SCIENCES IN ADMIN AND INFO MAN', u'P0', u'POST-GRAD ANNUAL REGISTRATIONS', u'D3', u'Durban Campus Part-time', u'A', u'40002824:NGWANE', 1.0]
[u'', u'', u'', u'', u'', u'', u'', u'', u'', u'', u'', u'', u'']
check '' ''
[u'THSE631_YEAR_2018', u'THSE631_YEAR_2017', u'THSE631', u'THESIS (3RD REGISTRATION)', u'MMAIM1', u'M MAN SCIENCES IN ADMIN AND INFO MAN', u'P0', u'POST-GRAD ANNUAL REGISTRATIONS', u'D1', u'Durban Campus Full-time', u'A', u'40002824:NGWANE', 6.0]
check 'THSE631_YEAR_2018' 'THSE631'
processXLS: only for SEM2 [u'THSE631_YEAR_2018', u'THSE631_YEAR_2017', u'THSE631', u'THESIS (3RD REGISTRATION)', u'MMAIM1', u'M MAN SCIENCES IN ADMIN AND INFO MAN', u'P0', u'POST-GRAD ANNUAL REGISTRATIONS', u'D1', u'Durban Campus Full-time', u'A', u'40002824:NGWANE', 6.0]
[u'', u'', u'', u'', u'', u'', u'', u'', u'', u'', u'', u'', u'']
check '' ''
[u'THSS601_YEAR_2018', u'THSS601_YEAR_2017', u'THSS601', u'THESIS (IST REGISTRATION)', u'MMLIS1', u'M MAN SC LIBRARY AND INFORMATION SCIENCE', u'11', u'YEAR', u'D1', u'Durban Campus Full-time', u'A', u'40002824:NGWANE', 1.0]
check 'THSS601_YEAR_2018' 'THSS601'
processXLS: only for SEM2 [u'THSS601_YEAR_2018', u'THSS601_YEAR_2017', u'THSS601', u'THESIS (IST REGISTRATION)', u'MMLIS1', u'M MAN SC LIBRARY AND INFORMATION SCIENCE', u'11', u'YEAR', u'D1', u'Durban Campus Full-time', u'A', u'40002824:NGWANE', 1.0]
[u'THSS601_YEAR_2018', u'THSS601_YEAR_2017', u'THSS601', u'THESIS (IST REGISTRATION)', u'MMLIS1', u'M MAN SC LIBRARY AND INFORMATION SCIENCE', u'P0', u'POST-GRAD ANNUAL REGISTRATIONS', u'D1', u'Durban Campus Full-time', u'A', u'40002824:NGWANE', 1.0]
check 'THSS601_YEAR_2018' 'THSS601'
processXLS: only for SEM2 [u'THSS601_YEAR_2018', u'THSS601_YEAR_2017', u'THSS601', u'THESIS (IST REGISTRATION)', u'MMLIS1', u'M MAN SC LIBRARY AND INFORMATION SCIENCE', u'P0', u'POST-GRAD ANNUAL REGISTRATIONS', u'D1', u'Durban Campus Full-time', u'A', u'40002824:NGWANE', 1.0]
[u'', u'', u'', u'', u'', u'', u'', u'', u'', u'', u'', u'', u'']
check '' ''
[u'THSS611_YEAR_2018', u'THSS611_YEAR_2017', u'THSS611', u'THESIS (2ND REGISTRATION)', u'MMLIS1', u'M MAN SC LIBRARY AND INFORMATION SCIENCE', u'11', u'YEAR', u'D3', u'Durban Campus Part-time', u'A', u'40002824:NGWANE', 1.0]
check 'THSS611_YEAR_2018' 'THSS611'
processXLS: only for SEM2 [u'THSS611_YEAR_2018', u'THSS611_YEAR_2017', u'THSS611', u'THESIS (2ND REGISTRATION)', u'MMLIS1', u'M MAN SC LIBRARY AND INFORMATION SCIENCE', u'11', u'YEAR', u'D3', u'Durban Campus Part-time', u'A', u'40002824:NGWANE', 1.0]
[u'THSS611_YEAR_2018', u'THSS611_YEAR_2017', u'THSS611', u'THESIS (2ND REGISTRATION)', u'MMLIS1', u'M MAN SC LIBRARY AND INFORMATION SCIENCE', u'P0', u'POST-GRAD ANNUAL REGISTRATIONS', u'D1', u'Durban Campus Full-time', u'A', u'40002824:NGWANE', 1.0]
check 'THSS611_YEAR_2018' 'THSS611'
processXLS: only for SEM2 [u'THSS611_YEAR_2018', u'THSS611_YEAR_2017', u'THSS611', u'THESIS (2ND REGISTRATION)', u'MMLIS1', u'M MAN SC LIBRARY AND INFORMATION SCIENCE', u'P0', u'POST-GRAD ANNUAL REGISTRATIONS', u'D1', u'Durban Campus Full-time', u'A', u'40002824:NGWANE', 1.0]
[u'THSS611_YEAR_2018', u'THSS611_YEAR_2017', u'THSS611', u'THESIS (2ND REGISTRATION)', u'MMLIS1', u'M MAN SC LIBRARY AND INFORMATION SCIENCE', u'P0', u'POST-GRAD ANNUAL REGISTRATIONS', u'D3', u'Durban Campus Part-time', u'A', u'40002824:NGWANE', 1.0]
check 'THSS611_YEAR_2018' 'THSS611'
processXLS: only for SEM2 [u'THSS611_YEAR_2018', u'THSS611_YEAR_2017', u'THSS611', u'THESIS (2ND REGISTRATION)', u'MMLIS1', u'M MAN SC LIBRARY AND INFORMATION SCIENCE', u'P0', u'POST-GRAD ANNUAL REGISTRATIONS', u'D3', u'Durban Campus Part-time', u'A', u'40002824:NGWANE', 1.0]
[u'', u'', u'', u'', u'', u'', u'', u'', u'', u'', u'', u'', u'']
check '' ''
[u'THSS621_YEAR_2018', u'THSS621_YEAR_2017', u'THSS621', u'THESIS (3RD REGISTRATION)', u'MMLIS1', u'M MAN SC LIBRARY AND INFORMATION SCIENCE', u'11', u'YEAR', u'D1', u'Durban Campus Full-time', u'A', u'40002824:NGWANE', 1.0]
check 'THSS621_YEAR_2018' 'THSS621'
processXLS: only for SEM2 [u'THSS621_YEAR_2018', u'THSS621_YEAR_2017', u'THSS621', u'THESIS (3RD REGISTRATION)', u'MMLIS1', u'M MAN SC LIBRARY AND INFORMATION SCIENCE', u'11', u'YEAR', u'D1', u'Durban Campus Full-time', u'A', u'40002824:NGWANE', 1.0]
[u'', u'', u'', u'', u'', u'', u'', u'', u'', u'', u'', u'', u'']
check '' ''
[u'ADIF201_YEAR_2018', u'ADIF201_YEAR_2017', u'ADIF201', u'ADMINISTRATION AND INFORMATION MANAGEMENT 2', u'NDOMF1', u'INFORMATION AND CORPORATE MANAGEMENT', 11.0, u'YEAR', u'D1', u'Durban Campus Full-time', u'A', u'40000495:MBATHA', 1.0]
check 'ADIF201_YEAR_2018' 'ADIF201'
processXLS: only for SEM2 [u'ADIF201_YEAR_2018', u'ADIF201_YEAR_2017', u'ADIF201', u'ADMINISTRATION AND INFORMATION MANAGEMENT 2', u'NDOMF1', u'INFORMATION AND CORPORATE MANAGEMENT', 11.0, u'YEAR', u'D1', u'Durban Campus Full-time', u'A', u'40000495:MBATHA', 1.0]
[u'SKLD201_YEAR_2018', u'SKLD201_YEAR_2017', u'SKLD201', u'SKILLS DEVELOPMENT 2', u'NDOMF1', u'INFORMATION AND CORPORATE MANAGEMENT', 11.0, u'YEAR', u'D1', u'Durban Campus Full-time', u'A', u'40000495:MBATHA', 1.0]
check 'SKLD201_YEAR_2018' 'SKLD201'
processXLS: only for SEM2 [u'SKLD201_YEAR_2018', u'SKLD201_YEAR_2017', u'SKLD201', u'SKILLS DEVELOPMENT 2', u'NDOMF1', u'INFORMATION AND CORPORATE MANAGEMENT', 11.0, u'YEAR', u'D1', u'Durban Campus Full-time', u'A', u'40000495:MBATHA', 1.0]
[u'', u'', u'', u'', u'', u'', u'', u'', u'', u'', u'', u'', u'']
check '' ''
[u'===APPEND===', u'', u'', u'', u'', u'', u'', u'', u'', u'', u'', u'', u'']
check '===APPEND===' ''
[u'2017 NEW SUBJECTS  Blackboard Classrooms for Department: 3202 - INFORMATION & CORPORATE MGMT', u'', u'', u'', u'', u'', u'', u'', u'', u'', u'', u'', u'']
check '2017 NEW SUBJECTS  Blackboard Classrooms for Department: 3202 - INFORMATION & CORPORATE MGMT' ''
[u'', u'', u'', u'', u'', u'', u'', u'', u'', u'', u'', u'', u'']
check '' ''
[u'BB Classroom', u'Migrate Classroom', u'ITS Subject', u'', u'ITS Qualification', u'', u'Block', u'', u'Off Type', u'', u'Grp', u'Lecturer(s)', u'2016 Enrol']
check 'BB Classroom' 'ITS Subject'
[u'BIMP101_SEM2_2018', u'BIMP101_SEM2_2017', u'BIMP101', u'BUSINESS & INFORMATION MAN PRAC I', u'DIBIM1', u'DIPLOMA IN BUSINESS &INFO MANAGEMENT', u'22', u'SEMESTER 2', u'D1', u'Durban Campus Full-time', u'A', u'40002824:Ngwane; 40000038:MOODLEY', 0.0]
check 'BIMP101_SEM2_2018' 'BIMP101'
adding  BIMP101
requesting:  http://10.0.100.98:8000/bbinfo/matching_courses/BIMP101%25
r= <Response [200]>
matching classes= set([u'BIMP101_SEM2_2018', u'BIMP101_SEM2_2017'])
[u'', u'', u'', u'', u'', u'', u'', u'', u'', u'', u'', u'', u'']
check '' ''
[u'BPRM111_SEM1_2018', u'BPRM111_SEM1_2017', u'BPRM111', u'BUSINESS PRINCIPLES AND MANAGEMENT I (MOD 1)', u'DIBIM1', u'DIPLOMA IN BUSINESS &INFO MANAGEMENT', u'21', u'SEMESTER 1', u'D1', u'Durban Campus Full-time', u'A', u'40002824:Ngwane; 40000286:PAIDACHEE; 40000505:NAIDOO', 0.0]
check 'BPRM111_SEM1_2018' 'BPRM111'
processXLS: only for SEM2 [u'BPRM111_SEM1_2018', u'BPRM111_SEM1_2017', u'BPRM111', u'BUSINESS PRINCIPLES AND MANAGEMENT I (MOD 1)', u'DIBIM1', u'DIPLOMA IN BUSINESS &INFO MANAGEMENT', u'21', u'SEMESTER 1', u'D1', u'Durban Campus Full-time', u'A', u'40002824:Ngwane; 40000286:PAIDACHEE; 40000505:NAIDOO', 0.0]
[u'', u'', u'', u'', u'', u'', u'', u'', u'', u'', u'', u'', u'']
check '' ''
[u'BPRM121_SEM2_2018', u'BPRM121_SEM2_2017', u'BPRM121', u'BUSINESS PRINCIPLES AND MANAGEMENT I (MOD 2)', u'DIBIM1', u'DIPLOMA IN BUSINESS &INFO MANAGEMENT', u'22', u'SEMESTER 2', u'D1', u'Durban Campus Full-time', u'A', u'40002824:Ngwane', 0.0]
check 'BPRM121_SEM2_2018' 'BPRM121'
adding  BPRM121
requesting:  http://10.0.100.98:8000/bbinfo/matching_courses/BPRM121%25
r= <Response [200]>
matching classes= set([u'BPRM121_SEM2_2018', u'BPRM121_SEM2_2017'])
[u'', u'', u'', u'', u'', u'', u'', u'', u'', u'', u'', u'', u'']
check '' ''
[u'BSFD101_SEM1_2018', u'BSFD101_SEM1_2017', u'BSFD101', u'BUSINESS FUNDAMENTALS I', u'DIBIM1', u'DIPLOMA IN BUSINESS &INFO MANAGEMENT', u'21', u'SEMESTER 1', u'D1', u'Durban Campus Full-time', u'A', u'40002824:Ngwane; 50010731:RAMRAJ', 0.0]
check 'BSFD101_SEM1_2018' 'BSFD101'
processXLS: only for SEM2 [u'BSFD101_SEM1_2018', u'BSFD101_SEM1_2017', u'BSFD101', u'BUSINESS FUNDAMENTALS I', u'DIBIM1', u'DIPLOMA IN BUSINESS &INFO MANAGEMENT', u'21', u'SEMESTER 1', u'D1', u'Durban Campus Full-time', u'A', u'40002824:Ngwane; 50010731:RAMRAJ', 0.0]
[u'BSFD101_SEM1_2018', u'BSFD101_SEM1_2017', u'BSFD101', u'BUSINESS FUNDAMENTALS I', u'DIBSM1', u'DIPLOMA IN BUSINESS &INFO MANAGEMENT', u'21', u'SEMESTER 1', u'P1', u'Pietermaritzburg Full-time', u'A', u'40002824:Ngwane', 0.0]
check 'BSFD101_SEM1_2018' 'BSFD101'
processXLS: only for SEM2 [u'BSFD101_SEM1_2018', u'BSFD101_SEM1_2017', u'BSFD101', u'BUSINESS FUNDAMENTALS I', u'DIBSM1', u'DIPLOMA IN BUSINESS &INFO MANAGEMENT', u'21', u'SEMESTER 1', u'P1', u'Pietermaritzburg Full-time', u'A', u'40002824:Ngwane', 0.0]
[u'', u'', u'', u'', u'', u'', u'', u'', u'', u'', u'', u'', u'']
check '' ''
[u'BSFD201_SEM1_2018', u'template_2018', u'BSFD101', u'BUSINESS FUNDAMENTALS 2', u'DIBIM1', u'DIPLOMA IN BUSINESS &INFO MANAGEMENT', u'21', u'SEMESTER 1', u'D1', u'Durban Campus Full-time', u'A', u'40002824:Ngwane; 50010731:RAMRAJ', 0.0]
check 'BSFD201_SEM1_2018' 'BSFD101'
[u'BSFD201_SEM1_2018', u'template_2018', u'BSFD101', u'BUSINESS FUNDAMENTALS 2', u'DIBSM1', u'DIPLOMA IN BUSINESS &INFO MANAGEMENT', u'21', u'SEMESTER 1', u'P1', u'Pietermaritzburg Full-time', u'A', u'40002824:Ngwane', 0.0]
check 'BSFD201_SEM1_2018' 'BSFD101'
[u'', u'', u'', u'', u'', u'', u'', u'', u'', u'', u'', u'', u'']
check '' ''
[u'HRLM101_SEM1_2018', u'HRLM101_SEM1_2017', u'HRLM101', u'HUMAN RELATIONS MANAGEMENT', u'DIBIM1', u'DIPLOMA IN BUSINESS &INFO MANAGEMENT', u'21', u'SEMESTER 1', u'D1', u'Durban Campus Full-time', u'A', u'40002824:Ngwane', 0.0]
check 'HRLM101_SEM1_2018' 'HRLM101'
processXLS: only for SEM2 [u'HRLM101_SEM1_2018', u'HRLM101_SEM1_2017', u'HRLM101', u'HUMAN RELATIONS MANAGEMENT', u'DIBIM1', u'DIPLOMA IN BUSINESS &INFO MANAGEMENT', u'21', u'SEMESTER 1', u'D1', u'Durban Campus Full-time', u'A', u'40002824:Ngwane', 0.0]
[u'', u'', u'', u'', u'', u'', u'', u'', u'', u'', u'', u'', u'']
check '' ''
[u'IMTG111_SEM1_2018', u'IMTG111_SEM1_2017', u'IMTG111', u'INFORMATION MAN & TECHNOLOGY I (MOD 1)', u'DIBIM1', u'DIPLOMA IN BUSINESS &INFO MANAGEMENT', u'21', u'SEMESTER 1', u'D1', u'Durban Campus Full-time', u'A', u'40002824:Ngwane; 40000286:PAIDACHEE; 40000505:NAIDOO', 0.0]
check 'IMTG111_SEM1_2018' 'IMTG111'
processXLS: only for SEM2 [u'IMTG111_SEM1_2018', u'IMTG111_SEM1_2017', u'IMTG111', u'INFORMATION MAN & TECHNOLOGY I (MOD 1)', u'DIBIM1', u'DIPLOMA IN BUSINESS &INFO MANAGEMENT', u'21', u'SEMESTER 1', u'D1', u'Durban Campus Full-time', u'A', u'40002824:Ngwane; 40000286:PAIDACHEE; 40000505:NAIDOO', 0.0]
[u'', u'', u'', u'', u'', u'', u'', u'', u'', u'', u'', u'', u'']
check '' ''
[u'IMTG121_SEM2_2018', u'IMTG121_SEM2_2017', u'IMTG121', u'INFORMATION MAN & TECHNOLOGY I (MOD 2)', u'DIBIM1', u'DIPLOMA IN BUSINESS &INFO MANAGEMENT', u'22', u'SEMESTER 2', u'D1', u'Durban Campus Full-time', u'A', u'40002824:Ngwane; 40000286:PAIDACHEE; 40000505:NAIDOO', 0.0]
check 'IMTG121_SEM2_2018' 'IMTG121'
adding  IMTG121
requesting:  http://10.0.100.98:8000/bbinfo/matching_courses/IMTG121%25
r= <Response [200]>
matching classes= set([u'IMTG121_SEM2_2018', u'IMTG121_SEM2_2017'])
[u'', u'', u'', u'', u'', u'', u'', u'', u'', u'', u'', u'', u'']
check '' ''
[u'PJEM101_SEM2_2018', u'PJEM101_SEM2_2017', u'PJEM101', u'PROJECT MANAGEMENT I', u'DIBIM1', u'DIPLOMA IN BUSINESS &INFO MANAGEMENT', u'22', u'SEMESTER 2', u'D1', u'Durban Campus Full-time', u'A', u'40002824:Ngwane', 0.0]
check 'PJEM101_SEM2_2018' 'PJEM101'
adding  PJEM101
requesting:  http://10.0.100.98:8000/bbinfo/matching_courses/PJEM101%25
r= <Response [200]>
matching classes= set([u'PJEM101_SEM2_2017', u'PJEM101_SEM2_2018'])
[u'', u'', u'', u'', u'', u'', u'', u'', u'', u'', u'', u'', u'']
check '' ''
[u'BPRM211_SEM1_2018', u'BPRM211_SEM1_2017', u'BPRM211', u'BUSINESS PRINCIPLES AND MANAGEMENT II (MOD 1)', u'DIBIM1', u'DIPLOMA IN BUSINESS &INFO MANAGEMENT', u'21', u'SEMESTER 1', u'D1', u'Durban Campus Full-time', u'A', u'40002824:Ngwane', 0.0]
check 'BPRM211_SEM1_2018' 'BPRM211'
processXLS: only for SEM2 [u'BPRM211_SEM1_2018', u'BPRM211_SEM1_2017', u'BPRM211', u'BUSINESS PRINCIPLES AND MANAGEMENT II (MOD 1)', u'DIBIM1', u'DIPLOMA IN BUSINESS &INFO MANAGEMENT', u'21', u'SEMESTER 1', u'D1', u'Durban Campus Full-time', u'A', u'40002824:Ngwane', 0.0]
[u'', u'', u'', u'', u'', u'', u'', u'', u'', u'', u'', u'', u'']
check '' ''
[u'BPRM221_SEM2_2018', u'BPRM221_SEM2_2017', u'BPRM221', u'BUSINESS PRINCIPLES AND MANAGEMENT II (MOD 2)', u'DIBIM1', u'DIPLOMA IN BUSINESS &INFO MANAGEMENT', u'22', u'SEMESTER 2', u'D1', u'Durban Campus Full-time', u'A', u'40002824:Ngwane', 0.0]
check 'BPRM221_SEM2_2018' 'BPRM221'
adding  BPRM221
requesting:  http://10.0.100.98:8000/bbinfo/matching_courses/BPRM221%25
r= <Response [200]>
matching classes= set([u'BPRM221_SEM2_2018', u'BPRM221_SEM2_2017'])
[u'', u'', u'', u'', u'', u'', u'', u'', u'', u'', u'', u'', u'']
check '' ''
[u'IMTG211_SEM1_2018', u'IMTG211_SEM1_2017', u'IMTG211', u'INFORMATION MAN & TECHNOLOGY II (MOD 1)', u'DIBIM1', u'DIPLOMA IN BUSINESS &INFO MANAGEMENT', u'21', u'SEMESTER 1', u'D1', u'Durban Campus Full-time', u'A', u'40002824:Ngwane', 0.0]
check 'IMTG211_SEM1_2018' 'IMTG211'
processXLS: only for SEM2 [u'IMTG211_SEM1_2018', u'IMTG211_SEM1_2017', u'IMTG211', u'INFORMATION MAN & TECHNOLOGY II (MOD 1)', u'DIBIM1', u'DIPLOMA IN BUSINESS &INFO MANAGEMENT', u'21', u'SEMESTER 1', u'D1', u'Durban Campus Full-time', u'A', u'40002824:Ngwane', 0.0]
[u'', u'', u'', u'', u'', u'', u'', u'', u'', u'', u'', u'', u'']
check '' ''
[u'IMTG221_SEM2_2018', u'IMTG221_SEM2_2017', u'IMTG221', u'INFORMATION MAN & TECHNOLOGY II (MOD 2)', u'DIBIM1', u'DIPLOMA IN BUSINESS &INFO MANAGEMENT', u'22', u'SEMESTER 2', u'D1', u'Durban Campus Full-time', u'A', u'40002824:Ngwane', 0.0]
check 'IMTG221_SEM2_2018' 'IMTG221'
adding  IMTG221
requesting:  http://10.0.100.98:8000/bbinfo/matching_courses/IMTG221%25
r= <Response [200]>
matching classes= set([u'IMTG221_SEM2_2018', u'IMTG221_SEM2_2017'])
[u'', u'', u'', u'', u'', u'', u'', u'', u'', u'', u'', u'', u'']
check '' ''
[u'PJEM201_SEM2_2018', u'PJEM201_SEM2_2017', u'PJEM201', u'PROJECT MANAGEMENT II', u'DIBIM1', u'DIPLOMA IN BUSINESS &INFO MANAGEMENT', u'22', u'SEMESTER 2', u'D1', u'Durban Campus Full-time', u'A', u'40002824:Ngwane', 0.0]
check 'PJEM201_SEM2_2018' 'PJEM201'
adding  PJEM201
requesting:  http://10.0.100.98:8000/bbinfo/matching_courses/PJEM201%25
r= <Response [200]>
matching classes= set([u'PJEM201_SEM2_2018', u'PJEM201_SEM2_2017'])
[u'', u'', u'', u'', u'', u'', u'', u'', u'', u'', u'', u'', u'']
check '' ''
[u'RSPP101_SEM1_2018', u'RSPP101_SEM1_2017', u'RSPP101', u'RESEARCH PRACTICES AND PRINCIPLES I', u'DIBIM1', u'DIPLOMA IN BUSINESS &INFO MANAGEMENT', u'21', u'SEMESTER 1', u'D1', u'Durban Campus Full-time', u'A', u'40002824:Ngwane;50002609:REDDY', 0.0]
check 'RSPP101_SEM1_2018' 'RSPP101'
processXLS: only for SEM2 [u'RSPP101_SEM1_2018', u'RSPP101_SEM1_2017', u'RSPP101', u'RESEARCH PRACTICES AND PRINCIPLES I', u'DIBIM1', u'DIPLOMA IN BUSINESS &INFO MANAGEMENT', u'21', u'SEMESTER 1', u'D1', u'Durban Campus Full-time', u'A', u'40002824:Ngwane;50002609:REDDY', 0.0]
[u'', u'', u'', u'', u'', u'', u'', u'', u'', u'', u'', u'', u'']
check '' ''
[u'RSPP201_SEM1_2018', u'RSPP201_SEM1_2017', u'RSPP201', u'RESEARCH PRACTICES AND PRINCIPLES II', u'DIBIM1', u'DIPLOMA IN BUSINESS &INFO MANAGEMENT', u'21', u'SEMESTER 1', u'D1', u'Durban Campus Full-time', u'A', u'40002824:Ngwane', 0.0]
check 'RSPP201_SEM1_2018' 'RSPP201'
processXLS: only for SEM2 [u'RSPP201_SEM1_2018', u'RSPP201_SEM1_2017', u'RSPP201', u'RESEARCH PRACTICES AND PRINCIPLES II', u'DIBIM1', u'DIPLOMA IN BUSINESS &INFO MANAGEMENT', u'21', u'SEMESTER 1', u'D1', u'Durban Campus Full-time', u'A', u'40002824:Ngwane', 0.0]
[u'', u'', u'', u'', u'', u'', u'', u'', u'', u'', u'', u'', u'']
check '' ''
[u'...', u'', u'', u'', u'', u'', u'', u'', u'', u'', u'', u'', u'']
check '...' ''
[u'New subjects for 2018', u'', u'', u'', u'', u'', u'', u'', u'', u'', u'', u'', u'']
check 'New subjects for 2018' ''
[u'USRS101_SEM1_2018', u'template_2018', u'USRS101', u'USER STUDIES', u'DILIS1', u'DIP IN LIBRARY AND INFORMATION STUDIES', u'21', u'SEM1', u'D1', u'Durban Campus Full-time', u'A', u'40003244:RAKOMA;', u'']
check 'USRS101_SEM1_2018' 'USRS101'
processXLS: only for SEM2 [u'USRS101_SEM1_2018', u'template_2018', u'USRS101', u'USER STUDIES', u'DILIS1', u'DIP IN LIBRARY AND INFORMATION STUDIES', u'21', u'SEM1', u'D1', u'Durban Campus Full-time', u'A', u'40003244:RAKOMA;', u'']
[u'ORSP101_SEM2_2018', u'template_2018', u'ORSP101', u'ORGANISATIONAL AND SOCIAL PSYCHOLOGY', u'DILIS1', u'DIP IN LIBRARY AND INFORMATION STUDIES', u'22', u'SEM2', u'D1', u'Durban Campus Full-time', u'A', u'40007115:RAJAGOPAUL;', u'']
check 'ORSP101_SEM2_2018' 'ORSP101'
adding  ORSP101
requesting:  http://10.0.100.98:8000/bbinfo/matching_courses/ORSP101%25
r= <Response [200]>
matching classes= set([u'ORSP101_SEM2_2018'])
[u'LMKP101_SEM2_2018', u'template_2018', u'LMKP101', u'LIBRARY MARKETING AND PROMOTION', u'DILIS1', u'DIP IN LIBRARY AND INFORMATION STUDIES', u'22', u'SEM2', u'D1', u'Durban Campus Full-time', u'A', u'40002824:NGWANE;', u'']
check 'LMKP101_SEM2_2018' 'LMKP101'
adding  LMKP101
requesting:  http://10.0.100.98:8000/bbinfo/matching_courses/LMKP101%25
r= <Response [200]>
matching classes= set([u'LMKP101_SEM2_2018'])
[u'LPPA101_SEM1_2018', u'template_2018', u'LPPA101', u'LIBRARY AND INFORMATION PROF PRAC IA', u'DILIS1', u'DIP IN LIBRARY AND INFORMATION STUDIES', u'21', u'SEM1', u'D1', u'Durban Campus Full-time', u'A', u'40003420:KHOMO;', u'']
check 'LPPA101_SEM1_2018' 'LPPA101'
processXLS: only for SEM2 [u'LPPA101_SEM1_2018', u'template_2018', u'LPPA101', u'LIBRARY AND INFORMATION PROF PRAC IA', u'DILIS1', u'DIP IN LIBRARY AND INFORMATION STUDIES', u'21', u'SEM1', u'D1', u'Durban Campus Full-time', u'A', u'40003420:KHOMO;', u'']
[u'LPPB101_SEM2_2018', u'template_2018', u'LPPB101', u'LIBRARY AND INFORMATION PROF PRAC IB', u'DILIS1', u'DIP IN LIBRARY AND INFORMATION STUDIES', u'22', u'SEM2', u'D1', u'Durban Campus Full-time', u'A', u'40003420:KHOMO;', u'']
check 'LPPB101_SEM2_2018' 'LPPB101'
adding  LPPB101
requesting:  http://10.0.100.98:8000/bbinfo/matching_courses/LPPB101%25
r= <Response [200]>
matching classes= set([u'LPPB101_SEM2_2018'])
[u'SKLA101_SEM1_2018', u'template_2018', u'SKLA101', u'SKILLS DEVELOPMENT IA', u'DIBIF1', u'DIP IN BUS & INFO MANAGEMENT (4 YRS)', u'21', u'SEM1', u'D1', u'Durban Campus Full-time', u'A', u'40002824:NGWANE;', u'']
check 'SKLA101_SEM1_2018' 'SKLA101'
processXLS: only for SEM2 [u'SKLA101_SEM1_2018', u'template_2018', u'SKLA101', u'SKILLS DEVELOPMENT IA', u'DIBIF1', u'DIP IN BUS & INFO MANAGEMENT (4 YRS)', u'21', u'SEM1', u'D1', u'Durban Campus Full-time', u'A', u'40002824:NGWANE;', u'']
[u'BIMN101_SEM1_2018', u'template_2018', u'BIMN101', u'BUSINESS AND INFORMATION MANAGEMENT I', u'DIBIF1', u'DIP IN BUS & INFO MANAGEMENT (4 YRS)', u'21', u'SEM1', u'D1', u'Durban Campus Full-time', u'A', u'40002824:NGWANE;', u'']
check 'BIMN101_SEM1_2018' 'BIMN101'
processXLS: only for SEM2 [u'BIMN101_SEM1_2018', u'template_2018', u'BIMN101', u'BUSINESS AND INFORMATION MANAGEMENT I', u'DIBIF1', u'DIP IN BUS & INFO MANAGEMENT (4 YRS)', u'21', u'SEM1', u'D1', u'Durban Campus Full-time', u'A', u'40002824:NGWANE;', u'']
[u'SKLB101_SEM2_2018', u'template_2018', u'SKLB101', u'SKILLS DEVELOPMENT IB', u'DIBIF1', u'DIP IN BUS & INFO MANAGEMENT (4 YRS)', u'22', u'SEM2', u'D1', u'Durban Campus Full-time', u'A', u'40002824:NGWANE;', u'']
check 'SKLB101_SEM2_2018' 'SKLB101'
adding  SKLB101
requesting:  http://10.0.100.98:8000/bbinfo/matching_courses/SKLB101%25
r= <Response [200]>
matching classes= set([u'SKLB101_SEM2_2018'])
[u'SKLA201_SEM1_2018', u'template_2018', u'SKLA201', u'SKILLS DEVELOPMENT IIA', u'DIBIF1', u'DIP IN BUS & INFO MANAGEMENT (4 YRS)', u'21', u'SEM1', u'D1', u'Durban Campus Full-time', u'A', u'40002824:NGWANE;', u'']
check 'SKLA201_SEM1_2018' 'SKLA201'
processXLS: only for SEM2 [u'SKLA201_SEM1_2018', u'template_2018', u'SKLA201', u'SKILLS DEVELOPMENT IIA', u'DIBIF1', u'DIP IN BUS & INFO MANAGEMENT (4 YRS)', u'21', u'SEM1', u'D1', u'Durban Campus Full-time', u'A', u'40002824:NGWANE;', u'']
[u'SKLB201_SEM2_2018', u'template_2018', u'SKLB201', u'SKILLS DEVELOPMENT IIB', u'DIBIF1', u'DIP IN BUS & INFO MANAGEMENT (4 YRS)', u'22', u'SEM2', u'D1', u'Durban Campus Full-time', u'A', u'40002824:NGWANE;', u'']
check 'SKLB201_SEM2_2018' 'SKLB201'
adding  SKLB201
requesting:  http://10.0.100.98:8000/bbinfo/matching_courses/SKLB201%25
r= <Response [200]>
matching classes= set([u'SKLB201_SEM2_2018'])
[u'BIMA201_SEM1_2018', u'template_2018', u'BIMA201', u'BUSINESS INFORMATION MANAGEMENT IIA', u'DIBIF1', u'DIP IN BUS & INFO MANAGEMENT (4 YRS)', u'21', u'SEM1', u'D1', u'Durban Campus Full-time', u'A', u'40002824:NGWANE;', u'']
check 'BIMA201_SEM1_2018' 'BIMA201'
processXLS: only for SEM2 [u'BIMA201_SEM1_2018', u'template_2018', u'BIMA201', u'BUSINESS INFORMATION MANAGEMENT IIA', u'DIBIF1', u'DIP IN BUS & INFO MANAGEMENT (4 YRS)', u'21', u'SEM1', u'D1', u'Durban Campus Full-time', u'A', u'40002824:NGWANE;', u'']
[u'BIMB201_SEM2_2018', u'template_2018', u'BIMB201', u'BUSINESS INFORMATION MANAGEMENT IIB', u'DIBIF1', u'DIP IN BUS & INFO MANAGEMENT (4 YRS)', u'22', u'SEM2', u'D1', u'Durban Campus Full-time', u'A', u'40002824:NGWANE;', u'']
check 'BIMB201_SEM2_2018' 'BIMB201'
adding  BIMB201
requesting:  http://10.0.100.98:8000/bbinfo/matching_courses/BIMB201%25
r= <Response [200]>
matching classes= set([u'BIMB201_SEM2_2018'])
[u'ORIA101_SEM1_2018', u'template_2018', u'ORIA101', u'ORG & REPRESENTATION OF INFORMATION IA', u'DILIS1', u'DIP IN LIBRARY AND INFORMATION STUDIES', u'21', u'SEM1', u'D1', u'Durban Campus Full-time', u'A', u'40003244:RAKOMA;', u'']
check 'ORIA101_SEM1_2018' 'ORIA101'
processXLS: only for SEM2 [u'ORIA101_SEM1_2018', u'template_2018', u'ORIA101', u'ORG & REPRESENTATION OF INFORMATION IA', u'DILIS1', u'DIP IN LIBRARY AND INFORMATION STUDIES', u'21', u'SEM1', u'D1', u'Durban Campus Full-time', u'A', u'40003244:RAKOMA;', u'']
[u'ICTC101_SEM2_2018', u'template_2018', u'ICTC101', u'INFORMATION AND COMMUNICATIONS TECHNOLOGY I', u'DILIS1', u'DIP IN LIBRARY AND INFORMATION STUDIES', u'22', u'SEM2', u'D1', u'Durban Campus Full-time', u'A', u'40011688:MOYANE;', u'']
check 'ICTC101_SEM2_2018' 'ICTC101'
adding  ICTC101
requesting:  http://10.0.100.98:8000/bbinfo/matching_courses/ICTC101%25
r= <Response [200]>
matching classes= set([u'ICTC101_SEM2_2018'])
[u'ORIB101_SEM2_2018', u'template_2018', u'ORIB101', u'ORG & REPRESENTATION OF INFORMATION IB', u'DILIS1', u'DIP IN LIBRARY AND INFORMATION STUDIES', u'22', u'SEM2', u'D1', u'Durban Campus Full-time', u'A', u'40003244:RAKOMA;', u'']
check 'ORIB101_SEM2_2018' 'ORIB101'
adding  ORIB101
requesting:  http://10.0.100.98:8000/bbinfo/matching_courses/ORIB101%25
r= <Response [200]>
matching classes= set([u'ORIB101_SEM2_2018'])
[u'IHST101_SEM2_2018', u'template_2018', u'IHST101', u'INTEGRATED HUMAN STUDIES', u'DILIS1', u'DIP IN LIBRARY AND INFORMATION STUDIES', u'22', u'SEM2', u'D1', u'Durban Campus Full-time', u'A', u'40007115:RAJAGOPAUL;', u'']
check 'IHST101_SEM2_2018' 'IHST101'
adding  IHST101
requesting:  http://10.0.100.98:8000/bbinfo/matching_courses/IHST101%25
r= <Response [200]>
matching classes= set([u'IHST101_SEM2_2018'])
processXLS: finished processing workingSheets/data/BBC3202InformationCorporateMgmt2017.xls
getWS: requesting:  http://10.0.100.98:8000/itsenrol/classlist/2018/22/PJEM201 rsp= <Response [200]>
getWS: requesting:  http://10.0.100.98:8000/bbinfo/classlist/PJEM201 rsp= <Response [200]>
getNewStudentsInSubject: ITS 116, BB 3 -> 116 new enrollments
getWS: requesting:  http://10.0.100.98:8000/itsenrol/classlist/2018/22/BPRM221 rsp= <Response [200]>
getWS: requesting:  http://10.0.100.98:8000/bbinfo/classlist/BPRM221 rsp= <Response [200]>
getNewStudentsInSubject: ITS 120, BB 4 -> 120 new enrollments
getWS: requesting:  http://10.0.100.98:8000/itsenrol/classlist/2018/22/SKLB201 rsp= <Response [200]>
getWS: requesting:  http://10.0.100.98:8000/bbinfo/classlist/SKLB201 rsp= <Response [200]>
getNewStudentsInSubject: ITS 0, BB 1 -> 0 new enrollments
getWS: requesting:  http://10.0.100.98:8000/itsenrol/classlist/2018/22/SKLB101 rsp= <Response [200]>
getWS: requesting:  http://10.0.100.98:8000/bbinfo/classlist/SKLB101 rsp= <Response [200]>
getNewStudentsInSubject: ITS 19, BB 1 -> 19 new enrollments
getWS: requesting:  http://10.0.100.98:8000/itsenrol/classlist/2018/22/ORIB101 rsp= <Response [200]>
getWS: requesting:  http://10.0.100.98:8000/bbinfo/classlist/ORIB101 rsp= <Response [200]>
getNewStudentsInSubject: ITS 74, BB 1 -> 74 new enrollments
getWS: requesting:  http://10.0.100.98:8000/itsenrol/classlist/2018/22/IHST101 rsp= <Response [200]>
getWS: requesting:  http://10.0.100.98:8000/bbinfo/classlist/IHST101 rsp= <Response [200]>
getNewStudentsInSubject: ITS 74, BB 1 -> 74 new enrollments
getWS: requesting:  http://10.0.100.98:8000/itsenrol/classlist/2018/22/ICTC101 rsp= <Response [200]>
getWS: requesting:  http://10.0.100.98:8000/bbinfo/classlist/ICTC101 rsp= <Response [200]>
getNewStudentsInSubject: ITS 74, BB 1 -> 74 new enrollments
getWS: requesting:  http://10.0.100.98:8000/itsenrol/classlist/2018/22/IMTG121 rsp= <Response [200]>
getWS: requesting:  http://10.0.100.98:8000/bbinfo/classlist/IMTG121 rsp= <Response [200]>
getNewStudentsInSubject: ITS 233, BB 3 -> 233 new enrollments
getWS: requesting:  http://10.0.100.98:8000/itsenrol/classlist/2018/22/BIMP101 rsp= <Response [200]>
getWS: requesting:  http://10.0.100.98:8000/bbinfo/classlist/BIMP101 rsp= <Response [200]>
getNewStudentsInSubject: ITS 0, BB 2 -> 0 new enrollments
getWS: requesting:  http://10.0.100.98:8000/itsenrol/classlist/2018/22/ORSP101 rsp= <Response [200]>
getWS: requesting:  http://10.0.100.98:8000/bbinfo/classlist/ORSP101 rsp= <Response [200]>
getNewStudentsInSubject: ITS 0, BB 1 -> 0 new enrollments
getWS: requesting:  http://10.0.100.98:8000/itsenrol/classlist/2018/22/BIMB201 rsp= <Response [200]>
getWS: requesting:  http://10.0.100.98:8000/bbinfo/classlist/BIMB201 rsp= <Response [200]>
getNewStudentsInSubject: ITS 0, BB 1 -> 0 new enrollments
getWS: requesting:  http://10.0.100.98:8000/itsenrol/classlist/2018/22/BPRM121 rsp= <Response [200]>
getWS: requesting:  http://10.0.100.98:8000/bbinfo/classlist/BPRM121 rsp= <Response [200]>
getNewStudentsInSubject: ITS 268, BB 6 -> 268 new enrollments
getWS: requesting:  http://10.0.100.98:8000/itsenrol/classlist/2018/22/IMTG221 rsp= <Response [200]>
getWS: requesting:  http://10.0.100.98:8000/bbinfo/classlist/IMTG221 rsp= <Response [200]>
getNewStudentsInSubject: ITS 153, BB 1 -> 153 new enrollments
getWS: requesting:  http://10.0.100.98:8000/itsenrol/classlist/2018/22/PJEM101 rsp= <Response [200]>
getWS: requesting:  http://10.0.100.98:8000/bbinfo/classlist/PJEM101 rsp= <Response [200]>
getNewStudentsInSubject: ITS 265, BB 81 -> 187 new enrollments
getWS: requesting:  http://10.0.100.98:8000/itsenrol/classlist/2018/22/LPPB101 rsp= <Response [200]>
getWS: requesting:  http://10.0.100.98:8000/bbinfo/classlist/LPPB101 rsp= <Response [200]>
getNewStudentsInSubject: ITS 0, BB 1 -> 0 new enrollments
getWS: requesting:  http://10.0.100.98:8000/itsenrol/classlist/2018/22/LMKP101 rsp= <Response [200]>
getWS: requesting:  http://10.0.100.98:8000/bbinfo/classlist/LMKP101 rsp= <Response [200]>
getNewStudentsInSubject: ITS 0, BB 1 -> 0 new enrollments
main: Writing students...
main: Writing enrollments...
main: Finished processing workingSheets/data/BBC3202InformationCorporateMgmt2017.xls
main: 16 subjects processed
main: 16 subject -> classroom maps
main: 483 students
main: 1318 student enrollments 0 errors
0.38user 0.12system 0:04.71elapsed 10%CPU (0avgtext+0avgdata 62896maxresident)k
104inputs+272outputs (0major+7363minor)pagefaults 0swaps
POSTING SNAPSHOTS to SIS endpoint
TEST RUN, NOT POSTING BBSTUDENTS
TEST RUN, NOT POSTIN BBENROL
copy snapshot files to saved output
=== department done ===
syncing logs...
Pushing logs from logs/20180723111852 to remote...
sending incremental file list
./
BBC3202InformationCorporateMgmt2017.BBENROL.txt
BBC3202InformationCorporateMgmt2017.BBSTUDENTS.txt
BBC3202InformationCorporateMgmt2017.Enrolomat.txt
BBC3202InformationCorporateMgmt2017.Postlog.txt

sent 203025 bytes  received 91 bytes  45136.89 bytes/sec
total size is 943923  speedup is 4.65
logging to logs/20180723111852
=== generate newenrollments for BBC3203InformationTechnology2017. ===
GENERATE SNAPSHOTS...
./BBCIncrementalEnrollerX2.py : generating enrolment files for subjects in  workingSheets/data/BBC3203InformationTechnology2017.xls
processXLS: start spreadsheet workingSheets/data/BBC3203InformationTechnology2017.xls
[u'', u'', u'', u'', u'', u'', u'', u'', u'', u'', u'', u'', u'', u'']
check '' ''
[u'2018 Blackboard Classrooms for Department: 3203 - INFORMATION TECHNOLOGY', u'', u'', u'', u'', u'', u'', u'', u'', u'', u'', u'', u'', u'']
check '2018 Blackboard Classrooms for Department: 3203 - INFORMATION TECHNOLOGY' ''
[u'', u'', u'', u'', u'', u'', u'', u'', u'', u'', u'', u'', u'', u'']
check '' ''
[u'BB Classroom', u'Migrate Classroom', u'ITS Subject', u'', u'ITS Qualification', u'', u'Block', u'', u'Off Type', u'', u'Grp', u'Lecturer(s)', u'2016 Enrol', u'']
check 'BB Classroom' 'ITS Subject'
[u'APDA101_SEM1_2018', u'APDA101_SEM1_2017', u'APDA101', u'APPLICATIONS DEVELOPMENT IA', u'DIIAD1', u'DIP IN INFO & COMM TECH IN APP DEV', u'21', u'SEMESTER 1', u'D1', u'Durban Campus Full-time', u'A', u'40003850:EYONO OBONO;40006109:PERUMAL;40000658:FOOLCHAND;40003345:Dwarika; 40000644: Naidoo; 40000309: Singh; 50002263: Govender', 484.0, u'']
check 'APDA101_SEM1_2018' 'APDA101'
processXLS: only for SEM2 [u'APDA101_SEM1_2018', u'APDA101_SEM1_2017', u'APDA101', u'APPLICATIONS DEVELOPMENT IA', u'DIIAD1', u'DIP IN INFO & COMM TECH IN APP DEV', u'21', u'SEMESTER 1', u'D1', u'Durban Campus Full-time', u'A', u'40003850:EYONO OBONO;40006109:PERUMAL;40000658:FOOLCHAND;40003345:Dwarika; 40000644: Naidoo; 40000309: Singh; 50002263: Govender', 484.0, u'']
[u'APDA101_SEM1_2018', u'APDA101_SEM1_2017', u'APDA101', u'APPLICATIONS DEVELOPMENT IA', u'DIIAF1', u'DIP  INFO & COMM TECH/APP DEV (4 YEARS)', u'21', u'SEMESTER 1', u'D1', u'Durban Campus Full-time', u'A', u'40003850:EYONO OBONO;40006109:PERUMAL;40000658:FOOLCHAND;40003345:Dwarika; 40000644: Naidoo; 40000309: Singh; 50002263: Govender', u'', u'']
check 'APDA101_SEM1_2018' 'APDA101'
processXLS: only for SEM2 [u'APDA101_SEM1_2018', u'APDA101_SEM1_2017', u'APDA101', u'APPLICATIONS DEVELOPMENT IA', u'DIIAF1', u'DIP  INFO & COMM TECH/APP DEV (4 YEARS)', u'21', u'SEMESTER 1', u'D1', u'Durban Campus Full-time', u'A', u'40003850:EYONO OBONO;40006109:PERUMAL;40000658:FOOLCHAND;40003345:Dwarika; 40000644: Naidoo; 40000309: Singh; 50002263: Govender', u'', u'']
[u'APDA101_SEM1_2018', u'APDA101_SEM1_2017', u'APDA101', u'APPLICATIONS DEVELOPMENT IA', u'DIIBA1', u'DIP INFO COMM TECH BUS ANALYSIS', u'21', u'SEMESTER 1', u'D1', u'Durban Campus Full-time', u'A', u'40003850:EYONO OBONO;40006109:PERUMAL;40000658:FOOLCHAND;40003345:Dwarika; 40000644: Naidoo; 40000309: Singh; 50002263: Govender', u'', u'']
check 'APDA101_SEM1_2018' 'APDA101'
processXLS: only for SEM2 [u'APDA101_SEM1_2018', u'APDA101_SEM1_2017', u'APDA101', u'APPLICATIONS DEVELOPMENT IA', u'DIIBA1', u'DIP INFO COMM TECH BUS ANALYSIS', u'21', u'SEMESTER 1', u'D1', u'Durban Campus Full-time', u'A', u'40003850:EYONO OBONO;40006109:PERUMAL;40000658:FOOLCHAND;40003345:Dwarika; 40000644: Naidoo; 40000309: Singh; 50002263: Govender', u'', u'']
[u'', u'', u'', u'', u'', u'', u'', u'', u'', u'', u'', u'', u'', u'']
check '' ''
[u'APDA101_SEM2_2018', u'APDA101_SEM2_2017', u'APDA101', u'APPLICATIONS DEVELOPMENT IA', u'DIIAD1', u'DIP IN INFO & COMM TECH IN APP DEV', u'22', u'SEMESTER 2', u'D1', u'Durban Campus Full-time', u'A', u'40003850:EYONO OBONO;40006109:PERUMAL;40000658:FOOLCHAND;40003345:Dwarika; 40000644: Naidoo; 40000309: Singh; 50002263: Govender', 36.0, u'']
check 'APDA101_SEM2_2018' 'APDA101'
adding  APDA101
requesting:  http://10.0.100.98:8000/bbinfo/matching_courses/APDA101%25
r= <Response [200]>
matching classes= set([u'APDA101_SEM1_2016', u'APDA101_SEM1_2017', u'APDA101_SEM1_2018'])
ERROR:  Bb classroom APDA101_SEM2_2018 does not exist 
[u'', u'', u'', u'', u'', u'', u'', u'', u'', u'', u'', u'', u'', u'']
check '' ''
[u'APDB101_SEM2_2018', u'APDB101_SEM2_2017', u'APDB101', u'APPLICATIONS DEVELOPMENT IB', u'DIIAD1', u'DIP IN INFO & COMM TECH IN APP DEV', u'22', u'SEMESTER 2', u'D1', u'Durban Campus Full-time', u'A', u'40003850:EYONO OBONO;40006109:PERUMAL;40000658:FOOLCHAND;40003345:Dwarika; 40000644: Naidoo; 40000309: Singh; 50002263: Govender', 371.0, u'']
check 'APDB101_SEM2_2018' 'APDB101'
adding  APDB101
requesting:  http://10.0.100.98:8000/bbinfo/matching_courses/APDB101%25
r= <Response [200]>
matching classes= set([u'APDB101_SEM2_2018', u'APDB101_SEM2_2016', u'APDB101_SEM2_2017'])
[u'APDB101_SEM2_2018', u'APDB101_SEM2_2017', u'APDB101', u'APPLICATIONS DEVELOPMENT IB', u'DIIAF1', u'DIP  INFO & COMM TECH/APP DEV (4 YEARS)', u'22', u'SEMESTER 2', u'D1', u'Durban Campus Full-time', u'A', u'40003850:EYONO OBONO;40006109:PERUMAL;40000658:FOOLCHAND;40003345:Dwarika; 40000644: Naidoo; 40000309: Singh; 50002263: Govender', u'', u'']
check 'APDB101_SEM2_2018' 'APDB101'
adding  APDB101
requesting:  http://10.0.100.98:8000/bbinfo/matching_courses/APDB101%25
r= <Response [200]>
matching classes= set([u'APDB101_SEM2_2018', u'APDB101_SEM2_2016', u'APDB101_SEM2_2017'])
[u'APDB101_SEM2_2018', u'APDB101_SEM2_2017', u'APDB101', u'APPLICATIONS DEVELOPMENT IB', u'DIIBA1', u'DIP INFO COMM TECH BUS ANALYSIS', u'22', u'SEMESTER 2', u'D1', u'Durban Campus Full-time', u'A', u'40003850:EYONO OBONO;40006109:PERUMAL;40000658:FOOLCHAND;40003345:Dwarika; 40000644: Naidoo; 40000309: Singh; 50002263: Govender', u'', u'']
check 'APDB101_SEM2_2018' 'APDB101'
adding  APDB101
requesting:  http://10.0.100.98:8000/bbinfo/matching_courses/APDB101%25
r= <Response [200]>
matching classes= set([u'APDB101_SEM2_2018', u'APDB101_SEM2_2016', u'APDB101_SEM2_2017'])
[u'', u'', u'', u'', u'', u'', u'', u'', u'', u'', u'', u'', u'', u'']
check '' ''
[u'APDP101_SEM2_2018', u'APDP101_SEM2_2017', u'APDP101', u'APPLICATIONS DEVELOPMENT PROJECT I', u'DIIAD1', u'DIP IN INFO & COMM TECH IN APP DEV', u'22', u'SEMESTER 2', u'D1', u'Durban Campus Full-time', u'A', u'40003850:EYONO OBONO;40006109:PERUMAL;40000658:FOOLCHAND;40003345:Dwarika; 40000309: Singh; 50002263: Govender', 371.0, u'']
check 'APDP101_SEM2_2018' 'APDP101'
adding  APDP101
requesting:  http://10.0.100.98:8000/bbinfo/matching_courses/APDP101%25
r= <Response [200]>
matching classes= set([u'APDP101_SEM2_2016', u'APDP101_SEM2_2017', u'APDP101_SEM2_2018'])
[u'APDP101_SEM2_2018', u'APDP101_SEM2_2017', u'APDP101', u'APPLICATIONS DEVELOPMENT PROJECT I', u'DIIAF1', u'DIP  INFO & COMM TECH/APP DEV (4 YEARS)', u'22', u'SEMESTER 2', u'D1', u'Durban Campus Full-time', u'A', u'40003850:EYONO OBONO;40006109:PERUMAL;40000658:FOOLCHAND;40003345:Dwarika; 40000309: Singh; 50002263: Govender', u'', u'']
check 'APDP101_SEM2_2018' 'APDP101'
adding  APDP101
requesting:  http://10.0.100.98:8000/bbinfo/matching_courses/APDP101%25
r= <Response [200]>
matching classes= set([u'APDP101_SEM2_2016', u'APDP101_SEM2_2017', u'APDP101_SEM2_2018'])
[u'', u'', u'', u'', u'', u'', u'', u'', u'', u'', u'', u'', u'', u'']
check '' ''
[u'BFND101_SEM1_2018', u'BFND101_SEM1_2017', u'BFND101', u'BUSINESS FUNDAMENTALS I', u'DIIAD1', u'DIP IN INFO & COMM TECH IN APP DEV', u'21', u'SEMESTER 1', u'D1', u'Durban Campus Full-time', u'A', u'50010731:RAMRAJ; 40002227: NS ROSS; 40010297: M EGIBE; 40011063: KODWA; M SOMI; 40000309: Singh; 50002263: Govender', 484.0, u'']
check 'BFND101_SEM1_2018' 'BFND101'
processXLS: only for SEM2 [u'BFND101_SEM1_2018', u'BFND101_SEM1_2017', u'BFND101', u'BUSINESS FUNDAMENTALS I', u'DIIAD1', u'DIP IN INFO & COMM TECH IN APP DEV', u'21', u'SEMESTER 1', u'D1', u'Durban Campus Full-time', u'A', u'50010731:RAMRAJ; 40002227: NS ROSS; 40010297: M EGIBE; 40011063: KODWA; M SOMI; 40000309: Singh; 50002263: Govender', 484.0, u'']
[u'BFND101_SEM1_2018', u'BFND101_SEM1_2017', u'BFND101', u'BUSINESS FUNDAMENTALS I', u'DIIAF1', u'DIP  INFO & COMM TECH/APP DEV (4 YEARS)', u'21', u'SEMESTER 1', u'D1', u'Durban Campus Full-time', u'A', u'50010731:RAMRAJ; 40002227: NS ROSS; 40010297: M EGIBE; 40011063: KODWA; M SOMI; 40000309: Singh; 50002263: Govender', u'', u'']
check 'BFND101_SEM1_2018' 'BFND101'
processXLS: only for SEM2 [u'BFND101_SEM1_2018', u'BFND101_SEM1_2017', u'BFND101', u'BUSINESS FUNDAMENTALS I', u'DIIAF1', u'DIP  INFO & COMM TECH/APP DEV (4 YEARS)', u'21', u'SEMESTER 1', u'D1', u'Durban Campus Full-time', u'A', u'50010731:RAMRAJ; 40002227: NS ROSS; 40010297: M EGIBE; 40011063: KODWA; M SOMI; 40000309: Singh; 50002263: Govender', u'', u'']
[u'BFND101_SEM1_2018', u'BFND101_SEM1_2017', u'BFND101', u'BUSINESS FUNDAMENTALS I', u'DIIBA1', u'DIP INFO COMM TECH BUS ANALYSIS', u'21', u'SEMESTER 1', u'D1', u'Durban Campus Full-time', u'A', u'50010731:RAMRAJ; 40002227: NS ROSS; 40010297: M EGIBE; 40011063: KODWA; M SOMI; 40000309: Singh; 50002263: Govender', u'', u'']
check 'BFND101_SEM1_2018' 'BFND101'
processXLS: only for SEM2 [u'BFND101_SEM1_2018', u'BFND101_SEM1_2017', u'BFND101', u'BUSINESS FUNDAMENTALS I', u'DIIBA1', u'DIP INFO COMM TECH BUS ANALYSIS', u'21', u'SEMESTER 1', u'D1', u'Durban Campus Full-time', u'A', u'50010731:RAMRAJ; 40002227: NS ROSS; 40010297: M EGIBE; 40011063: KODWA; M SOMI; 40000309: Singh; 50002263: Govender', u'', u'']
[u'', u'', u'', u'', u'', u'', u'', u'', u'', u'', u'', u'', u'', u'']
check '' ''
[u'BISY111_SEM1_2018', u'BISY111_SEM1_2017', u'BISY111', u'BUSINESS INFORMATION SYSTEMS I (MODULE 1)', u'NDACC3', u'ND: ACCOUNTING', u'21', u'SEMESTER 1', u'D1', u'Durban Campus Full-time', u'A', u'40000260: Singh; 40000564: Hansraj;40000309: Singh; 50002263: Govender; 40013171: A EPIZITONE', 3.0, u'']
check 'BISY111_SEM1_2018' 'BISY111'
processXLS: only for SEM2 [u'BISY111_SEM1_2018', u'BISY111_SEM1_2017', u'BISY111', u'BUSINESS INFORMATION SYSTEMS I (MODULE 1)', u'NDACC3', u'ND: ACCOUNTING', u'21', u'SEMESTER 1', u'D1', u'Durban Campus Full-time', u'A', u'40000260: Singh; 40000564: Hansraj;40000309: Singh; 50002263: Govender; 40013171: A EPIZITONE', 3.0, u'']
[u'BISY111_SEM1_2018', u'BISY111_SEM1_2017', u'BISY111', u'BUSINESS INFORMATION SYSTEMS I (MODULE 1)', u'NDACC3', u'ND: ACCOUNTING', u'21', u'SEMESTER 1', u'D3', u'Durban Campus Part-time', u'A', u'40000260: Singh; 40000564: Hansraj;40000309: Singh; 50002263: Govender; 40013171: A EPIZITONE', 18.0, u'']
check 'BISY111_SEM1_2018' 'BISY111'
processXLS: only for SEM2 [u'BISY111_SEM1_2018', u'BISY111_SEM1_2017', u'BISY111', u'BUSINESS INFORMATION SYSTEMS I (MODULE 1)', u'NDACC3', u'ND: ACCOUNTING', u'21', u'SEMESTER 1', u'D3', u'Durban Campus Part-time', u'A', u'40000260: Singh; 40000564: Hansraj;40000309: Singh; 50002263: Govender; 40013171: A EPIZITONE', 18.0, u'']
[u'BISY111_SEM1_2018', u'BISY111_SEM1_2017', u'BISY111', u'BUSINESS INFORMATION SYSTEMS I (MODULE 1)', u'NDCAF2', u'ND: COST & MANAGEMENT ACCT (4 YEARS)', u'21', u'SEMESTER 1', u'D1', u'Durban Campus Full-time', u'A', u'40000260: Singh; 40000564: Hansraj;40000309: Singh; 50002263: Govender; 40013171: A EPIZITONE', 42.0, u'']
check 'BISY111_SEM1_2018' 'BISY111'
processXLS: only for SEM2 [u'BISY111_SEM1_2018', u'BISY111_SEM1_2017', u'BISY111', u'BUSINESS INFORMATION SYSTEMS I (MODULE 1)', u'NDCAF2', u'ND: COST & MANAGEMENT ACCT (4 YEARS)', u'21', u'SEMESTER 1', u'D1', u'Durban Campus Full-time', u'A', u'40000260: Singh; 40000564: Hansraj;40000309: Singh; 50002263: Govender; 40013171: A EPIZITONE', 42.0, u'']
[u'BISY111_SEM1_2018', u'BISY111_SEM1_2017', u'BISY111', u'BUSINESS INFORMATION SYSTEMS I (MODULE 1)', u'NDCMA3', u'ND: COST AND MANAGEMENT ACCOUNTING', u'21', u'SEMESTER 1', u'D1', u'Durban Campus Full-time', u'A', u'40000260: Singh; 40000564: Hansraj;40000309: Singh; 50002263: Govender; 40013171: A EPIZITONE', 194.0, u'']
check 'BISY111_SEM1_2018' 'BISY111'
processXLS: only for SEM2 [u'BISY111_SEM1_2018', u'BISY111_SEM1_2017', u'BISY111', u'BUSINESS INFORMATION SYSTEMS I (MODULE 1)', u'NDCMA3', u'ND: COST AND MANAGEMENT ACCOUNTING', u'21', u'SEMESTER 1', u'D1', u'Durban Campus Full-time', u'A', u'40000260: Singh; 40000564: Hansraj;40000309: Singh; 50002263: Govender; 40013171: A EPIZITONE', 194.0, u'']
[u'BISY111_SEM1_2018', u'BISY111_SEM1_2017', u'BISY111', u'BUSINESS INFORMATION SYSTEMS I (MODULE 1)', u'NDCMA3', u'ND: COST AND MANAGEMENT ACCOUNTING', u'21', u'SEMESTER 1', u'D3', u'Durban Campus Part-time', u'A', u'40000260: Singh; 40000564: Hansraj;40000309: Singh; 50002263: Govender; 40013171: A EPIZITONE', 3.0, u'']
check 'BISY111_SEM1_2018' 'BISY111'
processXLS: only for SEM2 [u'BISY111_SEM1_2018', u'BISY111_SEM1_2017', u'BISY111', u'BUSINESS INFORMATION SYSTEMS I (MODULE 1)', u'NDCMA3', u'ND: COST AND MANAGEMENT ACCOUNTING', u'21', u'SEMESTER 1', u'D3', u'Durban Campus Part-time', u'A', u'40000260: Singh; 40000564: Hansraj;40000309: Singh; 50002263: Govender; 40013171: A EPIZITONE', 3.0, u'']
[u'BISY111_SEM1_2018', u'BISY111_SEM1_2017', u'BISY111', u'BUSINESS INFORMATION SYSTEMS I (MODULE 1)', u'NDIAU3', u'ND: INTERNAL AUDITING', u'21', u'SEMESTER 1', u'D1', u'Durban Campus Full-time', u'A', u'40000260: Singh; 40000564: Hansraj;40000309: Singh; 50002263: Govender; 40013171: A EPIZITONE', 3.0, u'']
check 'BISY111_SEM1_2018' 'BISY111'
processXLS: only for SEM2 [u'BISY111_SEM1_2018', u'BISY111_SEM1_2017', u'BISY111', u'BUSINESS INFORMATION SYSTEMS I (MODULE 1)', u'NDIAU3', u'ND: INTERNAL AUDITING', u'21', u'SEMESTER 1', u'D1', u'Durban Campus Full-time', u'A', u'40000260: Singh; 40000564: Hansraj;40000309: Singh; 50002263: Govender; 40013171: A EPIZITONE', 3.0, u'']
[u'BISY111_SEM1_2018', u'BISY111_SEM1_2017', u'BISY111', u'BUSINESS INFORMATION SYSTEMS I (MODULE 1)', u'NDTAX3', u'ND: TAXATION', u'21', u'SEMESTER 1', u'D1', u'Durban Campus Full-time', u'A', u'40000260: Singh; 40000564: Hansraj;40000309: Singh; 50002263: Govender; 40013171: A EPIZITONE', 82.0, u'']
check 'BISY111_SEM1_2018' 'BISY111'
processXLS: only for SEM2 [u'BISY111_SEM1_2018', u'BISY111_SEM1_2017', u'BISY111', u'BUSINESS INFORMATION SYSTEMS I (MODULE 1)', u'NDTAX3', u'ND: TAXATION', u'21', u'SEMESTER 1', u'D1', u'Durban Campus Full-time', u'A', u'40000260: Singh; 40000564: Hansraj;40000309: Singh; 50002263: Govender; 40013171: A EPIZITONE', 82.0, u'']
[u'BISY111_SEM1_2018', u'BISY111_SEM1_2017', u'BISY111', u'BUSINESS INFORMATION SYSTEMS I (MODULE 1)', u'NDTXF1', u'ND: TAXATION (4YEARS)', u'21', u'SEMESTER 1', u'D1', u'Durban Campus Full-time', u'A', u'40000260: Singh; 40000564: Hansraj;40000309: Singh; 50002263: Govender; 40013171: A EPIZITONE', 24.0, u'']
check 'BISY111_SEM1_2018' 'BISY111'
processXLS: only for SEM2 [u'BISY111_SEM1_2018', u'BISY111_SEM1_2017', u'BISY111', u'BUSINESS INFORMATION SYSTEMS I (MODULE 1)', u'NDTXF1', u'ND: TAXATION (4YEARS)', u'21', u'SEMESTER 1', u'D1', u'Durban Campus Full-time', u'A', u'40000260: Singh; 40000564: Hansraj;40000309: Singh; 50002263: Govender; 40013171: A EPIZITONE', 24.0, u'']
[u'', u'', u'', u'', u'', u'', u'', u'', u'', u'', u'', u'', u'', u'']
check '' ''
[u'BISY111_SEM2_2018', u'BISY111_SEM2_2017', u'BISY111', u'BUSINESS INFORMATION SYSTEMS I (MODULE 1)', u'NDACC3', u'ND: ACCOUNTING', u'22', u'SEMESTER 2', u'D1', u'Durban Campus Full-time', u'A', u'40000260: Singh; 40000564: Hansraj;40000309: Singh; 50002263: Govender; 40013171: A EPIZITONE', 185.0, u'']
check 'BISY111_SEM2_2018' 'BISY111'
adding  BISY111
requesting:  http://10.0.100.98:8000/bbinfo/matching_courses/BISY111%25
r= <Response [200]>
matching classes= set([u'BISY111_13_RAMU', u'BISY111_14_SOSN', u'BISY111_ALL_2016', u'BISY111_2013', u'BISY111_SEM1B_2017', u'BISY111_SEM2_2017', u'BISY111_SEM1_2017', u'BISY111_SEM1_2018', u'BISY111_SEM2_2018'])
[u'BISY111_SEM2_2018', u'BISY111_SEM2_2017', u'BISY111', u'BUSINESS INFORMATION SYSTEMS I (MODULE 1)', u'NDACF1', u'ND: ACCOUNTING (4 YEARS)', u'22', u'SEMESTER 2', u'D1', u'Durban Campus Full-time', u'A', u'40000260: Singh; 40000564: Hansraj;40000309: Singh; 50002263: Govender; 40013171: A EPIZITONE', 48.0, u'']
check 'BISY111_SEM2_2018' 'BISY111'
adding  BISY111
requesting:  http://10.0.100.98:8000/bbinfo/matching_courses/BISY111%25
r= <Response [200]>
matching classes= set([u'BISY111_13_RAMU', u'BISY111_14_SOSN', u'BISY111_ALL_2016', u'BISY111_2013', u'BISY111_SEM1B_2017', u'BISY111_SEM2_2017', u'BISY111_SEM1_2017', u'BISY111_SEM1_2018', u'BISY111_SEM2_2018'])
[u'BISY111_SEM2_2018', u'BISY111_SEM2_2017', u'BISY111', u'BUSINESS INFORMATION SYSTEMS I (MODULE 1)', u'NDCMA3', u'ND: COST AND MANAGEMENT ACCOUNTING', u'22', u'SEMESTER 2', u'D1', u'Durban Campus Full-time', u'A', u'40000260: Singh; 40000564: Hansraj;40000309: Singh; 50002263: Govender; 40013171: A EPIZITONE', 1.0, u'']
check 'BISY111_SEM2_2018' 'BISY111'
adding  BISY111
requesting:  http://10.0.100.98:8000/bbinfo/matching_courses/BISY111%25
r= <Response [200]>
matching classes= set([u'BISY111_13_RAMU', u'BISY111_14_SOSN', u'BISY111_ALL_2016', u'BISY111_2013', u'BISY111_SEM1B_2017', u'BISY111_SEM2_2017', u'BISY111_SEM1_2017', u'BISY111_SEM1_2018', u'BISY111_SEM2_2018'])
[u'BISY111_SEM2_2018', u'BISY111_SEM2_2017', u'BISY111', u'BUSINESS INFORMATION SYSTEMS I (MODULE 1)', u'NDIAF1', u'ND: INTERNAL AUDITING (4 YEARS)', u'22', u'SEMESTER 2', u'D1', u'Durban Campus Full-time', u'A', u'40000260: Singh; 40000564: Hansraj;40000309: Singh; 50002263: Govender; 40013171: A EPIZITONE', 17.0, u'']
check 'BISY111_SEM2_2018' 'BISY111'
adding  BISY111
requesting:  http://10.0.100.98:8000/bbinfo/matching_courses/BISY111%25
r= <Response [200]>
matching classes= set([u'BISY111_13_RAMU', u'BISY111_14_SOSN', u'BISY111_ALL_2016', u'BISY111_2013', u'BISY111_SEM1B_2017', u'BISY111_SEM2_2017', u'BISY111_SEM1_2017', u'BISY111_SEM1_2018', u'BISY111_SEM2_2018'])
[u'BISY111_SEM2_2018', u'BISY111_SEM2_2017', u'BISY111', u'BUSINESS INFORMATION SYSTEMS I (MODULE 1)', u'NDIAU3', u'ND: INTERNAL AUDITING', u'22', u'SEMESTER 2', u'D1', u'Durban Campus Full-time', u'A', u'40000260: Singh; 40000564: Hansraj;40000309: Singh; 50002263: Govender; 40013171: A EPIZITONE', 81.0, u'']
check 'BISY111_SEM2_2018' 'BISY111'
adding  BISY111
requesting:  http://10.0.100.98:8000/bbinfo/matching_courses/BISY111%25
r= <Response [200]>
matching classes= set([u'BISY111_13_RAMU', u'BISY111_14_SOSN', u'BISY111_ALL_2016', u'BISY111_2013', u'BISY111_SEM1B_2017', u'BISY111_SEM2_2017', u'BISY111_SEM1_2017', u'BISY111_SEM1_2018', u'BISY111_SEM2_2018'])
[u'', u'', u'', u'', u'', u'', u'', u'', u'', u'', u'', u'', u'', u'']
check '' ''
[u'BISY121_SEM1_2018', u'BISY121_SEM1_2017', u'BISY121', u'BUSINESS INFORMATION SYSTEMS I (MODULE 2)', u'NDACC3', u'ND: ACCOUNTING', u'21', u'SEMESTER 1', u'D1', u'Durban Campus Full-time', u'A', u'40000260: Singh; 40000564: Hansraj;40000309: Singh; 50002263: Govender; 40013171: A EPIZITONE', 192.0, u'']
check 'BISY121_SEM1_2018' 'BISY121'
processXLS: only for SEM2 [u'BISY121_SEM1_2018', u'BISY121_SEM1_2017', u'BISY121', u'BUSINESS INFORMATION SYSTEMS I (MODULE 2)', u'NDACC3', u'ND: ACCOUNTING', u'21', u'SEMESTER 1', u'D1', u'Durban Campus Full-time', u'A', u'40000260: Singh; 40000564: Hansraj;40000309: Singh; 50002263: Govender; 40013171: A EPIZITONE', 192.0, u'']
[u'BISY121_SEM1_2018', u'BISY121_SEM1_2017', u'BISY121', u'BUSINESS INFORMATION SYSTEMS I (MODULE 2)', u'NDACF1', u'ND: ACCOUNTING (4 YEARS)', u'21', u'SEMESTER 1', u'D1', u'Durban Campus Full-time', u'A', u'40000260: Singh; 40000564: Hansraj;40000309: Singh; 50002263: Govender; 40013171: A EPIZITONE', 43.0, u'']
check 'BISY121_SEM1_2018' 'BISY121'
processXLS: only for SEM2 [u'BISY121_SEM1_2018', u'BISY121_SEM1_2017', u'BISY121', u'BUSINESS INFORMATION SYSTEMS I (MODULE 2)', u'NDACF1', u'ND: ACCOUNTING (4 YEARS)', u'21', u'SEMESTER 1', u'D1', u'Durban Campus Full-time', u'A', u'40000260: Singh; 40000564: Hansraj;40000309: Singh; 50002263: Govender; 40013171: A EPIZITONE', 43.0, u'']
[u'BISY121_SEM1_2018', u'BISY121_SEM1_2017', u'BISY121', u'BUSINESS INFORMATION SYSTEMS I (MODULE 2)', u'NDCMA3', u'ND: COST AND MANAGEMENT ACCOUNTING', u'21', u'SEMESTER 1', u'D1', u'Durban Campus Full-time', u'A', u'40000260: Singh; 40000564: Hansraj;40000309: Singh; 50002263: Govender; 40013171: A EPIZITONE', 1.0, u'']
check 'BISY121_SEM1_2018' 'BISY121'
processXLS: only for SEM2 [u'BISY121_SEM1_2018', u'BISY121_SEM1_2017', u'BISY121', u'BUSINESS INFORMATION SYSTEMS I (MODULE 2)', u'NDCMA3', u'ND: COST AND MANAGEMENT ACCOUNTING', u'21', u'SEMESTER 1', u'D1', u'Durban Campus Full-time', u'A', u'40000260: Singh; 40000564: Hansraj;40000309: Singh; 50002263: Govender; 40013171: A EPIZITONE', 1.0, u'']
[u'BISY121_SEM1_2018', u'BISY121_SEM1_2017', u'BISY121', u'BUSINESS INFORMATION SYSTEMS I (MODULE 2)', u'NDIAF1', u'ND: INTERNAL AUDITING (4 YEARS)', u'21', u'SEMESTER 1', u'D1', u'Durban Campus Full-time', u'A', u'40000260: Singh; 40000564: Hansraj;40000309: Singh; 50002263: Govender; 40013171: A EPIZITONE', 18.0, u'']
check 'BISY121_SEM1_2018' 'BISY121'
processXLS: only for SEM2 [u'BISY121_SEM1_2018', u'BISY121_SEM1_2017', u'BISY121', u'BUSINESS INFORMATION SYSTEMS I (MODULE 2)', u'NDIAF1', u'ND: INTERNAL AUDITING (4 YEARS)', u'21', u'SEMESTER 1', u'D1', u'Durban Campus Full-time', u'A', u'40000260: Singh; 40000564: Hansraj;40000309: Singh; 50002263: Govender; 40013171: A EPIZITONE', 18.0, u'']
[u'BISY121_SEM1_2018', u'BISY121_SEM1_2017', u'BISY121', u'BUSINESS INFORMATION SYSTEMS I (MODULE 2)', u'NDIAU3', u'ND: INTERNAL AUDITING', u'21', u'SEMESTER 1', u'D1', u'Durban Campus Full-time', u'A', u'40000260: Singh; 40000564: Hansraj;40000309: Singh; 50002263: Govender; 40013171: A EPIZITONE', 73.0, u'']
check 'BISY121_SEM1_2018' 'BISY121'
processXLS: only for SEM2 [u'BISY121_SEM1_2018', u'BISY121_SEM1_2017', u'BISY121', u'BUSINESS INFORMATION SYSTEMS I (MODULE 2)', u'NDIAU3', u'ND: INTERNAL AUDITING', u'21', u'SEMESTER 1', u'D1', u'Durban Campus Full-time', u'A', u'40000260: Singh; 40000564: Hansraj;40000309: Singh; 50002263: Govender; 40013171: A EPIZITONE', 73.0, u'']
[u'BISY121_SEM1_2018', u'BISY121_SEM1_2017', u'BISY121', u'BUSINESS INFORMATION SYSTEMS I (MODULE 2)', u'NDTXF1', u'ND: TAXATION (4YEARS)', u'21', u'SEMESTER 1', u'D1', u'Durban Campus Full-time', u'A', u'40000260: Singh; 40000564: Hansraj;40000309: Singh; 50002263: Govender; 40013171: A EPIZITONE', 17.0, u'']
check 'BISY121_SEM1_2018' 'BISY121'
processXLS: only for SEM2 [u'BISY121_SEM1_2018', u'BISY121_SEM1_2017', u'BISY121', u'BUSINESS INFORMATION SYSTEMS I (MODULE 2)', u'NDTXF1', u'ND: TAXATION (4YEARS)', u'21', u'SEMESTER 1', u'D1', u'Durban Campus Full-time', u'A', u'40000260: Singh; 40000564: Hansraj;40000309: Singh; 50002263: Govender; 40013171: A EPIZITONE', 17.0, u'']
[u'', u'', u'', u'', u'', u'', u'', u'', u'', u'', u'', u'', u'', u'']
check '' ''
[u'BISY121_SEM2_2018', u'BISY121_SEM2_2017', u'BISY121', u'BUSINESS INFORMATION SYSTEMS I (MODULE 2)', u'NDACC3', u'ND: ACCOUNTING', u'22', u'SEMESTER 2', u'D1', u'Durban Campus Full-time', u'A', u'40000260: Singh; 40000564: Hansraj;40000309: Singh; 50002263: Govender; 40013171: A EPIZITONE', 1.0, u'']
check 'BISY121_SEM2_2018' 'BISY121'
adding  BISY121
requesting:  http://10.0.100.98:8000/bbinfo/matching_courses/BISY121%25
r= <Response [200]>
matching classes= set([u'BISY121_2013', u'BISY121_ALL_2016', u'BISY121_13_MUKC', u'BISY121_SEM1_2018', u'BISY121_14_SOSN', u'BISY121_SEM2_2018', u'BISY121_SEM1_2017', u'BISY121_SEM2_2017', u'BISY121_13_RAMU'])
[u'BISY121_SEM2_2018', u'BISY121_SEM2_2017', u'BISY121', u'BUSINESS INFORMATION SYSTEMS I (MODULE 2)', u'NDACC3', u'ND: ACCOUNTING', u'22', u'SEMESTER 2', u'D3', u'Durban Campus Part-time', u'A', u'40000260: Singh; 40000564: Hansraj;40000309: Singh; 50002263: Govender; 40013171: A EPIZITONE', 16.0, u'']
check 'BISY121_SEM2_2018' 'BISY121'
adding  BISY121
requesting:  http://10.0.100.98:8000/bbinfo/matching_courses/BISY121%25
r= <Response [200]>
matching classes= set([u'BISY121_2013', u'BISY121_ALL_2016', u'BISY121_13_MUKC', u'BISY121_SEM1_2018', u'BISY121_14_SOSN', u'BISY121_SEM2_2018', u'BISY121_SEM1_2017', u'BISY121_SEM2_2017', u'BISY121_13_RAMU'])
[u'BISY121_SEM2_2018', u'BISY121_SEM2_2017', u'BISY121', u'BUSINESS INFORMATION SYSTEMS I (MODULE 2)', u'NDCAF2', u'ND: COST & MANAGEMENT ACCT (4 YEARS)', u'22', u'SEMESTER 2', u'D1', u'Durban Campus Full-time', u'A', u'40000260: Singh; 40000564: Hansraj;40000309: Singh; 50002263: Govender; 40013171: A EPIZITONE', 24.0, u'']
check 'BISY121_SEM2_2018' 'BISY121'
adding  BISY121
requesting:  http://10.0.100.98:8000/bbinfo/matching_courses/BISY121%25
r= <Response [200]>
matching classes= set([u'BISY121_2013', u'BISY121_ALL_2016', u'BISY121_13_MUKC', u'BISY121_SEM1_2018', u'BISY121_14_SOSN', u'BISY121_SEM2_2018', u'BISY121_SEM1_2017', u'BISY121_SEM2_2017', u'BISY121_13_RAMU'])
[u'BISY121_SEM2_2018', u'BISY121_SEM2_2017', u'BISY121', u'BUSINESS INFORMATION SYSTEMS I (MODULE 2)', u'NDCMA3', u'ND: COST AND MANAGEMENT ACCOUNTING', u'22', u'SEMESTER 2', u'D1', u'Durban Campus Full-time', u'A', u'40000260: Singh; 40000564: Hansraj;40000309: Singh; 50002263: Govender; 40013171: A EPIZITONE', 173.0, u'']
check 'BISY121_SEM2_2018' 'BISY121'
adding  BISY121
requesting:  http://10.0.100.98:8000/bbinfo/matching_courses/BISY121%25
r= <Response [200]>
matching classes= set([u'BISY121_2013', u'BISY121_ALL_2016', u'BISY121_13_MUKC', u'BISY121_SEM1_2018', u'BISY121_14_SOSN', u'BISY121_SEM2_2018', u'BISY121_SEM1_2017', u'BISY121_SEM2_2017', u'BISY121_13_RAMU'])
[u'BISY121_SEM2_2018', u'BISY121_SEM2_2017', u'BISY121', u'BUSINESS INFORMATION SYSTEMS I (MODULE 2)', u'NDCMA3', u'ND: COST AND MANAGEMENT ACCOUNTING', u'22', u'SEMESTER 2', u'D3', u'Durban Campus Part-time', u'A', u'40000260: Singh; 40000564: Hansraj;40000309: Singh; 50002263: Govender; 40013171: A EPIZITONE', 3.0, u'']
check 'BISY121_SEM2_2018' 'BISY121'
adding  BISY121
requesting:  http://10.0.100.98:8000/bbinfo/matching_courses/BISY121%25
r= <Response [200]>
matching classes= set([u'BISY121_2013', u'BISY121_ALL_2016', u'BISY121_13_MUKC', u'BISY121_SEM1_2018', u'BISY121_14_SOSN', u'BISY121_SEM2_2018', u'BISY121_SEM1_2017', u'BISY121_SEM2_2017', u'BISY121_13_RAMU'])
[u'BISY121_SEM2_2018', u'BISY121_SEM2_2017', u'BISY121', u'BUSINESS INFORMATION SYSTEMS I (MODULE 2)', u'NDIAU3', u'ND: INTERNAL AUDITING', u'22', u'SEMESTER 2', u'D1', u'Durban Campus Full-time', u'A', u'40000260: Singh; 40000564: Hansraj;40000309: Singh; 50002263: Govender; 40013171: A EPIZITONE', 1.0, u'']
check 'BISY121_SEM2_2018' 'BISY121'
adding  BISY121
requesting:  http://10.0.100.98:8000/bbinfo/matching_courses/BISY121%25
r= <Response [200]>
matching classes= set([u'BISY121_2013', u'BISY121_ALL_2016', u'BISY121_13_MUKC', u'BISY121_SEM1_2018', u'BISY121_14_SOSN', u'BISY121_SEM2_2018', u'BISY121_SEM1_2017', u'BISY121_SEM2_2017', u'BISY121_13_RAMU'])
[u'BISY121_SEM2_2018', u'BISY121_SEM2_2017', u'BISY121', u'BUSINESS INFORMATION SYSTEMS I (MODULE 2)', u'NDTAX3', u'ND: TAXATION', u'22', u'SEMESTER 2', u'D1', u'Durban Campus Full-time', u'A', u'40000260: Singh; 40000564: Hansraj;40000309: Singh; 50002263: Govender; 40013171: A EPIZITONE', 57.0, u'']
check 'BISY121_SEM2_2018' 'BISY121'
adding  BISY121
requesting:  http://10.0.100.98:8000/bbinfo/matching_courses/BISY121%25
r= <Response [200]>
matching classes= set([u'BISY121_2013', u'BISY121_ALL_2016', u'BISY121_13_MUKC', u'BISY121_SEM1_2018', u'BISY121_14_SOSN', u'BISY121_SEM2_2018', u'BISY121_SEM1_2017', u'BISY121_SEM2_2017', u'BISY121_13_RAMU'])
[u'', u'', u'', u'', u'', u'', u'', u'', u'', u'', u'', u'', u'', u'']
check '' ''
[u'CAPP101_SEM1_2018', u'CAPP101_SEM1_2017', u'CAPP101', u'COMPUTER APPLICATIONS I', u'NDCLF2', u'ND: CLINICAL TECHNOLOGY (4 YEARS)', u'21', u'SEMESTER 1', u'D1', u'Durban Campus Full-time', u'A', u'40003345: DWARIKA; 50001305: White; 40000309: Singh; 50002263: Govender', 12.0, u'']
check 'CAPP101_SEM1_2018' 'CAPP101'
processXLS: only for SEM2 [u'CAPP101_SEM1_2018', u'CAPP101_SEM1_2017', u'CAPP101', u'COMPUTER APPLICATIONS I', u'NDCLF2', u'ND: CLINICAL TECHNOLOGY (4 YEARS)', u'21', u'SEMESTER 1', u'D1', u'Durban Campus Full-time', u'A', u'40003345: DWARIKA; 50001305: White; 40000309: Singh; 50002263: Govender', 12.0, u'']
[u'CAPP101_SEM1_2018', u'CAPP101_SEM1_2017', u'CAPP101', u'COMPUTER APPLICATIONS I', u'NDCLT1', u'ND: CLINICAL TECHNOLOGY', u'21', u'SEMESTER 1', u'D1', u'Durban Campus Full-time', u'A', u'40003345: DWARIKA; 50001305: White; 40000309: Singh; 50002263: Govender', 36.0, u'']
check 'CAPP101_SEM1_2018' 'CAPP101'
processXLS: only for SEM2 [u'CAPP101_SEM1_2018', u'CAPP101_SEM1_2017', u'CAPP101', u'COMPUTER APPLICATIONS I', u'NDCLT1', u'ND: CLINICAL TECHNOLOGY', u'21', u'SEMESTER 1', u'D1', u'Durban Campus Full-time', u'A', u'40003345: DWARIKA; 50001305: White; 40000309: Singh; 50002263: Govender', 36.0, u'']
[u'', u'', u'', u'', u'', u'', u'', u'', u'', u'', u'', u'', u'', u'']
check '' ''
[u'CAPP103_YEAR_2018', u'CAPP103_YEAR_2017', u'CAPP103', u'COMPUTER APPLICATIONS I', u'NDBLD2', u'ND: BUILDING', u'11', u'YEAR', u'D1', u'Durban Campus Full-time', u'A', u'40003345: DWARIKA; 50001305: White; 40000309: Singh; 50002263: Govender', 95.0, u'']
check 'CAPP103_YEAR_2018' 'CAPP103'
processXLS: only for SEM2 [u'CAPP103_YEAR_2018', u'CAPP103_YEAR_2017', u'CAPP103', u'COMPUTER APPLICATIONS I', u'NDBLD2', u'ND: BUILDING', u'11', u'YEAR', u'D1', u'Durban Campus Full-time', u'A', u'40003345: DWARIKA; 50001305: White; 40000309: Singh; 50002263: Govender', 95.0, u'']
[u'', u'', u'', u'', u'', u'', u'', u'', u'', u'', u'', u'', u'', u'']
check '' ''
[u'CMPG101_YEAR_2018', u'CMPG101_YEAR_2017', u'CMPG101', u'COMMERCIAL PROGRAMMING I', u'NDINB1', u'ND: INFORMATION TECHNOLOGY (BUS APP)', u'11', u'YEAR', u'D1', u'Durban Campus Full-time', u'A', u'40003662: Naicker; 50000809: Khalili; 40002947: Zincume; 40000309: Singh; 50002263: Govender', 2.0, u'']
check 'CMPG101_YEAR_2018' 'CMPG101'
processXLS: only for SEM2 [u'CMPG101_YEAR_2018', u'CMPG101_YEAR_2017', u'CMPG101', u'COMMERCIAL PROGRAMMING I', u'NDINB1', u'ND: INFORMATION TECHNOLOGY (BUS APP)', u'11', u'YEAR', u'D1', u'Durban Campus Full-time', u'A', u'40003662: Naicker; 50000809: Khalili; 40002947: Zincume; 40000309: Singh; 50002263: Govender', 2.0, u'']
[u'CMPG101_YEAR_2018', u'CMPG101_YEAR_2017', u'CMPG101', u'COMMERCIAL PROGRAMMING I', u'NDINF2', u'ND: INFORMATION TECHNOLOGY', u'11', u'YEAR', u'D1', u'Durban Campus Full-time', u'A', u'40003662: Naicker; 50000809: Khalili; 40002947: Zincume; 40000309: Singh; 50002263: Govender', 1.0, u'']
check 'CMPG101_YEAR_2018' 'CMPG101'
processXLS: only for SEM2 [u'CMPG101_YEAR_2018', u'CMPG101_YEAR_2017', u'CMPG101', u'COMMERCIAL PROGRAMMING I', u'NDINF2', u'ND: INFORMATION TECHNOLOGY', u'11', u'YEAR', u'D1', u'Durban Campus Full-time', u'A', u'40003662: Naicker; 50000809: Khalili; 40002947: Zincume; 40000309: Singh; 50002263: Govender', 1.0, u'']
[u'CMPG101_YEAR_2018', u'CMPG101_YEAR_2017', u'CMPG101', u'COMMERCIAL PROGRAMMING I', u'NDINS1', u'ND: INFORMATION TECHNOLOGY (S/WARE DEV)', u'11', u'YEAR', u'D1', u'Durban Campus Full-time', u'A', u'40003662: Naicker; 50000809: Khalili; 40002947: Zincume; 40000309: Singh; 50002263: Govender', 98.0, u'']
check 'CMPG101_YEAR_2018' 'CMPG101'
processXLS: only for SEM2 [u'CMPG101_YEAR_2018', u'CMPG101_YEAR_2017', u'CMPG101', u'COMMERCIAL PROGRAMMING I', u'NDINS1', u'ND: INFORMATION TECHNOLOGY (S/WARE DEV)', u'11', u'YEAR', u'D1', u'Durban Campus Full-time', u'A', u'40003662: Naicker; 50000809: Khalili; 40002947: Zincume; 40000309: Singh; 50002263: Govender', 98.0, u'']
[u'CMPG101_YEAR_2018', u'CMPG101_YEAR_2017', u'CMPG101', u'COMMERCIAL PROGRAMMING I', u'NDINS1', u'ND: INFORMATION TECHNOLOGY (S/WARE DEV)', u'11', u'YEAR', u'D3', u'Durban Campus Part-time', u'A', u'40003662: Naicker; 50000809: Khalili; 40002947: Zincume; 40000309: Singh; 50002263: Govender', 17.0, u'']
check 'CMPG101_YEAR_2018' 'CMPG101'
processXLS: only for SEM2 [u'CMPG101_YEAR_2018', u'CMPG101_YEAR_2017', u'CMPG101', u'COMMERCIAL PROGRAMMING I', u'NDINS1', u'ND: INFORMATION TECHNOLOGY (S/WARE DEV)', u'11', u'YEAR', u'D3', u'Durban Campus Part-time', u'A', u'40003662: Naicker; 50000809: Khalili; 40002947: Zincume; 40000309: Singh; 50002263: Govender', 17.0, u'']
[u'CMPG101_YEAR_2018', u'CMPG101_YEAR_2017', u'CMPG101', u'COMMERCIAL PROGRAMMING I', u'NDISF1', u'ND: INFORMATION TECH (S/WARE DEV)(4 YRS)', u'11', u'YEAR', u'D1', u'Durban Campus Full-time', u'A', u'40003662: Naicker; 50000809: Khalili; 40002947: Zincume; 40000309: Singh; 50002263: Govender', 12.0, u'']
check 'CMPG101_YEAR_2018' 'CMPG101'
processXLS: only for SEM2 [u'CMPG101_YEAR_2018', u'CMPG101_YEAR_2017', u'CMPG101', u'COMMERCIAL PROGRAMMING I', u'NDISF1', u'ND: INFORMATION TECH (S/WARE DEV)(4 YRS)', u'11', u'YEAR', u'D1', u'Durban Campus Full-time', u'A', u'40003662: Naicker; 50000809: Khalili; 40002947: Zincume; 40000309: Singh; 50002263: Govender', 12.0, u'']
[u'', u'', u'', u'', u'', u'', u'', u'', u'', u'', u'', u'', u'', u'']
check '' ''
[u'CMPP101_SEM1_2018', u'CMPP101_SEM1_2017', u'CMPP101', u'COMPUTER AND PROGRAMMING SKILLS I', u'NDMCH2', u'ND: ENGINEERING: MECHANICAL', u'21', u'SEMESTER 1', u'D1', u'Durban Campus Full-time', u'A', u'40003345: DWARIKA; 50001305: White; 40000309: Singh; 50002263: Govender', 120.0, u'']
check 'CMPP101_SEM1_2018' 'CMPP101'
processXLS: only for SEM2 [u'CMPP101_SEM1_2018', u'CMPP101_SEM1_2017', u'CMPP101', u'COMPUTER AND PROGRAMMING SKILLS I', u'NDMCH2', u'ND: ENGINEERING: MECHANICAL', u'21', u'SEMESTER 1', u'D1', u'Durban Campus Full-time', u'A', u'40003345: DWARIKA; 50001305: White; 40000309: Singh; 50002263: Govender', 120.0, u'']
[u'', u'', u'', u'', u'', u'', u'', u'', u'', u'', u'', u'', u'', u'']
check '' ''
[u'CMPP101_SEM2_2018', u'CMPP101_SEM2_2017', u'CMPP101', u'COMPUTER AND PROGRAMMING SKILLS I', u'NDMCH2', u'ND: ENGINEERING: MECHANICAL', u'22', u'SEMESTER 2', u'D1', u'Durban Campus Full-time', u'A', u'40003345: DWARIKA; 50001305: White; 40000309: Singh; 50002263: Govender', 1.0, u'']
check 'CMPP101_SEM2_2018' 'CMPP101'
adding  CMPP101
requesting:  http://10.0.100.98:8000/bbinfo/matching_courses/CMPP101%25
r= <Response [200]>
matching classes= set([u'CMPP101_13_NAIS', u'CMPP101_SEM1_2018', u'CMPP101_SEM2_2017', u'CMPP101_ALL_2016', u'CMPP101_2013', u'CMPP101_SEM2_2018', u'CMPP101_SEM1_2017'])
[u'', u'', u'', u'', u'', u'', u'', u'', u'', u'', u'', u'', u'', u'']
check '' ''
[u'CMPT101_SEM1_2018', u'CMPT101_SEM1_2017', u'CMPT101', u'COMPUTER SKILLS I', u'NDCFF2', u'ND: CONS SCI: FOOD & NUTRITION (4 YEARS)', u'21', u'SEMESTER 1', u'D1', u'Durban Campus Full-time', u'A', u'40003345: DWARIKA; 50001305: White; 40000309: Singh; 50002263: Govender', 26.0, u'']
check 'CMPT101_SEM1_2018' 'CMPT101'
processXLS: only for SEM2 [u'CMPT101_SEM1_2018', u'CMPT101_SEM1_2017', u'CMPT101', u'COMPUTER SKILLS I', u'NDCFF2', u'ND: CONS SCI: FOOD & NUTRITION (4 YEARS)', u'21', u'SEMESTER 1', u'D1', u'Durban Campus Full-time', u'A', u'40003345: DWARIKA; 50001305: White; 40000309: Singh; 50002263: Govender', 26.0, u'']
[u'CMPT101_SEM1_2018', u'CMPT101_SEM1_2017', u'CMPT101', u'COMPUTER SKILLS I', u'NDCSF2', u'ND: CONSUMER SCIENCE: FOOD AND NUTRITION', u'21', u'SEMESTER 1', u'D1', u'Durban Campus Full-time', u'A', u'40003345: DWARIKA; 50001305: White; 40000309: Singh; 50002263: Govender', 47.0, u'']
check 'CMPT101_SEM1_2018' 'CMPT101'
processXLS: only for SEM2 [u'CMPT101_SEM1_2018', u'CMPT101_SEM1_2017', u'CMPT101', u'COMPUTER SKILLS I', u'NDCSF2', u'ND: CONSUMER SCIENCE: FOOD AND NUTRITION', u'21', u'SEMESTER 1', u'D1', u'Durban Campus Full-time', u'A', u'40003345: DWARIKA; 50001305: White; 40000309: Singh; 50002263: Govender', 47.0, u'']
[u'', u'', u'', u'', u'', u'', u'', u'', u'', u'', u'', u'', u'', u'']
check '' ''
[u'CNTW101_SEM1_2018', u'CNTW101_SEM1_2017', u'CNTW101', u'COMMUNICATION NETWORKS I', u'DIIAD1', u'DIP IN INFO & COMM TECH IN APP DEV', u'21', u'SEMESTER 1', u'D1', u'Durban Campus Full-time', u'A', u'40000552:BHOOLA; 40000265: ASMAL; 40000309: Singh; 50002263: Govender', 1.0, u'']
check 'CNTW101_SEM1_2018' 'CNTW101'
processXLS: only for SEM2 [u'CNTW101_SEM1_2018', u'CNTW101_SEM1_2017', u'CNTW101', u'COMMUNICATION NETWORKS I', u'DIIAD1', u'DIP IN INFO & COMM TECH IN APP DEV', u'21', u'SEMESTER 1', u'D1', u'Durban Campus Full-time', u'A', u'40000552:BHOOLA; 40000265: ASMAL; 40000309: Singh; 50002263: Govender', 1.0, u'']
[u'CNTW101_SEM1_2018', u'CNTW101_SEM1_2017', u'CNTW101', u'COMMUNICATION NETWORKS I', u'DIIAF1', u'DIP  INFO & COMM TECH/APP DEV (4 YEARS)', u'21', u'SEMESTER 1', u'D1', u'Durban Campus Full-time', u'A', u'40000552:BHOOLA; 40000265: ASMAL; 40000309: Singh; 50002263: Govender', u'', u'']
check 'CNTW101_SEM1_2018' 'CNTW101'
processXLS: only for SEM2 [u'CNTW101_SEM1_2018', u'CNTW101_SEM1_2017', u'CNTW101', u'COMMUNICATION NETWORKS I', u'DIIAF1', u'DIP  INFO & COMM TECH/APP DEV (4 YEARS)', u'21', u'SEMESTER 1', u'D1', u'Durban Campus Full-time', u'A', u'40000552:BHOOLA; 40000265: ASMAL; 40000309: Singh; 50002263: Govender', u'', u'']
[u'', u'', u'', u'', u'', u'', u'', u'', u'', u'', u'', u'', u'', u'']
check '' ''
[u'CNTW101_SEM2_2018', u'CNTW101_SEM2_2017', u'CNTW101', u'COMMUNICATION NETWORKS I', u'DIIAD1', u'DIP IN INFO & COMM TECH IN APP DEV', u'22', u'SEMESTER 2', u'D1', u'Durban Campus Full-time', u'A', u'40000552:BHOOLA; 40000265: ASMAL; 40000309: Singh; 50002263: Govender', 370.0, u'']
check 'CNTW101_SEM2_2018' 'CNTW101'
adding  CNTW101
requesting:  http://10.0.100.98:8000/bbinfo/matching_courses/CNTW101%25
r= <Response [200]>
matching classes= set([u'CNTW101_SEM1_2018', u'CNTW101_SEM2_2017', u'CNTW101_SEM2_2016', u'CNTW101_SEM2_2018', u'CNTW101_SEM1_2017'])
[u'', u'', u'', u'', u'', u'', u'', u'', u'', u'', u'', u'', u'', u'']
check '' ''
[u'CPSK101_SEM1_2018', u'CPSK101_SEM1_2017', u'CPSK101', u'COMPUTER SKILLS I', u'NDIND2', u'ND: ENGINEERING: INDUSTRIAL', u'21', u'SEMESTER 1', u'D1', u'Durban Campus Full-time', u'A', u'40003345: DWARIKA; 50001305: White; 40000309: Singh; 50002263: Govender', 50.0, u'']
check 'CPSK101_SEM1_2018' 'CPSK101'
processXLS: only for SEM2 [u'CPSK101_SEM1_2018', u'CPSK101_SEM1_2017', u'CPSK101', u'COMPUTER SKILLS I', u'NDIND2', u'ND: ENGINEERING: INDUSTRIAL', u'21', u'SEMESTER 1', u'D1', u'Durban Campus Full-time', u'A', u'40003345: DWARIKA; 50001305: White; 40000309: Singh; 50002263: Govender', 50.0, u'']
[u'CPSK101_SEM1_2018', u'CPSK101_SEM1_2017', u'CPSK101', u'COMPUTER SKILLS I', u'NDTRP2', u'ND: TOWN AND REGIONAL PLANNING', u'21', u'SEMESTER 1', u'D1', u'Durban Campus Full-time', u'A', u'40003345: DWARIKA; 50001305: White; 40000309: Singh; 50002263: Govender', 63.0, u'']
check 'CPSK101_SEM1_2018' 'CPSK101'
processXLS: only for SEM2 [u'CPSK101_SEM1_2018', u'CPSK101_SEM1_2017', u'CPSK101', u'COMPUTER SKILLS I', u'NDTRP2', u'ND: TOWN AND REGIONAL PLANNING', u'21', u'SEMESTER 1', u'D1', u'Durban Campus Full-time', u'A', u'40003345: DWARIKA; 50001305: White; 40000309: Singh; 50002263: Govender', 63.0, u'']
[u'', u'', u'', u'', u'', u'', u'', u'', u'', u'', u'', u'', u'', u'']
check '' ''
[u'CPSK101_SEM2_2018', u'CPSK101_SEM2_2017', u'CPSK101', u'COMPUTER SKILLS I', u'NDIND2', u'ND: ENGINEERING: INDUSTRIAL', u'22', u'SEMESTER 2', u'D1', u'Durban Campus Full-time', u'A', u'40003345: DWARIKA; 50001305: White; 40000309: Singh; 50002263: Govender', 31.0, u'']
check 'CPSK101_SEM2_2018' 'CPSK101'
adding  CPSK101
requesting:  http://10.0.100.98:8000/bbinfo/matching_courses/CPSK101%25
r= <Response [200]>
matching classes= set([u'CPSK101_2013', u'CPSK101_13_NAIS', u'CPSK101_SEM2_2017', u'CPSK101_SEM2_2018', u'CPSK101_SEM1_2018', u'CPSK101_ALL_2016', u'CPSK101_13_SOOS', u'CPSK101_SEM1_2017'])
[u'CPSK101_SEM2_2018', u'CPSK101_SEM2_2017', u'CPSK101', u'COMPUTER SKILLS I', u'NDTRP2', u'ND: TOWN AND REGIONAL PLANNING', u'22', u'SEMESTER 2', u'D1', u'Durban Campus Full-time', u'A', u'40003345: DWARIKA; 50001305: White; 40000309: Singh; 50002263: Govender', 2.0, u'']
check 'CPSK101_SEM2_2018' 'CPSK101'
adding  CPSK101
requesting:  http://10.0.100.98:8000/bbinfo/matching_courses/CPSK101%25
r= <Response [200]>
matching classes= set([u'CPSK101_2013', u'CPSK101_13_NAIS', u'CPSK101_SEM2_2017', u'CPSK101_SEM2_2018', u'CPSK101_SEM1_2018', u'CPSK101_ALL_2016', u'CPSK101_13_SOOS', u'CPSK101_SEM1_2017'])
[u'', u'', u'', u'', u'', u'', u'', u'', u'', u'', u'', u'', u'', u'']
check '' ''
[u'CPSK102_SEM1_2018', u'CPSK102_SEM1_2017', u'CPSK102', u'COMPUTER SKILLS I', u'NDSMF1', u'ND: SOMATOLOGY (4 YEARS)', u'21', u'SEMESTER 1', u'D1', u'Durban Campus Full-time', u'A', u'40003345: DWARIKA; 50001305: White; 40000309: Singh; 50002263: Govender', 30.0, u'']
check 'CPSK102_SEM1_2018' 'CPSK102'
processXLS: only for SEM2 [u'CPSK102_SEM1_2018', u'CPSK102_SEM1_2017', u'CPSK102', u'COMPUTER SKILLS I', u'NDSMF1', u'ND: SOMATOLOGY (4 YEARS)', u'21', u'SEMESTER 1', u'D1', u'Durban Campus Full-time', u'A', u'40003345: DWARIKA; 50001305: White; 40000309: Singh; 50002263: Govender', 30.0, u'']
[u'CPSK102_SEM1_2018', u'CPSK102_SEM1_2017', u'CPSK102', u'COMPUTER SKILLS I', u'NDSOM1', u'ND: SOMATOLOGY', u'21', u'SEMESTER 1', u'D1', u'Durban Campus Full-time', u'A', u'40003345: DWARIKA; 50001305: White; 40000309: Singh; 50002263: Govender', 15.0, u'']
check 'CPSK102_SEM1_2018' 'CPSK102'
processXLS: only for SEM2 [u'CPSK102_SEM1_2018', u'CPSK102_SEM1_2017', u'CPSK102', u'COMPUTER SKILLS I', u'NDSOM1', u'ND: SOMATOLOGY', u'21', u'SEMESTER 1', u'D1', u'Durban Campus Full-time', u'A', u'40003345: DWARIKA; 50001305: White; 40000309: Singh; 50002263: Govender', 15.0, u'']
[u'', u'', u'', u'', u'', u'', u'', u'', u'', u'', u'', u'', u'', u'']
check '' ''
[u'CSCC101_SEM1_2018', u'CSCC101_SEM1_2017', u'CSCC101', u'COMPUTER SKILLS I', u'NDACH2', u'ND: ANALYTICAL CHEMISTRY', u'21', u'SEMESTER 1', u'D1', u'Durban Campus Full-time', u'A', u'40003345: DWARIKA; 50001305: White; 40000309: Singh; 50002263: Govender', 66.0, u'']
check 'CSCC101_SEM1_2018' 'CSCC101'
processXLS: only for SEM2 [u'CSCC101_SEM1_2018', u'CSCC101_SEM1_2017', u'CSCC101', u'COMPUTER SKILLS I', u'NDACH2', u'ND: ANALYTICAL CHEMISTRY', u'21', u'SEMESTER 1', u'D1', u'Durban Campus Full-time', u'A', u'40003345: DWARIKA; 50001305: White; 40000309: Singh; 50002263: Govender', 66.0, u'']
[u'CSCC101_SEM1_2018', u'CSCC101_SEM1_2017', u'CSCC101', u'COMPUTER SKILLS I', u'NDACH2', u'ND: ANALYTICAL CHEMISTRY', u'21', u'SEMESTER 1', u'D1', u'Durban Campus Full-time', u'8', u'40003345: DWARIKA; 50001305: White; 40000309: Singh; 50002263: Govender', 3.0, u'']
check 'CSCC101_SEM1_2018' 'CSCC101'
processXLS: only for SEM2 [u'CSCC101_SEM1_2018', u'CSCC101_SEM1_2017', u'CSCC101', u'COMPUTER SKILLS I', u'NDACH2', u'ND: ANALYTICAL CHEMISTRY', u'21', u'SEMESTER 1', u'D1', u'Durban Campus Full-time', u'8', u'40003345: DWARIKA; 50001305: White; 40000309: Singh; 50002263: Govender', 3.0, u'']
[u'CSCC101_SEM1_2018', u'CSCC101_SEM1_2017', u'CSCC101', u'COMPUTER SKILLS I', u'NDEPE2', u'ND: ENGINEERING: ELECTRICAL  (H/C)', u'21', u'SEMESTER 1', u'D1', u'Durban Campus Full-time', u'8', u'40003345: DWARIKA; 50001305: White; 40000309: Singh; 50002263: Govender', 1.0, u'']
check 'CSCC101_SEM1_2018' 'CSCC101'
processXLS: only for SEM2 [u'CSCC101_SEM1_2018', u'CSCC101_SEM1_2017', u'CSCC101', u'COMPUTER SKILLS I', u'NDEPE2', u'ND: ENGINEERING: ELECTRICAL  (H/C)', u'21', u'SEMESTER 1', u'D1', u'Durban Campus Full-time', u'8', u'40003345: DWARIKA; 50001305: White; 40000309: Singh; 50002263: Govender', 1.0, u'']
[u'CSCC101_SEM1_2018', u'CSCC101_SEM1_2017', u'CSCC101', u'COMPUTER SKILLS I', u'NDEPE2', u'ND: ENGINEERING: ELECTRICAL  (H/C)', u'21', u'SEMESTER 1', u'D1', u'Durban Campus Full-time', u'A', u'40003345: DWARIKA; 50001305: White; 40000309: Singh; 50002263: Govender', 111.0, u'']
check 'CSCC101_SEM1_2018' 'CSCC101'
processXLS: only for SEM2 [u'CSCC101_SEM1_2018', u'CSCC101_SEM1_2017', u'CSCC101', u'COMPUTER SKILLS I', u'NDEPE2', u'ND: ENGINEERING: ELECTRICAL  (H/C)', u'21', u'SEMESTER 1', u'D1', u'Durban Campus Full-time', u'A', u'40003345: DWARIKA; 50001305: White; 40000309: Singh; 50002263: Govender', 111.0, u'']
[u'CSCC101_SEM1_2018', u'CSCC101_SEM1_2017', u'CSCC101', u'COMPUTER SKILLS I', u'NDMCH2', u'ND: ENGINEERING: MECHANICAL', u'21', u'SEMESTER 1', u'D1', u'Durban Campus Full-time', u'A', u'40003345: DWARIKA; 50001305: White; 40000309: Singh; 50002263: Govender', 1.0, u'']
check 'CSCC101_SEM1_2018' 'CSCC101'
processXLS: only for SEM2 [u'CSCC101_SEM1_2018', u'CSCC101_SEM1_2017', u'CSCC101', u'COMPUTER SKILLS I', u'NDMCH2', u'ND: ENGINEERING: MECHANICAL', u'21', u'SEMESTER 1', u'D1', u'Durban Campus Full-time', u'A', u'40003345: DWARIKA; 50001305: White; 40000309: Singh; 50002263: Govender', 1.0, u'']
[u'', u'', u'', u'', u'', u'', u'', u'', u'', u'', u'', u'', u'', u'']
check '' ''
[u'CSER101_SEM1_2018', u'CSER101_SEM1_2017', u'CSER101', u'COMPUTER SKILLS I', u'NDMTS1', u'ND: MARITIME STUDIES', u'21', u'SEMESTER 1', u'D1', u'Durban Campus Full-time', u'A', u'40003345: DWARIKA; 50001305: White; 40000309: Singh; 50002263: Govender', 2.0, u'']
check 'CSER101_SEM1_2018' 'CSER101'
processXLS: only for SEM2 [u'CSER101_SEM1_2018', u'CSER101_SEM1_2017', u'CSER101', u'COMPUTER SKILLS I', u'NDMTS1', u'ND: MARITIME STUDIES', u'21', u'SEMESTER 1', u'D1', u'Durban Campus Full-time', u'A', u'40003345: DWARIKA; 50001305: White; 40000309: Singh; 50002263: Govender', 2.0, u'']
[u'', u'', u'', u'', u'', u'', u'', u'', u'', u'', u'', u'', u'', u'']
check '' ''
[u'CSIL101_SEM1_2018', u'CSIL101_SEM1_2017', u'CSIL101', u'COMPUTER SKILLS AND INFORMATION LITERACY', u'DINAU1', u'DIPLOMA IN NAUTICAL STUDIES', u'21', u'SEMESTER 1', u'D1', u'Durban Campus Full-time', u'A', u'40003345: DWARIKA; 50001305: White; 40000309: Singh; 50002263: Govender', 61.0, u'chk']
check 'CSIL101_SEM1_2018' 'CSIL101'
processXLS: only for SEM2 [u'CSIL101_SEM1_2018', u'CSIL101_SEM1_2017', u'CSIL101', u'COMPUTER SKILLS AND INFORMATION LITERACY', u'DINAU1', u'DIPLOMA IN NAUTICAL STUDIES', u'21', u'SEMESTER 1', u'D1', u'Durban Campus Full-time', u'A', u'40003345: DWARIKA; 50001305: White; 40000309: Singh; 50002263: Govender', 61.0, u'chk']
[u'CSIL101_SEM1_2018', u'CSIL101_SEM1_2017', u'CSIL101', u'COMPUTER SKILLS AND INFORMATION LITERACY', u'DISHL1', u'DIPLOMA IN SHIPPING AND LOGISTICS', u'21', u'SEMESTER 1', u'D1', u'Durban Campus Full-time', u'A', u'40003345: DWARIKA; 50001305: White; 40000309: Singh; 50002263: Govender', 59.0, u'chk']
check 'CSIL101_SEM1_2018' 'CSIL101'
processXLS: only for SEM2 [u'CSIL101_SEM1_2018', u'CSIL101_SEM1_2017', u'CSIL101', u'COMPUTER SKILLS AND INFORMATION LITERACY', u'DISHL1', u'DIPLOMA IN SHIPPING AND LOGISTICS', u'21', u'SEMESTER 1', u'D1', u'Durban Campus Full-time', u'A', u'40003345: DWARIKA; 50001305: White; 40000309: Singh; 50002263: Govender', 59.0, u'chk']
[u'', u'', u'', u'', u'', u'', u'', u'', u'', u'', u'', u'', u'', u'']
check '' ''
[u'CUSG101_YEAR_2018', u'CUSG101_YEAR_2017', u'CUSG101', u'COMPUTER USAGE I', u'NDLPR1', u'ND: LANGUAGE PRACTICE', u'11', u'YEAR', u'D1', u'Durban Campus Full-time', u'A', u'40000260: Singh; 40000564: Hansraj; 40002830: VILLAKAZI; 40000309: Singh; 50002263: Govender; 40013171: A EPIZITONE', 49.0, u'']
check 'CUSG101_YEAR_2018' 'CUSG101'
processXLS: only for SEM2 [u'CUSG101_YEAR_2018', u'CUSG101_YEAR_2017', u'CUSG101', u'COMPUTER USAGE I', u'NDLPR1', u'ND: LANGUAGE PRACTICE', u'11', u'YEAR', u'D1', u'Durban Campus Full-time', u'A', u'40000260: Singh; 40000564: Hansraj; 40002830: VILLAKAZI; 40000309: Singh; 50002263: Govender; 40013171: A EPIZITONE', 49.0, u'']
[u'CUSG101_YEAR_2018', u'CUSG101_YEAR_2017', u'CUSG101', u'COMPUTER USAGE I', u'NDTIP1', u'ND: TRANSLATION & INTERPRETING PRACTICE', u'11', u'YEAR', u'D1', u'Durban Campus Full-time', u'A', u'40000260: Singh; 40000564: Hansraj; 40002830: VILLAKAZI; 40000309: Singh; 50002263: Govender; 40013171: A EPIZITONE', 55.0, u'']
check 'CUSG101_YEAR_2018' 'CUSG101'
processXLS: only for SEM2 [u'CUSG101_YEAR_2018', u'CUSG101_YEAR_2017', u'CUSG101', u'COMPUTER USAGE I', u'NDTIP1', u'ND: TRANSLATION & INTERPRETING PRACTICE', u'11', u'YEAR', u'D1', u'Durban Campus Full-time', u'A', u'40000260: Singh; 40000564: Hansraj; 40002830: VILLAKAZI; 40000309: Singh; 50002263: Govender; 40013171: A EPIZITONE', 55.0, u'']
[u'', u'', u'', u'', u'', u'', u'', u'', u'', u'', u'', u'', u'', u'']
check '' ''
[u'EUCM111_YEAR_2018', u'EUCM111_YEAR_2017', u'EUCM111', u'END-USER COMPUTING I (MODULE 1)', u'NDHRM1', u'ND: HUMAN RESOURCES MANAGEMENT', u'11', u'YEAR', u'D1', u'Durban Campus Full-time', u'A', u'40000260: Singh; 40000564: Hansraj;40000309: Singh; 50002263: Govender; 40013171: A EPIZITONE', 3.0, u'']
check 'EUCM111_YEAR_2018' 'EUCM111'
processXLS: only for SEM2 [u'EUCM111_YEAR_2018', u'EUCM111_YEAR_2017', u'EUCM111', u'END-USER COMPUTING I (MODULE 1)', u'NDHRM1', u'ND: HUMAN RESOURCES MANAGEMENT', u'11', u'YEAR', u'D1', u'Durban Campus Full-time', u'A', u'40000260: Singh; 40000564: Hansraj;40000309: Singh; 50002263: Govender; 40013171: A EPIZITONE', 3.0, u'']
[u'EUCM111_YEAR_2018', u'EUCM111_YEAR_2017', u'EUCM111', u'END-USER COMPUTING I (MODULE 1)', u'NDHRM1', u'ND: HUMAN RESOURCES MANAGEMENT', u'11', u'YEAR', u'D3', u'Durban Campus Part-time', u'A', u'40000260: Singh; 40000564: Hansraj;40000309: Singh; 50002263: Govender; 40013171: A EPIZITONE', 2.0, u'']
check 'EUCM111_YEAR_2018' 'EUCM111'
processXLS: only for SEM2 [u'EUCM111_YEAR_2018', u'EUCM111_YEAR_2017', u'EUCM111', u'END-USER COMPUTING I (MODULE 1)', u'NDHRM1', u'ND: HUMAN RESOURCES MANAGEMENT', u'11', u'YEAR', u'D3', u'Durban Campus Part-time', u'A', u'40000260: Singh; 40000564: Hansraj;40000309: Singh; 50002263: Govender; 40013171: A EPIZITONE', 2.0, u'']
[u'EUCM111_YEAR_2018', u'EUCM111_YEAR_2017', u'EUCM111', u'END-USER COMPUTING I (MODULE 1)', u'NDMKT1', u'ND: MARKETING', u'11', u'YEAR', u'D1', u'Durban Campus Full-time', u'A', u'40000260: Singh; 40000564: Hansraj;40000309: Singh; 50002263: Govender; 40013171: A EPIZITONE', 2.0, u'']
check 'EUCM111_YEAR_2018' 'EUCM111'
processXLS: only for SEM2 [u'EUCM111_YEAR_2018', u'EUCM111_YEAR_2017', u'EUCM111', u'END-USER COMPUTING I (MODULE 1)', u'NDMKT1', u'ND: MARKETING', u'11', u'YEAR', u'D1', u'Durban Campus Full-time', u'A', u'40000260: Singh; 40000564: Hansraj;40000309: Singh; 50002263: Govender; 40013171: A EPIZITONE', 2.0, u'']
[u'', u'', u'', u'', u'', u'', u'', u'', u'', u'', u'', u'', u'', u'']
check '' ''
[u'EUCM111_SEM1_2018', u'EUCM111_SEM1_2017', u'EUCM111', u'END-USER COMPUTING I (MODULE 1)', u'NDHRM1', u'ND: HUMAN RESOURCES MANAGEMENT', u'21', u'SEMESTER 1', u'D1', u'Durban Campus Full-time', u'A', u'40000260: Singh; 40000564: Hansraj;40000309: Singh; 50002263: Govender; 40013171: A EPIZITONE', 23.0, u'']
check 'EUCM111_SEM1_2018' 'EUCM111'
processXLS: only for SEM2 [u'EUCM111_SEM1_2018', u'EUCM111_SEM1_2017', u'EUCM111', u'END-USER COMPUTING I (MODULE 1)', u'NDHRM1', u'ND: HUMAN RESOURCES MANAGEMENT', u'21', u'SEMESTER 1', u'D1', u'Durban Campus Full-time', u'A', u'40000260: Singh; 40000564: Hansraj;40000309: Singh; 50002263: Govender; 40013171: A EPIZITONE', 23.0, u'']
[u'EUCM111_SEM1_2018', u'EUCM111_SEM1_2017', u'EUCM111', u'END-USER COMPUTING I (MODULE 1)', u'NDHRM1', u'ND: HUMAN RESOURCES MANAGEMENT', u'21', u'SEMESTER 1', u'D3', u'Durban Campus Part-time', u'A', u'40000260: Singh; 40000564: Hansraj;40000309: Singh; 50002263: Govender; 40013171: A EPIZITONE', 30.0, u'']
check 'EUCM111_SEM1_2018' 'EUCM111'
processXLS: only for SEM2 [u'EUCM111_SEM1_2018', u'EUCM111_SEM1_2017', u'EUCM111', u'END-USER COMPUTING I (MODULE 1)', u'NDHRM1', u'ND: HUMAN RESOURCES MANAGEMENT', u'21', u'SEMESTER 1', u'D3', u'Durban Campus Part-time', u'A', u'40000260: Singh; 40000564: Hansraj;40000309: Singh; 50002263: Govender; 40013171: A EPIZITONE', 30.0, u'']
[u'EUCM111_SEM1_2018', u'EUCM111_SEM1_2017', u'EUCM111', u'END-USER COMPUTING I (MODULE 1)', u'NDLIF2', u'ND: LIBRARY & INFO STUDIES (4 YEARS)', u'21', u'SEMESTER 1', u'D1', u'Durban Campus Full-time', u'A', u'40000260: Singh; 40000564: Hansraj;40000309: Singh; 50002263: Govender; 40013171: A EPIZITONE', 13.0, u'']
check 'EUCM111_SEM1_2018' 'EUCM111'
processXLS: only for SEM2 [u'EUCM111_SEM1_2018', u'EUCM111_SEM1_2017', u'EUCM111', u'END-USER COMPUTING I (MODULE 1)', u'NDLIF2', u'ND: LIBRARY & INFO STUDIES (4 YEARS)', u'21', u'SEMESTER 1', u'D1', u'Durban Campus Full-time', u'A', u'40000260: Singh; 40000564: Hansraj;40000309: Singh; 50002263: Govender; 40013171: A EPIZITONE', 13.0, u'']
[u'EUCM111_SEM1_2018', u'EUCM111_SEM1_2017', u'EUCM111', u'END-USER COMPUTING I (MODULE 1)', u'NDLIS1', u'ND: LIBRARY AND INFORMATION STUDIES', u'21', u'SEMESTER 1', u'D1', u'Durban Campus Full-time', u'A', u'40000260: Singh; 40000564: Hansraj;40000309: Singh; 50002263: Govender; 40013171: A EPIZITONE', 64.0, u'']
check 'EUCM111_SEM1_2018' 'EUCM111'
processXLS: only for SEM2 [u'EUCM111_SEM1_2018', u'EUCM111_SEM1_2017', u'EUCM111', u'END-USER COMPUTING I (MODULE 1)', u'NDLIS1', u'ND: LIBRARY AND INFORMATION STUDIES', u'21', u'SEMESTER 1', u'D1', u'Durban Campus Full-time', u'A', u'40000260: Singh; 40000564: Hansraj;40000309: Singh; 50002263: Govender; 40013171: A EPIZITONE', 64.0, u'']
[u'EUCM111_SEM1_2018', u'EUCM111_SEM1_2017', u'EUCM111', u'END-USER COMPUTING I (MODULE 1)', u'NDMKT1', u'ND: MARKETING', u'21', u'SEMESTER 1', u'D1', u'Durban Campus Full-time', u'A', u'40000260: Singh; 40000564: Hansraj;40000309: Singh; 50002263: Govender; 40013171: A EPIZITONE', 10.0, u'']
check 'EUCM111_SEM1_2018' 'EUCM111'
processXLS: only for SEM2 [u'EUCM111_SEM1_2018', u'EUCM111_SEM1_2017', u'EUCM111', u'END-USER COMPUTING I (MODULE 1)', u'NDMKT1', u'ND: MARKETING', u'21', u'SEMESTER 1', u'D1', u'Durban Campus Full-time', u'A', u'40000260: Singh; 40000564: Hansraj;40000309: Singh; 50002263: Govender; 40013171: A EPIZITONE', 10.0, u'']
[u'EUCM111_SEM1_2018', u'EUCM111_SEM1_2017', u'EUCM111', u'END-USER COMPUTING I (MODULE 1)', u'NDMNG1', u'ND: MANAGEMENT', u'21', u'SEMESTER 1', u'D1', u'Durban Campus Full-time', u'A', u'40000260: Singh; 40000564: Hansraj;40000309: Singh; 50002263: Govender; 40013171: A EPIZITONE', 5.0, u'']
check 'EUCM111_SEM1_2018' 'EUCM111'
processXLS: only for SEM2 [u'EUCM111_SEM1_2018', u'EUCM111_SEM1_2017', u'EUCM111', u'END-USER COMPUTING I (MODULE 1)', u'NDMNG1', u'ND: MANAGEMENT', u'21', u'SEMESTER 1', u'D1', u'Durban Campus Full-time', u'A', u'40000260: Singh; 40000564: Hansraj;40000309: Singh; 50002263: Govender; 40013171: A EPIZITONE', 5.0, u'']
[u'EUCM111_SEM1_2018', u'EUCM111_SEM1_2017', u'EUCM111', u'END-USER COMPUTING I (MODULE 1)', u'NDOPM1', u'ND: OPERATIONS MANAGEMENT', u'21', u'SEMESTER 1', u'D1', u'Durban Campus Full-time', u'A', u'40000260: Singh; 40000564: Hansraj;40000309: Singh; 50002263: Govender; 40013171: A EPIZITONE', 72.0, u'']
check 'EUCM111_SEM1_2018' 'EUCM111'
processXLS: only for SEM2 [u'EUCM111_SEM1_2018', u'EUCM111_SEM1_2017', u'EUCM111', u'END-USER COMPUTING I (MODULE 1)', u'NDOPM1', u'ND: OPERATIONS MANAGEMENT', u'21', u'SEMESTER 1', u'D1', u'Durban Campus Full-time', u'A', u'40000260: Singh; 40000564: Hansraj;40000309: Singh; 50002263: Govender; 40013171: A EPIZITONE', 72.0, u'']
[u'EUCM111_SEM1_2018', u'EUCM111_SEM1_2017', u'EUCM111', u'END-USER COMPUTING I (MODULE 1)', u'NDOPM1', u'ND: OPERATIONS MANAGEMENT', u'21', u'SEMESTER 1', u'D3', u'Durban Campus Part-time', u'A', u'40000260: Singh; 40000564: Hansraj;40000309: Singh; 50002263: Govender; 40013171: A EPIZITONE', 77.0, u'']
check 'EUCM111_SEM1_2018' 'EUCM111'
processXLS: only for SEM2 [u'EUCM111_SEM1_2018', u'EUCM111_SEM1_2017', u'EUCM111', u'END-USER COMPUTING I (MODULE 1)', u'NDOPM1', u'ND: OPERATIONS MANAGEMENT', u'21', u'SEMESTER 1', u'D3', u'Durban Campus Part-time', u'A', u'40000260: Singh; 40000564: Hansraj;40000309: Singh; 50002263: Govender; 40013171: A EPIZITONE', 77.0, u'']
[u'EUCM111_SEM1_2018', u'EUCM111_SEM1_2017', u'EUCM111', u'END-USER COMPUTING I (MODULE 1)', u'NDOPM1', u'ND: OPERATIONS MANAGEMENT', u'21', u'SEMESTER 1', u'D3', u'Durban Campus Part-time', u'A', u'40000260: Singh; 40000564: Hansraj;40000309: Singh; 50002263: Govender; 40013171: A EPIZITONE', 1.0, u'']
check 'EUCM111_SEM1_2018' 'EUCM111'
processXLS: only for SEM2 [u'EUCM111_SEM1_2018', u'EUCM111_SEM1_2017', u'EUCM111', u'END-USER COMPUTING I (MODULE 1)', u'NDOPM1', u'ND: OPERATIONS MANAGEMENT', u'21', u'SEMESTER 1', u'D3', u'Durban Campus Part-time', u'A', u'40000260: Singh; 40000564: Hansraj;40000309: Singh; 50002263: Govender; 40013171: A EPIZITONE', 1.0, u'']
[u'EUCM111_SEM1_2018', u'EUCM111_SEM1_2017', u'EUCM111', u'END-USER COMPUTING I (MODULE 1)', u'NDRBM1', u'ND: RETAIL BUSINESS MANAGEMENT', u'21', u'SEMESTER 1', u'D1', u'Durban Campus Full-time', u'A', u'40000260: Singh; 40000564: Hansraj;40000309: Singh; 50002263: Govender; 40013171: A EPIZITONE', 2.0, u'']
check 'EUCM111_SEM1_2018' 'EUCM111'
processXLS: only for SEM2 [u'EUCM111_SEM1_2018', u'EUCM111_SEM1_2017', u'EUCM111', u'END-USER COMPUTING I (MODULE 1)', u'NDRBM1', u'ND: RETAIL BUSINESS MANAGEMENT', u'21', u'SEMESTER 1', u'D1', u'Durban Campus Full-time', u'A', u'40000260: Singh; 40000564: Hansraj;40000309: Singh; 50002263: Govender; 40013171: A EPIZITONE', 2.0, u'']
[u'EUCM111_SEM1_2018', u'EUCM111_SEM1_2017', u'EUCM111', u'END-USER COMPUTING I (MODULE 1)', u'NDSPM1', u'ND: SPORT MANAGEMENT', u'21', u'SEMESTER 1', u'D1', u'Durban Campus Full-time', u'A', u'40000260: Singh; 40000564: Hansraj;40000309: Singh; 50002263: Govender; 40013171: A EPIZITONE', 122.0, u'']
check 'EUCM111_SEM1_2018' 'EUCM111'
processXLS: only for SEM2 [u'EUCM111_SEM1_2018', u'EUCM111_SEM1_2017', u'EUCM111', u'END-USER COMPUTING I (MODULE 1)', u'NDSPM1', u'ND: SPORT MANAGEMENT', u'21', u'SEMESTER 1', u'D1', u'Durban Campus Full-time', u'A', u'40000260: Singh; 40000564: Hansraj;40000309: Singh; 50002263: Govender; 40013171: A EPIZITONE', 122.0, u'']
[u'EUCM111_SEM1_2018', u'EUCM111_SEM1_2017', u'EUCM111', u'END-USER COMPUTING I (MODULE 1)', u'NDTRM1', u'ND: TOURISM MANAGEMENT', u'21', u'SEMESTER 1', u'D1', u'Durban Campus Full-time', u'A', u'40000260: Singh; 40000564: Hansraj;40000309: Singh; 50002263: Govender; 40013171: A EPIZITONE', 113.0, u'']
check 'EUCM111_SEM1_2018' 'EUCM111'
processXLS: only for SEM2 [u'EUCM111_SEM1_2018', u'EUCM111_SEM1_2017', u'EUCM111', u'END-USER COMPUTING I (MODULE 1)', u'NDTRM1', u'ND: TOURISM MANAGEMENT', u'21', u'SEMESTER 1', u'D1', u'Durban Campus Full-time', u'A', u'40000260: Singh; 40000564: Hansraj;40000309: Singh; 50002263: Govender; 40013171: A EPIZITONE', 113.0, u'']
[u'EUCM111_SEM1_2018', u'EUCM111_SEM1_2017', u'EUCM111', u'END-USER COMPUTING I (MODULE 1)', u'NODIP6', u'NON-DIPLOMA PURPOSE (MAN SC)', u'21', u'SEMESTER 1', u'D8', u'DBN PART-TIME NON-SUBSIDISED', u'A', u'40000260: Singh; 40000564: Hansraj;40000309: Singh; 50002263: Govender; 40013171: A EPIZITONE', 1.0, u'']
check 'EUCM111_SEM1_2018' 'EUCM111'
processXLS: only for SEM2 [u'EUCM111_SEM1_2018', u'EUCM111_SEM1_2017', u'EUCM111', u'END-USER COMPUTING I (MODULE 1)', u'NODIP6', u'NON-DIPLOMA PURPOSE (MAN SC)', u'21', u'SEMESTER 1', u'D8', u'DBN PART-TIME NON-SUBSIDISED', u'A', u'40000260: Singh; 40000564: Hansraj;40000309: Singh; 50002263: Govender; 40013171: A EPIZITONE', 1.0, u'']
[u'', u'', u'', u'', u'', u'', u'', u'', u'', u'', u'', u'', u'', u'']
check '' ''
[u'EUCM121_YEAR_2018', u'EUCM121_YEAR_2017', u'EUCM121', u'END-USER COMPUTING I (MODULE 2)', u'NDHRM1', u'ND: HUMAN RESOURCES MANAGEMENT', u'11', u'YEAR', u'D1', u'Durban Campus Full-time', u'A', u'40000260: Singh; 40000564: Hansraj;40000309: Singh; 50002263: Govender; 40013171: A EPIZITONE', 4.0, u'']
check 'EUCM121_YEAR_2018' 'EUCM121'
processXLS: only for SEM2 [u'EUCM121_YEAR_2018', u'EUCM121_YEAR_2017', u'EUCM121', u'END-USER COMPUTING I (MODULE 2)', u'NDHRM1', u'ND: HUMAN RESOURCES MANAGEMENT', u'11', u'YEAR', u'D1', u'Durban Campus Full-time', u'A', u'40000260: Singh; 40000564: Hansraj;40000309: Singh; 50002263: Govender; 40013171: A EPIZITONE', 4.0, u'']
[u'EUCM121_YEAR_2018', u'EUCM121_YEAR_2017', u'EUCM121', u'END-USER COMPUTING I (MODULE 2)', u'NDHRM1', u'ND: HUMAN RESOURCES MANAGEMENT', u'11', u'YEAR', u'D3', u'Durban Campus Part-time', u'A', u'40000260: Singh; 40000564: Hansraj;40000309: Singh; 50002263: Govender; 40013171: A EPIZITONE', 2.0, u'']
check 'EUCM121_YEAR_2018' 'EUCM121'
processXLS: only for SEM2 [u'EUCM121_YEAR_2018', u'EUCM121_YEAR_2017', u'EUCM121', u'END-USER COMPUTING I (MODULE 2)', u'NDHRM1', u'ND: HUMAN RESOURCES MANAGEMENT', u'11', u'YEAR', u'D3', u'Durban Campus Part-time', u'A', u'40000260: Singh; 40000564: Hansraj;40000309: Singh; 50002263: Govender; 40013171: A EPIZITONE', 2.0, u'']
[u'EUCM121_YEAR_2018', u'EUCM121_YEAR_2017', u'EUCM121', u'END-USER COMPUTING I (MODULE 2)', u'NDMKT1', u'ND: MARKETING', u'11', u'YEAR', u'D1', u'Durban Campus Full-time', u'A', u'40000260: Singh; 40000564: Hansraj;40000309: Singh; 50002263: Govender; 40013171: A EPIZITONE', 1.0, u'']
check 'EUCM121_YEAR_2018' 'EUCM121'
processXLS: only for SEM2 [u'EUCM121_YEAR_2018', u'EUCM121_YEAR_2017', u'EUCM121', u'END-USER COMPUTING I (MODULE 2)', u'NDMKT1', u'ND: MARKETING', u'11', u'YEAR', u'D1', u'Durban Campus Full-time', u'A', u'40000260: Singh; 40000564: Hansraj;40000309: Singh; 50002263: Govender; 40013171: A EPIZITONE', 1.0, u'']
[u'EUCM121_YEAR_2018', u'EUCM121_YEAR_2017', u'EUCM121', u'END-USER COMPUTING I (MODULE 2)', u'NDMNG1', u'ND: MANAGEMENT', u'11', u'YEAR', u'D1', u'Durban Campus Full-time', u'A', u'40000260: Singh; 40000564: Hansraj;40000309: Singh; 50002263: Govender; 40013171: A EPIZITONE', 3.0, u'']
check 'EUCM121_YEAR_2018' 'EUCM121'
processXLS: only for SEM2 [u'EUCM121_YEAR_2018', u'EUCM121_YEAR_2017', u'EUCM121', u'END-USER COMPUTING I (MODULE 2)', u'NDMNG1', u'ND: MANAGEMENT', u'11', u'YEAR', u'D1', u'Durban Campus Full-time', u'A', u'40000260: Singh; 40000564: Hansraj;40000309: Singh; 50002263: Govender; 40013171: A EPIZITONE', 3.0, u'']
[u'', u'', u'', u'', u'', u'', u'', u'', u'', u'', u'', u'', u'', u'']
check '' ''
[u'EUCM121_SEM2_2018', u'EUCM121_SEM2_2017', u'EUCM121', u'END-USER COMPUTING I (MODULE 2)', u'NDHRM1', u'ND: HUMAN RESOURCES MANAGEMENT', u'22', u'SEMESTER 2', u'D1', u'Durban Campus Full-time', u'A', u'40000260: Singh; 40000564: Hansraj;40000309: Singh; 50002263: Govender; 40013171: A EPIZITONE', 23.0, u'']
check 'EUCM121_SEM2_2018' 'EUCM121'
adding  EUCM121
requesting:  http://10.0.100.98:8000/bbinfo/matching_courses/EUCM121%25
r= <Response [200]>
matching classes= set([u'EUCM121_YEAR_2017', u'EUCM121_13_BUGR', u'EUCM121_ALL_2016', u'EUCM121_SEM2_2017', u'EUCM121_YEAR_2018', u'EUCM121_14_BUGR', u'EUCM121_13_THOC', u'EUCM121_2013', u'EUCM121_13_MUKC', u'EUCM121_SEM2_2018'])
[u'EUCM121_SEM2_2018', u'EUCM121_SEM2_2017', u'EUCM121', u'END-USER COMPUTING I (MODULE 2)', u'NDHRM1', u'ND: HUMAN RESOURCES MANAGEMENT', u'22', u'SEMESTER 2', u'D3', u'Durban Campus Part-time', u'A', u'40000260: Singh; 40000564: Hansraj;40000309: Singh; 50002263: Govender; 40013171: A EPIZITONE', 1.0, u'']
check 'EUCM121_SEM2_2018' 'EUCM121'
adding  EUCM121
requesting:  http://10.0.100.98:8000/bbinfo/matching_courses/EUCM121%25
r= <Response [200]>
matching classes= set([u'EUCM121_YEAR_2017', u'EUCM121_13_BUGR', u'EUCM121_ALL_2016', u'EUCM121_SEM2_2017', u'EUCM121_YEAR_2018', u'EUCM121_14_BUGR', u'EUCM121_13_THOC', u'EUCM121_2013', u'EUCM121_13_MUKC', u'EUCM121_SEM2_2018'])
[u'EUCM121_SEM2_2018', u'EUCM121_SEM2_2017', u'EUCM121', u'END-USER COMPUTING I (MODULE 2)', u'NDHRM1', u'ND: HUMAN RESOURCES MANAGEMENT', u'22', u'SEMESTER 2', u'D3', u'Durban Campus Part-time', u'A', u'40000260: Singh; 40000564: Hansraj;40000309: Singh; 50002263: Govender; 40013171: A EPIZITONE', 28.0, u'']
check 'EUCM121_SEM2_2018' 'EUCM121'
adding  EUCM121
requesting:  http://10.0.100.98:8000/bbinfo/matching_courses/EUCM121%25
r= <Response [200]>
matching classes= set([u'EUCM121_YEAR_2017', u'EUCM121_13_BUGR', u'EUCM121_ALL_2016', u'EUCM121_SEM2_2017', u'EUCM121_YEAR_2018', u'EUCM121_14_BUGR', u'EUCM121_13_THOC', u'EUCM121_2013', u'EUCM121_13_MUKC', u'EUCM121_SEM2_2018'])
[u'EUCM121_SEM2_2018', u'EUCM121_SEM2_2017', u'EUCM121', u'END-USER COMPUTING I (MODULE 2)', u'NDLIF2', u'ND: LIBRARY & INFO STUDIES (4 YEARS)', u'22', u'SEMESTER 2', u'D1', u'Durban Campus Full-time', u'A', u'40000260: Singh; 40000564: Hansraj;40000309: Singh; 50002263: Govender; 40013171: A EPIZITONE', 13.0, u'']
check 'EUCM121_SEM2_2018' 'EUCM121'
adding  EUCM121
requesting:  http://10.0.100.98:8000/bbinfo/matching_courses/EUCM121%25
r= <Response [200]>
matching classes= set([u'EUCM121_YEAR_2017', u'EUCM121_13_BUGR', u'EUCM121_ALL_2016', u'EUCM121_SEM2_2017', u'EUCM121_YEAR_2018', u'EUCM121_14_BUGR', u'EUCM121_13_THOC', u'EUCM121_2013', u'EUCM121_13_MUKC', u'EUCM121_SEM2_2018'])
[u'EUCM121_SEM2_2018', u'EUCM121_SEM2_2017', u'EUCM121', u'END-USER COMPUTING I (MODULE 2)', u'NDLIS1', u'ND: LIBRARY AND INFORMATION STUDIES', u'22', u'SEMESTER 2', u'D1', u'Durban Campus Full-time', u'A', u'40000260: Singh; 40000564: Hansraj;40000309: Singh; 50002263: Govender; 40013171: A EPIZITONE', 60.0, u'']
check 'EUCM121_SEM2_2018' 'EUCM121'
adding  EUCM121
requesting:  http://10.0.100.98:8000/bbinfo/matching_courses/EUCM121%25
r= <Response [200]>
matching classes= set([u'EUCM121_YEAR_2017', u'EUCM121_13_BUGR', u'EUCM121_ALL_2016', u'EUCM121_SEM2_2017', u'EUCM121_YEAR_2018', u'EUCM121_14_BUGR', u'EUCM121_13_THOC', u'EUCM121_2013', u'EUCM121_13_MUKC', u'EUCM121_SEM2_2018'])
[u'EUCM121_SEM2_2018', u'EUCM121_SEM2_2017', u'EUCM121', u'END-USER COMPUTING I (MODULE 2)', u'NDMKT1', u'ND: MARKETING', u'22', u'SEMESTER 2', u'D1', u'Durban Campus Full-time', u'A', u'40000260: Singh; 40000564: Hansraj;40000309: Singh; 50002263: Govender; 40013171: A EPIZITONE', 10.0, u'']
check 'EUCM121_SEM2_2018' 'EUCM121'
adding  EUCM121
requesting:  http://10.0.100.98:8000/bbinfo/matching_courses/EUCM121%25
r= <Response [200]>
matching classes= set([u'EUCM121_YEAR_2017', u'EUCM121_13_BUGR', u'EUCM121_ALL_2016', u'EUCM121_SEM2_2017', u'EUCM121_YEAR_2018', u'EUCM121_14_BUGR', u'EUCM121_13_THOC', u'EUCM121_2013', u'EUCM121_13_MUKC', u'EUCM121_SEM2_2018'])
[u'EUCM121_SEM2_2018', u'EUCM121_SEM2_2017', u'EUCM121', u'END-USER COMPUTING I (MODULE 2)', u'NDOPM1', u'ND: OPERATIONS MANAGEMENT', u'22', u'SEMESTER 2', u'D1', u'Durban Campus Full-time', u'A', u'40000260: Singh; 40000564: Hansraj;40000309: Singh; 50002263: Govender; 40013171: A EPIZITONE', 66.0, u'']
check 'EUCM121_SEM2_2018' 'EUCM121'
adding  EUCM121
requesting:  http://10.0.100.98:8000/bbinfo/matching_courses/EUCM121%25
r= <Response [200]>
matching classes= set([u'EUCM121_YEAR_2017', u'EUCM121_13_BUGR', u'EUCM121_ALL_2016', u'EUCM121_SEM2_2017', u'EUCM121_YEAR_2018', u'EUCM121_14_BUGR', u'EUCM121_13_THOC', u'EUCM121_2013', u'EUCM121_13_MUKC', u'EUCM121_SEM2_2018'])
[u'EUCM121_SEM2_2018', u'EUCM121_SEM2_2017', u'EUCM121', u'END-USER COMPUTING I (MODULE 2)', u'NDOPM1', u'ND: OPERATIONS MANAGEMENT', u'22', u'SEMESTER 2', u'D3', u'Durban Campus Part-time', u'A', u'40000260: Singh; 40000564: Hansraj;40000309: Singh; 50002263: Govender; 40013171: A EPIZITONE', 72.0, u'']
check 'EUCM121_SEM2_2018' 'EUCM121'
adding  EUCM121
requesting:  http://10.0.100.98:8000/bbinfo/matching_courses/EUCM121%25
r= <Response [200]>
matching classes= set([u'EUCM121_YEAR_2017', u'EUCM121_13_BUGR', u'EUCM121_ALL_2016', u'EUCM121_SEM2_2017', u'EUCM121_YEAR_2018', u'EUCM121_14_BUGR', u'EUCM121_13_THOC', u'EUCM121_2013', u'EUCM121_13_MUKC', u'EUCM121_SEM2_2018'])
[u'EUCM121_SEM2_2018', u'EUCM121_SEM2_2017', u'EUCM121', u'END-USER COMPUTING I (MODULE 2)', u'NDRBM1', u'ND: RETAIL BUSINESS MANAGEMENT', u'22', u'SEMESTER 2', u'D1', u'Durban Campus Full-time', u'A', u'40000260: Singh; 40000564: Hansraj;40000309: Singh; 50002263: Govender; 40013171: A EPIZITONE', 3.0, u'']
check 'EUCM121_SEM2_2018' 'EUCM121'
adding  EUCM121
requesting:  http://10.0.100.98:8000/bbinfo/matching_courses/EUCM121%25
r= <Response [200]>
matching classes= set([u'EUCM121_YEAR_2017', u'EUCM121_13_BUGR', u'EUCM121_ALL_2016', u'EUCM121_SEM2_2017', u'EUCM121_YEAR_2018', u'EUCM121_14_BUGR', u'EUCM121_13_THOC', u'EUCM121_2013', u'EUCM121_13_MUKC', u'EUCM121_SEM2_2018'])
[u'EUCM121_SEM2_2018', u'EUCM121_SEM2_2017', u'EUCM121', u'END-USER COMPUTING I (MODULE 2)', u'NDSPM1', u'ND: SPORT MANAGEMENT', u'22', u'SEMESTER 2', u'D1', u'Durban Campus Full-time', u'B', u'40000260: Singh; 40000564: Hansraj;40000309: Singh; 50002263: Govender; 40013171: A EPIZITONE', 115.0, u'']
check 'EUCM121_SEM2_2018' 'EUCM121'
adding  EUCM121
requesting:  http://10.0.100.98:8000/bbinfo/matching_courses/EUCM121%25
r= <Response [200]>
matching classes= set([u'EUCM121_YEAR_2017', u'EUCM121_13_BUGR', u'EUCM121_ALL_2016', u'EUCM121_SEM2_2017', u'EUCM121_YEAR_2018', u'EUCM121_14_BUGR', u'EUCM121_13_THOC', u'EUCM121_2013', u'EUCM121_13_MUKC', u'EUCM121_SEM2_2018'])
[u'EUCM121_SEM2_2018', u'EUCM121_SEM2_2017', u'EUCM121', u'END-USER COMPUTING I (MODULE 2)', u'NDTRM1', u'ND: TOURISM MANAGEMENT', u'22', u'SEMESTER 2', u'D1', u'Durban Campus Full-time', u'A', u'40000260: Singh; 40000564: Hansraj;40000309: Singh; 50002263: Govender; 40013171: A EPIZITONE', 96.0, u'']
check 'EUCM121_SEM2_2018' 'EUCM121'
adding  EUCM121
requesting:  http://10.0.100.98:8000/bbinfo/matching_courses/EUCM121%25
r= <Response [200]>
matching classes= set([u'EUCM121_YEAR_2017', u'EUCM121_13_BUGR', u'EUCM121_ALL_2016', u'EUCM121_SEM2_2017', u'EUCM121_YEAR_2018', u'EUCM121_14_BUGR', u'EUCM121_13_THOC', u'EUCM121_2013', u'EUCM121_13_MUKC', u'EUCM121_SEM2_2018'])
[u'', u'', u'', u'', u'', u'', u'', u'', u'', u'', u'', u'', u'', u'']
check '' ''
[u'FCSC101_SEM1_2018', u'FCSC101_SEM1_2017', u'FCSC101', u'FUNDAMENTALS OF COMPUTER SECURITY', u'DIIAD1', u'DIP IN INFO & COMM TECH IN APP DEV', u'21', u'SEMESTER 1', u'D1', u'Durban Campus Full-time', u'A', u'40000550: Khan; 50050021: Moodley; 40008414: Dlalisa; 40000309: Singh; 50002263: Govender', 480.0, u'']
check 'FCSC101_SEM1_2018' 'FCSC101'
processXLS: only for SEM2 [u'FCSC101_SEM1_2018', u'FCSC101_SEM1_2017', u'FCSC101', u'FUNDAMENTALS OF COMPUTER SECURITY', u'DIIAD1', u'DIP IN INFO & COMM TECH IN APP DEV', u'21', u'SEMESTER 1', u'D1', u'Durban Campus Full-time', u'A', u'40000550: Khan; 50050021: Moodley; 40008414: Dlalisa; 40000309: Singh; 50002263: Govender', 480.0, u'']
[u'FCSC101_SEM1_2018', u'FCSC101_SEM1_2017', u'FCSC101', u'FUNDAMENTALS OF COMPUTER SECURITY', u'DIIAF1', u'DIP  INFO & COMM TECH/APP DEV (4 YEARS)', u'21', u'SEMESTER 1', u'D1', u'Durban Campus Full-time', u'B', u'40000550: Khan; 50050021: Moodley; 40008414: Dlalisa; 40000309: Singh; 50002263: Govender', 61.0, u'']
check 'FCSC101_SEM1_2018' 'FCSC101'
processXLS: only for SEM2 [u'FCSC101_SEM1_2018', u'FCSC101_SEM1_2017', u'FCSC101', u'FUNDAMENTALS OF COMPUTER SECURITY', u'DIIAF1', u'DIP  INFO & COMM TECH/APP DEV (4 YEARS)', u'21', u'SEMESTER 1', u'D1', u'Durban Campus Full-time', u'B', u'40000550: Khan; 50050021: Moodley; 40008414: Dlalisa; 40000309: Singh; 50002263: Govender', 61.0, u'']
[u'FCSC101_SEM1_2018', u'FCSC101_SEM1_2017', u'FCSC101', u'FUNDAMENTALS OF COMPUTER SECURITY', u'DIIBA1', u'DIP INFO COMM TECH BUS ANALYSIS', u'21', u'SEMESTER 1', u'D1', u'Durban Campus Full-time', u'', u'40000550: Khan; 50050021: Moodley; 40008414: Dlalisa; 40000309: Singh; 50002263: Govender', u'', u'']
check 'FCSC101_SEM1_2018' 'FCSC101'
processXLS: only for SEM2 [u'FCSC101_SEM1_2018', u'FCSC101_SEM1_2017', u'FCSC101', u'FUNDAMENTALS OF COMPUTER SECURITY', u'DIIBA1', u'DIP INFO COMM TECH BUS ANALYSIS', u'21', u'SEMESTER 1', u'D1', u'Durban Campus Full-time', u'', u'40000550: Khan; 50050021: Moodley; 40008414: Dlalisa; 40000309: Singh; 50002263: Govender', u'', u'']
[u'', u'', u'', u'', u'', u'', u'', u'', u'', u'', u'', u'', u'', u'']
check '' ''
[u'ILGA101_SEM1_2018', u'ILGA101_SEM1_2017', u'ILGA101', u'IT LOGIC AND TECHNOLOGY IA', u'DIIAF1', u'DIP  INFO & COMM TECH/APP DEV (4 YEARS)', u'21', u'SEMESTER 1', u'D1', u'Durban Campus Full-time', u'A', u'50010842:SOOBRAMONEY; 40000309: Singh; 50002263: Govender', 64.0, u'']
check 'ILGA101_SEM1_2018' 'ILGA101'
processXLS: only for SEM2 [u'ILGA101_SEM1_2018', u'ILGA101_SEM1_2017', u'ILGA101', u'IT LOGIC AND TECHNOLOGY IA', u'DIIAF1', u'DIP  INFO & COMM TECH/APP DEV (4 YEARS)', u'21', u'SEMESTER 1', u'D1', u'Durban Campus Full-time', u'A', u'50010842:SOOBRAMONEY; 40000309: Singh; 50002263: Govender', 64.0, u'']
[u'', u'', u'', u'', u'', u'', u'', u'', u'', u'', u'', u'', u'', u'']
check '' ''
[u'ILGB101_SEM2_2018', u'ILGB101_SEM2_2017', u'ILGB101', u'IT LOGIC AND TECHNOLOGY IB', u'DIIAF1', u'DIP  INFO & COMM TECH/APP DEV (4 YEARS)', u'22', u'SEMESTER 2', u'D1', u'Durban Campus Full-time', u'A', u'50010842:SOOBRAMONEY; 40000309: Singh; 50002263: Govender', 49.0, u'']
check 'ILGB101_SEM2_2018' 'ILGB101'
adding  ILGB101
requesting:  http://10.0.100.98:8000/bbinfo/matching_courses/ILGB101%25
r= <Response [200]>
matching classes= set([u'ILGB101_SEM2_2017', u'ILGB101_SEM2_2016', u'ILGB101_SEM2_2018'])
[u'', u'', u'', u'', u'', u'', u'', u'', u'', u'', u'', u'', u'', u'']
check '' ''
[u'INSS101_SEM1_2018', u'INSS101_SEM1_2017', u'INSS101', u'INFORMATION SYSTEMS I', u'DIIAD1', u'DIP IN INFO & COMM TECH IN APP DEV', u'21', u'SEMESTER 1', u'D1', u'Durban Campus Full-time', u'A', u'40000260: SINGH; 50002263:GOVENDER; 40000309: Singh; ', 473.0, u'']
check 'INSS101_SEM1_2018' 'INSS101'
processXLS: only for SEM2 [u'INSS101_SEM1_2018', u'INSS101_SEM1_2017', u'INSS101', u'INFORMATION SYSTEMS I', u'DIIAD1', u'DIP IN INFO & COMM TECH IN APP DEV', u'21', u'SEMESTER 1', u'D1', u'Durban Campus Full-time', u'A', u'40000260: SINGH; 50002263:GOVENDER; 40000309: Singh; ', 473.0, u'']
[u'', u'', u'', u'', u'', u'', u'', u'', u'', u'', u'', u'', u'', u'']
check '' ''
[u'INSS101_SEM2_2018', u'INSS101_SEM2_2017', u'INSS101', u'INFORMATION SYSTEMS I', u'DIIAD1', u'DIP IN INFO & COMM TECH IN APP DEV', u'22', u'SEMESTER 2', u'D1', u'Durban Campus Full-time', u'A', u'40000260: SINGH; 50002263:GOVENDER; 40000309: Singh; ', 1.0, u'']
check 'INSS101_SEM2_2018' 'INSS101'
adding  INSS101
requesting:  http://10.0.100.98:8000/bbinfo/matching_courses/INSS101%25
r= <Response [200]>
matching classes= set([u'INSS101_SEM1_2018', u'INSS101_SEM2_2018', u'INSS101_SEM2_2017', u'INSS101_FND_S2_2016', u'INSS101_SEM1_2017', u'INSS101_SEM1_2016'])
[u'INSS101_SEM2_2018', u'INSS101_SEM2_2017', u'INSS101', u'INFORMATION SYSTEMS I', u'DIIAF1', u'DIP  INFO & COMM TECH/APP DEV (4 YEARS)', u'22', u'SEMESTER 2', u'D1', u'Durban Campus Full-time', u'A', u'40000260: SINGH; 50002263:GOVENDER; 40000309: Singh; ', 52.0, u'']
check 'INSS101_SEM2_2018' 'INSS101'
adding  INSS101
requesting:  http://10.0.100.98:8000/bbinfo/matching_courses/INSS101%25
r= <Response [200]>
matching classes= set([u'INSS101_SEM1_2018', u'INSS101_SEM2_2018', u'INSS101_SEM2_2017', u'INSS101_FND_S2_2016', u'INSS101_SEM1_2017', u'INSS101_SEM1_2016'])
[u'', u'', u'', u'', u'', u'', u'', u'', u'', u'', u'', u'', u'', u'']
check '' ''
[u'OSYS101_SEM2_2018', u'OSYS101_SEM2_2017', u'OSYS101', u'OPERATING SYSTEMS', u'DIIAD1', u'DIP IN INFO & COMM TECH IN APP DEV', u'22', u'SEMESTER 2', u'D1', u'Durban Campus Full-time', u'A', u'50050021: Moodley; 40008414: Dlalisa; 40000552: Bhoola; 40000309: Singh; 50002263: Govender', 371.0, u'']
check 'OSYS101_SEM2_2018' 'OSYS101'
adding  OSYS101
requesting:  http://10.0.100.98:8000/bbinfo/matching_courses/OSYS101%25
r= <Response [200]>
matching classes= set([u'OSYS101_FND_S2_2016', u'OSYS101_SEM2_2018', u'OSYS101_SEM2_2017', u'OSYS101_SEM2_2016'])
[u'OSYS101_SEM2_2018', u'OSYS101_SEM2_2017', u'OSYS101', u'OPERATING SYSTEMS', u'DIIAF1', u'DIP  INFO & COMM TECH/APP DEV (4 YEARS)', u'22', u'SEMESTER 2', u'D1', u'Durban Campus Full-time', u'A', u'50050021: Moodley; 40008414: Dlalisa; 40000552: Bhoolal 40000309: Singh; 50002263: Govender', 52.0, u'']
check 'OSYS101_SEM2_2018' 'OSYS101'
adding  OSYS101
requesting:  http://10.0.100.98:8000/bbinfo/matching_courses/OSYS101%25
r= <Response [200]>
matching classes= set([u'OSYS101_FND_S2_2016', u'OSYS101_SEM2_2018', u'OSYS101_SEM2_2017', u'OSYS101_SEM2_2016'])
[u'', u'', u'', u'', u'', u'', u'', u'', u'', u'', u'', u'', u'', u'']
check '' ''
[u'PROG113_SEM1_2018', u'PROG113_SEM1_2017', u'PROG113', u'PROGRAMMING I (MODULE 1)', u'NDFIS2', u'ND: FINANCIAL INFORMATION SYSTEMS', u'21', u'SEMESTER 1', u'D1', u'Durban Campus Full-time', u'A', u'40000784: Ngxata; 40000309: Singh; 50002263: Govender', 44.0, u'']
check 'PROG113_SEM1_2018' 'PROG113'
processXLS: only for SEM2 [u'PROG113_SEM1_2018', u'PROG113_SEM1_2017', u'PROG113', u'PROGRAMMING I (MODULE 1)', u'NDFIS2', u'ND: FINANCIAL INFORMATION SYSTEMS', u'21', u'SEMESTER 1', u'D1', u'Durban Campus Full-time', u'A', u'40000784: Ngxata; 40000309: Singh; 50002263: Govender', 44.0, u'']
[u'', u'', u'', u'', u'', u'', u'', u'', u'', u'', u'', u'', u'', u'']
check '' ''
[u'PROG123_SEM2_2018', u'PROG123_SEM2_2017', u'PROG123', u'PROGRAMMING I (MODULE 2)', u'NDFIS2', u'ND: FINANCIAL INFORMATION SYSTEMS', u'22', u'SEMESTER 2', u'D1', u'Durban Campus Full-time', u'A', u'40000784: Ngxata; 40000309: Singh; 50002263: Govender', 45.0, u'']
check 'PROG123_SEM2_2018' 'PROG123'
adding  PROG123
requesting:  http://10.0.100.98:8000/bbinfo/matching_courses/PROG123%25
r= <Response [200]>
matching classes= set([u'PROG123_2013', u'PROG123_SEM2_2017', u'PROG123_SEM2_2016', u'PROG123_SEM2_2018', u'PROG123_13_THOC'])
[u'', u'', u'', u'', u'', u'', u'', u'', u'', u'', u'', u'', u'', u'']
check '' ''
[u'RMIT101_SEM1_2018', u'RMIT101_SEM1_2017', u'RMIT101', u'RESEARCH METHODOLOGY', u'BTFIS2', u'BT: FINANCIAL INFORMATION SYSTEMS', u'21', u'SEMESTER 1', u'D3', u'Durban Campus Part-time', u'A', u'50011627:HEUKELMAN; 40010630: BOAMAH-ABU; 40012233: JOSEPH; 40000309: Singh; 50002263: Govender', 2.0, u'']
check 'RMIT101_SEM1_2018' 'RMIT101'
processXLS: only for SEM2 [u'RMIT101_SEM1_2018', u'RMIT101_SEM1_2017', u'RMIT101', u'RESEARCH METHODOLOGY', u'BTFIS2', u'BT: FINANCIAL INFORMATION SYSTEMS', u'21', u'SEMESTER 1', u'D3', u'Durban Campus Part-time', u'A', u'50011627:HEUKELMAN; 40010630: BOAMAH-ABU; 40012233: JOSEPH; 40000309: Singh; 50002263: Govender', 2.0, u'']
[u'RMIT101_SEM1_2018', u'RMIT101_SEM1_2017', u'RMIT101', u'RESEARCH METHODOLOGY', u'BTINF2', u'BT: INFORMATION TECHNOLOGY', u'21', u'SEMESTER 1', u'D1', u'Durban Campus Full-time', u'A', u'50011627:HEUKELMAN; 40010630: BOAMAH-ABU; 40012233: JOSEPH; 40000309: Singh; 50002263: Govender', 77.0, u'']
check 'RMIT101_SEM1_2018' 'RMIT101'
processXLS: only for SEM2 [u'RMIT101_SEM1_2018', u'RMIT101_SEM1_2017', u'RMIT101', u'RESEARCH METHODOLOGY', u'BTINF2', u'BT: INFORMATION TECHNOLOGY', u'21', u'SEMESTER 1', u'D1', u'Durban Campus Full-time', u'A', u'50011627:HEUKELMAN; 40010630: BOAMAH-ABU; 40012233: JOSEPH; 40000309: Singh; 50002263: Govender', 77.0, u'']
[u'RMIT101_SEM1_2018', u'RMIT101_SEM1_2017', u'RMIT101', u'RESEARCH METHODOLOGY', u'BTINF2', u'BT: INFORMATION TECHNOLOGY', u'21', u'SEMESTER 1', u'D3', u'Durban Campus Part-time', u'A', u'50011627:HEUKELMAN; 40010630: BOAMAH-ABU; 40012233: JOSEPH; 40000309: Singh; 50002263: Govender', 57.0, u'']
check 'RMIT101_SEM1_2018' 'RMIT101'
processXLS: only for SEM2 [u'RMIT101_SEM1_2018', u'RMIT101_SEM1_2017', u'RMIT101', u'RESEARCH METHODOLOGY', u'BTINF2', u'BT: INFORMATION TECHNOLOGY', u'21', u'SEMESTER 1', u'D3', u'Durban Campus Part-time', u'A', u'50011627:HEUKELMAN; 40010630: BOAMAH-ABU; 40012233: JOSEPH; 40000309: Singh; 50002263: Govender', 57.0, u'']
[u'', u'', u'', u'', u'', u'', u'', u'', u'', u'', u'', u'', u'', u'']
check '' ''
[u'RMIT121_SEM2_2018', u'RMIT121_SEM2_2017', u'RMIT121', u'RESEARCH METHODOLOGY (2ND REGISTRATION)', u'BTINF2', u'BT: INFORMATION TECHNOLOGY', u'22', u'SEMESTER 2', u'D1', u'Durban Campus Full-time', u'A', u'50011627:HEUKELMAN; 40010630: BOAMAH-ABU; 40012233: JOSEPH; 40000309: Singh; 50002263: Govender', 11.0, u'']
check 'RMIT121_SEM2_2018' 'RMIT121'
adding  RMIT121
requesting:  http://10.0.100.98:8000/bbinfo/matching_courses/RMIT121%25
r= <Response [200]>
matching classes= set([u'RMIT121_SEM2_2018', u'RMIT121_SEM2_2017', u'RMIT121_SEM2_2016'])
[u'RMIT121_SEM2_2018', u'RMIT121_SEM2_2017', u'RMIT121', u'RESEARCH METHODOLOGY (2ND REGISTRATION)', u'BTINF2', u'BT: INFORMATION TECHNOLOGY', u'22', u'SEMESTER 2', u'D3', u'Durban Campus Part-time', u'A', u'50011627:HEUKELMAN; 40010630: BOAMAH-ABU; 40012233: JOSEPH; 40000309: Singh; 50002263: Govender', 9.0, u'']
check 'RMIT121_SEM2_2018' 'RMIT121'
adding  RMIT121
requesting:  http://10.0.100.98:8000/bbinfo/matching_courses/RMIT121%25
r= <Response [200]>
matching classes= set([u'RMIT121_SEM2_2018', u'RMIT121_SEM2_2017', u'RMIT121_SEM2_2016'])
[u'', u'', u'', u'', u'', u'', u'', u'', u'', u'', u'', u'', u'', u'']
check '' ''
[u'SKDA101_SEM1_2018', u'SKDA101_SEM1_2017', u'SKDA101', u'SKILLS DEVELOPMENT IA', u'DIIAF1', u'DIP  INFO & COMM TECH/APP DEV (4 YEARS)', u'21', u'SEMESTER 1', u'D1', u'Durban Campus Full-time', u'A', u'50002263: GOVENDER; 50050021: Moodley; 40000309: Singh;', 64.0, u'']
check 'SKDA101_SEM1_2018' 'SKDA101'
processXLS: only for SEM2 [u'SKDA101_SEM1_2018', u'SKDA101_SEM1_2017', u'SKDA101', u'SKILLS DEVELOPMENT IA', u'DIIAF1', u'DIP  INFO & COMM TECH/APP DEV (4 YEARS)', u'21', u'SEMESTER 1', u'D1', u'Durban Campus Full-time', u'A', u'50002263: GOVENDER; 50050021: Moodley; 40000309: Singh;', 64.0, u'']
[u'', u'', u'', u'', u'', u'', u'', u'', u'', u'', u'', u'', u'', u'']
check '' ''
[u'SKDB101_SEM2_2018', u'SKDB101_SEM2_2017', u'SKDB101', u'SKILLS DEVELOPMENT IB', u'DIIAF1', u'DIP  INFO & COMM TECH/APP DEV (4 YEARS)', u'22', u'SEMESTER 2', u'D1', u'Durban Campus Full-time', u'A', u'50002263: GOVENDER; 50050021: Moodley; 40000309: Singh;', 52.0, u'']
check 'SKDB101_SEM2_2018' 'SKDB101'
adding  SKDB101
requesting:  http://10.0.100.98:8000/bbinfo/matching_courses/SKDB101%25
r= <Response [200]>
matching classes= set([u'SKDB101_SEM2_2017', u'SKDB101_SEM2_2016', u'SKDB101_SEM2_2018'])
[u'', u'', u'', u'', u'', u'', u'', u'', u'', u'', u'', u'', u'', u'']
check '' ''
[u'BISY211_SEM1_2018', u'BISY211_SEM1_2017', u'BISY211', u'BUSINESS INFORMATION SYSTEMS II (MOD 1)', u'NDACC3', u'ND: ACCOUNTING', u'21', u'SEMESTER 1', u'D1', u'Durban Campus Full-time', u'A', u'50000809:KHALILI;40009380:MOONSAMY; 50002547:PARBANATH; 40009285: Naicker; 40000309: Singh; 50002263: Govender', 170.0, u'']
check 'BISY211_SEM1_2018' 'BISY211'
processXLS: only for SEM2 [u'BISY211_SEM1_2018', u'BISY211_SEM1_2017', u'BISY211', u'BUSINESS INFORMATION SYSTEMS II (MOD 1)', u'NDACC3', u'ND: ACCOUNTING', u'21', u'SEMESTER 1', u'D1', u'Durban Campus Full-time', u'A', u'50000809:KHALILI;40009380:MOONSAMY; 50002547:PARBANATH; 40009285: Naicker; 40000309: Singh; 50002263: Govender', 170.0, u'']
[u'BISY211_SEM1_2018', u'BISY211_SEM1_2017', u'BISY211', u'BUSINESS INFORMATION SYSTEMS II (MOD 1)', u'NDACC3', u'ND: ACCOUNTING', u'21', u'SEMESTER 1', u'D3', u'Durban Campus Part-time', u'A', u'50000809:KHALILI;40009380:MOONSAMY; 50002547:PARBANATH; 40009285: Naicker; 40000309: Singh; 50002263: Govender', 9.0, u'']
check 'BISY211_SEM1_2018' 'BISY211'
processXLS: only for SEM2 [u'BISY211_SEM1_2018', u'BISY211_SEM1_2017', u'BISY211', u'BUSINESS INFORMATION SYSTEMS II (MOD 1)', u'NDACC3', u'ND: ACCOUNTING', u'21', u'SEMESTER 1', u'D3', u'Durban Campus Part-time', u'A', u'50000809:KHALILI;40009380:MOONSAMY; 50002547:PARBANATH; 40009285: Naicker; 40000309: Singh; 50002263: Govender', 9.0, u'']
[u'BISY211_SEM1_2018', u'BISY211_SEM1_2017', u'BISY211', u'BUSINESS INFORMATION SYSTEMS II (MOD 1)', u'NDACF1', u'ND: ACCOUNTING (4 YEARS)', u'21', u'SEMESTER 1', u'D1', u'Durban Campus Full-time', u'A', u'50000809:KHALILI;40009380:MOONSAMY; 50002547:PARBANATH; 40009285: Naicker; 40000309: Singh; 50002263: Govender', 35.0, u'']
check 'BISY211_SEM1_2018' 'BISY211'
processXLS: only for SEM2 [u'BISY211_SEM1_2018', u'BISY211_SEM1_2017', u'BISY211', u'BUSINESS INFORMATION SYSTEMS II (MOD 1)', u'NDACF1', u'ND: ACCOUNTING (4 YEARS)', u'21', u'SEMESTER 1', u'D1', u'Durban Campus Full-time', u'A', u'50000809:KHALILI;40009380:MOONSAMY; 50002547:PARBANATH; 40009285: Naicker; 40000309: Singh; 50002263: Govender', 35.0, u'']
[u'BISY211_SEM1_2018', u'BISY211_SEM1_2017', u'BISY211', u'BUSINESS INFORMATION SYSTEMS II (MOD 1)', u'NDIAF1', u'ND: INTERNAL AUDITING (4 YEARS)', u'21', u'SEMESTER 1', u'D1', u'Durban Campus Full-time', u'A', u'50000809:KHALILI;40009380:MOONSAMY; 50002547:PARBANATH; 40009285: Naicker; 40000309: Singh; 50002263: Govender', 14.0, u'']
check 'BISY211_SEM1_2018' 'BISY211'
processXLS: only for SEM2 [u'BISY211_SEM1_2018', u'BISY211_SEM1_2017', u'BISY211', u'BUSINESS INFORMATION SYSTEMS II (MOD 1)', u'NDIAF1', u'ND: INTERNAL AUDITING (4 YEARS)', u'21', u'SEMESTER 1', u'D1', u'Durban Campus Full-time', u'A', u'50000809:KHALILI;40009380:MOONSAMY; 50002547:PARBANATH; 40009285: Naicker; 40000309: Singh; 50002263: Govender', 14.0, u'']
[u'BISY211_SEM1_2018', u'BISY211_SEM1_2017', u'BISY211', u'BUSINESS INFORMATION SYSTEMS II (MOD 1)', u'NDIAU3', u'ND: INTERNAL AUDITING', u'21', u'SEMESTER 1', u'D1', u'Durban Campus Full-time', u'A', u'50000809:KHALILI;40009380:MOONSAMY; 50002547:PARBANATH; 40009285: Naicker; 40000309: Singh; 50002263: Govender', 81.0, u'']
check 'BISY211_SEM1_2018' 'BISY211'
processXLS: only for SEM2 [u'BISY211_SEM1_2018', u'BISY211_SEM1_2017', u'BISY211', u'BUSINESS INFORMATION SYSTEMS II (MOD 1)', u'NDIAU3', u'ND: INTERNAL AUDITING', u'21', u'SEMESTER 1', u'D1', u'Durban Campus Full-time', u'A', u'50000809:KHALILI;40009380:MOONSAMY; 50002547:PARBANATH; 40009285: Naicker; 40000309: Singh; 50002263: Govender', 81.0, u'']
[u'BISY211_SEM1_2018', u'BISY211_SEM1_2017', u'BISY211', u'BUSINESS INFORMATION SYSTEMS II (MOD 1)', u'NDTAX3', u'ND: TAXATION', u'21', u'SEMESTER 1', u'D1', u'Durban Campus Full-time', u'A', u'50000809:KHALILI;40009380:MOONSAMY; 50002547:PARBANATH; 40009285: Naicker; 40000309: Singh; 50002263: Govender', 59.0, u'']
check 'BISY211_SEM1_2018' 'BISY211'
processXLS: only for SEM2 [u'BISY211_SEM1_2018', u'BISY211_SEM1_2017', u'BISY211', u'BUSINESS INFORMATION SYSTEMS II (MOD 1)', u'NDTAX3', u'ND: TAXATION', u'21', u'SEMESTER 1', u'D1', u'Durban Campus Full-time', u'A', u'50000809:KHALILI;40009380:MOONSAMY; 50002547:PARBANATH; 40009285: Naicker; 40000309: Singh; 50002263: Govender', 59.0, u'']
[u'BISY211_SEM1_2018', u'BISY211_SEM1_2017', u'BISY211', u'BUSINESS INFORMATION SYSTEMS II (MOD 1)', u'NDTXF1', u'ND: TAXATION (4YEARS)', u'21', u'SEMESTER 1', u'D1', u'Durban Campus Full-time', u'A', u'50000809:KHALILI;40009380:MOONSAMY; 50002547:PARBANATH; 40009285: Naicker; 40000309: Singh; 50002263: Govender', 11.0, u'']
check 'BISY211_SEM1_2018' 'BISY211'
processXLS: only for SEM2 [u'BISY211_SEM1_2018', u'BISY211_SEM1_2017', u'BISY211', u'BUSINESS INFORMATION SYSTEMS II (MOD 1)', u'NDTXF1', u'ND: TAXATION (4YEARS)', u'21', u'SEMESTER 1', u'D1', u'Durban Campus Full-time', u'A', u'50000809:KHALILI;40009380:MOONSAMY; 50002547:PARBANATH; 40009285: Naicker; 40000309: Singh; 50002263: Govender', 11.0, u'']
[u'', u'', u'', u'', u'', u'', u'', u'', u'', u'', u'', u'', u'', u'']
check '' ''
[u'BISY221_SEM2_2018', u'BISY221_SEM2_2017', u'BISY221', u'BUSINESS INFORMATION SYSTEMS II (MOD 2)', u'NDACC3', u'ND: ACCOUNTING', u'22', u'SEMESTER 2', u'D1', u'Durban Campus Full-time', u'A', u'50000809:KHALILI;40009380:MOONSAMY; 50002547:PARBANATH; 40009285: Naicker; 40000309: Singh; 50002263: Govender', 155.0, u'']
check 'BISY221_SEM2_2018' 'BISY221'
adding  BISY221
requesting:  http://10.0.100.98:8000/bbinfo/matching_courses/BISY221%25
r= <Response [200]>
matching classes= set([u'BISY221_SEM2_2018', u'BISY221_SEM2_2017', u'BISY221_13_SEIT', u'BISY221_SEM2_2016'])
[u'BISY221_SEM2_2018', u'BISY221_SEM2_2017', u'BISY221', u'BUSINESS INFORMATION SYSTEMS II (MOD 2)', u'NDACC3', u'ND: ACCOUNTING', u'22', u'SEMESTER 2', u'D3', u'Durban Campus Part-time', u'A', u'50000809:KHALILI;40009380:MOONSAMY; 50002547:PARBANATH; 40009285: Naicker; 40000309: Singh; 50002263: Govender', 7.0, u'']
check 'BISY221_SEM2_2018' 'BISY221'
adding  BISY221
requesting:  http://10.0.100.98:8000/bbinfo/matching_courses/BISY221%25
r= <Response [200]>
matching classes= set([u'BISY221_SEM2_2018', u'BISY221_SEM2_2017', u'BISY221_13_SEIT', u'BISY221_SEM2_2016'])
[u'BISY221_SEM2_2018', u'BISY221_SEM2_2017', u'BISY221', u'BUSINESS INFORMATION SYSTEMS II (MOD 2)', u'NDACF1', u'ND: ACCOUNTING (4 YEARS)', u'22', u'SEMESTER 2', u'D1', u'Durban Campus Full-time', u'A', u'50000809:KHALILI;40009380:MOONSAMY; 50002547:PARBANATH; 40009285: Naicker; 40000309: Singh; 50002263: Govender', 35.0, u'']
check 'BISY221_SEM2_2018' 'BISY221'
adding  BISY221
requesting:  http://10.0.100.98:8000/bbinfo/matching_courses/BISY221%25
r= <Response [200]>
matching classes= set([u'BISY221_SEM2_2018', u'BISY221_SEM2_2017', u'BISY221_13_SEIT', u'BISY221_SEM2_2016'])
[u'BISY221_SEM2_2018', u'BISY221_SEM2_2017', u'BISY221', u'BUSINESS INFORMATION SYSTEMS II (MOD 2)', u'NDIAF1', u'ND: INTERNAL AUDITING (4 YEARS)', u'22', u'SEMESTER 2', u'D1', u'Durban Campus Full-time', u'A', u'50000809:KHALILI;40009380:MOONSAMY; 50002547:PARBANATH; 40009285: Naicker; 40000309: Singh; 50002263: Govender', 11.0, u'']
check 'BISY221_SEM2_2018' 'BISY221'
adding  BISY221
requesting:  http://10.0.100.98:8000/bbinfo/matching_courses/BISY221%25
r= <Response [200]>
matching classes= set([u'BISY221_SEM2_2018', u'BISY221_SEM2_2017', u'BISY221_13_SEIT', u'BISY221_SEM2_2016'])
[u'BISY221_SEM2_2018', u'BISY221_SEM2_2017', u'BISY221', u'BUSINESS INFORMATION SYSTEMS II (MOD 2)', u'NDIAU3', u'ND: INTERNAL AUDITING', u'22', u'SEMESTER 2', u'D1', u'Durban Campus Full-time', u'A', u'50000809:KHALILI;40009380:MOONSAMY; 50002547:PARBANATH; 40009285: Naicker; 40000309: Singh; 50002263: Govender', 78.0, u'']
check 'BISY221_SEM2_2018' 'BISY221'
adding  BISY221
requesting:  http://10.0.100.98:8000/bbinfo/matching_courses/BISY221%25
r= <Response [200]>
matching classes= set([u'BISY221_SEM2_2018', u'BISY221_SEM2_2017', u'BISY221_13_SEIT', u'BISY221_SEM2_2016'])
[u'BISY221_SEM2_2018', u'BISY221_SEM2_2017', u'BISY221', u'BUSINESS INFORMATION SYSTEMS II (MOD 2)', u'NDTAX3', u'ND: TAXATION', u'22', u'SEMESTER 2', u'D1', u'Durban Campus Full-time', u'A', u'50000809:KHALILI;40009380:MOONSAMY; 50002547:PARBANATH; 40009285: Naicker; 40000309: Singh; 50002263: Govender', 58.0, u'']
check 'BISY221_SEM2_2018' 'BISY221'
adding  BISY221
requesting:  http://10.0.100.98:8000/bbinfo/matching_courses/BISY221%25
r= <Response [200]>
matching classes= set([u'BISY221_SEM2_2018', u'BISY221_SEM2_2017', u'BISY221_13_SEIT', u'BISY221_SEM2_2016'])
[u'BISY221_SEM2_2018', u'BISY221_SEM2_2017', u'BISY221', u'BUSINESS INFORMATION SYSTEMS II (MOD 2)', u'NDTXF1', u'ND: TAXATION (4YEARS)', u'22', u'SEMESTER 2', u'D1', u'Durban Campus Full-time', u'A', u'50000809:KHALILI;40009380:MOONSAMY; 50002547:PARBANATH; 40009285: Naicker; 40000309: Singh; 50002263: Govender', 9.0, u'']
check 'BISY221_SEM2_2018' 'BISY221'
adding  BISY221
requesting:  http://10.0.100.98:8000/bbinfo/matching_courses/BISY221%25
r= <Response [200]>
matching classes= set([u'BISY221_SEM2_2018', u'BISY221_SEM2_2017', u'BISY221_13_SEIT', u'BISY221_SEM2_2016'])
[u'', u'', u'', u'', u'', u'', u'', u'', u'', u'', u'', u'', u'', u'']
check '' ''
[u'CUSG201_YEAR_2018', u'CUSG201_YEAR_2017', u'CUSG201', u'COMPUTER USAGE II', u'NDLPR1', u'ND: LANGUAGE PRACTICE', u'11', u'YEAR', u'D1', u'Durban Campus Full-time', u'A', u'40000260: Singh; 40000564: Hansraj; 40002830: VILLAKAZI ; 40000309: Singh; 50002263: Govender', 48.0, u'']
check 'CUSG201_YEAR_2018' 'CUSG201'
processXLS: only for SEM2 [u'CUSG201_YEAR_2018', u'CUSG201_YEAR_2017', u'CUSG201', u'COMPUTER USAGE II', u'NDLPR1', u'ND: LANGUAGE PRACTICE', u'11', u'YEAR', u'D1', u'Durban Campus Full-time', u'A', u'40000260: Singh; 40000564: Hansraj; 40002830: VILLAKAZI ; 40000309: Singh; 50002263: Govender', 48.0, u'']
[u'', u'', u'', u'', u'', u'', u'', u'', u'', u'', u'', u'', u'', u'']
check '' ''
[u'DSFW212_SEM1_2018', u'DSFW212_SEM1_2017', u'DSFW212', u'DEVELOPMENT SOFTWARE II (MODULE 1)', u'NDINB1', u'ND: INFORMATION TECHNOLOGY (BUS APP)', u'21', u'SEMESTER 1', u'D1', u'Durban Campus Full-time', u'A', u'20910442:KHUBISA; 40008594: LINGWATHI; 40000784: Ngxata; 40000309: Singh; 50002263: Govender', 44.0, u'']
check 'DSFW212_SEM1_2018' 'DSFW212'
processXLS: only for SEM2 [u'DSFW212_SEM1_2018', u'DSFW212_SEM1_2017', u'DSFW212', u'DEVELOPMENT SOFTWARE II (MODULE 1)', u'NDINB1', u'ND: INFORMATION TECHNOLOGY (BUS APP)', u'21', u'SEMESTER 1', u'D1', u'Durban Campus Full-time', u'A', u'20910442:KHUBISA; 40008594: LINGWATHI; 40000784: Ngxata; 40000309: Singh; 50002263: Govender', 44.0, u'']
[u'DSFW212_SEM1_2018', u'DSFW212_SEM1_2017', u'DSFW212', u'DEVELOPMENT SOFTWARE II (MODULE 1)', u'NDINS1', u'ND: INFORMATION TECHNOLOGY (S/WARE DEV)', u'21', u'SEMESTER 1', u'D1', u'Durban Campus Full-time', u'A', u'20910442:KHUBISA; 40008594: LINGWATHI; 40000784: Ngxata; 40000309: Singh; 50002263: Govender', 293.0, u'']
check 'DSFW212_SEM1_2018' 'DSFW212'
processXLS: only for SEM2 [u'DSFW212_SEM1_2018', u'DSFW212_SEM1_2017', u'DSFW212', u'DEVELOPMENT SOFTWARE II (MODULE 1)', u'NDINS1', u'ND: INFORMATION TECHNOLOGY (S/WARE DEV)', u'21', u'SEMESTER 1', u'D1', u'Durban Campus Full-time', u'A', u'20910442:KHUBISA; 40008594: LINGWATHI; 40000784: Ngxata; 40000309: Singh; 50002263: Govender', 293.0, u'']
[u'DSFW212_SEM1_2018', u'DSFW212_SEM1_2017', u'DSFW212', u'DEVELOPMENT SOFTWARE II (MODULE 1)', u'NDINS1', u'ND: INFORMATION TECHNOLOGY (S/WARE DEV)', u'21', u'SEMESTER 1', u'D3', u'Durban Campus Part-time', u'A', u'20910442:KHUBISA; 40008594: LINGWATHI; 40000784: Ngxata; 40000309: Singh; 50002263: Govender', 7.0, u'']
check 'DSFW212_SEM1_2018' 'DSFW212'
processXLS: only for SEM2 [u'DSFW212_SEM1_2018', u'DSFW212_SEM1_2017', u'DSFW212', u'DEVELOPMENT SOFTWARE II (MODULE 1)', u'NDINS1', u'ND: INFORMATION TECHNOLOGY (S/WARE DEV)', u'21', u'SEMESTER 1', u'D3', u'Durban Campus Part-time', u'A', u'20910442:KHUBISA; 40008594: LINGWATHI; 40000784: Ngxata; 40000309: Singh; 50002263: Govender', 7.0, u'']
[u'DSFW212_SEM1_2018', u'DSFW212_SEM1_2017', u'DSFW212', u'DEVELOPMENT SOFTWARE II (MODULE 1)', u'NDISF1', u'ND: INFORMATION TECH (S/WARE DEV)(4 YRS)', u'21', u'SEMESTER 1', u'D1', u'Durban Campus Full-time', u'A', u'20910442:KHUBISA; 40008594: LINGWATHI; 40000784: Ngxata; 40000309: Singh; 50002263: Govender', 48.0, u'']
check 'DSFW212_SEM1_2018' 'DSFW212'
processXLS: only for SEM2 [u'DSFW212_SEM1_2018', u'DSFW212_SEM1_2017', u'DSFW212', u'DEVELOPMENT SOFTWARE II (MODULE 1)', u'NDISF1', u'ND: INFORMATION TECH (S/WARE DEV)(4 YRS)', u'21', u'SEMESTER 1', u'D1', u'Durban Campus Full-time', u'A', u'20910442:KHUBISA; 40008594: LINGWATHI; 40000784: Ngxata; 40000309: Singh; 50002263: Govender', 48.0, u'']
[u'', u'', u'', u'', u'', u'', u'', u'', u'', u'', u'', u'', u'', u'']
check '' ''
[u'DSFW212_SEM2_2018', u'DSFW212_SEM2_2017', u'DSFW212', u'DEVELOPMENT SOFTWARE II (MODULE 1)', u'NDINB1', u'ND: INFORMATION TECHNOLOGY (BUS APP)', u'22', u'SEMESTER 2', u'D1', u'Durban Campus Full-time', u'A', u'20910442:KHUBISA; 40008594: LINGWATHI; 40000784: Ngxata; 40000309: Singh; 50002263: Govender', 17.0, u'']
check 'DSFW212_SEM2_2018' 'DSFW212'
adding  DSFW212
requesting:  http://10.0.100.98:8000/bbinfo/matching_courses/DSFW212%25
r= <Response [200]>
matching classes= set([u'DSFW212_SEM2_2018', u'DSFW212_SEM1_2017', u'DSFW212_SEM1_2016', u'DSFW212_14_FOOS', u'DSFW212_13_SINA', u'DSFW212_2013', u'DSFW212_SEM1_2018', u'DSFW212_SEM2_2017'])
[u'DSFW212_SEM2_2018', u'DSFW212_SEM2_2017', u'DSFW212', u'DEVELOPMENT SOFTWARE II (MODULE 1)', u'NDINS1', u'ND: INFORMATION TECHNOLOGY (S/WARE DEV)', u'22', u'SEMESTER 2', u'D1', u'Durban Campus Full-time', u'A', u'20910442:KHUBISA; 40008594: LINGWATHI; 40000784: Ngxata; 40000309: Singh; 50002263: Govender', 68.0, u'']
check 'DSFW212_SEM2_2018' 'DSFW212'
adding  DSFW212
requesting:  http://10.0.100.98:8000/bbinfo/matching_courses/DSFW212%25
r= <Response [200]>
matching classes= set([u'DSFW212_SEM2_2018', u'DSFW212_SEM1_2017', u'DSFW212_SEM1_2016', u'DSFW212_14_FOOS', u'DSFW212_13_SINA', u'DSFW212_2013', u'DSFW212_SEM1_2018', u'DSFW212_SEM2_2017'])
[u'DSFW212_SEM2_2018', u'DSFW212_SEM2_2017', u'DSFW212', u'DEVELOPMENT SOFTWARE II (MODULE 1)', u'NDISF1', u'ND: INFORMATION TECH (S/WARE DEV)(4 YRS)', u'22', u'SEMESTER 2', u'D1', u'Durban Campus Full-time', u'A', u'20910442:KHUBISA; 40008594: LINGWATHI; 40000784: Ngxata; 40000309: Singh; 50002263: Govender', 15.0, u'']
check 'DSFW212_SEM2_2018' 'DSFW212'
adding  DSFW212
requesting:  http://10.0.100.98:8000/bbinfo/matching_courses/DSFW212%25
r= <Response [200]>
matching classes= set([u'DSFW212_SEM2_2018', u'DSFW212_SEM1_2017', u'DSFW212_SEM1_2016', u'DSFW212_14_FOOS', u'DSFW212_13_SINA', u'DSFW212_2013', u'DSFW212_SEM1_2018', u'DSFW212_SEM2_2017'])
[u'', u'', u'', u'', u'', u'', u'', u'', u'', u'', u'', u'', u'', u'']
check '' ''
[u'DSFW222_SEM2_2018', u'DSFW222_SEM2_2017', u'DSFW222', u'DEVELOPMENT SOFTWARE II (MODULE 2)', u'NDINB1', u'ND: INFORMATION TECHNOLOGY (BUS APP)', u'22', u'SEMESTER 2', u'D1', u'Durban Campus Full-time', u'A', u'20910442:KHUBISA; 40008594: LINGWATHI; 40000784: Ngxata; 40000309: Singh; 50002263: Govender', 40.0, u'']
check 'DSFW222_SEM2_2018' 'DSFW222'
adding  DSFW222
requesting:  http://10.0.100.98:8000/bbinfo/matching_courses/DSFW222%25
r= <Response [200]>
matching classes= set([u'DSFW222_13_SHON', u'DSFW222_13_NAIS', u'DSFW222_14_FOOS', u'DSFW222_SEM2_2017', u'DSFW222_SEM2_2016', u'DSFW222_13_THOC', u'DSFW222_2013', u'DSFW222_SEM2_2018'])
[u'DSFW222_SEM2_2018', u'DSFW222_SEM2_2017', u'DSFW222', u'DEVELOPMENT SOFTWARE II (MODULE 2)', u'NDINS1', u'ND: INFORMATION TECHNOLOGY (S/WARE DEV)', u'22', u'SEMESTER 2', u'D1', u'Durban Campus Full-time', u'A', u'20910442:KHUBISA; 40008594: LINGWATHI; 40000784: Ngxata; 40000309: Singh; 50002263: Govender', 250.0, u'']
check 'DSFW222_SEM2_2018' 'DSFW222'
adding  DSFW222
requesting:  http://10.0.100.98:8000/bbinfo/matching_courses/DSFW222%25
r= <Response [200]>
matching classes= set([u'DSFW222_13_SHON', u'DSFW222_13_NAIS', u'DSFW222_14_FOOS', u'DSFW222_SEM2_2017', u'DSFW222_SEM2_2016', u'DSFW222_13_THOC', u'DSFW222_2013', u'DSFW222_SEM2_2018'])
[u'DSFW222_SEM2_2018', u'DSFW222_SEM2_2017', u'DSFW222', u'DEVELOPMENT SOFTWARE II (MODULE 2)', u'NDINS1', u'ND: INFORMATION TECHNOLOGY (S/WARE DEV)', u'22', u'SEMESTER 2', u'D3', u'Durban Campus Part-time', u'A', u'20910442:KHUBISA; 40008594: LINGWATHI; 40000784: Ngxata; 40000309: Singh; 50002263: Govender', 11.0, u'']
check 'DSFW222_SEM2_2018' 'DSFW222'
adding  DSFW222
requesting:  http://10.0.100.98:8000/bbinfo/matching_courses/DSFW222%25
r= <Response [200]>
matching classes= set([u'DSFW222_13_SHON', u'DSFW222_13_NAIS', u'DSFW222_14_FOOS', u'DSFW222_SEM2_2017', u'DSFW222_SEM2_2016', u'DSFW222_13_THOC', u'DSFW222_2013', u'DSFW222_SEM2_2018'])
[u'DSFW222_SEM2_2018', u'DSFW222_SEM2_2017', u'DSFW222', u'DEVELOPMENT SOFTWARE II (MODULE 2)', u'NDISF1', u'ND: INFORMATION TECH (S/WARE DEV)(4 YRS)', u'22', u'SEMESTER 2', u'D1', u'Durban Campus Full-time', u'A', u'20910442:KHUBISA; 40008594: LINGWATHI; 40000784: Ngxata; 40000309: Singh; 50002263: Govender', 45.0, u'']
check 'DSFW222_SEM2_2018' 'DSFW222'
adding  DSFW222
requesting:  http://10.0.100.98:8000/bbinfo/matching_courses/DSFW222%25
r= <Response [200]>
matching classes= set([u'DSFW222_13_SHON', u'DSFW222_13_NAIS', u'DSFW222_14_FOOS', u'DSFW222_SEM2_2017', u'DSFW222_SEM2_2016', u'DSFW222_13_THOC', u'DSFW222_2013', u'DSFW222_SEM2_2018'])
[u'', u'', u'', u'', u'', u'', u'', u'', u'', u'', u'', u'', u'', u'']
check '' ''
[u'IPRO201_YEAR_2018', u'IPRO201_YEAR_2017', u'IPRO201', u'INTERNET PROGRAMMING II', u'NDINS1', u'ND: INFORMATION TECHNOLOGY (S/WARE DEV)', u'11', u'YEAR', u'D1', u'Durban Campus Full-time', u'A', u'50002451:GOVENDER; 50001305: White; 40000309: Singh; 50002263: Govender', 109.0, u'']
check 'IPRO201_YEAR_2018' 'IPRO201'
processXLS: only for SEM2 [u'IPRO201_YEAR_2018', u'IPRO201_YEAR_2017', u'IPRO201', u'INTERNET PROGRAMMING II', u'NDINS1', u'ND: INFORMATION TECHNOLOGY (S/WARE DEV)', u'11', u'YEAR', u'D1', u'Durban Campus Full-time', u'A', u'50002451:GOVENDER; 50001305: White; 40000309: Singh; 50002263: Govender', 109.0, u'']
[u'IPRO201_YEAR_2018', u'IPRO201_YEAR_2017', u'IPRO201', u'INTERNET PROGRAMMING II', u'NDISF1', u'ND: INFORMATION TECH (S/WARE DEV)(4 YRS)', u'11', u'YEAR', u'D1', u'Durban Campus Full-time', u'A', u'50002451:GOVENDER; 50001305: White; 40000309: Singh; 50002263: Govender', 11.0, u'']
check 'IPRO201_YEAR_2018' 'IPRO201'
processXLS: only for SEM2 [u'IPRO201_YEAR_2018', u'IPRO201_YEAR_2017', u'IPRO201', u'INTERNET PROGRAMMING II', u'NDISF1', u'ND: INFORMATION TECH (S/WARE DEV)(4 YRS)', u'11', u'YEAR', u'D1', u'Durban Campus Full-time', u'A', u'50002451:GOVENDER; 50001305: White; 40000309: Singh; 50002263: Govender', 11.0, u'']
[u'IPRO201_YEAR_2018', u'IPRO201_YEAR_2017', u'IPRO201', u'INTERNET PROGRAMMING II', u'NDINB1', u'ND: INFORMATION TECHNOLOGY (BUS APP)', u'11', u'YEAR', u'D1', u'Durban Campus Full-time', u'A', u'50002451:GOVENDER; 50001305: White; 40000309: Singh; 50002263: Govender', 11.0, u'']
check 'IPRO201_YEAR_2018' 'IPRO201'
processXLS: only for SEM2 [u'IPRO201_YEAR_2018', u'IPRO201_YEAR_2017', u'IPRO201', u'INTERNET PROGRAMMING II', u'NDINB1', u'ND: INFORMATION TECHNOLOGY (BUS APP)', u'11', u'YEAR', u'D1', u'Durban Campus Full-time', u'A', u'50002451:GOVENDER; 50001305: White; 40000309: Singh; 50002263: Govender', 11.0, u'']
[u'', u'', u'', u'', u'', u'', u'', u'', u'', u'', u'', u'', u'', u'']
check '' ''
[u'ISYS213_SEM1_2018', u'ISYS213_SEM1_2017', u'ISYS213', u'INFORMATION SYSTEMS II (MODULE 1)', u'NDINB1', u'ND: INFORMATION TECHNOLOGY (BUS APP)', u'21', u'SEMESTER 1', u'D1', u'Durban Campus Full-time', u'A', u'40000487: Pancham; 40002947: Zincume; 40002830: Villakazi; 40000309: Singh; 50002263: Govender', 38.0, u'']
check 'ISYS213_SEM1_2018' 'ISYS213'
processXLS: only for SEM2 [u'ISYS213_SEM1_2018', u'ISYS213_SEM1_2017', u'ISYS213', u'INFORMATION SYSTEMS II (MODULE 1)', u'NDINB1', u'ND: INFORMATION TECHNOLOGY (BUS APP)', u'21', u'SEMESTER 1', u'D1', u'Durban Campus Full-time', u'A', u'40000487: Pancham; 40002947: Zincume; 40002830: Villakazi; 40000309: Singh; 50002263: Govender', 38.0, u'']
[u'ISYS213_SEM1_2018', u'ISYS213_SEM1_2017', u'ISYS213', u'INFORMATION SYSTEMS II (MODULE 1)', u'NDINS1', u'ND: INFORMATION TECHNOLOGY (S/WARE DEV)', u'21', u'SEMESTER 1', u'D1', u'Durban Campus Full-time', u'A', u'40000487: Pancham; 40002947: Zincume; 40002830: Villakazi; 40000309: Singh; 50002263: Govender', 236.0, u'']
check 'ISYS213_SEM1_2018' 'ISYS213'
processXLS: only for SEM2 [u'ISYS213_SEM1_2018', u'ISYS213_SEM1_2017', u'ISYS213', u'INFORMATION SYSTEMS II (MODULE 1)', u'NDINS1', u'ND: INFORMATION TECHNOLOGY (S/WARE DEV)', u'21', u'SEMESTER 1', u'D1', u'Durban Campus Full-time', u'A', u'40000487: Pancham; 40002947: Zincume; 40002830: Villakazi; 40000309: Singh; 50002263: Govender', 236.0, u'']
[u'ISYS213_SEM1_2018', u'ISYS213_SEM1_2017', u'ISYS213', u'INFORMATION SYSTEMS II (MODULE 1)', u'NDINS1', u'ND: INFORMATION TECHNOLOGY (S/WARE DEV)', u'21', u'SEMESTER 1', u'D3', u'Durban Campus Part-time', u'A', u'40000487: Pancham; 40002947: Zincume; 40002830: Villakazi; 40000309: Singh; 50002263: Govender', 8.0, u'']
check 'ISYS213_SEM1_2018' 'ISYS213'
processXLS: only for SEM2 [u'ISYS213_SEM1_2018', u'ISYS213_SEM1_2017', u'ISYS213', u'INFORMATION SYSTEMS II (MODULE 1)', u'NDINS1', u'ND: INFORMATION TECHNOLOGY (S/WARE DEV)', u'21', u'SEMESTER 1', u'D3', u'Durban Campus Part-time', u'A', u'40000487: Pancham; 40002947: Zincume; 40002830: Villakazi; 40000309: Singh; 50002263: Govender', 8.0, u'']
[u'ISYS213_SEM1_2018', u'ISYS213_SEM1_2017', u'ISYS213', u'INFORMATION SYSTEMS II (MODULE 1)', u'NDISF1', u'ND: INFORMATION TECH (S/WARE DEV)(4 YRS)', u'21', u'SEMESTER 1', u'D1', u'Durban Campus Full-time', u'A', u'40000487: Pancham; 40002947: Zincume; 40002830: Villakazi; 40000309: Singh; 50002263: Govender', 45.0, u'']
check 'ISYS213_SEM1_2018' 'ISYS213'
processXLS: only for SEM2 [u'ISYS213_SEM1_2018', u'ISYS213_SEM1_2017', u'ISYS213', u'INFORMATION SYSTEMS II (MODULE 1)', u'NDISF1', u'ND: INFORMATION TECH (S/WARE DEV)(4 YRS)', u'21', u'SEMESTER 1', u'D1', u'Durban Campus Full-time', u'A', u'40000487: Pancham; 40002947: Zincume; 40002830: Villakazi; 40000309: Singh; 50002263: Govender', 45.0, u'']
[u'', u'', u'', u'', u'', u'', u'', u'', u'', u'', u'', u'', u'', u'']
check '' ''
[u'ISYS223_SEM2_2018', u'ISYS223_SEM2_2017', u'ISYS223', u'INFORMATION SYSTEMS II (MODULE 2)', u'NDINB1', u'ND: INFORMATION TECHNOLOGY (BUS APP)', u'22', u'SEMESTER 2', u'D1', u'Durban Campus Full-time', u'A', u'40000487: Pancham; 40002947: Zincume; 40002830: Villakazi; 40000309: Singh; 50002263: Govender', 32.0, u'']
check 'ISYS223_SEM2_2018' 'ISYS223'
adding  ISYS223
requesting:  http://10.0.100.98:8000/bbinfo/matching_courses/ISYS223%25
r= <Response [200]>
matching classes= set([u'ISYS223_13_SINP', u'ISYS223_2013', u'ISYS223_14_SINP', u'ISYS223_SEM2_2018', u'ISYS223_13_THOC', u'ISYS223_SEM2_2016', u'ISYS223_SEM2_2017', u'ISYS223_13_ASSA'])
[u'ISYS223_SEM2_2018', u'ISYS223_SEM2_2017', u'ISYS223', u'INFORMATION SYSTEMS II (MODULE 2)', u'NDINS1', u'ND: INFORMATION TECHNOLOGY (S/WARE DEV)', u'22', u'SEMESTER 2', u'D1', u'Durban Campus Full-time', u'A', u'40000487: Pancham; 40002947: Zincume; 40002830: Villakazi; 40000309: Singh; 50002263: Govender', 235.0, u'']
check 'ISYS223_SEM2_2018' 'ISYS223'
adding  ISYS223
requesting:  http://10.0.100.98:8000/bbinfo/matching_courses/ISYS223%25
r= <Response [200]>
matching classes= set([u'ISYS223_13_SINP', u'ISYS223_2013', u'ISYS223_14_SINP', u'ISYS223_SEM2_2018', u'ISYS223_13_THOC', u'ISYS223_SEM2_2016', u'ISYS223_SEM2_2017', u'ISYS223_13_ASSA'])
[u'ISYS223_SEM2_2018', u'ISYS223_SEM2_2017', u'ISYS223', u'INFORMATION SYSTEMS II (MODULE 2)', u'NDINS1', u'ND: INFORMATION TECHNOLOGY (S/WARE DEV)', u'22', u'SEMESTER 2', u'D3', u'Durban Campus Part-time', u'A', u'40000487: Pancham; 40002947: Zincume; 40002830: Villakazi; 40000309: Singh; 50002263: Govender', 3.0, u'']
check 'ISYS223_SEM2_2018' 'ISYS223'
adding  ISYS223
requesting:  http://10.0.100.98:8000/bbinfo/matching_courses/ISYS223%25
r= <Response [200]>
matching classes= set([u'ISYS223_13_SINP', u'ISYS223_2013', u'ISYS223_14_SINP', u'ISYS223_SEM2_2018', u'ISYS223_13_THOC', u'ISYS223_SEM2_2016', u'ISYS223_SEM2_2017', u'ISYS223_13_ASSA'])
[u'ISYS223_SEM2_2018', u'ISYS223_SEM2_2017', u'ISYS223', u'INFORMATION SYSTEMS II (MODULE 2)', u'NDISF1', u'ND: INFORMATION TECH (S/WARE DEV)(4 YRS)', u'22', u'SEMESTER 2', u'D1', u'Durban Campus Full-time', u'A', u'40000487: Pancham; 40002947: Zincume; 40002830: Villakazi; 40000309: Singh; 50002263: Govender', 45.0, u'']
check 'ISYS223_SEM2_2018' 'ISYS223'
adding  ISYS223
requesting:  http://10.0.100.98:8000/bbinfo/matching_courses/ISYS223%25
r= <Response [200]>
matching classes= set([u'ISYS223_13_SINP', u'ISYS223_2013', u'ISYS223_14_SINP', u'ISYS223_SEM2_2018', u'ISYS223_13_THOC', u'ISYS223_SEM2_2016', u'ISYS223_SEM2_2017', u'ISYS223_13_ASSA'])
[u'', u'', u'', u'', u'', u'', u'', u'', u'', u'', u'', u'', u'', u'']
check '' ''
[u'PIPR202_SEM1_2018', u'PIPR202_SEM1_2017', u'PIPR202', u'PUBLIC INFORMATION PRACTICES II', u'NDPMN1', u'ND: PUBLIC MANAGEMENT', u'21', u'SEMESTER 1', u'D1', u'Durban Campus Full-time', u'A', u'40000260: Singh; 40000564: Hansraj; 40002830: VILLAKAZI ; 40000309: Singh; 50002263: Govender', 187.0, u'']
check 'PIPR202_SEM1_2018' 'PIPR202'
processXLS: only for SEM2 [u'PIPR202_SEM1_2018', u'PIPR202_SEM1_2017', u'PIPR202', u'PUBLIC INFORMATION PRACTICES II', u'NDPMN1', u'ND: PUBLIC MANAGEMENT', u'21', u'SEMESTER 1', u'D1', u'Durban Campus Full-time', u'A', u'40000260: Singh; 40000564: Hansraj; 40002830: VILLAKAZI ; 40000309: Singh; 50002263: Govender', 187.0, u'']
[u'', u'', u'', u'', u'', u'', u'', u'', u'', u'', u'', u'', u'', u'']
check '' ''
[u'PRGM201_SEM1_2018', u'PRGM201_SEM1_2017', u'PRGM201', u'PROGRAMMING II', u'NDCSY2', u'ND: ENGINEERING: COMPUTER SYSTEMS', u'21', u'SEMESTER 1', u'D1', u'Durban Campus Full-time', u'A', u'50001305:WHITE; 40000309: Singh; 50002263: Govender', 13.0, u'']
check 'PRGM201_SEM1_2018' 'PRGM201'
processXLS: only for SEM2 [u'PRGM201_SEM1_2018', u'PRGM201_SEM1_2017', u'PRGM201', u'PROGRAMMING II', u'NDCSY2', u'ND: ENGINEERING: COMPUTER SYSTEMS', u'21', u'SEMESTER 1', u'D1', u'Durban Campus Full-time', u'A', u'50001305:WHITE; 40000309: Singh; 50002263: Govender', 13.0, u'']
[u'', u'', u'', u'', u'', u'', u'', u'', u'', u'', u'', u'', u'', u'']
check '' ''
[u'PRGM201_SEM2_2018', u'PRGM201_SEM2_2017', u'PRGM201', u'PROGRAMMING II', u'NDCSY2', u'ND: ENGINEERING: COMPUTER SYSTEMS', u'22', u'SEMESTER 2', u'D1', u'Durban Campus Full-time', u'A', u'50001305:WHITE; 40000309: Singh; 50002263: Govender', 22.0, u'']
check 'PRGM201_SEM2_2018' 'PRGM201'
adding  PRGM201
requesting:  http://10.0.100.98:8000/bbinfo/matching_courses/PRGM201%25
r= <Response [200]>
matching classes= set([u'PRGM201_2013', u'PRGM201_13_GOVA', u'PRGM201_SEM2_2017', u'PRGM201_SEM2_2018', u'PRGM201_SEM1_2018', u'PRGM201_ALL_2016', u'PRGM201_SEM1_2017', u'PRGM201_13_THOC'])
[u'', u'', u'', u'', u'', u'', u'', u'', u'', u'', u'', u'', u'', u'']
check '' ''
[u'SSFT213_SEM1_2018', u'SSFT213_SEM1_2017', u'SSFT213', u'SYSTEMS SOFTWARE II (MOD 1)', u'NDINB1', u'ND: INFORMATION TECHNOLOGY (BUS APP)', u'21', u'SEMESTER 1', u'D1', u'Durban Campus Full-time', u'A', u'40000552: BHOOLA; 40000309: Singh; 50002263: Govender', 46.0, u'']
check 'SSFT213_SEM1_2018' 'SSFT213'
processXLS: only for SEM2 [u'SSFT213_SEM1_2018', u'SSFT213_SEM1_2017', u'SSFT213', u'SYSTEMS SOFTWARE II (MOD 1)', u'NDINB1', u'ND: INFORMATION TECHNOLOGY (BUS APP)', u'21', u'SEMESTER 1', u'D1', u'Durban Campus Full-time', u'A', u'40000552: BHOOLA; 40000309: Singh; 50002263: Govender', 46.0, u'']
[u'SSFT213_SEM1_2018', u'SSFT213_SEM1_2017', u'SSFT213', u'SYSTEMS SOFTWARE II (MOD 1)', u'NDINS1', u'ND: INFORMATION TECHNOLOGY (S/WARE DEV)', u'21', u'SEMESTER 1', u'D1', u'Durban Campus Full-time', u'A', u'40000552: BHOOLA; 40000309: Singh; 50002263: Govender', 256.0, u'']
check 'SSFT213_SEM1_2018' 'SSFT213'
processXLS: only for SEM2 [u'SSFT213_SEM1_2018', u'SSFT213_SEM1_2017', u'SSFT213', u'SYSTEMS SOFTWARE II (MOD 1)', u'NDINS1', u'ND: INFORMATION TECHNOLOGY (S/WARE DEV)', u'21', u'SEMESTER 1', u'D1', u'Durban Campus Full-time', u'A', u'40000552: BHOOLA; 40000309: Singh; 50002263: Govender', 256.0, u'']
[u'SSFT213_SEM1_2018', u'SSFT213_SEM1_2017', u'SSFT213', u'SYSTEMS SOFTWARE II (MOD 1)', u'NDISF1', u'ND: INFORMATION TECH (S/WARE DEV)(4 YRS)', u'21', u'SEMESTER 1', u'D1', u'Durban Campus Full-time', u'A', u'40000552: BHOOLA; 40000309: Singh; 50002263: Govender', 47.0, u'']
check 'SSFT213_SEM1_2018' 'SSFT213'
processXLS: only for SEM2 [u'SSFT213_SEM1_2018', u'SSFT213_SEM1_2017', u'SSFT213', u'SYSTEMS SOFTWARE II (MOD 1)', u'NDISF1', u'ND: INFORMATION TECH (S/WARE DEV)(4 YRS)', u'21', u'SEMESTER 1', u'D1', u'Durban Campus Full-time', u'A', u'40000552: BHOOLA; 40000309: Singh; 50002263: Govender', 47.0, u'']
[u'SSFT213_SEM1_2018', u'SSFT213_SEM1_2017', u'SSFT213', u'SYSTEMS SOFTWARE II (MOD 1)', u'NDINB1', u'ND: INFORMATION TECHNOLOGY (BUS APP)', u'21', u'SEMESTER 1', u'D3', u'Durban Campus Full-time', u'A', u'40000552: BHOOLA; 40000309: Singh; 50002263: Govender', u'', u'']
check 'SSFT213_SEM1_2018' 'SSFT213'
processXLS: only for SEM2 [u'SSFT213_SEM1_2018', u'SSFT213_SEM1_2017', u'SSFT213', u'SYSTEMS SOFTWARE II (MOD 1)', u'NDINB1', u'ND: INFORMATION TECHNOLOGY (BUS APP)', u'21', u'SEMESTER 1', u'D3', u'Durban Campus Full-time', u'A', u'40000552: BHOOLA; 40000309: Singh; 50002263: Govender', u'', u'']
[u'SSFT213_SEM1_2018', u'SSFT213_SEM1_2017', u'SSFT213', u'SYSTEMS SOFTWARE II (MOD 1)', u'NDINS1', u'ND: INFORMATION TECHNOLOGY (S/WARE DEV)', u'21', u'SEMESTER 1', u'D3', u'Durban Campus Full-time', u'A', u'40000552: BHOOLA; 40000309: Singh; 50002263: Govender', u'', u'']
check 'SSFT213_SEM1_2018' 'SSFT213'
processXLS: only for SEM2 [u'SSFT213_SEM1_2018', u'SSFT213_SEM1_2017', u'SSFT213', u'SYSTEMS SOFTWARE II (MOD 1)', u'NDINS1', u'ND: INFORMATION TECHNOLOGY (S/WARE DEV)', u'21', u'SEMESTER 1', u'D3', u'Durban Campus Full-time', u'A', u'40000552: BHOOLA; 40000309: Singh; 50002263: Govender', u'', u'']
[u'', u'', u'', u'', u'', u'', u'', u'', u'', u'', u'', u'', u'', u'']
check '' ''
[u'SSFT223_SEM1_2018', u'SSFT223_SEM1_2017', u'SSFT223', u'SYSTEMS SOFTWARE II (MOD 2)', u'NDINB1', u'ND: INFORMATION TECHNOLOGY (BUS APP)', u'21', u'SEMESTER 1', u'D1', u'Durban Campus Full-time', u'A', u'40000265:ASMAL; 40000309: Singh; 50002263: Govender', 48.0, u'']
check 'SSFT223_SEM1_2018' 'SSFT223'
processXLS: only for SEM2 [u'SSFT223_SEM1_2018', u'SSFT223_SEM1_2017', u'SSFT223', u'SYSTEMS SOFTWARE II (MOD 2)', u'NDINB1', u'ND: INFORMATION TECHNOLOGY (BUS APP)', u'21', u'SEMESTER 1', u'D1', u'Durban Campus Full-time', u'A', u'40000265:ASMAL; 40000309: Singh; 50002263: Govender', 48.0, u'']
[u'SSFT223_SEM1_2018', u'SSFT223_SEM1_2017', u'SSFT223', u'SYSTEMS SOFTWARE II (MOD 2)', u'NDINS1', u'ND: INFORMATION TECHNOLOGY (S/WARE DEV)', u'21', u'SEMESTER 1', u'D1', u'Durban Campus Full-time', u'A', u'40000265:ASMAL; 40000309: Singh; 50002263: Govender', 241.0, u'']
check 'SSFT223_SEM1_2018' 'SSFT223'
processXLS: only for SEM2 [u'SSFT223_SEM1_2018', u'SSFT223_SEM1_2017', u'SSFT223', u'SYSTEMS SOFTWARE II (MOD 2)', u'NDINS1', u'ND: INFORMATION TECHNOLOGY (S/WARE DEV)', u'21', u'SEMESTER 1', u'D1', u'Durban Campus Full-time', u'A', u'40000265:ASMAL; 40000309: Singh; 50002263: Govender', 241.0, u'']
[u'SSFT223_SEM1_2018', u'SSFT223_SEM1_2017', u'SSFT223', u'SYSTEMS SOFTWARE II (MOD 2)', u'NDINS1', u'ND: INFORMATION TECHNOLOGY (S/WARE DEV)', u'21', u'SEMESTER 1', u'D3', u'Durban Campus Part-time', u'A', u'40000265:ASMAL; 40000309: Singh; 50002263: Govender', 13.0, u'']
check 'SSFT223_SEM1_2018' 'SSFT223'
processXLS: only for SEM2 [u'SSFT223_SEM1_2018', u'SSFT223_SEM1_2017', u'SSFT223', u'SYSTEMS SOFTWARE II (MOD 2)', u'NDINS1', u'ND: INFORMATION TECHNOLOGY (S/WARE DEV)', u'21', u'SEMESTER 1', u'D3', u'Durban Campus Part-time', u'A', u'40000265:ASMAL; 40000309: Singh; 50002263: Govender', 13.0, u'']
[u'SSFT223_SEM1_2018', u'SSFT223_SEM1_2017', u'SSFT223', u'SYSTEMS SOFTWARE II (MOD 2)', u'NDISF1', u'ND: INFORMATION TECH (S/WARE DEV)(4 YRS)', u'21', u'SEMESTER 1', u'D1', u'Durban Campus Full-time', u'A', u'40000265:ASMAL; 40000309: Singh; 50002263: Govender', 45.0, u'']
check 'SSFT223_SEM1_2018' 'SSFT223'
processXLS: only for SEM2 [u'SSFT223_SEM1_2018', u'SSFT223_SEM1_2017', u'SSFT223', u'SYSTEMS SOFTWARE II (MOD 2)', u'NDISF1', u'ND: INFORMATION TECH (S/WARE DEV)(4 YRS)', u'21', u'SEMESTER 1', u'D1', u'Durban Campus Full-time', u'A', u'40000265:ASMAL; 40000309: Singh; 50002263: Govender', 45.0, u'']
[u'', u'', u'', u'', u'', u'', u'', u'', u'', u'', u'', u'', u'', u'']
check '' ''
[u'SYSA201_SEM1_2018', u'SYSA201_SEM1_2017', u'SYSA201', u'SYSTEMS ANALYSIS II', u'NDCSY2', u'ND: ENGINEERING: COMPUTER SYSTEMS', u'21', u'SEMESTER 1', u'D1', u'Durban Campus Full-time', u'A', u'40000487: Pancham; 40002947: Zincume; 40002830: Villakazi; 40000309: Singh; 50002263: Govender', 9.0, u'']
check 'SYSA201_SEM1_2018' 'SYSA201'
processXLS: only for SEM2 [u'SYSA201_SEM1_2018', u'SYSA201_SEM1_2017', u'SYSA201', u'SYSTEMS ANALYSIS II', u'NDCSY2', u'ND: ENGINEERING: COMPUTER SYSTEMS', u'21', u'SEMESTER 1', u'D1', u'Durban Campus Full-time', u'A', u'40000487: Pancham; 40002947: Zincume; 40002830: Villakazi; 40000309: Singh; 50002263: Govender', 9.0, u'']
[u'SYSA201_SEM1_2018', u'SYSA201_SEM1_2017', u'SYSA201', u'SYSTEMS ANALYSIS II', u'NDECM1', u'ND: ENGINEERING: ELECTRICAL (COMM)', u'21', u'SEMESTER 1', u'D1', u'Durban Campus Full-time', u'A', u'40000487: Pancham; 40002947: Zincume; 40002830: Villakazi; 40000309: Singh; 50002263: Govender', 1.0, u'']
check 'SYSA201_SEM1_2018' 'SYSA201'
processXLS: only for SEM2 [u'SYSA201_SEM1_2018', u'SYSA201_SEM1_2017', u'SYSA201', u'SYSTEMS ANALYSIS II', u'NDECM1', u'ND: ENGINEERING: ELECTRICAL (COMM)', u'21', u'SEMESTER 1', u'D1', u'Durban Campus Full-time', u'A', u'40000487: Pancham; 40002947: Zincume; 40002830: Villakazi; 40000309: Singh; 50002263: Govender', 1.0, u'']
[u'', u'', u'', u'', u'', u'', u'', u'', u'', u'', u'', u'', u'', u'']
check '' ''
[u'SYSA201_SEM2_2018', u'SYSA201_SEM2_2017', u'SYSA201', u'SYSTEMS ANALYSIS II', u'NDCSY2', u'ND: ENGINEERING: COMPUTER SYSTEMS', u'22', u'SEMESTER 2', u'D1', u'Durban Campus Full-time', u'A', u'40000487: Pancham; 40002947: Zincume; 40002830: Villakazi; 40000309: Singh; 50002263: Govender', 12.0, u'']
check 'SYSA201_SEM2_2018' 'SYSA201'
adding  SYSA201
requesting:  http://10.0.100.98:8000/bbinfo/matching_courses/SYSA201%25
r= <Response [200]>
matching classes= set([u'SYSA201_2013', u'SYSA201_14_SINP', u'SYSA201_13_THOC', u'SYSA201_ALL_2016', u'SYSA201_SEM1_2017', u'SYSA201_SEM2_2017', u'SYSA201_SEM2_2018', u'SYSA201_SEM1_2018'])
[u'', u'', u'', u'', u'', u'', u'', u'', u'', u'', u'', u'', u'', u'']
check '' ''
[u'TPRG211_SEM1_2018', u'TPRG211_SEM1_2017', u'TPRG211', u'TECHNICAL PROGRAMMING II (MODULE 1)', u'NDINS1', u'ND: INFORMATION TECHNOLOGY (S/WARE DEV)', u'21', u'SEMESTER 1', u'D1', u'Durban Campus Full-time', u'A', u'40000582: SOOBRAMONEY; 40000309: Singh; 50002263: Govender', 225.0, u'']
check 'TPRG211_SEM1_2018' 'TPRG211'
processXLS: only for SEM2 [u'TPRG211_SEM1_2018', u'TPRG211_SEM1_2017', u'TPRG211', u'TECHNICAL PROGRAMMING II (MODULE 1)', u'NDINS1', u'ND: INFORMATION TECHNOLOGY (S/WARE DEV)', u'21', u'SEMESTER 1', u'D1', u'Durban Campus Full-time', u'A', u'40000582: SOOBRAMONEY; 40000309: Singh; 50002263: Govender', 225.0, u'']
[u'TPRG211_SEM1_2018', u'TPRG211_SEM1_2017', u'TPRG211', u'TECHNICAL PROGRAMMING II (MODULE 1)', u'NDINS1', u'ND: INFORMATION TECHNOLOGY (S/WARE DEV)', u'21', u'SEMESTER 1', u'D3', u'Durban Campus Part-time', u'A', u'40000582: SOOBRAMONEY; 40000309: Singh; 50002263: Govender', 10.0, u'']
check 'TPRG211_SEM1_2018' 'TPRG211'
processXLS: only for SEM2 [u'TPRG211_SEM1_2018', u'TPRG211_SEM1_2017', u'TPRG211', u'TECHNICAL PROGRAMMING II (MODULE 1)', u'NDINS1', u'ND: INFORMATION TECHNOLOGY (S/WARE DEV)', u'21', u'SEMESTER 1', u'D3', u'Durban Campus Part-time', u'A', u'40000582: SOOBRAMONEY; 40000309: Singh; 50002263: Govender', 10.0, u'']
[u'TPRG211_SEM1_2018', u'TPRG211_SEM1_2017', u'TPRG211', u'TECHNICAL PROGRAMMING II (MODULE 1)', u'NDISF1', u'ND: INFORMATION TECH (S/WARE DEV)(4 YRS)', u'21', u'SEMESTER 1', u'D1', u'Durban Campus Full-time', u'A', u'40000582: SOOBRAMONEY; 40000309: Singh; 50002263: Govender', 38.0, u'']
check 'TPRG211_SEM1_2018' 'TPRG211'
processXLS: only for SEM2 [u'TPRG211_SEM1_2018', u'TPRG211_SEM1_2017', u'TPRG211', u'TECHNICAL PROGRAMMING II (MODULE 1)', u'NDISF1', u'ND: INFORMATION TECH (S/WARE DEV)(4 YRS)', u'21', u'SEMESTER 1', u'D1', u'Durban Campus Full-time', u'A', u'40000582: SOOBRAMONEY; 40000309: Singh; 50002263: Govender', 38.0, u'']
[u'TPRG211_SEM1_2018', u'TPRG211_SEM1_2017', u'TPRG211', u'TECHNICAL PROGRAMMING II (MODULE 1)', u'NODIP1', u'NON-DIPLOMA PURPOSE (ACCT & INFO)', u'21', u'SEMESTER 1', u'D8', u'DBN PART-TIME NON-SUBSIDISED', u'A', u'40000582: SOOBRAMONEY; 40000309: Singh; 50002263: Govender', 4.0, u'']
check 'TPRG211_SEM1_2018' 'TPRG211'
processXLS: only for SEM2 [u'TPRG211_SEM1_2018', u'TPRG211_SEM1_2017', u'TPRG211', u'TECHNICAL PROGRAMMING II (MODULE 1)', u'NODIP1', u'NON-DIPLOMA PURPOSE (ACCT & INFO)', u'21', u'SEMESTER 1', u'D8', u'DBN PART-TIME NON-SUBSIDISED', u'A', u'40000582: SOOBRAMONEY; 40000309: Singh; 50002263: Govender', 4.0, u'']
[u'', u'', u'', u'', u'', u'', u'', u'', u'', u'', u'', u'', u'', u'']
check '' ''
[u'TPRG221_SEM2_2018', u'TPRG221_SEM2_2017', u'TPRG221', u'TECHNICAL PROGRAMMING II (MODULE 2)', u'NDINS1', u'ND: INFORMATION TECHNOLOGY (S/WARE DEV)', u'22', u'SEMESTER 2', u'D1', u'Durban Campus Full-time', u'A', u'40000582: SOOBRAMONEY; 40000309: Singh; 50002263: Govender', 230.0, u'']
check 'TPRG221_SEM2_2018' 'TPRG221'
adding  TPRG221
requesting:  http://10.0.100.98:8000/bbinfo/matching_courses/TPRG221%25
r= <Response [200]>
matching classes= set([u'TPRG221_SEM2_2018', u'TPRG221_15_MOOU', u'TPRG221_2013', u'TPRG221_13_HANA', u'TPRG221_13_MOOU', u'TPRG221_SEM2_2017', u'TPRG221_SEM2_2016'])
[u'TPRG221_SEM2_2018', u'TPRG221_SEM2_2017', u'TPRG221', u'TECHNICAL PROGRAMMING II (MODULE 2)', u'NDINS1', u'ND: INFORMATION TECHNOLOGY (S/WARE DEV)', u'22', u'SEMESTER 2', u'D3', u'Durban Campus Part-time', u'A', u'40000582: SOOBRAMONEY; 40000309: Singh; 50002263: Govender', 19.0, u'']
check 'TPRG221_SEM2_2018' 'TPRG221'
adding  TPRG221
requesting:  http://10.0.100.98:8000/bbinfo/matching_courses/TPRG221%25
r= <Response [200]>
matching classes= set([u'TPRG221_SEM2_2018', u'TPRG221_15_MOOU', u'TPRG221_2013', u'TPRG221_13_HANA', u'TPRG221_13_MOOU', u'TPRG221_SEM2_2017', u'TPRG221_SEM2_2016'])
[u'TPRG221_SEM2_2018', u'TPRG221_SEM2_2017', u'TPRG221', u'TECHNICAL PROGRAMMING II (MODULE 2)', u'NDISF1', u'ND: INFORMATION TECH (S/WARE DEV)(4 YRS)', u'22', u'SEMESTER 2', u'D1', u'Durban Campus Full-time', u'A', u'40000582: SOOBRAMONEY; 40000309: Singh; 50002263: Govender', 40.0, u'']
check 'TPRG221_SEM2_2018' 'TPRG221'
adding  TPRG221
requesting:  http://10.0.100.98:8000/bbinfo/matching_courses/TPRG221%25
r= <Response [200]>
matching classes= set([u'TPRG221_SEM2_2018', u'TPRG221_15_MOOU', u'TPRG221_2013', u'TPRG221_13_HANA', u'TPRG221_13_MOOU', u'TPRG221_SEM2_2017', u'TPRG221_SEM2_2016'])
[u'', u'', u'', u'', u'', u'', u'', u'', u'', u'', u'', u'', u'', u'']
check '' ''
[u'BSAN312_SEM1_2018', u'BSAN312_SEM1_2017', u'BSAN312', u'BUSINESS ANALYSIS III (MODULE 1)', u'NDINB1', u'ND: INFORMATION TECHNOLOGY (BUS APP)', u'21', u'SEMESTER 1', u'D1', u'Durban Campus Full-time', u'A', u'40002823:RAMNARAIN; 40003344: MOODLEY; 40000309: Singh; 50002263: Govender', 34.0, u'']
check 'BSAN312_SEM1_2018' 'BSAN312'
processXLS: only for SEM2 [u'BSAN312_SEM1_2018', u'BSAN312_SEM1_2017', u'BSAN312', u'BUSINESS ANALYSIS III (MODULE 1)', u'NDINB1', u'ND: INFORMATION TECHNOLOGY (BUS APP)', u'21', u'SEMESTER 1', u'D1', u'Durban Campus Full-time', u'A', u'40002823:RAMNARAIN; 40003344: MOODLEY; 40000309: Singh; 50002263: Govender', 34.0, u'']
[u'', u'', u'', u'', u'', u'', u'', u'', u'', u'', u'', u'', u'', u'']
check '' ''
[u'BSAN322_SEM2_2018', u'BSAN322_SEM2_2017', u'BSAN322', u'BUSINESS ANALYSIS III (MODULE 2)', u'NDINB1', u'ND: INFORMATION TECHNOLOGY (BUS APP)', u'22', u'SEMESTER 2', u'D1', u'Durban Campus Full-time', u'A', u'40002823:RAMNARAIN; 40003344: MOODLEY; 40000309: Singh; 50002263: Govender', 34.0, u'']
check 'BSAN322_SEM2_2018' 'BSAN322'
adding  BSAN322
requesting:  http://10.0.100.98:8000/bbinfo/matching_courses/BSAN322%25
r= <Response [200]>
matching classes= set([u'bsan322', u'BSAN322_13_RAMA', u'BSAN322_SEM2_2017', u'BSAN322_2013', u'BSAN322_SEM2_2018', u'BSAN322_13_HUND', u'BSAN322_SEM2_2016', u'BSAN322_13_RAMAa'])
[u'', u'', u'', u'', u'', u'', u'', u'', u'', u'', u'', u'', u'', u'']
check '' ''
[u'DAPR302_SEM1_2018', u'DAPR302_SEM1_2017', u'DAPR302', u'DATABASE PRINCIPLES III', u'NDCSY2', u'ND: ENGINEERING: COMPUTER SYSTEMS', u'21', u'SEMESTER 1', u'D1', u'Durban Campus Full-time', u'A', u'40002947:ZINCUME; 40000309: Singh; 50002263: Govender; 50001305: White', 17.0, u'']
check 'DAPR302_SEM1_2018' 'DAPR302'
processXLS: only for SEM2 [u'DAPR302_SEM1_2018', u'DAPR302_SEM1_2017', u'DAPR302', u'DATABASE PRINCIPLES III', u'NDCSY2', u'ND: ENGINEERING: COMPUTER SYSTEMS', u'21', u'SEMESTER 1', u'D1', u'Durban Campus Full-time', u'A', u'40002947:ZINCUME; 40000309: Singh; 50002263: Govender; 50001305: White', 17.0, u'']
[u'', u'', u'', u'', u'', u'', u'', u'', u'', u'', u'', u'', u'', u'']
check '' ''
[u'DAPR302_SEM2_2018', u'DAPR302_SEM2_2017', u'DAPR302', u'DATABASE PRINCIPLES III', u'NDCSY2', u'ND: ENGINEERING: COMPUTER SYSTEMS', u'22', u'SEMESTER 2', u'D1', u'Durban Campus Full-time', u'A', u'40002947:ZINCUME; 40000309: Singh; 50002263: Govender; 50001305: White', 9.0, u'']
check 'DAPR302_SEM2_2018' 'DAPR302'
adding  DAPR302
requesting:  http://10.0.100.98:8000/bbinfo/matching_courses/DAPR302%25
r= <Response [200]>
matching classes= set([u'DAPR302_14_BASS', u'DAPR302_13_RAMS', u'DAPR302_SEM1_2018', u'DAPR302_SEM2_2017', u'DAPR302_ALL_2016', u'DAPR302_2013', u'DAPR302_SEM2_2018', u'DAPR302_FISY321_15_ZINX', u'DAPR302_SEM1_2017'])
[u'', u'', u'', u'', u'', u'', u'', u'', u'', u'', u'', u'', u'', u'']
check '' ''
[u'DSFW302_YEAR_2018', u'DSFW302_YEAR_2017', u'DSFW302', u'DEVELOPMENT SOFTWARE III', u'NDINB1', u'ND: INFORMATION TECHNOLOGY (BUS APP)', u'11', u'YEAR', u'D1', u'Durban Campus Full-time', u'A', u'40000487:PANCHAM; 40000309: Singh; 50002263: Govender', 19.0, u'']
check 'DSFW302_YEAR_2018' 'DSFW302'
processXLS: only for SEM2 [u'DSFW302_YEAR_2018', u'DSFW302_YEAR_2017', u'DSFW302', u'DEVELOPMENT SOFTWARE III', u'NDINB1', u'ND: INFORMATION TECHNOLOGY (BUS APP)', u'11', u'YEAR', u'D1', u'Durban Campus Full-time', u'A', u'40000487:PANCHAM; 40000309: Singh; 50002263: Govender', 19.0, u'']
[u'DSFW302_YEAR_2018', u'DSFW302_YEAR_2017', u'DSFW302', u'DEVELOPMENT SOFTWARE III', u'NDINF2', u'ND: INFORMATION TECHNOLOGY', u'11', u'YEAR', u'D1', u'Durban Campus Full-time', u'A', u'40000487:PANCHAM; 40000309: Singh; 50002263: Govender', 1.0, u'']
check 'DSFW302_YEAR_2018' 'DSFW302'
processXLS: only for SEM2 [u'DSFW302_YEAR_2018', u'DSFW302_YEAR_2017', u'DSFW302', u'DEVELOPMENT SOFTWARE III', u'NDINF2', u'ND: INFORMATION TECHNOLOGY', u'11', u'YEAR', u'D1', u'Durban Campus Full-time', u'A', u'40000487:PANCHAM; 40000309: Singh; 50002263: Govender', 1.0, u'']
[u'DSFW302_YEAR_2018', u'DSFW302_YEAR_2017', u'DSFW302', u'DEVELOPMENT SOFTWARE III', u'NDINS1', u'ND: INFORMATION TECHNOLOGY (S/WARE DEV)', u'11', u'YEAR', u'D1', u'Durban Campus Full-time', u'A', u'40000487:PANCHAM; 40000309: Singh; 50002263: Govender', 146.0, u'']
check 'DSFW302_YEAR_2018' 'DSFW302'
processXLS: only for SEM2 [u'DSFW302_YEAR_2018', u'DSFW302_YEAR_2017', u'DSFW302', u'DEVELOPMENT SOFTWARE III', u'NDINS1', u'ND: INFORMATION TECHNOLOGY (S/WARE DEV)', u'11', u'YEAR', u'D1', u'Durban Campus Full-time', u'A', u'40000487:PANCHAM; 40000309: Singh; 50002263: Govender', 146.0, u'']
[u'DSFW302_YEAR_2018', u'DSFW302_YEAR_2017', u'DSFW302', u'DEVELOPMENT SOFTWARE III', u'NDINS1', u'ND: INFORMATION TECHNOLOGY (S/WARE DEV)', u'11', u'YEAR', u'D3', u'Durban Campus Part-time', u'A', u'40000487:PANCHAM; 40000309: Singh; 50002263: Govender', 17.0, u'']
check 'DSFW302_YEAR_2018' 'DSFW302'
processXLS: only for SEM2 [u'DSFW302_YEAR_2018', u'DSFW302_YEAR_2017', u'DSFW302', u'DEVELOPMENT SOFTWARE III', u'NDINS1', u'ND: INFORMATION TECHNOLOGY (S/WARE DEV)', u'11', u'YEAR', u'D3', u'Durban Campus Part-time', u'A', u'40000487:PANCHAM; 40000309: Singh; 50002263: Govender', 17.0, u'']
[u'DSFW302_YEAR_2018', u'DSFW302_YEAR_2017', u'DSFW302', u'DEVELOPMENT SOFTWARE III', u'NDISF1', u'ND: INFORMATION TECH (S/WARE DEV)(4 YRS)', u'11', u'YEAR', u'D1', u'Durban Campus Full-time', u'A', u'40000487:PANCHAM; 40000309: Singh; 50002263: Govender', 11.0, u'']
check 'DSFW302_YEAR_2018' 'DSFW302'
processXLS: only for SEM2 [u'DSFW302_YEAR_2018', u'DSFW302_YEAR_2017', u'DSFW302', u'DEVELOPMENT SOFTWARE III', u'NDISF1', u'ND: INFORMATION TECH (S/WARE DEV)(4 YRS)', u'11', u'YEAR', u'D1', u'Durban Campus Full-time', u'A', u'40000487:PANCHAM; 40000309: Singh; 50002263: Govender', 11.0, u'']
[u'DSFW302_YEAR_2018', u'DSFW302_YEAR_2017', u'DSFW302', u'DEVELOPMENT SOFTWARE III', u'NODIP1', u'NON-DIPLOMA PURPOSE (ACCT & INFO)', u'11', u'YEAR', u'D8', u'DBN PART-TIME NON-SUBSIDISED', u'A', u'40000487:PANCHAM; 40000309: Singh; 50002263: Govender', 2.0, u'']
check 'DSFW302_YEAR_2018' 'DSFW302'
processXLS: only for SEM2 [u'DSFW302_YEAR_2018', u'DSFW302_YEAR_2017', u'DSFW302', u'DEVELOPMENT SOFTWARE III', u'NODIP1', u'NON-DIPLOMA PURPOSE (ACCT & INFO)', u'11', u'YEAR', u'D8', u'DBN PART-TIME NON-SUBSIDISED', u'A', u'40000487:PANCHAM; 40000309: Singh; 50002263: Govender', 2.0, u'']
[u'', u'', u'', u'', u'', u'', u'', u'', u'', u'', u'', u'', u'', u'']
check '' ''
[u'FISY311_SEM2_2018', u'FISY311_SEM2_2017', u'FISY311', u'FINANCIAL INFORMATION SYSTEMS III (MOD 1)', u'NDFIS2', u'ND: FINANCIAL INFORMATION SYSTEMS', u'22', u'SEMESTER 2', u'D1', u'Durban Campus Full-time', u'A', u'40002823: Ramnarain; 40000552: Bhoola; 40000309: Singh; 50002263: Govender', 49.0, u'']
check 'FISY311_SEM2_2018' 'FISY311'
adding  FISY311
requesting:  http://10.0.100.98:8000/bbinfo/matching_courses/FISY311%25
r= <Response [200]>
matching classes= set([u'FISY311_14_BHON', u'FISY311_2013', u'FISY311_SEM2_2017', u'FISY311_SEM2_2016', u'FISY311_SEM2_2018', u'FISY311_13_KHAM'])
[u'', u'', u'', u'', u'', u'', u'', u'', u'', u'', u'', u'', u'', u'']
check '' ''
[u'FISY321_SEM1_2018', u'FISY321_SEM1_2017', u'FISY321', u'FINANCIAL INFORMATION SYSTEMS III (MOD 2)', u'NDFIS2', u'ND: FINANCIAL INFORMATION SYSTEMS', u'21', u'SEMESTER 1', u'D1', u'Durban Campus Full-time', u'A', u'40002947:ZINCUME; 40000309: Singh; 50002263: Govender', 49.0, u'']
check 'FISY321_SEM1_2018' 'FISY321'
processXLS: only for SEM2 [u'FISY321_SEM1_2018', u'FISY321_SEM1_2017', u'FISY321', u'FINANCIAL INFORMATION SYSTEMS III (MOD 2)', u'NDFIS2', u'ND: FINANCIAL INFORMATION SYSTEMS', u'21', u'SEMESTER 1', u'D1', u'Durban Campus Full-time', u'A', u'40002947:ZINCUME; 40000309: Singh; 50002263: Govender', 49.0, u'']
[u'', u'', u'', u'', u'', u'', u'', u'', u'', u'', u'', u'', u'', u'']
check '' ''
[u'FISY321_SEM2_2018', u'FISY321_SEM2_2017', u'FISY321', u'FINANCIAL INFORMATION SYSTEMS III (MOD 2)', u'NDFIS2', u'ND: FINANCIAL INFORMATION SYSTEMS', u'22', u'SEMESTER 2', u'D1', u'Durban Campus Full-time', u'A', u'40002947:ZINCUME; 40000309: Singh; 50002263: Govender', 12.0, u'']
check 'FISY321_SEM2_2018' 'FISY321'
adding  FISY321
requesting:  http://10.0.100.98:8000/bbinfo/matching_courses/FISY321%25
r= <Response [200]>
matching classes= set([u'FISY321_2013', u'FISY321_13_KHAM', u'FISY321_SEM2_2017', u'FISY321_SEM2_2018', u'FISY321_SEM1_2018', u'FISY321_ALL_2016', u'FISY321_SEM1_2017'])
[u'', u'', u'', u'', u'', u'', u'', u'', u'', u'', u'', u'', u'', u'']
check '' ''
[u'ISYS314_SEM1_2018', u'ISYS314_SEM1_2017', u'ISYS314', u'INFORMATION SYSTEMS III (MODULE 1)', u'NDINB1', u'ND: INFORMATION TECHNOLOGY (BUS APP)', u'21', u'SEMESTER 1', u'D1', u'Durban Campus Full-time', u'A', u'50011966: SINGH; 40009285: Naicker; 40000309: Singh; 50002263: Govender', 32.0, u'']
check 'ISYS314_SEM1_2018' 'ISYS314'
processXLS: only for SEM2 [u'ISYS314_SEM1_2018', u'ISYS314_SEM1_2017', u'ISYS314', u'INFORMATION SYSTEMS III (MODULE 1)', u'NDINB1', u'ND: INFORMATION TECHNOLOGY (BUS APP)', u'21', u'SEMESTER 1', u'D1', u'Durban Campus Full-time', u'A', u'50011966: SINGH; 40009285: Naicker; 40000309: Singh; 50002263: Govender', 32.0, u'']
[u'ISYS314_SEM1_2018', u'ISYS314_SEM1_2017', u'ISYS314', u'INFORMATION SYSTEMS III (MODULE 1)', u'NDINS1', u'ND: INFORMATION TECHNOLOGY (S/WARE DEV)', u'21', u'SEMESTER 1', u'D1', u'Durban Campus Full-time', u'A', u'50011966: SINGH; 40009285: Naicker; 40000309: Singh; 50002263: Govender', 215.0, u'']
check 'ISYS314_SEM1_2018' 'ISYS314'
processXLS: only for SEM2 [u'ISYS314_SEM1_2018', u'ISYS314_SEM1_2017', u'ISYS314', u'INFORMATION SYSTEMS III (MODULE 1)', u'NDINS1', u'ND: INFORMATION TECHNOLOGY (S/WARE DEV)', u'21', u'SEMESTER 1', u'D1', u'Durban Campus Full-time', u'A', u'50011966: SINGH; 40009285: Naicker; 40000309: Singh; 50002263: Govender', 215.0, u'']
[u'ISYS314_SEM1_2018', u'ISYS314_SEM1_2017', u'ISYS314', u'INFORMATION SYSTEMS III (MODULE 1)', u'NDINS1', u'ND: INFORMATION TECHNOLOGY (S/WARE DEV)', u'21', u'SEMESTER 1', u'D3', u'Durban Campus Part-time', u'A', u'50011966: SINGH; 40009285: Naicker; 40000309: Singh; 50002263: Govender', 20.0, u'']
check 'ISYS314_SEM1_2018' 'ISYS314'
processXLS: only for SEM2 [u'ISYS314_SEM1_2018', u'ISYS314_SEM1_2017', u'ISYS314', u'INFORMATION SYSTEMS III (MODULE 1)', u'NDINS1', u'ND: INFORMATION TECHNOLOGY (S/WARE DEV)', u'21', u'SEMESTER 1', u'D3', u'Durban Campus Part-time', u'A', u'50011966: SINGH; 40009285: Naicker; 40000309: Singh; 50002263: Govender', 20.0, u'']
[u'ISYS314_SEM1_2018', u'ISYS314_SEM1_2017', u'ISYS314', u'INFORMATION SYSTEMS III (MODULE 1)', u'NDISF1', u'ND: INFORMATION TECH (S/WARE DEV)(4 YRS)', u'21', u'SEMESTER 1', u'D1', u'Durban Campus Full-time', u'A', u'50011966: SINGH; 40009285: Naicker; 40000309: Singh; 50002263: Govender', 20.0, u'']
check 'ISYS314_SEM1_2018' 'ISYS314'
processXLS: only for SEM2 [u'ISYS314_SEM1_2018', u'ISYS314_SEM1_2017', u'ISYS314', u'INFORMATION SYSTEMS III (MODULE 1)', u'NDISF1', u'ND: INFORMATION TECH (S/WARE DEV)(4 YRS)', u'21', u'SEMESTER 1', u'D1', u'Durban Campus Full-time', u'A', u'50011966: SINGH; 40009285: Naicker; 40000309: Singh; 50002263: Govender', 20.0, u'']
[u'', u'', u'', u'', u'', u'', u'', u'', u'', u'', u'', u'', u'', u'']
check '' ''
[u'ISYS314_SEM2_2018', u'ISYS314_SEM2_2017', u'ISYS314', u'INFORMATION SYSTEMS III (MODULE 1)', u'NDINB1', u'ND: INFORMATION TECHNOLOGY (BUS APP)', u'22', u'SEMESTER 2', u'D1', u'Durban Campus Full-time', u'A', u'50011966: SINGH; 40009285: Naicker; 40000309: Singh; 50002263: Govender', 5.0, u'']
check 'ISYS314_SEM2_2018' 'ISYS314'
adding  ISYS314
requesting:  http://10.0.100.98:8000/bbinfo/matching_courses/ISYS314%25
r= <Response [200]>
matching classes= set([u'ISYS314_2013', u'ISYS314_SEM1_2017', u'ISYS314_SEM1_2018', u'ISYS314_1A_PANJ', u'ISYS314_302_2016', u'ISYS314_13_SINA', u'ISYS314_13_RAMA', u'ISYS314_SEM2_2017', u'ISYS314_ALL_2016', u'ISYS314_SEM2_2018'])
[u'ISYS314_SEM2_2018', u'ISYS314_SEM2_2017', u'ISYS314', u'INFORMATION SYSTEMS III (MODULE 1)', u'NDINS1', u'ND: INFORMATION TECHNOLOGY (S/WARE DEV)', u'22', u'SEMESTER 2', u'D1', u'Durban Campus Full-time', u'A', u'50011966: SINGH; 40009285: Naicker; 40000309: Singh; 50002263: Govender', 44.0, u'']
check 'ISYS314_SEM2_2018' 'ISYS314'
adding  ISYS314
requesting:  http://10.0.100.98:8000/bbinfo/matching_courses/ISYS314%25
r= <Response [200]>
matching classes= set([u'ISYS314_2013', u'ISYS314_SEM1_2017', u'ISYS314_SEM1_2018', u'ISYS314_1A_PANJ', u'ISYS314_302_2016', u'ISYS314_13_SINA', u'ISYS314_13_RAMA', u'ISYS314_SEM2_2017', u'ISYS314_ALL_2016', u'ISYS314_SEM2_2018'])
[u'ISYS314_SEM2_2018', u'ISYS314_SEM2_2017', u'ISYS314', u'INFORMATION SYSTEMS III (MODULE 1)', u'NDISF1', u'ND: INFORMATION TECH (S/WARE DEV)(4 YRS)', u'22', u'SEMESTER 2', u'D1', u'Durban Campus Full-time', u'A', u'50011966: SINGH; 40009285: Naicker; 40000309: Singh; 50002263: Govender', 11.0, u'']
check 'ISYS314_SEM2_2018' 'ISYS314'
adding  ISYS314
requesting:  http://10.0.100.98:8000/bbinfo/matching_courses/ISYS314%25
r= <Response [200]>
matching classes= set([u'ISYS314_2013', u'ISYS314_SEM1_2017', u'ISYS314_SEM1_2018', u'ISYS314_1A_PANJ', u'ISYS314_302_2016', u'ISYS314_13_SINA', u'ISYS314_13_RAMA', u'ISYS314_SEM2_2017', u'ISYS314_ALL_2016', u'ISYS314_SEM2_2018'])
[u'', u'', u'', u'', u'', u'', u'', u'', u'', u'', u'', u'', u'', u'']
check '' ''
[u'ISYS324_SEM2_2018', u'ISYS324_SEM2_2017', u'ISYS324', u'INFORMATION SYSTEMS III (MODULE 2)', u'NDINB1', u'ND: INFORMATION TECHNOLOGY (BUS APP)', u'22', u'SEMESTER 2', u'D1', u'Durban Campus Full-time', u'A', u'40000550: KHAN; 40000309: Singh; 50002263: Govender', 33.0, u'']
check 'ISYS324_SEM2_2018' 'ISYS324'
adding  ISYS324
requesting:  http://10.0.100.98:8000/bbinfo/matching_courses/ISYS324%25
r= <Response [200]>
matching classes= set([u'ISYS324_SEM2_2018', u'ISYS324_SEM2_2016', u'ISYS324_SEM2_2017', u'ISYS324_13_KHAF', u'ISYS324_14_KHAF'])
[u'ISYS324_SEM2_2018', u'ISYS324_SEM2_2017', u'ISYS324', u'INFORMATION SYSTEMS III (MODULE 2)', u'NDINS1', u'ND: INFORMATION TECHNOLOGY (S/WARE DEV)', u'22', u'SEMESTER 2', u'D1', u'Durban Campus Full-time', u'A', u'40000550: KHAN; 40000309: Singh; 50002263: Govender', 186.0, u'']
check 'ISYS324_SEM2_2018' 'ISYS324'
adding  ISYS324
requesting:  http://10.0.100.98:8000/bbinfo/matching_courses/ISYS324%25
r= <Response [200]>
matching classes= set([u'ISYS324_SEM2_2018', u'ISYS324_SEM2_2016', u'ISYS324_SEM2_2017', u'ISYS324_13_KHAF', u'ISYS324_14_KHAF'])
[u'ISYS324_SEM2_2018', u'ISYS324_SEM2_2017', u'ISYS324', u'INFORMATION SYSTEMS III (MODULE 2)', u'NDINS1', u'ND: INFORMATION TECHNOLOGY (S/WARE DEV)', u'22', u'SEMESTER 2', u'D3', u'Durban Campus Part-time', u'A', u'40000550: KHAN; 40000309: Singh; 50002263: Govender', 12.0, u'']
check 'ISYS324_SEM2_2018' 'ISYS324'
adding  ISYS324
requesting:  http://10.0.100.98:8000/bbinfo/matching_courses/ISYS324%25
r= <Response [200]>
matching classes= set([u'ISYS324_SEM2_2018', u'ISYS324_SEM2_2016', u'ISYS324_SEM2_2017', u'ISYS324_13_KHAF', u'ISYS324_14_KHAF'])
[u'ISYS324_SEM2_2018', u'ISYS324_SEM2_2017', u'ISYS324', u'INFORMATION SYSTEMS III (MODULE 2)', u'NDISF1', u'ND: INFORMATION TECH (S/WARE DEV)(4 YRS)', u'22', u'SEMESTER 2', u'D1', u'Durban Campus Full-time', u'A', u'40000550: KHAN; 40000309: Singh; 50002263: Govender', 19.0, u'']
check 'ISYS324_SEM2_2018' 'ISYS324'
adding  ISYS324
requesting:  http://10.0.100.98:8000/bbinfo/matching_courses/ISYS324%25
r= <Response [200]>
matching classes= set([u'ISYS324_SEM2_2018', u'ISYS324_SEM2_2016', u'ISYS324_SEM2_2017', u'ISYS324_13_KHAF', u'ISYS324_14_KHAF'])
[u'', u'', u'', u'', u'', u'', u'', u'', u'', u'', u'', u'', u'', u'']
check '' ''
[u'MINF301_SEM2_2018', u'MINF301_SEM2_2017', u'MINF301', u'MANAGEMENT OF INFORMATION III', u'NDPMN1', u'ND: PUBLIC MANAGEMENT', u'22', u'SEMESTER 2', u'D1', u'Durban Campus Full-time', u'A', u'40000260: Singh; 40000564: Hansraj; 40002830: VILLAKAZI ; 40000309: Singh; 50002263: Govender; 40013171: A EPIZITONE', 1.0, u'']
check 'MINF301_SEM2_2018' 'MINF301'
adding  MINF301
requesting:  http://10.0.100.98:8000/bbinfo/matching_courses/MINF301%25
r= <Response [200]>
matching classes= set([u'MINF301_2013', u'MINF301_SEM2_2017', u'MINF301_SEM2_2016', u'MINF301_SEM2_2018', u'MINF301_13_THOC'])
[u'MINF301_SEM2_2018', u'MINF301_SEM2_2017', u'MINF301', u'MANAGEMENT OF INFORMATION III', u'NDPMN1', u'ND: PUBLIC MANAGEMENT', u'22', u'SEMESTER 2', u'D1', u'Durban Campus Full-time', u'A', u'40000260: Singh; 40000564: Hansraj; 40002830: VILLAKAZI ; 40000309: Singh; 50002263: Govender; 40013171: A EPIZITONE', 173.0, u'']
check 'MINF301_SEM2_2018' 'MINF301'
adding  MINF301
requesting:  http://10.0.100.98:8000/bbinfo/matching_courses/MINF301%25
r= <Response [200]>
matching classes= set([u'MINF301_2013', u'MINF301_SEM2_2017', u'MINF301_SEM2_2016', u'MINF301_SEM2_2018', u'MINF301_13_THOC'])
[u'', u'', u'', u'', u'', u'', u'', u'', u'', u'', u'', u'', u'', u'']
check '' ''
[u'OSYT301_SEM1_2018', u'OSYT301_SEM1_2017', u'OSYT301', u'OPERATING SYSTEMS III', u'NDCSY2', u'ND: ENGINEERING: COMPUTER SYSTEMS', u'21', u'SEMESTER 1', u'D1', u'Durban Campus Full-time', u'A', u'40000552: BHOOLA; 40000309: Singh; 50002263: Govender', 7.0, u'']
check 'OSYT301_SEM1_2018' 'OSYT301'
processXLS: only for SEM2 [u'OSYT301_SEM1_2018', u'OSYT301_SEM1_2017', u'OSYT301', u'OPERATING SYSTEMS III', u'NDCSY2', u'ND: ENGINEERING: COMPUTER SYSTEMS', u'21', u'SEMESTER 1', u'D1', u'Durban Campus Full-time', u'A', u'40000552: BHOOLA; 40000309: Singh; 50002263: Govender', 7.0, u'']
[u'', u'', u'', u'', u'', u'', u'', u'', u'', u'', u'', u'', u'', u'']
check '' ''
[u'OSYT301_SEM2_2018', u'OSYT301_SEM2_2017', u'OSYT301', u'OPERATING SYSTEMS III', u'NDCSY2', u'ND: ENGINEERING: COMPUTER SYSTEMS', u'22', u'SEMESTER 2', u'D1', u'Durban Campus Full-time', u'A', u'40000552: BHOOLA; 40000309: Singh; 50002263: Govender', 11.0, u'']
check 'OSYT301_SEM2_2018' 'OSYT301'
adding  OSYT301
requesting:  http://10.0.100.98:8000/bbinfo/matching_courses/OSYT301%25
r= <Response [200]>
matching classes= set([u'OSYT301_SEM1_2018', u'OSYT301_SEM2_2017', u'OSYT301_SEM2_2018', u'OSYT301_2013', u'OSYT301_14_MOOS', u'OSYT301_SEM1_2017', u'OSYT301_15_MOOD', u'OSYT301_ALL_2016', u'OSYT301_13_THOC'])
[u'', u'', u'', u'', u'', u'', u'', u'', u'', u'', u'', u'', u'', u'']
check '' ''
[u'PRGM301_SEM1_2018', u'PRGM301_SEM1_2017', u'PRGM301', u'PROGRAMMING III', u'NDCSY2', u'ND: ENGINEERING: COMPUTER SYSTEMS', u'21', u'SEMESTER 1', u'D1', u'Durban Campus Full-time', u'A', u'50002451: GOVENDER; 40000309: Singh; 50002263: Govender', 10.0, u'']
check 'PRGM301_SEM1_2018' 'PRGM301'
processXLS: only for SEM2 [u'PRGM301_SEM1_2018', u'PRGM301_SEM1_2017', u'PRGM301', u'PROGRAMMING III', u'NDCSY2', u'ND: ENGINEERING: COMPUTER SYSTEMS', u'21', u'SEMESTER 1', u'D1', u'Durban Campus Full-time', u'A', u'50002451: GOVENDER; 40000309: Singh; 50002263: Govender', 10.0, u'']
[u'', u'', u'', u'', u'', u'', u'', u'', u'', u'', u'', u'', u'', u'']
check '' ''
[u'PRGM301_SEM2_2018', u'PRGM301_SEM2_2017', u'PRGM301', u'PROGRAMMING III', u'NDCSY2', u'ND: ENGINEERING: COMPUTER SYSTEMS', u'22', u'SEMESTER 2', u'D1', u'Durban Campus Full-time', u'A', u'50002451: GOVENDER; 40000309: Singh; 50002263: Govender', 13.0, u'']
check 'PRGM301_SEM2_2018' 'PRGM301'
adding  PRGM301
requesting:  http://10.0.100.98:8000/bbinfo/matching_courses/PRGM301%25
r= <Response [200]>
matching classes= set([u'PRGM301_ALL_2016', u'PRGM301_SEM2_2017b', u'PRGM301_15_THOR', u'PRGM301_13_SOOS', u'PRGM301_13_THOR', u'PRGM301_2013', u'PRGM301_SEM1_2017', u'PRGM301_SEM2_2017', u'PRGM301_SEM2_2018', u'PRGM301_2017_SEM1', u'PRGM301_SEM1_2018'])
[u'', u'', u'', u'', u'', u'', u'', u'', u'', u'', u'', u'', u'', u'']
check '' ''
[u'SEGI302_SEM1_2018', u'SEGI302_SEM1_2017', u'SEGI302', u'SOFTWARE ENGINEERING III', u'NDCSY2', u'ND: ENGINEERING: COMPUTER SYSTEMS', u'21', u'SEMESTER 1', u'D1', u'Durban Campus Full-time', u'A', u'50011966: SINGH; 40009285: Naicker; 40000309: Singh; 50002263: Govender', 18.0, u'']
check 'SEGI302_SEM1_2018' 'SEGI302'
processXLS: only for SEM2 [u'SEGI302_SEM1_2018', u'SEGI302_SEM1_2017', u'SEGI302', u'SOFTWARE ENGINEERING III', u'NDCSY2', u'ND: ENGINEERING: COMPUTER SYSTEMS', u'21', u'SEMESTER 1', u'D1', u'Durban Campus Full-time', u'A', u'50011966: SINGH; 40009285: Naicker; 40000309: Singh; 50002263: Govender', 18.0, u'']
[u'', u'', u'', u'', u'', u'', u'', u'', u'', u'', u'', u'', u'', u'']
check '' ''
[u'SEGI302_SEM2_2018', u'SEGI302_SEM2_2017', u'SEGI302', u'SOFTWARE ENGINEERING III', u'NDCSY2', u'ND: ENGINEERING: COMPUTER SYSTEMS', u'22', u'SEMESTER 2', u'D1', u'Durban Campus Full-time', u'A', u'50011966: SINGH; 40009285: Naicker; 40000309: Singh; 50002263: Govender', 10.0, u'']
check 'SEGI302_SEM2_2018' 'SEGI302'
adding  SEGI302
requesting:  http://10.0.100.98:8000/bbinfo/matching_courses/SEGI302%25
r= <Response [200]>
matching classes= set([u'SEGI302_2013', u'SEGI302_SEM2_2017', u'SEGI302_SEM2_2018', u'SEGI302_13_ALLM', u'SEGI302_SEM1_2018', u'SEGI302_ALL_2016', u'SEGI302_SEM1_2017'])
[u'', u'', u'', u'', u'', u'', u'', u'', u'', u'', u'', u'', u'', u'']
check '' ''
[u'ADSW401_SEM2_2018', u'ADSW401_SEM2_2017', u'ADSW401', u'ADVANCED DEVELOPMENT SOFTWARE IV', u'BTINF2', u'BT: INFORMATION TECHNOLOGY', u'22', u'SEMESTER 2', u'D1', u'Durban Campus Full-time', u'A', u'40011709:SHABAT; 50000636:WING; 40000309: Singh; 50002263: Govender', 66.0, u'']
check 'ADSW401_SEM2_2018' 'ADSW401'
adding  ADSW401
requesting:  http://10.0.100.98:8000/bbinfo/matching_courses/ADSW401%25
r= <Response [200]>
matching classes= set([u'ADSW401_15_WINJ', u'ADSW401_2013', u'ADSW401_13_WINJ', u'ADSW401_SEM2_2018', u'ADSW401_SEM2_2017', u'ADSW401_SEM2_2016', u'ADSW401_13_THOC'])
[u'ADSW401_SEM2_2018', u'ADSW401_SEM2_2017', u'ADSW401', u'ADVANCED DEVELOPMENT SOFTWARE IV', u'BTINF2', u'BT: INFORMATION TECHNOLOGY', u'22', u'SEMESTER 2', u'D3', u'Durban Campus Part-time', u'A', u'40011709:SHABAT; 50000636:WING; 40000309: Singh; 50002263: Govender', 31.0, u'']
check 'ADSW401_SEM2_2018' 'ADSW401'
adding  ADSW401
requesting:  http://10.0.100.98:8000/bbinfo/matching_courses/ADSW401%25
r= <Response [200]>
matching classes= set([u'ADSW401_15_WINJ', u'ADSW401_2013', u'ADSW401_13_WINJ', u'ADSW401_SEM2_2018', u'ADSW401_SEM2_2017', u'ADSW401_SEM2_2016', u'ADSW401_13_THOC'])
[u'', u'', u'', u'', u'', u'', u'', u'', u'', u'', u'', u'', u'', u'']
check '' ''
[u'CNET402_SEM2_2018', u'CNET402_SEM2_2017', u'CNET402', u'COMPUTER NETWORKS IV', u'BTECS1', u'BT: ENGINEERING: ELECTRICAL (COMP SYS)', u'22', u'SEMESTER 2', u'D3', u'Durban Campus Part-time', u'A', u'50000636:WING; 40000309: Singh; 50002263: Govender', 7.0, u'']
check 'CNET402_SEM2_2018' 'CNET402'
adding  CNET402
requesting:  http://10.0.100.98:8000/bbinfo/matching_courses/CNET402%25
r= <Response [200]>
matching classes= set([u'CNET402_SEM2_2017', u'CNET402_SEM2_2016', u'CNET402_SEM2_2018', u'CNET402_13_THOC', u'CNET402_2013'])
[u'', u'', u'', u'', u'', u'', u'', u'', u'', u'', u'', u'', u'', u'']
check '' ''
[u'DBPR401_SEM1_2018', u'DBPR401_SEM1_2017', u'DBPR401', u'DATABASE PROGRAMMING IV', u'BTECS1', u'BT: ENGINEERING: ELECTRICAL (COMP SYS)', u'21', u'SEMESTER 1', u'D3', u'Durban Campus Part-time', u'A', u'40000550: KHAN; 40000309: Singh; 50002263: Govender', 2.0, u'']
check 'DBPR401_SEM1_2018' 'DBPR401'
processXLS: only for SEM2 [u'DBPR401_SEM1_2018', u'DBPR401_SEM1_2017', u'DBPR401', u'DATABASE PROGRAMMING IV', u'BTECS1', u'BT: ENGINEERING: ELECTRICAL (COMP SYS)', u'21', u'SEMESTER 1', u'D3', u'Durban Campus Part-time', u'A', u'40000550: KHAN; 40000309: Singh; 50002263: Govender', 2.0, u'']
[u'', u'', u'', u'', u'', u'', u'', u'', u'', u'', u'', u'', u'', u'']
check '' ''
[u'DBSY404_SEM1_2018', u'DBSY404_SEM1_2017', u'DBSY404', u'DATABASE SYSTEMS IV', u'BTINF2', u'BT: INFORMATION TECHNOLOGY', u'21', u'SEMESTER 1', u'D1', u'Durban Campus Full-time', u'A', u'40000550: KHAN; 40000309: Singh; 50002263: Govender', 87.0, u'']
check 'DBSY404_SEM1_2018' 'DBSY404'
processXLS: only for SEM2 [u'DBSY404_SEM1_2018', u'DBSY404_SEM1_2017', u'DBSY404', u'DATABASE SYSTEMS IV', u'BTINF2', u'BT: INFORMATION TECHNOLOGY', u'21', u'SEMESTER 1', u'D1', u'Durban Campus Full-time', u'A', u'40000550: KHAN; 40000309: Singh; 50002263: Govender', 87.0, u'']
[u'DBSY404_SEM1_2018', u'DBSY404_SEM1_2017', u'DBSY404', u'DATABASE SYSTEMS IV', u'BTINF2', u'BT: INFORMATION TECHNOLOGY', u'21', u'SEMESTER 1', u'D3', u'Durban Campus Part-time', u'A', u'40000550: KHAN; 40000309: Singh; 50002263: Govender', u'', u'']
check 'DBSY404_SEM1_2018' 'DBSY404'
processXLS: only for SEM2 [u'DBSY404_SEM1_2018', u'DBSY404_SEM1_2017', u'DBSY404', u'DATABASE SYSTEMS IV', u'BTINF2', u'BT: INFORMATION TECHNOLOGY', u'21', u'SEMESTER 1', u'D3', u'Durban Campus Part-time', u'A', u'40000550: KHAN; 40000309: Singh; 50002263: Govender', u'', u'']
[u'', u'', u'', u'', u'', u'', u'', u'', u'', u'', u'', u'', u'', u'']
check '' ''
[u'DSFW401_SEM1_2018', u'DSFW401_SEM1_2017', u'DSFW401', u'DEVELOPMENT SOFTWARE IV', u'BTINF2', u'BT: INFORMATION TECHNOLOGY', u'21', u'SEMESTER 1', u'D1', u'Durban Campus Full-time', u'A', u'40011709:SHABAT; 40000309: Singh; 50002263: Govender', 75.0, u'']
check 'DSFW401_SEM1_2018' 'DSFW401'
processXLS: only for SEM2 [u'DSFW401_SEM1_2018', u'DSFW401_SEM1_2017', u'DSFW401', u'DEVELOPMENT SOFTWARE IV', u'BTINF2', u'BT: INFORMATION TECHNOLOGY', u'21', u'SEMESTER 1', u'D1', u'Durban Campus Full-time', u'A', u'40011709:SHABAT; 40000309: Singh; 50002263: Govender', 75.0, u'']
[u'DSFW401_SEM1_2018', u'DSFW401_SEM1_2017', u'DSFW401', u'DEVELOPMENT SOFTWARE IV', u'BTINF2', u'BT: INFORMATION TECHNOLOGY', u'21', u'SEMESTER 1', u'D3', u'Durban Campus Part-time', u'A', u'40011709:SHABAT; 40000309: Singh; 50002263: Govender', 49.0, u'']
check 'DSFW401_SEM1_2018' 'DSFW401'
processXLS: only for SEM2 [u'DSFW401_SEM1_2018', u'DSFW401_SEM1_2017', u'DSFW401', u'DEVELOPMENT SOFTWARE IV', u'BTINF2', u'BT: INFORMATION TECHNOLOGY', u'21', u'SEMESTER 1', u'D3', u'Durban Campus Part-time', u'A', u'40011709:SHABAT; 40000309: Singh; 50002263: Govender', 49.0, u'']
[u'', u'', u'', u'', u'', u'', u'', u'', u'', u'', u'', u'', u'', u'']
check '' ''
[u'FISY401_YEAR_2018', u'FISY401_YEAR_2017', u'FISY401', u'FINANCIAL INFORMATION SYSTEMS IV', u'BTFIS2', u'BT: FINANCIAL INFORMATION SYSTEMS', u'11', u'YEAR', u'D3', u'Durban Campus Part-time', u'A', u'50000636:WING; 40000309: Singh; 50002263: Govender', 1.0, u'']
check 'FISY401_YEAR_2018' 'FISY401'
processXLS: only for SEM2 [u'FISY401_YEAR_2018', u'FISY401_YEAR_2017', u'FISY401', u'FINANCIAL INFORMATION SYSTEMS IV', u'BTFIS2', u'BT: FINANCIAL INFORMATION SYSTEMS', u'11', u'YEAR', u'D3', u'Durban Campus Part-time', u'A', u'50000636:WING; 40000309: Singh; 50002263: Govender', 1.0, u'']
[u'', u'', u'', u'', u'', u'', u'', u'', u'', u'', u'', u'', u'', u'']
check '' ''
[u'INSC401_SEM2_2018', u'INSC401_SEM2_2017', u'INSC401', u'INFORMATION SECURITY IV', u'BTINF2', u'BT: INFORMATION TECHNOLOGY', u'22', u'SEMESTER 2', u'D1', u'Durban Campus Full-time', u'A', u'40012233:JOSEPH; 40000309: Singh; 50002263: Govender', 69.0, u'']
check 'INSC401_SEM2_2018' 'INSC401'
adding  INSC401
requesting:  http://10.0.100.98:8000/bbinfo/matching_courses/INSC401%25
r= <Response [200]>
matching classes= set([u'INSC401_SEM2_2018', u'INSC401_SEM2_2016', u'INSC401_13_KHAF', u'INSC401_SEM2_2017', u'INSC401_2013'])
[u'INSC401_SEM2_2018', u'INSC401_SEM2_2017', u'INSC401', u'INFORMATION SECURITY IV', u'BTINF2', u'BT: INFORMATION TECHNOLOGY', u'22', u'SEMESTER 2', u'D3', u'Durban Campus Part-time', u'A', u'40012233:JOSEPH; 40000309: Singh; 50002263: Govender', u'', u'']
check 'INSC401_SEM2_2018' 'INSC401'
adding  INSC401
requesting:  http://10.0.100.98:8000/bbinfo/matching_courses/INSC401%25
r= <Response [200]>
matching classes= set([u'INSC401_SEM2_2018', u'INSC401_SEM2_2016', u'INSC401_13_KHAF', u'INSC401_SEM2_2017', u'INSC401_2013'])
[u'', u'', u'', u'', u'', u'', u'', u'', u'', u'', u'', u'', u'', u'']
check '' ''
[u'NETW404_SEM2_2018', u'NETW404_SEM2_2017', u'NETW404', u'NETWORKS IV', u'BTINF2', u'BT: INFORMATION TECHNOLOGY', u'22', u'SEMESTER 2', u'D1', u'Durban Campus Full-time', u'A', u'50000636:WING; 40000309: Singh; 50002263: Govender', 57.0, u'']
check 'NETW404_SEM2_2018' 'NETW404'
adding  NETW404
requesting:  http://10.0.100.98:8000/bbinfo/matching_courses/NETW404%25
r= <Response [200]>
matching classes= set([u'NETW404_SEM2_2017', u'NETW404_SEM2_2016', u'NETW404_13_THOC', u'NETW404_2013', u'NETW404_CNET402_15_KUMS', u'NETW404_SEM2_2018'])
[u'NETW404_SEM2_2018', u'NETW404_SEM2_2017', u'NETW404', u'NETWORKS IV', u'BTINF2', u'BT: INFORMATION TECHNOLOGY', u'22', u'SEMESTER 2', u'D3', u'Durban Campus Part-time', u'A', u'50000636:WING; 40000309: Singh; 50002263: Govender', 18.0, u'']
check 'NETW404_SEM2_2018' 'NETW404'
adding  NETW404
requesting:  http://10.0.100.98:8000/bbinfo/matching_courses/NETW404%25
r= <Response [200]>
matching classes= set([u'NETW404_SEM2_2017', u'NETW404_SEM2_2016', u'NETW404_13_THOC', u'NETW404_2013', u'NETW404_CNET402_15_KUMS', u'NETW404_SEM2_2018'])
[u'', u'', u'', u'', u'', u'', u'', u'', u'', u'', u'', u'', u'', u'']
check '' ''
[u'OSYS404_SEM1_2018', u'OSYS404_SEM1_2017', u'OSYS404', u'OPERATING SYSTEMS IV', u'BTINF2', u'BT: INFORMATION TECHNOLOGY', u'21', u'SEMESTER 1', u'D1', u'Durban Campus Full-time', u'A', u'50000636:WING; 50031416: Thompson; 40000309: Singh; 50002263: Govender', 76.0, u'']
check 'OSYS404_SEM1_2018' 'OSYS404'
processXLS: only for SEM2 [u'OSYS404_SEM1_2018', u'OSYS404_SEM1_2017', u'OSYS404', u'OPERATING SYSTEMS IV', u'BTINF2', u'BT: INFORMATION TECHNOLOGY', u'21', u'SEMESTER 1', u'D1', u'Durban Campus Full-time', u'A', u'50000636:WING; 50031416: Thompson; 40000309: Singh; 50002263: Govender', 76.0, u'']
[u'OSYS404_SEM1_2018', u'OSYS404_SEM1_2017', u'OSYS404', u'OPERATING SYSTEMS IV', u'BTINF2', u'BT: INFORMATION TECHNOLOGY', u'21', u'SEMESTER 1', u'D3', u'Durban Campus Part-time', u'A', u'50000636:WING; 50031416: Thompson; 40000309: Singh; 50002263: Govender', 67.0, u'']
check 'OSYS404_SEM1_2018' 'OSYS404'
processXLS: only for SEM2 [u'OSYS404_SEM1_2018', u'OSYS404_SEM1_2017', u'OSYS404', u'OPERATING SYSTEMS IV', u'BTINF2', u'BT: INFORMATION TECHNOLOGY', u'21', u'SEMESTER 1', u'D3', u'Durban Campus Part-time', u'A', u'50000636:WING; 50031416: Thompson; 40000309: Singh; 50002263: Govender', 67.0, u'']
[u'', u'', u'', u'', u'', u'', u'', u'', u'', u'', u'', u'', u'', u'']
check '' ''
[u'PRJT402_SEM2_2018', u'PRJT402_SEM2_2017', u'PRJT402', u'PROJECT IV', u'BTINF2', u'BT: INFORMATION TECHNOLOGY', u'22', u'SEMESTER 2', u'D1', u'Durban Campus Full-time', u'A', u'50011627:HEUKELMAN; 50000636: WING; 50031416: Thompson; 40000309: Singh; 50002263: Govender', 15.0, u'']
check 'PRJT402_SEM2_2018' 'PRJT402'
adding  PRJT402
requesting:  http://10.0.100.98:8000/bbinfo/matching_courses/PRJT402%25
r= <Response [200]>
matching classes= set([u'PRJT402_13_THOC', u'PRJT402_SEM2_2018', u'PRJT402_2013', u'PRJT402_SEM2_2017', u'PRJT402_SEM2_2016'])
[u'', u'', u'', u'', u'', u'', u'', u'', u'', u'', u'', u'', u'', u'']
check '' ''
[u'SWED401_SEM2_2018', u'SWED401_SEM2_2017', u'SWED401', u'SOFTWARE ENGINEERING AND DESIGN IV', u'BTINF2', u'BT: INFORMATION TECHNOLOGY', u'22', u'SEMESTER 2', u'D1', u'Durban Campus Full-time', u'A', u'50011966:SINGH; 40000309: Singh; 50002263: Govender', 65.0, u'']
check 'SWED401_SEM2_2018' 'SWED401'
adding  SWED401
requesting:  http://10.0.100.98:8000/bbinfo/matching_courses/SWED401%25
r= <Response [200]>
matching classes= set([u'SWED401_13_SINA', u'SWED401_SEM2_2018', u'SWED401_2013', u'SWED401_SEM2_2017', u'SWED401_SEM2_2016'])
[u'SWED401_SEM2_2018', u'SWED401_SEM2_2017', u'SWED401', u'SOFTWARE ENGINEERING AND DESIGN IV', u'BTINF2', u'BT: INFORMATION TECHNOLOGY', u'22', u'SEMESTER 2', u'D3', u'Durban Campus Part-time', u'A', u'50011966:SINGH; 40000309: Singh; 50002263: Govender', 62.0, u'']
check 'SWED401_SEM2_2018' 'SWED401'
adding  SWED401
requesting:  http://10.0.100.98:8000/bbinfo/matching_courses/SWED401%25
r= <Response [200]>
matching classes= set([u'SWED401_13_SINA', u'SWED401_SEM2_2018', u'SWED401_2013', u'SWED401_SEM2_2017', u'SWED401_SEM2_2016'])
[u'', u'', u'', u'', u'', u'', u'', u'', u'', u'', u'', u'', u'', u'']
check '' ''
[u'SWEN401_SEM2_2018', u'SWEN401_SEM2_2017', u'SWEN401', u'SOFTWARE ENGINEERING IV', u'BTECS1', u'BT: ENGINEERING: ELECTRICAL (COMP SYS)', u'22', u'SEMESTER 2', u'D3', u'Durban Campus Part-time', u'A', u'50011966:SINGH; 40000309: Singh; 50002263: Govender', 14.0, u'']
check 'SWEN401_SEM2_2018' 'SWEN401'
adding  SWEN401
requesting:  http://10.0.100.98:8000/bbinfo/matching_courses/SWEN401%25
r= <Response [200]>
matching classes= set([u'SWEN401_2013', u'SWEN401_SEM2_2017', u'SWEN401_SEM2_2016', u'SWEN401_SEM2_2018', u'SWEN401_13_THOC'])
[u'SWEN401_SEM2_2018', u'SWEN401_SEM2_2017', u'SWEN401', u'SOFTWARE ENGINEERING IV', u'NODIP4', u'NON-DIPLOMA PURPOSE (ENG & BE)', u'22', u'SEMESTER 2', u'D7', u'DBN FULL-TIME NON-SUBSIDISED', u'A', u'50011966:SINGH; 40000309: Singh; 50002263: Govender', 2.0, u'']
check 'SWEN401_SEM2_2018' 'SWEN401'
adding  SWEN401
requesting:  http://10.0.100.98:8000/bbinfo/matching_courses/SWEN401%25
r= <Response [200]>
matching classes= set([u'SWEN401_2013', u'SWEN401_SEM2_2017', u'SWEN401_SEM2_2016', u'SWEN401_SEM2_2018', u'SWEN401_13_THOC'])
[u'', u'', u'', u'', u'', u'', u'', u'', u'', u'', u'', u'', u'', u'']
check '' ''
[u'SYPM411_SEM1_2018', u'SYPM411_SEM1_2017', u'SYPM411', u'SYSTEMS & PROJECT MANAGEMENT IV (MOD 1)', u'BTCMA2', u'BT: COST AND MANAGEMENT ACCOUNTING', u'21', u'SEMESTER 1', u'D1', u'Durban Campus Full-time', u'A', u'40003239: SOSIBO; 50001305: White; 40000309: Singh; 50002263: Govender', 63.0, u'']
check 'SYPM411_SEM1_2018' 'SYPM411'
processXLS: only for SEM2 [u'SYPM411_SEM1_2018', u'SYPM411_SEM1_2017', u'SYPM411', u'SYSTEMS & PROJECT MANAGEMENT IV (MOD 1)', u'BTCMA2', u'BT: COST AND MANAGEMENT ACCOUNTING', u'21', u'SEMESTER 1', u'D1', u'Durban Campus Full-time', u'A', u'40003239: SOSIBO; 50001305: White; 40000309: Singh; 50002263: Govender', 63.0, u'']
[u'SYPM411_SEM1_2018', u'SYPM411_SEM1_2017', u'SYPM411', u'SYSTEMS & PROJECT MANAGEMENT IV (MOD 1)', u'BTCMA2', u'BT: COST AND MANAGEMENT ACCOUNTING', u'21', u'SEMESTER 1', u'D3', u'Durban Campus Part-time', u'A', u'40003239: SOSIBO; 50001305: White; 40000309: Singh; 50002263: Govender', 39.0, u'']
check 'SYPM411_SEM1_2018' 'SYPM411'
processXLS: only for SEM2 [u'SYPM411_SEM1_2018', u'SYPM411_SEM1_2017', u'SYPM411', u'SYSTEMS & PROJECT MANAGEMENT IV (MOD 1)', u'BTCMA2', u'BT: COST AND MANAGEMENT ACCOUNTING', u'21', u'SEMESTER 1', u'D3', u'Durban Campus Part-time', u'A', u'40003239: SOSIBO; 50001305: White; 40000309: Singh; 50002263: Govender', 39.0, u'']
[u'', u'', u'', u'', u'', u'', u'', u'', u'', u'', u'', u'', u'', u'']
check '' ''
[u'USRI401_SEM2_2018', u'USRI401_SEM2_2017', u'USRI401', u'USER INTERFACES IV', u'BTINF2', u'BT: INFORMATION TECHNOLOGY', u'22', u'SEMESTER 2', u'D1', u'Durban Campus Full-time', u'A', u'50000636: Wing; 40010630: Boamah-Abu; 40000309: Singh; 50002263: Govender', 64.0, u'']
check 'USRI401_SEM2_2018' 'USRI401'
adding  USRI401
requesting:  http://10.0.100.98:8000/bbinfo/matching_courses/USRI401%25
r= <Response [200]>
matching classes= set([u'USRI401_2013', u'USRI401_14_HEUD', u'USRI401_SEM2_2018', u'USRI401_SEM2_2017', u'USRI401_SEM2_2016', u'USRI401_13_THOC'])
[u'USRI401_SEM2_2018', u'USRI401_SEM2_2017', u'USRI401', u'USER INTERFACES IV', u'BTINF2', u'BT: INFORMATION TECHNOLOGY', u'22', u'SEMESTER 2', u'D3', u'Durban Campus Part-time', u'A', u'50000636: Wing; 40010630: Boamah-Abu; 40000309: Singh; 50002263: Govender', 55.0, u'']
check 'USRI401_SEM2_2018' 'USRI401'
adding  USRI401
requesting:  http://10.0.100.98:8000/bbinfo/matching_courses/USRI401%25
r= <Response [200]>
matching classes= set([u'USRI401_2013', u'USRI401_14_HEUD', u'USRI401_SEM2_2018', u'USRI401_SEM2_2017', u'USRI401_SEM2_2016', u'USRI401_13_THOC'])
[u'', u'', u'', u'', u'', u'', u'', u'', u'', u'', u'', u'', u'', u'']
check '' ''
[u'RPDI511_YEAR_2018', u'RPDI511_YEAR_2017', u'RPDI511', u'RESEARCH PROJECT AND DISSERTATION (1ST REG)', u'MICMT1', u'MASTER OF INFO & COMMUNICATIONS TECH', u'P0', u'POST-GRAD ANNUAL REGISTRATIONS', u'D1', u'Durban Campus Full-time', u'A', u'50011966: SINGH', 5.0, u'']
check 'RPDI511_YEAR_2018' 'RPDI511'
processXLS: only for SEM2 [u'RPDI511_YEAR_2018', u'RPDI511_YEAR_2017', u'RPDI511', u'RESEARCH PROJECT AND DISSERTATION (1ST REG)', u'MICMT1', u'MASTER OF INFO & COMMUNICATIONS TECH', u'P0', u'POST-GRAD ANNUAL REGISTRATIONS', u'D1', u'Durban Campus Full-time', u'A', u'50011966: SINGH', 5.0, u'']
[u'', u'', u'', u'', u'', u'', u'', u'', u'', u'', u'', u'', u'', u'']
check '' ''
[u'RPDI521_YEAR_2018', u'RPDI521_YEAR_2017', u'RPDI521', u'RESEARCH PROJECT AND DISSERTATION (2ND REG)', u'MICMT1', u'MASTER OF INFO & COMMUNICATIONS TECH', u'P0', u'POST-GRAD ANNUAL REGISTRATIONS', u'D1', u'Durban Campus Full-time', u'A', u'50011966: SINGH', 13.0, u'']
check 'RPDI521_YEAR_2018' 'RPDI521'
processXLS: only for SEM2 [u'RPDI521_YEAR_2018', u'RPDI521_YEAR_2017', u'RPDI521', u'RESEARCH PROJECT AND DISSERTATION (2ND REG)', u'MICMT1', u'MASTER OF INFO & COMMUNICATIONS TECH', u'P0', u'POST-GRAD ANNUAL REGISTRATIONS', u'D1', u'Durban Campus Full-time', u'A', u'50011966: SINGH', 13.0, u'']
[u'', u'', u'', u'', u'', u'', u'', u'', u'', u'', u'', u'', u'', u'']
check '' ''
[u'RPIT511_YEAR_2018', u'RPIT511_YEAR_2017', u'RPIT511', u'RESEARCH PROJECT AND DISSERTATION (1ST REGIST', u'MICMT1', u'MASTER OF INFO & COMMUNICATIONS TECH', u'P0', u'POST-GRAD ANNUAL REGISTRATIONS', u'D1', u'Durban Campus Full-time', u'A', u'50011966: SINGH', 2.0, u'']
check 'RPIT511_YEAR_2018' 'RPIT511'
processXLS: only for SEM2 [u'RPIT511_YEAR_2018', u'RPIT511_YEAR_2017', u'RPIT511', u'RESEARCH PROJECT AND DISSERTATION (1ST REGIST', u'MICMT1', u'MASTER OF INFO & COMMUNICATIONS TECH', u'P0', u'POST-GRAD ANNUAL REGISTRATIONS', u'D1', u'Durban Campus Full-time', u'A', u'50011966: SINGH', 2.0, u'']
[u'', u'', u'', u'', u'', u'', u'', u'', u'', u'', u'', u'', u'', u'']
check '' ''
[u'RPIT521_YEAR_2018', u'RPIT521_YEAR_2017', u'RPIT521', u'RESEARCH PROJECT AND DISSERTATION (SUCCESSIVE', u'MICMT1', u'MASTER OF INFO & COMMUNICATIONS TECH', u'11', u'YEAR', u'D1', u'Durban Campus Full-time', u'A', u'50011966: SINGH', 6.0, u'']
check 'RPIT521_YEAR_2018' 'RPIT521'
processXLS: only for SEM2 [u'RPIT521_YEAR_2018', u'RPIT521_YEAR_2017', u'RPIT521', u'RESEARCH PROJECT AND DISSERTATION (SUCCESSIVE', u'MICMT1', u'MASTER OF INFO & COMMUNICATIONS TECH', u'11', u'YEAR', u'D1', u'Durban Campus Full-time', u'A', u'50011966: SINGH', 6.0, u'']
[u'RPIT521_YEAR_2018', u'RPIT521_YEAR_2017', u'RPIT521', u'RESEARCH PROJECT AND DISSERTATION (SUCCESSIVE', u'MICMT1', u'MASTER OF INFO & COMMUNICATIONS TECH', u'11', u'YEAR', u'D3', u'Durban Campus Part-time', u'A', u'50011966: SINGH', 1.0, u'']
check 'RPIT521_YEAR_2018' 'RPIT521'
processXLS: only for SEM2 [u'RPIT521_YEAR_2018', u'RPIT521_YEAR_2017', u'RPIT521', u'RESEARCH PROJECT AND DISSERTATION (SUCCESSIVE', u'MICMT1', u'MASTER OF INFO & COMMUNICATIONS TECH', u'11', u'YEAR', u'D3', u'Durban Campus Part-time', u'A', u'50011966: SINGH', 1.0, u'']
[u'RPIT521_YEAR_2018', u'RPIT521_YEAR_2017', u'RPIT521', u'RESEARCH PROJECT AND DISSERTATION (SUCCESSIVE', u'MICMT1', u'MASTER OF INFO & COMMUNICATIONS TECH', u'P0', u'POST-GRAD ANNUAL REGISTRATIONS', u'D1', u'Durban Campus Full-time', u'A', u'50011966: SINGH', 7.0, u'']
check 'RPIT521_YEAR_2018' 'RPIT521'
processXLS: only for SEM2 [u'RPIT521_YEAR_2018', u'RPIT521_YEAR_2017', u'RPIT521', u'RESEARCH PROJECT AND DISSERTATION (SUCCESSIVE', u'MICMT1', u'MASTER OF INFO & COMMUNICATIONS TECH', u'P0', u'POST-GRAD ANNUAL REGISTRATIONS', u'D1', u'Durban Campus Full-time', u'A', u'50011966: SINGH', 7.0, u'']
[u'', u'', u'', u'', u'', u'', u'', u'', u'', u'', u'', u'', u'', u'']
check '' ''
[u'RPDI611_YEAR_2018', u'RPDI611_YEAR_2017', u'RPDI611', u'RESEARCH PROJECT AND DISSERTATION (1ST REG)', u'DPINF1', u'DOCTOR OF PHILOSOPHY IN INFORMATION TECH', u'P0', u'POST-GRAD ANNUAL REGISTRATIONS', u'D1', u'Durban Campus Full-time', u'A', u'50011966: SINGH', 8.0, u'']
check 'RPDI611_YEAR_2018' 'RPDI611'
processXLS: only for SEM2 [u'RPDI611_YEAR_2018', u'RPDI611_YEAR_2017', u'RPDI611', u'RESEARCH PROJECT AND DISSERTATION (1ST REG)', u'DPINF1', u'DOCTOR OF PHILOSOPHY IN INFORMATION TECH', u'P0', u'POST-GRAD ANNUAL REGISTRATIONS', u'D1', u'Durban Campus Full-time', u'A', u'50011966: SINGH', 8.0, u'']
[u'RPDI611_YEAR_2018', u'RPDI611_YEAR_2017', u'RPDI611', u'RESEARCH PROJECT AND DISSERTATION (1ST REG)', u'DPINF1', u'DOCTOR OF PHILOSOPHY IN INFORMATION TECH', u'P0', u'POST-GRAD ANNUAL REGISTRATIONS', u'D3', u'Durban Campus Part-time', u'A', u'50011966: SINGH', 2.0, u'']
check 'RPDI611_YEAR_2018' 'RPDI611'
processXLS: only for SEM2 [u'RPDI611_YEAR_2018', u'RPDI611_YEAR_2017', u'RPDI611', u'RESEARCH PROJECT AND DISSERTATION (1ST REG)', u'DPINF1', u'DOCTOR OF PHILOSOPHY IN INFORMATION TECH', u'P0', u'POST-GRAD ANNUAL REGISTRATIONS', u'D3', u'Durban Campus Part-time', u'A', u'50011966: SINGH', 2.0, u'']
[u'', u'', u'', u'', u'', u'', u'', u'', u'', u'', u'', u'', u'', u'']
check '' ''
[u'RPDI621_YEAR_2018', u'RPDI621_YEAR_2017', u'RPDI621', u'RESEARCH PROJECT AND DISSERTATION (2ND REG)', u'DPINF1', u'DOCTOR OF PHILOSOPHY IN INFORMATION TECH', u'P0', u'POST-GRAD ANNUAL REGISTRATIONS', u'D1', u'Durban Campus Full-time', u'A', u'50011966: SINGH', 4.0, u'']
check 'RPDI621_YEAR_2018' 'RPDI621'
processXLS: only for SEM2 [u'RPDI621_YEAR_2018', u'RPDI621_YEAR_2017', u'RPDI621', u'RESEARCH PROJECT AND DISSERTATION (2ND REG)', u'DPINF1', u'DOCTOR OF PHILOSOPHY IN INFORMATION TECH', u'P0', u'POST-GRAD ANNUAL REGISTRATIONS', u'D1', u'Durban Campus Full-time', u'A', u'50011966: SINGH', 4.0, u'']
[u'', u'', u'', u'', u'', u'', u'', u'', u'', u'', u'', u'', u'', u'']
check '' ''
[u'RPDI631_YEAR_2018', u'RPDI631_YEAR_2017', u'RPDI631', u'RESEARCH PROJECT AND DISSERTATION (3RD REG)', u'DPINF1', u'DOCTOR OF PHILOSOPHY IN INFORMATION TECH', u'P0', u'POST-GRAD ANNUAL REGISTRATIONS', u'D1', u'Durban Campus Full-time', u'A', u'50011966: SINGH', 3.0, u'']
check 'RPDI631_YEAR_2018' 'RPDI631'
processXLS: only for SEM2 [u'RPDI631_YEAR_2018', u'RPDI631_YEAR_2017', u'RPDI631', u'RESEARCH PROJECT AND DISSERTATION (3RD REG)', u'DPINF1', u'DOCTOR OF PHILOSOPHY IN INFORMATION TECH', u'P0', u'POST-GRAD ANNUAL REGISTRATIONS', u'D1', u'Durban Campus Full-time', u'A', u'50011966: SINGH', 3.0, u'']
[u'', u'', u'', u'', u'', u'', u'', u'', u'', u'', u'', u'', u'', u'']
check '' ''
[u'RPIT601_YEAR_2018', u'RPIT601_YEAR_2017', u'RPIT601', u'RESEARCH PROJECT AND DISSERTATION (1ST REGIST', u'DPINF1', u'DOCTOR OF PHILOSOPHY IN INFORMATION TECH', u'11', u'YEAR', u'D1', u'Durban Campus Full-time', u'A', u'50011966: SINGH', 1.0, u'']
check 'RPIT601_YEAR_2018' 'RPIT601'
processXLS: only for SEM2 [u'RPIT601_YEAR_2018', u'RPIT601_YEAR_2017', u'RPIT601', u'RESEARCH PROJECT AND DISSERTATION (1ST REGIST', u'DPINF1', u'DOCTOR OF PHILOSOPHY IN INFORMATION TECH', u'11', u'YEAR', u'D1', u'Durban Campus Full-time', u'A', u'50011966: SINGH', 1.0, u'']
[u'RPIT601_YEAR_2018', u'RPIT601_YEAR_2017', u'RPIT601', u'RESEARCH PROJECT AND DISSERTATION (1ST REGIST', u'DPINF1', u'DOCTOR OF PHILOSOPHY IN INFORMATION TECH', u'P0', u'POST-GRAD ANNUAL REGISTRATIONS', u'D1', u'Durban Campus Full-time', u'A', u'50011966: SINGH', 3.0, u'']
check 'RPIT601_YEAR_2018' 'RPIT601'
processXLS: only for SEM2 [u'RPIT601_YEAR_2018', u'RPIT601_YEAR_2017', u'RPIT601', u'RESEARCH PROJECT AND DISSERTATION (1ST REGIST', u'DPINF1', u'DOCTOR OF PHILOSOPHY IN INFORMATION TECH', u'P0', u'POST-GRAD ANNUAL REGISTRATIONS', u'D1', u'Durban Campus Full-time', u'A', u'50011966: SINGH', 3.0, u'']
[u'RPIT601_YEAR_2018', u'RPIT601_YEAR_2017', u'RPIT601', u'RESEARCH PROJECT AND DISSERTATION (1ST REGIST', u'DPINF1', u'DOCTOR OF PHILOSOPHY IN INFORMATION TECH', u'P0', u'POST-GRAD ANNUAL REGISTRATIONS', u'D3', u'Durban Campus Part-time', u'A', u'50011966: SINGH', 1.0, u'']
check 'RPIT601_YEAR_2018' 'RPIT601'
processXLS: only for SEM2 [u'RPIT601_YEAR_2018', u'RPIT601_YEAR_2017', u'RPIT601', u'RESEARCH PROJECT AND DISSERTATION (1ST REGIST', u'DPINF1', u'DOCTOR OF PHILOSOPHY IN INFORMATION TECH', u'P0', u'POST-GRAD ANNUAL REGISTRATIONS', u'D3', u'Durban Campus Part-time', u'A', u'50011966: SINGH', 1.0, u'']
[u'', u'', u'', u'', u'', u'', u'', u'', u'', u'', u'', u'', u'', u'']
check '' ''
[u'RPIT611_YEAR_2018', u'RPIT611_YEAR_2017', u'RPIT611', u'RESEARCH PROJECT AND DISSERTATION (2ND REGIST', u'DPINF1', u'DOCTOR OF PHILOSOPHY IN INFORMATION TECH', u'11', u'YEAR', u'D1', u'Durban Campus Full-time', u'A', u'50011966: SINGH', 1.0, u'']
check 'RPIT611_YEAR_2018' 'RPIT611'
processXLS: only for SEM2 [u'RPIT611_YEAR_2018', u'RPIT611_YEAR_2017', u'RPIT611', u'RESEARCH PROJECT AND DISSERTATION (2ND REGIST', u'DPINF1', u'DOCTOR OF PHILOSOPHY IN INFORMATION TECH', u'11', u'YEAR', u'D1', u'Durban Campus Full-time', u'A', u'50011966: SINGH', 1.0, u'']
[u'RPIT611_YEAR_2018', u'RPIT611_YEAR_2017', u'RPIT611', u'RESEARCH PROJECT AND DISSERTATION (2ND REGIST', u'DPINF1', u'DOCTOR OF PHILOSOPHY IN INFORMATION TECH', u'11', u'YEAR', u'D3', u'Durban Campus Part-time', u'A', u'50011966: SINGH', 1.0, u'']
check 'RPIT611_YEAR_2018' 'RPIT611'
processXLS: only for SEM2 [u'RPIT611_YEAR_2018', u'RPIT611_YEAR_2017', u'RPIT611', u'RESEARCH PROJECT AND DISSERTATION (2ND REGIST', u'DPINF1', u'DOCTOR OF PHILOSOPHY IN INFORMATION TECH', u'11', u'YEAR', u'D3', u'Durban Campus Part-time', u'A', u'50011966: SINGH', 1.0, u'']
[u'RPIT611_YEAR_2018', u'RPIT611_YEAR_2017', u'RPIT611', u'RESEARCH PROJECT AND DISSERTATION (2ND REGIST', u'DPINF1', u'DOCTOR OF PHILOSOPHY IN INFORMATION TECH', u'P0', u'POST-GRAD ANNUAL REGISTRATIONS', u'D1', u'Durban Campus Full-time', u'A', u'50011966: SINGH', 2.0, u'']
check 'RPIT611_YEAR_2018' 'RPIT611'
processXLS: only for SEM2 [u'RPIT611_YEAR_2018', u'RPIT611_YEAR_2017', u'RPIT611', u'RESEARCH PROJECT AND DISSERTATION (2ND REGIST', u'DPINF1', u'DOCTOR OF PHILOSOPHY IN INFORMATION TECH', u'P0', u'POST-GRAD ANNUAL REGISTRATIONS', u'D1', u'Durban Campus Full-time', u'A', u'50011966: SINGH', 2.0, u'']
[u'', u'', u'', u'', u'', u'', u'', u'', u'', u'', u'', u'', u'', u'']
check '' ''
[u'RPIT621_YEAR_2018', u'RPIT621_YEAR_2017', u'RPIT621', u'RESEARCH PROJECT AND DISSERTATION (3RD REGIST', u'DPINF1', u'DOCTOR OF PHILOSOPHY IN INFORMATION TECH', u'P0', u'POST-GRAD ANNUAL REGISTRATIONS', u'D1', u'Durban Campus Full-time', u'A', u'50011966: SINGH', 5.0, u'']
check 'RPIT621_YEAR_2018' 'RPIT621'
processXLS: only for SEM2 [u'RPIT621_YEAR_2018', u'RPIT621_YEAR_2017', u'RPIT621', u'RESEARCH PROJECT AND DISSERTATION (3RD REGIST', u'DPINF1', u'DOCTOR OF PHILOSOPHY IN INFORMATION TECH', u'P0', u'POST-GRAD ANNUAL REGISTRATIONS', u'D1', u'Durban Campus Full-time', u'A', u'50011966: SINGH', 5.0, u'']
[u'', u'', u'', u'', u'', u'', u'', u'', u'', u'', u'', u'', u'', u'']
check '' ''
[u'CMEP101_SEM2_2018', u'CMEP101_SEM2_2017', u'CMEP101', u'CMEP101: COMMUNITY ENGAGEMENT PROJECT 2017', u'DIIAD1', u'DIP IN INFO & COMM TECH IN APP DEV', u'22', u'SEMESTER 2', u'D1', u'Durban Campus Full-time', u'', u'40014166:MAHERRY; 40000309: Singh; 50002263: Govender', 1.0, u'']
check 'CMEP101_SEM2_2018' 'CMEP101'
adding  CMEP101
requesting:  http://10.0.100.98:8000/bbinfo/matching_courses/CMEP101%25
r= <Response [200]>
matching classes= set([u'CMEP101_SEM2_2018', u'CMEP101_SEM2_2017'])
[u'CMEP101_SEM2_2018', u'CMEP101_SEM2_2017', u'CMEP101', u'CMEP101: COMMUNITY ENGAGEMENT PROJECT 2017', u'DIIAF1', u'DIP  INFO & COMM TECH/APP DEV (4 YEARS)', u'22', u'SEMESTER 2', u'D1', u'Durban Campus Full-time', u'', u'40014166:MAHERRY; 40000309: Singh; 50002263: Govender', u'', u'']
check 'CMEP101_SEM2_2018' 'CMEP101'
adding  CMEP101
requesting:  http://10.0.100.98:8000/bbinfo/matching_courses/CMEP101%25
r= <Response [200]>
matching classes= set([u'CMEP101_SEM2_2018', u'CMEP101_SEM2_2017'])
[u'', u'', u'', u'', u'', u'', u'', u'', u'', u'', u'', u'', u'', u'']
check '' ''
[u'BSAP101_SEM2_2018', u'BSAP101_SEM2_2017', u'BSAP101', u'BUSINESS ANALAYSIS PROJECT I', u'DIIBA1', u'DIP INFO COMM TECH BUS ANALYSIS', u'22', u'SEMESTER 2', u'D1', u'Durban Campus Full-time', u'A', u'40000644: Naidoo; 50001305: White; 40000309: Singh; 50002263: Govender', 0.0, u'']
check 'BSAP101_SEM2_2018' 'BSAP101'
adding  BSAP101
requesting:  http://10.0.100.98:8000/bbinfo/matching_courses/BSAP101%25
r= <Response [200]>
matching classes= set([u'BSAP101_SEM2_2018', u'BSAP101_SEM2_2017'])
[u'', u'', u'', u'', u'', u'', u'', u'', u'', u'', u'', u'', u'', u'']
check '' ''
[u'BSIS101_SEM2_2018', u'BSIS101_SEM2_2017', u'BSIS101', u'BUSINESS INFORMATION SYSTEMS I', u'DIIBA1', u'DIP INFO COMM TECH BUS ANALYSIS', u'22', u'SEMESTER 2', u'D1', u'Durban Campus Full-time', u'A', u'40003662: NAICKER; 50001305: White; 40000309: Singh; 50002263: Govender', 0.0, u'']
check 'BSIS101_SEM2_2018' 'BSIS101'
adding  BSIS101
requesting:  http://10.0.100.98:8000/bbinfo/matching_courses/BSIS101%25
r= <Response [200]>
matching classes= set([u'BSIS101_SEM2_2017', u'BSIS101_SEM2_2018'])
[u'', u'', u'', u'', u'', u'', u'', u'', u'', u'', u'', u'', u'', u'']
check '' ''
[u'APDA201_SEM1_2018', u'APDA201_SEM1_2017', u'APDA201', u'APPLICATIONS DEVELOPMENT 2A', u'DIIAD1', u'DIP IN INFO & COMM TECH IN APP DEV', u'21', u'SEMESTER 1', u'D1', u'Durban Campus Full-time', u'', u'40008594: LINGWATHI; 40000784: NGXATA; 40003850: SD OBONO; 20910442:KHUBISA; 40000309: Singh; 50002263: Govender', u'', u'']
check 'APDA201_SEM1_2018' 'APDA201'
processXLS: only for SEM2 [u'APDA201_SEM1_2018', u'APDA201_SEM1_2017', u'APDA201', u'APPLICATIONS DEVELOPMENT 2A', u'DIIAD1', u'DIP IN INFO & COMM TECH IN APP DEV', u'21', u'SEMESTER 1', u'D1', u'Durban Campus Full-time', u'', u'40008594: LINGWATHI; 40000784: NGXATA; 40003850: SD OBONO; 20910442:KHUBISA; 40000309: Singh; 50002263: Govender', u'', u'']
[u'APDA201_SEM1_2018', u'APDA201_SEM1_2017', u'APDA201', u'APPLICATIONS DEVELOPMENT 2A', u'DIIAF1', u'DIP  INFO & COMM TECH/APP DEV (4 YEARS)', u'21', u'SEMESTER 1', u'D1', u'Durban Campus Full-time', u'', u'40008594: LINGWATHI; 40000784: NGXATA; 40003850: SD OBONO; 20910442:KHUBISA; 40000309: Singh; 50002263: Govender', u'', u'']
check 'APDA201_SEM1_2018' 'APDA201'
processXLS: only for SEM2 [u'APDA201_SEM1_2018', u'APDA201_SEM1_2017', u'APDA201', u'APPLICATIONS DEVELOPMENT 2A', u'DIIAF1', u'DIP  INFO & COMM TECH/APP DEV (4 YEARS)', u'21', u'SEMESTER 1', u'D1', u'Durban Campus Full-time', u'', u'40008594: LINGWATHI; 40000784: NGXATA; 40003850: SD OBONO; 20910442:KHUBISA; 40000309: Singh; 50002263: Govender', u'', u'']
[u'APDA201_SEM1_2018', u'APDA201_SEM1_2017', u'APDA201', u'APPLICATIONS DEVELOPMENT 2A', u'DIIBA1', u'DIP INFO COMM TECH BUS ANALYSIS', u'21', u'SEMESTER 1', u'D1', u'Durban Campus Full-time', u'', u'40008594: LINGWATHI; 40000784: NGXATA; 40003850: SD OBONO; 20910442:KHUBISA; 40000309: Singh; 50002263: Govender', u'', u'']
check 'APDA201_SEM1_2018' 'APDA201'
processXLS: only for SEM2 [u'APDA201_SEM1_2018', u'APDA201_SEM1_2017', u'APDA201', u'APPLICATIONS DEVELOPMENT 2A', u'DIIBA1', u'DIP INFO COMM TECH BUS ANALYSIS', u'21', u'SEMESTER 1', u'D1', u'Durban Campus Full-time', u'', u'40008594: LINGWATHI; 40000784: NGXATA; 40003850: SD OBONO; 20910442:KHUBISA; 40000309: Singh; 50002263: Govender', u'', u'']
[u'', u'', u'', u'', u'', u'', u'', u'', u'', u'', u'', u'', u'', u'']
check '' ''
[u'APDB201_SEM2_2018', u'APDB201_SEM2_2017', u'APDB201', u'APPLICATIONS DEVELOPMENT 2B', u'DIIAD1', u'DIP IN INFO & COMM TECH IN APP DEV', u'22', u'SEMESTER 2', u'D1', u'Durban Campus Full-time', u'', u'40008594: LINGWATHI; 40000784: NGXATA; 40003850: SD OBONO; 20910442:KHUBISA; 40000309: Singh; 50002263: Govender', u'', u'']
check 'APDB201_SEM2_2018' 'APDB201'
adding  APDB201
requesting:  http://10.0.100.98:8000/bbinfo/matching_courses/APDB201%25
r= <Response [200]>
matching classes= set([u'APDB201_SEM2_2017', u'APDB201_SEM2_2018'])
[u'APDB201_SEM2_2018', u'APDB201_SEM2_2017', u'APDB201', u'APPLICATIONS DEVELOPMENT 2B', u'DIIAF1', u'DIP  INFO & COMM TECH/APP DEV (4 YEARS)', u'22', u'SEMESTER 2', u'D1', u'Durban Campus Full-time', u'', u'40008594: LINGWATHI; 40000784: NGXATA; 40003850: SD OBONO; 20910442:KHUBISA; 40000309: Singh; 50002263: Govender', u'', u'']
check 'APDB201_SEM2_2018' 'APDB201'
adding  APDB201
requesting:  http://10.0.100.98:8000/bbinfo/matching_courses/APDB201%25
r= <Response [200]>
matching classes= set([u'APDB201_SEM2_2017', u'APDB201_SEM2_2018'])
[u'APDB201_SEM2_2018', u'APDB201_SEM2_2017', u'APDB201', u'APPLICATIONS DEVELOPMENT 2B', u'DIIBA1', u'DIP INFO COMM TECH BUS ANALYSIS', u'22', u'SEMESTER 2', u'D1', u'Durban Campus Full-time', u'', u'40008594: LINGWATHI; 40000784: NGXATA; 40003850: SD OBONO; 20910442:KHUBISA; 40000309: Singh; 50002263: Govender', u'', u'']
check 'APDB201_SEM2_2018' 'APDB201'
adding  APDB201
requesting:  http://10.0.100.98:8000/bbinfo/matching_courses/APDB201%25
r= <Response [200]>
matching classes= set([u'APDB201_SEM2_2017', u'APDB201_SEM2_2018'])
[u'', u'', u'', u'', u'', u'', u'', u'', u'', u'', u'', u'', u'', u'']
check '' ''
[u'APDP201_SEM2_2018', u'APDP201_SEM2_2017', u'APDP201', u'APPLICATIONS DEVELOPMENT PROJECTS 2', u'DIIAD1', u'DIP IN INFO & COMM TECH IN APP DEV', u'22', u'SEMESTER 2', u'D1', u'Durban Campus Full-time', u'', u'40008594: LINGWATHI; 40000784: NGXATA; 40003850: SD OBONO; 20910442:KHUBISA; 40000309: Singh; 50002263: Govender', u'', u'']
check 'APDP201_SEM2_2018' 'APDP201'
adding  APDP201
requesting:  http://10.0.100.98:8000/bbinfo/matching_courses/APDP201%25
r= <Response [200]>
matching classes= set([u'APDP201_SEM2_2018', u'APDP201_SEM2_2017'])
[u'APDP201_SEM2_2018', u'APDP201_SEM2_2017', u'APDP201', u'APPLICATIONS DEVELOPMENT PROJECTS 2', u'DIIAF1', u'DIP  INFO & COMM TECH/APP DEV (4 YEARS)', u'22', u'SEMESTER 2', u'D1', u'Durban Campus Full-time', u'', u'40008594: LINGWATHI; 40000784: NGXATA; 40003850: SD OBONO; 20910442:KHUBISA; 40000309: Singh; 50002263: Govender', u'', u'']
check 'APDP201_SEM2_2018' 'APDP201'
adding  APDP201
requesting:  http://10.0.100.98:8000/bbinfo/matching_courses/APDP201%25
r= <Response [200]>
matching classes= set([u'APDP201_SEM2_2018', u'APDP201_SEM2_2017'])
[u'', u'', u'', u'', u'', u'', u'', u'', u'', u'', u'', u'', u'', u'']
check '' ''
[u'BFND201_SEM1_2018', u'BFND201_SEM1_2017', u'BFND201', u'BUSINESS FUNDAMENTALS 2', u'DIIAD1', u'DIP IN INFO & COMM TECH IN APP DEV', u'21', u'SEMESTER 1', u'D1', u'Durban Campus Full-time', u'', u'40010297: M EGIBE; M SOMI; 40000309: Singh; 50002263: Govender', u'', u'']
check 'BFND201_SEM1_2018' 'BFND201'
processXLS: only for SEM2 [u'BFND201_SEM1_2018', u'BFND201_SEM1_2017', u'BFND201', u'BUSINESS FUNDAMENTALS 2', u'DIIAD1', u'DIP IN INFO & COMM TECH IN APP DEV', u'21', u'SEMESTER 1', u'D1', u'Durban Campus Full-time', u'', u'40010297: M EGIBE; M SOMI; 40000309: Singh; 50002263: Govender', u'', u'']
[u'BFND201_SEM1_2018', u'BFND201_SEM1_2017', u'BFND201', u'BUSINESS FUNDAMENTALS 2', u'DIIAF1', u'DIP  INFO & COMM TECH/APP DEV (4 YEARS)', u'21', u'SEMESTER 1', u'D1', u'', u'', u'40010297: M EGIBE; M SOMI; 40000309: Singh; 50002263: Govender', u'', u'']
check 'BFND201_SEM1_2018' 'BFND201'
processXLS: only for SEM2 [u'BFND201_SEM1_2018', u'BFND201_SEM1_2017', u'BFND201', u'BUSINESS FUNDAMENTALS 2', u'DIIAF1', u'DIP  INFO & COMM TECH/APP DEV (4 YEARS)', u'21', u'SEMESTER 1', u'D1', u'', u'', u'40010297: M EGIBE; M SOMI; 40000309: Singh; 50002263: Govender', u'', u'']
[u'BFND201_SEM1_2018', u'BFND201_SEM1_2017', u'BFND201', u'BUSINESS FUNDAMENTALS 2', u'DIIBA1', u'DIP INFO COMM TECH BUS ANALYSIS', u'21', u'SEMESTER 1', u'D1', u'', u'', u'40010297: M EGIBE; M SOMI; 40000309: Singh; 50002263: Govender', u'', u'']
check 'BFND201_SEM1_2018' 'BFND201'
processXLS: only for SEM2 [u'BFND201_SEM1_2018', u'BFND201_SEM1_2017', u'BFND201', u'BUSINESS FUNDAMENTALS 2', u'DIIBA1', u'DIP INFO COMM TECH BUS ANALYSIS', u'21', u'SEMESTER 1', u'D1', u'', u'', u'40010297: M EGIBE; M SOMI; 40000309: Singh; 50002263: Govender', u'', u'']
[u'', u'', u'', u'', u'', u'', u'', u'', u'', u'', u'', u'', u'', u'']
check '' ''
[u'FINA101_SEM2_2018', u'FINA101_SEM2_2017', u'FINA101', u'FINANCIAL ACCOUNTING 1 ', u'DIIBA1', u'DIP INFO COMM TECH BUS ANALYSIS', u'22', u'SEMESTER 2', u'D1', u'Durban Campus Full-time', u'', u'50001305: WHITE; 40000309: Singh; 50002263: Govender', 0.0, u'']
check 'FINA101_SEM2_2018' 'FINA101'
adding  FINA101
requesting:  http://10.0.100.98:8000/bbinfo/matching_courses/FINA101%25
r= <Response [200]>
matching classes= set([u'FINA101_SEM2_2017', u'FINA101_SEM2_2018'])
[u'', u'', u'', u'', u'', u'', u'', u'', u'', u'', u'', u'', u'', u'']
check '' ''
[u'ILGA201_SEM1_2018', u'ILGA201_SEM1_2017', u'ILGA201', u'IT LOGIC & TECHNOLOGY 2A ', u'DIIAF1', u'DIP  INFO & COMM TECH/APP DEV (4 YEARS)', u'21', u'SEMESTER 1', u'D1', u'Durban Campus Full-time', u'', u'40000621: Hoosen; 40000309: Singh; 50002263: Govender', 0.0, u'']
check 'ILGA201_SEM1_2018' 'ILGA201'
processXLS: only for SEM2 [u'ILGA201_SEM1_2018', u'ILGA201_SEM1_2017', u'ILGA201', u'IT LOGIC & TECHNOLOGY 2A ', u'DIIAF1', u'DIP  INFO & COMM TECH/APP DEV (4 YEARS)', u'21', u'SEMESTER 1', u'D1', u'Durban Campus Full-time', u'', u'40000621: Hoosen; 40000309: Singh; 50002263: Govender', 0.0, u'']
[u'', u'', u'', u'', u'', u'', u'', u'', u'', u'', u'', u'', u'', u'']
check '' ''
[u'ILGB201_SEM2_2018', u'ILGB201_SEM2_2017', u'ILGB201', u'IT LOGIC & TECHNOLOGY 2B ', u'DIIAF1', u'DIP  INFO & COMM TECH/APP DEV (4 YEARS)', u'22', u'SEMESTER 2', u'D1', u'Durban Campus Full-time', u'', u'40000621: Hoosen; 40000309: Singh; 50002263: Govender', 0.0, u'']
check 'ILGB201_SEM2_2018' 'ILGB201'
adding  ILGB201
requesting:  http://10.0.100.98:8000/bbinfo/matching_courses/ILGB201%25
r= <Response [200]>
matching classes= set([u'ILGB201_SEM2_2018', u'ILGB201_SEM2_2017'])
[u'', u'', u'', u'', u'', u'', u'', u'', u'', u'', u'', u'', u'', u'']
check '' ''
[u'ISYA201_SEM1_2018', u'ISYA201_SEM1_2017', u'ISYA201', u'INFORMATION SYSTEMS IIA', u'DIIAD1', u'DIP IN INFO & COMM TECH IN APP DEV', u'21', u'SEMESTER 1', u'D1', u'Durban Campus Full-time', u'A', u'40000487: Pancham; 40002947: Zincume; 40002830: Villakazi; 40000309: Singh; 50002263: Govender', 1.0, u'']
check 'ISYA201_SEM1_2018' 'ISYA201'
processXLS: only for SEM2 [u'ISYA201_SEM1_2018', u'ISYA201_SEM1_2017', u'ISYA201', u'INFORMATION SYSTEMS IIA', u'DIIAD1', u'DIP IN INFO & COMM TECH IN APP DEV', u'21', u'SEMESTER 1', u'D1', u'Durban Campus Full-time', u'A', u'40000487: Pancham; 40002947: Zincume; 40002830: Villakazi; 40000309: Singh; 50002263: Govender', 1.0, u'']
[u'ISYA201_SEM1_2018', u'ISYA201_SEM1_2017', u'ISYA201', u'INFORMATION SYSTEMS IIA', u'DIIAF1', u'DIP  INFO & COMM TECH/APP DEV (4 YEARS)', u'21', u'SEMESTER 1', u'D1', u'Durban Campus Full-time', u'A', u'40000487: Pancham; 40002947: Zincume; 40002830: Villakazi; 40000309: Singh; 50002263: Govender', u'', u'']
check 'ISYA201_SEM1_2018' 'ISYA201'
processXLS: only for SEM2 [u'ISYA201_SEM1_2018', u'ISYA201_SEM1_2017', u'ISYA201', u'INFORMATION SYSTEMS IIA', u'DIIAF1', u'DIP  INFO & COMM TECH/APP DEV (4 YEARS)', u'21', u'SEMESTER 1', u'D1', u'Durban Campus Full-time', u'A', u'40000487: Pancham; 40002947: Zincume; 40002830: Villakazi; 40000309: Singh; 50002263: Govender', u'', u'']
[u'', u'', u'', u'', u'', u'', u'', u'', u'', u'', u'', u'', u'', u'']
check '' ''
[u'ISYB201_SEM2_2018', u'ISYB201_SEM2_2017', u'ISYB201', u'INFORMATION SYSTEMS 2B ', u'DIIAD1', u'DIP IN INFO & COMM TECH IN APP DEV', u'22', u'SEMESTER 2', u'D1', u'Durban Campus Full-time', u'', u'40000487: Pancham; 40002947: Zincume; 40002830: Villakazi; 40000309: Singh; 50002263: Govender', 0.0, u'']
check 'ISYB201_SEM2_2018' 'ISYB201'
adding  ISYB201
requesting:  http://10.0.100.98:8000/bbinfo/matching_courses/ISYB201%25
r= <Response [200]>
matching classes= set([u'ISYB201_SEM2_2018', u'ISYB201_SEM2_2017'])
[u'ISYB201_SEM2_2018', u'ISYB201_SEM2_2017', u'ISYB201', u'INFORMATION SYSTEMS 2B ', u'DIIAF1', u'DIP  INFO & COMM TECH/APP DEV (4 YEARS)', u'22', u'SEMESTER 2', u'D1', u'Durban Campus Full-time', u'', u'40000487: Pancham; 40002947: Zincume; 40002830: Villakazi; 40000309: Singh; 50002263: Govender', u'', u'']
check 'ISYB201_SEM2_2018' 'ISYB201'
adding  ISYB201
requesting:  http://10.0.100.98:8000/bbinfo/matching_courses/ISYB201%25
r= <Response [200]>
matching classes= set([u'ISYB201_SEM2_2018', u'ISYB201_SEM2_2017'])
[u'', u'', u'', u'', u'', u'', u'', u'', u'', u'', u'', u'', u'', u'']
check '' ''
[u'INMA201_SEM1_2018', u'INMA201_SEM1_2017', u'INMA201', u'INFORMATION MANAGEMENT 2A ', u'DIIAD1', u'DIP IN INFO & COMM TECH IN APP DEV', 21.0, u'SEMESTER 1', u'D1', u'Durban Campus Full-time', u'', u'40003662: Naicker; 50000809: Khalili; 40002947: Zincume; 40000309: Singh; 50002263: Govender', u'', u'']
check 'INMA201_SEM1_2018' 'INMA201'
processXLS: only for SEM2 [u'INMA201_SEM1_2018', u'INMA201_SEM1_2017', u'INMA201', u'INFORMATION MANAGEMENT 2A ', u'DIIAD1', u'DIP IN INFO & COMM TECH IN APP DEV', 21.0, u'SEMESTER 1', u'D1', u'Durban Campus Full-time', u'', u'40003662: Naicker; 50000809: Khalili; 40002947: Zincume; 40000309: Singh; 50002263: Govender', u'', u'']
[u'INMA201_SEM1_2018', u'INMA201_SEM1_2017', u'INMA201', u'INFORMATION MANAGEMENT 2A ', u'DIIAF1', u'DIP  INFO & COMM TECH/APP DEV (4 YEARS)', 21.0, u'SEMESTER 1', u'D1', u'Durban Campus Full-time', u'', u'40003662: Naicker; 50000809: Khalili; 40002947: Zincume; 40000309: Singh; 50002263: Govender', u'', u'']
check 'INMA201_SEM1_2018' 'INMA201'
processXLS: only for SEM2 [u'INMA201_SEM1_2018', u'INMA201_SEM1_2017', u'INMA201', u'INFORMATION MANAGEMENT 2A ', u'DIIAF1', u'DIP  INFO & COMM TECH/APP DEV (4 YEARS)', 21.0, u'SEMESTER 1', u'D1', u'Durban Campus Full-time', u'', u'40003662: Naicker; 50000809: Khalili; 40002947: Zincume; 40000309: Singh; 50002263: Govender', u'', u'']
[u'INMA201_SEM1_2018', u'INMA201_SEM1_2017', u'INMA201', u'INFORMATION MANAGEMENT 2A ', u'DIIBA1', u'DIP INFO COMM TECH BUS ANALYSIS', 21.0, u'SEMESTER 1', u'D1', u'Durban Campus Full-time', u'', u'40003662: Naicker; 50000809: Khalili; 40002947: Zincume; 40000309: Singh; 50002263: Govender', u'', u'']
check 'INMA201_SEM1_2018' 'INMA201'
processXLS: only for SEM2 [u'INMA201_SEM1_2018', u'INMA201_SEM1_2017', u'INMA201', u'INFORMATION MANAGEMENT 2A ', u'DIIBA1', u'DIP INFO COMM TECH BUS ANALYSIS', 21.0, u'SEMESTER 1', u'D1', u'Durban Campus Full-time', u'', u'40003662: Naicker; 50000809: Khalili; 40002947: Zincume; 40000309: Singh; 50002263: Govender', u'', u'']
[u'', u'', u'', u'', u'', u'', u'', u'', u'', u'', u'', u'', u'', u'']
check '' ''
[u'INMB201_SEM2_2018', u'INMB201_SEM2_2017', u'INMB201', u'INFORMATION MANAGEMENT 2B', u'DIIAD1', u'DIP IN INFO & COMM TECH IN APP DEV', u'22', u'SEMESTER 2', u'D1', u'Durban Campus Full-time', u'', u'40003662: Naicker; 50000809: Khalili; 40002947: Zincume; 40000309: Singh; 50002263: Govender', 0.0, u'']
check 'INMB201_SEM2_2018' 'INMB201'
adding  INMB201
requesting:  http://10.0.100.98:8000/bbinfo/matching_courses/INMB201%25
r= <Response [200]>
matching classes= set([u'INMB201_SEM2_2018', u'INMB201_SEM2_2017'])
[u'INMB201_SEM2_2018', u'INMB201_SEM2_2017', u'INMB201', u'INFORMATION MANAGEMENT 2B', u'DIIAF1', u'DIP  INFO & COMM TECH/APP DEV (4 YEARS)', 22.0, u'SEMESTER 2', u'D1', u'Durban Campus Full-time', u'', u'40003662: Naicker; 50000809: Khalili; 40002947: Zincume; 40000309: Singh; 50002263: Govender', 0.0, u'']
check 'INMB201_SEM2_2018' 'INMB201'
processXLS: only for SEM2 [u'INMB201_SEM2_2018', u'INMB201_SEM2_2017', u'INMB201', u'INFORMATION MANAGEMENT 2B', u'DIIAF1', u'DIP  INFO & COMM TECH/APP DEV (4 YEARS)', 22.0, u'SEMESTER 2', u'D1', u'Durban Campus Full-time', u'', u'40003662: Naicker; 50000809: Khalili; 40002947: Zincume; 40000309: Singh; 50002263: Govender', 0.0, u'']
[u'INMB201_SEM2_2018', u'INMB201_SEM2_2017', u'INMB201', u'INFORMATION MANAGEMENT 2B', u'DIIBA1', u'DIP INFO COMM TECH BUS ANALYSIS', 22.0, u'SEMESTER 2', u'D1', u'Durban Campus Full-time', u'', u'40003662: Naicker; 50000809: Khalili; 40002947: Zincume; 40000309: Singh; 50002263: Govender', u'', u'']
check 'INMB201_SEM2_2018' 'INMB201'
processXLS: only for SEM2 [u'INMB201_SEM2_2018', u'INMB201_SEM2_2017', u'INMB201', u'INFORMATION MANAGEMENT 2B', u'DIIBA1', u'DIP INFO COMM TECH BUS ANALYSIS', 22.0, u'SEMESTER 2', u'D1', u'Durban Campus Full-time', u'', u'40003662: Naicker; 50000809: Khalili; 40002947: Zincume; 40000309: Singh; 50002263: Govender', u'', u'']
[u'', u'', u'', u'', u'', u'', u'', u'', u'', u'', u'', u'', u'', u'']
check '' ''
[u'ITPM101_SEM1_2018', u'ITPM101_SEM1_2017', u'ITPM101', u'IT PROJECT MANAGEMENT', u'DIIAD1', u'DIP IN INFO & COMM TECH IN APP DEV', u'21', u'SEMESTER 1', u'D1', u'Durban Campus Full-time', u'', u'40000552: BHOOLA; 40002823: RAMNARAIN; 40000309: Singh; 50002263: Govender', 0.0, u'']
check 'ITPM101_SEM1_2018' 'ITPM101'
processXLS: only for SEM2 [u'ITPM101_SEM1_2018', u'ITPM101_SEM1_2017', u'ITPM101', u'IT PROJECT MANAGEMENT', u'DIIAD1', u'DIP IN INFO & COMM TECH IN APP DEV', u'21', u'SEMESTER 1', u'D1', u'Durban Campus Full-time', u'', u'40000552: BHOOLA; 40002823: RAMNARAIN; 40000309: Singh; 50002263: Govender', 0.0, u'']
[u'ITPM101_SEM1_2018', u'ITPM101_SEM1_2017', u'ITPM101', u'IT PROJECT MANAGEMENT', u'DIIAF1', u'DIP  INFO & COMM TECH/APP DEV (4 YEARS)', u'21', u'SEMESTER 1', u'D1', u'Durban Campus Full-time', u'', u'40000552: BHOOLA; 40002823: RAMNARAIN; 40000309: Singh; 50002263: Govender', u'', u'']
check 'ITPM101_SEM1_2018' 'ITPM101'
processXLS: only for SEM2 [u'ITPM101_SEM1_2018', u'ITPM101_SEM1_2017', u'ITPM101', u'IT PROJECT MANAGEMENT', u'DIIAF1', u'DIP  INFO & COMM TECH/APP DEV (4 YEARS)', u'21', u'SEMESTER 1', u'D1', u'Durban Campus Full-time', u'', u'40000552: BHOOLA; 40002823: RAMNARAIN; 40000309: Singh; 50002263: Govender', u'', u'']
[u'', u'', u'', u'', u'', u'', u'', u'', u'', u'', u'', u'', u'', u'']
check '' ''
[u'MCPA201_SEM1_2018', u'MCPA201_SEM1_2017', u'MCPA201', u'MOBILE COMPUTING 2A', u'DIIAD1', u'DIP IN INFO & COMM TECH IN APP DEV', u'21', u'SEMESTER 1', u'D1', u'Durban Campus Full-time', u'', u'40000564: HANSRAJ; 40000621: HOOSEN; 40012233: JOSEPH; 40000309: Singh; 50002263: Govender', 0.0, u'']
check 'MCPA201_SEM1_2018' 'MCPA201'
processXLS: only for SEM2 [u'MCPA201_SEM1_2018', u'MCPA201_SEM1_2017', u'MCPA201', u'MOBILE COMPUTING 2A', u'DIIAD1', u'DIP IN INFO & COMM TECH IN APP DEV', u'21', u'SEMESTER 1', u'D1', u'Durban Campus Full-time', u'', u'40000564: HANSRAJ; 40000621: HOOSEN; 40012233: JOSEPH; 40000309: Singh; 50002263: Govender', 0.0, u'']
[u'MCPA201_SEM1_2018', u'MCPA201_SEM1_2017', u'MCPA201', u'MOBILE COMPUTING 2A', u'DIIAF1', u'DIP  INFO & COMM TECH/APP DEV (4 YEARS)', u'21', u'SEMESTER 1', u'D1', u'Durban Campus Full-time', u'', u'40000564: HANSRAJ; 40000621: HOOSEN; 40012233: JOSEPH; 40000309: Singh; 50002263: Govender', u'', u'']
check 'MCPA201_SEM1_2018' 'MCPA201'
processXLS: only for SEM2 [u'MCPA201_SEM1_2018', u'MCPA201_SEM1_2017', u'MCPA201', u'MOBILE COMPUTING 2A', u'DIIAF1', u'DIP  INFO & COMM TECH/APP DEV (4 YEARS)', u'21', u'SEMESTER 1', u'D1', u'Durban Campus Full-time', u'', u'40000564: HANSRAJ; 40000621: HOOSEN; 40012233: JOSEPH; 40000309: Singh; 50002263: Govender', u'', u'']
[u'', u'', u'', u'', u'', u'', u'', u'', u'', u'', u'', u'', u'', u'']
check '' ''
[u'MCPB201_SEM2_2018', u'MCPB201_SEM2_2017', u'MCPB201', u'MOBILE COMPUTING 2B ', u'DIIAD1', u'DIP IN INFO & COMM TECH IN APP DEV', u'22', u'SEMESTER 2', u'D1', u'Durban Campus Full-time', u'', u'40000564: HANSRAJ; 40000621: HOOSEN; 40012233: JOSEPH; 40000309: Singh; 50002263: Govender', 0.0, u'']
check 'MCPB201_SEM2_2018' 'MCPB201'
adding  MCPB201
requesting:  http://10.0.100.98:8000/bbinfo/matching_courses/MCPB201%25
r= <Response [200]>
matching classes= set([u'MCPB201_SEM2_2018', u'MCPB201_SEM2_2017'])
[u'MCPB201_SEM2_2018', u'MCPB201_SEM2_2017', u'MCPB201', u'MOBILE COMPUTING 2B ', u'DIIAF1', u'DIP  INFO & COMM TECH/APP DEV (4 YEARS)', u'22', u'SEMESTER 2', u'D1', u'Durban Campus Full-time', u'', u'40000564: HANSRAJ; 40000621: HOOSEN; 40012233: JOSEPH; 40000309: Singh; 50002263: Govender', u'', u'']
check 'MCPB201_SEM2_2018' 'MCPB201'
adding  MCPB201
requesting:  http://10.0.100.98:8000/bbinfo/matching_courses/MCPB201%25
r= <Response [200]>
matching classes= set([u'MCPB201_SEM2_2018', u'MCPB201_SEM2_2017'])
[u'', u'', u'', u'', u'', u'', u'', u'', u'', u'', u'', u'', u'', u'']
check '' ''
[u'SKDA201_SEM1_2018', u'SKDA201_SEM1_2017', u'SKDA201', u'SKILLS DEVELOPMENT 2A ', u'DIIAF1', u'DIP  INFO & COMM TECH/APP DEV (4 YEARS)', u'21', u'SEMESTER 1', u'D1', u'Durban Campus Full-time', u'', u'40011464: MARTIN; 40000309: Singh; 50002263: Govender', 0.0, u'']
check 'SKDA201_SEM1_2018' 'SKDA201'
processXLS: only for SEM2 [u'SKDA201_SEM1_2018', u'SKDA201_SEM1_2017', u'SKDA201', u'SKILLS DEVELOPMENT 2A ', u'DIIAF1', u'DIP  INFO & COMM TECH/APP DEV (4 YEARS)', u'21', u'SEMESTER 1', u'D1', u'Durban Campus Full-time', u'', u'40011464: MARTIN; 40000309: Singh; 50002263: Govender', 0.0, u'']
[u'', u'', u'', u'', u'', u'', u'', u'', u'', u'', u'', u'', u'', u'']
check '' ''
[u'SKDB201_SEM2_2018', u'SKDB201_SEM2_2017', u'SKDB201', u'SKILLS DEVELOPMENT 2B ', u'DIIAF1', u'DIP  INFO & COMM TECH/APP DEV (4 YEARS)', u'22', u'SEMESTER 2', u'D1', u'Durban Campus Full-time', u'', u'40011464: MARTIN; 40000309: Singh; 50002263: Govender', 0.0, u'']
check 'SKDB201_SEM2_2018' 'SKDB201'
adding  SKDB201
requesting:  http://10.0.100.98:8000/bbinfo/matching_courses/SKDB201%25
r= <Response [200]>
matching classes= set([u'SKDB201_SEM2_2018', u'SKDB201_SEM2_2017'])
[u'', u'', u'', u'', u'', u'', u'', u'', u'', u'', u'', u'', u'', u'']
check '' ''
[u'New classrooms for 2018', u'', u'', u'', u'', u'', u'', u'', u'', u'', u'', u'', 0.0, u'']
check 'New classrooms for 2018' ''
[u'ITPM101_SEM2_2018', u'template_2018', u'ITPM101', u'IT PROJECT MANAGEMENT', u'DIIBA1', u'DIP INFO COMM TECH BUS ANALYSIS', 22.0, u'SEMESTER 2', u'D1', u'Durban Campus Full-time', u'', u'40000552: BHOOLA; 40002823: RAMNARAIN; 40000309: Singh; 50002263: Govender', u'', u'']
check 'ITPM101_SEM2_2018' 'ITPM101'
processXLS: only for SEM2 [u'ITPM101_SEM2_2018', u'template_2018', u'ITPM101', u'IT PROJECT MANAGEMENT', u'DIIBA1', u'DIP INFO COMM TECH BUS ANALYSIS', 22.0, u'SEMESTER 2', u'D1', u'Durban Campus Full-time', u'', u'40000552: BHOOLA; 40002823: RAMNARAIN; 40000309: Singh; 50002263: Govender', u'', u'']
[u'', u'', u'', u'', u'', u'', u'', u'', u'', u'', u'', u'', u'', u'']
check '' ''
[u'BSAA201_SEM1_2018', u'template_2018', u'BSAA201', u'BUSINESS ANALYSIS IIA', u'DIIBA1', u'DIP INFO COMM TECH BUS ANALYSIS', u'21', u'SEMESTER 1', u'D1', u'Durban Campus Full-time', u'A', u'50000809: Khalili; 40003344: Moodley; 40000309: Singh; 50002263: Govender', 1.0, u'']
check 'BSAA201_SEM1_2018' 'BSAA201'
processXLS: only for SEM2 [u'BSAA201_SEM1_2018', u'template_2018', u'BSAA201', u'BUSINESS ANALYSIS IIA', u'DIIBA1', u'DIP INFO COMM TECH BUS ANALYSIS', u'21', u'SEMESTER 1', u'D1', u'Durban Campus Full-time', u'A', u'50000809: Khalili; 40003344: Moodley; 40000309: Singh; 50002263: Govender', 1.0, u'']
[u'', u'', u'', u'', u'', u'', u'', u'', u'', u'', u'', u'', u'', u'']
check '' ''
[u'BSAB201_SEM2_2018', u'template_2018', u'BSAB201', u'BUSINESS ANALYSIS IIB', u'DIIBA1', u'DIP INFO COMM TECH BUS ANALYSIS', u'22', u'SEMESTER 2', u'D1', u'Durban Campus Full-time', u'A', u'50000809: Khalili; 40003344: Moodley; 40000309: Singh; 50002263: Govender', u'', u'']
check 'BSAB201_SEM2_2018' 'BSAB201'
adding  BSAB201
requesting:  http://10.0.100.98:8000/bbinfo/matching_courses/BSAB201%25
r= <Response [200]>
matching classes= set([u'BSAB201_SEM2_2017', u'BSAB201_SEM2_2018'])
[u'', u'', u'', u'', u'', u'', u'', u'', u'', u'', u'', u'', u'', u'']
check '' ''
[u'BSAP201_SEM2_2018', u'template_2018', u'BSAP201', u'BUSINESS ANALYSIS PROJECT II', u'DIIBA1', u'DIP INFO COMM TECH BUS ANALYSIS', u'22', u'SEMESTER 2', u'D1', u'Durban Campus Full-time', u'A', u'50001305: WHITE;  40003344: Moodley; 40000309: Singh; 50002263: Govender', u'', u'']
check 'BSAP201_SEM2_2018' 'BSAP201'
adding  BSAP201
requesting:  http://10.0.100.98:8000/bbinfo/matching_courses/BSAP201%25
r= <Response [200]>
matching classes= set([u'BSAP201_SEM2_2017', u'BSAP201_SEM2_2018'])
[u'', u'', u'', u'', u'', u'', u'', u'', u'', u'', u'', u'', u'', u'']
check '' ''
[u'BSIS201_SEM1_2018', u'template_2018', u'BSIS201', u'BUSINESS INFORMATION SYSTEMS II', u'DIIBA1', u'DIP INFO COMM TECH BUS ANALYSIS', u'21', u'SEMESTER 1', u'D1', u'Durban Campus Full-time', u'A', u'40003239: Sosibo; 50001305: WHITE; 40000309: Singh; 50002263: Govender', u'', u'']
check 'BSIS201_SEM1_2018' 'BSIS201'
processXLS: only for SEM2 [u'BSIS201_SEM1_2018', u'template_2018', u'BSIS201', u'BUSINESS INFORMATION SYSTEMS II', u'DIIBA1', u'DIP INFO COMM TECH BUS ANALYSIS', u'21', u'SEMESTER 1', u'D1', u'Durban Campus Full-time', u'A', u'40003239: Sosibo; 50001305: WHITE; 40000309: Singh; 50002263: Govender', u'', u'']
[u'', u'', u'', u'', u'', u'', u'', u'', u'', u'', u'', u'', u'', u'']
check '' ''
[u'CABF201_SEM1_2018', u'template_2018', u'CABF201', u'COMPUTER APPS IN BUS & FIN II', u'DIIBA1', u'DIP INFO COMM TECH BUS ANALYSIS', u'21', u'SEMESTER 1', u'D1', u'Durban Campus Full-time', u'A', u'40011464: Martin; 50001305: WHITE; 40000309: Singh; 50002263: Govender', u'', u'']
check 'CABF201_SEM1_2018' 'CABF201'
processXLS: only for SEM2 [u'CABF201_SEM1_2018', u'template_2018', u'CABF201', u'COMPUTER APPS IN BUS & FIN II', u'DIIBA1', u'DIP INFO COMM TECH BUS ANALYSIS', u'21', u'SEMESTER 1', u'D1', u'Durban Campus Full-time', u'A', u'40011464: Martin; 50001305: WHITE; 40000309: Singh; 50002263: Govender', u'', u'']
[u'', u'', u'', u'', u'', u'', u'', u'', u'', u'', u'', u'', u'', u'']
check '' ''
[u'APDA301_SEM1_2018', u'template_2018', u'APDA301', u'APPLICATIONS DEVELOPMENT 3A', u'DIIAD1', u'DIP IN INFO & COMM TECH IN APP DEV', 21.0, u'SEMESTER 1', u'D1', u'Durban Campus Full-time', u'A', u'40003661: Vanker; 40011708: Kala; 40000309: Singh; 50002263: Govender', u'', u'']
check 'APDA301_SEM1_2018' 'APDA301'
processXLS: only for SEM2 [u'APDA301_SEM1_2018', u'template_2018', u'APDA301', u'APPLICATIONS DEVELOPMENT 3A', u'DIIAD1', u'DIP IN INFO & COMM TECH IN APP DEV', 21.0, u'SEMESTER 1', u'D1', u'Durban Campus Full-time', u'A', u'40003661: Vanker; 40011708: Kala; 40000309: Singh; 50002263: Govender', u'', u'']
[u'', u'', u'', u'', u'', u'', u'', u'', u'', u'', u'', u'', u'', u'']
check '' ''
[u'ADPA301_SEM1_2018', u'template_2018', u'ADPA301', u'APPLICATIONS DEVELOPMENT PROJECT 3A', u'DIIAD1', u'DIP IN INFO & COMM TECH IN APP DEV', 21.0, u'SEMESTER 1', u'D1', u'Durban Campus Full-time', u'A', u'40014900: Mtshali;  40000474: Ally; 40000309: Singh; 50002263: Govender', u'', u'']
check 'ADPA301_SEM1_2018' 'ADPA301'
processXLS: only for SEM2 [u'ADPA301_SEM1_2018', u'template_2018', u'ADPA301', u'APPLICATIONS DEVELOPMENT PROJECT 3A', u'DIIAD1', u'DIP IN INFO & COMM TECH IN APP DEV', 21.0, u'SEMESTER 1', u'D1', u'Durban Campus Full-time', u'A', u'40014900: Mtshali;  40000474: Ally; 40000309: Singh; 50002263: Govender', u'', u'']
[u'ISYA301_SEM1_2018', u'template_2018', u'ISYA301', u'INFORMATION SYSTEMS 3A ', u'DIIAD1', u'DIP IN INFO & COMM TECH IN APP DEV', 21.0, u'SEMESTER 1', u'D1', u'Durban Campus Full-time', u'A', u'40009285: Naicker; 50001305: White; 40000309: Singh; 50002263: Govender', u'', u'']
check 'ISYA301_SEM1_2018' 'ISYA301'
processXLS: only for SEM2 [u'ISYA301_SEM1_2018', u'template_2018', u'ISYA301', u'INFORMATION SYSTEMS 3A ', u'DIIAD1', u'DIP IN INFO & COMM TECH IN APP DEV', 21.0, u'SEMESTER 1', u'D1', u'Durban Campus Full-time', u'A', u'40009285: Naicker; 50001305: White; 40000309: Singh; 50002263: Govender', u'', u'']
[u'', u'', u'', u'', u'', u'', u'', u'', u'', u'', u'', u'', u'', u'']
check '' ''
[u'HCIN101_SEM1_2018', u'template_2018', u'HCIN101', u'HUMAN COMPUTER INTERACTION ', u'DIIAD1', u'DIP IN INFO & COMM TECH IN APP DEV', 21.0, u'SEMESTER 1', u'D1', u'Durban Campus Full-time', u'A', u'50000636: Wing; 40010630: Boamah-Abu; 40000309: Singh; 50002263: Govender', u'', u'']
check 'HCIN101_SEM1_2018' 'HCIN101'
processXLS: only for SEM2 [u'HCIN101_SEM1_2018', u'template_2018', u'HCIN101', u'HUMAN COMPUTER INTERACTION ', u'DIIAD1', u'DIP IN INFO & COMM TECH IN APP DEV', 21.0, u'SEMESTER 1', u'D1', u'Durban Campus Full-time', u'A', u'50000636: Wing; 40010630: Boamah-Abu; 40000309: Singh; 50002263: Govender', u'', u'']
[u'', u'', u'', u'', u'', u'', u'', u'', u'', u'', u'', u'', u'', u'']
check '' ''
[u'TIPP301_SEM1_2018', u'template_2018', u'TIPP301', u'THEORY OF ICT PROFESSIONAL PRACTICE 3', u'DIIAD1', u'DIP IN INFO & COMM TECH IN APP DEV', 21.0, u'SEMESTER 1', u'D1', u'Durban Campus Full-time', u'A', u'40010799: Millham; 50011966: Singh; 40000309: Singh; 50002263: Govender', u'', u'']
check 'TIPP301_SEM1_2018' 'TIPP301'
processXLS: only for SEM2 [u'TIPP301_SEM1_2018', u'template_2018', u'TIPP301', u'THEORY OF ICT PROFESSIONAL PRACTICE 3', u'DIIAD1', u'DIP IN INFO & COMM TECH IN APP DEV', 21.0, u'SEMESTER 1', u'D1', u'Durban Campus Full-time', u'A', u'40010799: Millham; 50011966: Singh; 40000309: Singh; 50002263: Govender', u'', u'']
[u'', u'', u'', u'', u'', u'', u'', u'', u'', u'', u'', u'', u'', u'']
check '' ''
[u'ENSP101_SEM2_2018', u'template_2018', u'ENSP101', u'ENTREPRENEURIAL SPIRIT', u'DIIAD1', u'DIP IN INFO & COMM TECH IN APP DEV', 22.0, u'SEMESTER 2', u'D1', u'Durban Campus Full-time', u'A', u'50001305: White; 40000309: Singh; 50002263: Govender', u'', u'']
check 'ENSP101_SEM2_2018' 'ENSP101'
processXLS: only for SEM2 [u'ENSP101_SEM2_2018', u'template_2018', u'ENSP101', u'ENTREPRENEURIAL SPIRIT', u'DIIAD1', u'DIP IN INFO & COMM TECH IN APP DEV', 22.0, u'SEMESTER 2', u'D1', u'Durban Campus Full-time', u'A', u'50001305: White; 40000309: Singh; 50002263: Govender', u'', u'']
[u'', u'', u'', u'', u'', u'', u'', u'', u'', u'', u'', u'', u'', u'']
check '' ''
[u'APDB301_SEM2_2018', u'template_2018', u'APDB301', u'APPLICATIONS DEVELOPMENT 3B', u'DIIAD1', u'DIP IN INFO & COMM TECH IN APP DEV', 22.0, u'SEMESTER 2', u'D1', u'Durban Campus Full-time', u'A', u'40003661: Vanker; 40011708: Kala; 40000309: Singh; 50002263: Govender', u'', u'']
check 'APDB301_SEM2_2018' 'APDB301'
processXLS: only for SEM2 [u'APDB301_SEM2_2018', u'template_2018', u'APDB301', u'APPLICATIONS DEVELOPMENT 3B', u'DIIAD1', u'DIP IN INFO & COMM TECH IN APP DEV', 22.0, u'SEMESTER 2', u'D1', u'Durban Campus Full-time', u'A', u'40003661: Vanker; 40011708: Kala; 40000309: Singh; 50002263: Govender', u'', u'']
[u'', u'', u'', u'', u'', u'', u'', u'', u'', u'', u'', u'', u'', u'']
check '' ''
[u'ADPB301_SEM2_2018', u'template_2018', u'ADPB301', u'APPLICATIONS DEVELOPMENT PROJECT 3B', u'DIIAD1', u'DIP IN INFO & COMM TECH IN APP DEV', 22.0, u'SEMESTER 2', u'D1', u'Durban Campus Full-time', u'A', u'40000487: Pancham;  40000474: Ally; 40000309: Singh; 50002263: Govender', u'', u'']
check 'ADPB301_SEM2_2018' 'ADPB301'
processXLS: only for SEM2 [u'ADPB301_SEM2_2018', u'template_2018', u'ADPB301', u'APPLICATIONS DEVELOPMENT PROJECT 3B', u'DIIAD1', u'DIP IN INFO & COMM TECH IN APP DEV', 22.0, u'SEMESTER 2', u'D1', u'Durban Campus Full-time', u'A', u'40000487: Pancham;  40000474: Ally; 40000309: Singh; 50002263: Govender', u'', u'']
[u'', u'', u'', u'', u'', u'', u'', u'', u'', u'', u'', u'', u'', u'']
check '' ''
[u'ISYB301_SEM2_2018', u'template_2018', u'ISYB301', u'INFORMATION SYSTEMS 3B ', u'DIIAD1', u'DIP IN INFO & COMM TECH IN APP DEV', 22.0, u'SEMESTER 2', u'D1', u'Durban Campus Full-time', u'A', u'40009285: Naicker; 50001305: White; 40000309: Singh; 50002263: Govender', u'', u'']
check 'ISYB301_SEM2_2018' 'ISYB301'
processXLS: only for SEM2 [u'ISYB301_SEM2_2018', u'template_2018', u'ISYB301', u'INFORMATION SYSTEMS 3B ', u'DIIAD1', u'DIP IN INFO & COMM TECH IN APP DEV', 22.0, u'SEMESTER 2', u'D1', u'Durban Campus Full-time', u'A', u'40009285: Naicker; 50001305: White; 40000309: Singh; 50002263: Govender', u'', u'']
[u'', u'', u'', u'', u'', u'', u'', u'', u'', u'', u'', u'', u'', u'']
check '' ''
[u'CPRI101_SEM1_2018', u'template_2018', u'CPRI101', u' ', u'BNIND1', u'B ENGINEERING TECHNOLOGY IN IND ENG', u'21', u'SEMESTER 1', u'D1', u'Durban Campus Full-time', u'A', u' 50001305: White; 40000309: Singh; 50002263: Govender', u'', u'']
check 'CPRI101_SEM1_2018' 'CPRI101'
processXLS: only for SEM2 [u'CPRI101_SEM1_2018', u'template_2018', u'CPRI101', u' ', u'BNIND1', u'B ENGINEERING TECHNOLOGY IN IND ENG', u'21', u'SEMESTER 1', u'D1', u'Durban Campus Full-time', u'A', u' 50001305: White; 40000309: Singh; 50002263: Govender', u'', u'']
[u'', u'', u'', u'', u'', u'', u'', u'', u'', u'', u'', u'', u'', u'']
check '' ''
[u'ISYD101_SEM2_2018', u'template_2018', u'ISYD101', u'INFORMATION SYSTEM DESIGN', u'BNIND1', u'B ENGINEERING TECHNOLOGY IN IND ENG', u'22', u'SEMESTER 1', u'D1', u'Durban Campus Full-time', u'A', u' 50001305: White; 40000309: Singh; 50002263: Govender', u'', u'']
check 'ISYD101_SEM2_2018' 'ISYD101'
adding  ISYD101
requesting:  http://10.0.100.98:8000/bbinfo/matching_courses/ISYD101%25
r= <Response [200]>
matching classes= set([u'ISYD101_SEM2_2018'])
[u'', u'', u'', u'', u'', u'', u'', u'', u'', u'', u'', u'', u'', u'']
check '' ''
[u'DBAD102_SEM1_2018', u'template_2018', u'DBAD102', u'DATABASE ADMINISTRATION', u'HCINF1', u'HIGHER CERTIFICATE IN INFORMATION TECHNOLOGY', 21.0, u'SEMESTER 1', u'D1', u'Durban Campus Full-time', u'A', u'40003344: Moodley;  40000309: Singh; 50002263: Govender', u'', u'']
check 'DBAD102_SEM1_2018' 'DBAD102'
processXLS: only for SEM2 [u'DBAD102_SEM1_2018', u'template_2018', u'DBAD102', u'DATABASE ADMINISTRATION', u'HCINF1', u'HIGHER CERTIFICATE IN INFORMATION TECHNOLOGY', 21.0, u'SEMESTER 1', u'D1', u'Durban Campus Full-time', u'A', u'40003344: Moodley;  40000309: Singh; 50002263: Govender', u'', u'']
[u'ECMR102_SEM1_2018', u'template_2018', u'ECMR102', u'E-COMMERCE', u'HCINF1', u'HIGHER CERTIFICATE IN INFORMATION TECHNOLOGY', 21.0, u'SEMESTER 1', u'D1', u'Durban Campus Full-time', u'A', u'40003344: Moodley;  40000309: Singh; 50002263: Govender', u'', u'']
check 'ECMR102_SEM1_2018' 'ECMR102'
processXLS: only for SEM2 [u'ECMR102_SEM1_2018', u'template_2018', u'ECMR102', u'E-COMMERCE', u'HCINF1', u'HIGHER CERTIFICATE IN INFORMATION TECHNOLOGY', 21.0, u'SEMESTER 1', u'D1', u'Durban Campus Full-time', u'A', u'40003344: Moodley;  40000309: Singh; 50002263: Govender', u'', u'']
[u'HDWS102_SEM1_2018', u'template_2018', u'HDWS102', u'HARDWARE SUPPORT', u'HCINF1', u'HIGHER CERTIFICATE IN INFORMATION TECHNOLOGY', 21.0, u'SEMESTER 1', u'D1', u'Durban Campus Full-time', u'A', u'40003344: Moodley;  40000309: Singh; 50002263: Govender', u'', u'']
check 'HDWS102_SEM1_2018' 'HDWS102'
processXLS: only for SEM2 [u'HDWS102_SEM1_2018', u'template_2018', u'HDWS102', u'HARDWARE SUPPORT', u'HCINF1', u'HIGHER CERTIFICATE IN INFORMATION TECHNOLOGY', 21.0, u'SEMESTER 1', u'D1', u'Durban Campus Full-time', u'A', u'40003344: Moodley;  40000309: Singh; 50002263: Govender', u'', u'']
[u'NWRK102_SEM1_2018', u'template_2018', u'NWRK102', u'NETWORKING', u'HCINF1', u'HIGHER CERTIFICATE IN INFORMATION TECHNOLOGY', 21.0, u'SEMESTER 1', u'D1', u'Durban Campus Full-time', u'A', u'40003344: Moodley;  40000309: Singh; 50002263: Govender', u'', u'']
check 'NWRK102_SEM1_2018' 'NWRK102'
processXLS: only for SEM2 [u'NWRK102_SEM1_2018', u'template_2018', u'NWRK102', u'NETWORKING', u'HCINF1', u'HIGHER CERTIFICATE IN INFORMATION TECHNOLOGY', 21.0, u'SEMESTER 1', u'D1', u'Durban Campus Full-time', u'A', u'40003344: Moodley;  40000309: Singh; 50002263: Govender', u'', u'']
[u'SLDV102_SEM2_2018', u'template_2018', u'SLDV102', u'SOLUTIONS DEVELOPMENT', u'HCINF1', u'HIGHER CERTIFICATE IN INFORMATION TECHNOLOGY', 22.0, u'SEMESTER 2', u'D1', u'Durban Campus Full-time', u'A', u'40003344: Moodley;  40000309: Singh; 50002263: Govender', u'', u'']
check 'SLDV102_SEM2_2018' 'SLDV102'
processXLS: only for SEM2 [u'SLDV102_SEM2_2018', u'template_2018', u'SLDV102', u'SOLUTIONS DEVELOPMENT', u'HCINF1', u'HIGHER CERTIFICATE IN INFORMATION TECHNOLOGY', 22.0, u'SEMESTER 2', u'D1', u'Durban Campus Full-time', u'A', u'40003344: Moodley;  40000309: Singh; 50002263: Govender', u'', u'']
[u'SWSP102_SEM2_2018', u'template_2018', u'SWSP102', u'SOFTWARE SUPPORT', u'HCINF1', u'HIGHER CERTIFICATE IN INFORMATION TECHNOLOGY', 22.0, u'SEMESTER 2', u'D1', u'Durban Campus Full-time', u'A', u'40003344: Moodley;  40000309: Singh; 50002263: Govender', u'', u'']
check 'SWSP102_SEM2_2018' 'SWSP102'
processXLS: only for SEM2 [u'SWSP102_SEM2_2018', u'template_2018', u'SWSP102', u'SOFTWARE SUPPORT', u'HCINF1', u'HIGHER CERTIFICATE IN INFORMATION TECHNOLOGY', 22.0, u'SEMESTER 2', u'D1', u'Durban Campus Full-time', u'A', u'40003344: Moodley;  40000309: Singh; 50002263: Govender', u'', u'']
[u'WBTC102_SEM2_2018', u'template_2018', u'WBTC102', u'WEB TECHNOLOGY', u'HCINF1', u'HIGHER CERTIFICATE IN INFORMATION TECHNOLOGY', 22.0, u'SEMESTER 2', u'D1', u'Durban Campus Full-time', u'A', u'40003344: Moodley;  40000309: Singh; 50002263: Govender', u'', u'']
check 'WBTC102_SEM2_2018' 'WBTC102'
processXLS: only for SEM2 [u'WBTC102_SEM2_2018', u'template_2018', u'WBTC102', u'WEB TECHNOLOGY', u'HCINF1', u'HIGHER CERTIFICATE IN INFORMATION TECHNOLOGY', 22.0, u'SEMESTER 2', u'D1', u'Durban Campus Full-time', u'A', u'40003344: Moodley;  40000309: Singh; 50002263: Govender', u'', u'']
[u'WEBP102_SEM2_2018', u'template_2018', u'WEBP102', u'WEB PROJECT', u'HCINF1', u'HIGHER CERTIFICATE IN INFORMATION TECHNOLOGY', 22.0, u'SEMESTER 2', u'D1', u'Durban Campus Full-time', u'A', u'40003344: Moodley;  40000309: Singh; 50002263: Govender', u'', u'']
check 'WEBP102_SEM2_2018' 'WEBP102'
processXLS: only for SEM2 [u'WEBP102_SEM2_2018', u'template_2018', u'WEBP102', u'WEB PROJECT', u'HCINF1', u'HIGHER CERTIFICATE IN INFORMATION TECHNOLOGY', 22.0, u'SEMESTER 2', u'D1', u'Durban Campus Full-time', u'A', u'40003344: Moodley;  40000309: Singh; 50002263: Govender', u'', u'']
[u'', u'', u'', u'', u'', u'', u'', u'', u'', u'', u'', u'', u'', u'']
check '' ''
[u'BTADMIN_2018', u'template_2018', u'BTFIS2', u'FINANCIAL INFORMATION SYSTEMS IV', u'BTFIS2', u'BT: FINANCIAL INFORMATION SYSTEMS', u'11', u'YEAR', u'D3', u'Durban Campus Part-time', u'A', u'50000636:WING; 40000309: Singh; 50002263: Govender', 1.0, u'']
check 'BTADMIN_2018' 'BTFIS2'
[u'', u'', u'', u'', u'', u'', u'', u'', u'', u'', u'', u'', 77.0, u'']
check '' ''
[u'COMS101_SEM1_2018', u'COMS101_SEM1_2018', u'COMS101', u'COMS101: COMPUTER SKILLS I 2017', u'NDPPT2', u'', 21.0, u'SEMESTER 1', u'D1', u'', u'A', u'40003345:Dwarika', u'', u'']
check 'COMS101_SEM1_2018' 'COMS101'
processXLS: only for SEM2 [u'COMS101_SEM1_2018', u'COMS101_SEM1_2018', u'COMS101', u'COMS101: COMPUTER SKILLS I 2017', u'NDPPT2', u'', 21.0, u'SEMESTER 1', u'D1', u'', u'A', u'40003345:Dwarika', u'', u'']
[u'', u'', u'', u'', u'', u'', u'', u'', u'', u'', u'', u'', u'', u'']
check '' ''
[u'ICTL101_SEM1_2018', u'template_2018', u'ICTL101', u'INFORMATION & COMM TECH LITERACY AND SKILLS - 2018', u'', u'', 21.0, u'SEMESTER 1', u'D1', u'', u'', u'40008414, 50002263,', u'', u'']
check 'ICTL101_SEM1_2018' 'ICTL101'
processXLS: only for SEM2 [u'ICTL101_SEM1_2018', u'template_2018', u'ICTL101', u'INFORMATION & COMM TECH LITERACY AND SKILLS - 2018', u'', u'', 21.0, u'SEMESTER 1', u'D1', u'', u'', u'40008414, 50002263,', u'', u'']
[u'', u'', u'', u'', u'', u'', u'', u'', u'', u'', u'', u'', u'', u'']
check '' ''
[u'ISYB301_SEM2_2018', u'template_2018', u'ISYB301', u'INFORMATION SYSTEMS 3B', u'DIIAD1', u'DIP IN INFO & COMM TECH IN APP DEV', 22.0, u'SEMESTER 2', u'D1', u'Durban Campus Full-time', u'', u'40009285: Naicker', u'', u'']
check 'ISYB301_SEM2_2018' 'ISYB301'
processXLS: only for SEM2 [u'ISYB301_SEM2_2018', u'template_2018', u'ISYB301', u'INFORMATION SYSTEMS 3B', u'DIIAD1', u'DIP IN INFO & COMM TECH IN APP DEV', 22.0, u'SEMESTER 2', u'D1', u'Durban Campus Full-time', u'', u'40009285: Naicker', u'', u'']
processXLS: finished processing workingSheets/data/BBC3203InformationTechnology2017.xls
getWS: requesting:  http://10.0.100.98:8000/itsenrol/classlist/2018/22/ISYS324 rsp= <Response [200]>
getWS: requesting:  http://10.0.100.98:8000/bbinfo/classlist/ISYS324 rsp= <Response [200]>
getNewStudentsInSubject: ITS 70, BB 3 -> 70 new enrollments
getWS: requesting:  http://10.0.100.98:8000/itsenrol/classlist/2018/22/SWEN401 rsp= <Response [200]>
getWS: requesting:  http://10.0.100.98:8000/bbinfo/classlist/SWEN401 rsp= <Response [200]>
getNewStudentsInSubject: ITS 17, BB 12 -> 17 new enrollments
getWS: requesting:  http://10.0.100.98:8000/itsenrol/classlist/2018/22/DSFW212 rsp= <Response [200]>
getWS: requesting:  http://10.0.100.98:8000/bbinfo/classlist/DSFW212 rsp= <Response [200]>
getNewStudentsInSubject: ITS 0, BB 160 -> 0 new enrollments
getWS: requesting:  http://10.0.100.98:8000/itsenrol/classlist/2018/22/PRJT402 rsp= <Response [200]>
getWS: requesting:  http://10.0.100.98:8000/bbinfo/classlist/PRJT402 rsp= <Response [200]>
getNewStudentsInSubject: ITS 0, BB 5 -> 0 new enrollments
getWS: requesting:  http://10.0.100.98:8000/itsenrol/classlist/2018/22/BSAP201 rsp= <Response [200]>
getWS: requesting:  http://10.0.100.98:8000/bbinfo/classlist/BSAP201 rsp= <Response [200]>
getNewStudentsInSubject: ITS 76, BB 4 -> 76 new enrollments
getWS: requesting:  http://10.0.100.98:8000/itsenrol/classlist/2018/22/BSAB201 rsp= <Response [200]>
getWS: requesting:  http://10.0.100.98:8000/bbinfo/classlist/BSAB201 rsp= <Response [200]>
getNewStudentsInSubject: ITS 87, BB 4 -> 87 new enrollments
getWS: requesting:  http://10.0.100.98:8000/itsenrol/classlist/2018/22/OSYT301 rsp= <Response [200]>
getWS: requesting:  http://10.0.100.98:8000/bbinfo/classlist/OSYT301 rsp= <Response [200]>
getNewStudentsInSubject: ITS 8, BB 56 -> 7 new enrollments
getWS: requesting:  http://10.0.100.98:8000/itsenrol/classlist/2018/22/INSC401 rsp= <Response [200]>
getWS: requesting:  http://10.0.100.98:8000/bbinfo/classlist/INSC401 rsp= <Response [200]>
getNewStudentsInSubject: ITS 92, BB 4 -> 92 new enrollments
getWS: requesting:  http://10.0.100.98:8000/itsenrol/classlist/2018/22/APDB101 rsp= <Response [200]>
getWS: requesting:  http://10.0.100.98:8000/bbinfo/classlist/APDB101 rsp= <Response [200]>
getNewStudentsInSubject: ITS 575, BB 11 -> 575 new enrollments
getWS: requesting:  http://10.0.100.98:8000/itsenrol/classlist/2018/22/PROG123 rsp= <Response [200]>
getWS: requesting:  http://10.0.100.98:8000/bbinfo/classlist/PROG123 rsp= <Response [200]>
getNewStudentsInSubject: ITS 0, BB 3 -> 0 new enrollments
getWS: requesting:  http://10.0.100.98:8000/itsenrol/classlist/2018/22/BISY121 rsp= <Response [200]>
getWS: requesting:  http://10.0.100.98:8000/bbinfo/classlist/BISY121 rsp= <Response [200]>
getNewStudentsInSubject: ITS 233, BB 978 -> 220 new enrollments
getWS: requesting:  http://10.0.100.98:8000/itsenrol/classlist/2018/22/APDP201 rsp= <Response [200]>
getWS: requesting:  http://10.0.100.98:8000/bbinfo/classlist/APDP201 rsp= <Response [200]>
getNewStudentsInSubject: ITS 227, BB 6 -> 227 new enrollments
getWS: requesting:  http://10.0.100.98:8000/itsenrol/classlist/2018/22/FINA101 rsp= <Response [200]>
getWS: requesting:  http://10.0.100.98:8000/bbinfo/classlist/FINA101 rsp= <Response [200]>
getNewStudentsInSubject: ITS 127, BB 6 -> 127 new enrollments
getWS: requesting:  http://10.0.100.98:8000/itsenrol/classlist/2018/22/CNET402 rsp= <Response [200]>
getWS: requesting:  http://10.0.100.98:8000/bbinfo/classlist/CNET402 rsp= <Response [200]>
getNewStudentsInSubject: ITS 7, BB 22 -> 7 new enrollments
getWS: requesting:  http://10.0.100.98:8000/itsenrol/classlist/2018/22/FISY321 rsp= <Response [200]>
getWS: requesting:  http://10.0.100.98:8000/bbinfo/classlist/FISY321 rsp= <Response [200]>
getNewStudentsInSubject: ITS 0, BB 56 -> 0 new enrollments
getWS: requesting:  http://10.0.100.98:8000/itsenrol/classlist/2018/22/ISYB201 rsp= <Response [200]>
getWS: requesting:  http://10.0.100.98:8000/bbinfo/classlist/ISYB201 rsp= <Response [200]>
getNewStudentsInSubject: ITS 292, BB 5 -> 292 new enrollments
getWS: requesting:  http://10.0.100.98:8000/itsenrol/classlist/2018/22/DAPR302 rsp= <Response [200]>
getWS: requesting:  http://10.0.100.98:8000/bbinfo/classlist/DAPR302 rsp= <Response [200]>
getNewStudentsInSubject: ITS 19, BB 47 -> 19 new enrollments
getWS: requesting:  http://10.0.100.98:8000/itsenrol/classlist/2018/22/USRI401 rsp= <Response [200]>
getWS: requesting:  http://10.0.100.98:8000/bbinfo/classlist/USRI401 rsp= <Response [200]>
getNewStudentsInSubject: ITS 134, BB 4 -> 134 new enrollments
getWS: requesting:  http://10.0.100.98:8000/itsenrol/classlist/2018/22/CMPP101 rsp= <Response [200]>
getWS: requesting:  http://10.0.100.98:8000/bbinfo/classlist/CMPP101 rsp= <Response [200]>
getNewStudentsInSubject: ITS 0, BB 132 -> 0 new enrollments
getWS: requesting:  http://10.0.100.98:8000/itsenrol/classlist/2018/22/PRGM301 rsp= <Response [200]>
getWS: requesting:  http://10.0.100.98:8000/bbinfo/classlist/PRGM301 rsp= <Response [200]>
getNewStudentsInSubject: ITS 6, BB 52 -> 6 new enrollments
getWS: requesting:  http://10.0.100.98:8000/itsenrol/classlist/2018/22/ISYS223 rsp= <Response [200]>
getWS: requesting:  http://10.0.100.98:8000/bbinfo/classlist/ISYS223 rsp= <Response [200]>
getNewStudentsInSubject: ITS 6, BB 5 -> 6 new enrollments
getWS: requesting:  http://10.0.100.98:8000/itsenrol/classlist/2018/22/NETW404 rsp= <Response [200]>
getWS: requesting:  http://10.0.100.98:8000/bbinfo/classlist/NETW404 rsp= <Response [200]>
getNewStudentsInSubject: ITS 96, BB 3 -> 96 new enrollments
getWS: requesting:  http://10.0.100.98:8000/itsenrol/classlist/2018/22/OSYS101 rsp= <Response [200]>
getWS: requesting:  http://10.0.100.98:8000/bbinfo/classlist/OSYS101 rsp= <Response [200]>
getNewStudentsInSubject: ITS 463, BB 10 -> 463 new enrollments
getWS: requesting:  http://10.0.100.98:8000/itsenrol/classlist/2018/22/INSS101 rsp= <Response [200]>
getWS: requesting:  http://10.0.100.98:8000/bbinfo/classlist/INSS101 rsp= <Response [200]>
getNewStudentsInSubject: ITS 67, BB 889 -> 63 new enrollments
getWS: requesting:  http://10.0.100.98:8000/itsenrol/classlist/2018/22/CNTW101 rsp= <Response [200]>
getWS: requesting:  http://10.0.100.98:8000/bbinfo/classlist/CNTW101 rsp= <Response [200]>
getNewStudentsInSubject: ITS 371, BB 549 -> 331 new enrollments
getWS: requesting:  http://10.0.100.98:8000/itsenrol/classlist/2018/22/BSIS101 rsp= <Response [200]>
getWS: requesting:  http://10.0.100.98:8000/bbinfo/classlist/BSIS101 rsp= <Response [200]>
getNewStudentsInSubject: ITS 137, BB 4 -> 137 new enrollments
getWS: requesting:  http://10.0.100.98:8000/itsenrol/classlist/2018/22/SEGI302 rsp= <Response [200]>
getWS: requesting:  http://10.0.100.98:8000/bbinfo/classlist/SEGI302 rsp= <Response [200]>
getNewStudentsInSubject: ITS 21, BB 43 -> 21 new enrollments
getWS: requesting:  http://10.0.100.98:8000/itsenrol/classlist/2018/22/MCPB201 rsp= <Response [200]>
getWS: requesting:  http://10.0.100.98:8000/bbinfo/classlist/MCPB201 rsp= <Response [200]>
getNewStudentsInSubject: ITS 294, BB 6 -> 294 new enrollments
getWS: requesting:  http://10.0.100.98:8000/itsenrol/classlist/2018/22/TPRG221 rsp= <Response [200]>
getWS: requesting:  http://10.0.100.98:8000/bbinfo/classlist/TPRG221 rsp= <Response [200]>
getNewStudentsInSubject: ITS 30, BB 3 -> 30 new enrollments
getWS: requesting:  http://10.0.100.98:8000/itsenrol/classlist/2018/22/PRGM201 rsp= <Response [200]>
getWS: requesting:  http://10.0.100.98:8000/bbinfo/classlist/PRGM201 rsp= <Response [200]>
getNewStudentsInSubject: ITS 2, BB 17 -> 0 new enrollments
getWS: requesting:  http://10.0.100.98:8000/itsenrol/classlist/2018/22/ADSW401 rsp= <Response [200]>
getWS: requesting:  http://10.0.100.98:8000/bbinfo/classlist/ADSW401 rsp= <Response [200]>
getNewStudentsInSubject: ITS 107, BB 4 -> 107 new enrollments
getWS: requesting:  http://10.0.100.98:8000/itsenrol/classlist/2018/22/RMIT121 rsp= <Response [200]>
getWS: requesting:  http://10.0.100.98:8000/bbinfo/classlist/RMIT121 rsp= <Response [200]>
getNewStudentsInSubject: ITS 10, BB 5 -> 10 new enrollments
getWS: requesting:  http://10.0.100.98:8000/itsenrol/classlist/2018/22/APDP101 rsp= <Response [200]>
getWS: requesting:  http://10.0.100.98:8000/bbinfo/classlist/APDP101 rsp= <Response [200]>
getNewStudentsInSubject: ITS 388, BB 10 -> 388 new enrollments
getWS: requesting:  http://10.0.100.98:8000/itsenrol/classlist/2018/22/DSFW222 rsp= <Response [200]>
getWS: requesting:  http://10.0.100.98:8000/bbinfo/classlist/DSFW222 rsp= <Response [200]>
getNewStudentsInSubject: ITS 16, BB 5 -> 16 new enrollments
getWS: requesting:  http://10.0.100.98:8000/itsenrol/classlist/2018/22/FISY311 rsp= <Response [200]>
getWS: requesting:  http://10.0.100.98:8000/bbinfo/classlist/FISY311 rsp= <Response [200]>
getNewStudentsInSubject: ITS 1, BB 4 -> 1 new enrollments
getWS: requesting:  http://10.0.100.98:8000/itsenrol/classlist/2018/22/BSAN322 rsp= <Response [200]>
getWS: requesting:  http://10.0.100.98:8000/bbinfo/classlist/BSAN322 rsp= <Response [200]>
getNewStudentsInSubject: ITS 4, BB 4 -> 4 new enrollments
getWS: requesting:  http://10.0.100.98:8000/itsenrol/classlist/2018/22/SKDB101 rsp= <Response [200]>
getWS: requesting:  http://10.0.100.98:8000/bbinfo/classlist/SKDB101 rsp= <Response [200]>
getNewStudentsInSubject: ITS 62, BB 3 -> 62 new enrollments
getWS: requesting:  http://10.0.100.98:8000/itsenrol/classlist/2018/22/SKDB201 rsp= <Response [200]>
getWS: requesting:  http://10.0.100.98:8000/bbinfo/classlist/SKDB201 rsp= <Response [200]>
getNewStudentsInSubject: ITS 41, BB 3 -> 41 new enrollments
getWS: requesting:  http://10.0.100.98:8000/itsenrol/classlist/2018/22/ISYS314 rsp= <Response [200]>
getWS: requesting:  http://10.0.100.98:8000/bbinfo/classlist/ISYS314 rsp= <Response [200]>
getNewStudentsInSubject: ITS 0, BB 628 -> 0 new enrollments
getWS: requesting:  http://10.0.100.98:8000/itsenrol/classlist/2018/22/BISY111 rsp= <Response [200]>
getWS: requesting:  http://10.0.100.98:8000/bbinfo/classlist/BISY111 rsp= <Response [200]>
getNewStudentsInSubject: ITS 322, BB 1081 -> 312 new enrollments
getWS: requesting:  http://10.0.100.98:8000/itsenrol/classlist/2018/22/BISY221 rsp= <Response [200]>
getWS: requesting:  http://10.0.100.98:8000/bbinfo/classlist/BISY221 rsp= <Response [200]>
getNewStudentsInSubject: ITS 327, BB 6 -> 327 new enrollments
getWS: requesting:  http://10.0.100.98:8000/itsenrol/classlist/2018/22/SWED401 rsp= <Response [200]>
getWS: requesting:  http://10.0.100.98:8000/bbinfo/classlist/SWED401 rsp= <Response [200]>
getNewStudentsInSubject: ITS 142, BB 3 -> 142 new enrollments
getWS: requesting:  http://10.0.100.98:8000/itsenrol/classlist/2018/22/ISYD101 rsp= <Response [200]>
getWS: requesting:  http://10.0.100.98:8000/bbinfo/classlist/ISYD101 rsp= <Response [200]>
getNewStudentsInSubject: ITS 0, BB 3 -> 0 new enrollments
getWS: requesting:  http://10.0.100.98:8000/itsenrol/classlist/2018/22/ILGB101 rsp= <Response [200]>
getWS: requesting:  http://10.0.100.98:8000/bbinfo/classlist/ILGB101 rsp= <Response [200]>
getNewStudentsInSubject: ITS 64, BB 3 -> 64 new enrollments
getWS: requesting:  http://10.0.100.98:8000/itsenrol/classlist/2018/22/ILGB201 rsp= <Response [200]>
getWS: requesting:  http://10.0.100.98:8000/bbinfo/classlist/ILGB201 rsp= <Response [200]>
getNewStudentsInSubject: ITS 41, BB 3 -> 41 new enrollments
getWS: requesting:  http://10.0.100.98:8000/itsenrol/classlist/2018/22/EUCM121 rsp= <Response [200]>
getWS: requesting:  http://10.0.100.98:8000/bbinfo/classlist/EUCM121 rsp= <Response [200]>
getNewStudentsInSubject: ITS 129, BB 398 -> 115 new enrollments
getWS: requesting:  http://10.0.100.98:8000/itsenrol/classlist/2018/22/SYSA201 rsp= <Response [200]>
getWS: requesting:  http://10.0.100.98:8000/bbinfo/classlist/SYSA201 rsp= <Response [200]>
getNewStudentsInSubject: ITS 8, BB 60 -> 8 new enrollments
getWS: requesting:  http://10.0.100.98:8000/itsenrol/classlist/2018/22/APDA101 rsp= <Response [200]>
WARN: subject APDA101 has no students, no Bb classrooms
getWS: requesting:  http://10.0.100.98:8000/itsenrol/classlist/2018/22/MINF301 rsp= <Response [200]>
getWS: requesting:  http://10.0.100.98:8000/bbinfo/classlist/MINF301 rsp= <Response [200]>
getNewStudentsInSubject: ITS 112, BB 6 -> 112 new enrollments
getWS: requesting:  http://10.0.100.98:8000/itsenrol/classlist/2018/22/CPSK101 rsp= <Response [200]>
getWS: requesting:  http://10.0.100.98:8000/bbinfo/classlist/CPSK101 rsp= <Response [200]>
getNewStudentsInSubject: ITS 0, BB 99 -> 0 new enrollments
getWS: requesting:  http://10.0.100.98:8000/itsenrol/classlist/2018/22/CMEP101 rsp= <Response [200]>
getWS: requesting:  http://10.0.100.98:8000/bbinfo/classlist/CMEP101 rsp= <Response [200]>
getNewStudentsInSubject: ITS 304, BB 3 -> 304 new enrollments
getWS: requesting:  http://10.0.100.98:8000/itsenrol/classlist/2018/22/INMB201 rsp= <Response [200]>
getWS: requesting:  http://10.0.100.98:8000/bbinfo/classlist/INMB201 rsp= <Response [200]>
getNewStudentsInSubject: ITS 449, BB 5 -> 449 new enrollments
getWS: requesting:  http://10.0.100.98:8000/itsenrol/classlist/2018/22/BSAP101 rsp= <Response [200]>
getWS: requesting:  http://10.0.100.98:8000/bbinfo/classlist/BSAP101 rsp= <Response [200]>
getNewStudentsInSubject: ITS 112, BB 5 -> 112 new enrollments
getWS: requesting:  http://10.0.100.98:8000/itsenrol/classlist/2018/22/APDB201 rsp= <Response [200]>
getWS: requesting:  http://10.0.100.98:8000/bbinfo/classlist/APDB201 rsp= <Response [200]>
getNewStudentsInSubject: ITS 334, BB 6 -> 334 new enrollments
main: Writing students...
main: Writing enrollments...
main: Finished processing workingSheets/data/BBC3203InformationTechnology2017.xls
main: 54 subjects processed
main: 112 subject -> classroom maps
main: 2397 students
main: 6346 student enrollments 1 errors
ERROR: subject APDA101 has no students, no Bb classrooms
1.14user 0.20system 0:16.57elapsed 8%CPU (0avgtext+0avgdata 79360maxresident)k
0inputs+1296outputs (0major+9085minor)pagefaults 0swaps
POSTING SNAPSHOTS to SIS endpoint
TEST RUN, NOT POSTING BBSTUDENTS
TEST RUN, NOT POSTIN BBENROL
copy snapshot files to saved output
=== department done ===
syncing logs...
Pushing logs from logs/20180723111852 to remote...
sending incremental file list
./
BBC3203InformationTechnology2017.BBENROL.txt
BBC3203InformationTechnology2017.BBSTUDENTS.txt
BBC3203InformationTechnology2017.Enrolomat.txt
BBC3203InformationTechnology2017.Postlog.txt

sent 884740 bytes  received 91 bytes  53626.12 bytes/sec
total size is 1826502  speedup is 2.06
logging to logs/20180723111852
=== generate newenrollments for BBC3204FinancialAccounting2017. ===
GENERATE SNAPSHOTS...
./BBCIncrementalEnrollerX2.py : generating enrolment files for subjects in  workingSheets/data/BBC3204FinancialAccounting2017.xls
processXLS: start spreadsheet workingSheets/data/BBC3204FinancialAccounting2017.xls
[u'2018 Blackboard Classrooms for Department: 3205 - MANAGEMENT ACCOUNTING', u'', u'', u'', u'', u'', u'', u'', u'', u'', u'', u'', u'']
check '2018 Blackboard Classrooms for Department: 3205 - MANAGEMENT ACCOUNTING' ''
[u'', u'', u'', u'', u'', u'', u'', u'', u'', u'', u'', u'', u'']
check '' ''
[u'BB Classroom', u'Migrate Classroom', u'ITS Subject', u'', u'ITS Qualification', u'', u'Block', u'', u'Off Type', u'', u'Grp', u'Lecturer(s)', u'2016 Enrol']
check 'BB Classroom' 'ITS Subject'
[u'APRP101_YEAR_2018', u'APRP101_YEAR_2017', u'APRP101', u'ACCOUNTING PROFESSIONAL PRACTICE', u'NDACF1', u'ND: ACCOUNTING (4 YEARS)', u'11', u'YEAR', u'D1', u'Durban Campus Full-time', u'A', u'40011181:SINGH;40000799:MARIMUTHU', 2.0]
check 'APRP101_YEAR_2018' 'APRP101'
processXLS: only for SEM2 [u'APRP101_YEAR_2018', u'APRP101_YEAR_2017', u'APRP101', u'ACCOUNTING PROFESSIONAL PRACTICE', u'NDACF1', u'ND: ACCOUNTING (4 YEARS)', u'11', u'YEAR', u'D1', u'Durban Campus Full-time', u'A', u'40011181:SINGH;40000799:MARIMUTHU', 2.0]
[u'APRP101_YEAR_2018', u'APRP101_YEAR_2017', u'APRP101', u'ACCOUNTING PROFESSIONAL PRACTICE', u'NDCAF2', u'ND: COST & MANAGEMENT ACCT (4 YEARS)', u'11', u'YEAR', u'D1', u'Durban Campus Full-time', u'A', u'40011181:SINGH;40000799:MARIMUTHU', 2.0]
check 'APRP101_YEAR_2018' 'APRP101'
processXLS: only for SEM2 [u'APRP101_YEAR_2018', u'APRP101_YEAR_2017', u'APRP101', u'ACCOUNTING PROFESSIONAL PRACTICE', u'NDCAF2', u'ND: COST & MANAGEMENT ACCT (4 YEARS)', u'11', u'YEAR', u'D1', u'Durban Campus Full-time', u'A', u'40011181:SINGH;40000799:MARIMUTHU', 2.0]
[u'', u'', u'', u'', u'', u'', u'', u'', u'', u'', u'', u'', u'']
check '' ''
[u'CTAC101_SEM1_2018', u'CTAC101_SEM1_2017', u'CTAC101', u'COST ACCOUNTING I', u'NDCAF1', u'ND: COST & MANAGEMENT ACCT (4 YEARS)', u'21', u'SEMESTER 1', u'D1', u'Durban Campus Full-time', u'A', u'40009437:ABDUL LATIFF;40009771:MSOMI;40008976:ZUNCKEL', 3.0]
check 'CTAC101_SEM1_2018' 'CTAC101'
processXLS: only for SEM2 [u'CTAC101_SEM1_2018', u'CTAC101_SEM1_2017', u'CTAC101', u'COST ACCOUNTING I', u'NDCAF1', u'ND: COST & MANAGEMENT ACCT (4 YEARS)', u'21', u'SEMESTER 1', u'D1', u'Durban Campus Full-time', u'A', u'40009437:ABDUL LATIFF;40009771:MSOMI;40008976:ZUNCKEL', 3.0]
[u'CTAC101_SEM1_2018', u'CTAC101_SEM1_2017', u'CTAC101', u'COST ACCOUNTING I', u'NDCAF2', u'ND: COST & MANAGEMENT ACCT (4 YEARS)', u'21', u'SEMESTER 1', u'D1', u'Durban Campus Full-time', u'A', u'40009437:ABDUL LATIFF;40009771:MSOMI;40008976:ZUNCKEL', 3.0]
check 'CTAC101_SEM1_2018' 'CTAC101'
processXLS: only for SEM2 [u'CTAC101_SEM1_2018', u'CTAC101_SEM1_2017', u'CTAC101', u'COST ACCOUNTING I', u'NDCAF2', u'ND: COST & MANAGEMENT ACCT (4 YEARS)', u'21', u'SEMESTER 1', u'D1', u'Durban Campus Full-time', u'A', u'40009437:ABDUL LATIFF;40009771:MSOMI;40008976:ZUNCKEL', 3.0]
[u'CTAC101_SEM1_2018', u'CTAC101_SEM1_2017', u'CTAC101', u'COST ACCOUNTING I', u'NDCMA3', u'ND: COST AND MANAGEMENT ACCOUNTING', u'21', u'SEMESTER 1', u'D1', u'Durban Campus Full-time', u'A', u'40009437:ABDUL LATIFF;40009771:MSOMI;40008976:ZUNCKEL', 3.0]
check 'CTAC101_SEM1_2018' 'CTAC101'
processXLS: only for SEM2 [u'CTAC101_SEM1_2018', u'CTAC101_SEM1_2017', u'CTAC101', u'COST ACCOUNTING I', u'NDCMA3', u'ND: COST AND MANAGEMENT ACCOUNTING', u'21', u'SEMESTER 1', u'D1', u'Durban Campus Full-time', u'A', u'40009437:ABDUL LATIFF;40009771:MSOMI;40008976:ZUNCKEL', 3.0]
[u'CTAC101_SEM1_2018', u'CTAC101_SEM1_2017', u'CTAC101', u'COST ACCOUNTING I', u'NDIAF1', u'ND: INTERNAL AUDITING (4 YEARS)', u'21', u'SEMESTER 1', u'D1', u'Durban Campus Full-time', u'A', u'40009437:ABDUL LATIFF;40009771:MSOMI;40008976:ZUNCKEL', 3.0]
check 'CTAC101_SEM1_2018' 'CTAC101'
processXLS: only for SEM2 [u'CTAC101_SEM1_2018', u'CTAC101_SEM1_2017', u'CTAC101', u'COST ACCOUNTING I', u'NDIAF1', u'ND: INTERNAL AUDITING (4 YEARS)', u'21', u'SEMESTER 1', u'D1', u'Durban Campus Full-time', u'A', u'40009437:ABDUL LATIFF;40009771:MSOMI;40008976:ZUNCKEL', 3.0]
[u'CTAC101_SEM1_2018', u'CTAC101_SEM1_2017', u'CTAC101', u'COST ACCOUNTING I', u'NDIAU3', u'ND: INTERNAL AUDITING', u'21', u'SEMESTER 1', u'D1', u'Durban Campus Full-time', u'A', u'40009437:ABDUL LATIFF;40009771:MSOMI;40008976:ZUNCKEL', 3.0]
check 'CTAC101_SEM1_2018' 'CTAC101'
processXLS: only for SEM2 [u'CTAC101_SEM1_2018', u'CTAC101_SEM1_2017', u'CTAC101', u'COST ACCOUNTING I', u'NDIAU3', u'ND: INTERNAL AUDITING', u'21', u'SEMESTER 1', u'D1', u'Durban Campus Full-time', u'A', u'40009437:ABDUL LATIFF;40009771:MSOMI;40008976:ZUNCKEL', 3.0]
[u'', u'', u'', u'', u'', u'', u'', u'', u'', u'', u'', u'', u'']
check '' ''
[u'CTAC101_SEM2_2018', u'CTAC101_SEM2_2017', u'CTAC101', u'COST ACCOUNTING I', u'NDACC3', u'ND: ACCOUNTING', u'22', u'SEMESTER 2', u'D1', u'Durban Campus Full-time', u'A', u'40008976:ZUNCKEL', 1.0]
check 'CTAC101_SEM2_2018' 'CTAC101'
adding  CTAC101
requesting:  http://10.0.100.98:8000/bbinfo/matching_courses/CTAC101%25
r= <Response [200]>
matching classes= set([u'CTAC101_15_CLOM', u'CTAC101_13_CLOM', u'CTAC101_SEM1_2018', u'CTAC101_2013', u'CTAC101_ALL_2016', u'CTAC101_SEM2_2018', u'CTAC101_12_A', u'CTAC101_SEM1_2017', u'CTAC101_SEM2_2017', u'CTAC101_14_CLOM'])
[u'CTAC101_SEM2_2018', u'CTAC101_SEM2_2017', u'CTAC101', u'COST ACCOUNTING I', u'NDACC3', u'ND: ACCOUNTING', u'22', u'SEMESTER 2', u'D3', u'Durban Campus Part-time', u'A', u'40008976:ZUNCKEL', 1.0]
check 'CTAC101_SEM2_2018' 'CTAC101'
adding  CTAC101
requesting:  http://10.0.100.98:8000/bbinfo/matching_courses/CTAC101%25
r= <Response [200]>
matching classes= set([u'CTAC101_15_CLOM', u'CTAC101_13_CLOM', u'CTAC101_SEM1_2018', u'CTAC101_2013', u'CTAC101_ALL_2016', u'CTAC101_SEM2_2018', u'CTAC101_12_A', u'CTAC101_SEM1_2017', u'CTAC101_SEM2_2017', u'CTAC101_14_CLOM'])
[u'CTAC101_SEM2_2018', u'CTAC101_SEM2_2017', u'CTAC101', u'COST ACCOUNTING I', u'NDACF1', u'ND: ACCOUNTING (4 YEARS)', u'22', u'SEMESTER 2', u'D1', u'Durban Campus Full-time', u'A', u'40008976:ZUNCKEL', 1.0]
check 'CTAC101_SEM2_2018' 'CTAC101'
adding  CTAC101
requesting:  http://10.0.100.98:8000/bbinfo/matching_courses/CTAC101%25
r= <Response [200]>
matching classes= set([u'CTAC101_15_CLOM', u'CTAC101_13_CLOM', u'CTAC101_SEM1_2018', u'CTAC101_2013', u'CTAC101_ALL_2016', u'CTAC101_SEM2_2018', u'CTAC101_12_A', u'CTAC101_SEM1_2017', u'CTAC101_SEM2_2017', u'CTAC101_14_CLOM'])
[u'CTAC101_SEM2_2018', u'CTAC101_SEM2_2017', u'CTAC101', u'COST ACCOUNTING I', u'NDTAX3', u'ND: TAXATION', u'22', u'SEMESTER 2', u'D1', u'Durban Campus Full-time', u'A', u'40008976:ZUNCKEL', 1.0]
check 'CTAC101_SEM2_2018' 'CTAC101'
adding  CTAC101
requesting:  http://10.0.100.98:8000/bbinfo/matching_courses/CTAC101%25
r= <Response [200]>
matching classes= set([u'CTAC101_15_CLOM', u'CTAC101_13_CLOM', u'CTAC101_SEM1_2018', u'CTAC101_2013', u'CTAC101_ALL_2016', u'CTAC101_SEM2_2018', u'CTAC101_12_A', u'CTAC101_SEM1_2017', u'CTAC101_SEM2_2017', u'CTAC101_14_CLOM'])
[u'CTAC101_SEM2_2018', u'CTAC101_SEM2_2017', u'CTAC101', u'COST ACCOUNTING I', u'NDTXF1', u'ND: TAXATION (4YEARS)', u'22', u'SEMESTER 2', u'D1', u'Durban Campus Full-time', u'A', u'40008976:ZUNCKEL', 1.0]
check 'CTAC101_SEM2_2018' 'CTAC101'
adding  CTAC101
requesting:  http://10.0.100.98:8000/bbinfo/matching_courses/CTAC101%25
r= <Response [200]>
matching classes= set([u'CTAC101_15_CLOM', u'CTAC101_13_CLOM', u'CTAC101_SEM1_2018', u'CTAC101_2013', u'CTAC101_ALL_2016', u'CTAC101_SEM2_2018', u'CTAC101_12_A', u'CTAC101_SEM1_2017', u'CTAC101_SEM2_2017', u'CTAC101_14_CLOM'])
[u'', u'', u'', u'', u'', u'', u'', u'', u'', u'', u'', u'', u'']
check '' ''
[u'MAFN101_YEAR_2018', u'MAFN101_YEAR_2017', u'MAFN101', u'MANAGEMENT ACCOUNTING AND FINANCE I', u'BTRBM1', u'BT: RETAIL BUSINESS MANAGEMENT', u'11', u'YEAR', u'D1', u'Durban Campus Full-time', u'A', u'40000799:MARIMUTHU', 1.0]
check 'MAFN101_YEAR_2018' 'MAFN101'
processXLS: only for SEM2 [u'MAFN101_YEAR_2018', u'MAFN101_YEAR_2017', u'MAFN101', u'MANAGEMENT ACCOUNTING AND FINANCE I', u'BTRBM1', u'BT: RETAIL BUSINESS MANAGEMENT', u'11', u'YEAR', u'D1', u'Durban Campus Full-time', u'A', u'40000799:MARIMUTHU', 1.0]
[u'MAFN101_YEAR_2018', u'MAFN101_YEAR_2017', u'MAFN101', u'MANAGEMENT ACCOUNTING AND FINANCE I', u'BTRBM1', u'BT: RETAIL BUSINESS MANAGEMENT', u'11', u'YEAR', u'D3', u'Durban Campus Part-time', u'A', u'40000799:MARIMUTHU', 1.0]
check 'MAFN101_YEAR_2018' 'MAFN101'
processXLS: only for SEM2 [u'MAFN101_YEAR_2018', u'MAFN101_YEAR_2017', u'MAFN101', u'MANAGEMENT ACCOUNTING AND FINANCE I', u'BTRBM1', u'BT: RETAIL BUSINESS MANAGEMENT', u'11', u'YEAR', u'D3', u'Durban Campus Part-time', u'A', u'40000799:MARIMUTHU', 1.0]
[u'', u'', u'', u'', u'', u'', u'', u'', u'', u'', u'', u'', u'']
check '' ''
[u'QTLT101_SEM1_2018', u'QTLT101_SEM1_2017', u'QTLT101', u'QUANTITATIVE LITERACY', u'NDACF1', u'ND: ACCOUNTING (4 YEARS)', u'21', u'SEMESTER 1', u'D1', u'Durban Campus Full-time', u'A', u'40011181:SINGH;40000799:MARIMUTHU', 2.0]
check 'QTLT101_SEM1_2018' 'QTLT101'
processXLS: only for SEM2 [u'QTLT101_SEM1_2018', u'QTLT101_SEM1_2017', u'QTLT101', u'QUANTITATIVE LITERACY', u'NDACF1', u'ND: ACCOUNTING (4 YEARS)', u'21', u'SEMESTER 1', u'D1', u'Durban Campus Full-time', u'A', u'40011181:SINGH;40000799:MARIMUTHU', 2.0]
[u'QTLT101_SEM1_2018', u'QTLT101_SEM1_2017', u'QTLT101', u'QUANTITATIVE LITERACY', u'NDCAF2', u'ND: COST & MANAGEMENT ACCT (4 YEARS)', u'21', u'SEMESTER 1', u'D1', u'Durban Campus Full-time', u'A', u'40011181:SINGH;40000799:MARIMUTHU', 2.0]
check 'QTLT101_SEM1_2018' 'QTLT101'
processXLS: only for SEM2 [u'QTLT101_SEM1_2018', u'QTLT101_SEM1_2017', u'QTLT101', u'QUANTITATIVE LITERACY', u'NDCAF2', u'ND: COST & MANAGEMENT ACCT (4 YEARS)', u'21', u'SEMESTER 1', u'D1', u'Durban Campus Full-time', u'A', u'40011181:SINGH;40000799:MARIMUTHU', 2.0]
[u'QTLT101_SEM1_2018', u'QTLT101_SEM1_2017', u'QTLT101', u'QUANTITATIVE LITERACY', u'NDIAF1', u'ND: INTERNAL AUDITING (4 YEARS)', u'21', u'SEMESTER 1', u'D1', u'Durban Campus Full-time', u'A', u'40011181:SINGH;40000799:MARIMUTHU', 2.0]
check 'QTLT101_SEM1_2018' 'QTLT101'
processXLS: only for SEM2 [u'QTLT101_SEM1_2018', u'QTLT101_SEM1_2017', u'QTLT101', u'QUANTITATIVE LITERACY', u'NDIAF1', u'ND: INTERNAL AUDITING (4 YEARS)', u'21', u'SEMESTER 1', u'D1', u'Durban Campus Full-time', u'A', u'40011181:SINGH;40000799:MARIMUTHU', 2.0]
[u'QTLT101_SEM1_2018', u'QTLT101_SEM1_2017', u'QTLT101', u'QUANTITATIVE LITERACY', u'NDTXF1', u'ND: TAXATION (4YEARS)', u'21', u'SEMESTER 1', u'D1', u'Durban Campus Full-time', u'A', u'40011181:SINGH;40000799:MARIMUTHU', 2.0]
check 'QTLT101_SEM1_2018' 'QTLT101'
processXLS: only for SEM2 [u'QTLT101_SEM1_2018', u'QTLT101_SEM1_2017', u'QTLT101', u'QUANTITATIVE LITERACY', u'NDTXF1', u'ND: TAXATION (4YEARS)', u'21', u'SEMESTER 1', u'D1', u'Durban Campus Full-time', u'A', u'40011181:SINGH;40000799:MARIMUTHU', 2.0]
[u'', u'', u'', u'', u'', u'', u'', u'', u'', u'', u'', u'', u'']
check '' ''
[u'RSMT101_YEAR_2018', u'RSMT101_YEAR_2017', u'RSMT101', u'RESEARCH METHODOLOGY', u'BTCMA2', u'BT: COST AND MANAGEMENT ACCOUNTING', u'11', u'YEAR', u'D1', u'Durban Campus Full-time', u'A', u'40000148:NAIDOO;40000799:MARIMUTHU', 2.0]
check 'RSMT101_YEAR_2018' 'RSMT101'
processXLS: only for SEM2 [u'RSMT101_YEAR_2018', u'RSMT101_YEAR_2017', u'RSMT101', u'RESEARCH METHODOLOGY', u'BTCMA2', u'BT: COST AND MANAGEMENT ACCOUNTING', u'11', u'YEAR', u'D1', u'Durban Campus Full-time', u'A', u'40000148:NAIDOO;40000799:MARIMUTHU', 2.0]
[u'RSMT101_YEAR_2018', u'RSMT101_YEAR_2017', u'RSMT101', u'RESEARCH METHODOLOGY', u'BTCMA2', u'BT: COST AND MANAGEMENT ACCOUNTING', u'11', u'YEAR', u'D3', u'Durban Campus Part-time', u'A', u'40000148:NAIDOO;40000799:MARIMUTHU', 2.0]
check 'RSMT101_YEAR_2018' 'RSMT101'
processXLS: only for SEM2 [u'RSMT101_YEAR_2018', u'RSMT101_YEAR_2017', u'RSMT101', u'RESEARCH METHODOLOGY', u'BTCMA2', u'BT: COST AND MANAGEMENT ACCOUNTING', u'11', u'YEAR', u'D3', u'Durban Campus Part-time', u'A', u'40000148:NAIDOO;40000799:MARIMUTHU', 2.0]
[u'', u'', u'', u'', u'', u'', u'', u'', u'', u'', u'', u'', u'']
check '' ''
[u'BSTY201_SEM2_2018', u'BSTY201_SEM2_2017', u'BSTY201', u'BUSINESS STRATEGY II', u'BTCMA2', u'BT: COST AND MANAGEMENT ACCOUNTING', u'22', u'SEMESTER 2', u'D1', u'Durban Campus Full-time', u'A', u'40004073:NUNDEN;40000799:MARIMUTHU', 2.0]
check 'BSTY201_SEM2_2018' 'BSTY201'
adding  BSTY201
requesting:  http://10.0.100.98:8000/bbinfo/matching_courses/BSTY201%25
r= <Response [200]>
matching classes= set([u'BSTY201_2013', u'BSTY201_SEM2_2017', u'BSTY201_SEM2_2016', u'BSTY201_13_NUNN', u'BSTY201_13_KHUN', u'BSTY201_14_NUNN', u'BSTY201_SEM2_2018'])
[u'BSTY201_SEM2_2018', u'BSTY201_SEM2_2017', u'BSTY201', u'BUSINESS STRATEGY II', u'BTCMA2', u'BT: COST AND MANAGEMENT ACCOUNTING', u'22', u'SEMESTER 2', u'D3', u'Durban Campus Part-time', u'A', u'40004073:NUNDEN;40000799:MARIMUTHU', 2.0]
check 'BSTY201_SEM2_2018' 'BSTY201'
adding  BSTY201
requesting:  http://10.0.100.98:8000/bbinfo/matching_courses/BSTY201%25
r= <Response [200]>
matching classes= set([u'BSTY201_2013', u'BSTY201_SEM2_2017', u'BSTY201_SEM2_2016', u'BSTY201_13_NUNN', u'BSTY201_13_KHUN', u'BSTY201_14_NUNN', u'BSTY201_SEM2_2018'])
[u'', u'', u'', u'', u'', u'', u'', u'', u'', u'', u'', u'', u'']
check '' ''
[u'CTAC211_SEM1_2018', u'CTAC211_SEM1_2017', u'CTAC211', u'COST ACCOUNTING II (MODULE 1)', u'NDACC3', u'ND: ACCOUNTING', u'21', u'SEMESTER 1', u'D1', u'Durban Campus Full-time', u'A', u'40000799:MARIMUTHU;40010223:NZUZA;40004073:NUNDEN;40009160:MUNGAL;40009437:ABDUL LATIFF;40009771:MSOMI', 6.0]
check 'CTAC211_SEM1_2018' 'CTAC211'
processXLS: only for SEM2 [u'CTAC211_SEM1_2018', u'CTAC211_SEM1_2017', u'CTAC211', u'COST ACCOUNTING II (MODULE 1)', u'NDACC3', u'ND: ACCOUNTING', u'21', u'SEMESTER 1', u'D1', u'Durban Campus Full-time', u'A', u'40000799:MARIMUTHU;40010223:NZUZA;40004073:NUNDEN;40009160:MUNGAL;40009437:ABDUL LATIFF;40009771:MSOMI', 6.0]
[u'CTAC211_SEM1_2018', u'CTAC211_SEM1_2017', u'CTAC211', u'COST ACCOUNTING II (MODULE 1)', u'NDACC3', u'ND: ACCOUNTING', u'21', u'SEMESTER 1', u'D3', u'Durban Campus Part-time', u'A', u'40000799:MARIMUTHU;40010223:NZUZA;40004073:NUNDEN;40009160:MUNGAL;40009437:ABDUL LATIFF;40009771:MSOMI', 6.0]
check 'CTAC211_SEM1_2018' 'CTAC211'
processXLS: only for SEM2 [u'CTAC211_SEM1_2018', u'CTAC211_SEM1_2017', u'CTAC211', u'COST ACCOUNTING II (MODULE 1)', u'NDACC3', u'ND: ACCOUNTING', u'21', u'SEMESTER 1', u'D3', u'Durban Campus Part-time', u'A', u'40000799:MARIMUTHU;40010223:NZUZA;40004073:NUNDEN;40009160:MUNGAL;40009437:ABDUL LATIFF;40009771:MSOMI', 6.0]
[u'CTAC211_SEM1_2018', u'CTAC211_SEM1_2017', u'CTAC211', u'COST ACCOUNTING II (MODULE 1)', u'NDACF1', u'ND: ACCOUNTING (4 YEARS)', u'21', u'SEMESTER 1', u'D1', u'Durban Campus Full-time', u'A', u'40000799:MARIMUTHU;40010223:NZUZA;40004073:NUNDEN;40009160:MUNGAL;40009437:ABDUL LATIFF;40009771:MSOMI', 6.0]
check 'CTAC211_SEM1_2018' 'CTAC211'
processXLS: only for SEM2 [u'CTAC211_SEM1_2018', u'CTAC211_SEM1_2017', u'CTAC211', u'COST ACCOUNTING II (MODULE 1)', u'NDACF1', u'ND: ACCOUNTING (4 YEARS)', u'21', u'SEMESTER 1', u'D1', u'Durban Campus Full-time', u'A', u'40000799:MARIMUTHU;40010223:NZUZA;40004073:NUNDEN;40009160:MUNGAL;40009437:ABDUL LATIFF;40009771:MSOMI', 6.0]
[u'CTAC211_SEM1_2018', u'CTAC211_SEM1_2017', u'CTAC211', u'COST ACCOUNTING II (MODULE 1)', u'NDCAF1', u'ND: COST & MANAGEMENT ACCT (4 YEARS)', u'21', u'SEMESTER 1', u'D1', u'Durban Campus Full-time', u'A', u'40000799:MARIMUTHU;40010223:NZUZA;40004073:NUNDEN;40009160:MUNGAL;40009437:ABDUL LATIFF;40009771:MSOMI', 6.0]
check 'CTAC211_SEM1_2018' 'CTAC211'
processXLS: only for SEM2 [u'CTAC211_SEM1_2018', u'CTAC211_SEM1_2017', u'CTAC211', u'COST ACCOUNTING II (MODULE 1)', u'NDCAF1', u'ND: COST & MANAGEMENT ACCT (4 YEARS)', u'21', u'SEMESTER 1', u'D1', u'Durban Campus Full-time', u'A', u'40000799:MARIMUTHU;40010223:NZUZA;40004073:NUNDEN;40009160:MUNGAL;40009437:ABDUL LATIFF;40009771:MSOMI', 6.0]
[u'CTAC211_SEM1_2018', u'CTAC211_SEM1_2017', u'CTAC211', u'COST ACCOUNTING II (MODULE 1)', u'NDCAF2', u'ND: COST & MANAGEMENT ACCT (4 YEARS)', u'21', u'SEMESTER 1', u'D1', u'Durban Campus Full-time', u'A', u'40000799:MARIMUTHU;40010223:NZUZA;40004073:NUNDEN;40009160:MUNGAL;40009437:ABDUL LATIFF;40009771:MSOMI', 6.0]
check 'CTAC211_SEM1_2018' 'CTAC211'
processXLS: only for SEM2 [u'CTAC211_SEM1_2018', u'CTAC211_SEM1_2017', u'CTAC211', u'COST ACCOUNTING II (MODULE 1)', u'NDCAF2', u'ND: COST & MANAGEMENT ACCT (4 YEARS)', u'21', u'SEMESTER 1', u'D1', u'Durban Campus Full-time', u'A', u'40000799:MARIMUTHU;40010223:NZUZA;40004073:NUNDEN;40009160:MUNGAL;40009437:ABDUL LATIFF;40009771:MSOMI', 6.0]
[u'CTAC211_SEM1_2018', u'CTAC211_SEM1_2017', u'CTAC211', u'COST ACCOUNTING II (MODULE 1)', u'NDCMA3', u'ND: COST AND MANAGEMENT ACCOUNTING', u'21', u'SEMESTER 1', u'D1', u'Durban Campus Full-time', u'A', u'40000799:MARIMUTHU;40010223:NZUZA;40004073:NUNDEN;40009160:MUNGAL;40009437:ABDUL LATIFF;40009771:MSOMI', 6.0]
check 'CTAC211_SEM1_2018' 'CTAC211'
processXLS: only for SEM2 [u'CTAC211_SEM1_2018', u'CTAC211_SEM1_2017', u'CTAC211', u'COST ACCOUNTING II (MODULE 1)', u'NDCMA3', u'ND: COST AND MANAGEMENT ACCOUNTING', u'21', u'SEMESTER 1', u'D1', u'Durban Campus Full-time', u'A', u'40000799:MARIMUTHU;40010223:NZUZA;40004073:NUNDEN;40009160:MUNGAL;40009437:ABDUL LATIFF;40009771:MSOMI', 6.0]
[u'CTAC211_SEM1_2018', u'CTAC211_SEM1_2017', u'CTAC211', u'COST ACCOUNTING II (MODULE 1)', u'NDFIS2', u'ND: FINANCIAL INFORMATION SYSTEMS', u'21', u'SEMESTER 1', u'D1', u'Durban Campus Full-time', u'A', u'40000799:MARIMUTHU;40010223:NZUZA;40004073:NUNDEN;40009160:MUNGAL;40009437:ABDUL LATIFF;40009771:MSOMI', 6.0]
check 'CTAC211_SEM1_2018' 'CTAC211'
processXLS: only for SEM2 [u'CTAC211_SEM1_2018', u'CTAC211_SEM1_2017', u'CTAC211', u'COST ACCOUNTING II (MODULE 1)', u'NDFIS2', u'ND: FINANCIAL INFORMATION SYSTEMS', u'21', u'SEMESTER 1', u'D1', u'Durban Campus Full-time', u'A', u'40000799:MARIMUTHU;40010223:NZUZA;40004073:NUNDEN;40009160:MUNGAL;40009437:ABDUL LATIFF;40009771:MSOMI', 6.0]
[u'CTAC211_SEM1_2018', u'CTAC211_SEM1_2017', u'CTAC211', u'COST ACCOUNTING II (MODULE 1)', u'NDIAF1', u'ND: INTERNAL AUDITING (4 YEARS)', u'21', u'SEMESTER 1', u'D1', u'Durban Campus Full-time', u'A', u'40000799:MARIMUTHU;40010223:NZUZA;40004073:NUNDEN;40009160:MUNGAL;40009437:ABDUL LATIFF;40009771:MSOMI', 6.0]
check 'CTAC211_SEM1_2018' 'CTAC211'
processXLS: only for SEM2 [u'CTAC211_SEM1_2018', u'CTAC211_SEM1_2017', u'CTAC211', u'COST ACCOUNTING II (MODULE 1)', u'NDIAF1', u'ND: INTERNAL AUDITING (4 YEARS)', u'21', u'SEMESTER 1', u'D1', u'Durban Campus Full-time', u'A', u'40000799:MARIMUTHU;40010223:NZUZA;40004073:NUNDEN;40009160:MUNGAL;40009437:ABDUL LATIFF;40009771:MSOMI', 6.0]
[u'CTAC211_SEM1_2018', u'CTAC211_SEM1_2017', u'CTAC211', u'COST ACCOUNTING II (MODULE 1)', u'NDIAU3', u'ND: INTERNAL AUDITING', u'21', u'SEMESTER 1', u'D1', u'Durban Campus Full-time', u'A', u'40000799:MARIMUTHU;40010223:NZUZA;40004073:NUNDEN;40009160:MUNGAL;40009437:ABDUL LATIFF;40009771:MSOMI', 6.0]
check 'CTAC211_SEM1_2018' 'CTAC211'
processXLS: only for SEM2 [u'CTAC211_SEM1_2018', u'CTAC211_SEM1_2017', u'CTAC211', u'COST ACCOUNTING II (MODULE 1)', u'NDIAU3', u'ND: INTERNAL AUDITING', u'21', u'SEMESTER 1', u'D1', u'Durban Campus Full-time', u'A', u'40000799:MARIMUTHU;40010223:NZUZA;40004073:NUNDEN;40009160:MUNGAL;40009437:ABDUL LATIFF;40009771:MSOMI', 6.0]
[u'CTAC211_SEM1_2018', u'CTAC211_SEM1_2017', u'CTAC211', u'COST ACCOUNTING II (MODULE 1)', u'NDTAX3', u'ND: TAXATION', u'21', u'SEMESTER 1', u'D1', u'Durban Campus Full-time', u'A', u'40000799:MARIMUTHU;40010223:NZUZA;40004073:NUNDEN;40009160:MUNGAL;40009437:ABDUL LATIFF;40009771:MSOMI', 6.0]
check 'CTAC211_SEM1_2018' 'CTAC211'
processXLS: only for SEM2 [u'CTAC211_SEM1_2018', u'CTAC211_SEM1_2017', u'CTAC211', u'COST ACCOUNTING II (MODULE 1)', u'NDTAX3', u'ND: TAXATION', u'21', u'SEMESTER 1', u'D1', u'Durban Campus Full-time', u'A', u'40000799:MARIMUTHU;40010223:NZUZA;40004073:NUNDEN;40009160:MUNGAL;40009437:ABDUL LATIFF;40009771:MSOMI', 6.0]
[u'CTAC211_SEM1_2018', u'CTAC211_SEM1_2017', u'CTAC211', u'COST ACCOUNTING II (MODULE 1)', u'NDTXF1', u'ND: TAXATION (4YEARS)', u'21', u'SEMESTER 1', u'D1', u'Durban Campus Full-time', u'A', u'40000799:MARIMUTHU;40010223:NZUZA;40004073:NUNDEN;40009160:MUNGAL;40009437:ABDUL LATIFF;40009771:MSOMI', 6.0]
check 'CTAC211_SEM1_2018' 'CTAC211'
processXLS: only for SEM2 [u'CTAC211_SEM1_2018', u'CTAC211_SEM1_2017', u'CTAC211', u'COST ACCOUNTING II (MODULE 1)', u'NDTXF1', u'ND: TAXATION (4YEARS)', u'21', u'SEMESTER 1', u'D1', u'Durban Campus Full-time', u'A', u'40000799:MARIMUTHU;40010223:NZUZA;40004073:NUNDEN;40009160:MUNGAL;40009437:ABDUL LATIFF;40009771:MSOMI', 6.0]
[u'', u'', u'', u'', u'', u'', u'', u'', u'', u'', u'', u'', u'']
check '' ''
[u'CTAC221_SEM2_2018', u'CTAC221_SEM2_2017', u'CTAC221', u'COST ACCOUNTING II (MODULE 2)', u'NDACC3', u'ND: ACCOUNTING', u'22', u'SEMESTER 2', u'D1', u'Durban Campus Full-time', u'A', u'40000799:MARIMUTHU;40010223:NZUZA;40009160:MUNGAL;40009437:ABDUL LATIFF;40009771:MSOMI', 5.0]
check 'CTAC221_SEM2_2018' 'CTAC221'
adding  CTAC221
requesting:  http://10.0.100.98:8000/bbinfo/matching_courses/CTAC221%25
r= <Response [200]>
matching classes= set([u'CTAC221_14_ZUNS', u'CTAC221_13_KHUN', u'CTAC221_13_ZUNS', u'CTAC221_ALL_2016', u'CTAC221_15_ZUNS', u'CTAC221_SEM2_2018', u'CTAC221_SEM2_2017', u'CTAC221_15_KHUZ', u'CTAC221_2013'])
[u'CTAC221_SEM2_2018', u'CTAC221_SEM2_2017', u'CTAC221', u'COST ACCOUNTING II (MODULE 2)', u'NDACC3', u'ND: ACCOUNTING', u'22', u'SEMESTER 2', u'D3', u'Durban Campus Part-time', u'A', u'40000799:MARIMUTHU;40010223:NZUZA;40009160:MUNGAL;40009437:ABDUL LATIFF;40009771:MSOMI', 5.0]
check 'CTAC221_SEM2_2018' 'CTAC221'
adding  CTAC221
requesting:  http://10.0.100.98:8000/bbinfo/matching_courses/CTAC221%25
r= <Response [200]>
matching classes= set([u'CTAC221_14_ZUNS', u'CTAC221_13_KHUN', u'CTAC221_13_ZUNS', u'CTAC221_ALL_2016', u'CTAC221_15_ZUNS', u'CTAC221_SEM2_2018', u'CTAC221_SEM2_2017', u'CTAC221_15_KHUZ', u'CTAC221_2013'])
[u'CTAC221_SEM2_2018', u'CTAC221_SEM2_2017', u'CTAC221', u'COST ACCOUNTING II (MODULE 2)', u'NDACF1', u'ND: ACCOUNTING (4 YEARS)', u'22', u'SEMESTER 2', u'D1', u'Durban Campus Full-time', u'A', u'40000799:MARIMUTHU;40010223:NZUZA;40009160:MUNGAL;40009437:ABDUL LATIFF;40009771:MSOMI', 5.0]
check 'CTAC221_SEM2_2018' 'CTAC221'
adding  CTAC221
requesting:  http://10.0.100.98:8000/bbinfo/matching_courses/CTAC221%25
r= <Response [200]>
matching classes= set([u'CTAC221_14_ZUNS', u'CTAC221_13_KHUN', u'CTAC221_13_ZUNS', u'CTAC221_ALL_2016', u'CTAC221_15_ZUNS', u'CTAC221_SEM2_2018', u'CTAC221_SEM2_2017', u'CTAC221_15_KHUZ', u'CTAC221_2013'])
[u'CTAC221_SEM2_2018', u'CTAC221_SEM2_2017', u'CTAC221', u'COST ACCOUNTING II (MODULE 2)', u'NDCAF1', u'ND: COST & MANAGEMENT ACCT (4 YEARS)', u'22', u'SEMESTER 2', u'D1', u'Durban Campus Full-time', u'A', u'40000799:MARIMUTHU;40010223:NZUZA;40009160:MUNGAL;40009437:ABDUL LATIFF;40009771:MSOMI', 5.0]
check 'CTAC221_SEM2_2018' 'CTAC221'
adding  CTAC221
requesting:  http://10.0.100.98:8000/bbinfo/matching_courses/CTAC221%25
r= <Response [200]>
matching classes= set([u'CTAC221_14_ZUNS', u'CTAC221_13_KHUN', u'CTAC221_13_ZUNS', u'CTAC221_ALL_2016', u'CTAC221_15_ZUNS', u'CTAC221_SEM2_2018', u'CTAC221_SEM2_2017', u'CTAC221_15_KHUZ', u'CTAC221_2013'])
[u'CTAC221_SEM2_2018', u'CTAC221_SEM2_2017', u'CTAC221', u'COST ACCOUNTING II (MODULE 2)', u'NDCAF2', u'ND: COST & MANAGEMENT ACCT (4 YEARS)', u'22', u'SEMESTER 2', u'D1', u'Durban Campus Full-time', u'A', u'40000799:MARIMUTHU;40010223:NZUZA;40009160:MUNGAL;40009437:ABDUL LATIFF;40009771:MSOMI', 5.0]
check 'CTAC221_SEM2_2018' 'CTAC221'
adding  CTAC221
requesting:  http://10.0.100.98:8000/bbinfo/matching_courses/CTAC221%25
r= <Response [200]>
matching classes= set([u'CTAC221_14_ZUNS', u'CTAC221_13_KHUN', u'CTAC221_13_ZUNS', u'CTAC221_ALL_2016', u'CTAC221_15_ZUNS', u'CTAC221_SEM2_2018', u'CTAC221_SEM2_2017', u'CTAC221_15_KHUZ', u'CTAC221_2013'])
[u'CTAC221_SEM2_2018', u'CTAC221_SEM2_2017', u'CTAC221', u'COST ACCOUNTING II (MODULE 2)', u'NDCMA3', u'ND: COST AND MANAGEMENT ACCOUNTING', u'22', u'SEMESTER 2', u'D1', u'Durban Campus Full-time', u'A', u'40000799:MARIMUTHU;40010223:NZUZA;40009160:MUNGAL;40009437:ABDUL LATIFF;40009771:MSOMI', 5.0]
check 'CTAC221_SEM2_2018' 'CTAC221'
adding  CTAC221
requesting:  http://10.0.100.98:8000/bbinfo/matching_courses/CTAC221%25
r= <Response [200]>
matching classes= set([u'CTAC221_14_ZUNS', u'CTAC221_13_KHUN', u'CTAC221_13_ZUNS', u'CTAC221_ALL_2016', u'CTAC221_15_ZUNS', u'CTAC221_SEM2_2018', u'CTAC221_SEM2_2017', u'CTAC221_15_KHUZ', u'CTAC221_2013'])
[u'CTAC221_SEM2_2018', u'CTAC221_SEM2_2017', u'CTAC221', u'COST ACCOUNTING II (MODULE 2)', u'NDFIS2', u'ND: FINANCIAL INFORMATION SYSTEMS', u'22', u'SEMESTER 2', u'D1', u'Durban Campus Full-time', u'A', u'40000799:MARIMUTHU;40010223:NZUZA;40009160:MUNGAL;40009437:ABDUL LATIFF;40009771:MSOMI', 5.0]
check 'CTAC221_SEM2_2018' 'CTAC221'
adding  CTAC221
requesting:  http://10.0.100.98:8000/bbinfo/matching_courses/CTAC221%25
r= <Response [200]>
matching classes= set([u'CTAC221_14_ZUNS', u'CTAC221_13_KHUN', u'CTAC221_13_ZUNS', u'CTAC221_ALL_2016', u'CTAC221_15_ZUNS', u'CTAC221_SEM2_2018', u'CTAC221_SEM2_2017', u'CTAC221_15_KHUZ', u'CTAC221_2013'])
[u'CTAC221_SEM2_2018', u'CTAC221_SEM2_2017', u'CTAC221', u'COST ACCOUNTING II (MODULE 2)', u'NDIAF1', u'ND: INTERNAL AUDITING (4 YEARS)', u'22', u'SEMESTER 2', u'D1', u'Durban Campus Full-time', u'A', u'40000799:MARIMUTHU;40010223:NZUZA;40009160:MUNGAL;40009437:ABDUL LATIFF;40009771:MSOMI', 5.0]
check 'CTAC221_SEM2_2018' 'CTAC221'
adding  CTAC221
requesting:  http://10.0.100.98:8000/bbinfo/matching_courses/CTAC221%25
r= <Response [200]>
matching classes= set([u'CTAC221_14_ZUNS', u'CTAC221_13_KHUN', u'CTAC221_13_ZUNS', u'CTAC221_ALL_2016', u'CTAC221_15_ZUNS', u'CTAC221_SEM2_2018', u'CTAC221_SEM2_2017', u'CTAC221_15_KHUZ', u'CTAC221_2013'])
[u'CTAC221_SEM2_2018', u'CTAC221_SEM2_2017', u'CTAC221', u'COST ACCOUNTING II (MODULE 2)', u'NDIAU3', u'ND: INTERNAL AUDITING', u'22', u'SEMESTER 2', u'D1', u'Durban Campus Full-time', u'A', u'40000799:MARIMUTHU;40010223:NZUZA;40009160:MUNGAL;40009437:ABDUL LATIFF;40009771:MSOMI', 5.0]
check 'CTAC221_SEM2_2018' 'CTAC221'
adding  CTAC221
requesting:  http://10.0.100.98:8000/bbinfo/matching_courses/CTAC221%25
r= <Response [200]>
matching classes= set([u'CTAC221_14_ZUNS', u'CTAC221_13_KHUN', u'CTAC221_13_ZUNS', u'CTAC221_ALL_2016', u'CTAC221_15_ZUNS', u'CTAC221_SEM2_2018', u'CTAC221_SEM2_2017', u'CTAC221_15_KHUZ', u'CTAC221_2013'])
[u'CTAC221_SEM2_2018', u'CTAC221_SEM2_2017', u'CTAC221', u'COST ACCOUNTING II (MODULE 2)', u'NDTAX3', u'ND: TAXATION', u'22', u'SEMESTER 2', u'D1', u'Durban Campus Full-time', u'A', u'40000799:MARIMUTHU;40010223:NZUZA;40009160:MUNGAL;40009437:ABDUL LATIFF;40009771:MSOMI', 5.0]
check 'CTAC221_SEM2_2018' 'CTAC221'
adding  CTAC221
requesting:  http://10.0.100.98:8000/bbinfo/matching_courses/CTAC221%25
r= <Response [200]>
matching classes= set([u'CTAC221_14_ZUNS', u'CTAC221_13_KHUN', u'CTAC221_13_ZUNS', u'CTAC221_ALL_2016', u'CTAC221_15_ZUNS', u'CTAC221_SEM2_2018', u'CTAC221_SEM2_2017', u'CTAC221_15_KHUZ', u'CTAC221_2013'])
[u'CTAC221_SEM2_2018', u'CTAC221_SEM2_2017', u'CTAC221', u'COST ACCOUNTING II (MODULE 2)', u'NDTXF1', u'ND: TAXATION (4YEARS)', u'22', u'SEMESTER 2', u'D1', u'Durban Campus Full-time', u'A', u'40000799:MARIMUTHU;40010223:NZUZA;40009160:MUNGAL;40009437:ABDUL LATIFF;40009771:MSOMI', 5.0]
check 'CTAC221_SEM2_2018' 'CTAC221'
adding  CTAC221
requesting:  http://10.0.100.98:8000/bbinfo/matching_courses/CTAC221%25
r= <Response [200]>
matching classes= set([u'CTAC221_14_ZUNS', u'CTAC221_13_KHUN', u'CTAC221_13_ZUNS', u'CTAC221_ALL_2016', u'CTAC221_15_ZUNS', u'CTAC221_SEM2_2018', u'CTAC221_SEM2_2017', u'CTAC221_15_KHUZ', u'CTAC221_2013'])
[u'', u'', u'', u'', u'', u'', u'', u'', u'', u'', u'', u'', u'']
check '' ''
[u'FMGT301_YEAR_2018', u'FMGT301_YEAR_2017', u'FMGT301', u'FINANCIAL MANAGEMENT III', u'NDMNG1', u'ND: MANAGEMENT', u'11', u'YEAR', u'D1', u'Durban Campus Full-time', u'A', u'50031427:YEARWOOD', 1.0]
check 'FMGT301_YEAR_2018' 'FMGT301'
processXLS: only for SEM2 [u'FMGT301_YEAR_2018', u'FMGT301_YEAR_2017', u'FMGT301', u'FINANCIAL MANAGEMENT III', u'NDMNG1', u'ND: MANAGEMENT', u'11', u'YEAR', u'D1', u'Durban Campus Full-time', u'A', u'50031427:YEARWOOD', 1.0]
[u'FMGT301_YEAR_2018', u'FMGT301_YEAR_2017', u'FMGT301', u'FINANCIAL MANAGEMENT III', u'NODIP6', u'NON-DIPLOMA PURPOSE (MAN SC)', u'11', u'YEAR', u'D7', u'DBN FULL-TIME NON-SUBSIDISED', u'A', u'50031427:YEARWOOD', 1.0]
check 'FMGT301_YEAR_2018' 'FMGT301'
processXLS: only for SEM2 [u'FMGT301_YEAR_2018', u'FMGT301_YEAR_2017', u'FMGT301', u'FINANCIAL MANAGEMENT III', u'NODIP6', u'NON-DIPLOMA PURPOSE (MAN SC)', u'11', u'YEAR', u'D7', u'DBN FULL-TIME NON-SUBSIDISED', u'A', u'50031427:YEARWOOD', 1.0]
[u'FMGT301_YEAR_2018', u'FMGT301_YEAR_2017', u'FMGT301', u'FINANCIAL MANAGEMENT III', u'NODIP6', u'NON-DIPLOMA PURPOSE (MAN SC)', u'11', u'YEAR', u'D8', u'DBN PART-TIME NON-SUBSIDISED', u'A', u'50031427:YEARWOOD', 1.0]
check 'FMGT301_YEAR_2018' 'FMGT301'
processXLS: only for SEM2 [u'FMGT301_YEAR_2018', u'FMGT301_YEAR_2017', u'FMGT301', u'FINANCIAL MANAGEMENT III', u'NODIP6', u'NON-DIPLOMA PURPOSE (MAN SC)', u'11', u'YEAR', u'D8', u'DBN PART-TIME NON-SUBSIDISED', u'A', u'50031427:YEARWOOD', 1.0]
[u'', u'', u'', u'', u'', u'', u'', u'', u'', u'', u'', u'', u'']
check '' ''
[u'FPLC301_YEAR_2018', u'FPLC301_YEAR_2017', u'FPLC301', u'FINANCIAL PLANNING AND CONTROL III', u'BTOPM1', u'BT: OPERATIONS MANAGEMENT', u'11', u'YEAR', u'D3', u'Durban Campus Part-time', u'A', u'40009160:MUNGAL', 1.0]
check 'FPLC301_YEAR_2018' 'FPLC301'
processXLS: only for SEM2 [u'FPLC301_YEAR_2018', u'FPLC301_YEAR_2017', u'FPLC301', u'FINANCIAL PLANNING AND CONTROL III', u'BTOPM1', u'BT: OPERATIONS MANAGEMENT', u'11', u'YEAR', u'D3', u'Durban Campus Part-time', u'A', u'40009160:MUNGAL', 1.0]
[u'', u'', u'', u'', u'', u'', u'', u'', u'', u'', u'', u'', u'']
check '' ''
[u'MGTA312_SEM1_2018', u'MGTA312_SEM1_2017', u'MGTA312', u'MANAGEMENT ACCOUNTING III (MODULE 1)', u'BTIAU2', u'BT: INTERNAL AUDITING', u'21', u'SEMESTER 1', u'D1', u'Durban Campus Full-time', u'A', u'40000148:NAIDOO;40000799:MARIMUTHU;40004073:NUNDEN;40010520:Nyide;50008608:CLOETE', 5.0]
check 'MGTA312_SEM1_2018' 'MGTA312'
processXLS: only for SEM2 [u'MGTA312_SEM1_2018', u'MGTA312_SEM1_2017', u'MGTA312', u'MANAGEMENT ACCOUNTING III (MODULE 1)', u'BTIAU2', u'BT: INTERNAL AUDITING', u'21', u'SEMESTER 1', u'D1', u'Durban Campus Full-time', u'A', u'40000148:NAIDOO;40000799:MARIMUTHU;40004073:NUNDEN;40010520:Nyide;50008608:CLOETE', 5.0]
[u'MGTA312_SEM1_2018', u'MGTA312_SEM1_2017', u'MGTA312', u'MANAGEMENT ACCOUNTING III (MODULE 1)', u'BTIAU2', u'BT: INTERNAL AUDITING', u'21', u'SEMESTER 1', u'D3', u'Durban Campus Part-time', u'A', u'40000148:NAIDOO;40000799:MARIMUTHU;40004073:NUNDEN;40010520:Nyide;50008608:CLOETE', 5.0]
check 'MGTA312_SEM1_2018' 'MGTA312'
processXLS: only for SEM2 [u'MGTA312_SEM1_2018', u'MGTA312_SEM1_2017', u'MGTA312', u'MANAGEMENT ACCOUNTING III (MODULE 1)', u'BTIAU2', u'BT: INTERNAL AUDITING', u'21', u'SEMESTER 1', u'D3', u'Durban Campus Part-time', u'A', u'40000148:NAIDOO;40000799:MARIMUTHU;40004073:NUNDEN;40010520:Nyide;50008608:CLOETE', 5.0]
[u'MGTA312_SEM1_2018', u'MGTA312_SEM1_2017', u'MGTA312', u'MANAGEMENT ACCOUNTING III (MODULE 1)', u'NDACC3', u'ND: ACCOUNTING', u'21', u'SEMESTER 1', u'D1', u'Durban Campus Full-time', u'A', u'40000148:NAIDOO;40000799:MARIMUTHU;40004073:NUNDEN;40010520:Nyide;50008608:CLOETE', 5.0]
check 'MGTA312_SEM1_2018' 'MGTA312'
processXLS: only for SEM2 [u'MGTA312_SEM1_2018', u'MGTA312_SEM1_2017', u'MGTA312', u'MANAGEMENT ACCOUNTING III (MODULE 1)', u'NDACC3', u'ND: ACCOUNTING', u'21', u'SEMESTER 1', u'D1', u'Durban Campus Full-time', u'A', u'40000148:NAIDOO;40000799:MARIMUTHU;40004073:NUNDEN;40010520:Nyide;50008608:CLOETE', 5.0]
[u'MGTA312_SEM1_2018', u'MGTA312_SEM1_2017', u'MGTA312', u'MANAGEMENT ACCOUNTING III (MODULE 1)', u'NDACC3', u'ND: ACCOUNTING', u'21', u'SEMESTER 1', u'D3', u'Durban Campus Part-time', u'A', u'40000148:NAIDOO;40000799:MARIMUTHU;40004073:NUNDEN;40010520:Nyide;50008608:CLOETE', 5.0]
check 'MGTA312_SEM1_2018' 'MGTA312'
processXLS: only for SEM2 [u'MGTA312_SEM1_2018', u'MGTA312_SEM1_2017', u'MGTA312', u'MANAGEMENT ACCOUNTING III (MODULE 1)', u'NDACC3', u'ND: ACCOUNTING', u'21', u'SEMESTER 1', u'D3', u'Durban Campus Part-time', u'A', u'40000148:NAIDOO;40000799:MARIMUTHU;40004073:NUNDEN;40010520:Nyide;50008608:CLOETE', 5.0]
[u'MGTA312_SEM1_2018', u'MGTA312_SEM1_2017', u'MGTA312', u'MANAGEMENT ACCOUNTING III (MODULE 1)', u'NDACF1', u'ND: ACCOUNTING (4 YEARS)', u'21', u'SEMESTER 1', u'D1', u'Durban Campus Full-time', u'A', u'40000148:NAIDOO;40000799:MARIMUTHU;40004073:NUNDEN;40010520:Nyide;50008608:CLOETE', 5.0]
check 'MGTA312_SEM1_2018' 'MGTA312'
processXLS: only for SEM2 [u'MGTA312_SEM1_2018', u'MGTA312_SEM1_2017', u'MGTA312', u'MANAGEMENT ACCOUNTING III (MODULE 1)', u'NDACF1', u'ND: ACCOUNTING (4 YEARS)', u'21', u'SEMESTER 1', u'D1', u'Durban Campus Full-time', u'A', u'40000148:NAIDOO;40000799:MARIMUTHU;40004073:NUNDEN;40010520:Nyide;50008608:CLOETE', 5.0]
[u'MGTA312_SEM1_2018', u'MGTA312_SEM1_2017', u'MGTA312', u'MANAGEMENT ACCOUNTING III (MODULE 1)', u'NDCAF1', u'ND: COST & MANAGEMENT ACCT (4 YEARS)', u'21', u'SEMESTER 1', u'D1', u'Durban Campus Full-time', u'A', u'40000148:NAIDOO;40000799:MARIMUTHU;40004073:NUNDEN;40010520:Nyide;50008608:CLOETE', 5.0]
check 'MGTA312_SEM1_2018' 'MGTA312'
processXLS: only for SEM2 [u'MGTA312_SEM1_2018', u'MGTA312_SEM1_2017', u'MGTA312', u'MANAGEMENT ACCOUNTING III (MODULE 1)', u'NDCAF1', u'ND: COST & MANAGEMENT ACCT (4 YEARS)', u'21', u'SEMESTER 1', u'D1', u'Durban Campus Full-time', u'A', u'40000148:NAIDOO;40000799:MARIMUTHU;40004073:NUNDEN;40010520:Nyide;50008608:CLOETE', 5.0]
[u'MGTA312_SEM1_2018', u'MGTA312_SEM1_2017', u'MGTA312', u'MANAGEMENT ACCOUNTING III (MODULE 1)', u'NDCAF2', u'ND: COST & MANAGEMENT ACCT (4 YEARS)', u'21', u'SEMESTER 1', u'D1', u'Durban Campus Full-time', u'A', u'40000148:NAIDOO;40000799:MARIMUTHU;40004073:NUNDEN;40010520:Nyide;50008608:CLOETE', 5.0]
check 'MGTA312_SEM1_2018' 'MGTA312'
processXLS: only for SEM2 [u'MGTA312_SEM1_2018', u'MGTA312_SEM1_2017', u'MGTA312', u'MANAGEMENT ACCOUNTING III (MODULE 1)', u'NDCAF2', u'ND: COST & MANAGEMENT ACCT (4 YEARS)', u'21', u'SEMESTER 1', u'D1', u'Durban Campus Full-time', u'A', u'40000148:NAIDOO;40000799:MARIMUTHU;40004073:NUNDEN;40010520:Nyide;50008608:CLOETE', 5.0]
[u'MGTA312_SEM1_2018', u'MGTA312_SEM1_2017', u'MGTA312', u'MANAGEMENT ACCOUNTING III (MODULE 1)', u'NDCMA3', u'ND: COST AND MANAGEMENT ACCOUNTING', u'21', u'SEMESTER 1', u'D1', u'Durban Campus Full-time', u'A', u'40000148:NAIDOO;40000799:MARIMUTHU;40004073:NUNDEN;40010520:Nyide;50008608:CLOETE', 5.0]
check 'MGTA312_SEM1_2018' 'MGTA312'
processXLS: only for SEM2 [u'MGTA312_SEM1_2018', u'MGTA312_SEM1_2017', u'MGTA312', u'MANAGEMENT ACCOUNTING III (MODULE 1)', u'NDCMA3', u'ND: COST AND MANAGEMENT ACCOUNTING', u'21', u'SEMESTER 1', u'D1', u'Durban Campus Full-time', u'A', u'40000148:NAIDOO;40000799:MARIMUTHU;40004073:NUNDEN;40010520:Nyide;50008608:CLOETE', 5.0]
[u'MGTA312_SEM1_2018', u'MGTA312_SEM1_2017', u'MGTA312', u'MANAGEMENT ACCOUNTING III (MODULE 1)', u'NDCMA3', u'ND: COST AND MANAGEMENT ACCOUNTING', u'21', u'SEMESTER 1', u'D3', u'Durban Campus Part-time', u'A', u'40000148:NAIDOO;40000799:MARIMUTHU;40004073:NUNDEN;40010520:Nyide;50008608:CLOETE', 5.0]
check 'MGTA312_SEM1_2018' 'MGTA312'
processXLS: only for SEM2 [u'MGTA312_SEM1_2018', u'MGTA312_SEM1_2017', u'MGTA312', u'MANAGEMENT ACCOUNTING III (MODULE 1)', u'NDCMA3', u'ND: COST AND MANAGEMENT ACCOUNTING', u'21', u'SEMESTER 1', u'D3', u'Durban Campus Part-time', u'A', u'40000148:NAIDOO;40000799:MARIMUTHU;40004073:NUNDEN;40010520:Nyide;50008608:CLOETE', 5.0]
[u'MGTA312_SEM1_2018', u'MGTA312_SEM1_2017', u'MGTA312', u'MANAGEMENT ACCOUNTING III (MODULE 1)', u'NDFIS2', u'ND: FINANCIAL INFORMATION SYSTEMS', u'21', u'SEMESTER 1', u'D1', u'Durban Campus Full-time', u'A', u'40000148:NAIDOO;40000799:MARIMUTHU;40004073:NUNDEN;40010520:Nyide;50008608:CLOETE', 5.0]
check 'MGTA312_SEM1_2018' 'MGTA312'
processXLS: only for SEM2 [u'MGTA312_SEM1_2018', u'MGTA312_SEM1_2017', u'MGTA312', u'MANAGEMENT ACCOUNTING III (MODULE 1)', u'NDFIS2', u'ND: FINANCIAL INFORMATION SYSTEMS', u'21', u'SEMESTER 1', u'D1', u'Durban Campus Full-time', u'A', u'40000148:NAIDOO;40000799:MARIMUTHU;40004073:NUNDEN;40010520:Nyide;50008608:CLOETE', 5.0]
[u'MGTA312_SEM1_2018', u'MGTA312_SEM1_2017', u'MGTA312', u'MANAGEMENT ACCOUNTING III (MODULE 1)', u'NODIP1', u'NON-DIPLOMA PURPOSE (ACCT & INFO)', u'21', u'SEMESTER 1', u'D7', u'DBN FULL-TIME NON-SUBSIDISED', u'A', u'40000148:NAIDOO;40000799:MARIMUTHU;40004073:NUNDEN;40010520:Nyide;50008608:CLOETE', 5.0]
check 'MGTA312_SEM1_2018' 'MGTA312'
processXLS: only for SEM2 [u'MGTA312_SEM1_2018', u'MGTA312_SEM1_2017', u'MGTA312', u'MANAGEMENT ACCOUNTING III (MODULE 1)', u'NODIP1', u'NON-DIPLOMA PURPOSE (ACCT & INFO)', u'21', u'SEMESTER 1', u'D7', u'DBN FULL-TIME NON-SUBSIDISED', u'A', u'40000148:NAIDOO;40000799:MARIMUTHU;40004073:NUNDEN;40010520:Nyide;50008608:CLOETE', 5.0]
[u'MGTA312_SEM1_2018', u'MGTA312_SEM1_2017', u'MGTA312', u'MANAGEMENT ACCOUNTING III (MODULE 1)', u'NODIP1', u'NON-DIPLOMA PURPOSE (ACCT & INFO)', u'21', u'SEMESTER 1', u'D8', u'DBN PART-TIME NON-SUBSIDISED', u'A', u'40000148:NAIDOO;40000799:MARIMUTHU;40004073:NUNDEN;40010520:Nyide;50008608:CLOETE', 5.0]
check 'MGTA312_SEM1_2018' 'MGTA312'
processXLS: only for SEM2 [u'MGTA312_SEM1_2018', u'MGTA312_SEM1_2017', u'MGTA312', u'MANAGEMENT ACCOUNTING III (MODULE 1)', u'NODIP1', u'NON-DIPLOMA PURPOSE (ACCT & INFO)', u'21', u'SEMESTER 1', u'D8', u'DBN PART-TIME NON-SUBSIDISED', u'A', u'40000148:NAIDOO;40000799:MARIMUTHU;40004073:NUNDEN;40010520:Nyide;50008608:CLOETE', 5.0]
[u'', u'', u'', u'', u'', u'', u'', u'', u'', u'', u'', u'', u'']
check '' ''
[u'MGTA322_SEM2_2018', u'MGTA322_SEM2_2017', u'MGTA322', u'MANAGEMENT ACCOUNTING III (MODULE 2)', u'BTIAU2', u'BT: INTERNAL AUDITING', u'22', u'SEMESTER 2', u'D1', u'Durban Campus Full-time', u'A', u'40000148:NAIDOO;40000799:MARIMUTHU;40004073:NUNDEN;40010520:Nyide;50008608:CLOETE', 5.0]
check 'MGTA322_SEM2_2018' 'MGTA322'
adding  MGTA322
requesting:  http://10.0.100.98:8000/bbinfo/matching_courses/MGTA322%25
r= <Response [200]>
matching classes= set([u'MGTA322_SEM2_2018', u'MGTA322_2013', u'MGTA322_13_KHUN', u'MGTA322_SEM2_2017', u'MGTA322_SEM2_2016', u'MGTA322_13_CLOM'])
[u'MGTA322_SEM2_2018', u'MGTA322_SEM2_2017', u'MGTA322', u'MANAGEMENT ACCOUNTING III (MODULE 2)', u'BTIAU2', u'BT: INTERNAL AUDITING', u'22', u'SEMESTER 2', u'D3', u'Durban Campus Part-time', u'A', u'40000148:NAIDOO;40000799:MARIMUTHU;40004073:NUNDEN;40010520:Nyide;50008608:CLOETE', 5.0]
check 'MGTA322_SEM2_2018' 'MGTA322'
adding  MGTA322
requesting:  http://10.0.100.98:8000/bbinfo/matching_courses/MGTA322%25
r= <Response [200]>
matching classes= set([u'MGTA322_SEM2_2018', u'MGTA322_2013', u'MGTA322_13_KHUN', u'MGTA322_SEM2_2017', u'MGTA322_SEM2_2016', u'MGTA322_13_CLOM'])
[u'MGTA322_SEM2_2018', u'MGTA322_SEM2_2017', u'MGTA322', u'MANAGEMENT ACCOUNTING III (MODULE 2)', u'NDACC3', u'ND: ACCOUNTING', u'22', u'SEMESTER 2', u'D1', u'Durban Campus Full-time', u'A', u'40000148:NAIDOO;40000799:MARIMUTHU;40004073:NUNDEN;40010520:Nyide;50008608:CLOETE', 5.0]
check 'MGTA322_SEM2_2018' 'MGTA322'
adding  MGTA322
requesting:  http://10.0.100.98:8000/bbinfo/matching_courses/MGTA322%25
r= <Response [200]>
matching classes= set([u'MGTA322_SEM2_2018', u'MGTA322_2013', u'MGTA322_13_KHUN', u'MGTA322_SEM2_2017', u'MGTA322_SEM2_2016', u'MGTA322_13_CLOM'])
[u'MGTA322_SEM2_2018', u'MGTA322_SEM2_2017', u'MGTA322', u'MANAGEMENT ACCOUNTING III (MODULE 2)', u'NDACC3', u'ND: ACCOUNTING', u'22', u'SEMESTER 2', u'D3', u'Durban Campus Part-time', u'A', u'40000148:NAIDOO;40000799:MARIMUTHU;40004073:NUNDEN;40010520:Nyide;50008608:CLOETE', 5.0]
check 'MGTA322_SEM2_2018' 'MGTA322'
adding  MGTA322
requesting:  http://10.0.100.98:8000/bbinfo/matching_courses/MGTA322%25
r= <Response [200]>
matching classes= set([u'MGTA322_SEM2_2018', u'MGTA322_2013', u'MGTA322_13_KHUN', u'MGTA322_SEM2_2017', u'MGTA322_SEM2_2016', u'MGTA322_13_CLOM'])
[u'MGTA322_SEM2_2018', u'MGTA322_SEM2_2017', u'MGTA322', u'MANAGEMENT ACCOUNTING III (MODULE 2)', u'NDACF1', u'ND: ACCOUNTING (4 YEARS)', u'22', u'SEMESTER 2', u'D1', u'Durban Campus Full-time', u'A', u'40000148:NAIDOO;40000799:MARIMUTHU;40004073:NUNDEN;40010520:Nyide;50008608:CLOETE', 5.0]
check 'MGTA322_SEM2_2018' 'MGTA322'
adding  MGTA322
requesting:  http://10.0.100.98:8000/bbinfo/matching_courses/MGTA322%25
r= <Response [200]>
matching classes= set([u'MGTA322_SEM2_2018', u'MGTA322_2013', u'MGTA322_13_KHUN', u'MGTA322_SEM2_2017', u'MGTA322_SEM2_2016', u'MGTA322_13_CLOM'])
[u'MGTA322_SEM2_2018', u'MGTA322_SEM2_2017', u'MGTA322', u'MANAGEMENT ACCOUNTING III (MODULE 2)', u'NDCAF1', u'ND: COST & MANAGEMENT ACCT (4 YEARS)', u'22', u'SEMESTER 2', u'D1', u'Durban Campus Full-time', u'A', u'40000148:NAIDOO;40000799:MARIMUTHU;40004073:NUNDEN;40010520:Nyide;50008608:CLOETE', 5.0]
check 'MGTA322_SEM2_2018' 'MGTA322'
adding  MGTA322
requesting:  http://10.0.100.98:8000/bbinfo/matching_courses/MGTA322%25
r= <Response [200]>
matching classes= set([u'MGTA322_SEM2_2018', u'MGTA322_2013', u'MGTA322_13_KHUN', u'MGTA322_SEM2_2017', u'MGTA322_SEM2_2016', u'MGTA322_13_CLOM'])
[u'MGTA322_SEM2_2018', u'MGTA322_SEM2_2017', u'MGTA322', u'MANAGEMENT ACCOUNTING III (MODULE 2)', u'NDCAF2', u'ND: COST & MANAGEMENT ACCT (4 YEARS)', u'22', u'SEMESTER 2', u'D1', u'Durban Campus Full-time', u'A', u'40000148:NAIDOO;40000799:MARIMUTHU;40004073:NUNDEN;40010520:Nyide;50008608:CLOETE', 5.0]
check 'MGTA322_SEM2_2018' 'MGTA322'
adding  MGTA322
requesting:  http://10.0.100.98:8000/bbinfo/matching_courses/MGTA322%25
r= <Response [200]>
matching classes= set([u'MGTA322_SEM2_2018', u'MGTA322_2013', u'MGTA322_13_KHUN', u'MGTA322_SEM2_2017', u'MGTA322_SEM2_2016', u'MGTA322_13_CLOM'])
[u'MGTA322_SEM2_2018', u'MGTA322_SEM2_2017', u'MGTA322', u'MANAGEMENT ACCOUNTING III (MODULE 2)', u'NDCMA3', u'ND: COST AND MANAGEMENT ACCOUNTING', u'22', u'SEMESTER 2', u'D1', u'Durban Campus Full-time', u'A', u'40000148:NAIDOO;40000799:MARIMUTHU;40004073:NUNDEN;40010520:Nyide;50008608:CLOETE', 5.0]
check 'MGTA322_SEM2_2018' 'MGTA322'
adding  MGTA322
requesting:  http://10.0.100.98:8000/bbinfo/matching_courses/MGTA322%25
r= <Response [200]>
matching classes= set([u'MGTA322_SEM2_2018', u'MGTA322_2013', u'MGTA322_13_KHUN', u'MGTA322_SEM2_2017', u'MGTA322_SEM2_2016', u'MGTA322_13_CLOM'])
[u'MGTA322_SEM2_2018', u'MGTA322_SEM2_2017', u'MGTA322', u'MANAGEMENT ACCOUNTING III (MODULE 2)', u'NDCMA3', u'ND: COST AND MANAGEMENT ACCOUNTING', u'22', u'SEMESTER 2', u'D3', u'Durban Campus Part-time', u'A', u'40000148:NAIDOO;40000799:MARIMUTHU;40004073:NUNDEN;40010520:Nyide;50008608:CLOETE', 5.0]
check 'MGTA322_SEM2_2018' 'MGTA322'
adding  MGTA322
requesting:  http://10.0.100.98:8000/bbinfo/matching_courses/MGTA322%25
r= <Response [200]>
matching classes= set([u'MGTA322_SEM2_2018', u'MGTA322_2013', u'MGTA322_13_KHUN', u'MGTA322_SEM2_2017', u'MGTA322_SEM2_2016', u'MGTA322_13_CLOM'])
[u'MGTA322_SEM2_2018', u'MGTA322_SEM2_2017', u'MGTA322', u'MANAGEMENT ACCOUNTING III (MODULE 2)', u'NDFIS2', u'ND: FINANCIAL INFORMATION SYSTEMS', u'22', u'SEMESTER 2', u'D1', u'Durban Campus Full-time', u'A', u'40000148:NAIDOO;40000799:MARIMUTHU;40004073:NUNDEN;40010520:Nyide;50008608:CLOETE', 5.0]
check 'MGTA322_SEM2_2018' 'MGTA322'
adding  MGTA322
requesting:  http://10.0.100.98:8000/bbinfo/matching_courses/MGTA322%25
r= <Response [200]>
matching classes= set([u'MGTA322_SEM2_2018', u'MGTA322_2013', u'MGTA322_13_KHUN', u'MGTA322_SEM2_2017', u'MGTA322_SEM2_2016', u'MGTA322_13_CLOM'])
[u'MGTA322_SEM2_2018', u'MGTA322_SEM2_2017', u'MGTA322', u'MANAGEMENT ACCOUNTING III (MODULE 2)', u'NODIP1', u'NON-DIPLOMA PURPOSE (ACCT & INFO)', u'22', u'SEMESTER 2', u'D7', u'DBN FULL-TIME NON-SUBSIDISED', u'A', u'40000148:NAIDOO;40000799:MARIMUTHU;40004073:NUNDEN;40010520:Nyide;50008608:CLOETE', 5.0]
check 'MGTA322_SEM2_2018' 'MGTA322'
adding  MGTA322
requesting:  http://10.0.100.98:8000/bbinfo/matching_courses/MGTA322%25
r= <Response [200]>
matching classes= set([u'MGTA322_SEM2_2018', u'MGTA322_2013', u'MGTA322_13_KHUN', u'MGTA322_SEM2_2017', u'MGTA322_SEM2_2016', u'MGTA322_13_CLOM'])
[u'', u'', u'', u'', u'', u'', u'', u'', u'', u'', u'', u'', u'']
check '' ''
[u'AMFI401_YEAR_2018', u'AMFI401_YEAR_2017', u'AMFI401', u'ADVANCED MARKETING FINANCE IV', u'BTMKT1', u'BT: MARKETING', u'11', u'YEAR', u'D1', u'Durban Campus Full-time', u'A', u'40000799:MARIMUTHU', 1.0]
check 'AMFI401_YEAR_2018' 'AMFI401'
processXLS: only for SEM2 [u'AMFI401_YEAR_2018', u'AMFI401_YEAR_2017', u'AMFI401', u'ADVANCED MARKETING FINANCE IV', u'BTMKT1', u'BT: MARKETING', u'11', u'YEAR', u'D1', u'Durban Campus Full-time', u'A', u'40000799:MARIMUTHU', 1.0]
[u'AMFI401_YEAR_2018', u'AMFI401_YEAR_2017', u'AMFI401', u'ADVANCED MARKETING FINANCE IV', u'BTMKT1', u'BT: MARKETING', u'11', u'YEAR', u'D3', u'Durban Campus Part-time', u'A', u'40000799:MARIMUTHU', 1.0]
check 'AMFI401_YEAR_2018' 'AMFI401'
processXLS: only for SEM2 [u'AMFI401_YEAR_2018', u'AMFI401_YEAR_2017', u'AMFI401', u'ADVANCED MARKETING FINANCE IV', u'BTMKT1', u'BT: MARKETING', u'11', u'YEAR', u'D3', u'Durban Campus Part-time', u'A', u'40000799:MARIMUTHU', 1.0]
[u'', u'', u'', u'', u'', u'', u'', u'', u'', u'', u'', u'', u'']
check '' ''
[u'FNLM401_YEAR_2018', u'FNLM401_YEAR_2017', u'FNLM401', u'FINANCIAL MANAGEMENT IV', u'BTMNG1', u'BT: MANAGEMENT', u'11', u'YEAR', u'D3', u'Durban Campus Part-time', u'A', u'50031427:YEARWOOD', 1.0]
check 'FNLM401_YEAR_2018' 'FNLM401'
processXLS: only for SEM2 [u'FNLM401_YEAR_2018', u'FNLM401_YEAR_2017', u'FNLM401', u'FINANCIAL MANAGEMENT IV', u'BTMNG1', u'BT: MANAGEMENT', u'11', u'YEAR', u'D3', u'Durban Campus Part-time', u'A', u'50031427:YEARWOOD', 1.0]
[u'', u'', u'', u'', u'', u'', u'', u'', u'', u'', u'', u'', u'']
check '' ''
[u'FNLM401_SEM1_2018', u'FNLM401_SEM1_2017', u'FNLM401', u'FINANCIAL MANAGEMENT IV', u'BTCAD1', u'BT: CORPORATE ADMINISTRATION', u'21', u'SEMESTER 1', u'D1', u'Durban Campus Full-time', u'A', u'50031427:YEARWOOD; 40000799:MARIMUTHU', 2.0]
check 'FNLM401_SEM1_2018' 'FNLM401'
processXLS: only for SEM2 [u'FNLM401_SEM1_2018', u'FNLM401_SEM1_2017', u'FNLM401', u'FINANCIAL MANAGEMENT IV', u'BTCAD1', u'BT: CORPORATE ADMINISTRATION', u'21', u'SEMESTER 1', u'D1', u'Durban Campus Full-time', u'A', u'50031427:YEARWOOD; 40000799:MARIMUTHU', 2.0]
[u'FNLM401_SEM1_2018', u'FNLM401_SEM1_2017', u'FNLM401', u'FINANCIAL MANAGEMENT IV', u'BTCAD1', u'BT: CORPORATE ADMINISTRATION', u'21', u'SEMESTER 1', u'D3', u'Durban Campus Part-time', u'A', u'50031427:YEARWOOD; 40000799:MARIMUTHU', 2.0]
check 'FNLM401_SEM1_2018' 'FNLM401'
processXLS: only for SEM2 [u'FNLM401_SEM1_2018', u'FNLM401_SEM1_2017', u'FNLM401', u'FINANCIAL MANAGEMENT IV', u'BTCAD1', u'BT: CORPORATE ADMINISTRATION', u'21', u'SEMESTER 1', u'D3', u'Durban Campus Part-time', u'A', u'50031427:YEARWOOD; 40000799:MARIMUTHU', 2.0]
[u'FNLM401_SEM1_2018', u'FNLM401_SEM1_2017', u'FNLM401', u'FINANCIAL MANAGEMENT IV', u'BTIAU2', u'BT: INTERNAL AUDITING', u'21', u'SEMESTER 1', u'D1', u'Durban Campus Full-time', u'A', u'50031427:YEARWOOD; 40000799:MARIMUTHU', 2.0]
check 'FNLM401_SEM1_2018' 'FNLM401'
processXLS: only for SEM2 [u'FNLM401_SEM1_2018', u'FNLM401_SEM1_2017', u'FNLM401', u'FINANCIAL MANAGEMENT IV', u'BTIAU2', u'BT: INTERNAL AUDITING', u'21', u'SEMESTER 1', u'D1', u'Durban Campus Full-time', u'A', u'50031427:YEARWOOD; 40000799:MARIMUTHU', 2.0]
[u'FNLM401_SEM1_2018', u'FNLM401_SEM1_2017', u'FNLM401', u'FINANCIAL MANAGEMENT IV', u'BTIAU2', u'BT: INTERNAL AUDITING', u'21', u'SEMESTER 1', u'D3', u'Durban Campus Part-time', u'A', u'50031427:YEARWOOD; 40000799:MARIMUTHU', 2.0]
check 'FNLM401_SEM1_2018' 'FNLM401'
processXLS: only for SEM2 [u'FNLM401_SEM1_2018', u'FNLM401_SEM1_2017', u'FNLM401', u'FINANCIAL MANAGEMENT IV', u'BTIAU2', u'BT: INTERNAL AUDITING', u'21', u'SEMESTER 1', u'D3', u'Durban Campus Part-time', u'A', u'50031427:YEARWOOD; 40000799:MARIMUTHU', 2.0]
[u'', u'', u'', u'', u'', u'', u'', u'', u'', u'', u'', u'', u'']
check '' ''
[u'FNLM413_SEM1_2018', u'FNLM413_SEM1_2017', u'FNLM413', u'FINANCIAL MANAGEMENT IV (MODULE 1)', u'BTCMA2', u'BT: COST AND MANAGEMENT ACCOUNTING', u'21', u'SEMESTER 1', u'D1', u'Durban Campus Full-time', u'A', u'50031427:YEARWOOD; 40000799:MARIMUTHU', 2.0]
check 'FNLM413_SEM1_2018' 'FNLM413'
processXLS: only for SEM2 [u'FNLM413_SEM1_2018', u'FNLM413_SEM1_2017', u'FNLM413', u'FINANCIAL MANAGEMENT IV (MODULE 1)', u'BTCMA2', u'BT: COST AND MANAGEMENT ACCOUNTING', u'21', u'SEMESTER 1', u'D1', u'Durban Campus Full-time', u'A', u'50031427:YEARWOOD; 40000799:MARIMUTHU', 2.0]
[u'FNLM413_SEM1_2018', u'FNLM413_SEM1_2017', u'FNLM413', u'FINANCIAL MANAGEMENT IV (MODULE 1)', u'BTCMA2', u'BT: COST AND MANAGEMENT ACCOUNTING', u'21', u'SEMESTER 1', u'D3', u'Durban Campus Part-time', u'A', u'50031427:YEARWOOD; 40000799:MARIMUTHU', 2.0]
check 'FNLM413_SEM1_2018' 'FNLM413'
processXLS: only for SEM2 [u'FNLM413_SEM1_2018', u'FNLM413_SEM1_2017', u'FNLM413', u'FINANCIAL MANAGEMENT IV (MODULE 1)', u'BTCMA2', u'BT: COST AND MANAGEMENT ACCOUNTING', u'21', u'SEMESTER 1', u'D3', u'Durban Campus Part-time', u'A', u'50031427:YEARWOOD; 40000799:MARIMUTHU', 2.0]
[u'FNLM413_SEM1_2018', u'FNLM413_SEM1_2017', u'FNLM413', u'FINANCIAL MANAGEMENT IV (MODULE 1)', u'BTFIS2', u'BT: FINANCIAL INFORMATION SYSTEMS', u'21', u'SEMESTER 1', u'D3', u'Durban Campus Part-time', u'A', u'50031427:YEARWOOD; 40000799:MARIMUTHU', 2.0]
check 'FNLM413_SEM1_2018' 'FNLM413'
processXLS: only for SEM2 [u'FNLM413_SEM1_2018', u'FNLM413_SEM1_2017', u'FNLM413', u'FINANCIAL MANAGEMENT IV (MODULE 1)', u'BTFIS2', u'BT: FINANCIAL INFORMATION SYSTEMS', u'21', u'SEMESTER 1', u'D3', u'Durban Campus Part-time', u'A', u'50031427:YEARWOOD; 40000799:MARIMUTHU', 2.0]
[u'', u'', u'', u'', u'', u'', u'', u'', u'', u'', u'', u'', u'']
check '' ''
[u'FNLM423_SEM2_2018', u'FNLM423_SEM2_2017', u'FNLM423', u'FINANCIAL MANAGEMENT IV (MODULE 2)', u'BTCMA2', u'BT: COST AND MANAGEMENT ACCOUNTING', u'22', u'SEMESTER 2', u'D1', u'Durban Campus Full-time', u'A', u'50031427:YEARWOOD; 40000799:MARIMUTHU', 2.0]
check 'FNLM423_SEM2_2018' 'FNLM423'
adding  FNLM423
requesting:  http://10.0.100.98:8000/bbinfo/matching_courses/FNLM423%25
r= <Response [200]>
matching classes= set([u'FNLM423_SEM2_2017', u'FNLM423_SEM2_2016', u'FNLM423_SEM2_2018', u'FNLM423_13_THOC', u'FNLM423_2013'])
[u'FNLM423_SEM2_2018', u'FNLM423_SEM2_2017', u'FNLM423', u'FINANCIAL MANAGEMENT IV (MODULE 2)', u'BTCMA2', u'BT: COST AND MANAGEMENT ACCOUNTING', u'22', u'SEMESTER 2', u'D3', u'Durban Campus Part-time', u'A', u'50031427:YEARWOOD; 40000799:MARIMUTHU', 2.0]
check 'FNLM423_SEM2_2018' 'FNLM423'
adding  FNLM423
requesting:  http://10.0.100.98:8000/bbinfo/matching_courses/FNLM423%25
r= <Response [200]>
matching classes= set([u'FNLM423_SEM2_2017', u'FNLM423_SEM2_2016', u'FNLM423_SEM2_2018', u'FNLM423_13_THOC', u'FNLM423_2013'])
[u'FNLM423_SEM2_2018', u'FNLM423_SEM2_2017', u'FNLM423', u'FINANCIAL MANAGEMENT IV (MODULE 2)', u'BTFIS2', u'BT: FINANCIAL INFORMATION SYSTEMS', u'22', u'SEMESTER 2', u'D3', u'Durban Campus Part-time', u'A', u'50031427:YEARWOOD; 40000799:MARIMUTHU', 2.0]
check 'FNLM423_SEM2_2018' 'FNLM423'
adding  FNLM423
requesting:  http://10.0.100.98:8000/bbinfo/matching_courses/FNLM423%25
r= <Response [200]>
matching classes= set([u'FNLM423_SEM2_2017', u'FNLM423_SEM2_2016', u'FNLM423_SEM2_2018', u'FNLM423_13_THOC', u'FNLM423_2013'])
[u'', u'', u'', u'', u'', u'', u'', u'', u'', u'', u'', u'', u'']
check '' ''
[u'FNMG411_SEM1_2018', u'FNMG411_SEM1_2017', u'FNMG411', u'FINANCIAL MANAGEMENT IV (MODULE 1)', u'BTTAX2', u'BT: TAXATION', u'21', u'SEMESTER 1', u'D1', u'Durban Campus Full-time', u'A', u'50031427:YEARWOOD; 40000799:MARIMUTHU', 2.0]
check 'FNMG411_SEM1_2018' 'FNMG411'
processXLS: only for SEM2 [u'FNMG411_SEM1_2018', u'FNMG411_SEM1_2017', u'FNMG411', u'FINANCIAL MANAGEMENT IV (MODULE 1)', u'BTTAX2', u'BT: TAXATION', u'21', u'SEMESTER 1', u'D1', u'Durban Campus Full-time', u'A', u'50031427:YEARWOOD; 40000799:MARIMUTHU', 2.0]
[u'FNMG411_SEM1_2018', u'FNMG411_SEM1_2017', u'FNMG411', u'FINANCIAL MANAGEMENT IV (MODULE 1)', u'BTTAX2', u'BT: TAXATION', u'21', u'SEMESTER 1', u'D3', u'Durban Campus Part-time', u'A', u'50031427:YEARWOOD; 40000799:MARIMUTHU', 2.0]
check 'FNMG411_SEM1_2018' 'FNMG411'
processXLS: only for SEM2 [u'FNMG411_SEM1_2018', u'FNMG411_SEM1_2017', u'FNMG411', u'FINANCIAL MANAGEMENT IV (MODULE 1)', u'BTTAX2', u'BT: TAXATION', u'21', u'SEMESTER 1', u'D3', u'Durban Campus Part-time', u'A', u'50031427:YEARWOOD; 40000799:MARIMUTHU', 2.0]
[u'', u'', u'', u'', u'', u'', u'', u'', u'', u'', u'', u'', u'']
check '' ''
[u'FNMG421_SEM2_2018', u'FNMG421_SEM2_2017', u'FNMG421', u'FINANCIAL MANAGEMENT IV (MODULE 2)', u'BTTAX2', u'BT: TAXATION', u'22', u'SEMESTER 2', u'D1', u'Durban Campus Full-time', u'A', u'50031427:YEARWOOD; 40000799:MARIMUTHU', 2.0]
check 'FNMG421_SEM2_2018' 'FNMG421'
adding  FNMG421
requesting:  http://10.0.100.98:8000/bbinfo/matching_courses/FNMG421%25
r= <Response [200]>
matching classes= set([u'FNMG421_2013', u'FNMG421_13_KHUN', u'FNMG421_SEM2_2016', u'FNMG421_SEM2_2017', u'FNMG421_SEM2_2018'])
[u'FNMG421_SEM2_2018', u'FNMG421_SEM2_2017', u'FNMG421', u'FINANCIAL MANAGEMENT IV (MODULE 2)', u'BTTAX2', u'BT: TAXATION', u'22', u'SEMESTER 2', u'D3', u'Durban Campus Part-time', u'A', u'50031427:YEARWOOD; 40000799:MARIMUTHU', 2.0]
check 'FNMG421_SEM2_2018' 'FNMG421'
adding  FNMG421
requesting:  http://10.0.100.98:8000/bbinfo/matching_courses/FNMG421%25
r= <Response [200]>
matching classes= set([u'FNMG421_2013', u'FNMG421_13_KHUN', u'FNMG421_SEM2_2016', u'FNMG421_SEM2_2017', u'FNMG421_SEM2_2018'])
[u'', u'', u'', u'', u'', u'', u'', u'', u'', u'', u'', u'', u'']
check '' ''
[u'MGTA411_SEM1_2018', u'MGTA411_SEM1_2017', u'MGTA411', u'MANAGEMENT ACCOUNTING IV (MODULE 1)', u'BTCMA2', u'BT: COST AND MANAGEMENT ACCOUNTING', u'21', u'SEMESTER 1', u'D1', u'Durban Campus Full-time', u'A', u'50008608:CLOETE;40000799:MARIMUTHU', 2.0]
check 'MGTA411_SEM1_2018' 'MGTA411'
processXLS: only for SEM2 [u'MGTA411_SEM1_2018', u'MGTA411_SEM1_2017', u'MGTA411', u'MANAGEMENT ACCOUNTING IV (MODULE 1)', u'BTCMA2', u'BT: COST AND MANAGEMENT ACCOUNTING', u'21', u'SEMESTER 1', u'D1', u'Durban Campus Full-time', u'A', u'50008608:CLOETE;40000799:MARIMUTHU', 2.0]
[u'MGTA411_SEM1_2018', u'MGTA411_SEM1_2017', u'MGTA411', u'MANAGEMENT ACCOUNTING IV (MODULE 1)', u'BTCMA2', u'BT: COST AND MANAGEMENT ACCOUNTING', u'21', u'SEMESTER 1', u'D3', u'Durban Campus Part-time', u'A', u'50008608:CLOETE;40000799:MARIMUTHU', 2.0]
check 'MGTA411_SEM1_2018' 'MGTA411'
processXLS: only for SEM2 [u'MGTA411_SEM1_2018', u'MGTA411_SEM1_2017', u'MGTA411', u'MANAGEMENT ACCOUNTING IV (MODULE 1)', u'BTCMA2', u'BT: COST AND MANAGEMENT ACCOUNTING', u'21', u'SEMESTER 1', u'D3', u'Durban Campus Part-time', u'A', u'50008608:CLOETE;40000799:MARIMUTHU', 2.0]
[u'MGTA411_SEM1_2018', u'MGTA411_SEM1_2017', u'MGTA411', u'MANAGEMENT ACCOUNTING IV (MODULE 1)', u'NODIP1', u'NON-DIPLOMA PURPOSE (ACCT & INFO)', u'21', u'SEMESTER 1', u'D7', u'DBN FULL-TIME NON-SUBSIDISED', u'A', u'50008608:CLOETE;40000799:MARIMUTHU', 2.0]
check 'MGTA411_SEM1_2018' 'MGTA411'
processXLS: only for SEM2 [u'MGTA411_SEM1_2018', u'MGTA411_SEM1_2017', u'MGTA411', u'MANAGEMENT ACCOUNTING IV (MODULE 1)', u'NODIP1', u'NON-DIPLOMA PURPOSE (ACCT & INFO)', u'21', u'SEMESTER 1', u'D7', u'DBN FULL-TIME NON-SUBSIDISED', u'A', u'50008608:CLOETE;40000799:MARIMUTHU', 2.0]
[u'', u'', u'', u'', u'', u'', u'', u'', u'', u'', u'', u'', u'']
check '' ''
[u'MGTA421_SEM2_2018', u'MGTA421_SEM2_2017', u'MGTA421', u'MANAGEMENT ACCOUNTING IV (MODULE 2)', u'BTCMA2', u'BT: COST AND MANAGEMENT ACCOUNTING', u'22', u'SEMESTER 2', u'D1', u'Durban Campus Full-time', u'A', u'50008608:CLOETE;40000799:MARIMUTHU', 2.0]
check 'MGTA421_SEM2_2018' 'MGTA421'
adding  MGTA421
requesting:  http://10.0.100.98:8000/bbinfo/matching_courses/MGTA421%25
r= <Response [200]>
matching classes= set([u'MGTA421_2013', u'MGTA421_13_GOVD', u'MGTA421_SEM2_2017', u'MGTA421_SEM2_2016', u'MGTA421_SEM2_2018', u'MGTA421_13_THOC'])
[u'MGTA421_SEM2_2018', u'MGTA421_SEM2_2017', u'MGTA421', u'MANAGEMENT ACCOUNTING IV (MODULE 2)', u'BTCMA2', u'BT: COST AND MANAGEMENT ACCOUNTING', u'22', u'SEMESTER 2', u'D3', u'Durban Campus Part-time', u'A', u'50008608:CLOETE;40000799:MARIMUTHU', 2.0]
check 'MGTA421_SEM2_2018' 'MGTA421'
adding  MGTA421
requesting:  http://10.0.100.98:8000/bbinfo/matching_courses/MGTA421%25
r= <Response [200]>
matching classes= set([u'MGTA421_2013', u'MGTA421_13_GOVD', u'MGTA421_SEM2_2017', u'MGTA421_SEM2_2016', u'MGTA421_SEM2_2018', u'MGTA421_13_THOC'])
[u'', u'', u'', u'', u'', u'', u'', u'', u'', u'', u'', u'', u'']
check '' ''
[u'RDCM511_YEAR_2018', u'RDCM511_YEAR_2017', u'RDCM511', u'RESEARCH PROJECT & DISSERTATION (1ST REG)', u'MSACM1', u'MASTER OF ACCOUNTING (COST & MAN ACC)', u'P0', u'POST-GRAD ANNUAL REGISTRATIONS', u'D1', u'Durban Campus Full-time', u'A', u'40000148:NAIDOO;40000799:MARIMUTHU', 2.0]
check 'RDCM511_YEAR_2018' 'RDCM511'
processXLS: only for SEM2 [u'RDCM511_YEAR_2018', u'RDCM511_YEAR_2017', u'RDCM511', u'RESEARCH PROJECT & DISSERTATION (1ST REG)', u'MSACM1', u'MASTER OF ACCOUNTING (COST & MAN ACC)', u'P0', u'POST-GRAD ANNUAL REGISTRATIONS', u'D1', u'Durban Campus Full-time', u'A', u'40000148:NAIDOO;40000799:MARIMUTHU', 2.0]
[u'', u'', u'', u'', u'', u'', u'', u'', u'', u'', u'', u'', u'']
check '' ''
[u'RDCM521_YEAR_2018', u'RDCM521_YEAR_2017', u'RDCM521', u'RESEARCH PROJECT & DISSERTATION (2ND REG)', u'MSACM1', u'MASTER OF ACCOUNTING (COST & MAN ACC)', u'P0', u'POST-GRAD ANNUAL REGISTRATIONS', u'D3', u'Durban Campus Part-time', u'A', u'40000148:NAIDOO;40000799:MARIMUTHU', 2.0]
check 'RDCM521_YEAR_2018' 'RDCM521'
processXLS: only for SEM2 [u'RDCM521_YEAR_2018', u'RDCM521_YEAR_2017', u'RDCM521', u'RESEARCH PROJECT & DISSERTATION (2ND REG)', u'MSACM1', u'MASTER OF ACCOUNTING (COST & MAN ACC)', u'P0', u'POST-GRAD ANNUAL REGISTRATIONS', u'D3', u'Durban Campus Part-time', u'A', u'40000148:NAIDOO;40000799:MARIMUTHU', 2.0]
[u'', u'', u'', u'', u'', u'', u'', u'', u'', u'', u'', u'', u'']
check '' ''
[u'RDCM531_YEAR_2018', u'RDCM531_YEAR_2017', u'RDCM531', u'RESEARCH PROJECT & DISSERTATION (3RD REG)', u'MSACM1', u'MASTER OF ACCOUNTING (COST & MAN ACC)', u'P0', u'POST-GRAD ANNUAL REGISTRATIONS', u'D1', u'Durban Campus Full-time', u'A', u'40000148:NAIDOO;40000799:MARIMUTHU', 2.0]
check 'RDCM531_YEAR_2018' 'RDCM531'
processXLS: only for SEM2 [u'RDCM531_YEAR_2018', u'RDCM531_YEAR_2017', u'RDCM531', u'RESEARCH PROJECT & DISSERTATION (3RD REG)', u'MSACM1', u'MASTER OF ACCOUNTING (COST & MAN ACC)', u'P0', u'POST-GRAD ANNUAL REGISTRATIONS', u'D1', u'Durban Campus Full-time', u'A', u'40000148:NAIDOO;40000799:MARIMUTHU', 2.0]
[u'RDCM531_YEAR_2018', u'RDCM531_YEAR_2017', u'RDCM531', u'RESEARCH PROJECT & DISSERTATION (3RD REG)', u'MSACM1', u'MASTER OF ACCOUNTING (COST & MAN ACC)', u'P0', u'POST-GRAD ANNUAL REGISTRATIONS', u'D3', u'Durban Campus Part-time', u'A', u'40000148:NAIDOO;40000799:MARIMUTHU', 2.0]
check 'RDCM531_YEAR_2018' 'RDCM531'
processXLS: only for SEM2 [u'RDCM531_YEAR_2018', u'RDCM531_YEAR_2017', u'RDCM531', u'RESEARCH PROJECT & DISSERTATION (3RD REG)', u'MSACM1', u'MASTER OF ACCOUNTING (COST & MAN ACC)', u'P0', u'POST-GRAD ANNUAL REGISTRATIONS', u'D3', u'Durban Campus Part-time', u'A', u'40000148:NAIDOO;40000799:MARIMUTHU', 2.0]
[u'', u'', u'', u'', u'', u'', u'', u'', u'', u'', u'', u'', u'']
check '' ''
[u'RPCA502_YEAR_2018', u'RPCA502_YEAR_2017', u'RPCA502', u'RESEARCH PROJECT AND DISSERTATION (YR 1 : FUL', u'MSACC1', u'MASTER OF ACCOUNTING', u'11', u'YEAR', u'D3', u'Durban Campus Part-time', u'A', u'40000148:NAIDOO;40000799:MARIMUTHU', 2.0]
check 'RPCA502_YEAR_2018' 'RPCA502'
processXLS: only for SEM2 [u'RPCA502_YEAR_2018', u'RPCA502_YEAR_2017', u'RPCA502', u'RESEARCH PROJECT AND DISSERTATION (YR 1 : FUL', u'MSACC1', u'MASTER OF ACCOUNTING', u'11', u'YEAR', u'D3', u'Durban Campus Part-time', u'A', u'40000148:NAIDOO;40000799:MARIMUTHU', 2.0]
[u'RPCA502_YEAR_2018', u'RPCA502_YEAR_2017', u'RPCA502', u'RESEARCH PROJECT AND DISSERTATION (YR 1 : FUL', u'MSACM1', u'MASTER OF ACCOUNTING (COST & MAN ACC)', u'11', u'YEAR', u'D1', u'Durban Campus Full-time', u'A', u'40000148:NAIDOO;40000799:MARIMUTHU', 2.0]
check 'RPCA502_YEAR_2018' 'RPCA502'
processXLS: only for SEM2 [u'RPCA502_YEAR_2018', u'RPCA502_YEAR_2017', u'RPCA502', u'RESEARCH PROJECT AND DISSERTATION (YR 1 : FUL', u'MSACM1', u'MASTER OF ACCOUNTING (COST & MAN ACC)', u'11', u'YEAR', u'D1', u'Durban Campus Full-time', u'A', u'40000148:NAIDOO;40000799:MARIMUTHU', 2.0]
[u'RPCA502_YEAR_2018', u'RPCA502_YEAR_2017', u'RPCA502', u'RESEARCH PROJECT AND DISSERTATION (YR 1 : FUL', u'MSACC1', u'MASTER OF ACCOUNTING', u'P0', u'POST-GRAD ANNUAL REGISTRATIONS', u'D1', u'Durban Campus Full-time', u'A', u'40000148:NAIDOO;40000799:MARIMUTHU', 2.0]
check 'RPCA502_YEAR_2018' 'RPCA502'
processXLS: only for SEM2 [u'RPCA502_YEAR_2018', u'RPCA502_YEAR_2017', u'RPCA502', u'RESEARCH PROJECT AND DISSERTATION (YR 1 : FUL', u'MSACC1', u'MASTER OF ACCOUNTING', u'P0', u'POST-GRAD ANNUAL REGISTRATIONS', u'D1', u'Durban Campus Full-time', u'A', u'40000148:NAIDOO;40000799:MARIMUTHU', 2.0]
[u'', u'', u'', u'', u'', u'', u'', u'', u'', u'', u'', u'', u'']
check '' ''
[u'RPCA512_YEAR_2018', u'RPCA512_YEAR_2017', u'RPCA512', u'RESEARCH PROJECT AND DISSERTATION (1ST REGIST', u'MSACC1', u'MASTER OF ACCOUNTING', u'11', u'YEAR', u'D3', u'Durban Campus Part-time', u'A', u'40000148:NAIDOO;40000799:MARIMUTHU', 2.0]
check 'RPCA512_YEAR_2018' 'RPCA512'
processXLS: only for SEM2 [u'RPCA512_YEAR_2018', u'RPCA512_YEAR_2017', u'RPCA512', u'RESEARCH PROJECT AND DISSERTATION (1ST REGIST', u'MSACC1', u'MASTER OF ACCOUNTING', u'11', u'YEAR', u'D3', u'Durban Campus Part-time', u'A', u'40000148:NAIDOO;40000799:MARIMUTHU', 2.0]
[u'', u'', u'', u'', u'', u'', u'', u'', u'', u'', u'', u'', u'']
check '' ''
[u'RPCA522_YEAR_2018', u'RPCA522_YEAR_2017', u'RPCA522', u'RESEARCH PROJECT AND DISSERTATION (SUCCESSIVE', u'MSACC1', u'MASTER OF ACCOUNTING', u'11', u'YEAR', u'D1', u'Durban Campus Full-time', u'A', u'40000148:NAIDOO;40000799:MARIMUTHU', 2.0]
check 'RPCA522_YEAR_2018' 'RPCA522'
processXLS: only for SEM2 [u'RPCA522_YEAR_2018', u'RPCA522_YEAR_2017', u'RPCA522', u'RESEARCH PROJECT AND DISSERTATION (SUCCESSIVE', u'MSACC1', u'MASTER OF ACCOUNTING', u'11', u'YEAR', u'D1', u'Durban Campus Full-time', u'A', u'40000148:NAIDOO;40000799:MARIMUTHU', 2.0]
[u'RPCA522_YEAR_2018', u'RPCA522_YEAR_2017', u'RPCA522', u'RESEARCH PROJECT AND DISSERTATION (SUCCESSIVE', u'MSACC1', u'MASTER OF ACCOUNTING', u'11', u'YEAR', u'D3', u'Durban Campus Part-time', u'A', u'40000148:NAIDOO;40000799:MARIMUTHU', 2.0]
check 'RPCA522_YEAR_2018' 'RPCA522'
processXLS: only for SEM2 [u'RPCA522_YEAR_2018', u'RPCA522_YEAR_2017', u'RPCA522', u'RESEARCH PROJECT AND DISSERTATION (SUCCESSIVE', u'MSACC1', u'MASTER OF ACCOUNTING', u'11', u'YEAR', u'D3', u'Durban Campus Part-time', u'A', u'40000148:NAIDOO;40000799:MARIMUTHU', 2.0]
[u'RPCA522_YEAR_2018', u'RPCA522_YEAR_2017', u'RPCA522', u'RESEARCH PROJECT AND DISSERTATION (SUCCESSIVE', u'MSACC1', u'MASTER OF ACCOUNTING', u'P0', u'POST-GRAD ANNUAL REGISTRATIONS', u'D3', u'Durban Campus Part-time', u'A', u'40000148:NAIDOO;40000799:MARIMUTHU', 1.0]
check 'RPCA522_YEAR_2018' 'RPCA522'
processXLS: only for SEM2 [u'RPCA522_YEAR_2018', u'RPCA522_YEAR_2017', u'RPCA522', u'RESEARCH PROJECT AND DISSERTATION (SUCCESSIVE', u'MSACC1', u'MASTER OF ACCOUNTING', u'P0', u'POST-GRAD ANNUAL REGISTRATIONS', u'D3', u'Durban Campus Part-time', u'A', u'40000148:NAIDOO;40000799:MARIMUTHU', 1.0]
[u'', u'', u'', u'', u'', u'', u'', u'', u'', u'', u'', u'', u'']
check '' ''
[u'FNCLMAN_YEAR_2018', u'FNCLMAN_YEAR_2017', u'FNCLMAN', u'FNCLMAN: FINANCIAL MANAGEMENT 2017', u'SCSHRM', u'SPECIALIST HUMAN RESOURCES', 31.0, u'TRIMESTER', u'D1', u'Durban Campus Full-time', u'A', u'50031427:YEARWOOD', 1.0]
check 'FNCLMAN_YEAR_2018' 'FNCLMAN'
processXLS: only for SEM2 [u'FNCLMAN_YEAR_2018', u'FNCLMAN_YEAR_2017', u'FNCLMAN', u'FNCLMAN: FINANCIAL MANAGEMENT 2017', u'SCSHRM', u'SPECIALIST HUMAN RESOURCES', 31.0, u'TRIMESTER', u'D1', u'Durban Campus Full-time', u'A', u'50031427:YEARWOOD', 1.0]
[u'', u'', u'', u'', u'', u'', u'', u'', u'', u'', u'', u'', u'']
check '' ''
[u'FFMN201_SEM2_2018', u'FFMN201_SEM2_2017', u'FFMN201', u'FFMN201: FINANCE FOR MANAGERS 2017', u'DIMRM1', u'DIPLOMA IN MANAGEMENT SCIENCES', 22.0, u'SEMESTER 2', u'D1', u'Durban', u'A', u'40000148:NAIDOO;40000799:MARIMUTHU', 2.0]
check 'FFMN201_SEM2_2018' 'FFMN201'
processXLS: only for SEM2 [u'FFMN201_SEM2_2018', u'FFMN201_SEM2_2017', u'FFMN201', u'FFMN201: FINANCE FOR MANAGERS 2017', u'DIMRM1', u'DIPLOMA IN MANAGEMENT SCIENCES', 22.0, u'SEMESTER 2', u'D1', u'Durban', u'A', u'40000148:NAIDOO;40000799:MARIMUTHU', 2.0]
[u'', u'', u'', u'', u'', u'', u'', u'', u'', u'', u'', u'', u'']
check '' ''
[u'NEW MODULES', u'', u'', u'', u'', u'', u'', u'', u'', u'', u'', u'', u'']
check 'NEW MODULES' ''
[u'COST201_YEAR_2018', u'COST201_YEAR_2017', u'COST201', u'COSTING 11', u'NDIND2', u'ND:INDUSTRIAL ENGINEERING', 21.0, u'SEMESTER 1', u'D1', u'Durban', u'A', u'40010223:NZUZA', u'']
check 'COST201_YEAR_2018' 'COST201'
processXLS: only for SEM2 [u'COST201_YEAR_2018', u'COST201_YEAR_2017', u'COST201', u'COSTING 11', u'NDIND2', u'ND:INDUSTRIAL ENGINEERING', 21.0, u'SEMESTER 1', u'D1', u'Durban', u'A', u'40010223:NZUZA', u'']
[u'COST201_YEAR_2018', u'COST201_YEAR_2017', u'COST201', u'COSTING 11', u'NDIND2', u'ND:INDUSTRIAL ENGINEERING', 22.0, u'SEMESTER 2', u'D1', u'Durban', u'A', u'40009771:MSOMI', u'']
check 'COST201_YEAR_2018' 'COST201'
processXLS: only for SEM2 [u'COST201_YEAR_2018', u'COST201_YEAR_2017', u'COST201', u'COSTING 11', u'NDIND2', u'ND:INDUSTRIAL ENGINEERING', 22.0, u'SEMESTER 2', u'D1', u'Durban', u'A', u'40009771:MSOMI', u'']
[u'FMGT403_YEAR_2018', u'FMGT403_YEAR_2017', u'FMGT403', u'FINANCIAL MANAGEMENT IV', u'BTBAD1', u'BT:BUSINESS ADMINISTRATION', 11.0, u'YEAR', u'D3', u'Durban', u'A', u'40008976:ZUNCKEL', u'']
check 'FMGT403_YEAR_2018' 'FMGT403'
processXLS: only for SEM2 [u'FMGT403_YEAR_2018', u'FMGT403_YEAR_2017', u'FMGT403', u'FINANCIAL MANAGEMENT IV', u'BTBAD1', u'BT:BUSINESS ADMINISTRATION', 11.0, u'YEAR', u'D3', u'Durban', u'A', u'40008976:ZUNCKEL', u'']
[u'FMGR101_YEAR_2018', u'FMGR101_YEAR_2017', u'FMGR101', u'FINANCE FOR MANAGERS', u'DIMBS1', u'ND:MANAGEMENT SCIENCES (BUSINESS ADMINISTRATION)', 21.0, u'SEMESTER 1', u'D1', u'Durban', u'A', u'50031427:YEARWOOD;40000799:MARIMUTHU', u'']
check 'FMGR101_YEAR_2018' 'FMGR101'
processXLS: only for SEM2 [u'FMGR101_YEAR_2018', u'FMGR101_YEAR_2017', u'FMGR101', u'FINANCE FOR MANAGERS', u'DIMBS1', u'ND:MANAGEMENT SCIENCES (BUSINESS ADMINISTRATION)', 21.0, u'SEMESTER 1', u'D1', u'Durban', u'A', u'50031427:YEARWOOD;40000799:MARIMUTHU', u'']
[u'FNMG201_YEAR_2018', u'FNMG201_YEAR_2017', u'FNMG201', u'FINANCIAL MANAGEMENT II', u'DIMBS1', u'ND:MANAGEMENT SCIENCES (BUSINESS ADMINISTRATION)', 22.0, u'SEMESTER 2', u'D1', u'Durban', u'A', u'50031427:YEARWOOD;40000799:MARIMUTHU', u'']
check 'FNMG201_YEAR_2018' 'FNMG201'
processXLS: only for SEM2 [u'FNMG201_YEAR_2018', u'FNMG201_YEAR_2017', u'FNMG201', u'FINANCIAL MANAGEMENT II', u'DIMBS1', u'ND:MANAGEMENT SCIENCES (BUSINESS ADMINISTRATION)', 22.0, u'SEMESTER 2', u'D1', u'Durban', u'A', u'50031427:YEARWOOD;40000799:MARIMUTHU', u'']
[u'INDA303_YEAR_2018', u'INDA303_YEAR_2017', u'INDA303', u'INDUSTRIAL ACCOUNTING 3', u'NDIND2', u'ND:INDUSTRIAL ENGINEERING', 22.0, u'SEMESTER 2', u'D1', u'Durban', u'A', u'40011181:SINGH', u'']
check 'INDA303_YEAR_2018' 'INDA303'
processXLS: only for SEM2 [u'INDA303_YEAR_2018', u'INDA303_YEAR_2017', u'INDA303', u'INDUSTRIAL ACCOUNTING 3', u'NDIND2', u'ND:INDUSTRIAL ENGINEERING', 22.0, u'SEMESTER 2', u'D1', u'Durban', u'A', u'40011181:SINGH', u'']
[u'...', u'', u'', u'', u'', u'', u'', u'', u'', u'', u'', u'', u'']
check '...' ''
[u'New subjects for 2018', u'', u'', u'', u'', u'', u'', u'', u'', u'', u'', u'', u'']
check 'New subjects for 2018' ''
[u'MACE101_SEM1_2018', u'template_2018', u'MACE101', u'MANAGEMENT ACCOUNTING FOR ENGINEERS', u'BNIND1', u'B ENGINEERING TECHNOLOGY IN IND ENG', u'21', u'SEM1', u'D1', u'OTNAME', u'A', u'', u'']
check 'MACE101_SEM1_2018' 'MACE101'
processXLS: only for SEM2 [u'MACE101_SEM1_2018', u'template_2018', u'MACE101', u'MANAGEMENT ACCOUNTING FOR ENGINEERS', u'BNIND1', u'B ENGINEERING TECHNOLOGY IN IND ENG', u'21', u'SEM1', u'D1', u'OTNAME', u'A', u'', u'']
[u'FNMG301_YEAR_2018', u'template_2018', u'FNMG301', u'FINANCIAL MANAGEMENT III', u'DIMBS1', u'ND:MANAGEMENT SCIENCES (BUSINESS ADMINISTRATION)', 21.0, u'SEMESTER 1', u'D1', u'Durban', u'A', u'50031427:YEARWOOD', u'']
check 'FNMG301_YEAR_2018' 'FNMG301'
processXLS: only for SEM2 [u'FNMG301_YEAR_2018', u'template_2018', u'FNMG301', u'FINANCIAL MANAGEMENT III', u'DIMBS1', u'ND:MANAGEMENT SCIENCES (BUSINESS ADMINISTRATION)', 21.0, u'SEMESTER 1', u'D1', u'Durban', u'A', u'50031427:YEARWOOD', u'']
[u'APFM101_YEAR_2018', u'template_2018', u'APFM101', u'APPLIED FINANCIAL MANAGEMENT', u'DIMBS1', u'ND:MANAGEMENT SCIENCES (BUSINESS ADMINISTRATION)', 22.0, u'SEMESTER 2', u'D1', u'Durban', u'A', u'50031427:YEARWOOD', u'']
check 'APFM101_YEAR_2018' 'APFM101'
processXLS: only for SEM2 [u'APFM101_YEAR_2018', u'template_2018', u'APFM101', u'APPLIED FINANCIAL MANAGEMENT', u'DIMBS1', u'ND:MANAGEMENT SCIENCES (BUSINESS ADMINISTRATION)', 22.0, u'SEMESTER 2', u'D1', u'Durban', u'A', u'50031427:YEARWOOD', u'']
[u'ENSP101_YEAR_2018', u'template_2018', u'ENSP101', u'ENTREPRENEURIAL SPIRIT', u'DIIAD1', u'D: INFORMATION AND COMMUNICATIONS TECHNOLOGY', 22.0, u'SEMESTER 2', u'D1', u'Durban', u'A', u'50031427:YEARWOOD', u'']
check 'ENSP101_YEAR_2018' 'ENSP101'
processXLS: only for SEM2 [u'ENSP101_YEAR_2018', u'template_2018', u'ENSP101', u'ENTREPRENEURIAL SPIRIT', u'DIIAD1', u'D: INFORMATION AND COMMUNICATIONS TECHNOLOGY', 22.0, u'SEMESTER 2', u'D1', u'Durban', u'A', u'50031427:YEARWOOD', u'']
processXLS: finished processing workingSheets/data/BBC3204FinancialAccounting2017.xls
getWS: requesting:  http://10.0.100.98:8000/itsenrol/classlist/2018/22/CTAC101 rsp= <Response [200]>
getWS: requesting:  http://10.0.100.98:8000/bbinfo/classlist/CTAC101 rsp= <Response [200]>
getNewStudentsInSubject: ITS 354, BB 412 -> 351 new enrollments
getWS: requesting:  http://10.0.100.98:8000/itsenrol/classlist/2018/22/MGTA421 rsp= <Response [200]>
getWS: requesting:  http://10.0.100.98:8000/bbinfo/classlist/MGTA421 rsp= <Response [200]>
getNewStudentsInSubject: ITS 64, BB 2 -> 64 new enrollments
getWS: requesting:  http://10.0.100.98:8000/itsenrol/classlist/2018/22/BSTY201 rsp= <Response [200]>
getWS: requesting:  http://10.0.100.98:8000/bbinfo/classlist/BSTY201 rsp= <Response [200]>
getNewStudentsInSubject: ITS 62, BB 2 -> 62 new enrollments
getWS: requesting:  http://10.0.100.98:8000/itsenrol/classlist/2018/22/MGTA322 rsp= <Response [200]>
getWS: requesting:  http://10.0.100.98:8000/bbinfo/classlist/MGTA322 rsp= <Response [200]>
getNewStudentsInSubject: ITS 365, BB 9 -> 361 new enrollments
getWS: requesting:  http://10.0.100.98:8000/itsenrol/classlist/2018/22/FNMG421 rsp= <Response [200]>
getWS: requesting:  http://10.0.100.98:8000/bbinfo/classlist/FNMG421 rsp= <Response [200]>
getNewStudentsInSubject: ITS 48, BB 2 -> 48 new enrollments
getWS: requesting:  http://10.0.100.98:8000/itsenrol/classlist/2018/22/CTAC221 rsp= <Response [200]>
getWS: requesting:  http://10.0.100.98:8000/bbinfo/classlist/CTAC221 rsp= <Response [200]>
getNewStudentsInSubject: ITS 618, BB 19 -> 609 new enrollments
getWS: requesting:  http://10.0.100.98:8000/itsenrol/classlist/2018/22/FNLM423 rsp= <Response [200]>
getWS: requesting:  http://10.0.100.98:8000/bbinfo/classlist/FNLM423 rsp= <Response [200]>
getNewStudentsInSubject: ITS 84, BB 2 -> 84 new enrollments
main: Writing students...
main: Writing enrollments...
main: Finished processing workingSheets/data/BBC3204FinancialAccounting2017.xls
main: 7 subjects processed
main: 36 subject -> classroom maps
main: 1447 students
main: 1579 student enrollments 0 errors
0.35user 0.17system 0:04.47elapsed 11%CPU (0avgtext+0avgdata 68016maxresident)k
112inputs+504outputs (0major+7840minor)pagefaults 0swaps
POSTING SNAPSHOTS to SIS endpoint
TEST RUN, NOT POSTING BBSTUDENTS
TEST RUN, NOT POSTIN BBENROL
copy snapshot files to saved output
=== department done ===
syncing logs...
Pushing logs from logs/20180723111852 to remote...
sending incremental file list
./
BBC3204FinancialAccounting2017.BBENROL.txt
BBC3204FinancialAccounting2017.BBSTUDENTS.txt
BBC3204FinancialAccounting2017.Enrolomat.txt
BBC3204FinancialAccounting2017.Postlog.txt

sent 329643 bytes  received 91 bytes  31403.24 bytes/sec
total size is 2153826  speedup is 6.53
logging to logs/20180723111852
=== generate newenrollments for BBC3205ManagementAccounting2017. ===
GENERATE SNAPSHOTS...
./BBCIncrementalEnrollerX2.py : generating enrolment files for subjects in  workingSheets/data/BBC3205ManagementAccounting2017.xls
processXLS: start spreadsheet workingSheets/data/BBC3205ManagementAccounting2017.xls
[u'2018 Blackboard Classrooms for Department: 3205 - MANAGEMENT ACCOUNTING', u'', u'', u'', u'', u'', u'', u'', u'', u'', u'', u'', u'']
check '2018 Blackboard Classrooms for Department: 3205 - MANAGEMENT ACCOUNTING' ''
[u'BB Classroom', u'Migrate Classroom', u'ITS Subject', u'', u'ITS Qualification', u'', u'Block', u'', u'Off Type', u'', u'Grp', u'Lecturer(s)', u'2016 Enrol']
check 'BB Classroom' 'ITS Subject'
[u'AMKT101_YEAR_2018', u'AMKT101_YEAR_2017', u'AMKT101', u'ACCOUNTING FOR MARKETERS I', u'NDMKT1', u'ND: MARKETING', u'11', u'YEAR', u'D1', u'Durban Campus Full-time', u'A', u'40000799:MARIMUTHU', 30.0]
check 'AMKT101_YEAR_2018' 'AMKT101'
processXLS: only for SEM2 [u'AMKT101_YEAR_2018', u'AMKT101_YEAR_2017', u'AMKT101', u'ACCOUNTING FOR MARKETERS I', u'NDMKT1', u'ND: MARKETING', u'11', u'YEAR', u'D1', u'Durban Campus Full-time', u'A', u'40000799:MARIMUTHU', 30.0]
[u'AMKT101_YEAR_2018', u'AMKT101_YEAR_2017', u'AMKT101', u'ACCOUNTING FOR MARKETERS I', u'NDMKT1', u'ND: MARKETING', u'11', u'YEAR', u'D1', u'Durban Campus Full-time', u'8', u'40000799:MARIMUTHU', 4.0]
check 'AMKT101_YEAR_2018' 'AMKT101'
processXLS: only for SEM2 [u'AMKT101_YEAR_2018', u'AMKT101_YEAR_2017', u'AMKT101', u'ACCOUNTING FOR MARKETERS I', u'NDMKT1', u'ND: MARKETING', u'11', u'YEAR', u'D1', u'Durban Campus Full-time', u'8', u'40000799:MARIMUTHU', 4.0]
[u'', u'', u'', u'', u'', u'', u'', u'', u'', u'', u'', u'', u'']
check '' ''
[u'APRP101_YEAR_2018', u'APRP101_YEAR_2017', u'APRP101', u'ACCOUNTING PROFESSIONAL PRACTICE', u'NDACF1', u'ND: ACCOUNTING (4 YEARS)', u'11', u'YEAR', u'D1', u'Durban Campus Full-time', u'A', u'40011181:SINGH;40000799:MARIMUTHU', 53.0]
check 'APRP101_YEAR_2018' 'APRP101'
processXLS: only for SEM2 [u'APRP101_YEAR_2018', u'APRP101_YEAR_2017', u'APRP101', u'ACCOUNTING PROFESSIONAL PRACTICE', u'NDACF1', u'ND: ACCOUNTING (4 YEARS)', u'11', u'YEAR', u'D1', u'Durban Campus Full-time', u'A', u'40011181:SINGH;40000799:MARIMUTHU', 53.0]
[u'APRP101_YEAR_2018', u'APRP101_YEAR_2017', u'APRP101', u'ACCOUNTING PROFESSIONAL PRACTICE', u'NDCAF2', u'ND: COST & MANAGEMENT ACCT (4 YEARS)', u'11', u'YEAR', u'D1', u'Durban Campus Full-time', u'A', u'40011181:SINGH;40000799:MARIMUTHU', 71.0]
check 'APRP101_YEAR_2018' 'APRP101'
processXLS: only for SEM2 [u'APRP101_YEAR_2018', u'APRP101_YEAR_2017', u'APRP101', u'ACCOUNTING PROFESSIONAL PRACTICE', u'NDCAF2', u'ND: COST & MANAGEMENT ACCT (4 YEARS)', u'11', u'YEAR', u'D1', u'Durban Campus Full-time', u'A', u'40011181:SINGH;40000799:MARIMUTHU', 71.0]
[u'', u'', u'', u'', u'', u'', u'', u'', u'', u'', u'', u'', u'']
check '' ''
[u'CTAC101_SEM1_2018', u'CTAC101_SEM1_2017', u'CTAC101', u'COST ACCOUNTING I', u'NDACC3', u'ND: ACCOUNTING', u'21', u'SEMESTER 1', u'D1', u'Durban Campus Full-time', u'A', u'40000799:MARIMUTHU;40009437:ABDUL LATIFF;40008976:ZUNCKEL', 1.0]
check 'CTAC101_SEM1_2018' 'CTAC101'
processXLS: only for SEM2 [u'CTAC101_SEM1_2018', u'CTAC101_SEM1_2017', u'CTAC101', u'COST ACCOUNTING I', u'NDACC3', u'ND: ACCOUNTING', u'21', u'SEMESTER 1', u'D1', u'Durban Campus Full-time', u'A', u'40000799:MARIMUTHU;40009437:ABDUL LATIFF;40008976:ZUNCKEL', 1.0]
[u'CTAC101_SEM1_2018', u'CTAC101_SEM1_2017', u'CTAC101', u'COST ACCOUNTING I', u'NDACC3', u'ND: ACCOUNTING', u'21', u'SEMESTER 1', u'D3', u'Durban Campus Part-time', u'A', u'40000799:MARIMUTHU;40009437:ABDUL LATIFF;40008976:ZUNCKEL', 2.0]
check 'CTAC101_SEM1_2018' 'CTAC101'
processXLS: only for SEM2 [u'CTAC101_SEM1_2018', u'CTAC101_SEM1_2017', u'CTAC101', u'COST ACCOUNTING I', u'NDACC3', u'ND: ACCOUNTING', u'21', u'SEMESTER 1', u'D3', u'Durban Campus Part-time', u'A', u'40000799:MARIMUTHU;40009437:ABDUL LATIFF;40008976:ZUNCKEL', 2.0]
[u'CTAC101_SEM1_2018', u'CTAC101_SEM1_2017', u'CTAC101', u'COST ACCOUNTING I', u'NDCAF1', u'ND: COST & MANAGEMENT ACCT (4 YEARS)', u'21', u'SEMESTER 1', u'D1', u'Durban Campus Full-time', u'A', u'40000799:MARIMUTHU;40009437:ABDUL LATIFF;40008976:ZUNCKEL', 1.0]
check 'CTAC101_SEM1_2018' 'CTAC101'
processXLS: only for SEM2 [u'CTAC101_SEM1_2018', u'CTAC101_SEM1_2017', u'CTAC101', u'COST ACCOUNTING I', u'NDCAF1', u'ND: COST & MANAGEMENT ACCT (4 YEARS)', u'21', u'SEMESTER 1', u'D1', u'Durban Campus Full-time', u'A', u'40000799:MARIMUTHU;40009437:ABDUL LATIFF;40008976:ZUNCKEL', 1.0]
[u'CTAC101_SEM1_2018', u'CTAC101_SEM1_2017', u'CTAC101', u'COST ACCOUNTING I', u'NDCAF2', u'ND: COST & MANAGEMENT ACCT (4 YEARS)', u'21', u'SEMESTER 1', u'D1', u'Durban Campus Full-time', u'A', u'40000799:MARIMUTHU;40009437:ABDUL LATIFF;40008976:ZUNCKEL', 32.0]
check 'CTAC101_SEM1_2018' 'CTAC101'
processXLS: only for SEM2 [u'CTAC101_SEM1_2018', u'CTAC101_SEM1_2017', u'CTAC101', u'COST ACCOUNTING I', u'NDCAF2', u'ND: COST & MANAGEMENT ACCT (4 YEARS)', u'21', u'SEMESTER 1', u'D1', u'Durban Campus Full-time', u'A', u'40000799:MARIMUTHU;40009437:ABDUL LATIFF;40008976:ZUNCKEL', 32.0]
[u'CTAC101_SEM1_2018', u'CTAC101_SEM1_2017', u'CTAC101', u'COST ACCOUNTING I', u'NDCMA3', u'ND: COST AND MANAGEMENT ACCOUNTING', u'21', u'SEMESTER 1', u'D1', u'Durban Campus Full-time', u'A', u'40011181:SINGH;40000799:MARIMUTHU;40010223:NZUZA;40009437:ABDUL LATIFF;40010520:Nyide;50008608:CLOETE;40008976:ZUNCKEL', 196.0]
check 'CTAC101_SEM1_2018' 'CTAC101'
processXLS: only for SEM2 [u'CTAC101_SEM1_2018', u'CTAC101_SEM1_2017', u'CTAC101', u'COST ACCOUNTING I', u'NDCMA3', u'ND: COST AND MANAGEMENT ACCOUNTING', u'21', u'SEMESTER 1', u'D1', u'Durban Campus Full-time', u'A', u'40011181:SINGH;40000799:MARIMUTHU;40010223:NZUZA;40009437:ABDUL LATIFF;40010520:Nyide;50008608:CLOETE;40008976:ZUNCKEL', 196.0]
[u'CTAC101_SEM1_2018', u'CTAC101_SEM1_2017', u'CTAC101', u'COST ACCOUNTING I', u'NDIAF1', u'ND: INTERNAL AUDITING (4 YEARS)', u'21', u'SEMESTER 1', u'D1', u'Durban Campus Full-time', u'A', u'40011181:SINGH;40000799:MARIMUTHU;40010223:NZUZA;40009437:ABDUL LATIFF;40010520:Nyide;50008608:CLOETE;40008976:ZUNCKEL', 23.0]
check 'CTAC101_SEM1_2018' 'CTAC101'
processXLS: only for SEM2 [u'CTAC101_SEM1_2018', u'CTAC101_SEM1_2017', u'CTAC101', u'COST ACCOUNTING I', u'NDIAF1', u'ND: INTERNAL AUDITING (4 YEARS)', u'21', u'SEMESTER 1', u'D1', u'Durban Campus Full-time', u'A', u'40011181:SINGH;40000799:MARIMUTHU;40010223:NZUZA;40009437:ABDUL LATIFF;40010520:Nyide;50008608:CLOETE;40008976:ZUNCKEL', 23.0]
[u'CTAC101_SEM1_2018', u'CTAC101_SEM1_2017', u'CTAC101', u'COST ACCOUNTING I', u'NDIAU3', u'ND: INTERNAL AUDITING', u'21', u'SEMESTER 1', u'D1', u'Durban Campus Full-time', u'A', u'40011181:SINGH;40000799:MARIMUTHU;40010223:NZUZA;40009437:ABDUL LATIFF;40010520:Nyide;50008608:CLOETE;40008976:ZUNCKEL', 101.0]
check 'CTAC101_SEM1_2018' 'CTAC101'
processXLS: only for SEM2 [u'CTAC101_SEM1_2018', u'CTAC101_SEM1_2017', u'CTAC101', u'COST ACCOUNTING I', u'NDIAU3', u'ND: INTERNAL AUDITING', u'21', u'SEMESTER 1', u'D1', u'Durban Campus Full-time', u'A', u'40011181:SINGH;40000799:MARIMUTHU;40010223:NZUZA;40009437:ABDUL LATIFF;40010520:Nyide;50008608:CLOETE;40008976:ZUNCKEL', 101.0]
[u'CTAC101_SEM1_2018', u'CTAC101_SEM1_2017', u'CTAC101', u'COST ACCOUNTING I', u'NDTAX3', u'ND: TAXATION', u'21', u'SEMESTER 1', u'D1', u'Durban Campus Full-time', u'A', u'40011181:SINGH;40000799:MARIMUTHU;40010223:NZUZA;40009437:ABDUL LATIFF;40010520:Nyide;50008608:CLOETE;40008976:ZUNCKEL', 5.0]
check 'CTAC101_SEM1_2018' 'CTAC101'
processXLS: only for SEM2 [u'CTAC101_SEM1_2018', u'CTAC101_SEM1_2017', u'CTAC101', u'COST ACCOUNTING I', u'NDTAX3', u'ND: TAXATION', u'21', u'SEMESTER 1', u'D1', u'Durban Campus Full-time', u'A', u'40011181:SINGH;40000799:MARIMUTHU;40010223:NZUZA;40009437:ABDUL LATIFF;40010520:Nyide;50008608:CLOETE;40008976:ZUNCKEL', 5.0]
[u'', u'', u'', u'', u'', u'', u'', u'', u'', u'', u'', u'', u'']
check '' ''
[u'CTAC101_SEM2_2018', u'CTAC101_SEM2_2017', u'CTAC101', u'COST ACCOUNTING I', u'NDACC3', u'ND: ACCOUNTING', u'22', u'SEMESTER 2', u'D1', u'Durban Campus Full-time', u'A', u'40011181:SINGH;40000799:MARIMUTHU;40010223:NZUZA;40009437:ABDUL LATIFF;40010520:Nyide;50008608:CLOETE;40008976:ZUNCKEL', 186.0]
check 'CTAC101_SEM2_2018' 'CTAC101'
adding  CTAC101
requesting:  http://10.0.100.98:8000/bbinfo/matching_courses/CTAC101%25
r= <Response [200]>
matching classes= set([u'CTAC101_15_CLOM', u'CTAC101_13_CLOM', u'CTAC101_SEM1_2018', u'CTAC101_2013', u'CTAC101_ALL_2016', u'CTAC101_SEM2_2018', u'CTAC101_12_A', u'CTAC101_SEM1_2017', u'CTAC101_SEM2_2017', u'CTAC101_14_CLOM'])
[u'CTAC101_SEM2_2018', u'CTAC101_SEM2_2017', u'CTAC101', u'COST ACCOUNTING I', u'NDACC3', u'ND: ACCOUNTING', u'22', u'SEMESTER 2', u'D3', u'Durban Campus Part-time', u'A', u'40011181:SINGH;40000799:MARIMUTHU;40010223:NZUZA;40009437:ABDUL LATIFF;40010520:Nyide;50008608:CLOETE;40008976:ZUNCKEL', 29.0]
check 'CTAC101_SEM2_2018' 'CTAC101'
adding  CTAC101
requesting:  http://10.0.100.98:8000/bbinfo/matching_courses/CTAC101%25
r= <Response [200]>
matching classes= set([u'CTAC101_15_CLOM', u'CTAC101_13_CLOM', u'CTAC101_SEM1_2018', u'CTAC101_2013', u'CTAC101_ALL_2016', u'CTAC101_SEM2_2018', u'CTAC101_12_A', u'CTAC101_SEM1_2017', u'CTAC101_SEM2_2017', u'CTAC101_14_CLOM'])
[u'CTAC101_SEM2_2018', u'CTAC101_SEM2_2017', u'CTAC101', u'COST ACCOUNTING I', u'NDACF1', u'ND: ACCOUNTING (4 YEARS)', u'22', u'SEMESTER 2', u'D1', u'Durban Campus Full-time', u'A', u'40011181:SINGH;40000799:MARIMUTHU;40010223:NZUZA;40009437:ABDUL LATIFF;40010520:Nyide;50008608:CLOETE;40008976:ZUNCKEL', 55.0]
check 'CTAC101_SEM2_2018' 'CTAC101'
adding  CTAC101
requesting:  http://10.0.100.98:8000/bbinfo/matching_courses/CTAC101%25
r= <Response [200]>
matching classes= set([u'CTAC101_15_CLOM', u'CTAC101_13_CLOM', u'CTAC101_SEM1_2018', u'CTAC101_2013', u'CTAC101_ALL_2016', u'CTAC101_SEM2_2018', u'CTAC101_12_A', u'CTAC101_SEM1_2017', u'CTAC101_SEM2_2017', u'CTAC101_14_CLOM'])
[u'CTAC101_SEM2_2018', u'CTAC101_SEM2_2017', u'CTAC101', u'COST ACCOUNTING I', u'NDCMA3', u'ND: COST AND MANAGEMENT ACCOUNTING', u'22', u'SEMESTER 2', u'D1', u'Durban Campus Full-time', u'A', u'40011181:SINGH;40000799:MARIMUTHU;40010223:NZUZA;40009437:ABDUL LATIFF;40010520:Nyide;50008608:CLOETE;40008976:ZUNCKEL', 3.0]
check 'CTAC101_SEM2_2018' 'CTAC101'
adding  CTAC101
requesting:  http://10.0.100.98:8000/bbinfo/matching_courses/CTAC101%25
r= <Response [200]>
matching classes= set([u'CTAC101_15_CLOM', u'CTAC101_13_CLOM', u'CTAC101_SEM1_2018', u'CTAC101_2013', u'CTAC101_ALL_2016', u'CTAC101_SEM2_2018', u'CTAC101_12_A', u'CTAC101_SEM1_2017', u'CTAC101_SEM2_2017', u'CTAC101_14_CLOM'])
[u'CTAC101_SEM2_2018', u'CTAC101_SEM2_2017', u'CTAC101', u'COST ACCOUNTING I', u'NDFIS2', u'ND: FINANCIAL INFORMATION SYSTEMS', u'22', u'SEMESTER 2', u'D1', u'Durban Campus Full-time', u'A', u'40011181:SINGH;40000799:MARIMUTHU;40010223:NZUZA;40009437:ABDUL LATIFF;40010520:Nyide;50008608:CLOETE;40008976:ZUNCKEL', 7.0]
check 'CTAC101_SEM2_2018' 'CTAC101'
adding  CTAC101
requesting:  http://10.0.100.98:8000/bbinfo/matching_courses/CTAC101%25
r= <Response [200]>
matching classes= set([u'CTAC101_15_CLOM', u'CTAC101_13_CLOM', u'CTAC101_SEM1_2018', u'CTAC101_2013', u'CTAC101_ALL_2016', u'CTAC101_SEM2_2018', u'CTAC101_12_A', u'CTAC101_SEM1_2017', u'CTAC101_SEM2_2017', u'CTAC101_14_CLOM'])
[u'CTAC101_SEM2_2018', u'CTAC101_SEM2_2017', u'CTAC101', u'COST ACCOUNTING I', u'NDTAX3', u'ND: TAXATION', u'22', u'SEMESTER 2', u'D1', u'Durban Campus Full-time', u'A', u'40000799:MARIMUTHU;40009437:ABDUL LATIFF;40008976:ZUNCKEL', 76.0]
check 'CTAC101_SEM2_2018' 'CTAC101'
adding  CTAC101
requesting:  http://10.0.100.98:8000/bbinfo/matching_courses/CTAC101%25
r= <Response [200]>
matching classes= set([u'CTAC101_15_CLOM', u'CTAC101_13_CLOM', u'CTAC101_SEM1_2018', u'CTAC101_2013', u'CTAC101_ALL_2016', u'CTAC101_SEM2_2018', u'CTAC101_12_A', u'CTAC101_SEM1_2017', u'CTAC101_SEM2_2017', u'CTAC101_14_CLOM'])
[u'CTAC101_SEM2_2018', u'CTAC101_SEM2_2017', u'CTAC101', u'COST ACCOUNTING I', u'NDTXF1', u'ND: TAXATION (4YEARS)', u'22', u'SEMESTER 2', u'D1', u'Durban Campus Full-time', u'A', u'40000799:MARIMUTHU;40009437:ABDUL LATIFF;40008976:ZUNCKEL', 24.0]
check 'CTAC101_SEM2_2018' 'CTAC101'
adding  CTAC101
requesting:  http://10.0.100.98:8000/bbinfo/matching_courses/CTAC101%25
r= <Response [200]>
matching classes= set([u'CTAC101_15_CLOM', u'CTAC101_13_CLOM', u'CTAC101_SEM1_2018', u'CTAC101_2013', u'CTAC101_ALL_2016', u'CTAC101_SEM2_2018', u'CTAC101_12_A', u'CTAC101_SEM1_2017', u'CTAC101_SEM2_2017', u'CTAC101_14_CLOM'])
[u'', u'', u'', u'', u'', u'', u'', u'', u'', u'', u'', u'', u'']
check '' ''
[u'MAFN101_YEAR_2018', u'MAFN101_YEAR_2017', u'MAFN101', u'MANAGEMENT ACCOUNTING AND FINANCE I', u'BTRBM1', u'BT: RETAIL BUSINESS MANAGEMENT', u'11', u'YEAR', u'D1', u'Durban Campus Full-time', u'A', u'40000799:MARIMUTHU', 10.0]
check 'MAFN101_YEAR_2018' 'MAFN101'
processXLS: only for SEM2 [u'MAFN101_YEAR_2018', u'MAFN101_YEAR_2017', u'MAFN101', u'MANAGEMENT ACCOUNTING AND FINANCE I', u'BTRBM1', u'BT: RETAIL BUSINESS MANAGEMENT', u'11', u'YEAR', u'D1', u'Durban Campus Full-time', u'A', u'40000799:MARIMUTHU', 10.0]
[u'MAFN101_YEAR_2018', u'MAFN101_YEAR_2017', u'MAFN101', u'MANAGEMENT ACCOUNTING AND FINANCE I', u'BTRBM1', u'BT: RETAIL BUSINESS MANAGEMENT', u'11', u'YEAR', u'D3', u'Durban Campus Part-time', u'A', u'40000799:MARIMUTHU', 18.0]
check 'MAFN101_YEAR_2018' 'MAFN101'
processXLS: only for SEM2 [u'MAFN101_YEAR_2018', u'MAFN101_YEAR_2017', u'MAFN101', u'MANAGEMENT ACCOUNTING AND FINANCE I', u'BTRBM1', u'BT: RETAIL BUSINESS MANAGEMENT', u'11', u'YEAR', u'D3', u'Durban Campus Part-time', u'A', u'40000799:MARIMUTHU', 18.0]
[u'', u'', u'', u'', u'', u'', u'', u'', u'', u'', u'', u'', u'']
check '' ''
[u'PACC101_YEAR_2018', u'PACC101_YEAR_2017', u'PACC101', u'PRACTICAL ACCOUNTING I', u'NDRBM1', u'ND: RETAIL BUSINESS MANAGEMENT', u'11', u'YEAR', u'D1', u'Durban Campus Full-time', u'A', u'40000799:MARIMUTHU', 81.0]
check 'PACC101_YEAR_2018' 'PACC101'
processXLS: only for SEM2 [u'PACC101_YEAR_2018', u'PACC101_YEAR_2017', u'PACC101', u'PRACTICAL ACCOUNTING I', u'NDRBM1', u'ND: RETAIL BUSINESS MANAGEMENT', u'11', u'YEAR', u'D1', u'Durban Campus Full-time', u'A', u'40000799:MARIMUTHU', 81.0]
[u'PACC101_YEAR_2018', u'PACC101_YEAR_2017', u'PACC101', u'PRACTICAL ACCOUNTING I', u'NODIP6', u'NON-DIPLOMA PURPOSE (MAN SC)', u'11', u'YEAR', u'D7', u'DBN FULL-TIME NON-SUBSIDISED', u'A', u'40000799:MARIMUTHU', 4.0]
check 'PACC101_YEAR_2018' 'PACC101'
processXLS: only for SEM2 [u'PACC101_YEAR_2018', u'PACC101_YEAR_2017', u'PACC101', u'PRACTICAL ACCOUNTING I', u'NODIP6', u'NON-DIPLOMA PURPOSE (MAN SC)', u'11', u'YEAR', u'D7', u'DBN FULL-TIME NON-SUBSIDISED', u'A', u'40000799:MARIMUTHU', 4.0]
[u'', u'', u'', u'', u'', u'', u'', u'', u'', u'', u'', u'', u'']
check '' ''
[u'QTLT101_SEM1_2018', u'QTLT101_SEM1_2017', u'QTLT101', u'QUANTITATIVE LITERACY', u'NDACF1', u'ND: ACCOUNTING (4 YEARS)', u'21', u'SEMESTER 1', u'D1', u'Durban Campus Full-time', u'A', u'40011181:SINGH;40000799:MARIMUTHU', 58.0]
check 'QTLT101_SEM1_2018' 'QTLT101'
processXLS: only for SEM2 [u'QTLT101_SEM1_2018', u'QTLT101_SEM1_2017', u'QTLT101', u'QUANTITATIVE LITERACY', u'NDACF1', u'ND: ACCOUNTING (4 YEARS)', u'21', u'SEMESTER 1', u'D1', u'Durban Campus Full-time', u'A', u'40011181:SINGH;40000799:MARIMUTHU', 58.0]
[u'QTLT101_SEM1_2018', u'QTLT101_SEM1_2017', u'QTLT101', u'QUANTITATIVE LITERACY', u'NDCAF2', u'ND: COST & MANAGEMENT ACCT (4 YEARS)', u'21', u'SEMESTER 1', u'D1', u'Durban Campus Full-time', u'A', u'40011181:SINGH;40000799:MARIMUTHU', 75.0]
check 'QTLT101_SEM1_2018' 'QTLT101'
processXLS: only for SEM2 [u'QTLT101_SEM1_2018', u'QTLT101_SEM1_2017', u'QTLT101', u'QUANTITATIVE LITERACY', u'NDCAF2', u'ND: COST & MANAGEMENT ACCT (4 YEARS)', u'21', u'SEMESTER 1', u'D1', u'Durban Campus Full-time', u'A', u'40011181:SINGH;40000799:MARIMUTHU', 75.0]
[u'QTLT101_SEM1_2018', u'QTLT101_SEM1_2017', u'QTLT101', u'QUANTITATIVE LITERACY', u'NDIAF1', u'ND: INTERNAL AUDITING (4 YEARS)', u'21', u'SEMESTER 1', u'D1', u'Durban Campus Full-time', u'A', u'40011181:SINGH;40000799:MARIMUTHU', 26.0]
check 'QTLT101_SEM1_2018' 'QTLT101'
processXLS: only for SEM2 [u'QTLT101_SEM1_2018', u'QTLT101_SEM1_2017', u'QTLT101', u'QUANTITATIVE LITERACY', u'NDIAF1', u'ND: INTERNAL AUDITING (4 YEARS)', u'21', u'SEMESTER 1', u'D1', u'Durban Campus Full-time', u'A', u'40011181:SINGH;40000799:MARIMUTHU', 26.0]
[u'QTLT101_SEM1_2018', u'QTLT101_SEM1_2017', u'QTLT101', u'QUANTITATIVE LITERACY', u'NDTXF1', u'ND: TAXATION (4YEARS)', u'21', u'SEMESTER 1', u'D1', u'Durban Campus Full-time', u'A', u'40011181:SINGH;40000799:MARIMUTHU', 26.0]
check 'QTLT101_SEM1_2018' 'QTLT101'
processXLS: only for SEM2 [u'QTLT101_SEM1_2018', u'QTLT101_SEM1_2017', u'QTLT101', u'QUANTITATIVE LITERACY', u'NDTXF1', u'ND: TAXATION (4YEARS)', u'21', u'SEMESTER 1', u'D1', u'Durban Campus Full-time', u'A', u'40011181:SINGH;40000799:MARIMUTHU', 26.0]
[u'', u'', u'', u'', u'', u'', u'', u'', u'', u'', u'', u'', u'']
check '' ''
[u'RSMT101_YEAR_2018', u'RSMT101_YEAR_2017', u'RSMT101', u'RESEARCH METHODOLOGY', u'BTCMA2', u'BT: COST AND MANAGEMENT ACCOUNTING', u'11', u'YEAR', u'D1', u'Durban Campus Full-time', u'A', u'40000148:NAIDOO;40000799:MARIMUTHU', 61.0]
check 'RSMT101_YEAR_2018' 'RSMT101'
processXLS: only for SEM2 [u'RSMT101_YEAR_2018', u'RSMT101_YEAR_2017', u'RSMT101', u'RESEARCH METHODOLOGY', u'BTCMA2', u'BT: COST AND MANAGEMENT ACCOUNTING', u'11', u'YEAR', u'D1', u'Durban Campus Full-time', u'A', u'40000148:NAIDOO;40000799:MARIMUTHU', 61.0]
[u'RSMT101_YEAR_2018', u'RSMT101_YEAR_2017', u'RSMT101', u'RESEARCH METHODOLOGY', u'BTCMA2', u'BT: COST AND MANAGEMENT ACCOUNTING', u'11', u'YEAR', u'D3', u'Durban Campus Part-time', u'A', u'40000148:NAIDOO;40000799:MARIMUTHU', 40.0]
check 'RSMT101_YEAR_2018' 'RSMT101'
processXLS: only for SEM2 [u'RSMT101_YEAR_2018', u'RSMT101_YEAR_2017', u'RSMT101', u'RESEARCH METHODOLOGY', u'BTCMA2', u'BT: COST AND MANAGEMENT ACCOUNTING', u'11', u'YEAR', u'D3', u'Durban Campus Part-time', u'A', u'40000148:NAIDOO;40000799:MARIMUTHU', 40.0]
[u'', u'', u'', u'', u'', u'', u'', u'', u'', u'', u'', u'', u'']
check '' ''
[u'BSTY201_SEM2_2018', u'BSTY201_SEM2_2017', u'BSTY201', u'BUSINESS STRATEGY II', u'BTCMA2', u'BT: COST AND MANAGEMENT ACCOUNTING', u'22', u'SEMESTER 2', u'D1', u'Durban Campus Full-time', u'A', u'40004073:NUNDEN;40000799:MARIMUTHU', 60.0]
check 'BSTY201_SEM2_2018' 'BSTY201'
adding  BSTY201
requesting:  http://10.0.100.98:8000/bbinfo/matching_courses/BSTY201%25
r= <Response [200]>
matching classes= set([u'BSTY201_2013', u'BSTY201_SEM2_2017', u'BSTY201_SEM2_2016', u'BSTY201_13_NUNN', u'BSTY201_13_KHUN', u'BSTY201_14_NUNN', u'BSTY201_SEM2_2018'])
[u'BSTY201_SEM2_2018', u'BSTY201_SEM2_2017', u'BSTY201', u'BUSINESS STRATEGY II', u'BTCMA2', u'BT: COST AND MANAGEMENT ACCOUNTING', u'22', u'SEMESTER 2', u'D3', u'Durban Campus Part-time', u'A', u'40004073:NUNDEN;40000799:MARIMUTHU', 30.0]
check 'BSTY201_SEM2_2018' 'BSTY201'
adding  BSTY201
requesting:  http://10.0.100.98:8000/bbinfo/matching_courses/BSTY201%25
r= <Response [200]>
matching classes= set([u'BSTY201_2013', u'BSTY201_SEM2_2017', u'BSTY201_SEM2_2016', u'BSTY201_13_NUNN', u'BSTY201_13_KHUN', u'BSTY201_14_NUNN', u'BSTY201_SEM2_2018'])
[u'', u'', u'', u'', u'', u'', u'', u'', u'', u'', u'', u'', u'']
check '' ''
[u'CTAC211_SEM1_2018', u'CTAC211_SEM1_2017', u'CTAC211', u'COST ACCOUNTING II (MODULE 1)', u'NDACC3', u'ND: ACCOUNTING', u'21', u'SEMESTER 1', u'D1', u'Durban Campus Full-time', u'A', u'40000799:MARIMUTHU;40010223:NZUZA;40004073:NUNDEN;40009160:MUNGAL;40009437:ABDUL LATIFF;', 212.0]
check 'CTAC211_SEM1_2018' 'CTAC211'
processXLS: only for SEM2 [u'CTAC211_SEM1_2018', u'CTAC211_SEM1_2017', u'CTAC211', u'COST ACCOUNTING II (MODULE 1)', u'NDACC3', u'ND: ACCOUNTING', u'21', u'SEMESTER 1', u'D1', u'Durban Campus Full-time', u'A', u'40000799:MARIMUTHU;40010223:NZUZA;40004073:NUNDEN;40009160:MUNGAL;40009437:ABDUL LATIFF;', 212.0]
[u'CTAC211_SEM1_2018', u'CTAC211_SEM1_2017', u'CTAC211', u'COST ACCOUNTING II (MODULE 1)', u'NDACC3', u'ND: ACCOUNTING', u'21', u'SEMESTER 1', u'D3', u'Durban Campus Part-time', u'A', u'40000799:MARIMUTHU;40010223:NZUZA;40004073:NUNDEN;40009160:MUNGAL;40009437:ABDUL LATIFF;', 21.0]
check 'CTAC211_SEM1_2018' 'CTAC211'
processXLS: only for SEM2 [u'CTAC211_SEM1_2018', u'CTAC211_SEM1_2017', u'CTAC211', u'COST ACCOUNTING II (MODULE 1)', u'NDACC3', u'ND: ACCOUNTING', u'21', u'SEMESTER 1', u'D3', u'Durban Campus Part-time', u'A', u'40000799:MARIMUTHU;40010223:NZUZA;40004073:NUNDEN;40009160:MUNGAL;40009437:ABDUL LATIFF;', 21.0]
[u'CTAC211_SEM1_2018', u'CTAC211_SEM1_2017', u'CTAC211', u'COST ACCOUNTING II (MODULE 1)', u'NDACF1', u'ND: ACCOUNTING (4 YEARS)', u'21', u'SEMESTER 1', u'D1', u'Durban Campus Full-time', u'A', u'40000799:MARIMUTHU;40010223:NZUZA;40004073:NUNDEN;40009160:MUNGAL;40009437:ABDUL LATIFF;', 48.0]
check 'CTAC211_SEM1_2018' 'CTAC211'
processXLS: only for SEM2 [u'CTAC211_SEM1_2018', u'CTAC211_SEM1_2017', u'CTAC211', u'COST ACCOUNTING II (MODULE 1)', u'NDACF1', u'ND: ACCOUNTING (4 YEARS)', u'21', u'SEMESTER 1', u'D1', u'Durban Campus Full-time', u'A', u'40000799:MARIMUTHU;40010223:NZUZA;40004073:NUNDEN;40009160:MUNGAL;40009437:ABDUL LATIFF;', 48.0]
[u'CTAC211_SEM1_2018', u'CTAC211_SEM1_2017', u'CTAC211', u'COST ACCOUNTING II (MODULE 1)', u'NDCAF1', u'ND: COST & MANAGEMENT ACCT (4 YEARS)', u'21', u'SEMESTER 1', u'D1', u'Durban Campus Full-time', u'A', u'40000799:MARIMUTHU;40010223:NZUZA;40004073:NUNDEN;40009160:MUNGAL;40009437:ABDUL LATIFF;', 1.0]
check 'CTAC211_SEM1_2018' 'CTAC211'
processXLS: only for SEM2 [u'CTAC211_SEM1_2018', u'CTAC211_SEM1_2017', u'CTAC211', u'COST ACCOUNTING II (MODULE 1)', u'NDCAF1', u'ND: COST & MANAGEMENT ACCT (4 YEARS)', u'21', u'SEMESTER 1', u'D1', u'Durban Campus Full-time', u'A', u'40000799:MARIMUTHU;40010223:NZUZA;40004073:NUNDEN;40009160:MUNGAL;40009437:ABDUL LATIFF;', 1.0]
[u'CTAC211_SEM1_2018', u'CTAC211_SEM1_2017', u'CTAC211', u'COST ACCOUNTING II (MODULE 1)', u'NDCAF2', u'ND: COST & MANAGEMENT ACCT (4 YEARS)', u'21', u'SEMESTER 1', u'D1', u'Durban Campus Full-time', u'A', u'40000799:MARIMUTHU;40010223:NZUZA;40004073:NUNDEN;40009160:MUNGAL;40009437:ABDUL LATIFF;', 21.0]
check 'CTAC211_SEM1_2018' 'CTAC211'
processXLS: only for SEM2 [u'CTAC211_SEM1_2018', u'CTAC211_SEM1_2017', u'CTAC211', u'COST ACCOUNTING II (MODULE 1)', u'NDCAF2', u'ND: COST & MANAGEMENT ACCT (4 YEARS)', u'21', u'SEMESTER 1', u'D1', u'Durban Campus Full-time', u'A', u'40000799:MARIMUTHU;40010223:NZUZA;40004073:NUNDEN;40009160:MUNGAL;40009437:ABDUL LATIFF;', 21.0]
[u'CTAC211_SEM1_2018', u'CTAC211_SEM1_2017', u'CTAC211', u'COST ACCOUNTING II (MODULE 1)', u'NDCMA3', u'ND: COST AND MANAGEMENT ACCOUNTING', u'21', u'SEMESTER 1', u'D1', u'Durban Campus Full-time', u'A', u'40000799:MARIMUTHU;40010223:NZUZA;40004073:NUNDEN;40009160:MUNGAL;40009437:ABDUL LATIFF;', 192.0]
check 'CTAC211_SEM1_2018' 'CTAC211'
processXLS: only for SEM2 [u'CTAC211_SEM1_2018', u'CTAC211_SEM1_2017', u'CTAC211', u'COST ACCOUNTING II (MODULE 1)', u'NDCMA3', u'ND: COST AND MANAGEMENT ACCOUNTING', u'21', u'SEMESTER 1', u'D1', u'Durban Campus Full-time', u'A', u'40000799:MARIMUTHU;40010223:NZUZA;40004073:NUNDEN;40009160:MUNGAL;40009437:ABDUL LATIFF;', 192.0]
[u'CTAC211_SEM1_2018', u'CTAC211_SEM1_2017', u'CTAC211', u'COST ACCOUNTING II (MODULE 1)', u'NDFIS2', u'ND: FINANCIAL INFORMATION SYSTEMS', u'21', u'SEMESTER 1', u'D1', u'Durban Campus Full-time', u'A', u'40000148:NAIDOO;40000072:SAYED;40000799:MARIMUTHU;40010223:NZUZA;40004073:NUNDEN;40009160:MUNGAL;40009437:ABDUL LATIFF;40008976:ZUNCKEL', 50.0]
check 'CTAC211_SEM1_2018' 'CTAC211'
processXLS: only for SEM2 [u'CTAC211_SEM1_2018', u'CTAC211_SEM1_2017', u'CTAC211', u'COST ACCOUNTING II (MODULE 1)', u'NDFIS2', u'ND: FINANCIAL INFORMATION SYSTEMS', u'21', u'SEMESTER 1', u'D1', u'Durban Campus Full-time', u'A', u'40000148:NAIDOO;40000072:SAYED;40000799:MARIMUTHU;40010223:NZUZA;40004073:NUNDEN;40009160:MUNGAL;40009437:ABDUL LATIFF;40008976:ZUNCKEL', 50.0]
[u'CTAC211_SEM1_2018', u'CTAC211_SEM1_2017', u'CTAC211', u'COST ACCOUNTING II (MODULE 1)', u'NDIAF1', u'ND: INTERNAL AUDITING (4 YEARS)', u'21', u'SEMESTER 1', u'D1', u'Durban Campus Full-time', u'A', u'40000799:MARIMUTHU;40010223:NZUZA;40004073:NUNDEN;40009160:MUNGAL;40009437:ABDUL LATIFF;', 19.0]
check 'CTAC211_SEM1_2018' 'CTAC211'
processXLS: only for SEM2 [u'CTAC211_SEM1_2018', u'CTAC211_SEM1_2017', u'CTAC211', u'COST ACCOUNTING II (MODULE 1)', u'NDIAF1', u'ND: INTERNAL AUDITING (4 YEARS)', u'21', u'SEMESTER 1', u'D1', u'Durban Campus Full-time', u'A', u'40000799:MARIMUTHU;40010223:NZUZA;40004073:NUNDEN;40009160:MUNGAL;40009437:ABDUL LATIFF;', 19.0]
[u'CTAC211_SEM1_2018', u'CTAC211_SEM1_2017', u'CTAC211', u'COST ACCOUNTING II (MODULE 1)', u'NDIAU3', u'ND: INTERNAL AUDITING', u'21', u'SEMESTER 1', u'D1', u'Durban Campus Full-time', u'A', u'40000799:MARIMUTHU;40010223:NZUZA;40004073:NUNDEN;40009160:MUNGAL;40009437:ABDUL LATIFF;', 76.0]
check 'CTAC211_SEM1_2018' 'CTAC211'
processXLS: only for SEM2 [u'CTAC211_SEM1_2018', u'CTAC211_SEM1_2017', u'CTAC211', u'COST ACCOUNTING II (MODULE 1)', u'NDIAU3', u'ND: INTERNAL AUDITING', u'21', u'SEMESTER 1', u'D1', u'Durban Campus Full-time', u'A', u'40000799:MARIMUTHU;40010223:NZUZA;40004073:NUNDEN;40009160:MUNGAL;40009437:ABDUL LATIFF;', 76.0]
[u'CTAC211_SEM1_2018', u'CTAC211_SEM1_2017', u'CTAC211', u'COST ACCOUNTING II (MODULE 1)', u'NDTAX3', u'ND: TAXATION', u'21', u'SEMESTER 1', u'D1', u'Durban Campus Full-time', u'A', u'40000799:MARIMUTHU;40010223:NZUZA;40004073:NUNDEN;40009160:MUNGAL;40009437:ABDUL LATIFF;', 62.0]
check 'CTAC211_SEM1_2018' 'CTAC211'
processXLS: only for SEM2 [u'CTAC211_SEM1_2018', u'CTAC211_SEM1_2017', u'CTAC211', u'COST ACCOUNTING II (MODULE 1)', u'NDTAX3', u'ND: TAXATION', u'21', u'SEMESTER 1', u'D1', u'Durban Campus Full-time', u'A', u'40000799:MARIMUTHU;40010223:NZUZA;40004073:NUNDEN;40009160:MUNGAL;40009437:ABDUL LATIFF;', 62.0]
[u'CTAC211_SEM1_2018', u'CTAC211_SEM1_2017', u'CTAC211', u'COST ACCOUNTING II (MODULE 1)', u'NDTXF1', u'ND: TAXATION (4YEARS)', u'21', u'SEMESTER 1', u'D1', u'Durban Campus Full-time', u'A', u'40000799:MARIMUTHU;40010223:NZUZA;40004073:NUNDEN;40009160:MUNGAL;40009437:ABDUL LATIFF;', 16.0]
check 'CTAC211_SEM1_2018' 'CTAC211'
processXLS: only for SEM2 [u'CTAC211_SEM1_2018', u'CTAC211_SEM1_2017', u'CTAC211', u'COST ACCOUNTING II (MODULE 1)', u'NDTXF1', u'ND: TAXATION (4YEARS)', u'21', u'SEMESTER 1', u'D1', u'Durban Campus Full-time', u'A', u'40000799:MARIMUTHU;40010223:NZUZA;40004073:NUNDEN;40009160:MUNGAL;40009437:ABDUL LATIFF;', 16.0]
[u'', u'', u'', u'', u'', u'', u'', u'', u'', u'', u'', u'', u'']
check '' ''
[u'CTAC211_SEM2_2018', u'CTAC211_SEM2_2017', u'CTAC211', u'COST ACCOUNTING II (MODULE 1)', u'NDCMA3', u'ND: COST AND MANAGEMENT ACCOUNTING', u'22', u'SEMESTER 2', u'D1', u'Durban Campus Full-time', u'A', u'40000799:MARIMUTHU;40010223:NZUZA;40009160:MUNGAL;40009437:ABDUL LATIFF;', 1.0]
check 'CTAC211_SEM2_2018' 'CTAC211'
adding  CTAC211
requesting:  http://10.0.100.98:8000/bbinfo/matching_courses/CTAC211%25
r= <Response [200]>
matching classes= set([u'CTAC211_SEM2_2017', u'CTAC211_2013', u'CTAC211_15_ZUNS', u'CTAC211_SEM1_2017', u'CTAC211_SEM1_2016', u'CTAC211_13_KHUN', u'CTAC211_SEM1_2018', u'CTAC211_14_ZUNS', u'CTAC211_SEM2_2018', u'CTAC211_13_NAIM'])
[u'', u'', u'', u'', u'', u'', u'', u'', u'', u'', u'', u'', u'']
check '' ''
[u'CTAC221_SEM2_2018', u'CTAC221_SEM2_2017', u'CTAC221', u'COST ACCOUNTING II (MODULE 2)', u'NDACC3', u'ND: ACCOUNTING', u'22', u'SEMESTER 2', u'D1', u'Durban Campus Full-time', u'A', u'40000799:MARIMUTHU;40010223:NZUZA;40009160:MUNGAL;40009437:ABDUL LATIFF;', 205.0]
check 'CTAC221_SEM2_2018' 'CTAC221'
adding  CTAC221
requesting:  http://10.0.100.98:8000/bbinfo/matching_courses/CTAC221%25
r= <Response [200]>
matching classes= set([u'CTAC221_14_ZUNS', u'CTAC221_13_KHUN', u'CTAC221_13_ZUNS', u'CTAC221_ALL_2016', u'CTAC221_15_ZUNS', u'CTAC221_SEM2_2018', u'CTAC221_SEM2_2017', u'CTAC221_15_KHUZ', u'CTAC221_2013'])
[u'CTAC221_SEM2_2018', u'CTAC221_SEM2_2017', u'CTAC221', u'COST ACCOUNTING II (MODULE 2)', u'NDACC3', u'ND: ACCOUNTING', u'22', u'SEMESTER 2', u'D3', u'Durban Campus Part-time', u'A', u'40000799:MARIMUTHU;40010223:NZUZA;40009160:MUNGAL;40009437:ABDUL LATIFF;', 23.0]
check 'CTAC221_SEM2_2018' 'CTAC221'
adding  CTAC221
requesting:  http://10.0.100.98:8000/bbinfo/matching_courses/CTAC221%25
r= <Response [200]>
matching classes= set([u'CTAC221_14_ZUNS', u'CTAC221_13_KHUN', u'CTAC221_13_ZUNS', u'CTAC221_ALL_2016', u'CTAC221_15_ZUNS', u'CTAC221_SEM2_2018', u'CTAC221_SEM2_2017', u'CTAC221_15_KHUZ', u'CTAC221_2013'])
[u'CTAC221_SEM2_2018', u'CTAC221_SEM2_2017', u'CTAC221', u'COST ACCOUNTING II (MODULE 2)', u'NDACF1', u'ND: ACCOUNTING (4 YEARS)', u'22', u'SEMESTER 2', u'D1', u'Durban Campus Full-time', u'A', u'40000799:MARIMUTHU;40010223:NZUZA;40009160:MUNGAL;40009437:ABDUL LATIFF;', 35.0]
check 'CTAC221_SEM2_2018' 'CTAC221'
adding  CTAC221
requesting:  http://10.0.100.98:8000/bbinfo/matching_courses/CTAC221%25
r= <Response [200]>
matching classes= set([u'CTAC221_14_ZUNS', u'CTAC221_13_KHUN', u'CTAC221_13_ZUNS', u'CTAC221_ALL_2016', u'CTAC221_15_ZUNS', u'CTAC221_SEM2_2018', u'CTAC221_SEM2_2017', u'CTAC221_15_KHUZ', u'CTAC221_2013'])
[u'CTAC221_SEM2_2018', u'CTAC221_SEM2_2017', u'CTAC221', u'COST ACCOUNTING II (MODULE 2)', u'NDCAF1', u'ND: COST & MANAGEMENT ACCT (4 YEARS)', u'22', u'SEMESTER 2', u'D1', u'Durban Campus Full-time', u'A', u'40000799:MARIMUTHU;40010223:NZUZA;40009160:MUNGAL;40009437:ABDUL LATIFF;', 3.0]
check 'CTAC221_SEM2_2018' 'CTAC221'
adding  CTAC221
requesting:  http://10.0.100.98:8000/bbinfo/matching_courses/CTAC221%25
r= <Response [200]>
matching classes= set([u'CTAC221_14_ZUNS', u'CTAC221_13_KHUN', u'CTAC221_13_ZUNS', u'CTAC221_ALL_2016', u'CTAC221_15_ZUNS', u'CTAC221_SEM2_2018', u'CTAC221_SEM2_2017', u'CTAC221_15_KHUZ', u'CTAC221_2013'])
[u'CTAC221_SEM2_2018', u'CTAC221_SEM2_2017', u'CTAC221', u'COST ACCOUNTING II (MODULE 2)', u'NDCAF2', u'ND: COST & MANAGEMENT ACCT (4 YEARS)', u'22', u'SEMESTER 2', u'D1', u'Durban Campus Full-time', u'A', u'40000799:MARIMUTHU;40010223:NZUZA;40009160:MUNGAL;40009437:ABDUL LATIFF;', 19.0]
check 'CTAC221_SEM2_2018' 'CTAC221'
adding  CTAC221
requesting:  http://10.0.100.98:8000/bbinfo/matching_courses/CTAC221%25
r= <Response [200]>
matching classes= set([u'CTAC221_14_ZUNS', u'CTAC221_13_KHUN', u'CTAC221_13_ZUNS', u'CTAC221_ALL_2016', u'CTAC221_15_ZUNS', u'CTAC221_SEM2_2018', u'CTAC221_SEM2_2017', u'CTAC221_15_KHUZ', u'CTAC221_2013'])
[u'CTAC221_SEM2_2018', u'CTAC221_SEM2_2017', u'CTAC221', u'COST ACCOUNTING II (MODULE 2)', u'NDCMA3', u'ND: COST AND MANAGEMENT ACCOUNTING', u'22', u'SEMESTER 2', u'D1', u'Durban Campus Full-time', u'A', u'40000799:MARIMUTHU;40010223:NZUZA;40009160:MUNGAL;40009437:ABDUL LATIFF;', 179.0]
check 'CTAC221_SEM2_2018' 'CTAC221'
adding  CTAC221
requesting:  http://10.0.100.98:8000/bbinfo/matching_courses/CTAC221%25
r= <Response [200]>
matching classes= set([u'CTAC221_14_ZUNS', u'CTAC221_13_KHUN', u'CTAC221_13_ZUNS', u'CTAC221_ALL_2016', u'CTAC221_15_ZUNS', u'CTAC221_SEM2_2018', u'CTAC221_SEM2_2017', u'CTAC221_15_KHUZ', u'CTAC221_2013'])
[u'CTAC221_SEM2_2018', u'CTAC221_SEM2_2017', u'CTAC221', u'COST ACCOUNTING II (MODULE 2)', u'NDFIS2', u'ND: FINANCIAL INFORMATION SYSTEMS', u'22', u'SEMESTER 2', u'D1', u'Durban Campus Full-time', u'A', u'40000148:NAIDOO;40000072:SAYED;40000799:MARIMUTHU;40009160:MUNGAL;40008976:ZUNCKEL', 49.0]
check 'CTAC221_SEM2_2018' 'CTAC221'
adding  CTAC221
requesting:  http://10.0.100.98:8000/bbinfo/matching_courses/CTAC221%25
r= <Response [200]>
matching classes= set([u'CTAC221_14_ZUNS', u'CTAC221_13_KHUN', u'CTAC221_13_ZUNS', u'CTAC221_ALL_2016', u'CTAC221_15_ZUNS', u'CTAC221_SEM2_2018', u'CTAC221_SEM2_2017', u'CTAC221_15_KHUZ', u'CTAC221_2013'])
[u'CTAC221_SEM2_2018', u'CTAC221_SEM2_2017', u'CTAC221', u'COST ACCOUNTING II (MODULE 2)', u'NDIAF1', u'ND: INTERNAL AUDITING (4 YEARS)', u'22', u'SEMESTER 2', u'D1', u'Durban Campus Full-time', u'A', u'40000799:MARIMUTHU;40010223:NZUZA;40009160:MUNGAL;40009437:ABDUL LATIFF;', 16.0]
check 'CTAC221_SEM2_2018' 'CTAC221'
adding  CTAC221
requesting:  http://10.0.100.98:8000/bbinfo/matching_courses/CTAC221%25
r= <Response [200]>
matching classes= set([u'CTAC221_14_ZUNS', u'CTAC221_13_KHUN', u'CTAC221_13_ZUNS', u'CTAC221_ALL_2016', u'CTAC221_15_ZUNS', u'CTAC221_SEM2_2018', u'CTAC221_SEM2_2017', u'CTAC221_15_KHUZ', u'CTAC221_2013'])
[u'CTAC221_SEM2_2018', u'CTAC221_SEM2_2017', u'CTAC221', u'COST ACCOUNTING II (MODULE 2)', u'NDIAU3', u'ND: INTERNAL AUDITING', u'22', u'SEMESTER 2', u'D1', u'Durban Campus Full-time', u'A', u'40000799:MARIMUTHU;40010223:NZUZA;40009160:MUNGAL;40009437:ABDUL LATIFF;', 78.0]
check 'CTAC221_SEM2_2018' 'CTAC221'
adding  CTAC221
requesting:  http://10.0.100.98:8000/bbinfo/matching_courses/CTAC221%25
r= <Response [200]>
matching classes= set([u'CTAC221_14_ZUNS', u'CTAC221_13_KHUN', u'CTAC221_13_ZUNS', u'CTAC221_ALL_2016', u'CTAC221_15_ZUNS', u'CTAC221_SEM2_2018', u'CTAC221_SEM2_2017', u'CTAC221_15_KHUZ', u'CTAC221_2013'])
[u'CTAC221_SEM2_2018', u'CTAC221_SEM2_2017', u'CTAC221', u'COST ACCOUNTING II (MODULE 2)', u'NDTAX3', u'ND: TAXATION', u'22', u'SEMESTER 2', u'D1', u'Durban Campus Full-time', u'A', u'40000799:MARIMUTHU;40010223:NZUZA;40009160:MUNGAL;40009437:ABDUL LATIFF;', 51.0]
check 'CTAC221_SEM2_2018' 'CTAC221'
adding  CTAC221
requesting:  http://10.0.100.98:8000/bbinfo/matching_courses/CTAC221%25
r= <Response [200]>
matching classes= set([u'CTAC221_14_ZUNS', u'CTAC221_13_KHUN', u'CTAC221_13_ZUNS', u'CTAC221_ALL_2016', u'CTAC221_15_ZUNS', u'CTAC221_SEM2_2018', u'CTAC221_SEM2_2017', u'CTAC221_15_KHUZ', u'CTAC221_2013'])
[u'CTAC221_SEM2_2018', u'CTAC221_SEM2_2017', u'CTAC221', u'COST ACCOUNTING II (MODULE 2)', u'NDTXF1', u'ND: TAXATION (4YEARS)', u'22', u'SEMESTER 2', u'D1', u'Durban Campus Full-time', u'A', u'40000799:MARIMUTHU;40010223:NZUZA;40009160:MUNGAL;40009437:ABDUL LATIFF;', 14.0]
check 'CTAC221_SEM2_2018' 'CTAC221'
adding  CTAC221
requesting:  http://10.0.100.98:8000/bbinfo/matching_courses/CTAC221%25
r= <Response [200]>
matching classes= set([u'CTAC221_14_ZUNS', u'CTAC221_13_KHUN', u'CTAC221_13_ZUNS', u'CTAC221_ALL_2016', u'CTAC221_15_ZUNS', u'CTAC221_SEM2_2018', u'CTAC221_SEM2_2017', u'CTAC221_15_KHUZ', u'CTAC221_2013'])
[u'', u'', u'', u'', u'', u'', u'', u'', u'', u'', u'', u'', u'']
check '' ''
[u'FMGT202_YEAR_2018', u'FMGT202_YEAR_2017', u'FMGT202', u'FINANCIAL MANAGEMENT II', u'NDMNG1', u'ND: MANAGEMENT', u'11', u'YEAR', u'D1', u'Durban Campus Full-time', u'A', u'40009437:ABDUL LATIFF;40012593:Lawa;40008976:ZUNCKEL', 75.0]
check 'FMGT202_YEAR_2018' 'FMGT202'
processXLS: only for SEM2 [u'FMGT202_YEAR_2018', u'FMGT202_YEAR_2017', u'FMGT202', u'FINANCIAL MANAGEMENT II', u'NDMNG1', u'ND: MANAGEMENT', u'11', u'YEAR', u'D1', u'Durban Campus Full-time', u'A', u'40009437:ABDUL LATIFF;40012593:Lawa;40008976:ZUNCKEL', 75.0]
[u'FMGT202_YEAR_2018', u'FMGT202_YEAR_2017', u'FMGT202', u'FINANCIAL MANAGEMENT II', u'NODIP6', u'NON-DIPLOMA PURPOSE (MAN SC)', u'11', u'YEAR', u'D7', u'DBN FULL-TIME NON-SUBSIDISED', u'A', u'40009437:ABDUL LATIFF;40012593:Lawa;40008976:ZUNCKEL', 18.0]
check 'FMGT202_YEAR_2018' 'FMGT202'
processXLS: only for SEM2 [u'FMGT202_YEAR_2018', u'FMGT202_YEAR_2017', u'FMGT202', u'FINANCIAL MANAGEMENT II', u'NODIP6', u'NON-DIPLOMA PURPOSE (MAN SC)', u'11', u'YEAR', u'D7', u'DBN FULL-TIME NON-SUBSIDISED', u'A', u'40009437:ABDUL LATIFF;40012593:Lawa;40008976:ZUNCKEL', 18.0]
[u'', u'', u'', u'', u'', u'', u'', u'', u'', u'', u'', u'', u'']
check '' ''
[u'FMGT301_YEAR_2018', u'FMGT301_YEAR_2017', u'FMGT301', u'FINANCIAL MANAGEMENT III', u'NDMNG1', u'ND: MANAGEMENT', u'11', u'YEAR', u'D1', u'Durban Campus Full-time', u'A', u'50031427:YEARWOOD', 71.0]
check 'FMGT301_YEAR_2018' 'FMGT301'
processXLS: only for SEM2 [u'FMGT301_YEAR_2018', u'FMGT301_YEAR_2017', u'FMGT301', u'FINANCIAL MANAGEMENT III', u'NDMNG1', u'ND: MANAGEMENT', u'11', u'YEAR', u'D1', u'Durban Campus Full-time', u'A', u'50031427:YEARWOOD', 71.0]
[u'FMGT301_YEAR_2018', u'FMGT301_YEAR_2017', u'FMGT301', u'FINANCIAL MANAGEMENT III', u'NODIP6', u'NON-DIPLOMA PURPOSE (MAN SC)', u'11', u'YEAR', u'D7', u'DBN FULL-TIME NON-SUBSIDISED', u'A', u'50031427:YEARWOOD', 15.0]
check 'FMGT301_YEAR_2018' 'FMGT301'
processXLS: only for SEM2 [u'FMGT301_YEAR_2018', u'FMGT301_YEAR_2017', u'FMGT301', u'FINANCIAL MANAGEMENT III', u'NODIP6', u'NON-DIPLOMA PURPOSE (MAN SC)', u'11', u'YEAR', u'D7', u'DBN FULL-TIME NON-SUBSIDISED', u'A', u'50031427:YEARWOOD', 15.0]
[u'FMGT301_YEAR_2018', u'FMGT301_YEAR_2017', u'FMGT301', u'FINANCIAL MANAGEMENT III', u'NODIP6', u'NON-DIPLOMA PURPOSE (MAN SC)', u'11', u'YEAR', u'D8', u'DBN PART-TIME NON-SUBSIDISED', u'A', u'50031427:YEARWOOD', 1.0]
check 'FMGT301_YEAR_2018' 'FMGT301'
processXLS: only for SEM2 [u'FMGT301_YEAR_2018', u'FMGT301_YEAR_2017', u'FMGT301', u'FINANCIAL MANAGEMENT III', u'NODIP6', u'NON-DIPLOMA PURPOSE (MAN SC)', u'11', u'YEAR', u'D8', u'DBN PART-TIME NON-SUBSIDISED', u'A', u'50031427:YEARWOOD', 1.0]
[u'', u'', u'', u'', u'', u'', u'', u'', u'', u'', u'', u'', u'']
check '' ''
[u'FPLC301_YEAR_2018', u'FPLC301_YEAR_2017', u'FPLC301', u'FINANCIAL PLANNING AND CONTROL III', u'BTOPM1', u'BT: OPERATIONS MANAGEMENT', u'11', u'YEAR', u'D3', u'Durban Campus Part-time', u'A', u'50031427:YEARWOOD', 123.0]
check 'FPLC301_YEAR_2018' 'FPLC301'
processXLS: only for SEM2 [u'FPLC301_YEAR_2018', u'FPLC301_YEAR_2017', u'FPLC301', u'FINANCIAL PLANNING AND CONTROL III', u'BTOPM1', u'BT: OPERATIONS MANAGEMENT', u'11', u'YEAR', u'D3', u'Durban Campus Part-time', u'A', u'50031427:YEARWOOD', 123.0]
[u'', u'', u'', u'', u'', u'', u'', u'', u'', u'', u'', u'', u'']
check '' ''
[u'MGTA312_SEM1_2018', u'MGTA312_SEM1_2017', u'MGTA312', u'MANAGEMENT ACCOUNTING III (MODULE 1)', u'BTIAU2', u'BT: INTERNAL AUDITING', u'21', u'SEMESTER 1', u'D1', u'Durban Campus Full-time', u'A', u';40000799:MARIMUTHU;40004073:NUNDEN;40010520:Nyide;50008608:CLOETE;40000148:NAIDOO', 55.0]
check 'MGTA312_SEM1_2018' 'MGTA312'
processXLS: only for SEM2 [u'MGTA312_SEM1_2018', u'MGTA312_SEM1_2017', u'MGTA312', u'MANAGEMENT ACCOUNTING III (MODULE 1)', u'BTIAU2', u'BT: INTERNAL AUDITING', u'21', u'SEMESTER 1', u'D1', u'Durban Campus Full-time', u'A', u';40000799:MARIMUTHU;40004073:NUNDEN;40010520:Nyide;50008608:CLOETE;40000148:NAIDOO', 55.0]
[u'MGTA312_SEM1_2018', u'MGTA312_SEM1_2017', u'MGTA312', u'MANAGEMENT ACCOUNTING III (MODULE 1)', u'BTIAU2', u'BT: INTERNAL AUDITING', u'21', u'SEMESTER 1', u'D3', u'Durban Campus Part-time', u'A', u';40000799:MARIMUTHU;40004073:NUNDEN;40010520:Nyide;50008608:CLOETE;40000148:NAIDOO', 20.0]
check 'MGTA312_SEM1_2018' 'MGTA312'
processXLS: only for SEM2 [u'MGTA312_SEM1_2018', u'MGTA312_SEM1_2017', u'MGTA312', u'MANAGEMENT ACCOUNTING III (MODULE 1)', u'BTIAU2', u'BT: INTERNAL AUDITING', u'21', u'SEMESTER 1', u'D3', u'Durban Campus Part-time', u'A', u';40000799:MARIMUTHU;40004073:NUNDEN;40010520:Nyide;50008608:CLOETE;40000148:NAIDOO', 20.0]
[u'MGTA312_SEM1_2018', u'MGTA312_SEM1_2017', u'MGTA312', u'MANAGEMENT ACCOUNTING III (MODULE 1)', u'NDACC3', u'ND: ACCOUNTING', u'21', u'SEMESTER 1', u'D1', u'Durban Campus Full-time', u'A', u';40000799:MARIMUTHU;40004073:NUNDEN;40010520:Nyide;50008608:CLOETE;40000148:NAIDOO', 172.0]
check 'MGTA312_SEM1_2018' 'MGTA312'
processXLS: only for SEM2 [u'MGTA312_SEM1_2018', u'MGTA312_SEM1_2017', u'MGTA312', u'MANAGEMENT ACCOUNTING III (MODULE 1)', u'NDACC3', u'ND: ACCOUNTING', u'21', u'SEMESTER 1', u'D1', u'Durban Campus Full-time', u'A', u';40000799:MARIMUTHU;40004073:NUNDEN;40010520:Nyide;50008608:CLOETE;40000148:NAIDOO', 172.0]
[u'MGTA312_SEM1_2018', u'MGTA312_SEM1_2017', u'MGTA312', u'MANAGEMENT ACCOUNTING III (MODULE 1)', u'NDACC3', u'ND: ACCOUNTING', u'21', u'SEMESTER 1', u'D3', u'Durban Campus Part-time', u'A', u';40000799:MARIMUTHU;40004073:NUNDEN;40010520:Nyide;50008608:CLOETE;40000148:NAIDOO', 15.0]
check 'MGTA312_SEM1_2018' 'MGTA312'
processXLS: only for SEM2 [u'MGTA312_SEM1_2018', u'MGTA312_SEM1_2017', u'MGTA312', u'MANAGEMENT ACCOUNTING III (MODULE 1)', u'NDACC3', u'ND: ACCOUNTING', u'21', u'SEMESTER 1', u'D3', u'Durban Campus Part-time', u'A', u';40000799:MARIMUTHU;40004073:NUNDEN;40010520:Nyide;50008608:CLOETE;40000148:NAIDOO', 15.0]
[u'MGTA312_SEM1_2018', u'MGTA312_SEM1_2017', u'MGTA312', u'MANAGEMENT ACCOUNTING III (MODULE 1)', u'NDACF1', u'ND: ACCOUNTING (4 YEARS)', u'21', u'SEMESTER 1', u'D1', u'Durban Campus Full-time', u'A', u';40000799:MARIMUTHU;40004073:NUNDEN;40010520:Nyide;50008608:CLOETE;40000148:NAIDOO', 16.0]
check 'MGTA312_SEM1_2018' 'MGTA312'
processXLS: only for SEM2 [u'MGTA312_SEM1_2018', u'MGTA312_SEM1_2017', u'MGTA312', u'MANAGEMENT ACCOUNTING III (MODULE 1)', u'NDACF1', u'ND: ACCOUNTING (4 YEARS)', u'21', u'SEMESTER 1', u'D1', u'Durban Campus Full-time', u'A', u';40000799:MARIMUTHU;40004073:NUNDEN;40010520:Nyide;50008608:CLOETE;40000148:NAIDOO', 16.0]
[u'MGTA312_SEM1_2018', u'MGTA312_SEM1_2017', u'MGTA312', u'MANAGEMENT ACCOUNTING III (MODULE 1)', u'NDCAF1', u'ND: COST & MANAGEMENT ACCT (4 YEARS)', u'21', u'SEMESTER 1', u'D1', u'Durban Campus Full-time', u'A', u';40000799:MARIMUTHU;40004073:NUNDEN;40010520:Nyide;50008608:CLOETE;40000148:NAIDOO', 1.0]
check 'MGTA312_SEM1_2018' 'MGTA312'
processXLS: only for SEM2 [u'MGTA312_SEM1_2018', u'MGTA312_SEM1_2017', u'MGTA312', u'MANAGEMENT ACCOUNTING III (MODULE 1)', u'NDCAF1', u'ND: COST & MANAGEMENT ACCT (4 YEARS)', u'21', u'SEMESTER 1', u'D1', u'Durban Campus Full-time', u'A', u';40000799:MARIMUTHU;40004073:NUNDEN;40010520:Nyide;50008608:CLOETE;40000148:NAIDOO', 1.0]
[u'MGTA312_SEM1_2018', u'MGTA312_SEM1_2017', u'MGTA312', u'MANAGEMENT ACCOUNTING III (MODULE 1)', u'NDCAF2', u'ND: COST & MANAGEMENT ACCT (4 YEARS)', u'21', u'SEMESTER 1', u'D1', u'Durban Campus Full-time', u'A', u';40000799:MARIMUTHU;40004073:NUNDEN;40010520:Nyide;50008608:CLOETE;40000148:NAIDOO', 27.0]
check 'MGTA312_SEM1_2018' 'MGTA312'
processXLS: only for SEM2 [u'MGTA312_SEM1_2018', u'MGTA312_SEM1_2017', u'MGTA312', u'MANAGEMENT ACCOUNTING III (MODULE 1)', u'NDCAF2', u'ND: COST & MANAGEMENT ACCT (4 YEARS)', u'21', u'SEMESTER 1', u'D1', u'Durban Campus Full-time', u'A', u';40000799:MARIMUTHU;40004073:NUNDEN;40010520:Nyide;50008608:CLOETE;40000148:NAIDOO', 27.0]
[u'MGTA312_SEM1_2018', u'MGTA312_SEM1_2017', u'MGTA312', u'MANAGEMENT ACCOUNTING III (MODULE 1)', u'NDCMA3', u'ND: COST AND MANAGEMENT ACCOUNTING', u'21', u'SEMESTER 1', u'D1', u'Durban Campus Full-time', u'A', u';40000799:MARIMUTHU;40004073:NUNDEN;40010520:Nyide;50008608:CLOETE;40000148:NAIDOO', 173.0]
check 'MGTA312_SEM1_2018' 'MGTA312'
processXLS: only for SEM2 [u'MGTA312_SEM1_2018', u'MGTA312_SEM1_2017', u'MGTA312', u'MANAGEMENT ACCOUNTING III (MODULE 1)', u'NDCMA3', u'ND: COST AND MANAGEMENT ACCOUNTING', u'21', u'SEMESTER 1', u'D1', u'Durban Campus Full-time', u'A', u';40000799:MARIMUTHU;40004073:NUNDEN;40010520:Nyide;50008608:CLOETE;40000148:NAIDOO', 173.0]
[u'MGTA312_SEM1_2018', u'MGTA312_SEM1_2017', u'MGTA312', u'MANAGEMENT ACCOUNTING III (MODULE 1)', u'NDCMA3', u'ND: COST AND MANAGEMENT ACCOUNTING', u'21', u'SEMESTER 1', u'D3', u'Durban Campus Part-time', u'A', u';40000799:MARIMUTHU;40004073:NUNDEN;40010520:Nyide;50008608:CLOETE;40000148:NAIDOO', 11.0]
check 'MGTA312_SEM1_2018' 'MGTA312'
processXLS: only for SEM2 [u'MGTA312_SEM1_2018', u'MGTA312_SEM1_2017', u'MGTA312', u'MANAGEMENT ACCOUNTING III (MODULE 1)', u'NDCMA3', u'ND: COST AND MANAGEMENT ACCOUNTING', u'21', u'SEMESTER 1', u'D3', u'Durban Campus Part-time', u'A', u';40000799:MARIMUTHU;40004073:NUNDEN;40010520:Nyide;50008608:CLOETE;40000148:NAIDOO', 11.0]
[u'MGTA312_SEM1_2018', u'MGTA312_SEM1_2017', u'MGTA312', u'MANAGEMENT ACCOUNTING III (MODULE 1)', u'NDFIS2', u'ND: FINANCIAL INFORMATION SYSTEMS', u'21', u'SEMESTER 1', u'D1', u'Durban Campus Full-time', u'A', u';40000799:MARIMUTHU;40004073:NUNDEN;40010520:Nyide;50008608:CLOETE;40000148:NAIDOO', 33.0]
check 'MGTA312_SEM1_2018' 'MGTA312'
processXLS: only for SEM2 [u'MGTA312_SEM1_2018', u'MGTA312_SEM1_2017', u'MGTA312', u'MANAGEMENT ACCOUNTING III (MODULE 1)', u'NDFIS2', u'ND: FINANCIAL INFORMATION SYSTEMS', u'21', u'SEMESTER 1', u'D1', u'Durban Campus Full-time', u'A', u';40000799:MARIMUTHU;40004073:NUNDEN;40010520:Nyide;50008608:CLOETE;40000148:NAIDOO', 33.0]
[u'MGTA312_SEM1_2018', u'MGTA312_SEM1_2017', u'MGTA312', u'MANAGEMENT ACCOUNTING III (MODULE 1)', u'NODIP1', u'NON-DIPLOMA PURPOSE (ACCT & INFO)', u'21', u'SEMESTER 1', u'D7', u'DBN FULL-TIME NON-SUBSIDISED', u'A', u';40000799:MARIMUTHU;40004073:NUNDEN;40010520:Nyide;50008608:CLOETE;40000148:NAIDOO', 1.0]
check 'MGTA312_SEM1_2018' 'MGTA312'
processXLS: only for SEM2 [u'MGTA312_SEM1_2018', u'MGTA312_SEM1_2017', u'MGTA312', u'MANAGEMENT ACCOUNTING III (MODULE 1)', u'NODIP1', u'NON-DIPLOMA PURPOSE (ACCT & INFO)', u'21', u'SEMESTER 1', u'D7', u'DBN FULL-TIME NON-SUBSIDISED', u'A', u';40000799:MARIMUTHU;40004073:NUNDEN;40010520:Nyide;50008608:CLOETE;40000148:NAIDOO', 1.0]
[u'MGTA312_SEM1_2018', u'MGTA312_SEM1_2017', u'MGTA312', u'MANAGEMENT ACCOUNTING III (MODULE 1)', u'NODIP1', u'NON-DIPLOMA PURPOSE (ACCT & INFO)', u'21', u'SEMESTER 1', u'D8', u'DBN PART-TIME NON-SUBSIDISED', u'A', u';40000799:MARIMUTHU;40004073:NUNDEN;40010520:Nyide;50008608:CLOETE;40000148:NAIDOO', 1.0]
check 'MGTA312_SEM1_2018' 'MGTA312'
processXLS: only for SEM2 [u'MGTA312_SEM1_2018', u'MGTA312_SEM1_2017', u'MGTA312', u'MANAGEMENT ACCOUNTING III (MODULE 1)', u'NODIP1', u'NON-DIPLOMA PURPOSE (ACCT & INFO)', u'21', u'SEMESTER 1', u'D8', u'DBN PART-TIME NON-SUBSIDISED', u'A', u';40000799:MARIMUTHU;40004073:NUNDEN;40010520:Nyide;50008608:CLOETE;40000148:NAIDOO', 1.0]
[u'', u'', u'', u'', u'', u'', u'', u'', u'', u'', u'', u'', u'']
check '' ''
[u'MGTA322_SEM2_2018', u'MGTA322_SEM2_2017', u'MGTA322', u'MANAGEMENT ACCOUNTING III (MODULE 2)', u'BTIAU2', u'BT: INTERNAL AUDITING', u'22', u'SEMESTER 2', u'D1', u'Durban Campus Full-time', u'A', u';40000799:MARIMUTHU;40004073:NUNDEN;40010520:Nyide;50008608:CLOETE;40000148:NAIDOO', 43.0]
check 'MGTA322_SEM2_2018' 'MGTA322'
adding  MGTA322
requesting:  http://10.0.100.98:8000/bbinfo/matching_courses/MGTA322%25
r= <Response [200]>
matching classes= set([u'MGTA322_SEM2_2018', u'MGTA322_2013', u'MGTA322_13_KHUN', u'MGTA322_SEM2_2017', u'MGTA322_SEM2_2016', u'MGTA322_13_CLOM'])
[u'MGTA322_SEM2_2018', u'MGTA322_SEM2_2017', u'MGTA322', u'MANAGEMENT ACCOUNTING III (MODULE 2)', u'BTIAU2', u'BT: INTERNAL AUDITING', u'22', u'SEMESTER 2', u'D3', u'Durban Campus Part-time', u'A', u';40000799:MARIMUTHU;40004073:NUNDEN;40010520:Nyide;50008608:CLOETE;40000148:NAIDOO', 9.0]
check 'MGTA322_SEM2_2018' 'MGTA322'
adding  MGTA322
requesting:  http://10.0.100.98:8000/bbinfo/matching_courses/MGTA322%25
r= <Response [200]>
matching classes= set([u'MGTA322_SEM2_2018', u'MGTA322_2013', u'MGTA322_13_KHUN', u'MGTA322_SEM2_2017', u'MGTA322_SEM2_2016', u'MGTA322_13_CLOM'])
[u'MGTA322_SEM2_2018', u'MGTA322_SEM2_2017', u'MGTA322', u'MANAGEMENT ACCOUNTING III (MODULE 2)', u'NDACC3', u'ND: ACCOUNTING', u'22', u'SEMESTER 2', u'D1', u'Durban Campus Full-time', u'A', u';40000799:MARIMUTHU;40004073:NUNDEN;40010520:Nyide;50008608:CLOETE;40000148:NAIDOO', 160.0]
check 'MGTA322_SEM2_2018' 'MGTA322'
adding  MGTA322
requesting:  http://10.0.100.98:8000/bbinfo/matching_courses/MGTA322%25
r= <Response [200]>
matching classes= set([u'MGTA322_SEM2_2018', u'MGTA322_2013', u'MGTA322_13_KHUN', u'MGTA322_SEM2_2017', u'MGTA322_SEM2_2016', u'MGTA322_13_CLOM'])
[u'MGTA322_SEM2_2018', u'MGTA322_SEM2_2017', u'MGTA322', u'MANAGEMENT ACCOUNTING III (MODULE 2)', u'NDACC3', u'ND: ACCOUNTING', u'22', u'SEMESTER 2', u'D3', u'Durban Campus Part-time', u'A', u';40000799:MARIMUTHU;40004073:NUNDEN;40010520:Nyide;50008608:CLOETE;40000148:NAIDOO', 11.0]
check 'MGTA322_SEM2_2018' 'MGTA322'
adding  MGTA322
requesting:  http://10.0.100.98:8000/bbinfo/matching_courses/MGTA322%25
r= <Response [200]>
matching classes= set([u'MGTA322_SEM2_2018', u'MGTA322_2013', u'MGTA322_13_KHUN', u'MGTA322_SEM2_2017', u'MGTA322_SEM2_2016', u'MGTA322_13_CLOM'])
[u'MGTA322_SEM2_2018', u'MGTA322_SEM2_2017', u'MGTA322', u'MANAGEMENT ACCOUNTING III (MODULE 2)', u'NDACF1', u'ND: ACCOUNTING (4 YEARS)', u'22', u'SEMESTER 2', u'D1', u'Durban Campus Full-time', u'A', u';40000799:MARIMUTHU;40004073:NUNDEN;40010520:Nyide;50008608:CLOETE;40000148:NAIDOO', 18.0]
check 'MGTA322_SEM2_2018' 'MGTA322'
adding  MGTA322
requesting:  http://10.0.100.98:8000/bbinfo/matching_courses/MGTA322%25
r= <Response [200]>
matching classes= set([u'MGTA322_SEM2_2018', u'MGTA322_2013', u'MGTA322_13_KHUN', u'MGTA322_SEM2_2017', u'MGTA322_SEM2_2016', u'MGTA322_13_CLOM'])
[u'MGTA322_SEM2_2018', u'MGTA322_SEM2_2017', u'MGTA322', u'MANAGEMENT ACCOUNTING III (MODULE 2)', u'NDCAF1', u'ND: COST & MANAGEMENT ACCT (4 YEARS)', u'22', u'SEMESTER 2', u'D1', u'Durban Campus Full-time', u'A', u';40000799:MARIMUTHU;40004073:NUNDEN;40010520:Nyide;50008608:CLOETE;40000148:NAIDOO', 2.0]
check 'MGTA322_SEM2_2018' 'MGTA322'
adding  MGTA322
requesting:  http://10.0.100.98:8000/bbinfo/matching_courses/MGTA322%25
r= <Response [200]>
matching classes= set([u'MGTA322_SEM2_2018', u'MGTA322_2013', u'MGTA322_13_KHUN', u'MGTA322_SEM2_2017', u'MGTA322_SEM2_2016', u'MGTA322_13_CLOM'])
[u'MGTA322_SEM2_2018', u'MGTA322_SEM2_2017', u'MGTA322', u'MANAGEMENT ACCOUNTING III (MODULE 2)', u'NDCAF2', u'ND: COST & MANAGEMENT ACCT (4 YEARS)', u'22', u'SEMESTER 2', u'D1', u'Durban Campus Full-time', u'A', u';40000799:MARIMUTHU;40004073:NUNDEN;40010520:Nyide;50008608:CLOETE;40000148:NAIDOO', 28.0]
check 'MGTA322_SEM2_2018' 'MGTA322'
adding  MGTA322
requesting:  http://10.0.100.98:8000/bbinfo/matching_courses/MGTA322%25
r= <Response [200]>
matching classes= set([u'MGTA322_SEM2_2018', u'MGTA322_2013', u'MGTA322_13_KHUN', u'MGTA322_SEM2_2017', u'MGTA322_SEM2_2016', u'MGTA322_13_CLOM'])
[u'MGTA322_SEM2_2018', u'MGTA322_SEM2_2017', u'MGTA322', u'MANAGEMENT ACCOUNTING III (MODULE 2)', u'NDCMA3', u'ND: COST AND MANAGEMENT ACCOUNTING', u'22', u'SEMESTER 2', u'D1', u'Durban Campus Full-time', u'A', u';40000799:MARIMUTHU;40004073:NUNDEN;40010520:Nyide;50008608:CLOETE;40000148:NAIDOO', 164.0]
check 'MGTA322_SEM2_2018' 'MGTA322'
adding  MGTA322
requesting:  http://10.0.100.98:8000/bbinfo/matching_courses/MGTA322%25
r= <Response [200]>
matching classes= set([u'MGTA322_SEM2_2018', u'MGTA322_2013', u'MGTA322_13_KHUN', u'MGTA322_SEM2_2017', u'MGTA322_SEM2_2016', u'MGTA322_13_CLOM'])
[u'MGTA322_SEM2_2018', u'MGTA322_SEM2_2017', u'MGTA322', u'MANAGEMENT ACCOUNTING III (MODULE 2)', u'NDCMA3', u'ND: COST AND MANAGEMENT ACCOUNTING', u'22', u'SEMESTER 2', u'D3', u'Durban Campus Part-time', u'A', u';40000799:MARIMUTHU;40004073:NUNDEN;40010520:Nyide;50008608:CLOETE;40000148:NAIDOO', 3.0]
check 'MGTA322_SEM2_2018' 'MGTA322'
adding  MGTA322
requesting:  http://10.0.100.98:8000/bbinfo/matching_courses/MGTA322%25
r= <Response [200]>
matching classes= set([u'MGTA322_SEM2_2018', u'MGTA322_2013', u'MGTA322_13_KHUN', u'MGTA322_SEM2_2017', u'MGTA322_SEM2_2016', u'MGTA322_13_CLOM'])
[u'MGTA322_SEM2_2018', u'MGTA322_SEM2_2017', u'MGTA322', u'MANAGEMENT ACCOUNTING III (MODULE 2)', u'NDFIS2', u'ND: FINANCIAL INFORMATION SYSTEMS', u'22', u'SEMESTER 2', u'D1', u'Durban Campus Full-time', u'A', u';40000799:MARIMUTHU;40004073:NUNDEN;40010520:Nyide;50008608:CLOETE;40000148:NAIDOO', 30.0]
check 'MGTA322_SEM2_2018' 'MGTA322'
adding  MGTA322
requesting:  http://10.0.100.98:8000/bbinfo/matching_courses/MGTA322%25
r= <Response [200]>
matching classes= set([u'MGTA322_SEM2_2018', u'MGTA322_2013', u'MGTA322_13_KHUN', u'MGTA322_SEM2_2017', u'MGTA322_SEM2_2016', u'MGTA322_13_CLOM'])
[u'MGTA322_SEM2_2018', u'MGTA322_SEM2_2017', u'MGTA322', u'MANAGEMENT ACCOUNTING III (MODULE 2)', u'NODIP1', u'NON-DIPLOMA PURPOSE (ACCT & INFO)', u'22', u'SEMESTER 2', u'D7', u'DBN FULL-TIME NON-SUBSIDISED', u'A', u';40000799:MARIMUTHU;40004073:NUNDEN;40010520:Nyide;50008608:CLOETE;40000148:NAIDOO', 1.0]
check 'MGTA322_SEM2_2018' 'MGTA322'
adding  MGTA322
requesting:  http://10.0.100.98:8000/bbinfo/matching_courses/MGTA322%25
r= <Response [200]>
matching classes= set([u'MGTA322_SEM2_2018', u'MGTA322_2013', u'MGTA322_13_KHUN', u'MGTA322_SEM2_2017', u'MGTA322_SEM2_2016', u'MGTA322_13_CLOM'])
[u'', u'', u'', u'', u'', u'', u'', u'', u'', u'', u'', u'', u'']
check '' ''
[u'AMFI401_YEAR_2018', u'AMFI401_YEAR_2017', u'AMFI401', u'ADVANCED MARKETING FINANCE IV', u'BTMKT1', u'BT: MARKETING', u'11', u'YEAR', u'D1', u'Durban Campus Full-time', u'A', u'40000799:MARIMUTHU', 57.0]
check 'AMFI401_YEAR_2018' 'AMFI401'
processXLS: only for SEM2 [u'AMFI401_YEAR_2018', u'AMFI401_YEAR_2017', u'AMFI401', u'ADVANCED MARKETING FINANCE IV', u'BTMKT1', u'BT: MARKETING', u'11', u'YEAR', u'D1', u'Durban Campus Full-time', u'A', u'40000799:MARIMUTHU', 57.0]
[u'AMFI401_YEAR_2018', u'AMFI401_YEAR_2017', u'AMFI401', u'ADVANCED MARKETING FINANCE IV', u'BTMKT1', u'BT: MARKETING', u'11', u'YEAR', u'D3', u'Durban Campus Part-time', u'A', u'40000799:MARIMUTHU', 4.0]
check 'AMFI401_YEAR_2018' 'AMFI401'
processXLS: only for SEM2 [u'AMFI401_YEAR_2018', u'AMFI401_YEAR_2017', u'AMFI401', u'ADVANCED MARKETING FINANCE IV', u'BTMKT1', u'BT: MARKETING', u'11', u'YEAR', u'D3', u'Durban Campus Part-time', u'A', u'40000799:MARIMUTHU', 4.0]
[u'', u'', u'', u'', u'', u'', u'', u'', u'', u'', u'', u'', u'']
check '' ''
[u'FNLM401_YEAR_2018', u'FNLM401_YEAR_2017', u'FNLM401', u'FINANCIAL MANAGEMENT IV', u'BTMNG1', u'BT: MANAGEMENT', u'11', u'YEAR', u'D3', u'Durban Campus Part-time', u'A', u'40009160:MUNGAL; 40000799:MARIMUTHU', 59.0]
check 'FNLM401_YEAR_2018' 'FNLM401'
processXLS: only for SEM2 [u'FNLM401_YEAR_2018', u'FNLM401_YEAR_2017', u'FNLM401', u'FINANCIAL MANAGEMENT IV', u'BTMNG1', u'BT: MANAGEMENT', u'11', u'YEAR', u'D3', u'Durban Campus Part-time', u'A', u'40009160:MUNGAL; 40000799:MARIMUTHU', 59.0]
[u'', u'', u'', u'', u'', u'', u'', u'', u'', u'', u'', u'', u'']
check '' ''
[u'FNLM401_SEM1_2018', u'FNLM401_SEM1_2017', u'FNLM401', u'FINANCIAL MANAGEMENT IV', u'BTCAD1', u'BT: CORPORATE ADMINISTRATION', u'21', u'SEMESTER 1', u'D1', u'Durban Campus Full-time', u'A', u'50031427:YEARWOOD', 1.0]
check 'FNLM401_SEM1_2018' 'FNLM401'
processXLS: only for SEM2 [u'FNLM401_SEM1_2018', u'FNLM401_SEM1_2017', u'FNLM401', u'FINANCIAL MANAGEMENT IV', u'BTCAD1', u'BT: CORPORATE ADMINISTRATION', u'21', u'SEMESTER 1', u'D1', u'Durban Campus Full-time', u'A', u'50031427:YEARWOOD', 1.0]
[u'FNLM401_SEM1_2018', u'FNLM401_SEM1_2017', u'FNLM401', u'FINANCIAL MANAGEMENT IV', u'BTCAD1', u'BT: CORPORATE ADMINISTRATION', u'21', u'SEMESTER 1', u'D3', u'Durban Campus Part-time', u'A', u'50031427:YEARWOOD', 18.0]
check 'FNLM401_SEM1_2018' 'FNLM401'
processXLS: only for SEM2 [u'FNLM401_SEM1_2018', u'FNLM401_SEM1_2017', u'FNLM401', u'FINANCIAL MANAGEMENT IV', u'BTCAD1', u'BT: CORPORATE ADMINISTRATION', u'21', u'SEMESTER 1', u'D3', u'Durban Campus Part-time', u'A', u'50031427:YEARWOOD', 18.0]
[u'FNLM401_SEM1_2018', u'FNLM401_SEM1_2017', u'FNLM401', u'FINANCIAL MANAGEMENT IV', u'BTIAU2', u'BT: INTERNAL AUDITING', u'21', u'SEMESTER 1', u'D1', u'Durban Campus Full-time', u'A', u'50031427:YEARWOOD', 61.0]
check 'FNLM401_SEM1_2018' 'FNLM401'
processXLS: only for SEM2 [u'FNLM401_SEM1_2018', u'FNLM401_SEM1_2017', u'FNLM401', u'FINANCIAL MANAGEMENT IV', u'BTIAU2', u'BT: INTERNAL AUDITING', u'21', u'SEMESTER 1', u'D1', u'Durban Campus Full-time', u'A', u'50031427:YEARWOOD', 61.0]
[u'FNLM401_SEM1_2018', u'FNLM401_SEM1_2017', u'FNLM401', u'FINANCIAL MANAGEMENT IV', u'BTIAU2', u'BT: INTERNAL AUDITING', u'21', u'SEMESTER 1', u'D3', u'Durban Campus Part-time', u'A', u'50031427:YEARWOOD', 18.0]
check 'FNLM401_SEM1_2018' 'FNLM401'
processXLS: only for SEM2 [u'FNLM401_SEM1_2018', u'FNLM401_SEM1_2017', u'FNLM401', u'FINANCIAL MANAGEMENT IV', u'BTIAU2', u'BT: INTERNAL AUDITING', u'21', u'SEMESTER 1', u'D3', u'Durban Campus Part-time', u'A', u'50031427:YEARWOOD', 18.0]
[u'', u'', u'', u'', u'', u'', u'', u'', u'', u'', u'', u'', u'']
check '' ''
[u'FNLM413_SEM1_2018', u'FNLM413_SEM1_2017', u'FNLM413', u'FINANCIAL MANAGEMENT IV (MODULE 1)', u'BTCMA2', u'BT: COST AND MANAGEMENT ACCOUNTING', u'21', u'SEMESTER 1', u'D1', u'Durban Campus Full-time', u'A', u'40000799:MARIMUTHU', 62.0]
check 'FNLM413_SEM1_2018' 'FNLM413'
processXLS: only for SEM2 [u'FNLM413_SEM1_2018', u'FNLM413_SEM1_2017', u'FNLM413', u'FINANCIAL MANAGEMENT IV (MODULE 1)', u'BTCMA2', u'BT: COST AND MANAGEMENT ACCOUNTING', u'21', u'SEMESTER 1', u'D1', u'Durban Campus Full-time', u'A', u'40000799:MARIMUTHU', 62.0]
[u'FNLM413_SEM1_2018', u'FNLM413_SEM1_2017', u'FNLM413', u'FINANCIAL MANAGEMENT IV (MODULE 1)', u'BTCMA2', u'BT: COST AND MANAGEMENT ACCOUNTING', u'21', u'SEMESTER 1', u'D3', u'Durban Campus Part-time', u'A', u'40000799:MARIMUTHU', 49.0]
check 'FNLM413_SEM1_2018' 'FNLM413'
processXLS: only for SEM2 [u'FNLM413_SEM1_2018', u'FNLM413_SEM1_2017', u'FNLM413', u'FINANCIAL MANAGEMENT IV (MODULE 1)', u'BTCMA2', u'BT: COST AND MANAGEMENT ACCOUNTING', u'21', u'SEMESTER 1', u'D3', u'Durban Campus Part-time', u'A', u'40000799:MARIMUTHU', 49.0]
[u'FNLM413_SEM1_2018', u'FNLM413_SEM1_2017', u'FNLM413', u'FINANCIAL MANAGEMENT IV (MODULE 1)', u'BTFIS2', u'BT: FINANCIAL INFORMATION SYSTEMS', u'21', u'SEMESTER 1', u'D3', u'Durban Campus Part-time', u'A', u'40000799:MARIMUTHU', 10.0]
check 'FNLM413_SEM1_2018' 'FNLM413'
processXLS: only for SEM2 [u'FNLM413_SEM1_2018', u'FNLM413_SEM1_2017', u'FNLM413', u'FINANCIAL MANAGEMENT IV (MODULE 1)', u'BTFIS2', u'BT: FINANCIAL INFORMATION SYSTEMS', u'21', u'SEMESTER 1', u'D3', u'Durban Campus Part-time', u'A', u'40000799:MARIMUTHU', 10.0]
[u'', u'', u'', u'', u'', u'', u'', u'', u'', u'', u'', u'', u'']
check '' ''
[u'FNLM423_SEM2_2018', u'FNLM423_SEM2_2017', u'FNLM423', u'FINANCIAL MANAGEMENT IV (MODULE 2)', u'BTCMA2', u'BT: COST AND MANAGEMENT ACCOUNTING', u'22', u'SEMESTER 2', u'D1', u'Durban Campus Full-time', u'A', u'40000799:MARIMUTHU', 62.0]
check 'FNLM423_SEM2_2018' 'FNLM423'
adding  FNLM423
requesting:  http://10.0.100.98:8000/bbinfo/matching_courses/FNLM423%25
r= <Response [200]>
matching classes= set([u'FNLM423_SEM2_2017', u'FNLM423_SEM2_2016', u'FNLM423_SEM2_2018', u'FNLM423_13_THOC', u'FNLM423_2013'])
[u'FNLM423_SEM2_2018', u'FNLM423_SEM2_2017', u'FNLM423', u'FINANCIAL MANAGEMENT IV (MODULE 2)', u'BTCMA2', u'BT: COST AND MANAGEMENT ACCOUNTING', u'22', u'SEMESTER 2', u'D3', u'Durban Campus Part-time', u'A', u'40000799:MARIMUTHU', 48.0]
check 'FNLM423_SEM2_2018' 'FNLM423'
adding  FNLM423
requesting:  http://10.0.100.98:8000/bbinfo/matching_courses/FNLM423%25
r= <Response [200]>
matching classes= set([u'FNLM423_SEM2_2017', u'FNLM423_SEM2_2016', u'FNLM423_SEM2_2018', u'FNLM423_13_THOC', u'FNLM423_2013'])
[u'FNLM423_SEM2_2018', u'FNLM423_SEM2_2017', u'FNLM423', u'FINANCIAL MANAGEMENT IV (MODULE 2)', u'BTFIS2', u'BT: FINANCIAL INFORMATION SYSTEMS', u'22', u'SEMESTER 2', u'D3', u'Durban Campus Part-time', u'A', u'40000799:MARIMUTHU', 7.0]
check 'FNLM423_SEM2_2018' 'FNLM423'
adding  FNLM423
requesting:  http://10.0.100.98:8000/bbinfo/matching_courses/FNLM423%25
r= <Response [200]>
matching classes= set([u'FNLM423_SEM2_2017', u'FNLM423_SEM2_2016', u'FNLM423_SEM2_2018', u'FNLM423_13_THOC', u'FNLM423_2013'])
[u'', u'', u'', u'', u'', u'', u'', u'', u'', u'', u'', u'', u'']
check '' ''
[u'FNMG411_SEM1_2018', u'FNMG411_SEM1_2017', u'FNMG411', u'FINANCIAL MANAGEMENT IV (MODULE 1)', u'BTTAX2', u'BT: TAXATION', u'21', u'SEMESTER 1', u'D1', u'Durban Campus Full-time', u'A', u'40000799:MARIMUTHU', 62.0]
check 'FNMG411_SEM1_2018' 'FNMG411'
processXLS: only for SEM2 [u'FNMG411_SEM1_2018', u'FNMG411_SEM1_2017', u'FNMG411', u'FINANCIAL MANAGEMENT IV (MODULE 1)', u'BTTAX2', u'BT: TAXATION', u'21', u'SEMESTER 1', u'D1', u'Durban Campus Full-time', u'A', u'40000799:MARIMUTHU', 62.0]
[u'FNMG411_SEM1_2018', u'FNMG411_SEM1_2017', u'FNMG411', u'FINANCIAL MANAGEMENT IV (MODULE 1)', u'BTTAX2', u'BT: TAXATION', u'21', u'SEMESTER 1', u'D3', u'Durban Campus Part-time', u'A', u'40000799:MARIMUTHU', 18.0]
check 'FNMG411_SEM1_2018' 'FNMG411'
processXLS: only for SEM2 [u'FNMG411_SEM1_2018', u'FNMG411_SEM1_2017', u'FNMG411', u'FINANCIAL MANAGEMENT IV (MODULE 1)', u'BTTAX2', u'BT: TAXATION', u'21', u'SEMESTER 1', u'D3', u'Durban Campus Part-time', u'A', u'40000799:MARIMUTHU', 18.0]
[u'', u'', u'', u'', u'', u'', u'', u'', u'', u'', u'', u'', u'']
check '' ''
[u'FNMG421_SEM2_2018', u'FNMG421_SEM2_2017', u'FNMG421', u'FINANCIAL MANAGEMENT IV (MODULE 2)', u'BTTAX2', u'BT: TAXATION', u'22', u'SEMESTER 2', u'D1', u'Durban Campus Full-time', u'A', u'40000799:MARIMUTHU', 49.0]
check 'FNMG421_SEM2_2018' 'FNMG421'
adding  FNMG421
requesting:  http://10.0.100.98:8000/bbinfo/matching_courses/FNMG421%25
r= <Response [200]>
matching classes= set([u'FNMG421_2013', u'FNMG421_13_KHUN', u'FNMG421_SEM2_2016', u'FNMG421_SEM2_2017', u'FNMG421_SEM2_2018'])
[u'FNMG421_SEM2_2018', u'FNMG421_SEM2_2017', u'FNMG421', u'FINANCIAL MANAGEMENT IV (MODULE 2)', u'BTTAX2', u'BT: TAXATION', u'22', u'SEMESTER 2', u'D3', u'Durban Campus Part-time', u'A', u'40000799:MARIMUTHU', 13.0]
check 'FNMG421_SEM2_2018' 'FNMG421'
adding  FNMG421
requesting:  http://10.0.100.98:8000/bbinfo/matching_courses/FNMG421%25
r= <Response [200]>
matching classes= set([u'FNMG421_2013', u'FNMG421_13_KHUN', u'FNMG421_SEM2_2016', u'FNMG421_SEM2_2017', u'FNMG421_SEM2_2018'])
[u'', u'', u'', u'', u'', u'', u'', u'', u'', u'', u'', u'', u'']
check '' ''
[u'MGTA411_SEM1_2018', u'MGTA411_SEM1_2017', u'MGTA411', u'MANAGEMENT ACCOUNTING IV (MODULE 1)', u'BTCMA2', u'BT: COST AND MANAGEMENT ACCOUNTING', u'21', u'SEMESTER 1', u'D1', u'Durban Campus Full-time', u'A', u'40000799:MARIMUTHU;50008608:CLOETE', 61.0]
check 'MGTA411_SEM1_2018' 'MGTA411'
processXLS: only for SEM2 [u'MGTA411_SEM1_2018', u'MGTA411_SEM1_2017', u'MGTA411', u'MANAGEMENT ACCOUNTING IV (MODULE 1)', u'BTCMA2', u'BT: COST AND MANAGEMENT ACCOUNTING', u'21', u'SEMESTER 1', u'D1', u'Durban Campus Full-time', u'A', u'40000799:MARIMUTHU;50008608:CLOETE', 61.0]
[u'MGTA411_SEM1_2018', u'MGTA411_SEM1_2017', u'MGTA411', u'MANAGEMENT ACCOUNTING IV (MODULE 1)', u'BTCMA2', u'BT: COST AND MANAGEMENT ACCOUNTING', u'21', u'SEMESTER 1', u'D3', u'Durban Campus Part-time', u'A', u'40000799:MARIMUTHU;50008608:CLOETE', 46.0]
check 'MGTA411_SEM1_2018' 'MGTA411'
processXLS: only for SEM2 [u'MGTA411_SEM1_2018', u'MGTA411_SEM1_2017', u'MGTA411', u'MANAGEMENT ACCOUNTING IV (MODULE 1)', u'BTCMA2', u'BT: COST AND MANAGEMENT ACCOUNTING', u'21', u'SEMESTER 1', u'D3', u'Durban Campus Part-time', u'A', u'40000799:MARIMUTHU;50008608:CLOETE', 46.0]
[u'MGTA411_SEM1_2018', u'MGTA411_SEM1_2017', u'MGTA411', u'MANAGEMENT ACCOUNTING IV (MODULE 1)', u'NODIP1', u'NON-DIPLOMA PURPOSE (ACCT & INFO)', u'21', u'SEMESTER 1', u'D7', u'DBN FULL-TIME NON-SUBSIDISED', u'A', u'40000799:MARIMUTHU;50008608:CLOETE', 2.0]
check 'MGTA411_SEM1_2018' 'MGTA411'
processXLS: only for SEM2 [u'MGTA411_SEM1_2018', u'MGTA411_SEM1_2017', u'MGTA411', u'MANAGEMENT ACCOUNTING IV (MODULE 1)', u'NODIP1', u'NON-DIPLOMA PURPOSE (ACCT & INFO)', u'21', u'SEMESTER 1', u'D7', u'DBN FULL-TIME NON-SUBSIDISED', u'A', u'40000799:MARIMUTHU;50008608:CLOETE', 2.0]
[u'', u'', u'', u'', u'', u'', u'', u'', u'', u'', u'', u'', u'']
check '' ''
[u'MGTA421_SEM2_2018', u'MGTA421_SEM2_2017', u'MGTA421', u'MANAGEMENT ACCOUNTING IV (MODULE 2)', u'BTCMA2', u'BT: COST AND MANAGEMENT ACCOUNTING', u'22', u'SEMESTER 2', u'D1', u'Durban Campus Full-time', u'A', u'40000799:MARIMUTHU;50008608:CLOETE', 60.0]
check 'MGTA421_SEM2_2018' 'MGTA421'
adding  MGTA421
requesting:  http://10.0.100.98:8000/bbinfo/matching_courses/MGTA421%25
r= <Response [200]>
matching classes= set([u'MGTA421_2013', u'MGTA421_13_GOVD', u'MGTA421_SEM2_2017', u'MGTA421_SEM2_2016', u'MGTA421_SEM2_2018', u'MGTA421_13_THOC'])
[u'MGTA421_SEM2_2018', u'MGTA421_SEM2_2017', u'MGTA421', u'MANAGEMENT ACCOUNTING IV (MODULE 2)', u'BTCMA2', u'BT: COST AND MANAGEMENT ACCOUNTING', u'22', u'SEMESTER 2', u'D3', u'Durban Campus Part-time', u'A', u'40000799:MARIMUTHU;50008608:CLOETE', 41.0]
check 'MGTA421_SEM2_2018' 'MGTA421'
adding  MGTA421
requesting:  http://10.0.100.98:8000/bbinfo/matching_courses/MGTA421%25
r= <Response [200]>
matching classes= set([u'MGTA421_2013', u'MGTA421_13_GOVD', u'MGTA421_SEM2_2017', u'MGTA421_SEM2_2016', u'MGTA421_SEM2_2018', u'MGTA421_13_THOC'])
[u'', u'', u'', u'', u'', u'', u'', u'', u'', u'', u'', u'', u'']
check '' ''
[u'RDCM511_YEAR_2018', u'RDCM511_YEAR_2017', u'RDCM511', u'RESEARCH PROJECT & DISSERTATION (1ST REG)', u'MSACM1', u'MASTER OF ACCOUNTING (COST & MAN ACC)', u'P0', u'POST-GRAD ANNUAL REGISTRATIONS', u'D1', u'Durban Campus Full-time', u'A', u'40000799:MARIMUTHU', 3.0]
check 'RDCM511_YEAR_2018' 'RDCM511'
processXLS: only for SEM2 [u'RDCM511_YEAR_2018', u'RDCM511_YEAR_2017', u'RDCM511', u'RESEARCH PROJECT & DISSERTATION (1ST REG)', u'MSACM1', u'MASTER OF ACCOUNTING (COST & MAN ACC)', u'P0', u'POST-GRAD ANNUAL REGISTRATIONS', u'D1', u'Durban Campus Full-time', u'A', u'40000799:MARIMUTHU', 3.0]
[u'', u'', u'', u'', u'', u'', u'', u'', u'', u'', u'', u'', u'']
check '' ''
[u'RDCM521_YEAR_2018', u'RDCM521_YEAR_2017', u'RDCM521', u'RESEARCH PROJECT & DISSERTATION (2ND REG)', u'MSACM1', u'MASTER OF ACCOUNTING (COST & MAN ACC)', u'P0', u'POST-GRAD ANNUAL REGISTRATIONS', u'D3', u'Durban Campus Part-time', u'A', u'40000799:MARIMUTHU', 1.0]
check 'RDCM521_YEAR_2018' 'RDCM521'
processXLS: only for SEM2 [u'RDCM521_YEAR_2018', u'RDCM521_YEAR_2017', u'RDCM521', u'RESEARCH PROJECT & DISSERTATION (2ND REG)', u'MSACM1', u'MASTER OF ACCOUNTING (COST & MAN ACC)', u'P0', u'POST-GRAD ANNUAL REGISTRATIONS', u'D3', u'Durban Campus Part-time', u'A', u'40000799:MARIMUTHU', 1.0]
[u'', u'', u'', u'', u'', u'', u'', u'', u'', u'', u'', u'', u'']
check '' ''
[u'RDCM531_YEAR_2018', u'RDCM531_YEAR_2017', u'RDCM531', u'RESEARCH PROJECT & DISSERTATION (3RD REG)', u'MSACM1', u'MASTER OF ACCOUNTING (COST & MAN ACC)', u'P0', u'POST-GRAD ANNUAL REGISTRATIONS', u'D1', u'Durban Campus Full-time', u'A', u'40000799:MARIMUTHU', 2.0]
check 'RDCM531_YEAR_2018' 'RDCM531'
processXLS: only for SEM2 [u'RDCM531_YEAR_2018', u'RDCM531_YEAR_2017', u'RDCM531', u'RESEARCH PROJECT & DISSERTATION (3RD REG)', u'MSACM1', u'MASTER OF ACCOUNTING (COST & MAN ACC)', u'P0', u'POST-GRAD ANNUAL REGISTRATIONS', u'D1', u'Durban Campus Full-time', u'A', u'40000799:MARIMUTHU', 2.0]
[u'RDCM531_YEAR_2018', u'RDCM531_YEAR_2017', u'RDCM531', u'RESEARCH PROJECT & DISSERTATION (3RD REG)', u'MSACM1', u'MASTER OF ACCOUNTING (COST & MAN ACC)', u'P0', u'POST-GRAD ANNUAL REGISTRATIONS', u'D3', u'Durban Campus Part-time', u'A', u'40000799:MARIMUTHU', 2.0]
check 'RDCM531_YEAR_2018' 'RDCM531'
processXLS: only for SEM2 [u'RDCM531_YEAR_2018', u'RDCM531_YEAR_2017', u'RDCM531', u'RESEARCH PROJECT & DISSERTATION (3RD REG)', u'MSACM1', u'MASTER OF ACCOUNTING (COST & MAN ACC)', u'P0', u'POST-GRAD ANNUAL REGISTRATIONS', u'D3', u'Durban Campus Part-time', u'A', u'40000799:MARIMUTHU', 2.0]
[u'', u'', u'', u'', u'', u'', u'', u'', u'', u'', u'', u'', u'']
check '' ''
[u'RPCA502_YEAR_2018', u'RPCA502_YEAR_2017', u'RPCA502', u'RESEARCH PROJECT AND DISSERTATION (YR 1 : FUL', u'MSACC1', u'MASTER OF ACCOUNTING', u'11', u'YEAR', u'D3', u'Durban Campus Part-time', u'A', u'40000799:MARIMUTHU', 1.0]
check 'RPCA502_YEAR_2018' 'RPCA502'
processXLS: only for SEM2 [u'RPCA502_YEAR_2018', u'RPCA502_YEAR_2017', u'RPCA502', u'RESEARCH PROJECT AND DISSERTATION (YR 1 : FUL', u'MSACC1', u'MASTER OF ACCOUNTING', u'11', u'YEAR', u'D3', u'Durban Campus Part-time', u'A', u'40000799:MARIMUTHU', 1.0]
[u'RPCA502_YEAR_2018', u'RPCA502_YEAR_2017', u'RPCA502', u'RESEARCH PROJECT AND DISSERTATION (YR 1 : FUL', u'MSACM1', u'MASTER OF ACCOUNTING (COST & MAN ACC)', u'11', u'YEAR', u'D1', u'Durban Campus Full-time', u'A', u'40000799:MARIMUTHU', 1.0]
check 'RPCA502_YEAR_2018' 'RPCA502'
processXLS: only for SEM2 [u'RPCA502_YEAR_2018', u'RPCA502_YEAR_2017', u'RPCA502', u'RESEARCH PROJECT AND DISSERTATION (YR 1 : FUL', u'MSACM1', u'MASTER OF ACCOUNTING (COST & MAN ACC)', u'11', u'YEAR', u'D1', u'Durban Campus Full-time', u'A', u'40000799:MARIMUTHU', 1.0]
[u'RPCA502_YEAR_2018', u'RPCA502_YEAR_2017', u'RPCA502', u'RESEARCH PROJECT AND DISSERTATION (YR 1 : FUL', u'MSACC1', u'MASTER OF ACCOUNTING', u'P0', u'POST-GRAD ANNUAL REGISTRATIONS', u'D1', u'Durban Campus Full-time', u'A', u'40000799:MARIMUTHU', 2.0]
check 'RPCA502_YEAR_2018' 'RPCA502'
processXLS: only for SEM2 [u'RPCA502_YEAR_2018', u'RPCA502_YEAR_2017', u'RPCA502', u'RESEARCH PROJECT AND DISSERTATION (YR 1 : FUL', u'MSACC1', u'MASTER OF ACCOUNTING', u'P0', u'POST-GRAD ANNUAL REGISTRATIONS', u'D1', u'Durban Campus Full-time', u'A', u'40000799:MARIMUTHU', 2.0]
[u'', u'', u'', u'', u'', u'', u'', u'', u'', u'', u'', u'', u'']
check '' ''
[u'RPCA512_YEAR_2018', u'RPCA512_YEAR_2017', u'RPCA512', u'RESEARCH PROJECT AND DISSERTATION (1ST REGIST', u'MSACC1', u'MASTER OF ACCOUNTING', u'11', u'YEAR', u'D3', u'Durban Campus Part-time', u'A', u'40000799:MARIMUTHU', 1.0]
check 'RPCA512_YEAR_2018' 'RPCA512'
processXLS: only for SEM2 [u'RPCA512_YEAR_2018', u'RPCA512_YEAR_2017', u'RPCA512', u'RESEARCH PROJECT AND DISSERTATION (1ST REGIST', u'MSACC1', u'MASTER OF ACCOUNTING', u'11', u'YEAR', u'D3', u'Durban Campus Part-time', u'A', u'40000799:MARIMUTHU', 1.0]
[u'', u'', u'', u'', u'', u'', u'', u'', u'', u'', u'', u'', u'']
check '' ''
[u'RPCA522_YEAR_2018', u'RPCA522_YEAR_2017', u'RPCA522', u'RESEARCH PROJECT AND DISSERTATION (SUCCESSIVE', u'MSACC1', u'MASTER OF ACCOUNTING', u'11', u'YEAR', u'D1', u'Durban Campus Full-time', u'A', u'40000799:MARIMUTHU', 2.0]
check 'RPCA522_YEAR_2018' 'RPCA522'
processXLS: only for SEM2 [u'RPCA522_YEAR_2018', u'RPCA522_YEAR_2017', u'RPCA522', u'RESEARCH PROJECT AND DISSERTATION (SUCCESSIVE', u'MSACC1', u'MASTER OF ACCOUNTING', u'11', u'YEAR', u'D1', u'Durban Campus Full-time', u'A', u'40000799:MARIMUTHU', 2.0]
[u'RPCA522_YEAR_2018', u'RPCA522_YEAR_2017', u'RPCA522', u'RESEARCH PROJECT AND DISSERTATION (SUCCESSIVE', u'MSACC1', u'MASTER OF ACCOUNTING', u'11', u'YEAR', u'D3', u'Durban Campus Part-time', u'A', u'40000799:MARIMUTHU', 2.0]
check 'RPCA522_YEAR_2018' 'RPCA522'
processXLS: only for SEM2 [u'RPCA522_YEAR_2018', u'RPCA522_YEAR_2017', u'RPCA522', u'RESEARCH PROJECT AND DISSERTATION (SUCCESSIVE', u'MSACC1', u'MASTER OF ACCOUNTING', u'11', u'YEAR', u'D3', u'Durban Campus Part-time', u'A', u'40000799:MARIMUTHU', 2.0]
[u'RPCA522_YEAR_2018', u'RPCA522_YEAR_2017', u'RPCA522', u'RESEARCH PROJECT AND DISSERTATION (SUCCESSIVE', u'MSACC1', u'MASTER OF ACCOUNTING', u'P0', u'POST-GRAD ANNUAL REGISTRATIONS', u'D3', u'Durban Campus Part-time', u'A', u'40000799:MARIMUTHU', 1.0]
check 'RPCA522_YEAR_2018' 'RPCA522'
processXLS: only for SEM2 [u'RPCA522_YEAR_2018', u'RPCA522_YEAR_2017', u'RPCA522', u'RESEARCH PROJECT AND DISSERTATION (SUCCESSIVE', u'MSACC1', u'MASTER OF ACCOUNTING', u'P0', u'POST-GRAD ANNUAL REGISTRATIONS', u'D3', u'Durban Campus Part-time', u'A', u'40000799:MARIMUTHU', 1.0]
[u'', u'', u'', u'', u'', u'', u'', u'', u'', u'', u'', u'', u'']
check '' ''
[u'FNCLMAN_YEAR_2018', u'FNCLMAN_YEAR_2017', u'FNCLMAN', u'FNCLMAN: FINANCIAL MANAGEMENT 2017', u'SCSHRM', u'SPECIALIST HUMAN RESOURCES', 31.0, u'TRIMESTER', u'D1', u'Durban Campus Full-time', u'A', u'50031427:YEARWOOD; 40000799:MARIMUTHU', 1.0]
check 'FNCLMAN_YEAR_2018' 'FNCLMAN'
processXLS: only for SEM2 [u'FNCLMAN_YEAR_2018', u'FNCLMAN_YEAR_2017', u'FNCLMAN', u'FNCLMAN: FINANCIAL MANAGEMENT 2017', u'SCSHRM', u'SPECIALIST HUMAN RESOURCES', 31.0, u'TRIMESTER', u'D1', u'Durban Campus Full-time', u'A', u'50031427:YEARWOOD; 40000799:MARIMUTHU', 1.0]
[u'', u'', u'', u'', u'', u'', u'', u'', u'', u'', u'', u'', u'']
check '' ''
[u'FFMN201_SEM2_2018', u'FFMN201_SEM2_2017', u'FFMN201', u'FFMN201: FINANCE FOR MANAGERS 2017', u'DIMRM1', u'DIPLOMA IN MANAGEMENT SCIENCES', 22.0, u'SEMESTER 2', u'D1', u'Durban', u'A', u'40000799:MARIMUTHU', 1.0]
check 'FFMN201_SEM2_2018' 'FFMN201'
processXLS: only for SEM2 [u'FFMN201_SEM2_2018', u'FFMN201_SEM2_2017', u'FFMN201', u'FFMN201: FINANCE FOR MANAGERS 2017', u'DIMRM1', u'DIPLOMA IN MANAGEMENT SCIENCES', 22.0, u'SEMESTER 2', u'D1', u'Durban', u'A', u'40000799:MARIMUTHU', 1.0]
[u'', u'', u'', u'', u'', u'', u'', u'', u'', u'', u'', u'', u'']
check '' ''
[u'NEW MODULES', u'', u'', u'', u'', u'', u'', u'', u'', u'', u'', u'', u'']
check 'NEW MODULES' ''
[u'COST201_YEAR_2018', u'COST201_YEAR_2017', u'COST201', u'COSTING 11', u'NDIND2', u'ND:INDUSTRIAL ENGINEERING', 21.0, u'SEMESTER 1', u'D1', u'Durban', u'A', u'40011181:SINGH;40000799:MARIMUTHU', u'']
check 'COST201_YEAR_2018' 'COST201'
processXLS: only for SEM2 [u'COST201_YEAR_2018', u'COST201_YEAR_2017', u'COST201', u'COSTING 11', u'NDIND2', u'ND:INDUSTRIAL ENGINEERING', 21.0, u'SEMESTER 1', u'D1', u'Durban', u'A', u'40011181:SINGH;40000799:MARIMUTHU', u'']
[u'COST201_YEAR_2018', u'COST201_YEAR_2017', u'COST201', u'COSTING 11', u'NDIND2', u'ND:INDUSTRIAL ENGINEERING', 22.0, u'SEMESTER 2', u'D1', u'Durban', u'A', u'40000799:MARIMUTHU;40010223:NZUZA', u'']
check 'COST201_YEAR_2018' 'COST201'
processXLS: only for SEM2 [u'COST201_YEAR_2018', u'COST201_YEAR_2017', u'COST201', u'COSTING 11', u'NDIND2', u'ND:INDUSTRIAL ENGINEERING', 22.0, u'SEMESTER 2', u'D1', u'Durban', u'A', u'40000799:MARIMUTHU;40010223:NZUZA', u'']
[u'FMGT403_YEAR_2018', u'FMGT403_YEAR_2017', u'FMGT403', u'FINANCIAL MANAGEMENT IV', u'BTBAD1', u'BT:BUSINESS ADMINISTRATION', 11.0, u'YEAR', u'D3', u'Durban', u'', u'40008976:ZUNCKEL;40000799:MARIMUTHU', u'']
check 'FMGT403_YEAR_2018' 'FMGT403'
processXLS: only for SEM2 [u'FMGT403_YEAR_2018', u'FMGT403_YEAR_2017', u'FMGT403', u'FINANCIAL MANAGEMENT IV', u'BTBAD1', u'BT:BUSINESS ADMINISTRATION', 11.0, u'YEAR', u'D3', u'Durban', u'', u'40008976:ZUNCKEL;40000799:MARIMUTHU', u'']
[u'FMGR101_YEAR_2018', u'FMGR101_YEAR_2017', u'FMGR101', u'FINANCE FOR MANAGERS', u'DIMBS1', u'ND:MANAGEMENT SCIENCES (BUSINESS ADMINISTRATION)', 21.0, u'SEMESTER 1', u'D1', u'Durban', u'', u'40008976:ZUNCKEL;40000799:MARIMUTHU', u'']
check 'FMGR101_YEAR_2018' 'FMGR101'
processXLS: only for SEM2 [u'FMGR101_YEAR_2018', u'FMGR101_YEAR_2017', u'FMGR101', u'FINANCE FOR MANAGERS', u'DIMBS1', u'ND:MANAGEMENT SCIENCES (BUSINESS ADMINISTRATION)', 21.0, u'SEMESTER 1', u'D1', u'Durban', u'', u'40008976:ZUNCKEL;40000799:MARIMUTHU', u'']
[u'...', u'', u'', u'', u'', u'', u'', u'', u'', u'', u'', u'', u'']
check '...' ''
[u'New subjects for 2018', u'', u'', u'', u'', u'', u'', u'', u'', u'', u'', u'', u'']
check 'New subjects for 2018' ''
[u'MACE101_SEM1_2018', u'template_2018', u'MACE101', u'MANAGEMENT ACCOUNTING FOR ENGINEERS', u'BNIND1', u'B ENGINEERING TECHNOLOGY IN IND ENG', u'21', u'SEM1', u'D1', u'OTNAME', u'A', u'40000799:MARIMUTHU', u'']
check 'MACE101_SEM1_2018' 'MACE101'
processXLS: only for SEM2 [u'MACE101_SEM1_2018', u'template_2018', u'MACE101', u'MANAGEMENT ACCOUNTING FOR ENGINEERS', u'BNIND1', u'B ENGINEERING TECHNOLOGY IN IND ENG', u'21', u'SEM1', u'D1', u'OTNAME', u'A', u'40000799:MARIMUTHU', u'']
[u'', u'', u'', u'', u'', u'', u'', u'', u'', u'', u'', u'', u'']
check '' ''
[u'ENSP101_SEM2_2018', u'template_2018', u'ENSP101', u'ENTREPRENEURIAL SPIRIT', u'', u'ND: ICT in Applications Development', 22.0, u'SEM2', u'D1', u'DURBAN', u'A', u'50031427:YEARWOOD; 40000799: MARIMUTHU', u'']
check 'ENSP101_SEM2_2018' 'ENSP101'
processXLS: only for SEM2 [u'ENSP101_SEM2_2018', u'template_2018', u'ENSP101', u'ENTREPRENEURIAL SPIRIT', u'', u'ND: ICT in Applications Development', 22.0, u'SEM2', u'D1', u'DURBAN', u'A', u'50031427:YEARWOOD; 40000799: MARIMUTHU', u'']
[u'', u'', u'', u'', u'', u'', u'', u'', u'', u'', u'', u'', u'']
check '' ''
[u'ENSP101_SEM2_2018', u'template_2018', u'ENSP101', u'ENTREPRENEURIAL SPIRIT', u'', u'ND:  ICT in Business Analysis', 22.0, u'SEM2', u'D1', u'DURBAN', u'A', u'50031427:YEARWOOD; 40000799: MARIMUTHU', u'']
check 'ENSP101_SEM2_2018' 'ENSP101'
processXLS: only for SEM2 [u'ENSP101_SEM2_2018', u'template_2018', u'ENSP101', u'ENTREPRENEURIAL SPIRIT', u'', u'ND:  ICT in Business Analysis', 22.0, u'SEM2', u'D1', u'DURBAN', u'A', u'50031427:YEARWOOD; 40000799: MARIMUTHU', u'']
[u'', u'', u'', u'', u'', u'', u'', u'', u'', u'', u'', u'', u'']
check '' ''
[u'INDA301_SEM1_2018', u'template_2018', u'INDA301', u'INDUSTRIAL ACCOUNTING III', u'', u'NDIMD2', 21.0, u'SEM1', u'D1', u'DURBAN', u'', u'40011181,40000799', u'']
check 'INDA301_SEM1_2018' 'INDA301'
processXLS: only for SEM2 [u'INDA301_SEM1_2018', u'template_2018', u'INDA301', u'INDUSTRIAL ACCOUNTING III', u'', u'NDIMD2', 21.0, u'SEM1', u'D1', u'DURBAN', u'', u'40011181,40000799', u'']
processXLS: finished processing workingSheets/data/BBC3205ManagementAccounting2017.xls
getWS: requesting:  http://10.0.100.98:8000/itsenrol/classlist/2018/22/FNMG421 rsp= <Response [200]>
getWS: requesting:  http://10.0.100.98:8000/bbinfo/classlist/FNMG421 rsp= <Response [200]>
getNewStudentsInSubject: ITS 48, BB 2 -> 48 new enrollments
getWS: requesting:  http://10.0.100.98:8000/itsenrol/classlist/2018/22/CTAC101 rsp= <Response [200]>
getWS: requesting:  http://10.0.100.98:8000/bbinfo/classlist/CTAC101 rsp= <Response [200]>
getNewStudentsInSubject: ITS 354, BB 412 -> 351 new enrollments
getWS: requesting:  http://10.0.100.98:8000/itsenrol/classlist/2018/22/MGTA421 rsp= <Response [200]>
getWS: requesting:  http://10.0.100.98:8000/bbinfo/classlist/MGTA421 rsp= <Response [200]>
getNewStudentsInSubject: ITS 64, BB 2 -> 64 new enrollments
getWS: requesting:  http://10.0.100.98:8000/itsenrol/classlist/2018/22/BSTY201 rsp= <Response [200]>
getWS: requesting:  http://10.0.100.98:8000/bbinfo/classlist/BSTY201 rsp= <Response [200]>
getNewStudentsInSubject: ITS 62, BB 2 -> 62 new enrollments
getWS: requesting:  http://10.0.100.98:8000/itsenrol/classlist/2018/22/MGTA322 rsp= <Response [200]>
getWS: requesting:  http://10.0.100.98:8000/bbinfo/classlist/MGTA322 rsp= <Response [200]>
getNewStudentsInSubject: ITS 365, BB 9 -> 361 new enrollments
getWS: requesting:  http://10.0.100.98:8000/itsenrol/classlist/2018/22/CTAC211 rsp= <Response [200]>
getWS: requesting:  http://10.0.100.98:8000/bbinfo/classlist/CTAC211 rsp= <Response [200]>
getNewStudentsInSubject: ITS 0, BB 1326 -> 0 new enrollments
getWS: requesting:  http://10.0.100.98:8000/itsenrol/classlist/2018/22/CTAC221 rsp= <Response [200]>
getWS: requesting:  http://10.0.100.98:8000/bbinfo/classlist/CTAC221 rsp= <Response [200]>
getNewStudentsInSubject: ITS 618, BB 19 -> 609 new enrollments
getWS: requesting:  http://10.0.100.98:8000/itsenrol/classlist/2018/22/FNLM423 rsp= <Response [200]>
getWS: requesting:  http://10.0.100.98:8000/bbinfo/classlist/FNLM423 rsp= <Response [200]>
getNewStudentsInSubject: ITS 84, BB 2 -> 84 new enrollments
main: Writing students...
main: Writing enrollments...
main: Finished processing workingSheets/data/BBC3205ManagementAccounting2017.xls
main: 8 subjects processed
main: 39 subject -> classroom maps
main: 1447 students
main: 1579 student enrollments 0 errors
0.40user 0.14system 0:04.46elapsed 12%CPU (0avgtext+0avgdata 74336maxresident)k
168inputs+504outputs (1major+8444minor)pagefaults 0swaps
POSTING SNAPSHOTS to SIS endpoint
TEST RUN, NOT POSTING BBSTUDENTS
TEST RUN, NOT POSTIN BBENROL
copy snapshot files to saved output
=== department done ===
syncing logs...
Pushing logs from logs/20180723111852 to remote...
sending incremental file list
./
BBC3205ManagementAccounting2017.BBENROL.txt
BBC3205ManagementAccounting2017.BBSTUDENTS.txt
BBC3205ManagementAccounting2017.Enrolomat.txt
BBC3205ManagementAccounting2017.Postlog.txt

sent 336255 bytes  received 91 bytes  61153.82 bytes/sec
total size is 2487561  speedup is 7.40
logging to logs/20180723111852
=== generate newenrollments for BBC3206FinanceInfoManagement(pmb)2017. ===
GENERATE SNAPSHOTS...
./BBCIncrementalEnrollerX2.py : generating enrolment files for subjects in  workingSheets/data/BBC3206FinanceInfoManagement(pmb)2017.xls
processXLS: start spreadsheet workingSheets/data/BBC3206FinanceInfoManagement(pmb)2017.xls
[u'2018 Blackboard Classrooms for Department: 3206 - FINANCE & INFO MANAGEMENT(PMB)', u'', u'', u'', u'', u'', u'', u'', u'', u'', u'', u'']
check '2018 Blackboard Classrooms for Department: 3206 - FINANCE & INFO MANAGEMENT(PMB)' ''
[u'', u'', u'', u'', u'', u'', u'', u'', u'', u'', u'', u'']
check '' ''
[u'BB Classroom', u'Migrate Classroom', u'ITS Subject', u'', u'ITS Qualification', u'', u'Block', u'', u'Off Type', u'', u'Grp', u'Lecturer(s)']
check 'BB Classroom' 'ITS Subject'
[u'APFP101_YEAR_2018', u'APFP101_YEAR_2017', u'APFP101', u'ACCOUNTING PROFESSIONAL PRACTICE', u'NDATF1', u'ND: ACCOUNTING (4 YEARS)', u'11', u'YEAR', u'P1', u'Pietermaritzburg Full-time', u'A', u'50012185:TAYLER']
check 'APFP101_YEAR_2018' 'APFP101'
processXLS: only for SEM2 [u'APFP101_YEAR_2018', u'APFP101_YEAR_2017', u'APFP101', u'ACCOUNTING PROFESSIONAL PRACTICE', u'NDATF1', u'ND: ACCOUNTING (4 YEARS)', u'11', u'YEAR', u'P1', u'Pietermaritzburg Full-time', u'A', u'50012185:TAYLER']
[u'', u'', u'', u'', u'', u'', u'', u'', u'', u'', u'', u'']
check '' ''
[u'AUDN211_SEM1_2018', u'AUDN211_SEM1_2017', u'AUDN211', u'AUDITING II (MODULE 1)', u'NDACT2', u'ND:  ACCOUNTING', u'21', u'SEMESTER 1', u'P1', u'Pietermaritzburg Full-time', u'D', u'40004910:SEWNUNAN']
check 'AUDN211_SEM1_2018' 'AUDN211'
processXLS: only for SEM2 [u'AUDN211_SEM1_2018', u'AUDN211_SEM1_2017', u'AUDN211', u'AUDITING II (MODULE 1)', u'NDACT2', u'ND:  ACCOUNTING', u'21', u'SEMESTER 1', u'P1', u'Pietermaritzburg Full-time', u'D', u'40004910:SEWNUNAN']
[u'AUDN211_SEM1_2018', u'AUDN211_SEM1_2017', u'AUDN211', u'AUDITING II (MODULE 1)', u'NDACT2', u'ND:  ACCOUNTING', u'21', u'SEMESTER 1', u'P3', u'Pietermaritzburg Part-time', u'D', u'40004910:SEWNUNAN']
check 'AUDN211_SEM1_2018' 'AUDN211'
processXLS: only for SEM2 [u'AUDN211_SEM1_2018', u'AUDN211_SEM1_2017', u'AUDN211', u'AUDITING II (MODULE 1)', u'NDACT2', u'ND:  ACCOUNTING', u'21', u'SEMESTER 1', u'P3', u'Pietermaritzburg Part-time', u'D', u'40004910:SEWNUNAN']
[u'AUDN211_SEM1_2018', u'AUDN211_SEM1_2017', u'AUDN211', u'AUDITING II (MODULE 1)', u'NDATF1', u'ND: ACCOUNTING (4 YEARS)', u'21', u'SEMESTER 1', u'P1', u'Pietermaritzburg Full-time', u'A', u'40004910:SEWNUNAN']
check 'AUDN211_SEM1_2018' 'AUDN211'
processXLS: only for SEM2 [u'AUDN211_SEM1_2018', u'AUDN211_SEM1_2017', u'AUDN211', u'AUDITING II (MODULE 1)', u'NDATF1', u'ND: ACCOUNTING (4 YEARS)', u'21', u'SEMESTER 1', u'P1', u'Pietermaritzburg Full-time', u'A', u'40004910:SEWNUNAN']
[u'AUDN211_SEM1_2018', u'AUDN211_SEM1_2017', u'AUDN211', u'AUDITING II (MODULE 1)', u'NDCSA2', u'ND:  COST AND MANAGEMENT', u'21', u'SEMESTER 1', u'P1', u'Pietermaritzburg Full-time', u'E', u'40004910:SEWNUNAN']
check 'AUDN211_SEM1_2018' 'AUDN211'
processXLS: only for SEM2 [u'AUDN211_SEM1_2018', u'AUDN211_SEM1_2017', u'AUDN211', u'AUDITING II (MODULE 1)', u'NDCSA2', u'ND:  COST AND MANAGEMENT', u'21', u'SEMESTER 1', u'P1', u'Pietermaritzburg Full-time', u'E', u'40004910:SEWNUNAN']
[u'', u'', u'', u'', u'', u'', u'', u'', u'', u'', u'', u'']
check '' ''
[u'AUDN221_SEM2_2018', u'AUDN221_SEM2_2017', u'AUDN221', u'AUDITING II (MODULE 2)', u'NDACT2', u'ND:  ACCOUNTING', u'22', u'SEMESTER 2', u'P1', u'Pietermaritzburg Full-time', u'D', u'40004910:SEWNUNAN']
check 'AUDN221_SEM2_2018' 'AUDN221'
adding  AUDN221
requesting:  http://10.0.100.98:8000/bbinfo/matching_courses/AUDN221%25
r= <Response [200]>
matching classes= set([u'AUDN221_SEM2_2018', u'AUDN221_13_SEWT', u'AUDN221_15_SEWT', u'AUDN221_2013', u'AUDN221_SEM2_2016', u'AUDN221_SEM2_2017'])
[u'AUDN221_SEM2_2018', u'AUDN221_SEM2_2017', u'AUDN221', u'AUDITING II (MODULE 2)', u'NDACT2', u'ND:  ACCOUNTING', u'22', u'SEMESTER 2', u'P3', u'Pietermaritzburg Part-time', u'A', u'40004910:SEWNUNAN']
check 'AUDN221_SEM2_2018' 'AUDN221'
adding  AUDN221
requesting:  http://10.0.100.98:8000/bbinfo/matching_courses/AUDN221%25
r= <Response [200]>
matching classes= set([u'AUDN221_SEM2_2018', u'AUDN221_13_SEWT', u'AUDN221_15_SEWT', u'AUDN221_2013', u'AUDN221_SEM2_2016', u'AUDN221_SEM2_2017'])
[u'AUDN221_SEM2_2018', u'AUDN221_SEM2_2017', u'AUDN221', u'AUDITING II (MODULE 2)', u'NDATF1', u'ND: ACCOUNTING (4 YEARS)', u'22', u'SEMESTER 2', u'P1', u'Pietermaritzburg Full-time', u'A', u'40004910:SEWNUNAN']
check 'AUDN221_SEM2_2018' 'AUDN221'
adding  AUDN221
requesting:  http://10.0.100.98:8000/bbinfo/matching_courses/AUDN221%25
r= <Response [200]>
matching classes= set([u'AUDN221_SEM2_2018', u'AUDN221_13_SEWT', u'AUDN221_15_SEWT', u'AUDN221_2013', u'AUDN221_SEM2_2016', u'AUDN221_SEM2_2017'])
[u'AUDN221_SEM2_2018', u'AUDN221_SEM2_2017', u'AUDN221', u'AUDITING II (MODULE 2)', u'NDCSA2', u'ND:  COST AND MANAGEMENT', u'22', u'SEMESTER 2', u'P1', u'Pietermaritzburg Full-time', u'E', u'40004910:SEWNUNAN']
check 'AUDN221_SEM2_2018' 'AUDN221'
adding  AUDN221
requesting:  http://10.0.100.98:8000/bbinfo/matching_courses/AUDN221%25
r= <Response [200]>
matching classes= set([u'AUDN221_SEM2_2018', u'AUDN221_13_SEWT', u'AUDN221_15_SEWT', u'AUDN221_2013', u'AUDN221_SEM2_2016', u'AUDN221_SEM2_2017'])
[u'', u'', u'', u'', u'', u'', u'', u'', u'', u'', u'', u'']
check '' ''
[u'AUDN301_SEM2_2018', u'AUDN301_SEM2_2017', u'AUDN301', u'AUDITING III', u'NDACT2', u'ND:  ACCOUNTING', u'22', u'SEMESTER 2', u'P1', u'Pietermaritzburg Full-time', u'D', u'40004910:SEWNUNAN']
check 'AUDN301_SEM2_2018' 'AUDN301'
adding  AUDN301
requesting:  http://10.0.100.98:8000/bbinfo/matching_courses/AUDN301%25
r= <Response [200]>
matching classes= set([u'AUDN301_15_SEWT', u'AUDN301_13_SEWT', u'AUDN301_SEM2_2018', u'AUDN301_SEM2_2017', u'AUDN301_SEM2_2016', u'AUDN301_2013'])
[u'AUDN301_SEM2_2018', u'AUDN301_SEM2_2017', u'AUDN301', u'AUDITING III', u'NDACT2', u'ND:  ACCOUNTING', u'22', u'SEMESTER 2', u'P3', u'Pietermaritzburg Part-time', u'D', u'40004910:SEWNUNAN']
check 'AUDN301_SEM2_2018' 'AUDN301'
adding  AUDN301
requesting:  http://10.0.100.98:8000/bbinfo/matching_courses/AUDN301%25
r= <Response [200]>
matching classes= set([u'AUDN301_15_SEWT', u'AUDN301_13_SEWT', u'AUDN301_SEM2_2018', u'AUDN301_SEM2_2017', u'AUDN301_SEM2_2016', u'AUDN301_2013'])
[u'AUDN301_SEM2_2018', u'AUDN301_SEM2_2017', u'AUDN301', u'AUDITING III', u'NDATF1', u'ND: ACCOUNTING (4 YEARS)', u'22', u'SEMESTER 2', u'P1', u'Pietermaritzburg Full-time', u'A', u'40004910:SEWNUNAN']
check 'AUDN301_SEM2_2018' 'AUDN301'
adding  AUDN301
requesting:  http://10.0.100.98:8000/bbinfo/matching_courses/AUDN301%25
r= <Response [200]>
matching classes= set([u'AUDN301_15_SEWT', u'AUDN301_13_SEWT', u'AUDN301_SEM2_2018', u'AUDN301_SEM2_2017', u'AUDN301_SEM2_2016', u'AUDN301_2013'])
[u'', u'', u'', u'', u'', u'', u'', u'', u'', u'', u'', u'']
check '' ''
[u'BCLC101_SEM1_2018', u'BCLC101_SEM1_2017', u'BCLC101', u'BUSINESS CALCULATIONS I', u'NDACT2', u'ND:  ACCOUNTING', u'21', u'SEMESTER 1', u'P1', u'Pietermaritzburg Full-time', u'D', u'50031667:NDLOVU']
check 'BCLC101_SEM1_2018' 'BCLC101'
processXLS: only for SEM2 [u'BCLC101_SEM1_2018', u'BCLC101_SEM1_2017', u'BCLC101', u'BUSINESS CALCULATIONS I', u'NDACT2', u'ND:  ACCOUNTING', u'21', u'SEMESTER 1', u'P1', u'Pietermaritzburg Full-time', u'D', u'50031667:NDLOVU']
[u'BCLC101_SEM1_2018', u'BCLC101_SEM1_2017', u'BCLC101', u'BUSINESS CALCULATIONS I', u'NDACT2', u'ND:  ACCOUNTING', u'21', u'SEMESTER 1', u'P3', u'Pietermaritzburg Part-time', u'A', u'50031667:NDLOVU']
check 'BCLC101_SEM1_2018' 'BCLC101'
processXLS: only for SEM2 [u'BCLC101_SEM1_2018', u'BCLC101_SEM1_2017', u'BCLC101', u'BUSINESS CALCULATIONS I', u'NDACT2', u'ND:  ACCOUNTING', u'21', u'SEMESTER 1', u'P3', u'Pietermaritzburg Part-time', u'A', u'50031667:NDLOVU']
[u'BCLC101_SEM1_2018', u'BCLC101_SEM1_2017', u'BCLC101', u'BUSINESS CALCULATIONS I', u'NDCSA2', u'ND:  COST AND MANAGEMENT', u'21', u'SEMESTER 1', u'P1', u'Pietermaritzburg Full-time', u'E', u'50031667:NDLOVU']
check 'BCLC101_SEM1_2018' 'BCLC101'
processXLS: only for SEM2 [u'BCLC101_SEM1_2018', u'BCLC101_SEM1_2017', u'BCLC101', u'BUSINESS CALCULATIONS I', u'NDCSA2', u'ND:  COST AND MANAGEMENT', u'21', u'SEMESTER 1', u'P1', u'Pietermaritzburg Full-time', u'E', u'50031667:NDLOVU']
[u'BCLC101_SEM2_2018', u'BCLC101_SEM2_2017', u'BCLC101', u'BUSINESS CALCULATIONS I', u'NDATF1', u'ND: ACCOUNTING (4 YEARS)', u'22', u'SEMESTER 2', u'P1', u'Pietermaritzburg Full-time', u'A', u'50031667:NDLOVU']
check 'BCLC101_SEM2_2018' 'BCLC101'
adding  BCLC101
requesting:  http://10.0.100.98:8000/bbinfo/matching_courses/BCLC101%25
r= <Response [200]>
matching classes= set([u'BCLC101_ALL_2016', u'BCLC101_2013', u'BCLC101_13_NDLB', u'BCLC101_SEM2_2017', u'BCLC101_SEM1_2017', u'BCLC101_SEM2_2018'])
[u'', u'', u'', u'', u'', u'', u'', u'', u'', u'', u'', u'']
check '' ''
[u'BINS111_SEM2_2018', u'BINS111_SEM2_2017', u'BINS111', u'BUSINESS INFORMATION SYSTEMS I (MODULE 1)', u'NDACT2', u'ND:  ACCOUNTING', u'22', u'SEMESTER 2', u'P1', u'Pietermaritzburg Full-time', u'D', u'40009380:MOONSAMY;50002547:PARBANATH']
check 'BINS111_SEM2_2018' 'BINS111'
adding  BINS111
requesting:  http://10.0.100.98:8000/bbinfo/matching_courses/BINS111%25
r= <Response [200]>
matching classes= set([u'BINS111_SEM2_2017', u'BINS111_ALL_2016', u'BINS111_SEM2_2018', u'BINS111_13_MOOD', u'BINS111_2013'])
[u'BINS111_SEM2_2018', u'BINS111_SEM2_2017', u'BINS111', u'BUSINESS INFORMATION SYSTEMS I (MODULE 1)', u'NDACT2', u'ND:  ACCOUNTING', u'22', u'SEMESTER 2', u'P3', u'Pietermaritzburg Part-time', u'A', u'40009380:MOONSAMY;50002547:PARBANATH']
check 'BINS111_SEM2_2018' 'BINS111'
adding  BINS111
requesting:  http://10.0.100.98:8000/bbinfo/matching_courses/BINS111%25
r= <Response [200]>
matching classes= set([u'BINS111_SEM2_2017', u'BINS111_ALL_2016', u'BINS111_SEM2_2018', u'BINS111_13_MOOD', u'BINS111_2013'])
[u'BINS111_SEM2_2018', u'BINS111_SEM2_2017', u'BINS111', u'BUSINESS INFORMATION SYSTEMS I (MODULE 1)', u'NDATF1', u'ND: ACCOUNTING (4 YEARS)', u'22', u'SEMESTER 2', u'P1', u'Pietermaritzburg Full-time', u'A', u'40009380:MOONSAMY;50002547:PARBANATH']
check 'BINS111_SEM2_2018' 'BINS111'
adding  BINS111
requesting:  http://10.0.100.98:8000/bbinfo/matching_courses/BINS111%25
r= <Response [200]>
matching classes= set([u'BINS111_SEM2_2017', u'BINS111_ALL_2016', u'BINS111_SEM2_2018', u'BINS111_13_MOOD', u'BINS111_2013'])
[u'BINS111_SEM2_2018', u'BINS111_SEM2_2017', u'BINS111', u'BUSINESS INFORMATION SYSTEMS I (MODULE 1)', u'NDCSA2', u'ND:  COST AND MANAGEMENT', u'22', u'SEMESTER 2', u'P1', u'Pietermaritzburg Full-time', u'E', u'40009380:MOONSAMY;50002547:PARBANATH']
check 'BINS111_SEM2_2018' 'BINS111'
adding  BINS111
requesting:  http://10.0.100.98:8000/bbinfo/matching_courses/BINS111%25
r= <Response [200]>
matching classes= set([u'BINS111_SEM2_2017', u'BINS111_ALL_2016', u'BINS111_SEM2_2018', u'BINS111_13_MOOD', u'BINS111_2013'])
[u'', u'', u'', u'', u'', u'', u'', u'', u'', u'', u'', u'']
check '' ''
[u'BINS121_SEM1_2018', u'BINS121_SEM1_2017', u'BINS121', u'BUSINESS INFORMATION SYSTEMS I (MODULE 2)', u'NDACT2', u'ND:  ACCOUNTING', u'21', u'SEMESTER 1', u'P1', u'Pietermaritzburg Full-time', u'D', u'40009380:MOONSAMY;50002547:PARBANATH']
check 'BINS121_SEM1_2018' 'BINS121'
processXLS: only for SEM2 [u'BINS121_SEM1_2018', u'BINS121_SEM1_2017', u'BINS121', u'BUSINESS INFORMATION SYSTEMS I (MODULE 2)', u'NDACT2', u'ND:  ACCOUNTING', u'21', u'SEMESTER 1', u'P1', u'Pietermaritzburg Full-time', u'D', u'40009380:MOONSAMY;50002547:PARBANATH']
[u'BINS121_SEM1_2018', u'BINS121_SEM1_2017', u'BINS121', u'BUSINESS INFORMATION SYSTEMS I (MODULE 2)', u'NDACT2', u'ND:  ACCOUNTING', u'21', u'SEMESTER 1', u'P3', u'Pietermaritzburg Part-time', u'A', u'40009380:MOONSAMY;50002547:PARBANATH']
check 'BINS121_SEM1_2018' 'BINS121'
processXLS: only for SEM2 [u'BINS121_SEM1_2018', u'BINS121_SEM1_2017', u'BINS121', u'BUSINESS INFORMATION SYSTEMS I (MODULE 2)', u'NDACT2', u'ND:  ACCOUNTING', u'21', u'SEMESTER 1', u'P3', u'Pietermaritzburg Part-time', u'A', u'40009380:MOONSAMY;50002547:PARBANATH']
[u'BINS121_SEM1_2018', u'BINS121_SEM1_2017', u'BINS121', u'BUSINESS INFORMATION SYSTEMS I (MODULE 2)', u'NDATF1', u'ND: ACCOUNTING (4 YEARS)', u'21', u'SEMESTER 1', u'P1', u'Pietermaritzburg Full-time', u'A', u'40009380:MOONSAMY;50002547:PARBANATH']
check 'BINS121_SEM1_2018' 'BINS121'
processXLS: only for SEM2 [u'BINS121_SEM1_2018', u'BINS121_SEM1_2017', u'BINS121', u'BUSINESS INFORMATION SYSTEMS I (MODULE 2)', u'NDATF1', u'ND: ACCOUNTING (4 YEARS)', u'21', u'SEMESTER 1', u'P1', u'Pietermaritzburg Full-time', u'A', u'40009380:MOONSAMY;50002547:PARBANATH']
[u'BINS121_SEM1_2018', u'BINS121_SEM1_2017', u'BINS121', u'BUSINESS INFORMATION SYSTEMS I (MODULE 2)', u'NDCSA2', u'ND:  COST AND MANAGEMENT', u'21', u'SEMESTER 1', u'P1', u'Pietermaritzburg Full-time', u'E', u'40009380:MOONSAMY;50002547:PARBANATH']
check 'BINS121_SEM1_2018' 'BINS121'
processXLS: only for SEM2 [u'BINS121_SEM1_2018', u'BINS121_SEM1_2017', u'BINS121', u'BUSINESS INFORMATION SYSTEMS I (MODULE 2)', u'NDCSA2', u'ND:  COST AND MANAGEMENT', u'21', u'SEMESTER 1', u'P1', u'Pietermaritzburg Full-time', u'E', u'40009380:MOONSAMY;50002547:PARBANATH']
[u'', u'', u'', u'', u'', u'', u'', u'', u'', u'', u'', u'']
check '' ''
[u'BINS211_SEM1_2018', u'BINS211_SEM1_2017', u'BINS211', u'BUSINESS INFORMATION SYSTEMS II (MOD 1)', u'NDACT2', u'ND:  ACCOUNTING', u'21', u'SEMESTER 1', u'P1', u'Pietermaritzburg Full-time', u'D', u'40009380:MOONSAMY']
check 'BINS211_SEM1_2018' 'BINS211'
processXLS: only for SEM2 [u'BINS211_SEM1_2018', u'BINS211_SEM1_2017', u'BINS211', u'BUSINESS INFORMATION SYSTEMS II (MOD 1)', u'NDACT2', u'ND:  ACCOUNTING', u'21', u'SEMESTER 1', u'P1', u'Pietermaritzburg Full-time', u'D', u'40009380:MOONSAMY']
[u'BINS211_SEM1_2018', u'BINS211_SEM1_2017', u'BINS211', u'BUSINESS INFORMATION SYSTEMS II (MOD 1)', u'NDACT2', u'ND:  ACCOUNTING', u'21', u'SEMESTER 1', u'P3', u'Pietermaritzburg Part-time', u'D', u'40009380:MOONSAMY']
check 'BINS211_SEM1_2018' 'BINS211'
processXLS: only for SEM2 [u'BINS211_SEM1_2018', u'BINS211_SEM1_2017', u'BINS211', u'BUSINESS INFORMATION SYSTEMS II (MOD 1)', u'NDACT2', u'ND:  ACCOUNTING', u'21', u'SEMESTER 1', u'P3', u'Pietermaritzburg Part-time', u'D', u'40009380:MOONSAMY']
[u'BINS211_SEM1_2018', u'BINS211_SEM1_2017', u'BINS211', u'BUSINESS INFORMATION SYSTEMS II (MOD 1)', u'NDATF1', u'ND: ACCOUNTING (4 YEARS)', u'21', u'SEMESTER 1', u'P1', u'Pietermaritzburg Full-time', u'A', u'40009380:MOONSAMY']
check 'BINS211_SEM1_2018' 'BINS211'
processXLS: only for SEM2 [u'BINS211_SEM1_2018', u'BINS211_SEM1_2017', u'BINS211', u'BUSINESS INFORMATION SYSTEMS II (MOD 1)', u'NDATF1', u'ND: ACCOUNTING (4 YEARS)', u'21', u'SEMESTER 1', u'P1', u'Pietermaritzburg Full-time', u'A', u'40009380:MOONSAMY']
[u'', u'', u'', u'', u'', u'', u'', u'', u'', u'', u'', u'']
check '' ''
[u'BINS221_SEM2_2018', u'BINS221_SEM2_2017', u'BINS221', u'BUSINESS INFORMATION SYSTEMS II (MOD 2)', u'NDACT2', u'ND:  ACCOUNTING', u'22', u'SEMESTER 2', u'P1', u'Pietermaritzburg Full-time', u'D', u'40009380:MOONSAMY']
check 'BINS221_SEM2_2018' 'BINS221'
adding  BINS221
requesting:  http://10.0.100.98:8000/bbinfo/matching_courses/BINS221%25
r= <Response [200]>
matching classes= set([u'BINS221_SEM2_2016', u'BINS221_SEM2_2017', u'BINS221_2013', u'BINS221_SEM2_2018', u'BINS221_13_MCBJ'])
[u'BINS221_SEM2_2018', u'BINS221_SEM2_2017', u'BINS221', u'BUSINESS INFORMATION SYSTEMS II (MOD 2)', u'NDACT2', u'ND:  ACCOUNTING', u'22', u'SEMESTER 2', u'P3', u'Pietermaritzburg Part-time', u'D', u'40009380:MOONSAMY']
check 'BINS221_SEM2_2018' 'BINS221'
adding  BINS221
requesting:  http://10.0.100.98:8000/bbinfo/matching_courses/BINS221%25
r= <Response [200]>
matching classes= set([u'BINS221_SEM2_2016', u'BINS221_SEM2_2017', u'BINS221_2013', u'BINS221_SEM2_2018', u'BINS221_13_MCBJ'])
[u'BINS221_SEM2_2018', u'BINS221_SEM2_2017', u'BINS221', u'BUSINESS INFORMATION SYSTEMS II (MOD 2)', u'NDATF1', u'ND: ACCOUNTING (4 YEARS)', u'22', u'SEMESTER 2', u'P1', u'Pietermaritzburg Full-time', u'A', u'40009380:MOONSAMY']
check 'BINS221_SEM2_2018' 'BINS221'
adding  BINS221
requesting:  http://10.0.100.98:8000/bbinfo/matching_courses/BINS221%25
r= <Response [200]>
matching classes= set([u'BINS221_SEM2_2016', u'BINS221_SEM2_2017', u'BINS221_2013', u'BINS221_SEM2_2018', u'BINS221_13_MCBJ'])
[u'', u'', u'', u'', u'', u'', u'', u'', u'', u'', u'', u'']
check '' ''
[u'BSTT201_SEM2_2018', u'BSTT201_SEM2_2017', u'BSTT201', u'BUSINESS STATISTICS II', u'NDCSA2', u'ND:  COST AND MANAGEMENT', u'22', u'SEMESTER 2', u'P1', u'Pietermaritzburg Full-time', u'E', u'50031667:NDLOVU']
check 'BSTT201_SEM2_2018' 'BSTT201'
adding  BSTT201
requesting:  http://10.0.100.98:8000/bbinfo/matching_courses/BSTT201%25
r= <Response [200]>
matching classes= set([u'BSTT201_13_NDLB', u'BSTT201_SEM2_2017', u'BSTT201_SEM2_2016', u'BSTT201_SEM2_2018', u'BSTT201_2013'])
[u'', u'', u'', u'', u'', u'', u'', u'', u'', u'', u'', u'']
check '' ''
[u'BSAM101_YEAR_2018', u'BSAM101_YEAR_2017', u'BSAM101', u'BUSINESS ADMINISTRATION I', u'NDOMN1', u'ND: OFFICE MANAGEMENT AND TECHNOLOGY', u'11', u'YEAR', u'P1', u'Pietermaritzburg Full-time', u'A', u'50010934:DONGWE']
check 'BSAM101_YEAR_2018' 'BSAM101'
processXLS: only for SEM2 [u'BSAM101_YEAR_2018', u'BSAM101_YEAR_2017', u'BSAM101', u'BUSINESS ADMINISTRATION I', u'NDOMN1', u'ND: OFFICE MANAGEMENT AND TECHNOLOGY', u'11', u'YEAR', u'P1', u'Pietermaritzburg Full-time', u'A', u'50010934:DONGWE']
[u'', u'', u'', u'', u'', u'', u'', u'', u'', u'', u'', u'']
check '' ''
[u'CACC101_SEM1_2018', u'CACC101_SEM1_2017', u'CACC101', u'COST ACCOUNTING I', u'NDACT2', u'ND:  ACCOUNTING', u'21', u'SEMESTER 1', u'P1', u'Pietermaritzburg Full-time', u'D', u'40009437: ABDUL LATIFF']
check 'CACC101_SEM1_2018' 'CACC101'
processXLS: only for SEM2 [u'CACC101_SEM1_2018', u'CACC101_SEM1_2017', u'CACC101', u'COST ACCOUNTING I', u'NDACT2', u'ND:  ACCOUNTING', u'21', u'SEMESTER 1', u'P1', u'Pietermaritzburg Full-time', u'D', u'40009437: ABDUL LATIFF']
[u'CACC101_SEM1_2018', u'CACC101_SEM1_2017', u'CACC101', u'COST ACCOUNTING I', u'NDACT2', u'ND:  ACCOUNTING', u'21', u'SEMESTER 1', u'P3', u'Pietermaritzburg Part-time', u'D', u'40009437: ABDUL LATIFF']
check 'CACC101_SEM1_2018' 'CACC101'
processXLS: only for SEM2 [u'CACC101_SEM1_2018', u'CACC101_SEM1_2017', u'CACC101', u'COST ACCOUNTING I', u'NDACT2', u'ND:  ACCOUNTING', u'21', u'SEMESTER 1', u'P3', u'Pietermaritzburg Part-time', u'D', u'40009437: ABDUL LATIFF']
[u'CACC101_SEM1_2018', u'CACC101_SEM1_2017', u'CACC101', u'COST ACCOUNTING I', u'NDATF1', u'ND: ACCOUNTING (4 YEARS)', u'21', u'SEMESTER 1', u'P1', u'Pietermaritzburg Full-time', u'A', u'40009437: ABDUL LATIFF']
check 'CACC101_SEM1_2018' 'CACC101'
processXLS: only for SEM2 [u'CACC101_SEM1_2018', u'CACC101_SEM1_2017', u'CACC101', u'COST ACCOUNTING I', u'NDATF1', u'ND: ACCOUNTING (4 YEARS)', u'21', u'SEMESTER 1', u'P1', u'Pietermaritzburg Full-time', u'A', u'40009437: ABDUL LATIFF']
[u'CACC101_SEM1_2018', u'CACC101_SEM1_2017', u'CACC101', u'COST ACCOUNTING I', u'NDCSA2', u'ND:  COST AND MANAGEMENT', u'21', u'SEMESTER 1', u'P1', u'Pietermaritzburg Full-time', u'E', u'40009437: ABDUL LATIFF']
check 'CACC101_SEM1_2018' 'CACC101'
processXLS: only for SEM2 [u'CACC101_SEM1_2018', u'CACC101_SEM1_2017', u'CACC101', u'COST ACCOUNTING I', u'NDCSA2', u'ND:  COST AND MANAGEMENT', u'21', u'SEMESTER 1', u'P1', u'Pietermaritzburg Full-time', u'E', u'40009437: ABDUL LATIFF']
[u'', u'', u'', u'', u'', u'', u'', u'', u'', u'', u'', u'']
check '' ''
[u'CACC211_SEM1_2018', u'CACC211_SEM1_2017', u'CACC211', u'COST ACCOUNTING II (MODULE 1)', u'NDACT2', u'ND:  ACCOUNTING', u'21', u'SEMESTER 1', u'P1', u'Pietermaritzburg Full-time', u'A', u'40009437: ABDUL LATIFF']
check 'CACC211_SEM1_2018' 'CACC211'
processXLS: only for SEM2 [u'CACC211_SEM1_2018', u'CACC211_SEM1_2017', u'CACC211', u'COST ACCOUNTING II (MODULE 1)', u'NDACT2', u'ND:  ACCOUNTING', u'21', u'SEMESTER 1', u'P1', u'Pietermaritzburg Full-time', u'A', u'40009437: ABDUL LATIFF']
[u'CACC211_SEM1_2018', u'CACC211_SEM1_2017', u'CACC211', u'COST ACCOUNTING II (MODULE 1)', u'NDACT2', u'ND:  ACCOUNTING', u'21', u'SEMESTER 1', u'P3', u'Pietermaritzburg Part-time', u'D', u'40009437: ABDUL LATIFF']
check 'CACC211_SEM1_2018' 'CACC211'
processXLS: only for SEM2 [u'CACC211_SEM1_2018', u'CACC211_SEM1_2017', u'CACC211', u'COST ACCOUNTING II (MODULE 1)', u'NDACT2', u'ND:  ACCOUNTING', u'21', u'SEMESTER 1', u'P3', u'Pietermaritzburg Part-time', u'D', u'40009437: ABDUL LATIFF']
[u'CACC211_SEM1_2018', u'CACC211_SEM1_2017', u'CACC211', u'COST ACCOUNTING II (MODULE 1)', u'NDATF1', u'ND: ACCOUNTING (4 YEARS)', u'21', u'SEMESTER 1', u'P1', u'Pietermaritzburg Full-time', u'A', u'40009437: ABDUL LATIFF']
check 'CACC211_SEM1_2018' 'CACC211'
processXLS: only for SEM2 [u'CACC211_SEM1_2018', u'CACC211_SEM1_2017', u'CACC211', u'COST ACCOUNTING II (MODULE 1)', u'NDATF1', u'ND: ACCOUNTING (4 YEARS)', u'21', u'SEMESTER 1', u'P1', u'Pietermaritzburg Full-time', u'A', u'40009437: ABDUL LATIFF']
[u'CACC211_SEM1_2018', u'CACC211_SEM1_2017', u'CACC211', u'COST ACCOUNTING II (MODULE 1)', u'NDCSA2', u'ND:  COST AND MANAGEMENT', u'21', u'SEMESTER 1', u'P1', u'Pietermaritzburg Full-time', u'E', u'40009437: ABDUL LATIFF']
check 'CACC211_SEM1_2018' 'CACC211'
processXLS: only for SEM2 [u'CACC211_SEM1_2018', u'CACC211_SEM1_2017', u'CACC211', u'COST ACCOUNTING II (MODULE 1)', u'NDCSA2', u'ND:  COST AND MANAGEMENT', u'21', u'SEMESTER 1', u'P1', u'Pietermaritzburg Full-time', u'E', u'40009437: ABDUL LATIFF']
[u'', u'', u'', u'', u'', u'', u'', u'', u'', u'', u'', u'']
check '' ''
[u'CACC221_SEM2_2018', u'CACC221_SEM2_2017', u'CACC221', u'COST ACCOUNTING II (MODULE 2)', u'NDACT2', u'ND:  ACCOUNTING', u'22', u'SEMESTER 2', u'P1', u'Pietermaritzburg Full-time', u'D', u'40009437: ABDUL LATIFF']
check 'CACC221_SEM2_2018' 'CACC221'
adding  CACC221
requesting:  http://10.0.100.98:8000/bbinfo/matching_courses/CACC221%25
r= <Response [200]>
matching classes= set([u'CACC221_SEM2_2016', u'CACC221_SEM2_2017', u'CACC221_2013', u'CACC221_13_NYIC', u'CACC221_SEM2_2018'])
[u'CACC221_SEM2_2018', u'CACC221_SEM2_2017', u'CACC221', u'COST ACCOUNTING II (MODULE 2)', u'NDACT2', u'ND:  ACCOUNTING', u'22', u'SEMESTER 2', u'P3', u'Pietermaritzburg Part-time', u'D', u'40009437: ABDUL LATIFF']
check 'CACC221_SEM2_2018' 'CACC221'
adding  CACC221
requesting:  http://10.0.100.98:8000/bbinfo/matching_courses/CACC221%25
r= <Response [200]>
matching classes= set([u'CACC221_SEM2_2016', u'CACC221_SEM2_2017', u'CACC221_2013', u'CACC221_13_NYIC', u'CACC221_SEM2_2018'])
[u'CACC221_SEM2_2018', u'CACC221_SEM2_2017', u'CACC221', u'COST ACCOUNTING II (MODULE 2)', u'NDATF1', u'ND: ACCOUNTING (4 YEARS)', u'22', u'SEMESTER 2', u'P1', u'Pietermaritzburg Full-time', u'A', u'40009437: ABDUL LATIFF']
check 'CACC221_SEM2_2018' 'CACC221'
adding  CACC221
requesting:  http://10.0.100.98:8000/bbinfo/matching_courses/CACC221%25
r= <Response [200]>
matching classes= set([u'CACC221_SEM2_2016', u'CACC221_SEM2_2017', u'CACC221_2013', u'CACC221_13_NYIC', u'CACC221_SEM2_2018'])
[u'CACC221_SEM2_2018', u'CACC221_SEM2_2017', u'CACC221', u'COST ACCOUNTING II (MODULE 2)', u'NDCSA2', u'ND:  COST AND MANAGEMENT', u'22', u'SEMESTER 2', u'P1', u'Pietermaritzburg Full-time', u'E', u'40009437: ABDUL LATIFF']
check 'CACC221_SEM2_2018' 'CACC221'
adding  CACC221
requesting:  http://10.0.100.98:8000/bbinfo/matching_courses/CACC221%25
r= <Response [200]>
matching classes= set([u'CACC221_SEM2_2016', u'CACC221_SEM2_2017', u'CACC221_2013', u'CACC221_13_NYIC', u'CACC221_SEM2_2018'])
[u'', u'', u'', u'', u'', u'', u'', u'', u'', u'', u'', u'']
check '' ''
[u'CPTU101_YEAR_2018', u'CPTU101_YEAR_2017', u'CPTU101', u'COMPUTER USAGE I', u'NDECT1', u'ND: ECOTOURISM MANAGEMENT', u'11', u'YEAR', u'P1', u'Pietermaritzburg Full-time', u'A', u'40009380:MOONSAMY;50002547:PARBANATH']
check 'CPTU101_YEAR_2018' 'CPTU101'
processXLS: only for SEM2 [u'CPTU101_YEAR_2018', u'CPTU101_YEAR_2017', u'CPTU101', u'COMPUTER USAGE I', u'NDECT1', u'ND: ECOTOURISM MANAGEMENT', u'11', u'YEAR', u'P1', u'Pietermaritzburg Full-time', u'A', u'40009380:MOONSAMY;50002547:PARBANATH']
[u'', u'', u'', u'', u'', u'', u'', u'', u'', u'', u'', u'']
check '' ''
[u'ENDC111_SEM1_2018', u'ENDC111_SEM1_2017', u'ENDC111', u'END-USER COMPUTING I (MODULE 1)', u'NDHRS1', u'ND: HUMAN RESOURCES MANAGEMENT', u'21', u'SEMESTER 1', u'P1', u'Pietermaritzburg Full-time', u'C', u'40009380:MOONSAMY;50002547:PARBANATH']
check 'ENDC111_SEM1_2018' 'ENDC111'
processXLS: only for SEM2 [u'ENDC111_SEM1_2018', u'ENDC111_SEM1_2017', u'ENDC111', u'END-USER COMPUTING I (MODULE 1)', u'NDHRS1', u'ND: HUMAN RESOURCES MANAGEMENT', u'21', u'SEMESTER 1', u'P1', u'Pietermaritzburg Full-time', u'C', u'40009380:MOONSAMY;50002547:PARBANATH']
[u'ENDC111_SEM1_2018', u'ENDC111_SEM1_2017', u'ENDC111', u'END-USER COMPUTING I (MODULE 1)', u'NDMAF1', u'ND: MANAGEMENT (4 YEARS)', u'21', u'SEMESTER 1', u'P1', u'Pietermaritzburg Full-time', u'B', u'40009380:MOONSAMY;50002547:PARBANATH']
check 'ENDC111_SEM1_2018' 'ENDC111'
processXLS: only for SEM2 [u'ENDC111_SEM1_2018', u'ENDC111_SEM1_2017', u'ENDC111', u'END-USER COMPUTING I (MODULE 1)', u'NDMAF1', u'ND: MANAGEMENT (4 YEARS)', u'21', u'SEMESTER 1', u'P1', u'Pietermaritzburg Full-time', u'B', u'40009380:MOONSAMY;50002547:PARBANATH']
[u'ENDC111_SEM1_2018', u'ENDC111_SEM1_2017', u'ENDC111', u'END-USER COMPUTING I (MODULE 1)', u'NDMAN1', u'ND: MANAGEMENT', u'21', u'SEMESTER 1', u'P1', u'Pietermaritzburg Full-time', u'A', u'40009380:MOONSAMY;50002547:PARBANATH']
check 'ENDC111_SEM1_2018' 'ENDC111'
processXLS: only for SEM2 [u'ENDC111_SEM1_2018', u'ENDC111_SEM1_2017', u'ENDC111', u'END-USER COMPUTING I (MODULE 1)', u'NDMAN1', u'ND: MANAGEMENT', u'21', u'SEMESTER 1', u'P1', u'Pietermaritzburg Full-time', u'A', u'40009380:MOONSAMY;50002547:PARBANATH']
[u'', u'', u'', u'', u'', u'', u'', u'', u'', u'', u'', u'']
check '' ''
[u'ENDC121_SEM2_2018', u'ENDC121_SEM2_2017', u'ENDC121', u'END-USER COMPUTING I (MODULE 2)', u'NDHRS1', u'ND: HUMAN RESOURCES MANAGEMENT', u'22', u'SEMESTER 2', u'P1', u'Pietermaritzburg Full-time', u'C', u'40009380:MOONSAMY;50002547:PARBANATH']
check 'ENDC121_SEM2_2018' 'ENDC121'
adding  ENDC121
requesting:  http://10.0.100.98:8000/bbinfo/matching_courses/ENDC121%25
r= <Response [200]>
matching classes= set([u'ENDC121_13_PARS', u'ENDC121_SEM2_2017', u'ENDC121_SEM2_2016', u'ENDC121_SEM2_2018', u'ENDC121_13_MOOD', u'ENDC121_2013'])
[u'ENDC121_SEM2_2018', u'ENDC121_SEM2_2017', u'ENDC121', u'END-USER COMPUTING I (MODULE 2)', u'NDMAF1', u'ND: MANAGEMENT (4 YEARS)', u'22', u'SEMESTER 2', u'P1', u'Pietermaritzburg Full-time', u'B', u'40009380:MOONSAMY;50002547:PARBANATH']
check 'ENDC121_SEM2_2018' 'ENDC121'
adding  ENDC121
requesting:  http://10.0.100.98:8000/bbinfo/matching_courses/ENDC121%25
r= <Response [200]>
matching classes= set([u'ENDC121_13_PARS', u'ENDC121_SEM2_2017', u'ENDC121_SEM2_2016', u'ENDC121_SEM2_2018', u'ENDC121_13_MOOD', u'ENDC121_2013'])
[u'ENDC121_SEM2_2018', u'ENDC121_SEM2_2017', u'ENDC121', u'END-USER COMPUTING I (MODULE 2)', u'NDMAN1', u'ND: MANAGEMENT', u'22', u'SEMESTER 2', u'P1', u'Pietermaritzburg Full-time', u'A', u'40009380:MOONSAMY;50002547:PARBANATH']
check 'ENDC121_SEM2_2018' 'ENDC121'
adding  ENDC121
requesting:  http://10.0.100.98:8000/bbinfo/matching_courses/ENDC121%25
r= <Response [200]>
matching classes= set([u'ENDC121_13_PARS', u'ENDC121_SEM2_2017', u'ENDC121_SEM2_2016', u'ENDC121_SEM2_2018', u'ENDC121_13_MOOD', u'ENDC121_2013'])
[u'', u'', u'', u'', u'', u'', u'', u'', u'', u'', u'', u'']
check '' ''
[u'FACN111_SEM1_2018', u'FACN111_SEM1_2017', u'FACN111', u'FINANCIAL ACCOUNTING I (MODULE 1)', u'NDACT2', u'ND:  ACCOUNTING', u'21', u'SEMESTER 1', u'P1', u'Pietermaritzburg Full-time', u'D', u'50031600:THOMPSON']
check 'FACN111_SEM1_2018' 'FACN111'
processXLS: only for SEM2 [u'FACN111_SEM1_2018', u'FACN111_SEM1_2017', u'FACN111', u'FINANCIAL ACCOUNTING I (MODULE 1)', u'NDACT2', u'ND:  ACCOUNTING', u'21', u'SEMESTER 1', u'P1', u'Pietermaritzburg Full-time', u'D', u'50031600:THOMPSON']
[u'FACN111_SEM1_2018', u'FACN111_SEM1_2017', u'FACN111', u'FINANCIAL ACCOUNTING I (MODULE 1)', u'NDACT2', u'ND:  ACCOUNTING', u'21', u'SEMESTER 1', u'P3', u'Pietermaritzburg Part-time', u'D', u'40007478:BROWNE']
check 'FACN111_SEM1_2018' 'FACN111'
processXLS: only for SEM2 [u'FACN111_SEM1_2018', u'FACN111_SEM1_2017', u'FACN111', u'FINANCIAL ACCOUNTING I (MODULE 1)', u'NDACT2', u'ND:  ACCOUNTING', u'21', u'SEMESTER 1', u'P3', u'Pietermaritzburg Part-time', u'D', u'40007478:BROWNE']
[u'FACN111_SEM1_2018', u'FACN111_SEM1_2017', u'FACN111', u'FINANCIAL ACCOUNTING I (MODULE 1)', u'NDATF1', u'ND: ACCOUNTING (4 YEARS)', u'21', u'SEMESTER 1', u'P1', u'Pietermaritzburg Full-time', u'F', u'50031600:THOMPSON']
check 'FACN111_SEM1_2018' 'FACN111'
processXLS: only for SEM2 [u'FACN111_SEM1_2018', u'FACN111_SEM1_2017', u'FACN111', u'FINANCIAL ACCOUNTING I (MODULE 1)', u'NDATF1', u'ND: ACCOUNTING (4 YEARS)', u'21', u'SEMESTER 1', u'P1', u'Pietermaritzburg Full-time', u'F', u'50031600:THOMPSON']
[u'FACN111_SEM1_2018', u'FACN111_SEM1_2017', u'FACN111', u'FINANCIAL ACCOUNTING I (MODULE 1)', u'NDCSA2', u'ND:  COST AND MANAGEMENT', u'21', u'SEMESTER 1', u'P1', u'Pietermaritzburg Full-time', u'E', u'50001842: MBHELE']
check 'FACN111_SEM1_2018' 'FACN111'
processXLS: only for SEM2 [u'FACN111_SEM1_2018', u'FACN111_SEM1_2017', u'FACN111', u'FINANCIAL ACCOUNTING I (MODULE 1)', u'NDCSA2', u'ND:  COST AND MANAGEMENT', u'21', u'SEMESTER 1', u'P1', u'Pietermaritzburg Full-time', u'E', u'50001842: MBHELE']
[u'FACN111_SEM1_2018', u'FACN111_SEM1_2017', u'FACN111', u'FINANCIAL ACCOUNTING I (MODULE 1)', u'NDMAF1', u'ND: MANAGEMENT (4 YEARS)', u'21', u'SEMESTER 1', u'P1', u'Pietermaritzburg Full-time', u'B', u'50001842: MBHELE']
check 'FACN111_SEM1_2018' 'FACN111'
processXLS: only for SEM2 [u'FACN111_SEM1_2018', u'FACN111_SEM1_2017', u'FACN111', u'FINANCIAL ACCOUNTING I (MODULE 1)', u'NDMAF1', u'ND: MANAGEMENT (4 YEARS)', u'21', u'SEMESTER 1', u'P1', u'Pietermaritzburg Full-time', u'B', u'50001842: MBHELE']
[u'FACN111_SEM1_2018', u'FACN111_SEM1_2017', u'FACN111', u'FINANCIAL ACCOUNTING I (MODULE 1)', u'NDMAN1', u'ND: MANAGEMENT', u'21', u'SEMESTER 1', u'P1', u'Pietermaritzburg Full-time', u'A', u'50001842: MBHELE']
check 'FACN111_SEM1_2018' 'FACN111'
processXLS: only for SEM2 [u'FACN111_SEM1_2018', u'FACN111_SEM1_2017', u'FACN111', u'FINANCIAL ACCOUNTING I (MODULE 1)', u'NDMAN1', u'ND: MANAGEMENT', u'21', u'SEMESTER 1', u'P1', u'Pietermaritzburg Full-time', u'A', u'50001842: MBHELE']
[u'FACN111_SEM1_2018', u'FACN111_SEM1_2017', u'FACN111', u'FINANCIAL ACCOUNTING I (MODULE 1)', u'NDOMN1', u'ND: OFFICE MANAGEMENT AND TECHNOLOGY', u'21', u'SEMESTER 1', u'P1', u'Pietermaritzburg Full-time', u'C', u'50001842: MBHELE']
check 'FACN111_SEM1_2018' 'FACN111'
processXLS: only for SEM2 [u'FACN111_SEM1_2018', u'FACN111_SEM1_2017', u'FACN111', u'FINANCIAL ACCOUNTING I (MODULE 1)', u'NDOMN1', u'ND: OFFICE MANAGEMENT AND TECHNOLOGY', u'21', u'SEMESTER 1', u'P1', u'Pietermaritzburg Full-time', u'C', u'50001842: MBHELE']
[u'', u'', u'', u'', u'', u'', u'', u'', u'', u'', u'', u'']
check '' ''
[u'FACN121_SEM2_2018', u'FACN121_SEM2_2017', u'FACN121', u'FINANCIAL ACCOUNTING I (MODULE 2)', u'NDACT2', u'ND:  ACCOUNTING', u'22', u'SEMESTER 2', u'P1', u'Pietermaritzburg Full-time', u'D', u'50031600:THOMPSON']
check 'FACN121_SEM2_2018' 'FACN121'
adding  FACN121
requesting:  http://10.0.100.98:8000/bbinfo/matching_courses/FACN121%25
r= <Response [200]>
matching classes= set([u'FACN121_13_MBHB', u'FACN121_15', u'FACN121_14_THOT', u'FACN121_2013', u'FACN121_SEM2_2018', u'FACN121_SEM2_2017', u'FACN121_SEM2_2016', u'FACN121_16_MBHB'])
[u'FACN121_SEM2_2018', u'FACN121_SEM2_2017', u'FACN121', u'FINANCIAL ACCOUNTING I (MODULE 2)', u'NDACT2', u'ND:  ACCOUNTING', u'22', u'SEMESTER 2', u'P3', u'Pietermaritzburg Part-time', u'D', u'40007478:BROWNE']
check 'FACN121_SEM2_2018' 'FACN121'
adding  FACN121
requesting:  http://10.0.100.98:8000/bbinfo/matching_courses/FACN121%25
r= <Response [200]>
matching classes= set([u'FACN121_13_MBHB', u'FACN121_15', u'FACN121_14_THOT', u'FACN121_2013', u'FACN121_SEM2_2018', u'FACN121_SEM2_2017', u'FACN121_SEM2_2016', u'FACN121_16_MBHB'])
[u'FACN121_SEM2_2018', u'FACN121_SEM2_2017', u'FACN121', u'FINANCIAL ACCOUNTING I (MODULE 2)', u'NDATF1', u'ND: ACCOUNTING (4 YEARS)', u'22', u'SEMESTER 2', u'P1', u'Pietermaritzburg Full-time', u'F', u'50031600:THOMPSON']
check 'FACN121_SEM2_2018' 'FACN121'
adding  FACN121
requesting:  http://10.0.100.98:8000/bbinfo/matching_courses/FACN121%25
r= <Response [200]>
matching classes= set([u'FACN121_13_MBHB', u'FACN121_15', u'FACN121_14_THOT', u'FACN121_2013', u'FACN121_SEM2_2018', u'FACN121_SEM2_2017', u'FACN121_SEM2_2016', u'FACN121_16_MBHB'])
[u'FACN121_SEM2_2018', u'FACN121_SEM2_2017', u'FACN121', u'FINANCIAL ACCOUNTING I (MODULE 2)', u'NDCSA2', u'ND:  COST AND MANAGEMENT', u'22', u'SEMESTER 2', u'P1', u'Pietermaritzburg Full-time', u'E', u'50001842: MBHELE']
check 'FACN121_SEM2_2018' 'FACN121'
adding  FACN121
requesting:  http://10.0.100.98:8000/bbinfo/matching_courses/FACN121%25
r= <Response [200]>
matching classes= set([u'FACN121_13_MBHB', u'FACN121_15', u'FACN121_14_THOT', u'FACN121_2013', u'FACN121_SEM2_2018', u'FACN121_SEM2_2017', u'FACN121_SEM2_2016', u'FACN121_16_MBHB'])
[u'FACN121_SEM2_2018', u'FACN121_SEM2_2017', u'FACN121', u'FINANCIAL ACCOUNTING I (MODULE 2)', u'NDMAF1', u'ND: MANAGEMENT (4 YEARS)', u'22', u'SEMESTER 2', u'P1', u'Pietermaritzburg Full-time', u'B', u'50001842: MBHELE']
check 'FACN121_SEM2_2018' 'FACN121'
adding  FACN121
requesting:  http://10.0.100.98:8000/bbinfo/matching_courses/FACN121%25
r= <Response [200]>
matching classes= set([u'FACN121_13_MBHB', u'FACN121_15', u'FACN121_14_THOT', u'FACN121_2013', u'FACN121_SEM2_2018', u'FACN121_SEM2_2017', u'FACN121_SEM2_2016', u'FACN121_16_MBHB'])
[u'FACN121_SEM2_2018', u'FACN121_SEM2_2017', u'FACN121', u'FINANCIAL ACCOUNTING I (MODULE 2)', u'NDMAN1', u'ND: MANAGEMENT', u'22', u'SEMESTER 2', u'P1', u'Pietermaritzburg Full-time', u'A', u'50001842: MBHELE']
check 'FACN121_SEM2_2018' 'FACN121'
adding  FACN121
requesting:  http://10.0.100.98:8000/bbinfo/matching_courses/FACN121%25
r= <Response [200]>
matching classes= set([u'FACN121_13_MBHB', u'FACN121_15', u'FACN121_14_THOT', u'FACN121_2013', u'FACN121_SEM2_2018', u'FACN121_SEM2_2017', u'FACN121_SEM2_2016', u'FACN121_16_MBHB'])
[u'FACN121_SEM2_2018', u'FACN121_SEM2_2017', u'FACN121', u'FINANCIAL ACCOUNTING I (MODULE 2)', u'NDOMN1', u'ND: OFFICE MANAGEMENT AND TECHNOLOGY', u'22', u'SEMESTER 2', u'P1', u'Pietermaritzburg Full-time', u'C', u'50001842: MBHELE']
check 'FACN121_SEM2_2018' 'FACN121'
adding  FACN121
requesting:  http://10.0.100.98:8000/bbinfo/matching_courses/FACN121%25
r= <Response [200]>
matching classes= set([u'FACN121_13_MBHB', u'FACN121_15', u'FACN121_14_THOT', u'FACN121_2013', u'FACN121_SEM2_2018', u'FACN121_SEM2_2017', u'FACN121_SEM2_2016', u'FACN121_16_MBHB'])
[u'', u'', u'', u'', u'', u'', u'', u'', u'', u'', u'', u'']
check '' ''
[u'FACN211_SEM1_2018', u'FACN211_SEM1_2017', u'FACN211', u'FINANCIAL ACCOUNTING II (MODULE 1)', u'NDACT2', u'ND:  ACCOUNTING', u'21', u'SEMESTER 1', u'P1', u'Pietermaritzburg Full-time', u'A', u'50031600:THOMPSON']
check 'FACN211_SEM1_2018' 'FACN211'
processXLS: only for SEM2 [u'FACN211_SEM1_2018', u'FACN211_SEM1_2017', u'FACN211', u'FINANCIAL ACCOUNTING II (MODULE 1)', u'NDACT2', u'ND:  ACCOUNTING', u'21', u'SEMESTER 1', u'P1', u'Pietermaritzburg Full-time', u'A', u'50031600:THOMPSON']
[u'FACN211_SEM1_2018', u'FACN211_SEM1_2017', u'FACN211', u'FINANCIAL ACCOUNTING II (MODULE 1)', u'NDACT2', u'ND:  ACCOUNTING', u'21', u'SEMESTER 1', u'P1', u'Pietermaritzburg Full-time', u'D', u'50031600:THOMPSON']
check 'FACN211_SEM1_2018' 'FACN211'
processXLS: only for SEM2 [u'FACN211_SEM1_2018', u'FACN211_SEM1_2017', u'FACN211', u'FINANCIAL ACCOUNTING II (MODULE 1)', u'NDACT2', u'ND:  ACCOUNTING', u'21', u'SEMESTER 1', u'P1', u'Pietermaritzburg Full-time', u'D', u'50031600:THOMPSON']
[u'FACN211_SEM1_2018', u'FACN211_SEM1_2017', u'FACN211', u'FINANCIAL ACCOUNTING II (MODULE 1)', u'NDACT2', u'ND:  ACCOUNTING', u'21', u'SEMESTER 1', u'P3', u'Pietermaritzburg Part-time', u'D', u'50001842: MBHELE']
check 'FACN211_SEM1_2018' 'FACN211'
processXLS: only for SEM2 [u'FACN211_SEM1_2018', u'FACN211_SEM1_2017', u'FACN211', u'FINANCIAL ACCOUNTING II (MODULE 1)', u'NDACT2', u'ND:  ACCOUNTING', u'21', u'SEMESTER 1', u'P3', u'Pietermaritzburg Part-time', u'D', u'50001842: MBHELE']
[u'FACN211_SEM1_2018', u'FACN211_SEM1_2017', u'FACN211', u'FINANCIAL ACCOUNTING II (MODULE 1)', u'NDATF1', u'ND: ACCOUNTING (4 YEARS)', u'21', u'SEMESTER 1', u'P1', u'Pietermaritzburg Full-time', u'A', u'50031600:THOMPSON']
check 'FACN211_SEM1_2018' 'FACN211'
processXLS: only for SEM2 [u'FACN211_SEM1_2018', u'FACN211_SEM1_2017', u'FACN211', u'FINANCIAL ACCOUNTING II (MODULE 1)', u'NDATF1', u'ND: ACCOUNTING (4 YEARS)', u'21', u'SEMESTER 1', u'P1', u'Pietermaritzburg Full-time', u'A', u'50031600:THOMPSON']
[u'FACN211_SEM1_2018', u'FACN211_SEM1_2017', u'FACN211', u'FINANCIAL ACCOUNTING II (MODULE 1)', u'NDCSA2', u'ND:  COST AND MANAGEMENT', u'21', u'SEMESTER 1', u'P1', u'Pietermaritzburg Full-time', u'E', u'50001842: MBHELE']
check 'FACN211_SEM1_2018' 'FACN211'
processXLS: only for SEM2 [u'FACN211_SEM1_2018', u'FACN211_SEM1_2017', u'FACN211', u'FINANCIAL ACCOUNTING II (MODULE 1)', u'NDCSA2', u'ND:  COST AND MANAGEMENT', u'21', u'SEMESTER 1', u'P1', u'Pietermaritzburg Full-time', u'E', u'50001842: MBHELE']
[u'', u'', u'', u'', u'', u'', u'', u'', u'', u'', u'', u'']
check '' ''
[u'FACN221_SEM2_2018', u'FACN221_SEM2_2017', u'FACN221', u'FINANCIAL ACCOUNTING II (MODULE 2)', u'NDACT2', u'ND:  ACCOUNTING', u'22', u'SEMESTER 2', u'P1', u'Pietermaritzburg Full-time', u'D', u'50031600:THOMPSON']
check 'FACN221_SEM2_2018' 'FACN221'
adding  FACN221
requesting:  http://10.0.100.98:8000/bbinfo/matching_courses/FACN221%25
r= <Response [200]>
matching classes= set([u'FACN221_15', u'FACN221_13_MCBJ', u'FACN221_2013', u'FACN221_13_THOT', u'FACN221_SEM2_2016', u'FACN221_SEM2_2017', u'FACN221_14_THOT', u'FACN221_SEM2_2018'])
[u'FACN221_SEM2_2018', u'FACN221_SEM2_2017', u'FACN221', u'FINANCIAL ACCOUNTING II (MODULE 2)', u'NDACT2', u'ND:  ACCOUNTING', u'22', u'SEMESTER 2', u'P3', u'Pietermaritzburg Part-time', u'A', u'50001842: MBHELE']
check 'FACN221_SEM2_2018' 'FACN221'
adding  FACN221
requesting:  http://10.0.100.98:8000/bbinfo/matching_courses/FACN221%25
r= <Response [200]>
matching classes= set([u'FACN221_15', u'FACN221_13_MCBJ', u'FACN221_2013', u'FACN221_13_THOT', u'FACN221_SEM2_2016', u'FACN221_SEM2_2017', u'FACN221_14_THOT', u'FACN221_SEM2_2018'])
[u'FACN221_SEM2_2018', u'FACN221_SEM2_2017', u'FACN221', u'FINANCIAL ACCOUNTING II (MODULE 2)', u'NDATF1', u'ND: ACCOUNTING (4 YEARS)', u'22', u'SEMESTER 2', u'P1', u'Pietermaritzburg Full-time', u'A', u'50031600:THOMPSON']
check 'FACN221_SEM2_2018' 'FACN221'
adding  FACN221
requesting:  http://10.0.100.98:8000/bbinfo/matching_courses/FACN221%25
r= <Response [200]>
matching classes= set([u'FACN221_15', u'FACN221_13_MCBJ', u'FACN221_2013', u'FACN221_13_THOT', u'FACN221_SEM2_2016', u'FACN221_SEM2_2017', u'FACN221_14_THOT', u'FACN221_SEM2_2018'])
[u'FACN221_SEM2_2018', u'FACN221_SEM2_2017', u'FACN221', u'FINANCIAL ACCOUNTING II (MODULE 2)', u'NDCSA2', u'ND:  COST AND MANAGEMENT', u'22', u'SEMESTER 2', u'P1', u'Pietermaritzburg Full-time', u'E', u'50001842: MBHELE']
check 'FACN221_SEM2_2018' 'FACN221'
adding  FACN221
requesting:  http://10.0.100.98:8000/bbinfo/matching_courses/FACN221%25
r= <Response [200]>
matching classes= set([u'FACN221_15', u'FACN221_13_MCBJ', u'FACN221_2013', u'FACN221_13_THOT', u'FACN221_SEM2_2016', u'FACN221_SEM2_2017', u'FACN221_14_THOT', u'FACN221_SEM2_2018'])
[u'', u'', u'', u'', u'', u'', u'', u'', u'', u'', u'', u'']
check '' ''
[u'FACN311_SEM1_2018', u'FACN311_SEM1_2017', u'FACN311', u'FINANCIAL ACCOUNTING III (MODULE 1)', u'NDACT2', u'ND:  ACCOUNTING', u'21', u'SEMESTER 1', u'P1', u'Pietermaritzburg Full-time', u'D', u'50031600:THOMPSON']
check 'FACN311_SEM1_2018' 'FACN311'
processXLS: only for SEM2 [u'FACN311_SEM1_2018', u'FACN311_SEM1_2017', u'FACN311', u'FINANCIAL ACCOUNTING III (MODULE 1)', u'NDACT2', u'ND:  ACCOUNTING', u'21', u'SEMESTER 1', u'P1', u'Pietermaritzburg Full-time', u'D', u'50031600:THOMPSON']
[u'FACN311_SEM1_2018', u'FACN311_SEM1_2017', u'FACN311', u'FINANCIAL ACCOUNTING III (MODULE 1)', u'NDACT2', u'ND:  ACCOUNTING', u'21', u'SEMESTER 1', u'P3', u'Pietermaritzburg Part-time', u'D', u'50031600:THOMPSON']
check 'FACN311_SEM1_2018' 'FACN311'
processXLS: only for SEM2 [u'FACN311_SEM1_2018', u'FACN311_SEM1_2017', u'FACN311', u'FINANCIAL ACCOUNTING III (MODULE 1)', u'NDACT2', u'ND:  ACCOUNTING', u'21', u'SEMESTER 1', u'P3', u'Pietermaritzburg Part-time', u'D', u'50031600:THOMPSON']
[u'FACN311_SEM1_2018', u'FACN311_SEM1_2017', u'FACN311', u'FINANCIAL ACCOUNTING III (MODULE 1)', u'NDATF1', u'ND: ACCOUNTING (4 YEARS)', u'21', u'SEMESTER 1', u'P1', u'Pietermaritzburg Full-time', u'A', u'50031600:THOMPSON']
check 'FACN311_SEM1_2018' 'FACN311'
processXLS: only for SEM2 [u'FACN311_SEM1_2018', u'FACN311_SEM1_2017', u'FACN311', u'FINANCIAL ACCOUNTING III (MODULE 1)', u'NDATF1', u'ND: ACCOUNTING (4 YEARS)', u'21', u'SEMESTER 1', u'P1', u'Pietermaritzburg Full-time', u'A', u'50031600:THOMPSON']
[u'FACN311_SEM1_2018', u'FACN311_SEM1_2017', u'FACN311', u'FINANCIAL ACCOUNTING III (MODULE 1)', u'NDCSA2', u'ND:  COST AND MANAGEMENT', u'21', u'SEMESTER 1', u'P1', u'Pietermaritzburg Full-time', u'E', u'50031600:THOMPSON']
check 'FACN311_SEM1_2018' 'FACN311'
processXLS: only for SEM2 [u'FACN311_SEM1_2018', u'FACN311_SEM1_2017', u'FACN311', u'FINANCIAL ACCOUNTING III (MODULE 1)', u'NDCSA2', u'ND:  COST AND MANAGEMENT', u'21', u'SEMESTER 1', u'P1', u'Pietermaritzburg Full-time', u'E', u'50031600:THOMPSON']
[u'', u'', u'', u'', u'', u'', u'', u'', u'', u'', u'', u'']
check '' ''
[u'FACN321_SEM2_2018', u'FACN321_SEM2_2017', u'FACN321', u'FINANCIAL ACCOUNTING III (MODULE 2)', u'NDACT2', u'ND:  ACCOUNTING', u'22', u'SEMESTER 2', u'P1', u'Pietermaritzburg Full-time', u'D', u'50031600:THOMPSON']
check 'FACN321_SEM2_2018' 'FACN321'
adding  FACN321
requesting:  http://10.0.100.98:8000/bbinfo/matching_courses/FACN321%25
r= <Response [200]>
matching classes= set([u'FACN321_SEM2_2017', u'FACN321_SEM2_2016', u'FACN321_SEM2_2018', u'FACN321_15', u'FACN321_14_THOT', u'FACN321_13_THOT', u'FACN321_2013'])
[u'FACN321_SEM2_2018', u'FACN321_SEM2_2017', u'FACN321', u'FINANCIAL ACCOUNTING III (MODULE 2)', u'NDACT2', u'ND:  ACCOUNTING', u'22', u'SEMESTER 2', u'P3', u'Pietermaritzburg Part-time', u'D', u'50031600:THOMPSON']
check 'FACN321_SEM2_2018' 'FACN321'
adding  FACN321
requesting:  http://10.0.100.98:8000/bbinfo/matching_courses/FACN321%25
r= <Response [200]>
matching classes= set([u'FACN321_SEM2_2017', u'FACN321_SEM2_2016', u'FACN321_SEM2_2018', u'FACN321_15', u'FACN321_14_THOT', u'FACN321_13_THOT', u'FACN321_2013'])
[u'FACN321_SEM2_2018', u'FACN321_SEM2_2017', u'FACN321', u'FINANCIAL ACCOUNTING III (MODULE 2)', u'NDATF1', u'ND: ACCOUNTING (4 YEARS)', u'22', u'SEMESTER 2', u'P1', u'Pietermaritzburg Full-time', u'A', u'50031600:THOMPSON']
check 'FACN321_SEM2_2018' 'FACN321'
adding  FACN321
requesting:  http://10.0.100.98:8000/bbinfo/matching_courses/FACN321%25
r= <Response [200]>
matching classes= set([u'FACN321_SEM2_2017', u'FACN321_SEM2_2016', u'FACN321_SEM2_2018', u'FACN321_15', u'FACN321_14_THOT', u'FACN321_13_THOT', u'FACN321_2013'])
[u'FACN321_SEM2_2018', u'FACN321_SEM2_2017', u'FACN321', u'FINANCIAL ACCOUNTING III (MODULE 2)', u'NDCSA2', u'ND:  COST AND MANAGEMENT', u'22', u'SEMESTER 2', u'P1', u'Pietermaritzburg Full-time', u'E', u'50031600:THOMPSON']
check 'FACN321_SEM2_2018' 'FACN321'
adding  FACN321
requesting:  http://10.0.100.98:8000/bbinfo/matching_courses/FACN321%25
r= <Response [200]>
matching classes= set([u'FACN321_SEM2_2017', u'FACN321_SEM2_2016', u'FACN321_SEM2_2018', u'FACN321_15', u'FACN321_14_THOT', u'FACN321_13_THOT', u'FACN321_2013'])
[u'', u'', u'', u'', u'', u'', u'', u'', u'', u'', u'', u'']
check '' ''
[u'FINL101_', u'FINL101_', u'FINL101', u'FINANCIAL LITERACY', u'DIMPC1', u'D:PUBLIC RELATIONS & COMMUNICATION', 22.0, u'SEMESTER 2', u'P1', u'Pietermaritzburg Full-time', u'C', u'40007478:BROWNE']
check 'FINL101_' 'FINL101'
processXLS: only for SEM2 [u'FINL101_', u'FINL101_', u'FINL101', u'FINANCIAL LITERACY', u'DIMPC1', u'D:PUBLIC RELATIONS & COMMUNICATION', 22.0, u'SEMESTER 2', u'P1', u'Pietermaritzburg Full-time', u'C', u'40007478:BROWNE']
[u'FINL101_', u'FINL101_', u'FINL101', u'FINANCIAL LITERACY', u'DIMHM1', u'D:HUMAN RESOURCES MANAGEMENT', 22.0, u'SEMESTER 2', u'P1', u'Pietermaritzburg Full-time', u'C', u'40007478:BROWNE']
check 'FINL101_' 'FINL101'
processXLS: only for SEM2 [u'FINL101_', u'FINL101_', u'FINL101', u'FINANCIAL LITERACY', u'DIMHM1', u'D:HUMAN RESOURCES MANAGEMENT', 22.0, u'SEMESTER 2', u'P1', u'Pietermaritzburg Full-time', u'C', u'40007478:BROWNE']
[u'FINL101_', u'FINL101_', u'FINL101', u'FINANCIAL LITERACY', u'DIMBA1', u'D:BUSINESS ADMINISTRATION', 22.0, u'SEMESTER 2', u'P1', u'Pietermaritzburg Full-time', u'C', u'40007478:BROWNE']
check 'FINL101_' 'FINL101'
processXLS: only for SEM2 [u'FINL101_', u'FINL101_', u'FINL101', u'FINANCIAL LITERACY', u'DIMBA1', u'D:BUSINESS ADMINISTRATION', 22.0, u'SEMESTER 2', u'P1', u'Pietermaritzburg Full-time', u'C', u'40007478:BROWNE']
[u'FINL101_', u'FINL101_', u'FINL101', u'FINANCIAL LITERACY', u'DIPPM1', u'D:PUBLIC MANAGEMENT', 22.0, u'SEMESTER 2', u'P1', u'Pietermaritzburg Full-time', u'C', u'40007478:BROWNE']
check 'FINL101_' 'FINL101'
processXLS: only for SEM2 [u'FINL101_', u'FINL101_', u'FINL101', u'FINANCIAL LITERACY', u'DIPPM1', u'D:PUBLIC MANAGEMENT', 22.0, u'SEMESTER 2', u'P1', u'Pietermaritzburg Full-time', u'C', u'40007478:BROWNE']
[u'', u'', u'', u'', u'', u'', u'', u'', u'', u'', u'', u'']
check '' ''
[u'', u'', u'', u'', u'', u'', u'', u'', u'', u'', u'', u'']
check '' ''
[u'INFA101_YEAR_2018', u'INFA101_YEAR_2017', u'INFA101', u'INFORMATION ADMINISTRATION I', u'NDOMN1', u'ND: OFFICE MANAGEMENT AND TECHNOLOGY', u'11', u'YEAR', u'P1', u'Pietermaritzburg Full-time', u'A', u'40002904:GUMEDE']
check 'INFA101_YEAR_2018' 'INFA101'
processXLS: only for SEM2 [u'INFA101_YEAR_2018', u'INFA101_YEAR_2017', u'INFA101', u'INFORMATION ADMINISTRATION I', u'NDOMN1', u'ND: OFFICE MANAGEMENT AND TECHNOLOGY', u'11', u'YEAR', u'P1', u'Pietermaritzburg Full-time', u'A', u'40002904:GUMEDE']
[u'', u'', u'', u'', u'', u'', u'', u'', u'', u'', u'', u'']
check '' ''
[u'IWRP101_YEAR_2018', u'IWRP101_YEAR_2017', u'IWRP101', u'INTRODUCTION TO WORD PROCESSING I', u'NDPRL1', u'ND: PUBLIC RELATIONS MANAGEMENT', u'11', u'YEAR', u'P1', u'Pietermaritzburg Full-time', u'A', u'40002904:GUMEDE']
check 'IWRP101_YEAR_2018' 'IWRP101'
processXLS: only for SEM2 [u'IWRP101_YEAR_2018', u'IWRP101_YEAR_2017', u'IWRP101', u'INTRODUCTION TO WORD PROCESSING I', u'NDPRL1', u'ND: PUBLIC RELATIONS MANAGEMENT', u'11', u'YEAR', u'P1', u'Pietermaritzburg Full-time', u'A', u'40002904:GUMEDE']
[u'', u'', u'', u'', u'', u'', u'', u'', u'', u'', u'', u'']
check '' ''
[u'OADB101_YEAR_2018', u'OADB101_YEAR_2017', u'OADB101', u'OFFICE ADMINISTRATION:BEHAVIOURAL ASPECTS', u'BTOMN1', u'BT: OFFICE MANAGEMENT AND TECHNOLOGY', u'11', u'YEAR', u'P3', u'Pietermaritzburg Part-time', u'A', u'50010934:DONGWE']
check 'OADB101_YEAR_2018' 'OADB101'
processXLS: only for SEM2 [u'OADB101_YEAR_2018', u'OADB101_YEAR_2017', u'OADB101', u'OFFICE ADMINISTRATION:BEHAVIOURAL ASPECTS', u'BTOMN1', u'BT: OFFICE MANAGEMENT AND TECHNOLOGY', u'11', u'YEAR', u'P3', u'Pietermaritzburg Part-time', u'A', u'50010934:DONGWE']
[u'', u'', u'', u'', u'', u'', u'', u'', u'', u'', u'', u'']
check '' ''
[u'QLIT101_SEM1_2018', u'QLIT101_SEM1_2017', u'QLIT101', u'QUANTITATIVE LITERACY', u'NDATF1', u'ND: ACCOUNTING (4 YEARS)', u'21', u'SEMESTER 1', u'P1', u'Pietermaritzburg Full-time', u'A', u'50031667:NDLOVU']
check 'QLIT101_SEM1_2018' 'QLIT101'
processXLS: only for SEM2 [u'QLIT101_SEM1_2018', u'QLIT101_SEM1_2017', u'QLIT101', u'QUANTITATIVE LITERACY', u'NDATF1', u'ND: ACCOUNTING (4 YEARS)', u'21', u'SEMESTER 1', u'P1', u'Pietermaritzburg Full-time', u'A', u'50031667:NDLOVU']
[u'', u'', u'', u'', u'', u'', u'', u'', u'', u'', u'', u'']
check '' ''
[u'RSCM101_YEAR_2018', u'RSCM101_YEAR_2017', u'RSCM101', u'RESEARCH METHODOLOGY', u'BTOMN1', u'BT: OFFICE MANAGEMENT AND TECHNOLOGY', u'11', u'YEAR', u'P3', u'Pietermaritzburg Part-time', u'A', u'50001756:GREEN']
check 'RSCM101_YEAR_2018' 'RSCM101'
processXLS: only for SEM2 [u'RSCM101_YEAR_2018', u'RSCM101_YEAR_2017', u'RSCM101', u'RESEARCH METHODOLOGY', u'BTOMN1', u'BT: OFFICE MANAGEMENT AND TECHNOLOGY', u'11', u'YEAR', u'P3', u'Pietermaritzburg Part-time', u'A', u'50001756:GREEN']
[u'', u'', u'', u'', u'', u'', u'', u'', u'', u'', u'', u'']
check '' ''
[u'TXAN101_SEM1_2018', u'TXAN101_SEM1_2017', u'TXAN101', u'TAXATION I', u'NDACT2', u'ND:  ACCOUNTING', u'21', u'SEMESTER 1', u'P1', u'Pietermaritzburg Full-time', u'D', u'40004326: MABHIDA']
check 'TXAN101_SEM1_2018' 'TXAN101'
processXLS: only for SEM2 [u'TXAN101_SEM1_2018', u'TXAN101_SEM1_2017', u'TXAN101', u'TAXATION I', u'NDACT2', u'ND:  ACCOUNTING', u'21', u'SEMESTER 1', u'P1', u'Pietermaritzburg Full-time', u'D', u'40004326: MABHIDA']
[u'TXAN101_SEM1_2018', u'TXAN101_SEM1_2017', u'TXAN101', u'TAXATION I', u'NDACT2', u'ND:  ACCOUNTING', u'21', u'SEMESTER 1', u'P3', u'Pietermaritzburg Part-time', u'D', u'40004326: MABHIDA']
check 'TXAN101_SEM1_2018' 'TXAN101'
processXLS: only for SEM2 [u'TXAN101_SEM1_2018', u'TXAN101_SEM1_2017', u'TXAN101', u'TAXATION I', u'NDACT2', u'ND:  ACCOUNTING', u'21', u'SEMESTER 1', u'P3', u'Pietermaritzburg Part-time', u'D', u'40004326: MABHIDA']
[u'TXAN101_SEM1_2018', u'TXAN101_SEM1_2017', u'TXAN101', u'TAXATION I', u'NDATF1', u'ND: ACCOUNTING (4 YEARS)', u'21', u'SEMESTER 1', u'P1', u'Pietermaritzburg Full-time', u'A', u'40004326: MABHIDA']
check 'TXAN101_SEM1_2018' 'TXAN101'
processXLS: only for SEM2 [u'TXAN101_SEM1_2018', u'TXAN101_SEM1_2017', u'TXAN101', u'TAXATION I', u'NDATF1', u'ND: ACCOUNTING (4 YEARS)', u'21', u'SEMESTER 1', u'P1', u'Pietermaritzburg Full-time', u'A', u'40004326: MABHIDA']
[u'TXAN101_SEM1_2018', u'TXAN101_SEM1_2017', u'TXAN101', u'TAXATION I', u'NDCSA2', u'ND:  COST AND MANAGEMENT', u'21', u'SEMESTER 1', u'P1', u'Pietermaritzburg Full-time', u'E', u'40004326: MABHIDA']
check 'TXAN101_SEM1_2018' 'TXAN101'
processXLS: only for SEM2 [u'TXAN101_SEM1_2018', u'TXAN101_SEM1_2017', u'TXAN101', u'TAXATION I', u'NDCSA2', u'ND:  COST AND MANAGEMENT', u'21', u'SEMESTER 1', u'P1', u'Pietermaritzburg Full-time', u'E', u'40004326: MABHIDA']
[u'', u'', u'', u'', u'', u'', u'', u'', u'', u'', u'', u'']
check '' ''
[u'TXAN211_SEM1_2018', u'TXAN211_SEM1_2017', u'TXAN211', u'TAXATION II (MODULE 1)', u'NDACT2', u'ND:  ACCOUNTING', u'21', u'SEMESTER 1', u'P1', u'Pietermaritzburg Full-time', u'D', u'40004326: MABHIDA']
check 'TXAN211_SEM1_2018' 'TXAN211'
processXLS: only for SEM2 [u'TXAN211_SEM1_2018', u'TXAN211_SEM1_2017', u'TXAN211', u'TAXATION II (MODULE 1)', u'NDACT2', u'ND:  ACCOUNTING', u'21', u'SEMESTER 1', u'P1', u'Pietermaritzburg Full-time', u'D', u'40004326: MABHIDA']
[u'TXAN211_SEM1_2018', u'TXAN211_SEM1_2017', u'TXAN211', u'TAXATION II (MODULE 1)', u'NDACT2', u'ND:  ACCOUNTING', u'21', u'SEMESTER 1', u'P3', u'Pietermaritzburg Part-time', u'D', u'40004326: MABHIDA']
check 'TXAN211_SEM1_2018' 'TXAN211'
processXLS: only for SEM2 [u'TXAN211_SEM1_2018', u'TXAN211_SEM1_2017', u'TXAN211', u'TAXATION II (MODULE 1)', u'NDACT2', u'ND:  ACCOUNTING', u'21', u'SEMESTER 1', u'P3', u'Pietermaritzburg Part-time', u'D', u'40004326: MABHIDA']
[u'TXAN211_SEM1_2018', u'TXAN211_SEM1_2017', u'TXAN211', u'TAXATION II (MODULE 1)', u'NDATF1', u'ND: ACCOUNTING (4 YEARS)', u'21', u'SEMESTER 1', u'P1', u'Pietermaritzburg Full-time', u'A', u'40004326: MABHIDA']
check 'TXAN211_SEM1_2018' 'TXAN211'
processXLS: only for SEM2 [u'TXAN211_SEM1_2018', u'TXAN211_SEM1_2017', u'TXAN211', u'TAXATION II (MODULE 1)', u'NDATF1', u'ND: ACCOUNTING (4 YEARS)', u'21', u'SEMESTER 1', u'P1', u'Pietermaritzburg Full-time', u'A', u'40004326: MABHIDA']
[u'TXAN211_SEM1_2018', u'TXAN211_SEM1_2017', u'TXAN211', u'TAXATION II (MODULE 1)', u'NDCSA2', u'ND:  COST AND MANAGEMENT', u'21', u'SEMESTER 1', u'P1', u'Pietermaritzburg Full-time', u'E', u'40004326: MABHIDA']
check 'TXAN211_SEM1_2018' 'TXAN211'
processXLS: only for SEM2 [u'TXAN211_SEM1_2018', u'TXAN211_SEM1_2017', u'TXAN211', u'TAXATION II (MODULE 1)', u'NDCSA2', u'ND:  COST AND MANAGEMENT', u'21', u'SEMESTER 1', u'P1', u'Pietermaritzburg Full-time', u'E', u'40004326: MABHIDA']
[u'', u'', u'', u'', u'', u'', u'', u'', u'', u'', u'', u'']
check '' ''
[u'TXAN221_SEM2_2018', u'TXAN221_SEM2_2017', u'TXAN221', u'TAXATION II (MODULE 2)', u'NDACT2', u'ND:  ACCOUNTING', u'22', u'SEMESTER 2', u'P1', u'Pietermaritzburg Full-time', u'D', u'40004326: MABHIDA']
check 'TXAN221_SEM2_2018' 'TXAN221'
adding  TXAN221
requesting:  http://10.0.100.98:8000/bbinfo/matching_courses/TXAN221%25
r= <Response [200]>
matching classes= set([u'TXAN221_14_PADS', u'TXAN221_SEM2_2016', u'TXAN221_SEM2_2017', u'TXAN221_15', u'TXAN221_13_PADS', u'TXAN221_SEM2_2018', u'TXAN221_2013'])
[u'TXAN221_SEM2_2018', u'TXAN221_SEM2_2017', u'TXAN221', u'TAXATION II (MODULE 2)', u'NDACT2', u'ND:  ACCOUNTING', u'22', u'SEMESTER 2', u'P3', u'Pietermaritzburg Part-time', u'D', u'40004326: MABHIDA']
check 'TXAN221_SEM2_2018' 'TXAN221'
adding  TXAN221
requesting:  http://10.0.100.98:8000/bbinfo/matching_courses/TXAN221%25
r= <Response [200]>
matching classes= set([u'TXAN221_14_PADS', u'TXAN221_SEM2_2016', u'TXAN221_SEM2_2017', u'TXAN221_15', u'TXAN221_13_PADS', u'TXAN221_SEM2_2018', u'TXAN221_2013'])
[u'TXAN221_SEM2_2018', u'TXAN221_SEM2_2017', u'TXAN221', u'TAXATION II (MODULE 2)', u'NDATF1', u'ND: ACCOUNTING (4 YEARS)', u'22', u'SEMESTER 2', u'P1', u'Pietermaritzburg Full-time', u'A', u'40004326: MABHIDA']
check 'TXAN221_SEM2_2018' 'TXAN221'
adding  TXAN221
requesting:  http://10.0.100.98:8000/bbinfo/matching_courses/TXAN221%25
r= <Response [200]>
matching classes= set([u'TXAN221_14_PADS', u'TXAN221_SEM2_2016', u'TXAN221_SEM2_2017', u'TXAN221_15', u'TXAN221_13_PADS', u'TXAN221_SEM2_2018', u'TXAN221_2013'])
[u'TXAN221_SEM2_2018', u'TXAN221_SEM2_2017', u'TXAN221', u'TAXATION II (MODULE 2)', u'NDCSA2', u'ND:  COST AND MANAGEMENT', u'22', u'SEMESTER 2', u'P1', u'Pietermaritzburg Full-time', u'E', u'40004326: MABHIDA']
check 'TXAN221_SEM2_2018' 'TXAN221'
adding  TXAN221
requesting:  http://10.0.100.98:8000/bbinfo/matching_courses/TXAN221%25
r= <Response [200]>
matching classes= set([u'TXAN221_14_PADS', u'TXAN221_SEM2_2016', u'TXAN221_SEM2_2017', u'TXAN221_15', u'TXAN221_13_PADS', u'TXAN221_SEM2_2018', u'TXAN221_2013'])
[u'', u'', u'', u'', u'', u'', u'', u'', u'', u'', u'', u'']
check '' ''
[u'', u'', u'', u'', u'', u'', u'', u'', u'', u'', u'', u'']
check '' ''
[u'BSAM201_YEAR_2018', u'BSAM201_YEAR_2017', u'BSAM201', u'BUSINESS ADMINISTRATION II', u'NDOMN1', u'ND: OFFICE MANAGEMENT AND TECHNOLOGY', u'11', u'YEAR', u'P1', u'Pietermaritzburg Full-time', u'A', u'40002904:GUMEDE']
check 'BSAM201_YEAR_2018' 'BSAM201'
processXLS: only for SEM2 [u'BSAM201_YEAR_2018', u'BSAM201_YEAR_2017', u'BSAM201', u'BUSINESS ADMINISTRATION II', u'NDOMN1', u'ND: OFFICE MANAGEMENT AND TECHNOLOGY', u'11', u'YEAR', u'P1', u'Pietermaritzburg Full-time', u'A', u'40002904:GUMEDE']
[u'', u'', u'', u'', u'', u'', u'', u'', u'', u'', u'', u'']
check '' ''
[u'INFA201_YEAR_2018', u'INFA201_YEAR_2017', u'INFA201', u'INFORMATION ADMINISTRATION II', u'NDOMN1', u'ND: OFFICE MANAGEMENT AND TECHNOLOGY', u'11', u'YEAR', u'P1', u'Pietermaritzburg Full-time', u'A', u'50001756:GREEN;50002609:REDDY;40002904:GUMEDE']
check 'INFA201_YEAR_2018' 'INFA201'
processXLS: only for SEM2 [u'INFA201_YEAR_2018', u'INFA201_YEAR_2017', u'INFA201', u'INFORMATION ADMINISTRATION II', u'NDOMN1', u'ND: OFFICE MANAGEMENT AND TECHNOLOGY', u'11', u'YEAR', u'P1', u'Pietermaritzburg Full-time', u'A', u'50001756:GREEN;50002609:REDDY;40002904:GUMEDE']
[u'', u'', u'', u'', u'', u'', u'', u'', u'', u'', u'', u'']
check '' ''
[u'PINP201_SEM1_2018', u'PINP201_SEM1_2017', u'PINP201', u'PUBLIC INFORMATION PRACTICES II', u'NDPBM1', u'ND: PUBLIC MANAGEMENT', u'21', u'SEMESTER 1', u'P1', u'Pietermaritzburg Full-time', u'A', u'40009380:MOONSAMY;50002547:PARBANATH']
check 'PINP201_SEM1_2018' 'PINP201'
processXLS: only for SEM2 [u'PINP201_SEM1_2018', u'PINP201_SEM1_2017', u'PINP201', u'PUBLIC INFORMATION PRACTICES II', u'NDPBM1', u'ND: PUBLIC MANAGEMENT', u'21', u'SEMESTER 1', u'P1', u'Pietermaritzburg Full-time', u'A', u'40009380:MOONSAMY;50002547:PARBANATH']
[u'PINP201_SEM1_2018', u'PINP201_SEM1_2017', u'PINP201', u'PUBLIC INFORMATION PRACTICES II', u'NDPBM1', u'ND: PUBLIC MANAGEMENT', u'21', u'SEMESTER 1', u'P3', u'Pietermaritzburg Part-time', u'A', u'40009380:MOONSAMY;50002547:PARBANATH']
check 'PINP201_SEM1_2018' 'PINP201'
processXLS: only for SEM2 [u'PINP201_SEM1_2018', u'PINP201_SEM1_2017', u'PINP201', u'PUBLIC INFORMATION PRACTICES II', u'NDPBM1', u'ND: PUBLIC MANAGEMENT', u'21', u'SEMESTER 1', u'P3', u'Pietermaritzburg Part-time', u'A', u'40009380:MOONSAMY;50002547:PARBANATH']
[u'', u'', u'', u'', u'', u'', u'', u'', u'', u'', u'', u'']
check '' ''
[u'', u'', u'', u'', u'', u'', u'', u'', u'', u'', u'', u'']
check '' ''
[u'BSAM301_YEAR_2018', u'BSAM301_YEAR_2017', u'BSAM301', u'BUSINESS ADMINISTRATION III', u'NDOMN1', u'ND: OFFICE MANAGEMENT AND TECHNOLOGY', u'11', u'YEAR', u'P1', u'Pietermaritzburg Full-time', u'A', u'50001756:GREEN']
check 'BSAM301_YEAR_2018' 'BSAM301'
processXLS: only for SEM2 [u'BSAM301_YEAR_2018', u'BSAM301_YEAR_2017', u'BSAM301', u'BUSINESS ADMINISTRATION III', u'NDOMN1', u'ND: OFFICE MANAGEMENT AND TECHNOLOGY', u'11', u'YEAR', u'P1', u'Pietermaritzburg Full-time', u'A', u'50001756:GREEN']
[u'', u'', u'', u'', u'', u'', u'', u'', u'', u'', u'', u'']
check '' ''
[u'INFA301_YEAR_2018', u'INFA301_YEAR_2017', u'INFA301', u'INFORMATION ADMINISTRATION III', u'NDOMN1', u'ND: OFFICE MANAGEMENT AND TECHNOLOGY', u'11', u'YEAR', u'P1', u'Pietermaritzburg Full-time', u'A', u'50010934:DONGWE']
check 'INFA301_YEAR_2018' 'INFA301'
processXLS: only for SEM2 [u'INFA301_YEAR_2018', u'INFA301_YEAR_2017', u'INFA301', u'INFORMATION ADMINISTRATION III', u'NDOMN1', u'ND: OFFICE MANAGEMENT AND TECHNOLOGY', u'11', u'YEAR', u'P1', u'Pietermaritzburg Full-time', u'A', u'50010934:DONGWE']
[u'', u'', u'', u'', u'', u'', u'', u'', u'', u'', u'', u'']
check '' ''
[u'MACT311_SEM1_2018', u'MACT311_SEM1_2017', u'MACT311', u'MANAGEMENT ACCOUNTING III (MODULE 1)', u'NDACT2', u'ND:  ACCOUNTING', u'21', u'SEMESTER 1', u'P1', u'Pietermaritzburg Full-time', u'D', u'40010520:NYIDE']
check 'MACT311_SEM1_2018' 'MACT311'
processXLS: only for SEM2 [u'MACT311_SEM1_2018', u'MACT311_SEM1_2017', u'MACT311', u'MANAGEMENT ACCOUNTING III (MODULE 1)', u'NDACT2', u'ND:  ACCOUNTING', u'21', u'SEMESTER 1', u'P1', u'Pietermaritzburg Full-time', u'D', u'40010520:NYIDE']
[u'MACT311_SEM1_2018', u'MACT311_SEM1_2017', u'MACT311', u'MANAGEMENT ACCOUNTING III (MODULE 1)', u'NDACT2', u'ND:  ACCOUNTING', u'21', u'SEMESTER 1', u'P3', u'Pietermaritzburg Part-time', u'D', u'40010520:NYIDE']
check 'MACT311_SEM1_2018' 'MACT311'
processXLS: only for SEM2 [u'MACT311_SEM1_2018', u'MACT311_SEM1_2017', u'MACT311', u'MANAGEMENT ACCOUNTING III (MODULE 1)', u'NDACT2', u'ND:  ACCOUNTING', u'21', u'SEMESTER 1', u'P3', u'Pietermaritzburg Part-time', u'D', u'40010520:NYIDE']
[u'MACT311_SEM1_2018', u'MACT311_SEM1_2017', u'MACT311', u'MANAGEMENT ACCOUNTING III (MODULE 1)', u'NDATF1', u'ND: ACCOUNTING (4 YEARS)', u'21', u'SEMESTER 1', u'P1', u'Pietermaritzburg Full-time', u'A', u'40010520:NYIDE']
check 'MACT311_SEM1_2018' 'MACT311'
processXLS: only for SEM2 [u'MACT311_SEM1_2018', u'MACT311_SEM1_2017', u'MACT311', u'MANAGEMENT ACCOUNTING III (MODULE 1)', u'NDATF1', u'ND: ACCOUNTING (4 YEARS)', u'21', u'SEMESTER 1', u'P1', u'Pietermaritzburg Full-time', u'A', u'40010520:NYIDE']
[u'MACT311_SEM1_2018', u'MACT311_SEM1_2017', u'MACT311', u'MANAGEMENT ACCOUNTING III (MODULE 1)', u'NDCSA2', u'ND:  COST AND MANAGEMENT', u'21', u'SEMESTER 1', u'P1', u'Pietermaritzburg Full-time', u'E', u'40010520:NYIDE']
check 'MACT311_SEM1_2018' 'MACT311'
processXLS: only for SEM2 [u'MACT311_SEM1_2018', u'MACT311_SEM1_2017', u'MACT311', u'MANAGEMENT ACCOUNTING III (MODULE 1)', u'NDCSA2', u'ND:  COST AND MANAGEMENT', u'21', u'SEMESTER 1', u'P1', u'Pietermaritzburg Full-time', u'E', u'40010520:NYIDE']
[u'', u'', u'', u'', u'', u'', u'', u'', u'', u'', u'', u'']
check '' ''
[u'MACT321_SEM2_2018', u'MACT321_SEM2_2017', u'MACT321', u'MANAGEMENT ACCOUNTING III (MODULE 2)', u'NDACT2', u'ND:  ACCOUNTING', u'22', u'SEMESTER 2', u'P1', u'Pietermaritzburg Full-time', u'D', u'40010520:NYIDE']
check 'MACT321_SEM2_2018' 'MACT321'
adding  MACT321
requesting:  http://10.0.100.98:8000/bbinfo/matching_courses/MACT321%25
r= <Response [200]>
matching classes= set([u'MACT321_SEM2_2018', u'MACT321_2013', u'MACT321_13_NYIC', u'MACT321_SEM2_2016', u'MACT321_SEM2_2017'])
[u'MACT321_SEM2_2018', u'MACT321_SEM2_2017', u'MACT321', u'MANAGEMENT ACCOUNTING III (MODULE 2)', u'NDACT2', u'ND:  ACCOUNTING', u'22', u'SEMESTER 2', u'P3', u'Pietermaritzburg Part-time', u'D', u'40010520:NYIDE']
check 'MACT321_SEM2_2018' 'MACT321'
adding  MACT321
requesting:  http://10.0.100.98:8000/bbinfo/matching_courses/MACT321%25
r= <Response [200]>
matching classes= set([u'MACT321_SEM2_2018', u'MACT321_2013', u'MACT321_13_NYIC', u'MACT321_SEM2_2016', u'MACT321_SEM2_2017'])
[u'MACT321_SEM2_2018', u'MACT321_SEM2_2017', u'MACT321', u'MANAGEMENT ACCOUNTING III (MODULE 2)', u'NDATF1', u'ND: ACCOUNTING (4 YEARS)', u'22', u'SEMESTER 2', u'P1', u'Pietermaritzburg Full-time', u'A', u'40010520:NYIDE']
check 'MACT321_SEM2_2018' 'MACT321'
adding  MACT321
requesting:  http://10.0.100.98:8000/bbinfo/matching_courses/MACT321%25
r= <Response [200]>
matching classes= set([u'MACT321_SEM2_2018', u'MACT321_2013', u'MACT321_13_NYIC', u'MACT321_SEM2_2016', u'MACT321_SEM2_2017'])
[u'MACT321_SEM2_2018', u'MACT321_SEM2_2017', u'MACT321', u'MANAGEMENT ACCOUNTING III (MODULE 2)', u'NDCSA2', u'ND:  COST AND MANAGEMENT', u'22', u'SEMESTER 2', u'P1', u'Pietermaritzburg Full-time', u'E', u'40010520:NYIDE']
check 'MACT321_SEM2_2018' 'MACT321'
adding  MACT321
requesting:  http://10.0.100.98:8000/bbinfo/matching_courses/MACT321%25
r= <Response [200]>
matching classes= set([u'MACT321_SEM2_2018', u'MACT321_2013', u'MACT321_13_NYIC', u'MACT321_SEM2_2016', u'MACT321_SEM2_2017'])
[u'', u'', u'', u'', u'', u'', u'', u'', u'', u'', u'', u'']
check '' ''
[u'MNIF301_SEM2_2018', u'MNIF301_SEM2_2017', u'MNIF301', u'MANAGEMENT OF INFORMATION III', u'NDPBM1', u'ND: PUBLIC MANAGEMENT', u'22', u'SEMESTER 2', u'P1', u'Pietermaritzburg Full-time', u'A', u'40009380:MOONSAMY']
check 'MNIF301_SEM2_2018' 'MNIF301'
adding  MNIF301
requesting:  http://10.0.100.98:8000/bbinfo/matching_courses/MNIF301%25
r= <Response [200]>
matching classes= set([u'MNIF301_2013', u'MNIF301_13_MOOD', u'MNIF301_SEM2_2017', u'MNIF301_SEM2_2016', u'MNIF301_13_PARS', u'MNIF301_SEM2_2018'])
[u'MNIF301_SEM2_2018', u'MNIF301_SEM2_2017', u'MNIF301', u'MANAGEMENT OF INFORMATION III', u'NDPBM1', u'ND: PUBLIC MANAGEMENT', u'22', u'SEMESTER 2', u'P3', u'Pietermaritzburg Part-time', u'A', u'40009380:MOONSAMY']
check 'MNIF301_SEM2_2018' 'MNIF301'
adding  MNIF301
requesting:  http://10.0.100.98:8000/bbinfo/matching_courses/MNIF301%25
r= <Response [200]>
matching classes= set([u'MNIF301_2013', u'MNIF301_13_MOOD', u'MNIF301_SEM2_2017', u'MNIF301_SEM2_2016', u'MNIF301_13_PARS', u'MNIF301_SEM2_2018'])
[u'', u'', u'', u'', u'', u'', u'', u'', u'', u'', u'', u'']
check '' ''
[u'BSAM401_YEAR_2018', u'BSAM401_YEAR_2017', u'BSAM401', u'BUSINESS ADMINISTRATION IV', u'BTOMN1', u'BT: OFFICE MANAGEMENT AND TECHNOLOGY', u'11', u'YEAR', u'P3', u'Pietermaritzburg Part-time', u'A', u'40010520:NYIDE;50031554:MC CULLOUGH']
check 'BSAM401_YEAR_2018' 'BSAM401'
processXLS: only for SEM2 [u'BSAM401_YEAR_2018', u'BSAM401_YEAR_2017', u'BSAM401', u'BUSINESS ADMINISTRATION IV', u'BTOMN1', u'BT: OFFICE MANAGEMENT AND TECHNOLOGY', u'11', u'YEAR', u'P3', u'Pietermaritzburg Part-time', u'A', u'40010520:NYIDE;50031554:MC CULLOUGH']
[u'', u'', u'', u'', u'', u'', u'', u'', u'', u'', u'', u'']
check '' ''
[u'===APPEND===', u'', u'', u'', u'', u'', u'', u'', u'', u'', u'', u'']
check '===APPEND===' ''
[u'2017 NEW SUBJECTS  Blackboard Classrooms for Department: 3206 - FINANCE & INFO MANAGEMENT(PMB)', u'', u'', u'', u'', u'', u'', u'', u'', u'', u'', u'']
check '2017 NEW SUBJECTS  Blackboard Classrooms for Department: 3206 - FINANCE & INFO MANAGEMENT(PMB)' ''
[u'', u'', u'', u'', u'', u'', u'', u'', u'', u'', u'', u'']
check '' ''
[u'BB Classroom', u'Migrate Classroom', u'ITS Subject', u'', u'ITS Qualification', u'', u'Block', u'', u'Off Type', u'', u'Grp', u'Lecturer(s)']
check 'BB Classroom' 'ITS Subject'
[u'AFPR101_SEM1_2018', u'AFPR101_SEM1_2017', u'AFPR101', u'ACCOUNTING AND FINANCIAL PRINCIPLES I', u'DIBSM1', u'DIPLOMA IN BUSINESS &INFO MANAGEMENT', u'21', u'SEMESTER 1', u'P1', u'Pietermaritzburg Full-time', u'A', u'50001756:Green']
check 'AFPR101_SEM1_2018' 'AFPR101'
processXLS: only for SEM2 [u'AFPR101_SEM1_2018', u'AFPR101_SEM1_2017', u'AFPR101', u'ACCOUNTING AND FINANCIAL PRINCIPLES I', u'DIBSM1', u'DIPLOMA IN BUSINESS &INFO MANAGEMENT', u'21', u'SEMESTER 1', u'P1', u'Pietermaritzburg Full-time', u'A', u'50001756:Green']
[u'', u'', u'', u'', u'', u'', u'', u'', u'', u'', u'', u'']
check '' ''
[u'BINM101_SEM2_2018', u'BINM101_SEM2_2017', u'BINM101', u'BUSINESS & INFORMATION MAN PRAC I', u'DIBSM1', u'DIPLOMA IN BUSINESS &INFO MANAGEMENT', u'22', u'SEMESTER 2', u'P1', u'Pietermaritzburg Full-time', u'A', u'50001756:Green']
check 'BINM101_SEM2_2018' 'BINM101'
adding  BINM101
requesting:  http://10.0.100.98:8000/bbinfo/matching_courses/BINM101%25
r= <Response [200]>
matching classes= set([u'BINM101_SEM2_2017', u'BINM101_SEM2_2018'])
[u'', u'', u'', u'', u'', u'', u'', u'', u'', u'', u'', u'']
check '' ''
[u'BSPM111_SEM1_2018', u'BSPM111_SEM1_2017', u'BSPM111', u'BUSINESS PRINCIPLES AND MANAGEMENT I (MOD 1)', u'DIBSM1', u'DIPLOMA IN BUSINESS &INFO MANAGEMENT', u'21', u'SEMESTER 1', u'P1', u'Pietermaritzburg Full-time', u'A', u'50001756:Green']
check 'BSPM111_SEM1_2018' 'BSPM111'
processXLS: only for SEM2 [u'BSPM111_SEM1_2018', u'BSPM111_SEM1_2017', u'BSPM111', u'BUSINESS PRINCIPLES AND MANAGEMENT I (MOD 1)', u'DIBSM1', u'DIPLOMA IN BUSINESS &INFO MANAGEMENT', u'21', u'SEMESTER 1', u'P1', u'Pietermaritzburg Full-time', u'A', u'50001756:Green']
[u'', u'', u'', u'', u'', u'', u'', u'', u'', u'', u'', u'']
check '' ''
[u'BSPM121_SEM2_2018', u'BSPM121_SEM2_2017', u'BSPM121', u'BUSINESS PRINCIPLES AND MANAGEMENT I (MOD 2)', u'DIBSM1', u'DIPLOMA IN BUSINESS &INFO MANAGEMENT', u'22', u'SEMESTER 2', u'P1', u'Pietermaritzburg Full-time', u'A', u'50001756:Green']
check 'BSPM121_SEM2_2018' 'BSPM121'
adding  BSPM121
requesting:  http://10.0.100.98:8000/bbinfo/matching_courses/BSPM121%25
r= <Response [200]>
matching classes= set([u'BSPM121_SEM2_2017', u'BSPM121_SEM2_2018'])
[u'', u'', u'', u'', u'', u'', u'', u'', u'', u'', u'', u'']
check '' ''
[u'HMRL101_SEM1_2018', u'HMRL101_SEM1_2017', u'HMRL101', u'HUMAN RELATIONS MANAGEMENT', u'DIBSM1', u'DIPLOMA IN BUSINESS &INFO MANAGEMENT', u'21', u'SEMESTER 1', u'P1', u'Pietermaritzburg Full-time', u'A', u'50001756:Green']
check 'HMRL101_SEM1_2018' 'HMRL101'
processXLS: only for SEM2 [u'HMRL101_SEM1_2018', u'HMRL101_SEM1_2017', u'HMRL101', u'HUMAN RELATIONS MANAGEMENT', u'DIBSM1', u'DIPLOMA IN BUSINESS &INFO MANAGEMENT', u'21', u'SEMESTER 1', u'P1', u'Pietermaritzburg Full-time', u'A', u'50001756:Green']
[u'', u'', u'', u'', u'', u'', u'', u'', u'', u'', u'', u'']
check '' ''
[u'IMTN111_SEM1_2018', u'IMTN111_SEM1_2017', u'IMTN111', u'INFORMATION MAN & TECHNOLOGY I (MOD 1)', u'DIBSM1', u'DIPLOMA IN BUSINESS &INFO MANAGEMENT', u'21', u'SEMESTER 1', u'P1', u'Pietermaritzburg Full-time', u'A', u'50001756:Green']
check 'IMTN111_SEM1_2018' 'IMTN111'
processXLS: only for SEM2 [u'IMTN111_SEM1_2018', u'IMTN111_SEM1_2017', u'IMTN111', u'INFORMATION MAN & TECHNOLOGY I (MOD 1)', u'DIBSM1', u'DIPLOMA IN BUSINESS &INFO MANAGEMENT', u'21', u'SEMESTER 1', u'P1', u'Pietermaritzburg Full-time', u'A', u'50001756:Green']
[u'', u'', u'', u'', u'', u'', u'', u'', u'', u'', u'', u'']
check '' ''
[u'IMTN121_SEM2_2018', u'IMTN121_SEM2_2017', u'IMTN121', u'INFORMATION MAN & TECHNOLOGY I (MOD 2)', u'DIBSM1', u'DIPLOMA IN BUSINESS &INFO MANAGEMENT', u'22', u'SEMESTER 2', u'P1', u'Pietermaritzburg Full-time', u'A', u'50001756:Green']
check 'IMTN121_SEM2_2018' 'IMTN121'
adding  IMTN121
requesting:  http://10.0.100.98:8000/bbinfo/matching_courses/IMTN121%25
r= <Response [200]>
matching classes= set([u'IMTN121_SEM2_2018', u'IMTN121_SEM2_2017'])
[u'', u'', u'', u'', u'', u'', u'', u'', u'', u'', u'', u'']
check '' ''
[u'PJMA101_SEM2_2018', u'PJMA101_SEM2_2017', u'PJMA101', u'PROJECT MANAGEMENT I', u'DIBSM1', u'DIPLOMA IN BUSINESS &INFO MANAGEMENT', u'22', u'SEMESTER 2', u'P1', u'Pietermaritzburg Full-time', u'A', u'50001756:Green']
check 'PJMA101_SEM2_2018' 'PJMA101'
adding  PJMA101
requesting:  http://10.0.100.98:8000/bbinfo/matching_courses/PJMA101%25
r= <Response [200]>
matching classes= set([u'PJMA101_SEM2_2018', u'PJMA101_SEM2_2017'])
[u'', u'', u'', u'', u'', u'', u'', u'', u'', u'', u'', u'']
check '' ''
[u'RPAP101_SEM1_2018', u'RPAP101_SEM1_2017', u'RPAP101', u'RESEARCH PRACTICES AND PRINCIPLES I', u'DIBSM1', u'DIPLOMA IN BUSINESS &INFO MANAGEMENT', u'21', u'SEMESTER 1', u'P1', u'Pietermaritzburg Full-time', u'A', u'50001756:Green']
check 'RPAP101_SEM1_2018' 'RPAP101'
processXLS: only for SEM2 [u'RPAP101_SEM1_2018', u'RPAP101_SEM1_2017', u'RPAP101', u'RESEARCH PRACTICES AND PRINCIPLES I', u'DIBSM1', u'DIPLOMA IN BUSINESS &INFO MANAGEMENT', u'21', u'SEMESTER 1', u'P1', u'Pietermaritzburg Full-time', u'A', u'50001756:Green']
[u'', u'', u'', u'', u'', u'', u'', u'', u'', u'', u'', u'']
check '' ''
[u'AFPR201_SEM2_2018', u'AFPR201_SEM2_2017', u'AFPR201', u'ACCOUNTING AND FINANCIAL PRINCIPLES II', u'DIBSM1', u'DIPLOMA IN BUSINESS &INFO MANAGEMENT', u'22', u'SEMESTER 2', u'P1', u'Pietermaritzburg Full-time', u'A', u'50001756:Green']
check 'AFPR201_SEM2_2018' 'AFPR201'
adding  AFPR201
requesting:  http://10.0.100.98:8000/bbinfo/matching_courses/AFPR201%25
r= <Response [200]>
matching classes= set([u'AFPR201_SEM2_2018', u'AFPR201_SEM2_2017'])
[u'', u'', u'', u'', u'', u'', u'', u'', u'', u'', u'', u'']
check '' ''
[u'BSPM211_SEM1_2018', u'BSPM211_SEM1_2017', u'BSPM211', u'BUSINESS PRINCIPLES AND MANAGEMENT II (MOD 1)', u'DIBSM1', u'DIPLOMA IN BUSINESS &INFO MANAGEMENT', u'21', u'SEMESTER 1', u'P1', u'Pietermaritzburg Full-time', u'A', u'50001756:Green']
check 'BSPM211_SEM1_2018' 'BSPM211'
processXLS: only for SEM2 [u'BSPM211_SEM1_2018', u'BSPM211_SEM1_2017', u'BSPM211', u'BUSINESS PRINCIPLES AND MANAGEMENT II (MOD 1)', u'DIBSM1', u'DIPLOMA IN BUSINESS &INFO MANAGEMENT', u'21', u'SEMESTER 1', u'P1', u'Pietermaritzburg Full-time', u'A', u'50001756:Green']
[u'', u'', u'', u'', u'', u'', u'', u'', u'', u'', u'', u'']
check '' ''
[u'BSPM221_SEM2_2018', u'BSPM221_SEM2_2017', u'BSPM221', u'BUSINESS PRINCIPLES AND MANAGEMENT II (MOD 2)', u'DIBSM1', u'DIPLOMA IN BUSINESS &INFO MANAGEMENT', u'22', u'SEMESTER 2', u'P1', u'Pietermaritzburg Full-time', u'A', u'50001756:Green']
check 'BSPM221_SEM2_2018' 'BSPM221'
adding  BSPM221
requesting:  http://10.0.100.98:8000/bbinfo/matching_courses/BSPM221%25
r= <Response [200]>
matching classes= set([u'BSPM221_SEM2_2017', u'BSPM221_SEM2_2018'])
[u'', u'', u'', u'', u'', u'', u'', u'', u'', u'', u'', u'']
check '' ''
[u'IMTN211_SEM1_2018', u'IMTN211_SEM1_2017', u'IMTN211', u'INFORMATION MAN & TECHNOLOGY II (MOD 1)', u'DIBSM1', u'DIPLOMA IN BUSINESS &INFO MANAGEMENT', u'21', u'SEMESTER 1', u'P1', u'Pietermaritzburg Full-time', u'A', u'50001756:Green']
check 'IMTN211_SEM1_2018' 'IMTN211'
processXLS: only for SEM2 [u'IMTN211_SEM1_2018', u'IMTN211_SEM1_2017', u'IMTN211', u'INFORMATION MAN & TECHNOLOGY II (MOD 1)', u'DIBSM1', u'DIPLOMA IN BUSINESS &INFO MANAGEMENT', u'21', u'SEMESTER 1', u'P1', u'Pietermaritzburg Full-time', u'A', u'50001756:Green']
[u'', u'', u'', u'', u'', u'', u'', u'', u'', u'', u'', u'']
check '' ''
[u'IMTN221_SEM2_2018', u'IMTN221_SEM2_2017', u'IMTN221', u'INFORMATION MAN & TECHNOLOGY II (MOD 2)', u'DIBSM1', u'DIPLOMA IN BUSINESS &INFO MANAGEMENT', u'22', u'SEMESTER 2', u'P1', u'Pietermaritzburg Full-time', u'A', u'50001756:Green']
check 'IMTN221_SEM2_2018' 'IMTN221'
adding  IMTN221
requesting:  http://10.0.100.98:8000/bbinfo/matching_courses/IMTN221%25
r= <Response [200]>
matching classes= set([u'IMTN221_SEM2_2018', u'IMTN221_SEM2_2017'])
[u'', u'', u'', u'', u'', u'', u'', u'', u'', u'', u'', u'']
check '' ''
[u'PJMA201_SEM2_2018', u'PJMA201_SEM2_2017', u'PJMA201', u'PROJECT MANAGEMENT II', u'DIBSM1', u'DIPLOMA IN BUSINESS &INFO MANAGEMENT', u'22', u'SEMESTER 2', u'P1', u'Pietermaritzburg Full-time', u'A', u'50001756:Green']
check 'PJMA201_SEM2_2018' 'PJMA201'
adding  PJMA201
requesting:  http://10.0.100.98:8000/bbinfo/matching_courses/PJMA201%25
r= <Response [200]>
matching classes= set([u'PJMA201_SEM2_2017', u'PJMA201_SEM2_2018'])
[u'', u'', u'', u'', u'', u'', u'', u'', u'', u'', u'', u'']
check '' ''
[u'RPAP201_SEM1_2018', u'RPAP201_SEM1_2017', u'RPAP201', u'RESEARCH PRACTICES AND PRINCIPLES II', u'DIBSM1', u'DIPLOMA IN BUSINESS &INFO MANAGEMENT', u'21', u'SEMESTER 1', u'P1', u'Pietermaritzburg Full-time', u'A', u'50001756:Green']
check 'RPAP201_SEM1_2018' 'RPAP201'
processXLS: only for SEM2 [u'RPAP201_SEM1_2018', u'RPAP201_SEM1_2017', u'RPAP201', u'RESEARCH PRACTICES AND PRINCIPLES II', u'DIBSM1', u'DIPLOMA IN BUSINESS &INFO MANAGEMENT', u'21', u'SEMESTER 1', u'P1', u'Pietermaritzburg Full-time', u'A', u'50001756:Green']
[u'', u'', u'', u'', u'', u'', u'', u'', u'', u'', u'', u'']
check '' ''
[u'BSPM311_SEM1_2018', u'BSPM311_SEM1_2017', u'BSPM311', u'BUSINESS PRINCIPLES & MANAGEMENT III (MOD 1)', u'DIBSM1', u'DIPLOMA IN BUSINESS &INFO MANAGEMENT', u'21', u'SEMESTER 1', u'P1', u'Pietermaritzburg Full-time', u'A', u'50001756:Green']
check 'BSPM311_SEM1_2018' 'BSPM311'
processXLS: only for SEM2 [u'BSPM311_SEM1_2018', u'BSPM311_SEM1_2017', u'BSPM311', u'BUSINESS PRINCIPLES & MANAGEMENT III (MOD 1)', u'DIBSM1', u'DIPLOMA IN BUSINESS &INFO MANAGEMENT', u'21', u'SEMESTER 1', u'P1', u'Pietermaritzburg Full-time', u'A', u'50001756:Green']
[u'', u'', u'', u'', u'', u'', u'', u'', u'', u'', u'', u'']
check '' ''
[u'BSPM321_SEM2_2018', u'BSPM321_SEM2_2017', u'BSPM321', u'BUSINESS PRINCIPLES & MANAGEMENT III (MOD 2)', u'DIBSM1', u'DIPLOMA IN BUSINESS &INFO MANAGEMENT', u'22', u'SEMESTER 2', u'P1', u'Pietermaritzburg Full-time', u'A', u'50001756:Green']
check 'BSPM321_SEM2_2018' 'BSPM321'
adding  BSPM321
requesting:  http://10.0.100.98:8000/bbinfo/matching_courses/BSPM321%25
r= <Response [200]>
matching classes= set([u'BSPM321_SEM2_2018', u'BSPM321_SEM2_2017'])
[u'', u'', u'', u'', u'', u'', u'', u'', u'', u'', u'', u'']
check '' ''
[u'IMTN311_SEM1_2018', u'IMTN311_SEM1_2017', u'IMTN311', u'INFORMATION MAN & TECHNOLOGY III (MOD 1)', u'DIBSM1', u'DIPLOMA IN BUSINESS &INFO MANAGEMENT', u'21', u'SEMESTER 1', u'P1', u'Pietermaritzburg Full-time', u'A', u'50001756:Green']
check 'IMTN311_SEM1_2018' 'IMTN311'
processXLS: only for SEM2 [u'IMTN311_SEM1_2018', u'IMTN311_SEM1_2017', u'IMTN311', u'INFORMATION MAN & TECHNOLOGY III (MOD 1)', u'DIBSM1', u'DIPLOMA IN BUSINESS &INFO MANAGEMENT', u'21', u'SEMESTER 1', u'P1', u'Pietermaritzburg Full-time', u'A', u'50001756:Green']
[u'', u'', u'', u'', u'', u'', u'', u'', u'', u'', u'', u'']
check '' ''
[u'IMTN321_SEM2_2018', u'IMTN321_SEM2_2017', u'IMTN321', u'INFORMATION MAN & TECHNOLOGY III (MOD 2)', u'DIBSM1', u'DIPLOMA IN BUSINESS &INFO MANAGEMENT', u'22', u'SEMESTER 2', u'P1', u'Pietermaritzburg Full-time', u'A', u'50001756:Green']
check 'IMTN321_SEM2_2018' 'IMTN321'
adding  IMTN321
requesting:  http://10.0.100.98:8000/bbinfo/matching_courses/IMTN321%25
r= <Response [200]>
matching classes= set([u'IMTN321_SEM2_2017', u'IMTN321_SEM2_2018'])
[u'...', u'', u'', u'', u'', u'', u'', u'', u'', u'', u'', u'']
check '...' ''
[u'New subjects for 2018', u'', u'', u'', u'', u'', u'', u'', u'', u'', u'', u'']
check 'New subjects for 2018' ''
[u'SDVA101_SEM1_2018', u'template_2018', u'SDVA101', u'SKILLS DEVELOPMENT IA', u'DIBMF1', u'DIP IN BUSINESS &INFO MANAGEMENT (4 YRS)', u'21', u'SEM1', u'P1', u'OTNAME', u'A', u'50001756:GREEN;']
check 'SDVA101_SEM1_2018' 'SDVA101'
processXLS: only for SEM2 [u'SDVA101_SEM1_2018', u'template_2018', u'SDVA101', u'SKILLS DEVELOPMENT IA', u'DIBMF1', u'DIP IN BUSINESS &INFO MANAGEMENT (4 YRS)', u'21', u'SEM1', u'P1', u'OTNAME', u'A', u'50001756:GREEN;']
[u'BSIM101_SEM1_2018', u'template_2018', u'BSIM101', u'BUSINESS AND INFORMATION MANAGEMENT I', u'DIBMF1', u'DIP IN BUSINESS &INFO MANAGEMENT (4 YRS)', u'21', u'SEM1', u'P1', u'OTNAME', u'A', u'50001756:GREEN;']
check 'BSIM101_SEM1_2018' 'BSIM101'
processXLS: only for SEM2 [u'BSIM101_SEM1_2018', u'template_2018', u'BSIM101', u'BUSINESS AND INFORMATION MANAGEMENT I', u'DIBMF1', u'DIP IN BUSINESS &INFO MANAGEMENT (4 YRS)', u'21', u'SEM1', u'P1', u'OTNAME', u'A', u'50001756:GREEN;']
[u'SDVB101_SEM2_2018', u'template_2018', u'SDVB101', u'SKILLS DEVELOPMENT IB', u'DIBMF1', u'DIP IN BUSINESS &INFO MANAGEMENT (4 YRS)', u'22', u'SEM2', u'P1', u'OTNAME', u'A', u'50001756:GREEN;']
check 'SDVB101_SEM2_2018' 'SDVB101'
adding  SDVB101
requesting:  http://10.0.100.98:8000/bbinfo/matching_courses/SDVB101%25
r= <Response [200]>
matching classes= set([u'SDVB101_SEM2_2018'])
[u'SDVA201_SEM1_2018', u'template_2018', u'SDVA201', u'SKILLS DEVELOPMENT IIA', u'DIBMF1', u'DIP IN BUSINESS &INFO MANAGEMENT (4 YRS)', u'21', u'SEM1', u'P1', u'OTNAME', u'A', u'50001756:GREEN;']
check 'SDVA201_SEM1_2018' 'SDVA201'
processXLS: only for SEM2 [u'SDVA201_SEM1_2018', u'template_2018', u'SDVA201', u'SKILLS DEVELOPMENT IIA', u'DIBMF1', u'DIP IN BUSINESS &INFO MANAGEMENT (4 YRS)', u'21', u'SEM1', u'P1', u'OTNAME', u'A', u'50001756:GREEN;']
[u'BINA201_SEM1_2018', u'template_2018', u'BINA201', u'BUSINESS INFORMATION MANAGEMENT IIA', u'DIBMF1', u'DIP IN BUSINESS &INFO MANAGEMENT (4 YRS)', u'21', u'SEM1', u'P1', u'OTNAME', u'A', u'50001756:GREEN;']
check 'BINA201_SEM1_2018' 'BINA201'
processXLS: only for SEM2 [u'BINA201_SEM1_2018', u'template_2018', u'BINA201', u'BUSINESS INFORMATION MANAGEMENT IIA', u'DIBMF1', u'DIP IN BUSINESS &INFO MANAGEMENT (4 YRS)', u'21', u'SEM1', u'P1', u'OTNAME', u'A', u'50001756:GREEN;']
processXLS: finished processing workingSheets/data/BBC3206FinanceInfoManagement(pmb)2017.xls
getWS: requesting:  http://10.0.100.98:8000/itsenrol/classlist/2018/22/BCLC101 rsp= <Response [200]>
getWS: requesting:  http://10.0.100.98:8000/bbinfo/classlist/BCLC101 rsp= <Response [200]>
getNewStudentsInSubject: ITS 32, BB 1 -> 32 new enrollments
getWS: requesting:  http://10.0.100.98:8000/itsenrol/classlist/2018/22/BINM101 rsp= <Response [200]>
getWS: requesting:  http://10.0.100.98:8000/bbinfo/classlist/BINM101 rsp= <Response [200]>
getNewStudentsInSubject: ITS 0, BB 1 -> 0 new enrollments
getWS: requesting:  http://10.0.100.98:8000/itsenrol/classlist/2018/22/IMTN321 rsp= <Response [200]>
getWS: requesting:  http://10.0.100.98:8000/bbinfo/classlist/IMTN321 rsp= <Response [200]>
getNewStudentsInSubject: ITS 0, BB 1 -> 0 new enrollments
getWS: requesting:  http://10.0.100.98:8000/itsenrol/classlist/2018/22/FACN321 rsp= <Response [200]>
getWS: requesting:  http://10.0.100.98:8000/bbinfo/classlist/FACN321 rsp= <Response [200]>
getNewStudentsInSubject: ITS 106, BB 157 -> 100 new enrollments
getWS: requesting:  http://10.0.100.98:8000/itsenrol/classlist/2018/22/SDVB101 rsp= <Response [200]>
getWS: requesting:  http://10.0.100.98:8000/bbinfo/classlist/SDVB101 rsp= <Response [200]>
getNewStudentsInSubject: ITS 0, BB 1 -> 0 new enrollments
getWS: requesting:  http://10.0.100.98:8000/itsenrol/classlist/2018/22/IMTN221 rsp= <Response [200]>
getWS: requesting:  http://10.0.100.98:8000/bbinfo/classlist/IMTN221 rsp= <Response [200]>
getNewStudentsInSubject: ITS 37, BB 1 -> 37 new enrollments
getWS: requesting:  http://10.0.100.98:8000/itsenrol/classlist/2018/22/TXAN221 rsp= <Response [200]>
getWS: requesting:  http://10.0.100.98:8000/bbinfo/classlist/TXAN221 rsp= <Response [200]>
getNewStudentsInSubject: ITS 123, BB 1 -> 123 new enrollments
getWS: requesting:  http://10.0.100.98:8000/itsenrol/classlist/2018/22/AFPR201 rsp= <Response [200]>
getWS: requesting:  http://10.0.100.98:8000/bbinfo/classlist/AFPR201 rsp= <Response [200]>
getNewStudentsInSubject: ITS 0, BB 1 -> 0 new enrollments
getWS: requesting:  http://10.0.100.98:8000/itsenrol/classlist/2018/22/BSTT201 rsp= <Response [200]>
getWS: requesting:  http://10.0.100.98:8000/bbinfo/classlist/BSTT201 rsp= <Response [200]>
getNewStudentsInSubject: ITS 37, BB 1 -> 37 new enrollments
getWS: requesting:  http://10.0.100.98:8000/itsenrol/classlist/2018/22/FACN121 rsp= <Response [200]>
getWS: requesting:  http://10.0.100.98:8000/bbinfo/classlist/FACN121 rsp= <Response [200]>
getNewStudentsInSubject: ITS 279, BB 314 -> 226 new enrollments
getWS: requesting:  http://10.0.100.98:8000/itsenrol/classlist/2018/22/AUDN221 rsp= <Response [200]>
getWS: requesting:  http://10.0.100.98:8000/bbinfo/classlist/AUDN221 rsp= <Response [200]>
getNewStudentsInSubject: ITS 197, BB 1 -> 197 new enrollments
getWS: requesting:  http://10.0.100.98:8000/itsenrol/classlist/2018/22/ENDC121 rsp= <Response [200]>
getWS: requesting:  http://10.0.100.98:8000/bbinfo/classlist/ENDC121 rsp= <Response [200]>
getNewStudentsInSubject: ITS 0, BB 2 -> 0 new enrollments
getWS: requesting:  http://10.0.100.98:8000/itsenrol/classlist/2018/22/AUDN301 rsp= <Response [200]>
getWS: requesting:  http://10.0.100.98:8000/bbinfo/classlist/AUDN301 rsp= <Response [200]>
getNewStudentsInSubject: ITS 89, BB 1 -> 89 new enrollments
getWS: requesting:  http://10.0.100.98:8000/itsenrol/classlist/2018/22/FACN221 rsp= <Response [200]>
getWS: requesting:  http://10.0.100.98:8000/bbinfo/classlist/FACN221 rsp= <Response [200]>
getNewStudentsInSubject: ITS 217, BB 164 -> 188 new enrollments
getWS: requesting:  http://10.0.100.98:8000/itsenrol/classlist/2018/22/BINS221 rsp= <Response [200]>
getWS: requesting:  http://10.0.100.98:8000/bbinfo/classlist/BINS221 rsp= <Response [200]>
getNewStudentsInSubject: ITS 105, BB 1 -> 105 new enrollments
getWS: requesting:  http://10.0.100.98:8000/itsenrol/classlist/2018/22/BSPM321 rsp= <Response [200]>
getWS: requesting:  http://10.0.100.98:8000/bbinfo/classlist/BSPM321 rsp= <Response [200]>
getNewStudentsInSubject: ITS 0, BB 1 -> 0 new enrollments
getWS: requesting:  http://10.0.100.98:8000/itsenrol/classlist/2018/22/CACC221 rsp= <Response [200]>
getWS: requesting:  http://10.0.100.98:8000/bbinfo/classlist/CACC221 rsp= <Response [200]>
getNewStudentsInSubject: ITS 214, BB 1 -> 214 new enrollments
getWS: requesting:  http://10.0.100.98:8000/itsenrol/classlist/2018/22/IMTN121 rsp= <Response [200]>
getWS: requesting:  http://10.0.100.98:8000/bbinfo/classlist/IMTN121 rsp= <Response [200]>
getNewStudentsInSubject: ITS 57, BB 1 -> 57 new enrollments
getWS: requesting:  http://10.0.100.98:8000/itsenrol/classlist/2018/22/BSPM121 rsp= <Response [200]>
getWS: requesting:  http://10.0.100.98:8000/bbinfo/classlist/BSPM121 rsp= <Response [200]>
getNewStudentsInSubject: ITS 55, BB 1 -> 55 new enrollments
getWS: requesting:  http://10.0.100.98:8000/itsenrol/classlist/2018/22/BSPM221 rsp= <Response [200]>
getWS: requesting:  http://10.0.100.98:8000/bbinfo/classlist/BSPM221 rsp= <Response [200]>
getNewStudentsInSubject: ITS 38, BB 1 -> 38 new enrollments
getWS: requesting:  http://10.0.100.98:8000/itsenrol/classlist/2018/22/MNIF301 rsp= <Response [200]>
getWS: requesting:  http://10.0.100.98:8000/bbinfo/classlist/MNIF301 rsp= <Response [200]>
getNewStudentsInSubject: ITS 76, BB 1 -> 76 new enrollments
getWS: requesting:  http://10.0.100.98:8000/itsenrol/classlist/2018/22/BINS111 rsp= <Response [200]>
getWS: requesting:  http://10.0.100.98:8000/bbinfo/classlist/BINS111 rsp= <Response [200]>
getNewStudentsInSubject: ITS 236, BB 2 -> 236 new enrollments
getWS: requesting:  http://10.0.100.98:8000/itsenrol/classlist/2018/22/MACT321 rsp= <Response [200]>
getWS: requesting:  http://10.0.100.98:8000/bbinfo/classlist/MACT321 rsp= <Response [200]>
getNewStudentsInSubject: ITS 126, BB 1 -> 126 new enrollments
getWS: requesting:  http://10.0.100.98:8000/itsenrol/classlist/2018/22/PJMA101 rsp= <Response [200]>
getWS: requesting:  http://10.0.100.98:8000/bbinfo/classlist/PJMA101 rsp= <Response [200]>
getNewStudentsInSubject: ITS 53, BB 1 -> 53 new enrollments
getWS: requesting:  http://10.0.100.98:8000/itsenrol/classlist/2018/22/PJMA201 rsp= <Response [200]>
getWS: requesting:  http://10.0.100.98:8000/bbinfo/classlist/PJMA201 rsp= <Response [200]>
getNewStudentsInSubject: ITS 30, BB 1 -> 30 new enrollments
main: Writing students...
main: Writing enrollments...
main: Finished processing workingSheets/data/BBC3206FinanceInfoManagement(pmb)2017.xls
main: 25 subjects processed
main: 59 subject -> classroom maps
main: 805 students
main: 2019 student enrollments 0 errors
0.56user 0.14system 0:07.40elapsed 9%CPU (0avgtext+0avgdata 64896maxresident)k
120inputs+432outputs (0major+7488minor)pagefaults 0swaps
POSTING SNAPSHOTS to SIS endpoint
TEST RUN, NOT POSTING BBSTUDENTS
TEST RUN, NOT POSTIN BBENROL
copy snapshot files to saved output
=== department done ===
syncing logs...
Pushing logs from logs/20180723111852 to remote...
sending incremental file list
./
BBC3206FinanceInfoManagement(pmb)2017.BBENROL.txt
BBC3206FinanceInfoManagement(pmb)2017.BBSTUDENTS.txt
BBC3206FinanceInfoManagement(pmb)2017.Enrolomat.txt
BBC3206FinanceInfoManagement(pmb)2017.Postlog.txt

sent 303781 bytes  received 91 bytes  31986.53 bytes/sec
total size is 2788609  speedup is 9.18
logging to logs/20180723111852
=== generate newenrollments for BBC3301EntrepreneurialStudiesMgmt2017. ===
GENERATE SNAPSHOTS...
./BBCIncrementalEnrollerX2.py : generating enrolment files for subjects in  workingSheets/data/BBC3301EntrepreneurialStudiesMgmt2017.xls
processXLS: start spreadsheet workingSheets/data/BBC3301EntrepreneurialStudiesMgmt2017.xls
[u'2018 Blackboard Classrooms for Department: 3301 - ENTREPRENEURIAL STUDIES & MGMT', u'', u'', u'', u'', u'', u'', u'', u'', u'', u'', u'', u'']
check '2018 Blackboard Classrooms for Department: 3301 - ENTREPRENEURIAL STUDIES & MGMT' ''
[u'', u'', u'', u'', u'', u'', u'', u'', u'', u'', u'', u'', u'']
check '' ''
[u'BB Classroom', u'Migrate Classroom', u'ITS Subject', u'', u'ITS Qualification', u'', u'Block', u'', u'Off Type', u'', u'Grp', u'Lecturer(s)', u'2016 Enrol']
check 'BB Classroom' 'ITS Subject'
[u'ADMN101_YEAR_2018', u'ADMN101_YEAR_2017', u'ADMN101', u'ADMINISTRATIVE MANAGEMENT I', u'NDMNG1', u'ND: MANAGEMENT', u'11', u'YEAR', u'D1', u'Durban Campus Full-time', u'A', u'50000770:SCHOFIELD', 15.0]
check 'ADMN101_YEAR_2018' 'ADMN101'
processXLS: only for SEM2 [u'ADMN101_YEAR_2018', u'ADMN101_YEAR_2017', u'ADMN101', u'ADMINISTRATIVE MANAGEMENT I', u'NDMNG1', u'ND: MANAGEMENT', u'11', u'YEAR', u'D1', u'Durban Campus Full-time', u'A', u'50000770:SCHOFIELD', 15.0]
[u'', u'', u'', u'', u'', u'', u'', u'', u'', u'', u'', u'', u'']
check '' ''
[u'AMNM111_SEM1_2018', u'AMNM111_SEM1_2017', u'AMNM111', u'ADMINISTRATION MANAGEMENT (MODULE 1)', u'NDMTS1', u'ND: MARITIME STUDIES', u'21', u'SEMESTER 1', u'D1', u'Durban Campus Full-time', u'A', u'40002114:PILLAY', 40.0]
check 'AMNM111_SEM1_2018' 'AMNM111'
processXLS: only for SEM2 [u'AMNM111_SEM1_2018', u'AMNM111_SEM1_2017', u'AMNM111', u'ADMINISTRATION MANAGEMENT (MODULE 1)', u'NDMTS1', u'ND: MARITIME STUDIES', u'21', u'SEMESTER 1', u'D1', u'Durban Campus Full-time', u'A', u'40002114:PILLAY', 40.0]
[u'', u'', u'', u'', u'', u'', u'', u'', u'', u'', u'', u'', u'']
check '' ''
[u'AMNM121_SEM2_2018', u'AMNM121_SEM2_2017', u'AMNM121', u'ADMINISTRATION MANAGEMENT (MODULE 2)', u'NDMTS1', u'ND: MARITIME STUDIES', u'22', u'SEMESTER 2', u'D1', u'Durban Campus Full-time', u'A', u'40002114:PILLAY', 33.0]
check 'AMNM121_SEM2_2018' 'AMNM121'
adding  AMNM121
requesting:  http://10.0.100.98:8000/bbinfo/matching_courses/AMNM121%25
r= <Response [200]>
matching classes= set([u'AMNM121_SEM2_2016', u'AMNM121_SEM2_2017', u'AMNM121_SEM2_2018', u'AMNM121_13_THOC'])
[u'', u'', u'', u'', u'', u'', u'', u'', u'', u'', u'', u'', u'']
check '' ''
[u'BMGT101_YEAR_2018', u'BMGT101_YEAR_2017', u'BMGT101', u'BUSINESS MANAGEMENT I', u'NDHRM1', u'ND: HUMAN RESOURCES MANAGEMENT', u'11', u'YEAR', u'D1', u'Durban Campus Full-time', u'#', u'40000263:OJAGEER;40002114:PILLAY', 4.0]
check 'BMGT101_YEAR_2018' 'BMGT101'
processXLS: only for SEM2 [u'BMGT101_YEAR_2018', u'BMGT101_YEAR_2017', u'BMGT101', u'BUSINESS MANAGEMENT I', u'NDHRM1', u'ND: HUMAN RESOURCES MANAGEMENT', u'11', u'YEAR', u'D1', u'Durban Campus Full-time', u'#', u'40000263:OJAGEER;40002114:PILLAY', 4.0]
[u'BMGT101_YEAR_2018', u'BMGT101_YEAR_2017', u'BMGT101', u'BUSINESS MANAGEMENT I', u'NDHRM1', u'ND: HUMAN RESOURCES MANAGEMENT', u'11', u'YEAR', u'D1', u'Durban Campus Full-time', u'A', u'40000263:OJAGEER;40002114:PILLAY', 18.0]
check 'BMGT101_YEAR_2018' 'BMGT101'
processXLS: only for SEM2 [u'BMGT101_YEAR_2018', u'BMGT101_YEAR_2017', u'BMGT101', u'BUSINESS MANAGEMENT I', u'NDHRM1', u'ND: HUMAN RESOURCES MANAGEMENT', u'11', u'YEAR', u'D1', u'Durban Campus Full-time', u'A', u'40000263:OJAGEER;40002114:PILLAY', 18.0]
[u'BMGT101_YEAR_2018', u'BMGT101_YEAR_2017', u'BMGT101', u'BUSINESS MANAGEMENT I', u'NDHRM1', u'ND: HUMAN RESOURCES MANAGEMENT', u'11', u'YEAR', u'D3', u'Durban Campus Part-time', u'1', u'40000263:OJAGEER;40002114:PILLAY', 2.0]
check 'BMGT101_YEAR_2018' 'BMGT101'
processXLS: only for SEM2 [u'BMGT101_YEAR_2018', u'BMGT101_YEAR_2017', u'BMGT101', u'BUSINESS MANAGEMENT I', u'NDHRM1', u'ND: HUMAN RESOURCES MANAGEMENT', u'11', u'YEAR', u'D3', u'Durban Campus Part-time', u'1', u'40000263:OJAGEER;40002114:PILLAY', 2.0]
[u'BMGT101_YEAR_2018', u'BMGT101_YEAR_2017', u'BMGT101', u'BUSINESS MANAGEMENT I', u'NDHRM1', u'ND: HUMAN RESOURCES MANAGEMENT', u'11', u'YEAR', u'D3', u'Durban Campus Part-time', u'A', u'40000263:OJAGEER;40002114:PILLAY', 4.0]
check 'BMGT101_YEAR_2018' 'BMGT101'
processXLS: only for SEM2 [u'BMGT101_YEAR_2018', u'BMGT101_YEAR_2017', u'BMGT101', u'BUSINESS MANAGEMENT I', u'NDHRM1', u'ND: HUMAN RESOURCES MANAGEMENT', u'11', u'YEAR', u'D3', u'Durban Campus Part-time', u'A', u'40000263:OJAGEER;40002114:PILLAY', 4.0]
[u'BMGT101_YEAR_2018', u'BMGT101_YEAR_2017', u'BMGT101', u'BUSINESS MANAGEMENT I', u'NDRBM1', u'ND: RETAIL BUSINESS MANAGEMENT', u'11', u'YEAR', u'D1', u'Durban Campus Full-time', u'#', u'40000263:OJAGEER;40002114:PILLAY', 1.0]
check 'BMGT101_YEAR_2018' 'BMGT101'
processXLS: only for SEM2 [u'BMGT101_YEAR_2018', u'BMGT101_YEAR_2017', u'BMGT101', u'BUSINESS MANAGEMENT I', u'NDRBM1', u'ND: RETAIL BUSINESS MANAGEMENT', u'11', u'YEAR', u'D1', u'Durban Campus Full-time', u'#', u'40000263:OJAGEER;40002114:PILLAY', 1.0]
[u'BMGT101_YEAR_2018', u'BMGT101_YEAR_2017', u'BMGT101', u'BUSINESS MANAGEMENT I', u'NDRBM1', u'ND: RETAIL BUSINESS MANAGEMENT', u'11', u'YEAR', u'D1', u'Durban Campus Full-time', u'A', u'40000263:OJAGEER;40002114:PILLAY', 8.0]
check 'BMGT101_YEAR_2018' 'BMGT101'
processXLS: only for SEM2 [u'BMGT101_YEAR_2018', u'BMGT101_YEAR_2017', u'BMGT101', u'BUSINESS MANAGEMENT I', u'NDRBM1', u'ND: RETAIL BUSINESS MANAGEMENT', u'11', u'YEAR', u'D1', u'Durban Campus Full-time', u'A', u'40000263:OJAGEER;40002114:PILLAY', 8.0]
[u'', u'', u'', u'', u'', u'', u'', u'', u'', u'', u'', u'', u'']
check '' ''
[u'BSPR102_YEAR_2018', u'BSPR102_YEAR_2017', u'BSPR102', u'BUSINESS STUDIES:PUBLIC RELATIONS I', u'NDPRM2', u'ND: PUBLIC RELATIONS MANAGEMENT', u'11', u'YEAR', u'D1', u'Durban Campus Full-time', u'A', u'40000263:OJAGEER', 2.0]
check 'BSPR102_YEAR_2018' 'BSPR102'
processXLS: only for SEM2 [u'BSPR102_YEAR_2018', u'BSPR102_YEAR_2017', u'BSPR102', u'BUSINESS STUDIES:PUBLIC RELATIONS I', u'NDPRM2', u'ND: PUBLIC RELATIONS MANAGEMENT', u'11', u'YEAR', u'D1', u'Durban Campus Full-time', u'A', u'40000263:OJAGEER', 2.0]
[u'', u'', u'', u'', u'', u'', u'', u'', u'', u'', u'', u'', u'']
check '' ''
[u'ENSK103_YEAR_2018', u'ENSK103_YEAR_2017', u'ENSK103', u'ENTREPRENEURIAL SKILLS I', u'NDACF1', u'ND: ACCOUNTING (4 YEARS)', u'11', u'YEAR', u'D1', u'Durban Campus Full-time', u'A', u'50002482:BRADY;40008271:ZONDO', 1.0]
check 'ENSK103_YEAR_2018' 'ENSK103'
processXLS: only for SEM2 [u'ENSK103_YEAR_2018', u'ENSK103_YEAR_2017', u'ENSK103', u'ENTREPRENEURIAL SKILLS I', u'NDACF1', u'ND: ACCOUNTING (4 YEARS)', u'11', u'YEAR', u'D1', u'Durban Campus Full-time', u'A', u'50002482:BRADY;40008271:ZONDO', 1.0]
[u'ENSK103_YEAR_2018', u'ENSK103_YEAR_2017', u'ENSK103', u'ENTREPRENEURIAL SKILLS I', u'NDCAF2', u'ND: COST & MANAGEMENT ACCT (4 YEARS)', u'11', u'YEAR', u'D1', u'Durban Campus Full-time', u'A', u'50002482:BRADY;40008271:ZONDO', 31.0]
check 'ENSK103_YEAR_2018' 'ENSK103'
processXLS: only for SEM2 [u'ENSK103_YEAR_2018', u'ENSK103_YEAR_2017', u'ENSK103', u'ENTREPRENEURIAL SKILLS I', u'NDCAF2', u'ND: COST & MANAGEMENT ACCT (4 YEARS)', u'11', u'YEAR', u'D1', u'Durban Campus Full-time', u'A', u'50002482:BRADY;40008271:ZONDO', 31.0]
[u'', u'', u'', u'', u'', u'', u'', u'', u'', u'', u'', u'', u'']
check '' ''
[u'ENSK103_SEM1_2018', u'ENSK103_SEM1_2017', u'ENSK103', u'ENTREPRENEURIAL SKILLS I', u'NDACC3', u'ND: ACCOUNTING', u'21', u'SEMESTER 1', u'D1', u'Durban Campus Full-time', u'A', u'50002482:BRADY;40008271:ZONDO', 204.0]
check 'ENSK103_SEM1_2018' 'ENSK103'
processXLS: only for SEM2 [u'ENSK103_SEM1_2018', u'ENSK103_SEM1_2017', u'ENSK103', u'ENTREPRENEURIAL SKILLS I', u'NDACC3', u'ND: ACCOUNTING', u'21', u'SEMESTER 1', u'D1', u'Durban Campus Full-time', u'A', u'50002482:BRADY;40008271:ZONDO', 204.0]
[u'ENSK103_SEM1_2018', u'ENSK103_SEM1_2017', u'ENSK103', u'ENTREPRENEURIAL SKILLS I', u'NDACC3', u'ND: ACCOUNTING', u'21', u'SEMESTER 1', u'D3', u'Durban Campus Part-time', u'A', u'50002482:BRADY;40008271:ZONDO', 34.0]
check 'ENSK103_SEM1_2018' 'ENSK103'
processXLS: only for SEM2 [u'ENSK103_SEM1_2018', u'ENSK103_SEM1_2017', u'ENSK103', u'ENTREPRENEURIAL SKILLS I', u'NDACC3', u'ND: ACCOUNTING', u'21', u'SEMESTER 1', u'D3', u'Durban Campus Part-time', u'A', u'50002482:BRADY;40008271:ZONDO', 34.0]
[u'ENSK103_SEM1_2018', u'ENSK103_SEM1_2017', u'ENSK103', u'ENTREPRENEURIAL SKILLS I', u'NDACF1', u'ND: ACCOUNTING (4 YEARS)', u'21', u'SEMESTER 1', u'D1', u'Durban Campus Full-time', u'A', u'50002482:BRADY;40008271:ZONDO', 50.0]
check 'ENSK103_SEM1_2018' 'ENSK103'
processXLS: only for SEM2 [u'ENSK103_SEM1_2018', u'ENSK103_SEM1_2017', u'ENSK103', u'ENTREPRENEURIAL SKILLS I', u'NDACF1', u'ND: ACCOUNTING (4 YEARS)', u'21', u'SEMESTER 1', u'D1', u'Durban Campus Full-time', u'A', u'50002482:BRADY;40008271:ZONDO', 50.0]
[u'ENSK103_SEM1_2018', u'ENSK103_SEM1_2017', u'ENSK103', u'ENTREPRENEURIAL SKILLS I', u'NDCAF2', u'ND: COST & MANAGEMENT ACCT (4 YEARS)', u'21', u'SEMESTER 1', u'D1', u'Durban Campus Full-time', u'A', u'50002482:BRADY;40008271:ZONDO', 1.0]
check 'ENSK103_SEM1_2018' 'ENSK103'
processXLS: only for SEM2 [u'ENSK103_SEM1_2018', u'ENSK103_SEM1_2017', u'ENSK103', u'ENTREPRENEURIAL SKILLS I', u'NDCAF2', u'ND: COST & MANAGEMENT ACCT (4 YEARS)', u'21', u'SEMESTER 1', u'D1', u'Durban Campus Full-time', u'A', u'50002482:BRADY;40008271:ZONDO', 1.0]
[u'ENSK103_SEM1_2018', u'ENSK103_SEM1_2017', u'ENSK103', u'ENTREPRENEURIAL SKILLS I', u'NDCMA3', u'ND: COST AND MANAGEMENT ACCOUNTING', u'21', u'SEMESTER 1', u'D1', u'Durban Campus Full-time', u'A', u'50002482:BRADY;40008271:ZONDO', 32.0]
check 'ENSK103_SEM1_2018' 'ENSK103'
processXLS: only for SEM2 [u'ENSK103_SEM1_2018', u'ENSK103_SEM1_2017', u'ENSK103', u'ENTREPRENEURIAL SKILLS I', u'NDCMA3', u'ND: COST AND MANAGEMENT ACCOUNTING', u'21', u'SEMESTER 1', u'D1', u'Durban Campus Full-time', u'A', u'50002482:BRADY;40008271:ZONDO', 32.0]
[u'ENSK103_SEM1_2018', u'ENSK103_SEM1_2017', u'ENSK103', u'ENTREPRENEURIAL SKILLS I', u'NDFIS2', u'ND: FINANCIAL INFORMATION SYSTEMS', u'21', u'SEMESTER 1', u'D1', u'Durban Campus Full-time', u'A', u'50002482:BRADY;40008271:ZONDO', 1.0]
check 'ENSK103_SEM1_2018' 'ENSK103'
processXLS: only for SEM2 [u'ENSK103_SEM1_2018', u'ENSK103_SEM1_2017', u'ENSK103', u'ENTREPRENEURIAL SKILLS I', u'NDFIS2', u'ND: FINANCIAL INFORMATION SYSTEMS', u'21', u'SEMESTER 1', u'D1', u'Durban Campus Full-time', u'A', u'50002482:BRADY;40008271:ZONDO', 1.0]
[u'ENSK103_SEM1_2018', u'ENSK103_SEM1_2017', u'ENSK103', u'ENTREPRENEURIAL SKILLS I', u'NDTAX3', u'ND: TAXATION', u'21', u'SEMESTER 1', u'D1', u'Durban Campus Full-time', u'A', u'50002482:BRADY;40008271:ZONDO', 75.0]
check 'ENSK103_SEM1_2018' 'ENSK103'
processXLS: only for SEM2 [u'ENSK103_SEM1_2018', u'ENSK103_SEM1_2017', u'ENSK103', u'ENTREPRENEURIAL SKILLS I', u'NDTAX3', u'ND: TAXATION', u'21', u'SEMESTER 1', u'D1', u'Durban Campus Full-time', u'A', u'50002482:BRADY;40008271:ZONDO', 75.0]
[u'ENSK103_SEM1_2018', u'ENSK103_SEM1_2017', u'ENSK103', u'ENTREPRENEURIAL SKILLS I', u'NDTXF1', u'ND: TAXATION (4YEARS)', u'21', u'SEMESTER 1', u'D1', u'Durban Campus Full-time', u'A', u'50002482:BRADY;40008271:ZONDO', 24.0]
check 'ENSK103_SEM1_2018' 'ENSK103'
processXLS: only for SEM2 [u'ENSK103_SEM1_2018', u'ENSK103_SEM1_2017', u'ENSK103', u'ENTREPRENEURIAL SKILLS I', u'NDTXF1', u'ND: TAXATION (4YEARS)', u'21', u'SEMESTER 1', u'D1', u'Durban Campus Full-time', u'A', u'50002482:BRADY;40008271:ZONDO', 24.0]
[u'', u'', u'', u'', u'', u'', u'', u'', u'', u'', u'', u'', u'']
check '' ''
[u'ENSK103_SEM2_2018', u'ENSK103_SEM2_2017', u'ENSK103', u'ENTREPRENEURIAL SKILLS I', u'NDCAF2', u'ND: COST & MANAGEMENT ACCT (4 YEARS)', u'22', u'SEMESTER 2', u'D1', u'Durban Campus Full-time', u'A', u'50002482:BRADY;40008271:ZONDO', 38.0]
check 'ENSK103_SEM2_2018' 'ENSK103'
adding  ENSK103
requesting:  http://10.0.100.98:8000/bbinfo/matching_courses/ENSK103%25
r= <Response [200]>
matching classes= set([u'ENSK103_13_MAOI', u'ENSK103_YEAR_2018', u'ENSK103_13_BRAL', u'ENSK103_SEM2_2018', u'ENSK103_SEM1_2018', u'ENSK103_SEM1_2017', u'ENSK103_SEM2_2017', u'ENSK103_YEAR_2017', u'ENSK103_ALL_2016'])
[u'ENSK103_SEM2_2018', u'ENSK103_SEM2_2017', u'ENSK103', u'ENTREPRENEURIAL SKILLS I', u'NDCMA3', u'ND: COST AND MANAGEMENT ACCOUNTING', u'22', u'SEMESTER 2', u'D1', u'Durban Campus Full-time', u'A', u'50002482:BRADY;40008271:ZONDO', 151.0]
check 'ENSK103_SEM2_2018' 'ENSK103'
adding  ENSK103
requesting:  http://10.0.100.98:8000/bbinfo/matching_courses/ENSK103%25
r= <Response [200]>
matching classes= set([u'ENSK103_13_MAOI', u'ENSK103_YEAR_2018', u'ENSK103_13_BRAL', u'ENSK103_SEM2_2018', u'ENSK103_SEM1_2018', u'ENSK103_SEM1_2017', u'ENSK103_SEM2_2017', u'ENSK103_YEAR_2017', u'ENSK103_ALL_2016'])
[u'ENSK103_SEM2_2018', u'ENSK103_SEM2_2017', u'ENSK103', u'ENTREPRENEURIAL SKILLS I', u'NDTAX3', u'ND: TAXATION', u'22', u'SEMESTER 2', u'D1', u'Durban Campus Full-time', u'A', u'50002482:BRADY;40008271:ZONDO', 3.0]
check 'ENSK103_SEM2_2018' 'ENSK103'
adding  ENSK103
requesting:  http://10.0.100.98:8000/bbinfo/matching_courses/ENSK103%25
r= <Response [200]>
matching classes= set([u'ENSK103_13_MAOI', u'ENSK103_YEAR_2018', u'ENSK103_13_BRAL', u'ENSK103_SEM2_2018', u'ENSK103_SEM1_2018', u'ENSK103_SEM1_2017', u'ENSK103_SEM2_2017', u'ENSK103_YEAR_2017', u'ENSK103_ALL_2016'])
[u'', u'', u'', u'', u'', u'', u'', u'', u'', u'', u'', u'', u'']
check '' ''
[u'ENTR101_YEAR_2018', u'ENTR101_YEAR_2017', u'ENTR101', u'ENTREPRENEURSHIP I', u'NDTIP1', u'ND: TRANSLATION & INTERPRETING PRACTICE', u'11', u'YEAR', u'D1', u'Durban Campus Full-time', u'A', u'40008271:ZONDO', 36.0]
check 'ENTR101_YEAR_2018' 'ENTR101'
processXLS: only for SEM2 [u'ENTR101_YEAR_2018', u'ENTR101_YEAR_2017', u'ENTR101', u'ENTREPRENEURSHIP I', u'NDTIP1', u'ND: TRANSLATION & INTERPRETING PRACTICE', u'11', u'YEAR', u'D1', u'Durban Campus Full-time', u'A', u'40008271:ZONDO', 36.0]
[u'', u'', u'', u'', u'', u'', u'', u'', u'', u'', u'', u'', u'']
check '' ''
[u'FNMT101_SEM1_2018', u'FNMT101_SEM1_2017', u'FNMT101', u'FUNCTIONAL MANAGEMENT', u'BTFIS1', u'BT: FINANCIAL INFORMATION SYSTEMS', u'21', u'SEMESTER 1', u'D3', u'Durban Campus Part-time', u'A', u'40000252:MOORLEY', 1.0]
check 'FNMT101_SEM1_2018' 'FNMT101'
processXLS: only for SEM2 [u'FNMT101_SEM1_2018', u'FNMT101_SEM1_2017', u'FNMT101', u'FUNCTIONAL MANAGEMENT', u'BTFIS1', u'BT: FINANCIAL INFORMATION SYSTEMS', u'21', u'SEMESTER 1', u'D3', u'Durban Campus Part-time', u'A', u'40000252:MOORLEY', 1.0]
[u'FNMT101_SEM1_2018', u'FNMT101_SEM1_2017', u'FNMT101', u'FUNCTIONAL MANAGEMENT', u'BTFIS2', u'BT: FINANCIAL INFORMATION SYSTEMS', u'21', u'SEMESTER 1', u'D3', u'Durban Campus Part-time', u'A', u'40000252:MOORLEY', 10.0]
check 'FNMT101_SEM1_2018' 'FNMT101'
processXLS: only for SEM2 [u'FNMT101_SEM1_2018', u'FNMT101_SEM1_2017', u'FNMT101', u'FUNCTIONAL MANAGEMENT', u'BTFIS2', u'BT: FINANCIAL INFORMATION SYSTEMS', u'21', u'SEMESTER 1', u'D3', u'Durban Campus Part-time', u'A', u'40000252:MOORLEY', 10.0]
[u'', u'', u'', u'', u'', u'', u'', u'', u'', u'', u'', u'', u'']
check '' ''
[u'IBSS101_SEM1_2018', u'IBSS101_SEM1_2017', u'IBSS101', u'INTRODUCTION TO BUSINESS', u'DIMBS1', u'DIP IN MANAGEMENT SCIENCES (BUS ADMIN)', u'21', u'SEMESTER 1', u'D1', u'Durban Campus Full-time', u'A', u'50050382:NOEL;50002084:DOCRAT;50050637:PILLAY;40000263:OJAGEER;50000770:SCHOFIELD;40010414:GOVINDSAMY;40000538:BIYELA;40008492:OSMAN;40004047:MATHEWS;50000617:KAPLAN;40008004:TLAPANA', 161.0]
check 'IBSS101_SEM1_2018' 'IBSS101'
processXLS: only for SEM2 [u'IBSS101_SEM1_2018', u'IBSS101_SEM1_2017', u'IBSS101', u'INTRODUCTION TO BUSINESS', u'DIMBS1', u'DIP IN MANAGEMENT SCIENCES (BUS ADMIN)', u'21', u'SEMESTER 1', u'D1', u'Durban Campus Full-time', u'A', u'50050382:NOEL;50002084:DOCRAT;50050637:PILLAY;40000263:OJAGEER;50000770:SCHOFIELD;40010414:GOVINDSAMY;40000538:BIYELA;40008492:OSMAN;40004047:MATHEWS;50000617:KAPLAN;40008004:TLAPANA', 161.0]
[u'', u'', u'', u'', u'', u'', u'', u'', u'', u'', u'', u'', u'']
check '' ''
[u'MASK101_SEM2_2018', u'MASK101_SEM2_2017', u'MASK101', u'MANAGEMENT SKILLS I', u'NDCME2', u'ND: ENGINEERING: CHEMICAL', u'22', u'SEMESTER 2', u'D1', u'Durban Campus Full-time', u'A', u'40000609:CHETTY M', 75.0]
check 'MASK101_SEM2_2018' 'MASK101'
adding  MASK101
requesting:  http://10.0.100.98:8000/bbinfo/matching_courses/MASK101%25
r= <Response [200]>
matching classes= set([u'MASK101_SEM2_2018', u'MASK101_SEM2_2017', u'MASK101_13_NDIN', u'MASK101_SEM2_2016'])
[u'MASK101_SEM2_2018', u'MASK101_SEM2_2017', u'MASK101', u'MANAGEMENT SKILLS I', u'NDPPT2', u'ND:  PULP AND PAPER TECHNOLOGY', u'22', u'SEMESTER 2', u'D1', u'Durban Campus Full-time', u'A', u'40000609:CHETTY M', 28.0]
check 'MASK101_SEM2_2018' 'MASK101'
adding  MASK101
requesting:  http://10.0.100.98:8000/bbinfo/matching_courses/MASK101%25
r= <Response [200]>
matching classes= set([u'MASK101_SEM2_2018', u'MASK101_SEM2_2017', u'MASK101_13_NDIN', u'MASK101_SEM2_2016'])
[u'', u'', u'', u'', u'', u'', u'', u'', u'', u'', u'', u'', u'']
check '' ''
[u'MGNT101_YEAR_2018', u'MGNT101_YEAR_2017', u'MGNT101', u'MANAGEMENT I', u'NDMNG1', u'ND: MANAGEMENT', u'11', u'YEAR', u'D1', u'Durban Campus Full-time', u'A', u'40000252:MOORLEY;40004657:MAOME', 21.0]
check 'MGNT101_YEAR_2018' 'MGNT101'
processXLS: only for SEM2 [u'MGNT101_YEAR_2018', u'MGNT101_YEAR_2017', u'MGNT101', u'MANAGEMENT I', u'NDMNG1', u'ND: MANAGEMENT', u'11', u'YEAR', u'D1', u'Durban Campus Full-time', u'A', u'40000252:MOORLEY;40004657:MAOME', 21.0]
[u'MGNT101_YEAR_2018', u'MGNT101_YEAR_2017', u'MGNT101', u'MANAGEMENT I', u'NODIP6', u'NON-DIPLOMA PURPOSE (MAN SC)', u'11', u'YEAR', u'D7', u'DBN FULL-TIME NON-SUBSIDISED', u'A', u'40000252:MOORLEY;40004657:MAOME', 3.0]
check 'MGNT101_YEAR_2018' 'MGNT101'
processXLS: only for SEM2 [u'MGNT101_YEAR_2018', u'MGNT101_YEAR_2017', u'MGNT101', u'MANAGEMENT I', u'NODIP6', u'NON-DIPLOMA PURPOSE (MAN SC)', u'11', u'YEAR', u'D7', u'DBN FULL-TIME NON-SUBSIDISED', u'A', u'40000252:MOORLEY;40004657:MAOME', 3.0]
[u'', u'', u'', u'', u'', u'', u'', u'', u'', u'', u'', u'', u'']
check '' ''
[u'MNGP101_YEAR_2018', u'MNGP101_YEAR_2017', u'MNGP101', u'MANAGEMENT PRACTICE I', u'BTEMC2', u'BT: EMERGENCY MEDICAL CARE', u'11', u'YEAR', u'D3', u'Durban Campus Part-time', u'A', u'50031416:THOMPSON', 29.0]
check 'MNGP101_YEAR_2018' 'MNGP101'
processXLS: only for SEM2 [u'MNGP101_YEAR_2018', u'MNGP101_YEAR_2017', u'MNGP101', u'MANAGEMENT PRACTICE I', u'BTEMC2', u'BT: EMERGENCY MEDICAL CARE', u'11', u'YEAR', u'D3', u'Durban Campus Part-time', u'A', u'50031416:THOMPSON', 29.0]
[u'', u'', u'', u'', u'', u'', u'', u'', u'', u'', u'', u'', u'']
check '' ''
[u'MNGP102_YEAR_2018', u'MNGP102_YEAR_2017', u'MNGP102', u'MANAGEMENT PRACTICE I', u'BHEMC1', u'BH: EMERGENCY MEDICAL CARE', u'11', u'YEAR', u'D1', u'Durban Campus Full-time', u'A', u'50000617:Kaplan', 23.0]
check 'MNGP102_YEAR_2018' 'MNGP102'
processXLS: only for SEM2 [u'MNGP102_YEAR_2018', u'MNGP102_YEAR_2017', u'MNGP102', u'MANAGEMENT PRACTICE I', u'BHEMC1', u'BH: EMERGENCY MEDICAL CARE', u'11', u'YEAR', u'D1', u'Durban Campus Full-time', u'A', u'50000617:Kaplan', 23.0]
[u'', u'', u'', u'', u'', u'', u'', u'', u'', u'', u'', u'', u'']
check '' ''
[u'MPRD101_YEAR_2018', u'MPRD101_YEAR_2017', u'MPRD101', u'MANAGEMENT PRINCIPLES AND PRACTICE I', u'BTRDD1', u'BT: RADIOGRAPHY: DIAGNOSTIC', u'11', u'YEAR', u'D3', u'Durban Campus Part-time', u'A', u'50031416:THOMPSON', 47.0]
check 'MPRD101_YEAR_2018' 'MPRD101'
processXLS: only for SEM2 [u'MPRD101_YEAR_2018', u'MPRD101_YEAR_2017', u'MPRD101', u'MANAGEMENT PRINCIPLES AND PRACTICE I', u'BTRDD1', u'BT: RADIOGRAPHY: DIAGNOSTIC', u'11', u'YEAR', u'D3', u'Durban Campus Part-time', u'A', u'50031416:THOMPSON', 47.0]
[u'MPRD101_YEAR_2018', u'MPRD101_YEAR_2017', u'MPRD101', u'MANAGEMENT PRINCIPLES AND PRACTICE I', u'BTRDN1', u'BT: RADIOGRAPHY: NUCLEAR MEDICINE', u'11', u'YEAR', u'D3', u'Durban Campus Part-time', u'A', u'50031416:THOMPSON', 2.0]
check 'MPRD101_YEAR_2018' 'MPRD101'
processXLS: only for SEM2 [u'MPRD101_YEAR_2018', u'MPRD101_YEAR_2017', u'MPRD101', u'MANAGEMENT PRINCIPLES AND PRACTICE I', u'BTRDN1', u'BT: RADIOGRAPHY: NUCLEAR MEDICINE', u'11', u'YEAR', u'D3', u'Durban Campus Part-time', u'A', u'50031416:THOMPSON', 2.0]
[u'MPRD101_YEAR_2018', u'MPRD101_YEAR_2017', u'MPRD101', u'MANAGEMENT PRINCIPLES AND PRACTICE I', u'BTRDT1', u'BT: RADIOGRAPHY: THERAPY', u'11', u'YEAR', u'D3', u'Durban Campus Part-time', u'A', u'50031416:THOMPSON', 5.0]
check 'MPRD101_YEAR_2018' 'MPRD101'
processXLS: only for SEM2 [u'MPRD101_YEAR_2018', u'MPRD101_YEAR_2017', u'MPRD101', u'MANAGEMENT PRINCIPLES AND PRACTICE I', u'BTRDT1', u'BT: RADIOGRAPHY: THERAPY', u'11', u'YEAR', u'D3', u'Durban Campus Part-time', u'A', u'50031416:THOMPSON', 5.0]
[u'MPRD101_YEAR_2018', u'MPRD101_YEAR_2017', u'MPRD101', u'MANAGEMENT PRINCIPLES AND PRACTICE I', u'BTRDU1', u'BT: RADIOGRAPHY: ULTRASOUND', u'11', u'YEAR', u'D3', u'Durban Campus Part-time', u'A', u'50031416:THOMPSON', 9.0]
check 'MPRD101_YEAR_2018' 'MPRD101'
processXLS: only for SEM2 [u'MPRD101_YEAR_2018', u'MPRD101_YEAR_2017', u'MPRD101', u'MANAGEMENT PRINCIPLES AND PRACTICE I', u'BTRDU1', u'BT: RADIOGRAPHY: ULTRASOUND', u'11', u'YEAR', u'D3', u'Durban Campus Part-time', u'A', u'50031416:THOMPSON', 9.0]
[u'', u'', u'', u'', u'', u'', u'', u'', u'', u'', u'', u'', u'']
check '' ''
[u'PRMG101_SEM1_2018', u'PRMG101_SEM1_2017', u'PRMG101', u'PRINCIPLES OF MANAGEMENT I', u'BTCLT1', u'BT: CLINICAL TECHNOLOGY', u'21', u'SEMESTER 1', u'D3', u'Durban Campus Part-time', u'A', u'40000252:MOORLEY', 3.0]
check 'PRMG101_SEM1_2018' 'PRMG101'
processXLS: only for SEM2 [u'PRMG101_SEM1_2018', u'PRMG101_SEM1_2017', u'PRMG101', u'PRINCIPLES OF MANAGEMENT I', u'BTCLT1', u'BT: CLINICAL TECHNOLOGY', u'21', u'SEMESTER 1', u'D3', u'Durban Campus Part-time', u'A', u'40000252:MOORLEY', 3.0]
[u'', u'', u'', u'', u'', u'', u'', u'', u'', u'', u'', u'', u'']
check '' ''
[u'PRMG102_SEM1_2018', u'PRMG102_SEM1_2017', u'PRMG102', u'PRINCIPLES OF MANAGEMENT', u'BTCLT2', u'BT: CLINICAL TECHNOLOGY', u'21', u'SEMESTER 1', u'D1', u'Durban Campus Full-time', u'A', u'40000252:MOORLEY', 3.0]
check 'PRMG102_SEM1_2018' 'PRMG102'
processXLS: only for SEM2 [u'PRMG102_SEM1_2018', u'PRMG102_SEM1_2017', u'PRMG102', u'PRINCIPLES OF MANAGEMENT', u'BTCLT2', u'BT: CLINICAL TECHNOLOGY', u'21', u'SEMESTER 1', u'D1', u'Durban Campus Full-time', u'A', u'40000252:MOORLEY', 3.0]
[u'PRMG102_SEM1_2018', u'PRMG102_SEM1_2017', u'PRMG102', u'PRINCIPLES OF MANAGEMENT', u'BTCLT2', u'BT: CLINICAL TECHNOLOGY', u'21', u'SEMESTER 1', u'D3', u'Durban Campus Part-time', u'A', u'40000252:MOORLEY', 38.0]
check 'PRMG102_SEM1_2018' 'PRMG102'
processXLS: only for SEM2 [u'PRMG102_SEM1_2018', u'PRMG102_SEM1_2017', u'PRMG102', u'PRINCIPLES OF MANAGEMENT', u'BTCLT2', u'BT: CLINICAL TECHNOLOGY', u'21', u'SEMESTER 1', u'D3', u'Durban Campus Part-time', u'A', u'40000252:MOORLEY', 38.0]
[u'', u'', u'', u'', u'', u'', u'', u'', u'', u'', u'', u'', u'']
check '' ''
[u'BAMN202_SEM1_2018', u'BAMN202_SEM1_2017', u'BAMN202', u'BUSINESS ADMINISTRATION: MANAGEMENT II', u'NDMTS1', u'ND: MARITIME STUDIES', u'21', u'SEMESTER 1', u'D1', u'Durban Campus Full-time', u'A', u'40002114:PILLAY', 38.0]
check 'BAMN202_SEM1_2018' 'BAMN202'
processXLS: only for SEM2 [u'BAMN202_SEM1_2018', u'BAMN202_SEM1_2017', u'BAMN202', u'BUSINESS ADMINISTRATION: MANAGEMENT II', u'NDMTS1', u'ND: MARITIME STUDIES', u'21', u'SEMESTER 1', u'D1', u'Durban Campus Full-time', u'A', u'40002114:PILLAY', 38.0]
[u'', u'', u'', u'', u'', u'', u'', u'', u'', u'', u'', u'', u'']
check '' ''
[u'BMGR201_YEAR_2018', u'BMGR201_YEAR_2017', u'BMGR201', u'BUSINESS MANAGEMENT II', u'NDRBM1', u'ND: RETAIL BUSINESS MANAGEMENT', u'11', u'YEAR', u'D1', u'Durban Campus Full-time', u'A', u'40005048:GOVENDER', 77.0]
check 'BMGR201_YEAR_2018' 'BMGR201'
processXLS: only for SEM2 [u'BMGR201_YEAR_2018', u'BMGR201_YEAR_2017', u'BMGR201', u'BUSINESS MANAGEMENT II', u'NDRBM1', u'ND: RETAIL BUSINESS MANAGEMENT', u'11', u'YEAR', u'D1', u'Durban Campus Full-time', u'A', u'40005048:GOVENDER', 77.0]
[u'', u'', u'', u'', u'', u'', u'', u'', u'', u'', u'', u'', u'']
check '' ''
[u'BMGT201_YEAR_2018', u'BMGT201_YEAR_2017', u'BMGT201', u'BUSINESS MANAGEMENT II', u'NDHRM1', u'ND: HUMAN RESOURCES MANAGEMENT', u'11', u'YEAR', u'D1', u'Durban Campus Full-time', u'A', u'50000770:SCHOFIELD;40003666:RAUTENBACH;40011991:MBELE;40011996:DLADLA', 150.0]
check 'BMGT201_YEAR_2018' 'BMGT201'
processXLS: only for SEM2 [u'BMGT201_YEAR_2018', u'BMGT201_YEAR_2017', u'BMGT201', u'BUSINESS MANAGEMENT II', u'NDHRM1', u'ND: HUMAN RESOURCES MANAGEMENT', u'11', u'YEAR', u'D1', u'Durban Campus Full-time', u'A', u'50000770:SCHOFIELD;40003666:RAUTENBACH;40011991:MBELE;40011996:DLADLA', 150.0]
[u'BMGT201_YEAR_2018', u'BMGT201_YEAR_2017', u'BMGT201', u'BUSINESS MANAGEMENT II', u'NDHRM1', u'ND: HUMAN RESOURCES MANAGEMENT', u'11', u'YEAR', u'D3', u'Durban Campus Part-time', u'A', u'50000770:SCHOFIELD;40003666:RAUTENBACH;40011991:MBELE;40011996:DLADLA', 50.0]
check 'BMGT201_YEAR_2018' 'BMGT201'
processXLS: only for SEM2 [u'BMGT201_YEAR_2018', u'BMGT201_YEAR_2017', u'BMGT201', u'BUSINESS MANAGEMENT II', u'NDHRM1', u'ND: HUMAN RESOURCES MANAGEMENT', u'11', u'YEAR', u'D3', u'Durban Campus Part-time', u'A', u'50000770:SCHOFIELD;40003666:RAUTENBACH;40011991:MBELE;40011996:DLADLA', 50.0]
[u'BMGT201_YEAR_2018', u'BMGT201_YEAR_2017', u'BMGT201', u'BUSINESS MANAGEMENT II', u'NDHRM1', u'ND: HUMAN RESOURCES MANAGEMENT', u'11', u'YEAR', u'D3', u'Durban Campus Part-time', u'9', u'50000770:SCHOFIELD;40003666:RAUTENBACH;40011991:MBELE;40011996:DLADLA', 1.0]
check 'BMGT201_YEAR_2018' 'BMGT201'
processXLS: only for SEM2 [u'BMGT201_YEAR_2018', u'BMGT201_YEAR_2017', u'BMGT201', u'BUSINESS MANAGEMENT II', u'NDHRM1', u'ND: HUMAN RESOURCES MANAGEMENT', u'11', u'YEAR', u'D3', u'Durban Campus Part-time', u'9', u'50000770:SCHOFIELD;40003666:RAUTENBACH;40011991:MBELE;40011996:DLADLA', 1.0]
[u'', u'', u'', u'', u'', u'', u'', u'', u'', u'', u'', u'', u'']
check '' ''
[u'CMFA201_YEAR_2018', u'CMFA201_YEAR_2017', u'CMFA201', u'COMMUNICATION II', u'NDFAF1', u'ND: FINE ART (4 YEARS)', u'11', u'YEAR', u'D1', u'Durban Campus Full-time', u'A', u'50002482:BRADY', 2.0]
check 'CMFA201_YEAR_2018' 'CMFA201'
processXLS: only for SEM2 [u'CMFA201_YEAR_2018', u'CMFA201_YEAR_2017', u'CMFA201', u'COMMUNICATION II', u'NDFAF1', u'ND: FINE ART (4 YEARS)', u'11', u'YEAR', u'D1', u'Durban Campus Full-time', u'A', u'50002482:BRADY', 2.0]
[u'CMFA201_YEAR_2018', u'CMFA201_YEAR_2017', u'CMFA201', u'COMMUNICATION II', u'NDFAR2', u'ND: FINE ART', u'11', u'YEAR', u'D1', u'Durban Campus Full-time', u'A', u'50002482:BRADY', 14.0]
check 'CMFA201_YEAR_2018' 'CMFA201'
processXLS: only for SEM2 [u'CMFA201_YEAR_2018', u'CMFA201_YEAR_2017', u'CMFA201', u'COMMUNICATION II', u'NDFAR2', u'ND: FINE ART', u'11', u'YEAR', u'D1', u'Durban Campus Full-time', u'A', u'50002482:BRADY', 14.0]
[u'', u'', u'', u'', u'', u'', u'', u'', u'', u'', u'', u'', u'']
check '' ''
[u'ENTR201_YEAR_2018', u'ENTR201_YEAR_2017', u'ENTR201', u'ENTREPRENEURSHIP II', u'BTTIP1', u'BT: TRANSLATION & INTERPRETING PRACT', u'11', u'YEAR', u'D1', u'Durban Campus Full-time', u'A', u'40003666:RAUTENBACH', 15.0]
check 'ENTR201_YEAR_2018' 'ENTR201'
processXLS: only for SEM2 [u'ENTR201_YEAR_2018', u'ENTR201_YEAR_2017', u'ENTR201', u'ENTREPRENEURSHIP II', u'BTTIP1', u'BT: TRANSLATION & INTERPRETING PRACT', u'11', u'YEAR', u'D1', u'Durban Campus Full-time', u'A', u'40003666:RAUTENBACH', 15.0]
[u'', u'', u'', u'', u'', u'', u'', u'', u'', u'', u'', u'', u'']
check '' ''
[u'MGNT201_YEAR_2018', u'MGNT201_YEAR_2017', u'MGNT201', u'MANAGEMENT II', u'NDMNG1', u'ND: MANAGEMENT', u'11', u'YEAR', u'D1', u'Durban Campus Full-time', u'A', u'40004657:MAOME;40002114:PILLAY', 116.0]
check 'MGNT201_YEAR_2018' 'MGNT201'
processXLS: only for SEM2 [u'MGNT201_YEAR_2018', u'MGNT201_YEAR_2017', u'MGNT201', u'MANAGEMENT II', u'NDMNG1', u'ND: MANAGEMENT', u'11', u'YEAR', u'D1', u'Durban Campus Full-time', u'A', u'40004657:MAOME;40002114:PILLAY', 116.0]
[u'', u'', u'', u'', u'', u'', u'', u'', u'', u'', u'', u'', u'']
check '' ''
[u'PPMN201_YEAR_2018', u'PPMN201_YEAR_2017', u'PPMN201', u'PRODUCTION AND PURCHASING MANAGEMENT II', u'BTBAD1', u'BT: BUSINESS ADMINISTRATION', u'11', u'YEAR', u'D3', u'Durban Campus Part-time', u'A', u'40013152:GUSTAVE', 91.0]
check 'PPMN201_YEAR_2018' 'PPMN201'
processXLS: only for SEM2 [u'PPMN201_YEAR_2018', u'PPMN201_YEAR_2017', u'PPMN201', u'PRODUCTION AND PURCHASING MANAGEMENT II', u'BTBAD1', u'BT: BUSINESS ADMINISTRATION', u'11', u'YEAR', u'D3', u'Durban Campus Part-time', u'A', u'40013152:GUSTAVE', 91.0]
[u'', u'', u'', u'', u'', u'', u'', u'', u'', u'', u'', u'', u'']
check '' ''
[u'RMMN201_YEAR_2018', u'RMMN201_YEAR_2017', u'RMMN201', u'RESEARCH METHODOLOGY', u'BTBAD1', u'BT: BUSINESS ADMINISTRATION', u'11', u'YEAR', u'D3', u'Durban Campus Part-time', u'A', u'40010267:MUTANDA;40013152:GUSTAVE', 86.0]
check 'RMMN201_YEAR_2018' 'RMMN201'
processXLS: only for SEM2 [u'RMMN201_YEAR_2018', u'RMMN201_YEAR_2017', u'RMMN201', u'RESEARCH METHODOLOGY', u'BTBAD1', u'BT: BUSINESS ADMINISTRATION', u'11', u'YEAR', u'D3', u'Durban Campus Part-time', u'A', u'40010267:MUTANDA;40013152:GUSTAVE', 86.0]
[u'RMMN201_YEAR_2018', u'RMMN201_YEAR_2017', u'RMMN201', u'RESEARCH METHODOLOGY', u'BTMNG1', u'BT: MANAGEMENT', u'11', u'YEAR', u'D1', u'Durban Campus Full-time', u'A', u'40010267:MUTANDA;40013152:GUSTAVE', 32.0]
check 'RMMN201_YEAR_2018' 'RMMN201'
processXLS: only for SEM2 [u'RMMN201_YEAR_2018', u'RMMN201_YEAR_2017', u'RMMN201', u'RESEARCH METHODOLOGY', u'BTMNG1', u'BT: MANAGEMENT', u'11', u'YEAR', u'D1', u'Durban Campus Full-time', u'A', u'40010267:MUTANDA;40013152:GUSTAVE', 32.0]
[u'RMMN201_YEAR_2018', u'RMMN201_YEAR_2017', u'RMMN201', u'RESEARCH METHODOLOGY', u'BTMNG1', u'BT: MANAGEMENT', u'11', u'YEAR', u'D3', u'Durban Campus Part-time', u'A', u'40010267:MUTANDA;40013152:GUSTAVE', 19.0]
check 'RMMN201_YEAR_2018' 'RMMN201'
processXLS: only for SEM2 [u'RMMN201_YEAR_2018', u'RMMN201_YEAR_2017', u'RMMN201', u'RESEARCH METHODOLOGY', u'BTMNG1', u'BT: MANAGEMENT', u'11', u'YEAR', u'D3', u'Durban Campus Part-time', u'A', u'40010267:MUTANDA;40013152:GUSTAVE', 19.0]
[u'', u'', u'', u'', u'', u'', u'', u'', u'', u'', u'', u'', u'']
check '' ''
[u'BMGR301_YEAR_2018', u'BMGR301_YEAR_2017', u'BMGR301', u'BUSINESS MANAGEMENT III', u'NDRBM1', u'ND: RETAIL BUSINESS MANAGEMENT', u'11', u'YEAR', u'D1', u'Durban Campus Full-time', u'A', u'50000770:SCHOFIELD', 53.0]
check 'BMGR301_YEAR_2018' 'BMGR301'
processXLS: only for SEM2 [u'BMGR301_YEAR_2018', u'BMGR301_YEAR_2017', u'BMGR301', u'BUSINESS MANAGEMENT III', u'NDRBM1', u'ND: RETAIL BUSINESS MANAGEMENT', u'11', u'YEAR', u'D1', u'Durban Campus Full-time', u'A', u'50000770:SCHOFIELD', 53.0]
[u'', u'', u'', u'', u'', u'', u'', u'', u'', u'', u'', u'', u'']
check '' ''
[u'BMGT301_YEAR_2018', u'BMGT301_YEAR_2017', u'BMGT301', u'BUSINESS MANAGEMENT III', u'NDHRM1', u'ND: HUMAN RESOURCES MANAGEMENT', u'11', u'YEAR', u'D1', u'Durban Campus Full-time', u'A', u'40000263:OJAGEER;40013152:GUSTAVE', 134.0]
check 'BMGT301_YEAR_2018' 'BMGT301'
processXLS: only for SEM2 [u'BMGT301_YEAR_2018', u'BMGT301_YEAR_2017', u'BMGT301', u'BUSINESS MANAGEMENT III', u'NDHRM1', u'ND: HUMAN RESOURCES MANAGEMENT', u'11', u'YEAR', u'D1', u'Durban Campus Full-time', u'A', u'40000263:OJAGEER;40013152:GUSTAVE', 134.0]
[u'BMGT301_YEAR_2018', u'BMGT301_YEAR_2017', u'BMGT301', u'BUSINESS MANAGEMENT III', u'NDHRM1', u'ND: HUMAN RESOURCES MANAGEMENT', u'11', u'YEAR', u'D3', u'Durban Campus Part-time', u'A', u'40000263:OJAGEER;40013152:GUSTAVE', 39.0]
check 'BMGT301_YEAR_2018' 'BMGT301'
processXLS: only for SEM2 [u'BMGT301_YEAR_2018', u'BMGT301_YEAR_2017', u'BMGT301', u'BUSINESS MANAGEMENT III', u'NDHRM1', u'ND: HUMAN RESOURCES MANAGEMENT', u'11', u'YEAR', u'D3', u'Durban Campus Part-time', u'A', u'40000263:OJAGEER;40013152:GUSTAVE', 39.0]
[u'', u'', u'', u'', u'', u'', u'', u'', u'', u'', u'', u'', u'']
check '' ''
[u'HPRM301_YEAR_2018', u'HPRM301_YEAR_2017', u'HPRM301', u'HORTICULTURAL PRODUCTION MANAGEMENT III', u'NDHRT2', u'ND: HORTICULTURE', u'11', u'YEAR', u'D1', u'Durban Campus Full-time', u'A', u'50002482:BRADY', 34.0]
check 'HPRM301_YEAR_2018' 'HPRM301'
processXLS: only for SEM2 [u'HPRM301_YEAR_2018', u'HPRM301_YEAR_2017', u'HPRM301', u'HORTICULTURAL PRODUCTION MANAGEMENT III', u'NDHRT2', u'ND: HORTICULTURE', u'11', u'YEAR', u'D1', u'Durban Campus Full-time', u'A', u'50002482:BRADY', 34.0]
[u'HPRM301_YEAR_2018', u'HPRM301_YEAR_2017', u'HPRM301', u'HORTICULTURAL PRODUCTION MANAGEMENT III', u'NDHTF1', u'ND: HORTICULTURE (4 YEARS)', u'11', u'YEAR', u'D1', u'Durban Campus Full-time', u'A', u'50002482:BRADY', 11.0]
check 'HPRM301_YEAR_2018' 'HPRM301'
processXLS: only for SEM2 [u'HPRM301_YEAR_2018', u'HPRM301_YEAR_2017', u'HPRM301', u'HORTICULTURAL PRODUCTION MANAGEMENT III', u'NDHTF1', u'ND: HORTICULTURE (4 YEARS)', u'11', u'YEAR', u'D1', u'Durban Campus Full-time', u'A', u'50002482:BRADY', 11.0]
[u'', u'', u'', u'', u'', u'', u'', u'', u'', u'', u'', u'', u'']
check '' ''
[u'MGNT301_YEAR_2018', u'MGNT301_YEAR_2017', u'MGNT301', u'MANAGEMENT III', u'NDMNG1', u'ND: MANAGEMENT', u'11', u'YEAR', u'D1', u'Durban Campus Full-time', u'A', u'50000617:KAPLAN', 74.0]
check 'MGNT301_YEAR_2018' 'MGNT301'
processXLS: only for SEM2 [u'MGNT301_YEAR_2018', u'MGNT301_YEAR_2017', u'MGNT301', u'MANAGEMENT III', u'NDMNG1', u'ND: MANAGEMENT', u'11', u'YEAR', u'D1', u'Durban Campus Full-time', u'A', u'50000617:KAPLAN', 74.0]
[u'', u'', u'', u'', u'', u'', u'', u'', u'', u'', u'', u'', u'']
check '' ''
[u'ORMN311_SEM1_2018', u'ORMN311_SEM1_2017', u'ORMN311', u'ORGANISATIONAL MANAGEMENT III (MODULE 1)', u'NDCAF1', u'ND: COST & MANAGEMENT ACCT (4 YEARS)', u'21', u'SEMESTER 1', u'D1', u'Durban Campus Full-time', u'A', u'40000263:OJAGEER;40008271:ZONDO', 4.0]
check 'ORMN311_SEM1_2018' 'ORMN311'
processXLS: only for SEM2 [u'ORMN311_SEM1_2018', u'ORMN311_SEM1_2017', u'ORMN311', u'ORGANISATIONAL MANAGEMENT III (MODULE 1)', u'NDCAF1', u'ND: COST & MANAGEMENT ACCT (4 YEARS)', u'21', u'SEMESTER 1', u'D1', u'Durban Campus Full-time', u'A', u'40000263:OJAGEER;40008271:ZONDO', 4.0]
[u'ORMN311_SEM1_2018', u'ORMN311_SEM1_2017', u'ORMN311', u'ORGANISATIONAL MANAGEMENT III (MODULE 1)', u'NDCAF2', u'ND: COST & MANAGEMENT ACCT (4 YEARS)', u'21', u'SEMESTER 1', u'D1', u'Durban Campus Full-time', u'A', u'40000263:OJAGEER;40008271:ZONDO', 28.0]
check 'ORMN311_SEM1_2018' 'ORMN311'
processXLS: only for SEM2 [u'ORMN311_SEM1_2018', u'ORMN311_SEM1_2017', u'ORMN311', u'ORGANISATIONAL MANAGEMENT III (MODULE 1)', u'NDCAF2', u'ND: COST & MANAGEMENT ACCT (4 YEARS)', u'21', u'SEMESTER 1', u'D1', u'Durban Campus Full-time', u'A', u'40000263:OJAGEER;40008271:ZONDO', 28.0]
[u'ORMN311_SEM1_2018', u'ORMN311_SEM1_2017', u'ORMN311', u'ORGANISATIONAL MANAGEMENT III (MODULE 1)', u'NDCMA3', u'ND: COST AND MANAGEMENT ACCOUNTING', u'21', u'SEMESTER 1', u'D1', u'Durban Campus Full-time', u'A', u'40000263:OJAGEER;40008271:ZONDO', 166.0]
check 'ORMN311_SEM1_2018' 'ORMN311'
processXLS: only for SEM2 [u'ORMN311_SEM1_2018', u'ORMN311_SEM1_2017', u'ORMN311', u'ORGANISATIONAL MANAGEMENT III (MODULE 1)', u'NDCMA3', u'ND: COST AND MANAGEMENT ACCOUNTING', u'21', u'SEMESTER 1', u'D1', u'Durban Campus Full-time', u'A', u'40000263:OJAGEER;40008271:ZONDO', 166.0]
[u'ORMN311_SEM1_2018', u'ORMN311_SEM1_2017', u'ORMN311', u'ORGANISATIONAL MANAGEMENT III (MODULE 1)', u'NDCMA3', u'ND: COST AND MANAGEMENT ACCOUNTING', u'21', u'SEMESTER 1', u'D3', u'Durban Campus Part-time', u'A', u'40000263:OJAGEER;40008271:ZONDO', 7.0]
check 'ORMN311_SEM1_2018' 'ORMN311'
processXLS: only for SEM2 [u'ORMN311_SEM1_2018', u'ORMN311_SEM1_2017', u'ORMN311', u'ORGANISATIONAL MANAGEMENT III (MODULE 1)', u'NDCMA3', u'ND: COST AND MANAGEMENT ACCOUNTING', u'21', u'SEMESTER 1', u'D3', u'Durban Campus Part-time', u'A', u'40000263:OJAGEER;40008271:ZONDO', 7.0]
[u'', u'', u'', u'', u'', u'', u'', u'', u'', u'', u'', u'', u'']
check '' ''
[u'FMGT403_YEAR_2018', u'FMGT403_YEAR_2017', u'FMGT403', u'FINANCIAL MANAGEMENT IV', u'BTBAD1', u'BT: BUSINESS ADMINISTRATION', u'11', u'YEAR', u'D3', u'Durban Campus Part-time', u'A', u'40008976:ZUNCKEL', 83.0]
check 'FMGT403_YEAR_2018' 'FMGT403'
processXLS: only for SEM2 [u'FMGT403_YEAR_2018', u'FMGT403_YEAR_2017', u'FMGT403', u'FINANCIAL MANAGEMENT IV', u'BTBAD1', u'BT: BUSINESS ADMINISTRATION', u'11', u'YEAR', u'D3', u'Durban Campus Part-time', u'A', u'40008976:ZUNCKEL', 83.0]
[u'FMGT403_YEAR_2018', u'FMGT403_YEAR_2017', u'FMGT403', u'FINANCIAL MANAGEMENT IV', u'NODIP6', u'NON-DIPLOMA PURPOSE (MAN SC)', u'11', u'YEAR', u'D8', u'DBN PART-TIME NON-SUBSIDISED', u'A', u'40008976:ZUNCKEL', 2.0]
check 'FMGT403_YEAR_2018' 'FMGT403'
processXLS: only for SEM2 [u'FMGT403_YEAR_2018', u'FMGT403_YEAR_2017', u'FMGT403', u'FINANCIAL MANAGEMENT IV', u'NODIP6', u'NON-DIPLOMA PURPOSE (MAN SC)', u'11', u'YEAR', u'D8', u'DBN PART-TIME NON-SUBSIDISED', u'A', u'40008976:ZUNCKEL', 2.0]
[u'', u'', u'', u'', u'', u'', u'', u'', u'', u'', u'', u'', u'']
check '' ''
[u'INTM401_SEM1_2018', u'INTM401_SEM1_2017', u'INTM401', u'INFORMATION AND TECHNOLOGY MANAGEMENT IV', u'BTINF2', u'BT: INFORMATION TECHNOLOGY', u'21', u'SEMESTER 1', u'D1', u'Durban Campus Full-time', u'A', u'40000252:MOORLEY', 78.0]
check 'INTM401_SEM1_2018' 'INTM401'
processXLS: only for SEM2 [u'INTM401_SEM1_2018', u'INTM401_SEM1_2017', u'INTM401', u'INFORMATION AND TECHNOLOGY MANAGEMENT IV', u'BTINF2', u'BT: INFORMATION TECHNOLOGY', u'21', u'SEMESTER 1', u'D1', u'Durban Campus Full-time', u'A', u'40000252:MOORLEY', 78.0]
[u'INTM401_SEM1_2018', u'INTM401_SEM1_2017', u'INTM401', u'INFORMATION AND TECHNOLOGY MANAGEMENT IV', u'BTINF2', u'BT: INFORMATION TECHNOLOGY', u'21', u'SEMESTER 1', u'D3', u'Durban Campus Part-time', u'A', u'40000252:MOORLEY', 18.0]
check 'INTM401_SEM1_2018' 'INTM401'
processXLS: only for SEM2 [u'INTM401_SEM1_2018', u'INTM401_SEM1_2017', u'INTM401', u'INFORMATION AND TECHNOLOGY MANAGEMENT IV', u'BTINF2', u'BT: INFORMATION TECHNOLOGY', u'21', u'SEMESTER 1', u'D3', u'Durban Campus Part-time', u'A', u'40000252:MOORLEY', 18.0]
[u'', u'', u'', u'', u'', u'', u'', u'', u'', u'', u'', u'', u'']
check '' ''
[u'MGNT401_YEAR_2018', u'MGNT401_YEAR_2017', u'MGNT401', u'MANAGEMENT IV', u'BTMNG1', u'BT: MANAGEMENT', u'11', u'YEAR', u'D1', u'Durban Campus Full-time', u'A', u'50031416:THOMPSON;40009064:RAJKUMAR;40012830:BAHADUR', 31.0]
check 'MGNT401_YEAR_2018' 'MGNT401'
processXLS: only for SEM2 [u'MGNT401_YEAR_2018', u'MGNT401_YEAR_2017', u'MGNT401', u'MANAGEMENT IV', u'BTMNG1', u'BT: MANAGEMENT', u'11', u'YEAR', u'D1', u'Durban Campus Full-time', u'A', u'50031416:THOMPSON;40009064:RAJKUMAR;40012830:BAHADUR', 31.0]
[u'MGNT401_YEAR_2018', u'MGNT401_YEAR_2017', u'MGNT401', u'MANAGEMENT IV', u'BTMNG1', u'BT: MANAGEMENT', u'11', u'YEAR', u'D3', u'Durban Campus Part-time', u'A', u'50031416:THOMPSON;40009064:RAJKUMAR;40012830:BAHADUR', 24.0]
check 'MGNT401_YEAR_2018' 'MGNT401'
processXLS: only for SEM2 [u'MGNT401_YEAR_2018', u'MGNT401_YEAR_2017', u'MGNT401', u'MANAGEMENT IV', u'BTMNG1', u'BT: MANAGEMENT', u'11', u'YEAR', u'D3', u'Durban Campus Part-time', u'A', u'50031416:THOMPSON;40009064:RAJKUMAR;40012830:BAHADUR', 24.0]
[u'MGNT401_YEAR_2018', u'MGNT401_YEAR_2017', u'MGNT401', u'MANAGEMENT IV', u'NODIP6', u'NON-DIPLOMA PURPOSE (MAN SC)', u'11', u'YEAR', u'D7', u'DBN FULL-TIME NON-SUBSIDISED', u'M', u'50031416:THOMPSON;40009064:RAJKUMAR;40012830:BAHADUR', 24.0]
check 'MGNT401_YEAR_2018' 'MGNT401'
processXLS: only for SEM2 [u'MGNT401_YEAR_2018', u'MGNT401_YEAR_2017', u'MGNT401', u'MANAGEMENT IV', u'NODIP6', u'NON-DIPLOMA PURPOSE (MAN SC)', u'11', u'YEAR', u'D7', u'DBN FULL-TIME NON-SUBSIDISED', u'M', u'50031416:THOMPSON;40009064:RAJKUMAR;40012830:BAHADUR', 24.0]
[u'', u'', u'', u'', u'', u'', u'', u'', u'', u'', u'', u'', u'']
check '' ''
[u'MPRC401_YEAR_2018', u'MPRC401_YEAR_2017', u'MPRC401', u'MANAGEMENT PRACTICE IV', u'BTBAD1', u'BT: BUSINESS ADMINISTRATION', u'11', u'YEAR', u'D3', u'Durban Campus Part-time', u'A', u'50031416:THOMPSON;40009064:RAJKUMAR', 78.0]
check 'MPRC401_YEAR_2018' 'MPRC401'
processXLS: only for SEM2 [u'MPRC401_YEAR_2018', u'MPRC401_YEAR_2017', u'MPRC401', u'MANAGEMENT PRACTICE IV', u'BTBAD1', u'BT: BUSINESS ADMINISTRATION', u'11', u'YEAR', u'D3', u'Durban Campus Part-time', u'A', u'50031416:THOMPSON;40009064:RAJKUMAR', 78.0]
[u'MPRC401_YEAR_2018', u'MPRC401_YEAR_2017', u'MPRC401', u'MANAGEMENT PRACTICE IV', u'BTPRM1', u'BT: PUBLIC RELATIONS MANAGEMENT', u'11', u'YEAR', u'D1', u'Durban Campus Full-time', u'A', u'50031416:THOMPSON;40009064:RAJKUMAR', 41.0]
check 'MPRC401_YEAR_2018' 'MPRC401'
processXLS: only for SEM2 [u'MPRC401_YEAR_2018', u'MPRC401_YEAR_2017', u'MPRC401', u'MANAGEMENT PRACTICE IV', u'BTPRM1', u'BT: PUBLIC RELATIONS MANAGEMENT', u'11', u'YEAR', u'D1', u'Durban Campus Full-time', u'A', u'50031416:THOMPSON;40009064:RAJKUMAR', 41.0]
[u'', u'', u'', u'', u'', u'', u'', u'', u'', u'', u'', u'', u'']
check '' ''
[u'RSBA511_YEAR_2018', u'RSBA511_YEAR_2017', u'RSBA511', u'RESEARCH (1ST REGISTRATION)', u'MMBAD1', u'M MANAGEMENT SCIENCES (BUS ADMIN)', u'P0', u'POST-GRAD ANNUAL REGISTRATIONS', u'D1', u'Durban Campus Full-time', u'A', u'50000617:Kaplan', 31.0]
check 'RSBA511_YEAR_2018' 'RSBA511'
processXLS: only for SEM2 [u'RSBA511_YEAR_2018', u'RSBA511_YEAR_2017', u'RSBA511', u'RESEARCH (1ST REGISTRATION)', u'MMBAD1', u'M MANAGEMENT SCIENCES (BUS ADMIN)', u'P0', u'POST-GRAD ANNUAL REGISTRATIONS', u'D1', u'Durban Campus Full-time', u'A', u'50000617:Kaplan', 31.0]
[u'RSBA511_YEAR_2018', u'RSBA511_YEAR_2017', u'RSBA511', u'RESEARCH (1ST REGISTRATION)', u'MMBAD1', u'M MANAGEMENT SCIENCES (BUS ADMIN)', u'P0', u'POST-GRAD ANNUAL REGISTRATIONS', u'D3', u'Durban Campus Part-time', u'A', u'50000617:Kaplan', 23.0]
check 'RSBA511_YEAR_2018' 'RSBA511'
processXLS: only for SEM2 [u'RSBA511_YEAR_2018', u'RSBA511_YEAR_2017', u'RSBA511', u'RESEARCH (1ST REGISTRATION)', u'MMBAD1', u'M MANAGEMENT SCIENCES (BUS ADMIN)', u'P0', u'POST-GRAD ANNUAL REGISTRATIONS', u'D3', u'Durban Campus Part-time', u'A', u'50000617:Kaplan', 23.0]
[u'', u'', u'', u'', u'', u'', u'', u'', u'', u'', u'', u'', u'']
check '' ''
[u'RSBA521_YEAR_2018', u'RSBA521_YEAR_2017', u'RSBA521', u'RESEARCH (2ND REGISTRATION)', u'MMBAD1', u'M MANAGEMENT SCIENCES (BUS ADMIN)', u'P0', u'POST-GRAD ANNUAL REGISTRATIONS', u'D1', u'Durban Campus Full-time', u'A', u'50000617:KAPLAN', 7.0]
check 'RSBA521_YEAR_2018' 'RSBA521'
processXLS: only for SEM2 [u'RSBA521_YEAR_2018', u'RSBA521_YEAR_2017', u'RSBA521', u'RESEARCH (2ND REGISTRATION)', u'MMBAD1', u'M MANAGEMENT SCIENCES (BUS ADMIN)', u'P0', u'POST-GRAD ANNUAL REGISTRATIONS', u'D1', u'Durban Campus Full-time', u'A', u'50000617:KAPLAN', 7.0]
[u'RSBA521_YEAR_2018', u'RSBA521_YEAR_2017', u'RSBA521', u'RESEARCH (2ND REGISTRATION)', u'MMBAD1', u'M MANAGEMENT SCIENCES (BUS ADMIN)', u'P0', u'POST-GRAD ANNUAL REGISTRATIONS', u'D3', u'Durban Campus Part-time', u'A', u'50000617:KAPLAN', 4.0]
check 'RSBA521_YEAR_2018' 'RSBA521'
processXLS: only for SEM2 [u'RSBA521_YEAR_2018', u'RSBA521_YEAR_2017', u'RSBA521', u'RESEARCH (2ND REGISTRATION)', u'MMBAD1', u'M MANAGEMENT SCIENCES (BUS ADMIN)', u'P0', u'POST-GRAD ANNUAL REGISTRATIONS', u'D3', u'Durban Campus Part-time', u'A', u'50000617:KAPLAN', 4.0]
[u'', u'', u'', u'', u'', u'', u'', u'', u'', u'', u'', u'', u'']
check '' ''
[u'RSBA531_YEAR_2018', u'RSBA531_YEAR_2017', u'RSBA531', u'RESEARCH (3RD REGISTRATION)', u'MMBAD1', u'M MANAGEMENT SCIENCES (BUS ADMIN)', u'P0', u'POST-GRAD ANNUAL REGISTRATIONS', u'D1', u'Durban Campus Full-time', u'A', u'50000617:Kaplan', 3.0]
check 'RSBA531_YEAR_2018' 'RSBA531'
processXLS: only for SEM2 [u'RSBA531_YEAR_2018', u'RSBA531_YEAR_2017', u'RSBA531', u'RESEARCH (3RD REGISTRATION)', u'MMBAD1', u'M MANAGEMENT SCIENCES (BUS ADMIN)', u'P0', u'POST-GRAD ANNUAL REGISTRATIONS', u'D1', u'Durban Campus Full-time', u'A', u'50000617:Kaplan', 3.0]
[u'RSBA531_YEAR_2018', u'RSBA531_YEAR_2017', u'RSBA531', u'RESEARCH (3RD REGISTRATION)', u'MMBAD1', u'M MANAGEMENT SCIENCES (BUS ADMIN)', u'P0', u'POST-GRAD ANNUAL REGISTRATIONS', u'D3', u'Durban Campus Part-time', u'A', u'50000617:Kaplan', 1.0]
check 'RSBA531_YEAR_2018' 'RSBA531'
processXLS: only for SEM2 [u'RSBA531_YEAR_2018', u'RSBA531_YEAR_2017', u'RSBA531', u'RESEARCH (3RD REGISTRATION)', u'MMBAD1', u'M MANAGEMENT SCIENCES (BUS ADMIN)', u'P0', u'POST-GRAD ANNUAL REGISTRATIONS', u'D3', u'Durban Campus Part-time', u'A', u'50000617:Kaplan', 1.0]
[u'', u'', u'', u'', u'', u'', u'', u'', u'', u'', u'', u'', u'']
check '' ''
[u'RPBA601_YEAR_2018', u'RPBA601_YEAR_2017', u'RPBA601', u'RESEARCH PROJECT AND DISSERTATION (1ST REGIST', u'DPBAD1', u'D PHIL MAN SCIENCES (BUS AD)', u'11', u'YEAR', u'D1', u'Durban Campus Full-time', u'A', u'50000617:KAPLAN', 12.0]
check 'RPBA601_YEAR_2018' 'RPBA601'
processXLS: only for SEM2 [u'RPBA601_YEAR_2018', u'RPBA601_YEAR_2017', u'RPBA601', u'RESEARCH PROJECT AND DISSERTATION (1ST REGIST', u'DPBAD1', u'D PHIL MAN SCIENCES (BUS AD)', u'11', u'YEAR', u'D1', u'Durban Campus Full-time', u'A', u'50000617:KAPLAN', 12.0]
[u'RPBA601_YEAR_2018', u'RPBA601_YEAR_2017', u'RPBA601', u'RESEARCH PROJECT AND DISSERTATION (1ST REGIST', u'DPBAD1', u'D PHIL MAN SCIENCES (BUS AD)', u'11', u'YEAR', u'D3', u'Durban Campus Part-time', u'A', u'50000617:KAPLAN', 4.0]
check 'RPBA601_YEAR_2018' 'RPBA601'
processXLS: only for SEM2 [u'RPBA601_YEAR_2018', u'RPBA601_YEAR_2017', u'RPBA601', u'RESEARCH PROJECT AND DISSERTATION (1ST REGIST', u'DPBAD1', u'D PHIL MAN SCIENCES (BUS AD)', u'11', u'YEAR', u'D3', u'Durban Campus Part-time', u'A', u'50000617:KAPLAN', 4.0]
[u'RPBA601_YEAR_2018', u'RPBA601_YEAR_2017', u'RPBA601', u'RESEARCH PROJECT AND DISSERTATION (1ST REGIST', u'DPBAD1', u'D PHIL MAN SCIENCES (BUS AD)', u'P0', u'POST-GRAD ANNUAL REGISTRATIONS', u'D3', u'Durban Campus Part-time', u'A', u'50000617:KAPLAN', 6.0]
check 'RPBA601_YEAR_2018' 'RPBA601'
processXLS: only for SEM2 [u'RPBA601_YEAR_2018', u'RPBA601_YEAR_2017', u'RPBA601', u'RESEARCH PROJECT AND DISSERTATION (1ST REGIST', u'DPBAD1', u'D PHIL MAN SCIENCES (BUS AD)', u'P0', u'POST-GRAD ANNUAL REGISTRATIONS', u'D3', u'Durban Campus Part-time', u'A', u'50000617:KAPLAN', 6.0]
[u'RPBA601_YEAR_2018', u'RPBA601_YEAR_2017', u'RPBA601', u'RESEARCH PROJECT AND DISSERTATION (1ST REGIST', u'DPLDS1', u'D PHIL MAN SCIENCES (LEADERSHIP)', u'P0', u'POST-GRAD ANNUAL REGISTRATIONS', u'D3', u'Durban Campus Part-time', u'A', u'50000617:KAPLAN', 1.0]
check 'RPBA601_YEAR_2018' 'RPBA601'
processXLS: only for SEM2 [u'RPBA601_YEAR_2018', u'RPBA601_YEAR_2017', u'RPBA601', u'RESEARCH PROJECT AND DISSERTATION (1ST REGIST', u'DPLDS1', u'D PHIL MAN SCIENCES (LEADERSHIP)', u'P0', u'POST-GRAD ANNUAL REGISTRATIONS', u'D3', u'Durban Campus Part-time', u'A', u'50000617:KAPLAN', 1.0]
[u'', u'', u'', u'', u'', u'', u'', u'', u'', u'', u'', u'', u'']
check '' ''
[u'RPBA611_YEAR_2018', u'RPBA611_YEAR_2017', u'RPBA611', u'RESEARCH PROJECT AND DISSERTATION (2ND REGIST', u'DPBAD1', u'D PHIL MAN SCIENCES (BUS AD)', u'11', u'YEAR', u'D1', u'Durban Campus Full-time', u'A', u'50000617:KAPLAN', 4.0]
check 'RPBA611_YEAR_2018' 'RPBA611'
processXLS: only for SEM2 [u'RPBA611_YEAR_2018', u'RPBA611_YEAR_2017', u'RPBA611', u'RESEARCH PROJECT AND DISSERTATION (2ND REGIST', u'DPBAD1', u'D PHIL MAN SCIENCES (BUS AD)', u'11', u'YEAR', u'D1', u'Durban Campus Full-time', u'A', u'50000617:KAPLAN', 4.0]
[u'RPBA611_YEAR_2018', u'RPBA611_YEAR_2017', u'RPBA611', u'RESEARCH PROJECT AND DISSERTATION (2ND REGIST', u'DPBAD1', u'D PHIL MAN SCIENCES (BUS AD)', u'11', u'YEAR', u'D3', u'Durban Campus Part-time', u'A', u'50000617:KAPLAN', 1.0]
check 'RPBA611_YEAR_2018' 'RPBA611'
processXLS: only for SEM2 [u'RPBA611_YEAR_2018', u'RPBA611_YEAR_2017', u'RPBA611', u'RESEARCH PROJECT AND DISSERTATION (2ND REGIST', u'DPBAD1', u'D PHIL MAN SCIENCES (BUS AD)', u'11', u'YEAR', u'D3', u'Durban Campus Part-time', u'A', u'50000617:KAPLAN', 1.0]
[u'RPBA611_YEAR_2018', u'RPBA611_YEAR_2017', u'RPBA611', u'RESEARCH PROJECT AND DISSERTATION (2ND REGIST', u'DPBAD1', u'D PHIL MAN SCIENCES (BUS AD)', u'P0', u'POST-GRAD ANNUAL REGISTRATIONS', u'D3', u'Durban Campus Part-time', u'A', u'50000617:KAPLAN', 2.0]
check 'RPBA611_YEAR_2018' 'RPBA611'
processXLS: only for SEM2 [u'RPBA611_YEAR_2018', u'RPBA611_YEAR_2017', u'RPBA611', u'RESEARCH PROJECT AND DISSERTATION (2ND REGIST', u'DPBAD1', u'D PHIL MAN SCIENCES (BUS AD)', u'P0', u'POST-GRAD ANNUAL REGISTRATIONS', u'D3', u'Durban Campus Part-time', u'A', u'50000617:KAPLAN', 2.0]
[u'', u'', u'', u'', u'', u'', u'', u'', u'', u'', u'', u'', u'']
check '' ''
[u'RPBA621_YEAR_2018', u'RPBA621_YEAR_2017', u'RPBA621', u'RESEARCH PROJECT AND DISSERTATION (3RD REGIST', u'DPBAD1', u'D PHIL MAN SCIENCES (BUS AD)', u'11', u'YEAR', u'D3', u'Durban Campus Part-time', u'A', u'50000617:KAPLAN', 3.0]
check 'RPBA621_YEAR_2018' 'RPBA621'
processXLS: only for SEM2 [u'RPBA621_YEAR_2018', u'RPBA621_YEAR_2017', u'RPBA621', u'RESEARCH PROJECT AND DISSERTATION (3RD REGIST', u'DPBAD1', u'D PHIL MAN SCIENCES (BUS AD)', u'11', u'YEAR', u'D3', u'Durban Campus Part-time', u'A', u'50000617:KAPLAN', 3.0]
[u'RPBA621_YEAR_2018', u'RPBA621_YEAR_2017', u'RPBA621', u'RESEARCH PROJECT AND DISSERTATION (3RD REGIST', u'DPBAD1', u'D PHIL MAN SCIENCES (BUS AD)', u'P0', u'POST-GRAD ANNUAL REGISTRATIONS', u'D3', u'Durban Campus Part-time', u'A', u'50000617:KAPLAN', 2.0]
check 'RPBA621_YEAR_2018' 'RPBA621'
processXLS: only for SEM2 [u'RPBA621_YEAR_2018', u'RPBA621_YEAR_2017', u'RPBA621', u'RESEARCH PROJECT AND DISSERTATION (3RD REGIST', u'DPBAD1', u'D PHIL MAN SCIENCES (BUS AD)', u'P0', u'POST-GRAD ANNUAL REGISTRATIONS', u'D3', u'Durban Campus Part-time', u'A', u'50000617:KAPLAN', 2.0]
[u'', u'', u'', u'', u'', u'', u'', u'', u'', u'', u'', u'', u'']
check '' ''
[u'RPDB611_YEAR_2018', u'RPDB611_YEAR_2017', u'RPDB611', u'RESEARCH PROJECT AND DISSERTATION (1ST REG)', u'DPBAD1', u'D PHIL MAN SCIENCES (BUS AD)', u'P0', u'POST-GRAD ANNUAL REGISTRATIONS', u'D1', u'Durban Campus Full-time', u'A', u'50000617:Kaplan', 13.0]
check 'RPDB611_YEAR_2018' 'RPDB611'
processXLS: only for SEM2 [u'RPDB611_YEAR_2018', u'RPDB611_YEAR_2017', u'RPDB611', u'RESEARCH PROJECT AND DISSERTATION (1ST REG)', u'DPBAD1', u'D PHIL MAN SCIENCES (BUS AD)', u'P0', u'POST-GRAD ANNUAL REGISTRATIONS', u'D1', u'Durban Campus Full-time', u'A', u'50000617:Kaplan', 13.0]
[u'RPDB611_YEAR_2018', u'RPDB611_YEAR_2017', u'RPDB611', u'RESEARCH PROJECT AND DISSERTATION (1ST REG)', u'DPBAD1', u'D PHIL MAN SCIENCES (BUS AD)', u'P0', u'POST-GRAD ANNUAL REGISTRATIONS', u'D3', u'Durban Campus Part-time', u'A', u'50000617:Kaplan', 13.0]
check 'RPDB611_YEAR_2018' 'RPDB611'
processXLS: only for SEM2 [u'RPDB611_YEAR_2018', u'RPDB611_YEAR_2017', u'RPDB611', u'RESEARCH PROJECT AND DISSERTATION (1ST REG)', u'DPBAD1', u'D PHIL MAN SCIENCES (BUS AD)', u'P0', u'POST-GRAD ANNUAL REGISTRATIONS', u'D3', u'Durban Campus Part-time', u'A', u'50000617:Kaplan', 13.0]
[u'', u'', u'', u'', u'', u'', u'', u'', u'', u'', u'', u'', u'']
check '' ''
[u'RPDB621_YEAR_2018', u'RPDB621_YEAR_2017', u'RPDB621', u'RESEARCH PROJECT AND DISSERTATION (2ND REG)', u'DPBAD1', u'D PHIL MAN SCIENCES (BUS AD)', u'P0', u'POST-GRAD ANNUAL REGISTRATIONS', u'D1', u'Durban Campus Full-time', u'A', u'50000617:Kaplan', 3.0]
check 'RPDB621_YEAR_2018' 'RPDB621'
processXLS: only for SEM2 [u'RPDB621_YEAR_2018', u'RPDB621_YEAR_2017', u'RPDB621', u'RESEARCH PROJECT AND DISSERTATION (2ND REG)', u'DPBAD1', u'D PHIL MAN SCIENCES (BUS AD)', u'P0', u'POST-GRAD ANNUAL REGISTRATIONS', u'D1', u'Durban Campus Full-time', u'A', u'50000617:Kaplan', 3.0]
[u'RPDB621_YEAR_2018', u'RPDB621_YEAR_2017', u'RPDB621', u'RESEARCH PROJECT AND DISSERTATION (2ND REG)', u'DPBAD1', u'D PHIL MAN SCIENCES (BUS AD)', u'P0', u'POST-GRAD ANNUAL REGISTRATIONS', u'D3', u'Durban Campus Part-time', u'A', u'50000617:Kaplan', 1.0]
check 'RPDB621_YEAR_2018' 'RPDB621'
processXLS: only for SEM2 [u'RPDB621_YEAR_2018', u'RPDB621_YEAR_2017', u'RPDB621', u'RESEARCH PROJECT AND DISSERTATION (2ND REG)', u'DPBAD1', u'D PHIL MAN SCIENCES (BUS AD)', u'P0', u'POST-GRAD ANNUAL REGISTRATIONS', u'D3', u'Durban Campus Part-time', u'A', u'50000617:Kaplan', 1.0]
[u'', u'', u'', u'', u'', u'', u'', u'', u'', u'', u'', u'', u'']
check '' ''
[u'RPDB631_YEAR_2018', u'RPDB631_YEAR_2017', u'RPDB631', u'RESEARCH PROJECT AND DISSERTATION (3RD REG)', u'DPBAD1', u'D PHIL MAN SCIENCES (BUS AD)', u'P0', u'POST-GRAD ANNUAL REGISTRATIONS', u'D1', u'Durban Campus Full-time', u'A', u'50000617:Kaplan', 3.0]
check 'RPDB631_YEAR_2018' 'RPDB631'
processXLS: only for SEM2 [u'RPDB631_YEAR_2018', u'RPDB631_YEAR_2017', u'RPDB631', u'RESEARCH PROJECT AND DISSERTATION (3RD REG)', u'DPBAD1', u'D PHIL MAN SCIENCES (BUS AD)', u'P0', u'POST-GRAD ANNUAL REGISTRATIONS', u'D1', u'Durban Campus Full-time', u'A', u'50000617:Kaplan', 3.0]
[u'RPDB631_YEAR_2018', u'RPDB631_YEAR_2017', u'RPDB631', u'RESEARCH PROJECT AND DISSERTATION (3RD REG)', u'DPBAD1', u'D PHIL MAN SCIENCES (BUS AD)', u'P0', u'POST-GRAD ANNUAL REGISTRATIONS', u'D3', u'Durban Campus Part-time', u'A', u'50000617:Kaplan', 2.0]
check 'RPDB631_YEAR_2018' 'RPDB631'
processXLS: only for SEM2 [u'RPDB631_YEAR_2018', u'RPDB631_YEAR_2017', u'RPDB631', u'RESEARCH PROJECT AND DISSERTATION (3RD REG)', u'DPBAD1', u'D PHIL MAN SCIENCES (BUS AD)', u'P0', u'POST-GRAD ANNUAL REGISTRATIONS', u'D3', u'Durban Campus Part-time', u'A', u'50000617:Kaplan', 2.0]
[u'', u'', u'', u'', u'', u'', u'', u'', u'', u'', u'', u'', u'']
check '' ''
[u'RPMN611_YEAR_2018', u'RPMN611_YEAR_2017', u'RPMN611', u'RESEARCH PROJECT AND DISSERTATION (IST REG)', u'DPMLC1', u'D PHIL MAN SCIENCES (L/SHIP & COMPLEXITY', u'P0', u'POST-GRAD ANNUAL REGISTRATIONS', u'D1', u'Durban Campus Full-time', u'A', u'50000617:KAPLAN', 19.0]
check 'RPMN611_YEAR_2018' 'RPMN611'
processXLS: only for SEM2 [u'RPMN611_YEAR_2018', u'RPMN611_YEAR_2017', u'RPMN611', u'RESEARCH PROJECT AND DISSERTATION (IST REG)', u'DPMLC1', u'D PHIL MAN SCIENCES (L/SHIP & COMPLEXITY', u'P0', u'POST-GRAD ANNUAL REGISTRATIONS', u'D1', u'Durban Campus Full-time', u'A', u'50000617:KAPLAN', 19.0]
[u'RPMN611_YEAR_2018', u'RPMN611_YEAR_2017', u'RPMN611', u'RESEARCH PROJECT AND DISSERTATION (IST REG)', u'DPMLC1', u'D PHIL MAN SCIENCES (L/SHIP & COMPLEXITY', u'P0', u'POST-GRAD ANNUAL REGISTRATIONS', u'D3', u'Durban Campus Part-time', u'A', u'50000617:KAPLAN', 7.0]
check 'RPMN611_YEAR_2018' 'RPMN611'
processXLS: only for SEM2 [u'RPMN611_YEAR_2018', u'RPMN611_YEAR_2017', u'RPMN611', u'RESEARCH PROJECT AND DISSERTATION (IST REG)', u'DPMLC1', u'D PHIL MAN SCIENCES (L/SHIP & COMPLEXITY', u'P0', u'POST-GRAD ANNUAL REGISTRATIONS', u'D3', u'Durban Campus Part-time', u'A', u'50000617:KAPLAN', 7.0]
[u'', u'', u'', u'', u'', u'', u'', u'', u'', u'', u'', u'', u'']
check '' ''
[u'RPMN621_YEAR_2018', u'RPMN621_YEAR_2017', u'RPMN621', u'RESEARCH PROJECT AND DISSERTATION (I2ND REG)', u'DPMLC1', u'D PHIL MAN SCIENCES (L/SHIP & COMPLEXITY', u'P0', u'POST-GRAD ANNUAL REGISTRATIONS', u'D1', u'Durban Campus Full-time', u'A', u'50000617:KAPLAN LV', 7.0]
check 'RPMN621_YEAR_2018' 'RPMN621'
processXLS: only for SEM2 [u'RPMN621_YEAR_2018', u'RPMN621_YEAR_2017', u'RPMN621', u'RESEARCH PROJECT AND DISSERTATION (I2ND REG)', u'DPMLC1', u'D PHIL MAN SCIENCES (L/SHIP & COMPLEXITY', u'P0', u'POST-GRAD ANNUAL REGISTRATIONS', u'D1', u'Durban Campus Full-time', u'A', u'50000617:KAPLAN LV', 7.0]
[u'RPMN621_YEAR_2018', u'RPMN621_YEAR_2017', u'RPMN621', u'RESEARCH PROJECT AND DISSERTATION (I2ND REG)', u'DPMLC1', u'D PHIL MAN SCIENCES (L/SHIP & COMPLEXITY', u'P0', u'POST-GRAD ANNUAL REGISTRATIONS', u'D3', u'Durban Campus Part-time', u'A', u'50000617:KAPLAN LV', 1.0]
check 'RPMN621_YEAR_2018' 'RPMN621'
processXLS: only for SEM2 [u'RPMN621_YEAR_2018', u'RPMN621_YEAR_2017', u'RPMN621', u'RESEARCH PROJECT AND DISSERTATION (I2ND REG)', u'DPMLC1', u'D PHIL MAN SCIENCES (L/SHIP & COMPLEXITY', u'P0', u'POST-GRAD ANNUAL REGISTRATIONS', u'D3', u'Durban Campus Part-time', u'A', u'50000617:KAPLAN LV', 1.0]
[u'', u'', u'', u'', u'', u'', u'', u'', u'', u'', u'', u'', u'']
check '' ''
[u'MGMT101_SEM1_2018', u'MGMT101_SEM1_2017', u'MGMT101', u'MGMT101: MANAGEMENT I 2017', u'DIMBS1', u'DIPLOMA IN BUSINESS ADMINISTRATION', 21.0, u'SEMESTER 1', u'D1', u'Durban Campus Full-time', u'A', u'40004657:MAOME', 1.0]
check 'MGMT101_SEM1_2018' 'MGMT101'
processXLS: only for SEM2 [u'MGMT101_SEM1_2018', u'MGMT101_SEM1_2017', u'MGMT101', u'MGMT101: MANAGEMENT I 2017', u'DIMBS1', u'DIPLOMA IN BUSINESS ADMINISTRATION', 21.0, u'SEMESTER 1', u'D1', u'Durban Campus Full-time', u'A', u'40004657:MAOME', 1.0]
[u'MNGM101__SEM1_2018', u'MNGM101__SEM1_2017', u'MNGM101', u'MNGM101:MANAGEMENT I 2017', u'DIMBL1', u'DIPLOMA IN BUSINESS LAW', 21.0, u'SEMESTER 1', u'D1', u'Durban Campus Full-time', u'A', u'40004657:MAOME', 1.0]
check 'MNGM101__SEM1_2018' 'MNGM101'
processXLS: only for SEM2 [u'MNGM101__SEM1_2018', u'MNGM101__SEM1_2017', u'MNGM101', u'MNGM101:MANAGEMENT I 2017', u'DIMBL1', u'DIPLOMA IN BUSINESS LAW', 21.0, u'SEMESTER 1', u'D1', u'Durban Campus Full-time', u'A', u'40004657:MAOME', 1.0]
[u'', u'', u'', u'', u'', u'', u'', u'', u'', u'', u'', u'', u'']
check '' ''
[u'ADMM101_SEM1_2018', u'ADMM101_SEM1_2017', u'ADMM101', u'ADMM101: ADMINISTRATIVE MANAGEMENT I 2017', u'DIMBS1', u'DIPLOMA IN BUSINESS ADMINISTRATION', 21.0, u'SEMESTER 1', u'D1', u'Durban Campus Full-time', u'A', u'50000770:SCHOFIELD;40002114:PILLAY', 2.0]
check 'ADMM101_SEM1_2018' 'ADMM101'
processXLS: only for SEM2 [u'ADMM101_SEM1_2018', u'ADMM101_SEM1_2017', u'ADMM101', u'ADMM101: ADMINISTRATIVE MANAGEMENT I 2017', u'DIMBS1', u'DIPLOMA IN BUSINESS ADMINISTRATION', 21.0, u'SEMESTER 1', u'D1', u'Durban Campus Full-time', u'A', u'50000770:SCHOFIELD;40002114:PILLAY', 2.0]
[u'', u'', u'', u'', u'', u'', u'', u'', u'', u'', u'', u'', u'']
check '' ''
[u'MNGM201_SEM2_2018', u'MNGM201_SEM2_2017', u'MNGM201', u'MNGM201: MANAGEMENT II 2017', u'DIMBL1', u'DIPLOMA IN BUSINESS LAW', 22.0, u'SEMESTER 2', u'D1', u'Durban Campus Full-time', u'A', u'50011269: BEEMSEN', 1.0]
check 'MNGM201_SEM2_2018' 'MNGM201'
processXLS: only for SEM2 [u'MNGM201_SEM2_2018', u'MNGM201_SEM2_2017', u'MNGM201', u'MNGM201: MANAGEMENT II 2017', u'DIMBL1', u'DIPLOMA IN BUSINESS LAW', 22.0, u'SEMESTER 2', u'D1', u'Durban Campus Full-time', u'A', u'50011269: BEEMSEN', 1.0]
[u'', u'', u'', u'', u'', u'', u'', u'', u'', u'', u'', u'', u'']
check '' ''
[u'ROMB201_SEM2_2018', u'ROMB201_SEM2_2017', u'ROMB201', u'ROMB201: RETAIL OPERATIONS MANAGEMENT 201(B) 2017', u'BIMRM1', u'DIPLOMA IN MANAGEMENT SCIENCE RETAIL', 22.0, u'SEMESTER 2', u'D1', u'Durban Campus Full-time', u'A', u'50000617:KAPLAN', 1.0]
check 'ROMB201_SEM2_2018' 'ROMB201'
processXLS: only for SEM2 [u'ROMB201_SEM2_2018', u'ROMB201_SEM2_2017', u'ROMB201', u'ROMB201: RETAIL OPERATIONS MANAGEMENT 201(B) 2017', u'BIMRM1', u'DIPLOMA IN MANAGEMENT SCIENCE RETAIL', 22.0, u'SEMESTER 2', u'D1', u'Durban Campus Full-time', u'A', u'50000617:KAPLAN', 1.0]
[u'', u'', u'', u'', u'', u'', u'', u'', u'', u'', u'', u'', u'']
check '' ''
[u'===APPEND===', u'', u'', u'', u'', u'', u'', u'', u'', u'', u'', u'', u'']
check '===APPEND===' ''
[u'2017 NEW SUBJECTS  Blackboard Classrooms for Department: 3301 - ENTREPRENEURIAL STUDIES & MGMT', u'', u'', u'', u'', u'', u'', u'', u'', u'', u'', u'', u'']
check '2017 NEW SUBJECTS  Blackboard Classrooms for Department: 3301 - ENTREPRENEURIAL STUDIES & MGMT' ''
[u'', u'', u'', u'', u'', u'', u'', u'', u'', u'', u'', u'', u'']
check '' ''
[u'BB Classroom', u'Migrate Classroom', u'ITS Subject', u'', u'ITS Qualification', u'', u'Block', u'', u'Off Type', u'', u'Grp', u'Lecturer(s)', u'2016 Enrol']
check 'BB Classroom' 'ITS Subject'
[u'...', u'', u'', u'', u'', u'', u'', u'', u'', u'', u'', u'', u'']
check '...' ''
[u'New subjects for 2018', u'', u'', u'', u'', u'', u'', u'', u'', u'', u'', u'', u'']
check 'New subjects for 2018' ''
[u'ESBM201_SEM2_2018', u'template_2018', u'ESBM201', u'ENTREPRENEURSHIP & SMALL BUS MAN IIB', u'DISLD1', u'DIP: SUSTAINABLE HORT AND LANDSCAPING', u'22', u'SEM2', u'D1', u'OTNAME', u'A', u'50002482:BRADY;', u'']
check 'ESBM201_SEM2_2018' 'ESBM201'
adding  ESBM201
requesting:  http://10.0.100.98:8000/bbinfo/matching_courses/ESBM201%25
r= <Response [200]>
matching classes= set([u'ESBM201_SEM2_2018'])
[u'BSMA201_SEM1_2018', u'template_2018', u'BSMA201', u'BUSINESS MANAGEMENT IIA', u'DISLD1', u'DIP: SUSTAINABLE HORT AND LANDSCAPING', u'21', u'SEM1', u'D1', u'OTNAME', u'A', u'50002482:BRADY;', u'']
check 'BSMA201_SEM1_2018' 'BSMA201'
processXLS: only for SEM2 [u'BSMA201_SEM1_2018', u'template_2018', u'BSMA201', u'BUSINESS MANAGEMENT IIA', u'DISLD1', u'DIP: SUSTAINABLE HORT AND LANDSCAPING', u'21', u'SEM1', u'D1', u'OTNAME', u'A', u'50002482:BRADY;', u'']
[u'BMNG301_SEM1_2018', u'template_2018', u'BMNG301', u'ORGANISATIONAL MANAGEMENT III', u'', u'', u'', u'SEM1', u'D1', u'Durban Campus ', u'', 40005048.0, u'']
check 'BMNG301_SEM1_2018' 'BMNG301'
processXLS: only for SEM2 [u'BMNG301_SEM1_2018', u'template_2018', u'BMNG301', u'ORGANISATIONAL MANAGEMENT III', u'', u'', u'', u'SEM1', u'D1', u'Durban Campus ', u'', 40005048.0, u'']
processXLS: finished processing workingSheets/data/BBC3301EntrepreneurialStudiesMgmt2017.xls
getWS: requesting:  http://10.0.100.98:8000/itsenrol/classlist/2018/22/ESBM201 rsp= <Response [200]>
getWS: requesting:  http://10.0.100.98:8000/bbinfo/classlist/ESBM201 rsp= <Response [200]>
getNewStudentsInSubject: ITS 0, BB 1 -> 0 new enrollments
getWS: requesting:  http://10.0.100.98:8000/itsenrol/classlist/2018/22/AMNM121 rsp= <Response [200]>
getWS: requesting:  http://10.0.100.98:8000/bbinfo/classlist/AMNM121 rsp= <Response [200]>
getNewStudentsInSubject: ITS 0, BB 1 -> 0 new enrollments
getWS: requesting:  http://10.0.100.98:8000/itsenrol/classlist/2018/22/ENSK103 rsp= <Response [200]>
getWS: requesting:  http://10.0.100.98:8000/bbinfo/classlist/ENSK103 rsp= <Response [200]>
getNewStudentsInSubject: ITS 205, BB 872 -> 160 new enrollments
getWS: requesting:  http://10.0.100.98:8000/itsenrol/classlist/2018/22/MASK101 rsp= <Response [200]>
getWS: requesting:  http://10.0.100.98:8000/bbinfo/classlist/MASK101 rsp= <Response [200]>
getNewStudentsInSubject: ITS 35, BB 1 -> 35 new enrollments
main: Writing students...
main: Writing enrollments...
main: Finished processing workingSheets/data/BBC3301EntrepreneurialStudiesMgmt2017.xls
main: 4 subjects processed
main: 7 subject -> classroom maps
main: 195 students
main: 195 student enrollments 0 errors
0.22user 0.12system 0:01.38elapsed 24%CPU (0avgtext+0avgdata 66000maxresident)k
112inputs+80outputs (0major+7625minor)pagefaults 0swaps
POSTING SNAPSHOTS to SIS endpoint
TEST RUN, NOT POSTING BBSTUDENTS
TEST RUN, NOT POSTIN BBENROL
copy snapshot files to saved output
=== department done ===
syncing logs...
Pushing logs from logs/20180723111852 to remote...
sending incremental file list
./
BBC3301EntrepreneurialStudiesMgmt2017.BBENROL.txt
BBC3301EntrepreneurialStudiesMgmt2017.BBSTUDENTS.txt
BBC3301EntrepreneurialStudiesMgmt2017.Enrolomat.txt
BBC3301EntrepreneurialStudiesMgmt2017.Postlog.txt

sent 99098 bytes  received 91 bytes  11669.29 bytes/sec
total size is 2884774  speedup is 29.08
logging to logs/20180723111852
=== generate newenrollments for BBC3302PublicMngtAndEconomics2017. ===
GENERATE SNAPSHOTS...
./BBCIncrementalEnrollerX2.py : generating enrolment files for subjects in  workingSheets/data/BBC3302PublicMngtAndEconomics2017.xls
processXLS: start spreadsheet workingSheets/data/BBC3302PublicMngtAndEconomics2017.xls
[u'2018 Blackboard Classrooms for Department: 3302 - PUBLIC MNGT AND ECONOMICS', u'', u'', u'', u'', u'', u'', u'', u'', u'', u'', u'', u'']
check '2018 Blackboard Classrooms for Department: 3302 - PUBLIC MNGT AND ECONOMICS' ''
[u'', u'', u'', u'', u'', u'', u'', u'', u'', u'', u'', u'', u'']
check '' ''
[u'BB Classroom', u'Migrate Classroom', u'ITS Subject', u'', u'ITS Qualification', u'', u'Block', u'', u'Off Type', u'', u'Grp', u'Lecturer(s)', u'2016 Enrol']
check 'BB Classroom' 'ITS Subject'
[u'', u'', u'', u'', u'', u'', u'', u'', u'', u'', u'', u'', u'']
check '' ''
[u'', u'', u'', u'', u'', u'', u'', u'', u'', u'', u'', u'', u'']
check '' ''
[u'ECMC112_SEM1_2018', u'ECMC112_SEM1_2017', u'ECMC112', u'ECONOMICS I (MODULE 1)', u'NDACC3', u'ND: ACCOUNTING', u'21', u'SEMESTER 1', u'D1', u'Durban Campus Full-time', u'A', u'50002520:DAVIS;50001288:PARKER;40011936:MURWIRAPACHENA;40000258:PILLAY', 224.0]
check 'ECMC112_SEM1_2018' 'ECMC112'
processXLS: only for SEM2 [u'ECMC112_SEM1_2018', u'ECMC112_SEM1_2017', u'ECMC112', u'ECONOMICS I (MODULE 1)', u'NDACC3', u'ND: ACCOUNTING', u'21', u'SEMESTER 1', u'D1', u'Durban Campus Full-time', u'A', u'50002520:DAVIS;50001288:PARKER;40011936:MURWIRAPACHENA;40000258:PILLAY', 224.0]
[u'ECMC112_SEM1_2018', u'ECMC112_SEM1_2017', u'ECMC112', u'ECONOMICS I (MODULE 1)', u'NDACC3', u'ND: ACCOUNTING', u'21', u'SEMESTER 1', u'D3', u'Durban Campus Part-time', u'A', u'50002520:DAVIS;50001288:PARKER;40011936:MURWIRAPACHENA;40000258:PILLAY', 40.0]
check 'ECMC112_SEM1_2018' 'ECMC112'
processXLS: only for SEM2 [u'ECMC112_SEM1_2018', u'ECMC112_SEM1_2017', u'ECMC112', u'ECONOMICS I (MODULE 1)', u'NDACC3', u'ND: ACCOUNTING', u'21', u'SEMESTER 1', u'D3', u'Durban Campus Part-time', u'A', u'50002520:DAVIS;50001288:PARKER;40011936:MURWIRAPACHENA;40000258:PILLAY', 40.0]
[u'ECMC112_SEM1_2018', u'ECMC112_SEM1_2017', u'ECMC112', u'ECONOMICS I (MODULE 1)', u'NDACF1', u'ND: ACCOUNTING (4 YEARS)', u'21', u'SEMESTER 1', u'D1', u'Durban Campus Full-time', u'A', u'50002520:DAVIS;50001288:PARKER;40011936:MURWIRAPACHENA;40000258:PILLAY', 49.0]
check 'ECMC112_SEM1_2018' 'ECMC112'
processXLS: only for SEM2 [u'ECMC112_SEM1_2018', u'ECMC112_SEM1_2017', u'ECMC112', u'ECONOMICS I (MODULE 1)', u'NDACF1', u'ND: ACCOUNTING (4 YEARS)', u'21', u'SEMESTER 1', u'D1', u'Durban Campus Full-time', u'A', u'50002520:DAVIS;50001288:PARKER;40011936:MURWIRAPACHENA;40000258:PILLAY', 49.0]
[u'ECMC112_SEM1_2018', u'ECMC112_SEM1_2017', u'ECMC112', u'ECONOMICS I (MODULE 1)', u'NDCAF1', u'ND: COST & MANAGEMENT ACCT (4 YEARS)', u'21', u'SEMESTER 1', u'D1', u'Durban Campus Full-time', u'A', u'50002520:DAVIS;50001288:PARKER;40011936:MURWIRAPACHENA;40000258:PILLAY', 2.0]
check 'ECMC112_SEM1_2018' 'ECMC112'
processXLS: only for SEM2 [u'ECMC112_SEM1_2018', u'ECMC112_SEM1_2017', u'ECMC112', u'ECONOMICS I (MODULE 1)', u'NDCAF1', u'ND: COST & MANAGEMENT ACCT (4 YEARS)', u'21', u'SEMESTER 1', u'D1', u'Durban Campus Full-time', u'A', u'50002520:DAVIS;50001288:PARKER;40011936:MURWIRAPACHENA;40000258:PILLAY', 2.0]
[u'ECMC112_SEM1_2018', u'ECMC112_SEM1_2017', u'ECMC112', u'ECONOMICS I (MODULE 1)', u'NDCAF2', u'ND: COST & MANAGEMENT ACCT (4 YEARS)', u'21', u'SEMESTER 1', u'D1', u'Durban Campus Full-time', u'A', u'50002520:DAVIS;50001288:PARKER;40011936:MURWIRAPACHENA;40000258:PILLAY', 38.0]
check 'ECMC112_SEM1_2018' 'ECMC112'
processXLS: only for SEM2 [u'ECMC112_SEM1_2018', u'ECMC112_SEM1_2017', u'ECMC112', u'ECONOMICS I (MODULE 1)', u'NDCAF2', u'ND: COST & MANAGEMENT ACCT (4 YEARS)', u'21', u'SEMESTER 1', u'D1', u'Durban Campus Full-time', u'A', u'50002520:DAVIS;50001288:PARKER;40011936:MURWIRAPACHENA;40000258:PILLAY', 38.0]
[u'ECMC112_SEM1_2018', u'ECMC112_SEM1_2017', u'ECMC112', u'ECONOMICS I (MODULE 1)', u'NDCMA3', u'ND: COST AND MANAGEMENT ACCOUNTING', u'21', u'SEMESTER 1', u'D1', u'Durban Campus Full-time', u'A', u'50002520:DAVIS;50001288:PARKER;40011936:MURWIRAPACHENA;40000258:PILLAY', 211.0]
check 'ECMC112_SEM1_2018' 'ECMC112'
processXLS: only for SEM2 [u'ECMC112_SEM1_2018', u'ECMC112_SEM1_2017', u'ECMC112', u'ECONOMICS I (MODULE 1)', u'NDCMA3', u'ND: COST AND MANAGEMENT ACCOUNTING', u'21', u'SEMESTER 1', u'D1', u'Durban Campus Full-time', u'A', u'50002520:DAVIS;50001288:PARKER;40011936:MURWIRAPACHENA;40000258:PILLAY', 211.0]
[u'ECMC112_SEM1_2018', u'ECMC112_SEM1_2017', u'ECMC112', u'ECONOMICS I (MODULE 1)', u'NDCMA3', u'ND: COST AND MANAGEMENT ACCOUNTING', u'21', u'SEMESTER 1', u'D3', u'Durban Campus Part-time', u'A', u'50002520:DAVIS;50001288:PARKER;40011936:MURWIRAPACHENA;40000258:PILLAY', 1.0]
check 'ECMC112_SEM1_2018' 'ECMC112'
processXLS: only for SEM2 [u'ECMC112_SEM1_2018', u'ECMC112_SEM1_2017', u'ECMC112', u'ECONOMICS I (MODULE 1)', u'NDCMA3', u'ND: COST AND MANAGEMENT ACCOUNTING', u'21', u'SEMESTER 1', u'D3', u'Durban Campus Part-time', u'A', u'50002520:DAVIS;50001288:PARKER;40011936:MURWIRAPACHENA;40000258:PILLAY', 1.0]
[u'ECMC112_SEM1_2018', u'ECMC112_SEM1_2017', u'ECMC112', u'ECONOMICS I (MODULE 1)', u'NDIAF1', u'ND: INTERNAL AUDITING (4 YEARS)', u'21', u'SEMESTER 1', u'D1', u'Durban Campus Full-time', u'A', u'50002520:DAVIS;50001288:PARKER;40011936:MURWIRAPACHENA;40000258:PILLAY', 27.0]
check 'ECMC112_SEM1_2018' 'ECMC112'
processXLS: only for SEM2 [u'ECMC112_SEM1_2018', u'ECMC112_SEM1_2017', u'ECMC112', u'ECONOMICS I (MODULE 1)', u'NDIAF1', u'ND: INTERNAL AUDITING (4 YEARS)', u'21', u'SEMESTER 1', u'D1', u'Durban Campus Full-time', u'A', u'50002520:DAVIS;50001288:PARKER;40011936:MURWIRAPACHENA;40000258:PILLAY', 27.0]
[u'ECMC112_SEM1_2018', u'ECMC112_SEM1_2017', u'ECMC112', u'ECONOMICS I (MODULE 1)', u'NDIAU3', u'ND: INTERNAL AUDITING', u'21', u'SEMESTER 1', u'D1', u'Durban Campus Full-time', u'A', u'50002520:DAVIS;50001288:PARKER;40011936:MURWIRAPACHENA;40000258:PILLAY', 105.0]
check 'ECMC112_SEM1_2018' 'ECMC112'
processXLS: only for SEM2 [u'ECMC112_SEM1_2018', u'ECMC112_SEM1_2017', u'ECMC112', u'ECONOMICS I (MODULE 1)', u'NDIAU3', u'ND: INTERNAL AUDITING', u'21', u'SEMESTER 1', u'D1', u'Durban Campus Full-time', u'A', u'50002520:DAVIS;50001288:PARKER;40011936:MURWIRAPACHENA;40000258:PILLAY', 105.0]
[u'ECMC112_SEM1_2018', u'ECMC112_SEM1_2017', u'ECMC112', u'ECONOMICS I (MODULE 1)', u'NDMKT1', u'ND: MARKETING', u'21', u'SEMESTER 1', u'D1', u'Durban Campus Full-time', u'A', u'50002520:DAVIS;50001288:PARKER;40011936:MURWIRAPACHENA;40000258:PILLAY', 167.0]
check 'ECMC112_SEM1_2018' 'ECMC112'
processXLS: only for SEM2 [u'ECMC112_SEM1_2018', u'ECMC112_SEM1_2017', u'ECMC112', u'ECONOMICS I (MODULE 1)', u'NDMKT1', u'ND: MARKETING', u'21', u'SEMESTER 1', u'D1', u'Durban Campus Full-time', u'A', u'50002520:DAVIS;50001288:PARKER;40011936:MURWIRAPACHENA;40000258:PILLAY', 167.0]
[u'ECMC112_SEM1_2018', u'ECMC112_SEM1_2017', u'ECMC112', u'ECONOMICS I (MODULE 1)', u'NDMNG1', u'ND: MANAGEMENT', u'21', u'SEMESTER 1', u'D1', u'Durban Campus Full-time', u'A', u'50002520:DAVIS;50001288:PARKER;40011936:MURWIRAPACHENA;40000258:PILLAY', 130.0]
check 'ECMC112_SEM1_2018' 'ECMC112'
processXLS: only for SEM2 [u'ECMC112_SEM1_2018', u'ECMC112_SEM1_2017', u'ECMC112', u'ECONOMICS I (MODULE 1)', u'NDMNG1', u'ND: MANAGEMENT', u'21', u'SEMESTER 1', u'D1', u'Durban Campus Full-time', u'A', u'50002520:DAVIS;50001288:PARKER;40011936:MURWIRAPACHENA;40000258:PILLAY', 130.0]
[u'ECMC112_SEM1_2018', u'ECMC112_SEM1_2017', u'ECMC112', u'ECONOMICS I (MODULE 1)', u'NDTAX3', u'ND: TAXATION', u'21', u'SEMESTER 1', u'D1', u'Durban Campus Full-time', u'A', u'50002520:DAVIS;50001288:PARKER;40011936:MURWIRAPACHENA;40000258:PILLAY', 82.0]
check 'ECMC112_SEM1_2018' 'ECMC112'
processXLS: only for SEM2 [u'ECMC112_SEM1_2018', u'ECMC112_SEM1_2017', u'ECMC112', u'ECONOMICS I (MODULE 1)', u'NDTAX3', u'ND: TAXATION', u'21', u'SEMESTER 1', u'D1', u'Durban Campus Full-time', u'A', u'50002520:DAVIS;50001288:PARKER;40011936:MURWIRAPACHENA;40000258:PILLAY', 82.0]
[u'ECMC112_SEM1_2018', u'ECMC112_SEM1_2017', u'ECMC112', u'ECONOMICS I (MODULE 1)', u'NDTXF1', u'ND: TAXATION (4YEARS)', u'21', u'SEMESTER 1', u'D1', u'Durban Campus Full-time', u'A', u'50002520:DAVIS;50001288:PARKER;40011936:MURWIRAPACHENA;40000258:PILLAY', 19.0]
check 'ECMC112_SEM1_2018' 'ECMC112'
processXLS: only for SEM2 [u'ECMC112_SEM1_2018', u'ECMC112_SEM1_2017', u'ECMC112', u'ECONOMICS I (MODULE 1)', u'NDTXF1', u'ND: TAXATION (4YEARS)', u'21', u'SEMESTER 1', u'D1', u'Durban Campus Full-time', u'A', u'50002520:DAVIS;50001288:PARKER;40011936:MURWIRAPACHENA;40000258:PILLAY', 19.0]
[u'ECMC112_SEM1_2018', u'ECMC112_SEM1_2017', u'ECMC112', u'ECONOMICS I (MODULE 1)', u'NODIP6', u'NON-DIPLOMA PURPOSE (MAN SC)', u'21', u'SEMESTER 1', u'D7', u'DBN FULL-TIME NON-SUBSIDISED', u'A', u'50002520:DAVIS;50001288:PARKER;40011936:MURWIRAPACHENA;40000258:PILLAY', 3.0]
check 'ECMC112_SEM1_2018' 'ECMC112'
processXLS: only for SEM2 [u'ECMC112_SEM1_2018', u'ECMC112_SEM1_2017', u'ECMC112', u'ECONOMICS I (MODULE 1)', u'NODIP6', u'NON-DIPLOMA PURPOSE (MAN SC)', u'21', u'SEMESTER 1', u'D7', u'DBN FULL-TIME NON-SUBSIDISED', u'A', u'50002520:DAVIS;50001288:PARKER;40011936:MURWIRAPACHENA;40000258:PILLAY', 3.0]
[u'', u'', u'', u'', u'', u'', u'', u'', u'', u'', u'', u'', u'']
check '' ''
[u'ECMC112_SEM2_2018', u'ECMC112_SEM2_2017', u'ECMC112', u'ECONOMICS I (MODULE 1)', u'NDCMA3', u'ND: COST AND MANAGEMENT ACCOUNTING', u'22', u'SEMESTER 2', u'D1', u'Durban Campus Full-time', u'A', u'50002520:DAVIS;50001288:PARKER;40011936:MURWIRAPACHENA;40000258:PILLAY', 1.0]
check 'ECMC112_SEM2_2018' 'ECMC112'
adding  ECMC112
requesting:  http://10.0.100.98:8000/bbinfo/matching_courses/ECMC112%25
r= <Response [200]>
matching classes= set([u'ECMC112_12_A', u'ECMC112_SEM1_2017', u'ECMC112_13_DAVJ', u'ECMC112_13_BOWM', u'ECMC112_SEM1_2018', u'ECMC112_SEM2_2018', u'ECMC112_13_NYAZ', u'ECMC112_14_DAVJ', u'ECMC112_SEM2_2017', u'ECMC112_ALL_2016'])
[u'ECMC112_SEM2_2018', u'ECMC112_SEM2_2017', u'ECMC112', u'ECONOMICS I (MODULE 1)', u'NDMNG1', u'ND: MANAGEMENT', u'22', u'SEMESTER 2', u'D1', u'Durban Campus Full-time', u'A', u'50002520:DAVIS;50001288:PARKER;40011936:MURWIRAPACHENA;40000258:PILLAY', 3.0]
check 'ECMC112_SEM2_2018' 'ECMC112'
adding  ECMC112
requesting:  http://10.0.100.98:8000/bbinfo/matching_courses/ECMC112%25
r= <Response [200]>
matching classes= set([u'ECMC112_12_A', u'ECMC112_SEM1_2017', u'ECMC112_13_DAVJ', u'ECMC112_13_BOWM', u'ECMC112_SEM1_2018', u'ECMC112_SEM2_2018', u'ECMC112_13_NYAZ', u'ECMC112_14_DAVJ', u'ECMC112_SEM2_2017', u'ECMC112_ALL_2016'])
[u'', u'', u'', u'', u'', u'', u'', u'', u'', u'', u'', u'', u'']
check '' ''
[u'ECMC122_SEM2_2018', u'ECMC122_SEM2_2017', u'ECMC122', u'ECONOMICS I (MODULE 2)', u'NDACC3', u'ND: ACCOUNTING', u'22', u'SEMESTER 2', u'D1', u'Durban Campus Full-time', u'A', u'50002520:DAVIS;50001288:PARKER;40011936:MURWIRAPACHENA;40000258:PILLAY', 191.0]
check 'ECMC122_SEM2_2018' 'ECMC122'
adding  ECMC122
requesting:  http://10.0.100.98:8000/bbinfo/matching_courses/ECMC122%25
r= <Response [200]>
matching classes= set([u'ECMC122_SEM2_2018', u'ECMC122_13_BOWM', u'ECMC122_SEM2_2016', u'ECMC122_SEM2_2017'])
[u'ECMC122_SEM2_2018', u'ECMC122_SEM2_2017', u'ECMC122', u'ECONOMICS I (MODULE 2)', u'NDACC3', u'ND: ACCOUNTING', u'22', u'SEMESTER 2', u'D3', u'Durban Campus Part-time', u'A', u'50002520:DAVIS;50001288:PARKER;40011936:MURWIRAPACHENA;40000258:PILLAY', 36.0]
check 'ECMC122_SEM2_2018' 'ECMC122'
adding  ECMC122
requesting:  http://10.0.100.98:8000/bbinfo/matching_courses/ECMC122%25
r= <Response [200]>
matching classes= set([u'ECMC122_SEM2_2018', u'ECMC122_13_BOWM', u'ECMC122_SEM2_2016', u'ECMC122_SEM2_2017'])
[u'ECMC122_SEM2_2018', u'ECMC122_SEM2_2017', u'ECMC122', u'ECONOMICS I (MODULE 2)', u'NDACF1', u'ND: ACCOUNTING (4 YEARS)', u'22', u'SEMESTER 2', u'D1', u'Durban Campus Full-time', u'A', u'50002520:DAVIS;50001288:PARKER;40011936:MURWIRAPACHENA;40000258:PILLAY', 43.0]
check 'ECMC122_SEM2_2018' 'ECMC122'
adding  ECMC122
requesting:  http://10.0.100.98:8000/bbinfo/matching_courses/ECMC122%25
r= <Response [200]>
matching classes= set([u'ECMC122_SEM2_2018', u'ECMC122_13_BOWM', u'ECMC122_SEM2_2016', u'ECMC122_SEM2_2017'])
[u'ECMC122_SEM2_2018', u'ECMC122_SEM2_2017', u'ECMC122', u'ECONOMICS I (MODULE 2)', u'NDCAF1', u'ND: COST & MANAGEMENT ACCT (4 YEARS)', u'22', u'SEMESTER 2', u'D1', u'Durban Campus Full-time', u'A', u'50002520:DAVIS;50001288:PARKER;40011936:MURWIRAPACHENA;40000258:PILLAY', 1.0]
check 'ECMC122_SEM2_2018' 'ECMC122'
adding  ECMC122
requesting:  http://10.0.100.98:8000/bbinfo/matching_courses/ECMC122%25
r= <Response [200]>
matching classes= set([u'ECMC122_SEM2_2018', u'ECMC122_13_BOWM', u'ECMC122_SEM2_2016', u'ECMC122_SEM2_2017'])
[u'ECMC122_SEM2_2018', u'ECMC122_SEM2_2017', u'ECMC122', u'ECONOMICS I (MODULE 2)', u'NDCAF2', u'ND: COST & MANAGEMENT ACCT (4 YEARS)', u'22', u'SEMESTER 2', u'D1', u'Durban Campus Full-time', u'A', u'50002520:DAVIS;50001288:PARKER;40011936:MURWIRAPACHENA;40000258:PILLAY', 28.0]
check 'ECMC122_SEM2_2018' 'ECMC122'
adding  ECMC122
requesting:  http://10.0.100.98:8000/bbinfo/matching_courses/ECMC122%25
r= <Response [200]>
matching classes= set([u'ECMC122_SEM2_2018', u'ECMC122_13_BOWM', u'ECMC122_SEM2_2016', u'ECMC122_SEM2_2017'])
[u'ECMC122_SEM2_2018', u'ECMC122_SEM2_2017', u'ECMC122', u'ECONOMICS I (MODULE 2)', u'NDCMA3', u'ND: COST AND MANAGEMENT ACCOUNTING', u'22', u'SEMESTER 2', u'D1', u'Durban Campus Full-time', u'A', u'50002520:DAVIS;50001288:PARKER;40011936:MURWIRAPACHENA;40000258:PILLAY', 192.0]
check 'ECMC122_SEM2_2018' 'ECMC122'
adding  ECMC122
requesting:  http://10.0.100.98:8000/bbinfo/matching_courses/ECMC122%25
r= <Response [200]>
matching classes= set([u'ECMC122_SEM2_2018', u'ECMC122_13_BOWM', u'ECMC122_SEM2_2016', u'ECMC122_SEM2_2017'])
[u'ECMC122_SEM2_2018', u'ECMC122_SEM2_2017', u'ECMC122', u'ECONOMICS I (MODULE 2)', u'NDCMA3', u'ND: COST AND MANAGEMENT ACCOUNTING', u'22', u'SEMESTER 2', u'D3', u'Durban Campus Part-time', u'A', u'50002520:DAVIS;50001288:PARKER;40011936:MURWIRAPACHENA;40000258:PILLAY', 2.0]
check 'ECMC122_SEM2_2018' 'ECMC122'
adding  ECMC122
requesting:  http://10.0.100.98:8000/bbinfo/matching_courses/ECMC122%25
r= <Response [200]>
matching classes= set([u'ECMC122_SEM2_2018', u'ECMC122_13_BOWM', u'ECMC122_SEM2_2016', u'ECMC122_SEM2_2017'])
[u'ECMC122_SEM2_2018', u'ECMC122_SEM2_2017', u'ECMC122', u'ECONOMICS I (MODULE 2)', u'NDIAF1', u'ND: INTERNAL AUDITING (4 YEARS)', u'22', u'SEMESTER 2', u'D1', u'Durban Campus Full-time', u'A', u'50002520:DAVIS;50001288:PARKER;40011936:MURWIRAPACHENA;40000258:PILLAY', 18.0]
check 'ECMC122_SEM2_2018' 'ECMC122'
adding  ECMC122
requesting:  http://10.0.100.98:8000/bbinfo/matching_courses/ECMC122%25
r= <Response [200]>
matching classes= set([u'ECMC122_SEM2_2018', u'ECMC122_13_BOWM', u'ECMC122_SEM2_2016', u'ECMC122_SEM2_2017'])
[u'ECMC122_SEM2_2018', u'ECMC122_SEM2_2017', u'ECMC122', u'ECONOMICS I (MODULE 2)', u'NDIAU3', u'ND: INTERNAL AUDITING', u'22', u'SEMESTER 2', u'D1', u'Durban Campus Full-time', u'A', u'50002520:DAVIS;50001288:PARKER;40011936:MURWIRAPACHENA;40000258:PILLAY', 89.0]
check 'ECMC122_SEM2_2018' 'ECMC122'
adding  ECMC122
requesting:  http://10.0.100.98:8000/bbinfo/matching_courses/ECMC122%25
r= <Response [200]>
matching classes= set([u'ECMC122_SEM2_2018', u'ECMC122_13_BOWM', u'ECMC122_SEM2_2016', u'ECMC122_SEM2_2017'])
[u'ECMC122_SEM2_2018', u'ECMC122_SEM2_2017', u'ECMC122', u'ECONOMICS I (MODULE 2)', u'NDMKT1', u'ND: MARKETING', u'22', u'SEMESTER 2', u'D1', u'Durban Campus Full-time', u'A', u'50002520:DAVIS;50001288:PARKER;40011936:MURWIRAPACHENA;40000258:PILLAY', 148.0]
check 'ECMC122_SEM2_2018' 'ECMC122'
adding  ECMC122
requesting:  http://10.0.100.98:8000/bbinfo/matching_courses/ECMC122%25
r= <Response [200]>
matching classes= set([u'ECMC122_SEM2_2018', u'ECMC122_13_BOWM', u'ECMC122_SEM2_2016', u'ECMC122_SEM2_2017'])
[u'ECMC122_SEM2_2018', u'ECMC122_SEM2_2017', u'ECMC122', u'ECONOMICS I (MODULE 2)', u'NDMKT1', u'ND: MARKETING', u'22', u'SEMESTER 2', u'D3', u'Durban Campus Part-time', u'A', u'50002520:DAVIS;50001288:PARKER;40011936:MURWIRAPACHENA;40000258:PILLAY', 1.0]
check 'ECMC122_SEM2_2018' 'ECMC122'
adding  ECMC122
requesting:  http://10.0.100.98:8000/bbinfo/matching_courses/ECMC122%25
r= <Response [200]>
matching classes= set([u'ECMC122_SEM2_2018', u'ECMC122_13_BOWM', u'ECMC122_SEM2_2016', u'ECMC122_SEM2_2017'])
[u'ECMC122_SEM2_2018', u'ECMC122_SEM2_2017', u'ECMC122', u'ECONOMICS I (MODULE 2)', u'NDMNG1', u'ND: MANAGEMENT', u'22', u'SEMESTER 2', u'D1', u'Durban Campus Full-time', u'A', u'50002520:DAVIS;50001288:PARKER;40011936:MURWIRAPACHENA;40000258:PILLAY', 119.0]
check 'ECMC122_SEM2_2018' 'ECMC122'
adding  ECMC122
requesting:  http://10.0.100.98:8000/bbinfo/matching_courses/ECMC122%25
r= <Response [200]>
matching classes= set([u'ECMC122_SEM2_2018', u'ECMC122_13_BOWM', u'ECMC122_SEM2_2016', u'ECMC122_SEM2_2017'])
[u'ECMC122_SEM2_2018', u'ECMC122_SEM2_2017', u'ECMC122', u'ECONOMICS I (MODULE 2)', u'NDTAX3', u'ND: TAXATION', u'22', u'SEMESTER 2', u'D1', u'Durban Campus Full-time', u'A', u'50002520:DAVIS;50001288:PARKER;40011936:MURWIRAPACHENA;40000258:PILLAY', 78.0]
check 'ECMC122_SEM2_2018' 'ECMC122'
adding  ECMC122
requesting:  http://10.0.100.98:8000/bbinfo/matching_courses/ECMC122%25
r= <Response [200]>
matching classes= set([u'ECMC122_SEM2_2018', u'ECMC122_13_BOWM', u'ECMC122_SEM2_2016', u'ECMC122_SEM2_2017'])
[u'ECMC122_SEM2_2018', u'ECMC122_SEM2_2017', u'ECMC122', u'ECONOMICS I (MODULE 2)', u'NDTXF1', u'ND: TAXATION (4YEARS)', u'22', u'SEMESTER 2', u'D1', u'Durban Campus Full-time', u'A', u'50002520:DAVIS;50001288:PARKER;40011936:MURWIRAPACHENA;40000258:PILLAY', 16.0]
check 'ECMC122_SEM2_2018' 'ECMC122'
adding  ECMC122
requesting:  http://10.0.100.98:8000/bbinfo/matching_courses/ECMC122%25
r= <Response [200]>
matching classes= set([u'ECMC122_SEM2_2018', u'ECMC122_13_BOWM', u'ECMC122_SEM2_2016', u'ECMC122_SEM2_2017'])
[u'ECMC122_SEM2_2018', u'ECMC122_SEM2_2017', u'ECMC122', u'ECONOMICS I (MODULE 2)', u'NODIP6', u'NON-DIPLOMA PURPOSE (MAN SC)', u'22', u'SEMESTER 2', u'D8', u'DBN PART-TIME NON-SUBSIDISED', u'A', u'50002520:DAVIS;50001288:PARKER;40011936:MURWIRAPACHENA;40000258:PILLAY', 14.0]
check 'ECMC122_SEM2_2018' 'ECMC122'
adding  ECMC122
requesting:  http://10.0.100.98:8000/bbinfo/matching_courses/ECMC122%25
r= <Response [200]>
matching classes= set([u'ECMC122_SEM2_2018', u'ECMC122_13_BOWM', u'ECMC122_SEM2_2016', u'ECMC122_SEM2_2017'])
[u'', u'', u'', u'', u'', u'', u'', u'', u'', u'', u'', u'', u'']
check '' ''
[u'ECNC101_SEM1_2018', u'ECNC101_SEM1_2017', u'ECNC101', u'ECONOMICS I (MICRO)', u'DISHL1', u'DIPLOMA IN SHIPPING AND LOGISTICS', u'21', u'SEMESTER 1', u'D1', u'Durban Campus Full-time', u'A', u'50002520: DAVIS', 59.0]
check 'ECNC101_SEM1_2018' 'ECNC101'
processXLS: only for SEM2 [u'ECNC101_SEM1_2018', u'ECNC101_SEM1_2017', u'ECNC101', u'ECONOMICS I (MICRO)', u'DISHL1', u'DIPLOMA IN SHIPPING AND LOGISTICS', u'21', u'SEMESTER 1', u'D1', u'Durban Campus Full-time', u'A', u'50002520: DAVIS', 59.0]
[u'', u'', u'', u'', u'', u'', u'', u'', u'', u'', u'', u'', u'']
check '' ''
[u'PDSM101_SEM2_2018', u'PDSM101_SEM2_2017', u'PDSM101', u'PUBLIC DECISION-MAKING I', u'NDPMN1', u'ND: PUBLIC MANAGEMENT', u'22', u'SEMESTER 2', u'D1', u'Durban Campus Full-time', u'A', u'40000258: PILLAY', 172.0]
check 'PDSM101_SEM2_2018' 'PDSM101'
adding  PDSM101
requesting:  http://10.0.100.98:8000/bbinfo/matching_courses/PDSM101%25
r= <Response [200]>
matching classes= set([u'PDSM101_SEM2_2018', u'PDSM101_13_THOC', u'PDSM101_SEM2_2017', u'PDSM101_SEM2_2016'])
[u'', u'', u'', u'', u'', u'', u'', u'', u'', u'', u'', u'', u'']
check '' ''
[u'PECN101_SEM1_2018', u'PECN101_SEM1_2017', u'PECN101', u'PRINCIPLES OF ECONOMICS I', u'NDMTS1', u'ND: MARITIME STUDIES', u'21', u'SEMESTER 1', u'D1', u'Durban Campus Full-time', u'A', u'50002520:DAVIS', 7.0]
check 'PECN101_SEM1_2018' 'PECN101'
processXLS: only for SEM2 [u'PECN101_SEM1_2018', u'PECN101_SEM1_2017', u'PECN101', u'PRINCIPLES OF ECONOMICS I', u'NDMTS1', u'ND: MARITIME STUDIES', u'21', u'SEMESTER 1', u'D1', u'Durban Campus Full-time', u'A', u'50002520:DAVIS', 7.0]
[u'PECN101_SEM2_2018', u'PECN101_SEM2_2017', u'PECN101', u'PRINCIPLES OF ECONOMICS I', u'NDMTS1', u'ND: MARITIME STUDIES', u'22', u'SEMESTER 2', u'D1', u'Durban Campus Full-time', u'A', u'50002520:DAVIS', 1.0]
check 'PECN101_SEM2_2018' 'PECN101'
adding  PECN101
requesting:  http://10.0.100.98:8000/bbinfo/matching_courses/PECN101%25
r= <Response [200]>
matching classes= set([u'PECN101_SEM1_2016', u'PECN101_SEM1_2017', u'PECN101_13_THOC', u'PECN101_SEM1_2018', u'PECN101_SEM2_2018', u'PECN101_SEM2_2017'])
[u'', u'', u'', u'', u'', u'', u'', u'', u'', u'', u'', u'', u'']
check '' ''
[u'PIFS101_SEM1_2018', u'PIFS101_SEM1_2017', u'PIFS101', u'PUBLIC INFORMATION SERVICES I', u'NDPMN1', u'ND: PUBLIC MANAGEMENT', u'21', u'SEMESTER 1', u'D1', u'Durban Campus Full-time', u'A', u'40000258: PILLAY', 204.0]
check 'PIFS101_SEM1_2018' 'PIFS101'
processXLS: only for SEM2 [u'PIFS101_SEM1_2018', u'PIFS101_SEM1_2017', u'PIFS101', u'PUBLIC INFORMATION SERVICES I', u'NDPMN1', u'ND: PUBLIC MANAGEMENT', u'21', u'SEMESTER 1', u'D1', u'Durban Campus Full-time', u'A', u'40000258: PILLAY', 204.0]
[u'', u'', u'', u'', u'', u'', u'', u'', u'', u'', u'', u'', u'']
check '' ''
[u'POMN101_SEM1_2018', u'POMN101_SEM1_2017', u'POMN101', u'PUBLIC OFFICE MANAGEMENT I', u'NDPMN1', u'ND: PUBLIC MANAGEMENT', u'21', u'SEMESTER 1', u'D1', u'Durban Campus Full-time', u'A', u'40000258: PILLAY', 201.0]
check 'POMN101_SEM1_2018' 'POMN101'
processXLS: only for SEM2 [u'POMN101_SEM1_2018', u'POMN101_SEM1_2017', u'POMN101', u'PUBLIC OFFICE MANAGEMENT I', u'NDPMN1', u'ND: PUBLIC MANAGEMENT', u'21', u'SEMESTER 1', u'D1', u'Durban Campus Full-time', u'A', u'40000258: PILLAY', 201.0]
[u'', u'', u'', u'', u'', u'', u'', u'', u'', u'', u'', u'', u'']
check '' ''
[u'PSDL101_SEM2_2018', u'PSDL101_SEM2_2017', u'PSDL101', u'PUBLIC SERVICE DELIVERY I', u'NDPMN1', u'ND: PUBLIC MANAGEMENT', u'22', u'SEMESTER 2', u'D1', u'Durban Campus Full-time', u'A', u'40000258: PILLAY', 186.0]
check 'PSDL101_SEM2_2018' 'PSDL101'
adding  PSDL101
requesting:  http://10.0.100.98:8000/bbinfo/matching_courses/PSDL101%25
r= <Response [200]>
matching classes= set([u'PSDL101_SEM2_2018', u'PSDL101_13_THOC', u'PSDL101_SEM2_2017', u'PSDL101_SEM2_2016', u'PSDL101_15_RATV'])
[u'', u'', u'', u'', u'', u'', u'', u'', u'', u'', u'', u'', u'']
check '' ''
[u'PURM102_SEM1_2018', u'PURM102_SEM1_2017', u'PURM102', u'PUBLIC RESOURCE MANAGEMENT I', u'NDPMN1', u'ND: PUBLIC MANAGEMENT', u'21', u'SEMESTER 1', u'D1', u'Durban Campus Full-time', u'A', u'40000258: PILLAY', 200.0]
check 'PURM102_SEM1_2018' 'PURM102'
processXLS: only for SEM2 [u'PURM102_SEM1_2018', u'PURM102_SEM1_2017', u'PURM102', u'PUBLIC RESOURCE MANAGEMENT I', u'NDPMN1', u'ND: PUBLIC MANAGEMENT', u'21', u'SEMESTER 1', u'D1', u'Durban Campus Full-time', u'A', u'40000258: PILLAY', 200.0]
[u'', u'', u'', u'', u'', u'', u'', u'', u'', u'', u'', u'', u'']
check '' ''
[u'SLFM101_SEM2_2018', u'SLFM101_SEM2_2017', u'SLFM101', u'SELF MANAGEMENT I', u'NDPMN1', u'ND: PUBLIC MANAGEMENT', u'22', u'SEMESTER 2', u'D1', u'Durban Campus Full-time', u'A', u'40000258: PILLAY', 200.0]
check 'SLFM101_SEM2_2018' 'SLFM101'
adding  SLFM101
requesting:  http://10.0.100.98:8000/bbinfo/matching_courses/SLFM101%25
r= <Response [200]>
matching classes= set([u'SLFM101_13_DORN', u'SLFM101_SEM2_2016', u'SLFM101_SEM2_2018', u'SLFM101_13_THOC', u'SLFM101_SEM2_2017'])
[u'', u'', u'', u'', u'', u'', u'', u'', u'', u'', u'', u'', u'']
check '' ''
[u'ECNC201_SEM2_2018', u'ECNC201_SEM2_2017', u'ECNC201', u'ECONOMICS I (MACRO)', u'DISHL1', u'DIPLOMA IN SHIPPING AND LOGISTICS', u'22', u'SEMESTER 2', u'D1', u'Durban Campus Full-time', u'A', u'50002520: DAVIS', 47.0]
check 'ECNC201_SEM2_2018' 'ECNC201'
adding  ECNC201
requesting:  http://10.0.100.98:8000/bbinfo/matching_courses/ECNC201%25
r= <Response [200]>
matching classes= set([u'ECNC201_SEM2_2017', u'ECNC201_SEM2_2018'])
[u'', u'', u'', u'', u'', u'', u'', u'', u'', u'', u'', u'', u'']
check '' ''
[u'FRES201_SEM2_2018', u'FRES201_SEM2_2017', u'FRES201', u'FUNDAMENTALS OF RESEARCH II', u'NDPMN1', u'ND: PUBLIC MANAGEMENT', u'22', u'SEMESTER 2', u'D1', u'Durban Campus Full-time', u'A', u'40000258: PILLAY', 178.0]
check 'FRES201_SEM2_2018' 'FRES201'
adding  FRES201
requesting:  http://10.0.100.98:8000/bbinfo/matching_courses/FRES201%25
r= <Response [200]>
matching classes= set([u'FRES201_13_THOC', u'FRES201_SEM2_2018', u'FRES201_SEM2_2016', u'FRES201_SEM2_2017'])
[u'FRES201_SEM2_2018', u'FRES201_SEM2_2017', u'FRES201', u'FUNDAMENTALS OF RESEARCH II', u'NODIP6', u'NON-DIPLOMA PURPOSE (MAN SC)', u'22', u'SEMESTER 2', u'D7', u'DBN FULL-TIME NON-SUBSIDISED', u'A', u'40000258: PILLAY', 15.0]
check 'FRES201_SEM2_2018' 'FRES201'
adding  FRES201
requesting:  http://10.0.100.98:8000/bbinfo/matching_courses/FRES201%25
r= <Response [200]>
matching classes= set([u'FRES201_13_THOC', u'FRES201_SEM2_2018', u'FRES201_SEM2_2016', u'FRES201_SEM2_2017'])
[u'', u'', u'', u'', u'', u'', u'', u'', u'', u'', u'', u'', u'']
check '' ''
[u'PFMN201_SEM1_2018', u'PFMN201_SEM1_2017', u'PFMN201', u'PUBLIC FINANCIAL MANAGEMENT II', u'NDPMN1', u'ND: PUBLIC MANAGEMENT', u'21', u'SEMESTER 1', u'D1', u'Durban Campus Full-time', u'A', u'40000258: PILLAY', 196.0]
check 'PFMN201_SEM1_2018' 'PFMN201'
processXLS: only for SEM2 [u'PFMN201_SEM1_2018', u'PFMN201_SEM1_2017', u'PFMN201', u'PUBLIC FINANCIAL MANAGEMENT II', u'NDPMN1', u'ND: PUBLIC MANAGEMENT', u'21', u'SEMESTER 1', u'D1', u'Durban Campus Full-time', u'A', u'40000258: PILLAY', 196.0]
[u'PFMN201_SEM1_2018', u'PFMN201_SEM1_2017', u'PFMN201', u'PUBLIC FINANCIAL MANAGEMENT II', u'NODIP6', u'NON-DIPLOMA PURPOSE (MAN SC)', u'21', u'SEMESTER 1', u'D7', u'DBN FULL-TIME NON-SUBSIDISED', u'A', u'40000258: PILLAY', 17.0]
check 'PFMN201_SEM1_2018' 'PFMN201'
processXLS: only for SEM2 [u'PFMN201_SEM1_2018', u'PFMN201_SEM1_2017', u'PFMN201', u'PUBLIC FINANCIAL MANAGEMENT II', u'NODIP6', u'NON-DIPLOMA PURPOSE (MAN SC)', u'21', u'SEMESTER 1', u'D7', u'DBN FULL-TIME NON-SUBSIDISED', u'A', u'40000258: PILLAY', 17.0]
[u'', u'', u'', u'', u'', u'', u'', u'', u'', u'', u'', u'', u'']
check '' ''
[u'PHRM202_SEM1_2018', u'PHRM202_SEM1_2017', u'PHRM202', u'PUBLIC HUMAN RESOURCE MANAGEMENT II', u'NDPMN1', u'ND: PUBLIC MANAGEMENT', u'21', u'SEMESTER 1', u'D1', u'Durban Campus Full-time', u'A', u'40000258: PILLAY', 210.0]
check 'PHRM202_SEM1_2018' 'PHRM202'
processXLS: only for SEM2 [u'PHRM202_SEM1_2018', u'PHRM202_SEM1_2017', u'PHRM202', u'PUBLIC HUMAN RESOURCE MANAGEMENT II', u'NDPMN1', u'ND: PUBLIC MANAGEMENT', u'21', u'SEMESTER 1', u'D1', u'Durban Campus Full-time', u'A', u'40000258: PILLAY', 210.0]
[u'PHRM202_SEM1_2018', u'PHRM202_SEM1_2017', u'PHRM202', u'PUBLIC HUMAN RESOURCE MANAGEMENT II', u'NODIP6', u'NON-DIPLOMA PURPOSE (MAN SC)', u'21', u'SEMESTER 1', u'D7', u'DBN FULL-TIME NON-SUBSIDISED', u'A', u'40000258: PILLAY', 15.0]
check 'PHRM202_SEM1_2018' 'PHRM202'
processXLS: only for SEM2 [u'PHRM202_SEM1_2018', u'PHRM202_SEM1_2017', u'PHRM202', u'PUBLIC HUMAN RESOURCE MANAGEMENT II', u'NODIP6', u'NON-DIPLOMA PURPOSE (MAN SC)', u'21', u'SEMESTER 1', u'D7', u'DBN FULL-TIME NON-SUBSIDISED', u'A', u'40000258: PILLAY', 15.0]
[u'', u'', u'', u'', u'', u'', u'', u'', u'', u'', u'', u'', u'']
check '' ''
[u'PJTM201_SEM2_2018', u'PJTM201_SEM2_2017', u'PJTM201', u'PROJECT MANAGEMENT II', u'NDPMN1', u'ND: PUBLIC MANAGEMENT', u'22', u'SEMESTER 2', u'D1', u'Durban Campus Full-time', u'A', u'40000258: PILLAY', 168.0]
check 'PJTM201_SEM2_2018' 'PJTM201'
adding  PJTM201
requesting:  http://10.0.100.98:8000/bbinfo/matching_courses/PJTM201%25
r= <Response [200]>
matching classes= set([u'PJTM201_SEM2_2017', u'PJTM201_SEM2_2016', u'PJTM201_13_THOC', u'PJTM201_SEM2_2018'])
[u'', u'', u'', u'', u'', u'', u'', u'', u'', u'', u'', u'', u'']
check '' ''
[u'PPLM202_SEM2_2018', u'PPLM202_SEM2_2017', u'PPLM202', u'PUBLIC PROCUREMENT & LOGISTICS MANAGEMENT II', u'NDPMN1', u'ND: PUBLIC MANAGEMENT', u'22', u'SEMESTER 2', u'D1', u'Durban Campus Full-time', u'A', u'40000258: PILLAY', 166.0]
check 'PPLM202_SEM2_2018' 'PPLM202'
adding  PPLM202
requesting:  http://10.0.100.98:8000/bbinfo/matching_courses/PPLM202%25
r= <Response [200]>
matching classes= set([u'PPLM202_SEM2_2016', u'PPLM202_SEM2_2017', u'PPLM202_13_THOC', u'PPLM202_SEM2_2018'])
[u'', u'', u'', u'', u'', u'', u'', u'', u'', u'', u'', u'', u'']
check '' ''
[u'INCO301_SEM1_2018', u'INCO301_SEM1_2017', u'INCO301', u'INTERSECTORAL COLLABORATION III', u'NDPMN1', u'ND: PUBLIC MANAGEMENT', u'21', u'SEMESTER 1', u'D1', u'Durban Campus Full-time', u'A', u'40000350:RATILAL KESSA', 172.0]
check 'INCO301_SEM1_2018' 'INCO301'
processXLS: only for SEM2 [u'INCO301_SEM1_2018', u'INCO301_SEM1_2017', u'INCO301', u'INTERSECTORAL COLLABORATION III', u'NDPMN1', u'ND: PUBLIC MANAGEMENT', u'21', u'SEMESTER 1', u'D1', u'Durban Campus Full-time', u'A', u'40000350:RATILAL KESSA', 172.0]
[u'', u'', u'', u'', u'', u'', u'', u'', u'', u'', u'', u'', u'']
check '' ''
[u'MECN301_YEAR_2018', u'MECN301_YEAR_2017', u'MECN301', u'MANAGEMENT ECONOMICS III', u'BTBAD1', u'BT: BUSINESS ADMINISTRATION', u'11', u'YEAR', u'D3', u'Durban Campus Part-time', u'A', u'40011936: MURWIRAPACHENA', 84.0]
check 'MECN301_YEAR_2018' 'MECN301'
processXLS: only for SEM2 [u'MECN301_YEAR_2018', u'MECN301_YEAR_2017', u'MECN301', u'MANAGEMENT ECONOMICS III', u'BTBAD1', u'BT: BUSINESS ADMINISTRATION', u'11', u'YEAR', u'D3', u'Durban Campus Part-time', u'A', u'40011936: MURWIRAPACHENA', 84.0]
[u'', u'', u'', u'', u'', u'', u'', u'', u'', u'', u'', u'', u'']
check '' ''
[u'PFPM302_SEM2_2018', u'PFPM302_SEM2_2017', u'PFPM302', u'PUBLIC FINANCIAL AND PROCUREMENT MANAGEMENT I', u'NDPMN1', u'ND: PUBLIC MANAGEMENT', u'22', u'SEMESTER 2', u'D1', u'Durban Campus Full-time', u'A', u'40000258: PILLAY', 177.0]
check 'PFPM302_SEM2_2018' 'PFPM302'
adding  PFPM302
requesting:  http://10.0.100.98:8000/bbinfo/matching_courses/PFPM302%25
r= <Response [200]>
matching classes= set([u'PFPM302_SEM2_2018', u'PFPM302_13_THOC', u'PFPM302_SEM2_2017', u'PFPM302_SEM2_2016'])
[u'PFPM302_SEM2_2018', u'PFPM302_SEM2_2017', u'PFPM302', u'PUBLIC FINANCIAL AND PROCUREMENT MANAGEMENT I', u'NODIP6', u'NON-DIPLOMA PURPOSE (MAN SC)', u'22', u'SEMESTER 2', u'D7', u'DBN FULL-TIME NON-SUBSIDISED', u'A', u'40000258: PILLAY', 16.0]
check 'PFPM302_SEM2_2018' 'PFPM302'
adding  PFPM302
requesting:  http://10.0.100.98:8000/bbinfo/matching_courses/PFPM302%25
r= <Response [200]>
matching classes= set([u'PFPM302_SEM2_2018', u'PFPM302_13_THOC', u'PFPM302_SEM2_2017', u'PFPM302_SEM2_2016'])
[u'', u'', u'', u'', u'', u'', u'', u'', u'', u'', u'', u'', u'']
check '' ''
[u'PGMN301_SEM1_2018', u'PGMN301_SEM1_2017', u'PGMN301', u'PROGRAMME MANAGEMENT III', u'NDPMN1', u'ND: PUBLIC MANAGEMENT', u'21', u'SEMESTER 1', u'D1', u'Durban Campus Full-time', u'A', u'40007068: NTULI', 172.0]
check 'PGMN301_SEM1_2018' 'PGMN301'
processXLS: only for SEM2 [u'PGMN301_SEM1_2018', u'PGMN301_SEM1_2017', u'PGMN301', u'PROGRAMME MANAGEMENT III', u'NDPMN1', u'ND: PUBLIC MANAGEMENT', u'21', u'SEMESTER 1', u'D1', u'Durban Campus Full-time', u'A', u'40007068: NTULI', 172.0]
[u'', u'', u'', u'', u'', u'', u'', u'', u'', u'', u'', u'', u'']
check '' ''
[u'PHRM302_SEM2_2018', u'PHRM302_SEM2_2017', u'PHRM302', u'PUBLIC HUMAN RESOURCE MANAGEMENT III', u'NDPMN1', u'ND: PUBLIC MANAGEMENT', u'22', u'SEMESTER 2', u'D1', u'Durban Campus Full-time', u'A', u'40000350:RATILAL KESSA', 179.0]
check 'PHRM302_SEM2_2018' 'PHRM302'
adding  PHRM302
requesting:  http://10.0.100.98:8000/bbinfo/matching_courses/PHRM302%25
r= <Response [200]>
matching classes= set([u'PHRM302_SEM2_2018', u'PHRM302_SEM2_2016', u'PHRM302_SEM2_2017', u'PHRM302_15_RATV', u'PHRM302_13_REDM'])
[u'PHRM302_SEM2_2018', u'PHRM302_SEM2_2017', u'PHRM302', u'PUBLIC HUMAN RESOURCE MANAGEMENT III', u'NODIP6', u'NON-DIPLOMA PURPOSE (MAN SC)', u'22', u'SEMESTER 2', u'D7', u'DBN FULL-TIME NON-SUBSIDISED', u'A', u'40000350:RATILAL KESSA', 14.0]
check 'PHRM302_SEM2_2018' 'PHRM302'
adding  PHRM302
requesting:  http://10.0.100.98:8000/bbinfo/matching_courses/PHRM302%25
r= <Response [200]>
matching classes= set([u'PHRM302_SEM2_2018', u'PHRM302_SEM2_2016', u'PHRM302_SEM2_2017', u'PHRM302_15_RATV', u'PHRM302_13_REDM'])
[u'', u'', u'', u'', u'', u'', u'', u'', u'', u'', u'', u'', u'']
check '' ''
[u'PLST301_SEM1_2018', u'PLST301_SEM1_2017', u'PLST301', u'POLICY STUDIES III', u'NDPMN1', u'ND: PUBLIC MANAGEMENT', u'21', u'SEMESTER 1', u'D1', u'Durban Campus Full-time', u'A', u'40006232:HADEBE', 171.0]
check 'PLST301_SEM1_2018' 'PLST301'
processXLS: only for SEM2 [u'PLST301_SEM1_2018', u'PLST301_SEM1_2017', u'PLST301', u'POLICY STUDIES III', u'NDPMN1', u'ND: PUBLIC MANAGEMENT', u'21', u'SEMESTER 1', u'D1', u'Durban Campus Full-time', u'A', u'40006232:HADEBE', 171.0]
[u'PLST301_SEM1_2018', u'PLST301_SEM1_2017', u'PLST301', u'POLICY STUDIES III', u'NODIP6', u'NON-DIPLOMA PURPOSE (MAN SC)', u'21', u'SEMESTER 1', u'D7', u'DBN FULL-TIME NON-SUBSIDISED', u'A', u'40006232:HADEBE', 29.0]
check 'PLST301_SEM1_2018' 'PLST301'
processXLS: only for SEM2 [u'PLST301_SEM1_2018', u'PLST301_SEM1_2017', u'PLST301', u'POLICY STUDIES III', u'NODIP6', u'NON-DIPLOMA PURPOSE (MAN SC)', u'21', u'SEMESTER 1', u'D7', u'DBN FULL-TIME NON-SUBSIDISED', u'A', u'40006232:HADEBE', 29.0]
[u'', u'', u'', u'', u'', u'', u'', u'', u'', u'', u'', u'', u'']
check '' ''
[u'PMPR302_SEM2_2018', u'PMPR302_SEM2_2017', u'PMPR302', u'PUBLIC MANAGEMENT PRACTICE III', u'NDPMN1', u'ND: PUBLIC MANAGEMENT', u'22', u'SEMESTER 2', u'D1', u'Durban Campus Full-time', u'A', u'40000258: PILLAY', 175.0]
check 'PMPR302_SEM2_2018' 'PMPR302'
adding  PMPR302
requesting:  http://10.0.100.98:8000/bbinfo/matching_courses/PMPR302%25
r= <Response [200]>
matching classes= set([u'PMPR302_SEM2_2016', u'PMPR302_SEM2_2017', u'PMPR302_13_REDM', u'PMPR302_SEM2_2018'])
[u'', u'', u'', u'', u'', u'', u'', u'', u'', u'', u'', u'', u'']
check '' ''
[u'GREL401_SEM2_2018', u'GREL401_SEM2_2017', u'GREL401', u'GOVERNMENT RELATIONS IV', u'BTPMN1', u'BT: PUBLIC MANAGEMENT', u'22', u'SEMESTER 2', u'D1', u'Durban Campus Full-time', u'A', u'40000258: PILLAY', 72.0]
check 'GREL401_SEM2_2018' 'GREL401'
adding  GREL401
requesting:  http://10.0.100.98:8000/bbinfo/matching_courses/GREL401%25
r= <Response [200]>
matching classes= set([u'GREL401_SEM2_2018', u'GREL401_13_THOC', u'GREL401_SEM2_2016', u'GREL401_SEM2_2017'])
[u'GREL401_SEM2_2018', u'GREL401_SEM2_2017', u'GREL401', u'GOVERNMENT RELATIONS IV', u'BTPMN1', u'BT: PUBLIC MANAGEMENT', u'22', u'SEMESTER 2', u'D3', u'Durban Campus Part-time', u'A', u'40000258: PILLAY', 74.0]
check 'GREL401_SEM2_2018' 'GREL401'
adding  GREL401
requesting:  http://10.0.100.98:8000/bbinfo/matching_courses/GREL401%25
r= <Response [200]>
matching classes= set([u'GREL401_SEM2_2018', u'GREL401_13_THOC', u'GREL401_SEM2_2016', u'GREL401_SEM2_2017'])
[u'', u'', u'', u'', u'', u'', u'', u'', u'', u'', u'', u'', u'']
check '' ''
[u'PBAC401_SEM1_2018', u'PBAC401_SEM1_2017', u'PBAC401', u'PUBLIC ACCOUNTABILITY IV', u'BTPMN1', u'BT: PUBLIC MANAGEMENT', u'21', u'SEMESTER 1', u'D1', u'Durban Campus Full-time', u'A', u'40000258: PILLAY', 82.0]
check 'PBAC401_SEM1_2018' 'PBAC401'
processXLS: only for SEM2 [u'PBAC401_SEM1_2018', u'PBAC401_SEM1_2017', u'PBAC401', u'PUBLIC ACCOUNTABILITY IV', u'BTPMN1', u'BT: PUBLIC MANAGEMENT', u'21', u'SEMESTER 1', u'D1', u'Durban Campus Full-time', u'A', u'40000258: PILLAY', 82.0]
[u'PBAC401_SEM1_2018', u'PBAC401_SEM1_2017', u'PBAC401', u'PUBLIC ACCOUNTABILITY IV', u'BTPMN1', u'BT: PUBLIC MANAGEMENT', u'21', u'SEMESTER 1', u'D3', u'Durban Campus Part-time', u'A', u'40000258: PILLAY', 74.0]
check 'PBAC401_SEM1_2018' 'PBAC401'
processXLS: only for SEM2 [u'PBAC401_SEM1_2018', u'PBAC401_SEM1_2017', u'PBAC401', u'PUBLIC ACCOUNTABILITY IV', u'BTPMN1', u'BT: PUBLIC MANAGEMENT', u'21', u'SEMESTER 1', u'D3', u'Durban Campus Part-time', u'A', u'40000258: PILLAY', 74.0]
[u'', u'', u'', u'', u'', u'', u'', u'', u'', u'', u'', u'', u'']
check '' ''
[u'PPOM401_SEM2_2018', u'PPOM401_SEM2_2017', u'PPOM401', u'PUBLIC POLICY MANAGEMENT IV', u'BTPMN1', u'BT: PUBLIC MANAGEMENT', u'22', u'SEMESTER 2', u'D1', u'Durban Campus Full-time', u'A', u'40000258: PILLAY', 71.0]
check 'PPOM401_SEM2_2018' 'PPOM401'
adding  PPOM401
requesting:  http://10.0.100.98:8000/bbinfo/matching_courses/PPOM401%25
r= <Response [200]>
matching classes= set([u'PPOM401_SEM2_2016', u'PPOM401_SEM2_2017', u'PPOM401_SEM2_2018', u'PPOM401_13_THOC', u'PPOM401_15_NTSB'])
[u'PPOM401_SEM2_2018', u'PPOM401_SEM2_2017', u'PPOM401', u'PUBLIC POLICY MANAGEMENT IV', u'BTPMN1', u'BT: PUBLIC MANAGEMENT', u'22', u'SEMESTER 2', u'D3', u'Durban Campus Part-time', u'A', u'40000258: PILLAY', 67.0]
check 'PPOM401_SEM2_2018' 'PPOM401'
adding  PPOM401
requesting:  http://10.0.100.98:8000/bbinfo/matching_courses/PPOM401%25
r= <Response [200]>
matching classes= set([u'PPOM401_SEM2_2016', u'PPOM401_SEM2_2017', u'PPOM401_SEM2_2018', u'PPOM401_13_THOC', u'PPOM401_15_NTSB'])
[u'', u'', u'', u'', u'', u'', u'', u'', u'', u'', u'', u'', u'']
check '' ''
[u'RIMN401_SEM1_2018', u'RIMN401_SEM1_2017', u'RIMN401', u'RESEARCH AND INFORMATION MANAGEMENT IV', u'BTPMN1', u'BT: PUBLIC MANAGEMENT', u'21', u'SEMESTER 1', u'D1', u'Durban Campus Full-time', u'A', u'40000258: PILLAY', 83.0]
check 'RIMN401_SEM1_2018' 'RIMN401'
processXLS: only for SEM2 [u'RIMN401_SEM1_2018', u'RIMN401_SEM1_2017', u'RIMN401', u'RESEARCH AND INFORMATION MANAGEMENT IV', u'BTPMN1', u'BT: PUBLIC MANAGEMENT', u'21', u'SEMESTER 1', u'D1', u'Durban Campus Full-time', u'A', u'40000258: PILLAY', 83.0]
[u'RIMN401_SEM1_2018', u'RIMN401_SEM1_2017', u'RIMN401', u'RESEARCH AND INFORMATION MANAGEMENT IV', u'BTPMN1', u'BT: PUBLIC MANAGEMENT', u'21', u'SEMESTER 1', u'D3', u'Durban Campus Part-time', u'A', u'40000258: PILLAY', 66.0]
check 'RIMN401_SEM1_2018' 'RIMN401'
processXLS: only for SEM2 [u'RIMN401_SEM1_2018', u'RIMN401_SEM1_2017', u'RIMN401', u'RESEARCH AND INFORMATION MANAGEMENT IV', u'BTPMN1', u'BT: PUBLIC MANAGEMENT', u'21', u'SEMESTER 1', u'D3', u'Durban Campus Part-time', u'A', u'40000258: PILLAY', 66.0]
[u'', u'', u'', u'', u'', u'', u'', u'', u'', u'', u'', u'', u'']
check '' ''
[u'SPHM401_SEM1_2018', u'SPHM401_SEM1_2017', u'SPHM401', u'STRATEGIC PUBLIC HUMAN RESOURCE MANAGEMENT IV', u'BTPMN1', u'BT: PUBLIC MANAGEMENT', u'21', u'SEMESTER 1', u'D1', u'Durban Campus Full-time', u'A', u'40000666: PILLAY', 81.0]
check 'SPHM401_SEM1_2018' 'SPHM401'
processXLS: only for SEM2 [u'SPHM401_SEM1_2018', u'SPHM401_SEM1_2017', u'SPHM401', u'STRATEGIC PUBLIC HUMAN RESOURCE MANAGEMENT IV', u'BTPMN1', u'BT: PUBLIC MANAGEMENT', u'21', u'SEMESTER 1', u'D1', u'Durban Campus Full-time', u'A', u'40000666: PILLAY', 81.0]
[u'SPHM401_SEM1_2018', u'SPHM401_SEM1_2017', u'SPHM401', u'STRATEGIC PUBLIC HUMAN RESOURCE MANAGEMENT IV', u'BTPMN1', u'BT: PUBLIC MANAGEMENT', u'21', u'SEMESTER 1', u'D3', u'Durban Campus Part-time', u'A', u'40000666: PILLAY', 66.0]
check 'SPHM401_SEM1_2018' 'SPHM401'
processXLS: only for SEM2 [u'SPHM401_SEM1_2018', u'SPHM401_SEM1_2017', u'SPHM401', u'STRATEGIC PUBLIC HUMAN RESOURCE MANAGEMENT IV', u'BTPMN1', u'BT: PUBLIC MANAGEMENT', u'21', u'SEMESTER 1', u'D3', u'Durban Campus Part-time', u'A', u'40000666: PILLAY', 66.0]
[u'', u'', u'', u'', u'', u'', u'', u'', u'', u'', u'', u'', u'']
check '' ''
[u'STPM402_SEM2_2018', u'STPM402_SEM2_2017', u'STPM402', u'STRATEGIC PUBLIC MANAGEMENT IV', u'BTPMN1', u'BT: PUBLIC MANAGEMENT', u'22', u'SEMESTER 2', u'D1', u'Durban Campus Full-time', u'A', u'40000258: PILLAY', 71.0]
check 'STPM402_SEM2_2018' 'STPM402'
adding  STPM402
requesting:  http://10.0.100.98:8000/bbinfo/matching_courses/STPM402%25
r= <Response [200]>
matching classes= set([u'STPM402_13_THOC', u'STPM402_SEM2_2018', u'STPM402_SEM2_2017', u'STPM402_SEM2_2016'])
[u'STPM402_SEM2_2018', u'STPM402_SEM2_2017', u'STPM402', u'STRATEGIC PUBLIC MANAGEMENT IV', u'BTPMN1', u'BT: PUBLIC MANAGEMENT', u'22', u'SEMESTER 2', u'D3', u'Durban Campus Part-time', u'A', u'40000258: PILLAY', 69.0]
check 'STPM402_SEM2_2018' 'STPM402'
adding  STPM402
requesting:  http://10.0.100.98:8000/bbinfo/matching_courses/STPM402%25
r= <Response [200]>
matching classes= set([u'STPM402_13_THOC', u'STPM402_SEM2_2018', u'STPM402_SEM2_2017', u'STPM402_SEM2_2016'])
[u'', u'', u'', u'', u'', u'', u'', u'', u'', u'', u'', u'', u'']
check '' ''
[u'RPPM511_YEAR_2018', u'RPPM511_YEAR_2017', u'RPPM511', u'DISSERTATION (2ND REGISTRATION)', u'MTPMN1', u'MT: PUBLIC MANAGEMENT', u'P0', u'POST-GRAD ANNUAL REGISTRATIONS', u'D1', u'Durban Campus Full-time', u'A', u'40000258: PILLAY', 1.0]
check 'RPPM511_YEAR_2018' 'RPPM511'
processXLS: only for SEM2 [u'RPPM511_YEAR_2018', u'RPPM511_YEAR_2017', u'RPPM511', u'DISSERTATION (2ND REGISTRATION)', u'MTPMN1', u'MT: PUBLIC MANAGEMENT', u'P0', u'POST-GRAD ANNUAL REGISTRATIONS', u'D1', u'Durban Campus Full-time', u'A', u'40000258: PILLAY', 1.0]
[u'', u'', u'', u'', u'', u'', u'', u'', u'', u'', u'', u'', u'']
check '' ''
[u'RSPM511_YEAR_2018', u'RSPM511_YEAR_2017', u'RSPM511', u'RESEARCH (1ST REGISTRATION)', u'MMHED1', u'M MANAGEMENT SCIENCES (PUB ADM -HGH ED)', u'P0', u'POST-GRAD ANNUAL REGISTRATIONS', u'D1', u'Durban Campus Full-time', u'A', u'40000258: PILLAY', 4.0]
check 'RSPM511_YEAR_2018' 'RSPM511'
processXLS: only for SEM2 [u'RSPM511_YEAR_2018', u'RSPM511_YEAR_2017', u'RSPM511', u'RESEARCH (1ST REGISTRATION)', u'MMHED1', u'M MANAGEMENT SCIENCES (PUB ADM -HGH ED)', u'P0', u'POST-GRAD ANNUAL REGISTRATIONS', u'D1', u'Durban Campus Full-time', u'A', u'40000258: PILLAY', 4.0]
[u'RSPM511_YEAR_2018', u'RSPM511_YEAR_2017', u'RSPM511', u'RESEARCH (1ST REGISTRATION)', u'MMPMN1', u'M MANAGEMENT SCIENCES (PUB ADM -PUB MAN)', u'P0', u'POST-GRAD ANNUAL REGISTRATIONS', u'D1', u'Durban Campus Full-time', u'A', u'40000258: PILLAY', 13.0]
check 'RSPM511_YEAR_2018' 'RSPM511'
processXLS: only for SEM2 [u'RSPM511_YEAR_2018', u'RSPM511_YEAR_2017', u'RSPM511', u'RESEARCH (1ST REGISTRATION)', u'MMPMN1', u'M MANAGEMENT SCIENCES (PUB ADM -PUB MAN)', u'P0', u'POST-GRAD ANNUAL REGISTRATIONS', u'D1', u'Durban Campus Full-time', u'A', u'40000258: PILLAY', 13.0]
[u'RSPM511_YEAR_2018', u'RSPM511_YEAR_2017', u'RSPM511', u'RESEARCH (1ST REGISTRATION)', u'MMPMN1', u'M MANAGEMENT SCIENCES (PUB ADM -PUB MAN)', u'P0', u'POST-GRAD ANNUAL REGISTRATIONS', u'D3', u'Durban Campus Part-time', u'A', u'40000258: PILLAY', 4.0]
check 'RSPM511_YEAR_2018' 'RSPM511'
processXLS: only for SEM2 [u'RSPM511_YEAR_2018', u'RSPM511_YEAR_2017', u'RSPM511', u'RESEARCH (1ST REGISTRATION)', u'MMPMN1', u'M MANAGEMENT SCIENCES (PUB ADM -PUB MAN)', u'P0', u'POST-GRAD ANNUAL REGISTRATIONS', u'D3', u'Durban Campus Part-time', u'A', u'40000258: PILLAY', 4.0]
[u'RSPM511_YEAR_2018', u'RSPM511_YEAR_2017', u'RSPM511', u'RESEARCH (1ST REGISTRATION)', u'MMPST1', u'M MANAGEMENT SCIENCES (PUB ADM -PCE STD)', u'P0', u'POST-GRAD ANNUAL REGISTRATIONS', u'D1', u'Durban Campus Full-time', u'A', u'40000258: PILLAY', 22.0]
check 'RSPM511_YEAR_2018' 'RSPM511'
processXLS: only for SEM2 [u'RSPM511_YEAR_2018', u'RSPM511_YEAR_2017', u'RSPM511', u'RESEARCH (1ST REGISTRATION)', u'MMPST1', u'M MANAGEMENT SCIENCES (PUB ADM -PCE STD)', u'P0', u'POST-GRAD ANNUAL REGISTRATIONS', u'D1', u'Durban Campus Full-time', u'A', u'40000258: PILLAY', 22.0]
[u'', u'', u'', u'', u'', u'', u'', u'', u'', u'', u'', u'', u'']
check '' ''
[u'RSPM521_YEAR_2018', u'RSPM521_YEAR_2017', u'RSPM521', u'RESEARCH (2ND REGISTRATION)', u'MMPMN1', u'M MANAGEMENT SCIENCES (PUB ADM -PUB MAN)', u'P0', u'POST-GRAD ANNUAL REGISTRATIONS', u'D1', u'Durban Campus Full-time', u'A', u'40000258: PILLAY', 11.0]
check 'RSPM521_YEAR_2018' 'RSPM521'
processXLS: only for SEM2 [u'RSPM521_YEAR_2018', u'RSPM521_YEAR_2017', u'RSPM521', u'RESEARCH (2ND REGISTRATION)', u'MMPMN1', u'M MANAGEMENT SCIENCES (PUB ADM -PUB MAN)', u'P0', u'POST-GRAD ANNUAL REGISTRATIONS', u'D1', u'Durban Campus Full-time', u'A', u'40000258: PILLAY', 11.0]
[u'RSPM521_YEAR_2018', u'RSPM521_YEAR_2017', u'RSPM521', u'RESEARCH (2ND REGISTRATION)', u'MMPST1', u'M MANAGEMENT SCIENCES (PUB ADM -PCE STD)', u'P0', u'POST-GRAD ANNUAL REGISTRATIONS', u'D1', u'Durban Campus Full-time', u'A', u'40000258: PILLAY', 1.0]
check 'RSPM521_YEAR_2018' 'RSPM521'
processXLS: only for SEM2 [u'RSPM521_YEAR_2018', u'RSPM521_YEAR_2017', u'RSPM521', u'RESEARCH (2ND REGISTRATION)', u'MMPST1', u'M MANAGEMENT SCIENCES (PUB ADM -PCE STD)', u'P0', u'POST-GRAD ANNUAL REGISTRATIONS', u'D1', u'Durban Campus Full-time', u'A', u'40000258: PILLAY', 1.0]
[u'', u'', u'', u'', u'', u'', u'', u'', u'', u'', u'', u'', u'']
check '' ''
[u'RSPM531_YEAR_2018', u'RSPM531_YEAR_2017', u'RSPM531', u'RESEARCH (3RD REGISTRATION)', u'MMPST1', u'M MANAGEMENT SCIENCES (PUB ADM -PCE STD)', u'P0', u'POST-GRAD ANNUAL REGISTRATIONS', u'D1', u'Durban Campus Full-time', u'A', u'40000258: PILLAY', 1.0]
check 'RSPM531_YEAR_2018' 'RSPM531'
processXLS: only for SEM2 [u'RSPM531_YEAR_2018', u'RSPM531_YEAR_2017', u'RSPM531', u'RESEARCH (3RD REGISTRATION)', u'MMPST1', u'M MANAGEMENT SCIENCES (PUB ADM -PCE STD)', u'P0', u'POST-GRAD ANNUAL REGISTRATIONS', u'D1', u'Durban Campus Full-time', u'A', u'40000258: PILLAY', 1.0]
[u'', u'', u'', u'', u'', u'', u'', u'', u'', u'', u'', u'', u'']
check '' ''
[u'RSPM611_YEAR_2018', u'RSPM611_YEAR_2017', u'RSPM611', u'RESEARCH (1ST REGISTRATION)', u'DPHED1', u'D PHIL MAN SCIENCES (PUB ADM -HGH ED)', u'P0', u'POST-GRAD ANNUAL REGISTRATIONS', u'D1', u'Durban Campus Full-time', u'A', u'40000258: PILLAY', 2.0]
check 'RSPM611_YEAR_2018' 'RSPM611'
processXLS: only for SEM2 [u'RSPM611_YEAR_2018', u'RSPM611_YEAR_2017', u'RSPM611', u'RESEARCH (1ST REGISTRATION)', u'DPHED1', u'D PHIL MAN SCIENCES (PUB ADM -HGH ED)', u'P0', u'POST-GRAD ANNUAL REGISTRATIONS', u'D1', u'Durban Campus Full-time', u'A', u'40000258: PILLAY', 2.0]
[u'RSPM611_YEAR_2018', u'RSPM611_YEAR_2017', u'RSPM611', u'RESEARCH (1ST REGISTRATION)', u'DPPMN1', u'D PHIL MAN SCIENCES (PUB ADM - PUB MAN)', u'P0', u'POST-GRAD ANNUAL REGISTRATIONS', u'D1', u'Durban Campus Full-time', u'A', u'40000258: PILLAY', 22.0]
check 'RSPM611_YEAR_2018' 'RSPM611'
processXLS: only for SEM2 [u'RSPM611_YEAR_2018', u'RSPM611_YEAR_2017', u'RSPM611', u'RESEARCH (1ST REGISTRATION)', u'DPPMN1', u'D PHIL MAN SCIENCES (PUB ADM - PUB MAN)', u'P0', u'POST-GRAD ANNUAL REGISTRATIONS', u'D1', u'Durban Campus Full-time', u'A', u'40000258: PILLAY', 22.0]
[u'RSPM611_YEAR_2018', u'RSPM611_YEAR_2017', u'RSPM611', u'RESEARCH (1ST REGISTRATION)', u'DPPMN1', u'D PHIL MAN SCIENCES (PUB ADM - PUB MAN)', u'P0', u'POST-GRAD ANNUAL REGISTRATIONS', u'D3', u'Durban Campus Part-time', u'A', u'40000258: PILLAY', 1.0]
check 'RSPM611_YEAR_2018' 'RSPM611'
processXLS: only for SEM2 [u'RSPM611_YEAR_2018', u'RSPM611_YEAR_2017', u'RSPM611', u'RESEARCH (1ST REGISTRATION)', u'DPPMN1', u'D PHIL MAN SCIENCES (PUB ADM - PUB MAN)', u'P0', u'POST-GRAD ANNUAL REGISTRATIONS', u'D3', u'Durban Campus Part-time', u'A', u'40000258: PILLAY', 1.0]
[u'RSPM611_YEAR_2018', u'RSPM611_YEAR_2017', u'RSPM611', u'RESEARCH (1ST REGISTRATION)', u'DPPST1', u'D PHIL MAN SCIENCES (PUB ADM -PCE STD)', u'P0', u'POST-GRAD ANNUAL REGISTRATIONS', u'D1', u'Durban Campus Full-time', u'A', u'40000258: PILLAY', 29.0]
check 'RSPM611_YEAR_2018' 'RSPM611'
processXLS: only for SEM2 [u'RSPM611_YEAR_2018', u'RSPM611_YEAR_2017', u'RSPM611', u'RESEARCH (1ST REGISTRATION)', u'DPPST1', u'D PHIL MAN SCIENCES (PUB ADM -PCE STD)', u'P0', u'POST-GRAD ANNUAL REGISTRATIONS', u'D1', u'Durban Campus Full-time', u'A', u'40000258: PILLAY', 29.0]
[u'RSPM611_YEAR_2018', u'RSPM611_YEAR_2017', u'RSPM611', u'RESEARCH (1ST REGISTRATION)', u'DPPST1', u'D PHIL MAN SCIENCES (PUB ADM -PCE STD)', u'P0', u'POST-GRAD ANNUAL REGISTRATIONS', u'D3', u'Durban Campus Part-time', u'A', u'40000258: PILLAY', 3.0]
check 'RSPM611_YEAR_2018' 'RSPM611'
processXLS: only for SEM2 [u'RSPM611_YEAR_2018', u'RSPM611_YEAR_2017', u'RSPM611', u'RESEARCH (1ST REGISTRATION)', u'DPPST1', u'D PHIL MAN SCIENCES (PUB ADM -PCE STD)', u'P0', u'POST-GRAD ANNUAL REGISTRATIONS', u'D3', u'Durban Campus Part-time', u'A', u'40000258: PILLAY', 3.0]
[u'', u'', u'', u'', u'', u'', u'', u'', u'', u'', u'', u'', u'']
check '' ''
[u'RSPM621_YEAR_2018', u'RSPM621_YEAR_2017', u'RSPM621', u'RESEARCH (2ND REGISTRATION)', u'DPPMN1', u'D PHIL MAN SCIENCES (PUB ADM - PUB MAN)', u'P0', u'POST-GRAD ANNUAL REGISTRATIONS', u'D1', u'Durban Campus Full-time', u'A', u'40000258: PILLAY', 6.0]
check 'RSPM621_YEAR_2018' 'RSPM621'
processXLS: only for SEM2 [u'RSPM621_YEAR_2018', u'RSPM621_YEAR_2017', u'RSPM621', u'RESEARCH (2ND REGISTRATION)', u'DPPMN1', u'D PHIL MAN SCIENCES (PUB ADM - PUB MAN)', u'P0', u'POST-GRAD ANNUAL REGISTRATIONS', u'D1', u'Durban Campus Full-time', u'A', u'40000258: PILLAY', 6.0]
[u'RSPM621_YEAR_2018', u'RSPM621_YEAR_2017', u'RSPM621', u'RESEARCH (2ND REGISTRATION)', u'DPPMN1', u'D PHIL MAN SCIENCES (PUB ADM - PUB MAN)', u'P0', u'POST-GRAD ANNUAL REGISTRATIONS', u'D3', u'Durban Campus Part-time', u'A', u'40000258: PILLAY', 5.0]
check 'RSPM621_YEAR_2018' 'RSPM621'
processXLS: only for SEM2 [u'RSPM621_YEAR_2018', u'RSPM621_YEAR_2017', u'RSPM621', u'RESEARCH (2ND REGISTRATION)', u'DPPMN1', u'D PHIL MAN SCIENCES (PUB ADM - PUB MAN)', u'P0', u'POST-GRAD ANNUAL REGISTRATIONS', u'D3', u'Durban Campus Part-time', u'A', u'40000258: PILLAY', 5.0]
[u'RSPM621_YEAR_2018', u'RSPM621_YEAR_2017', u'RSPM621', u'RESEARCH (2ND REGISTRATION)', u'DPPST1', u'D PHIL MAN SCIENCES (PUB ADM -PCE STD)', u'P0', u'POST-GRAD ANNUAL REGISTRATIONS', u'D1', u'Durban Campus Full-time', u'A', u'40000258: PILLAY', 13.0]
check 'RSPM621_YEAR_2018' 'RSPM621'
processXLS: only for SEM2 [u'RSPM621_YEAR_2018', u'RSPM621_YEAR_2017', u'RSPM621', u'RESEARCH (2ND REGISTRATION)', u'DPPST1', u'D PHIL MAN SCIENCES (PUB ADM -PCE STD)', u'P0', u'POST-GRAD ANNUAL REGISTRATIONS', u'D1', u'Durban Campus Full-time', u'A', u'40000258: PILLAY', 13.0]
[u'RSPM621_YEAR_2018', u'RSPM621_YEAR_2017', u'RSPM621', u'RESEARCH (2ND REGISTRATION)', u'DPPST1', u'D PHIL MAN SCIENCES (PUB ADM -PCE STD)', u'P0', u'POST-GRAD ANNUAL REGISTRATIONS', u'D3', u'Durban Campus Part-time', u'A', u'40000258: PILLAY', 1.0]
check 'RSPM621_YEAR_2018' 'RSPM621'
processXLS: only for SEM2 [u'RSPM621_YEAR_2018', u'RSPM621_YEAR_2017', u'RSPM621', u'RESEARCH (2ND REGISTRATION)', u'DPPST1', u'D PHIL MAN SCIENCES (PUB ADM -PCE STD)', u'P0', u'POST-GRAD ANNUAL REGISTRATIONS', u'D3', u'Durban Campus Part-time', u'A', u'40000258: PILLAY', 1.0]
[u'', u'', u'', u'', u'', u'', u'', u'', u'', u'', u'', u'', u'']
check '' ''
[u'RSPM631_YEAR_2018', u'RSPM631_YEAR_2017', u'RSPM631', u'RESEARCH (3RD REGISTRATION)', u'DPPMN1', u'D PHIL MAN SCIENCES (PUB ADM - PUB MAN)', u'P0', u'POST-GRAD ANNUAL REGISTRATIONS', u'D3', u'Durban Campus Part-time', u'A', u'40000258: PILLAY', 1.0]
check 'RSPM631_YEAR_2018' 'RSPM631'
processXLS: only for SEM2 [u'RSPM631_YEAR_2018', u'RSPM631_YEAR_2017', u'RSPM631', u'RESEARCH (3RD REGISTRATION)', u'DPPMN1', u'D PHIL MAN SCIENCES (PUB ADM - PUB MAN)', u'P0', u'POST-GRAD ANNUAL REGISTRATIONS', u'D3', u'Durban Campus Part-time', u'A', u'40000258: PILLAY', 1.0]
[u'RSPM631_YEAR_2018', u'RSPM631_YEAR_2017', u'RSPM631', u'RESEARCH (3RD REGISTRATION)', u'DPPST1', u'D PHIL MAN SCIENCES (PUB ADM -PCE STD)', u'P0', u'POST-GRAD ANNUAL REGISTRATIONS', u'D1', u'Durban Campus Full-time', u'A', u'40000258: PILLAY', 6.0]
check 'RSPM631_YEAR_2018' 'RSPM631'
processXLS: only for SEM2 [u'RSPM631_YEAR_2018', u'RSPM631_YEAR_2017', u'RSPM631', u'RESEARCH (3RD REGISTRATION)', u'DPPST1', u'D PHIL MAN SCIENCES (PUB ADM -PCE STD)', u'P0', u'POST-GRAD ANNUAL REGISTRATIONS', u'D1', u'Durban Campus Full-time', u'A', u'40000258: PILLAY', 6.0]
[u'', u'', u'', u'', u'', u'', u'', u'', u'', u'', u'', u'', u'']
check '' ''
[u'RSPM641_YEAR_2018', u'RSPM641_YEAR_2017', u'RSPM641', u'RESEARCH (4TH REGISTRATION)', u'DPPST1', u'D PHIL MAN SCIENCES (PUB ADM -PCE STD)', u'P0', u'POST-GRAD ANNUAL REGISTRATIONS', u'D3', u'Durban Campus Part-time', u'A', u'40000258: PILLAY', 3.0]
check 'RSPM641_YEAR_2018' 'RSPM641'
processXLS: only for SEM2 [u'RSPM641_YEAR_2018', u'RSPM641_YEAR_2017', u'RSPM641', u'RESEARCH (4TH REGISTRATION)', u'DPPST1', u'D PHIL MAN SCIENCES (PUB ADM -PCE STD)', u'P0', u'POST-GRAD ANNUAL REGISTRATIONS', u'D3', u'Durban Campus Part-time', u'A', u'40000258: PILLAY', 3.0]
[u'', u'', u'', u'', u'', u'', u'', u'', u'', u'', u'', u'', u'']
check '' ''
[u'GVNP101_SEM1_2018', u'GVNP101_SEM1_2017', u'GVNP101', u'GVNP101: GOVERNANCE AND POLITICS 2017', u'DIPAR1', u'DIPLOMA IN PUBLIC MANAGEMENT', 21.0, u'SEMESTER 1', u'D1', u'Durban Campus Full-time', u'A', u'40007517:DORASAMY', 1.0]
check 'GVNP101_SEM1_2018' 'GVNP101'
processXLS: only for SEM2 [u'GVNP101_SEM1_2018', u'GVNP101_SEM1_2017', u'GVNP101', u'GVNP101: GOVERNANCE AND POLITICS 2017', u'DIPAR1', u'DIPLOMA IN PUBLIC MANAGEMENT', 21.0, u'SEMESTER 1', u'D1', u'Durban Campus Full-time', u'A', u'40007517:DORASAMY', 1.0]
[u'GVNP101_SEM1_2018', u'GVNP101_SEM1_2017', u'GVNP101', u'GVNP101: GOVERNANCE AND POLITICS 2017', u'DIPAS1', u'DIPLOMA IN PUBLIC MANAGEMENT', 21.0, u'SEMESTER 1', u'D1', u'Durban Campus Full-time', u'A', u'40007517:DORASAMY', 1.0]
check 'GVNP101_SEM1_2018' 'GVNP101'
processXLS: only for SEM2 [u'GVNP101_SEM1_2018', u'GVNP101_SEM1_2017', u'GVNP101', u'GVNP101: GOVERNANCE AND POLITICS 2017', u'DIPAS1', u'DIPLOMA IN PUBLIC MANAGEMENT', 21.0, u'SEMESTER 1', u'D1', u'Durban Campus Full-time', u'A', u'40007517:DORASAMY', 1.0]
[u'GVNP101_SEM1_2018', u'GVNP101_SEM1_2017', u'GVNP101', u'GVNP101: GOVERNANCE AND POLITICS 2017', u'DIPAP1', u'DIPLOMA IN PUBLIC MANAGEMENT', 21.0, u'SEMESTER 1', u'D1', u'Durban Campus Full-time', u'A', u'40007517:DORASAMY', 1.0]
check 'GVNP101_SEM1_2018' 'GVNP101'
processXLS: only for SEM2 [u'GVNP101_SEM1_2018', u'GVNP101_SEM1_2017', u'GVNP101', u'GVNP101: GOVERNANCE AND POLITICS 2017', u'DIPAP1', u'DIPLOMA IN PUBLIC MANAGEMENT', 21.0, u'SEMESTER 1', u'D1', u'Durban Campus Full-time', u'A', u'40007517:DORASAMY', 1.0]
[u'GVNP101_SEM1_2018', u'GVNP101_SEM1_2017', u'GVNP101', u'GVNP101: GOVERNANCE AND POLITICS 2017', u'DIPAL1', u'DIPLOMA IN PUBLIC MANAGEMENT', 21.0, u'SEMESTER 1', u'D1', u'Durban Campus Full-time', u'A', u'40007517:DORASAMY', 1.0]
check 'GVNP101_SEM1_2018' 'GVNP101'
processXLS: only for SEM2 [u'GVNP101_SEM1_2018', u'GVNP101_SEM1_2017', u'GVNP101', u'GVNP101: GOVERNANCE AND POLITICS 2017', u'DIPAL1', u'DIPLOMA IN PUBLIC MANAGEMENT', 21.0, u'SEMESTER 1', u'D1', u'Durban Campus Full-time', u'A', u'40007517:DORASAMY', 1.0]
[u'', u'', u'', u'', u'', u'', u'', u'', u'', u'', u'', u'', u'']
check '' ''
[u'DRMN101_SEM2_2018', u'DRMN101_SEM2_2017', u'DRMN101', u'DRMN101: DISASTER AND RISK MANAGEMENT I 2017', u'DIPAR1', u'DIPLOMA IN PUBLIC MANAGEMENT', 22.0, u'SEMESTER 2', u'D1', u'Durban Campus Full-time', u'A', u'40000387:REDDY', 1.0]
check 'DRMN101_SEM2_2018' 'DRMN101'
processXLS: only for SEM2 [u'DRMN101_SEM2_2018', u'DRMN101_SEM2_2017', u'DRMN101', u'DRMN101: DISASTER AND RISK MANAGEMENT I 2017', u'DIPAR1', u'DIPLOMA IN PUBLIC MANAGEMENT', 22.0, u'SEMESTER 2', u'D1', u'Durban Campus Full-time', u'A', u'40000387:REDDY', 1.0]
[u'', u'', u'', u'', u'', u'', u'', u'', u'', u'', u'', u'', u'']
check '' ''
[u'LEDV101_SEM2_2018', u'LEDV101_SEM2_2017', u'LEDV101', u'LEDV101: LOCAL ECONOMIC DEVELOPMENT 2017', u'DIPAL1', u'DIP IN PUBLIC ADMIN (LOCAL GOV)', u'22', u'SEMESTER 2', u'D1', u'Durban Campus Part-time', u'A', u'40000666: SS PILLAY', 1.0]
check 'LEDV101_SEM2_2018' 'LEDV101'
adding  LEDV101
requesting:  http://10.0.100.98:8000/bbinfo/matching_courses/LEDV101%25
r= <Response [200]>
matching classes= set([u'LEDV101_SEM2_2018', u'LEDV101_SEM2_2017'])
[u'', u'', u'', u'', u'', u'', u'', u'', u'', u'', u'', u'', u'']
check '' ''
[u'', u'', u'', u'', u'', u'', u'', u'', u'', u'', u'', u'', u'']
check '' ''
[u'', u'', u'', u'', u'', u'', u'', u'', u'', u'', u'', u'', u'']
check '' ''
[u'QTAP101_SEM1_2018', u'template_2018', u'QTAP101', u'QTAP101: QUANTITATIVE APPROACHES TO MNGT ', u'DIPAR1', u'DIPLOMA IN PUBLIC MANAGEMENT', 21.0, u'SEMESTER 1', u'D1', u'Durban Campus Full-time', u'', u'50002520: DAVIS', u'']
check 'QTAP101_SEM1_2018' 'QTAP101'
processXLS: only for SEM2 [u'QTAP101_SEM1_2018', u'template_2018', u'QTAP101', u'QTAP101: QUANTITATIVE APPROACHES TO MNGT ', u'DIPAR1', u'DIPLOMA IN PUBLIC MANAGEMENT', 21.0, u'SEMESTER 1', u'D1', u'Durban Campus Full-time', u'', u'50002520: DAVIS', u'']
[u'QTAP101_SEM1_2018', u'template_2018', u'QTAP101', u'QTAP101: QUANTITATIVE APPROACHES TO MNGT ', u'DIPAS1', u'DIPLOMA IN PUBLIC MANAGEMENT', 21.0, u'SEMESTER 1', u'D1', u'Durban Campus Full-time', u'', u'50002520: DAVIS', u'']
check 'QTAP101_SEM1_2018' 'QTAP101'
processXLS: only for SEM2 [u'QTAP101_SEM1_2018', u'template_2018', u'QTAP101', u'QTAP101: QUANTITATIVE APPROACHES TO MNGT ', u'DIPAS1', u'DIPLOMA IN PUBLIC MANAGEMENT', 21.0, u'SEMESTER 1', u'D1', u'Durban Campus Full-time', u'', u'50002520: DAVIS', u'']
[u'QTAP101_SEM1_2018', u'template_2018', u'QTAP101', u'QTAP101: QUANTITATIVE APPROACHES TO MNGT ', u'DIPAP1', u'DIPLOMA IN PUBLIC MANAGEMENT', 21.0, u'SEMESTER 1', u'D1', u'Durban Campus Full-time', u'', u'50002520: DAVIS', u'']
check 'QTAP101_SEM1_2018' 'QTAP101'
processXLS: only for SEM2 [u'QTAP101_SEM1_2018', u'template_2018', u'QTAP101', u'QTAP101: QUANTITATIVE APPROACHES TO MNGT ', u'DIPAP1', u'DIPLOMA IN PUBLIC MANAGEMENT', 21.0, u'SEMESTER 1', u'D1', u'Durban Campus Full-time', u'', u'50002520: DAVIS', u'']
[u'QTAP101_SEM1_2018', u'template_2018', u'QTAP101', u'QTAP101: QUANTITATIVE APPROACHES TO MNGT ', u'DIPAL1', u'DIPLOMA IN PUBLIC MANAGEMENT', 21.0, u'SEMESTER 1', u'D1', u'Durban Campus Full-time', u'', u'50002520: DAVIS', u'']
check 'QTAP101_SEM1_2018' 'QTAP101'
processXLS: only for SEM2 [u'QTAP101_SEM1_2018', u'template_2018', u'QTAP101', u'QTAP101: QUANTITATIVE APPROACHES TO MNGT ', u'DIPAL1', u'DIPLOMA IN PUBLIC MANAGEMENT', 21.0, u'SEMESTER 1', u'D1', u'Durban Campus Full-time', u'', u'50002520: DAVIS', u'']
[u'', u'', u'', u'', u'', u'', u'', u'', u'', u'', u'', u'', u'']
check '' ''
[u'PMAD101_SEM1_2018', u'template_2018', u'PMAD101', u'PMAD101: PUBLIC MANAGEMENT & ADMINISTRATION', u'DIPAR1', u'DIPLOMA IN PUBLIC MANAGEMENT', 21.0, u'SEMESTER 1', u'D1', u'Durban Campus Full-time', u'', u'40000258: PILLAY', u'']
check 'PMAD101_SEM1_2018' 'PMAD101'
processXLS: only for SEM2 [u'PMAD101_SEM1_2018', u'template_2018', u'PMAD101', u'PMAD101: PUBLIC MANAGEMENT & ADMINISTRATION', u'DIPAR1', u'DIPLOMA IN PUBLIC MANAGEMENT', 21.0, u'SEMESTER 1', u'D1', u'Durban Campus Full-time', u'', u'40000258: PILLAY', u'']
[u'PMAD101_SEM1_2018', u'template_2018', u'PMAD101', u'PMAD101: PUBLIC MANAGEMENT & ADMINISTRATION', u'DIPAS1', u'DIPLOMA IN PUBLIC MANAGEMENT', 21.0, u'SEMESTER 1', u'D1', u'Durban Campus Full-time', u'', u'40000258: PILLAY', u'']
check 'PMAD101_SEM1_2018' 'PMAD101'
processXLS: only for SEM2 [u'PMAD101_SEM1_2018', u'template_2018', u'PMAD101', u'PMAD101: PUBLIC MANAGEMENT & ADMINISTRATION', u'DIPAS1', u'DIPLOMA IN PUBLIC MANAGEMENT', 21.0, u'SEMESTER 1', u'D1', u'Durban Campus Full-time', u'', u'40000258: PILLAY', u'']
[u'PMAD101_SEM1_2018', u'template_2018', u'PMAD101', u'PMAD101: PUBLIC MANAGEMENT & ADMINISTRATION', u'DIPAP1', u'DIPLOMA IN PUBLIC MANAGEMENT', 21.0, u'SEMESTER 1', u'D1', u'Durban Campus Full-time', u'', u'40000258: PILLAY', u'']
check 'PMAD101_SEM1_2018' 'PMAD101'
processXLS: only for SEM2 [u'PMAD101_SEM1_2018', u'template_2018', u'PMAD101', u'PMAD101: PUBLIC MANAGEMENT & ADMINISTRATION', u'DIPAP1', u'DIPLOMA IN PUBLIC MANAGEMENT', 21.0, u'SEMESTER 1', u'D1', u'Durban Campus Full-time', u'', u'40000258: PILLAY', u'']
[u'PMAD101_SEM1_2018', u'template_2018', u'PMAD101', u'PMAD101: PUBLIC MANAGEMENT & ADMINISTRATION', u'DIPAL1', u'DIPLOMA IN PUBLIC MANAGEMENT', 21.0, u'SEMESTER 1', u'D1', u'Durban Campus Full-time', u'', u'40000258: PILLAY', u'']
check 'PMAD101_SEM1_2018' 'PMAD101'
processXLS: only for SEM2 [u'PMAD101_SEM1_2018', u'template_2018', u'PMAD101', u'PMAD101: PUBLIC MANAGEMENT & ADMINISTRATION', u'DIPAL1', u'DIPLOMA IN PUBLIC MANAGEMENT', 21.0, u'SEMESTER 1', u'D1', u'Durban Campus Full-time', u'', u'40000258: PILLAY', u'']
[u'', u'', u'', u'', u'', u'', u'', u'', u'', u'', u'', u'', u'']
check '' ''
[u'PFNM201_SEM1_2018', u'template_2018', u'PFNM201', u'PFNM201: PUBLIC FINANCE MANAGEMENT 2', u'DIPAS1', u'DIPLOMA IN PUBLIC MANAGEMENT', 21.0, u'SEMESTER 1', u'D1', u'Durban Campus Full-time', u'', u'40000350:RATILAL KESSA', u'']
check 'PFNM201_SEM1_2018' 'PFNM201'
processXLS: only for SEM2 [u'PFNM201_SEM1_2018', u'template_2018', u'PFNM201', u'PFNM201: PUBLIC FINANCE MANAGEMENT 2', u'DIPAS1', u'DIPLOMA IN PUBLIC MANAGEMENT', 21.0, u'SEMESTER 1', u'D1', u'Durban Campus Full-time', u'', u'40000350:RATILAL KESSA', u'']
[u'', u'', u'', u'', u'DIPAP1', u'DIPLOMA IN PUBLIC MANAGEMENT', 21.0, u'SEMESTER 1', u'D1', u'Durban Campus Full-time', u'', u'40000350:RATILAL KESSA', u'']
check '' ''
[u'', u'', u'', u'', u'', u'', u'', u'', u'', u'', u'', u'', u'']
check '' ''
[u'PPLC101_SEM1_2018', u'template_2018', u'PPLC101', u'PPLC101: PUBLIC POLICY MANAGEMENT ', u'DIPAP1', u'DIPLOMA IN PUBLIC MANAGEMENT', 21.0, u'SEMESTER 1', u'D1', u'Durban Campus Full-time', u'', u'40006232: HADEBE', u'']
check 'PPLC101_SEM1_2018' 'PPLC101'
processXLS: only for SEM2 [u'PPLC101_SEM1_2018', u'template_2018', u'PPLC101', u'PPLC101: PUBLIC POLICY MANAGEMENT ', u'DIPAP1', u'DIPLOMA IN PUBLIC MANAGEMENT', 21.0, u'SEMESTER 1', u'D1', u'Durban Campus Full-time', u'', u'40006232: HADEBE', u'']
[u'', u'', u'', u'', u'', u'', u'', u'', u'', u'', u'', u'', u'']
check '' ''
[u'PSEC101_SEM1_2018', u'template_2018', u'PSEC101', u'PSEC101: PUBLIC SECTOR ECONOMICS', u'DIPAP1', u'DIPLOMA IN PUBLIC MANAGEMENT', 21.0, u'SEMESTER 1', u'D1', u'Durban Campus Full-time', u'', u'50002520: DAVIS', u'']
check 'PSEC101_SEM1_2018' 'PSEC101'
processXLS: only for SEM2 [u'PSEC101_SEM1_2018', u'template_2018', u'PSEC101', u'PSEC101: PUBLIC SECTOR ECONOMICS', u'DIPAP1', u'DIPLOMA IN PUBLIC MANAGEMENT', 21.0, u'SEMESTER 1', u'D1', u'Durban Campus Full-time', u'', u'50002520: DAVIS', u'']
[u'', u'', u'', u'', u'DIPAL1', u'DIPLOMA IN PUBLIC MANAGEMENT', 21.0, u'SEMESTER 1', u'D1', u'Durban Campus Full-time', u'', u'50002520: DAVIS', u'']
check '' ''
[u'', u'', u'', u'', u'', u'', u'', u'', u'', u'', u'', u'', u'']
check '' ''
[u'DRRD201_SEM1_2018', u'template_2018', u'DRRD201', u'DRRD201: DISASTER RISK REDUCTION 2', u'DIPAR1', u'DIPLOMA IN PUBLIC MANAGEMENT', 21.0, u'SEMESTER 1', u'D1', u'Durban Campus Full-time', u'', u'40000387: REDDY', u'']
check 'DRRD201_SEM1_2018' 'DRRD201'
processXLS: only for SEM2 [u'DRRD201_SEM1_2018', u'template_2018', u'DRRD201', u'DRRD201: DISASTER RISK REDUCTION 2', u'DIPAR1', u'DIPLOMA IN PUBLIC MANAGEMENT', 21.0, u'SEMESTER 1', u'D1', u'Durban Campus Full-time', u'', u'40000387: REDDY', u'']
[u'', u'', u'', u'', u'', u'', u'', u'', u'', u'', u'', u'', u'']
check '' ''
[u'DRSR201_SEM1_2018', u'template_2018', u'DRSR201', u'DRSR201: DISASTER RESPONSE AND RECOVERY 2', u'DIPAR1', u'DIPLOMA IN PUBLIC MANAGEMENT', 21.0, u'SEMESTER 1', u'D1', u'Durban Campus Full-time', u'', u'40000387: REDDY', u'']
check 'DRSR201_SEM1_2018' 'DRSR201'
processXLS: only for SEM2 [u'DRSR201_SEM1_2018', u'template_2018', u'DRSR201', u'DRSR201: DISASTER RESPONSE AND RECOVERY 2', u'DIPAR1', u'DIPLOMA IN PUBLIC MANAGEMENT', 21.0, u'SEMESTER 1', u'D1', u'Durban Campus Full-time', u'', u'40000387: REDDY', u'']
[u'', u'', u'', u'', u'', u'', u'', u'', u'', u'', u'', u'', u'']
check '' ''
[u'LGPL101_SEM1_2018', u'template_2018', u'LGPL101', u'LGPL101: LEGISLATION AND POLICY 1', u'DIPAR1', u'DIPLOMA IN PUBLIC MANAGEMENT', 21.0, u'SEMESTER 1', u'D1', u'Durban Campus Full-time', u'', u'40000387: REDDY', u'']
check 'LGPL101_SEM1_2018' 'LGPL101'
processXLS: only for SEM2 [u'LGPL101_SEM1_2018', u'template_2018', u'LGPL101', u'LGPL101: LEGISLATION AND POLICY 1', u'DIPAR1', u'DIPLOMA IN PUBLIC MANAGEMENT', 21.0, u'SEMESTER 1', u'D1', u'Durban Campus Full-time', u'', u'40000387: REDDY', u'']
[u'', u'', u'', u'', u'', u'', u'', u'', u'', u'', u'', u'', u'']
check '' ''
[u'LGMN201_SEM1_2018', u'template_2018', u'LGMN201', u'LGMN201: LOCAL GOVERNMENT MANAGEMENT 2', u'DIPAL1', u'DIPLOMA IN PUBLIC MANAGEMENT', 21.0, u'SEMESTER 1', u'D1', u'Durban Campus Full-time', u'', u'40000666: PILLAY', u'']
check 'LGMN201_SEM1_2018' 'LGMN201'
processXLS: only for SEM2 [u'LGMN201_SEM1_2018', u'template_2018', u'LGMN201', u'LGMN201: LOCAL GOVERNMENT MANAGEMENT 2', u'DIPAL1', u'DIPLOMA IN PUBLIC MANAGEMENT', 21.0, u'SEMESTER 1', u'D1', u'Durban Campus Full-time', u'', u'40000666: PILLAY', u'']
[u'', u'', u'', u'', u'', u'', u'', u'', u'', u'', u'', u'', u'']
check '' ''
[u'MCRE101_SEM1_2018', u'template_2018', u'MCRE101', u'MCRE101:  MACRO ECONOMICS', u'DIPAS1', u'DIPLOMA IN PUBLIC MANAGEMENT', 21.0, u'SEMESTER 1', u'D1', u'Durban Campus Full-time', u'', u'40000258: PILLAY', u'']
check 'MCRE101_SEM1_2018' 'MCRE101'
processXLS: only for SEM2 [u'MCRE101_SEM1_2018', u'template_2018', u'MCRE101', u'MCRE101:  MACRO ECONOMICS', u'DIPAS1', u'DIPLOMA IN PUBLIC MANAGEMENT', 21.0, u'SEMESTER 1', u'D1', u'Durban Campus Full-time', u'', u'40000258: PILLAY', u'']
[u'', u'', u'', u'', u'', u'', u'', u'', u'', u'', u'', u'', u'']
check '' ''
[u'SCMN201_SEM1_2018', u'template_2018', u'SCMN201', u'SCMN201: SUPPLY CHAIN MANAGEEMNT 2', u'DIPAS1', u'DIPLOMA IN PUBLIC MANAGEMENT', 21.0, u'SEMESTER 1', u'D1', u'Durban Campus Full-time', u'', u'40006232: HADEBE', u'']
check 'SCMN201_SEM1_2018' 'SCMN201'
processXLS: only for SEM2 [u'SCMN201_SEM1_2018', u'template_2018', u'SCMN201', u'SCMN201: SUPPLY CHAIN MANAGEEMNT 2', u'DIPAS1', u'DIPLOMA IN PUBLIC MANAGEMENT', 21.0, u'SEMESTER 1', u'D1', u'Durban Campus Full-time', u'', u'40006232: HADEBE', u'']
[u'', u'', u'', u'', u'', u'', u'', u'', u'', u'', u'', u'', u'']
check '' ''
[u'IECO101_SEM2_2018', u'template_2018', u'IECO101', u'IECO101: INTRODUCTION TO ECONOMICS', u'DIPAP1', u'DIPLOMA IN PUBLIC MANAGEMENT', 22.0, u'SEMESTER 2', u'D1', u'Durban Campus Full-time', u'', u'MPALA', u'']
check 'IECO101_SEM2_2018' 'IECO101'
processXLS: only for SEM2 [u'IECO101_SEM2_2018', u'template_2018', u'IECO101', u'IECO101: INTRODUCTION TO ECONOMICS', u'DIPAP1', u'DIPLOMA IN PUBLIC MANAGEMENT', 22.0, u'SEMESTER 2', u'D1', u'Durban Campus Full-time', u'', u'MPALA', u'']
[u'IECO101_SEM2_2018', u'template_2018', u'IECO101', u'IECO101: INTRODUCTION TO ECONOMICS', u'DIPAL1', u'DIPLOMA IN PUBLIC MANAGEMENT', 22.0, u'SEMESTER 2', u'D1', u'Durban Campus Full-time', u'', u'MPALA', u'']
check 'IECO101_SEM2_2018' 'IECO101'
processXLS: only for SEM2 [u'IECO101_SEM2_2018', u'template_2018', u'IECO101', u'IECO101: INTRODUCTION TO ECONOMICS', u'DIPAL1', u'DIPLOMA IN PUBLIC MANAGEMENT', 22.0, u'SEMESTER 2', u'D1', u'Durban Campus Full-time', u'', u'MPALA', u'']
[u'PFNM101_SEM2_2018', u'template_2018', u'PFNM101', u'PFNM101: PUBLIC FINANCE MANAGEMENT 1', u'DIPAP1', u'DIPLOMA IN PUBLIC MANAGEMENT', 22.0, u'SEMESTER 2', u'D1', u'Durban Campus Full-time', u'', u'MPALA', u'']
check 'PFNM101_SEM2_2018' 'PFNM101'
processXLS: only for SEM2 [u'PFNM101_SEM2_2018', u'template_2018', u'PFNM101', u'PFNM101: PUBLIC FINANCE MANAGEMENT 1', u'DIPAP1', u'DIPLOMA IN PUBLIC MANAGEMENT', 22.0, u'SEMESTER 2', u'D1', u'Durban Campus Full-time', u'', u'MPALA', u'']
[u'PFNM101_SEM2_2018', u'template_2018', u'PFNM101', u'PFNM101: PUBLIC FINANCE MANAGEMENT 1', u'DIPAS1', u'DIPLOMA IN PUBLIC MANAGEMENT', 22.0, u'SEMESTER 2', u'D1', u'Durban Campus Full-time', u'', u'MPALA', u'']
check 'PFNM101_SEM2_2018' 'PFNM101'
processXLS: only for SEM2 [u'PFNM101_SEM2_2018', u'template_2018', u'PFNM101', u'PFNM101: PUBLIC FINANCE MANAGEMENT 1', u'DIPAS1', u'DIPLOMA IN PUBLIC MANAGEMENT', 22.0, u'SEMESTER 2', u'D1', u'Durban Campus Full-time', u'', u'MPALA', u'']
[u'PFNM101_SEM2_2018', u'template_2018', u'PFNM101', u'PFNM101: PUBLIC FINANCE MANAGEMENT 1', u'DIPAL1', u'DIPLOMA IN PUBLIC MANAGEMENT', 22.0, u'SEMESTER 2', u'D1', u'Durban Campus Full-time', u'', u'MPALA', u'']
check 'PFNM101_SEM2_2018' 'PFNM101'
processXLS: only for SEM2 [u'PFNM101_SEM2_2018', u'template_2018', u'PFNM101', u'PFNM101: PUBLIC FINANCE MANAGEMENT 1', u'DIPAL1', u'DIPLOMA IN PUBLIC MANAGEMENT', 22.0, u'SEMESTER 2', u'D1', u'Durban Campus Full-time', u'', u'MPALA', u'']
[u'PFNM101_SEM2_2018', u'template_2018', u'PFNM101', u'PFNM101: PUBLIC FINANCE MANAGEMENT 1', u'DIPAR1', u'DIPLOMA IN PUBLIC MANAGEMENT', 22.0, u'SEMESTER 2', u'D1', u'Durban Campus Full-time', u'', u'MPALA', u'']
check 'PFNM101_SEM2_2018' 'PFNM101'
processXLS: only for SEM2 [u'PFNM101_SEM2_2018', u'template_2018', u'PFNM101', u'PFNM101: PUBLIC FINANCE MANAGEMENT 1', u'DIPAR1', u'DIPLOMA IN PUBLIC MANAGEMENT', 22.0, u'SEMESTER 2', u'D1', u'Durban Campus Full-time', u'', u'MPALA', u'']
[u'', u'', u'', u'', u'', u'', u'', u'', u'', u'', u'', u'', u'']
check '' ''
[u'ALTP101_SEM2_2018', u'template_2018', u'ALTP101', u'ALTP101: ACADEMIC LITERACY AND PRACTICE', u'DIPAP1', u'DIPLOMA IN PUBLIC MANAGEMENT', 22.0, u'SEMESTER 2', u'D1', u'Durban Campus Full-time', u'', u'40000258: PILLAY', u'']
check 'ALTP101_SEM2_2018' 'ALTP101'
processXLS: only for SEM2 [u'ALTP101_SEM2_2018', u'template_2018', u'ALTP101', u'ALTP101: ACADEMIC LITERACY AND PRACTICE', u'DIPAP1', u'DIPLOMA IN PUBLIC MANAGEMENT', 22.0, u'SEMESTER 2', u'D1', u'Durban Campus Full-time', u'', u'40000258: PILLAY', u'']
[u'ALTP101_SEM2_2018', u'template_2018', u'ALTP101', u'ALTP101: ACADEMIC LITERACY AND PRACTICE', u'DIPAS1', u'DIPLOMA IN PUBLIC MANAGEMENT', 22.0, u'SEMESTER 2', u'D1', u'Durban Campus Full-time', u'', u'40000258: PILLAY', u'']
check 'ALTP101_SEM2_2018' 'ALTP101'
processXLS: only for SEM2 [u'ALTP101_SEM2_2018', u'template_2018', u'ALTP101', u'ALTP101: ACADEMIC LITERACY AND PRACTICE', u'DIPAS1', u'DIPLOMA IN PUBLIC MANAGEMENT', 22.0, u'SEMESTER 2', u'D1', u'Durban Campus Full-time', u'', u'40000258: PILLAY', u'']
[u'ALTP101_SEM2_2018', u'template_2018', u'ALTP101', u'ALTP101: ACADEMIC LITERACY AND PRACTICE', u'DIPAL1', u'DIPLOMA IN PUBLIC MANAGEMENT', 22.0, u'SEMESTER 2', u'D1', u'Durban Campus Full-time', u'', u'40000258: PILLAY', u'']
check 'ALTP101_SEM2_2018' 'ALTP101'
processXLS: only for SEM2 [u'ALTP101_SEM2_2018', u'template_2018', u'ALTP101', u'ALTP101: ACADEMIC LITERACY AND PRACTICE', u'DIPAL1', u'DIPLOMA IN PUBLIC MANAGEMENT', 22.0, u'SEMESTER 2', u'D1', u'Durban Campus Full-time', u'', u'40000258: PILLAY', u'']
[u'ALTP101_SEM2_2018', u'template_2018', u'ALTP101', u'ALTP101: ACADEMIC LITERACY AND PRACTICE', u'DIPAR1', u'DIPLOMA IN PUBLIC MANAGEMENT', 22.0, u'SEMESTER 2', u'D1', u'Durban Campus Full-time', u'', u'40000258: PILLAY', u'']
check 'ALTP101_SEM2_2018' 'ALTP101'
processXLS: only for SEM2 [u'ALTP101_SEM2_2018', u'template_2018', u'ALTP101', u'ALTP101: ACADEMIC LITERACY AND PRACTICE', u'DIPAR1', u'DIPLOMA IN PUBLIC MANAGEMENT', 22.0, u'SEMESTER 2', u'D1', u'Durban Campus Full-time', u'', u'40000258: PILLAY', u'']
[u'', u'', u'', u'', u'', u'', u'', u'', u'', u'', u'', u'', u'']
check '' ''
[u'TSMG101_SEM2_2018', u'template_2018', u'TSMG101', u'TSMG101:  TIME & STRESS MANAGEMENT', u'DIPAP1', u'DIPLOMA IN PUBLIC MANAGEMENT', 22.0, u'SEMESTER 2', u'D1', u'Durban Campus Full-time', u'', u'40000258: PILLAY', u'']
check 'TSMG101_SEM2_2018' 'TSMG101'
processXLS: only for SEM2 [u'TSMG101_SEM2_2018', u'template_2018', u'TSMG101', u'TSMG101:  TIME & STRESS MANAGEMENT', u'DIPAP1', u'DIPLOMA IN PUBLIC MANAGEMENT', 22.0, u'SEMESTER 2', u'D1', u'Durban Campus Full-time', u'', u'40000258: PILLAY', u'']
[u'TSMG101_SEM2_2018', u'template_2018', u'TSMG101', u'TSMG101:  TIME & STRESS MANAGEMENT', u'DIPAS1', u'DIPLOMA IN PUBLIC MANAGEMENT', 22.0, u'SEMESTER 2', u'D1', u'Durban Campus Full-time', u'', u'40000258: PILLAY', u'']
check 'TSMG101_SEM2_2018' 'TSMG101'
processXLS: only for SEM2 [u'TSMG101_SEM2_2018', u'template_2018', u'TSMG101', u'TSMG101:  TIME & STRESS MANAGEMENT', u'DIPAS1', u'DIPLOMA IN PUBLIC MANAGEMENT', 22.0, u'SEMESTER 2', u'D1', u'Durban Campus Full-time', u'', u'40000258: PILLAY', u'']
[u'TSMG101_SEM2_2018', u'template_2018', u'TSMG101', u'TSMG101:  TIME & STRESS MANAGEMENT', u'DIPAL1', u'DIPLOMA IN PUBLIC MANAGEMENT', 22.0, u'SEMESTER 2', u'D1', u'Durban Campus Full-time', u'', u'40000258: PILLAY', u'']
check 'TSMG101_SEM2_2018' 'TSMG101'
processXLS: only for SEM2 [u'TSMG101_SEM2_2018', u'template_2018', u'TSMG101', u'TSMG101:  TIME & STRESS MANAGEMENT', u'DIPAL1', u'DIPLOMA IN PUBLIC MANAGEMENT', 22.0, u'SEMESTER 2', u'D1', u'Durban Campus Full-time', u'', u'40000258: PILLAY', u'']
[u'TSMG101_SEM2_2018', u'template_2018', u'TSMG101', u'TSMG101:  TIME & STRESS MANAGEMENT', u'DIPAR1', u'DIPLOMA IN PUBLIC MANAGEMENT', 22.0, u'SEMESTER 2', u'D1', u'Durban Campus Full-time', u'', u'40000258: PILLAY', u'']
check 'TSMG101_SEM2_2018' 'TSMG101'
processXLS: only for SEM2 [u'TSMG101_SEM2_2018', u'template_2018', u'TSMG101', u'TSMG101:  TIME & STRESS MANAGEMENT', u'DIPAR1', u'DIPLOMA IN PUBLIC MANAGEMENT', 22.0, u'SEMESTER 2', u'D1', u'Durban Campus Full-time', u'', u'40000258: PILLAY', u'']
[u'', u'', u'', u'', u'', u'', u'', u'', u'', u'', u'', u'', u'']
check '' ''
[u'DVLP101_SEM2_2018', u'template_2018', u'DVLP101', u'DVLP101: DEVELOPMENT MANAGEMENT 1', u'DIPAR1', u'DIPLOMA IN PUBLIC MANAGEMENT', 22.0, u'SEMESTER 2', u'D1', u'Durban Campus Full-time', u'', u'40000350: KESSA', u'']
check 'DVLP101_SEM2_2018' 'DVLP101'
processXLS: only for SEM2 [u'DVLP101_SEM2_2018', u'template_2018', u'DVLP101', u'DVLP101: DEVELOPMENT MANAGEMENT 1', u'DIPAR1', u'DIPLOMA IN PUBLIC MANAGEMENT', 22.0, u'SEMESTER 2', u'D1', u'Durban Campus Full-time', u'', u'40000350: KESSA', u'']
[u'', u'', u'', u'', u'', u'', u'', u'', u'', u'', u'', u'', u'']
check '' ''
[u'MCEC101_SEM2_2018', u'template_2018', u'MCEC101', u'MCEC101: MICRO ECONOMICS', u'DIPAS1', u'DIPLOMA IN PUBLIC MANAGEMENT', 22.0, u'SEMESTER 2', u'D1', u'Durban Campus Full-time', u'', u'40013552: IFEACHO', u'']
check 'MCEC101_SEM2_2018' 'MCEC101'
processXLS: only for SEM2 [u'MCEC101_SEM2_2018', u'template_2018', u'MCEC101', u'MCEC101: MICRO ECONOMICS', u'DIPAS1', u'DIPLOMA IN PUBLIC MANAGEMENT', 22.0, u'SEMESTER 2', u'D1', u'Durban Campus Full-time', u'', u'40013552: IFEACHO', u'']
[u'', u'', u'', u'', u'', u'', u'', u'', u'', u'', u'', u'', u'']
check '' ''
[u'SCMN101_SEM2_2018', u'template_2018', u'SCMN101', u'SCMN101: SUPPLY CHAIN MANAGEMENT', u'DIPAS1', u'DIPLOMA IN PUBLIC MANAGEMENT', 22.0, u'SEMESTER 2', u'D1', u'Durban Campus Full-time', u'', u'40006232: HADEBE', u'']
check 'SCMN101_SEM2_2018' 'SCMN101'
processXLS: only for SEM2 [u'SCMN101_SEM2_2018', u'template_2018', u'SCMN101', u'SCMN101: SUPPLY CHAIN MANAGEMENT', u'DIPAS1', u'DIPLOMA IN PUBLIC MANAGEMENT', 22.0, u'SEMESTER 2', u'D1', u'Durban Campus Full-time', u'', u'40006232: HADEBE', u'']
[u'', u'', u'', u'', u'', u'', u'', u'', u'', u'', u'', u'', u'']
check '' ''
[u'MNEV201_SEM2_2018', u'template_2018', u'MNEV201', u'MNEV201:  MONITORING AND EVALUATION 2', u'DIPAP1', u'DIPLOMA IN PUBLIC MANAGEMENT', 22.0, u'SEMESTER 2', u'D1', u'Durban Campus Full-time', u'', u'40000258: PILLAY', u'']
check 'MNEV201_SEM2_2018' 'MNEV201'
processXLS: only for SEM2 [u'MNEV201_SEM2_2018', u'template_2018', u'MNEV201', u'MNEV201:  MONITORING AND EVALUATION 2', u'DIPAP1', u'DIPLOMA IN PUBLIC MANAGEMENT', 22.0, u'SEMESTER 2', u'D1', u'Durban Campus Full-time', u'', u'40000258: PILLAY', u'']
[u'MNEV201_SEM2_2018', u'template_2018', u'MNEV201', u'MNEV201:  MONITORING AND EVALUATION 2', u'DIPAL1', u'DIPLOMA IN PUBLIC MANAGEMENT', 22.0, u'SEMESTER 2', u'D1', u'Durban Campus Full-time', u'', u'40000258: PILLAY', u'']
check 'MNEV201_SEM2_2018' 'MNEV201'
processXLS: only for SEM2 [u'MNEV201_SEM2_2018', u'template_2018', u'MNEV201', u'MNEV201:  MONITORING AND EVALUATION 2', u'DIPAL1', u'DIPLOMA IN PUBLIC MANAGEMENT', 22.0, u'SEMESTER 2', u'D1', u'Durban Campus Full-time', u'', u'40000258: PILLAY', u'']
[u'', u'', u'', u'', u'', u'', u'', u'', u'', u'', u'', u'', u'']
check '' ''
[u'PBHM201_SEM2_2018', u'template_2018', u'PBHM201', u'PBHM201:  PUBLIC HUMAN RESOURCE MANAGEMENT 2', u'DIPAL1', u'DIPLOMA IN PUBLIC MANAGEMENT', 22.0, u'SEMESTER 2', u'D1', u'Durban Campus Full-time', u'', u'40000666: PILLAY', u'']
check 'PBHM201_SEM2_2018' 'PBHM201'
processXLS: only for SEM2 [u'PBHM201_SEM2_2018', u'template_2018', u'PBHM201', u'PBHM201:  PUBLIC HUMAN RESOURCE MANAGEMENT 2', u'DIPAL1', u'DIPLOMA IN PUBLIC MANAGEMENT', 22.0, u'SEMESTER 2', u'D1', u'Durban Campus Full-time', u'', u'40000666: PILLAY', u'']
[u'PBHM201_SEM2_2018', u'template_2018', u'PBHM201', u'PBHM201:  PUBLIC HUMAN RESOURCE MANAGEMENT 2', u'DIPAP1', u'DIPLOMA IN PUBLIC MANAGEMENT', 22.0, u'SEMESTER 2', u'D1', u'Durban Campus Full-time', u'', u'40000666: PILLAY', u'']
check 'PBHM201_SEM2_2018' 'PBHM201'
processXLS: only for SEM2 [u'PBHM201_SEM2_2018', u'template_2018', u'PBHM201', u'PBHM201:  PUBLIC HUMAN RESOURCE MANAGEMENT 2', u'DIPAP1', u'DIPLOMA IN PUBLIC MANAGEMENT', 22.0, u'SEMESTER 2', u'D1', u'Durban Campus Full-time', u'', u'40000666: PILLAY', u'']
[u'', u'', u'', u'', u'', u'', u'', u'', u'', u'', u'', u'', u'']
check '' ''
[u'FNDR101_SEM2_2018', u'template_2018', u'FNDR101', u'FNDR101:  FUNDAMENTALS OF RESEARCH ', u'DIPAL1', u'DIPLOMA IN PUBLIC MANAGEMENT', 22.0, u'SEMESTER 2', u'D1', u'Durban Campus Full-time', u'', u'40007517: DORASAMY', u'']
check 'FNDR101_SEM2_2018' 'FNDR101'
processXLS: only for SEM2 [u'FNDR101_SEM2_2018', u'template_2018', u'FNDR101', u'FNDR101:  FUNDAMENTALS OF RESEARCH ', u'DIPAL1', u'DIPLOMA IN PUBLIC MANAGEMENT', 22.0, u'SEMESTER 2', u'D1', u'Durban Campus Full-time', u'', u'40007517: DORASAMY', u'']
[u'FNDR101_SEM2_2018', u'template_2018', u'FNDR101', u'FNDR101:  FUNDAMENTALS OF RESEARCH ', u'DIPAS1', u'DIPLOMA IN PUBLIC MANAGEMENT', 22.0, u'SEMESTER 2', u'D1', u'Durban Campus Full-time', u'', u'40007517: DORASAMY', u'']
check 'FNDR101_SEM2_2018' 'FNDR101'
processXLS: only for SEM2 [u'FNDR101_SEM2_2018', u'template_2018', u'FNDR101', u'FNDR101:  FUNDAMENTALS OF RESEARCH ', u'DIPAS1', u'DIPLOMA IN PUBLIC MANAGEMENT', 22.0, u'SEMESTER 2', u'D1', u'Durban Campus Full-time', u'', u'40007517: DORASAMY', u'']
[u'FNDR101_SEM2_2018', u'template_2018', u'FNDR101', u'FNDR101:  FUNDAMENTALS OF RESEARCH ', u'DIPAP1', u'DIPLOMA IN PUBLIC MANAGEMENT', 22.0, u'SEMESTER 2', u'D1', u'Durban Campus Full-time', u'', u'40007517: DORASAMY', u'']
check 'FNDR101_SEM2_2018' 'FNDR101'
processXLS: only for SEM2 [u'FNDR101_SEM2_2018', u'template_2018', u'FNDR101', u'FNDR101:  FUNDAMENTALS OF RESEARCH ', u'DIPAP1', u'DIPLOMA IN PUBLIC MANAGEMENT', 22.0, u'SEMESTER 2', u'D1', u'Durban Campus Full-time', u'', u'40007517: DORASAMY', u'']
[u'', u'', u'', u'', u'', u'', u'', u'', u'', u'', u'', u'', u'']
check '' ''
[u'PLGM101_SEM2_2018', u'template_2018', u'PLGM101', u'PLGM101: PROCUREMENT AND LOGISTICS MANAGEMENT', u'DIPAP1', u'DIPLOMA IN PUBLIC MANAGEMENT', 22.0, u'SEMESTER 2', u'D1', u'Durban Campus Full-time', u'', u'40000258: PILLAY', u'']
check 'PLGM101_SEM2_2018' 'PLGM101'
processXLS: only for SEM2 [u'PLGM101_SEM2_2018', u'template_2018', u'PLGM101', u'PLGM101: PROCUREMENT AND LOGISTICS MANAGEMENT', u'DIPAP1', u'DIPLOMA IN PUBLIC MANAGEMENT', 22.0, u'SEMESTER 2', u'D1', u'Durban Campus Full-time', u'', u'40000258: PILLAY', u'']
[u'', u'', u'', u'', u'', u'', u'', u'', u'', u'', u'', u'', u'']
check '' ''
[u'PPJM201_SEM2_2018', u'template_2018', u'PPJM201', u'PPJM201: PROGRAMME AND PROJECT MANAGEMENT', u'DIPAP1', u'DIPLOMA IN PUBLIC MANAGEMENT', 22.0, u'SEMESTER 2', u'D1', u'Durban Campus Full-time', u'', u'40007068: NTULI', u'']
check 'PPJM201_SEM2_2018' 'PPJM201'
processXLS: only for SEM2 [u'PPJM201_SEM2_2018', u'template_2018', u'PPJM201', u'PPJM201: PROGRAMME AND PROJECT MANAGEMENT', u'DIPAP1', u'DIPLOMA IN PUBLIC MANAGEMENT', 22.0, u'SEMESTER 2', u'D1', u'Durban Campus Full-time', u'', u'40007068: NTULI', u'']
[u'PPJM201_SEM2_2018', u'template_2018', u'PPJM201', u'PPJM201: PROGRAMME AND PROJECT MANAGEMENT', u'DIPAL1', u'DIPLOMA IN PUBLIC MANAGEMENT', 22.0, u'SEMESTER 2', u'D1', u'Durban Campus Full-time', u'', u'40007068: NTULI', u'']
check 'PPJM201_SEM2_2018' 'PPJM201'
processXLS: only for SEM2 [u'PPJM201_SEM2_2018', u'template_2018', u'PPJM201', u'PPJM201: PROGRAMME AND PROJECT MANAGEMENT', u'DIPAL1', u'DIPLOMA IN PUBLIC MANAGEMENT', 22.0, u'SEMESTER 2', u'D1', u'Durban Campus Full-time', u'', u'40007068: NTULI', u'']
[u'', u'', u'', u'', u'', u'', u'', u'', u'', u'', u'', u'', u'']
check '' ''
[u'CPTD201_SEM2_2018', u'template_2018', u'CPTD201', u'CPTD201:  CAPACITY DEVELOPMENT 2', u'DIPAR1', u'DIPLOMA IN PUBLIC MANAGEMENT', 22.0, u'SEMESTER 2', u'D1', u'Durban Campus Full-time', u'', u'40000387: REDDY', u'']
check 'CPTD201_SEM2_2018' 'CPTD201'
processXLS: only for SEM2 [u'CPTD201_SEM2_2018', u'template_2018', u'CPTD201', u'CPTD201:  CAPACITY DEVELOPMENT 2', u'DIPAR1', u'DIPLOMA IN PUBLIC MANAGEMENT', 22.0, u'SEMESTER 2', u'D1', u'Durban Campus Full-time', u'', u'40000387: REDDY', u'']
[u'', u'', u'', u'', u'', u'', u'', u'', u'', u'', u'', u'', u'']
check '' ''
[u'DRGV201_SEM2_2018', u'template_2018', u'DRGV201', u'DRGV201:  DISASTER RISK GOVERNANCE 2', u'DIPAR1', u'DIPLOMA IN PUBLIC MANAGEMENT', 22.0, u'SEMESTER 2', u'D1', u'Durban Campus Full-time', u'', u'40000387: REDDY', u'']
check 'DRGV201_SEM2_2018' 'DRGV201'
processXLS: only for SEM2 [u'DRGV201_SEM2_2018', u'template_2018', u'DRGV201', u'DRGV201:  DISASTER RISK GOVERNANCE 2', u'DIPAR1', u'DIPLOMA IN PUBLIC MANAGEMENT', 22.0, u'SEMESTER 2', u'D1', u'Durban Campus Full-time', u'', u'40000387: REDDY', u'']
[u'', u'', u'', u'', u'', u'', u'', u'', u'', u'', u'', u'', u'']
check '' ''
[u'DVLP201_SEM2_2018', u'template_2018', u'DVLP201', u'DVLP201:  DEVELOPMENT MANAGEMENT 2', u'DIPAR1', u'DIPLOMA IN PUBLIC MANAGEMENT', 22.0, u'SEMESTER 2', u'D1', u'Durban Campus Full-time', u'', u'40006232: HADEBE', u'']
check 'DVLP201_SEM2_2018' 'DVLP201'
processXLS: only for SEM2 [u'DVLP201_SEM2_2018', u'template_2018', u'DVLP201', u'DVLP201:  DEVELOPMENT MANAGEMENT 2', u'DIPAR1', u'DIPLOMA IN PUBLIC MANAGEMENT', 22.0, u'SEMESTER 2', u'D1', u'Durban Campus Full-time', u'', u'40006232: HADEBE', u'']
[u'', u'', u'', u'', u'', u'', u'', u'', u'', u'', u'', u'', u'']
check '' ''
[u'FDRM101_SEM2_2018', u'template_2018', u'FDRM101', u'FDRM101:  FUNDAMENTASL OF DISASTER RISK MANAGEMENT ', u'DIPAR1', u'DIPLOMA IN PUBLIC MANAGEMENT', 22.0, u'SEMESTER 2', u'D1', u'Durban Campus Full-time', u'', u'40000666: PILLAY', u'']
check 'FDRM101_SEM2_2018' 'FDRM101'
processXLS: only for SEM2 [u'FDRM101_SEM2_2018', u'template_2018', u'FDRM101', u'FDRM101:  FUNDAMENTASL OF DISASTER RISK MANAGEMENT ', u'DIPAR1', u'DIPLOMA IN PUBLIC MANAGEMENT', 22.0, u'SEMESTER 2', u'D1', u'Durban Campus Full-time', u'', u'40000666: PILLAY', u'']
[u'', u'', u'', u'', u'', u'', u'', u'', u'', u'', u'', u'', u'']
check '' ''
[u'PJTM101_SEM2_2018', u'template_2018', u'PJTM101', u'PJTM101: PROJECT MANAGEMENT ', u'DIPAR1', u'DIPLOMA IN PUBLIC MANAGEMENT', 22.0, u'SEMESTER 2', u'D1', u'Durban Campus Full-time', u'', u'40007068: NTULI', u'']
check 'PJTM101_SEM2_2018' 'PJTM101'
processXLS: only for SEM2 [u'PJTM101_SEM2_2018', u'template_2018', u'PJTM101', u'PJTM101: PROJECT MANAGEMENT ', u'DIPAR1', u'DIPLOMA IN PUBLIC MANAGEMENT', 22.0, u'SEMESTER 2', u'D1', u'Durban Campus Full-time', u'', u'40007068: NTULI', u'']
[u'', u'', u'', u'', u'', u'', u'', u'', u'', u'', u'', u'', u'']
check '' ''
[u'MNFM201_SEM2_2018', u'template_2018', u'MNFM201', u'MNFM201: MUNICIPAL FINANCE MANAGEMENT 2', u'DIPAL1', u'DIPLOMA IN PUBLIC MANAGEMENT', 22.0, u'SEMESTER 2', u'D1', u'Durban Campus Full-time', u'', u'40007068: NTULI', u'']
check 'MNFM201_SEM2_2018' 'MNFM201'
processXLS: only for SEM2 [u'MNFM201_SEM2_2018', u'template_2018', u'MNFM201', u'MNFM201: MUNICIPAL FINANCE MANAGEMENT 2', u'DIPAL1', u'DIPLOMA IN PUBLIC MANAGEMENT', 22.0, u'SEMESTER 2', u'D1', u'Durban Campus Full-time', u'', u'40007068: NTULI', u'']
[u'', u'', u'', u'', u'', u'', u'', u'', u'', u'', u'', u'', u'']
check '' ''
[u'LGSM101_SEM2_2018', u'template_2018', u'LGSM101', u'LGSM101: LOGISTICS MANAGEMENT ', u'DIPAS1', u'DIPLOMA IN PUBLIC MANAGEMENT', 22.0, u'SEMESTER 2', u'D1', u'Durban Campus Full-time', u'', u'40006232: HADEBE', u'']
check 'LGSM101_SEM2_2018' 'LGSM101'
processXLS: only for SEM2 [u'LGSM101_SEM2_2018', u'template_2018', u'LGSM101', u'LGSM101: LOGISTICS MANAGEMENT ', u'DIPAS1', u'DIPLOMA IN PUBLIC MANAGEMENT', 22.0, u'SEMESTER 2', u'D1', u'Durban Campus Full-time', u'', u'40006232: HADEBE', u'']
[u'', u'', u'', u'', u'', u'', u'', u'', u'', u'', u'', u'', u'']
check '' ''
[u'RSKM101_SEM2_2018', u'template_2018', u'RSKM101', u'RSKM101:  RISK MANAGEMENT', u'DIPAS1', u'DIPLOMA IN PUBLIC MANAGEMENT', 22.0, u'SEMESTER 2', u'D1', u'Durban Campus Full-time', u'', u'40000258: PILLAY', u'']
check 'RSKM101_SEM2_2018' 'RSKM101'
processXLS: only for SEM2 [u'RSKM101_SEM2_2018', u'template_2018', u'RSKM101', u'RSKM101:  RISK MANAGEMENT', u'DIPAS1', u'DIPLOMA IN PUBLIC MANAGEMENT', 22.0, u'SEMESTER 2', u'D1', u'Durban Campus Full-time', u'', u'40000258: PILLAY', u'']
[u'', u'', u'', u'', u'', u'', u'', u'', u'', u'', u'', u'', u'']
check '' ''
[u'CRCM101_SEM2_2018', u'template_2018', u'CRCM101', u'CRCM101:  CORPORATE COMMUNICATION', u'HCPBM1', u'HIGHER CERTIFICATE IN PUBLIC ADMINISTRATION', 21.0, u'SEMESTER 1', u'D1', u'Durban Campus Full-time', u'', u'40000258: PILLAY', u'']
check 'CRCM101_SEM2_2018' 'CRCM101'
processXLS: only for SEM2 [u'CRCM101_SEM2_2018', u'template_2018', u'CRCM101', u'CRCM101:  CORPORATE COMMUNICATION', u'HCPBM1', u'HIGHER CERTIFICATE IN PUBLIC ADMINISTRATION', 21.0, u'SEMESTER 1', u'D1', u'Durban Campus Full-time', u'', u'40000258: PILLAY', u'']
[u'', u'', u'', u'', u'', u'', u'', u'', u'', u'', u'', u'', u'']
check '' ''
[u'MTVN101_SEM2_2018', u'template_2018', u'MTVN101', u'MTVN101: MOTIVATION', u'HCPBM1', u'HIGHER CERTIFICATE IN PUBLIC ADMINISTRATION', 21.0, u'SEMESTER 1', u'D1', u'Durban Campus Full-time', u'', u'40000258: PILLAY', u'']
check 'MTVN101_SEM2_2018' 'MTVN101'
processXLS: only for SEM2 [u'MTVN101_SEM2_2018', u'template_2018', u'MTVN101', u'MTVN101: MOTIVATION', u'HCPBM1', u'HIGHER CERTIFICATE IN PUBLIC ADMINISTRATION', 21.0, u'SEMESTER 1', u'D1', u'Durban Campus Full-time', u'', u'40000258: PILLAY', u'']
[u'', u'', u'', u'', u'', u'', u'', u'', u'', u'', u'', u'', u'']
check '' ''
[u'PMAD101_SEM2_2018', u'template_2018', u'PMAD101', u'PMAD101: PUBLIC MANAGEMENT & ADMINISTRATION', u'HCPBM1', u'HIGHER CERTIFICATE IN PUBLIC ADMINISTRATION', 21.0, u'SEMESTER 1', u'D1', u'Durban Campus Full-time', u'', u'40007068: NTULI', u'']
check 'PMAD101_SEM2_2018' 'PMAD101'
processXLS: only for SEM2 [u'PMAD101_SEM2_2018', u'template_2018', u'PMAD101', u'PMAD101: PUBLIC MANAGEMENT & ADMINISTRATION', u'HCPBM1', u'HIGHER CERTIFICATE IN PUBLIC ADMINISTRATION', 21.0, u'SEMESTER 1', u'D1', u'Durban Campus Full-time', u'', u'40007068: NTULI', u'']
[u'', u'', u'', u'', u'', u'', u'', u'', u'', u'', u'', u'', u'']
check '' ''
[u'ICTH101_SEM2_2018', u'template_2018', u'ICTH101', u'ICTH101 INNOVATION AND CREATIVE THINKING', u'HCPBM1', u'HIGHER CERTIFICATE IN PUBLIC ADMINISTRATION', 22.0, u'SEMESTER 2', u'D1', u'Durban Campus Full-time', u'', u'40000258: PILLAY', u'']
check 'ICTH101_SEM2_2018' 'ICTH101'
processXLS: only for SEM2 [u'ICTH101_SEM2_2018', u'template_2018', u'ICTH101', u'ICTH101 INNOVATION AND CREATIVE THINKING', u'HCPBM1', u'HIGHER CERTIFICATE IN PUBLIC ADMINISTRATION', 22.0, u'SEMESTER 2', u'D1', u'Durban Campus Full-time', u'', u'40000258: PILLAY', u'']
[u'', u'', u'', u'', u'', u'', u'', u'', u'', u'', u'', u'', u'']
check '' ''
[u'PBFM101_SEM2_2018', u'template_2018', u'PBFM101', u'PBFM101: PUBLIC FINANCE MANAGEMENT', u'HCPBM1', u'HIGHER CERTIFICATE IN PUBLIC ADMINISTRATION', 22.0, u'SEMESTER 2', u'D1', u'Durban Campus Full-time', u'', u'40000258: PILLAY', u'']
check 'PBFM101_SEM2_2018' 'PBFM101'
processXLS: only for SEM2 [u'PBFM101_SEM2_2018', u'template_2018', u'PBFM101', u'PBFM101: PUBLIC FINANCE MANAGEMENT', u'HCPBM1', u'HIGHER CERTIFICATE IN PUBLIC ADMINISTRATION', 22.0, u'SEMESTER 2', u'D1', u'Durban Campus Full-time', u'', u'40000258: PILLAY', u'']
[u'', u'', u'', u'', u'', u'', u'', u'', u'', u'', u'', u'', u'']
check '' ''
[u'PBSD101_SEM2_2018', u'template_2018', u'PBSD101', u'PBSD101: PUBLIC SERVICE DELIVERY ', u'HCPBM1', u'HIGHER CERTIFICATE IN PUBLIC ADMINISTRATION', 22.0, u'SEMESTER 2', u'D1', u'Durban Campus Full-time', u'', u'40000258: PILLAY', u'']
check 'PBSD101_SEM2_2018' 'PBSD101'
processXLS: only for SEM2 [u'PBSD101_SEM2_2018', u'template_2018', u'PBSD101', u'PBSD101: PUBLIC SERVICE DELIVERY ', u'HCPBM1', u'HIGHER CERTIFICATE IN PUBLIC ADMINISTRATION', 22.0, u'SEMESTER 2', u'D1', u'Durban Campus Full-time', u'', u'40000258: PILLAY', u'']
[u'', u'', u'', u'', u'', u'', u'', u'', u'', u'', u'', u'', u'']
check '' ''
[u'PSPM101_SEM2_2018', u'template_2018', u'PSPM101', u'PSPM101: PUBLIC SECTOR PEOPLE MANAGEMENT', u'HCPBM1', u'HIGHER CERTIFICATE IN PUBLIC ADMINISTRATION', 22.0, u'SEMESTER 2', u'D1', u'Durban Campus Full-time', u'', u'40000258: PILLAY', u'']
check 'PSPM101_SEM2_2018' 'PSPM101'
processXLS: only for SEM2 [u'PSPM101_SEM2_2018', u'template_2018', u'PSPM101', u'PSPM101: PUBLIC SECTOR PEOPLE MANAGEMENT', u'HCPBM1', u'HIGHER CERTIFICATE IN PUBLIC ADMINISTRATION', 22.0, u'SEMESTER 2', u'D1', u'Durban Campus Full-time', u'', u'40000258: PILLAY', u'']
processXLS: finished processing workingSheets/data/BBC3302PublicMngtAndEconomics2017.xls
getWS: requesting:  http://10.0.100.98:8000/itsenrol/classlist/2018/22/GREL401 rsp= <Response [200]>
getWS: requesting:  http://10.0.100.98:8000/bbinfo/classlist/GREL401 rsp= <Response [200]>
getNewStudentsInSubject: ITS 44, BB 1 -> 44 new enrollments
getWS: requesting:  http://10.0.100.98:8000/itsenrol/classlist/2018/22/STPM402 rsp= <Response [200]>
getWS: requesting:  http://10.0.100.98:8000/bbinfo/classlist/STPM402 rsp= <Response [200]>
getNewStudentsInSubject: ITS 47, BB 1 -> 47 new enrollments
getWS: requesting:  http://10.0.100.98:8000/itsenrol/classlist/2018/22/ECNC201 rsp= <Response [200]>
getWS: requesting:  http://10.0.100.98:8000/bbinfo/classlist/ECNC201 rsp= <Response [200]>
getNewStudentsInSubject: ITS 69, BB 2 -> 69 new enrollments
getWS: requesting:  http://10.0.100.98:8000/itsenrol/classlist/2018/22/PHRM302 rsp= <Response [200]>
getWS: requesting:  http://10.0.100.98:8000/bbinfo/classlist/PHRM302 rsp= <Response [200]>
getNewStudentsInSubject: ITS 142, BB 1 -> 142 new enrollments
getWS: requesting:  http://10.0.100.98:8000/itsenrol/classlist/2018/22/FRES201 rsp= <Response [200]>
getWS: requesting:  http://10.0.100.98:8000/bbinfo/classlist/FRES201 rsp= <Response [200]>
getNewStudentsInSubject: ITS 39, BB 1 -> 39 new enrollments
getWS: requesting:  http://10.0.100.98:8000/itsenrol/classlist/2018/22/PECN101 rsp= <Response [200]>
getWS: requesting:  http://10.0.100.98:8000/bbinfo/classlist/PECN101 rsp= <Response [200]>
getNewStudentsInSubject: ITS 0, BB 1 -> 0 new enrollments
getWS: requesting:  http://10.0.100.98:8000/itsenrol/classlist/2018/22/PPOM401 rsp= <Response [200]>
getWS: requesting:  http://10.0.100.98:8000/bbinfo/classlist/PPOM401 rsp= <Response [200]>
getNewStudentsInSubject: ITS 43, BB 1 -> 43 new enrollments
getWS: requesting:  http://10.0.100.98:8000/itsenrol/classlist/2018/22/PMPR302 rsp= <Response [200]>
getWS: requesting:  http://10.0.100.98:8000/bbinfo/classlist/PMPR302 rsp= <Response [200]>
getNewStudentsInSubject: ITS 105, BB 9 -> 105 new enrollments
getWS: requesting:  http://10.0.100.98:8000/itsenrol/classlist/2018/22/PPLM202 rsp= <Response [200]>
getWS: requesting:  http://10.0.100.98:8000/bbinfo/classlist/PPLM202 rsp= <Response [200]>
getNewStudentsInSubject: ITS 5, BB 1 -> 5 new enrollments
getWS: requesting:  http://10.0.100.98:8000/itsenrol/classlist/2018/22/PJTM201 rsp= <Response [200]>
getWS: requesting:  http://10.0.100.98:8000/bbinfo/classlist/PJTM201 rsp= <Response [200]>
getNewStudentsInSubject: ITS 5, BB 1 -> 5 new enrollments
getWS: requesting:  http://10.0.100.98:8000/itsenrol/classlist/2018/22/PSDL101 rsp= <Response [200]>
getWS: requesting:  http://10.0.100.98:8000/bbinfo/classlist/PSDL101 rsp= <Response [200]>
getNewStudentsInSubject: ITS 1, BB 1 -> 1 new enrollments
getWS: requesting:  http://10.0.100.98:8000/itsenrol/classlist/2018/22/PFPM302 rsp= <Response [200]>
getWS: requesting:  http://10.0.100.98:8000/bbinfo/classlist/PFPM302 rsp= <Response [200]>
getNewStudentsInSubject: ITS 135, BB 1 -> 135 new enrollments
getWS: requesting:  http://10.0.100.98:8000/itsenrol/classlist/2018/22/LEDV101 rsp= <Response [200]>
getWS: requesting:  http://10.0.100.98:8000/bbinfo/classlist/LEDV101 rsp= <Response [200]>
getNewStudentsInSubject: ITS 46, BB 1 -> 46 new enrollments
getWS: requesting:  http://10.0.100.98:8000/itsenrol/classlist/2018/22/ECMC112 rsp= <Response [200]>
getWS: requesting:  http://10.0.100.98:8000/bbinfo/classlist/ECMC112 rsp= <Response [200]>
getNewStudentsInSubject: ITS 0, BB 1588 -> 0 new enrollments
getWS: requesting:  http://10.0.100.98:8000/itsenrol/classlist/2018/22/SLFM101 rsp= <Response [200]>
getWS: requesting:  http://10.0.100.98:8000/bbinfo/classlist/SLFM101 rsp= <Response [200]>
getNewStudentsInSubject: ITS 4, BB 1 -> 4 new enrollments
getWS: requesting:  http://10.0.100.98:8000/itsenrol/classlist/2018/22/ECMC122 rsp= <Response [200]>
getWS: requesting:  http://10.0.100.98:8000/bbinfo/classlist/ECMC122 rsp= <Response [200]>
getNewStudentsInSubject: ITS 626, BB 16 -> 614 new enrollments
getWS: requesting:  http://10.0.100.98:8000/itsenrol/classlist/2018/22/PDSM101 rsp= <Response [200]>
getWS: requesting:  http://10.0.100.98:8000/bbinfo/classlist/PDSM101 rsp= <Response [200]>
getNewStudentsInSubject: ITS 1, BB 1 -> 1 new enrollments
main: Writing students...
main: Writing enrollments...
main: Finished processing workingSheets/data/BBC3302PublicMngtAndEconomics2017.xls
main: 17 subjects processed
main: 38 subject -> classroom maps
main: 925 students
main: 1300 student enrollments 0 errors
0.46user 0.13system 0:05.60elapsed 10%CPU (0avgtext+0avgdata 76048maxresident)k
128inputs+360outputs (1major+8271minor)pagefaults 0swaps
POSTING SNAPSHOTS to SIS endpoint
TEST RUN, NOT POSTING BBSTUDENTS
TEST RUN, NOT POSTIN BBENROL
copy snapshot files to saved output
=== department done ===
syncing logs...
Pushing logs from logs/20180723111852 to remote...
sending incremental file list
./
BBC3302PublicMngtAndEconomics2017.BBENROL.txt
BBC3302PublicMngtAndEconomics2017.BBSTUDENTS.txt
BBC3302PublicMngtAndEconomics2017.Enrolomat.txt
BBC3302PublicMngtAndEconomics2017.Postlog.txt

sent 279008 bytes  received 91 bytes  29378.84 bytes/sec
total size is 3160614  speedup is 11.32
logging to logs/20180723111852
=== generate newenrollments for BBC3303HospitalityTourism2017. ===
GENERATE SNAPSHOTS...
./BBCIncrementalEnrollerX2.py : generating enrolment files for subjects in  workingSheets/data/BBC3303HospitalityTourism2017.xls
processXLS: start spreadsheet workingSheets/data/BBC3303HospitalityTourism2017.xls
[u'2018 Blackboard Classrooms for Department: 3303 - HOSPITALITY & TOURISM', u'', u'', u'', u'', u'', u'', u'', u'', u'', u'', u'', u'']
check '2018 Blackboard Classrooms for Department: 3303 - HOSPITALITY & TOURISM' ''
[u'', u'', u'', u'', u'', u'', u'', u'', u'', u'', u'', u'', u'']
check '' ''
[u'BB Classroom', u'Migrate Classroom', u'ITS Subject', u'', u'ITS Qualification', u'', u'Block', u'', u'Off Type', u'', u'Grp', u'Lecturer(s)', u'2016 Enrol']
check 'BB Classroom' 'ITS Subject'
[u'ACCM101_SEM1_2018', u'ACCM101_SEM1_2017', u'ACCM101', u'ACCOMMODATION MANAGEMENT I', u'NDHSF1', u'ND: HOSPITALITY MANAGEMENT (4 YEARS)', u'21', u'SEMESTER 1', u'D1', u'Durban Campus Full-time', u'A', u'40011997:GAREEB S R;40011997:GAREEB S R;40011997:GAREEB S R;40011997:GAREEB S R', 5.0]
check 'ACCM101_SEM1_2018' 'ACCM101'
processXLS: only for SEM2 [u'ACCM101_SEM1_2018', u'ACCM101_SEM1_2017', u'ACCM101', u'ACCOMMODATION MANAGEMENT I', u'NDHSF1', u'ND: HOSPITALITY MANAGEMENT (4 YEARS)', u'21', u'SEMESTER 1', u'D1', u'Durban Campus Full-time', u'A', u'40011997:GAREEB S R;40011997:GAREEB S R;40011997:GAREEB S R;40011997:GAREEB S R', 5.0]
[u'ACCM101_SEM1_2018', u'ACCM101_SEM1_2017', u'ACCM101', u'ACCOMMODATION MANAGEMENT I', u'NDHSP2', u'ND: HOSPITALITY MANAGEMENT', u'21', u'SEMESTER 1', u'D1', u'Durban Campus Full-time', u'A', u'40011997:GAREEB S R;40011997:GAREEB S R;40011997:GAREEB S R;40011997:GAREEB S R', 100.0]
check 'ACCM101_SEM1_2018' 'ACCM101'
processXLS: only for SEM2 [u'ACCM101_SEM1_2018', u'ACCM101_SEM1_2017', u'ACCM101', u'ACCOMMODATION MANAGEMENT I', u'NDHSP2', u'ND: HOSPITALITY MANAGEMENT', u'21', u'SEMESTER 1', u'D1', u'Durban Campus Full-time', u'A', u'40011997:GAREEB S R;40011997:GAREEB S R;40011997:GAREEB S R;40011997:GAREEB S R', 100.0]
[u'', u'', u'', u'', u'', u'', u'', u'', u'', u'', u'', u'', u'']
check '' ''
[u'CCRY101_YEAR_2018', u'CCRY101_YEAR_2017', u'CCRY101', u'COMMERCIAL COOKERY I', u'NDCTM3', u'ND: CATERING MANAGEMENT', u'11', u'YEAR', u'D1', u'Durban Campus Full-time', u'A', u'40007803:FYNN GREEN', 48.0]
check 'CCRY101_YEAR_2018' 'CCRY101'
processXLS: only for SEM2 [u'CCRY101_YEAR_2018', u'CCRY101_YEAR_2017', u'CCRY101', u'COMMERCIAL COOKERY I', u'NDCTM3', u'ND: CATERING MANAGEMENT', u'11', u'YEAR', u'D1', u'Durban Campus Full-time', u'A', u'40007803:FYNN GREEN', 48.0]
[u'', u'', u'', u'', u'', u'', u'', u'', u'', u'', u'', u'50002426: KHULUSE', 48.0]
check '' ''
[u'CCTL101_YEAR_2018', u'CCTL101_YEAR_2017', u'CCTL101', u'CATERING COST CONTROL I', u'NDCTM3', u'ND: CATERING MANAGEMENT', u'11', u'YEAR', u'D1', u'Durban Campus Full-time', u'A', u'40000588:Mnguni', 58.0]
check 'CCTL101_YEAR_2018' 'CCTL101'
processXLS: only for SEM2 [u'CCTL101_YEAR_2018', u'CCTL101_YEAR_2017', u'CCTL101', u'CATERING COST CONTROL I', u'NDCTM3', u'ND: CATERING MANAGEMENT', u'11', u'YEAR', u'D1', u'Durban Campus Full-time', u'A', u'40000588:Mnguni', 58.0]
[u'', u'', u'', u'', u'', u'', u'', u'', u'', u'', u'', u'', u'']
check '' ''
[u'CFMN101_SEM1_2018', u'CFMN101_SEM1_2017', u'CFMN101', u'CATERING FACILITIES I', u'NDCTM3', u'ND: CATERING MANAGEMENT', u'21', u'SEMESTER 1', u'D1', u'Durban Campus Full-time', u'A', u'40009418:KOK', 35.0]
check 'CFMN101_SEM1_2018' 'CFMN101'
processXLS: only for SEM2 [u'CFMN101_SEM1_2018', u'CFMN101_SEM1_2017', u'CFMN101', u'CATERING FACILITIES I', u'NDCTM3', u'ND: CATERING MANAGEMENT', u'21', u'SEMESTER 1', u'D1', u'Durban Campus Full-time', u'A', u'40009418:KOK', 35.0]
[u'', u'', u'', u'', u'', u'', u'', u'', u'', u'', u'', u'', u'']
check '' ''
[u'CINS101_YEAR_2018', u'CINS101_YEAR_2017', u'CINS101', u'CATERING INFORMATION SYSTEMS I', u'NDCTM3', u'ND: CATERING MANAGEMENT', u'11', u'YEAR', u'D1', u'Durban Campus Full-time', u'A', u'40011864:DOGBE E;40011864:DOGBE E;40011864:DOGBE E;40011864:DOGBE E;40011864:DOGBE E;40011864:DOGBE E;40011864:DOGBE E;40011864:DOGBE E', 51.0]
check 'CINS101_YEAR_2018' 'CINS101'
processXLS: only for SEM2 [u'CINS101_YEAR_2018', u'CINS101_YEAR_2017', u'CINS101', u'CATERING INFORMATION SYSTEMS I', u'NDCTM3', u'ND: CATERING MANAGEMENT', u'11', u'YEAR', u'D1', u'Durban Campus Full-time', u'A', u'40011864:DOGBE E;40011864:DOGBE E;40011864:DOGBE E;40011864:DOGBE E;40011864:DOGBE E;40011864:DOGBE E;40011864:DOGBE E;40011864:DOGBE E', 51.0]
[u'', u'', u'', u'', u'', u'', u'', u'', u'', u'', u'', u'', u'']
check '' ''
[u'CSNT101_SEM2_2018', u'CSNT101_SEM2_2017', u'CSNT101', u'CULINARY STUDIES AND NUTRITION I', u'NDHSF1', u'ND: HOSPITALITY MANAGEMENT (4 YEARS)', u'22', u'SEMESTER 2', u'D1', u'Durban Campus Full-time', u'A', u'50002426:KHULUSE', 6.0]
check 'CSNT101_SEM2_2018' 'CSNT101'
adding  CSNT101
requesting:  http://10.0.100.98:8000/bbinfo/matching_courses/CSNT101%25
r= <Response [200]>
matching classes= set([u'CSNT101_13_BALR', u'CSNT101_SEM2_2017', u'CSNT101_ALL_2016', u'CSNT101_SEM2_2018'])
[u'CSNT101_SEM2_2018', u'CSNT101_SEM2_2017', u'CSNT101', u'CULINARY STUDIES AND NUTRITION I', u'NDHSP2', u'ND: HOSPITALITY MANAGEMENT', u'22', u'SEMESTER 2', u'D1', u'Durban Campus Full-time', u'A', u'50002426:KHULUSE', 83.0]
check 'CSNT101_SEM2_2018' 'CSNT101'
adding  CSNT101
requesting:  http://10.0.100.98:8000/bbinfo/matching_courses/CSNT101%25
r= <Response [200]>
matching classes= set([u'CSNT101_13_BALR', u'CSNT101_SEM2_2017', u'CSNT101_ALL_2016', u'CSNT101_SEM2_2018'])
[u'', u'', u'', u'', u'', u'', u'', u'', u'', u'', u'', u'', u'']
check '' ''
[u'CTMG101_YEAR_2018', u'CTMG101_YEAR_2017', u'CTMG101', u'CATERING MANAGEMENT I', u'NDCTM3', u'ND: CATERING MANAGEMENT', u'11', u'YEAR', u'D1', u'Durban Campus Full-time', u'A', u'40009418:KOK', 48.0]
check 'CTMG101_YEAR_2018' 'CTMG101'
processXLS: only for SEM2 [u'CTMG101_YEAR_2018', u'CTMG101_YEAR_2017', u'CTMG101', u'CATERING MANAGEMENT I', u'NDCTM3', u'ND: CATERING MANAGEMENT', u'11', u'YEAR', u'D1', u'Durban Campus Full-time', u'A', u'40009418:KOK', 48.0]
[u'', u'', u'', u'', u'', u'', u'', u'', u'', u'', u'', u'', u'']
check '' ''
[u'CTOP101_YEAR_2018', u'CTOP101_YEAR_2017', u'CTOP101', u'CATERING OPERATIONS I', u'NDCTM3', u'ND: CATERING MANAGEMENT', u'11', u'YEAR', u'D1', u'Durban Campus Full-time', u'A', u'40009418:KOK', 50.0]
check 'CTOP101_YEAR_2018' 'CTOP101'
processXLS: only for SEM2 [u'CTOP101_YEAR_2018', u'CTOP101_YEAR_2017', u'CTOP101', u'CATERING OPERATIONS I', u'NDCTM3', u'ND: CATERING MANAGEMENT', u'11', u'YEAR', u'D1', u'Durban Campus Full-time', u'A', u'40009418:KOK', 50.0]
[u'', u'', u'', u'', u'', u'', u'', u'', u'', u'', u'', u'', u'']
check '' ''
[u'EVMN101_YEAR_2018', u'EVMN101_YEAR_2017', u'EVMN101', u'EVENT MANAGEMENT I', u'NDTRM1', u'ND: TOURISM MANAGEMENT', u'11', u'YEAR', u'D1', u'Durban Campus Full-time', u'A', u'40003370:SIBIYA N P', 70.0]
check 'EVMN101_YEAR_2018' 'EVMN101'
processXLS: only for SEM2 [u'EVMN101_YEAR_2018', u'EVMN101_YEAR_2017', u'EVMN101', u'EVENT MANAGEMENT I', u'NDTRM1', u'ND: TOURISM MANAGEMENT', u'11', u'YEAR', u'D1', u'Durban Campus Full-time', u'A', u'40003370:SIBIYA N P', 70.0]
[u'', u'', u'', u'', u'', u'', u'', u'', u'', u'', u'', u'', u'']
check '' ''
[u'', u'', u'', u'', u'', u'', u'', u'', u'', u'', u'', u'', u'']
check '' ''
[u'FDBS102_SEM2_2018', u'FDBS102_SEM2_2017', u'FDBS102', u'FOOD AND BEVERAGE STUDIES I', u'NDHSF1', u'ND: HOSPITALITY MANAGEMENT (4 YEARS)', u'22', u'SEMESTER 2', u'D1', u'Durban Campus Full-time', u'A', u'400010995: Nxumalo', 6.0]
check 'FDBS102_SEM2_2018' 'FDBS102'
adding  FDBS102
requesting:  http://10.0.100.98:8000/bbinfo/matching_courses/FDBS102%25
r= <Response [200]>
matching classes= set([u'FDBS102_SEM2_2017', u'FDBS102_SEM1_2017', u'FDBS102_13_THOC', u'FDBS102_SEM2_2018'])
[u'FDBS102_SEM2_2018', u'FDBS102_SEM2_2017', u'FDBS102', u'FOOD AND BEVERAGE STUDIES I', u'NDHSP2', u'ND: HOSPITALITY MANAGEMENT', u'22', u'SEMESTER 2', u'D1', u'Durban Campus Full-time', u'A', u'400010995: Nxumalo', 81.0]
check 'FDBS102_SEM2_2018' 'FDBS102'
adding  FDBS102
requesting:  http://10.0.100.98:8000/bbinfo/matching_courses/FDBS102%25
r= <Response [200]>
matching classes= set([u'FDBS102_SEM2_2017', u'FDBS102_SEM1_2017', u'FDBS102_13_THOC', u'FDBS102_SEM2_2018'])
[u'', u'', u'', u'', u'', u'', u'', u'', u'', u'', u'', u'', u'']
check '' ''
[u'FHMN111_SEM1_2018', u'FHMN111_SEM1_2017', u'FHMN111', u'FOUNDATIONAL HOSPITALITY MANAGEMENT (YEAR 1)', u'NDHSF1', u'ND: HOSPITALITY MANAGEMENT (4 YEARS)', u'21', u'SEMESTER 1', u'D1', u'Durban Campus Full-time', u'A', u'400010995: Nxumalo', 35.0]
check 'FHMN111_SEM1_2018' 'FHMN111'
processXLS: only for SEM2 [u'FHMN111_SEM1_2018', u'FHMN111_SEM1_2017', u'FHMN111', u'FOUNDATIONAL HOSPITALITY MANAGEMENT (YEAR 1)', u'NDHSF1', u'ND: HOSPITALITY MANAGEMENT (4 YEARS)', u'21', u'SEMESTER 1', u'D1', u'Durban Campus Full-time', u'A', u'400010995: Nxumalo', 35.0]
[u'FHMN111_SEM2_2018', u'FHMN111_SEM2_2017', u'FHMN111', u'FOUNDATIONAL HOSPITALITY MANAGEMENT (YEAR 1)', u'NDHSF1', u'ND: HOSPITALITY MANAGEMENT (4 YEARS)', u'22', u'SEMESTER 2', u'D1', u'Durban Campus Full-time', u'A', u'400010995: Nxumalo', 27.0]
check 'FHMN111_SEM2_2018' 'FHMN111'
adding  FHMN111
requesting:  http://10.0.100.98:8000/bbinfo/matching_courses/FHMN111%25
r= <Response [200]>
matching classes= set([u'FHMN111_SEM1_2018', u'FHMN111_SEM2_2018', u'FHMN111_SEM2_2017', u'FHMN111_SEM1_2017', u'FHMN111_13_LEWP'])
[u'', u'', u'', u'', u'', u'', u'', u'', u'', u'', u'', u'', u'']
check '' ''
[u'FHMN121_SEM2_2018', u'FHMN121_SEM2_2017', u'FHMN121', u'FOUNDATIONAL HOSPITALITY MANAGEMENT (YEAR 2)', u'NDHSF1', u'ND: HOSPITALITY MANAGEMENT (4 YEARS)', 21.0, u'SEMESTER 1', u'D1', u'Durban Campus Full-time', u'A', u'400010995: Nxumalo', 5.0]
check 'FHMN121_SEM2_2018' 'FHMN121'
processXLS: only for SEM2 [u'FHMN121_SEM2_2018', u'FHMN121_SEM2_2017', u'FHMN121', u'FOUNDATIONAL HOSPITALITY MANAGEMENT (YEAR 2)', u'NDHSF1', u'ND: HOSPITALITY MANAGEMENT (4 YEARS)', 21.0, u'SEMESTER 1', u'D1', u'Durban Campus Full-time', u'A', u'400010995: Nxumalo', 5.0]
[u'FHMN121_SEM2_2018', u'FHMN121_SEM2_2017', u'FHMN121', u'FOUNDATIONAL HOSPITALITY MANAGEMENT (YEAR 2)', u'NDHSF1', u'ND: HOSPITALITY MANAGEMENT (4 YEARS)', u'22', u'SEMESTER 2', u'D1', u'Durban Campus Full-time', u'A', u'400010995: Nxumalo', 5.0]
check 'FHMN121_SEM2_2018' 'FHMN121'
adding  FHMN121
requesting:  http://10.0.100.98:8000/bbinfo/matching_courses/FHMN121%25
r= <Response [200]>
matching classes= set([u'FHMN121_SEM2_2017', u'FHMN121_13_LEWP', u'FHMN121_SEM2_2018'])
[u'', u'', u'', u'', u'', u'', u'', u'', u'', u'', u'', u'', u'']
check '' ''
[u'GRMN102_YEAR_2018', u'GRMN102_YEAR_2017', u'GRMN102', u'GERMAN', u'NDTRM1', u'ND: TOURISM MANAGEMENT', u'11', u'YEAR', u'D1', u'Durban Campus Full-time', u'A', u'40000679:MAKHUBU R L', 72.0]
check 'GRMN102_YEAR_2018' 'GRMN102'
processXLS: only for SEM2 [u'GRMN102_YEAR_2018', u'GRMN102_YEAR_2017', u'GRMN102', u'GERMAN', u'NDTRM1', u'ND: TOURISM MANAGEMENT', u'11', u'YEAR', u'D1', u'Durban Campus Full-time', u'A', u'40000679:MAKHUBU R L', 72.0]
[u'', u'', u'', u'', u'', u'', u'', u'', u'', u'', u'', u'', u'']
check '' ''
[u'HEVM101_SEM2_2018', u'HEVM101_SEM2_2017', u'HEVM101', u'HOSPITALITY EVENTS MANAGEMENT I', u'NDHSF1', u'ND: HOSPITALITY MANAGEMENT (4 YEARS)', u'22', u'SEMESTER 2', u'D1', u'Durban Campus Full-time', u'A', u'40009418:KOK', 3.0]
check 'HEVM101_SEM2_2018' 'HEVM101'
adding  HEVM101
requesting:  http://10.0.100.98:8000/bbinfo/matching_courses/HEVM101%25
r= <Response [200]>
matching classes= set([u'HEVM101_SEM2_2017', u'HEVM101_ALL_2016', u'HEVM101_13_BALR', u'HEVM101_SEM2_2018'])
[u'HEVM101_SEM2_2018', u'HEVM101_SEM2_2017', u'HEVM101', u'HOSPITALITY EVENTS MANAGEMENT I', u'NDHSP2', u'ND: HOSPITALITY MANAGEMENT', u'22', u'SEMESTER 2', u'D1', u'Durban Campus Full-time', u'A', u'40009418:KOK', 37.0]
check 'HEVM101_SEM2_2018' 'HEVM101'
adding  HEVM101
requesting:  http://10.0.100.98:8000/bbinfo/matching_courses/HEVM101%25
r= <Response [200]>
matching classes= set([u'HEVM101_SEM2_2017', u'HEVM101_ALL_2016', u'HEVM101_13_BALR', u'HEVM101_SEM2_2018'])
[u'', u'', u'', u'', u'', u'', u'', u'', u'', u'', u'', u'', u'']
check '' ''
[u'HHSF101_SEM2_2018', u'HHSF101_SEM2_2017', u'HHSF101', u'HOSPITALITY HEALTH AND SAFETY I', u'NDHSF1', u'ND: HOSPITALITY MANAGEMENT (4 YEARS)', u'22', u'SEMESTER 2', u'D1', u'Durban Campus Full-time', u'A', u'40000674:BALKARAN R;40000674:BALKARAN R', 30.0]
check 'HHSF101_SEM2_2018' 'HHSF101'
adding  HHSF101
requesting:  http://10.0.100.98:8000/bbinfo/matching_courses/HHSF101%25
r= <Response [200]>
matching classes= set([u'HHSF101_SEM2_2018', u'HHSF101_SEM2_2017', u'hhsf101_15', u'HHSF101_13_BALR'])
[u'HHSF101_SEM2_2018', u'HHSF101_SEM2_2017', u'HHSF101', u'HOSPITALITY HEALTH AND SAFETY I', u'NDHSP2', u'ND: HOSPITALITY MANAGEMENT', u'22', u'SEMESTER 2', u'D1', u'Durban Campus Full-time', u'A', u'40000674:BALKARAN R;40000674:BALKARAN R', 87.0]
check 'HHSF101_SEM2_2018' 'HHSF101'
adding  HHSF101
requesting:  http://10.0.100.98:8000/bbinfo/matching_courses/HHSF101%25
r= <Response [200]>
matching classes= set([u'HHSF101_SEM2_2018', u'HHSF101_SEM2_2017', u'hhsf101_15', u'HHSF101_13_BALR'])
[u'', u'', u'', u'', u'', u'', u'', u'', u'', u'', u'', u'', u'']
check '' ''
[u'HILA101_SEM1_2018', u'HILA101_SEM1_2017', u'HILA101', u'HOSPITALITY INDUSTRY LAW I', u'NDHSP2', u'ND: HOSPITALITY MANAGEMENT', u'21', u'SEMESTER 1', u'D1', u'Durban Campus Full-time', u'A', u'40009418:KOK', 65.0]
check 'HILA101_SEM1_2018' 'HILA101'
processXLS: only for SEM2 [u'HILA101_SEM1_2018', u'HILA101_SEM1_2017', u'HILA101', u'HOSPITALITY INDUSTRY LAW I', u'NDHSP2', u'ND: HOSPITALITY MANAGEMENT', u'21', u'SEMESTER 1', u'D1', u'Durban Campus Full-time', u'A', u'40009418:KOK', 65.0]
[u'', u'', u'', u'', u'', u'', u'', u'', u'', u'', u'', u'', u'']
check '' ''
[u'HILA102_SEM1_2018', u'HILA102_SEM1_2017', u'HILA102', u'HOSPITALITY INDUSTRY LAW I', u'NDHSF1', u'ND: HOSPITALITY MANAGEMENT (4 YEARS)', u'21', u'SEMESTER 1', u'D1', u'Durban Campus Full-time', u'A', u'40009418:KOK R E;40009418:KOK R E;40009418:KOK R E;40009418:KOK R E', 8.0]
check 'HILA102_SEM1_2018' 'HILA102'
processXLS: only for SEM2 [u'HILA102_SEM1_2018', u'HILA102_SEM1_2017', u'HILA102', u'HOSPITALITY INDUSTRY LAW I', u'NDHSF1', u'ND: HOSPITALITY MANAGEMENT (4 YEARS)', u'21', u'SEMESTER 1', u'D1', u'Durban Campus Full-time', u'A', u'40009418:KOK R E;40009418:KOK R E;40009418:KOK R E;40009418:KOK R E', 8.0]
[u'', u'', u'', u'', u'', u'', u'', u'', u'', u'', u'', u'', u'']
check '' ''
[u'HISY102_SEM1_2018', u'HISY102_SEM1_2017', u'HISY102', u'HOSPITALITY INFORMATION SYSTEMS I', u'NDHSF1', u'ND: HOSPITALITY MANAGEMENT (4 YEARS)', u'21', u'SEMESTER 1', u'D1', u'Durban Campus Full-time', u'A', u'40011864:DOGBE E;40011864:DOGBE E;40011864:DOGBE E;40011864:DOGBE E;40011864:DOGBE E;40011864:DOGBE E;40011864:DOGBE E;40011864:DOGBE E', 37.0]
check 'HISY102_SEM1_2018' 'HISY102'
processXLS: only for SEM2 [u'HISY102_SEM1_2018', u'HISY102_SEM1_2017', u'HISY102', u'HOSPITALITY INFORMATION SYSTEMS I', u'NDHSF1', u'ND: HOSPITALITY MANAGEMENT (4 YEARS)', u'21', u'SEMESTER 1', u'D1', u'Durban Campus Full-time', u'A', u'40011864:DOGBE E;40011864:DOGBE E;40011864:DOGBE E;40011864:DOGBE E;40011864:DOGBE E;40011864:DOGBE E;40011864:DOGBE E;40011864:DOGBE E', 37.0]
[u'HISY102_SEM1_2018', u'HISY102_SEM1_2017', u'HISY102', u'HOSPITALITY INFORMATION SYSTEMS I', u'NDHSP2', u'ND: HOSPITALITY MANAGEMENT', u'21', u'SEMESTER 1', u'D1', u'Durban Campus Full-time', u'A', u'40011864:DOGBE E;40011864:DOGBE E;40011864:DOGBE E;40011864:DOGBE E;40011864:DOGBE E;40011864:DOGBE E;40011864:DOGBE E;40011864:DOGBE E', 92.0]
check 'HISY102_SEM1_2018' 'HISY102'
processXLS: only for SEM2 [u'HISY102_SEM1_2018', u'HISY102_SEM1_2017', u'HISY102', u'HOSPITALITY INFORMATION SYSTEMS I', u'NDHSP2', u'ND: HOSPITALITY MANAGEMENT', u'21', u'SEMESTER 1', u'D1', u'Durban Campus Full-time', u'A', u'40011864:DOGBE E;40011864:DOGBE E;40011864:DOGBE E;40011864:DOGBE E;40011864:DOGBE E;40011864:DOGBE E;40011864:DOGBE E;40011864:DOGBE E', 92.0]
[u'', u'', u'', u'', u'', u'', u'', u'', u'', u'', u'', u'', u'']
check '' ''
[u'HMAN102_SEM1_2018', u'HMAN102_SEM1_2017', u'HMAN102', u'HOSPITALITY MANAGEMENT I', u'NDHSF1', u'ND: HOSPITALITY MANAGEMENT (4 YEARS)', u'21', u'SEMESTER 1', u'D1', u'Durban Campus Full-time', u'A', u'40011997:GAREEB S R;40011997:GAREEB S R;40011997:GAREEB S R;40011997:GAREEB S R', 38.0]
check 'HMAN102_SEM1_2018' 'HMAN102'
processXLS: only for SEM2 [u'HMAN102_SEM1_2018', u'HMAN102_SEM1_2017', u'HMAN102', u'HOSPITALITY MANAGEMENT I', u'NDHSF1', u'ND: HOSPITALITY MANAGEMENT (4 YEARS)', u'21', u'SEMESTER 1', u'D1', u'Durban Campus Full-time', u'A', u'40011997:GAREEB S R;40011997:GAREEB S R;40011997:GAREEB S R;40011997:GAREEB S R', 38.0]
[u'HMAN102_SEM1_2018', u'HMAN102_SEM1_2017', u'HMAN102', u'HOSPITALITY MANAGEMENT I', u'NDHSP2', u'ND: HOSPITALITY MANAGEMENT', u'21', u'SEMESTER 1', u'D1', u'Durban Campus Full-time', u'A', u'40011997:GAREEB S R;40011997:GAREEB S R;40011997:GAREEB S R;40011997:GAREEB S R', 103.0]
check 'HMAN102_SEM1_2018' 'HMAN102'
processXLS: only for SEM2 [u'HMAN102_SEM1_2018', u'HMAN102_SEM1_2017', u'HMAN102', u'HOSPITALITY MANAGEMENT I', u'NDHSP2', u'ND: HOSPITALITY MANAGEMENT', u'21', u'SEMESTER 1', u'D1', u'Durban Campus Full-time', u'A', u'40011997:GAREEB S R;40011997:GAREEB S R;40011997:GAREEB S R;40011997:GAREEB S R', 103.0]
[u'', u'', u'', u'', u'', u'', u'', u'', u'', u'', u'', u'', u'']
check '' ''
[u'HMIS101_SEM2_2018', u'HMIS101_SEM2_2017', u'HMIS101', u'HOSPITALITY MANAGEMENT INFORMATION SYSTEMS', u'NDHSF1', u'ND: HOSPITALITY MANAGEMENT (4 YEARS)', u'22', u'SEMESTER 2', u'D1', u'Durban Campus Full-time', u'A', u'40000674:BALKARAN R;40000674:BALKARAN R', 3.0]
check 'HMIS101_SEM2_2018' 'HMIS101'
adding  HMIS101
requesting:  http://10.0.100.98:8000/bbinfo/matching_courses/HMIS101%25
r= <Response [200]>
matching classes= set([u'HMIS101_SEM2_2017', u'HMIS101_13_BALR', u'HMIS101_SEM2_2018'])
[u'HMIS101_SEM2_2018', u'HMIS101_SEM2_2017', u'HMIS101', u'HOSPITALITY MANAGEMENT INFORMATION SYSTEMS', u'NDHSP2', u'ND: HOSPITALITY MANAGEMENT', u'22', u'SEMESTER 2', u'D1', u'Durban Campus Full-time', u'A', u'40000674:BALKARAN R;40000674:BALKARAN R', 36.0]
check 'HMIS101_SEM2_2018' 'HMIS101'
adding  HMIS101
requesting:  http://10.0.100.98:8000/bbinfo/matching_courses/HMIS101%25
r= <Response [200]>
matching classes= set([u'HMIS101_SEM2_2017', u'HMIS101_13_BALR', u'HMIS101_SEM2_2018'])
[u'', u'', u'', u'', u'', u'', u'', u'', u'', u'', u'', u'', u'']
check '' ''
[u'HSFM101_SEM2_2018', u'HSFM101_SEM2_2017', u'HSFM101', u'HOSPITALITY FINANCIAL MANAGEMENT I', u'NDHSF1', u'ND: HOSPITALITY MANAGEMENT (4 YEARS)', u'22', u'SEMESTER 2', u'D1', u'Durban Campus Full-time', u'A', u'40008837:MANIRAM', 34.0]
check 'HSFM101_SEM2_2018' 'HSFM101'
adding  HSFM101
requesting:  http://10.0.100.98:8000/bbinfo/matching_courses/HSFM101%25
r= <Response [200]>
matching classes= set([u'HSFM101_ALL_2016', u'HSFM101_SEM2_2018', u'HSFM101_13_NAIK', u'HSFM101_15', u'HSFM101_SEM2_2017'])
[u'HSFM101_SEM2_2018', u'HSFM101_SEM2_2017', u'HSFM101', u'HOSPITALITY FINANCIAL MANAGEMENT I', u'NDHSP2', u'ND: HOSPITALITY MANAGEMENT', u'22', u'SEMESTER 2', u'D1', u'Durban Campus Full-time', u'A', u'40008837:MANIRAM', 102.0]
check 'HSFM101_SEM2_2018' 'HSFM101'
adding  HSFM101
requesting:  http://10.0.100.98:8000/bbinfo/matching_courses/HSFM101%25
r= <Response [200]>
matching classes= set([u'HSFM101_ALL_2016', u'HSFM101_SEM2_2018', u'HSFM101_13_NAIK', u'HSFM101_15', u'HSFM101_SEM2_2017'])
[u'', u'', u'', u'', u'', u'', u'', u'', u'', u'', u'', u'', u'']
check '' ''
[u'MRKT101_YEAR_2018', u'MRKT101_YEAR_2017', u'MRKT101', u'MARKETING FOR TOURISM I', u'NDTRM1', u'ND: TOURISM MANAGEMENT', u'11', u'YEAR', u'D1', u'Durban Campus Full-time', u'A', u'40003370:SIBIYA N P', 131.0]
check 'MRKT101_YEAR_2018' 'MRKT101'
processXLS: only for SEM2 [u'MRKT101_YEAR_2018', u'MRKT101_YEAR_2017', u'MRKT101', u'MARKETING FOR TOURISM I', u'NDTRM1', u'ND: TOURISM MANAGEMENT', u'11', u'YEAR', u'D1', u'Durban Campus Full-time', u'A', u'40003370:SIBIYA N P', 131.0]
[u'', u'', u'', u'', u'', u'', u'', u'', u'', u'', u'', u'', u'']
check '' ''
[u'RMTM101_YEAR_2018', u'RMTM101_YEAR_2017', u'RMTM101', u'RESEARCH METHODOLOGY', u'BTTRM2', u'BT: TOURISM MANAGEMENT', u'11', u'YEAR', u'D1', u'Durban Campus Full-time', u'A', u'40000216:NAIDOO K M', 13.0]
check 'RMTM101_YEAR_2018' 'RMTM101'
processXLS: only for SEM2 [u'RMTM101_YEAR_2018', u'RMTM101_YEAR_2017', u'RMTM101', u'RESEARCH METHODOLOGY', u'BTTRM2', u'BT: TOURISM MANAGEMENT', u'11', u'YEAR', u'D1', u'Durban Campus Full-time', u'A', u'40000216:NAIDOO K M', 13.0]
[u'', u'', u'', u'', u'', u'', u'', u'', u'', u'', u'', u'', u'']
check '' ''
[u'RSOP101_YEAR_2018', u'RSOP101_YEAR_2017', u'RSOP101', u'RESTAURANT OPERATIONS I', u'NDCTM3', u'ND: CATERING MANAGEMENT', u'11', u'YEAR', u'D1', u'Durban Campus Full-time', u'A', u'400010995: Nxumalo', 49.0]
check 'RSOP101_YEAR_2018' 'RSOP101'
processXLS: only for SEM2 [u'RSOP101_YEAR_2018', u'RSOP101_YEAR_2017', u'RSOP101', u'RESTAURANT OPERATIONS I', u'NDCTM3', u'ND: CATERING MANAGEMENT', u'11', u'YEAR', u'D1', u'Durban Campus Full-time', u'A', u'400010995: Nxumalo', 49.0]
[u'', u'', u'', u'', u'', u'', u'', u'', u'', u'', u'', u'', u'']
check '' ''
[u'SVEX101_SEM1_2018', u'SVEX101_SEM1_2017', u'SVEX101', u'SERVICE EXCELLENCE I', u'NDHSF1', u'ND: HOSPITALITY MANAGEMENT (4 YEARS)', u'21', u'SEMESTER 1', u'D1', u'Durban Campus Full-time', u'A', u'40011997:GAREEB S R;40011997:GAREEB S R;40011997:GAREEB S R;40011997:GAREEB S R', 29.0]
check 'SVEX101_SEM1_2018' 'SVEX101'
processXLS: only for SEM2 [u'SVEX101_SEM1_2018', u'SVEX101_SEM1_2017', u'SVEX101', u'SERVICE EXCELLENCE I', u'NDHSF1', u'ND: HOSPITALITY MANAGEMENT (4 YEARS)', u'21', u'SEMESTER 1', u'D1', u'Durban Campus Full-time', u'A', u'40011997:GAREEB S R;40011997:GAREEB S R;40011997:GAREEB S R;40011997:GAREEB S R', 29.0]
[u'SVEX101_SEM1_2018', u'SVEX101_SEM1_2017', u'SVEX101', u'SERVICE EXCELLENCE I', u'NDHSP2', u'ND: HOSPITALITY MANAGEMENT', u'21', u'SEMESTER 1', u'D1', u'Durban Campus Full-time', u'A', u'40011997:GAREEB S R;40011997:GAREEB S R;40011997:GAREEB S R;40011997:GAREEB S R', 101.0]
check 'SVEX101_SEM1_2018' 'SVEX101'
processXLS: only for SEM2 [u'SVEX101_SEM1_2018', u'SVEX101_SEM1_2017', u'SVEX101', u'SERVICE EXCELLENCE I', u'NDHSP2', u'ND: HOSPITALITY MANAGEMENT', u'21', u'SEMESTER 1', u'D1', u'Durban Campus Full-time', u'A', u'40011997:GAREEB S R;40011997:GAREEB S R;40011997:GAREEB S R;40011997:GAREEB S R', 101.0]
[u'', u'', u'', u'', u'', u'', u'', u'', u'', u'', u'', u'', u'']
check '' ''
[u'TRDV101_YEAR_2018', u'TRDV101_YEAR_2017', u'TRDV101', u'TOURISM DEVELOPMENT I', u'NDTRM1', u'ND: TOURISM MANAGEMENT', u'11', u'YEAR', u'D1', u'Durban Campus Full-time', u'A', u'40000705:SUCHERAN R', 126.0]
check 'TRDV101_YEAR_2018' 'TRDV101'
processXLS: only for SEM2 [u'TRDV101_YEAR_2018', u'TRDV101_YEAR_2017', u'TRDV101', u'TOURISM DEVELOPMENT I', u'NDTRM1', u'ND: TOURISM MANAGEMENT', u'11', u'YEAR', u'D1', u'Durban Campus Full-time', u'A', u'40000705:SUCHERAN R', 126.0]
[u'', u'', u'', u'', u'', u'', u'', u'', u'', u'', u'', u'', u'']
check '' ''
[u'TTMN101_YEAR_2018', u'TTMN101_YEAR_2017', u'TTMN101', u'TRAVEL AND TOURISM MANAGEMENT I', u'NDTRM1', u'ND: TOURISM MANAGEMENT', u'11', u'YEAR', u'D1', u'Durban Campus Full-time', u'A', u'40007678:MABASO', 125.0]
check 'TTMN101_YEAR_2018' 'TTMN101'
processXLS: only for SEM2 [u'TTMN101_YEAR_2018', u'TTMN101_YEAR_2017', u'TTMN101', u'TRAVEL AND TOURISM MANAGEMENT I', u'NDTRM1', u'ND: TOURISM MANAGEMENT', u'11', u'YEAR', u'D1', u'Durban Campus Full-time', u'A', u'40007678:MABASO', 125.0]
[u'', u'', u'', u'', u'', u'', u'', u'', u'', u'', u'', u'', u'']
check '' ''
[u'TTPR102_YEAR_2018', u'TTPR102_YEAR_2017', u'TTPR102', u'TRAVEL AND TOURISM PRACTICE I', u'NDTRM1', u'ND: TOURISM MANAGEMENT', u'11', u'YEAR', u'D1', u'Durban Campus Full-time', u'A', u'40007391:MOHAMED SHAW MM', 119.0]
check 'TTPR102_YEAR_2018' 'TTPR102'
processXLS: only for SEM2 [u'TTPR102_YEAR_2018', u'TTPR102_YEAR_2017', u'TTPR102', u'TRAVEL AND TOURISM PRACTICE I', u'NDTRM1', u'ND: TOURISM MANAGEMENT', u'11', u'YEAR', u'D1', u'Durban Campus Full-time', u'A', u'40007391:MOHAMED SHAW MM', 119.0]
[u'', u'', u'', u'', u'', u'', u'', u'', u'', u'', u'', u'', u'']
check '' ''
[u'ACCM201_SEM1_2018', u'ACCM201_SEM1_2017', u'ACCM201', u'ACCOMMODATION MANAGEMENT II', u'NDHSF1', u'ND: HOSPITALITY MANAGEMENT (4 YEARS)', u'21', u'SEMESTER 1', u'D1', u'Durban Campus Full-time', u'A', u'40011997:GAREEB S R;40011997:GAREEB S R;40011997:GAREEB S R;40011997:GAREEB S R', 6.0]
check 'ACCM201_SEM1_2018' 'ACCM201'
processXLS: only for SEM2 [u'ACCM201_SEM1_2018', u'ACCM201_SEM1_2017', u'ACCM201', u'ACCOMMODATION MANAGEMENT II', u'NDHSF1', u'ND: HOSPITALITY MANAGEMENT (4 YEARS)', u'21', u'SEMESTER 1', u'D1', u'Durban Campus Full-time', u'A', u'40011997:GAREEB S R;40011997:GAREEB S R;40011997:GAREEB S R;40011997:GAREEB S R', 6.0]
[u'ACCM201_SEM1_2018', u'ACCM201_SEM1_2017', u'ACCM201', u'ACCOMMODATION MANAGEMENT II', u'NDHSP2', u'ND: HOSPITALITY MANAGEMENT', u'21', u'SEMESTER 1', u'D1', u'Durban Campus Full-time', u'A', u'40011997:GAREEB S R;40011997:GAREEB S R;40011997:GAREEB S R;40011997:GAREEB S R', 38.0]
check 'ACCM201_SEM1_2018' 'ACCM201'
processXLS: only for SEM2 [u'ACCM201_SEM1_2018', u'ACCM201_SEM1_2017', u'ACCM201', u'ACCOMMODATION MANAGEMENT II', u'NDHSP2', u'ND: HOSPITALITY MANAGEMENT', u'21', u'SEMESTER 1', u'D1', u'Durban Campus Full-time', u'A', u'40011997:GAREEB S R;40011997:GAREEB S R;40011997:GAREEB S R;40011997:GAREEB S R', 38.0]
[u'', u'', u'', u'', u'', u'', u'', u'', u'', u'', u'', u'', u'']
check '' ''
[u'CCRY201_SEM1_2018', u'CCRY201_SEM1_2017', u'CCRY201', u'COMMERCIAL COOKERY II', u'NDCTM3', u'ND: CATERING MANAGEMENT', u'21', u'SEMESTER 1', u'D1', u'Durban Campus Full-time', u'A', u'40000588:Mnguni', 32.0]
check 'CCRY201_SEM1_2018' 'CCRY201'
processXLS: only for SEM2 [u'CCRY201_SEM1_2018', u'CCRY201_SEM1_2017', u'CCRY201', u'COMMERCIAL COOKERY II', u'NDCTM3', u'ND: CATERING MANAGEMENT', u'21', u'SEMESTER 1', u'D1', u'Durban Campus Full-time', u'A', u'40000588:Mnguni', 32.0]
[u'', u'', u'', u'', u'', u'', u'', u'', u'', u'', u'', u'', u'']
check '' ''
[u'CCTL201_SEM1_2018', u'CCTL201_SEM1_2017', u'CCTL201', u'CATERING COST CONTROL II', u'NDCTM3', u'ND: CATERING MANAGEMENT', u'21', u'SEMESTER 1', u'D1', u'Durban Campus Full-time', u'A', u'40000588:Mnguni', 34.0]
check 'CCTL201_SEM1_2018' 'CCTL201'
processXLS: only for SEM2 [u'CCTL201_SEM1_2018', u'CCTL201_SEM1_2017', u'CCTL201', u'CATERING COST CONTROL II', u'NDCTM3', u'ND: CATERING MANAGEMENT', u'21', u'SEMESTER 1', u'D1', u'Durban Campus Full-time', u'A', u'40000588:Mnguni', 34.0]
[u'', u'', u'', u'', u'', u'', u'', u'', u'', u'', u'', u'', u'']
check '' ''
[u'CFMN201_SEM2_2018', u'CFMN201_SEM2_2017', u'CFMN201', u'CATERING FACILITIES II', u'NDCTM3', u'ND: CATERING MANAGEMENT', u'22', u'SEMESTER 2', u'D1', u'Durban Campus Full-time', u'A', u'40007803:FYNN GREEN', 17.0]
check 'CFMN201_SEM2_2018' 'CFMN201'
adding  CFMN201
requesting:  http://10.0.100.98:8000/bbinfo/matching_courses/CFMN201%25
r= <Response [200]>
matching classes= set([u'cfmn201_15', u'CFMN201_13_RHOJ', u'CFMN201_SEM2_2017', u'CFMN201_SEM2_2018', u'CFMN201_ALL_2016'])
[u'', u'', u'', u'', u'', u'', u'', u'', u'', u'', u'', u'', u'']
check '' ''
[u'CINS201_SEM1_2018', u'CINS201_SEM1_2017', u'CINS201', u'CATERING INFORMATION SYSTEMS II', u'NDCTM3', u'ND: CATERING MANAGEMENT', u'21', u'SEMESTER 1', u'D1', u'Durban Campus Full-time', u'A', u'40011864:DOGBE E;40011864:DOGBE E;40011864:DOGBE E;40011864:DOGBE E;40011864:DOGBE E;40011864:DOGBE E;40011864:DOGBE E;40011864:DOGBE E', 32.0]
check 'CINS201_SEM1_2018' 'CINS201'
processXLS: only for SEM2 [u'CINS201_SEM1_2018', u'CINS201_SEM1_2017', u'CINS201', u'CATERING INFORMATION SYSTEMS II', u'NDCTM3', u'ND: CATERING MANAGEMENT', u'21', u'SEMESTER 1', u'D1', u'Durban Campus Full-time', u'A', u'40011864:DOGBE E;40011864:DOGBE E;40011864:DOGBE E;40011864:DOGBE E;40011864:DOGBE E;40011864:DOGBE E;40011864:DOGBE E;40011864:DOGBE E', 32.0]
[u'', u'', u'', u'', u'', u'', u'', u'', u'', u'', u'', u'', u'']
check '' ''
[u'CSNT201_SEM1_2018', u'CSNT201_SEM1_2017', u'CSNT201', u'CULINARY STUDIES AND NUTRITION II', u'NDHSF1', u'ND: HOSPITALITY MANAGEMENT (4 YEARS)', u'21', u'SEMESTER 1', u'D1', u'Durban Campus Full-time', u'A', u'40010989:GANGIAH;40007803:FYNN GREEN', 4.0]
check 'CSNT201_SEM1_2018' 'CSNT201'
processXLS: only for SEM2 [u'CSNT201_SEM1_2018', u'CSNT201_SEM1_2017', u'CSNT201', u'CULINARY STUDIES AND NUTRITION II', u'NDHSF1', u'ND: HOSPITALITY MANAGEMENT (4 YEARS)', u'21', u'SEMESTER 1', u'D1', u'Durban Campus Full-time', u'A', u'40010989:GANGIAH;40007803:FYNN GREEN', 4.0]
[u'CSNT201_SEM1_2018', u'CSNT201_SEM1_2017', u'CSNT201', u'CULINARY STUDIES AND NUTRITION II', u'NDHSP2', u'ND: HOSPITALITY MANAGEMENT', u'21', u'SEMESTER 1', u'D1', u'Durban Campus Full-time', u'A', u'40010989:GANGIAH;40007803:FYNN GREEN', 57.0]
check 'CSNT201_SEM1_2018' 'CSNT201'
processXLS: only for SEM2 [u'CSNT201_SEM1_2018', u'CSNT201_SEM1_2017', u'CSNT201', u'CULINARY STUDIES AND NUTRITION II', u'NDHSP2', u'ND: HOSPITALITY MANAGEMENT', u'21', u'SEMESTER 1', u'D1', u'Durban Campus Full-time', u'A', u'40010989:GANGIAH;40007803:FYNN GREEN', 57.0]
[u'', u'', u'', u'', u'', u'', u'', u'', u'', u'', u'', u'50002426:KHULUSE', 57.0]
check '' ''
[u'CTMG201_SEM1_2018', u'CTMG201_SEM1_2017', u'CTMG201', u'CATERING MANAGEMENT II', u'NDCTM3', u'ND: CATERING MANAGEMENT', u'21', u'SEMESTER 1', u'D1', u'Durban Campus Full-time', u'A', u'40009418:KOK', 33.0]
check 'CTMG201_SEM1_2018' 'CTMG201'
processXLS: only for SEM2 [u'CTMG201_SEM1_2018', u'CTMG201_SEM1_2017', u'CTMG201', u'CATERING MANAGEMENT II', u'NDCTM3', u'ND: CATERING MANAGEMENT', u'21', u'SEMESTER 1', u'D1', u'Durban Campus Full-time', u'A', u'40009418:KOK', 33.0]
[u'', u'', u'', u'', u'', u'', u'', u'', u'', u'', u'', u'', u'']
check '' ''
[u'CTOP201_SEM1_2018', u'CTOP201_SEM1_2017', u'CTOP201', u'CATERING OPERATIONS II', u'NDCTM3', u'ND: CATERING MANAGEMENT', u'21', u'SEMESTER 1', u'D1', u'Durban Campus Full-time', u'A', u'40009418:KOK', 32.0]
check 'CTOP201_SEM1_2018' 'CTOP201'
processXLS: only for SEM2 [u'CTOP201_SEM1_2018', u'CTOP201_SEM1_2017', u'CTOP201', u'CATERING OPERATIONS II', u'NDCTM3', u'ND: CATERING MANAGEMENT', u'21', u'SEMESTER 1', u'D1', u'Durban Campus Full-time', u'A', u'40009418:KOK', 32.0]
[u'', u'', u'', u'', u'', u'', u'', u'', u'', u'', u'', u'', u'']
check '' ''
[u'FDBO201_SEM1_2018', u'FDBO201_SEM1_2017', u'FDBO201', u'FOOD AND BEVERAGE OPERATIONS II', u'NDHSF1', u'ND: HOSPITALITY MANAGEMENT (4 YEARS)', u'21', u'SEMESTER 1', u'D1', u'Durban Campus Full-time', u'A', u'50002426:KHULUSE', 3.0]
check 'FDBO201_SEM1_2018' 'FDBO201'
processXLS: only for SEM2 [u'FDBO201_SEM1_2018', u'FDBO201_SEM1_2017', u'FDBO201', u'FOOD AND BEVERAGE OPERATIONS II', u'NDHSF1', u'ND: HOSPITALITY MANAGEMENT (4 YEARS)', u'21', u'SEMESTER 1', u'D1', u'Durban Campus Full-time', u'A', u'50002426:KHULUSE', 3.0]
[u'FDBO201_SEM1_2018', u'FDBO201_SEM1_2017', u'FDBO201', u'FOOD AND BEVERAGE OPERATIONS II', u'NDHSP2', u'ND: HOSPITALITY MANAGEMENT', u'21', u'SEMESTER 1', u'D1', u'Durban Campus Full-time', u'A', u'50002426:KHULUSE', 58.0]
check 'FDBO201_SEM1_2018' 'FDBO201'
processXLS: only for SEM2 [u'FDBO201_SEM1_2018', u'FDBO201_SEM1_2017', u'FDBO201', u'FOOD AND BEVERAGE OPERATIONS II', u'NDHSP2', u'ND: HOSPITALITY MANAGEMENT', u'21', u'SEMESTER 1', u'D1', u'Durban Campus Full-time', u'A', u'50002426:KHULUSE', 58.0]
[u'', u'', u'', u'', u'', u'', u'', u'', u'', u'', u'', u'', u'']
check '' ''
[u'FDBS201_SEM1_2018', u'FDBS201_SEM1_2017', u'FDBS201', u'FOOD AND BEVERAGE STUDIES II', u'NDHSF1', u'ND: HOSPITALITY MANAGEMENT (4 YEARS)', u'21', u'SEMESTER 1', u'D1', u'Durban Campus Full-time', u'A', u'400010995: Nxumalo', 7.0]
check 'FDBS201_SEM1_2018' 'FDBS201'
processXLS: only for SEM2 [u'FDBS201_SEM1_2018', u'FDBS201_SEM1_2017', u'FDBS201', u'FOOD AND BEVERAGE STUDIES II', u'NDHSF1', u'ND: HOSPITALITY MANAGEMENT (4 YEARS)', u'21', u'SEMESTER 1', u'D1', u'Durban Campus Full-time', u'A', u'400010995: Nxumalo', 7.0]
[u'FDBS201_SEM1_2018', u'FDBS201_SEM1_2017', u'FDBS201', u'FOOD AND BEVERAGE STUDIES II', u'NDHSP2', u'ND: HOSPITALITY MANAGEMENT', u'21', u'SEMESTER 1', u'D1', u'Durban Campus Full-time', u'A', u'400010995: Nxumalo', 63.0]
check 'FDBS201_SEM1_2018' 'FDBS201'
processXLS: only for SEM2 [u'FDBS201_SEM1_2018', u'FDBS201_SEM1_2017', u'FDBS201', u'FOOD AND BEVERAGE STUDIES II', u'NDHSP2', u'ND: HOSPITALITY MANAGEMENT', u'21', u'SEMESTER 1', u'D1', u'Durban Campus Full-time', u'A', u'400010995: Nxumalo', 63.0]
[u'', u'', u'', u'', u'', u'', u'', u'', u'', u'', u'', u'', u'']
check '' ''
[u'HFMN205_SEM1_2018', u'HFMN205_SEM1_2017', u'HFMN205', u'HOSPITALITY FINANCIAL MANAGEMENT II', u'NDHSF1', u'ND: HOSPITALITY MANAGEMENT (4 YEARS)', u'21', u'SEMESTER 1', u'D1', u'Durban Campus Full-time', u'A', u'40008837:MANIRAM', 9.0]
check 'HFMN205_SEM1_2018' 'HFMN205'
processXLS: only for SEM2 [u'HFMN205_SEM1_2018', u'HFMN205_SEM1_2017', u'HFMN205', u'HOSPITALITY FINANCIAL MANAGEMENT II', u'NDHSF1', u'ND: HOSPITALITY MANAGEMENT (4 YEARS)', u'21', u'SEMESTER 1', u'D1', u'Durban Campus Full-time', u'A', u'40008837:MANIRAM', 9.0]
[u'HFMN205_SEM1_2018', u'HFMN205_SEM1_2017', u'HFMN205', u'HOSPITALITY FINANCIAL MANAGEMENT II', u'NDHSP2', u'ND: HOSPITALITY MANAGEMENT', u'21', u'SEMESTER 1', u'D1', u'Durban Campus Full-time', u'A', u'40008837:MANIRAM', 53.0]
check 'HFMN205_SEM1_2018' 'HFMN205'
processXLS: only for SEM2 [u'HFMN205_SEM1_2018', u'HFMN205_SEM1_2017', u'HFMN205', u'HOSPITALITY FINANCIAL MANAGEMENT II', u'NDHSP2', u'ND: HOSPITALITY MANAGEMENT', u'21', u'SEMESTER 1', u'D1', u'Durban Campus Full-time', u'A', u'40008837:MANIRAM', 53.0]
[u'', u'', u'', u'', u'', u'', u'', u'', u'', u'', u'', u'', u'']
check '' ''
[u'HISY201_SEM1_2018', u'HISY201_SEM1_2017', u'HISY201', u'HOSPITALITY INFORMATION SYSTEMS II', u'NDHSF1', u'ND: HOSPITALITY MANAGEMENT (4 YEARS)', u'21', u'SEMESTER 1', u'D1', u'Durban Campus Full-time', u'A', u'40000588:Mnguni', 4.0]
check 'HISY201_SEM1_2018' 'HISY201'
processXLS: only for SEM2 [u'HISY201_SEM1_2018', u'HISY201_SEM1_2017', u'HISY201', u'HOSPITALITY INFORMATION SYSTEMS II', u'NDHSF1', u'ND: HOSPITALITY MANAGEMENT (4 YEARS)', u'21', u'SEMESTER 1', u'D1', u'Durban Campus Full-time', u'A', u'40000588:Mnguni', 4.0]
[u'HISY201_SEM1_2018', u'HISY201_SEM1_2017', u'HISY201', u'HOSPITALITY INFORMATION SYSTEMS II', u'NDHSP2', u'ND: HOSPITALITY MANAGEMENT', u'21', u'SEMESTER 1', u'D1', u'Durban Campus Full-time', u'A', u'40000588:Mnguni', 61.0]
check 'HISY201_SEM1_2018' 'HISY201'
processXLS: only for SEM2 [u'HISY201_SEM1_2018', u'HISY201_SEM1_2017', u'HISY201', u'HOSPITALITY INFORMATION SYSTEMS II', u'NDHSP2', u'ND: HOSPITALITY MANAGEMENT', u'21', u'SEMESTER 1', u'D1', u'Durban Campus Full-time', u'A', u'40000588:Mnguni', 61.0]
[u'', u'', u'', u'', u'', u'', u'', u'', u'', u'', u'', u'', u'']
check '' ''
[u'HMAN201_SEM1_2018', u'HMAN201_SEM1_2017', u'HMAN201', u'HOSPITALITY MANAGEMENT II', u'NDHSF1', u'ND: HOSPITALITY MANAGEMENT (4 YEARS)', u'21', u'SEMESTER 1', u'D1', u'Durban Campus Full-time', u'A', u'400010995: Nxumalo', 14.0]
check 'HMAN201_SEM1_2018' 'HMAN201'
processXLS: only for SEM2 [u'HMAN201_SEM1_2018', u'HMAN201_SEM1_2017', u'HMAN201', u'HOSPITALITY MANAGEMENT II', u'NDHSF1', u'ND: HOSPITALITY MANAGEMENT (4 YEARS)', u'21', u'SEMESTER 1', u'D1', u'Durban Campus Full-time', u'A', u'400010995: Nxumalo', 14.0]
[u'HMAN201_SEM1_2018', u'HMAN201_SEM1_2017', u'HMAN201', u'HOSPITALITY MANAGEMENT II', u'NDHSP2', u'ND: HOSPITALITY MANAGEMENT', u'21', u'SEMESTER 1', u'D1', u'Durban Campus Full-time', u'A', u'400010995: Nxumalo', 72.0]
check 'HMAN201_SEM1_2018' 'HMAN201'
processXLS: only for SEM2 [u'HMAN201_SEM1_2018', u'HMAN201_SEM1_2017', u'HMAN201', u'HOSPITALITY MANAGEMENT II', u'NDHSP2', u'ND: HOSPITALITY MANAGEMENT', u'21', u'SEMESTER 1', u'D1', u'Durban Campus Full-time', u'A', u'400010995: Nxumalo', 72.0]
[u'', u'', u'', u'', u'', u'', u'', u'', u'', u'', u'', u'', u'']
check '' ''
[u'HOSC201_SEM1_2018', u'HOSC201_SEM1_2017', u'HOSC201', u'HOSPITALITY COMMUNICATION II', u'NDHSF1', u'ND: HOSPITALITY MANAGEMENT (4 YEARS)', u'21', u'SEMESTER 1', u'D1', u'Durban Campus Full-time', u'A', u'40011997:GAREEB S R;40011997:GAREEB S R;40011997:GAREEB S R;40011997:GAREEB S R', 4.0]
check 'HOSC201_SEM1_2018' 'HOSC201'
processXLS: only for SEM2 [u'HOSC201_SEM1_2018', u'HOSC201_SEM1_2017', u'HOSC201', u'HOSPITALITY COMMUNICATION II', u'NDHSF1', u'ND: HOSPITALITY MANAGEMENT (4 YEARS)', u'21', u'SEMESTER 1', u'D1', u'Durban Campus Full-time', u'A', u'40011997:GAREEB S R;40011997:GAREEB S R;40011997:GAREEB S R;40011997:GAREEB S R', 4.0]
[u'HOSC201_SEM1_2018', u'HOSC201_SEM1_2017', u'HOSC201', u'HOSPITALITY COMMUNICATION II', u'NDHSP2', u'ND: HOSPITALITY MANAGEMENT', u'21', u'SEMESTER 1', u'D1', u'Durban Campus Full-time', u'A', u'40011997:GAREEB S R;40011997:GAREEB S R;40011997:GAREEB S R;40011997:GAREEB S R', 58.0]
check 'HOSC201_SEM1_2018' 'HOSC201'
processXLS: only for SEM2 [u'HOSC201_SEM1_2018', u'HOSC201_SEM1_2017', u'HOSC201', u'HOSPITALITY COMMUNICATION II', u'NDHSP2', u'ND: HOSPITALITY MANAGEMENT', u'21', u'SEMESTER 1', u'D1', u'Durban Campus Full-time', u'A', u'40011997:GAREEB S R;40011997:GAREEB S R;40011997:GAREEB S R;40011997:GAREEB S R', 58.0]
[u'', u'', u'', u'', u'', u'', u'', u'', u'', u'', u'', u'', u'']
check '' ''
[u'MRKT201_YEAR_2018', u'MRKT201_YEAR_2017', u'MRKT201', u'MARKETING FOR TOURISM II', u'NDTRM1', u'ND: TOURISM MANAGEMENT', u'11', u'YEAR', u'D1', u'Durban Campus Full-time', u'A', u'40003370:SIBIYA N P', 86.0]
check 'MRKT201_YEAR_2018' 'MRKT201'
processXLS: only for SEM2 [u'MRKT201_YEAR_2018', u'MRKT201_YEAR_2017', u'MRKT201', u'MARKETING FOR TOURISM II', u'NDTRM1', u'ND: TOURISM MANAGEMENT', u'11', u'YEAR', u'D1', u'Durban Campus Full-time', u'A', u'40003370:SIBIYA N P', 86.0]
[u'', u'', u'', u'', u'', u'', u'', u'', u'', u'', u'', u'', u'']
check '' ''
[u'RMGA201_YEAR_2018', u'RMGA201_YEAR_2017', u'RMGA201', u'RESEARCH METHODOLOGY', u'BTHSP2', u'BT: HOSPITALITY MANAGEMENT', u'11', u'YEAR', u'D1', u'Durban Campus Full-time', u'A', u'40000216:NAIDOO K M', 9.0]
check 'RMGA201_YEAR_2018' 'RMGA201'
processXLS: only for SEM2 [u'RMGA201_YEAR_2018', u'RMGA201_YEAR_2017', u'RMGA201', u'RESEARCH METHODOLOGY', u'BTHSP2', u'BT: HOSPITALITY MANAGEMENT', u'11', u'YEAR', u'D1', u'Durban Campus Full-time', u'A', u'40000216:NAIDOO K M', 9.0]
[u'', u'', u'', u'', u'', u'', u'', u'', u'', u'', u'', u'', u'']
check '' ''
[u'RSOP201_SEM1_2018', u'RSOP201_SEM1_2017', u'RSOP201', u'RESTAURANT OPERATIONS II', u'NDCTM3', u'ND: CATERING MANAGEMENT', u'21', u'SEMESTER 1', u'D1', u'Durban Campus Full-time', u'A', u'40000588:Mnguni', 32.0]
check 'RSOP201_SEM1_2018' 'RSOP201'
processXLS: only for SEM2 [u'RSOP201_SEM1_2018', u'RSOP201_SEM1_2017', u'RSOP201', u'RESTAURANT OPERATIONS II', u'NDCTM3', u'ND: CATERING MANAGEMENT', u'21', u'SEMESTER 1', u'D1', u'Durban Campus Full-time', u'A', u'40000588:Mnguni', 32.0]
[u'', u'', u'', u'', u'', u'', u'', u'', u'', u'', u'', u'', u'']
check '' ''
[u'TRDV201_YEAR_2018', u'TRDV201_YEAR_2017', u'TRDV201', u'TOURISM DEVELOPMENT II', u'NDTRM1', u'ND: TOURISM MANAGEMENT', u'11', u'YEAR', u'D1', u'Durban Campus Full-time', u'A', u'40007678:MABASO', 91.0]
check 'TRDV201_YEAR_2018' 'TRDV201'
processXLS: only for SEM2 [u'TRDV201_YEAR_2018', u'TRDV201_YEAR_2017', u'TRDV201', u'TOURISM DEVELOPMENT II', u'NDTRM1', u'ND: TOURISM MANAGEMENT', u'11', u'YEAR', u'D1', u'Durban Campus Full-time', u'A', u'40007678:MABASO', 91.0]
[u'TRDV201_YEAR_2018', u'TRDV201_YEAR_2017', u'TRDV201', u'TOURISM DEVELOPMENT II', u'NODIP6', u'NON-DIPLOMA PURPOSE (MAN SC)', u'11', u'YEAR', u'D7', u'DBN FULL-TIME NON-SUBSIDISED', u'A', u'40007678:MABASO', 5.0]
check 'TRDV201_YEAR_2018' 'TRDV201'
processXLS: only for SEM2 [u'TRDV201_YEAR_2018', u'TRDV201_YEAR_2017', u'TRDV201', u'TOURISM DEVELOPMENT II', u'NODIP6', u'NON-DIPLOMA PURPOSE (MAN SC)', u'11', u'YEAR', u'D7', u'DBN FULL-TIME NON-SUBSIDISED', u'A', u'40007678:MABASO', 5.0]
[u'', u'', u'', u'', u'', u'', u'', u'', u'', u'', u'', u'', u'']
check '' ''
[u'TRMN201_YEAR_2018', u'TRMN201_YEAR_2017', u'TRMN201', u'TRAVEL AND TOURISM MANAGEMENT II', u'NDTRM1', u'ND: TOURISM MANAGEMENT', u'11', u'YEAR', u'D1', u'Durban Campus Full-time', u'A', u'40007678:MABASO', 78.0]
check 'TRMN201_YEAR_2018' 'TRMN201'
processXLS: only for SEM2 [u'TRMN201_YEAR_2018', u'TRMN201_YEAR_2017', u'TRMN201', u'TRAVEL AND TOURISM MANAGEMENT II', u'NDTRM1', u'ND: TOURISM MANAGEMENT', u'11', u'YEAR', u'D1', u'Durban Campus Full-time', u'A', u'40007678:MABASO', 78.0]
[u'', u'', u'', u'', u'', u'', u'', u'', u'', u'', u'', u'', u'']
check '' ''
[u'TTPR202_YEAR_2018', u'TTPR202_YEAR_2017', u'TTPR202', u'TRAVEL AND TOURISM PRACTICE II', u'NDTRM1', u'ND: TOURISM MANAGEMENT', u'11', u'YEAR', u'D1', u'Durban Campus Full-time', u'A', u'40007391:MOHAMED SHAW MM', 85.0]
check 'TTPR202_YEAR_2018' 'TTPR202'
processXLS: only for SEM2 [u'TTPR202_YEAR_2018', u'TTPR202_YEAR_2017', u'TTPR202', u'TRAVEL AND TOURISM PRACTICE II', u'NDTRM1', u'ND: TOURISM MANAGEMENT', u'11', u'YEAR', u'D1', u'Durban Campus Full-time', u'A', u'40007391:MOHAMED SHAW MM', 85.0]
[u'', u'', u'', u'', u'', u'', u'', u'', u'', u'', u'', u'', u'']
check '' ''
[u'ACCM301_SEM2_2018', u'ACCM301_SEM2_2017', u'ACCM301', u'ACCOMMODATION MANAGEMENT III', u'NDHSF1', u'ND: HOSPITALITY MANAGEMENT (4 YEARS)', u'22', u'SEMESTER 2', u'D1', u'Durban Campus Full-time', u'A', u'40000674:BALKARAN R;40000674:BALKARAN R', 2.0]
check 'ACCM301_SEM2_2018' 'ACCM301'
adding  ACCM301
requesting:  http://10.0.100.98:8000/bbinfo/matching_courses/ACCM301%25
r= <Response [200]>
matching classes= set([u'ACCM301_15_GARS', u'ACCM301_13_BALR', u'ACCM301_SEM2_2018', u'ACCM301_SEM2_2017', u'accm301_15'])
[u'ACCM301_SEM2_2018', u'ACCM301_SEM2_2017', u'ACCM301', u'ACCOMMODATION MANAGEMENT III', u'NDHSP2', u'ND: HOSPITALITY MANAGEMENT', u'22', u'SEMESTER 2', u'D1', u'Durban Campus Full-time', u'A', u'40000674:BALKARAN R;40000674:BALKARAN R', 15.0]
check 'ACCM301_SEM2_2018' 'ACCM301'
adding  ACCM301
requesting:  http://10.0.100.98:8000/bbinfo/matching_courses/ACCM301%25
r= <Response [200]>
matching classes= set([u'ACCM301_15_GARS', u'ACCM301_13_BALR', u'ACCM301_SEM2_2018', u'ACCM301_SEM2_2017', u'accm301_15'])
[u'', u'', u'', u'', u'', u'', u'', u'', u'', u'', u'', u'', u'']
check '' ''
[u'CCRY301_SEM2_2018', u'CCRY301_SEM2_2017', u'CCRY301', u'COMMERCIAL COOKERY III', u'NDCTM3', u'ND: CATERING MANAGEMENT', u'22', u'SEMESTER 2', u'D1', u'Durban Campus Full-time', u'A', u'40000485:KAMALNARAIN H', 17.0]
check 'CCRY301_SEM2_2018' 'CCRY301'
adding  CCRY301
requesting:  http://10.0.100.98:8000/bbinfo/matching_courses/CCRY301%25
r= <Response [200]>
matching classes= set([u'CCRY301_SEM2_2017', u'CCRY301_SEM2_2018', u'CCRY301_13_RHOJ'])
[u'', u'', u'', u'', u'', u'', u'', u'', u'', u'', u'', u'', u'']
check '' ''
[u'CCTL301_SEM2_2018', u'CCTL301_SEM2_2017', u'CCTL301', u'CATERING COST CONTROL III', u'NDCTM3', u'ND: CATERING MANAGEMENT', u'22', u'SEMESTER 2', u'D1', u'Durban Campus Full-time', u'A', u'40008837:MANIRAM', 18.0]
check 'CCTL301_SEM2_2018' 'CCTL301'
adding  CCTL301
requesting:  http://10.0.100.98:8000/bbinfo/matching_courses/CCTL301%25
r= <Response [200]>
matching classes= set([u'CCTL301_13_RHOJ', u'CCTL301_SEM2_2017', u'CCTL301_ALL_2016', u'CCTL301_SEM2_2018', u'CCTL301_15_GARS'])
[u'', u'', u'', u'', u'', u'', u'', u'', u'', u'', u'', u'', u'']
check '' ''
[u'CINS301_SEM2_2018', u'CINS301_SEM2_2017', u'CINS301', u'CATERING INFORMATION SYSTEMS III', u'NDCTM3', u'ND: CATERING MANAGEMENT', u'22', u'SEMESTER 2', u'D1', u'Durban Campus Full-time', u'A', u'40000588:Mnguni', 18.0]
check 'CINS301_SEM2_2018' 'CINS301'
adding  CINS301
requesting:  http://10.0.100.98:8000/bbinfo/matching_courses/CINS301%25
r= <Response [200]>
matching classes= set([u'CINS301_SEM2_2018', u'CINS301_13_RHOJ', u'CINS301_SEM2_2017'])
[u'', u'', u'', u'', u'', u'', u'', u'', u'', u'', u'', u'', u'']
check '' ''
[u'CTMG301_SEM2_2018', u'CTMG301_SEM2_2017', u'CTMG301', u'CATERING MANAGEMENT III', u'NDCTM3', u'ND: CATERING MANAGEMENT', u'22', u'SEMESTER 2', u'D1', u'Durban Campus Full-time', u'A', u'40009418:KOK', 20.0]
check 'CTMG301_SEM2_2018' 'CTMG301'
adding  CTMG301
requesting:  http://10.0.100.98:8000/bbinfo/matching_courses/CTMG301%25
r= <Response [200]>
matching classes= set([u'ctmg301_15', u'CTMG301_13_RHOJ', u'CTMG301_SEM2_2018', u'CTMG301_SEM2_2017', u'CTMG301_ALL_2016'])
[u'', u'', u'', u'', u'', u'', u'', u'', u'', u'', u'', u'', u'']
check '' ''
[u'FDBO301_SEM2_2018', u'FDBO301_SEM2_2017', u'FDBO301', u'FOOD AND BEVERAGE OPERATIONS III', u'NDHSF1', u'ND: HOSPITALITY MANAGEMENT (4 YEARS)', u'22', u'SEMESTER 2', u'D1', u'Durban Campus Full-time', u'A', u'40007803:FYNN GREEN', 1.0]
check 'FDBO301_SEM2_2018' 'FDBO301'
adding  FDBO301
requesting:  http://10.0.100.98:8000/bbinfo/matching_courses/FDBO301%25
r= <Response [200]>
matching classes= set([u'FDBO301_ALL_2016', u'FDBO301_SEM2_2018', u'FDBO301_SEM2_2017', u'FDBO301_13_BALR'])
[u'FDBO301_SEM2_2018', u'FDBO301_SEM2_2017', u'FDBO301', u'FOOD AND BEVERAGE OPERATIONS III', u'NDHSP2', u'ND: HOSPITALITY MANAGEMENT', u'22', u'SEMESTER 2', u'D1', u'Durban Campus Full-time', u'A', u'40007803:FYNN GREEN', 23.0]
check 'FDBO301_SEM2_2018' 'FDBO301'
adding  FDBO301
requesting:  http://10.0.100.98:8000/bbinfo/matching_courses/FDBO301%25
r= <Response [200]>
matching classes= set([u'FDBO301_ALL_2016', u'FDBO301_SEM2_2018', u'FDBO301_SEM2_2017', u'FDBO301_13_BALR'])
[u'', u'', u'', u'', u'', u'', u'', u'', u'', u'', u'', u'', u'']
check '' ''
[u'HFMN307_SEM2_2018', u'HFMN307_SEM2_2017', u'HFMN307', u'HOSPITALITY FINANCIAL MANAGEMENT III', u'NDHSF1', u'ND: HOSPITALITY MANAGEMENT (4 YEARS)', u'22', u'SEMESTER 2', u'D1', u'Durban Campus Full-time', u'A', u'40008837:MANIRAM R', 3.0]
check 'HFMN307_SEM2_2018' 'HFMN307'
adding  HFMN307
requesting:  http://10.0.100.98:8000/bbinfo/matching_courses/HFMN307%25
r= <Response [200]>
matching classes= set([u'HFMN307_SEM2_2017', u'HFMN307_SEM2_2018', u'HFMN307_13_BALR', u'HFMN307_15_GARS'])
[u'HFMN307_SEM2_2018', u'HFMN307_SEM2_2017', u'HFMN307', u'HOSPITALITY FINANCIAL MANAGEMENT III', u'NDHSP2', u'ND: HOSPITALITY MANAGEMENT', u'22', u'SEMESTER 2', u'D1', u'Durban Campus Full-time', u'A', u'40008837:MANIRAM R', 40.0]
check 'HFMN307_SEM2_2018' 'HFMN307'
adding  HFMN307
requesting:  http://10.0.100.98:8000/bbinfo/matching_courses/HFMN307%25
r= <Response [200]>
matching classes= set([u'HFMN307_SEM2_2017', u'HFMN307_SEM2_2018', u'HFMN307_13_BALR', u'HFMN307_15_GARS'])
[u'', u'', u'', u'', u'', u'', u'', u'', u'', u'', u'', u'', u'']
check '' ''
[u'HMAN301_SEM2_2018', u'HMAN301_SEM2_2017', u'HMAN301', u'HOSPITALITY MANAGEMENT III', u'NDHSF1', u'ND: HOSPITALITY MANAGEMENT (4 YEARS)', u'22', u'SEMESTER 2', u'D1', u'Durban Campus Full-time', u'A', u'40009418:KOK', 3.0]
check 'HMAN301_SEM2_2018' 'HMAN301'
adding  HMAN301
requesting:  http://10.0.100.98:8000/bbinfo/matching_courses/HMAN301%25
r= <Response [200]>
matching classes= set([u'HMAN301_ALL_2016', u'HMAN301_SEM2_2018', u'HMAN301_SEM2_2017', u'hman301_15', u'HMAN301_13_WEBS'])
[u'HMAN301_SEM2_2018', u'HMAN301_SEM2_2017', u'HMAN301', u'HOSPITALITY MANAGEMENT III', u'NDHSP2', u'ND: HOSPITALITY MANAGEMENT', u'22', u'SEMESTER 2', u'D1', u'Durban Campus Full-time', u'A', u'40009418:KOK', 39.0]
check 'HMAN301_SEM2_2018' 'HMAN301'
adding  HMAN301
requesting:  http://10.0.100.98:8000/bbinfo/matching_courses/HMAN301%25
r= <Response [200]>
matching classes= set([u'HMAN301_ALL_2016', u'HMAN301_SEM2_2018', u'HMAN301_SEM2_2017', u'hman301_15', u'HMAN301_13_WEBS'])
[u'', u'', u'', u'', u'', u'', u'', u'', u'', u'', u'', u'', u'']
check '' ''
[u'MRKT301_YEAR_2018', u'MRKT301_YEAR_2017', u'MRKT301', u'MARKETING FOR TOURISM III', u'BTTRM2', u'BT: TOURISM MANAGEMENT', u'11', u'YEAR', u'D1', u'Durban Campus Full-time', u'A', u'40003370:SIBIYA N P', 11.0]
check 'MRKT301_YEAR_2018' 'MRKT301'
processXLS: only for SEM2 [u'MRKT301_YEAR_2018', u'MRKT301_YEAR_2017', u'MRKT301', u'MARKETING FOR TOURISM III', u'BTTRM2', u'BT: TOURISM MANAGEMENT', u'11', u'YEAR', u'D1', u'Durban Campus Full-time', u'A', u'40003370:SIBIYA N P', 11.0]
[u'', u'', u'', u'', u'', u'', u'', u'', u'', u'', u'', u'', u'']
check '' ''
[u'RSOP301_SEM2_2018', u'RSOP301_SEM2_2017', u'RSOP301', u'RESTAURANT OPERATIONS III', u'NDCTM3', u'ND: CATERING MANAGEMENT', u'22', u'SEMESTER 2', u'D1', u'Durban Campus Full-time', u'A', u'400010995: Nxumalo', 18.0]
check 'RSOP301_SEM2_2018' 'RSOP301'
adding  RSOP301
requesting:  http://10.0.100.98:8000/bbinfo/matching_courses/RSOP301%25
r= <Response [200]>
matching classes= set([u'RSOP301_SEM2_2017', u'RSOP301_13_RHOJ', u'RSOP301_SEM2_2018'])
[u'', u'', u'', u'', u'', u'', u'', u'', u'', u'', u'', u'', u'']
check '' ''
[u'TRDV301_SEM1_2018', u'TRDV301_SEM1_2017', u'TRDV301', u'TOURISM DEVELOPMENT III', u'NDTRM1', u'ND: TOURISM MANAGEMENT', u'21', u'SEMESTER 1', u'D1', u'Durban Campus Full-time', u'A', u'40000705:SUCHERAN R', 51.0]
check 'TRDV301_SEM1_2018' 'TRDV301'
processXLS: only for SEM2 [u'TRDV301_SEM1_2018', u'TRDV301_SEM1_2017', u'TRDV301', u'TOURISM DEVELOPMENT III', u'NDTRM1', u'ND: TOURISM MANAGEMENT', u'21', u'SEMESTER 1', u'D1', u'Durban Campus Full-time', u'A', u'40000705:SUCHERAN R', 51.0]
[u'', u'', u'', u'', u'', u'', u'', u'', u'', u'', u'', u'', u'']
check '' ''
[u'TTMN301_SEM1_2018', u'TTMN301_SEM1_2017', u'TTMN301', u'TRAVEL AND TOURISM MANAGEMENT III', u'NDTRM1', u'ND: TOURISM MANAGEMENT', u'21', u'SEMESTER 1', u'D1', u'Durban Campus Full-time', u'A', u'40007678:MABASO', 52.0]
check 'TTMN301_SEM1_2018' 'TTMN301'
processXLS: only for SEM2 [u'TTMN301_SEM1_2018', u'TTMN301_SEM1_2017', u'TTMN301', u'TRAVEL AND TOURISM MANAGEMENT III', u'NDTRM1', u'ND: TOURISM MANAGEMENT', u'21', u'SEMESTER 1', u'D1', u'Durban Campus Full-time', u'A', u'40007678:MABASO', 52.0]
[u'', u'', u'', u'', u'', u'', u'', u'', u'', u'', u'', u'', u'']
check '' ''
[u'TTPR303_SEM1_2018', u'TTPR303_SEM1_2017', u'TTPR303', u'TRAVEL AND TOURISM PRACTICE III', u'NDTRM1', u'ND: TOURISM MANAGEMENT', u'21', u'SEMESTER 1', u'D1', u'Durban Campus Full-time', u'A', u'40007391:MOHAMED SHAW MM', 56.0]
check 'TTPR303_SEM1_2018' 'TTPR303'
processXLS: only for SEM2 [u'TTPR303_SEM1_2018', u'TTPR303_SEM1_2017', u'TTPR303', u'TRAVEL AND TOURISM PRACTICE III', u'NDTRM1', u'ND: TOURISM MANAGEMENT', u'21', u'SEMESTER 1', u'D1', u'Durban Campus Full-time', u'A', u'40007391:MOHAMED SHAW MM', 56.0]
[u'', u'', u'', u'', u'', u'', u'', u'', u'', u'', u'', u'', u'']
check '' ''
[u'ADSM401_YEAR_2018', u'ADSM401_YEAR_2017', u'ADSM401', u'ADVANCED STRATEGIC MANAGEMENT IV', u'BTTRM2', u'BT: TOURISM MANAGEMENT', u'11', u'YEAR', u'D1', u'Durban Campus Full-time', u'A', u'40000216:NAIDOO K M', 13.0]
check 'ADSM401_YEAR_2018' 'ADSM401'
processXLS: only for SEM2 [u'ADSM401_YEAR_2018', u'ADSM401_YEAR_2017', u'ADSM401', u'ADVANCED STRATEGIC MANAGEMENT IV', u'BTTRM2', u'BT: TOURISM MANAGEMENT', u'11', u'YEAR', u'D1', u'Durban Campus Full-time', u'A', u'40000216:NAIDOO K M', 13.0]
[u'', u'', u'', u'', u'', u'', u'', u'', u'', u'', u'', u'', u'']
check '' ''
[u'HFMN401_YEAR_2018', u'HFMN401_YEAR_2017', u'HFMN401', u'HOSPITALITY FINANCIAL MANAGEMENT IV', u'BTHSP2', u'BT: HOSPITALITY MANAGEMENT', u'11', u'YEAR', u'D1', u'Durban Campus Full-time', u'A', u'40008837:MANIRAM', 8.0]
check 'HFMN401_YEAR_2018' 'HFMN401'
processXLS: only for SEM2 [u'HFMN401_YEAR_2018', u'HFMN401_YEAR_2017', u'HFMN401', u'HOSPITALITY FINANCIAL MANAGEMENT IV', u'BTHSP2', u'BT: HOSPITALITY MANAGEMENT', u'11', u'YEAR', u'D1', u'Durban Campus Full-time', u'A', u'40008837:MANIRAM', 8.0]
[u'', u'', u'', u'', u'', u'', u'', u'', u'', u'', u'', u'', u'']
check '' ''
[u'HMAN401_YEAR_2018', u'HMAN401_YEAR_2017', u'HMAN401', u'HOSPITALITY MANAGEMENT IV', u'BTHSP2', u'BT: HOSPITALITY MANAGEMENT', u'11', u'YEAR', u'D1', u'Durban Campus Full-time', u'A', u'40010989:GANGIAH', 8.0]
check 'HMAN401_YEAR_2018' 'HMAN401'
processXLS: only for SEM2 [u'HMAN401_YEAR_2018', u'HMAN401_YEAR_2017', u'HMAN401', u'HOSPITALITY MANAGEMENT IV', u'BTHSP2', u'BT: HOSPITALITY MANAGEMENT', u'11', u'YEAR', u'D1', u'Durban Campus Full-time', u'A', u'40010989:GANGIAH', 8.0]
[u'', u'', u'', u'', u'', u'', u'', u'', u'', u'', u'', u'', u'']
check '' ''
[u'TRDV401_YEAR_2018', u'TRDV401_YEAR_2017', u'TRDV401', u'TOURISM DEVELOPMENT IV', u'BTTRM2', u'BT: TOURISM MANAGEMENT', u'11', u'YEAR', u'D1', u'Durban Campus Full-time', u'A', u'40000705:SUCHERAN R', 14.0]
check 'TRDV401_YEAR_2018' 'TRDV401'
processXLS: only for SEM2 [u'TRDV401_YEAR_2018', u'TRDV401_YEAR_2017', u'TRDV401', u'TOURISM DEVELOPMENT IV', u'BTTRM2', u'BT: TOURISM MANAGEMENT', u'11', u'YEAR', u'D1', u'Durban Campus Full-time', u'A', u'40000705:SUCHERAN R', 14.0]
[u'', u'', u'', u'', u'', u'', u'', u'', u'', u'', u'', u'', u'']
check '' ''
[u'TRPR401_YEAR_2018', u'TRPR401_YEAR_2017', u'TRPR401', u'TOURISM PROJECT IV', u'BTTRM2', u'BT: TOURISM MANAGEMENT', u'11', u'YEAR', u'D1', u'Durban Campus Full-time', u'A', u'40000216:NAIDOO K M', 13.0]
check 'TRPR401_YEAR_2018' 'TRPR401'
processXLS: only for SEM2 [u'TRPR401_YEAR_2018', u'TRPR401_YEAR_2017', u'TRPR401', u'TOURISM PROJECT IV', u'BTTRM2', u'BT: TOURISM MANAGEMENT', u'11', u'YEAR', u'D1', u'Durban Campus Full-time', u'A', u'40000216:NAIDOO K M', 13.0]
[u'', u'', u'', u'', u'', u'', u'', u'', u'', u'', u'', u'', u'']
check '' ''
[u'RPTH511_YEAR_2018', u'RPTH511_YEAR_2017', u'RPTH511', u'RESEARCH PROJECT AND DISSERTATION (1ST REG)', u'MMHSP1', u'M MANAGEMENT SCIENCES (HOSP-HOSPITALITY)', u'P0', u'POST-GRAD ANNUAL REGISTRATIONS', u'D3', u'Durban Campus Part-time', u'A', u'40000588:Mnguni', 1.0]
check 'RPTH511_YEAR_2018' 'RPTH511'
processXLS: only for SEM2 [u'RPTH511_YEAR_2018', u'RPTH511_YEAR_2017', u'RPTH511', u'RESEARCH PROJECT AND DISSERTATION (1ST REG)', u'MMHSP1', u'M MANAGEMENT SCIENCES (HOSP-HOSPITALITY)', u'P0', u'POST-GRAD ANNUAL REGISTRATIONS', u'D3', u'Durban Campus Part-time', u'A', u'40000588:Mnguni', 1.0]
[u'', u'', u'', u'', u'', u'', u'', u'', u'', u'', u'', u'', u'']
check '' ''
[u'RPTH531_YEAR_2018', u'RPTH531_YEAR_2017', u'RPTH531', u'RESEARCH PROJECT AND DISSERTATION (3RD REG)', u'MMHSP1', u'M MANAGEMENT SCIENCES (HOSP-HOSPITALITY)', u'P0', u'POST-GRAD ANNUAL REGISTRATIONS', u'D3', u'Durban Campus Part-time', u'A', u'40000588:Mnguni', 1.0]
check 'RPTH531_YEAR_2018' 'RPTH531'
processXLS: only for SEM2 [u'RPTH531_YEAR_2018', u'RPTH531_YEAR_2017', u'RPTH531', u'RESEARCH PROJECT AND DISSERTATION (3RD REG)', u'MMHSP1', u'M MANAGEMENT SCIENCES (HOSP-HOSPITALITY)', u'P0', u'POST-GRAD ANNUAL REGISTRATIONS', u'D3', u'Durban Campus Part-time', u'A', u'40000588:Mnguni', 1.0]
[u'RPTH531_YEAR_2018', u'RPTH531_YEAR_2017', u'RPTH531', u'RESEARCH PROJECT AND DISSERTATION (3RD REG)', u'MMTRM1', u'M MANAGEMENT SCIENCES (HOSP - TOURISM)', u'P0', u'POST-GRAD ANNUAL REGISTRATIONS', u'D1', u'Durban Campus Full-time', u'A', u'40000588:Mnguni', 1.0]
check 'RPTH531_YEAR_2018' 'RPTH531'
processXLS: only for SEM2 [u'RPTH531_YEAR_2018', u'RPTH531_YEAR_2017', u'RPTH531', u'RESEARCH PROJECT AND DISSERTATION (3RD REG)', u'MMTRM1', u'M MANAGEMENT SCIENCES (HOSP - TOURISM)', u'P0', u'POST-GRAD ANNUAL REGISTRATIONS', u'D1', u'Durban Campus Full-time', u'A', u'40000588:Mnguni', 1.0]
[u'', u'', u'', u'', u'', u'', u'', u'', u'', u'', u'', u'', u'']
check '' ''
[u'RPTM501_YEAR_2018', u'RPTM501_YEAR_2017', u'RPTM501', u'RESEARCH PROJECT AND DISSERTATION (1ST REGIST', u'MMHSP1', u'M MANAGEMENT SCIENCES (HOSP-HOSPITALITY)', u'P0', u'POST-GRAD ANNUAL REGISTRATIONS', u'D1', u'Durban Campus Full-time', u'A', u'40000588:Mnguni', 3.0]
check 'RPTM501_YEAR_2018' 'RPTM501'
processXLS: only for SEM2 [u'RPTM501_YEAR_2018', u'RPTM501_YEAR_2017', u'RPTM501', u'RESEARCH PROJECT AND DISSERTATION (1ST REGIST', u'MMHSP1', u'M MANAGEMENT SCIENCES (HOSP-HOSPITALITY)', u'P0', u'POST-GRAD ANNUAL REGISTRATIONS', u'D1', u'Durban Campus Full-time', u'A', u'40000588:Mnguni', 3.0]
[u'RPTM501_YEAR_2018', u'RPTM501_YEAR_2017', u'RPTM501', u'RESEARCH PROJECT AND DISSERTATION (1ST REGIST', u'MMHSP1', u'M MANAGEMENT SCIENCES (HOSP-HOSPITALITY)', u'P0', u'POST-GRAD ANNUAL REGISTRATIONS', u'D3', u'Durban Campus Part-time', u'A', u'40000588:Mnguni', 3.0]
check 'RPTM501_YEAR_2018' 'RPTM501'
processXLS: only for SEM2 [u'RPTM501_YEAR_2018', u'RPTM501_YEAR_2017', u'RPTM501', u'RESEARCH PROJECT AND DISSERTATION (1ST REGIST', u'MMHSP1', u'M MANAGEMENT SCIENCES (HOSP-HOSPITALITY)', u'P0', u'POST-GRAD ANNUAL REGISTRATIONS', u'D3', u'Durban Campus Part-time', u'A', u'40000588:Mnguni', 3.0]
[u'RPTM501_YEAR_2018', u'RPTM501_YEAR_2017', u'RPTM501', u'RESEARCH PROJECT AND DISSERTATION (1ST REGIST', u'MMTRM1', u'M MANAGEMENT SCIENCES (HOSP - TOURISM)', u'P0', u'POST-GRAD ANNUAL REGISTRATIONS', u'D1', u'Durban Campus Full-time', u'A', u'40000588:Mnguni', 7.0]
check 'RPTM501_YEAR_2018' 'RPTM501'
processXLS: only for SEM2 [u'RPTM501_YEAR_2018', u'RPTM501_YEAR_2017', u'RPTM501', u'RESEARCH PROJECT AND DISSERTATION (1ST REGIST', u'MMTRM1', u'M MANAGEMENT SCIENCES (HOSP - TOURISM)', u'P0', u'POST-GRAD ANNUAL REGISTRATIONS', u'D1', u'Durban Campus Full-time', u'A', u'40000588:Mnguni', 7.0]
[u'RPTM501_YEAR_2018', u'RPTM501_YEAR_2017', u'RPTM501', u'RESEARCH PROJECT AND DISSERTATION (1ST REGIST', u'MMTRM1', u'M MANAGEMENT SCIENCES (HOSP - TOURISM)', u'P0', u'POST-GRAD ANNUAL REGISTRATIONS', u'D3', u'Durban Campus Part-time', u'A', u'40000588:Mnguni', 8.0]
check 'RPTM501_YEAR_2018' 'RPTM501'
processXLS: only for SEM2 [u'RPTM501_YEAR_2018', u'RPTM501_YEAR_2017', u'RPTM501', u'RESEARCH PROJECT AND DISSERTATION (1ST REGIST', u'MMTRM1', u'M MANAGEMENT SCIENCES (HOSP - TOURISM)', u'P0', u'POST-GRAD ANNUAL REGISTRATIONS', u'D3', u'Durban Campus Part-time', u'A', u'40000588:Mnguni', 8.0]
[u'', u'', u'', u'', u'', u'', u'', u'', u'', u'', u'', u'', u'']
check '' ''
[u'RPTM511_YEAR_2018', u'RPTM511_YEAR_2017', u'RPTM511', u'RESEARCH PROJECT AND DISSERTATION (2ND REGIST', u'MMECM1', u'M MANAGEMENT SCIENCES (HOSP - ECO/ENV)', u'11', u'YEAR', u'P3', u'Pietermaritzburg Part-time', u'A', u'40000588:Mnguni', 1.0]
check 'RPTM511_YEAR_2018' 'RPTM511'
processXLS: only for SEM2 [u'RPTM511_YEAR_2018', u'RPTM511_YEAR_2017', u'RPTM511', u'RESEARCH PROJECT AND DISSERTATION (2ND REGIST', u'MMECM1', u'M MANAGEMENT SCIENCES (HOSP - ECO/ENV)', u'11', u'YEAR', u'P3', u'Pietermaritzburg Part-time', u'A', u'40000588:Mnguni', 1.0]
[u'RPTM511_YEAR_2018', u'RPTM511_YEAR_2017', u'RPTM511', u'RESEARCH PROJECT AND DISSERTATION (2ND REGIST', u'MMTRS1', u'M MANAGEMENT SCIENCES (HOSP - TOURISM)', u'11', u'YEAR', u'P3', u'Pietermaritzburg Part-time', u'A', u'40000588:Mnguni', 1.0]
check 'RPTM511_YEAR_2018' 'RPTM511'
processXLS: only for SEM2 [u'RPTM511_YEAR_2018', u'RPTM511_YEAR_2017', u'RPTM511', u'RESEARCH PROJECT AND DISSERTATION (2ND REGIST', u'MMTRS1', u'M MANAGEMENT SCIENCES (HOSP - TOURISM)', u'11', u'YEAR', u'P3', u'Pietermaritzburg Part-time', u'A', u'40000588:Mnguni', 1.0]
[u'RPTM511_YEAR_2018', u'RPTM511_YEAR_2017', u'RPTM511', u'RESEARCH PROJECT AND DISSERTATION (2ND REGIST', u'MMHSP1', u'M MANAGEMENT SCIENCES (HOSP-HOSPITALITY)', u'P0', u'POST-GRAD ANNUAL REGISTRATIONS', u'D1', u'Durban Campus Full-time', u'A', u'40000588:Mnguni', 1.0]
check 'RPTM511_YEAR_2018' 'RPTM511'
processXLS: only for SEM2 [u'RPTM511_YEAR_2018', u'RPTM511_YEAR_2017', u'RPTM511', u'RESEARCH PROJECT AND DISSERTATION (2ND REGIST', u'MMHSP1', u'M MANAGEMENT SCIENCES (HOSP-HOSPITALITY)', u'P0', u'POST-GRAD ANNUAL REGISTRATIONS', u'D1', u'Durban Campus Full-time', u'A', u'40000588:Mnguni', 1.0]
[u'RPTM511_YEAR_2018', u'RPTM511_YEAR_2017', u'RPTM511', u'RESEARCH PROJECT AND DISSERTATION (2ND REGIST', u'MMTRM1', u'M MANAGEMENT SCIENCES (HOSP - TOURISM)', u'P0', u'POST-GRAD ANNUAL REGISTRATIONS', u'D1', u'Durban Campus Full-time', u'A', u'40000588:Mnguni', 7.0]
check 'RPTM511_YEAR_2018' 'RPTM511'
processXLS: only for SEM2 [u'RPTM511_YEAR_2018', u'RPTM511_YEAR_2017', u'RPTM511', u'RESEARCH PROJECT AND DISSERTATION (2ND REGIST', u'MMTRM1', u'M MANAGEMENT SCIENCES (HOSP - TOURISM)', u'P0', u'POST-GRAD ANNUAL REGISTRATIONS', u'D1', u'Durban Campus Full-time', u'A', u'40000588:Mnguni', 7.0]
[u'RPTM511_YEAR_2018', u'RPTM511_YEAR_2017', u'RPTM511', u'RESEARCH PROJECT AND DISSERTATION (2ND REGIST', u'MMTRM1', u'M MANAGEMENT SCIENCES (HOSP - TOURISM)', u'P0', u'POST-GRAD ANNUAL REGISTRATIONS', u'D3', u'Durban Campus Part-time', u'A', u'40000588:Mnguni', 4.0]
check 'RPTM511_YEAR_2018' 'RPTM511'
processXLS: only for SEM2 [u'RPTM511_YEAR_2018', u'RPTM511_YEAR_2017', u'RPTM511', u'RESEARCH PROJECT AND DISSERTATION (2ND REGIST', u'MMTRM1', u'M MANAGEMENT SCIENCES (HOSP - TOURISM)', u'P0', u'POST-GRAD ANNUAL REGISTRATIONS', u'D3', u'Durban Campus Part-time', u'A', u'40000588:Mnguni', 4.0]
[u'', u'', u'', u'', u'', u'', u'', u'', u'', u'', u'', u'', u'']
check '' ''
[u'RPTM521_YEAR_2018', u'RPTM521_YEAR_2017', u'RPTM521', u'RESEARCH PROJECT AND DISSERTATION (3RD REGIST', u'MMHSP1', u'M MANAGEMENT SCIENCES (HOSP-HOSPITALITY)', u'P0', u'POST-GRAD ANNUAL REGISTRATIONS', u'D3', u'Durban Campus Part-time', u'A', u'40000588:Mnguni', 1.0]
check 'RPTM521_YEAR_2018' 'RPTM521'
processXLS: only for SEM2 [u'RPTM521_YEAR_2018', u'RPTM521_YEAR_2017', u'RPTM521', u'RESEARCH PROJECT AND DISSERTATION (3RD REGIST', u'MMHSP1', u'M MANAGEMENT SCIENCES (HOSP-HOSPITALITY)', u'P0', u'POST-GRAD ANNUAL REGISTRATIONS', u'D3', u'Durban Campus Part-time', u'A', u'40000588:Mnguni', 1.0]
[u'RPTM521_YEAR_2018', u'RPTM521_YEAR_2017', u'RPTM521', u'RESEARCH PROJECT AND DISSERTATION (3RD REGIST', u'MMTRM1', u'M MANAGEMENT SCIENCES (HOSP - TOURISM)', u'P0', u'POST-GRAD ANNUAL REGISTRATIONS', u'D1', u'Durban Campus Full-time', u'A', u'40000588:Mnguni', 4.0]
check 'RPTM521_YEAR_2018' 'RPTM521'
processXLS: only for SEM2 [u'RPTM521_YEAR_2018', u'RPTM521_YEAR_2017', u'RPTM521', u'RESEARCH PROJECT AND DISSERTATION (3RD REGIST', u'MMTRM1', u'M MANAGEMENT SCIENCES (HOSP - TOURISM)', u'P0', u'POST-GRAD ANNUAL REGISTRATIONS', u'D1', u'Durban Campus Full-time', u'A', u'40000588:Mnguni', 4.0]
[u'RPTM521_YEAR_2018', u'RPTM521_YEAR_2017', u'RPTM521', u'RESEARCH PROJECT AND DISSERTATION (3RD REGIST', u'MMTRM1', u'M MANAGEMENT SCIENCES (HOSP - TOURISM)', u'P0', u'POST-GRAD ANNUAL REGISTRATIONS', u'D3', u'Durban Campus Part-time', u'A', u'40000588:Mnguni', 2.0]
check 'RPTM521_YEAR_2018' 'RPTM521'
processXLS: only for SEM2 [u'RPTM521_YEAR_2018', u'RPTM521_YEAR_2017', u'RPTM521', u'RESEARCH PROJECT AND DISSERTATION (3RD REGIST', u'MMTRM1', u'M MANAGEMENT SCIENCES (HOSP - TOURISM)', u'P0', u'POST-GRAD ANNUAL REGISTRATIONS', u'D3', u'Durban Campus Part-time', u'A', u'40000588:Mnguni', 2.0]
[u'', u'', u'', u'', u'', u'', u'', u'', u'', u'', u'', u'', u'']
check '' ''
[u'EXCT201_SEM2_2018', u'EXCT201_SEM2_2017', u'EXCT201', u'EXCT201: EXPERIENTIAL LEARNING 2017', u'NDCTM3', u'ND: CATERING MANAGEMENT', u'22', u'SEMESTER 2', u'D1', u'Durban Campus Full-time', u'A', u'40003287:MLOTSHWA', 1.0]
check 'EXCT201_SEM2_2018' 'EXCT201'
adding  EXCT201
requesting:  http://10.0.100.98:8000/bbinfo/matching_courses/EXCT201%25
r= <Response [200]>
matching classes= set([u'EXCT201_15', u'EXCT201_13_BALR', u'EXCT201_SEM2_2018', u'EXCT201_SEM2_2017'])
[u'...', u'', u'', u'', u'', u'', u'', u'', u'', u'', u'', u'', u'']
check '...' ''
[u'New subjects for 2018', u'', u'', u'', u'', u'', u'', u'', u'', u'', u'', u'', u'']
check 'New subjects for 2018' ''
processXLS: finished processing workingSheets/data/BBC3303HospitalityTourism2017.xls
getWS: requesting:  http://10.0.100.98:8000/itsenrol/classlist/2018/22/FHMN111 rsp= <Response [200]>
getWS: requesting:  http://10.0.100.98:8000/bbinfo/classlist/FHMN111 rsp= <Response [200]>
getNewStudentsInSubject: ITS 2, BB 76 -> 0 new enrollments
getWS: requesting:  http://10.0.100.98:8000/itsenrol/classlist/2018/22/CCRY301 rsp= <Response [200]>
getWS: requesting:  http://10.0.100.98:8000/bbinfo/classlist/CCRY301 rsp= <Response [200]>
getNewStudentsInSubject: ITS 11, BB 1 -> 11 new enrollments
getWS: requesting:  http://10.0.100.98:8000/itsenrol/classlist/2018/22/EXCT201 rsp= <Response [200]>
getWS: requesting:  http://10.0.100.98:8000/bbinfo/classlist/EXCT201 rsp= <Response [200]>
getNewStudentsInSubject: ITS 0, BB 1 -> 0 new enrollments
getWS: requesting:  http://10.0.100.98:8000/itsenrol/classlist/2018/22/HMAN301 rsp= <Response [200]>
getWS: requesting:  http://10.0.100.98:8000/bbinfo/classlist/HMAN301 rsp= <Response [200]>
getNewStudentsInSubject: ITS 9, BB 1 -> 9 new enrollments
getWS: requesting:  http://10.0.100.98:8000/itsenrol/classlist/2018/22/HSFM101 rsp= <Response [200]>
getWS: requesting:  http://10.0.100.98:8000/bbinfo/classlist/HSFM101 rsp= <Response [200]>
getNewStudentsInSubject: ITS 118, BB 1 -> 118 new enrollments
getWS: requesting:  http://10.0.100.98:8000/itsenrol/classlist/2018/22/FDBO301 rsp= <Response [200]>
getWS: requesting:  http://10.0.100.98:8000/bbinfo/classlist/FDBO301 rsp= <Response [200]>
getNewStudentsInSubject: ITS 6, BB 2 -> 6 new enrollments
getWS: requesting:  http://10.0.100.98:8000/itsenrol/classlist/2018/22/CCTL301 rsp= <Response [200]>
getWS: requesting:  http://10.0.100.98:8000/bbinfo/classlist/CCTL301 rsp= <Response [200]>
getNewStudentsInSubject: ITS 12, BB 1 -> 12 new enrollments
getWS: requesting:  http://10.0.100.98:8000/itsenrol/classlist/2018/22/FHMN121 rsp= <Response [200]>
getWS: requesting:  http://10.0.100.98:8000/bbinfo/classlist/FHMN121 rsp= <Response [200]>
getNewStudentsInSubject: ITS 0, BB 0 -> 0 new enrollments
getWS: requesting:  http://10.0.100.98:8000/itsenrol/classlist/2018/22/FDBS102 rsp= <Response [200]>
getWS: requesting:  http://10.0.100.98:8000/bbinfo/classlist/FDBS102 rsp= <Response [200]>
getNewStudentsInSubject: ITS 79, BB 10 -> 79 new enrollments
getWS: requesting:  http://10.0.100.98:8000/itsenrol/classlist/2018/22/CTMG301 rsp= <Response [200]>
getWS: requesting:  http://10.0.100.98:8000/bbinfo/classlist/CTMG301 rsp= <Response [200]>
getNewStudentsInSubject: ITS 12, BB 1 -> 12 new enrollments
getWS: requesting:  http://10.0.100.98:8000/itsenrol/classlist/2018/22/CINS301 rsp= <Response [200]>
getWS: requesting:  http://10.0.100.98:8000/bbinfo/classlist/CINS301 rsp= <Response [200]>
getNewStudentsInSubject: ITS 13, BB 1 -> 13 new enrollments
getWS: requesting:  http://10.0.100.98:8000/itsenrol/classlist/2018/22/ACCM301 rsp= <Response [200]>
getWS: requesting:  http://10.0.100.98:8000/bbinfo/classlist/ACCM301 rsp= <Response [200]>
getNewStudentsInSubject: ITS 4, BB 1 -> 4 new enrollments
getWS: requesting:  http://10.0.100.98:8000/itsenrol/classlist/2018/22/CSNT101 rsp= <Response [200]>
getWS: requesting:  http://10.0.100.98:8000/bbinfo/classlist/CSNT101 rsp= <Response [200]>
getNewStudentsInSubject: ITS 75, BB 1 -> 75 new enrollments
getWS: requesting:  http://10.0.100.98:8000/itsenrol/classlist/2018/22/HMIS101 rsp= <Response [200]>
getWS: requesting:  http://10.0.100.98:8000/bbinfo/classlist/HMIS101 rsp= <Response [200]>
getNewStudentsInSubject: ITS 9, BB 1 -> 9 new enrollments
getWS: requesting:  http://10.0.100.98:8000/itsenrol/classlist/2018/22/HEVM101 rsp= <Response [200]>
getWS: requesting:  http://10.0.100.98:8000/bbinfo/classlist/HEVM101 rsp= <Response [200]>
getNewStudentsInSubject: ITS 9, BB 1 -> 9 new enrollments
getWS: requesting:  http://10.0.100.98:8000/itsenrol/classlist/2018/22/HHSF101 rsp= <Response [200]>
getWS: requesting:  http://10.0.100.98:8000/bbinfo/classlist/HHSF101 rsp= <Response [200]>
getNewStudentsInSubject: ITS 114, BB 1 -> 114 new enrollments
getWS: requesting:  http://10.0.100.98:8000/itsenrol/classlist/2018/22/RSOP301 rsp= <Response [200]>
getWS: requesting:  http://10.0.100.98:8000/bbinfo/classlist/RSOP301 rsp= <Response [200]>
getNewStudentsInSubject: ITS 12, BB 0 -> 12 new enrollments
getWS: requesting:  http://10.0.100.98:8000/itsenrol/classlist/2018/22/CFMN201 rsp= <Response [200]>
getWS: requesting:  http://10.0.100.98:8000/bbinfo/classlist/CFMN201 rsp= <Response [200]>
getNewStudentsInSubject: ITS 11, BB 1 -> 11 new enrollments
getWS: requesting:  http://10.0.100.98:8000/itsenrol/classlist/2018/22/HFMN307 rsp= <Response [200]>
getWS: requesting:  http://10.0.100.98:8000/bbinfo/classlist/HFMN307 rsp= <Response [200]>
getNewStudentsInSubject: ITS 9, BB 1 -> 9 new enrollments
main: Writing students...
main: Writing enrollments...
main: Finished processing workingSheets/data/BBC3303HospitalityTourism2017.xls
main: 19 subjects processed
main: 29 subject -> classroom maps
main: 148 students
main: 503 student enrollments 0 errors
0.37user 0.12system 0:04.89elapsed 10%CPU (0avgtext+0avgdata 58416maxresident)k
120inputs+96outputs (0major+7143minor)pagefaults 0swaps
POSTING SNAPSHOTS to SIS endpoint
TEST RUN, NOT POSTING BBSTUDENTS
TEST RUN, NOT POSTIN BBENROL
copy snapshot files to saved output
=== department done ===
syncing logs...
Pushing logs from logs/20180723111852 to remote...
sending incremental file list
./
BBC3303HospitalityTourism2017.BBENROL.txt
BBC3303HospitalityTourism2017.BBSTUDENTS.txt
BBC3303HospitalityTourism2017.Enrolomat.txt
BBC3303HospitalityTourism2017.Postlog.txt

sent 120575 bytes  received 91 bytes  12701.68 bytes/sec
total size is 3277819  speedup is 27.16
logging to logs/20180723111852
=== generate newenrollments for BBC3304HumanResourceManagement2017. ===
GENERATE SNAPSHOTS...
./BBCIncrementalEnrollerX2.py : generating enrolment files for subjects in  workingSheets/data/BBC3304HumanResourceManagement2017.xls
processXLS: start spreadsheet workingSheets/data/BBC3304HumanResourceManagement2017.xls
[u'2018 Blackboard Classrooms for Department: 3304 - HUMAN RESOURCE MANAGEMENT', u'', u'', u'', u'', u'', u'', u'', u'', u'', u'', u'', u'']
check '2018 Blackboard Classrooms for Department: 3304 - HUMAN RESOURCE MANAGEMENT' ''
[u'', u'', u'', u'', u'', u'', u'', u'', u'', u'', u'', u'', u'']
check '' ''
[u'BB Classroom', u'Migrate Classroom', u'ITS Subject', u'', u'ITS Qualification', u'', u'Block', u'', u'Off Type', u'', u'Grp', u'Lecturer(s)', u'2016 Enrol']
check 'BB Classroom' 'ITS Subject'
[u'IBNL101_SEM1_2018', u'IBNL101_SEM1_2017', u'IBNL101', u'INTRODUCTION TO BUSINESS LAW', u'DIMHR1', u'DIP IN MANAGEMENT SCIENCES (HUMAN RES)', u'21', u'SEMESTER 1', u'D1', u'Durban Campus Full-time', u'A', u'50008683:LOURENS ME', 189.0]
check 'IBNL101_SEM1_2018' 'IBNL101'
processXLS: only for SEM2 [u'IBNL101_SEM1_2018', u'IBNL101_SEM1_2017', u'IBNL101', u'INTRODUCTION TO BUSINESS LAW', u'DIMHR1', u'DIP IN MANAGEMENT SCIENCES (HUMAN RES)', u'21', u'SEMESTER 1', u'D1', u'Durban Campus Full-time', u'A', u'50008683:LOURENS ME', 189.0]
[u'IBNL101_SEM1_2018', u'IBNL101_SEM1_2017', u'IBNL101', u'INTRODUCTION TO BUSINESS LAW', u'DIMHR1', u'DIP IN MANAGEMENT SCIENCES (HUMAN RES)', u'21', u'SEMESTER 1', u'D3', u'Durban Campus Part-time', u'A', u'50008683:LOURENS ME', 25.0]
check 'IBNL101_SEM1_2018' 'IBNL101'
processXLS: only for SEM2 [u'IBNL101_SEM1_2018', u'IBNL101_SEM1_2017', u'IBNL101', u'INTRODUCTION TO BUSINESS LAW', u'DIMHR1', u'DIP IN MANAGEMENT SCIENCES (HUMAN RES)', u'21', u'SEMESTER 1', u'D3', u'Durban Campus Part-time', u'A', u'50008683:LOURENS ME', 25.0]
[u'', u'', u'', u'', u'', u'', u'', u'', u'', u'', u'', u'', u'']
check '' ''
[u'IBSI101_SEM1_2018', u'IBSI101_SEM1_2017', u'IBSI101', u'INTRODUCTION TO BUSINESS', u'DIMHR1', u'DIP IN MANAGEMENT SCIENCES (HUMAN RES)', u'21', u'SEMESTER 1', u'D1', u'Durban Campus Full-time', u'A', u'40000278:JINABHAI D C;40000278:JINABHAI D C;40000278:JINABHAI D C;40000278:JINABHAI D C', 189.0]
check 'IBSI101_SEM1_2018' 'IBSI101'
processXLS: only for SEM2 [u'IBSI101_SEM1_2018', u'IBSI101_SEM1_2017', u'IBSI101', u'INTRODUCTION TO BUSINESS', u'DIMHR1', u'DIP IN MANAGEMENT SCIENCES (HUMAN RES)', u'21', u'SEMESTER 1', u'D1', u'Durban Campus Full-time', u'A', u'40000278:JINABHAI D C;40000278:JINABHAI D C;40000278:JINABHAI D C;40000278:JINABHAI D C', 189.0]
[u'IBSI101_SEM1_2018', u'IBSI101_SEM1_2017', u'IBSI101', u'INTRODUCTION TO BUSINESS', u'DIMHR1', u'DIP IN MANAGEMENT SCIENCES (HUMAN RES)', u'21', u'SEMESTER 1', u'D3', u'Durban Campus Part-time', u'A', u'40000278:JINABHAI D C;40000278:JINABHAI D C;40000278:JINABHAI D C;40000278:JINABHAI D C', 25.0]
check 'IBSI101_SEM1_2018' 'IBSI101'
processXLS: only for SEM2 [u'IBSI101_SEM1_2018', u'IBSI101_SEM1_2017', u'IBSI101', u'INTRODUCTION TO BUSINESS', u'DIMHR1', u'DIP IN MANAGEMENT SCIENCES (HUMAN RES)', u'21', u'SEMESTER 1', u'D3', u'Durban Campus Part-time', u'A', u'40000278:JINABHAI D C;40000278:JINABHAI D C;40000278:JINABHAI D C;40000278:JINABHAI D C', 25.0]
[u'', u'', u'', u'', u'', u'', u'', u'', u'', u'', u'', u'', u'']
check '' ''
[u'INRL101_YEAR_2018', u'INRL101_YEAR_2017', u'INRL101', u'INDUSTRIAL RELATIONS I', u'NDPRM1', u'ND: PUBLIC RELATIONS MANAGEMENT', u'11', u'YEAR', u'P1', u'Pietermaritzburg Full-time', u'A', u'50002468:DAWETI', 1.0]
check 'INRL101_YEAR_2018' 'INRL101'
processXLS: only for SEM2 [u'INRL101_YEAR_2018', u'INRL101_YEAR_2017', u'INRL101', u'INDUSTRIAL RELATIONS I', u'NDPRM1', u'ND: PUBLIC RELATIONS MANAGEMENT', u'11', u'YEAR', u'P1', u'Pietermaritzburg Full-time', u'A', u'50002468:DAWETI', 1.0]
[u'INRL101_YEAR_2018', u'INRL101_YEAR_2017', u'INRL101', u'INDUSTRIAL RELATIONS I', u'NDPRM2', u'ND: PUBLIC RELATIONS MANAGEMENT', u'11', u'YEAR', u'D1', u'Durban Campus Full-time', u'A', u'50002468:DAWETI', 100.0]
check 'INRL101_YEAR_2018' 'INRL101'
processXLS: only for SEM2 [u'INRL101_YEAR_2018', u'INRL101_YEAR_2017', u'INRL101', u'INDUSTRIAL RELATIONS I', u'NDPRM2', u'ND: PUBLIC RELATIONS MANAGEMENT', u'11', u'YEAR', u'D1', u'Durban Campus Full-time', u'A', u'50002468:DAWETI', 100.0]
[u'', u'', u'', u'', u'', u'', u'', u'', u'', u'', u'', u'', u'']
check '' ''
[u'IREL102_YEAR_2018', u'IREL102_YEAR_2017', u'IREL102', u'INDUSTRIAL RELATIONS I', u'NDHRM1', u'ND: HUMAN RESOURCES MANAGEMENT', u'11', u'YEAR', u'D1', u'Durban Campus Full-time', u'9', u'40004047:MATHEWS', 1.0]
check 'IREL102_YEAR_2018' 'IREL102'
processXLS: only for SEM2 [u'IREL102_YEAR_2018', u'IREL102_YEAR_2017', u'IREL102', u'INDUSTRIAL RELATIONS I', u'NDHRM1', u'ND: HUMAN RESOURCES MANAGEMENT', u'11', u'YEAR', u'D1', u'Durban Campus Full-time', u'9', u'40004047:MATHEWS', 1.0]
[u'IREL102_YEAR_2018', u'IREL102_YEAR_2017', u'IREL102', u'INDUSTRIAL RELATIONS I', u'NDHRM1', u'ND: HUMAN RESOURCES MANAGEMENT', u'11', u'YEAR', u'D1', u'Durban Campus Full-time', u'A', u'40004047:MATHEWS', 132.0]
check 'IREL102_YEAR_2018' 'IREL102'
processXLS: only for SEM2 [u'IREL102_YEAR_2018', u'IREL102_YEAR_2017', u'IREL102', u'INDUSTRIAL RELATIONS I', u'NDHRM1', u'ND: HUMAN RESOURCES MANAGEMENT', u'11', u'YEAR', u'D1', u'Durban Campus Full-time', u'A', u'40004047:MATHEWS', 132.0]
[u'IREL102_YEAR_2018', u'IREL102_YEAR_2017', u'IREL102', u'INDUSTRIAL RELATIONS I', u'NDHRM1', u'ND: HUMAN RESOURCES MANAGEMENT', u'11', u'YEAR', u'D3', u'Durban Campus Part-time', u'9', u'40004047:MATHEWS', 3.0]
check 'IREL102_YEAR_2018' 'IREL102'
processXLS: only for SEM2 [u'IREL102_YEAR_2018', u'IREL102_YEAR_2017', u'IREL102', u'INDUSTRIAL RELATIONS I', u'NDHRM1', u'ND: HUMAN RESOURCES MANAGEMENT', u'11', u'YEAR', u'D3', u'Durban Campus Part-time', u'9', u'40004047:MATHEWS', 3.0]
[u'IREL102_YEAR_2018', u'IREL102_YEAR_2017', u'IREL102', u'INDUSTRIAL RELATIONS I', u'NDHRM1', u'ND: HUMAN RESOURCES MANAGEMENT', u'11', u'YEAR', u'D3', u'Durban Campus Part-time', u'A', u'40004047:MATHEWS', 37.0]
check 'IREL102_YEAR_2018' 'IREL102'
processXLS: only for SEM2 [u'IREL102_YEAR_2018', u'IREL102_YEAR_2017', u'IREL102', u'INDUSTRIAL RELATIONS I', u'NDHRM1', u'ND: HUMAN RESOURCES MANAGEMENT', u'11', u'YEAR', u'D3', u'Durban Campus Part-time', u'A', u'40004047:MATHEWS', 37.0]
[u'', u'', u'', u'', u'', u'', u'', u'', u'', u'', u'', u'', u'']
check '' ''
[u'MTRG101_YEAR_2018', u'MTRG101_YEAR_2017', u'MTRG101', u'MANAGEMENT OF TRAINING I', u'NDHRM1', u'ND: HUMAN RESOURCES MANAGEMENT', u'11', u'YEAR', u'D1', u'Durban Campus Full-time', u'8', u'40000524:SIBISI', 3.0]
check 'MTRG101_YEAR_2018' 'MTRG101'
processXLS: only for SEM2 [u'MTRG101_YEAR_2018', u'MTRG101_YEAR_2017', u'MTRG101', u'MANAGEMENT OF TRAINING I', u'NDHRM1', u'ND: HUMAN RESOURCES MANAGEMENT', u'11', u'YEAR', u'D1', u'Durban Campus Full-time', u'8', u'40000524:SIBISI', 3.0]
[u'MTRG101_YEAR_2018', u'MTRG101_YEAR_2017', u'MTRG101', u'MANAGEMENT OF TRAINING I', u'NDHRM1', u'ND: HUMAN RESOURCES MANAGEMENT', u'11', u'YEAR', u'D1', u'Durban Campus Full-time', u'A', u'40000524:SIBISI', 148.0]
check 'MTRG101_YEAR_2018' 'MTRG101'
processXLS: only for SEM2 [u'MTRG101_YEAR_2018', u'MTRG101_YEAR_2017', u'MTRG101', u'MANAGEMENT OF TRAINING I', u'NDHRM1', u'ND: HUMAN RESOURCES MANAGEMENT', u'11', u'YEAR', u'D1', u'Durban Campus Full-time', u'A', u'40000524:SIBISI', 148.0]
[u'MTRG101_YEAR_2018', u'MTRG101_YEAR_2017', u'MTRG101', u'MANAGEMENT OF TRAINING I', u'NDHRM1', u'ND: HUMAN RESOURCES MANAGEMENT', u'11', u'YEAR', u'D3', u'Durban Campus Part-time', u'A', u'40000524:SIBISI', 47.0]
check 'MTRG101_YEAR_2018' 'MTRG101'
processXLS: only for SEM2 [u'MTRG101_YEAR_2018', u'MTRG101_YEAR_2017', u'MTRG101', u'MANAGEMENT OF TRAINING I', u'NDHRM1', u'ND: HUMAN RESOURCES MANAGEMENT', u'11', u'YEAR', u'D3', u'Durban Campus Part-time', u'A', u'40000524:SIBISI', 47.0]
[u'MTRG101_YEAR_2018', u'MTRG101_YEAR_2017', u'MTRG101', u'MANAGEMENT OF TRAINING I', u'NDHRM1', u'ND: HUMAN RESOURCES MANAGEMENT', u'11', u'YEAR', u'D3', u'Durban Campus Part-time', u'9', u'40000524:SIBISI', 2.0]
check 'MTRG101_YEAR_2018' 'MTRG101'
processXLS: only for SEM2 [u'MTRG101_YEAR_2018', u'MTRG101_YEAR_2017', u'MTRG101', u'MANAGEMENT OF TRAINING I', u'NDHRM1', u'ND: HUMAN RESOURCES MANAGEMENT', u'11', u'YEAR', u'D3', u'Durban Campus Part-time', u'9', u'40000524:SIBISI', 2.0]
[u'', u'', u'', u'', u'', u'', u'', u'', u'', u'', u'', u'', u'']
check '' ''
[u'PMGT102_YEAR_2018', u'PMGT102_YEAR_2017', u'PMGT102', u'PERSONNEL MANAGEMENT I', u'NDHRM1', u'ND: HUMAN RESOURCES MANAGEMENT', u'11', u'YEAR', u'D1', u'Durban Campus Full-time', u'A', u'40009115:NGO HENHA EPSE EYONO', 27.0]
check 'PMGT102_YEAR_2018' 'PMGT102'
processXLS: only for SEM2 [u'PMGT102_YEAR_2018', u'PMGT102_YEAR_2017', u'PMGT102', u'PERSONNEL MANAGEMENT I', u'NDHRM1', u'ND: HUMAN RESOURCES MANAGEMENT', u'11', u'YEAR', u'D1', u'Durban Campus Full-time', u'A', u'40009115:NGO HENHA EPSE EYONO', 27.0]
[u'PMGT102_YEAR_2018', u'PMGT102_YEAR_2017', u'PMGT102', u'PERSONNEL MANAGEMENT I', u'NDHRM1', u'ND: HUMAN RESOURCES MANAGEMENT', u'11', u'YEAR', u'D1', u'Durban Campus Full-time', u'8', u'40009115:NGO HENHA EPSE EYONO', 5.0]
check 'PMGT102_YEAR_2018' 'PMGT102'
processXLS: only for SEM2 [u'PMGT102_YEAR_2018', u'PMGT102_YEAR_2017', u'PMGT102', u'PERSONNEL MANAGEMENT I', u'NDHRM1', u'ND: HUMAN RESOURCES MANAGEMENT', u'11', u'YEAR', u'D1', u'Durban Campus Full-time', u'8', u'40009115:NGO HENHA EPSE EYONO', 5.0]
[u'PMGT102_YEAR_2018', u'PMGT102_YEAR_2017', u'PMGT102', u'PERSONNEL MANAGEMENT I', u'NDHRM1', u'ND: HUMAN RESOURCES MANAGEMENT', u'11', u'YEAR', u'D3', u'Durban Campus Part-time', u'A', u'40009115:NGO HENHA EPSE EYONO', 12.0]
check 'PMGT102_YEAR_2018' 'PMGT102'
processXLS: only for SEM2 [u'PMGT102_YEAR_2018', u'PMGT102_YEAR_2017', u'PMGT102', u'PERSONNEL MANAGEMENT I', u'NDHRM1', u'ND: HUMAN RESOURCES MANAGEMENT', u'11', u'YEAR', u'D3', u'Durban Campus Part-time', u'A', u'40009115:NGO HENHA EPSE EYONO', 12.0]
[u'PMGT102_YEAR_2018', u'PMGT102_YEAR_2017', u'PMGT102', u'PERSONNEL MANAGEMENT I', u'NDHRM1', u'ND: HUMAN RESOURCES MANAGEMENT', u'11', u'YEAR', u'D3', u'Durban Campus Part-time', u'9', u'40009115:NGO HENHA EPSE EYONO', 2.0]
check 'PMGT102_YEAR_2018' 'PMGT102'
processXLS: only for SEM2 [u'PMGT102_YEAR_2018', u'PMGT102_YEAR_2017', u'PMGT102', u'PERSONNEL MANAGEMENT I', u'NDHRM1', u'ND: HUMAN RESOURCES MANAGEMENT', u'11', u'YEAR', u'D3', u'Durban Campus Part-time', u'9', u'40009115:NGO HENHA EPSE EYONO', 2.0]
[u'PMGT102_YEAR_2018', u'PMGT102_YEAR_2017', u'PMGT102', u'PERSONNEL MANAGEMENT I', u'NDOMF1', u'ND: OFFICE MANAGEMENT & TECH (4 YEARS)', u'11', u'YEAR', u'D1', u'Durban Campus Full-time', u'A', u'40009115:NGO HENHA EPSE EYONO', 41.0]
check 'PMGT102_YEAR_2018' 'PMGT102'
processXLS: only for SEM2 [u'PMGT102_YEAR_2018', u'PMGT102_YEAR_2017', u'PMGT102', u'PERSONNEL MANAGEMENT I', u'NDOMF1', u'ND: OFFICE MANAGEMENT & TECH (4 YEARS)', u'11', u'YEAR', u'D1', u'Durban Campus Full-time', u'A', u'40009115:NGO HENHA EPSE EYONO', 41.0]
[u'PMGT102_YEAR_2018', u'PMGT102_YEAR_2017', u'PMGT102', u'PERSONNEL MANAGEMENT I', u'NDOMT2', u'ND: OFFICE MANAGEMENT AND TECHNOLOGY', u'11', u'YEAR', u'D1', u'Durban Campus Full-time', u'A', u'40009115:NGO HENHA EPSE EYONO', 274.0]
check 'PMGT102_YEAR_2018' 'PMGT102'
processXLS: only for SEM2 [u'PMGT102_YEAR_2018', u'PMGT102_YEAR_2017', u'PMGT102', u'PERSONNEL MANAGEMENT I', u'NDOMT2', u'ND: OFFICE MANAGEMENT AND TECHNOLOGY', u'11', u'YEAR', u'D1', u'Durban Campus Full-time', u'A', u'40009115:NGO HENHA EPSE EYONO', 274.0]
[u'PMGT102_YEAR_2018', u'PMGT102_YEAR_2017', u'PMGT102', u'PERSONNEL MANAGEMENT I', u'NDOMT2', u'ND: OFFICE MANAGEMENT AND TECHNOLOGY', u'11', u'YEAR', u'D1', u'Durban Campus Full-time', u'8', u'40009115:NGO HENHA EPSE EYONO', 1.0]
check 'PMGT102_YEAR_2018' 'PMGT102'
processXLS: only for SEM2 [u'PMGT102_YEAR_2018', u'PMGT102_YEAR_2017', u'PMGT102', u'PERSONNEL MANAGEMENT I', u'NDOMT2', u'ND: OFFICE MANAGEMENT AND TECHNOLOGY', u'11', u'YEAR', u'D1', u'Durban Campus Full-time', u'8', u'40009115:NGO HENHA EPSE EYONO', 1.0]
[u'', u'', u'', u'', u'', u'', u'', u'', u'', u'', u'', u'', u'']
check '' ''
[u'RMTG101_YEAR_2018', u'RMTG101_YEAR_2017', u'RMTG101', u'RESEARCH METHODOLOGY', u'BTHRM1', u'BT: HUMAN RESOURCES MANAGEMENT', u'11', u'YEAR', u'D1', u'Durban Campus Full-time', u'A', u'50008683:LOURENS', 59.0]
check 'RMTG101_YEAR_2018' 'RMTG101'
processXLS: only for SEM2 [u'RMTG101_YEAR_2018', u'RMTG101_YEAR_2017', u'RMTG101', u'RESEARCH METHODOLOGY', u'BTHRM1', u'BT: HUMAN RESOURCES MANAGEMENT', u'11', u'YEAR', u'D1', u'Durban Campus Full-time', u'A', u'50008683:LOURENS', 59.0]
[u'RMTG101_YEAR_2018', u'RMTG101_YEAR_2017', u'RMTG101', u'RESEARCH METHODOLOGY', u'BTHRM1', u'BT: HUMAN RESOURCES MANAGEMENT', u'11', u'YEAR', u'D3', u'Durban Campus Part-time', u'A', u'50008683:LOURENS', 7.0]
check 'RMTG101_YEAR_2018' 'RMTG101'
processXLS: only for SEM2 [u'RMTG101_YEAR_2018', u'RMTG101_YEAR_2017', u'RMTG101', u'RESEARCH METHODOLOGY', u'BTHRM1', u'BT: HUMAN RESOURCES MANAGEMENT', u'11', u'YEAR', u'D3', u'Durban Campus Part-time', u'A', u'50008683:LOURENS', 7.0]
[u'', u'', u'', u'', u'', u'', u'', u'', u'', u'', u'', u'', u'']
check '' ''
[u'TMSM101_SEM2_2018', u'TMSM101_SEM2_2017', u'TMSM101', u'TIME AND STRESS MANAGEMENT', u'DIMBL1', u'DIP IN MANAGEMENT SCIENCES (BUS LAW)', u'22', u'SEMESTER 2', u'D1', u'Durban Campus Full-time', u'A', u'50001120:YOUNG;50002468:DAWETI', 61.0]
check 'TMSM101_SEM2_2018' 'TMSM101'
adding  TMSM101
requesting:  http://10.0.100.98:8000/bbinfo/matching_courses/TMSM101%25
r= <Response [200]>
matching classes= set([u'TMSM101_ALL_2016', u'TMSM101_SEM2_2018', u'TMSM101_SEM2_2017'])
[u'', u'', u'', u'', u'', u'', u'', u'', u'', u'', u'', u'', u'']
check '' ''
[u'HRMN201_YEAR_2018', u'HRMN201_YEAR_2017', u'HRMN201', u'HUMAN RESOURCE MANAGEMENT II', u'BTBAD1', u'BT: BUSINESS ADMINISTRATION', u'11', u'YEAR', u'D3', u'Durban Campus Part-time', u'A', u'50002468:DAWETI', 78.0]
check 'HRMN201_YEAR_2018' 'HRMN201'
processXLS: only for SEM2 [u'HRMN201_YEAR_2018', u'HRMN201_YEAR_2017', u'HRMN201', u'HUMAN RESOURCE MANAGEMENT II', u'BTBAD1', u'BT: BUSINESS ADMINISTRATION', u'11', u'YEAR', u'D3', u'Durban Campus Part-time', u'A', u'50002468:DAWETI', 78.0]
[u'', u'', u'', u'', u'', u'', u'', u'', u'', u'', u'', u'', u'']
check '' ''
[u'IREL201_YEAR_2018', u'IREL201_YEAR_2017', u'IREL201', u'INDUSTRIAL RELATIONS II', u'NDHRM1', u'ND: HUMAN RESOURCES MANAGEMENT', u'11', u'YEAR', u'D1', u'Durban Campus Full-time', u'A', u'40002319:KHUMALO;40004047:MATHEWS', 124.0]
check 'IREL201_YEAR_2018' 'IREL201'
processXLS: only for SEM2 [u'IREL201_YEAR_2018', u'IREL201_YEAR_2017', u'IREL201', u'INDUSTRIAL RELATIONS II', u'NDHRM1', u'ND: HUMAN RESOURCES MANAGEMENT', u'11', u'YEAR', u'D1', u'Durban Campus Full-time', u'A', u'40002319:KHUMALO;40004047:MATHEWS', 124.0]
[u'IREL201_YEAR_2018', u'IREL201_YEAR_2017', u'IREL201', u'INDUSTRIAL RELATIONS II', u'NDHRM1', u'ND: HUMAN RESOURCES MANAGEMENT', u'11', u'YEAR', u'D3', u'Durban Campus Part-time', u'A', u'40002319:KHUMALO;40004047:MATHEWS', 33.0]
check 'IREL201_YEAR_2018' 'IREL201'
processXLS: only for SEM2 [u'IREL201_YEAR_2018', u'IREL201_YEAR_2017', u'IREL201', u'INDUSTRIAL RELATIONS II', u'NDHRM1', u'ND: HUMAN RESOURCES MANAGEMENT', u'11', u'YEAR', u'D3', u'Durban Campus Part-time', u'A', u'40002319:KHUMALO;40004047:MATHEWS', 33.0]
[u'IREL201_YEAR_2018', u'IREL201_YEAR_2017', u'IREL201', u'INDUSTRIAL RELATIONS II', u'NDRBM1', u'ND: RETAIL BUSINESS MANAGEMENT', u'11', u'YEAR', u'D1', u'Durban Campus Full-time', u'A', u'40002319:KHUMALO;40004047:MATHEWS', 80.0]
check 'IREL201_YEAR_2018' 'IREL201'
processXLS: only for SEM2 [u'IREL201_YEAR_2018', u'IREL201_YEAR_2017', u'IREL201', u'INDUSTRIAL RELATIONS II', u'NDRBM1', u'ND: RETAIL BUSINESS MANAGEMENT', u'11', u'YEAR', u'D1', u'Durban Campus Full-time', u'A', u'40002319:KHUMALO;40004047:MATHEWS', 80.0]
[u'IREL201_YEAR_2018', u'IREL201_YEAR_2017', u'IREL201', u'INDUSTRIAL RELATIONS II', u'NODIP6', u'NON-DIPLOMA PURPOSE (MAN SC)', u'11', u'YEAR', u'D8', u'DBN PART-TIME NON-SUBSIDISED', u'A', u'40002319:KHUMALO;40004047:MATHEWS', 1.0]
check 'IREL201_YEAR_2018' 'IREL201'
processXLS: only for SEM2 [u'IREL201_YEAR_2018', u'IREL201_YEAR_2017', u'IREL201', u'INDUSTRIAL RELATIONS II', u'NODIP6', u'NON-DIPLOMA PURPOSE (MAN SC)', u'11', u'YEAR', u'D8', u'DBN PART-TIME NON-SUBSIDISED', u'A', u'40002319:KHUMALO;40004047:MATHEWS', 1.0]
[u'', u'', u'', u'', u'', u'', u'', u'', u'', u'', u'', u'', u'']
check '' ''
[u'MTRG201_YEAR_2018', u'MTRG201_YEAR_2017', u'MTRG201', u'MANAGEMENT OF TRAINING II', u'NDHRM1', u'ND: HUMAN RESOURCES MANAGEMENT', u'11', u'YEAR', u'D1', u'Durban Campus Full-time', u'A', u'50002468:DAWETI', 121.0]
check 'MTRG201_YEAR_2018' 'MTRG201'
processXLS: only for SEM2 [u'MTRG201_YEAR_2018', u'MTRG201_YEAR_2017', u'MTRG201', u'MANAGEMENT OF TRAINING II', u'NDHRM1', u'ND: HUMAN RESOURCES MANAGEMENT', u'11', u'YEAR', u'D1', u'Durban Campus Full-time', u'A', u'50002468:DAWETI', 121.0]
[u'MTRG201_YEAR_2018', u'MTRG201_YEAR_2017', u'MTRG201', u'MANAGEMENT OF TRAINING II', u'NDHRM1', u'ND: HUMAN RESOURCES MANAGEMENT', u'11', u'YEAR', u'D3', u'Durban Campus Part-time', u'A', u'50002468:DAWETI', 31.0]
check 'MTRG201_YEAR_2018' 'MTRG201'
processXLS: only for SEM2 [u'MTRG201_YEAR_2018', u'MTRG201_YEAR_2017', u'MTRG201', u'MANAGEMENT OF TRAINING II', u'NDHRM1', u'ND: HUMAN RESOURCES MANAGEMENT', u'11', u'YEAR', u'D3', u'Durban Campus Part-time', u'A', u'50002468:DAWETI', 31.0]
[u'MTRG201_YEAR_2018', u'MTRG201_YEAR_2017', u'MTRG201', u'MANAGEMENT OF TRAINING II', u'NODIP6', u'NON-DIPLOMA PURPOSE (MAN SC)', u'11', u'YEAR', u'D8', u'DBN PART-TIME NON-SUBSIDISED', u'A', u'50002468:DAWETI', 3.0]
check 'MTRG201_YEAR_2018' 'MTRG201'
processXLS: only for SEM2 [u'MTRG201_YEAR_2018', u'MTRG201_YEAR_2017', u'MTRG201', u'MANAGEMENT OF TRAINING II', u'NODIP6', u'NON-DIPLOMA PURPOSE (MAN SC)', u'11', u'YEAR', u'D8', u'DBN PART-TIME NON-SUBSIDISED', u'A', u'50002468:DAWETI', 3.0]
[u'', u'', u'', u'', u'', u'', u'', u'', u'', u'', u'', u'', u'']
check '' ''
[u'PSMN202_YEAR_2018', u'PSMN202_YEAR_2017', u'PSMN202', u'PERSONNEL MANAGEMENT II', u'NDHRM1', u'ND: HUMAN RESOURCES MANAGEMENT', u'11', u'YEAR', u'D1', u'Durban Campus Full-time', u'A', u'50002440:RAJLAL', 142.0]
check 'PSMN202_YEAR_2018' 'PSMN202'
processXLS: only for SEM2 [u'PSMN202_YEAR_2018', u'PSMN202_YEAR_2017', u'PSMN202', u'PERSONNEL MANAGEMENT II', u'NDHRM1', u'ND: HUMAN RESOURCES MANAGEMENT', u'11', u'YEAR', u'D1', u'Durban Campus Full-time', u'A', u'50002440:RAJLAL', 142.0]
[u'PSMN202_YEAR_2018', u'PSMN202_YEAR_2017', u'PSMN202', u'PERSONNEL MANAGEMENT II', u'NDHRM1', u'ND: HUMAN RESOURCES MANAGEMENT', u'11', u'YEAR', u'D1', u'Durban Campus Full-time', u'9', u'50002440:RAJLAL', 2.0]
check 'PSMN202_YEAR_2018' 'PSMN202'
processXLS: only for SEM2 [u'PSMN202_YEAR_2018', u'PSMN202_YEAR_2017', u'PSMN202', u'PERSONNEL MANAGEMENT II', u'NDHRM1', u'ND: HUMAN RESOURCES MANAGEMENT', u'11', u'YEAR', u'D1', u'Durban Campus Full-time', u'9', u'50002440:RAJLAL', 2.0]
[u'PSMN202_YEAR_2018', u'PSMN202_YEAR_2017', u'PSMN202', u'PERSONNEL MANAGEMENT II', u'NDHRM1', u'ND: HUMAN RESOURCES MANAGEMENT', u'11', u'YEAR', u'D3', u'Durban Campus Part-time', u'9', u'50002440:RAJLAL', 4.0]
check 'PSMN202_YEAR_2018' 'PSMN202'
processXLS: only for SEM2 [u'PSMN202_YEAR_2018', u'PSMN202_YEAR_2017', u'PSMN202', u'PERSONNEL MANAGEMENT II', u'NDHRM1', u'ND: HUMAN RESOURCES MANAGEMENT', u'11', u'YEAR', u'D3', u'Durban Campus Part-time', u'9', u'50002440:RAJLAL', 4.0]
[u'PSMN202_YEAR_2018', u'PSMN202_YEAR_2017', u'PSMN202', u'PERSONNEL MANAGEMENT II', u'NDHRM1', u'ND: HUMAN RESOURCES MANAGEMENT', u'11', u'YEAR', u'D3', u'Durban Campus Part-time', u'A', u'50002440:RAJLAL', 41.0]
check 'PSMN202_YEAR_2018' 'PSMN202'
processXLS: only for SEM2 [u'PSMN202_YEAR_2018', u'PSMN202_YEAR_2017', u'PSMN202', u'PERSONNEL MANAGEMENT II', u'NDHRM1', u'ND: HUMAN RESOURCES MANAGEMENT', u'11', u'YEAR', u'D3', u'Durban Campus Part-time', u'A', u'50002440:RAJLAL', 41.0]
[u'PSMN202_YEAR_2018', u'PSMN202_YEAR_2017', u'PSMN202', u'PERSONNEL MANAGEMENT II', u'NDOMT2', u'ND: OFFICE MANAGEMENT AND TECHNOLOGY', u'11', u'YEAR', u'D1', u'Durban Campus Full-time', u'A', u'50002440:RAJLAL', 139.0]
check 'PSMN202_YEAR_2018' 'PSMN202'
processXLS: only for SEM2 [u'PSMN202_YEAR_2018', u'PSMN202_YEAR_2017', u'PSMN202', u'PERSONNEL MANAGEMENT II', u'NDOMT2', u'ND: OFFICE MANAGEMENT AND TECHNOLOGY', u'11', u'YEAR', u'D1', u'Durban Campus Full-time', u'A', u'50002440:RAJLAL', 139.0]
[u'', u'', u'', u'', u'', u'', u'', u'', u'', u'', u'', u'', u'']
check '' ''
[u'ORMN321_SEM2_2018', u'ORMN321_SEM2_2017', u'ORMN321', u'ORGANISATIONAL MANAGEMENT III (MODULE 2)', u'NDCAF1', u'ND: COST & MANAGEMENT ACCT (4 YEARS)', u'22', u'SEMESTER 2', u'D1', u'Durban Campus Full-time', u'A', u'50012119:SMITH', 3.0]
check 'ORMN321_SEM2_2018' 'ORMN321'
adding  ORMN321
requesting:  http://10.0.100.98:8000/bbinfo/matching_courses/ORMN321%25
r= <Response [200]>
matching classes= set([u'ORMN321_SEM2_2017', u'ORMN321_SEM2_2016', u'ORMN321_13_KHUN', u'ORMN321_SEM2_2018'])
[u'ORMN321_SEM2_2018', u'ORMN321_SEM2_2017', u'ORMN321', u'ORGANISATIONAL MANAGEMENT III (MODULE 2)', u'NDCAF2', u'ND: COST & MANAGEMENT ACCT (4 YEARS)', u'22', u'SEMESTER 2', u'D1', u'Durban Campus Full-time', u'A', u'50012119:SMITH', 27.0]
check 'ORMN321_SEM2_2018' 'ORMN321'
adding  ORMN321
requesting:  http://10.0.100.98:8000/bbinfo/matching_courses/ORMN321%25
r= <Response [200]>
matching classes= set([u'ORMN321_SEM2_2017', u'ORMN321_SEM2_2016', u'ORMN321_13_KHUN', u'ORMN321_SEM2_2018'])
[u'ORMN321_SEM2_2018', u'ORMN321_SEM2_2017', u'ORMN321', u'ORGANISATIONAL MANAGEMENT III (MODULE 2)', u'NDCMA3', u'ND: COST AND MANAGEMENT ACCOUNTING', u'22', u'SEMESTER 2', u'D1', u'Durban Campus Full-time', u'A', u'50012119:SMITH', 138.0]
check 'ORMN321_SEM2_2018' 'ORMN321'
adding  ORMN321
requesting:  http://10.0.100.98:8000/bbinfo/matching_courses/ORMN321%25
r= <Response [200]>
matching classes= set([u'ORMN321_SEM2_2017', u'ORMN321_SEM2_2016', u'ORMN321_13_KHUN', u'ORMN321_SEM2_2018'])
[u'ORMN321_SEM2_2018', u'ORMN321_SEM2_2017', u'ORMN321', u'ORGANISATIONAL MANAGEMENT III (MODULE 2)', u'NDCMA3', u'ND: COST AND MANAGEMENT ACCOUNTING', u'22', u'SEMESTER 2', u'D3', u'Durban Campus Part-time', u'A', u'50012119:SMITH', 3.0]
check 'ORMN321_SEM2_2018' 'ORMN321'
adding  ORMN321
requesting:  http://10.0.100.98:8000/bbinfo/matching_courses/ORMN321%25
r= <Response [200]>
matching classes= set([u'ORMN321_SEM2_2017', u'ORMN321_SEM2_2016', u'ORMN321_13_KHUN', u'ORMN321_SEM2_2018'])
[u'', u'', u'', u'', u'', u'', u'', u'', u'', u'', u'', u'', u'']
check '' ''
[u'PSMN302_YEAR_2018', u'PSMN302_YEAR_2017', u'PSMN302', u'PERSONNEL MANAGEMENT III', u'NDHRM1', u'ND: HUMAN RESOURCES MANAGEMENT', u'11', u'YEAR', u'D1', u'Durban Campus Full-time', u'A', u'50001120:YOUNG', 121.0]
check 'PSMN302_YEAR_2018' 'PSMN302'
processXLS: only for SEM2 [u'PSMN302_YEAR_2018', u'PSMN302_YEAR_2017', u'PSMN302', u'PERSONNEL MANAGEMENT III', u'NDHRM1', u'ND: HUMAN RESOURCES MANAGEMENT', u'11', u'YEAR', u'D1', u'Durban Campus Full-time', u'A', u'50001120:YOUNG', 121.0]
[u'PSMN302_YEAR_2018', u'PSMN302_YEAR_2017', u'PSMN302', u'PERSONNEL MANAGEMENT III', u'NDHRM1', u'ND: HUMAN RESOURCES MANAGEMENT', u'11', u'YEAR', u'D3', u'Durban Campus Part-time', u'A', u'50001120:YOUNG', 38.0]
check 'PSMN302_YEAR_2018' 'PSMN302'
processXLS: only for SEM2 [u'PSMN302_YEAR_2018', u'PSMN302_YEAR_2017', u'PSMN302', u'PERSONNEL MANAGEMENT III', u'NDHRM1', u'ND: HUMAN RESOURCES MANAGEMENT', u'11', u'YEAR', u'D3', u'Durban Campus Part-time', u'A', u'50001120:YOUNG', 38.0]
[u'PSMN302_YEAR_2018', u'PSMN302_YEAR_2017', u'PSMN302', u'PERSONNEL MANAGEMENT III', u'NODIP6', u'NON-DIPLOMA PURPOSE (MAN SC)', u'11', u'YEAR', u'D7', u'DBN FULL-TIME NON-SUBSIDISED', u'A', u'50001120:YOUNG', 17.0]
check 'PSMN302_YEAR_2018' 'PSMN302'
processXLS: only for SEM2 [u'PSMN302_YEAR_2018', u'PSMN302_YEAR_2017', u'PSMN302', u'PERSONNEL MANAGEMENT III', u'NODIP6', u'NON-DIPLOMA PURPOSE (MAN SC)', u'11', u'YEAR', u'D7', u'DBN FULL-TIME NON-SUBSIDISED', u'A', u'50001120:YOUNG', 17.0]
[u'PSMN302_YEAR_2018', u'PSMN302_YEAR_2017', u'PSMN302', u'PERSONNEL MANAGEMENT III', u'NODIP6', u'NON-DIPLOMA PURPOSE (MAN SC)', u'11', u'YEAR', u'D8', u'DBN PART-TIME NON-SUBSIDISED', u'A', u'50001120:YOUNG', 1.0]
check 'PSMN302_YEAR_2018' 'PSMN302'
processXLS: only for SEM2 [u'PSMN302_YEAR_2018', u'PSMN302_YEAR_2017', u'PSMN302', u'PERSONNEL MANAGEMENT III', u'NODIP6', u'NON-DIPLOMA PURPOSE (MAN SC)', u'11', u'YEAR', u'D8', u'DBN PART-TIME NON-SUBSIDISED', u'A', u'50001120:YOUNG', 1.0]
[u'', u'', u'', u'', u'', u'', u'', u'', u'', u'', u'', u'', u'']
check '' ''
[u'ADPM401_YEAR_2018', u'ADPM401_YEAR_2017', u'ADPM401', u'ADVANCED PERSONNEL MANAGEMENT IV', u'BTHRM1', u'BT: HUMAN RESOURCES MANAGEMENT', u'11', u'YEAR', u'D1', u'Durban Campus Full-time', u'A', u'50008683:LOURENS', 53.0]
check 'ADPM401_YEAR_2018' 'ADPM401'
processXLS: only for SEM2 [u'ADPM401_YEAR_2018', u'ADPM401_YEAR_2017', u'ADPM401', u'ADVANCED PERSONNEL MANAGEMENT IV', u'BTHRM1', u'BT: HUMAN RESOURCES MANAGEMENT', u'11', u'YEAR', u'D1', u'Durban Campus Full-time', u'A', u'50008683:LOURENS', 53.0]
[u'ADPM401_YEAR_2018', u'ADPM401_YEAR_2017', u'ADPM401', u'ADVANCED PERSONNEL MANAGEMENT IV', u'BTHRM1', u'BT: HUMAN RESOURCES MANAGEMENT', u'11', u'YEAR', u'D3', u'Durban Campus Part-time', u'A', u'50008683:LOURENS', 91.0]
check 'ADPM401_YEAR_2018' 'ADPM401'
processXLS: only for SEM2 [u'ADPM401_YEAR_2018', u'ADPM401_YEAR_2017', u'ADPM401', u'ADVANCED PERSONNEL MANAGEMENT IV', u'BTHRM1', u'BT: HUMAN RESOURCES MANAGEMENT', u'11', u'YEAR', u'D3', u'Durban Campus Part-time', u'A', u'50008683:LOURENS', 91.0]
[u'ADPM401_YEAR_2018', u'ADPM401_YEAR_2017', u'ADPM401', u'ADVANCED PERSONNEL MANAGEMENT IV', u'NODIP6', u'NON-DIPLOMA PURPOSE (MAN SC)', u'11', u'YEAR', u'D7', u'DBN FULL-TIME NON-SUBSIDISED', u'A', u'50008683:LOURENS', 1.0]
check 'ADPM401_YEAR_2018' 'ADPM401'
processXLS: only for SEM2 [u'ADPM401_YEAR_2018', u'ADPM401_YEAR_2017', u'ADPM401', u'ADVANCED PERSONNEL MANAGEMENT IV', u'NODIP6', u'NON-DIPLOMA PURPOSE (MAN SC)', u'11', u'YEAR', u'D7', u'DBN FULL-TIME NON-SUBSIDISED', u'A', u'50008683:LOURENS', 1.0]
[u'', u'', u'', u'', u'', u'', u'', u'', u'', u'', u'', u'', u'']
check '' ''
[u'AINR401_YEAR_2018', u'AINR401_YEAR_2017', u'AINR401', u'ADVANCED INDUSTRIAL RELATIONS IV', u'BTHRM1', u'BT: HUMAN RESOURCES MANAGEMENT', u'11', u'YEAR', u'D1', u'Durban Campus Full-time', u'A', u'40002319:KHUMALO', 53.0]
check 'AINR401_YEAR_2018' 'AINR401'
processXLS: only for SEM2 [u'AINR401_YEAR_2018', u'AINR401_YEAR_2017', u'AINR401', u'ADVANCED INDUSTRIAL RELATIONS IV', u'BTHRM1', u'BT: HUMAN RESOURCES MANAGEMENT', u'11', u'YEAR', u'D1', u'Durban Campus Full-time', u'A', u'40002319:KHUMALO', 53.0]
[u'AINR401_YEAR_2018', u'AINR401_YEAR_2017', u'AINR401', u'ADVANCED INDUSTRIAL RELATIONS IV', u'BTHRM1', u'BT: HUMAN RESOURCES MANAGEMENT', u'11', u'YEAR', u'D3', u'Durban Campus Part-time', u'A', u'40002319:KHUMALO', 92.0]
check 'AINR401_YEAR_2018' 'AINR401'
processXLS: only for SEM2 [u'AINR401_YEAR_2018', u'AINR401_YEAR_2017', u'AINR401', u'ADVANCED INDUSTRIAL RELATIONS IV', u'BTHRM1', u'BT: HUMAN RESOURCES MANAGEMENT', u'11', u'YEAR', u'D3', u'Durban Campus Part-time', u'A', u'40002319:KHUMALO', 92.0]
[u'', u'', u'', u'', u'', u'', u'', u'', u'', u'', u'', u'', u'']
check '' ''
[u'AMTR401_YEAR_2018', u'AMTR401_YEAR_2017', u'AMTR401', u'ADVANCED MANAGEMENT OF TRAINING IV', u'BTHRM1', u'BT: HUMAN RESOURCES MANAGEMENT', u'11', u'YEAR', u'D1', u'Durban Campus Full-time', u'A', u'50012119:SMITH', 57.0]
check 'AMTR401_YEAR_2018' 'AMTR401'
processXLS: only for SEM2 [u'AMTR401_YEAR_2018', u'AMTR401_YEAR_2017', u'AMTR401', u'ADVANCED MANAGEMENT OF TRAINING IV', u'BTHRM1', u'BT: HUMAN RESOURCES MANAGEMENT', u'11', u'YEAR', u'D1', u'Durban Campus Full-time', u'A', u'50012119:SMITH', 57.0]
[u'AMTR401_YEAR_2018', u'AMTR401_YEAR_2017', u'AMTR401', u'ADVANCED MANAGEMENT OF TRAINING IV', u'BTHRM1', u'BT: HUMAN RESOURCES MANAGEMENT', u'11', u'YEAR', u'D3', u'Durban Campus Part-time', u'A', u'50012119:SMITH', 4.0]
check 'AMTR401_YEAR_2018' 'AMTR401'
processXLS: only for SEM2 [u'AMTR401_YEAR_2018', u'AMTR401_YEAR_2017', u'AMTR401', u'ADVANCED MANAGEMENT OF TRAINING IV', u'BTHRM1', u'BT: HUMAN RESOURCES MANAGEMENT', u'11', u'YEAR', u'D3', u'Durban Campus Part-time', u'A', u'50012119:SMITH', 4.0]
[u'', u'', u'', u'', u'', u'', u'', u'', u'', u'', u'', u'', u'']
check '' ''
[u'ASTM402_YEAR_2018', u'ASTM402_YEAR_2017', u'ASTM402', u'ADVANCED STRATEGIC MANAGEMENT IV', u'BTHRM1', u'BT: HUMAN RESOURCES MANAGEMENT', u'11', u'YEAR', u'D1', u'Durban Campus Full-time', u'A', u'50008683:LOURENS', 54.0]
check 'ASTM402_YEAR_2018' 'ASTM402'
processXLS: only for SEM2 [u'ASTM402_YEAR_2018', u'ASTM402_YEAR_2017', u'ASTM402', u'ADVANCED STRATEGIC MANAGEMENT IV', u'BTHRM1', u'BT: HUMAN RESOURCES MANAGEMENT', u'11', u'YEAR', u'D1', u'Durban Campus Full-time', u'A', u'50008683:LOURENS', 54.0]
[u'ASTM402_YEAR_2018', u'ASTM402_YEAR_2017', u'ASTM402', u'ADVANCED STRATEGIC MANAGEMENT IV', u'BTHRM1', u'BT: HUMAN RESOURCES MANAGEMENT', u'11', u'YEAR', u'D3', u'Durban Campus Part-time', u'A', u'50008683:LOURENS', 93.0]
check 'ASTM402_YEAR_2018' 'ASTM402'
processXLS: only for SEM2 [u'ASTM402_YEAR_2018', u'ASTM402_YEAR_2017', u'ASTM402', u'ADVANCED STRATEGIC MANAGEMENT IV', u'BTHRM1', u'BT: HUMAN RESOURCES MANAGEMENT', u'11', u'YEAR', u'D3', u'Durban Campus Part-time', u'A', u'50008683:LOURENS', 93.0]
[u'ASTM402_YEAR_2018', u'ASTM402_YEAR_2017', u'ASTM402', u'ADVANCED STRATEGIC MANAGEMENT IV', u'BTRBM1', u'BT: RETAIL BUSINESS MANAGEMENT', u'11', u'YEAR', u'D1', u'Durban Campus Full-time', u'A', u'50008683:LOURENS', 10.0]
check 'ASTM402_YEAR_2018' 'ASTM402'
processXLS: only for SEM2 [u'ASTM402_YEAR_2018', u'ASTM402_YEAR_2017', u'ASTM402', u'ADVANCED STRATEGIC MANAGEMENT IV', u'BTRBM1', u'BT: RETAIL BUSINESS MANAGEMENT', u'11', u'YEAR', u'D1', u'Durban Campus Full-time', u'A', u'50008683:LOURENS', 10.0]
[u'ASTM402_YEAR_2018', u'ASTM402_YEAR_2017', u'ASTM402', u'ADVANCED STRATEGIC MANAGEMENT IV', u'BTRBM1', u'BT: RETAIL BUSINESS MANAGEMENT', u'11', u'YEAR', u'D3', u'Durban Campus Part-time', u'A', u'50008683:LOURENS', 18.0]
check 'ASTM402_YEAR_2018' 'ASTM402'
processXLS: only for SEM2 [u'ASTM402_YEAR_2018', u'ASTM402_YEAR_2017', u'ASTM402', u'ADVANCED STRATEGIC MANAGEMENT IV', u'BTRBM1', u'BT: RETAIL BUSINESS MANAGEMENT', u'11', u'YEAR', u'D3', u'Durban Campus Part-time', u'A', u'50008683:LOURENS', 18.0]
[u'', u'', u'', u'', u'', u'', u'', u'', u'', u'', u'', u'', u'']
check '' ''
[u'OBEH402_YEAR_2018', u'OBEH402_YEAR_2017', u'OBEH402', u'ORGANISATIONAL BEHAVIOUR IV', u'BTHRM1', u'BT: HUMAN RESOURCES MANAGEMENT', u'11', u'YEAR', u'D1', u'Durban Campus Full-time', u'A', u'50001120:YOUNG', 57.0]
check 'OBEH402_YEAR_2018' 'OBEH402'
processXLS: only for SEM2 [u'OBEH402_YEAR_2018', u'OBEH402_YEAR_2017', u'OBEH402', u'ORGANISATIONAL BEHAVIOUR IV', u'BTHRM1', u'BT: HUMAN RESOURCES MANAGEMENT', u'11', u'YEAR', u'D1', u'Durban Campus Full-time', u'A', u'50001120:YOUNG', 57.0]
[u'OBEH402_YEAR_2018', u'OBEH402_YEAR_2017', u'OBEH402', u'ORGANISATIONAL BEHAVIOUR IV', u'BTHRM1', u'BT: HUMAN RESOURCES MANAGEMENT', u'11', u'YEAR', u'D3', u'Durban Campus Part-time', u'A', u'50001120:YOUNG', 6.0]
check 'OBEH402_YEAR_2018' 'OBEH402'
processXLS: only for SEM2 [u'OBEH402_YEAR_2018', u'OBEH402_YEAR_2017', u'OBEH402', u'ORGANISATIONAL BEHAVIOUR IV', u'BTHRM1', u'BT: HUMAN RESOURCES MANAGEMENT', u'11', u'YEAR', u'D3', u'Durban Campus Part-time', u'A', u'50001120:YOUNG', 6.0]
[u'', u'', u'', u'', u'', u'', u'', u'', u'', u'', u'', u'', u'']
check '' ''
[u'RPCH501_YEAR_2018', u'RPCH501_YEAR_2017', u'RPCH501', u'RESEARCH PROJECT AND DISSERTATION (YR 1 : FUL', u'MMHRM1', u'M MANAGEMENT SCIENCES (HUM RES)', u'P0', u'POST-GRAD ANNUAL REGISTRATIONS', u'D1', u'Durban Campus Full-time', u'A', u'50008683:LOURENS', 8.0]
check 'RPCH501_YEAR_2018' 'RPCH501'
processXLS: only for SEM2 [u'RPCH501_YEAR_2018', u'RPCH501_YEAR_2017', u'RPCH501', u'RESEARCH PROJECT AND DISSERTATION (YR 1 : FUL', u'MMHRM1', u'M MANAGEMENT SCIENCES (HUM RES)', u'P0', u'POST-GRAD ANNUAL REGISTRATIONS', u'D1', u'Durban Campus Full-time', u'A', u'50008683:LOURENS', 8.0]
[u'RPCH501_YEAR_2018', u'RPCH501_YEAR_2017', u'RPCH501', u'RESEARCH PROJECT AND DISSERTATION (YR 1 : FUL', u'MMHRM1', u'M MANAGEMENT SCIENCES (HUM RES)', u'P0', u'POST-GRAD ANNUAL REGISTRATIONS', u'D3', u'Durban Campus Part-time', u'A', u'50008683:LOURENS', 5.0]
check 'RPCH501_YEAR_2018' 'RPCH501'
processXLS: only for SEM2 [u'RPCH501_YEAR_2018', u'RPCH501_YEAR_2017', u'RPCH501', u'RESEARCH PROJECT AND DISSERTATION (YR 1 : FUL', u'MMHRM1', u'M MANAGEMENT SCIENCES (HUM RES)', u'P0', u'POST-GRAD ANNUAL REGISTRATIONS', u'D3', u'Durban Campus Part-time', u'A', u'50008683:LOURENS', 5.0]
[u'', u'', u'', u'', u'', u'', u'', u'', u'', u'', u'', u'', u'']
check '' ''
[u'RPCH511_YEAR_2018', u'RPCH511_YEAR_2017', u'RPCH511', u'RESEARCH PROJECT AND DISSERTATION (1ST REGIST', u'MMHRM1', u'M MANAGEMENT SCIENCES (HUM RES)', u'11', u'YEAR', u'D1', u'Durban Campus Full-time', u'A', u'50008683:Lourens', 1.0]
check 'RPCH511_YEAR_2018' 'RPCH511'
processXLS: only for SEM2 [u'RPCH511_YEAR_2018', u'RPCH511_YEAR_2017', u'RPCH511', u'RESEARCH PROJECT AND DISSERTATION (1ST REGIST', u'MMHRM1', u'M MANAGEMENT SCIENCES (HUM RES)', u'11', u'YEAR', u'D1', u'Durban Campus Full-time', u'A', u'50008683:Lourens', 1.0]
[u'RPCH511_YEAR_2018', u'RPCH511_YEAR_2017', u'RPCH511', u'RESEARCH PROJECT AND DISSERTATION (1ST REGIST', u'MMHRM1', u'M MANAGEMENT SCIENCES (HUM RES)', u'P0', u'POST-GRAD ANNUAL REGISTRATIONS', u'D1', u'Durban Campus Full-time', u'A', u'50008683:Lourens', 5.0]
check 'RPCH511_YEAR_2018' 'RPCH511'
processXLS: only for SEM2 [u'RPCH511_YEAR_2018', u'RPCH511_YEAR_2017', u'RPCH511', u'RESEARCH PROJECT AND DISSERTATION (1ST REGIST', u'MMHRM1', u'M MANAGEMENT SCIENCES (HUM RES)', u'P0', u'POST-GRAD ANNUAL REGISTRATIONS', u'D1', u'Durban Campus Full-time', u'A', u'50008683:Lourens', 5.0]
[u'', u'', u'', u'', u'', u'', u'', u'', u'', u'', u'', u'', u'']
check '' ''
[u'RPCH521_YEAR_2018', u'RPCH521_YEAR_2017', u'RPCH521', u'RESEARCH PROJECT AND DISSERTATION (SUCCESSIVE', u'MMHRM1', u'M MANAGEMENT SCIENCES (HUM RES)', u'11', u'YEAR', u'D1', u'Durban Campus Full-time', u'A', u'50008683:Lourens', 1.0]
check 'RPCH521_YEAR_2018' 'RPCH521'
processXLS: only for SEM2 [u'RPCH521_YEAR_2018', u'RPCH521_YEAR_2017', u'RPCH521', u'RESEARCH PROJECT AND DISSERTATION (SUCCESSIVE', u'MMHRM1', u'M MANAGEMENT SCIENCES (HUM RES)', u'11', u'YEAR', u'D1', u'Durban Campus Full-time', u'A', u'50008683:Lourens', 1.0]
[u'RPCH521_YEAR_2018', u'RPCH521_YEAR_2017', u'RPCH521', u'RESEARCH PROJECT AND DISSERTATION (SUCCESSIVE', u'MMHRM1', u'M MANAGEMENT SCIENCES (HUM RES)', u'P0', u'POST-GRAD ANNUAL REGISTRATIONS', u'D1', u'Durban Campus Full-time', u'A', u'50008683:Lourens', 5.0]
check 'RPCH521_YEAR_2018' 'RPCH521'
processXLS: only for SEM2 [u'RPCH521_YEAR_2018', u'RPCH521_YEAR_2017', u'RPCH521', u'RESEARCH PROJECT AND DISSERTATION (SUCCESSIVE', u'MMHRM1', u'M MANAGEMENT SCIENCES (HUM RES)', u'P0', u'POST-GRAD ANNUAL REGISTRATIONS', u'D1', u'Durban Campus Full-time', u'A', u'50008683:Lourens', 5.0]
[u'RPCH521_YEAR_2018', u'RPCH521_YEAR_2017', u'RPCH521', u'RESEARCH PROJECT AND DISSERTATION (SUCCESSIVE', u'MMHRM1', u'M MANAGEMENT SCIENCES (HUM RES)', u'P0', u'POST-GRAD ANNUAL REGISTRATIONS', u'D3', u'Durban Campus Part-time', u'A', u'50008683:Lourens', 1.0]
check 'RPCH521_YEAR_2018' 'RPCH521'
processXLS: only for SEM2 [u'RPCH521_YEAR_2018', u'RPCH521_YEAR_2017', u'RPCH521', u'RESEARCH PROJECT AND DISSERTATION (SUCCESSIVE', u'MMHRM1', u'M MANAGEMENT SCIENCES (HUM RES)', u'P0', u'POST-GRAD ANNUAL REGISTRATIONS', u'D3', u'Durban Campus Part-time', u'A', u'50008683:Lourens', 1.0]
[u'', u'', u'', u'', u'', u'', u'', u'', u'', u'', u'', u'', u'']
check '' ''
[u'RPHR511_YEAR_2018', u'RPHR511_YEAR_2017', u'RPHR511', u'RESEARCH PROJECT AND DISSERTATION (1ST REG)', u'MMHRM1', u'M MANAGEMENT SCIENCES (HUM RES)', u'P0', u'POST-GRAD ANNUAL REGISTRATIONS', u'D1', u'Durban Campus Full-time', u'A', u'50008683:Lourens', 14.0]
check 'RPHR511_YEAR_2018' 'RPHR511'
processXLS: only for SEM2 [u'RPHR511_YEAR_2018', u'RPHR511_YEAR_2017', u'RPHR511', u'RESEARCH PROJECT AND DISSERTATION (1ST REG)', u'MMHRM1', u'M MANAGEMENT SCIENCES (HUM RES)', u'P0', u'POST-GRAD ANNUAL REGISTRATIONS', u'D1', u'Durban Campus Full-time', u'A', u'50008683:Lourens', 14.0]
[u'RPHR511_YEAR_2018', u'RPHR511_YEAR_2017', u'RPHR511', u'RESEARCH PROJECT AND DISSERTATION (1ST REG)', u'MMHRM1', u'M MANAGEMENT SCIENCES (HUM RES)', u'P0', u'POST-GRAD ANNUAL REGISTRATIONS', u'D3', u'Durban Campus Part-time', u'A', u'50008683:Lourens', 5.0]
check 'RPHR511_YEAR_2018' 'RPHR511'
processXLS: only for SEM2 [u'RPHR511_YEAR_2018', u'RPHR511_YEAR_2017', u'RPHR511', u'RESEARCH PROJECT AND DISSERTATION (1ST REG)', u'MMHRM1', u'M MANAGEMENT SCIENCES (HUM RES)', u'P0', u'POST-GRAD ANNUAL REGISTRATIONS', u'D3', u'Durban Campus Part-time', u'A', u'50008683:Lourens', 5.0]
[u'', u'', u'', u'', u'', u'', u'', u'', u'', u'', u'', u'', u'']
check '' ''
[u'RPHR521_YEAR_2018', u'RPHR521_YEAR_2017', u'RPHR521', u'RESEARCH PROJECT AND DISSERTATION (2ND REG)', u'MMHRM1', u'M MANAGEMENT SCIENCES (HUM RES)', u'P0', u'POST-GRAD ANNUAL REGISTRATIONS', u'D1', u'Durban Campus Full-time', u'A', u'50008683:Lourens', 6.0]
check 'RPHR521_YEAR_2018' 'RPHR521'
processXLS: only for SEM2 [u'RPHR521_YEAR_2018', u'RPHR521_YEAR_2017', u'RPHR521', u'RESEARCH PROJECT AND DISSERTATION (2ND REG)', u'MMHRM1', u'M MANAGEMENT SCIENCES (HUM RES)', u'P0', u'POST-GRAD ANNUAL REGISTRATIONS', u'D1', u'Durban Campus Full-time', u'A', u'50008683:Lourens', 6.0]
[u'', u'', u'', u'', u'', u'', u'', u'', u'', u'', u'', u'', u'']
check '' ''
[u'RPHR531_YEAR_2018', u'RPHR531_YEAR_2017', u'RPHR531', u'RESEARCH PROJECT AND DISSERTATION (3RD REG)', u'MMHRM1', u'M MANAGEMENT SCIENCES (HUM RES)', u'P0', u'POST-GRAD ANNUAL REGISTRATIONS', u'D1', u'Durban Campus Full-time', u'A', u'50008683:Lourens', 4.0]
check 'RPHR531_YEAR_2018' 'RPHR531'
processXLS: only for SEM2 [u'RPHR531_YEAR_2018', u'RPHR531_YEAR_2017', u'RPHR531', u'RESEARCH PROJECT AND DISSERTATION (3RD REG)', u'MMHRM1', u'M MANAGEMENT SCIENCES (HUM RES)', u'P0', u'POST-GRAD ANNUAL REGISTRATIONS', u'D1', u'Durban Campus Full-time', u'A', u'50008683:Lourens', 4.0]
[u'', u'', u'', u'', u'', u'', u'', u'', u'', u'', u'', u'', u'']
check '' ''
[u'RPCH611_YEAR_2018', u'RPCH611_YEAR_2017', u'RPCH611', u'RESEARCH PROJECT AND DISSERTATION (2ND REGIST', u'DPHRM1', u'D PHIL MAN SCIENCES (HUM RES)', u'P0', u'POST-GRAD ANNUAL REGISTRATIONS', u'D3', u'Durban Campus Part-time', u'A', u'50008683:LOURENS', 1.0]
check 'RPCH611_YEAR_2018' 'RPCH611'
processXLS: only for SEM2 [u'RPCH611_YEAR_2018', u'RPCH611_YEAR_2017', u'RPCH611', u'RESEARCH PROJECT AND DISSERTATION (2ND REGIST', u'DPHRM1', u'D PHIL MAN SCIENCES (HUM RES)', u'P0', u'POST-GRAD ANNUAL REGISTRATIONS', u'D3', u'Durban Campus Part-time', u'A', u'50008683:LOURENS', 1.0]
[u'', u'', u'', u'', u'', u'', u'', u'', u'', u'', u'', u'', u'']
check '' ''
[u'RPCH621_YEAR_2018', u'RPCH621_YEAR_2017', u'RPCH621', u'RESEARCH PROJECT AND DISSERTATION (3RD REGIST', u'DPHRM1', u'D PHIL MAN SCIENCES (HUM RES)', u'P0', u'POST-GRAD ANNUAL REGISTRATIONS', u'D3', u'Durban Campus Part-time', u'A', u'50008683:Lourens', 1.0]
check 'RPCH621_YEAR_2018' 'RPCH621'
processXLS: only for SEM2 [u'RPCH621_YEAR_2018', u'RPCH621_YEAR_2017', u'RPCH621', u'RESEARCH PROJECT AND DISSERTATION (3RD REGIST', u'DPHRM1', u'D PHIL MAN SCIENCES (HUM RES)', u'P0', u'POST-GRAD ANNUAL REGISTRATIONS', u'D3', u'Durban Campus Part-time', u'A', u'50008683:Lourens', 1.0]
[u'', u'', u'', u'', u'', u'', u'', u'', u'', u'', u'', u'', u'']
check '' ''
[u'RPHR611_YEAR_2018', u'RPHR611_YEAR_2017', u'RPHR611', u'RESEARCH PROJECT AND DISSERTATION (1ST REG)', u'DPHRM1', u'D PHIL MAN SCIENCES (HUM RES)', u'P0', u'POST-GRAD ANNUAL REGISTRATIONS', u'D3', u'Durban Campus Part-time', u'A', u'50008683:Lourens', 1.0]
check 'RPHR611_YEAR_2018' 'RPHR611'
processXLS: only for SEM2 [u'RPHR611_YEAR_2018', u'RPHR611_YEAR_2017', u'RPHR611', u'RESEARCH PROJECT AND DISSERTATION (1ST REG)', u'DPHRM1', u'D PHIL MAN SCIENCES (HUM RES)', u'P0', u'POST-GRAD ANNUAL REGISTRATIONS', u'D3', u'Durban Campus Part-time', u'A', u'50008683:Lourens', 1.0]
[u'', u'', u'', u'', u'', u'', u'', u'', u'', u'', u'', u'', u'']
check '' ''
[u'RPHR621_YEAR_2018', u'RPHR621_YEAR_2017', u'RPHR621', u'RESEARCH PROJECT AND DISSERTATION (2ND REG)', u'DPHRM1', u'D PHIL MAN SCIENCES (HUM RES)', u'P0', u'POST-GRAD ANNUAL REGISTRATIONS', u'D3', u'Durban Campus Part-time', u'A', u'50008683:Lourens', 1.0]
check 'RPHR621_YEAR_2018' 'RPHR621'
processXLS: only for SEM2 [u'RPHR621_YEAR_2018', u'RPHR621_YEAR_2017', u'RPHR621', u'RESEARCH PROJECT AND DISSERTATION (2ND REG)', u'DPHRM1', u'D PHIL MAN SCIENCES (HUM RES)', u'P0', u'POST-GRAD ANNUAL REGISTRATIONS', u'D3', u'Durban Campus Part-time', u'A', u'50008683:Lourens', 1.0]
[u'', u'', u'', u'', u'', u'', u'', u'', u'', u'', u'', u'', u'']
check '' ''
[u'RPHR631_YEAR_2018', u'RPHR631_YEAR_2017', u'RPHR631', u'RESEARCH PROJECT AND DISSERTATION (3RD REG)', u'DPHRM1', u'D PHIL MAN SCIENCES (HUM RES)', u'P0', u'POST-GRAD ANNUAL REGISTRATIONS', u'D3', u'Durban Campus Part-time', u'A', u'50008683:Lourens', 2.0]
check 'RPHR631_YEAR_2018' 'RPHR631'
processXLS: only for SEM2 [u'RPHR631_YEAR_2018', u'RPHR631_YEAR_2017', u'RPHR631', u'RESEARCH PROJECT AND DISSERTATION (3RD REG)', u'DPHRM1', u'D PHIL MAN SCIENCES (HUM RES)', u'P0', u'POST-GRAD ANNUAL REGISTRATIONS', u'D3', u'Durban Campus Part-time', u'A', u'50008683:Lourens', 2.0]
[u'', u'', u'', u'', u'', u'', u'', u'', u'', u'', u'', u'', u'']
check '' ''
[u'PNLM101_YEAR_2018', u'PNLM101_YEAR_2017', u'PNLM101', u'PNLM101: PERSONNEL MANAGEMENT 2017', u'DIMHR1', u'DIP IN MANAGEMENT SCIENCES (HUMAN RES)', u'11', u'YEAR', u'D1', u'Durban Campus Full-time', u'A', u'40009115:NGO HENHA EPSE EYONO', 1.0]
check 'PNLM101_YEAR_2018' 'PNLM101'
processXLS: only for SEM2 [u'PNLM101_YEAR_2018', u'PNLM101_YEAR_2017', u'PNLM101', u'PNLM101: PERSONNEL MANAGEMENT 2017', u'DIMHR1', u'DIP IN MANAGEMENT SCIENCES (HUMAN RES)', u'11', u'YEAR', u'D1', u'Durban Campus Full-time', u'A', u'40009115:NGO HENHA EPSE EYONO', 1.0]
[u'', u'', u'', u'', u'', u'', u'', u'', u'', u'', u'', u'', u'']
check '' ''
[u'===APPEND===', u'', u'', u'', u'', u'', u'', u'', u'', u'', u'', u'', u'']
check '===APPEND===' ''
[u'2017 NEW SUBJECTS  Blackboard Classrooms for Department: 3304 - HUMAN RESOURCE MANAGEMENT', u'', u'', u'', u'DIMHR1', u'Diploma In Management Human Resources', u'D1', u'YEAR', 21.0, u'A', u'', u'', u'']
check '2017 NEW SUBJECTS  Blackboard Classrooms for Department: 3304 - HUMAN RESOURCE MANAGEMENT' ''
[u'', u'', u'', u'', u'', u'', u'', u'', u'', u'', u'', u'', u'']
check '' ''
[u'BB Classroom', u'Migrate Classroom', u'ITS Subject', u'', u'ITS Qualification', u'', u'Block', u'', u'Off Type', u'', u'Grp', u'Lecturer(s)', u'2016 Enrol']
check 'BB Classroom' 'ITS Subject'
[u'HMRM101_SEM2_2018', u'HMRM101_SEM2_2017', u'HMRM101', u'HUMAN RESOURCE MANAGEMENT I', u'DIBIM1', u'DIPLOMA IN BUSINESS &INFO MANAGEMENT', u'22', u'SEMESTER 2', u'D1', u'Durban Campus Full-time', u'A', u'50008683:Lourens', 0.0]
check 'HMRM101_SEM2_2018' 'HMRM101'
adding  HMRM101
requesting:  http://10.0.100.98:8000/bbinfo/matching_courses/HMRM101%25
r= <Response [200]>
matching classes= set([u'HMRM101_SEM2_2018', u'HMRM101_SEM2_2017'])
[u'...', u'', u'', u'', u'', u'', u'', u'', u'', u'', u'', u'', u'']
check '...' ''
[u'New subjects for 2018', u'', u'', u'', u'', u'', u'', u'', u'', u'', u'', u'', u'']
check 'New subjects for 2018' ''
processXLS: finished processing workingSheets/data/BBC3304HumanResourceManagement2017.xls
getWS: requesting:  http://10.0.100.98:8000/itsenrol/classlist/2018/22/TMSM101 rsp= <Response [200]>
getWS: requesting:  http://10.0.100.98:8000/bbinfo/classlist/TMSM101 rsp= <Response [200]>
getNewStudentsInSubject: ITS 69, BB 2 -> 69 new enrollments
getWS: requesting:  http://10.0.100.98:8000/itsenrol/classlist/2018/22/HMRM101 rsp= <Response [200]>
getWS: requesting:  http://10.0.100.98:8000/bbinfo/classlist/HMRM101 rsp= <Response [200]>
getNewStudentsInSubject: ITS 260, BB 1 -> 260 new enrollments
getWS: requesting:  http://10.0.100.98:8000/itsenrol/classlist/2018/22/ORMN321 rsp= <Response [200]>
getWS: requesting:  http://10.0.100.98:8000/bbinfo/classlist/ORMN321 rsp= <Response [200]>
getNewStudentsInSubject: ITS 134, BB 3 -> 132 new enrollments
main: Writing students...
main: Writing enrollments...
main: Finished processing workingSheets/data/BBC3304HumanResourceManagement2017.xls
main: 3 subjects processed
main: 6 subject -> classroom maps
main: 461 students
main: 461 student enrollments 0 errors
0.21user 0.12system 0:01.79elapsed 19%CPU (0avgtext+0avgdata 60224maxresident)k
56inputs+160outputs (0major+7252minor)pagefaults 0swaps
POSTING SNAPSHOTS to SIS endpoint
TEST RUN, NOT POSTING BBSTUDENTS
TEST RUN, NOT POSTIN BBENROL
copy snapshot files to saved output
=== department done ===
syncing logs...
Pushing logs from logs/20180723111852 to remote...
sending incremental file list
./
BBC3304HumanResourceManagement2017.BBENROL.txt
BBC3304HumanResourceManagement2017.BBSTUDENTS.txt
BBC3304HumanResourceManagement2017.Enrolomat.txt
BBC3304HumanResourceManagement2017.Postlog.txt

sent 127426 bytes  received 91 bytes  8794.28 bytes/sec
total size is 3401660  speedup is 26.68
logging to logs/20180723111852
=== generate newenrollments for BBC3306AppliedLaw2017. ===
GENERATE SNAPSHOTS...
./BBCIncrementalEnrollerX2.py : generating enrolment files for subjects in  workingSheets/data/BBC3306AppliedLaw2017.xls
processXLS: start spreadsheet workingSheets/data/BBC3306AppliedLaw2017.xls
[u'2018 Blackboard Classrooms for Department: 3306 - APPLIED LAW', u'', u'', u'', u'', u'', u'', u'', u'', u'', u'', u'', u'']
check '2018 Blackboard Classrooms for Department: 3306 - APPLIED LAW' ''
[u'', u'', u'', u'', u'', u'', u'', u'', u'', u'', u'', u'', u'']
check '' ''
[u'BB Classroom', u'Migrate Classroom', u'ITS Subject', u'', u'ITS Qualification', u'', u'Block', u'', u'Off Type', u'', u'Grp', u'Lecturer(s)', u'2016 Enrol']
check 'BB Classroom' 'ITS Subject'
[u'ALPR101_SEM2_2018', u'ALPR101_SEM2_2017', u'ALPR101', u'ACADEMIC LITERACY AND PRACTICE', u'DIMBL1', u'DIP IN MANAGEMENT SCIENCES (BUS LAW)', u'22', u'SEMESTER 2', u'D1', u'Durban Campus Full-time', u'A', u'40000256:REDDY K', 61.0]
check 'ALPR101_SEM2_2018' 'ALPR101'
adding  ALPR101
requesting:  http://10.0.100.98:8000/bbinfo/matching_courses/ALPR101%25
r= <Response [200]>
matching classes= set([u'ALPR101_SEM2_2018', u'ALPR101_SEM2_2017'])
[u'', u'', u'', u'', u'', u'', u'', u'', u'', u'', u'', u'', u'']
check '' ''
[u'CLAC101_SEM2_2018', u'CLAC101_SEM2_2017', u'CLAC101', u'COMMERCIAL LAW FOR ACCOUNTANTS I', u'NDACC3', u'ND: ACCOUNTING', u'22', u'SEMESTER 2', u'D1', u'Durban Campus Full-time', u'A', u'40002890:GOVENDER', 195.0]
check 'CLAC101_SEM2_2018' 'CLAC101'
adding  CLAC101
requesting:  http://10.0.100.98:8000/bbinfo/matching_courses/CLAC101%25
r= <Response [200]>
matching classes= set([u'CLAC101_SEM2_2016', u'CLAC101_14_GOVV', u'CLAC101_SEM2_2017', u'CLAC101_15_I', u'CLAC101_15', u'CLAC101_15_E', u'CLAC101_15_D', u'CLAC101_15_G', u'CLAC101_15_F', u'CLAC101_15_A', u'CLAC101_SEM2_2018', u'CLAC101_15_C', u'CLAC101_15_B', u'CLAC101_13_GOVV', u'CLAC101_15_H', u'CLAC101_13_SAMS', u'CLAC101_15_J'])
[u'CLAC101_SEM2_2018', u'CLAC101_SEM2_2017', u'CLAC101', u'COMMERCIAL LAW FOR ACCOUNTANTS I', u'NDACC3', u'ND: ACCOUNTING', u'22', u'SEMESTER 2', u'D3', u'Durban Campus Part-time', u'A', u'40002890:GOVENDER', 24.0]
check 'CLAC101_SEM2_2018' 'CLAC101'
adding  CLAC101
requesting:  http://10.0.100.98:8000/bbinfo/matching_courses/CLAC101%25
r= <Response [200]>
matching classes= set([u'CLAC101_SEM2_2016', u'CLAC101_14_GOVV', u'CLAC101_SEM2_2017', u'CLAC101_15_I', u'CLAC101_15', u'CLAC101_15_E', u'CLAC101_15_D', u'CLAC101_15_G', u'CLAC101_15_F', u'CLAC101_15_A', u'CLAC101_SEM2_2018', u'CLAC101_15_C', u'CLAC101_15_B', u'CLAC101_13_GOVV', u'CLAC101_15_H', u'CLAC101_13_SAMS', u'CLAC101_15_J'])
[u'CLAC101_SEM2_2018', u'CLAC101_SEM2_2017', u'CLAC101', u'COMMERCIAL LAW FOR ACCOUNTANTS I', u'NDACF1', u'ND: ACCOUNTING (4 YEARS)', u'22', u'SEMESTER 2', u'D1', u'Durban Campus Full-time', u'A', u'40002890:GOVENDER', 62.0]
check 'CLAC101_SEM2_2018' 'CLAC101'
adding  CLAC101
requesting:  http://10.0.100.98:8000/bbinfo/matching_courses/CLAC101%25
r= <Response [200]>
matching classes= set([u'CLAC101_SEM2_2016', u'CLAC101_14_GOVV', u'CLAC101_SEM2_2017', u'CLAC101_15_I', u'CLAC101_15', u'CLAC101_15_E', u'CLAC101_15_D', u'CLAC101_15_G', u'CLAC101_15_F', u'CLAC101_15_A', u'CLAC101_SEM2_2018', u'CLAC101_15_C', u'CLAC101_15_B', u'CLAC101_13_GOVV', u'CLAC101_15_H', u'CLAC101_13_SAMS', u'CLAC101_15_J'])
[u'CLAC101_SEM2_2018', u'CLAC101_SEM2_2017', u'CLAC101', u'COMMERCIAL LAW FOR ACCOUNTANTS I', u'NDCAF2', u'ND: COST & MANAGEMENT ACCT (4 YEARS)', u'22', u'SEMESTER 2', u'D1', u'Durban Campus Full-time', u'A', u'40002890:GOVENDER', 24.0]
check 'CLAC101_SEM2_2018' 'CLAC101'
adding  CLAC101
requesting:  http://10.0.100.98:8000/bbinfo/matching_courses/CLAC101%25
r= <Response [200]>
matching classes= set([u'CLAC101_SEM2_2016', u'CLAC101_14_GOVV', u'CLAC101_SEM2_2017', u'CLAC101_15_I', u'CLAC101_15', u'CLAC101_15_E', u'CLAC101_15_D', u'CLAC101_15_G', u'CLAC101_15_F', u'CLAC101_15_A', u'CLAC101_SEM2_2018', u'CLAC101_15_C', u'CLAC101_15_B', u'CLAC101_13_GOVV', u'CLAC101_15_H', u'CLAC101_13_SAMS', u'CLAC101_15_J'])
[u'CLAC101_SEM2_2018', u'CLAC101_SEM2_2017', u'CLAC101', u'COMMERCIAL LAW FOR ACCOUNTANTS I', u'NDCMA3', u'ND: COST AND MANAGEMENT ACCOUNTING', u'22', u'SEMESTER 2', u'D1', u'Durban Campus Full-time', u'A', u'40002890:GOVENDER', 175.0]
check 'CLAC101_SEM2_2018' 'CLAC101'
adding  CLAC101
requesting:  http://10.0.100.98:8000/bbinfo/matching_courses/CLAC101%25
r= <Response [200]>
matching classes= set([u'CLAC101_SEM2_2016', u'CLAC101_14_GOVV', u'CLAC101_SEM2_2017', u'CLAC101_15_I', u'CLAC101_15', u'CLAC101_15_E', u'CLAC101_15_D', u'CLAC101_15_G', u'CLAC101_15_F', u'CLAC101_15_A', u'CLAC101_SEM2_2018', u'CLAC101_15_C', u'CLAC101_15_B', u'CLAC101_13_GOVV', u'CLAC101_15_H', u'CLAC101_13_SAMS', u'CLAC101_15_J'])
[u'CLAC101_SEM2_2018', u'CLAC101_SEM2_2017', u'CLAC101', u'COMMERCIAL LAW FOR ACCOUNTANTS I', u'NDCMA3', u'ND: COST AND MANAGEMENT ACCOUNTING', u'22', u'SEMESTER 2', u'D3', u'Durban Campus Part-time', u'A', u'40002890:GOVENDER', 1.0]
check 'CLAC101_SEM2_2018' 'CLAC101'
adding  CLAC101
requesting:  http://10.0.100.98:8000/bbinfo/matching_courses/CLAC101%25
r= <Response [200]>
matching classes= set([u'CLAC101_SEM2_2016', u'CLAC101_14_GOVV', u'CLAC101_SEM2_2017', u'CLAC101_15_I', u'CLAC101_15', u'CLAC101_15_E', u'CLAC101_15_D', u'CLAC101_15_G', u'CLAC101_15_F', u'CLAC101_15_A', u'CLAC101_SEM2_2018', u'CLAC101_15_C', u'CLAC101_15_B', u'CLAC101_13_GOVV', u'CLAC101_15_H', u'CLAC101_13_SAMS', u'CLAC101_15_J'])
[u'CLAC101_SEM2_2018', u'CLAC101_SEM2_2017', u'CLAC101', u'COMMERCIAL LAW FOR ACCOUNTANTS I', u'NDFIS2', u'ND: FINANCIAL INFORMATION SYSTEMS', u'22', u'SEMESTER 2', u'D1', u'Durban Campus Full-time', u'A', u'40002890:GOVENDER', 6.0]
check 'CLAC101_SEM2_2018' 'CLAC101'
adding  CLAC101
requesting:  http://10.0.100.98:8000/bbinfo/matching_courses/CLAC101%25
r= <Response [200]>
matching classes= set([u'CLAC101_SEM2_2016', u'CLAC101_14_GOVV', u'CLAC101_SEM2_2017', u'CLAC101_15_I', u'CLAC101_15', u'CLAC101_15_E', u'CLAC101_15_D', u'CLAC101_15_G', u'CLAC101_15_F', u'CLAC101_15_A', u'CLAC101_SEM2_2018', u'CLAC101_15_C', u'CLAC101_15_B', u'CLAC101_13_GOVV', u'CLAC101_15_H', u'CLAC101_13_SAMS', u'CLAC101_15_J'])
[u'CLAC101_SEM2_2018', u'CLAC101_SEM2_2017', u'CLAC101', u'COMMERCIAL LAW FOR ACCOUNTANTS I', u'NDIAF1', u'ND: INTERNAL AUDITING (4 YEARS)', u'22', u'SEMESTER 2', u'D1', u'Durban Campus Full-time', u'A', u'40002890:GOVENDER', 17.0]
check 'CLAC101_SEM2_2018' 'CLAC101'
adding  CLAC101
requesting:  http://10.0.100.98:8000/bbinfo/matching_courses/CLAC101%25
r= <Response [200]>
matching classes= set([u'CLAC101_SEM2_2016', u'CLAC101_14_GOVV', u'CLAC101_SEM2_2017', u'CLAC101_15_I', u'CLAC101_15', u'CLAC101_15_E', u'CLAC101_15_D', u'CLAC101_15_G', u'CLAC101_15_F', u'CLAC101_15_A', u'CLAC101_SEM2_2018', u'CLAC101_15_C', u'CLAC101_15_B', u'CLAC101_13_GOVV', u'CLAC101_15_H', u'CLAC101_13_SAMS', u'CLAC101_15_J'])
[u'CLAC101_SEM2_2018', u'CLAC101_SEM2_2017', u'CLAC101', u'COMMERCIAL LAW FOR ACCOUNTANTS I', u'NDIAU3', u'ND: INTERNAL AUDITING', u'22', u'SEMESTER 2', u'D1', u'Durban Campus Full-time', u'A', u'40002890:GOVENDER', 95.0]
check 'CLAC101_SEM2_2018' 'CLAC101'
adding  CLAC101
requesting:  http://10.0.100.98:8000/bbinfo/matching_courses/CLAC101%25
r= <Response [200]>
matching classes= set([u'CLAC101_SEM2_2016', u'CLAC101_14_GOVV', u'CLAC101_SEM2_2017', u'CLAC101_15_I', u'CLAC101_15', u'CLAC101_15_E', u'CLAC101_15_D', u'CLAC101_15_G', u'CLAC101_15_F', u'CLAC101_15_A', u'CLAC101_SEM2_2018', u'CLAC101_15_C', u'CLAC101_15_B', u'CLAC101_13_GOVV', u'CLAC101_15_H', u'CLAC101_13_SAMS', u'CLAC101_15_J'])
[u'CLAC101_SEM2_2018', u'CLAC101_SEM2_2017', u'CLAC101', u'COMMERCIAL LAW FOR ACCOUNTANTS I', u'NDTAX3', u'ND: TAXATION', u'22', u'SEMESTER 2', u'D1', u'Durban Campus Full-time', u'A', u'40002890:GOVENDER', 82.0]
check 'CLAC101_SEM2_2018' 'CLAC101'
adding  CLAC101
requesting:  http://10.0.100.98:8000/bbinfo/matching_courses/CLAC101%25
r= <Response [200]>
matching classes= set([u'CLAC101_SEM2_2016', u'CLAC101_14_GOVV', u'CLAC101_SEM2_2017', u'CLAC101_15_I', u'CLAC101_15', u'CLAC101_15_E', u'CLAC101_15_D', u'CLAC101_15_G', u'CLAC101_15_F', u'CLAC101_15_A', u'CLAC101_SEM2_2018', u'CLAC101_15_C', u'CLAC101_15_B', u'CLAC101_13_GOVV', u'CLAC101_15_H', u'CLAC101_13_SAMS', u'CLAC101_15_J'])
[u'CLAC101_SEM2_2018', u'CLAC101_SEM2_2017', u'CLAC101', u'COMMERCIAL LAW FOR ACCOUNTANTS I', u'NDTXF1', u'ND: TAXATION (4YEARS)', u'22', u'SEMESTER 2', u'D1', u'Durban Campus Full-time', u'A', u'40002890:GOVENDER', 25.0]
check 'CLAC101_SEM2_2018' 'CLAC101'
adding  CLAC101
requesting:  http://10.0.100.98:8000/bbinfo/matching_courses/CLAC101%25
r= <Response [200]>
matching classes= set([u'CLAC101_SEM2_2016', u'CLAC101_14_GOVV', u'CLAC101_SEM2_2017', u'CLAC101_15_I', u'CLAC101_15', u'CLAC101_15_E', u'CLAC101_15_D', u'CLAC101_15_G', u'CLAC101_15_F', u'CLAC101_15_A', u'CLAC101_SEM2_2018', u'CLAC101_15_C', u'CLAC101_15_B', u'CLAC101_13_GOVV', u'CLAC101_15_H', u'CLAC101_13_SAMS', u'CLAC101_15_J'])
[u'', u'', u'', u'', u'', u'', u'', u'', u'', u'', u'', u'', u'']
check '' ''
[u'CMRL111_SEM1_2018', u'CMRL111_SEM1_2017', u'CMRL111', u'COMMERCIAL LAW (MODULE 1)', u'NDMTS1', u'ND: MARITIME STUDIES', u'21', u'SEMESTER 1', u'D1', u'Durban Campus Full-time', u'A', u'40002546:VALJEE;40000256:REDDY', 4.0]
check 'CMRL111_SEM1_2018' 'CMRL111'
processXLS: only for SEM2 [u'CMRL111_SEM1_2018', u'CMRL111_SEM1_2017', u'CMRL111', u'COMMERCIAL LAW (MODULE 1)', u'NDMTS1', u'ND: MARITIME STUDIES', u'21', u'SEMESTER 1', u'D1', u'Durban Campus Full-time', u'A', u'40002546:VALJEE;40000256:REDDY', 4.0]
[u'', u'', u'', u'', u'', u'', u'', u'', u'', u'', u'', u'', u'']
check '' ''
[u'CMRL121_SEM2_2018', u'CMRL121_SEM2_2017', u'CMRL121', u'COMMERCIAL LAW (MODULE 2)', u'NDMTS1', u'ND: MARITIME STUDIES', u'22', u'SEMESTER 2', u'D1', u'Durban Campus Full-time', u'A', u'40002546:VALJEE;40000256:REDDY', 3.0]
check 'CMRL121_SEM2_2018' 'CMRL121'
adding  CMRL121
requesting:  http://10.0.100.98:8000/bbinfo/matching_courses/CMRL121%25
r= <Response [200]>
matching classes= set([u'CMRL121_13_VALK', u'CMRL121_SEM2_2018', u'CMRL121_SEM2_2017', u'CMRL121_SEM2_2016'])
[u'', u'', u'', u'', u'', u'', u'', u'', u'', u'', u'', u'', u'']
check '' ''
[u'IBLW101_SEM1_2018', u'IBLW101_SEM1_2017', u'IBLW101', u'INTRODUCTION TO BUSINESS LAW', u'DIMBL1', u'DIP IN MANAGEMENT SCIENCES (BUS LAW)', u'21', u'SEMESTER 1', u'D1', u'Durban Campus Full-time', u'A', u'40004719:RAMLUTCHMAN;40011185:Meintjes;40008000:NGUBANE;50001628:PETE;40003516:PILLAY;40005048:GOVENDER;40000262:MAHARAJ;40000524:SIBISI;40009115:NGO HENHA EPSE EYONO;40003107:VEERASAMY;50028298:VON STADEN', 76.0]
check 'IBLW101_SEM1_2018' 'IBLW101'
processXLS: only for SEM2 [u'IBLW101_SEM1_2018', u'IBLW101_SEM1_2017', u'IBLW101', u'INTRODUCTION TO BUSINESS LAW', u'DIMBL1', u'DIP IN MANAGEMENT SCIENCES (BUS LAW)', u'21', u'SEMESTER 1', u'D1', u'Durban Campus Full-time', u'A', u'40004719:RAMLUTCHMAN;40011185:Meintjes;40008000:NGUBANE;50001628:PETE;40003516:PILLAY;40005048:GOVENDER;40000262:MAHARAJ;40000524:SIBISI;40009115:NGO HENHA EPSE EYONO;40003107:VEERASAMY;50028298:VON STADEN', 76.0]
[u'IBLW101_SEM1_2018', u'IBLW101_SEM1_2017', u'IBLW101', u'INTRODUCTION TO BUSINESS LAW', u'DIMBS1', u'DIP IN MANAGEMENT SCIENCES (BUS ADMIN)', u'21', u'SEMESTER 1', u'D1', u'Durban Campus Full-time', u'A', u'40004719:RAMLUTCHMAN;40011185:Meintjes;40008000:NGUBANE;50001628:PETE;40003516:PILLAY;40005048:GOVENDER;40000262:MAHARAJ;40000524:SIBISI;40009115:NGO HENHA EPSE EYONO;40003107:VEERASAMY;50028298:VON STADEN', 161.0]
check 'IBLW101_SEM1_2018' 'IBLW101'
processXLS: only for SEM2 [u'IBLW101_SEM1_2018', u'IBLW101_SEM1_2017', u'IBLW101', u'INTRODUCTION TO BUSINESS LAW', u'DIMBS1', u'DIP IN MANAGEMENT SCIENCES (BUS ADMIN)', u'21', u'SEMESTER 1', u'D1', u'Durban Campus Full-time', u'A', u'40004719:RAMLUTCHMAN;40011185:Meintjes;40008000:NGUBANE;50001628:PETE;40003516:PILLAY;40005048:GOVENDER;40000262:MAHARAJ;40000524:SIBISI;40009115:NGO HENHA EPSE EYONO;40003107:VEERASAMY;50028298:VON STADEN', 161.0]
[u'IBLW101_SEM1_2018', u'IBLW101_SEM1_2017', u'IBLW101', u'INTRODUCTION TO BUSINESS LAW', u'DIMPR1', u'DIP IN MANAGEMENT SCIENCES (PR & COMM MN', u'21', u'SEMESTER 1', u'D1', u'Durban Campus Full-time', u'A', u'40004719:RAMLUTCHMAN;40011185:Meintjes;40008000:NGUBANE;50001628:PETE;40003516:PILLAY;40005048:GOVENDER;40000262:MAHARAJ;40000524:SIBISI;40009115:NGO HENHA EPSE EYONO;40003107:VEERASAMY;50028298:VON STADEN', 102.0]
check 'IBLW101_SEM1_2018' 'IBLW101'
processXLS: only for SEM2 [u'IBLW101_SEM1_2018', u'IBLW101_SEM1_2017', u'IBLW101', u'INTRODUCTION TO BUSINESS LAW', u'DIMPR1', u'DIP IN MANAGEMENT SCIENCES (PR & COMM MN', u'21', u'SEMESTER 1', u'D1', u'Durban Campus Full-time', u'A', u'40004719:RAMLUTCHMAN;40011185:Meintjes;40008000:NGUBANE;50001628:PETE;40003516:PILLAY;40005048:GOVENDER;40000262:MAHARAJ;40000524:SIBISI;40009115:NGO HENHA EPSE EYONO;40003107:VEERASAMY;50028298:VON STADEN', 102.0]
[u'', u'', u'', u'', u'', u'', u'', u'', u'', u'', u'', u'', u'']
check '' ''
[u'IBLW101_SEM2_2018', u'IBLW101_SEM2_2017', u'IBLW101', u'INTRODUCTION TO BUSINESS LAW', u'DIMBS1', u'DIP IN MANAGEMENT SCIENCES (BUS ADMIN)', u'22', u'SEMESTER 2', u'D1', u'Durban Campus Full-time', u'A', u'40004719:RAMLUTCHMAN;40011185:Meintjes;40008000:NGUBANE;50001628:PETE;40003516:PILLAY;40005048:GOVENDER;40000262:MAHARAJ;40000524:SIBISI;40009115:NGO HENHA EPSE EYONO;40003107:VEERASAMY;50028298:VON STADEN', 1.0]
check 'IBLW101_SEM2_2018' 'IBLW101'
adding  IBLW101
requesting:  http://10.0.100.98:8000/bbinfo/matching_courses/IBLW101%25
r= <Response [200]>
matching classes= set([u'IBLW101_SEM2_2017', u'IBLW101_ALL_2016', u'IBLW101_SEM2_2018', u'IBLW101_SEM1_2018', u'IBLW101_SEM1_2017'])
[u'', u'', u'', u'', u'', u'', u'', u'', u'', u'', u'', u'', u'']
check '' ''
[u'ITBS101_SEM1_2018', u'ITBS101_SEM1_2017', u'ITBS101', u'INTRODUCTION TO BUSINESS', u'DIMBL1', u'DIP IN MANAGEMENT SCIENCES (BUS LAW)', u'21', u'SEMESTER 1', u'D1', u'Durban Campus Full-time', u'A', u'40000263:OJAGEER', 76.0]
check 'ITBS101_SEM1_2018' 'ITBS101'
processXLS: only for SEM2 [u'ITBS101_SEM1_2018', u'ITBS101_SEM1_2017', u'ITBS101', u'INTRODUCTION TO BUSINESS', u'DIMBL1', u'DIP IN MANAGEMENT SCIENCES (BUS LAW)', u'21', u'SEMESTER 1', u'D1', u'Durban Campus Full-time', u'A', u'40000263:OJAGEER', 76.0]
[u'', u'', u'', u'', u'', u'', u'', u'', u'', u'', u'', u'', u'']
check '' ''
[u'ITLW101_SEM2_2018', u'ITLW101_SEM2_2017', u'ITLW101', u'INTERNATIONAL LAW I', u'BTIAU2', u'BT: INTERNAL AUDITING', u'22', u'SEMESTER 2', u'D1', u'Durban Campus Full-time', u'A', u'40000256:REDDY', 44.0]
check 'ITLW101_SEM2_2018' 'ITLW101'
adding  ITLW101
requesting:  http://10.0.100.98:8000/bbinfo/matching_courses/ITLW101%25
r= <Response [200]>
matching classes= set([u'ITLW101_SEM2_2017', u'ITLW101_SEM2_2016', u'ITLW101_14_REDK', u'ITLW101_13_REDK', u'ITLW101_SEM2_2018'])
[u'', u'', u'', u'', u'', u'', u'', u'', u'', u'', u'', u'', u'']
check '' ''
[u'ITSK121_SEM2_2018', u'ITSK121_SEM2_2017', u'ITSK121', u'INFORMATION TECH SKILLS I (MODULE 2)', u'NDINB1', u'ND: INFORMATION TECHNOLOGY (BUS APP)', u'22', u'SEMESTER 2', u'D1', u'Durban Campus Full-time', u'A', u'40003516:PILLAY;40008271:ZONDO', 36.0]
check 'ITSK121_SEM2_2018' 'ITSK121'
adding  ITSK121
requesting:  http://10.0.100.98:8000/bbinfo/matching_courses/ITSK121%25
r= <Response [200]>
matching classes= set([u'ITSK121_SEM2_2016', u'ITSK121_SEM2_2017', u'ITSK121_SEM2_2018', u'ITSK121_13_PILS'])
[u'ITSK121_SEM2_2018', u'ITSK121_SEM2_2017', u'ITSK121', u'INFORMATION TECH SKILLS I (MODULE 2)', u'NDINS1', u'ND: INFORMATION TECHNOLOGY (S/WARE DEV)', u'22', u'SEMESTER 2', u'D1', u'Durban Campus Full-time', u'A', u'40003516:PILLAY;40008271:ZONDO', 194.0]
check 'ITSK121_SEM2_2018' 'ITSK121'
adding  ITSK121
requesting:  http://10.0.100.98:8000/bbinfo/matching_courses/ITSK121%25
r= <Response [200]>
matching classes= set([u'ITSK121_SEM2_2016', u'ITSK121_SEM2_2017', u'ITSK121_SEM2_2018', u'ITSK121_13_PILS'])
[u'ITSK121_SEM2_2018', u'ITSK121_SEM2_2017', u'ITSK121', u'INFORMATION TECH SKILLS I (MODULE 2)', u'NDINS1', u'ND: INFORMATION TECHNOLOGY (S/WARE DEV)', u'22', u'SEMESTER 2', u'D3', u'Durban Campus Part-time', u'A', u'40003516:PILLAY;40008271:ZONDO', 9.0]
check 'ITSK121_SEM2_2018' 'ITSK121'
adding  ITSK121
requesting:  http://10.0.100.98:8000/bbinfo/matching_courses/ITSK121%25
r= <Response [200]>
matching classes= set([u'ITSK121_SEM2_2016', u'ITSK121_SEM2_2017', u'ITSK121_SEM2_2018', u'ITSK121_13_PILS'])
[u'ITSK121_SEM2_2018', u'ITSK121_SEM2_2017', u'ITSK121', u'INFORMATION TECH SKILLS I (MODULE 2)', u'NDISF1', u'ND: INFORMATION TECH (S/WARE DEV)(4 YRS)', u'22', u'SEMESTER 2', u'D1', u'Durban Campus Full-time', u'A', u'40003516:PILLAY;40008271:ZONDO', 38.0]
check 'ITSK121_SEM2_2018' 'ITSK121'
adding  ITSK121
requesting:  http://10.0.100.98:8000/bbinfo/matching_courses/ITSK121%25
r= <Response [200]>
matching classes= set([u'ITSK121_SEM2_2016', u'ITSK121_SEM2_2017', u'ITSK121_SEM2_2018', u'ITSK121_13_PILS'])
[u'', u'', u'', u'', u'', u'', u'', u'', u'', u'', u'', u'', u'']
check '' ''
[u'LGPR101_SEM1_2018', u'LGPR101_SEM1_2017', u'LGPR101', u'LEGAL PRINCIPLES I', u'NDTRP2', u'ND: TOWN AND REGIONAL PLANNING', u'21', u'SEMESTER 1', u'D1', u'Durban Campus Full-time', u'A', u'40003516:PILLAY', 54.0]
check 'LGPR101_SEM1_2018' 'LGPR101'
processXLS: only for SEM2 [u'LGPR101_SEM1_2018', u'LGPR101_SEM1_2017', u'LGPR101', u'LEGAL PRINCIPLES I', u'NDTRP2', u'ND: TOWN AND REGIONAL PLANNING', u'21', u'SEMESTER 1', u'D1', u'Durban Campus Full-time', u'A', u'40003516:PILLAY', 54.0]
[u'', u'', u'', u'', u'', u'', u'', u'', u'', u'', u'', u'', u'']
check '' ''
[u'LIML101_YEAR_2018', u'LIML101_YEAR_2017', u'LIML101', u'LABOUR AND IMMATERIAL LAW', u'BTOMT1', u'BT: OFFICE MANAGEMENT AND TECHNOLOGY', u'11', u'YEAR', u'D1', u'Durban Campus Full-time', u'A', u'40007202:ANWANA', 61.0]
check 'LIML101_YEAR_2018' 'LIML101'
processXLS: only for SEM2 [u'LIML101_YEAR_2018', u'LIML101_YEAR_2017', u'LIML101', u'LABOUR AND IMMATERIAL LAW', u'BTOMT1', u'BT: OFFICE MANAGEMENT AND TECHNOLOGY', u'11', u'YEAR', u'D1', u'Durban Campus Full-time', u'A', u'40007202:ANWANA', 61.0]
[u'LIML101_YEAR_2018', u'LIML101_YEAR_2017', u'LIML101', u'LABOUR AND IMMATERIAL LAW', u'BTOMT1', u'BT: OFFICE MANAGEMENT AND TECHNOLOGY', u'11', u'YEAR', u'D3', u'Durban Campus Part-time', u'A', u'40007202:ANWANA', 13.0]
check 'LIML101_YEAR_2018' 'LIML101'
processXLS: only for SEM2 [u'LIML101_YEAR_2018', u'LIML101_YEAR_2017', u'LIML101', u'LABOUR AND IMMATERIAL LAW', u'BTOMT1', u'BT: OFFICE MANAGEMENT AND TECHNOLOGY', u'11', u'YEAR', u'D3', u'Durban Campus Part-time', u'A', u'40007202:ANWANA', 13.0]
[u'', u'', u'', u'', u'', u'', u'', u'', u'', u'', u'', u'', u'']
check '' ''
[u'LLAW101_YEAR_2018', u'LLAW101_YEAR_2017', u'LLAW101', u'LABOUR LAW', u'NDHRM1', u'ND: HUMAN RESOURCES MANAGEMENT', u'11', u'YEAR', u'D1', u'Durban Campus Full-time', u'A', u'50031435:WOMACK', 176.0]
check 'LLAW101_YEAR_2018' 'LLAW101'
processXLS: only for SEM2 [u'LLAW101_YEAR_2018', u'LLAW101_YEAR_2017', u'LLAW101', u'LABOUR LAW', u'NDHRM1', u'ND: HUMAN RESOURCES MANAGEMENT', u'11', u'YEAR', u'D1', u'Durban Campus Full-time', u'A', u'50031435:WOMACK', 176.0]
[u'LLAW101_YEAR_2018', u'LLAW101_YEAR_2017', u'LLAW101', u'LABOUR LAW', u'NDHRM1', u'ND: HUMAN RESOURCES MANAGEMENT', u'11', u'YEAR', u'D3', u'Durban Campus Part-time', u'A', u'50031435:WOMACK', 61.0]
check 'LLAW101_YEAR_2018' 'LLAW101'
processXLS: only for SEM2 [u'LLAW101_YEAR_2018', u'LLAW101_YEAR_2017', u'LLAW101', u'LABOUR LAW', u'NDHRM1', u'ND: HUMAN RESOURCES MANAGEMENT', u'11', u'YEAR', u'D3', u'Durban Campus Part-time', u'A', u'50031435:WOMACK', 61.0]
[u'LLAW101_YEAR_2018', u'LLAW101_YEAR_2017', u'LLAW101', u'LABOUR LAW', u'NODIP6', u'NON-DIPLOMA PURPOSE (MAN SC)', u'11', u'YEAR', u'D7', u'DBN FULL-TIME NON-SUBSIDISED', u'8', u'50031435:WOMACK', 19.0]
check 'LLAW101_YEAR_2018' 'LLAW101'
processXLS: only for SEM2 [u'LLAW101_YEAR_2018', u'LLAW101_YEAR_2017', u'LLAW101', u'LABOUR LAW', u'NODIP6', u'NON-DIPLOMA PURPOSE (MAN SC)', u'11', u'YEAR', u'D7', u'DBN FULL-TIME NON-SUBSIDISED', u'8', u'50031435:WOMACK', 19.0]
[u'', u'', u'', u'', u'', u'', u'', u'', u'', u'', u'', u'', u'']
check '' ''
[u'LMKT101_YEAR_2018', u'LMKT101_YEAR_2017', u'LMKT101', u'LAW FOR MARKETERS I', u'NDMKT1', u'ND: MARKETING', u'11', u'YEAR', u'D1', u'Durban Campus Full-time', u'A', u'50028298:VON STADEN', 150.0]
check 'LMKT101_YEAR_2018' 'LMKT101'
processXLS: only for SEM2 [u'LMKT101_YEAR_2018', u'LMKT101_YEAR_2017', u'LMKT101', u'LAW FOR MARKETERS I', u'NDMKT1', u'ND: MARKETING', u'11', u'YEAR', u'D1', u'Durban Campus Full-time', u'A', u'50028298:VON STADEN', 150.0]
[u'', u'', u'', u'', u'', u'', u'', u'', u'', u'', u'', u'', u'']
check '' ''
[u'LPRC102_YEAR_2018', u'LPRC102_YEAR_2017', u'LPRC102', u'LEGAL PRACTICE I', u'NDOMF1', u'ND: OFFICE MANAGEMENT & TECH (4 YEARS)', u'11', u'YEAR', u'D1', u'Durban Campus Full-time', u'A', u'50031435:WOMACK', 20.0]
check 'LPRC102_YEAR_2018' 'LPRC102'
processXLS: only for SEM2 [u'LPRC102_YEAR_2018', u'LPRC102_YEAR_2017', u'LPRC102', u'LEGAL PRACTICE I', u'NDOMF1', u'ND: OFFICE MANAGEMENT & TECH (4 YEARS)', u'11', u'YEAR', u'D1', u'Durban Campus Full-time', u'A', u'50031435:WOMACK', 20.0]
[u'LPRC102_YEAR_2018', u'LPRC102_YEAR_2017', u'LPRC102', u'LEGAL PRACTICE I', u'NDOMT2', u'ND: OFFICE MANAGEMENT AND TECHNOLOGY', u'11', u'YEAR', u'D1', u'Durban Campus Full-time', u'A', u'50031435:WOMACK', 230.0]
check 'LPRC102_YEAR_2018' 'LPRC102'
processXLS: only for SEM2 [u'LPRC102_YEAR_2018', u'LPRC102_YEAR_2017', u'LPRC102', u'LEGAL PRACTICE I', u'NDOMT2', u'ND: OFFICE MANAGEMENT AND TECHNOLOGY', u'11', u'YEAR', u'D1', u'Durban Campus Full-time', u'A', u'50031435:WOMACK', 230.0]
[u'', u'', u'', u'', u'', u'', u'', u'', u'', u'', u'', u'', u'']
check '' ''
[u'LPRE102_YEAR_2018', u'LPRE102_YEAR_2017', u'LPRE102', u'LAW:PUBLIC RELATIONS I', u'NDPRM2', u'ND: PUBLIC RELATIONS MANAGEMENT', u'11', u'YEAR', u'D1', u'Durban Campus Full-time', u'A', u'40000256:REDDY', 88.0]
check 'LPRE102_YEAR_2018' 'LPRE102'
processXLS: only for SEM2 [u'LPRE102_YEAR_2018', u'LPRE102_YEAR_2017', u'LPRE102', u'LAW:PUBLIC RELATIONS I', u'NDPRM2', u'ND: PUBLIC RELATIONS MANAGEMENT', u'11', u'YEAR', u'D1', u'Durban Campus Full-time', u'A', u'40000256:REDDY', 88.0]
[u'', u'', u'', u'', u'', u'', u'', u'', u'', u'', u'', u'', u'']
check '' ''
[u'LPRN101_SEM1_2018', u'LPRN101_SEM1_2017', u'LPRN101', u'LEGAL PRINCIPLES I', u'NDSUR2', u'ND: SURVEYING', u'21', u'SEMESTER 1', u'D1', u'Durban Campus Full-time', u'A', u'40003516:PILLAY', 23.0]
check 'LPRN101_SEM1_2018' 'LPRN101'
processXLS: only for SEM2 [u'LPRN101_SEM1_2018', u'LPRN101_SEM1_2017', u'LPRN101', u'LEGAL PRINCIPLES I', u'NDSUR2', u'ND: SURVEYING', u'21', u'SEMESTER 1', u'D1', u'Durban Campus Full-time', u'A', u'40003516:PILLAY', 23.0]
[u'', u'', u'', u'', u'', u'', u'', u'', u'', u'', u'', u'', u'']
check '' ''
[u'MRCL101_YEAR_2018', u'MRCL101_YEAR_2017', u'MRCL101', u'MERCANTILE LAW I', u'NDMNG1', u'ND: MANAGEMENT', u'11', u'YEAR', u'D1', u'Durban Campus Full-time', u'A', u'50031435:WOMACK;50028298:VON STADEN', 77.0]
check 'MRCL101_YEAR_2018' 'MRCL101'
processXLS: only for SEM2 [u'MRCL101_YEAR_2018', u'MRCL101_YEAR_2017', u'MRCL101', u'MERCANTILE LAW I', u'NDMNG1', u'ND: MANAGEMENT', u'11', u'YEAR', u'D1', u'Durban Campus Full-time', u'A', u'50031435:WOMACK;50028298:VON STADEN', 77.0]
[u'MRCL101_YEAR_2018', u'MRCL101_YEAR_2017', u'MRCL101', u'MERCANTILE LAW I', u'NDOMT2', u'ND: OFFICE MANAGEMENT AND TECHNOLOGY', u'11', u'YEAR', u'D1', u'Durban Campus Full-time', u'A', u'50031435:WOMACK;50028298:VON STADEN', 35.0]
check 'MRCL101_YEAR_2018' 'MRCL101'
processXLS: only for SEM2 [u'MRCL101_YEAR_2018', u'MRCL101_YEAR_2017', u'MRCL101', u'MERCANTILE LAW I', u'NDOMT2', u'ND: OFFICE MANAGEMENT AND TECHNOLOGY', u'11', u'YEAR', u'D1', u'Durban Campus Full-time', u'A', u'50031435:WOMACK;50028298:VON STADEN', 35.0]
[u'MRCL101_YEAR_2018', u'MRCL101_YEAR_2017', u'MRCL101', u'MERCANTILE LAW I', u'NODIP6', u'NON-DIPLOMA PURPOSE (MAN SC)', u'11', u'YEAR', u'D7', u'DBN FULL-TIME NON-SUBSIDISED', u'A', u'50031435:WOMACK;50028298:VON STADEN', 6.0]
check 'MRCL101_YEAR_2018' 'MRCL101'
processXLS: only for SEM2 [u'MRCL101_YEAR_2018', u'MRCL101_YEAR_2017', u'MRCL101', u'MERCANTILE LAW I', u'NODIP6', u'NON-DIPLOMA PURPOSE (MAN SC)', u'11', u'YEAR', u'D7', u'DBN FULL-TIME NON-SUBSIDISED', u'A', u'50031435:WOMACK;50028298:VON STADEN', 6.0]
[u'', u'', u'', u'', u'', u'', u'', u'', u'', u'', u'', u'', u'']
check '' ''
[u'CLAC211_SEM1_2018', u'CLAC211_SEM1_2017', u'CLAC211', u'COMMERCIAL LAW FOR ACCOUNTANTS II (MOD 1)', u'NDACC3', u'ND: ACCOUNTING', u'21', u'SEMESTER 1', u'D1', u'Durban Campus Full-time', u'A', u'40007202:ANWANA', 191.0]
check 'CLAC211_SEM1_2018' 'CLAC211'
processXLS: only for SEM2 [u'CLAC211_SEM1_2018', u'CLAC211_SEM1_2017', u'CLAC211', u'COMMERCIAL LAW FOR ACCOUNTANTS II (MOD 1)', u'NDACC3', u'ND: ACCOUNTING', u'21', u'SEMESTER 1', u'D1', u'Durban Campus Full-time', u'A', u'40007202:ANWANA', 191.0]
[u'CLAC211_SEM1_2018', u'CLAC211_SEM1_2017', u'CLAC211', u'COMMERCIAL LAW FOR ACCOUNTANTS II (MOD 1)', u'NDACC3', u'ND: ACCOUNTING', u'21', u'SEMESTER 1', u'D3', u'Durban Campus Part-time', u'A', u'40007202:ANWANA', 17.0]
check 'CLAC211_SEM1_2018' 'CLAC211'
processXLS: only for SEM2 [u'CLAC211_SEM1_2018', u'CLAC211_SEM1_2017', u'CLAC211', u'COMMERCIAL LAW FOR ACCOUNTANTS II (MOD 1)', u'NDACC3', u'ND: ACCOUNTING', u'21', u'SEMESTER 1', u'D3', u'Durban Campus Part-time', u'A', u'40007202:ANWANA', 17.0]
[u'CLAC211_SEM1_2018', u'CLAC211_SEM1_2017', u'CLAC211', u'COMMERCIAL LAW FOR ACCOUNTANTS II (MOD 1)', u'NDACF1', u'ND: ACCOUNTING (4 YEARS)', u'21', u'SEMESTER 1', u'D1', u'Durban Campus Full-time', u'A', u'40007202:ANWANA', 29.0]
check 'CLAC211_SEM1_2018' 'CLAC211'
processXLS: only for SEM2 [u'CLAC211_SEM1_2018', u'CLAC211_SEM1_2017', u'CLAC211', u'COMMERCIAL LAW FOR ACCOUNTANTS II (MOD 1)', u'NDACF1', u'ND: ACCOUNTING (4 YEARS)', u'21', u'SEMESTER 1', u'D1', u'Durban Campus Full-time', u'A', u'40007202:ANWANA', 29.0]
[u'CLAC211_SEM1_2018', u'CLAC211_SEM1_2017', u'CLAC211', u'COMMERCIAL LAW FOR ACCOUNTANTS II (MOD 1)', u'NDCAF2', u'ND: COST & MANAGEMENT ACCT (4 YEARS)', u'21', u'SEMESTER 1', u'D1', u'Durban Campus Full-time', u'A', u'40007202:ANWANA', 22.0]
check 'CLAC211_SEM1_2018' 'CLAC211'
processXLS: only for SEM2 [u'CLAC211_SEM1_2018', u'CLAC211_SEM1_2017', u'CLAC211', u'COMMERCIAL LAW FOR ACCOUNTANTS II (MOD 1)', u'NDCAF2', u'ND: COST & MANAGEMENT ACCT (4 YEARS)', u'21', u'SEMESTER 1', u'D1', u'Durban Campus Full-time', u'A', u'40007202:ANWANA', 22.0]
[u'CLAC211_SEM1_2018', u'CLAC211_SEM1_2017', u'CLAC211', u'COMMERCIAL LAW FOR ACCOUNTANTS II (MOD 1)', u'NDCMA3', u'ND: COST AND MANAGEMENT ACCOUNTING', u'21', u'SEMESTER 1', u'D1', u'Durban Campus Full-time', u'A', u'40007202:ANWANA', 187.0]
check 'CLAC211_SEM1_2018' 'CLAC211'
processXLS: only for SEM2 [u'CLAC211_SEM1_2018', u'CLAC211_SEM1_2017', u'CLAC211', u'COMMERCIAL LAW FOR ACCOUNTANTS II (MOD 1)', u'NDCMA3', u'ND: COST AND MANAGEMENT ACCOUNTING', u'21', u'SEMESTER 1', u'D1', u'Durban Campus Full-time', u'A', u'40007202:ANWANA', 187.0]
[u'CLAC211_SEM1_2018', u'CLAC211_SEM1_2017', u'CLAC211', u'COMMERCIAL LAW FOR ACCOUNTANTS II (MOD 1)', u'NDCMA3', u'ND: COST AND MANAGEMENT ACCOUNTING', u'21', u'SEMESTER 1', u'D3', u'Durban Campus Part-time', u'A', u'40007202:ANWANA', 1.0]
check 'CLAC211_SEM1_2018' 'CLAC211'
processXLS: only for SEM2 [u'CLAC211_SEM1_2018', u'CLAC211_SEM1_2017', u'CLAC211', u'COMMERCIAL LAW FOR ACCOUNTANTS II (MOD 1)', u'NDCMA3', u'ND: COST AND MANAGEMENT ACCOUNTING', u'21', u'SEMESTER 1', u'D3', u'Durban Campus Part-time', u'A', u'40007202:ANWANA', 1.0]
[u'CLAC211_SEM1_2018', u'CLAC211_SEM1_2017', u'CLAC211', u'COMMERCIAL LAW FOR ACCOUNTANTS II (MOD 1)', u'NDIAF1', u'ND: INTERNAL AUDITING (4 YEARS)', u'21', u'SEMESTER 1', u'D1', u'Durban Campus Full-time', u'A', u'40007202:ANWANA', 20.0]
check 'CLAC211_SEM1_2018' 'CLAC211'
processXLS: only for SEM2 [u'CLAC211_SEM1_2018', u'CLAC211_SEM1_2017', u'CLAC211', u'COMMERCIAL LAW FOR ACCOUNTANTS II (MOD 1)', u'NDIAF1', u'ND: INTERNAL AUDITING (4 YEARS)', u'21', u'SEMESTER 1', u'D1', u'Durban Campus Full-time', u'A', u'40007202:ANWANA', 20.0]
[u'CLAC211_SEM1_2018', u'CLAC211_SEM1_2017', u'CLAC211', u'COMMERCIAL LAW FOR ACCOUNTANTS II (MOD 1)', u'NDIAU3', u'ND: INTERNAL AUDITING', u'21', u'SEMESTER 1', u'D1', u'Durban Campus Full-time', u'A', u'40007202:ANWANA', 67.0]
check 'CLAC211_SEM1_2018' 'CLAC211'
processXLS: only for SEM2 [u'CLAC211_SEM1_2018', u'CLAC211_SEM1_2017', u'CLAC211', u'COMMERCIAL LAW FOR ACCOUNTANTS II (MOD 1)', u'NDIAU3', u'ND: INTERNAL AUDITING', u'21', u'SEMESTER 1', u'D1', u'Durban Campus Full-time', u'A', u'40007202:ANWANA', 67.0]
[u'CLAC211_SEM1_2018', u'CLAC211_SEM1_2017', u'CLAC211', u'COMMERCIAL LAW FOR ACCOUNTANTS II (MOD 1)', u'NDTAX3', u'ND: TAXATION', u'21', u'SEMESTER 1', u'D1', u'Durban Campus Full-time', u'A', u'40007202:ANWANA', 59.0]
check 'CLAC211_SEM1_2018' 'CLAC211'
processXLS: only for SEM2 [u'CLAC211_SEM1_2018', u'CLAC211_SEM1_2017', u'CLAC211', u'COMMERCIAL LAW FOR ACCOUNTANTS II (MOD 1)', u'NDTAX3', u'ND: TAXATION', u'21', u'SEMESTER 1', u'D1', u'Durban Campus Full-time', u'A', u'40007202:ANWANA', 59.0]
[u'CLAC211_SEM1_2018', u'CLAC211_SEM1_2017', u'CLAC211', u'COMMERCIAL LAW FOR ACCOUNTANTS II (MOD 1)', u'NDTXF1', u'ND: TAXATION (4YEARS)', u'21', u'SEMESTER 1', u'D1', u'Durban Campus Full-time', u'A', u'40007202:ANWANA', 14.0]
check 'CLAC211_SEM1_2018' 'CLAC211'
processXLS: only for SEM2 [u'CLAC211_SEM1_2018', u'CLAC211_SEM1_2017', u'CLAC211', u'COMMERCIAL LAW FOR ACCOUNTANTS II (MOD 1)', u'NDTXF1', u'ND: TAXATION (4YEARS)', u'21', u'SEMESTER 1', u'D1', u'Durban Campus Full-time', u'A', u'40007202:ANWANA', 14.0]
[u'CLAC211_SEM1_2018', u'CLAC211_SEM1_2017', u'CLAC211', u'COMMERCIAL LAW FOR ACCOUNTANTS II (MOD 1)', u'NODIP1', u'NON-DIPLOMA PURPOSE (ACCT & INFO)', u'21', u'SEMESTER 1', u'D8', u'DBN PART-TIME NON-SUBSIDISED', u'A', u'40007202:ANWANA', 1.0]
check 'CLAC211_SEM1_2018' 'CLAC211'
processXLS: only for SEM2 [u'CLAC211_SEM1_2018', u'CLAC211_SEM1_2017', u'CLAC211', u'COMMERCIAL LAW FOR ACCOUNTANTS II (MOD 1)', u'NODIP1', u'NON-DIPLOMA PURPOSE (ACCT & INFO)', u'21', u'SEMESTER 1', u'D8', u'DBN PART-TIME NON-SUBSIDISED', u'A', u'40007202:ANWANA', 1.0]
[u'', u'', u'', u'', u'', u'', u'', u'', u'', u'', u'', u'', u'']
check '' ''
[u'CLAC221_SEM2_2018', u'CLAC221_SEM2_2017', u'CLAC221', u'COMMERCIAL LAW FOR ACCOUNTANTS II (MOD 2)', u'NDACC3', u'ND: ACCOUNTING', u'22', u'SEMESTER 2', u'D1', u'Durban Campus Full-time', u'A', u'40001833:KHUMALO;40007202:ANWANA;pregan:Naidoo', 221.0]
check 'CLAC221_SEM2_2018' 'CLAC221'
adding  CLAC221
requesting:  http://10.0.100.98:8000/bbinfo/matching_courses/CLAC221%25
r= <Response [200]>
matching classes= set([u'CLAC221_SEM2_2017', u'CLAC221_13_MNGM', u'CLAC221_13_ANWE', u'CLAC221_SEM2_2018', u'CLAC221_ALL_2016', u'CLAC221_14_ANWE'])
[u'CLAC221_SEM2_2018', u'CLAC221_SEM2_2017', u'CLAC221', u'COMMERCIAL LAW FOR ACCOUNTANTS II (MOD 2)', u'NDACC3', u'ND: ACCOUNTING', u'22', u'SEMESTER 2', u'D3', u'Durban Campus Part-time', u'A', u'40001833:KHUMALO;40007202:ANWANA;pregan:Naidoo', 21.0]
check 'CLAC221_SEM2_2018' 'CLAC221'
adding  CLAC221
requesting:  http://10.0.100.98:8000/bbinfo/matching_courses/CLAC221%25
r= <Response [200]>
matching classes= set([u'CLAC221_SEM2_2017', u'CLAC221_13_MNGM', u'CLAC221_13_ANWE', u'CLAC221_SEM2_2018', u'CLAC221_ALL_2016', u'CLAC221_14_ANWE'])
[u'CLAC221_SEM2_2018', u'CLAC221_SEM2_2017', u'CLAC221', u'COMMERCIAL LAW FOR ACCOUNTANTS II (MOD 2)', u'NDACF1', u'ND: ACCOUNTING (4 YEARS)', u'22', u'SEMESTER 2', u'D1', u'Durban Campus Full-time', u'A', u'40001833:KHUMALO;40007202:ANWANA;pregan:Naidoo', 44.0]
check 'CLAC221_SEM2_2018' 'CLAC221'
adding  CLAC221
requesting:  http://10.0.100.98:8000/bbinfo/matching_courses/CLAC221%25
r= <Response [200]>
matching classes= set([u'CLAC221_SEM2_2017', u'CLAC221_13_MNGM', u'CLAC221_13_ANWE', u'CLAC221_SEM2_2018', u'CLAC221_ALL_2016', u'CLAC221_14_ANWE'])
[u'CLAC221_SEM2_2018', u'CLAC221_SEM2_2017', u'CLAC221', u'COMMERCIAL LAW FOR ACCOUNTANTS II (MOD 2)', u'NDCAF1', u'ND: COST & MANAGEMENT ACCT (4 YEARS)', u'22', u'SEMESTER 2', u'D1', u'Durban Campus Full-time', u'A', u'40001833:KHUMALO;40007202:ANWANA;pregan:Naidoo', 3.0]
check 'CLAC221_SEM2_2018' 'CLAC221'
adding  CLAC221
requesting:  http://10.0.100.98:8000/bbinfo/matching_courses/CLAC221%25
r= <Response [200]>
matching classes= set([u'CLAC221_SEM2_2017', u'CLAC221_13_MNGM', u'CLAC221_13_ANWE', u'CLAC221_SEM2_2018', u'CLAC221_ALL_2016', u'CLAC221_14_ANWE'])
[u'CLAC221_SEM2_2018', u'CLAC221_SEM2_2017', u'CLAC221', u'COMMERCIAL LAW FOR ACCOUNTANTS II (MOD 2)', u'NDCAF2', u'ND: COST & MANAGEMENT ACCT (4 YEARS)', u'22', u'SEMESTER 2', u'D1', u'Durban Campus Full-time', u'A', u'40001833:KHUMALO;40007202:ANWANA;pregan:Naidoo', 21.0]
check 'CLAC221_SEM2_2018' 'CLAC221'
adding  CLAC221
requesting:  http://10.0.100.98:8000/bbinfo/matching_courses/CLAC221%25
r= <Response [200]>
matching classes= set([u'CLAC221_SEM2_2017', u'CLAC221_13_MNGM', u'CLAC221_13_ANWE', u'CLAC221_SEM2_2018', u'CLAC221_ALL_2016', u'CLAC221_14_ANWE'])
[u'CLAC221_SEM2_2018', u'CLAC221_SEM2_2017', u'CLAC221', u'COMMERCIAL LAW FOR ACCOUNTANTS II (MOD 2)', u'NDCMA3', u'ND: COST AND MANAGEMENT ACCOUNTING', u'22', u'SEMESTER 2', u'D1', u'Durban Campus Full-time', u'A', u'40001833:KHUMALO;40007202:ANWANA;pregan:Naidoo', 211.0]
check 'CLAC221_SEM2_2018' 'CLAC221'
adding  CLAC221
requesting:  http://10.0.100.98:8000/bbinfo/matching_courses/CLAC221%25
r= <Response [200]>
matching classes= set([u'CLAC221_SEM2_2017', u'CLAC221_13_MNGM', u'CLAC221_13_ANWE', u'CLAC221_SEM2_2018', u'CLAC221_ALL_2016', u'CLAC221_14_ANWE'])
[u'CLAC221_SEM2_2018', u'CLAC221_SEM2_2017', u'CLAC221', u'COMMERCIAL LAW FOR ACCOUNTANTS II (MOD 2)', u'NDCMA3', u'ND: COST AND MANAGEMENT ACCOUNTING', u'22', u'SEMESTER 2', u'D3', u'Durban Campus Part-time', u'A', u'40001833:KHUMALO;40007202:ANWANA;pregan:Naidoo', 4.0]
check 'CLAC221_SEM2_2018' 'CLAC221'
adding  CLAC221
requesting:  http://10.0.100.98:8000/bbinfo/matching_courses/CLAC221%25
r= <Response [200]>
matching classes= set([u'CLAC221_SEM2_2017', u'CLAC221_13_MNGM', u'CLAC221_13_ANWE', u'CLAC221_SEM2_2018', u'CLAC221_ALL_2016', u'CLAC221_14_ANWE'])
[u'CLAC221_SEM2_2018', u'CLAC221_SEM2_2017', u'CLAC221', u'COMMERCIAL LAW FOR ACCOUNTANTS II (MOD 2)', u'NDIAF1', u'ND: INTERNAL AUDITING (4 YEARS)', u'22', u'SEMESTER 2', u'D1', u'Durban Campus Full-time', u'A', u'40001833:KHUMALO;40007202:ANWANA;pregan:Naidoo', 19.0]
check 'CLAC221_SEM2_2018' 'CLAC221'
adding  CLAC221
requesting:  http://10.0.100.98:8000/bbinfo/matching_courses/CLAC221%25
r= <Response [200]>
matching classes= set([u'CLAC221_SEM2_2017', u'CLAC221_13_MNGM', u'CLAC221_13_ANWE', u'CLAC221_SEM2_2018', u'CLAC221_ALL_2016', u'CLAC221_14_ANWE'])
[u'CLAC221_SEM2_2018', u'CLAC221_SEM2_2017', u'CLAC221', u'COMMERCIAL LAW FOR ACCOUNTANTS II (MOD 2)', u'NDIAU3', u'ND: INTERNAL AUDITING', u'22', u'SEMESTER 2', u'D1', u'Durban Campus Full-time', u'A', u'40001833:KHUMALO;40007202:ANWANA;pregan:Naidoo', 72.0]
check 'CLAC221_SEM2_2018' 'CLAC221'
adding  CLAC221
requesting:  http://10.0.100.98:8000/bbinfo/matching_courses/CLAC221%25
r= <Response [200]>
matching classes= set([u'CLAC221_SEM2_2017', u'CLAC221_13_MNGM', u'CLAC221_13_ANWE', u'CLAC221_SEM2_2018', u'CLAC221_ALL_2016', u'CLAC221_14_ANWE'])
[u'CLAC221_SEM2_2018', u'CLAC221_SEM2_2017', u'CLAC221', u'COMMERCIAL LAW FOR ACCOUNTANTS II (MOD 2)', u'NDTAX3', u'ND: TAXATION', u'22', u'SEMESTER 2', u'D1', u'Durban Campus Full-time', u'A', u'40001833:KHUMALO;40007202:ANWANA;pregan:Naidoo', 68.0]
check 'CLAC221_SEM2_2018' 'CLAC221'
adding  CLAC221
requesting:  http://10.0.100.98:8000/bbinfo/matching_courses/CLAC221%25
r= <Response [200]>
matching classes= set([u'CLAC221_SEM2_2017', u'CLAC221_13_MNGM', u'CLAC221_13_ANWE', u'CLAC221_SEM2_2018', u'CLAC221_ALL_2016', u'CLAC221_14_ANWE'])
[u'CLAC221_SEM2_2018', u'CLAC221_SEM2_2017', u'CLAC221', u'COMMERCIAL LAW FOR ACCOUNTANTS II (MOD 2)', u'NDTXF1', u'ND: TAXATION (4YEARS)', u'22', u'SEMESTER 2', u'D1', u'Durban Campus Full-time', u'A', u'40001833:KHUMALO;40007202:ANWANA;pregan:Naidoo', 18.0]
check 'CLAC221_SEM2_2018' 'CLAC221'
adding  CLAC221
requesting:  http://10.0.100.98:8000/bbinfo/matching_courses/CLAC221%25
r= <Response [200]>
matching classes= set([u'CLAC221_SEM2_2017', u'CLAC221_13_MNGM', u'CLAC221_13_ANWE', u'CLAC221_SEM2_2018', u'CLAC221_ALL_2016', u'CLAC221_14_ANWE'])
[u'CLAC221_SEM2_2018', u'CLAC221_SEM2_2017', u'CLAC221', u'COMMERCIAL LAW FOR ACCOUNTANTS II (MOD 2)', u'NODIP1', u'NON-DIPLOMA PURPOSE (ACCT & INFO)', u'22', u'SEMESTER 2', u'D8', u'DBN PART-TIME NON-SUBSIDISED', u'A', u'40001833:KHUMALO;40007202:ANWANA;pregan:Naidoo', 1.0]
check 'CLAC221_SEM2_2018' 'CLAC221'
adding  CLAC221
requesting:  http://10.0.100.98:8000/bbinfo/matching_courses/CLAC221%25
r= <Response [200]>
matching classes= set([u'CLAC221_SEM2_2017', u'CLAC221_13_MNGM', u'CLAC221_13_ANWE', u'CLAC221_SEM2_2018', u'CLAC221_ALL_2016', u'CLAC221_14_ANWE'])
[u'', u'', u'', u'', u'', u'', u'', u'', u'', u'', u'', u'', u'']
check '' ''
[u'COML201_YEAR_2018', u'COML201_YEAR_2017', u'COML201', u'CORPORATE MERCANTILE LAW', u'BTCAD1', u'BT: CORPORATE ADMINISTRATION', u'11', u'YEAR', u'D1', u'Durban Campus Full-time', u'A', u'40006387:ASRAI', 1.0]
check 'COML201_YEAR_2018' 'COML201'
processXLS: only for SEM2 [u'COML201_YEAR_2018', u'COML201_YEAR_2017', u'COML201', u'CORPORATE MERCANTILE LAW', u'BTCAD1', u'BT: CORPORATE ADMINISTRATION', u'11', u'YEAR', u'D1', u'Durban Campus Full-time', u'A', u'40006387:ASRAI', 1.0]
[u'COML201_YEAR_2018', u'COML201_YEAR_2017', u'COML201', u'CORPORATE MERCANTILE LAW', u'BTCAD1', u'BT: CORPORATE ADMINISTRATION', u'11', u'YEAR', u'D3', u'Durban Campus Part-time', u'A', u'40006387:ASRAI', 8.0]
check 'COML201_YEAR_2018' 'COML201'
processXLS: only for SEM2 [u'COML201_YEAR_2018', u'COML201_YEAR_2017', u'COML201', u'CORPORATE MERCANTILE LAW', u'BTCAD1', u'BT: CORPORATE ADMINISTRATION', u'11', u'YEAR', u'D3', u'Durban Campus Part-time', u'A', u'40006387:ASRAI', 8.0]
[u'', u'', u'', u'', u'', u'', u'', u'', u'', u'', u'', u'', u'']
check '' ''
[u'CPCD201_SEM1_2018', u'CPCD201_SEM1_2017', u'CPCD201', u'CORPORATE PROCEDURES II', u'BTTAX2', u'BT: TAXATION', u'21', u'SEMESTER 1', u'D1', u'Durban Campus Full-time', u'A', u'40001833:KHUMALO', 62.0]
check 'CPCD201_SEM1_2018' 'CPCD201'
processXLS: only for SEM2 [u'CPCD201_SEM1_2018', u'CPCD201_SEM1_2017', u'CPCD201', u'CORPORATE PROCEDURES II', u'BTTAX2', u'BT: TAXATION', u'21', u'SEMESTER 1', u'D1', u'Durban Campus Full-time', u'A', u'40001833:KHUMALO', 62.0]
[u'CPCD201_SEM1_2018', u'CPCD201_SEM1_2017', u'CPCD201', u'CORPORATE PROCEDURES II', u'BTTAX2', u'BT: TAXATION', u'21', u'SEMESTER 1', u'D3', u'Durban Campus Part-time', u'A', u'40001833:KHUMALO', 11.0]
check 'CPCD201_SEM1_2018' 'CPCD201'
processXLS: only for SEM2 [u'CPCD201_SEM1_2018', u'CPCD201_SEM1_2017', u'CPCD201', u'CORPORATE PROCEDURES II', u'BTTAX2', u'BT: TAXATION', u'21', u'SEMESTER 1', u'D3', u'Durban Campus Part-time', u'A', u'40001833:KHUMALO', 11.0]
[u'', u'', u'', u'', u'', u'', u'', u'', u'', u'', u'', u'', u'']
check '' ''
[u'CPCD201_SEM2_2018', u'CPCD201_SEM2_2017', u'CPCD201', u'CORPORATE PROCEDURES II', u'BTTAX2', u'BT: TAXATION', u'22', u'SEMESTER 2', u'D3', u'Durban Campus Part-time', u'A', u'40001833:KHUMALO', 2.0]
check 'CPCD201_SEM2_2018' 'CPCD201'
adding  CPCD201
requesting:  http://10.0.100.98:8000/bbinfo/matching_courses/CPCD201%25
r= <Response [200]>
matching classes= set([u'CPCD201_13_KHUT', u'CPCD201_13_MNGM', u'CPCD201_SEM1_2017', u'CPCD201_SEM1_2016', u'CPCD201_SEM2_2018', u'CPCD201_SEM1_2018', u'CPCD201_SEM2_2017'])
[u'', u'', u'', u'', u'', u'', u'', u'', u'', u'', u'', u'', u'']
check '' ''
[u'CRPP201_SEM1_2018', u'CRPP201_SEM1_2017', u'CRPP201', u'CORPORATE PROCEDURES II', u'NDCAF1', u'ND: COST & MANAGEMENT ACCT (4 YEARS)', u'21', u'SEMESTER 1', u'D1', u'Durban Campus Full-time', u'A', u'40001833:KHUMALO;40007202:ANWANA', 2.0]
check 'CRPP201_SEM1_2018' 'CRPP201'
processXLS: only for SEM2 [u'CRPP201_SEM1_2018', u'CRPP201_SEM1_2017', u'CRPP201', u'CORPORATE PROCEDURES II', u'NDCAF1', u'ND: COST & MANAGEMENT ACCT (4 YEARS)', u'21', u'SEMESTER 1', u'D1', u'Durban Campus Full-time', u'A', u'40001833:KHUMALO;40007202:ANWANA', 2.0]
[u'CRPP201_SEM1_2018', u'CRPP201_SEM1_2017', u'CRPP201', u'CORPORATE PROCEDURES II', u'NDCAF2', u'ND: COST & MANAGEMENT ACCT (4 YEARS)', u'21', u'SEMESTER 1', u'D1', u'Durban Campus Full-time', u'A', u'40001833:KHUMALO;40007202:ANWANA', 25.0]
check 'CRPP201_SEM1_2018' 'CRPP201'
processXLS: only for SEM2 [u'CRPP201_SEM1_2018', u'CRPP201_SEM1_2017', u'CRPP201', u'CORPORATE PROCEDURES II', u'NDCAF2', u'ND: COST & MANAGEMENT ACCT (4 YEARS)', u'21', u'SEMESTER 1', u'D1', u'Durban Campus Full-time', u'A', u'40001833:KHUMALO;40007202:ANWANA', 25.0]
[u'CRPP201_SEM1_2018', u'CRPP201_SEM1_2017', u'CRPP201', u'CORPORATE PROCEDURES II', u'NDCMA3', u'ND: COST AND MANAGEMENT ACCOUNTING', u'21', u'SEMESTER 1', u'D1', u'Durban Campus Full-time', u'A', u'40001833:KHUMALO;40007202:ANWANA', 127.0]
check 'CRPP201_SEM1_2018' 'CRPP201'
processXLS: only for SEM2 [u'CRPP201_SEM1_2018', u'CRPP201_SEM1_2017', u'CRPP201', u'CORPORATE PROCEDURES II', u'NDCMA3', u'ND: COST AND MANAGEMENT ACCOUNTING', u'21', u'SEMESTER 1', u'D1', u'Durban Campus Full-time', u'A', u'40001833:KHUMALO;40007202:ANWANA', 127.0]
[u'CRPP201_SEM1_2018', u'CRPP201_SEM1_2017', u'CRPP201', u'CORPORATE PROCEDURES II', u'NDCMA3', u'ND: COST AND MANAGEMENT ACCOUNTING', u'21', u'SEMESTER 1', u'D3', u'Durban Campus Part-time', u'A', u'40001833:KHUMALO;40007202:ANWANA', 4.0]
check 'CRPP201_SEM1_2018' 'CRPP201'
processXLS: only for SEM2 [u'CRPP201_SEM1_2018', u'CRPP201_SEM1_2017', u'CRPP201', u'CORPORATE PROCEDURES II', u'NDCMA3', u'ND: COST AND MANAGEMENT ACCOUNTING', u'21', u'SEMESTER 1', u'D3', u'Durban Campus Part-time', u'A', u'40001833:KHUMALO;40007202:ANWANA', 4.0]
[u'CRPP201_SEM1_2018', u'CRPP201_SEM1_2017', u'CRPP201', u'CORPORATE PROCEDURES II', u'NDIAF1', u'ND: INTERNAL AUDITING (4 YEARS)', u'21', u'SEMESTER 1', u'D1', u'Durban Campus Full-time', u'A', u'40001833:KHUMALO;40007202:ANWANA', 8.0]
check 'CRPP201_SEM1_2018' 'CRPP201'
processXLS: only for SEM2 [u'CRPP201_SEM1_2018', u'CRPP201_SEM1_2017', u'CRPP201', u'CORPORATE PROCEDURES II', u'NDIAF1', u'ND: INTERNAL AUDITING (4 YEARS)', u'21', u'SEMESTER 1', u'D1', u'Durban Campus Full-time', u'A', u'40001833:KHUMALO;40007202:ANWANA', 8.0]
[u'CRPP201_SEM1_2018', u'CRPP201_SEM1_2017', u'CRPP201', u'CORPORATE PROCEDURES II', u'NDIAU3', u'ND: INTERNAL AUDITING', u'21', u'SEMESTER 1', u'D1', u'Durban Campus Full-time', u'A', u'40001833:KHUMALO;40007202:ANWANA', 80.0]
check 'CRPP201_SEM1_2018' 'CRPP201'
processXLS: only for SEM2 [u'CRPP201_SEM1_2018', u'CRPP201_SEM1_2017', u'CRPP201', u'CORPORATE PROCEDURES II', u'NDIAU3', u'ND: INTERNAL AUDITING', u'21', u'SEMESTER 1', u'D1', u'Durban Campus Full-time', u'A', u'40001833:KHUMALO;40007202:ANWANA', 80.0]
[u'CRPP201_SEM1_2018', u'CRPP201_SEM1_2017', u'CRPP201', u'CORPORATE PROCEDURES II', u'NODIP1', u'NON-DIPLOMA PURPOSE (ACCT & INFO)', u'21', u'SEMESTER 1', u'D7', u'DBN FULL-TIME NON-SUBSIDISED', u'A', u'40001833:KHUMALO;40007202:ANWANA', 4.0]
check 'CRPP201_SEM1_2018' 'CRPP201'
processXLS: only for SEM2 [u'CRPP201_SEM1_2018', u'CRPP201_SEM1_2017', u'CRPP201', u'CORPORATE PROCEDURES II', u'NODIP1', u'NON-DIPLOMA PURPOSE (ACCT & INFO)', u'21', u'SEMESTER 1', u'D7', u'DBN FULL-TIME NON-SUBSIDISED', u'A', u'40001833:KHUMALO;40007202:ANWANA', 4.0]
[u'', u'', u'', u'', u'', u'', u'', u'', u'', u'', u'', u'', u'']
check '' ''
[u'CRPP201_SEM2_2018', u'CRPP201_SEM2_2017', u'CRPP201', u'CORPORATE PROCEDURES II', u'NDCMA3', u'ND: COST AND MANAGEMENT ACCOUNTING', u'22', u'SEMESTER 2', u'D1', u'Durban Campus Full-time', u'A', u'40001833:KHUMALO;40007202:ANWANA', 1.0]
check 'CRPP201_SEM2_2018' 'CRPP201'
adding  CRPP201
requesting:  http://10.0.100.98:8000/bbinfo/matching_courses/CRPP201%25
r= <Response [200]>
matching classes= set([u'CRPP201_14_KHUT', u'CRPP201_SEM1_2018', u'CRPP201_SEM2_2018', u'CRPP201_SEM2_2017', u'CRPP201_SEM1_2017', u'CRPP201_15', u'CRPP201_13_MNGM', u'CRPP201_13_KHUT', u'CRPP201_ALL_2016'])
[u'', u'', u'', u'', u'', u'', u'', u'', u'', u'', u'', u'', u'']
check '' ''
[u'HILA201_SEM2_2018', u'HILA201_SEM2_2017', u'HILA201', u'HOSPITALITY INDUSTRY LAW II', u'NDHSF1', u'ND: HOSPITALITY MANAGEMENT (4 YEARS)', u'22', u'SEMESTER 2', u'D1', u'Durban Campus Full-time', u'A', u'50031435:WOMACK', 3.0]
check 'HILA201_SEM2_2018' 'HILA201'
adding  HILA201
requesting:  http://10.0.100.98:8000/bbinfo/matching_courses/HILA201%25
r= <Response [200]>
matching classes= set([u'HILA201_15_WOMA', u'HILA201_SEM2_2016', u'HILA201_SEM2_2017', u'HILA201_13_WOMA', u'HILA201_SEM2_2018', u'HILA201_13_SAMS'])
[u'HILA201_SEM2_2018', u'HILA201_SEM2_2017', u'HILA201', u'HOSPITALITY INDUSTRY LAW II', u'NDHSP2', u'ND: HOSPITALITY MANAGEMENT', u'22', u'SEMESTER 2', u'D1', u'Durban Campus Full-time', u'A', u'50031435:WOMACK', 40.0]
check 'HILA201_SEM2_2018' 'HILA201'
adding  HILA201
requesting:  http://10.0.100.98:8000/bbinfo/matching_courses/HILA201%25
r= <Response [200]>
matching classes= set([u'HILA201_15_WOMA', u'HILA201_SEM2_2016', u'HILA201_SEM2_2017', u'HILA201_13_WOMA', u'HILA201_SEM2_2018', u'HILA201_13_SAMS'])
[u'', u'', u'', u'', u'', u'', u'', u'', u'', u'', u'', u'', u'']
check '' ''
[u'LPRC211_SEM1_2018', u'LPRC211_SEM1_2017', u'LPRC211', u'LEGAL PRACTICE II (CONVEYANCING)', u'NDOMT2', u'ND: OFFICE MANAGEMENT AND TECHNOLOGY', u'21', u'SEMESTER 1', u'D1', u'Durban Campus Full-time', u'A', u'40003516:PILLAY', 141.0]
check 'LPRC211_SEM1_2018' 'LPRC211'
processXLS: only for SEM2 [u'LPRC211_SEM1_2018', u'LPRC211_SEM1_2017', u'LPRC211', u'LEGAL PRACTICE II (CONVEYANCING)', u'NDOMT2', u'ND: OFFICE MANAGEMENT AND TECHNOLOGY', u'21', u'SEMESTER 1', u'D1', u'Durban Campus Full-time', u'A', u'40003516:PILLAY', 141.0]
[u'', u'', u'', u'', u'', u'', u'', u'', u'', u'', u'', u'', u'']
check '' ''
[u'LPRC221_SEM2_2018', u'LPRC221_SEM2_2017', u'LPRC221', u'LEGAL PRACTICE II (ADMIN. OF ESTATES)', u'NDOMT2', u'ND: OFFICE MANAGEMENT AND TECHNOLOGY', u'22', u'SEMESTER 2', u'D1', u'Durban Campus Full-time', u'A', u'40003516:PILLAY', 123.0]
check 'LPRC221_SEM2_2018' 'LPRC221'
adding  LPRC221
requesting:  http://10.0.100.98:8000/bbinfo/matching_courses/LPRC221%25
r= <Response [200]>
matching classes= set([u'LPRC221_SEM2_2017', u'LPRC221_13_PILS', u'LPRC221_ALL_2016', u'LPRC221_SEM2_2018'])
[u'', u'', u'', u'', u'', u'', u'', u'', u'', u'', u'', u'', u'']
check '' ''
[u'LRLW201_YEAR_2018', u'LRLW201_YEAR_2017', u'LRLW201', u'LABOUR RELATIONS AND LAW II', u'BTBAD1', u'BT: BUSINESS ADMINISTRATION', u'11', u'YEAR', u'D3', u'Durban Campus Part-time', u'A', u'50031435:WOMACK', 78.0]
check 'LRLW201_YEAR_2018' 'LRLW201'
processXLS: only for SEM2 [u'LRLW201_YEAR_2018', u'LRLW201_YEAR_2017', u'LRLW201', u'LABOUR RELATIONS AND LAW II', u'BTBAD1', u'BT: BUSINESS ADMINISTRATION', u'11', u'YEAR', u'D3', u'Durban Campus Part-time', u'A', u'50031435:WOMACK', 78.0]
[u'', u'', u'', u'', u'', u'', u'', u'', u'', u'', u'', u'', u'']
check '' ''
[u'ADLW301_SEM1_2018', u'ADLW301_SEM1_2017', u'ADLW301', u'ADVANCED LAW III', u'NDACC3', u'ND: ACCOUNTING', u'21', u'SEMESTER 1', u'D1', u'Durban Campus Full-time', u'A', u'40002890:GOVENDER', 171.0]
check 'ADLW301_SEM1_2018' 'ADLW301'
processXLS: only for SEM2 [u'ADLW301_SEM1_2018', u'ADLW301_SEM1_2017', u'ADLW301', u'ADVANCED LAW III', u'NDACC3', u'ND: ACCOUNTING', u'21', u'SEMESTER 1', u'D1', u'Durban Campus Full-time', u'A', u'40002890:GOVENDER', 171.0]
[u'ADLW301_SEM1_2018', u'ADLW301_SEM1_2017', u'ADLW301', u'ADVANCED LAW III', u'NDACC3', u'ND: ACCOUNTING', u'21', u'SEMESTER 1', u'D3', u'Durban Campus Part-time', u'A', u'40002890:GOVENDER', 24.0]
check 'ADLW301_SEM1_2018' 'ADLW301'
processXLS: only for SEM2 [u'ADLW301_SEM1_2018', u'ADLW301_SEM1_2017', u'ADLW301', u'ADVANCED LAW III', u'NDACC3', u'ND: ACCOUNTING', u'21', u'SEMESTER 1', u'D3', u'Durban Campus Part-time', u'A', u'40002890:GOVENDER', 24.0]
[u'ADLW301_SEM1_2018', u'ADLW301_SEM1_2017', u'ADLW301', u'ADVANCED LAW III', u'NDACF1', u'ND: ACCOUNTING (4 YEARS)', u'21', u'SEMESTER 1', u'D1', u'Durban Campus Full-time', u'A', u'40002890:GOVENDER', 42.0]
check 'ADLW301_SEM1_2018' 'ADLW301'
processXLS: only for SEM2 [u'ADLW301_SEM1_2018', u'ADLW301_SEM1_2017', u'ADLW301', u'ADVANCED LAW III', u'NDACF1', u'ND: ACCOUNTING (4 YEARS)', u'21', u'SEMESTER 1', u'D1', u'Durban Campus Full-time', u'A', u'40002890:GOVENDER', 42.0]
[u'', u'', u'', u'', u'', u'', u'', u'', u'', u'', u'', u'', u'']
check '' ''
[u'ADLW312_SEM1_2018', u'ADLW312_SEM1_2017', u'ADLW312', u'ADVANCED LAW III (MODULE 1)', u'NDTAX3', u'ND: TAXATION', u'21', u'SEMESTER 1', u'D1', u'Durban Campus Full-time', u'A', u'40002890:GOVENDER', 60.0]
check 'ADLW312_SEM1_2018' 'ADLW312'
processXLS: only for SEM2 [u'ADLW312_SEM1_2018', u'ADLW312_SEM1_2017', u'ADLW312', u'ADVANCED LAW III (MODULE 1)', u'NDTAX3', u'ND: TAXATION', u'21', u'SEMESTER 1', u'D1', u'Durban Campus Full-time', u'A', u'40002890:GOVENDER', 60.0]
[u'ADLW312_SEM1_2018', u'ADLW312_SEM1_2017', u'ADLW312', u'ADVANCED LAW III (MODULE 1)', u'NDTXF1', u'ND: TAXATION (4YEARS)', u'21', u'SEMESTER 1', u'D1', u'Durban Campus Full-time', u'A', u'40002890:GOVENDER', 16.0]
check 'ADLW312_SEM1_2018' 'ADLW312'
processXLS: only for SEM2 [u'ADLW312_SEM1_2018', u'ADLW312_SEM1_2017', u'ADLW312', u'ADVANCED LAW III (MODULE 1)', u'NDTXF1', u'ND: TAXATION (4YEARS)', u'21', u'SEMESTER 1', u'D1', u'Durban Campus Full-time', u'A', u'40002890:GOVENDER', 16.0]
[u'', u'', u'', u'', u'', u'', u'', u'', u'', u'', u'', u'', u'']
check '' ''
[u'ADLW322_SEM2_2018', u'ADLW322_SEM2_2017', u'ADLW322', u'ADVANCED LAW III (MODULE 2)', u'NDTAX3', u'ND: TAXATION', u'22', u'SEMESTER 2', u'D1', u'Durban Campus Full-time', u'A', u'40000256:REDDY', 53.0]
check 'ADLW322_SEM2_2018' 'ADLW322'
adding  ADLW322
requesting:  http://10.0.100.98:8000/bbinfo/matching_courses/ADLW322%25
r= <Response [200]>
matching classes= set([u'ADLW322_13_PADN', u'ADLW322_SEM2_2018', u'ADLW322_SEM2_2016', u'ADLW322_SEM2_2017'])
[u'ADLW322_SEM2_2018', u'ADLW322_SEM2_2017', u'ADLW322', u'ADVANCED LAW III (MODULE 2)', u'NDTXF1', u'ND: TAXATION (4YEARS)', u'22', u'SEMESTER 2', u'D1', u'Durban Campus Full-time', u'A', u'40000256:REDDY', 16.0]
check 'ADLW322_SEM2_2018' 'ADLW322'
adding  ADLW322
requesting:  http://10.0.100.98:8000/bbinfo/matching_courses/ADLW322%25
r= <Response [200]>
matching classes= set([u'ADLW322_13_PADN', u'ADLW322_SEM2_2018', u'ADLW322_SEM2_2016', u'ADLW322_SEM2_2017'])
[u'', u'', u'', u'', u'', u'', u'', u'', u'', u'', u'', u'', u'']
check '' ''
[u'HILA301_YEAR_2018', u'HILA301_YEAR_2017', u'HILA301', u'HOSPITALITY INDUSTRY LAW III', u'BTHSP2', u'BT: HOSPITALITY MANAGEMENT', u'11', u'YEAR', u'D1', u'Durban Campus Full-time', u'A', u'40000256:REDDY', 8.0]
check 'HILA301_YEAR_2018' 'HILA301'
processXLS: only for SEM2 [u'HILA301_YEAR_2018', u'HILA301_YEAR_2017', u'HILA301', u'HOSPITALITY INDUSTRY LAW III', u'BTHSP2', u'BT: HOSPITALITY MANAGEMENT', u'11', u'YEAR', u'D1', u'Durban Campus Full-time', u'A', u'40000256:REDDY', 8.0]
[u'', u'', u'', u'', u'', u'', u'', u'', u'', u'', u'', u'', u'']
check '' ''
[u'ADCP401_YEAR_2018', u'ADCP401_YEAR_2017', u'ADCP401', u'ADVANCED CORPORATE PROCEDURES IV', u'BTCAD1', u'BT: CORPORATE ADMINISTRATION', u'11', u'YEAR', u'D1', u'Durban Campus Full-time', u'A', u'40006387:ASRAI', 1.0]
check 'ADCP401_YEAR_2018' 'ADCP401'
processXLS: only for SEM2 [u'ADCP401_YEAR_2018', u'ADCP401_YEAR_2017', u'ADCP401', u'ADVANCED CORPORATE PROCEDURES IV', u'BTCAD1', u'BT: CORPORATE ADMINISTRATION', u'11', u'YEAR', u'D1', u'Durban Campus Full-time', u'A', u'40006387:ASRAI', 1.0]
[u'ADCP401_YEAR_2018', u'ADCP401_YEAR_2017', u'ADCP401', u'ADVANCED CORPORATE PROCEDURES IV', u'BTCAD1', u'BT: CORPORATE ADMINISTRATION', u'11', u'YEAR', u'D3', u'Durban Campus Part-time', u'A', u'40006387:ASRAI', 8.0]
check 'ADCP401_YEAR_2018' 'ADCP401'
processXLS: only for SEM2 [u'ADCP401_YEAR_2018', u'ADCP401_YEAR_2017', u'ADCP401', u'ADVANCED CORPORATE PROCEDURES IV', u'BTCAD1', u'BT: CORPORATE ADMINISTRATION', u'11', u'YEAR', u'D3', u'Durban Campus Part-time', u'A', u'40006387:ASRAI', 8.0]
[u'', u'', u'', u'', u'', u'', u'', u'', u'', u'', u'', u'', u'']
check '' ''
[u'BSNL101_SEM1_2018', u'BSNL101_SEM1_2017', u'BSNL101', u'BSNL101: BUSINESS LAW I 2017', u'BSNL201: BUSINESS LAW 2017+E128:M128', u'DIP IN MANAGEMENT SCIENCES (BUS LAW)', u'21', u'SEMESTER 1', u'D1', u'Durban Campus Full-time', u'A', u'40000256:REDDY', u'']
check 'BSNL101_SEM1_2018' 'BSNL101'
processXLS: only for SEM2 [u'BSNL101_SEM1_2018', u'BSNL101_SEM1_2017', u'BSNL101', u'BSNL101: BUSINESS LAW I 2017', u'BSNL201: BUSINESS LAW 2017+E128:M128', u'DIP IN MANAGEMENT SCIENCES (BUS LAW)', u'21', u'SEMESTER 1', u'D1', u'Durban Campus Full-time', u'A', u'40000256:REDDY', u'']
[u'', u'', u'', u'', u'', u'', u'', u'', u'', u'', u'', u'', u'']
check '' ''
[u'PVTL101_SEM1_2018', u'PVTL101_SEM1_2017', u'PVTL101', u'PVTL101: PRIVATE LAW 2017', u'DIBIM1', u'DIP: BUSINESS INFORMATION MANAGEMENT', u'21', u'SEMESTER 1', u'D1', u'Durban Campus Full-time', u'A', u'50028298:STADEN', 1.0]
check 'PVTL101_SEM1_2018' 'PVTL101'
processXLS: only for SEM2 [u'PVTL101_SEM1_2018', u'PVTL101_SEM1_2017', u'PVTL101', u'PVTL101: PRIVATE LAW 2017', u'DIBIM1', u'DIP: BUSINESS INFORMATION MANAGEMENT', u'21', u'SEMESTER 1', u'D1', u'Durban Campus Full-time', u'A', u'50028298:STADEN', 1.0]
[u'', u'', u'', u'', u'', u'', u'', u'', u'', u'', u'', u'', u'']
check '' ''
[u'BSNL201_SEM2_2018', u'BSNL201_SEM2_2017', u'BSNL201', u'BSNL201: BUSINESS LAW 2017', u'DIBIM1', u'DIP: BUSINESS INFORMATION MANAGEMENT', 22.0, u'SEMESTER 2', u'D1', u'Durban Campus Full-time', u'A', u'40013958:GOVIND', 1.0]
check 'BSNL201_SEM2_2018' 'BSNL201'
processXLS: only for SEM2 [u'BSNL201_SEM2_2018', u'BSNL201_SEM2_2017', u'BSNL201', u'BSNL201: BUSINESS LAW 2017', u'DIBIM1', u'DIP: BUSINESS INFORMATION MANAGEMENT', 22.0, u'SEMESTER 2', u'D1', u'Durban Campus Full-time', u'A', u'40013958:GOVIND', 1.0]
[u'', u'', u'', u'', u'', u'', u'', u'', u'', u'', u'', u'', u'']
check '' ''
[u'LWCP201_SEM2_2018', u'LWCP201_SEM2_2017', u'LWCP201', u'LWCP201: LAW FOR CONSUMER PROTECTION 2017', u'DIMBL1', u'DIP IN MANAGEMENT SCIENCES (BUS LAW)', u'21', u'SEMESTER 1', u'D1', u'Durban Campus Full-time', u'A', u'40002890:GOVENDER', 1.0]
check 'LWCP201_SEM2_2018' 'LWCP201'
processXLS: only for SEM2 [u'LWCP201_SEM2_2018', u'LWCP201_SEM2_2017', u'LWCP201', u'LWCP201: LAW FOR CONSUMER PROTECTION 2017', u'DIMBL1', u'DIP IN MANAGEMENT SCIENCES (BUS LAW)', u'21', u'SEMESTER 1', u'D1', u'Durban Campus Full-time', u'A', u'40002890:GOVENDER', 1.0]
[u'', u'', u'', u'', u'', u'', u'', u'', u'', u'', u'', u'', u'']
check '' ''
[u'===APPEND===', u'', u'', u'', u'', u'', u'', u'', u'', u'', u'', u'', u'']
check '===APPEND===' ''
[u'2017 NEW SUBJECTS  Blackboard Classrooms for Department: 3306 - APPLIED LAW', u'', u'', u'', u'', u'', u'', u'', u'', u'', u'', u'', u'']
check '2017 NEW SUBJECTS  Blackboard Classrooms for Department: 3306 - APPLIED LAW' ''
[u'', u'', u'', u'', u'', u'', u'', u'', u'', u'', u'', u'', u'']
check '' ''
[u'BB Classroom', u'Migrate Classroom', u'ITS Subject', u'', u'ITS Qualification', u'', u'Block', u'', u'Off Type', u'', u'Grp', u'Lecturer(s)', u'2016 Enrol']
check 'BB Classroom' 'ITS Subject'
[u'CNVP101_SEM1_2018', u'CNVP101_SEM1_2017', u'CNVP101', u'CONVEYANCING PRACTICE', u'DIBIM1', u'DIPLOMA IN BUSINESS &INFO MANAGEMENT', u'21', u'SEMESTER 1', u'D1', u'Durban Campus Full-time', u'A', u'40000256:Reddy', 0.0]
check 'CNVP101_SEM1_2018' 'CNVP101'
processXLS: only for SEM2 [u'CNVP101_SEM1_2018', u'CNVP101_SEM1_2017', u'CNVP101', u'CONVEYANCING PRACTICE', u'DIBIM1', u'DIPLOMA IN BUSINESS &INFO MANAGEMENT', u'21', u'SEMESTER 1', u'D1', u'Durban Campus Full-time', u'A', u'40000256:Reddy', 0.0]
[u'', u'', u'', u'', u'', u'', u'', u'', u'', u'', u'', u'', u'']
check '' ''
[u'IPLW101_SEM1_2018', u'IPLW101_SEM1_2017', u'IPLW101', u'INTRODUCTION TO PRINCIPLES OF LAW', u'BBURP1', u'BBE:  URBAN AND REGIONAL PLANNING', u'21', u'SEMESTER 1', u'D1', u'Durban Campus Full-time', u'A', u'40000256:Reddy', 0.0]
check 'IPLW101_SEM1_2018' 'IPLW101'
processXLS: only for SEM2 [u'IPLW101_SEM1_2018', u'IPLW101_SEM1_2017', u'IPLW101', u'INTRODUCTION TO PRINCIPLES OF LAW', u'BBURP1', u'BBE:  URBAN AND REGIONAL PLANNING', u'21', u'SEMESTER 1', u'D1', u'Durban Campus Full-time', u'A', u'40000256:Reddy', 0.0]
[u'...', u'', u'', u'', u'', u'', u'', u'', u'', u'', u'', u'', u'']
check '...' ''
[u'New subjects for 2018', u'', u'', u'', u'', u'', u'', u'', u'', u'', u'', u'', u'']
check 'New subjects for 2018' ''
[u'LPPL201_SEM2_2018', u'template_2018', u'LPPL201', u'LEGAL PRINCIPLES II', u'BBGMT1', u'BACHELOR OF THE B E IN GEOMATICS', u'22', u'SEM2', u'D1', u'OTNAME', u'A', u'40001833:KHUMALO;', u'']
check 'LPPL201_SEM2_2018' 'LPPL201'
adding  LPPL201
requesting:  http://10.0.100.98:8000/bbinfo/matching_courses/LPPL201%25
r= <Response [200]>
matching classes= set([u'LPPL201_SEM2_2018'])
[u'', u'', u'', u'', u'', u'', u'', u'', u'', u'', u'', u'', u'']
check '' ''
[u'PPCM201_SEM1_2018', u'template_2018', u'PPCM201', u'PURCHASING, PROCUREMENT & CONTRACTS MANAGEMENT', u'', u'', 21.0, u'SEM2', u'D1', u'Durban Campus Full-time', u'A', u'40007202:ANWANA', u'']
check 'PPCM201_SEM1_2018' 'PPCM201'
processXLS: only for SEM2 [u'PPCM201_SEM1_2018', u'template_2018', u'PPCM201', u'PURCHASING, PROCUREMENT & CONTRACTS MANAGEMENT', u'', u'', 21.0, u'SEM2', u'D1', u'Durban Campus Full-time', u'A', u'40007202:ANWANA', u'']
processXLS: finished processing workingSheets/data/BBC3306AppliedLaw2017.xls
getWS: requesting:  http://10.0.100.98:8000/itsenrol/classlist/2018/22/ADLW322 rsp= <Response [200]>
getWS: requesting:  http://10.0.100.98:8000/bbinfo/classlist/ADLW322 rsp= <Response [200]>
getNewStudentsInSubject: ITS 54, BB 1 -> 54 new enrollments
getWS: requesting:  http://10.0.100.98:8000/itsenrol/classlist/2018/22/HILA201 rsp= <Response [200]>
getWS: requesting:  http://10.0.100.98:8000/bbinfo/classlist/HILA201 rsp= <Response [200]>
getNewStudentsInSubject: ITS 9, BB 1 -> 9 new enrollments
getWS: requesting:  http://10.0.100.98:8000/itsenrol/classlist/2018/22/CRPP201 rsp= <Response [200]>
getWS: requesting:  http://10.0.100.98:8000/bbinfo/classlist/CRPP201 rsp= <Response [200]>
getNewStudentsInSubject: ITS 0, BB 511 -> 0 new enrollments
getWS: requesting:  http://10.0.100.98:8000/itsenrol/classlist/2018/22/ALPR101 rsp= <Response [200]>
getWS: requesting:  http://10.0.100.98:8000/bbinfo/classlist/ALPR101 rsp= <Response [200]>
getNewStudentsInSubject: ITS 65, BB 1 -> 65 new enrollments
getWS: requesting:  http://10.0.100.98:8000/itsenrol/classlist/2018/22/IBLW101 rsp= <Response [200]>
getWS: requesting:  http://10.0.100.98:8000/bbinfo/classlist/IBLW101 rsp= <Response [200]>
getNewStudentsInSubject: ITS 4, BB 564 -> 0 new enrollments
getWS: requesting:  http://10.0.100.98:8000/itsenrol/classlist/2018/22/ITSK121 rsp= <Response [200]>
getWS: requesting:  http://10.0.100.98:8000/bbinfo/classlist/ITSK121 rsp= <Response [200]>
getNewStudentsInSubject: ITS 0, BB 2 -> 0 new enrollments
getWS: requesting:  http://10.0.100.98:8000/itsenrol/classlist/2018/22/CLAC221 rsp= <Response [200]>
getWS: requesting:  http://10.0.100.98:8000/bbinfo/classlist/CLAC221 rsp= <Response [200]>
getNewStudentsInSubject: ITS 580, BB 10 -> 572 new enrollments
getWS: requesting:  http://10.0.100.98:8000/itsenrol/classlist/2018/22/LPRC221 rsp= <Response [200]>
getWS: requesting:  http://10.0.100.98:8000/bbinfo/classlist/LPRC221 rsp= <Response [200]>
getNewStudentsInSubject: ITS 19, BB 30 -> 4 new enrollments
getWS: requesting:  http://10.0.100.98:8000/itsenrol/classlist/2018/22/CPCD201 rsp= <Response [200]>
getWS: requesting:  http://10.0.100.98:8000/bbinfo/classlist/CPCD201 rsp= <Response [200]>
getNewStudentsInSubject: ITS 0, BB 128 -> 0 new enrollments
getWS: requesting:  http://10.0.100.98:8000/itsenrol/classlist/2018/22/LPPL201 rsp= <Response [200]>
getWS: requesting:  http://10.0.100.98:8000/bbinfo/classlist/LPPL201 rsp= <Response [200]>
getNewStudentsInSubject: ITS 0, BB 1 -> 0 new enrollments
getWS: requesting:  http://10.0.100.98:8000/itsenrol/classlist/2018/22/ITLW101 rsp= <Response [200]>
getWS: requesting:  http://10.0.100.98:8000/bbinfo/classlist/ITLW101 rsp= <Response [200]>
getNewStudentsInSubject: ITS 46, BB 1 -> 46 new enrollments
getWS: requesting:  http://10.0.100.98:8000/itsenrol/classlist/2018/22/CMRL121 rsp= <Response [200]>
getWS: requesting:  http://10.0.100.98:8000/bbinfo/classlist/CMRL121 rsp= <Response [200]>
getNewStudentsInSubject: ITS 0, BB 2 -> 0 new enrollments
getWS: requesting:  http://10.0.100.98:8000/itsenrol/classlist/2018/22/CLAC101 rsp= <Response [200]>
getWS: requesting:  http://10.0.100.98:8000/bbinfo/classlist/CLAC101 rsp= <Response [200]>
getNewStudentsInSubject: ITS 666, BB 14 -> 653 new enrollments
main: Writing students...
main: Writing enrollments...
main: Finished processing workingSheets/data/BBC3306AppliedLaw2017.xls
main: 13 subjects processed
main: 39 subject -> classroom maps
main: 1402 students
main: 1403 student enrollments 0 errors
0.44user 0.12system 0:05.19elapsed 10%CPU (0avgtext+0avgdata 67392maxresident)k
0inputs+472outputs (0major+8016minor)pagefaults 0swaps
POSTING SNAPSHOTS to SIS endpoint
TEST RUN, NOT POSTING BBSTUDENTS
TEST RUN, NOT POSTIN BBENROL
copy snapshot files to saved output
=== department done ===
syncing logs...
Pushing logs from logs/20180723111852 to remote...
sending incremental file list
./
BBC3306AppliedLaw2017.BBENROL.txt
BBC3306AppliedLaw2017.BBSTUDENTS.txt
BBC3306AppliedLaw2017.Enrolomat.txt
BBC3306AppliedLaw2017.Postlog.txt

sent 304147 bytes  received 91 bytes  28975.05 bytes/sec
total size is 3702061  speedup is 12.17
logging to logs/20180723111852
=== generate newenrollments for BBC3307OperationsQualityManagemnt2017. ===
GENERATE SNAPSHOTS...
./BBCIncrementalEnrollerX2.py : generating enrolment files for subjects in  workingSheets/data/BBC3307OperationsQualityManagemnt2017.xls
processXLS: start spreadsheet workingSheets/data/BBC3307OperationsQualityManagemnt2017.xls
[u'2018 Blackboard Classrooms for Department: 3307 - OPERATIONS & QUALITY MANAGEMNT', u'', u'', u'', u'', u'', u'', u'', u'', u'', u'', u'', u'']
check '2018 Blackboard Classrooms for Department: 3307 - OPERATIONS & QUALITY MANAGEMNT' ''
[u'', u'', u'', u'', u'', u'', u'', u'', u'', u'', u'', u'', u'']
check '' ''
[u'BB Classroom', u'Migrate Classroom', u'ITS Subject', u'', u'ITS Qualification', u'', u'Block', u'', u'Off Type', u'', u'Grp', u'Lecturer(s)', u'2016 Enrol']
check 'BB Classroom' 'ITS Subject'
[u'BCIN101_SEM2_2018', u'BCIN101_SEM2_2017', u'BCIN101', u'BUSINESS COMM & INFO LITERACY', u'DIMOR1', u'DIP IN MANAGEMENT SCIENCES (OPERATIONS)', u'22', u'SEMESTER 2', u'D1', u'Durban Campus Full-time', u'A', u'40012339:Ramchander', 85.0]
check 'BCIN101_SEM2_2018' 'BCIN101'
adding  BCIN101
requesting:  http://10.0.100.98:8000/bbinfo/matching_courses/BCIN101%25
r= <Response [200]>
matching classes= set([u'BCIN101_SEM2_2017', u'BCIN101_ALL_2016', u'BCIN101_SEM2_2018'])
[u'BCIN101_SEM2_2018', u'BCIN101_SEM2_2017', u'BCIN101', u'BUSINESS COMM & INFO LITERACY', u'DIMOR1', u'DIP IN MANAGEMENT SCIENCES (OPERATIONS)', u'22', u'SEMESTER 2', u'D3', u'Durban Campus Part-time', u'A', u'40013867:REEVASHUNKER; 40012339:RAMCHANDER', 70.0]
check 'BCIN101_SEM2_2018' 'BCIN101'
adding  BCIN101
requesting:  http://10.0.100.98:8000/bbinfo/matching_courses/BCIN101%25
r= <Response [200]>
matching classes= set([u'BCIN101_SEM2_2017', u'BCIN101_ALL_2016', u'BCIN101_SEM2_2018'])
[u'BCIN101_SEM2_2018', u'BCIN101_SEM2_2017', u'BCIN101', u'BUSINESS COMM & INFO LITERACY', u'DIMOR1', u'DIP IN MANAGEMENT SCIENCES (OPERATIONS)', u'22', u'SEMESTER 2', u'D3', u'Durban Campus Part-time', u'A', u'40013867:REEVASHUNKER; 40012339:RAMCHANDER', 2.0]
check 'BCIN101_SEM2_2018' 'BCIN101'
adding  BCIN101
requesting:  http://10.0.100.98:8000/bbinfo/matching_courses/BCIN101%25
r= <Response [200]>
matching classes= set([u'BCIN101_SEM2_2017', u'BCIN101_ALL_2016', u'BCIN101_SEM2_2018'])
[u'', u'', u'', u'', u'', u'', u'', u'', u'', u'', u'', u'', u'']
check '' ''
[u'ITBL101_SEM1_2018', u'ITBL101_SEM1_2017', u'ITBL101', u'INTRODUCTION TO BUSINESS LAW', u'DIMOR1', u'DIP IN MANAGEMENT SCIENCES (OPERATIONS)', u'21', u'SEMESTER 1', u'D1', u'Durban Campus Full-time', u'A', u'40000048:CHELLAN K', 93.0]
check 'ITBL101_SEM1_2018' 'ITBL101'
processXLS: only for SEM2 [u'ITBL101_SEM1_2018', u'ITBL101_SEM1_2017', u'ITBL101', u'INTRODUCTION TO BUSINESS LAW', u'DIMOR1', u'DIP IN MANAGEMENT SCIENCES (OPERATIONS)', u'21', u'SEMESTER 1', u'D1', u'Durban Campus Full-time', u'A', u'40000048:CHELLAN K', 93.0]
[u'ITBL101_SEM1_2018', u'ITBL101_SEM1_2017', u'ITBL101', u'INTRODUCTION TO BUSINESS LAW', u'DIMOR1', u'DIP IN MANAGEMENT SCIENCES (OPERATIONS)', u'21', u'SEMESTER 1', u'D3', u'Durban Campus Part-time', u'A', u'40000048:CHELLAN K', 93.0]
check 'ITBL101_SEM1_2018' 'ITBL101'
processXLS: only for SEM2 [u'ITBL101_SEM1_2018', u'ITBL101_SEM1_2017', u'ITBL101', u'INTRODUCTION TO BUSINESS LAW', u'DIMOR1', u'DIP IN MANAGEMENT SCIENCES (OPERATIONS)', u'21', u'SEMESTER 1', u'D3', u'Durban Campus Part-time', u'A', u'40000048:CHELLAN K', 93.0]
[u'', u'', u'', u'', u'', u'', u'', u'', u'', u'', u'', u'', u'']
check '' ''
[u'ITRB101_SEM1_2018', u'ITRB101_SEM1_2017', u'ITRB101', u'INTRODUCTION TO BUSINESS', u'DIMOR1', u'DIP IN MANAGEMENT SCIENCES (OPERATIONS)', u'21', u'SEMESTER 1', u'D1', u'Durban Campus Full-time', u'A', u'40000538:BIYELA', 95.0]
check 'ITRB101_SEM1_2018' 'ITRB101'
processXLS: only for SEM2 [u'ITRB101_SEM1_2018', u'ITRB101_SEM1_2017', u'ITRB101', u'INTRODUCTION TO BUSINESS', u'DIMOR1', u'DIP IN MANAGEMENT SCIENCES (OPERATIONS)', u'21', u'SEMESTER 1', u'D1', u'Durban Campus Full-time', u'A', u'40000538:BIYELA', 95.0]
[u'ITRB101_SEM1_2018', u'ITRB101_SEM1_2017', u'ITRB101', u'INTRODUCTION TO BUSINESS', u'DIMOR1', u'DIP IN MANAGEMENT SCIENCES (OPERATIONS)', u'21', u'SEMESTER 1', u'D3', u'Durban Campus Part-time', u'A', u'40000538:BIYELA', 97.0]
check 'ITRB101_SEM1_2018' 'ITRB101'
processXLS: only for SEM2 [u'ITRB101_SEM1_2018', u'ITRB101_SEM1_2017', u'ITRB101', u'INTRODUCTION TO BUSINESS', u'DIMOR1', u'DIP IN MANAGEMENT SCIENCES (OPERATIONS)', u'21', u'SEMESTER 1', u'D3', u'Durban Campus Part-time', u'A', u'40000538:BIYELA', 97.0]
[u'', u'', u'', u'', u'', u'', u'', u'', u'', u'', u'', u'', u'']
check '' ''
[u'MTEC101_YEAR_2018', u'MTEC101_YEAR_2017', u'MTEC101', u'MANUFACTURING TECHNOLOGY I', u'NDOPM1', u'ND: OPERATIONS MANAGEMENT', u'11', u'YEAR', u'D1', u'Durban Campus Full-time', u'A', u'40012339:Ramchander', 5.0]
check 'MTEC101_YEAR_2018' 'MTEC101'
processXLS: only for SEM2 [u'MTEC101_YEAR_2018', u'MTEC101_YEAR_2017', u'MTEC101', u'MANUFACTURING TECHNOLOGY I', u'NDOPM1', u'ND: OPERATIONS MANAGEMENT', u'11', u'YEAR', u'D1', u'Durban Campus Full-time', u'A', u'40012339:Ramchander', 5.0]
[u'MTEC101_YEAR_2018', u'MTEC101_YEAR_2017', u'MTEC101', u'MANUFACTURING TECHNOLOGY I', u'NDOPM1', u'ND: OPERATIONS MANAGEMENT', u'11', u'YEAR', u'D3', u'Durban Campus Part-time', u'A', u'40008492:OSMAN M; 40012339:RAMCHANDER', 79.0]
check 'MTEC101_YEAR_2018' 'MTEC101'
processXLS: only for SEM2 [u'MTEC101_YEAR_2018', u'MTEC101_YEAR_2017', u'MTEC101', u'MANUFACTURING TECHNOLOGY I', u'NDOPM1', u'ND: OPERATIONS MANAGEMENT', u'11', u'YEAR', u'D3', u'Durban Campus Part-time', u'A', u'40008492:OSMAN M; 40012339:RAMCHANDER', 79.0]
[u'', u'', u'', u'', u'', u'', u'', u'', u'', u'', u'', u'', u'']
check '' ''
[u'OGEF102_YEAR_2018', u'OGEF102_YEAR_2017', u'OGEF102', u'ORGANISATIONAL EFFECTIVENESS I', u'NDOPM1', u'ND: OPERATIONS MANAGEMENT', u'11', u'YEAR', u'D1', u'Durban Campus Full-time', u'A', u'40006104:MOHANRAM;40000449:NAIDOO', 6.0]
check 'OGEF102_YEAR_2018' 'OGEF102'
processXLS: only for SEM2 [u'OGEF102_YEAR_2018', u'OGEF102_YEAR_2017', u'OGEF102', u'ORGANISATIONAL EFFECTIVENESS I', u'NDOPM1', u'ND: OPERATIONS MANAGEMENT', u'11', u'YEAR', u'D1', u'Durban Campus Full-time', u'A', u'40006104:MOHANRAM;40000449:NAIDOO', 6.0]
[u'OGEF102_YEAR_2018', u'OGEF102_YEAR_2017', u'OGEF102', u'ORGANISATIONAL EFFECTIVENESS I', u'NDOPM1', u'ND: OPERATIONS MANAGEMENT', u'11', u'YEAR', u'D3', u'Durban Campus Part-time', u'A', u'40006104:MOHANRAM;40000449:NAIDOO', 4.0]
check 'OGEF102_YEAR_2018' 'OGEF102'
processXLS: only for SEM2 [u'OGEF102_YEAR_2018', u'OGEF102_YEAR_2017', u'OGEF102', u'ORGANISATIONAL EFFECTIVENESS I', u'NDOPM1', u'ND: OPERATIONS MANAGEMENT', u'11', u'YEAR', u'D3', u'Durban Campus Part-time', u'A', u'40006104:MOHANRAM;40000449:NAIDOO', 4.0]
[u'', u'', u'', u'', u'', u'', u'', u'', u'', u'', u'', u'', u'']
check '' ''
[u'OMPR101_YEAR_2018', u'OMPR101_YEAR_2017', u'OMPR101', u'OPERATIONS MANAGEMENT PRACTICE I', u'NDOPM1', u'ND: OPERATIONS MANAGEMENT', u'11', u'YEAR', u'D1', u'Durban Campus Full-time', u'A', u'40007515:NOGAYA', 46.0]
check 'OMPR101_YEAR_2018' 'OMPR101'
processXLS: only for SEM2 [u'OMPR101_YEAR_2018', u'OMPR101_YEAR_2017', u'OMPR101', u'OPERATIONS MANAGEMENT PRACTICE I', u'NDOPM1', u'ND: OPERATIONS MANAGEMENT', u'11', u'YEAR', u'D1', u'Durban Campus Full-time', u'A', u'40007515:NOGAYA', 46.0]
[u'OMPR101_YEAR_2018', u'OMPR101_YEAR_2017', u'OMPR101', u'OPERATIONS MANAGEMENT PRACTICE I', u'NDOPM1', u'ND: OPERATIONS MANAGEMENT', u'11', u'YEAR', u'D3', u'Durban Campus Part-time', u'A', u'40007515:NOGAYA', 81.0]
check 'OMPR101_YEAR_2018' 'OMPR101'
processXLS: only for SEM2 [u'OMPR101_YEAR_2018', u'OMPR101_YEAR_2017', u'OMPR101', u'OPERATIONS MANAGEMENT PRACTICE I', u'NDOPM1', u'ND: OPERATIONS MANAGEMENT', u'11', u'YEAR', u'D3', u'Durban Campus Part-time', u'A', u'40007515:NOGAYA', 81.0]
[u'', u'', u'', u'', u'', u'', u'', u'', u'', u'', u'', u'', u'']
check '' ''
[u'OPMN101_YEAR_2018', u'OPMN101_YEAR_2017', u'OPMN101', u'OPERATIONS MANAGEMENT I', u'NDOPM1', u'ND: OPERATIONS MANAGEMENT', u'11', u'YEAR', u'D1', u'Durban Campus Full-time', u'A', u'40000538:BIYELA;40012830:BAHADUR;400007515:NOGAYA', 7.0]
check 'OPMN101_YEAR_2018' 'OPMN101'
processXLS: only for SEM2 [u'OPMN101_YEAR_2018', u'OPMN101_YEAR_2017', u'OPMN101', u'OPERATIONS MANAGEMENT I', u'NDOPM1', u'ND: OPERATIONS MANAGEMENT', u'11', u'YEAR', u'D1', u'Durban Campus Full-time', u'A', u'40000538:BIYELA;40012830:BAHADUR;400007515:NOGAYA', 7.0]
[u'OPMN101_YEAR_2018', u'OPMN101_YEAR_2017', u'OPMN101', u'OPERATIONS MANAGEMENT I', u'NDOPM1', u'ND: OPERATIONS MANAGEMENT', u'11', u'YEAR', u'D3', u'Durban Campus Part-time', u'A', u'40000538:BIYELA;40012830:BAHADUR;400007515:NOGAYA', 8.0]
check 'OPMN101_YEAR_2018' 'OPMN101'
processXLS: only for SEM2 [u'OPMN101_YEAR_2018', u'OPMN101_YEAR_2017', u'OPMN101', u'OPERATIONS MANAGEMENT I', u'NDOPM1', u'ND: OPERATIONS MANAGEMENT', u'11', u'YEAR', u'D3', u'Durban Campus Part-time', u'A', u'40000538:BIYELA;40012830:BAHADUR;400007515:NOGAYA', 8.0]
[u'', u'', u'', u'', u'', u'', u'', u'', u'', u'', u'', u'', u'']
check '' ''
[u'OPMT101_YEAR_2018', u'OPMT101_YEAR_2017', u'OPMT101', u'OPERATIONS MANAGEMENT TECHNIQUES I', u'NDOPM1', u'ND: OPERATIONS MANAGEMENT', u'11', u'YEAR', u'D1', u'Durban Campus Full-time', u'A', u'40000048:CHELLAN; 400007515:NOGAYA', 3.0]
check 'OPMT101_YEAR_2018' 'OPMT101'
processXLS: only for SEM2 [u'OPMT101_YEAR_2018', u'OPMT101_YEAR_2017', u'OPMT101', u'OPERATIONS MANAGEMENT TECHNIQUES I', u'NDOPM1', u'ND: OPERATIONS MANAGEMENT', u'11', u'YEAR', u'D1', u'Durban Campus Full-time', u'A', u'40000048:CHELLAN; 400007515:NOGAYA', 3.0]
[u'OPMT101_YEAR_2018', u'OPMT101_YEAR_2017', u'OPMT101', u'OPERATIONS MANAGEMENT TECHNIQUES I', u'NDOPM1', u'ND: OPERATIONS MANAGEMENT', u'11', u'YEAR', u'D3', u'Durban Campus Part-time', u'A', u'40000048:CHELLAN; 400007515:NOGAYA', 11.0]
check 'OPMT101_YEAR_2018' 'OPMT101'
processXLS: only for SEM2 [u'OPMT101_YEAR_2018', u'OPMT101_YEAR_2017', u'OPMT101', u'OPERATIONS MANAGEMENT TECHNIQUES I', u'NDOPM1', u'ND: OPERATIONS MANAGEMENT', u'11', u'YEAR', u'D3', u'Durban Campus Part-time', u'A', u'40000048:CHELLAN; 400007515:NOGAYA', 11.0]
[u'', u'', u'', u'', u'', u'', u'', u'', u'', u'', u'', u'', u'']
check '' ''
[u'PDMT103_YEAR_2018', u'PDMT103_YEAR_2017', u'PDMT103', u'PRODUCTION MANAGEMENT I', u'NDMNG1', u'ND: MANAGEMENT', u'11', u'YEAR', u'D1', u'Durban Campus Full-time', u'A', u'40012339:Ramchander: 40007515:NOGAYA', 141.0]
check 'PDMT103_YEAR_2018' 'PDMT103'
processXLS: only for SEM2 [u'PDMT103_YEAR_2018', u'PDMT103_YEAR_2017', u'PDMT103', u'PRODUCTION MANAGEMENT I', u'NDMNG1', u'ND: MANAGEMENT', u'11', u'YEAR', u'D1', u'Durban Campus Full-time', u'A', u'40012339:Ramchander: 40007515:NOGAYA', 141.0]
[u'', u'', u'', u'', u'', u'', u'', u'', u'', u'', u'', u'', u'']
check '' ''
[u'QAPM101_SEM1_2018', u'QAPM101_SEM1_2017', u'QAPM101', u'QUANTITATIVE APPROACHES TO MANAGEMENT SC', u'DIMBS1', u'DIP IN MANAGEMENT SCIENCES (BUS ADMIN)', u'21', u'SEMESTER 1', u'D1', u'Durban Campus Full-time', u'A', u'40000652:RAMLAGAN;40000449:NAIDOO;40012339:RAMCHANDER; 40000538:BIYELA', 159.0]
check 'QAPM101_SEM1_2018' 'QAPM101'
processXLS: only for SEM2 [u'QAPM101_SEM1_2018', u'QAPM101_SEM1_2017', u'QAPM101', u'QUANTITATIVE APPROACHES TO MANAGEMENT SC', u'DIMBS1', u'DIP IN MANAGEMENT SCIENCES (BUS ADMIN)', u'21', u'SEMESTER 1', u'D1', u'Durban Campus Full-time', u'A', u'40000652:RAMLAGAN;40000449:NAIDOO;40012339:RAMCHANDER; 40000538:BIYELA', 159.0]
[u'QAPM101_SEM1_2018', u'QAPM101_SEM1_2017', u'QAPM101', u'QUANTITATIVE APPROACHES TO MANAGEMENT SC', u'DIMHR1', u'DIP IN MANAGEMENT SCIENCES (HUMAN RES)', u'21', u'SEMESTER 1', u'D1', u'Durban Campus Full-time', u'A', u'40000652:RAMLAGAN;40000449:NAIDOO', 189.0]
check 'QAPM101_SEM1_2018' 'QAPM101'
processXLS: only for SEM2 [u'QAPM101_SEM1_2018', u'QAPM101_SEM1_2017', u'QAPM101', u'QUANTITATIVE APPROACHES TO MANAGEMENT SC', u'DIMHR1', u'DIP IN MANAGEMENT SCIENCES (HUMAN RES)', u'21', u'SEMESTER 1', u'D1', u'Durban Campus Full-time', u'A', u'40000652:RAMLAGAN;40000449:NAIDOO', 189.0]
[u'QAPM101_SEM1_2018', u'QAPM101_SEM1_2017', u'QAPM101', u'QUANTITATIVE APPROACHES TO MANAGEMENT SC', u'DIMHR1', u'DIP IN MANAGEMENT SCIENCES (HUMAN RES)', u'21', u'SEMESTER 1', u'D3', u'Durban Campus Part-time', u'A', u'40000652:RAMLAGAN;40000449:NAIDOO', 24.0]
check 'QAPM101_SEM1_2018' 'QAPM101'
processXLS: only for SEM2 [u'QAPM101_SEM1_2018', u'QAPM101_SEM1_2017', u'QAPM101', u'QUANTITATIVE APPROACHES TO MANAGEMENT SC', u'DIMHR1', u'DIP IN MANAGEMENT SCIENCES (HUMAN RES)', u'21', u'SEMESTER 1', u'D3', u'Durban Campus Part-time', u'A', u'40000652:RAMLAGAN;40000449:NAIDOO', 24.0]
[u'QAPM101_SEM1_2018', u'QAPM101_SEM1_2017', u'QAPM101', u'QUANTITATIVE APPROACHES TO MANAGEMENT SC', u'DIMOR1', u'DIP IN MANAGEMENT SCIENCES (OPERATIONS)', u'21', u'SEMESTER 1', u'D1', u'Durban Campus Full-time', u'A', u'40000652:RAMLAGAN;40000449:NAIDOO; 40000543:MOODALIYAR', 95.0]
check 'QAPM101_SEM1_2018' 'QAPM101'
processXLS: only for SEM2 [u'QAPM101_SEM1_2018', u'QAPM101_SEM1_2017', u'QAPM101', u'QUANTITATIVE APPROACHES TO MANAGEMENT SC', u'DIMOR1', u'DIP IN MANAGEMENT SCIENCES (OPERATIONS)', u'21', u'SEMESTER 1', u'D1', u'Durban Campus Full-time', u'A', u'40000652:RAMLAGAN;40000449:NAIDOO; 40000543:MOODALIYAR', 95.0]
[u'QAPM101_SEM1_2018', u'QAPM101_SEM1_2017', u'QAPM101', u'QUANTITATIVE APPROACHES TO MANAGEMENT SC', u'DIMOR1', u'DIP IN MANAGEMENT SCIENCES (OPERATIONS)', u'21', u'SEMESTER 1', u'D3', u'Durban Campus Part-time', u'A', u'40000652:RAMLAGAN;40000449:NAIDOO; 40000543:MOODALIYAR', 96.0]
check 'QAPM101_SEM1_2018' 'QAPM101'
processXLS: only for SEM2 [u'QAPM101_SEM1_2018', u'QAPM101_SEM1_2017', u'QAPM101', u'QUANTITATIVE APPROACHES TO MANAGEMENT SC', u'DIMOR1', u'DIP IN MANAGEMENT SCIENCES (OPERATIONS)', u'21', u'SEMESTER 1', u'D3', u'Durban Campus Part-time', u'A', u'40000652:RAMLAGAN;40000449:NAIDOO; 40000543:MOODALIYAR', 96.0]
[u'', u'', u'', u'', u'', u'', u'', u'', u'', u'', u'', u'', u'']
check '' ''
[u'QAPM101_SEM2_2018', u'QAPM101_SEM2_2017', u'QAPM101', u'QUANTITATIVE APPROACHES TO MANAGEMENT SC', u'DIMHR1', u'DIP IN MANAGEMENT SCIENCES (HUMAN RES)', u'22', u'SEMESTER 2', u'D1', u'Durban Campus Full-time', u'A', u'40000652:RAMLAGAN;40000449:NAIDOO', 8.0]
check 'QAPM101_SEM2_2018' 'QAPM101'
adding  QAPM101
requesting:  http://10.0.100.98:8000/bbinfo/matching_courses/QAPM101%25
r= <Response [200]>
matching classes= set([u'QAPM101_YEAR_2016', u'QAPM101_SEM1_2018', u'QAPM101_SEM2_2017', u'QAPM101_SEM2_2018', u'QAPM101_SEM1_2017'])
[u'', u'', u'', u'', u'', u'', u'', u'', u'', u'', u'', u'', u'']
check '' ''
[u'QNTA101_SEM1_2018', u'QNTA101_SEM1_2017', u'QNTA101', u'QUANTITATIVE APPROACHES TO MAN SC', u'DIMBL1', u'DIP IN MANAGEMENT SCIENCES (BUS LAW)', u'21', u'SEMESTER 1', u'D1', u'Durban Campus Full-time', u'A', u'40000256:REDDY K; 40000449:NAIDOO; 4002339:RAMCHANDER', 76.0]
check 'QNTA101_SEM1_2018' 'QNTA101'
processXLS: only for SEM2 [u'QNTA101_SEM1_2018', u'QNTA101_SEM1_2017', u'QNTA101', u'QUANTITATIVE APPROACHES TO MAN SC', u'DIMBL1', u'DIP IN MANAGEMENT SCIENCES (BUS LAW)', u'21', u'SEMESTER 1', u'D1', u'Durban Campus Full-time', u'A', u'40000256:REDDY K; 40000449:NAIDOO; 4002339:RAMCHANDER', 76.0]
[u'QNTA101_SEM1_2018', u'QNTA101_SEM1_2017', u'QNTA101', u'QUANTITATIVE APPROACHES TO MAN SC', u'DIMPR1', u'DIP IN MANAGEMENT SCIENCES (PR & COMM MN', u'21', u'SEMESTER 1', u'D1', u'Durban Campus Full-time', u'A', u'40000256:REDDY K; 400007515:NOGAYA', 102.0]
check 'QNTA101_SEM1_2018' 'QNTA101'
processXLS: only for SEM2 [u'QNTA101_SEM1_2018', u'QNTA101_SEM1_2017', u'QNTA101', u'QUANTITATIVE APPROACHES TO MAN SC', u'DIMPR1', u'DIP IN MANAGEMENT SCIENCES (PR & COMM MN', u'21', u'SEMESTER 1', u'D1', u'Durban Campus Full-time', u'A', u'40000256:REDDY K; 400007515:NOGAYA', 102.0]
[u'', u'', u'', u'', u'', u'', u'', u'', u'', u'', u'', u'', u'']
check '' ''
[u'RMPM101_YEAR_2018', u'RMPM101_YEAR_2017', u'RMPM101', u'RESEARCH METHODOLOGY', u'BTOPM1', u'BT: OPERATIONS MANAGEMENT', u'11', u'YEAR', u'D3', u'Durban Campus Part-time', u'A', u'40008373:SEETAL;40000449:NAIDOO', 1.0]
check 'RMPM101_YEAR_2018' 'RMPM101'
processXLS: only for SEM2 [u'RMPM101_YEAR_2018', u'RMPM101_YEAR_2017', u'RMPM101', u'RESEARCH METHODOLOGY', u'BTOPM1', u'BT: OPERATIONS MANAGEMENT', u'11', u'YEAR', u'D3', u'Durban Campus Part-time', u'A', u'40008373:SEETAL;40000449:NAIDOO', 1.0]
[u'', u'', u'', u'', u'', u'', u'', u'', u'', u'', u'', u'', u'']
check '' ''
[u'RMPM101_SEM1_2018', u'RMPM101_SEM1_2017', u'RMPM101', u'RESEARCH METHODOLOGY', u'BTOPM1', u'BT: OPERATIONS MANAGEMENT', u'21', u'SEMESTER 1', u'D3', u'Durban Campus Part-time', u'A', u'40008373:SEETAL;40000449:NAIDOO', 68.0]
check 'RMPM101_SEM1_2018' 'RMPM101'
processXLS: only for SEM2 [u'RMPM101_SEM1_2018', u'RMPM101_SEM1_2017', u'RMPM101', u'RESEARCH METHODOLOGY', u'BTOPM1', u'BT: OPERATIONS MANAGEMENT', u'21', u'SEMESTER 1', u'D3', u'Durban Campus Part-time', u'A', u'40008373:SEETAL;40000449:NAIDOO', 68.0]
[u'', u'', u'', u'', u'', u'', u'', u'', u'', u'', u'', u'', u'']
check '' ''
[u'TASM101_SEM2_2018', u'TASM101_SEM2_2017', u'TASM101', u'TIME AND STRESS MANAGEMENT', u'DIMHR1', u'DIP IN MANAGEMENT SCIENCES (HUMAN RES)', u'22', u'SEMESTER 2', u'D1', u'Durban Campus Full-time', u'A', u'40000652:RAMLAGAN;40006104:MOHANRAM;40000449:NAIDOO; 40007515:NOGAYA', 151.0]
check 'TASM101_SEM2_2018' 'TASM101'
adding  TASM101
requesting:  http://10.0.100.98:8000/bbinfo/matching_courses/TASM101%25
r= <Response [200]>
matching classes= set([u'TASM101_SEM2_2017', u'TASM101_YEAR_2016', u'TASM101_SEM2_2018'])
[u'TASM101_SEM2_2018', u'TASM101_SEM2_2017', u'TASM101', u'TIME AND STRESS MANAGEMENT', u'DIMHR1', u'DIP IN MANAGEMENT SCIENCES (HUMAN RES)', u'22', u'SEMESTER 2', u'D3', u'Durban Campus Part-time', u'A', u'40000652:RAMLAGAN;40006104:MOHANRAM;40000449:NAIDOO; 40007515:NOGAYA', 20.0]
check 'TASM101_SEM2_2018' 'TASM101'
adding  TASM101
requesting:  http://10.0.100.98:8000/bbinfo/matching_courses/TASM101%25
r= <Response [200]>
matching classes= set([u'TASM101_SEM2_2017', u'TASM101_YEAR_2016', u'TASM101_SEM2_2018'])
[u'TASM101_SEM2_2018', u'TASM101_SEM2_2017', u'TASM101', u'TIME AND STRESS MANAGEMENT', 29.0, u'DIP IN MANAGEMENT SCIENCES (OPERATIONS)', u'22', u'SEMESTER 2', u'D1', u'Durban Campus Full-time', u'A', u'40000652:RAMLAGAN;40006104:MOHANRAM;40000449:NAIDOO; 40007515:NOGAYA', 85.0]
check 'TASM101_SEM2_2018' 'TASM101'
adding  TASM101
requesting:  http://10.0.100.98:8000/bbinfo/matching_courses/TASM101%25
r= <Response [200]>
matching classes= set([u'TASM101_SEM2_2017', u'TASM101_YEAR_2016', u'TASM101_SEM2_2018'])
[u'TASM101_SEM2_2018', u'TASM101_SEM2_2017', u'TASM101', u'TIME AND STRESS MANAGEMENT', u'DIMOR1', u'DIP IN MANAGEMENT SCIENCES (OPERATIONS)', u'22', u'SEMESTER 2', u'D3', u'Durban Campus Part-time', u'A', u'40000652:RAMLAGAN;40006104:MOHANRAM;40000449:NAIDOO; 40007515:NOGAYA', 72.0]
check 'TASM101_SEM2_2018' 'TASM101'
adding  TASM101
requesting:  http://10.0.100.98:8000/bbinfo/matching_courses/TASM101%25
r= <Response [200]>
matching classes= set([u'TASM101_SEM2_2017', u'TASM101_YEAR_2016', u'TASM101_SEM2_2018'])
[u'', u'', u'', u'', u'', u'', u'', u'', u'', u'', u'', u'', u'']
check '' ''
[u'WDYN102_YEAR_2018', u'WDYN102_YEAR_2017', u'WDYN102', u'WORKPLACE DYNAMICS I', u'NDOPM1', u'ND: OPERATIONS MANAGEMENT', u'11', u'YEAR', u'D1', u'Durban Campus Full-time', u'A', u'40012339:Ramchander;40008492:OSMAN', 8.0]
check 'WDYN102_YEAR_2018' 'WDYN102'
processXLS: only for SEM2 [u'WDYN102_YEAR_2018', u'WDYN102_YEAR_2017', u'WDYN102', u'WORKPLACE DYNAMICS I', u'NDOPM1', u'ND: OPERATIONS MANAGEMENT', u'11', u'YEAR', u'D1', u'Durban Campus Full-time', u'A', u'40012339:Ramchander;40008492:OSMAN', 8.0]
[u'WDYN102_YEAR_2018', u'WDYN102_YEAR_2017', u'WDYN102', u'WORKPLACE DYNAMICS I', u'NDOPM1', u'ND: OPERATIONS MANAGEMENT', u'11', u'YEAR', u'D3', u'Durban Campus Part-time', u'A', u'40012339:Ramchander;40008492:OSMAN', 7.0]
check 'WDYN102_YEAR_2018' 'WDYN102'
processXLS: only for SEM2 [u'WDYN102_YEAR_2018', u'WDYN102_YEAR_2017', u'WDYN102', u'WORKPLACE DYNAMICS I', u'NDOPM1', u'ND: OPERATIONS MANAGEMENT', u'11', u'YEAR', u'D3', u'Durban Campus Part-time', u'A', u'40012339:Ramchander;40008492:OSMAN', 7.0]
[u'', u'', u'', u'', u'', u'', u'', u'', u'', u'', u'', u'', u'']
check '' ''
[u'OGEF202_YEAR_2018', u'OGEF202_YEAR_2017', u'OGEF202', u'ORGANISATIONAL EFFECTIVENESS II', u'NDOPM1', u'ND: OPERATIONS MANAGEMENT', u'11', u'YEAR', u'D1', u'Durban Campus Full-time', u'A', u'40000543:MOODALIYAR', 71.0]
check 'OGEF202_YEAR_2018' 'OGEF202'
processXLS: only for SEM2 [u'OGEF202_YEAR_2018', u'OGEF202_YEAR_2017', u'OGEF202', u'ORGANISATIONAL EFFECTIVENESS II', u'NDOPM1', u'ND: OPERATIONS MANAGEMENT', u'11', u'YEAR', u'D1', u'Durban Campus Full-time', u'A', u'40000543:MOODALIYAR', 71.0]
[u'OGEF202_YEAR_2018', u'OGEF202_YEAR_2017', u'OGEF202', u'ORGANISATIONAL EFFECTIVENESS II', u'NDOPM1', u'ND: OPERATIONS MANAGEMENT', u'11', u'YEAR', u'D3', u'Durban Campus Part-time', u'A', u'40000543:MOODALIYAR', 97.0]
check 'OGEF202_YEAR_2018' 'OGEF202'
processXLS: only for SEM2 [u'OGEF202_YEAR_2018', u'OGEF202_YEAR_2017', u'OGEF202', u'ORGANISATIONAL EFFECTIVENESS II', u'NDOPM1', u'ND: OPERATIONS MANAGEMENT', u'11', u'YEAR', u'D3', u'Durban Campus Part-time', u'A', u'40000543:MOODALIYAR', 97.0]
[u'OGEF202_YEAR_2018', u'OGEF202_YEAR_2017', u'OGEF202', u'ORGANISATIONAL EFFECTIVENESS II', u'NODIP6', u'NON-DIPLOMA PURPOSE (MAN SC)', u'11', u'YEAR', u'D8', u'DBN PART-TIME NON-SUBSIDISED', u'A', u'40000543:MOODALIYAR', 1.0]
check 'OGEF202_YEAR_2018' 'OGEF202'
processXLS: only for SEM2 [u'OGEF202_YEAR_2018', u'OGEF202_YEAR_2017', u'OGEF202', u'ORGANISATIONAL EFFECTIVENESS II', u'NODIP6', u'NON-DIPLOMA PURPOSE (MAN SC)', u'11', u'YEAR', u'D8', u'DBN PART-TIME NON-SUBSIDISED', u'A', u'40000543:MOODALIYAR', 1.0]
[u'', u'', u'', u'', u'', u'', u'', u'', u'', u'', u'', u'', u'']
check '' ''
[u'OPMN201_YEAR_2018', u'OPMN201_YEAR_2017', u'OPMN201', u'OPERATIONS MANAGEMENT II', u'NDOPM1', u'ND: OPERATIONS MANAGEMENT', u'11', u'YEAR', u'D1', u'Durban Campus Full-time', u'A', u'40000538:BIYELA;40011765:MDUBEKI', 71.0]
check 'OPMN201_YEAR_2018' 'OPMN201'
processXLS: only for SEM2 [u'OPMN201_YEAR_2018', u'OPMN201_YEAR_2017', u'OPMN201', u'OPERATIONS MANAGEMENT II', u'NDOPM1', u'ND: OPERATIONS MANAGEMENT', u'11', u'YEAR', u'D1', u'Durban Campus Full-time', u'A', u'40000538:BIYELA;40011765:MDUBEKI', 71.0]
[u'OPMN201_YEAR_2018', u'OPMN201_YEAR_2017', u'OPMN201', u'OPERATIONS MANAGEMENT II', u'NDOPM1', u'ND: OPERATIONS MANAGEMENT', u'11', u'YEAR', u'D3', u'Durban Campus Part-time', u'A', u'40000538:BIYELA;40011765:MDUBEKI', 104.0]
check 'OPMN201_YEAR_2018' 'OPMN201'
processXLS: only for SEM2 [u'OPMN201_YEAR_2018', u'OPMN201_YEAR_2017', u'OPMN201', u'OPERATIONS MANAGEMENT II', u'NDOPM1', u'ND: OPERATIONS MANAGEMENT', u'11', u'YEAR', u'D3', u'Durban Campus Part-time', u'A', u'40000538:BIYELA;40011765:MDUBEKI', 104.0]
[u'OPMN201_YEAR_2018', u'OPMN201_YEAR_2017', u'OPMN201', u'OPERATIONS MANAGEMENT II', u'NODIP6', u'NON-DIPLOMA PURPOSE (MAN SC)', u'11', u'YEAR', u'D7', u'DBN FULL-TIME NON-SUBSIDISED', u'A', u'40000538:BIYELA;40011765:MDUBEKI', 5.0]
check 'OPMN201_YEAR_2018' 'OPMN201'
processXLS: only for SEM2 [u'OPMN201_YEAR_2018', u'OPMN201_YEAR_2017', u'OPMN201', u'OPERATIONS MANAGEMENT II', u'NODIP6', u'NON-DIPLOMA PURPOSE (MAN SC)', u'11', u'YEAR', u'D7', u'DBN FULL-TIME NON-SUBSIDISED', u'A', u'40000538:BIYELA;40011765:MDUBEKI', 5.0]
[u'OPMN201_YEAR_2018', u'OPMN201_YEAR_2017', u'OPMN201', u'OPERATIONS MANAGEMENT II', u'NODIP6', u'NON-DIPLOMA PURPOSE (MAN SC)', u'11', u'YEAR', u'D8', u'DBN PART-TIME NON-SUBSIDISED', u'A', u'40000538:BIYELA;40011765:MDUBEKI', 1.0]
check 'OPMN201_YEAR_2018' 'OPMN201'
processXLS: only for SEM2 [u'OPMN201_YEAR_2018', u'OPMN201_YEAR_2017', u'OPMN201', u'OPERATIONS MANAGEMENT II', u'NODIP6', u'NON-DIPLOMA PURPOSE (MAN SC)', u'11', u'YEAR', u'D8', u'DBN PART-TIME NON-SUBSIDISED', u'A', u'40000538:BIYELA;40011765:MDUBEKI', 1.0]
[u'', u'', u'', u'', u'', u'', u'', u'', u'', u'', u'', u'', u'']
check '' ''
[u'OPMT201_YEAR_2018', u'OPMT201_YEAR_2017', u'OPMT201', u'OPERATIONS MANAGEMENT TECHNIQUES II', u'NDOPM1', u'ND: OPERATIONS MANAGEMENT', u'11', u'YEAR', u'D1', u'Durban Campus Full-time', u'A', u'40000048:CHELLAN;40007515:NOGAYA', 73.0]
check 'OPMT201_YEAR_2018' 'OPMT201'
processXLS: only for SEM2 [u'OPMT201_YEAR_2018', u'OPMT201_YEAR_2017', u'OPMT201', u'OPERATIONS MANAGEMENT TECHNIQUES II', u'NDOPM1', u'ND: OPERATIONS MANAGEMENT', u'11', u'YEAR', u'D1', u'Durban Campus Full-time', u'A', u'40000048:CHELLAN;40007515:NOGAYA', 73.0]
[u'OPMT201_YEAR_2018', u'OPMT201_YEAR_2017', u'OPMT201', u'OPERATIONS MANAGEMENT TECHNIQUES II', u'NDOPM1', u'ND: OPERATIONS MANAGEMENT', u'11', u'YEAR', u'D3', u'Durban Campus Part-time', u'A', u'40000048:CHELLAN;40007515:NOGAYA', 97.0]
check 'OPMT201_YEAR_2018' 'OPMT201'
processXLS: only for SEM2 [u'OPMT201_YEAR_2018', u'OPMT201_YEAR_2017', u'OPMT201', u'OPERATIONS MANAGEMENT TECHNIQUES II', u'NDOPM1', u'ND: OPERATIONS MANAGEMENT', u'11', u'YEAR', u'D3', u'Durban Campus Part-time', u'A', u'40000048:CHELLAN;40007515:NOGAYA', 97.0]
[u'OPMT201_YEAR_2018', u'OPMT201_YEAR_2017', u'OPMT201', u'OPERATIONS MANAGEMENT TECHNIQUES II', u'NODIP6', u'NON-DIPLOMA PURPOSE (MAN SC)', u'11', u'YEAR', u'D8', u'DBN PART-TIME NON-SUBSIDISED', u'A', u'40000048:CHELLAN;40007515:NOGAYA', 1.0]
check 'OPMT201_YEAR_2018' 'OPMT201'
processXLS: only for SEM2 [u'OPMT201_YEAR_2018', u'OPMT201_YEAR_2017', u'OPMT201', u'OPERATIONS MANAGEMENT TECHNIQUES II', u'NODIP6', u'NON-DIPLOMA PURPOSE (MAN SC)', u'11', u'YEAR', u'D8', u'DBN PART-TIME NON-SUBSIDISED', u'A', u'40000048:CHELLAN;40007515:NOGAYA', 1.0]
[u'', u'', u'', u'', u'', u'', u'', u'', u'', u'', u'', u'', u'']
check '' ''
[u'PDMT203_YEAR_2018', u'PDMT203_YEAR_2017', u'PDMT203', u'PRODUCTION MANAGEMENT II', u'BTMNG1', u'BT: MANAGEMENT', u'11', u'YEAR', u'D3', u'Durban Campus Part-time', u'A', u'40000449:NAIDOO;40000538:BIYELA', 15.0]
check 'PDMT203_YEAR_2018' 'PDMT203'
processXLS: only for SEM2 [u'PDMT203_YEAR_2018', u'PDMT203_YEAR_2017', u'PDMT203', u'PRODUCTION MANAGEMENT II', u'BTMNG1', u'BT: MANAGEMENT', u'11', u'YEAR', u'D3', u'Durban Campus Part-time', u'A', u'40000449:NAIDOO;40000538:BIYELA', 15.0]
[u'', u'', u'', u'', u'', u'', u'', u'', u'', u'', u'', u'', u'']
check '' ''
[u'OGEF302_YEAR_2018', u'OGEF302_YEAR_2017', u'OGEF302', u'ORGANISATIONAL EFFECTIVENESS III', u'NDOPM1', u'ND: OPERATIONS MANAGEMENT', u'11', u'YEAR', u'D1', u'Durban Campus Full-time', u'A', u'4000543:MOODALIYAR', 45.0]
check 'OGEF302_YEAR_2018' 'OGEF302'
processXLS: only for SEM2 [u'OGEF302_YEAR_2018', u'OGEF302_YEAR_2017', u'OGEF302', u'ORGANISATIONAL EFFECTIVENESS III', u'NDOPM1', u'ND: OPERATIONS MANAGEMENT', u'11', u'YEAR', u'D1', u'Durban Campus Full-time', u'A', u'4000543:MOODALIYAR', 45.0]
[u'OGEF302_YEAR_2018', u'OGEF302_YEAR_2017', u'OGEF302', u'ORGANISATIONAL EFFECTIVENESS III', u'NDOPM1', u'ND: OPERATIONS MANAGEMENT', u'11', u'YEAR', u'D3', u'Durban Campus Part-time', u'A', u'4000543:MOODALIYAR', 85.0]
check 'OGEF302_YEAR_2018' 'OGEF302'
processXLS: only for SEM2 [u'OGEF302_YEAR_2018', u'OGEF302_YEAR_2017', u'OGEF302', u'ORGANISATIONAL EFFECTIVENESS III', u'NDOPM1', u'ND: OPERATIONS MANAGEMENT', u'11', u'YEAR', u'D3', u'Durban Campus Part-time', u'A', u'4000543:MOODALIYAR', 85.0]
[u'OGEF302_YEAR_2018', u'OGEF302_YEAR_2017', u'OGEF302', u'ORGANISATIONAL EFFECTIVENESS III', u'NODIP6', u'NON-DIPLOMA PURPOSE (MAN SC)', u'11', u'YEAR', u'D8', u'DBN PART-TIME NON-SUBSIDISED', u'A', u'4000543:MOODALIYAR', 1.0]
check 'OGEF302_YEAR_2018' 'OGEF302'
processXLS: only for SEM2 [u'OGEF302_YEAR_2018', u'OGEF302_YEAR_2017', u'OGEF302', u'ORGANISATIONAL EFFECTIVENESS III', u'NODIP6', u'NON-DIPLOMA PURPOSE (MAN SC)', u'11', u'YEAR', u'D8', u'DBN PART-TIME NON-SUBSIDISED', u'A', u'4000543:MOODALIYAR', 1.0]
[u'', u'', u'', u'', u'', u'', u'', u'', u'', u'', u'', u'', u'']
check '' ''
[u'OPMN301_YEAR_2018', u'OPMN301_YEAR_2017', u'OPMN301', u'OPERATIONS MANAGEMENT III', u'NDOPM1', u'ND: OPERATIONS MANAGEMENT', u'11', u'YEAR', u'D1', u'Durban Campus Full-time', u'A', u'40012339:Ramchander', 41.0]
check 'OPMN301_YEAR_2018' 'OPMN301'
processXLS: only for SEM2 [u'OPMN301_YEAR_2018', u'OPMN301_YEAR_2017', u'OPMN301', u'OPERATIONS MANAGEMENT III', u'NDOPM1', u'ND: OPERATIONS MANAGEMENT', u'11', u'YEAR', u'D1', u'Durban Campus Full-time', u'A', u'40012339:Ramchander', 41.0]
[u'OPMN301_YEAR_2018', u'OPMN301_YEAR_2017', u'OPMN301', u'OPERATIONS MANAGEMENT III', u'NDOPM1', u'ND: OPERATIONS MANAGEMENT', u'11', u'YEAR', u'D3', u'Durban Campus Part-time', u'A', u'40012339:Ramchander', 83.0]
check 'OPMN301_YEAR_2018' 'OPMN301'
processXLS: only for SEM2 [u'OPMN301_YEAR_2018', u'OPMN301_YEAR_2017', u'OPMN301', u'OPERATIONS MANAGEMENT III', u'NDOPM1', u'ND: OPERATIONS MANAGEMENT', u'11', u'YEAR', u'D3', u'Durban Campus Part-time', u'A', u'40012339:Ramchander', 83.0]
[u'OPMN301_YEAR_2018', u'OPMN301_YEAR_2017', u'OPMN301', u'OPERATIONS MANAGEMENT III', u'NODIP6', u'NON-DIPLOMA PURPOSE (MAN SC)', u'11', u'YEAR', u'D8', u'DBN PART-TIME NON-SUBSIDISED', u'A', u'40012339:Ramchander', 2.0]
check 'OPMN301_YEAR_2018' 'OPMN301'
processXLS: only for SEM2 [u'OPMN301_YEAR_2018', u'OPMN301_YEAR_2017', u'OPMN301', u'OPERATIONS MANAGEMENT III', u'NODIP6', u'NON-DIPLOMA PURPOSE (MAN SC)', u'11', u'YEAR', u'D8', u'DBN PART-TIME NON-SUBSIDISED', u'A', u'40012339:Ramchander', 2.0]
[u'', u'', u'', u'', u'', u'', u'', u'', u'', u'', u'', u'', u'']
check '' ''
[u'OPMT301_YEAR_2018', u'OPMT301_YEAR_2017', u'OPMT301', u'OPERATIONS MANAGEMENT TECHNIQUES III', u'NDOPM1', u'ND: OPERATIONS MANAGEMENT', u'11', u'YEAR', u'D1', u'Durban Campus Full-time', u'A', u'40000538:BIYELA', 40.0]
check 'OPMT301_YEAR_2018' 'OPMT301'
processXLS: only for SEM2 [u'OPMT301_YEAR_2018', u'OPMT301_YEAR_2017', u'OPMT301', u'OPERATIONS MANAGEMENT TECHNIQUES III', u'NDOPM1', u'ND: OPERATIONS MANAGEMENT', u'11', u'YEAR', u'D1', u'Durban Campus Full-time', u'A', u'40000538:BIYELA', 40.0]
[u'OPMT301_YEAR_2018', u'OPMT301_YEAR_2017', u'OPMT301', u'OPERATIONS MANAGEMENT TECHNIQUES III', u'NDOPM1', u'ND: OPERATIONS MANAGEMENT', u'11', u'YEAR', u'D3', u'Durban Campus Part-time', u'A', u'40000538:BIYELA', 74.0]
check 'OPMT301_YEAR_2018' 'OPMT301'
processXLS: only for SEM2 [u'OPMT301_YEAR_2018', u'OPMT301_YEAR_2017', u'OPMT301', u'OPERATIONS MANAGEMENT TECHNIQUES III', u'NDOPM1', u'ND: OPERATIONS MANAGEMENT', u'11', u'YEAR', u'D3', u'Durban Campus Part-time', u'A', u'40000538:BIYELA', 74.0]
[u'OPMT301_YEAR_2018', u'OPMT301_YEAR_2017', u'OPMT301', u'OPERATIONS MANAGEMENT TECHNIQUES III', u'NODIP6', u'NON-DIPLOMA PURPOSE (MAN SC)', u'11', u'YEAR', u'D8', u'DBN PART-TIME NON-SUBSIDISED', u'A', u'40000538:BIYELA', 1.0]
check 'OPMT301_YEAR_2018' 'OPMT301'
processXLS: only for SEM2 [u'OPMT301_YEAR_2018', u'OPMT301_YEAR_2017', u'OPMT301', u'OPERATIONS MANAGEMENT TECHNIQUES III', u'NODIP6', u'NON-DIPLOMA PURPOSE (MAN SC)', u'11', u'YEAR', u'D8', u'DBN PART-TIME NON-SUBSIDISED', u'A', u'40000538:BIYELA', 1.0]
[u'', u'', u'', u'', u'', u'', u'', u'', u'', u'', u'', u'', u'']
check '' ''
[u'QMSY301_SEM1_2018', u'QMSY301_SEM1_2017', u'QMSY301', u'QUALITY MANAGEMENT SYSTEMS III', u'NODIP6', u'NON-DIPLOMA PURPOSE (MAN SC)', u'21', u'SEMESTER 1', u'D8', u'DBN PART-TIME NON-SUBSIDISED', u'A', u'40002032:SINGH ', 3.0]
check 'QMSY301_SEM1_2018' 'QMSY301'
processXLS: only for SEM2 [u'QMSY301_SEM1_2018', u'QMSY301_SEM1_2017', u'QMSY301', u'QUALITY MANAGEMENT SYSTEMS III', u'NODIP6', u'NON-DIPLOMA PURPOSE (MAN SC)', u'21', u'SEMESTER 1', u'D8', u'DBN PART-TIME NON-SUBSIDISED', u'A', u'40002032:SINGH ', 3.0]
[u'', u'', u'', u'', u'', u'', u'', u'', u'', u'', u'', u'', u'']
check '' ''
[u'QUMS301_SEM1_2018', u'QUMS301_SEM1_2017', u'QUMS301', u'QUALITY MANAGEMENT SYSTEMS III', u'BTQAL1', u'BT: QUALITY', u'21', u'SEMESTER 1', u'D3', u'Durban Campus Part-time', u'A', u'40002032:SINGH 40000652 RAMLAGAN', 44.0]
check 'QUMS301_SEM1_2018' 'QUMS301'
processXLS: only for SEM2 [u'QUMS301_SEM1_2018', u'QUMS301_SEM1_2017', u'QUMS301', u'QUALITY MANAGEMENT SYSTEMS III', u'BTQAL1', u'BT: QUALITY', u'21', u'SEMESTER 1', u'D3', u'Durban Campus Part-time', u'A', u'40002032:SINGH 40000652 RAMLAGAN', 44.0]
[u'', u'', u'', u'', u'', u'', u'', u'', u'', u'', u'', u'', u'']
check '' ''
[u'SQTQ301_SEM1_2018', u'SQTQ301_SEM1_2017', u'SQTQ301', u'STATISTICAL QUALITY TECHNIQUES III', u'BTQAL1', u'BT: QUALITY', u'21', u'SEMESTER 1', u'D3', u'Durban Campus Part-time', u'A', u'40000298:SINGH', 49.0]
check 'SQTQ301_SEM1_2018' 'SQTQ301'
processXLS: only for SEM2 [u'SQTQ301_SEM1_2018', u'SQTQ301_SEM1_2017', u'SQTQ301', u'STATISTICAL QUALITY TECHNIQUES III', u'BTQAL1', u'BT: QUALITY', u'21', u'SEMESTER 1', u'D3', u'Durban Campus Part-time', u'A', u'40000298:SINGH', 49.0]
[u'', u'', u'', u'', u'', u'', u'', u'', u'', u'', u'', u'', u'']
check '' ''
[u'CQUI401_SEM1_2018', u'CQUI401_SEM1_2017', u'CQUI401', u'CONTINUAL QUALITY IMPROVEMENT IV', u'BTQAL1', u'BT: QUALITY', u'21', u'SEMESTER 1', u'D3', u'Durban Campus Part-time', u'A', u'40002032:SINGH ', 39.0]
check 'CQUI401_SEM1_2018' 'CQUI401'
processXLS: only for SEM2 [u'CQUI401_SEM1_2018', u'CQUI401_SEM1_2017', u'CQUI401', u'CONTINUAL QUALITY IMPROVEMENT IV', u'BTQAL1', u'BT: QUALITY', u'21', u'SEMESTER 1', u'D3', u'Durban Campus Part-time', u'A', u'40002032:SINGH ', 39.0]
[u'', u'', u'', u'', u'', u'', u'', u'', u'', u'', u'', u'', u'']
check '' ''
[u'OPMN401_YEAR_2018', u'OPMN401_YEAR_2017', u'OPMN401', u'OPERATIONS MANAGEMENT IV', u'BTOPM1', u'BT: OPERATIONS MANAGEMENT', u'11', u'YEAR', u'D3', u'Durban Campus Part-time', u'A', u'40000449: NAIDOO', 127.0]
check 'OPMN401_YEAR_2018' 'OPMN401'
processXLS: only for SEM2 [u'OPMN401_YEAR_2018', u'OPMN401_YEAR_2017', u'OPMN401', u'OPERATIONS MANAGEMENT IV', u'BTOPM1', u'BT: OPERATIONS MANAGEMENT', u'11', u'YEAR', u'D3', u'Durban Campus Part-time', u'A', u'40000449: NAIDOO', 127.0]
[u'', u'', u'', u'', u'', u'', u'', u'', u'', u'', u'', u'', u'']
check '' ''
[u'PROJ401_YEAR_2018', u'PROJ401_YEAR_2017', u'PROJ401', u'PROJECT IV', u'BTQAL1', u'BT: QUALITY', u'11', u'YEAR', u'D3', u'Durban Campus Part-time', u'A', u'40002032:SINGH ', 52.0]
check 'PROJ401_YEAR_2018' 'PROJ401'
processXLS: only for SEM2 [u'PROJ401_YEAR_2018', u'PROJ401_YEAR_2017', u'PROJ401', u'PROJECT IV', u'BTQAL1', u'BT: QUALITY', u'11', u'YEAR', u'D3', u'Durban Campus Part-time', u'A', u'40002032:SINGH ', 52.0]
[u'', u'', u'', u'', u'', u'', u'', u'', u'', u'', u'', u'', u'']
check '' ''
[u'QATE401_SEM2_2018', u'QATE401_SEM2_2017', u'QATE401', u'QUALITY AUDITING TECHNIQUES IV', u'BTQAL1', u'BT: QUALITY', u'22', u'SEMESTER 2', u'D3', u'Durban Campus Part-time', u'A', u'40002032:SINGH ', 44.0]
check 'QATE401_SEM2_2018' 'QATE401'
adding  QATE401
requesting:  http://10.0.100.98:8000/bbinfo/matching_courses/QATE401%25
r= <Response [200]>
matching classes= set([u'QATE401_SEM2_2017', u'QATE401_SEM2_2016', u'QATE401_SEM2_2018', u'QATE401_13_MOOR'])
[u'', u'', u'', u'', u'', u'', u'', u'', u'', u'', u'', u'', u'']
check '' ''
[u'QPIM401_SEM2_2018', u'QPIM401_SEM2_2017', u'QPIM401', u'QUALITY PLANNING AND IMPLEMENTATION IV', u'BTQAL1', u'BT: QUALITY', u'22', u'SEMESTER 2', u'D3', u'Durban Campus Part-time', u'A', u'40010111:RATHILALL;40000449:NAIDOO', 44.0]
check 'QPIM401_SEM2_2018' 'QPIM401'
adding  QPIM401
requesting:  http://10.0.100.98:8000/bbinfo/matching_courses/QPIM401%25
r= <Response [200]>
matching classes= set([u'QPIM401_13_GOOD', u'QPIM401_SEM2_2016', u'QPIM401_SEM2_2017', u'QPIM401_SEM2_2018'])
[u'', u'', u'', u'', u'', u'', u'', u'', u'', u'', u'', u'', u'']
check '' ''
[u'QUAT401_SEM1_2018', u'QUAT401_SEM1_2017', u'QUAT401', u'QUALITY TECHNIQUES IV', u'BTQAL1', u'BT: QUALITY', u'21', u'SEMESTER 1', u'D3', u'Durban Campus Part-time', u'A', u'40000298:SINGH', 35.0]
check 'QUAT401_SEM1_2018' 'QUAT401'
processXLS: only for SEM2 [u'QUAT401_SEM1_2018', u'QUAT401_SEM1_2017', u'QUAT401', u'QUALITY TECHNIQUES IV', u'BTQAL1', u'BT: QUALITY', u'21', u'SEMESTER 1', u'D3', u'Durban Campus Part-time', u'A', u'40000298:SINGH', 35.0]
[u'QUAT401_SEM1_2018', u'QUAT401_SEM1_2017', u'QUAT401', u'QUALITY TECHNIQUES IV', u'NODIP6', u'NON-DIPLOMA PURPOSE (MAN SC)', u'21', u'SEMESTER 1', u'D8', u'DBN PART-TIME NON-SUBSIDISED', u'A', u'40000298:SINGH', 2.0]
check 'QUAT401_SEM1_2018' 'QUAT401'
processXLS: only for SEM2 [u'QUAT401_SEM1_2018', u'QUAT401_SEM1_2017', u'QUAT401', u'QUALITY TECHNIQUES IV', u'NODIP6', u'NON-DIPLOMA PURPOSE (MAN SC)', u'21', u'SEMESTER 1', u'D8', u'DBN PART-TIME NON-SUBSIDISED', u'A', u'40000298:SINGH', 2.0]
[u'', u'', u'', u'', u'', u'', u'', u'', u'', u'', u'', u'', u'']
check '' ''
[u'RESC511_YEAR_2018', u'RESC511_YEAR_2017', u'RESC511', u'RESEARCH (1ST REGISTRATION)', u'MPQMN1', u'MASTER OF PHILOSOPHY IN QUALITY MAN', u'P0', u'POST-GRAD ANNUAL REGISTRATIONS', u'D1', u'Durban Campus Full-time', u'A', u'40000449:NAIDOO', 3.0]
check 'RESC511_YEAR_2018' 'RESC511'
processXLS: only for SEM2 [u'RESC511_YEAR_2018', u'RESC511_YEAR_2017', u'RESC511', u'RESEARCH (1ST REGISTRATION)', u'MPQMN1', u'MASTER OF PHILOSOPHY IN QUALITY MAN', u'P0', u'POST-GRAD ANNUAL REGISTRATIONS', u'D1', u'Durban Campus Full-time', u'A', u'40000449:NAIDOO', 3.0]
[u'RESC511_YEAR_2018', u'RESC511_YEAR_2017', u'RESC511', u'RESEARCH (1ST REGISTRATION)', u'MPQMN1', u'MASTER OF PHILOSOPHY IN QUALITY MAN', u'P0', u'POST-GRAD ANNUAL REGISTRATIONS', u'D3', u'Durban Campus Part-time', u'A', u'40000449:NAIDOO', 17.0]
check 'RESC511_YEAR_2018' 'RESC511'
processXLS: only for SEM2 [u'RESC511_YEAR_2018', u'RESC511_YEAR_2017', u'RESC511', u'RESEARCH (1ST REGISTRATION)', u'MPQMN1', u'MASTER OF PHILOSOPHY IN QUALITY MAN', u'P0', u'POST-GRAD ANNUAL REGISTRATIONS', u'D3', u'Durban Campus Part-time', u'A', u'40000449:NAIDOO', 17.0]
[u'', u'', u'', u'', u'', u'', u'', u'', u'', u'', u'', u'', u'']
check '' ''
[u'RESC521_YEAR_2018', u'RESC521_YEAR_2017', u'RESC521', u'RESEARCH (2ND REGISTRATION)', u'MPQMN1', u'MASTER OF PHILOSOPHY IN QUALITY MAN', u'P0', u'POST-GRAD ANNUAL REGISTRATIONS', u'D1', u'Durban Campus Full-time', u'A', u'40000449:NAIDOO', 1.0]
check 'RESC521_YEAR_2018' 'RESC521'
processXLS: only for SEM2 [u'RESC521_YEAR_2018', u'RESC521_YEAR_2017', u'RESC521', u'RESEARCH (2ND REGISTRATION)', u'MPQMN1', u'MASTER OF PHILOSOPHY IN QUALITY MAN', u'P0', u'POST-GRAD ANNUAL REGISTRATIONS', u'D1', u'Durban Campus Full-time', u'A', u'40000449:NAIDOO', 1.0]
[u'RESC521_YEAR_2018', u'RESC521_YEAR_2017', u'RESC521', u'RESEARCH (2ND REGISTRATION)', u'MPQMN1', u'MASTER OF PHILOSOPHY IN QUALITY MAN', u'P0', u'POST-GRAD ANNUAL REGISTRATIONS', u'D3', u'Durban Campus Part-time', u'A', u'40000449:NAIDOO', 1.0]
check 'RESC521_YEAR_2018' 'RESC521'
processXLS: only for SEM2 [u'RESC521_YEAR_2018', u'RESC521_YEAR_2017', u'RESC521', u'RESEARCH (2ND REGISTRATION)', u'MPQMN1', u'MASTER OF PHILOSOPHY IN QUALITY MAN', u'P0', u'POST-GRAD ANNUAL REGISTRATIONS', u'D3', u'Durban Campus Part-time', u'A', u'40000449:NAIDOO', 1.0]
[u'', u'', u'', u'', u'', u'', u'', u'', u'', u'', u'', u'', u'']
check '' ''
[u'RESC531_YEAR_2018', u'RESC531_YEAR_2017', u'RESC531', u'RESEARCH (3RD REGISTRATION)', u'MPQMN1', u'MASTER OF PHILOSOPHY IN QUALITY MAN', u'P0', u'POST-GRAD ANNUAL REGISTRATIONS', u'D1', u'Durban Campus Full-time', u'A', u'40000449:NAIDOO', 1.0]
check 'RESC531_YEAR_2018' 'RESC531'
processXLS: only for SEM2 [u'RESC531_YEAR_2018', u'RESC531_YEAR_2017', u'RESC531', u'RESEARCH (3RD REGISTRATION)', u'MPQMN1', u'MASTER OF PHILOSOPHY IN QUALITY MAN', u'P0', u'POST-GRAD ANNUAL REGISTRATIONS', u'D1', u'Durban Campus Full-time', u'A', u'40000449:NAIDOO', 1.0]
[u'RESC531_YEAR_2018', u'RESC531_YEAR_2017', u'RESC531', u'RESEARCH (3RD REGISTRATION)', u'MPQMN1', u'MASTER OF PHILOSOPHY IN QUALITY MAN', u'P0', u'POST-GRAD ANNUAL REGISTRATIONS', u'D3', u'Durban Campus Part-time', u'A', u'40000449:NAIDOO', 2.0]
check 'RESC531_YEAR_2018' 'RESC531'
processXLS: only for SEM2 [u'RESC531_YEAR_2018', u'RESC531_YEAR_2017', u'RESC531', u'RESEARCH (3RD REGISTRATION)', u'MPQMN1', u'MASTER OF PHILOSOPHY IN QUALITY MAN', u'P0', u'POST-GRAD ANNUAL REGISTRATIONS', u'D3', u'Durban Campus Part-time', u'A', u'40000449:NAIDOO', 2.0]
[u'', u'', u'', u'', u'', u'', u'', u'', u'', u'', u'', u'', u'']
check '' ''
[u'RSQL511_YEAR_2018', u'RSQL511_YEAR_2017', u'RSQL511', u'RESEARCH (1ST REGISTRATION)', u'MPQMN1', u'MASTER OF PHILOSOPHY IN QUALITY MAN', u'P0', u'POST-GRAD ANNUAL REGISTRATIONS', u'D1', u'Durban Campus Full-time', u'A', u'40000449:Naidoo', 5.0]
check 'RSQL511_YEAR_2018' 'RSQL511'
processXLS: only for SEM2 [u'RSQL511_YEAR_2018', u'RSQL511_YEAR_2017', u'RSQL511', u'RESEARCH (1ST REGISTRATION)', u'MPQMN1', u'MASTER OF PHILOSOPHY IN QUALITY MAN', u'P0', u'POST-GRAD ANNUAL REGISTRATIONS', u'D1', u'Durban Campus Full-time', u'A', u'40000449:Naidoo', 5.0]
[u'RSQL511_YEAR_2018', u'RSQL511_YEAR_2017', u'RSQL511', u'RESEARCH (1ST REGISTRATION)', u'MPQMN1', u'MASTER OF PHILOSOPHY IN QUALITY MAN', u'P0', u'POST-GRAD ANNUAL REGISTRATIONS', u'D3', u'Durban Campus Part-time', u'A', u'40000449:Naidoo', 19.0]
check 'RSQL511_YEAR_2018' 'RSQL511'
processXLS: only for SEM2 [u'RSQL511_YEAR_2018', u'RSQL511_YEAR_2017', u'RSQL511', u'RESEARCH (1ST REGISTRATION)', u'MPQMN1', u'MASTER OF PHILOSOPHY IN QUALITY MAN', u'P0', u'POST-GRAD ANNUAL REGISTRATIONS', u'D3', u'Durban Campus Part-time', u'A', u'40000449:Naidoo', 19.0]
[u'', u'', u'', u'', u'', u'', u'', u'', u'', u'', u'', u'', u'']
check '' ''
[u'RSQL521_YEAR_2018', u'RSQL521_YEAR_2017', u'RSQL521', u'RESEARCH (2ND REGISTRATION)', u'MPQMN1', u'MASTER OF PHILOSOPHY IN QUALITY MAN', u'P0', u'POST-GRAD ANNUAL REGISTRATIONS', u'D1', u'Durban Campus Full-time', u'A', u'40000449:Naidoo', 1.0]
check 'RSQL521_YEAR_2018' 'RSQL521'
processXLS: only for SEM2 [u'RSQL521_YEAR_2018', u'RSQL521_YEAR_2017', u'RSQL521', u'RESEARCH (2ND REGISTRATION)', u'MPQMN1', u'MASTER OF PHILOSOPHY IN QUALITY MAN', u'P0', u'POST-GRAD ANNUAL REGISTRATIONS', u'D1', u'Durban Campus Full-time', u'A', u'40000449:Naidoo', 1.0]
[u'RSQL521_YEAR_2018', u'RSQL521_YEAR_2017', u'RSQL521', u'RESEARCH (2ND REGISTRATION)', u'MPQMN1', u'MASTER OF PHILOSOPHY IN QUALITY MAN', u'P0', u'POST-GRAD ANNUAL REGISTRATIONS', u'D3', u'Durban Campus Part-time', u'A', u'40000449:Naidoo', 1.0]
check 'RSQL521_YEAR_2018' 'RSQL521'
processXLS: only for SEM2 [u'RSQL521_YEAR_2018', u'RSQL521_YEAR_2017', u'RSQL521', u'RESEARCH (2ND REGISTRATION)', u'MPQMN1', u'MASTER OF PHILOSOPHY IN QUALITY MAN', u'P0', u'POST-GRAD ANNUAL REGISTRATIONS', u'D3', u'Durban Campus Part-time', u'A', u'40000449:Naidoo', 1.0]
[u'', u'', u'', u'', u'', u'', u'', u'', u'', u'', u'', u'', u'']
check '' ''
[u'RSQL531_YEAR_2018', u'RSQL531_YEAR_2017', u'RSQL531', u'RESEARCH (3RD REGISTRATION)', u'MPQMN1', u'MASTER OF PHILOSOPHY IN QUALITY MAN', u'P0', u'POST-GRAD ANNUAL REGISTRATIONS', u'D1', u'Durban Campus Full-time', u'A', u'40000449:Naidoo', 1.0]
check 'RSQL531_YEAR_2018' 'RSQL531'
processXLS: only for SEM2 [u'RSQL531_YEAR_2018', u'RSQL531_YEAR_2017', u'RSQL531', u'RESEARCH (3RD REGISTRATION)', u'MPQMN1', u'MASTER OF PHILOSOPHY IN QUALITY MAN', u'P0', u'POST-GRAD ANNUAL REGISTRATIONS', u'D1', u'Durban Campus Full-time', u'A', u'40000449:Naidoo', 1.0]
[u'RSQL531_YEAR_2018', u'RSQL531_YEAR_2017', u'RSQL531', u'RESEARCH (3RD REGISTRATION)', u'MPQMN1', u'MASTER OF PHILOSOPHY IN QUALITY MAN', u'P0', u'POST-GRAD ANNUAL REGISTRATIONS', u'D3', u'Durban Campus Part-time', u'A', u'40000449:Naidoo', 2.0]
check 'RSQL531_YEAR_2018' 'RSQL531'
processXLS: only for SEM2 [u'RSQL531_YEAR_2018', u'RSQL531_YEAR_2017', u'RSQL531', u'RESEARCH (3RD REGISTRATION)', u'MPQMN1', u'MASTER OF PHILOSOPHY IN QUALITY MAN', u'P0', u'POST-GRAD ANNUAL REGISTRATIONS', u'D3', u'Durban Campus Part-time', u'A', u'40000449:Naidoo', 2.0]
[u'', u'', u'', u'', u'', u'', u'', u'', u'', u'', u'', u'', u'']
check '' ''
[u'ADRS611_YEAR_2018', u'ADRS611_YEAR_2017', u'ADRS611', u'ADV RES PROJECT & DISSERTATION (1ST REG)', u'DPQMN1', u'DOCTOR OF PHILOSOPHY IN QUALITY MAN', u'P0', u'POST-GRAD ANNUAL REGISTRATIONS', u'D3', u'Durban Campus Part-time', u'A', u'40000449:Naidoo', 4.0]
check 'ADRS611_YEAR_2018' 'ADRS611'
processXLS: only for SEM2 [u'ADRS611_YEAR_2018', u'ADRS611_YEAR_2017', u'ADRS611', u'ADV RES PROJECT & DISSERTATION (1ST REG)', u'DPQMN1', u'DOCTOR OF PHILOSOPHY IN QUALITY MAN', u'P0', u'POST-GRAD ANNUAL REGISTRATIONS', u'D3', u'Durban Campus Part-time', u'A', u'40000449:Naidoo', 4.0]
[u'', u'', u'', u'', u'', u'', u'', u'', u'', u'', u'', u'', u'']
check '' ''
[u'ADRS631_YEAR_2018', u'ADRS631_YEAR_2017', u'ADRS631', u'ADV RES PROJECT & DISSERTATION (3RD REG)', u'DPQMN1', u'DOCTOR OF PHILOSOPHY IN QUALITY MAN', u'11', u'YEAR', u'D1', u'Durban Campus Full-time', u'A', u'40000449:NAIDOO', 1.0]
check 'ADRS631_YEAR_2018' 'ADRS631'
processXLS: only for SEM2 [u'ADRS631_YEAR_2018', u'ADRS631_YEAR_2017', u'ADRS631', u'ADV RES PROJECT & DISSERTATION (3RD REG)', u'DPQMN1', u'DOCTOR OF PHILOSOPHY IN QUALITY MAN', u'11', u'YEAR', u'D1', u'Durban Campus Full-time', u'A', u'40000449:NAIDOO', 1.0]
[u'ADRS631_YEAR_2018', u'ADRS631_YEAR_2017', u'ADRS631', u'ADV RES PROJECT & DISSERTATION (3RD REG)', u'DPQMN1', u'DOCTOR OF PHILOSOPHY IN QUALITY MAN', u'11', u'YEAR', u'D3', u'Durban Campus Part-time', u'A', u'40000449:NAIDOO', 1.0]
check 'ADRS631_YEAR_2018' 'ADRS631'
processXLS: only for SEM2 [u'ADRS631_YEAR_2018', u'ADRS631_YEAR_2017', u'ADRS631', u'ADV RES PROJECT & DISSERTATION (3RD REG)', u'DPQMN1', u'DOCTOR OF PHILOSOPHY IN QUALITY MAN', u'11', u'YEAR', u'D3', u'Durban Campus Part-time', u'A', u'40000449:NAIDOO', 1.0]
[u'ADRS631_YEAR_2018', u'ADRS631_YEAR_2017', u'ADRS631', u'ADV RES PROJECT & DISSERTATION (3RD REG)', u'DPQMN1', u'DOCTOR OF PHILOSOPHY IN QUALITY MAN', u'P0', u'POST-GRAD ANNUAL REGISTRATIONS', u'D3', u'Durban Campus Part-time', u'A', u'40000449:NAIDOO', 2.0]
check 'ADRS631_YEAR_2018' 'ADRS631'
processXLS: only for SEM2 [u'ADRS631_YEAR_2018', u'ADRS631_YEAR_2017', u'ADRS631', u'ADV RES PROJECT & DISSERTATION (3RD REG)', u'DPQMN1', u'DOCTOR OF PHILOSOPHY IN QUALITY MAN', u'P0', u'POST-GRAD ANNUAL REGISTRATIONS', u'D3', u'Durban Campus Part-time', u'A', u'40000449:NAIDOO', 2.0]
[u'', u'', u'', u'', u'', u'', u'', u'', u'', u'', u'', u'', u'']
check '' ''
[u'RSQL611_YEAR_2018', u'RSQL611_YEAR_2017', u'RSQL611', u'RESEARCH (1ST REGISTRATION)', u'DPQMN1', u'DOCTOR OF PHILOSOPHY IN QUALITY MAN', u'P0', u'POST-GRAD ANNUAL REGISTRATIONS', u'D1', u'Durban Campus Full-time', u'A', u'40000449:Naidoo', 1.0]
check 'RSQL611_YEAR_2018' 'RSQL611'
processXLS: only for SEM2 [u'RSQL611_YEAR_2018', u'RSQL611_YEAR_2017', u'RSQL611', u'RESEARCH (1ST REGISTRATION)', u'DPQMN1', u'DOCTOR OF PHILOSOPHY IN QUALITY MAN', u'P0', u'POST-GRAD ANNUAL REGISTRATIONS', u'D1', u'Durban Campus Full-time', u'A', u'40000449:Naidoo', 1.0]
[u'RSQL611_YEAR_2018', u'RSQL611_YEAR_2017', u'RSQL611', u'RESEARCH (1ST REGISTRATION)', u'DPQMN1', u'DOCTOR OF PHILOSOPHY IN QUALITY MAN', u'P0', u'POST-GRAD ANNUAL REGISTRATIONS', u'D3', u'Durban Campus Part-time', u'A', u'40000449:Naidoo', 4.0]
check 'RSQL611_YEAR_2018' 'RSQL611'
processXLS: only for SEM2 [u'RSQL611_YEAR_2018', u'RSQL611_YEAR_2017', u'RSQL611', u'RESEARCH (1ST REGISTRATION)', u'DPQMN1', u'DOCTOR OF PHILOSOPHY IN QUALITY MAN', u'P0', u'POST-GRAD ANNUAL REGISTRATIONS', u'D3', u'Durban Campus Part-time', u'A', u'40000449:Naidoo', 4.0]
[u'', u'', u'', u'', u'', u'', u'', u'', u'', u'', u'', u'', u'']
check '' ''
[u'RSQL631_YEAR_2018', u'RSQL631_YEAR_2017', u'RSQL631', u'RESEARCH (3RD REGISTRATION)', u'DPQMN1', u'DOCTOR OF PHILOSOPHY IN QUALITY MAN', u'P0', u'POST-GRAD ANNUAL REGISTRATIONS', u'D3', u'Durban Campus Part-time', u'A', u'40000449:Naidoo', 2.0]
check 'RSQL631_YEAR_2018' 'RSQL631'
processXLS: only for SEM2 [u'RSQL631_YEAR_2018', u'RSQL631_YEAR_2017', u'RSQL631', u'RESEARCH (3RD REGISTRATION)', u'DPQMN1', u'DOCTOR OF PHILOSOPHY IN QUALITY MAN', u'P0', u'POST-GRAD ANNUAL REGISTRATIONS', u'D3', u'Durban Campus Part-time', u'A', u'40000449:Naidoo', 2.0]
[u'', u'', u'', u'', u'', u'', u'', u'', u'', u'', u'', u'', u'']
check '' ''
[u'ALWR101_SEM2_2018', u'ALWR101_SEM2_2017', u'ALWR101', u'ACADEMIC LITERACY AND WRITING SKILLS', u'DIMOR1', u'DIP IN MANAGEMENT SCIENCES (OPERATIONS)', u'22', u'SEMESTER 2', u'D1', u'Durban Campus Full-time', u'A', u'40000652:RAMLAGAN;40000538:BIYELA', 72.0]
check 'ALWR101_SEM2_2018' 'ALWR101'
adding  ALWR101
requesting:  http://10.0.100.98:8000/bbinfo/matching_courses/ALWR101%25
r= <Response [200]>
matching classes= set([u'ALWR101_SEM2_2017', u'ALWR101_SEM2_2018', u'ALWR101_YEAR_2016'])
[u'ALWR101_SEM2_2018', u'ALWR101_SEM2_2017', u'ALWR101', u'ACADEMIC LITERACY AND WRITING SKILLS', u'DIMOR1', u'DIP IN MANAGEMENT SCIENCES (OPERATIONS)', u'22', u'SEMESTER 2', u'D3', u'Durban Campus Full-time', u'A', u'40000652:RAMLAGAN;40000538:BIYELA', 72.0]
check 'ALWR101_SEM2_2018' 'ALWR101'
adding  ALWR101
requesting:  http://10.0.100.98:8000/bbinfo/matching_courses/ALWR101%25
r= <Response [200]>
matching classes= set([u'ALWR101_SEM2_2017', u'ALWR101_SEM2_2018', u'ALWR101_YEAR_2016'])
[u'', u'', u'', u'', u'', u'', u'', u'', u'', u'', u'', u'', u'']
check '' ''
[u'ITLG101_YEAR_2018', u'ITLG101_YEAR_2017', u'ITLG101', u'INTRODUCTION TO TECHNOLOGY', u'DIMOR1', u'DIP IN MANAGEMENT SCIENCES (OPERATIONS)', 21.0, u'SEMESTER 1', u'D1', u'Durban Campus Full-time', u'A', u'40000449:Naidoo', u'']
check 'ITLG101_YEAR_2018' 'ITLG101'
processXLS: only for SEM2 [u'ITLG101_YEAR_2018', u'ITLG101_YEAR_2017', u'ITLG101', u'INTRODUCTION TO TECHNOLOGY', u'DIMOR1', u'DIP IN MANAGEMENT SCIENCES (OPERATIONS)', 21.0, u'SEMESTER 1', u'D1', u'Durban Campus Full-time', u'A', u'40000449:Naidoo', u'']
[u'ITLG101_YEAR_2018', u'ITLG101_YEAR_2017', u'ITLG101', u'INTRODUCTION TO TECHNOLOGY', u'DIMOR1', u'DIP IN MANAGEMENT SCIENCES (OPERATIONS)', 21.0, u'SEMESTER 1', u'D3', u'Durban Campus Full-time', u'A', u'40000449:Naidoo', u'']
check 'ITLG101_YEAR_2018' 'ITLG101'
processXLS: only for SEM2 [u'ITLG101_YEAR_2018', u'ITLG101_YEAR_2017', u'ITLG101', u'INTRODUCTION TO TECHNOLOGY', u'DIMOR1', u'DIP IN MANAGEMENT SCIENCES (OPERATIONS)', 21.0, u'SEMESTER 1', u'D3', u'Durban Campus Full-time', u'A', u'40000449:Naidoo', u'']
[u'', u'', u'', u'', u'', u'', u'', u'', u'', u'', u'', u'', u'']
check '' ''
[u'OEFC101_YEAR 2018', u'OEFC101_YEAR 2017', u'OEFC101', u'ORGANISATIONAL EFFECTIVENESS I', u'DIMOR1', u'DIP IN MANAGEMENT SCIENCES (OPERATIONS)', 21.0, u'SEMESTER 1', u'D1', u'Durban Campus Full-time', u'A', u'40000652:RAMLAGAN', u'']
check 'OEFC101_YEAR 2018' 'OEFC101'
processXLS: only for SEM2 [u'OEFC101_YEAR 2018', u'OEFC101_YEAR 2017', u'OEFC101', u'ORGANISATIONAL EFFECTIVENESS I', u'DIMOR1', u'DIP IN MANAGEMENT SCIENCES (OPERATIONS)', 21.0, u'SEMESTER 1', u'D1', u'Durban Campus Full-time', u'A', u'40000652:RAMLAGAN', u'']
[u'OEFC101_YEAR 2018', u'OEFC101_YEAR 2017', u'OEFC101', u'ORGANISATIONAL EFFECTIVENESS I', u'DIMOR1', u'DIP IN MANAGEMENT SCIENCES (OPERATIONS)', 21.0, u'SEMESTER 1', u'D3', u'Durban Campus Full-time', u'A', u'40006104:MOHANRAM', u'']
check 'OEFC101_YEAR 2018' 'OEFC101'
processXLS: only for SEM2 [u'OEFC101_YEAR 2018', u'OEFC101_YEAR 2017', u'OEFC101', u'ORGANISATIONAL EFFECTIVENESS I', u'DIMOR1', u'DIP IN MANAGEMENT SCIENCES (OPERATIONS)', 21.0, u'SEMESTER 1', u'D3', u'Durban Campus Full-time', u'A', u'40006104:MOHANRAM', u'']
[u'', u'', u'', u'', u'', u'', u'', u'', u'', u'', u'', u'', u'']
check '' ''
[u'OPRM101_YEAR_2018', u'OPRM101_YEAR_2017', u'OPRM101', u'OPERATIONS MANAGEMENT 1', u'DIMOR1', u'DIP IN MANAGEMENT SCIENCES (OPERATIONS)', 21.0, u'SEMESTER 1', u'D1', u'Durban Campus Full-time', u'A', u'40007515:NOGAYA', u'']
check 'OPRM101_YEAR_2018' 'OPRM101'
processXLS: only for SEM2 [u'OPRM101_YEAR_2018', u'OPRM101_YEAR_2017', u'OPRM101', u'OPERATIONS MANAGEMENT 1', u'DIMOR1', u'DIP IN MANAGEMENT SCIENCES (OPERATIONS)', 21.0, u'SEMESTER 1', u'D1', u'Durban Campus Full-time', u'A', u'40007515:NOGAYA', u'']
[u'OPRM101_YEAR_2018', u'OPRM101_YEAR_2017', u'OPRM101', u'OPERATIONS MANAGEMENT 1', u'DIMOR1', u'DIP IN MANAGEMENT SCIENCES (OPERATIONS)', 21.0, u'SEMESTER 1', u'D3', u'Durban Campus Full-time', u'A', u'40007515:NOGAYA', u'']
check 'OPRM101_YEAR_2018' 'OPRM101'
processXLS: only for SEM2 [u'OPRM101_YEAR_2018', u'OPRM101_YEAR_2017', u'OPRM101', u'OPERATIONS MANAGEMENT 1', u'DIMOR1', u'DIP IN MANAGEMENT SCIENCES (OPERATIONS)', 21.0, u'SEMESTER 1', u'D3', u'Durban Campus Full-time', u'A', u'40007515:NOGAYA', u'']
[u'', u'', u'', u'', u'', u'', u'', u'', u'', u'', u'', u'', u'']
check '' ''
[u'OPRT101_YEAR_2018', u'OPRT101_YEAR_2017', u'OPRT101', u'OPERATIONS MANAGEMENT TECHNIQUES I', u'DIMOR1', u'DIP IN MANAGEMENT SCIENCES (OPERATIONS)', 21.0, u'SEMESTER 1', u'D1', u'Durban Campus Full-time', u'A', u'40007515:NOGAYA', u'']
check 'OPRT101_YEAR_2018' 'OPRT101'
processXLS: only for SEM2 [u'OPRT101_YEAR_2018', u'OPRT101_YEAR_2017', u'OPRT101', u'OPERATIONS MANAGEMENT TECHNIQUES I', u'DIMOR1', u'DIP IN MANAGEMENT SCIENCES (OPERATIONS)', 21.0, u'SEMESTER 1', u'D1', u'Durban Campus Full-time', u'A', u'40007515:NOGAYA', u'']
[u'OPRT101_YEAR_2018', u'OPRT101_YEAR_2017', u'OPRT101', u'OPERATIONS MANAGEMENT TECHNIQUES I', u'DIMOR1', u'DIP IN MANAGEMENT SCIENCES (OPERATIONS)', 21.0, u'SEMESTER 1', u'D3', u'Durban Campus Full-time', u'A', u'40007515:NOGAYA', u'']
check 'OPRT101_YEAR_2018' 'OPRT101'
processXLS: only for SEM2 [u'OPRT101_YEAR_2018', u'OPRT101_YEAR_2017', u'OPRT101', u'OPERATIONS MANAGEMENT TECHNIQUES I', u'DIMOR1', u'DIP IN MANAGEMENT SCIENCES (OPERATIONS)', 21.0, u'SEMESTER 1', u'D3', u'Durban Campus Full-time', u'A', u'40007515:NOGAYA', u'']
[u'', u'', u'', u'', u'', u'', u'', u'', u'', u'', u'', u'', u'']
check '' ''
[u'OEFC201__YEAR_2018', u'OEFC201__YEAR_2017', u'OEFC201', u'ORGANISATIONAL EFFECTIVENESS II', u'DIMOR1', u'DIP IN MANAGEMENT SCIENCES (OPERATIONS)', u'22', u'SEMESTER 2', u'D1', u'Durban Campus Full-time', u'A', u'40000543:MOODALIYAR', u'']
check 'OEFC201__YEAR_2018' 'OEFC201'
adding  OEFC201
requesting:  http://10.0.100.98:8000/bbinfo/matching_courses/OEFC201%25
r= <Response [200]>
matching classes= set([u'OEFC201__YEAR_2017', u'OEFC201__YEAR_2018'])
[u'OEFC201__YEAR_2018', u'OEFC201__YEAR_2017', u'OEFC201', u'ORGANISATIONAL EFFECTIVENESS II', u'DIMOR1', u'DIP IN MANAGEMENT SCIENCES (OPERATIONS)', u'22', u'SEMESTER 2', u'D3', u'Durban Campus Full-time', u'A', u'40000543:MOODALIYAR', u'']
check 'OEFC201__YEAR_2018' 'OEFC201'
adding  OEFC201
requesting:  http://10.0.100.98:8000/bbinfo/matching_courses/OEFC201%25
r= <Response [200]>
matching classes= set([u'OEFC201__YEAR_2017', u'OEFC201__YEAR_2018'])
[u'', u'', u'', u'', u'', u'', u'', u'', u'', u'', u'', u'', u'']
check '' ''
[u'OPRM201_YEAR_2018', u'OPRM201_YEAR_2017', u'OPRM201', u'OPERATIONS MANAGEMENT II', u'DIMOR1', u'DIP IN MANAGEMENT SCIENCES (OPERATIONS)', u'22', u'SEMESTER 2', u'D1', u'Durban Campus Full-time', u'A', u'40000538:BIYELA', u'']
check 'OPRM201_YEAR_2018' 'OPRM201'
adding  OPRM201
requesting:  http://10.0.100.98:8000/bbinfo/matching_courses/OPRM201%25
r= <Response [200]>
matching classes= set([u'OPRM201_YEAR_2018', u'OPRM201_YEAR_2017'])
[u'OPRM201_YEAR_2018', u'OPRM201_YEAR_2017', u'OPRM201', u'OPERATIONS MANAGEMENT II', u'DIMOR1', u'DIP IN MANAGEMENT SCIENCES (OPERATIONS)', u'22', u'SEMESTER 2', u'D3', u'Durban Campus Full-time', u'A', u'40000538:BIYELA', u'']
check 'OPRM201_YEAR_2018' 'OPRM201'
adding  OPRM201
requesting:  http://10.0.100.98:8000/bbinfo/matching_courses/OPRM201%25
r= <Response [200]>
matching classes= set([u'OPRM201_YEAR_2018', u'OPRM201_YEAR_2017'])
[u'', u'', u'', u'', u'', u'', u'', u'', u'', u'', u'', u'', u'']
check '' ''
[u'OPRT201_YEAR_2018', u'OPRT201_YEAR_2017', u'OPRT201', u'OPERATIONS MANAGEMENT TECHNIQUES II', u'DIMOR1', u'DIP IN MANAGEMENT SCIENCES (OPERATIONS)', u'22', u'SEMESTER 2', u'D1', u'Durban Campus Full-time', u'A', u'40007515:NOGAYA', u'']
check 'OPRT201_YEAR_2018' 'OPRT201'
adding  OPRT201
requesting:  http://10.0.100.98:8000/bbinfo/matching_courses/OPRT201%25
r= <Response [200]>
matching classes= set([u'OPRT201_YEAR_2018', u'OPRT201_YEAR_2017'])
[u'OPRT201_YEAR_2018', u'OPRT201_YEAR_2017', u'OPRT201', u'OPERATIONS MANAGEMENT TECHNIQUES II', u'DIMOR1', u'DIP IN MANAGEMENT SCIENCES (OPERATIONS)', u'22', u'SEMESTER 2', u'D3', u'Durban Campus Full-time', u'A', u'40007515:NOGAYA', u'']
check 'OPRT201_YEAR_2018' 'OPRT201'
adding  OPRT201
requesting:  http://10.0.100.98:8000/bbinfo/matching_courses/OPRT201%25
r= <Response [200]>
matching classes= set([u'OPRT201_YEAR_2018', u'OPRT201_YEAR_2017'])
[u'', u'', u'', u'', u'', u'', u'', u'', u'', u'', u'', u'', u'']
check '' ''
[u'WKPR101_YEAR_2018', u'WKPR101_YEAR_2017', u'WKPR101', u'WORK PREPAREDNESS', u'DIMOR1', u'DIP IN MANAGEMENT SCIENCES (OPERATIONS)', u'22', u'SEMESTER 2', u'D1', u'Durban Campus Full-time', u'A', u'40000449:NAIDOO; 40013242 DABECHURAN', u'']
check 'WKPR101_YEAR_2018' 'WKPR101'
adding  WKPR101
requesting:  http://10.0.100.98:8000/bbinfo/matching_courses/WKPR101%25
r= <Response [200]>
matching classes= set([u'WKPR101_YEAR_2018', u'WKPR101_YEAR_2017', u'WKPR101_YEAR_2016', u'WKPR101_YEAR_PMB_2018'])
[u'WKPR101_YEAR_2018', u'WKPR101_YEAR_2017', u'WKPR101', u'WORK PREPAREDNESS', u'DIMOR1', u'DIP IN MANAGEMENT SCIENCES (OPERATIONS)', u'22', u'SEMESTER 2', u'D3', u'Durban Campus Full-time', u'A', u'40000449:NAIDOO; 40013242 DABECHURAN', u'']
check 'WKPR101_YEAR_2018' 'WKPR101'
adding  WKPR101
requesting:  http://10.0.100.98:8000/bbinfo/matching_courses/WKPR101%25
r= <Response [200]>
matching classes= set([u'WKPR101_YEAR_2018', u'WKPR101_YEAR_2017', u'WKPR101_YEAR_2016', u'WKPR101_YEAR_PMB_2018'])
[u'', u'', u'', u'', u'', u'', u'', u'', u'', u'', u'', u'', u'']
check '' ''
[u'OPMT401_YEAR_2018', u'OPMT401_YEAR_2017', u'OPMT401', u'OPMT401: OPERATIONS MANAGEMENT TECHNIQUES IV 2017', u'BTOPM1', u'BT: OPERATIONS MANAGEMENT', u'11', u'YEAR', u'D3', u'Durban Campus Part-time', u'A', u'40000652:RAMLAGAN;40000249:INDERLALL', 1.0]
check 'OPMT401_YEAR_2018' 'OPMT401'
processXLS: only for SEM2 [u'OPMT401_YEAR_2018', u'OPMT401_YEAR_2017', u'OPMT401', u'OPMT401: OPERATIONS MANAGEMENT TECHNIQUES IV 2017', u'BTOPM1', u'BT: OPERATIONS MANAGEMENT', u'11', u'YEAR', u'D3', u'Durban Campus Part-time', u'A', u'40000652:RAMLAGAN;40000249:INDERLALL', 1.0]
[u'', u'', u'', u'', u'', u'', u'', u'', u'', u'', u'', u'', u'']
check '' ''
[u'IMKM101_YEAR_2018', u'IMKM101_YEAR_2017', u'IMKM101', u'IMKM101: MARKETING MANAGEMENT 2017', u'BTOPM1', u'BT: OPERATIONS MANAGEMENT', u'11', u'YEAR', u'D3', u'Durban Campus Part-time', u'A', u'40010552:KAMWENDO', 1.0]
check 'IMKM101_YEAR_2018' 'IMKM101'
processXLS: only for SEM2 [u'IMKM101_YEAR_2018', u'IMKM101_YEAR_2017', u'IMKM101', u'IMKM101: MARKETING MANAGEMENT 2017', u'BTOPM1', u'BT: OPERATIONS MANAGEMENT', u'11', u'YEAR', u'D3', u'Durban Campus Part-time', u'A', u'40010552:KAMWENDO', 1.0]
[u'...', u'', u'', u'', u'', u'', u'', u'', u'', u'', u'', u'', u'']
check '...' ''
[u'New subjects for 2018', u'', u'', u'', u'', u'', u'', u'', u'', u'', u'', u'', u'']
check 'New subjects for 2018' ''
[u'OEFC301_YEAR_2018', u'template_2018', u'OEFC301', u'ORGANISATIONAL EFFECTIVENESS 3', u'DIMOR1', u'DIP IN MANAGEMENT SCIENCES (OPERATIONS)', 21.0, u'SEMESTER 1', u'D1', u'Durban Campus Full-time', u'A', u'40000543:MOODALIYAR', u'']
check 'OEFC301_YEAR_2018' 'OEFC301'
processXLS: only for SEM2 [u'OEFC301_YEAR_2018', u'template_2018', u'OEFC301', u'ORGANISATIONAL EFFECTIVENESS 3', u'DIMOR1', u'DIP IN MANAGEMENT SCIENCES (OPERATIONS)', 21.0, u'SEMESTER 1', u'D1', u'Durban Campus Full-time', u'A', u'40000543:MOODALIYAR', u'']
[u'OEFC301_YEAR_2018', u'template_2018', u'OEFC301', u'ORGANISATIONAL EFFECTIVENESS 3', u'DIMOR1', u'DIP IN MANAGEMENT SCIENCES (OPERATIONS)', 21.0, u'SEMESTER 1', u'D3', u'Durban Campus Full-time', u'A', u'40000543:MOODALIYAR', u'']
check 'OEFC301_YEAR_2018' 'OEFC301'
processXLS: only for SEM2 [u'OEFC301_YEAR_2018', u'template_2018', u'OEFC301', u'ORGANISATIONAL EFFECTIVENESS 3', u'DIMOR1', u'DIP IN MANAGEMENT SCIENCES (OPERATIONS)', 21.0, u'SEMESTER 1', u'D3', u'Durban Campus Full-time', u'A', u'40000543:MOODALIYAR', u'']
[u'WKSM101_YEAR_2018', u'template_2018', u'WKSM101', u'WORK SAMPLING', u'DIMOR1', u'DIP IN MANAGEMENT SCIENCES (OPERATIONS)', 22.0, u'SEMESTER 2', u'D1', u'Durban Campus Full-time', u'A', u'40000543:MOODALIYAR', u'']
check 'WKSM101_YEAR_2018' 'WKSM101'
processXLS: only for SEM2 [u'WKSM101_YEAR_2018', u'template_2018', u'WKSM101', u'WORK SAMPLING', u'DIMOR1', u'DIP IN MANAGEMENT SCIENCES (OPERATIONS)', 22.0, u'SEMESTER 2', u'D1', u'Durban Campus Full-time', u'A', u'40000543:MOODALIYAR', u'']
[u'WKSM101_YEAR_2018', u'template_2018', u'WKSM101', u'WORK SAMPLING', u'DIMOR1', u'DIP IN MANAGEMENT SCIENCES (OPERATIONS)', 22.0, u'SEMESTER 2', u'D3', u'Durban Campus Full-time', u'A', u'40000543:MOODALIYAR', u'']
check 'WKSM101_YEAR_2018' 'WKSM101'
processXLS: only for SEM2 [u'WKSM101_YEAR_2018', u'template_2018', u'WKSM101', u'WORK SAMPLING', u'DIMOR1', u'DIP IN MANAGEMENT SCIENCES (OPERATIONS)', 22.0, u'SEMESTER 2', u'D3', u'Durban Campus Full-time', u'A', u'40000543:MOODALIYAR', u'']
[u'QMNS 101_YEAR_ 2018', u'template_2018', u'QMNS101', u'QUALITY MANANAGEMENT SYSTEMS', u'DIMOR 1', u'DIP IN MA', 22.0, u'SEMESTE', u'D1', u'Durban ca', u'A', u'40007515: N. NOGAYA', u'']
check 'QMNS 101_YEAR_ 2018' 'QMNS101'
[u'QMNS 101_YEAR_ 2018', u'template_2018', u'QMNS101', u'QUALITY MANANAGEMENT SYSTEMS', u'DIMOR 1', u'DIP IN MA', 22.0, u'SEMESTE', u'D3', u'Durban ca', u'A', u'40007515: N. NOGAYA', u'']
check 'QMNS 101_YEAR_ 2018' 'QMNS101'
[u'OPRT301_YEAR_2018', u'template_2018', u'OPRT301', u'OPERATIONS MANAGEMENT TECHNIQUES III', u'DIMOR1', u'DIP IN MA', 21.0, u'SEMEST', u'D1', u'Durban CA', u'A', u'40000538: BIYELA', 70.0]
check 'OPRT301_YEAR_2018' 'OPRT301'
processXLS: only for SEM2 [u'OPRT301_YEAR_2018', u'template_2018', u'OPRT301', u'OPERATIONS MANAGEMENT TECHNIQUES III', u'DIMOR1', u'DIP IN MA', 21.0, u'SEMEST', u'D1', u'Durban CA', u'A', u'40000538: BIYELA', 70.0]
[u'OPRT301_YEAR_2018', u'template_2018', u'OPRT301', u'OPERATIONS MANAGEMENT TECHNIQUES III', u'DIMOR1', u'DIP IN MA', 21.0, u'SEMEST', u'D3', u'Durban CA', u'A', u'40000538: BIYELA', 70.0]
check 'OPRT301_YEAR_2018' 'OPRT301'
processXLS: only for SEM2 [u'OPRT301_YEAR_2018', u'template_2018', u'OPRT301', u'OPERATIONS MANAGEMENT TECHNIQUES III', u'DIMOR1', u'DIP IN MA', 21.0, u'SEMEST', u'D3', u'Durban CA', u'A', u'40000538: BIYELA', 70.0]
[u'SCHM101_YEAR_2018', u'template_2018', u'SCHM101', u'SUPPLY CHAIN MANAGEMENT', u'DIMOR1', u'DIP IN MA', 22.0, u'SEMEST', u'D1', u'Durban CA', u'A', u'40000538:BIYELA', 70.0]
check 'SCHM101_YEAR_2018' 'SCHM101'
processXLS: only for SEM2 [u'SCHM101_YEAR_2018', u'template_2018', u'SCHM101', u'SUPPLY CHAIN MANAGEMENT', u'DIMOR1', u'DIP IN MA', 22.0, u'SEMEST', u'D1', u'Durban CA', u'A', u'40000538:BIYELA', 70.0]
[u'SCHM101_YEAR_2018', u'template_2018', u'SCHM101', u'SUPPLY CHAIN MANAGEMENT', u'DIMOR1', u'DIP IN MA', 22.0, u'SEMEST', u'D3', u'Durban CA', u'A', u'40000538:BIYELA', 70.0]
check 'SCHM101_YEAR_2018' 'SCHM101'
processXLS: only for SEM2 [u'SCHM101_YEAR_2018', u'template_2018', u'SCHM101', u'SUPPLY CHAIN MANAGEMENT', u'DIMOR1', u'DIP IN MA', 22.0, u'SEMEST', u'D3', u'Durban CA', u'A', u'40000538:BIYELA', 70.0]
[u'PRJC101_YEAR_2018', u'template_2018', u'PRJC101', u'PROJECT MANAGEMENT', u'DIMOR1', u'DIP IN MA', 21.0, u'SEMEST', u'D1', u'Durban CA', u'A', u'40012339:RAMCHANDER', u'']
check 'PRJC101_YEAR_2018' 'PRJC101'
processXLS: only for SEM2 [u'PRJC101_YEAR_2018', u'template_2018', u'PRJC101', u'PROJECT MANAGEMENT', u'DIMOR1', u'DIP IN MA', 21.0, u'SEMEST', u'D1', u'Durban CA', u'A', u'40012339:RAMCHANDER', u'']
[u'PRJC101_YEAR_2018', u'template_2018', u'PRJC101', u'PROJECT MANAGEMENT', u'DIMOR1', u'DIP IN MA', 21.0, u'SEMEST', u'D3', u'Durban CA', u'A', u'40012339:RAMCHANDER', u'']
check 'PRJC101_YEAR_2018' 'PRJC101'
processXLS: only for SEM2 [u'PRJC101_YEAR_2018', u'template_2018', u'PRJC101', u'PROJECT MANAGEMENT', u'DIMOR1', u'DIP IN MA', 21.0, u'SEMEST', u'D3', u'Durban CA', u'A', u'40012339:RAMCHANDER', u'']
[u'OPRM301_YEAR_2018', u'template_2018', u'OPRM301', u'OPERATIONS MANAGEMENT III', u'DIMOR1', u'DIP IN MA', 21.0, u'SEMEST', u'D1', u'Durban CA', u'A', u'40012339:RAMCHANDER', u'']
check 'OPRM301_YEAR_2018' 'OPRM301'
processXLS: only for SEM2 [u'OPRM301_YEAR_2018', u'template_2018', u'OPRM301', u'OPERATIONS MANAGEMENT III', u'DIMOR1', u'DIP IN MA', 21.0, u'SEMEST', u'D1', u'Durban CA', u'A', u'40012339:RAMCHANDER', u'']
[u'OPRM301_YEAR_2018', u'template_2018', u'OPRM301', u'OPERATIONS MANAGEMENT III', u'DIMOR1', u'DIP IN MA', 21.0, u'SEMEST', u'D3', u'Durban CA', u'A', u'40012339:RAMCHANDER', u'']
check 'OPRM301_YEAR_2018' 'OPRM301'
processXLS: only for SEM2 [u'OPRM301_YEAR_2018', u'template_2018', u'OPRM301', u'OPERATIONS MANAGEMENT III', u'DIMOR1', u'DIP IN MA', 21.0, u'SEMEST', u'D3', u'Durban CA', u'A', u'40012339:RAMCHANDER', u'']
processXLS: finished processing workingSheets/data/BBC3307OperationsQualityManagemnt2017.xls
getWS: requesting:  http://10.0.100.98:8000/itsenrol/classlist/2018/22/BCIN101 rsp= <Response [200]>
getWS: requesting:  http://10.0.100.98:8000/bbinfo/classlist/BCIN101 rsp= <Response [200]>
getNewStudentsInSubject: ITS 157, BB 2 -> 157 new enrollments
getWS: requesting:  http://10.0.100.98:8000/itsenrol/classlist/2018/22/QATE401 rsp= <Response [200]>
getWS: requesting:  http://10.0.100.98:8000/bbinfo/classlist/QATE401 rsp= <Response [200]>
getNewStudentsInSubject: ITS 17, BB 1 -> 17 new enrollments
getWS: requesting:  http://10.0.100.98:8000/itsenrol/classlist/2018/22/TASM101 rsp= <Response [200]>
getWS: requesting:  http://10.0.100.98:8000/bbinfo/classlist/TASM101 rsp= <Response [200]>
getNewStudentsInSubject: ITS 378, BB 4 -> 378 new enrollments
getWS: requesting:  http://10.0.100.98:8000/itsenrol/classlist/2018/22/OEFC201 rsp= <Response [200]>
getWS: requesting:  http://10.0.100.98:8000/bbinfo/classlist/OEFC201 rsp= <Response [200]>
getNewStudentsInSubject: ITS 125, BB 0 -> 125 new enrollments
getWS: requesting:  http://10.0.100.98:8000/itsenrol/classlist/2018/22/QAPM101 rsp= <Response [200]>
getWS: requesting:  http://10.0.100.98:8000/bbinfo/classlist/QAPM101 rsp= <Response [200]>
getNewStudentsInSubject: ITS 0, BB 1393 -> 0 new enrollments
getWS: requesting:  http://10.0.100.98:8000/itsenrol/classlist/2018/22/ALWR101 rsp= <Response [200]>
getWS: requesting:  http://10.0.100.98:8000/bbinfo/classlist/ALWR101 rsp= <Response [200]>
getNewStudentsInSubject: ITS 722, BB 4 -> 722 new enrollments
getWS: requesting:  http://10.0.100.98:8000/itsenrol/classlist/2018/22/QPIM401 rsp= <Response [200]>
getWS: requesting:  http://10.0.100.98:8000/bbinfo/classlist/QPIM401 rsp= <Response [200]>
getNewStudentsInSubject: ITS 24, BB 2 -> 24 new enrollments
getWS: requesting:  http://10.0.100.98:8000/itsenrol/classlist/2018/22/OPRM201 rsp= <Response [200]>
getWS: requesting:  http://10.0.100.98:8000/bbinfo/classlist/OPRM201 rsp= <Response [200]>
getNewStudentsInSubject: ITS 129, BB 1 -> 129 new enrollments
getWS: requesting:  http://10.0.100.98:8000/itsenrol/classlist/2018/22/WKPR101 rsp= <Response [200]>
getWS: requesting:  http://10.0.100.98:8000/bbinfo/classlist/WKPR101 rsp= <Response [200]>
getNewStudentsInSubject: ITS 506, BB 4 -> 506 new enrollments
getWS: requesting:  http://10.0.100.98:8000/itsenrol/classlist/2018/22/OPRT201 rsp= <Response [200]>
getWS: requesting:  http://10.0.100.98:8000/bbinfo/classlist/OPRT201 rsp= <Response [200]>
getNewStudentsInSubject: ITS 120, BB 1 -> 120 new enrollments
main: Writing students...
main: Writing enrollments...
main: Finished processing workingSheets/data/BBC3307OperationsQualityManagemnt2017.xls
main: 10 subjects processed
main: 19 subject -> classroom maps
main: 1263 students
main: 2178 student enrollments 0 errors
0.39user 0.16system 0:05.22elapsed 10%CPU (0avgtext+0avgdata 73552maxresident)k
120inputs+544outputs (0major+8231minor)pagefaults 0swaps
POSTING SNAPSHOTS to SIS endpoint
TEST RUN, NOT POSTING BBSTUDENTS
TEST RUN, NOT POSTIN BBENROL
copy snapshot files to saved output
=== department done ===
syncing logs...
Pushing logs from logs/20180723111852 to remote...
sending incremental file list
./
BBC3307OperationsQualityManagemnt2017.BBENROL.txt
BBC3307OperationsQualityManagemnt2017.BBSTUDENTS.txt
BBC3307OperationsQualityManagemnt2017.Enrolomat.txt
BBC3307OperationsQualityManagemnt2017.Postlog.txt

sent 345921 bytes  received 91 bytes  62911.27 bytes/sec
total size is 4043964  speedup is 11.69
logging to logs/20180723111852
=== generate newenrollments for BBC3308AppliedManagement(midlands)2017. ===
GENERATE SNAPSHOTS...
./BBCIncrementalEnrollerX2.py : generating enrolment files for subjects in  workingSheets/data/BBC3308AppliedManagement(midlands)2017.xls
processXLS: start spreadsheet workingSheets/data/BBC3308AppliedManagement(midlands)2017.xls
[u'2018 Blackboard Classrooms for Department: 3308 - APPLIED MANAGEMENT (MIDLANDS)', u'', u'', u'', u'', u'', u'', u'', u'', u'', u'', u'', u'']
check '2018 Blackboard Classrooms for Department: 3308 - APPLIED MANAGEMENT (MIDLANDS)' ''
[u'', u'', u'', u'', u'', u'', u'', u'', u'', u'', u'', u'', u'']
check '' ''
[u'BB Classroom', u'Migrate Classroom', u'ITS Subject', u'', u'ITS Qualification', u'', u'Block', u'', u'Off Type', u'', u'Grp', u'Lecturer(s)', u'2016 Enrol']
check 'BB Classroom' 'ITS Subject'
[u'ALWS101_SEM2_2018', u'ALWS101_SEM2_2017', u'ALWS101', u'ACAD LIT & WRITING SKILLS/ ACC PRAC', u'DIMBA1', u'DIP IN MANAGEMENT SCIENCES (BUS ADMIN)', u'22', u'SEMESTER 2', u'P1', u'Pietermaritzburg Full-time', u'B', u'50001232:GIDDINGS EA', 68.0]
check 'ALWS101_SEM2_2018' 'ALWS101'
adding  ALWS101
requesting:  http://10.0.100.98:8000/bbinfo/matching_courses/ALWS101%25
r= <Response [200]>
matching classes= set([u'ALWS101_SEM2_2018', u'ALWS101_SEM2_2017'])
[u'ALWS101_SEM2_2018', u'ALWS101_SEM2_2017', u'ALWS101', u'ACAD LIT & WRITING SKILLS/ ACC PRAC', u'DIMBA1', u'DIP IN MANAGEMENT SCIENCES (BUS ADMIN)', u'22', u'SEMESTER 2', u'P1', u'Pietermaritzburg Full-time', u'A', u'50001232:GIDDINGS EA', 1.0]
check 'ALWS101_SEM2_2018' 'ALWS101'
adding  ALWS101
requesting:  http://10.0.100.98:8000/bbinfo/matching_courses/ALWS101%25
r= <Response [200]>
matching classes= set([u'ALWS101_SEM2_2018', u'ALWS101_SEM2_2017'])
[u'ALWS101_SEM2_2018', u'ALWS101_SEM2_2017', u'ALWS101', u'ACAD LIT & WRITING SKILLS/ ACC PRAC', u'DIMHM1', u'DIP IN MANAGEMENT SCIENCES (HUMAN RES)', u'22', u'SEMESTER 2', u'P1', u'Pietermaritzburg Full-time', u'C', u'50001232:GIDDINGS EA', 98.0]
check 'ALWS101_SEM2_2018' 'ALWS101'
adding  ALWS101
requesting:  http://10.0.100.98:8000/bbinfo/matching_courses/ALWS101%25
r= <Response [200]>
matching classes= set([u'ALWS101_SEM2_2018', u'ALWS101_SEM2_2017'])
[u'ALWS101_SEM2_2018', u'ALWS101_SEM2_2017', u'ALWS101', u'ACAD LIT & WRITING SKILLS/ ACC PRAC', u'DIMPC1', u'DIP IN MANAGEMENT SCIENCES (PR AND COMM)', u'22', u'SEMESTER 2', u'P1', u'Pietermaritzburg Full-time', u'A', u'50001232:GIDDINGS EA', 75.0]
check 'ALWS101_SEM2_2018' 'ALWS101'
adding  ALWS101
requesting:  http://10.0.100.98:8000/bbinfo/matching_courses/ALWS101%25
r= <Response [200]>
matching classes= set([u'ALWS101_SEM2_2018', u'ALWS101_SEM2_2017'])
[u'', u'', u'', u'', u'', u'', u'', u'', u'', u'', u'', u'', u'']
check '' ''
[u'AMNG101_YEAR_2018', u'AMNG101_YEAR_2017', u'AMNG101', u'ADMINISTRATIVE MANAGEMENT I', u'NDMAF1', u'ND: MANAGEMENT (4 YEARS)', u'11', u'YEAR', u'P1', u'Pietermaritzburg Full-time', u'A', u'40012601:Zogli', 8.0]
check 'AMNG101_YEAR_2018' 'AMNG101'
processXLS: only for SEM2 [u'AMNG101_YEAR_2018', u'AMNG101_YEAR_2017', u'AMNG101', u'ADMINISTRATIVE MANAGEMENT I', u'NDMAF1', u'ND: MANAGEMENT (4 YEARS)', u'11', u'YEAR', u'P1', u'Pietermaritzburg Full-time', u'A', u'40012601:Zogli', 8.0]
[u'AMNG101_YEAR_2018', u'AMNG101_YEAR_2017', u'AMNG101', u'ADMINISTRATIVE MANAGEMENT I', u'NDMAN1', u'ND: MANAGEMENT', u'11', u'YEAR', u'P1', u'Pietermaritzburg Full-time', u'A', u'40012601:Zogli', 4.0]
check 'AMNG101_YEAR_2018' 'AMNG101'
processXLS: only for SEM2 [u'AMNG101_YEAR_2018', u'AMNG101_YEAR_2017', u'AMNG101', u'ADMINISTRATIVE MANAGEMENT I', u'NDMAN1', u'ND: MANAGEMENT', u'11', u'YEAR', u'P1', u'Pietermaritzburg Full-time', u'A', u'40012601:Zogli', 4.0]
[u'', u'', u'', u'', u'', u'', u'', u'', u'', u'', u'', u'', u'']
check '' ''
[u'BCIL101_SEM2_2018', u'BCIL101_SEM2_2017', u'BCIL101', u'BUSINESS COMM & INFO LITERACY', u'DIMBA1', u'DIP IN MANAGEMENT SCIENCES (BUS ADMIN)', u'22', u'SEMESTER 2', u'P1', u'Pietermaritzburg Full-time', u'A', u'50001232:GIDDINGS EA', 3.0]
check 'BCIL101_SEM2_2018' 'BCIL101'
adding  BCIL101
requesting:  http://10.0.100.98:8000/bbinfo/matching_courses/BCIL101%25
r= <Response [200]>
matching classes= set([u'BCIL101_SEM2_2017', u'BCIL101_SEM2_2018'])
[u'BCIL101_SEM2_2018', u'BCIL101_SEM2_2017', u'BCIL101', u'BUSINESS COMM & INFO LITERACY', u'DIMBA1', u'DIP IN MANAGEMENT SCIENCES (BUS ADMIN)', u'22', u'SEMESTER 2', u'P1', u'Pietermaritzburg Full-time', u'B', u'50001232:GIDDINGS EA', 66.0]
check 'BCIL101_SEM2_2018' 'BCIL101'
adding  BCIL101
requesting:  http://10.0.100.98:8000/bbinfo/matching_courses/BCIL101%25
r= <Response [200]>
matching classes= set([u'BCIL101_SEM2_2017', u'BCIL101_SEM2_2018'])
[u'BCIL101_SEM2_2018', u'BCIL101_SEM2_2017', u'BCIL101', u'BUSINESS COMM & INFO LITERACY', u'DIMHM1', u'DIP IN MANAGEMENT SCIENCES (HUMAN RES)', u'22', u'SEMESTER 2', u'P1', u'Pietermaritzburg Full-time', u'C', u'50001232:GIDDINGS EA', 90.0]
check 'BCIL101_SEM2_2018' 'BCIL101'
adding  BCIL101
requesting:  http://10.0.100.98:8000/bbinfo/matching_courses/BCIL101%25
r= <Response [200]>
matching classes= set([u'BCIL101_SEM2_2017', u'BCIL101_SEM2_2018'])
[u'BCIL101_SEM2_2018', u'BCIL101_SEM2_2017', u'BCIL101', u'BUSINESS COMM & INFO LITERACY', u'DIMHM1', u'DIP IN MANAGEMENT SCIENCES (HUMAN RES)', u'22', u'SEMESTER 2', u'P1', u'Pietermaritzburg Full-time', u'A', u'50001232:GIDDINGS EA', 8.0]
check 'BCIL101_SEM2_2018' 'BCIL101'
adding  BCIL101
requesting:  http://10.0.100.98:8000/bbinfo/matching_courses/BCIL101%25
r= <Response [200]>
matching classes= set([u'BCIL101_SEM2_2017', u'BCIL101_SEM2_2018'])
[u'BCIL101_SEM2_2018', u'BCIL101_SEM2_2017', u'BCIL101', u'BUSINESS COMM & INFO LITERACY', u'DIMPC1', u'DIP IN MANAGEMENT SCIENCES (PR AND COMM)', u'22', u'SEMESTER 2', u'P1', u'Pietermaritzburg Full-time', u'A', u'50001232:GIDDINGS EA', 75.0]
check 'BCIL101_SEM2_2018' 'BCIL101'
adding  BCIL101
requesting:  http://10.0.100.98:8000/bbinfo/matching_courses/BCIL101%25
r= <Response [200]>
matching classes= set([u'BCIL101_SEM2_2017', u'BCIL101_SEM2_2018'])
[u'', u'', u'', u'', u'', u'', u'', u'', u'', u'', u'', u'', u'']
check '' ''
[u'BLIT101_YEAR_2018', u'BLIT101_YEAR_2017', u'BLIT101', u'BUSINESS LITERACY I', u'NDMAF1', u'ND: MANAGEMENT (4 YEARS)', u'11', u'YEAR', u'P1', u'Pietermaritzburg Full-time', u'A', u'50008980:HODGSON', 34.0]
check 'BLIT101_YEAR_2018' 'BLIT101'
processXLS: only for SEM2 [u'BLIT101_YEAR_2018', u'BLIT101_YEAR_2017', u'BLIT101', u'BUSINESS LITERACY I', u'NDMAF1', u'ND: MANAGEMENT (4 YEARS)', u'11', u'YEAR', u'P1', u'Pietermaritzburg Full-time', u'A', u'50008980:HODGSON', 34.0]
[u'', u'', u'', u'', u'', u'', u'', u'', u'', u'', u'', u'', u'']
check '' ''
[u'BMNT101_YEAR_2018', u'BMNT101_YEAR_2017', u'BMNT101', u'BUSINESS MANAGEMENT I', u'NDHRS1', u'ND: HUMAN RESOURCES MANAGEMENT', u'11', u'YEAR', u'P1', u'Pietermaritzburg Full-time', u'A', u'50031608:OELLERMANN;40012601:Zogli', 14.0]
check 'BMNT101_YEAR_2018' 'BMNT101'
processXLS: only for SEM2 [u'BMNT101_YEAR_2018', u'BMNT101_YEAR_2017', u'BMNT101', u'BUSINESS MANAGEMENT I', u'NDHRS1', u'ND: HUMAN RESOURCES MANAGEMENT', u'11', u'YEAR', u'P1', u'Pietermaritzburg Full-time', u'A', u'50031608:OELLERMANN;40012601:Zogli', 14.0]
[u'', u'', u'', u'', u'', u'', u'', u'', u'', u'', u'', u'', u'']
check '' ''
[u'BSPB101_YEAR_2018', u'BSPB101_YEAR_2017', u'BSPB101', u'BUSINESS STUDIES:PUBLIC RELATIONS I', u'NDPRL1', u'ND: PUBLIC RELATIONS MANAGEMENT', u'11', u'YEAR', u'P1', u'Pietermaritzburg Full-time', u'A', u'40012933:AGBENYEGAH;40009986:DAPI', 5.0]
check 'BSPB101_YEAR_2018' 'BSPB101'
processXLS: only for SEM2 [u'BSPB101_YEAR_2018', u'BSPB101_YEAR_2017', u'BSPB101', u'BUSINESS STUDIES:PUBLIC RELATIONS I', u'NDPRL1', u'ND: PUBLIC RELATIONS MANAGEMENT', u'11', u'YEAR', u'P1', u'Pietermaritzburg Full-time', u'A', u'40012933:AGBENYEGAH;40009986:DAPI', 5.0]
[u'', u'', u'', u'', u'', u'', u'', u'', u'', u'', u'', u'', u'']
check '' ''
[u'CMBA101_YEAR_2018', u'CMBA101_YEAR_2017', u'CMBA101', u'COMMUNICATION: BUSINESS ADMINISTRATION I', u'NDMAF1', u'ND: MANAGEMENT (4 YEARS)', u'11', u'YEAR', u'P1', u'Pietermaritzburg Full-time', u'A', u'50008980:HODGSON', 7.0]
check 'CMBA101_YEAR_2018' 'CMBA101'
processXLS: only for SEM2 [u'CMBA101_YEAR_2018', u'CMBA101_YEAR_2017', u'CMBA101', u'COMMUNICATION: BUSINESS ADMINISTRATION I', u'NDMAF1', u'ND: MANAGEMENT (4 YEARS)', u'11', u'YEAR', u'P1', u'Pietermaritzburg Full-time', u'A', u'50008980:HODGSON', 7.0]
[u'CMBA101_YEAR_2018', u'CMBA101_YEAR_2017', u'CMBA101', u'COMMUNICATION: BUSINESS ADMINISTRATION I', u'NDMAN1', u'ND: MANAGEMENT', u'11', u'YEAR', u'P1', u'Pietermaritzburg Full-time', u'A', u'50008980:HODGSON', 3.0]
check 'CMBA101_YEAR_2018' 'CMBA101'
processXLS: only for SEM2 [u'CMBA101_YEAR_2018', u'CMBA101_YEAR_2017', u'CMBA101', u'COMMUNICATION: BUSINESS ADMINISTRATION I', u'NDMAN1', u'ND: MANAGEMENT', u'11', u'YEAR', u'P1', u'Pietermaritzburg Full-time', u'A', u'50008980:HODGSON', 3.0]
[u'', u'', u'', u'', u'', u'', u'', u'', u'', u'', u'', u'', u'']
check '' ''
[u'CMCN101_YEAR_2018', u'CMCN101_YEAR_2017', u'CMCN101', u'COMMUNICATION I', u'NDOMN1', u'ND: OFFICE MANAGEMENT AND TECHNOLOGY', u'11', u'YEAR', u'P1', u'Pietermaritzburg Full-time', u'A', u'50008980:HODGSON', 64.0]
check 'CMCN101_YEAR_2018' 'CMCN101'
processXLS: only for SEM2 [u'CMCN101_YEAR_2018', u'CMCN101_YEAR_2017', u'CMCN101', u'COMMUNICATION I', u'NDOMN1', u'ND: OFFICE MANAGEMENT AND TECHNOLOGY', u'11', u'YEAR', u'P1', u'Pietermaritzburg Full-time', u'A', u'50008980:HODGSON', 64.0]
[u'', u'', u'', u'', u'', u'', u'', u'', u'', u'', u'', u'', u'']
check '' ''
[u'CMMT101_SEM1_2018', u'CMMT101_SEM1_2017', u'CMMT101', u'COMMUNICATION I', u'NDACT2', u'ND:  ACCOUNTING', u'21', u'SEMESTER 1', u'P1', u'Pietermaritzburg Full-time', u'D', u'50012185:Tayler', 141.0]
check 'CMMT101_SEM1_2018' 'CMMT101'
processXLS: only for SEM2 [u'CMMT101_SEM1_2018', u'CMMT101_SEM1_2017', u'CMMT101', u'COMMUNICATION I', u'NDACT2', u'ND:  ACCOUNTING', u'21', u'SEMESTER 1', u'P1', u'Pietermaritzburg Full-time', u'D', u'50012185:Tayler', 141.0]
[u'CMMT101_SEM1_2018', u'CMMT101_SEM1_2017', u'CMMT101', u'COMMUNICATION I', u'NDACT2', u'ND:  ACCOUNTING', u'21', u'SEMESTER 1', u'P1', u'Pietermaritzburg Full-time', u'A', u'50012185:Tayler', 1.0]
check 'CMMT101_SEM1_2018' 'CMMT101'
processXLS: only for SEM2 [u'CMMT101_SEM1_2018', u'CMMT101_SEM1_2017', u'CMMT101', u'COMMUNICATION I', u'NDACT2', u'ND:  ACCOUNTING', u'21', u'SEMESTER 1', u'P1', u'Pietermaritzburg Full-time', u'A', u'50012185:Tayler', 1.0]
[u'CMMT101_SEM1_2018', u'CMMT101_SEM1_2017', u'CMMT101', u'COMMUNICATION I', u'NDACT2', u'ND:  ACCOUNTING', u'21', u'SEMESTER 1', u'P3', u'Pietermaritzburg Part-time', u'A', u'50012185:Tayler', 2.0]
check 'CMMT101_SEM1_2018' 'CMMT101'
processXLS: only for SEM2 [u'CMMT101_SEM1_2018', u'CMMT101_SEM1_2017', u'CMMT101', u'COMMUNICATION I', u'NDACT2', u'ND:  ACCOUNTING', u'21', u'SEMESTER 1', u'P3', u'Pietermaritzburg Part-time', u'A', u'50012185:Tayler', 2.0]
[u'CMMT101_SEM1_2018', u'CMMT101_SEM1_2017', u'CMMT101', u'COMMUNICATION I', u'NDATF1', u'ND: ACCOUNTING (4 YEARS)', u'21', u'SEMESTER 1', u'P1', u'Pietermaritzburg Full-time', u'A', u'50012185:Tayler', 31.0]
check 'CMMT101_SEM1_2018' 'CMMT101'
processXLS: only for SEM2 [u'CMMT101_SEM1_2018', u'CMMT101_SEM1_2017', u'CMMT101', u'COMMUNICATION I', u'NDATF1', u'ND: ACCOUNTING (4 YEARS)', u'21', u'SEMESTER 1', u'P1', u'Pietermaritzburg Full-time', u'A', u'50012185:Tayler', 31.0]
[u'CMMT101_SEM1_2018', u'CMMT101_SEM1_2017', u'CMMT101', u'COMMUNICATION I', u'NDCSA2', u'ND:  COST AND MANAGEMENT', u'21', u'SEMESTER 1', u'P1', u'Pietermaritzburg Full-time', u'E', u'50012185:Tayler', 54.0]
check 'CMMT101_SEM1_2018' 'CMMT101'
processXLS: only for SEM2 [u'CMMT101_SEM1_2018', u'CMMT101_SEM1_2017', u'CMMT101', u'COMMUNICATION I', u'NDCSA2', u'ND:  COST AND MANAGEMENT', u'21', u'SEMESTER 1', u'P1', u'Pietermaritzburg Full-time', u'E', u'50012185:Tayler', 54.0]
[u'', u'', u'', u'', u'', u'', u'', u'', u'', u'', u'', u'', u'']
check '' ''
[u'ENGI101_YEAR_2018', u'ENGI101_YEAR_2017', u'ENGI101', u'ENGLISH', u'NDHRS1', u'ND: HUMAN RESOURCES MANAGEMENT', u'11', u'YEAR', u'P1', u'Pietermaritzburg Full-time', u'A', u'50008980:HODGSON;40009312:MPELA', 3.0]
check 'ENGI101_YEAR_2018' 'ENGI101'
processXLS: only for SEM2 [u'ENGI101_YEAR_2018', u'ENGI101_YEAR_2017', u'ENGI101', u'ENGLISH', u'NDHRS1', u'ND: HUMAN RESOURCES MANAGEMENT', u'11', u'YEAR', u'P1', u'Pietermaritzburg Full-time', u'A', u'50008980:HODGSON;40009312:MPELA', 3.0]
[u'ENGI101_YEAR_2018', u'ENGI101_YEAR_2017', u'ENGI101', u'ENGLISH', u'NDPRL1', u'ND: PUBLIC RELATIONS MANAGEMENT', u'11', u'YEAR', u'P1', u'Pietermaritzburg Full-time', u'A', u'50008980:HODGSON;40009312:MPELA', 9.0]
check 'ENGI101_YEAR_2018' 'ENGI101'
processXLS: only for SEM2 [u'ENGI101_YEAR_2018', u'ENGI101_YEAR_2017', u'ENGI101', u'ENGLISH', u'NDPRL1', u'ND: PUBLIC RELATIONS MANAGEMENT', u'11', u'YEAR', u'P1', u'Pietermaritzburg Full-time', u'A', u'50008980:HODGSON;40009312:MPELA', 9.0]
[u'', u'', u'', u'', u'', u'', u'', u'', u'', u'', u'', u'', u'']
check '' ''
[u'ETRP101_SEM2_2018', u'ETRP101_SEM2_2017', u'ETRP101', u'ENTREPRENEURIAL SKILLS I', u'NDACT2', u'ND:  ACCOUNTING', u'22', u'SEMESTER 2', u'P1', u'Pietermaritzburg Full-time', u'A', u'40013414:NGCOBO;40012933:AGBENYEGAH', 3.0]
check 'ETRP101_SEM2_2018' 'ETRP101'
adding  ETRP101
requesting:  http://10.0.100.98:8000/bbinfo/matching_courses/ETRP101%25
r= <Response [200]>
matching classes= set([u'ETRP101_2013', u'ETRP101_13_RAUM', u'ETRP101_SEM2_2016', u'ETRP101_SEM2_2017', u'ETRP101_15_AGBA', u'ETRP101_SEM2_2018'])
[u'ETRP101_SEM2_2018', u'ETRP101_SEM2_2017', u'ETRP101', u'ENTREPRENEURIAL SKILLS I', u'NDACT2', u'ND:  ACCOUNTING', u'22', u'SEMESTER 2', u'P1', u'Pietermaritzburg Full-time', u'D', u'40013414:NGCOBO;40012933:AGBENYEGAH', 123.0]
check 'ETRP101_SEM2_2018' 'ETRP101'
adding  ETRP101
requesting:  http://10.0.100.98:8000/bbinfo/matching_courses/ETRP101%25
r= <Response [200]>
matching classes= set([u'ETRP101_2013', u'ETRP101_13_RAUM', u'ETRP101_SEM2_2016', u'ETRP101_SEM2_2017', u'ETRP101_15_AGBA', u'ETRP101_SEM2_2018'])
[u'ETRP101_SEM2_2018', u'ETRP101_SEM2_2017', u'ETRP101', u'ENTREPRENEURIAL SKILLS I', u'NDATF1', u'ND: ACCOUNTING (4 YEARS)', u'22', u'SEMESTER 2', u'P1', u'Pietermaritzburg Full-time', u'A', u'40013414:NGCOBO;40012933:AGBENYEGAH', 31.0]
check 'ETRP101_SEM2_2018' 'ETRP101'
adding  ETRP101
requesting:  http://10.0.100.98:8000/bbinfo/matching_courses/ETRP101%25
r= <Response [200]>
matching classes= set([u'ETRP101_2013', u'ETRP101_13_RAUM', u'ETRP101_SEM2_2016', u'ETRP101_SEM2_2017', u'ETRP101_15_AGBA', u'ETRP101_SEM2_2018'])
[u'ETRP101_SEM2_2018', u'ETRP101_SEM2_2017', u'ETRP101', u'ENTREPRENEURIAL SKILLS I', u'NDCSA2', u'ND:  COST AND MANAGEMENT', u'22', u'SEMESTER 2', u'P1', u'Pietermaritzburg Full-time', u'E', u'40013414:NGCOBO;40012933:AGBENYEGAH', 49.0]
check 'ETRP101_SEM2_2018' 'ETRP101'
adding  ETRP101
requesting:  http://10.0.100.98:8000/bbinfo/matching_courses/ETRP101%25
r= <Response [200]>
matching classes= set([u'ETRP101_2013', u'ETRP101_13_RAUM', u'ETRP101_SEM2_2016', u'ETRP101_SEM2_2017', u'ETRP101_15_AGBA', u'ETRP101_SEM2_2018'])
[u'', u'', u'', u'', u'', u'', u'', u'', u'', u'', u'', u'', u'']
check '' ''
[u'EXMG101_YEAR_2018', u'EXMG101_YEAR_2017', u'EXMG101', u'EXPERIENTIAL LEARNING', u'NDMAF1', u'ND: MANAGEMENT (4 YEARS)', u'11', u'YEAR', u'P1', u'Pietermaritzburg Full-time', u'A', u'40012933:AGBENYEGAH', 13.0]
check 'EXMG101_YEAR_2018' 'EXMG101'
processXLS: only for SEM2 [u'EXMG101_YEAR_2018', u'EXMG101_YEAR_2017', u'EXMG101', u'EXPERIENTIAL LEARNING', u'NDMAF1', u'ND: MANAGEMENT (4 YEARS)', u'11', u'YEAR', u'P1', u'Pietermaritzburg Full-time', u'A', u'40012933:AGBENYEGAH', 13.0]
[u'EXMG101_YEAR_2018', u'EXMG101_YEAR_2017', u'EXMG101', u'EXPERIENTIAL LEARNING', u'NDMAN1', u'ND: MANAGEMENT', u'11', u'YEAR', u'P1', u'Pietermaritzburg Full-time', u'A', u'40012933:AGBENYEGAH', 42.0]
check 'EXMG101_YEAR_2018' 'EXMG101'
processXLS: only for SEM2 [u'EXMG101_YEAR_2018', u'EXMG101_YEAR_2017', u'EXMG101', u'EXPERIENTIAL LEARNING', u'NDMAN1', u'ND: MANAGEMENT', u'11', u'YEAR', u'P1', u'Pietermaritzburg Full-time', u'A', u'40012933:AGBENYEGAH', 42.0]
[u'', u'', u'', u'', u'', u'', u'', u'', u'', u'', u'', u'', u'']
check '' ''
[u'FENH101_YEAR_2018', u'FENH101_YEAR_2017', u'FENH101', u'FRENCH I', u'NDECT1', u'ND: ECOTOURISM MANAGEMENT', u'11', u'YEAR', u'P1', u'Pietermaritzburg Full-time', u'A', u'40009312:MPELA', 56.0]
check 'FENH101_YEAR_2018' 'FENH101'
processXLS: only for SEM2 [u'FENH101_YEAR_2018', u'FENH101_YEAR_2017', u'FENH101', u'FRENCH I', u'NDECT1', u'ND: ECOTOURISM MANAGEMENT', u'11', u'YEAR', u'P1', u'Pietermaritzburg Full-time', u'A', u'40009312:MPELA', 56.0]
[u'FENH101_YEAR_2018', u'FENH101_YEAR_2017', u'FENH101', u'FRENCH I', u'NDPRL1', u'ND: PUBLIC RELATIONS MANAGEMENT', u'11', u'YEAR', u'P1', u'Pietermaritzburg Full-time', u'B', u'40009312:MPELA', 45.0]
check 'FENH101_YEAR_2018' 'FENH101'
processXLS: only for SEM2 [u'FENH101_YEAR_2018', u'FENH101_YEAR_2017', u'FENH101', u'FRENCH I', u'NDPRL1', u'ND: PUBLIC RELATIONS MANAGEMENT', u'11', u'YEAR', u'P1', u'Pietermaritzburg Full-time', u'B', u'40009312:MPELA', 45.0]
[u'', u'', u'', u'', u'', u'', u'', u'', u'', u'', u'', u'', u'']
check '' ''
[u'IBIN101_SEM1_2018', u'IBIN101_SEM1_2017', u'IBIN101', u'INTRODUCTION TO BUSINESS', u'DIMHM1', u'DIP IN MANAGEMENT SCIENCES (HUMAN RES)', u'21', u'SEMESTER 1', u'P1', u'Pietermaritzburg Full-time', u'A', u'40000598:QANGULE T Z;40000598:QANGULE T Z;40000598:QANGULE T Z;40000598:QANGULE T Z;40000598:QANGULE T Z', 1.0]
check 'IBIN101_SEM1_2018' 'IBIN101'
processXLS: only for SEM2 [u'IBIN101_SEM1_2018', u'IBIN101_SEM1_2017', u'IBIN101', u'INTRODUCTION TO BUSINESS', u'DIMHM1', u'DIP IN MANAGEMENT SCIENCES (HUMAN RES)', u'21', u'SEMESTER 1', u'P1', u'Pietermaritzburg Full-time', u'A', u'40000598:QANGULE T Z;40000598:QANGULE T Z;40000598:QANGULE T Z;40000598:QANGULE T Z;40000598:QANGULE T Z', 1.0]
[u'IBIN101_SEM1_2018', u'IBIN101_SEM1_2017', u'IBIN101', u'INTRODUCTION TO BUSINESS', u'DIMHM1', u'DIP IN MANAGEMENT SCIENCES (HUMAN RES)', u'21', u'SEMESTER 1', u'P1', u'Pietermaritzburg Full-time', u'C', u'40000598:QANGULE T Z;40000598:QANGULE T Z;40000598:QANGULE T Z;40000598:QANGULE T Z;40000598:QANGULE T Z', 117.0]
check 'IBIN101_SEM1_2018' 'IBIN101'
processXLS: only for SEM2 [u'IBIN101_SEM1_2018', u'IBIN101_SEM1_2017', u'IBIN101', u'INTRODUCTION TO BUSINESS', u'DIMHM1', u'DIP IN MANAGEMENT SCIENCES (HUMAN RES)', u'21', u'SEMESTER 1', u'P1', u'Pietermaritzburg Full-time', u'C', u'40000598:QANGULE T Z;40000598:QANGULE T Z;40000598:QANGULE T Z;40000598:QANGULE T Z;40000598:QANGULE T Z', 117.0]
[u'', u'', u'', u'', u'', u'', u'', u'', u'', u'', u'', u'', u'']
check '' ''
[u'IBNS101_SEM1_2018', u'IBNS101_SEM1_2017', u'IBNS101', u'INTRODUCTION TO BUSINESS', u'DIMBA1', u'DIP IN MANAGEMENT SCIENCES (BUS ADMIN)', u'21', u'SEMESTER 1', u'P1', u'Pietermaritzburg Full-time', u'B', u'40000598:QANGULE T Z;40000598:QANGULE T Z;40000598:QANGULE T Z;40000598:QANGULE T Z;40000598:QANGULE T Z', 86.0]
check 'IBNS101_SEM1_2018' 'IBNS101'
processXLS: only for SEM2 [u'IBNS101_SEM1_2018', u'IBNS101_SEM1_2017', u'IBNS101', u'INTRODUCTION TO BUSINESS', u'DIMBA1', u'DIP IN MANAGEMENT SCIENCES (BUS ADMIN)', u'21', u'SEMESTER 1', u'P1', u'Pietermaritzburg Full-time', u'B', u'40000598:QANGULE T Z;40000598:QANGULE T Z;40000598:QANGULE T Z;40000598:QANGULE T Z;40000598:QANGULE T Z', 86.0]
[u'IBNS101_SEM1_2018', u'IBNS101_SEM1_2017', u'IBNS101', u'INTRODUCTION TO BUSINESS', u'DIMPC1', u'DIP IN MANAGEMENT SCIENCES (PR AND COMM)', u'21', u'SEMESTER 1', u'P1', u'Pietermaritzburg Full-time', u'A', u'40000598:QANGULE T Z;40000598:QANGULE T Z;40000598:QANGULE T Z;40000598:QANGULE T Z;40000598:QANGULE T Z', 83.0]
check 'IBNS101_SEM1_2018' 'IBNS101'
processXLS: only for SEM2 [u'IBNS101_SEM1_2018', u'IBNS101_SEM1_2017', u'IBNS101', u'INTRODUCTION TO BUSINESS', u'DIMPC1', u'DIP IN MANAGEMENT SCIENCES (PR AND COMM)', u'21', u'SEMESTER 1', u'P1', u'Pietermaritzburg Full-time', u'A', u'40000598:QANGULE T Z;40000598:QANGULE T Z;40000598:QANGULE T Z;40000598:QANGULE T Z;40000598:QANGULE T Z', 83.0]
[u'', u'', u'', u'', u'', u'', u'', u'', u'', u'', u'', u'', u'']
check '' ''
[u'IBSN101_YEAR_2018', u'IBSN101_YEAR_2017', u'IBSN101', u'INTRODUCTION TO BUSINESS I', u'NDMAF1', u'ND: MANAGEMENT (4 YEARS)', u'11', u'YEAR', u'P1', u'Pietermaritzburg Full-time', u'A', u'50031608:OELLERMANN;40012933:AGBENYEGAH', 34.0]
check 'IBSN101_YEAR_2018' 'IBSN101'
processXLS: only for SEM2 [u'IBSN101_YEAR_2018', u'IBSN101_YEAR_2017', u'IBSN101', u'INTRODUCTION TO BUSINESS I', u'NDMAF1', u'ND: MANAGEMENT (4 YEARS)', u'11', u'YEAR', u'P1', u'Pietermaritzburg Full-time', u'A', u'50031608:OELLERMANN;40012933:AGBENYEGAH', 34.0]
[u'', u'', u'', u'', u'', u'', u'', u'', u'', u'', u'', u'', u'']
check '' ''
[u'IBUL101_SEM1_2018', u'IBUL101_SEM1_2017', u'IBUL101', u'INTRODUCTION TO BUSINESS LAW', u'DIMBA1', u'DIP IN MANAGEMENT SCIENCES (BUS ADMIN)', u'21', u'SEMESTER 1', u'P1', u'Pietermaritzburg Full-time', u'A', u'40007694:DLAMINI B I', 86.0]
check 'IBUL101_SEM1_2018' 'IBUL101'
processXLS: only for SEM2 [u'IBUL101_SEM1_2018', u'IBUL101_SEM1_2017', u'IBUL101', u'INTRODUCTION TO BUSINESS LAW', u'DIMBA1', u'DIP IN MANAGEMENT SCIENCES (BUS ADMIN)', u'21', u'SEMESTER 1', u'P1', u'Pietermaritzburg Full-time', u'A', u'40007694:DLAMINI B I', 86.0]
[u'IBUL101_SEM1_2018', u'IBUL101_SEM1_2017', u'IBUL101', u'INTRODUCTION TO BUSINESS LAW', u'DIMHM1', u'DIP IN MANAGEMENT SCIENCES (HUMAN RES)', u'21', u'SEMESTER 1', u'P1', u'Pietermaritzburg Full-time', u'A', u'40007694:DLAMINI B I', 118.0]
check 'IBUL101_SEM1_2018' 'IBUL101'
processXLS: only for SEM2 [u'IBUL101_SEM1_2018', u'IBUL101_SEM1_2017', u'IBUL101', u'INTRODUCTION TO BUSINESS LAW', u'DIMHM1', u'DIP IN MANAGEMENT SCIENCES (HUMAN RES)', u'21', u'SEMESTER 1', u'P1', u'Pietermaritzburg Full-time', u'A', u'40007694:DLAMINI B I', 118.0]
[u'', u'', u'', u'', u'', u'', u'', u'', u'', u'', u'', u'', u'']
check '' ''
[u'INBL101_SEM1_2018', u'INBL101_SEM1_2017', u'INBL101', u'INTRODUCTION TO BUSINESS LAW', u'DIMPC1', u'DIP IN MANAGEMENT SCIENCES (PR AND COMM)', u'21', u'SEMESTER 1', u'P1', u'Pietermaritzburg Full-time', u'A', u'40000181:TIMM D N', 83.0]
check 'INBL101_SEM1_2018' 'INBL101'
processXLS: only for SEM2 [u'INBL101_SEM1_2018', u'INBL101_SEM1_2017', u'INBL101', u'INTRODUCTION TO BUSINESS LAW', u'DIMPC1', u'DIP IN MANAGEMENT SCIENCES (PR AND COMM)', u'21', u'SEMESTER 1', u'P1', u'Pietermaritzburg Full-time', u'A', u'40000181:TIMM D N', 83.0]
[u'', u'', u'', u'', u'', u'', u'', u'', u'', u'', u'', u'', u'']
check '' ''
[u'INBL101_SEM2_2018', u'INBL101_SEM2_2017', u'INBL101', u'INTRODUCTION TO BUSINESS LAW', u'DIMBA1', u'DIP IN MANAGEMENT SCIENCES (BUS ADMIN)', u'22', u'SEMESTER 2', u'P1', u'Pietermaritzburg Full-time', u'A', u'40000181:TIMM D N', 13.0]
check 'INBL101_SEM2_2018' 'INBL101'
adding  INBL101
requesting:  http://10.0.100.98:8000/bbinfo/matching_courses/INBL101%25
r= <Response [200]>
matching classes= set([u'INBL101_SEM2_2018', u'INBL101_SEM1_2017', u'INBL101_SEM1_2018', u'INBL101_SEM2_2017'])
[u'', u'', u'', u'', u'', u'', u'', u'', u'', u'', u'', u'', u'']
check '' ''
[u'IRLN101_YEAR_2018', u'IRLN101_YEAR_2017', u'IRLN101', u'INDUSTRIAL RELATIONS I', u'NDHRS1', u'ND: HUMAN RESOURCES MANAGEMENT', u'11', u'YEAR', u'P1', u'Pietermaritzburg Full-time', u'A', u'40007694:DLAMINI;50031431:TAYLER', 75.0]
check 'IRLN101_YEAR_2018' 'IRLN101'
processXLS: only for SEM2 [u'IRLN101_YEAR_2018', u'IRLN101_YEAR_2017', u'IRLN101', u'INDUSTRIAL RELATIONS I', u'NDHRS1', u'ND: HUMAN RESOURCES MANAGEMENT', u'11', u'YEAR', u'P1', u'Pietermaritzburg Full-time', u'A', u'40007694:DLAMINI;50031431:TAYLER', 75.0]
[u'', u'', u'', u'', u'', u'', u'', u'', u'', u'', u'', u'', u'']
check '' ''
[u'IRLT101_YEAR_2018', u'IRLT101_YEAR_2017', u'IRLT101', u'INDUSTRIAL RELATIONS I', u'NDPRL1', u'ND: PUBLIC RELATIONS MANAGEMENT', u'11', u'YEAR', u'P1', u'Pietermaritzburg Full-time', u'A', u'50031431:TAYLER', 72.0]
check 'IRLT101_YEAR_2018' 'IRLT101'
processXLS: only for SEM2 [u'IRLT101_YEAR_2018', u'IRLT101_YEAR_2017', u'IRLT101', u'INDUSTRIAL RELATIONS I', u'NDPRL1', u'ND: PUBLIC RELATIONS MANAGEMENT', u'11', u'YEAR', u'P1', u'Pietermaritzburg Full-time', u'A', u'50031431:TAYLER', 72.0]
[u'', u'', u'', u'', u'', u'', u'', u'', u'', u'', u'', u'', u'']
check '' ''
[u'MANM101_YEAR_2018', u'MANM101_YEAR_2017', u'MANM101', u'MANAGEMENT I', u'NDMAF1', u'ND: MANAGEMENT (4 YEARS)', u'11', u'YEAR', u'P1', u'Pietermaritzburg Full-time', u'A', u'50031608:OELLERMANN;40012933:AGBENYEGAH', 9.0]
check 'MANM101_YEAR_2018' 'MANM101'
processXLS: only for SEM2 [u'MANM101_YEAR_2018', u'MANM101_YEAR_2017', u'MANM101', u'MANAGEMENT I', u'NDMAF1', u'ND: MANAGEMENT (4 YEARS)', u'11', u'YEAR', u'P1', u'Pietermaritzburg Full-time', u'A', u'50031608:OELLERMANN;40012933:AGBENYEGAH', 9.0]
[u'MANM101_YEAR_2018', u'MANM101_YEAR_2017', u'MANM101', u'MANAGEMENT I', u'NDMAN1', u'ND: MANAGEMENT', u'11', u'YEAR', u'P1', u'Pietermaritzburg Full-time', u'A', u'50031608:OELLERMANN;40012933:AGBENYEGAH', 13.0]
check 'MANM101_YEAR_2018' 'MANM101'
processXLS: only for SEM2 [u'MANM101_YEAR_2018', u'MANM101_YEAR_2017', u'MANM101', u'MANAGEMENT I', u'NDMAN1', u'ND: MANAGEMENT', u'11', u'YEAR', u'P1', u'Pietermaritzburg Full-time', u'A', u'50031608:OELLERMANN;40012933:AGBENYEGAH', 13.0]
[u'', u'', u'', u'', u'', u'', u'', u'', u'', u'', u'', u'', u'']
check '' ''
[u'MBSP101_YEAR_2018', u'MBSP101_YEAR_2017', u'MBSP101', u'MODERN BUSINESS PRACTICE I', u'NDMAF1', u'ND: MANAGEMENT (4 YEARS)', u'11', u'YEAR', u'P1', u'Pietermaritzburg Full-time', u'A', u'50031554:MC CULLOUGH', 34.0]
check 'MBSP101_YEAR_2018' 'MBSP101'
processXLS: only for SEM2 [u'MBSP101_YEAR_2018', u'MBSP101_YEAR_2017', u'MBSP101', u'MODERN BUSINESS PRACTICE I', u'NDMAF1', u'ND: MANAGEMENT (4 YEARS)', u'11', u'YEAR', u'P1', u'Pietermaritzburg Full-time', u'A', u'50031554:MC CULLOUGH', 34.0]
[u'', u'', u'', u'', u'', u'', u'', u'', u'', u'', u'', u'', u'']
check '' ''
[u'MDST101_YEAR_2018', u'MDST101_YEAR_2017', u'MDST101', u'MEDIA STUDIES I', u'NDPRL1', u'ND: PUBLIC RELATIONS MANAGEMENT', u'11', u'YEAR', u'P1', u'Pietermaritzburg Full-time', u'A', u'50001688:APPELT', 2.0]
check 'MDST101_YEAR_2018' 'MDST101'
processXLS: only for SEM2 [u'MDST101_YEAR_2018', u'MDST101_YEAR_2017', u'MDST101', u'MEDIA STUDIES I', u'NDPRL1', u'ND: PUBLIC RELATIONS MANAGEMENT', u'11', u'YEAR', u'P1', u'Pietermaritzburg Full-time', u'A', u'50001688:APPELT', 2.0]
[u'', u'', u'', u'', u'', u'', u'', u'', u'', u'', u'', u'', u'']
check '' ''
[u'MKAD101_YEAR_2018', u'MKAD101_YEAR_2017', u'MKAD101', u'MARKETING AND ADVERTISING:PUBLIC RELATIONS I', u'NDPRL1', u'ND: PUBLIC RELATIONS MANAGEMENT', u'11', u'YEAR', u'P1', u'Pietermaritzburg Full-time', u'A', u'50001688:APPELT', 16.0]
check 'MKAD101_YEAR_2018' 'MKAD101'
processXLS: only for SEM2 [u'MKAD101_YEAR_2018', u'MKAD101_YEAR_2017', u'MKAD101', u'MARKETING AND ADVERTISING:PUBLIC RELATIONS I', u'NDPRL1', u'ND: PUBLIC RELATIONS MANAGEMENT', u'11', u'YEAR', u'P1', u'Pietermaritzburg Full-time', u'A', u'50001688:APPELT', 16.0]
[u'', u'', u'', u'', u'', u'', u'', u'', u'', u'', u'', u'', u'']
check '' ''
[u'MKNG101_YEAR_2018', u'MKNG101_YEAR_2017', u'MKNG101', u'MARKETING I', u'NDMAF1', u'ND: MANAGEMENT (4 YEARS)', u'11', u'YEAR', u'P1', u'Pietermaritzburg Full-time', u'A', u'50001688:APPELT', 11.0]
check 'MKNG101_YEAR_2018' 'MKNG101'
processXLS: only for SEM2 [u'MKNG101_YEAR_2018', u'MKNG101_YEAR_2017', u'MKNG101', u'MARKETING I', u'NDMAF1', u'ND: MANAGEMENT (4 YEARS)', u'11', u'YEAR', u'P1', u'Pietermaritzburg Full-time', u'A', u'50001688:APPELT', 11.0]
[u'MKNG101_YEAR_2018', u'MKNG101_YEAR_2017', u'MKNG101', u'MARKETING I', u'NDMAN1', u'ND: MANAGEMENT', u'11', u'YEAR', u'P1', u'Pietermaritzburg Full-time', u'A', u'50001688:APPELT', 46.0]
check 'MKNG101_YEAR_2018' 'MKNG101'
processXLS: only for SEM2 [u'MKNG101_YEAR_2018', u'MKNG101_YEAR_2017', u'MKNG101', u'MARKETING I', u'NDMAN1', u'ND: MANAGEMENT', u'11', u'YEAR', u'P1', u'Pietermaritzburg Full-time', u'A', u'50001688:APPELT', 46.0]
[u'', u'', u'', u'', u'', u'', u'', u'', u'', u'', u'', u'', u'']
check '' ''
[u'MNTR101_YEAR_2018', u'MNTR101_YEAR_2017', u'MNTR101', u'MANAGEMENT OF TRAINING I', u'NDHRS1', u'ND: HUMAN RESOURCES MANAGEMENT', u'11', u'YEAR', u'P1', u'Pietermaritzburg Full-time', u'A', u'40012622:MNGUNI', 67.0]
check 'MNTR101_YEAR_2018' 'MNTR101'
processXLS: only for SEM2 [u'MNTR101_YEAR_2018', u'MNTR101_YEAR_2017', u'MNTR101', u'MANAGEMENT OF TRAINING I', u'NDHRS1', u'ND: HUMAN RESOURCES MANAGEMENT', u'11', u'YEAR', u'P1', u'Pietermaritzburg Full-time', u'A', u'40012622:MNGUNI', 67.0]
[u'', u'', u'', u'', u'', u'', u'', u'', u'', u'', u'', u'', u'']
check '' ''
[u'MTBS101_YEAR_2018', u'MTBS101_YEAR_2017', u'MTBS101', u'MATHEMATICS FOR BUSINESS PURPOSES I', u'NDMAF1', u'ND: MANAGEMENT (4 YEARS)', u'11', u'YEAR', u'P1', u'Pietermaritzburg Full-time', u'A', u'50031554:MC CULLOUGH', 34.0]
check 'MTBS101_YEAR_2018' 'MTBS101'
processXLS: only for SEM2 [u'MTBS101_YEAR_2018', u'MTBS101_YEAR_2017', u'MTBS101', u'MATHEMATICS FOR BUSINESS PURPOSES I', u'NDMAF1', u'ND: MANAGEMENT (4 YEARS)', u'11', u'YEAR', u'P1', u'Pietermaritzburg Full-time', u'A', u'50031554:MC CULLOUGH', 34.0]
[u'', u'', u'', u'', u'', u'', u'', u'', u'', u'', u'', u'', u'']
check '' ''
[u'PDTM101_YEAR_2018', u'PDTM101_YEAR_2017', u'PDTM101', u'PRODUCTION MANAGEMENT I', u'NDMAF1', u'ND: MANAGEMENT (4 YEARS)', u'11', u'YEAR', u'P1', u'Pietermaritzburg Full-time', u'A', u'40000598:QANGULE', 19.0]
check 'PDTM101_YEAR_2018' 'PDTM101'
processXLS: only for SEM2 [u'PDTM101_YEAR_2018', u'PDTM101_YEAR_2017', u'PDTM101', u'PRODUCTION MANAGEMENT I', u'NDMAF1', u'ND: MANAGEMENT (4 YEARS)', u'11', u'YEAR', u'P1', u'Pietermaritzburg Full-time', u'A', u'40000598:QANGULE', 19.0]
[u'PDTM101_YEAR_2018', u'PDTM101_YEAR_2017', u'PDTM101', u'PRODUCTION MANAGEMENT I', u'NDMAN1', u'ND: MANAGEMENT', u'11', u'YEAR', u'P1', u'Pietermaritzburg Full-time', u'A', u'40000598:QANGULE', 51.0]
check 'PDTM101_YEAR_2018' 'PDTM101'
processXLS: only for SEM2 [u'PDTM101_YEAR_2018', u'PDTM101_YEAR_2017', u'PDTM101', u'PRODUCTION MANAGEMENT I', u'NDMAN1', u'ND: MANAGEMENT', u'11', u'YEAR', u'P1', u'Pietermaritzburg Full-time', u'A', u'40000598:QANGULE', 51.0]
[u'', u'', u'', u'', u'', u'', u'', u'', u'', u'', u'', u'', u'']
check '' ''
[u'PRLT101_YEAR_2018', u'PRLT101_YEAR_2017', u'PRLT101', u'PUBLIC RELATIONS I', u'NDPRL1', u'ND: PUBLIC RELATIONS MANAGEMENT', u'11', u'YEAR', u'P1', u'Pietermaritzburg Full-time', u'A', u'40009986:DAPI', 3.0]
check 'PRLT101_YEAR_2018' 'PRLT101'
processXLS: only for SEM2 [u'PRLT101_YEAR_2018', u'PRLT101_YEAR_2017', u'PRLT101', u'PUBLIC RELATIONS I', u'NDPRL1', u'ND: PUBLIC RELATIONS MANAGEMENT', u'11', u'YEAR', u'P1', u'Pietermaritzburg Full-time', u'A', u'40009986:DAPI', 3.0]
[u'', u'', u'', u'', u'', u'', u'', u'', u'', u'', u'', u'', u'']
check '' ''
[u'PSLM101_YEAR_2018', u'PSLM101_YEAR_2017', u'PSLM101', u'PERSONNEL MANAGEMENT I', u'NDHRS1', u'ND: HUMAN RESOURCES MANAGEMENT', u'11', u'YEAR', u'P1', u'Pietermaritzburg Full-time', u'C', u'40007694:DLAMINI', 17.0]
check 'PSLM101_YEAR_2018' 'PSLM101'
processXLS: only for SEM2 [u'PSLM101_YEAR_2018', u'PSLM101_YEAR_2017', u'PSLM101', u'PERSONNEL MANAGEMENT I', u'NDHRS1', u'ND: HUMAN RESOURCES MANAGEMENT', u'11', u'YEAR', u'P1', u'Pietermaritzburg Full-time', u'C', u'40007694:DLAMINI', 17.0]
[u'PSLM101_YEAR_2018', u'PSLM101_YEAR_2017', u'PSLM101', u'PERSONNEL MANAGEMENT I', u'NDOMN1', u'ND: OFFICE MANAGEMENT AND TECHNOLOGY', u'11', u'YEAR', u'P1', u'Pietermaritzburg Full-time', u'A', u'40007694:DLAMINI', 101.0]
check 'PSLM101_YEAR_2018' 'PSLM101'
processXLS: only for SEM2 [u'PSLM101_YEAR_2018', u'PSLM101_YEAR_2017', u'PSLM101', u'PERSONNEL MANAGEMENT I', u'NDOMN1', u'ND: OFFICE MANAGEMENT AND TECHNOLOGY', u'11', u'YEAR', u'P1', u'Pietermaritzburg Full-time', u'A', u'40007694:DLAMINI', 101.0]
[u'', u'', u'', u'', u'', u'', u'', u'', u'', u'', u'', u'', u'']
check '' ''
[u'QAMS101_SEM1_2018', u'QAMS101_SEM1_2017', u'QAMS101', u'QUANTITATIVE APPROACHES TO MAN SC', u'DIMBA1', u'DIP IN MANAGEMENT SCIENCES (BUS ADMIN)', u'21', u'SEMESTER 1', u'P1', u'Pietermaritzburg Full-time', u'B', u'50031554:MC CULLOUGH LL', 78.0]
check 'QAMS101_SEM1_2018' 'QAMS101'
processXLS: only for SEM2 [u'QAMS101_SEM1_2018', u'QAMS101_SEM1_2017', u'QAMS101', u'QUANTITATIVE APPROACHES TO MAN SC', u'DIMBA1', u'DIP IN MANAGEMENT SCIENCES (BUS ADMIN)', u'21', u'SEMESTER 1', u'P1', u'Pietermaritzburg Full-time', u'B', u'50031554:MC CULLOUGH LL', 78.0]
[u'QAMS101_SEM1_2018', u'QAMS101_SEM1_2017', u'QAMS101', u'QUANTITATIVE APPROACHES TO MAN SC', u'DIMBA1', u'DIP IN MANAGEMENT SCIENCES (BUS ADMIN)', u'21', u'SEMESTER 1', u'P1', u'Pietermaritzburg Full-time', u'A', u'50031554:MC CULLOUGH LL', 8.0]
check 'QAMS101_SEM1_2018' 'QAMS101'
processXLS: only for SEM2 [u'QAMS101_SEM1_2018', u'QAMS101_SEM1_2017', u'QAMS101', u'QUANTITATIVE APPROACHES TO MAN SC', u'DIMBA1', u'DIP IN MANAGEMENT SCIENCES (BUS ADMIN)', u'21', u'SEMESTER 1', u'P1', u'Pietermaritzburg Full-time', u'A', u'50031554:MC CULLOUGH LL', 8.0]
[u'QAMS101_SEM1_2018', u'QAMS101_SEM1_2017', u'QAMS101', u'QUANTITATIVE APPROACHES TO MAN SC', u'DIMHM1', u'DIP IN MANAGEMENT SCIENCES (HUMAN RES)', u'21', u'SEMESTER 1', u'P1', u'Pietermaritzburg Full-time', u'C', u'50031554:MC CULLOUGH LL', 117.0]
check 'QAMS101_SEM1_2018' 'QAMS101'
processXLS: only for SEM2 [u'QAMS101_SEM1_2018', u'QAMS101_SEM1_2017', u'QAMS101', u'QUANTITATIVE APPROACHES TO MAN SC', u'DIMHM1', u'DIP IN MANAGEMENT SCIENCES (HUMAN RES)', u'21', u'SEMESTER 1', u'P1', u'Pietermaritzburg Full-time', u'C', u'50031554:MC CULLOUGH LL', 117.0]
[u'QAMS101_SEM1_2018', u'QAMS101_SEM1_2017', u'QAMS101', u'QUANTITATIVE APPROACHES TO MAN SC', u'DIMHM1', u'DIP IN MANAGEMENT SCIENCES (HUMAN RES)', u'21', u'SEMESTER 1', u'P1', u'Pietermaritzburg Full-time', u'A', u'50031554:MC CULLOUGH LL', 1.0]
check 'QAMS101_SEM1_2018' 'QAMS101'
processXLS: only for SEM2 [u'QAMS101_SEM1_2018', u'QAMS101_SEM1_2017', u'QAMS101', u'QUANTITATIVE APPROACHES TO MAN SC', u'DIMHM1', u'DIP IN MANAGEMENT SCIENCES (HUMAN RES)', u'21', u'SEMESTER 1', u'P1', u'Pietermaritzburg Full-time', u'A', u'50031554:MC CULLOUGH LL', 1.0]
[u'QAMS101_SEM1_2018', u'QAMS101_SEM1_2017', u'QAMS101', u'QUANTITATIVE APPROACHES TO MAN SC', u'DIMPC1', u'DIP IN MANAGEMENT SCIENCES (PR AND COMM)', u'21', u'SEMESTER 1', u'P1', u'Pietermaritzburg Full-time', u'A', u'50031554:MC CULLOUGH LL', 82.0]
check 'QAMS101_SEM1_2018' 'QAMS101'
processXLS: only for SEM2 [u'QAMS101_SEM1_2018', u'QAMS101_SEM1_2017', u'QAMS101', u'QUANTITATIVE APPROACHES TO MAN SC', u'DIMPC1', u'DIP IN MANAGEMENT SCIENCES (PR AND COMM)', u'21', u'SEMESTER 1', u'P1', u'Pietermaritzburg Full-time', u'A', u'50031554:MC CULLOUGH LL', 82.0]
[u'', u'', u'', u'', u'', u'', u'', u'', u'', u'', u'', u'', u'']
check '' ''
[u'RSRM101_YEAR_2018', u'RSRM101_YEAR_2017', u'RSRM101', u'RESEARCH METHODOLOGY', u'BTPRL1', u'BT: PUBLIC RELATIONS MANAGEMENT', u'11', u'YEAR', u'P1', u'Pietermaritzburg Full-time', u'A', u'40003668:MJWACU', 28.0]
check 'RSRM101_YEAR_2018' 'RSRM101'
processXLS: only for SEM2 [u'RSRM101_YEAR_2018', u'RSRM101_YEAR_2017', u'RSRM101', u'RESEARCH METHODOLOGY', u'BTPRL1', u'BT: PUBLIC RELATIONS MANAGEMENT', u'11', u'YEAR', u'P1', u'Pietermaritzburg Full-time', u'A', u'40003668:MJWACU', 28.0]
[u'', u'', u'', u'', u'', u'', u'', u'', u'', u'', u'', u'', u'']
check '' ''
[u'SIZU101_YEAR_2018', u'SIZU101_YEAR_2017', u'SIZU101', u'ISIZULU', u'NDPRL1', u'ND: PUBLIC RELATIONS MANAGEMENT', u'11', u'YEAR', u'P1', u'Pietermaritzburg Full-time', u'A', u'40012865:BOUCHER', 32.0]
check 'SIZU101_YEAR_2018' 'SIZU101'
processXLS: only for SEM2 [u'SIZU101_YEAR_2018', u'SIZU101_YEAR_2017', u'SIZU101', u'ISIZULU', u'NDPRL1', u'ND: PUBLIC RELATIONS MANAGEMENT', u'11', u'YEAR', u'P1', u'Pietermaritzburg Full-time', u'A', u'40012865:BOUCHER', 32.0]
[u'', u'', u'', u'', u'', u'', u'', u'', u'', u'', u'', u'', u'']
check '' ''
[u'TSMN101_SEM2_2018', u'TSMN101_SEM2_2017', u'TSMN101', u'TIME AND STRESS MANAGEMENT', u'DIMBA1', u'DIP IN MANAGEMENT SCIENCES (BUS ADMIN)', u'22', u'SEMESTER 2', u'P1', u'Pietermaritzburg Full-time', u'B', u'50001688:APPELT', 69.0]
check 'TSMN101_SEM2_2018' 'TSMN101'
adding  TSMN101
requesting:  http://10.0.100.98:8000/bbinfo/matching_courses/TSMN101%25
r= <Response [200]>
matching classes= set([u'TSMN101_SEM2_2017', u'TSMN101_SEM2_PMB_2017', u'TSMN101_SEM2_PMB_2018', u'TSMN101_ALL_2016', u'TSMN101_SEM2_2018'])
[u'TSMN101_SEM2_2018', u'TSMN101_SEM2_2017', u'TSMN101', u'TIME AND STRESS MANAGEMENT', u'DIMHM1', u'DIP IN MANAGEMENT SCIENCES (HUMAN RES)', u'22', u'SEMESTER 2', u'D1', u'Durban Campus Full-time', u'A', u'50001688:APPELT', 1.0]
check 'TSMN101_SEM2_2018' 'TSMN101'
adding  TSMN101
requesting:  http://10.0.100.98:8000/bbinfo/matching_courses/TSMN101%25
r= <Response [200]>
matching classes= set([u'TSMN101_SEM2_2017', u'TSMN101_SEM2_PMB_2017', u'TSMN101_SEM2_PMB_2018', u'TSMN101_ALL_2016', u'TSMN101_SEM2_2018'])
[u'TSMN101_SEM2_2018', u'TSMN101_SEM2_2017', u'TSMN101', u'TIME AND STRESS MANAGEMENT', u'DIMHM1', u'DIP IN MANAGEMENT SCIENCES (HUMAN RES)', u'22', u'SEMESTER 2', u'P1', u'Pietermaritzburg Full-time', u'C', u'50001688:APPELT', 97.0]
check 'TSMN101_SEM2_2018' 'TSMN101'
adding  TSMN101
requesting:  http://10.0.100.98:8000/bbinfo/matching_courses/TSMN101%25
r= <Response [200]>
matching classes= set([u'TSMN101_SEM2_2017', u'TSMN101_SEM2_PMB_2017', u'TSMN101_SEM2_PMB_2018', u'TSMN101_ALL_2016', u'TSMN101_SEM2_2018'])
[u'TSMN101_SEM2_2018', u'TSMN101_SEM2_2017', u'TSMN101', u'TIME AND STRESS MANAGEMENT', u'DIMPC1', u'DIP IN MANAGEMENT SCIENCES (PR AND COMM)', u'22', u'SEMESTER 2', u'P1', u'Pietermaritzburg Full-time', u'A', u'50001688:APPELT', 75.0]
check 'TSMN101_SEM2_2018' 'TSMN101'
adding  TSMN101
requesting:  http://10.0.100.98:8000/bbinfo/matching_courses/TSMN101%25
r= <Response [200]>
matching classes= set([u'TSMN101_SEM2_2017', u'TSMN101_SEM2_PMB_2017', u'TSMN101_SEM2_PMB_2018', u'TSMN101_ALL_2016', u'TSMN101_SEM2_2018'])
[u'', u'', u'', u'', u'', u'', u'', u'', u'', u'', u'', u'', u'']
check '' ''
[u'BMNT201_YEAR_2018', u'BMNT201_YEAR_2017', u'BMNT201', u'BUSINESS MANAGEMENT II', u'NDHRS1', u'ND: HUMAN RESOURCES MANAGEMENT', u'11', u'YEAR', u'P1', u'Pietermaritzburg Full-time', u'A', u'40012593:Lawa', 64.0]
check 'BMNT201_YEAR_2018' 'BMNT201'
processXLS: only for SEM2 [u'BMNT201_YEAR_2018', u'BMNT201_YEAR_2017', u'BMNT201', u'BUSINESS MANAGEMENT II', u'NDHRS1', u'ND: HUMAN RESOURCES MANAGEMENT', u'11', u'YEAR', u'P1', u'Pietermaritzburg Full-time', u'A', u'40012593:Lawa', 64.0]
[u'', u'', u'', u'', u'', u'', u'', u'', u'', u'', u'', u'', u'']
check '' ''
[u'CMCN201_YEAR_2018', u'CMCN201_YEAR_2017', u'CMCN201', u'COMMUNICATION II', u'NDOMN1', u'ND: OFFICE MANAGEMENT AND TECHNOLOGY', u'11', u'YEAR', u'P1', u'Pietermaritzburg Full-time', u'A', u'50001717:NEL', 56.0]
check 'CMCN201_YEAR_2018' 'CMCN201'
processXLS: only for SEM2 [u'CMCN201_YEAR_2018', u'CMCN201_YEAR_2017', u'CMCN201', u'COMMUNICATION II', u'NDOMN1', u'ND: OFFICE MANAGEMENT AND TECHNOLOGY', u'11', u'YEAR', u'P1', u'Pietermaritzburg Full-time', u'A', u'50001717:NEL', 56.0]
[u'', u'', u'', u'', u'', u'', u'', u'', u'', u'', u'', u'', u'']
check '' ''
[u'CMSC201_YEAR_2018', u'CMSC201_YEAR_2017', u'CMSC201', u'COMMUNICATION SCIENCE II', u'NDPRL1', u'ND: PUBLIC RELATIONS MANAGEMENT', u'11', u'YEAR', u'P1', u'Pietermaritzburg Full-time', u'A', u'40013414:NGCOBO;40009986:DAPI', 67.0]
check 'CMSC201_YEAR_2018' 'CMSC201'
processXLS: only for SEM2 [u'CMSC201_YEAR_2018', u'CMSC201_YEAR_2017', u'CMSC201', u'COMMUNICATION SCIENCE II', u'NDPRL1', u'ND: PUBLIC RELATIONS MANAGEMENT', u'11', u'YEAR', u'P1', u'Pietermaritzburg Full-time', u'A', u'40013414:NGCOBO;40009986:DAPI', 67.0]
[u'', u'', u'', u'', u'', u'', u'', u'', u'', u'', u'', u'', u'']
check '' ''
[u'IRLN201_YEAR_2018', u'IRLN201_YEAR_2017', u'IRLN201', u'INDUSTRIAL RELATIONS II', u'NDHRS1', u'ND: HUMAN RESOURCES MANAGEMENT', u'11', u'YEAR', u'P1', u'Pietermaritzburg Full-time', u'A', u'50031431:TAYLER', 1.0]
check 'IRLN201_YEAR_2018' 'IRLN201'
processXLS: only for SEM2 [u'IRLN201_YEAR_2018', u'IRLN201_YEAR_2017', u'IRLN201', u'INDUSTRIAL RELATIONS II', u'NDHRS1', u'ND: HUMAN RESOURCES MANAGEMENT', u'11', u'YEAR', u'P1', u'Pietermaritzburg Full-time', u'A', u'50031431:TAYLER', 1.0]
[u'IRLN201_YEAR_2018', u'IRLN201_YEAR_2017', u'IRLN201', u'INDUSTRIAL RELATIONS II', u'NDHRS1', u'ND: HUMAN RESOURCES MANAGEMENT', u'11', u'YEAR', u'P1', u'Pietermaritzburg Full-time', u'A', u'50031431:TAYLER', 43.0]
check 'IRLN201_YEAR_2018' 'IRLN201'
processXLS: only for SEM2 [u'IRLN201_YEAR_2018', u'IRLN201_YEAR_2017', u'IRLN201', u'INDUSTRIAL RELATIONS II', u'NDHRS1', u'ND: HUMAN RESOURCES MANAGEMENT', u'11', u'YEAR', u'P1', u'Pietermaritzburg Full-time', u'A', u'50031431:TAYLER', 43.0]
[u'', u'', u'', u'', u'', u'', u'', u'', u'', u'', u'', u'', u'']
check '' ''
[u'MANM201_YEAR_2018', u'MANM201_YEAR_2017', u'MANM201', u'MANAGEMENT II', u'NDMAF1', u'ND: MANAGEMENT (4 YEARS)', u'11', u'YEAR', u'P1', u'Pietermaritzburg Full-time', u'A', u'40000598:QANGULE', 19.0]
check 'MANM201_YEAR_2018' 'MANM201'
processXLS: only for SEM2 [u'MANM201_YEAR_2018', u'MANM201_YEAR_2017', u'MANM201', u'MANAGEMENT II', u'NDMAF1', u'ND: MANAGEMENT (4 YEARS)', u'11', u'YEAR', u'P1', u'Pietermaritzburg Full-time', u'A', u'40000598:QANGULE', 19.0]
[u'MANM201_YEAR_2018', u'MANM201_YEAR_2017', u'MANM201', u'MANAGEMENT II', u'NDMAN1', u'ND: MANAGEMENT', u'11', u'YEAR', u'P1', u'Pietermaritzburg Full-time', u'A', u'40000598:QANGULE', 46.0]
check 'MANM201_YEAR_2018' 'MANM201'
processXLS: only for SEM2 [u'MANM201_YEAR_2018', u'MANM201_YEAR_2017', u'MANM201', u'MANAGEMENT II', u'NDMAN1', u'ND: MANAGEMENT', u'11', u'YEAR', u'P1', u'Pietermaritzburg Full-time', u'A', u'40000598:QANGULE', 46.0]
[u'', u'', u'', u'', u'', u'', u'', u'', u'', u'', u'', u'', u'']
check '' ''
[u'MDST201_YEAR_2018', u'MDST201_YEAR_2017', u'MDST201', u'MEDIA STUDIES II', u'NDPRL1', u'ND: PUBLIC RELATIONS MANAGEMENT', u'11', u'YEAR', u'P1', u'Pietermaritzburg Full-time', u'A', u'40003668:MJWACU', 63.0]
check 'MDST201_YEAR_2018' 'MDST201'
processXLS: only for SEM2 [u'MDST201_YEAR_2018', u'MDST201_YEAR_2017', u'MDST201', u'MEDIA STUDIES II', u'NDPRL1', u'ND: PUBLIC RELATIONS MANAGEMENT', u'11', u'YEAR', u'P1', u'Pietermaritzburg Full-time', u'A', u'40003668:MJWACU', 63.0]
[u'', u'', u'', u'', u'', u'', u'', u'', u'', u'', u'', u'', u'']
check '' ''
[u'MKNG201_YEAR_2018', u'MKNG201_YEAR_2017', u'MKNG201', u'MARKETING II', u'BTMAN1', u'BT: MANAGEMENT', u'11', u'YEAR', u'P3', u'Pietermaritzburg Part-time', u'A', u'40013414:NGCOBO', 21.0]
check 'MKNG201_YEAR_2018' 'MKNG201'
processXLS: only for SEM2 [u'MKNG201_YEAR_2018', u'MKNG201_YEAR_2017', u'MKNG201', u'MARKETING II', u'BTMAN1', u'BT: MANAGEMENT', u'11', u'YEAR', u'P3', u'Pietermaritzburg Part-time', u'A', u'40013414:NGCOBO', 21.0]
[u'', u'', u'', u'', u'', u'', u'', u'', u'', u'', u'', u'', u'']
check '' ''
[u'MNTR201_YEAR_2018', u'MNTR201_YEAR_2017', u'MNTR201', u'MANAGEMENT OF TRAINING II', u'NDHRS1', u'ND: HUMAN RESOURCES MANAGEMENT', u'11', u'YEAR', u'P1', u'Pietermaritzburg Full-time', u'A', u'40012622:MNGUNI', 1.0]
check 'MNTR201_YEAR_2018' 'MNTR201'
processXLS: only for SEM2 [u'MNTR201_YEAR_2018', u'MNTR201_YEAR_2017', u'MNTR201', u'MANAGEMENT OF TRAINING II', u'NDHRS1', u'ND: HUMAN RESOURCES MANAGEMENT', u'11', u'YEAR', u'P1', u'Pietermaritzburg Full-time', u'A', u'40012622:MNGUNI', 1.0]
[u'MNTR201_YEAR_2018', u'MNTR201_YEAR_2017', u'MNTR201', u'MANAGEMENT OF TRAINING II', u'NDHRS1', u'ND: HUMAN RESOURCES MANAGEMENT', u'11', u'YEAR', u'P1', u'Pietermaritzburg Full-time', u'A', u'40012622:MNGUNI', 50.0]
check 'MNTR201_YEAR_2018' 'MNTR201'
processXLS: only for SEM2 [u'MNTR201_YEAR_2018', u'MNTR201_YEAR_2017', u'MNTR201', u'MANAGEMENT OF TRAINING II', u'NDHRS1', u'ND: HUMAN RESOURCES MANAGEMENT', u'11', u'YEAR', u'P1', u'Pietermaritzburg Full-time', u'A', u'40012622:MNGUNI', 50.0]
[u'', u'', u'', u'', u'', u'', u'', u'', u'', u'', u'', u'', u'']
check '' ''
[u'PRLT201_YEAR_2018', u'PRLT201_YEAR_2017', u'PRLT201', u'PUBLIC RELATIONS II', u'NDPRL1', u'ND: PUBLIC RELATIONS MANAGEMENT', u'11', u'YEAR', u'P1', u'Pietermaritzburg Full-time', u'A', u'40007358:NDLELA', 62.0]
check 'PRLT201_YEAR_2018' 'PRLT201'
processXLS: only for SEM2 [u'PRLT201_YEAR_2018', u'PRLT201_YEAR_2017', u'PRLT201', u'PUBLIC RELATIONS II', u'NDPRL1', u'ND: PUBLIC RELATIONS MANAGEMENT', u'11', u'YEAR', u'P1', u'Pietermaritzburg Full-time', u'A', u'40007358:NDLELA', 62.0]
[u'', u'', u'', u'', u'', u'', u'', u'', u'', u'', u'', u'', u'']
check '' ''
[u'PSLM201_YEAR_2018', u'PSLM201_YEAR_2017', u'PSLM201', u'PERSONNEL MANAGEMENT II', u'NDHRS1', u'ND: HUMAN RESOURCES MANAGEMENT', u'11', u'YEAR', u'P1', u'Pietermaritzburg Full-time', u'A', u'40012622:MNGUNI', 65.0]
check 'PSLM201_YEAR_2018' 'PSLM201'
processXLS: only for SEM2 [u'PSLM201_YEAR_2018', u'PSLM201_YEAR_2017', u'PSLM201', u'PERSONNEL MANAGEMENT II', u'NDHRS1', u'ND: HUMAN RESOURCES MANAGEMENT', u'11', u'YEAR', u'P1', u'Pietermaritzburg Full-time', u'A', u'40012622:MNGUNI', 65.0]
[u'PSLM201_YEAR_2018', u'PSLM201_YEAR_2017', u'PSLM201', u'PERSONNEL MANAGEMENT II', u'NDOMN1', u'ND: OFFICE MANAGEMENT AND TECHNOLOGY', u'11', u'YEAR', u'P1', u'Pietermaritzburg Full-time', u'A', u'40012622:MNGUNI', 1.0]
check 'PSLM201_YEAR_2018' 'PSLM201'
processXLS: only for SEM2 [u'PSLM201_YEAR_2018', u'PSLM201_YEAR_2017', u'PSLM201', u'PERSONNEL MANAGEMENT II', u'NDOMN1', u'ND: OFFICE MANAGEMENT AND TECHNOLOGY', u'11', u'YEAR', u'P1', u'Pietermaritzburg Full-time', u'A', u'40012622:MNGUNI', 1.0]
[u'PSLM201_YEAR_2018', u'PSLM201_YEAR_2017', u'PSLM201', u'PERSONNEL MANAGEMENT II', u'NDOMN1', u'ND: OFFICE MANAGEMENT AND TECHNOLOGY', u'11', u'YEAR', u'P1', u'Pietermaritzburg Full-time', u'B', u'40012622:MNGUNI', 54.0]
check 'PSLM201_YEAR_2018' 'PSLM201'
processXLS: only for SEM2 [u'PSLM201_YEAR_2018', u'PSLM201_YEAR_2017', u'PSLM201', u'PERSONNEL MANAGEMENT II', u'NDOMN1', u'ND: OFFICE MANAGEMENT AND TECHNOLOGY', u'11', u'YEAR', u'P1', u'Pietermaritzburg Full-time', u'B', u'40012622:MNGUNI', 54.0]
[u'', u'', u'', u'', u'', u'', u'', u'', u'', u'', u'', u'', u'']
check '' ''
[u'RMMA201_YEAR_2018', u'RMMA201_YEAR_2017', u'RMMA201', u'RESEARCH METHODOLOGY', u'BTMAN1', u'BT: MANAGEMENT', u'11', u'YEAR', u'P3', u'Pietermaritzburg Part-time', u'A', u'40012933:AGBENYEGAH', 22.0]
check 'RMMA201_YEAR_2018' 'RMMA201'
processXLS: only for SEM2 [u'RMMA201_YEAR_2018', u'RMMA201_YEAR_2017', u'RMMA201', u'RESEARCH METHODOLOGY', u'BTMAN1', u'BT: MANAGEMENT', u'11', u'YEAR', u'P3', u'Pietermaritzburg Part-time', u'A', u'40012933:AGBENYEGAH', 22.0]
[u'', u'', u'', u'', u'', u'', u'', u'', u'', u'', u'', u'', u'']
check '' ''
[u'SPYC201_YEAR_2018', u'SPYC201_YEAR_2017', u'SPYC201', u'SOCIAL PSYCHOLOGY', u'NDPRL1', u'ND: PUBLIC RELATIONS MANAGEMENT', u'11', u'YEAR', u'P1', u'Pietermaritzburg Full-time', u'A', u'50001688:APPELT', 61.0]
check 'SPYC201_YEAR_2018' 'SPYC201'
processXLS: only for SEM2 [u'SPYC201_YEAR_2018', u'SPYC201_YEAR_2017', u'SPYC201', u'SOCIAL PSYCHOLOGY', u'NDPRL1', u'ND: PUBLIC RELATIONS MANAGEMENT', u'11', u'YEAR', u'P1', u'Pietermaritzburg Full-time', u'A', u'50001688:APPELT', 61.0]
[u'', u'', u'', u'', u'', u'', u'', u'', u'', u'', u'', u'', u'']
check '' ''
[u'BMNT301_YEAR_2018', u'BMNT301_YEAR_2017', u'BMNT301', u'BUSINESS MANAGEMENT III', u'NDHRS1', u'ND: HUMAN RESOURCES MANAGEMENT', u'11', u'YEAR', u'P1', u'Pietermaritzburg Full-time', u'A', u'50031554:MC CULLOUGH;40013152:GUSTAVE', 1.0]
check 'BMNT301_YEAR_2018' 'BMNT301'
processXLS: only for SEM2 [u'BMNT301_YEAR_2018', u'BMNT301_YEAR_2017', u'BMNT301', u'BUSINESS MANAGEMENT III', u'NDHRS1', u'ND: HUMAN RESOURCES MANAGEMENT', u'11', u'YEAR', u'P1', u'Pietermaritzburg Full-time', u'A', u'50031554:MC CULLOUGH;40013152:GUSTAVE', 1.0]
[u'BMNT301_YEAR_2018', u'BMNT301_YEAR_2017', u'BMNT301', u'BUSINESS MANAGEMENT III', u'NDHRS1', u'ND: HUMAN RESOURCES MANAGEMENT', u'11', u'YEAR', u'P1', u'Pietermaritzburg Full-time', u'A', u'50031554:MC CULLOUGH;40013152:GUSTAVE', 65.0]
check 'BMNT301_YEAR_2018' 'BMNT301'
processXLS: only for SEM2 [u'BMNT301_YEAR_2018', u'BMNT301_YEAR_2017', u'BMNT301', u'BUSINESS MANAGEMENT III', u'NDHRS1', u'ND: HUMAN RESOURCES MANAGEMENT', u'11', u'YEAR', u'P1', u'Pietermaritzburg Full-time', u'A', u'50031554:MC CULLOUGH;40013152:GUSTAVE', 65.0]
[u'', u'', u'', u'', u'', u'', u'', u'', u'', u'', u'', u'', u'']
check '' ''
[u'CMSC301_YEAR_2018', u'CMSC301_YEAR_2017', u'CMSC301', u'COMMUNICATION SCIENCE III', u'NDPRL1', u'ND: PUBLIC RELATIONS MANAGEMENT', u'11', u'YEAR', u'P1', u'Pietermaritzburg Full-time', u'A', u'40007358:NDLELA', 46.0]
check 'CMSC301_YEAR_2018' 'CMSC301'
processXLS: only for SEM2 [u'CMSC301_YEAR_2018', u'CMSC301_YEAR_2017', u'CMSC301', u'COMMUNICATION SCIENCE III', u'NDPRL1', u'ND: PUBLIC RELATIONS MANAGEMENT', u'11', u'YEAR', u'P1', u'Pietermaritzburg Full-time', u'A', u'40007358:NDLELA', 46.0]
[u'CMSC301_YEAR_2018', u'CMSC301_YEAR_2017', u'CMSC301', u'COMMUNICATION SCIENCE III', u'NODIP6', u'NON-DIPLOMA PURPOSE (MAN SC)', u'11', u'YEAR', u'P7', u'PMB FULL-TIME NON-SUBSIDISED', u'A', u'40007358:NDLELA', 2.0]
check 'CMSC301_YEAR_2018' 'CMSC301'
processXLS: only for SEM2 [u'CMSC301_YEAR_2018', u'CMSC301_YEAR_2017', u'CMSC301', u'COMMUNICATION SCIENCE III', u'NODIP6', u'NON-DIPLOMA PURPOSE (MAN SC)', u'11', u'YEAR', u'P7', u'PMB FULL-TIME NON-SUBSIDISED', u'A', u'40007358:NDLELA', 2.0]
[u'', u'', u'', u'', u'', u'', u'', u'', u'', u'', u'', u'', u'']
check '' ''
[u'MANM301_YEAR_2018', u'MANM301_YEAR_2017', u'MANM301', u'MANAGEMENT III', u'NDMAF1', u'ND: MANAGEMENT (4 YEARS)', u'11', u'YEAR', u'P1', u'Pietermaritzburg Full-time', u'A', u'40012933:AGBENYEGAH', 9.0]
check 'MANM301_YEAR_2018' 'MANM301'
processXLS: only for SEM2 [u'MANM301_YEAR_2018', u'MANM301_YEAR_2017', u'MANM301', u'MANAGEMENT III', u'NDMAF1', u'ND: MANAGEMENT (4 YEARS)', u'11', u'YEAR', u'P1', u'Pietermaritzburg Full-time', u'A', u'40012933:AGBENYEGAH', 9.0]
[u'MANM301_YEAR_2018', u'MANM301_YEAR_2017', u'MANM301', u'MANAGEMENT III', u'NDMAN1', u'ND: MANAGEMENT', u'11', u'YEAR', u'P1', u'Pietermaritzburg Full-time', u'A', u'40012933:AGBENYEGAH', 36.0]
check 'MANM301_YEAR_2018' 'MANM301'
processXLS: only for SEM2 [u'MANM301_YEAR_2018', u'MANM301_YEAR_2017', u'MANM301', u'MANAGEMENT III', u'NDMAN1', u'ND: MANAGEMENT', u'11', u'YEAR', u'P1', u'Pietermaritzburg Full-time', u'A', u'40012933:AGBENYEGAH', 36.0]
[u'MANM301_YEAR_2018', u'MANM301_YEAR_2017', u'MANM301', u'MANAGEMENT III', u'NODIP6', u'NON-DIPLOMA PURPOSE (MAN SC)', u'11', u'YEAR', u'P7', u'PMB FULL-TIME NON-SUBSIDISED', u'A', u'40012933:AGBENYEGAH', 1.0]
check 'MANM301_YEAR_2018' 'MANM301'
processXLS: only for SEM2 [u'MANM301_YEAR_2018', u'MANM301_YEAR_2017', u'MANM301', u'MANAGEMENT III', u'NODIP6', u'NON-DIPLOMA PURPOSE (MAN SC)', u'11', u'YEAR', u'P7', u'PMB FULL-TIME NON-SUBSIDISED', u'A', u'40012933:AGBENYEGAH', 1.0]
[u'', u'', u'', u'', u'', u'', u'', u'', u'', u'', u'', u'', u'']
check '' ''
[u'MDST301_YEAR_2018', u'MDST301_YEAR_2017', u'MDST301', u'MEDIA STUDIES III', u'BTPRL1', u'BT: PUBLIC RELATIONS MANAGEMENT', u'11', u'YEAR', u'P1', u'Pietermaritzburg Full-time', u'A', u'40003668:MJWACU', 26.0]
check 'MDST301_YEAR_2018' 'MDST301'
processXLS: only for SEM2 [u'MDST301_YEAR_2018', u'MDST301_YEAR_2017', u'MDST301', u'MEDIA STUDIES III', u'BTPRL1', u'BT: PUBLIC RELATIONS MANAGEMENT', u'11', u'YEAR', u'P1', u'Pietermaritzburg Full-time', u'A', u'40003668:MJWACU', 26.0]
[u'', u'', u'', u'', u'', u'', u'', u'', u'', u'', u'', u'', u'']
check '' ''
[u'OMNG311_SEM1_2018', u'OMNG311_SEM1_2017', u'OMNG311', u'ORGANISATIONAL MANAGEMENT III (MODULE 1)', u'NDCSA2', u'ND:  COST AND MANAGEMENT', u'21', u'SEMESTER 1', u'P1', u'Pietermaritzburg Full-time', u'A', u'50031608:OELLERMANN', 36.0]
check 'OMNG311_SEM1_2018' 'OMNG311'
processXLS: only for SEM2 [u'OMNG311_SEM1_2018', u'OMNG311_SEM1_2017', u'OMNG311', u'ORGANISATIONAL MANAGEMENT III (MODULE 1)', u'NDCSA2', u'ND:  COST AND MANAGEMENT', u'21', u'SEMESTER 1', u'P1', u'Pietermaritzburg Full-time', u'A', u'50031608:OELLERMANN', 36.0]
[u'', u'', u'', u'', u'', u'', u'', u'', u'', u'', u'', u'', u'']
check '' ''
[u'OMNG321_SEM2_2018', u'OMNG321_SEM2_2017', u'OMNG321', u'ORGANISATIONAL MANAGEMENT III (MODULE 2)', u'NDCSA2', u'ND:  COST AND MANAGEMENT', u'22', u'SEMESTER 2', u'P1', u'Pietermaritzburg Full-time', u'E', u'40012933:AGBENYEGAH', 24.0]
check 'OMNG321_SEM2_2018' 'OMNG321'
adding  OMNG321
requesting:  http://10.0.100.98:8000/bbinfo/matching_courses/OMNG321%25
r= <Response [200]>
matching classes= set([u'OMNG321_SEM2_2016', u'OMNG321_SEM2_2017', u'OMNG321_15_AGBA', u'OMNG321_SEM2_2018'])
[u'OMNG321_SEM2_2018', u'OMNG321_SEM2_2017', u'OMNG321', u'ORGANISATIONAL MANAGEMENT III (MODULE 2)', u'NDCSA2', u'ND:  COST AND MANAGEMENT', u'22', u'SEMESTER 2', u'P1', u'Pietermaritzburg Full-time', u'A', u'40012933:AGBENYEGAH', 1.0]
check 'OMNG321_SEM2_2018' 'OMNG321'
adding  OMNG321
requesting:  http://10.0.100.98:8000/bbinfo/matching_courses/OMNG321%25
r= <Response [200]>
matching classes= set([u'OMNG321_SEM2_2016', u'OMNG321_SEM2_2017', u'OMNG321_15_AGBA', u'OMNG321_SEM2_2018'])
[u'', u'', u'', u'', u'', u'', u'', u'', u'', u'', u'', u'', u'']
check '' ''
[u'PRLT301_YEAR_2018', u'PRLT301_YEAR_2017', u'PRLT301', u'PUBLIC RELATIONS III', u'NDPRL1', u'ND: PUBLIC RELATIONS MANAGEMENT', u'11', u'YEAR', u'P1', u'Pietermaritzburg Full-time', u'A', u'40003668:MJWACU', 52.0]
check 'PRLT301_YEAR_2018' 'PRLT301'
processXLS: only for SEM2 [u'PRLT301_YEAR_2018', u'PRLT301_YEAR_2017', u'PRLT301', u'PUBLIC RELATIONS III', u'NDPRL1', u'ND: PUBLIC RELATIONS MANAGEMENT', u'11', u'YEAR', u'P1', u'Pietermaritzburg Full-time', u'A', u'40003668:MJWACU', 52.0]
[u'PRLT301_YEAR_2018', u'PRLT301_YEAR_2017', u'PRLT301', u'PUBLIC RELATIONS III', u'NODIP6', u'NON-DIPLOMA PURPOSE (MAN SC)', u'11', u'YEAR', u'P7', u'PMB FULL-TIME NON-SUBSIDISED', u'A', u'40003668:MJWACU', 2.0]
check 'PRLT301_YEAR_2018' 'PRLT301'
processXLS: only for SEM2 [u'PRLT301_YEAR_2018', u'PRLT301_YEAR_2017', u'PRLT301', u'PUBLIC RELATIONS III', u'NODIP6', u'NON-DIPLOMA PURPOSE (MAN SC)', u'11', u'YEAR', u'P7', u'PMB FULL-TIME NON-SUBSIDISED', u'A', u'40003668:MJWACU', 2.0]
[u'', u'', u'', u'', u'', u'', u'', u'', u'', u'', u'', u'', u'']
check '' ''
[u'PSLM301_YEAR_2018', u'PSLM301_YEAR_2017', u'PSLM301', u'PERSONNEL MANAGEMENT III', u'NDHRS1', u'ND: HUMAN RESOURCES MANAGEMENT', u'11', u'YEAR', u'P1', u'Pietermaritzburg Full-time', u'A', u'40013414:NGCOBO;40007694:DLAMINI', 51.0]
check 'PSLM301_YEAR_2018' 'PSLM301'
processXLS: only for SEM2 [u'PSLM301_YEAR_2018', u'PSLM301_YEAR_2017', u'PSLM301', u'PERSONNEL MANAGEMENT III', u'NDHRS1', u'ND: HUMAN RESOURCES MANAGEMENT', u'11', u'YEAR', u'P1', u'Pietermaritzburg Full-time', u'A', u'40013414:NGCOBO;40007694:DLAMINI', 51.0]
[u'', u'', u'', u'', u'', u'', u'', u'', u'', u'', u'', u'', u'']
check '' ''
[u'ADIR401_YEAR_2018', u'ADIR401_YEAR_2017', u'ADIR401', u'ADVANCED INDUSTRIAL RELATIONS IV', u'BTHRS1', u'BT: HUMAN RESOURCES MANAGEMENT', u'11', u'YEAR', u'P3', u'Pietermaritzburg Part-time', u'A', u'50031431:TAYLER BD', 29.0]
check 'ADIR401_YEAR_2018' 'ADIR401'
processXLS: only for SEM2 [u'ADIR401_YEAR_2018', u'ADIR401_YEAR_2017', u'ADIR401', u'ADVANCED INDUSTRIAL RELATIONS IV', u'BTHRS1', u'BT: HUMAN RESOURCES MANAGEMENT', u'11', u'YEAR', u'P3', u'Pietermaritzburg Part-time', u'A', u'50031431:TAYLER BD', 29.0]
[u'', u'', u'', u'', u'', u'', u'', u'', u'', u'', u'', u'', u'']
check '' ''
[u'APNM401_YEAR_2018', u'APNM401_YEAR_2017', u'APNM401', u'ADVANCED PERSONNEL MANAGEMENT IV', u'BTHRS1', u'BT: HUMAN RESOURCES MANAGEMENT', u'11', u'YEAR', u'P3', u'Pietermaritzburg Part-time', u'A', u'50031554:McCullough', 26.0]
check 'APNM401_YEAR_2018' 'APNM401'
processXLS: only for SEM2 [u'APNM401_YEAR_2018', u'APNM401_YEAR_2017', u'APNM401', u'ADVANCED PERSONNEL MANAGEMENT IV', u'BTHRS1', u'BT: HUMAN RESOURCES MANAGEMENT', u'11', u'YEAR', u'P3', u'Pietermaritzburg Part-time', u'A', u'50031554:McCullough', 26.0]
[u'', u'', u'', u'', u'', u'', u'', u'', u'', u'', u'', u'', u'']
check '' ''
[u'ASTR401_YEAR_2018', u'ASTR401_YEAR_2017', u'ASTR401', u'ADVANCED STRATEGIC MANAGEMENT IV', u'BTHRS1', u'BT: HUMAN RESOURCES MANAGEMENT', u'11', u'YEAR', u'P3', u'Pietermaritzburg Part-time', u'A', u'40012601:Zogli', 34.0]
check 'ASTR401_YEAR_2018' 'ASTR401'
processXLS: only for SEM2 [u'ASTR401_YEAR_2018', u'ASTR401_YEAR_2017', u'ASTR401', u'ADVANCED STRATEGIC MANAGEMENT IV', u'BTHRS1', u'BT: HUMAN RESOURCES MANAGEMENT', u'11', u'YEAR', u'P3', u'Pietermaritzburg Part-time', u'A', u'40012601:Zogli', 34.0]
[u'', u'', u'', u'', u'', u'', u'', u'', u'', u'', u'', u'', u'']
check '' ''
[u'CMSC401_YEAR_2018', u'CMSC401_YEAR_2017', u'CMSC401', u'COMMUNICATION SCIENCE IV', u'BTPRL1', u'BT: PUBLIC RELATIONS MANAGEMENT', u'11', u'YEAR', u'P1', u'Pietermaritzburg Full-time', u'A', u'40003668:MJWACU', 27.0]
check 'CMSC401_YEAR_2018' 'CMSC401'
processXLS: only for SEM2 [u'CMSC401_YEAR_2018', u'CMSC401_YEAR_2017', u'CMSC401', u'COMMUNICATION SCIENCE IV', u'BTPRL1', u'BT: PUBLIC RELATIONS MANAGEMENT', u'11', u'YEAR', u'P1', u'Pietermaritzburg Full-time', u'A', u'40003668:MJWACU', 27.0]
[u'', u'', u'', u'', u'', u'', u'', u'', u'', u'', u'', u'', u'']
check '' ''
[u'MANM401_YEAR_2018', u'MANM401_YEAR_2017', u'MANM401', u'MANAGEMENT IV', u'BTMAN1', u'BT: MANAGEMENT', u'11', u'YEAR', u'P3', u'Pietermaritzburg Part-time', u'A', u'40012601:Zogli', 21.0]
check 'MANM401_YEAR_2018' 'MANM401'
processXLS: only for SEM2 [u'MANM401_YEAR_2018', u'MANM401_YEAR_2017', u'MANM401', u'MANAGEMENT IV', u'BTMAN1', u'BT: MANAGEMENT', u'11', u'YEAR', u'P3', u'Pietermaritzburg Part-time', u'A', u'40012601:Zogli', 21.0]
[u'', u'', u'', u'', u'', u'', u'', u'', u'', u'', u'', u'', u'']
check '' ''
[u'MPCT401_YEAR_2018', u'MPCT401_YEAR_2017', u'MPCT401', u'MANAGEMENT PRACTICE IV', u'BTPRL1', u'BT: PUBLIC RELATIONS MANAGEMENT', u'11', u'YEAR', u'P1', u'Pietermaritzburg Full-time', u'A', u'50031554:MC CULLOUGH', 29.0]
check 'MPCT401_YEAR_2018' 'MPCT401'
processXLS: only for SEM2 [u'MPCT401_YEAR_2018', u'MPCT401_YEAR_2017', u'MPCT401', u'MANAGEMENT PRACTICE IV', u'BTPRL1', u'BT: PUBLIC RELATIONS MANAGEMENT', u'11', u'YEAR', u'P1', u'Pietermaritzburg Full-time', u'A', u'50031554:MC CULLOUGH', 29.0]
[u'', u'', u'', u'', u'', u'', u'', u'', u'', u'', u'', u'', u'']
check '' ''
[u'PRLT401_YEAR_2018', u'PRLT401_YEAR_2017', u'PRLT401', u'PUBLIC RELATIONS IV', u'BTPRL1', u'BT: PUBLIC RELATIONS MANAGEMENT', u'11', u'YEAR', u'P1', u'Pietermaritzburg Full-time', u'A', u'40007358:NDLELA', 26.0]
check 'PRLT401_YEAR_2018' 'PRLT401'
processXLS: only for SEM2 [u'PRLT401_YEAR_2018', u'PRLT401_YEAR_2017', u'PRLT401', u'PUBLIC RELATIONS IV', u'BTPRL1', u'BT: PUBLIC RELATIONS MANAGEMENT', u'11', u'YEAR', u'P1', u'Pietermaritzburg Full-time', u'A', u'40007358:NDLELA', 26.0]
[u'', u'', u'', u'', u'', u'', u'', u'', u'', u'', u'', u'', u'']
check '' ''
[u'RMHR101_YEAR_2018', u'RMHR101_YEAR_2017', u'RMHR101', u'RMHR101: RESEARCH METHODOLOGY 2017', u'BTHRS1', u'BT: HUMAN RESOURCE MANAGEMENT', u'11', u'YEAR', u'P3', u'Pietermaritzburg Part-time', u'A', u'40012601:Zogli', 1.0]
check 'RMHR101_YEAR_2018' 'RMHR101'
processXLS: only for SEM2 [u'RMHR101_YEAR_2018', u'RMHR101_YEAR_2017', u'RMHR101', u'RMHR101: RESEARCH METHODOLOGY 2017', u'BTHRS1', u'BT: HUMAN RESOURCE MANAGEMENT', u'11', u'YEAR', u'P3', u'Pietermaritzburg Part-time', u'A', u'40012601:Zogli', 1.0]
[u'', u'', u'', u'', u'', u'', u'', u'', u'', u'', u'', u'', u'']
check '' ''
[u'BNMN101_YEAR_2018', u'BNMN101_YEAR_2017', u'BNMN101', u'BNMN101: BUSINESS MANAGEMENT I 2017', u'DIMHM1', u'DIP IN MANAGEMENT SCIENCES (HUMAN RES)', u'11', u'YEAR', u'P1', u'Pietermaritzburg Part-time', u'A', u'40012601:Zogli', 1.0]
check 'BNMN101_YEAR_2018' 'BNMN101'
processXLS: only for SEM2 [u'BNMN101_YEAR_2018', u'BNMN101_YEAR_2017', u'BNMN101', u'BNMN101: BUSINESS MANAGEMENT I 2017', u'DIMHM1', u'DIP IN MANAGEMENT SCIENCES (HUMAN RES)', u'11', u'YEAR', u'P1', u'Pietermaritzburg Part-time', u'A', u'40012601:Zogli', 1.0]
[u'', u'', u'', u'', u'', u'', u'', u'', u'', u'', u'', u'', u'']
check '' ''
[u'AMGT101_SEM1_2018', u'AMGT101_SEM1_2017', u'AMGT101', u'AMGT101: ADMINISTRATIVE MANAGEMENT I 2017', u'DIMPC1', u'DIP IN MANAGEMENT SCIENCES (PR AND COMM)', 21.0, u'SEMESTER 1', u'P1', u'Pietermaritzburg Part-time', u'A', u'40012601:Zogli', 1.0]
check 'AMGT101_SEM1_2018' 'AMGT101'
processXLS: only for SEM2 [u'AMGT101_SEM1_2018', u'AMGT101_SEM1_2017', u'AMGT101', u'AMGT101: ADMINISTRATIVE MANAGEMENT I 2017', u'DIMPC1', u'DIP IN MANAGEMENT SCIENCES (PR AND COMM)', 21.0, u'SEMESTER 1', u'P1', u'Pietermaritzburg Part-time', u'A', u'40012601:Zogli', 1.0]
[u'', u'', u'', u'', u'', u'', u'', u'', u'', u'', u'', u'', u'']
check '' ''
[u'FNPR201_SEM1_2018', u'FNPR201_SEM1_2017', u'FNPR201', u'FNPR201: FUNDAMENTALS OF PUBLIC RELATIONS 2017', u'DIMPC1', u'DIP IN MANAGEMENT SCIENCES (PR AND COMM)', 21.0, u'SEMESTER 1', u'P1', u'Pietermaritzburg Full-time', u'A', u'40003668:MJWACU', 1.0]
check 'FNPR201_SEM1_2018' 'FNPR201'
processXLS: only for SEM2 [u'FNPR201_SEM1_2018', u'FNPR201_SEM1_2017', u'FNPR201', u'FNPR201: FUNDAMENTALS OF PUBLIC RELATIONS 2017', u'DIMPC1', u'DIP IN MANAGEMENT SCIENCES (PR AND COMM)', 21.0, u'SEMESTER 1', u'P1', u'Pietermaritzburg Full-time', u'A', u'40003668:MJWACU', 1.0]
[u'', u'', u'', u'', u'', u'', u'', u'', u'', u'', u'', u'', u'']
check '' ''
[u'WRPR201_SEM2_2018', u'WRPR201_SEM2_2017', u'WRPR201', u'WRPR201: WRITING FOR PUBLIC RELATIONS 2017', u'DIMPC1', u'DIP IN MANAGEMENT SCIENCES (PR AND COMM)', 22.0, u'SEMESTER 1', u'P1', u'Pietermaritzburg Full-time', u'A', u'40003668:MJWACU', 1.0]
check 'WRPR201_SEM2_2018' 'WRPR201'
processXLS: only for SEM2 [u'WRPR201_SEM2_2018', u'WRPR201_SEM2_2017', u'WRPR201', u'WRPR201: WRITING FOR PUBLIC RELATIONS 2017', u'DIMPC1', u'DIP IN MANAGEMENT SCIENCES (PR AND COMM)', 22.0, u'SEMESTER 1', u'P1', u'Pietermaritzburg Full-time', u'A', u'40003668:MJWACU', 1.0]
[u'', u'', u'', u'', u'', u'', u'', u'', u'', u'', u'', u'', u'']
check '' ''
[u'ETPR101_SEM2_2018', u'ETPR101_SEM2_2017', u'ETPR101', u'ETPR101: ENTREPRENEURSHIP SKILLS 2017', u'NDACT2', u'ND:  ACCOUNTING', u'22', u'SEMESTER 2', u'P1', u'Pietermaritzburg Full-time', u'A', u'40013414:NGCOBO', 1.0]
check 'ETPR101_SEM2_2018' 'ETPR101'
adding  ETPR101
requesting:  http://10.0.100.98:8000/bbinfo/matching_courses/ETPR101%25
r= <Response [200]>
matching classes= set([u'ETPR101_SEM2_2017', u'ETPR101_SEM2_2018'])
[u'', u'', u'', u'', u'', u'', u'', u'', u'', u'', u'', u'', u'']
check '' ''
[u'APRC201_SEM2_2018', u'APRC201_SEM2_2017', u'APRC201', u'APRC201: APPLIED PR AND COMMUNICATION 2017', u'DIMPC1', u'DIP IN MANAGEMENT SCIENCES (PR AND COMM)', 22.0, u'SEMESTER 1', u'P1', u'Pietermaritzburg Full-time', u'A', u'40013414:NGCOBO', 1.0]
check 'APRC201_SEM2_2018' 'APRC201'
processXLS: only for SEM2 [u'APRC201_SEM2_2018', u'APRC201_SEM2_2017', u'APRC201', u'APRC201: APPLIED PR AND COMMUNICATION 2017', u'DIMPC1', u'DIP IN MANAGEMENT SCIENCES (PR AND COMM)', 22.0, u'SEMESTER 1', u'P1', u'Pietermaritzburg Full-time', u'A', u'40013414:NGCOBO', 1.0]
[u'', u'', u'', u'', u'', u'', u'', u'', u'', u'', u'', u'', u'']
check '' ''
[u'CRPM301_SEM1_2018', u'', u'CRPM301', u'CORPORATE COMMUNICATION - 2018', u'DIMPC1', u'DIP IN MANAGEMENT SCIENCES (PR AND COMM)', 21.0, u'SEMESTER 1', u'P1', u'Pietermaritzburg Full-time', u'A', u'40007358:NDLELA', 1.0]
check 'CRPM301_SEM1_2018' 'CRPM301'
processXLS: only for SEM2 [u'CRPM301_SEM1_2018', u'', u'CRPM301', u'CORPORATE COMMUNICATION - 2018', u'DIMPC1', u'DIP IN MANAGEMENT SCIENCES (PR AND COMM)', 21.0, u'SEMESTER 1', u'P1', u'Pietermaritzburg Full-time', u'A', u'40007358:NDLELA', 1.0]
[u'', u'', u'', u'', u'', u'', u'', u'', u'', u'', u'', u'', u'']
check '' ''
[u'===APPEND===', u'', u'', u'', u'', u'', u'', u'', u'', u'', u'', u'', u'']
check '===APPEND===' ''
[u'2017 NEW SUBJECTS  Blackboard Classrooms for Department: 3308 - APPLIED MANAGEMENT (MIDLANDS)', u'', u'', u'', u'', u'', u'', u'', u'', u'', u'', u'', u'']
check '2017 NEW SUBJECTS  Blackboard Classrooms for Department: 3308 - APPLIED MANAGEMENT (MIDLANDS)' ''
[u'', u'', u'', u'', u'', u'', u'', u'', u'', u'', u'', u'', u'']
check '' ''
[u'BB Classroom', u'Migrate Classroom', u'ITS Subject', u'', u'ITS Qualification', u'', u'Block', u'', u'Off Type', u'', u'Grp', u'Lecturer(s)', u'2016 Enrol']
check 'BB Classroom' 'ITS Subject'
[u'CVYP101_SEM1_2018', u'CVYP101_SEM1_2017', u'CVYP101', u'CONVEYANCING PRACTICE', u'DIBSM1', u'DIPLOMA IN BUSINESS &INFO MANAGEMENT', u'21', u'SEMESTER 1', u'P1', u'Pietermaritzburg Full-time', u'A', u'50031554:McCullough', 0.0]
check 'CVYP101_SEM1_2018' 'CVYP101'
processXLS: only for SEM2 [u'CVYP101_SEM1_2018', u'CVYP101_SEM1_2017', u'CVYP101', u'CONVEYANCING PRACTICE', u'DIBSM1', u'DIPLOMA IN BUSINESS &INFO MANAGEMENT', u'21', u'SEMESTER 1', u'P1', u'Pietermaritzburg Full-time', u'A', u'50031554:McCullough', 0.0]
[u'', u'', u'', u'', u'', u'', u'', u'', u'', u'', u'', u'', u'']
check '' ''
[u'HREM101_SEM2_2018', u'HREM101_SEM2_2017', u'HREM101', u'HUMAN RESOURCE MANAGEMENT I', u'DIBSM1', u'DIPLOMA IN BUSINESS &INFO MANAGEMENT', u'22', u'SEMESTER 2', u'P1', u'Pietermaritzburg Full-time', u'A', u'50031554:McCullough', 0.0]
check 'HREM101_SEM2_2018' 'HREM101'
adding  HREM101
requesting:  http://10.0.100.98:8000/bbinfo/matching_courses/HREM101%25
r= <Response [200]>
matching classes= set([u'HREM101_SEM2_2017', u'HREM101_SEM2_2018'])
[u'', u'', u'', u'', u'', u'', u'', u'', u'', u'', u'', u'', u'']
check '' ''
[u'LGAP101_SEM2_2018', u'LGAP101_SEM2_2017', u'LGAP101', u'LEGAL PRACTICE I', u'DIBSM1', u'DIPLOMA IN BUSINESS &INFO MANAGEMENT', u'22', u'SEMESTER 2', u'P1', u'Pietermaritzburg Full-time', u'A', u'50031554:McCullough', 0.0]
check 'LGAP101_SEM2_2018' 'LGAP101'
adding  LGAP101
requesting:  http://10.0.100.98:8000/bbinfo/matching_courses/LGAP101%25
r= <Response [200]>
matching classes= set([u'LGAP101_SEM2_2018', u'LGAP101_SEM2_2017'])
[u'', u'', u'', u'', u'', u'', u'', u'', u'', u'', u'', u'', u'']
check '' ''
[u'PVLW101_SEM1_2018', u'PVLW101_SEM1_2017', u'PVLW101', u'PRIVATE LAW', u'DIBSM1', u'DIPLOMA IN BUSINESS &INFO MANAGEMENT', u'21', u'SEMESTER 1', u'P1', u'Pietermaritzburg Full-time', u'A', u'50031554:McCullough', 0.0]
check 'PVLW101_SEM1_2018' 'PVLW101'
processXLS: only for SEM2 [u'PVLW101_SEM1_2018', u'PVLW101_SEM1_2017', u'PVLW101', u'PRIVATE LAW', u'DIBSM1', u'DIPLOMA IN BUSINESS &INFO MANAGEMENT', u'21', u'SEMESTER 1', u'P1', u'Pietermaritzburg Full-time', u'A', u'50031554:McCullough', 0.0]
[u'', u'', u'', u'', u'', u'', u'', u'', u'', u'', u'', u'', u'']
check '' ''
[u'SBSE101_SEM1_2018', u'SBSE101_SEM1_2017', u'SBSE101', u'SMALL BUS MAN & ENTREPRENEURSHIP', u'DIBSM1', u'DIPLOMA IN BUSINESS &INFO MANAGEMENT', u'21', u'SEMESTER 1', u'P1', u'Pietermaritzburg Full-time', u'A', u'50031554:McCullough', 0.0]
check 'SBSE101_SEM1_2018' 'SBSE101'
processXLS: only for SEM2 [u'SBSE101_SEM1_2018', u'SBSE101_SEM1_2017', u'SBSE101', u'SMALL BUS MAN & ENTREPRENEURSHIP', u'DIBSM1', u'DIPLOMA IN BUSINESS &INFO MANAGEMENT', u'21', u'SEMESTER 1', u'P1', u'Pietermaritzburg Full-time', u'A', u'50031554:McCullough', 0.0]
[u'', u'', u'', u'', u'', u'', u'', u'', u'', u'', u'', u'', u'']
check '' ''
[u'COMC201_SEM1_2018', u'COMC201_SEM1_2017', u'COMC201', u'COMMUNICATION II', u'DIBSM1', u'DIPLOMA IN BUSINESS &INFO MANAGEMENT', u'21', u'SEMESTER 1', u'P1', u'Pietermaritzburg Full-time', u'A', u'50031554:McCullough', 0.0]
check 'COMC201_SEM1_2018' 'COMC201'
processXLS: only for SEM2 [u'COMC201_SEM1_2018', u'COMC201_SEM1_2017', u'COMC201', u'COMMUNICATION II', u'DIBSM1', u'DIPLOMA IN BUSINESS &INFO MANAGEMENT', u'21', u'SEMESTER 1', u'P1', u'Pietermaritzburg Full-time', u'A', u'50031554:McCullough', 0.0]
[u'...', u'', u'', u'', u'', u'', u'', u'', u'', u'', u'', u'', u'']
check '...' ''
[u'New subjects for 2018', u'', u'', u'', u'', u'', u'', u'', u'', u'', u'', u'', u'']
check 'New subjects for 2018' ''
[u'STKM301_SEM1_2018', u'template_2018', u'', u'STKM301: STAKEHOLDER MANAGEMENT 2018', u'DIMPC1', u'DIP IN MANAGEMENT SCIENCES (PR AND COMM)', 21.0, u'SEMESTER 1', u'P1', u'PIETERMARITZBURG FULL-TIME', u'A', 40003668.0, u'']
check 'STKM301_SEM1_2018' ''
processXLS: finished processing workingSheets/data/BBC3308AppliedManagement(midlands)2017.xls
getWS: requesting:  http://10.0.100.98:8000/itsenrol/classlist/2018/22/BCIL101 rsp= <Response [200]>
getWS: requesting:  http://10.0.100.98:8000/bbinfo/classlist/BCIL101 rsp= <Response [200]>
getNewStudentsInSubject: ITS 238, BB 1 -> 238 new enrollments
getWS: requesting:  http://10.0.100.98:8000/itsenrol/classlist/2018/22/INBL101 rsp= <Response [200]>
getWS: requesting:  http://10.0.100.98:8000/bbinfo/classlist/INBL101 rsp= <Response [200]>
getNewStudentsInSubject: ITS 0, BB 224 -> 0 new enrollments
getWS: requesting:  http://10.0.100.98:8000/itsenrol/classlist/2018/22/HREM101 rsp= <Response [200]>
getWS: requesting:  http://10.0.100.98:8000/bbinfo/classlist/HREM101 rsp= <Response [200]>
getNewStudentsInSubject: ITS 53, BB 1 -> 53 new enrollments
getWS: requesting:  http://10.0.100.98:8000/itsenrol/classlist/2018/22/ETRP101 rsp= <Response [200]>
getWS: requesting:  http://10.0.100.98:8000/bbinfo/classlist/ETRP101 rsp= <Response [200]>
getNewStudentsInSubject: ITS 241, BB 2 -> 241 new enrollments
getWS: requesting:  http://10.0.100.98:8000/itsenrol/classlist/2018/22/ALWS101 rsp= <Response [200]>
getWS: requesting:  http://10.0.100.98:8000/bbinfo/classlist/ALWS101 rsp= <Response [200]>
getNewStudentsInSubject: ITS 237, BB 1 -> 237 new enrollments
getWS: requesting:  http://10.0.100.98:8000/itsenrol/classlist/2018/22/ETPR101 rsp= <Response [200]>
getWS: requesting:  http://10.0.100.98:8000/bbinfo/classlist/ETPR101 rsp= <Response [200]>
getNewStudentsInSubject: ITS 44, BB 1 -> 44 new enrollments
getWS: requesting:  http://10.0.100.98:8000/itsenrol/classlist/2018/22/TSMN101 rsp= <Response [200]>
getWS: requesting:  http://10.0.100.98:8000/bbinfo/classlist/TSMN101 rsp= <Response [200]>
getNewStudentsInSubject: ITS 244, BB 2 -> 244 new enrollments
getWS: requesting:  http://10.0.100.98:8000/itsenrol/classlist/2018/22/LGAP101 rsp= <Response [200]>
getWS: requesting:  http://10.0.100.98:8000/bbinfo/classlist/LGAP101 rsp= <Response [200]>
getNewStudentsInSubject: ITS 5, BB 1 -> 5 new enrollments
getWS: requesting:  http://10.0.100.98:8000/itsenrol/classlist/2018/22/OMNG321 rsp= <Response [200]>
getWS: requesting:  http://10.0.100.98:8000/bbinfo/classlist/OMNG321 rsp= <Response [200]>
getNewStudentsInSubject: ITS 34, BB 1 -> 34 new enrollments
main: Writing students...
main: Writing enrollments...
main: Finished processing workingSheets/data/BBC3308AppliedManagement(midlands)2017.xls
main: 9 subjects processed
main: 23 subject -> classroom maps
main: 622 students
main: 1096 student enrollments 0 errors
0.32user 0.14system 0:03.67elapsed 12%CPU (0avgtext+0avgdata 61872maxresident)k
120inputs+280outputs (0major+7299minor)pagefaults 0swaps
POSTING SNAPSHOTS to SIS endpoint
TEST RUN, NOT POSTING BBSTUDENTS
TEST RUN, NOT POSTIN BBENROL
copy snapshot files to saved output
=== department done ===
syncing logs...
Pushing logs from logs/20180723111852 to remote...
sending incremental file list
./
BBC3308AppliedManagement(midlands)2017.BBENROL.txt
BBC3308AppliedManagement(midlands)2017.BBSTUDENTS.txt
BBC3308AppliedManagement(midlands)2017.Enrolomat.txt
BBC3308AppliedManagement(midlands)2017.Postlog.txt

sent 212233 bytes  received 91 bytes  38604.36 bytes/sec
total size is 4251966  speedup is 20.03
logging to logs/20180723111852
=== generate newenrollments for BBC3310BusinessStudiesUnit2017. ===
GENERATE SNAPSHOTS...
./BBCIncrementalEnrollerX2.py : generating enrolment files for subjects in  workingSheets/data/BBC3310BusinessStudiesUnit2017.xls
processXLS: start spreadsheet workingSheets/data/BBC3310BusinessStudiesUnit2017.xls
[u'2018 Blackboard Classrooms for Department: 3310 - BUSINESS STUDIES UNIT', u'', u'', u'', u'', u'', u'', u'', u'', u'', u'', u'', u'']
check '2018 Blackboard Classrooms for Department: 3310 - BUSINESS STUDIES UNIT' ''
[u'', u'', u'', u'', u'', u'', u'', u'', u'', u'', u'', u'', u'']
check '' ''
[u'BB Classroom', u'Migrate Classroom', u'ITS Subject', u'', u'ITS Qualification', u'', u'Block', u'', u'Off Type', u'', u'Grp', u'Lecturer(s)', u'2016 Enrol']
check 'BB Classroom' 'ITS Subject'
[u'MKAB202_SEM2_2018', u'MKAB202_SEM2_2017', u'MKAB202', u'MARKETING II', u'BTMBA1', u'BT: MANAGEMENT (DURBAN)', u'22', u'SEMESTER 2', u'D3', u'Durban Campus Part-time', u'A', u'50000617:KAPLAN', 43.0]
check 'MKAB202_SEM2_2018' 'MKAB202'
adding  MKAB202
requesting:  http://10.0.100.98:8000/bbinfo/matching_courses/MKAB202%25
r= <Response [200]>
matching classes= set([u'MKAB202_13_THOC', u'MKAB202_SEM2_2018', u'MKAB202_SEM2_2016', u'MKAB202_SEM2_2017'])
[u'', u'', u'', u'', u'', u'', u'', u'', u'', u'', u'', u'', u'']
check '' ''
[u'PDAB203_SEM2_2018', u'PDAB203_SEM2_2017', u'PDAB203', u'PRODUCTION MANAGEMENT II', u'BTMBA1', u'BT: MANAGEMENT (DURBAN)', u'22', u'SEMESTER 2', u'D3', u'Durban Campus Part-time', u'A', u'40013504:NAIDOO;40012830:BAHADUR;50000617:KAPLAN', 53.0]
check 'PDAB203_SEM2_2018' 'PDAB203'
adding  PDAB203
requesting:  http://10.0.100.98:8000/bbinfo/matching_courses/PDAB203%25
r= <Response [200]>
matching classes= set([u'PDAB203_13_THOC', u'PDAB203_SEM2_2018', u'PDAB203_SEM2_2017', u'PDAB203_SEM2_2016'])
[u'', u'', u'', u'', u'', u'', u'', u'', u'', u'', u'', u'', u'']
check '' ''
[u'RMAB201_SEM1_2018', u'RMAB201_SEM1_2017', u'RMAB201', u'RESEARCH METHODOLOGY', u'BTMBA1', u'BT: MANAGEMENT (DURBAN)', u'21', u'SEMESTER 1', u'D3', u'Durban Campus Part-time', u'A', u'50000617:KAPLAN', 128.0]
check 'RMAB201_SEM1_2018' 'RMAB201'
processXLS: only for SEM2 [u'RMAB201_SEM1_2018', u'RMAB201_SEM1_2017', u'RMAB201', u'RESEARCH METHODOLOGY', u'BTMBA1', u'BT: MANAGEMENT (DURBAN)', u'21', u'SEMESTER 1', u'D3', u'Durban Campus Part-time', u'A', u'50000617:KAPLAN', 128.0]
[u'', u'', u'', u'', u'', u'', u'', u'', u'', u'', u'', u'', u'']
check '' ''
[u'FNAB401_SEM2_2018', u'FNAB401_SEM2_2017', u'FNAB401', u'FINANCIAL MANAGEMENT IV', u'BTMBA1', u'BT: MANAGEMENT (DURBAN)', u'22', u'SEMESTER 2', u'D3', u'Durban Campus Part-time', u'A', u'50031427:YEARWOOD;50000617:KAPLAN', 103.0]
check 'FNAB401_SEM2_2018' 'FNAB401'
adding  FNAB401
requesting:  http://10.0.100.98:8000/bbinfo/matching_courses/FNAB401%25
r= <Response [200]>
matching classes= set([u'FNAB401_SEM2_2016', u'FNAB401_13_MOOA', u'FNAB401_SEM2_2017', u'FNAB401_14_REDD', u'FNAB401_13_THOC', u'FNAB401_SEM2_2018'])
[u'', u'', u'', u'', u'', u'', u'', u'', u'', u'', u'', u'', u'']
check '' ''
[u'MGAB401_SEM1_2018', u'MGAB401_SEM1_2017', u'MGAB401', u'MANAGEMENT IV', u'BTMBA1', u'BT: MANAGEMENT (DURBAN)', u'21', u'SEMESTER 1', u'D3', u'Durban Campus Part-time', u'A', u'50000617:KAPLAN', 126.0]
check 'MGAB401_SEM1_2018' 'MGAB401'
processXLS: only for SEM2 [u'MGAB401_SEM1_2018', u'MGAB401_SEM1_2017', u'MGAB401', u'MANAGEMENT IV', u'BTMBA1', u'BT: MANAGEMENT (DURBAN)', u'21', u'SEMESTER 1', u'D3', u'Durban Campus Part-time', u'A', u'50000617:KAPLAN', 126.0]
[u'...', u'', u'', u'', u'', u'', u'', u'', u'', u'', u'', u'', u'']
check '...' ''
[u'New subjects for 2018', u'', u'', u'', u'', u'', u'', u'', u'', u'', u'', u'', u'']
check 'New subjects for 2018' ''
processXLS: finished processing workingSheets/data/BBC3310BusinessStudiesUnit2017.xls
getWS: requesting:  http://10.0.100.98:8000/itsenrol/classlist/2018/22/MKAB202 rsp= <Response [200]>
getWS: requesting:  http://10.0.100.98:8000/bbinfo/classlist/MKAB202 rsp= <Response [200]>
getNewStudentsInSubject: ITS 7, BB 1 -> 7 new enrollments
getWS: requesting:  http://10.0.100.98:8000/itsenrol/classlist/2018/22/PDAB203 rsp= <Response [200]>
getWS: requesting:  http://10.0.100.98:8000/bbinfo/classlist/PDAB203 rsp= <Response [200]>
getNewStudentsInSubject: ITS 20, BB 3 -> 20 new enrollments
getWS: requesting:  http://10.0.100.98:8000/itsenrol/classlist/2018/22/FNAB401 rsp= <Response [200]>
getWS: requesting:  http://10.0.100.98:8000/bbinfo/classlist/FNAB401 rsp= <Response [200]>
getNewStudentsInSubject: ITS 32, BB 2 -> 32 new enrollments
main: Writing students...
main: Writing enrollments...
main: Finished processing workingSheets/data/BBC3310BusinessStudiesUnit2017.xls
main: 3 subjects processed
main: 3 subject -> classroom maps
main: 32 students
main: 59 student enrollments 0 errors
0.21user 0.08system 0:01.00elapsed 29%CPU (0avgtext+0avgdata 57120maxresident)k
16inputs+16outputs (0major+7050minor)pagefaults 0swaps
POSTING SNAPSHOTS to SIS endpoint
TEST RUN, NOT POSTING BBSTUDENTS
TEST RUN, NOT POSTIN BBENROL
copy snapshot files to saved output
=== department done ===
syncing logs...
Pushing logs from logs/20180723111852 to remote...
sending incremental file list
./
BBC3310BusinessStudiesUnit2017.BBENROL.txt
BBC3310BusinessStudiesUnit2017.BBSTUDENTS.txt
BBC3310BusinessStudiesUnit2017.Enrolomat.txt
BBC3310BusinessStudiesUnit2017.Postlog.txt

sent 16815 bytes  received 91 bytes  3756.89 bytes/sec
total size is 4264380  speedup is 252.24
logging to logs/20180723111852
=== generate newenrollments for BBC3311Ecotourism2017. ===
GENERATE SNAPSHOTS...
./BBCIncrementalEnrollerX2.py : generating enrolment files for subjects in  workingSheets/data/BBC3311Ecotourism2017.xls
processXLS: start spreadsheet workingSheets/data/BBC3311Ecotourism2017.xls
[u'2018 Blackboard Classrooms for Department: 3311 - ECOTOURISM', u'', u'', u'', u'', u'', u'', u'', u'', u'', u'', u'', u'']
check '2018 Blackboard Classrooms for Department: 3311 - ECOTOURISM' ''
[u'', u'', u'', u'', u'', u'', u'', u'', u'', u'', u'', u'', u'']
check '' ''
[u'BB Classroom', u'Migrate Classroom', u'ITS Subject', u'', u'ITS Qualification', u'', u'Block', u'', u'Off Type', u'', u'Grp', u'Lecturer(s)', u'2016 Enrol']
check 'BB Classroom' 'ITS Subject'
[u'ECOP101_YEAR_2018', u'ECOP101_YEAR_2017', u'ECOP101', u'ECOTOURISM PRACTICE I', u'NDECT1', u'ND: ECOTOURISM MANAGEMENT', u'11', u'YEAR', u'P1', u'Pietermaritzburg Full-time', u'A', u'50002608:MDLAZI;40010448:NDLOVU', 108.0]
check 'ECOP101_YEAR_2018' 'ECOP101'
processXLS: only for SEM2 [u'ECOP101_YEAR_2018', u'ECOP101_YEAR_2017', u'ECOP101', u'ECOTOURISM PRACTICE I', u'NDECT1', u'ND: ECOTOURISM MANAGEMENT', u'11', u'YEAR', u'P1', u'Pietermaritzburg Full-time', u'A', u'50002608:MDLAZI;40010448:NDLOVU', 108.0]
[u'', u'', u'', u'', u'', u'', u'', u'', u'', u'', u'', u'', u'']
check '' ''
[u'ECTB101_YEAR_2018', u'ECTB101_YEAR_2017', u'ECTB101', u'ECOTOURISM: BIOLOGY I', u'NDECT1', u'ND: ECOTOURISM MANAGEMENT', u'11', u'YEAR', u'P1', u'Pietermaritzburg Full-time', u'A', u'40013077:Zondi', 116.0]
check 'ECTB101_YEAR_2018' 'ECTB101'
processXLS: only for SEM2 [u'ECTB101_YEAR_2018', u'ECTB101_YEAR_2017', u'ECTB101', u'ECOTOURISM: BIOLOGY I', u'NDECT1', u'ND: ECOTOURISM MANAGEMENT', u'11', u'YEAR', u'P1', u'Pietermaritzburg Full-time', u'A', u'40013077:Zondi', 116.0]
[u'', u'', u'', u'', u'', u'', u'', u'', u'', u'', u'', u'', u'']
check '' ''
[u'ECTM101_YEAR_2018', u'ECTM101_YEAR_2017', u'ECTM101', u'ECOTOURISM MARKETING I', u'NDECT1', u'ND: ECOTOURISM MANAGEMENT', u'11', u'YEAR', u'P1', u'Pietermaritzburg Full-time', u'A', u'50001628:PETE;40004049:MCHUNU', 132.0]
check 'ECTM101_YEAR_2018' 'ECTM101'
processXLS: only for SEM2 [u'ECTM101_YEAR_2018', u'ECTM101_YEAR_2017', u'ECTM101', u'ECOTOURISM MARKETING I', u'NDECT1', u'ND: ECOTOURISM MANAGEMENT', u'11', u'YEAR', u'P1', u'Pietermaritzburg Full-time', u'A', u'50001628:PETE;40004049:MCHUNU', 132.0]
[u'', u'', u'', u'', u'', u'', u'', u'', u'', u'', u'', u'', u'']
check '' ''
[u'EDVL101_YEAR_2018', u'EDVL101_YEAR_2017', u'EDVL101', u'ECOTOURISM DEVELOPMENT I', u'NDECT1', u'ND: ECOTOURISM MANAGEMENT', u'11', u'YEAR', u'P1', u'Pietermaritzburg Full-time', u'A', u'50002608:MDLAZI;40008007:Mabaso', 107.0]
check 'EDVL101_YEAR_2018' 'EDVL101'
processXLS: only for SEM2 [u'EDVL101_YEAR_2018', u'EDVL101_YEAR_2017', u'EDVL101', u'ECOTOURISM DEVELOPMENT I', u'NDECT1', u'ND: ECOTOURISM MANAGEMENT', u'11', u'YEAR', u'P1', u'Pietermaritzburg Full-time', u'A', u'50002608:MDLAZI;40008007:Mabaso', 107.0]
[u'', u'', u'', u'', u'', u'', u'', u'', u'', u'', u'', u'', u'']
check '' ''
[u'EINT101_YEAR_2018', u'EINT101_YEAR_2017', u'EINT101', u'ECOTOURISM INTERPRETATION I', u'NDECT1', u'ND: ECOTOURISM MANAGEMENT', u'11', u'YEAR', u'P1', u'Pietermaritzburg Full-time', u'A', u'50002608:MDLAZI', 118.0]
check 'EINT101_YEAR_2018' 'EINT101'
processXLS: only for SEM2 [u'EINT101_YEAR_2018', u'EINT101_YEAR_2017', u'EINT101', u'ECOTOURISM INTERPRETATION I', u'NDECT1', u'ND: ECOTOURISM MANAGEMENT', u'11', u'YEAR', u'P1', u'Pietermaritzburg Full-time', u'A', u'50002608:MDLAZI', 118.0]
[u'', u'', u'', u'', u'', u'', u'', u'', u'', u'', u'', u'', u'']
check '' ''
[u'EMAN101_YEAR_2018', u'EMAN101_YEAR_2017', u'EMAN101', u'ECOTOURISM MANAGEMENT I', u'NDECT1', u'ND: ECOTOURISM MANAGEMENT', u'11', u'YEAR', u'P1', u'Pietermaritzburg Full-time', u'A', u'50002608:MDLAZI', 114.0]
check 'EMAN101_YEAR_2018' 'EMAN101'
processXLS: only for SEM2 [u'EMAN101_YEAR_2018', u'EMAN101_YEAR_2017', u'EMAN101', u'ECOTOURISM MANAGEMENT I', u'NDECT1', u'ND: ECOTOURISM MANAGEMENT', u'11', u'YEAR', u'P1', u'Pietermaritzburg Full-time', u'A', u'50002608:MDLAZI', 114.0]
[u'', u'', u'', u'', u'', u'', u'', u'', u'', u'', u'', u'', u'']
check '' ''
[u'RMTR101_YEAR_2018', u'RMTR101_YEAR_2017', u'RMTR101', u'RESEARCH METHODOLOGY', u'BTTMN1', u'BT: TOURISM MANAGEMENT', u'11', u'YEAR', u'P1', u'Pietermaritzburg Full-time', u'A', u'50002608:MDLAZI', 31.0]
check 'RMTR101_YEAR_2018' 'RMTR101'
processXLS: only for SEM2 [u'RMTR101_YEAR_2018', u'RMTR101_YEAR_2017', u'RMTR101', u'RESEARCH METHODOLOGY', u'BTTMN1', u'BT: TOURISM MANAGEMENT', u'11', u'YEAR', u'P1', u'Pietermaritzburg Full-time', u'A', u'50002608:MDLAZI', 31.0]
[u'', u'', u'', u'', u'', u'', u'', u'', u'', u'', u'', u'', u'']
check '' ''
[u'WLFM101_YEAR_2018', u'WLFM101_YEAR_2017', u'WLFM101', u'WILDLIFE MANAGEMENT I', u'NDECT1', u'ND: ECOTOURISM MANAGEMENT', u'11', u'YEAR', u'P1', u'Pietermaritzburg Full-time', u'A', u'50002608:MDLAZI', 113.0]
check 'WLFM101_YEAR_2018' 'WLFM101'
processXLS: only for SEM2 [u'WLFM101_YEAR_2018', u'WLFM101_YEAR_2017', u'WLFM101', u'WILDLIFE MANAGEMENT I', u'NDECT1', u'ND: ECOTOURISM MANAGEMENT', u'11', u'YEAR', u'P1', u'Pietermaritzburg Full-time', u'A', u'50002608:MDLAZI', 113.0]
[u'', u'', u'', u'', u'', u'', u'', u'', u'', u'', u'', u'', u'']
check '' ''
[u'ECOP201_YEAR_2018', u'ECOP201_YEAR_2017', u'ECOP201', u'ECOTOURISM PRACTICE II', u'NDECT1', u'ND: ECOTOURISM MANAGEMENT', u'11', u'YEAR', u'P1', u'Pietermaritzburg Full-time', u'A', u'50002608:MDLAZI;40010448:NDLOVU', 101.0]
check 'ECOP201_YEAR_2018' 'ECOP201'
processXLS: only for SEM2 [u'ECOP201_YEAR_2018', u'ECOP201_YEAR_2017', u'ECOP201', u'ECOTOURISM PRACTICE II', u'NDECT1', u'ND: ECOTOURISM MANAGEMENT', u'11', u'YEAR', u'P1', u'Pietermaritzburg Full-time', u'A', u'50002608:MDLAZI;40010448:NDLOVU', 101.0]
[u'', u'', u'', u'', u'', u'', u'', u'', u'', u'', u'', u'', u'']
check '' ''
[u'ECTB201_YEAR_2018', u'ECTB201_YEAR_2017', u'ECTB201', u'ECOTOURISM: BIOLOGY II', u'NDECT1', u'ND: ECOTOURISM MANAGEMENT', u'11', u'YEAR', u'P1', u'Pietermaritzburg Full-time', u'A', u'40013077:Zondi', 111.0]
check 'ECTB201_YEAR_2018' 'ECTB201'
processXLS: only for SEM2 [u'ECTB201_YEAR_2018', u'ECTB201_YEAR_2017', u'ECTB201', u'ECOTOURISM: BIOLOGY II', u'NDECT1', u'ND: ECOTOURISM MANAGEMENT', u'11', u'YEAR', u'P1', u'Pietermaritzburg Full-time', u'A', u'40013077:Zondi', 111.0]
[u'', u'', u'', u'', u'', u'', u'', u'', u'', u'', u'', u'', u'']
check '' ''
[u'ECTM201_YEAR_2018', u'ECTM201_YEAR_2017', u'ECTM201', u'ECOTOURISM MARKETING II', u'NDECT1', u'ND: ECOTOURISM MANAGEMENT', u'11', u'YEAR', u'P1', u'Pietermaritzburg Full-time', u'A', u'40010448:NDLOVU;50001628:PETE;40004049:MCHUNU', 85.0]
check 'ECTM201_YEAR_2018' 'ECTM201'
processXLS: only for SEM2 [u'ECTM201_YEAR_2018', u'ECTM201_YEAR_2017', u'ECTM201', u'ECOTOURISM MARKETING II', u'NDECT1', u'ND: ECOTOURISM MANAGEMENT', u'11', u'YEAR', u'P1', u'Pietermaritzburg Full-time', u'A', u'40010448:NDLOVU;50001628:PETE;40004049:MCHUNU', 85.0]
[u'', u'', u'', u'', u'', u'', u'', u'', u'', u'', u'', u'', u'']
check '' ''
[u'EDVL201_YEAR_2018', u'EDVL201_YEAR_2017', u'EDVL201', u'ECOTOURISM DEVELOPMENT II', u'NDECT1', u'ND: ECOTOURISM MANAGEMENT', u'11', u'YEAR', u'P1', u'Pietermaritzburg Full-time', u'A', u'50002608:MDLAZI;40008007:Mabaso', 92.0]
check 'EDVL201_YEAR_2018' 'EDVL201'
processXLS: only for SEM2 [u'EDVL201_YEAR_2018', u'EDVL201_YEAR_2017', u'EDVL201', u'ECOTOURISM DEVELOPMENT II', u'NDECT1', u'ND: ECOTOURISM MANAGEMENT', u'11', u'YEAR', u'P1', u'Pietermaritzburg Full-time', u'A', u'50002608:MDLAZI;40008007:Mabaso', 92.0]
[u'', u'', u'', u'', u'', u'', u'', u'', u'', u'', u'', u'', u'']
check '' ''
[u'EINT201_YEAR_2018', u'EINT201_YEAR_2017', u'EINT201', u'ECOTOURISM INTERPRETATION II', u'NDECT1', u'ND: ECOTOURISM MANAGEMENT', u'11', u'YEAR', u'P1', u'Pietermaritzburg Full-time', u'A', u'40008007:Mabaso', 85.0]
check 'EINT201_YEAR_2018' 'EINT201'
processXLS: only for SEM2 [u'EINT201_YEAR_2018', u'EINT201_YEAR_2017', u'EINT201', u'ECOTOURISM INTERPRETATION II', u'NDECT1', u'ND: ECOTOURISM MANAGEMENT', u'11', u'YEAR', u'P1', u'Pietermaritzburg Full-time', u'A', u'40008007:Mabaso', 85.0]
[u'', u'', u'', u'', u'', u'', u'', u'', u'', u'', u'', u'', u'']
check '' ''
[u'EMAN201_YEAR_2018', u'EMAN201_YEAR_2017', u'EMAN201', u'ECOTOURISM MANAGEMENT II', u'NDECT1', u'ND: ECOTOURISM MANAGEMENT', u'11', u'YEAR', u'P1', u'Pietermaritzburg Full-time', u'A', u'50002608:MDLAZI;40010448:NDLOVU', 96.0]
check 'EMAN201_YEAR_2018' 'EMAN201'
processXLS: only for SEM2 [u'EMAN201_YEAR_2018', u'EMAN201_YEAR_2017', u'EMAN201', u'ECOTOURISM MANAGEMENT II', u'NDECT1', u'ND: ECOTOURISM MANAGEMENT', u'11', u'YEAR', u'P1', u'Pietermaritzburg Full-time', u'A', u'50002608:MDLAZI;40010448:NDLOVU', 96.0]
[u'', u'', u'', u'', u'', u'', u'', u'', u'', u'', u'', u'', u'']
check '' ''
[u'WLFM201_YEAR_2018', u'WLFM201_YEAR_2017', u'WLFM201', u'WILDLIFE MANAGEMENT II', u'NDECT1', u'ND: ECOTOURISM MANAGEMENT', u'11', u'YEAR', u'P1', u'Pietermaritzburg Full-time', u'A', u'50002608:MDLAZI', 94.0]
check 'WLFM201_YEAR_2018' 'WLFM201'
processXLS: only for SEM2 [u'WLFM201_YEAR_2018', u'WLFM201_YEAR_2017', u'WLFM201', u'WILDLIFE MANAGEMENT II', u'NDECT1', u'ND: ECOTOURISM MANAGEMENT', u'11', u'YEAR', u'P1', u'Pietermaritzburg Full-time', u'A', u'50002608:MDLAZI', 94.0]
[u'', u'', u'', u'', u'', u'', u'', u'', u'', u'', u'', u'', u'']
check '' ''
[u'ECTB301_YEAR_2018', u'ECTB301_YEAR_2017', u'ECTB301', u'ECOTOURISM: BIOLOGY III', u'NDECT1', u'ND: ECOTOURISM MANAGEMENT', u'11', u'YEAR', u'P1', u'Pietermaritzburg Full-time', u'A', u'40004577:DHUNRAJ', 65.0]
check 'ECTB301_YEAR_2018' 'ECTB301'
processXLS: only for SEM2 [u'ECTB301_YEAR_2018', u'ECTB301_YEAR_2017', u'ECTB301', u'ECOTOURISM: BIOLOGY III', u'NDECT1', u'ND: ECOTOURISM MANAGEMENT', u'11', u'YEAR', u'P1', u'Pietermaritzburg Full-time', u'A', u'40004577:DHUNRAJ', 65.0]
[u'', u'', u'', u'', u'', u'', u'', u'', u'', u'', u'', u'', u'']
check '' ''
[u'EDVL301_YEAR_2018', u'EDVL301_YEAR_2017', u'EDVL301', u'ECOTOURISM DEVELOPMENT III', u'NDECT1', u'ND: ECOTOURISM MANAGEMENT', u'11', u'YEAR', u'P1', u'Pietermaritzburg Full-time', u'A', u'50002608:MDLAZI;40008007:Mabaso', 77.0]
check 'EDVL301_YEAR_2018' 'EDVL301'
processXLS: only for SEM2 [u'EDVL301_YEAR_2018', u'EDVL301_YEAR_2017', u'EDVL301', u'ECOTOURISM DEVELOPMENT III', u'NDECT1', u'ND: ECOTOURISM MANAGEMENT', u'11', u'YEAR', u'P1', u'Pietermaritzburg Full-time', u'A', u'50002608:MDLAZI;40008007:Mabaso', 77.0]
[u'', u'', u'', u'', u'', u'', u'', u'', u'', u'', u'', u'', u'']
check '' ''
[u'EINT301_YEAR_2018', u'EINT301_YEAR_2017', u'EINT301', u'ECOTOURISM INTERPRETATION III', u'NDECT1', u'ND: ECOTOURISM MANAGEMENT', u'11', u'YEAR', u'P1', u'Pietermaritzburg Full-time', u'A', u'40013077:Zondi', 87.0]
check 'EINT301_YEAR_2018' 'EINT301'
processXLS: only for SEM2 [u'EINT301_YEAR_2018', u'EINT301_YEAR_2017', u'EINT301', u'ECOTOURISM INTERPRETATION III', u'NDECT1', u'ND: ECOTOURISM MANAGEMENT', u'11', u'YEAR', u'P1', u'Pietermaritzburg Full-time', u'A', u'40013077:Zondi', 87.0]
[u'', u'', u'', u'', u'', u'', u'', u'', u'', u'', u'', u'', u'']
check '' ''
[u'EMAN301_YEAR_2018', u'EMAN301_YEAR_2017', u'EMAN301', u'ECOTOURISM MANAGEMENT III', u'NDECT1', u'ND: ECOTOURISM MANAGEMENT', u'11', u'YEAR', u'P1', u'Pietermaritzburg Full-time', u'A', u'50002608:MDLAZI;40008007:Mabaso', 80.0]
check 'EMAN301_YEAR_2018' 'EMAN301'
processXLS: only for SEM2 [u'EMAN301_YEAR_2018', u'EMAN301_YEAR_2017', u'EMAN301', u'ECOTOURISM MANAGEMENT III', u'NDECT1', u'ND: ECOTOURISM MANAGEMENT', u'11', u'YEAR', u'P1', u'Pietermaritzburg Full-time', u'A', u'50002608:MDLAZI;40008007:Mabaso', 80.0]
[u'', u'', u'', u'', u'', u'', u'', u'', u'', u'', u'', u'', u'']
check '' ''
[u'MTSM301_YEAR_2018', u'MTSM301_YEAR_2017', u'MTSM301', u'MARKETING FOR TOURISM III', u'BTTMN1', u'BT: TOURISM MANAGEMENT', u'11', u'YEAR', u'P1', u'Pietermaritzburg Full-time', u'A', u'40010448:NDLOVU;40004049:MCHUNU', 31.0]
check 'MTSM301_YEAR_2018' 'MTSM301'
processXLS: only for SEM2 [u'MTSM301_YEAR_2018', u'MTSM301_YEAR_2017', u'MTSM301', u'MARKETING FOR TOURISM III', u'BTTMN1', u'BT: TOURISM MANAGEMENT', u'11', u'YEAR', u'P1', u'Pietermaritzburg Full-time', u'A', u'40010448:NDLOVU;40004049:MCHUNU', 31.0]
[u'', u'', u'', u'', u'', u'', u'', u'', u'', u'', u'', u'', u'']
check '' ''
[u'ADVM401_YEAR_2018', u'ADVM401_YEAR_2017', u'ADVM401', u'ADVANCED STRATEGIC MANAGEMENT IV', u'BTTMN1', u'BT: TOURISM MANAGEMENT', u'11', u'YEAR', u'P1', u'Pietermaritzburg Full-time', u'A', u'50002608:MDLAZI;40007446:HLENGWA', 31.0]
check 'ADVM401_YEAR_2018' 'ADVM401'
processXLS: only for SEM2 [u'ADVM401_YEAR_2018', u'ADVM401_YEAR_2017', u'ADVM401', u'ADVANCED STRATEGIC MANAGEMENT IV', u'BTTMN1', u'BT: TOURISM MANAGEMENT', u'11', u'YEAR', u'P1', u'Pietermaritzburg Full-time', u'A', u'50002608:MDLAZI;40007446:HLENGWA', 31.0]
[u'', u'', u'', u'', u'', u'', u'', u'', u'', u'', u'', u'', u'']
check '' ''
[u'TDVL401_YEAR_2018', u'TDVL401_YEAR_2017', u'TDVL401', u'TOURISM DEVELOPMENT IV', u'BTTMN1', u'BT: TOURISM MANAGEMENT', u'11', u'YEAR', u'P1', u'Pietermaritzburg Full-time', u'A', u'50002608:MDLAZI', 31.0]
check 'TDVL401_YEAR_2018' 'TDVL401'
processXLS: only for SEM2 [u'TDVL401_YEAR_2018', u'TDVL401_YEAR_2017', u'TDVL401', u'TOURISM DEVELOPMENT IV', u'BTTMN1', u'BT: TOURISM MANAGEMENT', u'11', u'YEAR', u'P1', u'Pietermaritzburg Full-time', u'A', u'50002608:MDLAZI', 31.0]
[u'', u'', u'', u'', u'', u'', u'', u'', u'', u'', u'', u'', u'']
check '' ''
[u'TRMP401_YEAR_2018', u'TRMP401_YEAR_2017', u'TRMP401', u'TOURISM PROJECT IV', u'BTTMN1', u'BT: TOURISM MANAGEMENT', u'11', u'YEAR', u'P1', u'Pietermaritzburg Full-time', u'A', u'50002608:MDLAZI', 31.0]
check 'TRMP401_YEAR_2018' 'TRMP401'
processXLS: only for SEM2 [u'TRMP401_YEAR_2018', u'TRMP401_YEAR_2017', u'TRMP401', u'TOURISM PROJECT IV', u'BTTMN1', u'BT: TOURISM MANAGEMENT', u'11', u'YEAR', u'P1', u'Pietermaritzburg Full-time', u'A', u'50002608:MDLAZI', 31.0]
[u'', u'', u'', u'', u'', u'', u'', u'', u'', u'', u'', u'', u'']
check '' ''
[u'IENT301_YEAR_2018', u'IENT301_YEAR_2017', u'IENT301', u'ECOTOURISM INTERPRETATION III', u'NDECT1', u'ND: ECOTOURISM MANAGEMENT', u'11', u'YEAR', u'P1', u'Pietermaritzburg Full-time', u'A', u'40004049:MCHUNU', 1.0]
check 'IENT301_YEAR_2018' 'IENT301'
processXLS: only for SEM2 [u'IENT301_YEAR_2018', u'IENT301_YEAR_2017', u'IENT301', u'ECOTOURISM INTERPRETATION III', u'NDECT1', u'ND: ECOTOURISM MANAGEMENT', u'11', u'YEAR', u'P1', u'Pietermaritzburg Full-time', u'A', u'40004049:MCHUNU', 1.0]
[u'', u'', u'', u'', u'', u'', u'', u'', u'', u'', u'', u'', u'']
check '' ''
[u'EXEM101_YEAR_2018', u'EXEM101_YEAR_2017', u'EXEM101', u'EXEM101: WORK INTEGRATED LEARNING 2017', u'NDECT1', u'ND: ECOTOURISM MANAGEMENT', u'11', u'YEAR', u'P1', u'Pietermaritzburg Full-time', u'A', u'40010672:NJOKO', 1.0]
check 'EXEM101_YEAR_2018' 'EXEM101'
processXLS: only for SEM2 [u'EXEM101_YEAR_2018', u'EXEM101_YEAR_2017', u'EXEM101', u'EXEM101: WORK INTEGRATED LEARNING 2017', u'NDECT1', u'ND: ECOTOURISM MANAGEMENT', u'11', u'YEAR', u'P1', u'Pietermaritzburg Full-time', u'A', u'40010672:NJOKO', 1.0]
[u'...', u'', u'', u'', u'', u'', u'', u'', u'', u'', u'', u'', u'']
check '...' ''
[u'New subjects for 2018', u'', u'', u'', u'', u'', u'', u'', u'', u'', u'', u'', u'']
check 'New subjects for 2018' ''
processXLS: finished processing workingSheets/data/BBC3311Ecotourism2017.xls
main: Writing students...
main: Writing enrollments...
main: Finished processing workingSheets/data/BBC3311Ecotourism2017.xls
main: 0 subjects processed
main: 0 subject -> classroom maps
main: 0 students
main: 0 student enrollments 0 errors
0.13user 0.09system 0:00.28elapsed 82%CPU (0avgtext+0avgdata 53424maxresident)k
32inputs+16outputs (0major+6817minor)pagefaults 0swaps
POSTING SNAPSHOTS to SIS endpoint
TEST RUN, NOT POSTING BBSTUDENTS
TEST RUN, NOT POSTIN BBENROL
copy snapshot files to saved output
=== department done ===
syncing logs...
Pushing logs from logs/20180723111852 to remote...
sending incremental file list
./
BBC3311Ecotourism2017.BBENROL.txt
BBC3311Ecotourism2017.BBSTUDENTS.txt
BBC3311Ecotourism2017.Enrolomat.txt
BBC3311Ecotourism2017.Postlog.txt

sent 20750 bytes  received 91 bytes  2193.79 bytes/sec
total size is 4280569  speedup is 205.39
logging to logs/20180723111852
=== generate newenrollments for BBC3312PublicMngtLawEconmcs(pmb)2017. ===
GENERATE SNAPSHOTS...
./BBCIncrementalEnrollerX2.py : generating enrolment files for subjects in  workingSheets/data/BBC3312PublicMngtLawEconmcs(pmb)2017.xls
processXLS: start spreadsheet workingSheets/data/BBC3312PublicMngtLawEconmcs(pmb)2017.xls
[u'2018 Blackboard Classrooms for Department: 3312 - PUBLIC MNGT LAW & ECONMCS(PMB)', u'', u'', u'', u'', u'', u'', u'', u'', u'', u'', u'', u'']
check '2018 Blackboard Classrooms for Department: 3312 - PUBLIC MNGT LAW & ECONMCS(PMB)' ''
[u'', u'', u'', u'', u'', u'', u'', u'', u'', u'', u'', u'', u'']
check '' ''
[u'BB Classroom', u'Migrate Classroom', u'ITS Subject', u'', u'ITS Qualification', u'', u'Block', u'', u'Off Type', u'', u'Grp', u'Lecturer(s)', u'2016 Enrol']
check 'BB Classroom' 'ITS Subject'
[u'CLWA101_SEM2_2018', u'CLWA101_SEM2_2017', u'CLWA101', u'COMMERCIAL LAW FOR ACCOUNTANTS I', u'NDACT2', u'ND:  ACCOUNTING', u'22', u'SEMESTER 2', u'P1', u'Pietermaritzburg Full-time', u'A', u'40007930:TENZA', 4.0]
check 'CLWA101_SEM2_2018' 'CLWA101'
adding  CLWA101
requesting:  http://10.0.100.98:8000/bbinfo/matching_courses/CLWA101%25
r= <Response [200]>
matching classes= set([u'CLWA101_SEM2_2016', u'CLWA101_SEM2_2017', u'CLWA101_15_TENM', u'CLWA101_SEM2_2018'])
[u'CLWA101_SEM2_2018', u'CLWA101_SEM2_2017', u'CLWA101', u'COMMERCIAL LAW FOR ACCOUNTANTS I', u'NDACT2', u'ND:  ACCOUNTING', u'22', u'SEMESTER 2', u'P1', u'Pietermaritzburg Full-time', u'D', u'40007930:TENZA', 134.0]
check 'CLWA101_SEM2_2018' 'CLWA101'
adding  CLWA101
requesting:  http://10.0.100.98:8000/bbinfo/matching_courses/CLWA101%25
r= <Response [200]>
matching classes= set([u'CLWA101_SEM2_2016', u'CLWA101_SEM2_2017', u'CLWA101_15_TENM', u'CLWA101_SEM2_2018'])
[u'CLWA101_SEM2_2018', u'CLWA101_SEM2_2017', u'CLWA101', u'COMMERCIAL LAW FOR ACCOUNTANTS I', u'NDACT2', u'ND:  ACCOUNTING', u'22', u'SEMESTER 2', u'P3', u'Pietermaritzburg Part-time', u'A', u'40007930:TENZA', 9.0]
check 'CLWA101_SEM2_2018' 'CLWA101'
adding  CLWA101
requesting:  http://10.0.100.98:8000/bbinfo/matching_courses/CLWA101%25
r= <Response [200]>
matching classes= set([u'CLWA101_SEM2_2016', u'CLWA101_SEM2_2017', u'CLWA101_15_TENM', u'CLWA101_SEM2_2018'])
[u'CLWA101_SEM2_2018', u'CLWA101_SEM2_2017', u'CLWA101', u'COMMERCIAL LAW FOR ACCOUNTANTS I', u'NDACT2', u'ND:  ACCOUNTING', u'22', u'SEMESTER 2', u'P3', u'Pietermaritzburg Part-time', u'A', u'40007930:TENZA', 2.0]
check 'CLWA101_SEM2_2018' 'CLWA101'
adding  CLWA101
requesting:  http://10.0.100.98:8000/bbinfo/matching_courses/CLWA101%25
r= <Response [200]>
matching classes= set([u'CLWA101_SEM2_2016', u'CLWA101_SEM2_2017', u'CLWA101_15_TENM', u'CLWA101_SEM2_2018'])
[u'CLWA101_SEM2_2018', u'CLWA101_SEM2_2017', u'CLWA101', u'COMMERCIAL LAW FOR ACCOUNTANTS I', u'NDATF1', u'ND: ACCOUNTING (4 YEARS)', u'22', u'SEMESTER 2', u'P1', u'Pietermaritzburg Full-time', u'A', u'40007930:TENZA', 38.0]
check 'CLWA101_SEM2_2018' 'CLWA101'
adding  CLWA101
requesting:  http://10.0.100.98:8000/bbinfo/matching_courses/CLWA101%25
r= <Response [200]>
matching classes= set([u'CLWA101_SEM2_2016', u'CLWA101_SEM2_2017', u'CLWA101_15_TENM', u'CLWA101_SEM2_2018'])
[u'CLWA101_SEM2_2018', u'CLWA101_SEM2_2017', u'CLWA101', u'COMMERCIAL LAW FOR ACCOUNTANTS I', u'NDCSA2', u'ND:  COST AND MANAGEMENT', u'22', u'SEMESTER 2', u'P1', u'Pietermaritzburg Full-time', u'A', u'40007930:TENZA', 1.0]
check 'CLWA101_SEM2_2018' 'CLWA101'
adding  CLWA101
requesting:  http://10.0.100.98:8000/bbinfo/matching_courses/CLWA101%25
r= <Response [200]>
matching classes= set([u'CLWA101_SEM2_2016', u'CLWA101_SEM2_2017', u'CLWA101_15_TENM', u'CLWA101_SEM2_2018'])
[u'CLWA101_SEM2_2018', u'CLWA101_SEM2_2017', u'CLWA101', u'COMMERCIAL LAW FOR ACCOUNTANTS I', u'NDCSA2', u'ND:  COST AND MANAGEMENT', u'22', u'SEMESTER 2', u'P1', u'Pietermaritzburg Full-time', u'E', u'40007930:TENZA', 53.0]
check 'CLWA101_SEM2_2018' 'CLWA101'
adding  CLWA101
requesting:  http://10.0.100.98:8000/bbinfo/matching_courses/CLWA101%25
r= <Response [200]>
matching classes= set([u'CLWA101_SEM2_2016', u'CLWA101_SEM2_2017', u'CLWA101_15_TENM', u'CLWA101_SEM2_2018'])
[u'', u'', u'', u'', u'', u'', u'', u'', u'', u'', u'', u'', u'']
check '' ''
[u'ENCS111_SEM1_2018', u'ENCS111_SEM1_2017', u'ENCS111', u'ECONOMICS I (MODULE 1)', u'NDACT2', u'ND:  ACCOUNTING', u'21', u'SEMESTER 1', u'P1', u'Pietermaritzburg Full-time', u'A', u'50002188:MCBAIN', 1.0]
check 'ENCS111_SEM1_2018' 'ENCS111'
processXLS: only for SEM2 [u'ENCS111_SEM1_2018', u'ENCS111_SEM1_2017', u'ENCS111', u'ECONOMICS I (MODULE 1)', u'NDACT2', u'ND:  ACCOUNTING', u'21', u'SEMESTER 1', u'P1', u'Pietermaritzburg Full-time', u'A', u'50002188:MCBAIN', 1.0]
[u'ENCS111_SEM1_2018', u'ENCS111_SEM1_2017', u'ENCS111', u'ECONOMICS I (MODULE 1)', u'NDACT2', u'ND:  ACCOUNTING', u'21', u'SEMESTER 1', u'P1', u'Pietermaritzburg Full-time', u'A', u'50002188:MCBAIN', 113.0]
check 'ENCS111_SEM1_2018' 'ENCS111'
processXLS: only for SEM2 [u'ENCS111_SEM1_2018', u'ENCS111_SEM1_2017', u'ENCS111', u'ECONOMICS I (MODULE 1)', u'NDACT2', u'ND:  ACCOUNTING', u'21', u'SEMESTER 1', u'P1', u'Pietermaritzburg Full-time', u'A', u'50002188:MCBAIN', 113.0]
[u'ENCS111_SEM1_2018', u'ENCS111_SEM1_2017', u'ENCS111', u'ECONOMICS I (MODULE 1)', u'NDACT2', u'ND:  ACCOUNTING', u'21', u'SEMESTER 1', u'P1', u'Pietermaritzburg Full-time', u'D', u'50002188:MCBAIN', 50.0]
check 'ENCS111_SEM1_2018' 'ENCS111'
processXLS: only for SEM2 [u'ENCS111_SEM1_2018', u'ENCS111_SEM1_2017', u'ENCS111', u'ECONOMICS I (MODULE 1)', u'NDACT2', u'ND:  ACCOUNTING', u'21', u'SEMESTER 1', u'P1', u'Pietermaritzburg Full-time', u'D', u'50002188:MCBAIN', 50.0]
[u'ENCS111_SEM1_2018', u'ENCS111_SEM1_2017', u'ENCS111', u'ECONOMICS I (MODULE 1)', u'NDACT2', u'ND:  ACCOUNTING', u'21', u'SEMESTER 1', u'P3', u'Pietermaritzburg Part-time', u'A', u'50002188:MCBAIN', 20.0]
check 'ENCS111_SEM1_2018' 'ENCS111'
processXLS: only for SEM2 [u'ENCS111_SEM1_2018', u'ENCS111_SEM1_2017', u'ENCS111', u'ECONOMICS I (MODULE 1)', u'NDACT2', u'ND:  ACCOUNTING', u'21', u'SEMESTER 1', u'P3', u'Pietermaritzburg Part-time', u'A', u'50002188:MCBAIN', 20.0]
[u'ENCS111_SEM1_2018', u'ENCS111_SEM1_2017', u'ENCS111', u'ECONOMICS I (MODULE 1)', u'NDACT2', u'ND:  ACCOUNTING', u'21', u'SEMESTER 1', u'P3', u'Pietermaritzburg Part-time', u'A', u'50002188:MCBAIN', 1.0]
check 'ENCS111_SEM1_2018' 'ENCS111'
processXLS: only for SEM2 [u'ENCS111_SEM1_2018', u'ENCS111_SEM1_2017', u'ENCS111', u'ECONOMICS I (MODULE 1)', u'NDACT2', u'ND:  ACCOUNTING', u'21', u'SEMESTER 1', u'P3', u'Pietermaritzburg Part-time', u'A', u'50002188:MCBAIN', 1.0]
[u'ENCS111_SEM1_2018', u'ENCS111_SEM1_2017', u'ENCS111', u'ECONOMICS I (MODULE 1)', u'NDATF1', u'ND: ACCOUNTING (4 YEARS)', u'21', u'SEMESTER 1', u'P1', u'Pietermaritzburg Full-time', u'A', u'50002188:MCBAIN', 29.0]
check 'ENCS111_SEM1_2018' 'ENCS111'
processXLS: only for SEM2 [u'ENCS111_SEM1_2018', u'ENCS111_SEM1_2017', u'ENCS111', u'ECONOMICS I (MODULE 1)', u'NDATF1', u'ND: ACCOUNTING (4 YEARS)', u'21', u'SEMESTER 1', u'P1', u'Pietermaritzburg Full-time', u'A', u'50002188:MCBAIN', 29.0]
[u'ENCS111_SEM1_2018', u'ENCS111_SEM1_2017', u'ENCS111', u'ECONOMICS I (MODULE 1)', u'NDCSA2', u'ND:  COST AND MANAGEMENT', u'21', u'SEMESTER 1', u'P1', u'Pietermaritzburg Full-time', u'E', u'50002188:MCBAIN', 33.0]
check 'ENCS111_SEM1_2018' 'ENCS111'
processXLS: only for SEM2 [u'ENCS111_SEM1_2018', u'ENCS111_SEM1_2017', u'ENCS111', u'ECONOMICS I (MODULE 1)', u'NDCSA2', u'ND:  COST AND MANAGEMENT', u'21', u'SEMESTER 1', u'P1', u'Pietermaritzburg Full-time', u'E', u'50002188:MCBAIN', 33.0]
[u'ENCS111_SEM1_2018', u'ENCS111_SEM1_2017', u'ENCS111', u'ECONOMICS I (MODULE 1)', u'NDCSA2', u'ND:  COST AND MANAGEMENT', u'21', u'SEMESTER 1', u'P1', u'Pietermaritzburg Full-time', u'A', u'50002188:MCBAIN', 25.0]
check 'ENCS111_SEM1_2018' 'ENCS111'
processXLS: only for SEM2 [u'ENCS111_SEM1_2018', u'ENCS111_SEM1_2017', u'ENCS111', u'ECONOMICS I (MODULE 1)', u'NDCSA2', u'ND:  COST AND MANAGEMENT', u'21', u'SEMESTER 1', u'P1', u'Pietermaritzburg Full-time', u'A', u'50002188:MCBAIN', 25.0]
[u'ENCS111_SEM1_2018', u'ENCS111_SEM1_2017', u'ENCS111', u'ECONOMICS I (MODULE 1)', u'NDCSA2', u'ND:  COST AND MANAGEMENT', u'21', u'SEMESTER 1', u'P1', u'Pietermaritzburg Full-time', u'A', u'50002188:MCBAIN', 1.0]
check 'ENCS111_SEM1_2018' 'ENCS111'
processXLS: only for SEM2 [u'ENCS111_SEM1_2018', u'ENCS111_SEM1_2017', u'ENCS111', u'ECONOMICS I (MODULE 1)', u'NDCSA2', u'ND:  COST AND MANAGEMENT', u'21', u'SEMESTER 1', u'P1', u'Pietermaritzburg Full-time', u'A', u'50002188:MCBAIN', 1.0]
[u'ENCS111_SEM1_2018', u'ENCS111_SEM1_2017', u'ENCS111', u'ECONOMICS I (MODULE 1)', u'NDMAF1', u'ND: MANAGEMENT (4 YEARS)', u'21', u'SEMESTER 1', u'P1', u'Pietermaritzburg Full-time', u'A', u'50002188:MCBAIN', 11.0]
check 'ENCS111_SEM1_2018' 'ENCS111'
processXLS: only for SEM2 [u'ENCS111_SEM1_2018', u'ENCS111_SEM1_2017', u'ENCS111', u'ECONOMICS I (MODULE 1)', u'NDMAF1', u'ND: MANAGEMENT (4 YEARS)', u'21', u'SEMESTER 1', u'P1', u'Pietermaritzburg Full-time', u'A', u'50002188:MCBAIN', 11.0]
[u'ENCS111_SEM1_2018', u'ENCS111_SEM1_2017', u'ENCS111', u'ECONOMICS I (MODULE 1)', u'NDMAF1', u'ND: MANAGEMENT (4 YEARS)', u'21', u'SEMESTER 1', u'P1', u'Pietermaritzburg Full-time', u'B', u'50002188:MCBAIN', 11.0]
check 'ENCS111_SEM1_2018' 'ENCS111'
processXLS: only for SEM2 [u'ENCS111_SEM1_2018', u'ENCS111_SEM1_2017', u'ENCS111', u'ECONOMICS I (MODULE 1)', u'NDMAF1', u'ND: MANAGEMENT (4 YEARS)', u'21', u'SEMESTER 1', u'P1', u'Pietermaritzburg Full-time', u'B', u'50002188:MCBAIN', 11.0]
[u'ENCS111_SEM1_2018', u'ENCS111_SEM1_2017', u'ENCS111', u'ECONOMICS I (MODULE 1)', u'NDMAN1', u'ND: MANAGEMENT', u'21', u'SEMESTER 1', u'P1', u'Pietermaritzburg Full-time', u'A', u'50002188:MCBAIN', 56.0]
check 'ENCS111_SEM1_2018' 'ENCS111'
processXLS: only for SEM2 [u'ENCS111_SEM1_2018', u'ENCS111_SEM1_2017', u'ENCS111', u'ECONOMICS I (MODULE 1)', u'NDMAN1', u'ND: MANAGEMENT', u'21', u'SEMESTER 1', u'P1', u'Pietermaritzburg Full-time', u'A', u'50002188:MCBAIN', 56.0]
[u'', u'', u'', u'', u'', u'', u'', u'', u'', u'', u'', u'', u'']
check '' ''
[u'ENCS121_SEM2_2018', u'ENCS121_SEM2_2017', u'ENCS121', u'ECONOMICS I (MODULE 2)', u'NDACT2', u'ND:  ACCOUNTING', u'22', u'SEMESTER 2', u'P1', u'Pietermaritzburg Full-time', u'A', u'50002188:MCBAIN', 4.0]
check 'ENCS121_SEM2_2018' 'ENCS121'
adding  ENCS121
requesting:  http://10.0.100.98:8000/bbinfo/matching_courses/ENCS121%25
r= <Response [200]>
matching classes= set([u'ENCS121_SEM2_2018', u'ENCS121_12_A', u'ENCS121_SEM2_2016', u'ENCS121_SEM2_2017'])
[u'ENCS121_SEM2_2018', u'ENCS121_SEM2_2017', u'ENCS121', u'ECONOMICS I (MODULE 2)', u'NDACT2', u'ND:  ACCOUNTING', u'22', u'SEMESTER 2', u'P1', u'Pietermaritzburg Full-time', u'D', u'50002188:MCBAIN', 126.0]
check 'ENCS121_SEM2_2018' 'ENCS121'
adding  ENCS121
requesting:  http://10.0.100.98:8000/bbinfo/matching_courses/ENCS121%25
r= <Response [200]>
matching classes= set([u'ENCS121_SEM2_2018', u'ENCS121_12_A', u'ENCS121_SEM2_2016', u'ENCS121_SEM2_2017'])
[u'ENCS121_SEM2_2018', u'ENCS121_SEM2_2017', u'ENCS121', u'ECONOMICS I (MODULE 2)', u'NDACT2', u'ND:  ACCOUNTING', u'22', u'SEMESTER 2', u'P3', u'Pietermaritzburg Part-time', u'A', u'50002188:MCBAIN', 12.0]
check 'ENCS121_SEM2_2018' 'ENCS121'
adding  ENCS121
requesting:  http://10.0.100.98:8000/bbinfo/matching_courses/ENCS121%25
r= <Response [200]>
matching classes= set([u'ENCS121_SEM2_2018', u'ENCS121_12_A', u'ENCS121_SEM2_2016', u'ENCS121_SEM2_2017'])
[u'ENCS121_SEM2_2018', u'ENCS121_SEM2_2017', u'ENCS121', u'ECONOMICS I (MODULE 2)', u'NDATF1', u'ND: ACCOUNTING (4 YEARS)', u'22', u'SEMESTER 2', u'P1', u'Pietermaritzburg Full-time', u'C', u'50002188:MCBAIN', 26.0]
check 'ENCS121_SEM2_2018' 'ENCS121'
adding  ENCS121
requesting:  http://10.0.100.98:8000/bbinfo/matching_courses/ENCS121%25
r= <Response [200]>
matching classes= set([u'ENCS121_SEM2_2018', u'ENCS121_12_A', u'ENCS121_SEM2_2016', u'ENCS121_SEM2_2017'])
[u'ENCS121_SEM2_2018', u'ENCS121_SEM2_2017', u'ENCS121', u'ECONOMICS I (MODULE 2)', u'NDCSA2', u'ND:  COST AND MANAGEMENT', u'22', u'SEMESTER 2', u'P1', u'Pietermaritzburg Full-time', u'A', u'50002188:MCBAIN', 1.0]
check 'ENCS121_SEM2_2018' 'ENCS121'
adding  ENCS121
requesting:  http://10.0.100.98:8000/bbinfo/matching_courses/ENCS121%25
r= <Response [200]>
matching classes= set([u'ENCS121_SEM2_2018', u'ENCS121_12_A', u'ENCS121_SEM2_2016', u'ENCS121_SEM2_2017'])
[u'ENCS121_SEM2_2018', u'ENCS121_SEM2_2017', u'ENCS121', u'ECONOMICS I (MODULE 2)', u'NDCSA2', u'ND:  COST AND MANAGEMENT', u'22', u'SEMESTER 2', u'P1', u'Pietermaritzburg Full-time', u'E', u'50002188:MCBAIN', 51.0]
check 'ENCS121_SEM2_2018' 'ENCS121'
adding  ENCS121
requesting:  http://10.0.100.98:8000/bbinfo/matching_courses/ENCS121%25
r= <Response [200]>
matching classes= set([u'ENCS121_SEM2_2018', u'ENCS121_12_A', u'ENCS121_SEM2_2016', u'ENCS121_SEM2_2017'])
[u'ENCS121_SEM2_2018', u'ENCS121_SEM2_2017', u'ENCS121', u'ECONOMICS I (MODULE 2)', u'NDMAF1', u'ND: MANAGEMENT (4 YEARS)', u'22', u'SEMESTER 2', u'P1', u'Pietermaritzburg Full-time', u'B', u'50002188:MCBAIN', 23.0]
check 'ENCS121_SEM2_2018' 'ENCS121'
adding  ENCS121
requesting:  http://10.0.100.98:8000/bbinfo/matching_courses/ENCS121%25
r= <Response [200]>
matching classes= set([u'ENCS121_SEM2_2018', u'ENCS121_12_A', u'ENCS121_SEM2_2016', u'ENCS121_SEM2_2017'])
[u'ENCS121_SEM2_2018', u'ENCS121_SEM2_2017', u'ENCS121', u'ECONOMICS I (MODULE 2)', u'NDMAN1', u'ND: MANAGEMENT', u'22', u'SEMESTER 2', u'P1', u'Pietermaritzburg Full-time', u'A', u'50002188:MCBAIN', 53.0]
check 'ENCS121_SEM2_2018' 'ENCS121'
adding  ENCS121
requesting:  http://10.0.100.98:8000/bbinfo/matching_courses/ENCS121%25
r= <Response [200]>
matching classes= set([u'ENCS121_SEM2_2018', u'ENCS121_12_A', u'ENCS121_SEM2_2016', u'ENCS121_SEM2_2017'])
[u'', u'', u'', u'', u'', u'', u'', u'', u'', u'', u'', u'', u'']
check '' ''
[u'LBLW101_YEAR_2018', u'LBLW101_YEAR_2017', u'LBLW101', u'LABOUR LAW', u'NDHRS1', u'ND: HUMAN RESOURCES MANAGEMENT', u'11', u'YEAR', u'P1', u'Pietermaritzburg Full-time', u'A', u'50010821:PHOSWA;50002588:VAN ZYL', 76.0]
check 'LBLW101_YEAR_2018' 'LBLW101'
processXLS: only for SEM2 [u'LBLW101_YEAR_2018', u'LBLW101_YEAR_2017', u'LBLW101', u'LABOUR LAW', u'NDHRS1', u'ND: HUMAN RESOURCES MANAGEMENT', u'11', u'YEAR', u'P1', u'Pietermaritzburg Full-time', u'A', u'50010821:PHOSWA;50002588:VAN ZYL', 76.0]
[u'', u'', u'', u'', u'', u'', u'', u'', u'', u'', u'', u'', u'']
check '' ''
[u'LGLP101_YEAR_2018', u'LGLP101_YEAR_2017', u'LGLP101', u'LEGAL PRACTICE I', u'NDOMN1', u'ND: OFFICE MANAGEMENT AND TECHNOLOGY', u'11', u'YEAR', u'P1', u'Pietermaritzburg Full-time', u'A', u'50010821:PHOSWA;50002588:VAN ZYL', 93.0]
check 'LGLP101_YEAR_2018' 'LGLP101'
processXLS: only for SEM2 [u'LGLP101_YEAR_2018', u'LGLP101_YEAR_2017', u'LGLP101', u'LEGAL PRACTICE I', u'NDOMN1', u'ND: OFFICE MANAGEMENT AND TECHNOLOGY', u'11', u'YEAR', u'P1', u'Pietermaritzburg Full-time', u'A', u'50010821:PHOSWA;50002588:VAN ZYL', 93.0]
[u'', u'', u'', u'', u'', u'', u'', u'', u'', u'', u'', u'', u'']
check '' ''
[u'LWPR101_YEAR_2018', u'LWPR101_YEAR_2017', u'LWPR101', u'LAW:PUBLIC RELATIONS I', u'NDPRL1', u'ND: PUBLIC RELATIONS MANAGEMENT', u'11', u'YEAR', u'P1', u'Pietermaritzburg Full-time', u'A', u'50010821:PHOSWA', 69.0]
check 'LWPR101_YEAR_2018' 'LWPR101'
processXLS: only for SEM2 [u'LWPR101_YEAR_2018', u'LWPR101_YEAR_2017', u'LWPR101', u'LAW:PUBLIC RELATIONS I', u'NDPRL1', u'ND: PUBLIC RELATIONS MANAGEMENT', u'11', u'YEAR', u'P1', u'Pietermaritzburg Full-time', u'A', u'50010821:PHOSWA', 69.0]
[u'', u'', u'', u'', u'', u'', u'', u'', u'', u'', u'', u'', u'']
check '' ''
[u'MCTL101_YEAR_2018', u'MCTL101_YEAR_2017', u'MCTL101', u'MERCANTILE LAW I', u'NDMAF1', u'ND: MANAGEMENT (4 YEARS)', u'11', u'YEAR', u'P1', u'Pietermaritzburg Full-time', u'A', u'50010821:PHOSWA', 11.0]
check 'MCTL101_YEAR_2018' 'MCTL101'
processXLS: only for SEM2 [u'MCTL101_YEAR_2018', u'MCTL101_YEAR_2017', u'MCTL101', u'MERCANTILE LAW I', u'NDMAF1', u'ND: MANAGEMENT (4 YEARS)', u'11', u'YEAR', u'P1', u'Pietermaritzburg Full-time', u'A', u'50010821:PHOSWA', 11.0]
[u'MCTL101_YEAR_2018', u'MCTL101_YEAR_2017', u'MCTL101', u'MERCANTILE LAW I', u'NDMAN1', u'ND: MANAGEMENT', u'11', u'YEAR', u'P1', u'Pietermaritzburg Full-time', u'A', u'50010821:PHOSWA', 33.0]
check 'MCTL101_YEAR_2018' 'MCTL101'
processXLS: only for SEM2 [u'MCTL101_YEAR_2018', u'MCTL101_YEAR_2017', u'MCTL101', u'MERCANTILE LAW I', u'NDMAN1', u'ND: MANAGEMENT', u'11', u'YEAR', u'P1', u'Pietermaritzburg Full-time', u'A', u'50010821:PHOSWA', 33.0]
[u'MCTL101_YEAR_2018', u'MCTL101_YEAR_2017', u'MCTL101', u'MERCANTILE LAW I', u'NDOMN1', u'ND: OFFICE MANAGEMENT AND TECHNOLOGY', u'11', u'YEAR', u'P1', u'Pietermaritzburg Full-time', u'A', u'50010821:PHOSWA', 19.0]
check 'MCTL101_YEAR_2018' 'MCTL101'
processXLS: only for SEM2 [u'MCTL101_YEAR_2018', u'MCTL101_YEAR_2017', u'MCTL101', u'MERCANTILE LAW I', u'NDOMN1', u'ND: OFFICE MANAGEMENT AND TECHNOLOGY', u'11', u'YEAR', u'P1', u'Pietermaritzburg Full-time', u'A', u'50010821:PHOSWA', 19.0]
[u'', u'', u'', u'', u'', u'', u'', u'', u'', u'', u'', u'', u'']
check '' ''
[u'PBDM101_SEM2_2018', u'PBDM101_SEM2_2017', u'PBDM101', u'PUBLIC DECISION-MAKING I', u'NDPBM1', u'ND: PUBLIC MANAGEMENT', u'22', u'SEMESTER 2', u'P1', u'Pietermaritzburg Full-time', u'A', u'40009415:MATHONSI', 93.0]
check 'PBDM101_SEM2_2018' 'PBDM101'
adding  PBDM101
requesting:  http://10.0.100.98:8000/bbinfo/matching_courses/PBDM101%25
r= <Response [200]>
matching classes= set([u'PBDM101_SEM2_2018', u'PBDM101_15_MAYN', u'PBDM101_SEM2_2016', u'PBDM101_SEM2_2017'])
[u'PBDM101_SEM2_2018', u'PBDM101_SEM2_2017', u'PBDM101', u'PUBLIC DECISION-MAKING I', u'NDPBM1', u'ND: PUBLIC MANAGEMENT', u'22', u'SEMESTER 2', u'P3', u'Pietermaritzburg Part-time', u'A', u'40009415:MATHONSI', 48.0]
check 'PBDM101_SEM2_2018' 'PBDM101'
adding  PBDM101
requesting:  http://10.0.100.98:8000/bbinfo/matching_courses/PBDM101%25
r= <Response [200]>
matching classes= set([u'PBDM101_SEM2_2018', u'PBDM101_15_MAYN', u'PBDM101_SEM2_2016', u'PBDM101_SEM2_2017'])
[u'', u'', u'', u'', u'', u'', u'', u'', u'', u'', u'', u'', u'']
check '' ''
[u'PBIN101_SEM1_2018', u'PBIN101_SEM1_2017', u'PBIN101', u'PUBLIC INFORMATION SERVICES I', u'NDPBM1', u'ND: PUBLIC MANAGEMENT', u'21', u'SEMESTER 1', u'P1', u'Pietermaritzburg Full-time', u'A', u'50002608:MDLAZI', 1.0]
check 'PBIN101_SEM1_2018' 'PBIN101'
processXLS: only for SEM2 [u'PBIN101_SEM1_2018', u'PBIN101_SEM1_2017', u'PBIN101', u'PUBLIC INFORMATION SERVICES I', u'NDPBM1', u'ND: PUBLIC MANAGEMENT', u'21', u'SEMESTER 1', u'P1', u'Pietermaritzburg Full-time', u'A', u'50002608:MDLAZI', 1.0]
[u'PBIN101_SEM1_2018', u'PBIN101_SEM1_2017', u'PBIN101', u'PUBLIC INFORMATION SERVICES I', u'NDPBM1', u'ND: PUBLIC MANAGEMENT', u'21', u'SEMESTER 1', u'P1', u'Pietermaritzburg Full-time', u'A', u'50002608:MDLAZI', 109.0]
check 'PBIN101_SEM1_2018' 'PBIN101'
processXLS: only for SEM2 [u'PBIN101_SEM1_2018', u'PBIN101_SEM1_2017', u'PBIN101', u'PUBLIC INFORMATION SERVICES I', u'NDPBM1', u'ND: PUBLIC MANAGEMENT', u'21', u'SEMESTER 1', u'P1', u'Pietermaritzburg Full-time', u'A', u'50002608:MDLAZI', 109.0]
[u'PBIN101_SEM1_2018', u'PBIN101_SEM1_2017', u'PBIN101', u'PUBLIC INFORMATION SERVICES I', u'NDPBM1', u'ND: PUBLIC MANAGEMENT', u'21', u'SEMESTER 1', u'P3', u'Pietermaritzburg Part-time', u'A', u'50002608:MDLAZI', 51.0]
check 'PBIN101_SEM1_2018' 'PBIN101'
processXLS: only for SEM2 [u'PBIN101_SEM1_2018', u'PBIN101_SEM1_2017', u'PBIN101', u'PUBLIC INFORMATION SERVICES I', u'NDPBM1', u'ND: PUBLIC MANAGEMENT', u'21', u'SEMESTER 1', u'P3', u'Pietermaritzburg Part-time', u'A', u'50002608:MDLAZI', 51.0]
[u'', u'', u'', u'', u'', u'', u'', u'', u'', u'', u'', u'', u'']
check '' ''
[u'PBRM101_SEM1_2018', u'PBRM101_SEM1_2017', u'PBRM101', u'PUBLIC RESOURCE MANAGEMENT I', u'NDPBM1', u'ND: PUBLIC MANAGEMENT', u'21', u'SEMESTER 1', u'P1', u'Pietermaritzburg Full-time', u'A', u'50010821:PHOSWA', 120.0]
check 'PBRM101_SEM1_2018' 'PBRM101'
processXLS: only for SEM2 [u'PBRM101_SEM1_2018', u'PBRM101_SEM1_2017', u'PBRM101', u'PUBLIC RESOURCE MANAGEMENT I', u'NDPBM1', u'ND: PUBLIC MANAGEMENT', u'21', u'SEMESTER 1', u'P1', u'Pietermaritzburg Full-time', u'A', u'50010821:PHOSWA', 120.0]
[u'PBRM101_SEM1_2018', u'PBRM101_SEM1_2017', u'PBRM101', u'PUBLIC RESOURCE MANAGEMENT I', u'NDPBM1', u'ND: PUBLIC MANAGEMENT', u'21', u'SEMESTER 1', u'P3', u'Pietermaritzburg Part-time', u'A', u'50010821:PHOSWA', 51.0]
check 'PBRM101_SEM1_2018' 'PBRM101'
processXLS: only for SEM2 [u'PBRM101_SEM1_2018', u'PBRM101_SEM1_2017', u'PBRM101', u'PUBLIC RESOURCE MANAGEMENT I', u'NDPBM1', u'ND: PUBLIC MANAGEMENT', u'21', u'SEMESTER 1', u'P3', u'Pietermaritzburg Part-time', u'A', u'50010821:PHOSWA', 51.0]
[u'', u'', u'', u'', u'', u'', u'', u'', u'', u'', u'', u'', u'']
check '' ''
[u'POFM101_SEM1_2018', u'POFM101_SEM1_2017', u'POFM101', u'PUBLIC OFFICE MANAGEMENT I', u'NDPBM1', u'ND: PUBLIC MANAGEMENT', u'21', u'SEMESTER 1', u'P1', u'Pietermaritzburg Full-time', u'A', u'40009805:BRAUNS', 107.0]
check 'POFM101_SEM1_2018' 'POFM101'
processXLS: only for SEM2 [u'POFM101_SEM1_2018', u'POFM101_SEM1_2017', u'POFM101', u'PUBLIC OFFICE MANAGEMENT I', u'NDPBM1', u'ND: PUBLIC MANAGEMENT', u'21', u'SEMESTER 1', u'P1', u'Pietermaritzburg Full-time', u'A', u'40009805:BRAUNS', 107.0]
[u'POFM101_SEM1_2018', u'POFM101_SEM1_2017', u'POFM101', u'PUBLIC OFFICE MANAGEMENT I', u'NDPBM1', u'ND: PUBLIC MANAGEMENT', u'21', u'SEMESTER 1', u'P3', u'Pietermaritzburg Part-time', u'A', u'40009805:BRAUNS', 51.0]
check 'POFM101_SEM1_2018' 'POFM101'
processXLS: only for SEM2 [u'POFM101_SEM1_2018', u'POFM101_SEM1_2017', u'POFM101', u'PUBLIC OFFICE MANAGEMENT I', u'NDPBM1', u'ND: PUBLIC MANAGEMENT', u'21', u'SEMESTER 1', u'P3', u'Pietermaritzburg Part-time', u'A', u'40009805:BRAUNS', 51.0]
[u'', u'', u'', u'', u'', u'', u'', u'', u'', u'', u'', u'', u'']
check '' ''
[u'PSVD101_SEM2_2018', u'PSVD101_SEM2_2017', u'PSVD101', u'PUBLIC SERVICE DELIVERY I', u'NDPBM1', u'ND: PUBLIC MANAGEMENT', u'22', u'SEMESTER 2', u'P1', u'Pietermaritzburg Full-time', u'A', u'50002608:MDLAZI', 99.0]
check 'PSVD101_SEM2_2018' 'PSVD101'
adding  PSVD101
requesting:  http://10.0.100.98:8000/bbinfo/matching_courses/PSVD101%25
r= <Response [200]>
matching classes= set([u'PSVD101_SEM2_2016', u'PSVD101_SEM2_2017', u'PSVD101_SEM2_2018', u'PSVD101_15_MDLD'])
[u'PSVD101_SEM2_2018', u'PSVD101_SEM2_2017', u'PSVD101', u'PUBLIC SERVICE DELIVERY I', u'NDPBM1', u'ND: PUBLIC MANAGEMENT', u'22', u'SEMESTER 2', u'P1', u'Pietermaritzburg Full-time', u'A', u'50002608:MDLAZI', 1.0]
check 'PSVD101_SEM2_2018' 'PSVD101'
adding  PSVD101
requesting:  http://10.0.100.98:8000/bbinfo/matching_courses/PSVD101%25
r= <Response [200]>
matching classes= set([u'PSVD101_SEM2_2016', u'PSVD101_SEM2_2017', u'PSVD101_SEM2_2018', u'PSVD101_15_MDLD'])
[u'PSVD101_SEM2_2018', u'PSVD101_SEM2_2017', u'PSVD101', u'PUBLIC SERVICE DELIVERY I', u'NDPBM1', u'ND: PUBLIC MANAGEMENT', u'22', u'SEMESTER 2', u'P3', u'Pietermaritzburg Part-time', u'A', u'50002608:MDLAZI', 48.0]
check 'PSVD101_SEM2_2018' 'PSVD101'
adding  PSVD101
requesting:  http://10.0.100.98:8000/bbinfo/matching_courses/PSVD101%25
r= <Response [200]>
matching classes= set([u'PSVD101_SEM2_2016', u'PSVD101_SEM2_2017', u'PSVD101_SEM2_2018', u'PSVD101_15_MDLD'])
[u'', u'', u'', u'', u'', u'', u'', u'', u'', u'', u'', u'', u'']
check '' ''
[u'SLMG101_SEM2_2018', u'SLMG101_SEM2_2017', u'SLMG101', u'SELF MANAGEMENT I', u'NDPBM1', u'ND: PUBLIC MANAGEMENT', u'22', u'SEMESTER 2', u'P1', u'Pietermaritzburg Full-time', u'A', u'40011587:MAHLONO', 100.0]
check 'SLMG101_SEM2_2018' 'SLMG101'
adding  SLMG101
requesting:  http://10.0.100.98:8000/bbinfo/matching_courses/SLMG101%25
r= <Response [200]>
matching classes= set([u'SLMG101_SEM2_2016', u'SLMG101_15_MAHS', u'SLMG101_SEM2_2018', u'SLMG101_SEM2_2017'])
[u'SLMG101_SEM2_2018', u'SLMG101_SEM2_2017', u'SLMG101', u'SELF MANAGEMENT I', u'NDPBM1', u'ND: PUBLIC MANAGEMENT', u'22', u'SEMESTER 2', u'P3', u'Pietermaritzburg Part-time', u'A', u'40011587:MAHLONO', 50.0]
check 'SLMG101_SEM2_2018' 'SLMG101'
adding  SLMG101
requesting:  http://10.0.100.98:8000/bbinfo/matching_courses/SLMG101%25
r= <Response [200]>
matching classes= set([u'SLMG101_SEM2_2016', u'SLMG101_15_MAHS', u'SLMG101_SEM2_2018', u'SLMG101_SEM2_2017'])
[u'', u'', u'', u'', u'', u'', u'', u'', u'', u'', u'', u'', u'']
check '' ''
[u'CLWA211_SEM1_2018', u'CLWA211_SEM1_2017', u'CLWA211', u'COMMERCIAL LAW FOR ACCOUNTANTS II (MODULE 1)', u'NDACT2', u'ND:  ACCOUNTING', u'21', u'SEMESTER 1', u'P1', u'Pietermaritzburg Full-time', u'A', u'40007930:TENZA', 98.0]
check 'CLWA211_SEM1_2018' 'CLWA211'
processXLS: only for SEM2 [u'CLWA211_SEM1_2018', u'CLWA211_SEM1_2017', u'CLWA211', u'COMMERCIAL LAW FOR ACCOUNTANTS II (MODULE 1)', u'NDACT2', u'ND:  ACCOUNTING', u'21', u'SEMESTER 1', u'P1', u'Pietermaritzburg Full-time', u'A', u'40007930:TENZA', 98.0]
[u'CLWA211_SEM1_2018', u'CLWA211_SEM1_2017', u'CLWA211', u'COMMERCIAL LAW FOR ACCOUNTANTS II (MODULE 1)', u'NDATF1', u'ND: ACCOUNTING (4 YEARS)', u'21', u'SEMESTER 1', u'P1', u'Pietermaritzburg Full-time', u'A', u'40007930:TENZA', 22.0]
check 'CLWA211_SEM1_2018' 'CLWA211'
processXLS: only for SEM2 [u'CLWA211_SEM1_2018', u'CLWA211_SEM1_2017', u'CLWA211', u'COMMERCIAL LAW FOR ACCOUNTANTS II (MODULE 1)', u'NDATF1', u'ND: ACCOUNTING (4 YEARS)', u'21', u'SEMESTER 1', u'P1', u'Pietermaritzburg Full-time', u'A', u'40007930:TENZA', 22.0]
[u'CLWA211_SEM1_2018', u'CLWA211_SEM1_2017', u'CLWA211', u'COMMERCIAL LAW FOR ACCOUNTANTS II (MODULE 1)', u'NDCSA2', u'ND:  COST AND MANAGEMENT', u'21', u'SEMESTER 1', u'P1', u'Pietermaritzburg Full-time', u'A', u'40007930:TENZA', 42.0]
check 'CLWA211_SEM1_2018' 'CLWA211'
processXLS: only for SEM2 [u'CLWA211_SEM1_2018', u'CLWA211_SEM1_2017', u'CLWA211', u'COMMERCIAL LAW FOR ACCOUNTANTS II (MODULE 1)', u'NDCSA2', u'ND:  COST AND MANAGEMENT', u'21', u'SEMESTER 1', u'P1', u'Pietermaritzburg Full-time', u'A', u'40007930:TENZA', 42.0]
[u'', u'', u'', u'', u'', u'', u'', u'', u'', u'', u'', u'', u'']
check '' ''
[u'CLWA221_SEM2_2018', u'CLWA221_SEM2_2017', u'CLWA221', u'COMMERCIAL LAW FOR ACCOUNTANTS II (MODULE 2)', u'NDACT2', u'ND:  ACCOUNTING', u'22', u'SEMESTER 2', u'P1', u'Pietermaritzburg Full-time', u'D', u'50002188:MCBAIN;50002588:VAN ZYL', 106.0]
check 'CLWA221_SEM2_2018' 'CLWA221'
adding  CLWA221
requesting:  http://10.0.100.98:8000/bbinfo/matching_courses/CLWA221%25
r= <Response [200]>
matching classes= set([u'CLWA221_SEM2_2017', u'CLWA221_SEM2_2016', u'CLWA221_SEM2_2018'])
[u'CLWA221_SEM2_2018', u'CLWA221_SEM2_2017', u'CLWA221', u'COMMERCIAL LAW FOR ACCOUNTANTS II (MODULE 2)', u'NDATF1', u'ND: ACCOUNTING (4 YEARS)', u'22', u'SEMESTER 2', u'P1', u'Pietermaritzburg Full-time', u'A', u'50002188:MCBAIN;50002588:VAN ZYL', 31.0]
check 'CLWA221_SEM2_2018' 'CLWA221'
adding  CLWA221
requesting:  http://10.0.100.98:8000/bbinfo/matching_courses/CLWA221%25
r= <Response [200]>
matching classes= set([u'CLWA221_SEM2_2017', u'CLWA221_SEM2_2016', u'CLWA221_SEM2_2018'])
[u'CLWA221_SEM2_2018', u'CLWA221_SEM2_2017', u'CLWA221', u'COMMERCIAL LAW FOR ACCOUNTANTS II (MODULE 2)', u'NDCSA2', u'ND:  COST AND MANAGEMENT', u'22', u'SEMESTER 2', u'P1', u'Pietermaritzburg Full-time', u'E', u'50002188:MCBAIN;50002588:VAN ZYL', 46.0]
check 'CLWA221_SEM2_2018' 'CLWA221'
adding  CLWA221
requesting:  http://10.0.100.98:8000/bbinfo/matching_courses/CLWA221%25
r= <Response [200]>
matching classes= set([u'CLWA221_SEM2_2017', u'CLWA221_SEM2_2016', u'CLWA221_SEM2_2018'])
[u'CLWA221_SEM2_2018', u'CLWA221_SEM2_2017', u'CLWA221', u'COMMERCIAL LAW FOR ACCOUNTANTS II (MODULE 2)', u'NDCSA2', u'ND:  COST AND MANAGEMENT', u'22', u'SEMESTER 2', u'P1', u'Pietermaritzburg Full-time', u'A', u'50002188:MCBAIN;50002588:VAN ZYL', 3.0]
check 'CLWA221_SEM2_2018' 'CLWA221'
adding  CLWA221
requesting:  http://10.0.100.98:8000/bbinfo/matching_courses/CLWA221%25
r= <Response [200]>
matching classes= set([u'CLWA221_SEM2_2017', u'CLWA221_SEM2_2016', u'CLWA221_SEM2_2018'])
[u'', u'', u'', u'', u'', u'', u'', u'', u'', u'', u'', u'', u'']
check '' ''
[u'CRPC201_SEM1_2018', u'CRPC201_SEM1_2017', u'CRPC201', u'CORPORATE PROCEDURES II', u'NDCSA2', u'ND:  COST AND MANAGEMENT', u'21', u'SEMESTER 1', u'P1', u'Pietermaritzburg Full-time', u'A', u'50002188:MCBAIN;50002588:VAN ZYL', 19.0]
check 'CRPC201_SEM1_2018' 'CRPC201'
processXLS: only for SEM2 [u'CRPC201_SEM1_2018', u'CRPC201_SEM1_2017', u'CRPC201', u'CORPORATE PROCEDURES II', u'NDCSA2', u'ND:  COST AND MANAGEMENT', u'21', u'SEMESTER 1', u'P1', u'Pietermaritzburg Full-time', u'A', u'50002188:MCBAIN;50002588:VAN ZYL', 19.0]
[u'', u'', u'', u'', u'', u'', u'', u'', u'', u'', u'', u'', u'']
check '' ''
[u'FRSC201_SEM2_2018', u'FRSC201_SEM2_2017', u'FRSC201', u'FUNDAMENTALS OF RESEARCH II', u'NDPBM1', u'ND: PUBLIC MANAGEMENT', u'22', u'SEMESTER 2', u'P1', u'Pietermaritzburg Full-time', u'A', u'50010821:PHOSWA', 123.0]
check 'FRSC201_SEM2_2018' 'FRSC201'
adding  FRSC201
requesting:  http://10.0.100.98:8000/bbinfo/matching_courses/FRSC201%25
r= <Response [200]>
matching classes= set([u'FRSC201_SEM2_2016', u'FRSC201_SEM2_2017', u'FRSC201_SEM2_2018'])
[u'FRSC201_SEM2_2018', u'FRSC201_SEM2_2017', u'FRSC201', u'FUNDAMENTALS OF RESEARCH II', u'NDPBM1', u'ND: PUBLIC MANAGEMENT', u'22', u'SEMESTER 2', u'P3', u'Pietermaritzburg Part-time', u'A', u'50010821:PHOSWA', 33.0]
check 'FRSC201_SEM2_2018' 'FRSC201'
adding  FRSC201
requesting:  http://10.0.100.98:8000/bbinfo/matching_courses/FRSC201%25
r= <Response [200]>
matching classes= set([u'FRSC201_SEM2_2016', u'FRSC201_SEM2_2017', u'FRSC201_SEM2_2018'])
[u'FRSC201_SEM2_2018', u'FRSC201_SEM2_2017', u'FRSC201', u'FUNDAMENTALS OF RESEARCH II', u'NODIP6', u'NON-DIPLOMA PURPOSE (MAN SC)', u'22', u'SEMESTER 2', u'P7', u'PMB FULL-TIME NON-SUBSIDISED', u'A', u'50010821:PHOSWA', 48.0]
check 'FRSC201_SEM2_2018' 'FRSC201'
adding  FRSC201
requesting:  http://10.0.100.98:8000/bbinfo/matching_courses/FRSC201%25
r= <Response [200]>
matching classes= set([u'FRSC201_SEM2_2016', u'FRSC201_SEM2_2017', u'FRSC201_SEM2_2018'])
[u'', u'', u'', u'', u'', u'', u'', u'', u'', u'', u'', u'', u'']
check '' ''
[u'LGLP211_SEM1_2018', u'LGLP211_SEM1_2017', u'LGLP211', u'LEGAL PRACTICE II (CONVEYANCING)', u'NDOMN1', u'ND: OFFICE MANAGEMENT AND TECHNOLOGY', u'21', u'SEMESTER 1', u'P1', u'Pietermaritzburg Full-time', u'A', u'50010821:PHOSWA', 67.0]
check 'LGLP211_SEM1_2018' 'LGLP211'
processXLS: only for SEM2 [u'LGLP211_SEM1_2018', u'LGLP211_SEM1_2017', u'LGLP211', u'LEGAL PRACTICE II (CONVEYANCING)', u'NDOMN1', u'ND: OFFICE MANAGEMENT AND TECHNOLOGY', u'21', u'SEMESTER 1', u'P1', u'Pietermaritzburg Full-time', u'A', u'50010821:PHOSWA', 67.0]
[u'', u'', u'', u'', u'', u'', u'', u'', u'', u'', u'', u'', u'']
check '' ''
[u'LGLP221_YEAR_2018', u'LGLP221_YEAR_2017', u'LGLP221', u'LEGAL PRACTICE II (ADMIN. OF ESTATES)', u'NDOMN1', u'ND: OFFICE MANAGEMENT AND TECHNOLOGY', u'11', u'YEAR', u'P1', u'Pietermaritzburg Full-time', u'A', u'50010821:PHOSWA', 3.0]
check 'LGLP221_YEAR_2018' 'LGLP221'
processXLS: only for SEM2 [u'LGLP221_YEAR_2018', u'LGLP221_YEAR_2017', u'LGLP221', u'LEGAL PRACTICE II (ADMIN. OF ESTATES)', u'NDOMN1', u'ND: OFFICE MANAGEMENT AND TECHNOLOGY', u'11', u'YEAR', u'P1', u'Pietermaritzburg Full-time', u'A', u'50010821:PHOSWA', 3.0]
[u'', u'', u'', u'', u'', u'', u'', u'', u'', u'', u'', u'', u'']
check '' ''
[u'LGLP221_SEM2_2018', u'LGLP221_SEM2_2017', u'LGLP221', u'LEGAL PRACTICE II (ADMIN. OF ESTATES)', u'NDOMN1', u'ND: OFFICE MANAGEMENT AND TECHNOLOGY', u'22', u'SEMESTER 2', u'P1', u'Pietermaritzburg Full-time', u'A', u'50010821:PHOSWA', 57.0]
check 'LGLP221_SEM2_2018' 'LGLP221'
adding  LGLP221
requesting:  http://10.0.100.98:8000/bbinfo/matching_courses/LGLP221%25
r= <Response [200]>
matching classes= set([u'LGLP221_SEM2_2017', u'LGLP221_SEM2_2016', u'LGLP221_YEAR_2017', u'LGLP221_SEM2_2018', u'LGLP221_YEAR_2018'])
[u'', u'', u'', u'', u'', u'', u'', u'', u'', u'', u'', u'', u'']
check '' ''
[u'PBFN201_SEM1_2018', u'PBFN201_SEM1_2017', u'PBFN201', u'PUBLIC FINANCIAL MANAGEMENT II', u'NDPBM1', u'ND: PUBLIC MANAGEMENT', u'21', u'SEMESTER 1', u'P1', u'Pietermaritzburg Full-time', u'A', u'50010821:PHOSWA', 1.0]
check 'PBFN201_SEM1_2018' 'PBFN201'
processXLS: only for SEM2 [u'PBFN201_SEM1_2018', u'PBFN201_SEM1_2017', u'PBFN201', u'PUBLIC FINANCIAL MANAGEMENT II', u'NDPBM1', u'ND: PUBLIC MANAGEMENT', u'21', u'SEMESTER 1', u'P1', u'Pietermaritzburg Full-time', u'A', u'50010821:PHOSWA', 1.0]
[u'PBFN201_SEM1_2018', u'PBFN201_SEM1_2017', u'PBFN201', u'PUBLIC FINANCIAL MANAGEMENT II', u'NDPBM1', u'ND: PUBLIC MANAGEMENT', u'21', u'SEMESTER 1', u'P1', u'Pietermaritzburg Full-time', u'A', u'50010821:PHOSWA', 144.0]
check 'PBFN201_SEM1_2018' 'PBFN201'
processXLS: only for SEM2 [u'PBFN201_SEM1_2018', u'PBFN201_SEM1_2017', u'PBFN201', u'PUBLIC FINANCIAL MANAGEMENT II', u'NDPBM1', u'ND: PUBLIC MANAGEMENT', u'21', u'SEMESTER 1', u'P1', u'Pietermaritzburg Full-time', u'A', u'50010821:PHOSWA', 144.0]
[u'PBFN201_SEM1_2018', u'PBFN201_SEM1_2017', u'PBFN201', u'PUBLIC FINANCIAL MANAGEMENT II', u'NDPBM1', u'ND: PUBLIC MANAGEMENT', u'21', u'SEMESTER 1', u'P3', u'Pietermaritzburg Part-time', u'A', u'50010821:PHOSWA', 39.0]
check 'PBFN201_SEM1_2018' 'PBFN201'
processXLS: only for SEM2 [u'PBFN201_SEM1_2018', u'PBFN201_SEM1_2017', u'PBFN201', u'PUBLIC FINANCIAL MANAGEMENT II', u'NDPBM1', u'ND: PUBLIC MANAGEMENT', u'21', u'SEMESTER 1', u'P3', u'Pietermaritzburg Part-time', u'A', u'50010821:PHOSWA', 39.0]
[u'PBFN201_SEM1_2018', u'PBFN201_SEM1_2017', u'PBFN201', u'PUBLIC FINANCIAL MANAGEMENT II', u'NDPMN1', u'ND: PUBLIC MANAGEMENT', u'21', u'SEMESTER 1', u'P1', u'Pietermaritzburg Full-time', u'A', u'50010821:PHOSWA', 1.0]
check 'PBFN201_SEM1_2018' 'PBFN201'
processXLS: only for SEM2 [u'PBFN201_SEM1_2018', u'PBFN201_SEM1_2017', u'PBFN201', u'PUBLIC FINANCIAL MANAGEMENT II', u'NDPMN1', u'ND: PUBLIC MANAGEMENT', u'21', u'SEMESTER 1', u'P1', u'Pietermaritzburg Full-time', u'A', u'50010821:PHOSWA', 1.0]
[u'PBFN201_SEM1_2018', u'PBFN201_SEM1_2017', u'PBFN201', u'PUBLIC FINANCIAL MANAGEMENT II', u'NODIP6', u'NON-DIPLOMA PURPOSE (MAN SC)', u'21', u'SEMESTER 1', u'P7', u'PMB FULL-TIME NON-SUBSIDISED', u'A', u'50010821:PHOSWA', 55.0]
check 'PBFN201_SEM1_2018' 'PBFN201'
processXLS: only for SEM2 [u'PBFN201_SEM1_2018', u'PBFN201_SEM1_2017', u'PBFN201', u'PUBLIC FINANCIAL MANAGEMENT II', u'NODIP6', u'NON-DIPLOMA PURPOSE (MAN SC)', u'21', u'SEMESTER 1', u'P7', u'PMB FULL-TIME NON-SUBSIDISED', u'A', u'50010821:PHOSWA', 55.0]
[u'', u'', u'', u'', u'', u'', u'', u'', u'', u'', u'', u'', u'']
check '' ''
[u'PBHR201_SEM1_2018', u'PBHR201_SEM1_2017', u'PBHR201', u'PUBLIC HUMAN RESOURCE MANAGEMENT II', u'NDPBM1', u'ND: PUBLIC MANAGEMENT', u'21', u'SEMESTER 1', u'P1', u'Pietermaritzburg Full-time', u'A', u'40003274:ZWANE', 137.0]
check 'PBHR201_SEM1_2018' 'PBHR201'
processXLS: only for SEM2 [u'PBHR201_SEM1_2018', u'PBHR201_SEM1_2017', u'PBHR201', u'PUBLIC HUMAN RESOURCE MANAGEMENT II', u'NDPBM1', u'ND: PUBLIC MANAGEMENT', u'21', u'SEMESTER 1', u'P1', u'Pietermaritzburg Full-time', u'A', u'40003274:ZWANE', 137.0]
[u'PBHR201_SEM1_2018', u'PBHR201_SEM1_2017', u'PBHR201', u'PUBLIC HUMAN RESOURCE MANAGEMENT II', u'NDPBM1', u'ND: PUBLIC MANAGEMENT', u'21', u'SEMESTER 1', u'P1', u'Pietermaritzburg Full-time', u'A', u'40003274:ZWANE', 1.0]
check 'PBHR201_SEM1_2018' 'PBHR201'
processXLS: only for SEM2 [u'PBHR201_SEM1_2018', u'PBHR201_SEM1_2017', u'PBHR201', u'PUBLIC HUMAN RESOURCE MANAGEMENT II', u'NDPBM1', u'ND: PUBLIC MANAGEMENT', u'21', u'SEMESTER 1', u'P1', u'Pietermaritzburg Full-time', u'A', u'40003274:ZWANE', 1.0]
[u'PBHR201_SEM1_2018', u'PBHR201_SEM1_2017', u'PBHR201', u'PUBLIC HUMAN RESOURCE MANAGEMENT II', u'NDPBM1', u'ND: PUBLIC MANAGEMENT', u'21', u'SEMESTER 1', u'P3', u'Pietermaritzburg Part-time', u'A', u'40003274:ZWANE', 40.0]
check 'PBHR201_SEM1_2018' 'PBHR201'
processXLS: only for SEM2 [u'PBHR201_SEM1_2018', u'PBHR201_SEM1_2017', u'PBHR201', u'PUBLIC HUMAN RESOURCE MANAGEMENT II', u'NDPBM1', u'ND: PUBLIC MANAGEMENT', u'21', u'SEMESTER 1', u'P3', u'Pietermaritzburg Part-time', u'A', u'40003274:ZWANE', 40.0]
[u'PBHR201_SEM1_2018', u'PBHR201_SEM1_2017', u'PBHR201', u'PUBLIC HUMAN RESOURCE MANAGEMENT II', u'NDPMN1', u'ND: PUBLIC MANAGEMENT', u'21', u'SEMESTER 1', u'P1', u'Pietermaritzburg Full-time', u'A', u'40003274:ZWANE', 1.0]
check 'PBHR201_SEM1_2018' 'PBHR201'
processXLS: only for SEM2 [u'PBHR201_SEM1_2018', u'PBHR201_SEM1_2017', u'PBHR201', u'PUBLIC HUMAN RESOURCE MANAGEMENT II', u'NDPMN1', u'ND: PUBLIC MANAGEMENT', u'21', u'SEMESTER 1', u'P1', u'Pietermaritzburg Full-time', u'A', u'40003274:ZWANE', 1.0]
[u'PBHR201_SEM1_2018', u'PBHR201_SEM1_2017', u'PBHR201', u'PUBLIC HUMAN RESOURCE MANAGEMENT II', u'NODIP6', u'NON-DIPLOMA PURPOSE (MAN SC)', u'21', u'SEMESTER 1', u'P7', u'PMB FULL-TIME NON-SUBSIDISED', u'A', u'40003274:ZWANE', 57.0]
check 'PBHR201_SEM1_2018' 'PBHR201'
processXLS: only for SEM2 [u'PBHR201_SEM1_2018', u'PBHR201_SEM1_2017', u'PBHR201', u'PUBLIC HUMAN RESOURCE MANAGEMENT II', u'NODIP6', u'NON-DIPLOMA PURPOSE (MAN SC)', u'21', u'SEMESTER 1', u'P7', u'PMB FULL-TIME NON-SUBSIDISED', u'A', u'40003274:ZWANE', 57.0]
[u'', u'', u'', u'', u'', u'', u'', u'', u'', u'', u'', u'', u'']
check '' ''
[u'PBPL201_SEM2_2018', u'PBPL201_SEM2_2017', u'PBPL201', u'PUBLIC PROCUREMENT & LOGISTICS MANAGEMENT II', u'NDPBM1', u'ND: PUBLIC MANAGEMENT', u'22', u'SEMESTER 2', u'P1', u'Pietermaritzburg Full-time', u'A', u'50010821:PHOSWA', 121.0]
check 'PBPL201_SEM2_2018' 'PBPL201'
adding  PBPL201
requesting:  http://10.0.100.98:8000/bbinfo/matching_courses/PBPL201%25
r= <Response [200]>
matching classes= set([u'PBPL201_SEM2_2018', u'PBPL201_SEM2_2016', u'PBPL201_SEM2_2017'])
[u'PBPL201_SEM2_2018', u'PBPL201_SEM2_2017', u'PBPL201', u'PUBLIC PROCUREMENT & LOGISTICS MANAGEMENT II', u'NDPBM1', u'ND: PUBLIC MANAGEMENT', u'22', u'SEMESTER 2', u'P3', u'Pietermaritzburg Part-time', u'A', u'50010821:PHOSWA', 33.0]
check 'PBPL201_SEM2_2018' 'PBPL201'
adding  PBPL201
requesting:  http://10.0.100.98:8000/bbinfo/matching_courses/PBPL201%25
r= <Response [200]>
matching classes= set([u'PBPL201_SEM2_2018', u'PBPL201_SEM2_2016', u'PBPL201_SEM2_2017'])
[u'', u'', u'', u'', u'', u'', u'', u'', u'', u'', u'', u'', u'']
check '' ''
[u'PJMG201_SEM2_2018', u'PJMG201_SEM2_2017', u'PJMG201', u'PROJECT MANAGEMENT II', u'NDPBM1', u'ND: PUBLIC MANAGEMENT', u'22', u'SEMESTER 2', u'P1', u'Pietermaritzburg Full-time', u'A', u'40003274:ZWANE', 122.0]
check 'PJMG201_SEM2_2018' 'PJMG201'
adding  PJMG201
requesting:  http://10.0.100.98:8000/bbinfo/matching_courses/PJMG201%25
r= <Response [200]>
matching classes= set([u'PJMG201_SEM2_2018', u'PJMG201_SEM2_2016', u'PJMG201_15_ZWEZ', u'PJMG201_SEM2_2017'])
[u'PJMG201_SEM2_2018', u'PJMG201_SEM2_2017', u'PJMG201', u'PROJECT MANAGEMENT II', u'NDPBM1', u'ND: PUBLIC MANAGEMENT', u'22', u'SEMESTER 2', u'P3', u'Pietermaritzburg Part-time', u'A', u'40003274:ZWANE', 32.0]
check 'PJMG201_SEM2_2018' 'PJMG201'
adding  PJMG201
requesting:  http://10.0.100.98:8000/bbinfo/matching_courses/PJMG201%25
r= <Response [200]>
matching classes= set([u'PJMG201_SEM2_2018', u'PJMG201_SEM2_2016', u'PJMG201_15_ZWEZ', u'PJMG201_SEM2_2017'])
[u'', u'', u'', u'', u'', u'', u'', u'', u'', u'', u'', u'', u'']
check '' ''
[u'ADVL301_SEM1_2018', u'ADVL301_SEM1_2017', u'ADVL301', u'ADVANCED LAW III', u'NDACT2', u'ND:  ACCOUNTING', u'21', u'SEMESTER 1', u'P1', u'Pietermaritzburg Full-time', u'A', u'50002188:MCBAIN', 12.0]
check 'ADVL301_SEM1_2018' 'ADVL301'
processXLS: only for SEM2 [u'ADVL301_SEM1_2018', u'ADVL301_SEM1_2017', u'ADVL301', u'ADVANCED LAW III', u'NDACT2', u'ND:  ACCOUNTING', u'21', u'SEMESTER 1', u'P1', u'Pietermaritzburg Full-time', u'A', u'50002188:MCBAIN', 12.0]
[u'ADVL301_SEM1_2018', u'ADVL301_SEM1_2017', u'ADVL301', u'ADVANCED LAW III', u'NDACT2', u'ND:  ACCOUNTING', u'21', u'SEMESTER 1', u'P1', u'Pietermaritzburg Full-time', u'D', u'50002188:MCBAIN', 57.0]
check 'ADVL301_SEM1_2018' 'ADVL301'
processXLS: only for SEM2 [u'ADVL301_SEM1_2018', u'ADVL301_SEM1_2017', u'ADVL301', u'ADVANCED LAW III', u'NDACT2', u'ND:  ACCOUNTING', u'21', u'SEMESTER 1', u'P1', u'Pietermaritzburg Full-time', u'D', u'50002188:MCBAIN', 57.0]
[u'ADVL301_SEM1_2018', u'ADVL301_SEM1_2017', u'ADVL301', u'ADVANCED LAW III', u'NDATF1', u'ND: ACCOUNTING (4 YEARS)', u'21', u'SEMESTER 1', u'P1', u'Pietermaritzburg Full-time', u'D', u'50002188:MCBAIN', 1.0]
check 'ADVL301_SEM1_2018' 'ADVL301'
processXLS: only for SEM2 [u'ADVL301_SEM1_2018', u'ADVL301_SEM1_2017', u'ADVL301', u'ADVANCED LAW III', u'NDATF1', u'ND: ACCOUNTING (4 YEARS)', u'21', u'SEMESTER 1', u'P1', u'Pietermaritzburg Full-time', u'D', u'50002188:MCBAIN', 1.0]
[u'ADVL301_SEM1_2018', u'ADVL301_SEM1_2017', u'ADVL301', u'ADVANCED LAW III', u'NDATF1', u'ND: ACCOUNTING (4 YEARS)', u'21', u'SEMESTER 1', u'P1', u'Pietermaritzburg Full-time', u'A', u'50002188:MCBAIN', 13.0]
check 'ADVL301_SEM1_2018' 'ADVL301'
processXLS: only for SEM2 [u'ADVL301_SEM1_2018', u'ADVL301_SEM1_2017', u'ADVL301', u'ADVANCED LAW III', u'NDATF1', u'ND: ACCOUNTING (4 YEARS)', u'21', u'SEMESTER 1', u'P1', u'Pietermaritzburg Full-time', u'A', u'50002188:MCBAIN', 13.0]
[u'', u'', u'', u'', u'', u'', u'', u'', u'', u'', u'', u'', u'']
check '' ''
[u'ISCL301_SEM1_2018', u'ISCL301_SEM1_2017', u'ISCL301', u'INTERSECTORAL COLLABORATION III', u'NDPBM1', u'ND: PUBLIC MANAGEMENT', u'21', u'SEMESTER 1', u'P1', u'Pietermaritzburg Full-time', u'A', u'50010821:PHOSWA', 133.0]
check 'ISCL301_SEM1_2018' 'ISCL301'
processXLS: only for SEM2 [u'ISCL301_SEM1_2018', u'ISCL301_SEM1_2017', u'ISCL301', u'INTERSECTORAL COLLABORATION III', u'NDPBM1', u'ND: PUBLIC MANAGEMENT', u'21', u'SEMESTER 1', u'P1', u'Pietermaritzburg Full-time', u'A', u'50010821:PHOSWA', 133.0]
[u'ISCL301_SEM1_2018', u'ISCL301_SEM1_2017', u'ISCL301', u'INTERSECTORAL COLLABORATION III', u'NDPBM1', u'ND: PUBLIC MANAGEMENT', u'21', u'SEMESTER 1', u'P3', u'Pietermaritzburg Part-time', u'A', u'50010821:PHOSWA', 20.0]
check 'ISCL301_SEM1_2018' 'ISCL301'
processXLS: only for SEM2 [u'ISCL301_SEM1_2018', u'ISCL301_SEM1_2017', u'ISCL301', u'INTERSECTORAL COLLABORATION III', u'NDPBM1', u'ND: PUBLIC MANAGEMENT', u'21', u'SEMESTER 1', u'P3', u'Pietermaritzburg Part-time', u'A', u'50010821:PHOSWA', 20.0]
[u'', u'', u'', u'', u'', u'', u'', u'', u'', u'', u'', u'', u'']
check '' ''
[u'PBHR301_SEM2_2018', u'PBHR301_SEM2_2017', u'PBHR301', u'PUBLIC HUMAN RESOURCE MANAGEMENT III', u'NDPBM1', u'ND: PUBLIC MANAGEMENT', u'22', u'SEMESTER 2', u'P1', u'Pietermaritzburg Full-time', u'A', u'40003274:ZWANE', 119.0]
check 'PBHR301_SEM2_2018' 'PBHR301'
adding  PBHR301
requesting:  http://10.0.100.98:8000/bbinfo/matching_courses/PBHR301%25
r= <Response [200]>
matching classes= set([u'PBHR301_SEM2_2017', u'PBHR301_15', u'PBHR301_SEM2_2018', u'PBHR301_SEM2_2016', u'PBHR301_15_ZWAZ'])
[u'PBHR301_SEM2_2018', u'PBHR301_SEM2_2017', u'PBHR301', u'PUBLIC HUMAN RESOURCE MANAGEMENT III', u'NDPBM1', u'ND: PUBLIC MANAGEMENT', u'22', u'SEMESTER 2', u'P3', u'Pietermaritzburg Part-time', u'A', u'40003274:ZWANE', 18.0]
check 'PBHR301_SEM2_2018' 'PBHR301'
adding  PBHR301
requesting:  http://10.0.100.98:8000/bbinfo/matching_courses/PBHR301%25
r= <Response [200]>
matching classes= set([u'PBHR301_SEM2_2017', u'PBHR301_15', u'PBHR301_SEM2_2018', u'PBHR301_SEM2_2016', u'PBHR301_15_ZWAZ'])
[u'PBHR301_SEM2_2018', u'PBHR301_SEM2_2017', u'PBHR301', u'PUBLIC HUMAN RESOURCE MANAGEMENT III', u'NODIP6', u'NON-DIPLOMA PURPOSE (MAN SC)', u'22', u'SEMESTER 2', u'P7', u'PMB FULL-TIME NON-SUBSIDISED', u'A', u'40003274:ZWANE', 49.0]
check 'PBHR301_SEM2_2018' 'PBHR301'
adding  PBHR301
requesting:  http://10.0.100.98:8000/bbinfo/matching_courses/PBHR301%25
r= <Response [200]>
matching classes= set([u'PBHR301_SEM2_2017', u'PBHR301_15', u'PBHR301_SEM2_2018', u'PBHR301_SEM2_2016', u'PBHR301_15_ZWAZ'])
[u'', u'', u'', u'', u'', u'', u'', u'', u'', u'', u'', u'', u'']
check '' ''
[u'PBMP301_SEM1_2018', u'PBMP301_SEM1_2017', u'PBMP301', u'PUBLIC MANAGEMENT PRACTICE III', u'NDPBM1', u'ND: PUBLIC MANAGEMENT', u'21', u'SEMESTER 1', u'P1', u'Pietermaritzburg Full-time', u'A', u'50010821:PHOSWA', 2.0]
check 'PBMP301_SEM1_2018' 'PBMP301'
processXLS: only for SEM2 [u'PBMP301_SEM1_2018', u'PBMP301_SEM1_2017', u'PBMP301', u'PUBLIC MANAGEMENT PRACTICE III', u'NDPBM1', u'ND: PUBLIC MANAGEMENT', u'21', u'SEMESTER 1', u'P1', u'Pietermaritzburg Full-time', u'A', u'50010821:PHOSWA', 2.0]
[u'PBMP301_SEM1_2018', u'PBMP301_SEM1_2017', u'PBMP301', u'PUBLIC MANAGEMENT PRACTICE III', u'NDPBM1', u'ND: PUBLIC MANAGEMENT', u'21', u'SEMESTER 1', u'P3', u'Pietermaritzburg Part-time', u'A', u'50010821:PHOSWA', 1.0]
check 'PBMP301_SEM1_2018' 'PBMP301'
processXLS: only for SEM2 [u'PBMP301_SEM1_2018', u'PBMP301_SEM1_2017', u'PBMP301', u'PUBLIC MANAGEMENT PRACTICE III', u'NDPBM1', u'ND: PUBLIC MANAGEMENT', u'21', u'SEMESTER 1', u'P3', u'Pietermaritzburg Part-time', u'A', u'50010821:PHOSWA', 1.0]
[u'', u'', u'', u'', u'', u'', u'', u'', u'', u'', u'', u'', u'']
check '' ''
[u'PBMP301_SEM2_2018', u'PBMP301_SEM2_2017', u'PBMP301', u'PUBLIC MANAGEMENT PRACTICE III', u'NDPBM1', u'ND: PUBLIC MANAGEMENT', u'22', u'SEMESTER 2', u'P1', u'Pietermaritzburg Full-time', u'A', u'50010821:PHOSWA', 121.0]
check 'PBMP301_SEM2_2018' 'PBMP301'
adding  PBMP301
requesting:  http://10.0.100.98:8000/bbinfo/matching_courses/PBMP301%25
r= <Response [200]>
matching classes= set([u'PBMP301_SEM2_2018', u'PBMP301_SEM1_2017', u'PBMP301_SEM2_2017', u'PBMP301_SEM1_2018', u'PBMP301_ALL_2016'])
[u'PBMP301_SEM2_2018', u'PBMP301_SEM2_2017', u'PBMP301', u'PUBLIC MANAGEMENT PRACTICE III', u'NDPBM1', u'ND: PUBLIC MANAGEMENT', u'22', u'SEMESTER 2', u'P3', u'Pietermaritzburg Part-time', u'A', u'50010821:PHOSWA', 17.0]
check 'PBMP301_SEM2_2018' 'PBMP301'
adding  PBMP301
requesting:  http://10.0.100.98:8000/bbinfo/matching_courses/PBMP301%25
r= <Response [200]>
matching classes= set([u'PBMP301_SEM2_2018', u'PBMP301_SEM1_2017', u'PBMP301_SEM2_2017', u'PBMP301_SEM1_2018', u'PBMP301_ALL_2016'])
[u'', u'', u'', u'', u'', u'', u'', u'', u'', u'', u'', u'', u'']
check '' ''
[u'PFNP301_SEM2_2018', u'PFNP301_SEM2_2017', u'PFNP301', u'PUBLIC FINANCIAL AND PROCUREMENT MANAGEMENT I', u'NDPBM1', u'ND: PUBLIC MANAGEMENT', u'22', u'SEMESTER 2', u'P1', u'Pietermaritzburg Full-time', u'A', u'50002608:MDLAZI;50010821:PHOSWA', 123.0]
check 'PFNP301_SEM2_2018' 'PFNP301'
adding  PFNP301
requesting:  http://10.0.100.98:8000/bbinfo/matching_courses/PFNP301%25
r= <Response [200]>
matching classes= set([u'PFNP301_SEM2_2018', u'PFNP301_15_MDLD', u'PFNP301_15_PHOO', u'PFNP301_SEM2_2017', u'PFNP301_SEM2_2016'])
[u'PFNP301_SEM2_2018', u'PFNP301_SEM2_2017', u'PFNP301', u'PUBLIC FINANCIAL AND PROCUREMENT MANAGEMENT I', u'NDPBM1', u'ND: PUBLIC MANAGEMENT', u'22', u'SEMESTER 2', u'P3', u'Pietermaritzburg Part-time', u'A', u'50002608:MDLAZI;50010821:PHOSWA', 18.0]
check 'PFNP301_SEM2_2018' 'PFNP301'
adding  PFNP301
requesting:  http://10.0.100.98:8000/bbinfo/matching_courses/PFNP301%25
r= <Response [200]>
matching classes= set([u'PFNP301_SEM2_2018', u'PFNP301_15_MDLD', u'PFNP301_15_PHOO', u'PFNP301_SEM2_2017', u'PFNP301_SEM2_2016'])
[u'PFNP301_SEM2_2018', u'PFNP301_SEM2_2017', u'PFNP301', u'PUBLIC FINANCIAL AND PROCUREMENT MANAGEMENT I', u'NODIP6', u'NON-DIPLOMA PURPOSE (MAN SC)', u'22', u'SEMESTER 2', u'P7', u'PMB FULL-TIME NON-SUBSIDISED', u'A', u'50002608:MDLAZI;50010821:PHOSWA', 49.0]
check 'PFNP301_SEM2_2018' 'PFNP301'
adding  PFNP301
requesting:  http://10.0.100.98:8000/bbinfo/matching_courses/PFNP301%25
r= <Response [200]>
matching classes= set([u'PFNP301_SEM2_2018', u'PFNP301_15_MDLD', u'PFNP301_15_PHOO', u'PFNP301_SEM2_2017', u'PFNP301_SEM2_2016'])
[u'', u'', u'', u'', u'', u'', u'', u'', u'', u'', u'', u'', u'']
check '' ''
[u'PGRM301_SEM1_2018', u'PGRM301_SEM1_2017', u'PGRM301', u'PROGRAMME MANAGEMENT III', u'NDPBM1', u'ND: PUBLIC MANAGEMENT', u'21', u'SEMESTER 1', u'P1', u'Pietermaritzburg Full-time', u'A', u'50010821:PHOSWA', 119.0]
check 'PGRM301_SEM1_2018' 'PGRM301'
processXLS: only for SEM2 [u'PGRM301_SEM1_2018', u'PGRM301_SEM1_2017', u'PGRM301', u'PROGRAMME MANAGEMENT III', u'NDPBM1', u'ND: PUBLIC MANAGEMENT', u'21', u'SEMESTER 1', u'P1', u'Pietermaritzburg Full-time', u'A', u'50010821:PHOSWA', 119.0]
[u'PGRM301_SEM1_2018', u'PGRM301_SEM1_2017', u'PGRM301', u'PROGRAMME MANAGEMENT III', u'NDPBM1', u'ND: PUBLIC MANAGEMENT', u'21', u'SEMESTER 1', u'P3', u'Pietermaritzburg Part-time', u'A', u'50010821:PHOSWA', 21.0]
check 'PGRM301_SEM1_2018' 'PGRM301'
processXLS: only for SEM2 [u'PGRM301_SEM1_2018', u'PGRM301_SEM1_2017', u'PGRM301', u'PROGRAMME MANAGEMENT III', u'NDPBM1', u'ND: PUBLIC MANAGEMENT', u'21', u'SEMESTER 1', u'P3', u'Pietermaritzburg Part-time', u'A', u'50010821:PHOSWA', 21.0]
[u'', u'', u'', u'', u'', u'', u'', u'', u'', u'', u'', u'', u'']
check '' ''
[u'PLSD301_SEM1_2018', u'PLSD301_SEM1_2017', u'PLSD301', u'POLICY STUDIES III', u'NDPBM1', u'ND: PUBLIC MANAGEMENT', u'21', u'SEMESTER 1', u'P1', u'Pietermaritzburg Full-time', u'A', u'40003274:ZWANE', 114.0]
check 'PLSD301_SEM1_2018' 'PLSD301'
processXLS: only for SEM2 [u'PLSD301_SEM1_2018', u'PLSD301_SEM1_2017', u'PLSD301', u'POLICY STUDIES III', u'NDPBM1', u'ND: PUBLIC MANAGEMENT', u'21', u'SEMESTER 1', u'P1', u'Pietermaritzburg Full-time', u'A', u'40003274:ZWANE', 114.0]
[u'PLSD301_SEM1_2018', u'PLSD301_SEM1_2017', u'PLSD301', u'POLICY STUDIES III', u'NDPBM1', u'ND: PUBLIC MANAGEMENT', u'21', u'SEMESTER 1', u'P3', u'Pietermaritzburg Part-time', u'A', u'40003274:ZWANE', 26.0]
check 'PLSD301_SEM1_2018' 'PLSD301'
processXLS: only for SEM2 [u'PLSD301_SEM1_2018', u'PLSD301_SEM1_2017', u'PLSD301', u'POLICY STUDIES III', u'NDPBM1', u'ND: PUBLIC MANAGEMENT', u'21', u'SEMESTER 1', u'P3', u'Pietermaritzburg Part-time', u'A', u'40003274:ZWANE', 26.0]
[u'PLSD301_SEM1_2018', u'PLSD301_SEM1_2017', u'PLSD301', u'POLICY STUDIES III', u'NODIP6', u'NON-DIPLOMA PURPOSE (MAN SC)', u'21', u'SEMESTER 1', u'P7', u'PMB FULL-TIME NON-SUBSIDISED', u'A', u'40003274:ZWANE', 58.0]
check 'PLSD301_SEM1_2018' 'PLSD301'
processXLS: only for SEM2 [u'PLSD301_SEM1_2018', u'PLSD301_SEM1_2017', u'PLSD301', u'POLICY STUDIES III', u'NODIP6', u'NON-DIPLOMA PURPOSE (MAN SC)', u'21', u'SEMESTER 1', u'P7', u'PMB FULL-TIME NON-SUBSIDISED', u'A', u'40003274:ZWANE', 58.0]
[u'', u'', u'', u'', u'', u'', u'', u'', u'', u'', u'', u'', u'']
check '' ''
[u'GVRL401_SEM2_2018', u'GVRL401_SEM2_2017', u'GVRL401', u'GOVERNMENT RELATIONS IV', u'BTPBM1', u'BT: PUBLIC MANAGEMENT', u'22', u'SEMESTER 2', u'P1', u'Pietermaritzburg Full-time', u'A', u'50002608:MDLAZI', 3.0]
check 'GVRL401_SEM2_2018' 'GVRL401'
adding  GVRL401
requesting:  http://10.0.100.98:8000/bbinfo/matching_courses/GVRL401%25
r= <Response [200]>
matching classes= set([u'GVRL401_SEM2_2017', u'GVRL401_SEM2_2016', u'GVRL401_15_MDLD', u'GVRL401_SEM2_2018'])
[u'GVRL401_SEM2_2018', u'GVRL401_SEM2_2017', u'GVRL401', u'GOVERNMENT RELATIONS IV', u'BTPBM1', u'BT: PUBLIC MANAGEMENT', u'22', u'SEMESTER 2', u'P3', u'Pietermaritzburg Part-time', u'A', u'50002608:MDLAZI', 109.0]
check 'GVRL401_SEM2_2018' 'GVRL401'
adding  GVRL401
requesting:  http://10.0.100.98:8000/bbinfo/matching_courses/GVRL401%25
r= <Response [200]>
matching classes= set([u'GVRL401_SEM2_2017', u'GVRL401_SEM2_2016', u'GVRL401_15_MDLD', u'GVRL401_SEM2_2018'])
[u'', u'', u'', u'', u'', u'', u'', u'', u'', u'', u'', u'', u'']
check '' ''
[u'PBLA401_SEM1_2018', u'PBLA401_SEM1_2017', u'PBLA401', u'PUBLIC ACCOUNTABILITY IV', u'BTPBM1', u'BT: PUBLIC MANAGEMENT', u'21', u'SEMESTER 1', u'P1', u'Pietermaritzburg Full-time', u'A', u'50002608:MDLAZI', 3.0]
check 'PBLA401_SEM1_2018' 'PBLA401'
processXLS: only for SEM2 [u'PBLA401_SEM1_2018', u'PBLA401_SEM1_2017', u'PBLA401', u'PUBLIC ACCOUNTABILITY IV', u'BTPBM1', u'BT: PUBLIC MANAGEMENT', u'21', u'SEMESTER 1', u'P1', u'Pietermaritzburg Full-time', u'A', u'50002608:MDLAZI', 3.0]
[u'PBLA401_SEM1_2018', u'PBLA401_SEM1_2017', u'PBLA401', u'PUBLIC ACCOUNTABILITY IV', u'BTPBM1', u'BT: PUBLIC MANAGEMENT', u'21', u'SEMESTER 1', u'P3', u'Pietermaritzburg Part-time', u'A', u'50002608:MDLAZI', 135.0]
check 'PBLA401_SEM1_2018' 'PBLA401'
processXLS: only for SEM2 [u'PBLA401_SEM1_2018', u'PBLA401_SEM1_2017', u'PBLA401', u'PUBLIC ACCOUNTABILITY IV', u'BTPBM1', u'BT: PUBLIC MANAGEMENT', u'21', u'SEMESTER 1', u'P3', u'Pietermaritzburg Part-time', u'A', u'50002608:MDLAZI', 135.0]
[u'', u'', u'', u'', u'', u'', u'', u'', u'', u'', u'', u'', u'']
check '' ''
[u'PBPM401_SEM2_2018', u'PBPM401_SEM2_2017', u'PBPM401', u'PUBLIC POLICY MANAGEMENT IV', u'BTPBM1', u'BT: PUBLIC MANAGEMENT', u'22', u'SEMESTER 2', u'P1', u'Pietermaritzburg Full-time', u'A', u'50002608:MDLAZI', 3.0]
check 'PBPM401_SEM2_2018' 'PBPM401'
adding  PBPM401
requesting:  http://10.0.100.98:8000/bbinfo/matching_courses/PBPM401%25
r= <Response [200]>
matching classes= set([u'PBPM401_15_MDLD', u'PBPM401_SEM2_2018', u'PBPM401_SEM2_2017', u'PBPM401_SEM2_2016'])
[u'PBPM401_SEM2_2018', u'PBPM401_SEM2_2017', u'PBPM401', u'PUBLIC POLICY MANAGEMENT IV', u'BTPBM1', u'BT: PUBLIC MANAGEMENT', u'22', u'SEMESTER 2', u'P3', u'Pietermaritzburg Part-time', u'A', u'50002608:MDLAZI', 112.0]
check 'PBPM401_SEM2_2018' 'PBPM401'
adding  PBPM401
requesting:  http://10.0.100.98:8000/bbinfo/matching_courses/PBPM401%25
r= <Response [200]>
matching classes= set([u'PBPM401_15_MDLD', u'PBPM401_SEM2_2018', u'PBPM401_SEM2_2017', u'PBPM401_SEM2_2016'])
[u'', u'', u'', u'', u'', u'', u'', u'', u'', u'', u'', u'', u'']
check '' ''
[u'RSIM401_SEM1_2018', u'RSIM401_SEM1_2017', u'RSIM401', u'RESEARCH AND INFORMATION MANAGEMENT IV', u'BTPBM1', u'BT: PUBLIC MANAGEMENT', u'21', u'SEMESTER 1', u'P3', u'Pietermaritzburg Part-time', u'A', u'50002608:MDLAZI', 142.0]
check 'RSIM401_SEM1_2018' 'RSIM401'
processXLS: only for SEM2 [u'RSIM401_SEM1_2018', u'RSIM401_SEM1_2017', u'RSIM401', u'RESEARCH AND INFORMATION MANAGEMENT IV', u'BTPBM1', u'BT: PUBLIC MANAGEMENT', u'21', u'SEMESTER 1', u'P3', u'Pietermaritzburg Part-time', u'A', u'50002608:MDLAZI', 142.0]
[u'', u'', u'', u'', u'', u'', u'', u'', u'', u'', u'', u'', u'']
check '' ''
[u'SHRM401_SEM1_2018', u'SHRM401_SEM1_2017', u'SHRM401', u'STRATEGIC PUBLIC HUMAN RESOURCE MANAGEMENT IV', u'BTPBM1', u'BT: PUBLIC MANAGEMENT', u'21', u'SEMESTER 1', u'P3', u'Pietermaritzburg Part-time', u'A', u'50002608:MDLAZI', 139.0]
check 'SHRM401_SEM1_2018' 'SHRM401'
processXLS: only for SEM2 [u'SHRM401_SEM1_2018', u'SHRM401_SEM1_2017', u'SHRM401', u'STRATEGIC PUBLIC HUMAN RESOURCE MANAGEMENT IV', u'BTPBM1', u'BT: PUBLIC MANAGEMENT', u'21', u'SEMESTER 1', u'P3', u'Pietermaritzburg Part-time', u'A', u'50002608:MDLAZI', 139.0]
[u'', u'', u'', u'', u'', u'', u'', u'', u'', u'', u'', u'', u'']
check '' ''
[u'SPBM401_SEM2_2018', u'SPBM401_SEM2_2017', u'SPBM401', u'STRATEGIC PUBLIC MANAGEMENT IV', u'BTPBM1', u'BT: PUBLIC MANAGEMENT', u'22', u'SEMESTER 2', u'P1', u'Pietermaritzburg Full-time', u'A', u'50002608:MDLAZI', 3.0]
check 'SPBM401_SEM2_2018' 'SPBM401'
adding  SPBM401
requesting:  http://10.0.100.98:8000/bbinfo/matching_courses/SPBM401%25
r= <Response [200]>
matching classes= set([u'SPBM401_SEM2_2018', u'SPBM401_15_MDLD', u'SPBM401_SEM2_2016', u'SPBM401_SEM2_2017'])
[u'SPBM401_SEM2_2018', u'SPBM401_SEM2_2017', u'SPBM401', u'STRATEGIC PUBLIC MANAGEMENT IV', u'BTPBM1', u'BT: PUBLIC MANAGEMENT', u'22', u'SEMESTER 2', u'P3', u'Pietermaritzburg Part-time', u'A', u'50002608:MDLAZI', 111.0]
check 'SPBM401_SEM2_2018' 'SPBM401'
adding  SPBM401
requesting:  http://10.0.100.98:8000/bbinfo/matching_courses/SPBM401%25
r= <Response [200]>
matching classes= set([u'SPBM401_SEM2_2018', u'SPBM401_15_MDLD', u'SPBM401_SEM2_2016', u'SPBM401_SEM2_2017'])
[u'===APPEND===', u'', u'', u'', u'', u'', u'', u'', u'', u'', u'', u'', u'']
check '===APPEND===' ''
[u'2017 NEW SUBJECTS  Blackboard Classrooms for Department: 3312 - PUBLIC MNGT LAW & ECONMCS(PMB)', u'', u'', u'', u'', u'', u'', u'', u'', u'', u'', u'', u'']
check '2017 NEW SUBJECTS  Blackboard Classrooms for Department: 3312 - PUBLIC MNGT LAW & ECONMCS(PMB)' ''
[u'', u'', u'', u'', u'', u'', u'', u'', u'', u'', u'', u'', u'']
check '' ''
[u'BB Classroom', u'Migrate Classroom', u'ITS Subject', u'', u'ITS Qualification', u'', u'Block', u'', u'Off Type', u'', u'Grp', u'Lecturer(s)', u'2016 Enrol']
check 'BB Classroom' 'ITS Subject'
[u'AJST101_SEM1_2018', u'AJST101_SEM1_2017', u'AJST101', u'ADMINISTRATIVE JUSTICE', u'DIPLG1', u'DIP IN PUBLIC ADMIN (LOCAL GOV ADMIN)', u'21', u'SEMESTER 1', u'P1', u'Pietermaritzburg Full-time', u'A', u'50010821:Phoswa', 0.0]
check 'AJST101_SEM1_2018' 'AJST101'
processXLS: only for SEM2 [u'AJST101_SEM1_2018', u'AJST101_SEM1_2017', u'AJST101', u'ADMINISTRATIVE JUSTICE', u'DIPLG1', u'DIP IN PUBLIC ADMIN (LOCAL GOV ADMIN)', u'21', u'SEMESTER 1', u'P1', u'Pietermaritzburg Full-time', u'A', u'50010821:Phoswa', 0.0]
[u'AJST101_SEM1_2018', u'AJST101_SEM1_2017', u'AJST101', u'ADMINISTRATIVE JUSTICE', u'DIPPM1', u'DIPLOMA IN PUBLIC ADMIN (PUBLIC MAN)', u'21', u'SEMESTER 1', u'P1', u'Pietermaritzburg Full-time', u'A', u'50010821:Phoswa', 0.0]
check 'AJST101_SEM1_2018' 'AJST101'
processXLS: only for SEM2 [u'AJST101_SEM1_2018', u'AJST101_SEM1_2017', u'AJST101', u'ADMINISTRATIVE JUSTICE', u'DIPPM1', u'DIPLOMA IN PUBLIC ADMIN (PUBLIC MAN)', u'21', u'SEMESTER 1', u'P1', u'Pietermaritzburg Full-time', u'A', u'50010821:Phoswa', 0.0]
[u'AJST101_SEM1_2018', u'AJST101_SEM1_2017', u'AJST101', u'ADMINISTRATIVE JUSTICE', u'DIPSC1', u'DIPLOMA IN PUBLIC ADMIN (SUPPLY CHAIN)', u'21', u'SEMESTER 1', u'P1', u'Pietermaritzburg Full-time', u'A', u'50010821:Phoswa', 0.0]
check 'AJST101_SEM1_2018' 'AJST101'
processXLS: only for SEM2 [u'AJST101_SEM1_2018', u'AJST101_SEM1_2017', u'AJST101', u'ADMINISTRATIVE JUSTICE', u'DIPSC1', u'DIPLOMA IN PUBLIC ADMIN (SUPPLY CHAIN)', u'21', u'SEMESTER 1', u'P1', u'Pietermaritzburg Full-time', u'A', u'50010821:Phoswa', 0.0]
[u'', u'', u'', u'', u'', u'', u'', u'', u'', u'', u'', u'', u'']
check '' ''
[u'FDMR101_SEM1_2018', u'FDMR101_SEM1_2017', u'FDMR101', u'FUNDAMENTALS OF RESEARCH', u'DIPLG1', u'DIP IN PUBLIC ADMIN (LOCAL GOV ADMIN)', u'21', u'SEMESTER 1', u'P1', u'Pietermaritzburg Full-time', u'A', u'50010821:Phoswa', 0.0]
check 'FDMR101_SEM1_2018' 'FDMR101'
processXLS: only for SEM2 [u'FDMR101_SEM1_2018', u'FDMR101_SEM1_2017', u'FDMR101', u'FUNDAMENTALS OF RESEARCH', u'DIPLG1', u'DIP IN PUBLIC ADMIN (LOCAL GOV ADMIN)', u'21', u'SEMESTER 1', u'P1', u'Pietermaritzburg Full-time', u'A', u'50010821:Phoswa', 0.0]
[u'FDMR101_SEM1_2018', u'FDMR101_SEM1_2017', u'FDMR101', u'FUNDAMENTALS OF RESEARCH', u'DIPPM1', u'DIPLOMA IN PUBLIC ADMIN (PUBLIC MAN)', u'21', u'SEMESTER 1', u'P1', u'Pietermaritzburg Full-time', u'A', u'50010821:Phoswa', 0.0]
check 'FDMR101_SEM1_2018' 'FDMR101'
processXLS: only for SEM2 [u'FDMR101_SEM1_2018', u'FDMR101_SEM1_2017', u'FDMR101', u'FUNDAMENTALS OF RESEARCH', u'DIPPM1', u'DIPLOMA IN PUBLIC ADMIN (PUBLIC MAN)', u'21', u'SEMESTER 1', u'P1', u'Pietermaritzburg Full-time', u'A', u'50010821:Phoswa', 0.0]
[u'FDMR101_SEM1_2018', u'FDMR101_SEM1_2017', u'FDMR101', u'FUNDAMENTALS OF RESEARCH', u'DIPSC1', u'DIPLOMA IN PUBLIC ADMIN (SUPPLY CHAIN)', u'21', u'SEMESTER 1', u'P1', u'Pietermaritzburg Full-time', u'A', u'50010821:Phoswa', 0.0]
check 'FDMR101_SEM1_2018' 'FDMR101'
processXLS: only for SEM2 [u'FDMR101_SEM1_2018', u'FDMR101_SEM1_2017', u'FDMR101', u'FUNDAMENTALS OF RESEARCH', u'DIPSC1', u'DIPLOMA IN PUBLIC ADMIN (SUPPLY CHAIN)', u'21', u'SEMESTER 1', u'P1', u'Pietermaritzburg Full-time', u'A', u'50010821:Phoswa', 0.0]
[u'', u'', u'', u'', u'', u'', u'', u'', u'', u'', u'', u'', u'']
check '' ''
[u'IECN101_SEM2_2018', u'IECN101_SEM2_2017', u'IECN101', u'INTRODUCTION TO ECONOMCS', u'DIPLG1', u'DIP IN PUBLIC ADMIN (LOCAL GOV ADMIN)', u'22', u'SEMESTER 2', u'P1', u'Pietermaritzburg Full-time', u'A', u'50010821:Phoswa', 0.0]
check 'IECN101_SEM2_2018' 'IECN101'
adding  IECN101
requesting:  http://10.0.100.98:8000/bbinfo/matching_courses/IECN101%25
r= <Response [200]>
matching classes= set([u'IECN101_SEM2_2018', u'IECN101_SEM2_2017'])
[u'IECN101_SEM2_2018', u'IECN101_SEM2_2017', u'IECN101', u'INTRODUCTION TO ECONOMCS', u'DIPPM1', u'DIPLOMA IN PUBLIC ADMIN (PUBLIC MAN)', u'22', u'SEMESTER 2', u'P1', u'Pietermaritzburg Full-time', u'A', u'50010821:Phoswa', 0.0]
check 'IECN101_SEM2_2018' 'IECN101'
adding  IECN101
requesting:  http://10.0.100.98:8000/bbinfo/matching_courses/IECN101%25
r= <Response [200]>
matching classes= set([u'IECN101_SEM2_2018', u'IECN101_SEM2_2017'])
[u'', u'', u'', u'', u'', u'', u'', u'', u'', u'', u'', u'', u'']
check '' ''
[u'LECD101_SEM2_2018', u'LECD101_SEM2_2017', u'LECD101', u'LOCAL ECONOMIC DEVELOPMENT', u'DIPLG1', u'DIP IN PUBLIC ADMIN (LOCAL GOV ADMIN)', u'22', u'SEMESTER 2', u'P1', u'Pietermaritzburg Full-time', u'A', u'50010821:Phoswa', 0.0]
check 'LECD101_SEM2_2018' 'LECD101'
adding  LECD101
requesting:  http://10.0.100.98:8000/bbinfo/matching_courses/LECD101%25
r= <Response [200]>
matching classes= set([u'LECD101_SEM2_2017', u'LECD101_SEM2_2018'])
[u'', u'', u'', u'', u'', u'', u'', u'', u'', u'', u'', u'', u'']
check '' ''
[u'PBLF101_SEM2_2018', u'PBLF101_SEM2_2017', u'PBLF101', u'PUBLIC FINANCE MANAGEMENT I', u'DIPLG1', u'DIP IN PUBLIC ADMIN (LOCAL GOV ADMIN)', u'22', u'SEMESTER 2', u'P1', u'Pietermaritzburg Full-time', u'A', u'50010821:Phoswa', 0.0]
check 'PBLF101_SEM2_2018' 'PBLF101'
adding  PBLF101
requesting:  http://10.0.100.98:8000/bbinfo/matching_courses/PBLF101%25
r= <Response [200]>
matching classes= set([u'PBLF101_SEM2_2018', u'PBLF101_SEM2_2017'])
[u'PBLF101_SEM2_2018', u'PBLF101_SEM2_2017', u'PBLF101', u'PUBLIC FINANCE MANAGEMENT I', u'DIPPM1', u'DIPLOMA IN PUBLIC ADMIN (PUBLIC MAN)', u'22', u'SEMESTER 2', u'P1', u'Pietermaritzburg Full-time', u'A', u'50010821:Phoswa', 0.0]
check 'PBLF101_SEM2_2018' 'PBLF101'
adding  PBLF101
requesting:  http://10.0.100.98:8000/bbinfo/matching_courses/PBLF101%25
r= <Response [200]>
matching classes= set([u'PBLF101_SEM2_2018', u'PBLF101_SEM2_2017'])
[u'PBLF101_SEM2_2018', u'PBLF101_SEM2_2017', u'PBLF101', u'PUBLIC FINANCE MANAGEMENT I', u'DIPSC1', u'DIPLOMA IN PUBLIC ADMIN (SUPPLY CHAIN)', u'22', u'SEMESTER 2', u'P1', u'Pietermaritzburg Full-time', u'A', u'50010821:Phoswa', 0.0]
check 'PBLF101_SEM2_2018' 'PBLF101'
adding  PBLF101
requesting:  http://10.0.100.98:8000/bbinfo/matching_courses/PBLF101%25
r= <Response [200]>
matching classes= set([u'PBLF101_SEM2_2018', u'PBLF101_SEM2_2017'])
[u'', u'', u'', u'', u'', u'', u'', u'', u'', u'', u'', u'', u'']
check '' ''
[u'PBMA101_SEM1_2018', u'PBMA101_SEM1_2017', u'PBMA101', u'PUBLIC MANAGEMENT AND ADMINISTRATION I', u'DIPLG1', u'DIP IN PUBLIC ADMIN (LOCAL GOV ADMIN)', u'21', u'SEMESTER 1', u'P1', u'Pietermaritzburg Full-time', u'A', u'50010821:Phoswa', 0.0]
check 'PBMA101_SEM1_2018' 'PBMA101'
processXLS: only for SEM2 [u'PBMA101_SEM1_2018', u'PBMA101_SEM1_2017', u'PBMA101', u'PUBLIC MANAGEMENT AND ADMINISTRATION I', u'DIPLG1', u'DIP IN PUBLIC ADMIN (LOCAL GOV ADMIN)', u'21', u'SEMESTER 1', u'P1', u'Pietermaritzburg Full-time', u'A', u'50010821:Phoswa', 0.0]
[u'PBMA101_SEM1_2018', u'PBMA101_SEM1_2017', u'PBMA101', u'PUBLIC MANAGEMENT AND ADMINISTRATION I', u'DIPPM1', u'DIPLOMA IN PUBLIC ADMIN (PUBLIC MAN)', u'21', u'SEMESTER 1', u'P1', u'Pietermaritzburg Full-time', u'A', u'50010821:Phoswa', 0.0]
check 'PBMA101_SEM1_2018' 'PBMA101'
processXLS: only for SEM2 [u'PBMA101_SEM1_2018', u'PBMA101_SEM1_2017', u'PBMA101', u'PUBLIC MANAGEMENT AND ADMINISTRATION I', u'DIPPM1', u'DIPLOMA IN PUBLIC ADMIN (PUBLIC MAN)', u'21', u'SEMESTER 1', u'P1', u'Pietermaritzburg Full-time', u'A', u'50010821:Phoswa', 0.0]
[u'PBMA101_SEM1_2018', u'PBMA101_SEM1_2017', u'PBMA101', u'PUBLIC MANAGEMENT AND ADMINISTRATION I', u'DIPSC1', u'DIPLOMA IN PUBLIC ADMIN (SUPPLY CHAIN)', u'21', u'SEMESTER 1', u'P1', u'Pietermaritzburg Full-time', u'A', u'50010821:Phoswa', 0.0]
check 'PBMA101_SEM1_2018' 'PBMA101'
processXLS: only for SEM2 [u'PBMA101_SEM1_2018', u'PBMA101_SEM1_2017', u'PBMA101', u'PUBLIC MANAGEMENT AND ADMINISTRATION I', u'DIPSC1', u'DIPLOMA IN PUBLIC ADMIN (SUPPLY CHAIN)', u'21', u'SEMESTER 1', u'P1', u'Pietermaritzburg Full-time', u'A', u'50010821:Phoswa', 0.0]
[u'', u'', u'', u'', u'', u'', u'', u'', u'', u'', u'', u'', u'']
check '' ''
[u'PBSE101_SEM1_2018', u'PBSE101_SEM1_2017', u'PBSE101', u'PUBLIC SECTOR ECONOMCS', u'DIPLG1', u'DIP IN PUBLIC ADMIN (LOCAL GOV ADMIN)', u'21', u'SEMESTER 1', u'P1', u'Pietermaritzburg Full-time', u'A', u'50010821:Phoswa', 0.0]
check 'PBSE101_SEM1_2018' 'PBSE101'
processXLS: only for SEM2 [u'PBSE101_SEM1_2018', u'PBSE101_SEM1_2017', u'PBSE101', u'PUBLIC SECTOR ECONOMCS', u'DIPLG1', u'DIP IN PUBLIC ADMIN (LOCAL GOV ADMIN)', u'21', u'SEMESTER 1', u'P1', u'Pietermaritzburg Full-time', u'A', u'50010821:Phoswa', 0.0]
[u'PBSE101_SEM1_2018', u'PBSE101_SEM1_2017', u'PBSE101', u'PUBLIC SECTOR ECONOMCS', u'DIPPM1', u'DIPLOMA IN PUBLIC ADMIN (PUBLIC MAN)', u'21', u'SEMESTER 1', u'P1', u'Pietermaritzburg Full-time', u'A', u'50010821:Phoswa', 0.0]
check 'PBSE101_SEM1_2018' 'PBSE101'
processXLS: only for SEM2 [u'PBSE101_SEM1_2018', u'PBSE101_SEM1_2017', u'PBSE101', u'PUBLIC SECTOR ECONOMCS', u'DIPPM1', u'DIPLOMA IN PUBLIC ADMIN (PUBLIC MAN)', u'21', u'SEMESTER 1', u'P1', u'Pietermaritzburg Full-time', u'A', u'50010821:Phoswa', 0.0]
[u'', u'', u'', u'', u'', u'', u'', u'', u'', u'', u'', u'', u'']
check '' ''
[u'PFRM101_SEM2_2018', u'PFRM101_SEM2_2017', u'PFRM101', u'PERFORMANCE MANAGEMENT', u'DIPLG1', u'DIP IN PUBLIC ADMIN (LOCAL GOV ADMIN)', u'22', u'SEMESTER 2', u'P1', u'Pietermaritzburg Full-time', u'A', u'50010821:Phoswa', 0.0]
check 'PFRM101_SEM2_2018' 'PFRM101'
adding  PFRM101
requesting:  http://10.0.100.98:8000/bbinfo/matching_courses/PFRM101%25
r= <Response [200]>
matching classes= set([u'PFRM101_SEM2_2018', u'PFRM101_SEM2_2017'])
[u'PFRM101_SEM2_2018', u'PFRM101_SEM2_2017', u'PFRM101', u'PERFORMANCE MANAGEMENT', u'DIPPM1', u'DIPLOMA IN PUBLIC ADMIN (PUBLIC MAN)', u'22', u'SEMESTER 2', u'P1', u'Pietermaritzburg Full-time', u'A', u'50010821:Phoswa', 0.0]
check 'PFRM101_SEM2_2018' 'PFRM101'
adding  PFRM101
requesting:  http://10.0.100.98:8000/bbinfo/matching_courses/PFRM101%25
r= <Response [200]>
matching classes= set([u'PFRM101_SEM2_2018', u'PFRM101_SEM2_2017'])
[u'', u'', u'', u'', u'', u'', u'', u'', u'', u'', u'', u'', u'']
check '' ''
[u'PLGS101_SEM2_2018', u'PLGS101_SEM2_2017', u'PLGS101', u'PROCUREMENT AND LOGISTICS MANAGEMENT', u'DIPPM1', u'DIPLOMA IN PUBLIC ADMIN (PUBLIC MAN)', u'22', u'SEMESTER 2', u'P1', u'Pietermaritzburg Full-time', u'A', u'50010821:Phoswa', 0.0]
check 'PLGS101_SEM2_2018' 'PLGS101'
adding  PLGS101
requesting:  http://10.0.100.98:8000/bbinfo/matching_courses/PLGS101%25
r= <Response [200]>
matching classes= set([u'PLGS101_SEM2_2018', u'PLGS101_SEM2_2017'])
[u'', u'', u'', u'', u'', u'', u'', u'', u'', u'', u'', u'', u'']
check '' ''
[u'PPLY101_SEM1_2018', u'PPLY101_SEM1_2017', u'PPLY101', u'PUBLIC POLICY MANAGEMENT', u'DIPPM1', u'DIPLOMA IN PUBLIC ADMIN (PUBLIC MAN)', u'21', u'SEMESTER 1', u'P1', u'Pietermaritzburg Full-time', u'A', u'50010821:Phoswa', 0.0]
check 'PPLY101_SEM1_2018' 'PPLY101'
processXLS: only for SEM2 [u'PPLY101_SEM1_2018', u'PPLY101_SEM1_2017', u'PPLY101', u'PUBLIC POLICY MANAGEMENT', u'DIPPM1', u'DIPLOMA IN PUBLIC ADMIN (PUBLIC MAN)', u'21', u'SEMESTER 1', u'P1', u'Pietermaritzburg Full-time', u'A', u'50010821:Phoswa', 0.0]
[u'', u'', u'', u'', u'', u'', u'', u'', u'', u'', u'', u'', u'']
check '' ''
[u'LGVM201_SEM1_2018', u'LGVM201_SEM1_2017', u'LGVM201', u'LOCAL GOVERNMENT MANAGEMENT II', u'DIPLG1', u'DIP IN PUBLIC ADMIN (LOCAL GOV ADMIN)', u'21', u'SEMESTER 1', u'P1', u'Pietermaritzburg Full-time', u'A', u'50010821:Phoswa', 0.0]
check 'LGVM201_SEM1_2018' 'LGVM201'
processXLS: only for SEM2 [u'LGVM201_SEM1_2018', u'LGVM201_SEM1_2017', u'LGVM201', u'LOCAL GOVERNMENT MANAGEMENT II', u'DIPLG1', u'DIP IN PUBLIC ADMIN (LOCAL GOV ADMIN)', u'21', u'SEMESTER 1', u'P1', u'Pietermaritzburg Full-time', u'A', u'50010821:Phoswa', 0.0]
[u'', u'', u'', u'', u'', u'', u'', u'', u'', u'', u'', u'', u'']
check '' ''
[u'MEVL201_SEM2_2018', u'MEVL201_SEM2_2017', u'MEVL201', u'MONITORY AND EVALUATION II', u'DIPLG1', u'DIP IN PUBLIC ADMIN (LOCAL GOV ADMIN)', u'22', u'SEMESTER 2', u'P1', u'Pietermaritzburg Full-time', u'A', u'50010821:Phoswa', 0.0]
check 'MEVL201_SEM2_2018' 'MEVL201'
adding  MEVL201
requesting:  http://10.0.100.98:8000/bbinfo/matching_courses/MEVL201%25
r= <Response [200]>
matching classes= set([u'MEVL201_SEM2_2018', u'MEVL201_SEM2_2017'])
[u'MEVL201_SEM2_2018', u'MEVL201_SEM2_2017', u'MEVL201', u'MONITORY AND EVALUATION II', u'DIPPM1', u'DIPLOMA IN PUBLIC ADMIN (PUBLIC MAN)', u'22', u'SEMESTER 2', u'P1', u'Pietermaritzburg Full-time', u'A', u'50010821:Phoswa', 0.0]
check 'MEVL201_SEM2_2018' 'MEVL201'
adding  MEVL201
requesting:  http://10.0.100.98:8000/bbinfo/matching_courses/MEVL201%25
r= <Response [200]>
matching classes= set([u'MEVL201_SEM2_2018', u'MEVL201_SEM2_2017'])
[u'', u'', u'', u'', u'', u'', u'', u'', u'', u'', u'', u'', u'']
check '' ''
[u'MFNM201_SEM2_2018', u'MFNM201_SEM2_2017', u'MFNM201', u'MUNICIPAL FINANCE MANAGEMENT II ', u'DIPLG1', u'DIP IN PUBLIC ADMIN (LOCAL GOV ADMIN)', u'22', u'SEMESTER 2', u'P1', u'Pietermaritzburg Full-time', u'A', u'50010821:Phoswa', 0.0]
check 'MFNM201_SEM2_2018' 'MFNM201'
adding  MFNM201
requesting:  http://10.0.100.98:8000/bbinfo/matching_courses/MFNM201%25
r= <Response [200]>
matching classes= set([u'MFNM201_SEM2_2017', u'MFNM201_SEM2_2018'])
[u'', u'', u'', u'', u'', u'', u'', u'', u'', u'', u'', u'', u'']
check '' ''
[u'PBLF201_SEM2_2018', u'PBLF201_SEM2_2017', u'PBLF201', u'PUBLIC FINANCE MANAGEMENT II', u'DIPPM1', u'DIPLOMA IN PUBLIC ADMIN (PUBLIC MAN)', u'22', u'SEMESTER 2', u'P1', u'Pietermaritzburg Full-time', u'A', u'50010821:Phoswa', 0.0]
check 'PBLF201_SEM2_2018' 'PBLF201'
adding  PBLF201
requesting:  http://10.0.100.98:8000/bbinfo/matching_courses/PBLF201%25
r= <Response [200]>
matching classes= set([u'PBLF201_SEM2_2017', u'PBLF201_SEM2_2018'])
[u'PBLF201_SEM2_2018', u'PBLF201_SEM2_2017', u'PBLF201', u'PUBLIC FINANCE MANAGEMENT II', u'DIPSC1', u'DIPLOMA IN PUBLIC ADMIN (SUPPLY CHAIN)', u'22', u'SEMESTER 2', u'P1', u'Pietermaritzburg Full-time', u'A', u'50010821:Phoswa', 0.0]
check 'PBLF201_SEM2_2018' 'PBLF201'
adding  PBLF201
requesting:  http://10.0.100.98:8000/bbinfo/matching_courses/PBLF201%25
r= <Response [200]>
matching classes= set([u'PBLF201_SEM2_2017', u'PBLF201_SEM2_2018'])
[u'', u'', u'', u'', u'', u'', u'', u'', u'', u'', u'', u'', u'']
check '' ''
[u'PHRS201_SEM2_2018', u'PHRS201_SEM2_2017', u'PHRS201', u'PUBLIC HUMAN RESOURCE MANAGEMENT II', u'DIPLG1', u'DIP IN PUBLIC ADMIN (LOCAL GOV ADMIN)', u'22', u'SEMESTER 2', u'P1', u'Pietermaritzburg Full-time', u'A', u'50010821:Phoswa', 0.0]
check 'PHRS201_SEM2_2018' 'PHRS201'
adding  PHRS201
requesting:  http://10.0.100.98:8000/bbinfo/matching_courses/PHRS201%25
r= <Response [200]>
matching classes= set([u'PHRS201_SEM2_2017', u'PHRS201_SEM2_2018'])
[u'PHRS201_SEM2_2018', u'PHRS201_SEM2_2017', u'PHRS201', u'PUBLIC HUMAN RESOURCE MANAGEMENT II', u'DIPPM1', u'DIPLOMA IN PUBLIC ADMIN (PUBLIC MAN)', u'22', u'SEMESTER 2', u'P1', u'Pietermaritzburg Full-time', u'A', u'50010821:Phoswa', 0.0]
check 'PHRS201_SEM2_2018' 'PHRS201'
adding  PHRS201
requesting:  http://10.0.100.98:8000/bbinfo/matching_courses/PHRS201%25
r= <Response [200]>
matching classes= set([u'PHRS201_SEM2_2017', u'PHRS201_SEM2_2018'])
[u'', u'', u'', u'', u'', u'', u'', u'', u'', u'', u'', u'', u'']
check '' ''
[u'PRPJ201_SEM2_2018', u'PRPJ201_SEM2_2017', u'PRPJ201', u'PROGRAMME AND PROJECT MANAGEMENT II', u'DIPLG1', u'DIP IN PUBLIC ADMIN (LOCAL GOV ADMIN)', u'22', u'SEMESTER 2', u'P1', u'Pietermaritzburg Full-time', u'A', u'50010821:Phoswa', 0.0]
check 'PRPJ201_SEM2_2018' 'PRPJ201'
adding  PRPJ201
requesting:  http://10.0.100.98:8000/bbinfo/matching_courses/PRPJ201%25
r= <Response [200]>
matching classes= set([u'PRPJ201_SEM2_2017', u'PRPJ201_SEM2_2018'])
[u'PRPJ201_SEM2_2018', u'PRPJ201_SEM2_2017', u'PRPJ201', u'PROGRAMME AND PROJECT MANAGEMENT II', u'DIPPM1', u'DIPLOMA IN PUBLIC ADMIN (PUBLIC MAN)', u'22', u'SEMESTER 2', u'P1', u'Pietermaritzburg Full-time', u'A', u'50010821:Phoswa', 0.0]
check 'PRPJ201_SEM2_2018' 'PRPJ201'
adding  PRPJ201
requesting:  http://10.0.100.98:8000/bbinfo/matching_courses/PRPJ201%25
r= <Response [200]>
matching classes= set([u'PRPJ201_SEM2_2017', u'PRPJ201_SEM2_2018'])
[u'', u'', u'', u'', u'', u'', u'', u'', u'', u'', u'', u'', u'']
check '' ''
[u'LGVM301_SEM2_2018', u'LGVM301_SEM2_2017', u'LGVM301', u'LOCAL GOVERNMENT MANAGEMENT III', u'DIPLG1', u'DIP IN PUBLIC ADMIN (LOCAL GOV ADMIN)', u'22', u'SEMESTER 2', u'P1', u'Pietermaritzburg Full-time', u'A', u'50010821:Phoswa', 0.0]
check 'LGVM301_SEM2_2018' 'LGVM301'
adding  LGVM301
requesting:  http://10.0.100.98:8000/bbinfo/matching_courses/LGVM301%25
r= <Response [200]>
matching classes= set([u'LGVM301_SEM2_2017', u'LGVM301_SEM2_2018'])
[u'', u'', u'', u'', u'', u'', u'', u'', u'', u'', u'', u'', u'']
check '' ''
[u'MEVL301_SEM1_2018', u'MEVL301_SEM1_2017', u'MEVL301', u'MONITORY AND EVALUATION III', u'DIPLG1', u'DIP IN PUBLIC ADMIN (LOCAL GOV ADMIN)', u'21', u'SEMESTER 1', u'P1', u'Pietermaritzburg Full-time', u'A', u'50010821:Phoswa', 0.0]
check 'MEVL301_SEM1_2018' 'MEVL301'
processXLS: only for SEM2 [u'MEVL301_SEM1_2018', u'MEVL301_SEM1_2017', u'MEVL301', u'MONITORY AND EVALUATION III', u'DIPLG1', u'DIP IN PUBLIC ADMIN (LOCAL GOV ADMIN)', u'21', u'SEMESTER 1', u'P1', u'Pietermaritzburg Full-time', u'A', u'50010821:Phoswa', 0.0]
[u'MEVL301_SEM1_2018', u'MEVL301_SEM1_2017', u'MEVL301', u'MONITORY AND EVALUATION III', u'DIPPM1', u'DIPLOMA IN PUBLIC ADMIN (PUBLIC MAN)', u'21', u'SEMESTER 1', u'P1', u'Pietermaritzburg Full-time', u'A', u'50010821:Phoswa', 0.0]
check 'MEVL301_SEM1_2018' 'MEVL301'
processXLS: only for SEM2 [u'MEVL301_SEM1_2018', u'MEVL301_SEM1_2017', u'MEVL301', u'MONITORY AND EVALUATION III', u'DIPPM1', u'DIPLOMA IN PUBLIC ADMIN (PUBLIC MAN)', u'21', u'SEMESTER 1', u'P1', u'Pietermaritzburg Full-time', u'A', u'50010821:Phoswa', 0.0]
[u'', u'', u'', u'', u'', u'', u'', u'', u'', u'', u'', u'', u'']
check '' ''
[u'MFNM301_SEM2_2018', u'MFNM301_SEM2_2017', u'MFNM301', u'MUNICIPAL FINANCE MANAGEMENT III', u'DIPLG1', u'DIP IN PUBLIC ADMIN (LOCAL GOV ADMIN)', u'22', u'SEMESTER 2', u'P1', u'Pietermaritzburg Full-time', u'A', u'50010821:Phoswa', 0.0]
check 'MFNM301_SEM2_2018' 'MFNM301'
adding  MFNM301
requesting:  http://10.0.100.98:8000/bbinfo/matching_courses/MFNM301%25
r= <Response [200]>
matching classes= set([u'MFNM301_SEM2_2017', u'MFNM301_SEM2_2018'])
[u'', u'', u'', u'', u'', u'', u'', u'', u'', u'', u'', u'', u'']
check '' ''
[u'PBLF301_SEM1_2018', u'PBLF301_SEM1_2017', u'PBLF301', u'PUBLIC FINANCE MANAGEMENT III', u'DIPPM1', u'DIPLOMA IN PUBLIC ADMIN (PUBLIC MAN)', u'21', u'SEMESTER 1', u'P1', u'Pietermaritzburg Full-time', u'A', u'50010821:Phoswa', 0.0]
check 'PBLF301_SEM1_2018' 'PBLF301'
processXLS: only for SEM2 [u'PBLF301_SEM1_2018', u'PBLF301_SEM1_2017', u'PBLF301', u'PUBLIC FINANCE MANAGEMENT III', u'DIPPM1', u'DIPLOMA IN PUBLIC ADMIN (PUBLIC MAN)', u'21', u'SEMESTER 1', u'P1', u'Pietermaritzburg Full-time', u'A', u'50010821:Phoswa', 0.0]
[u'PBLF301_SEM1_2018', u'PBLF301_SEM1_2017', u'PBLF301', u'PUBLIC FINANCE MANAGEMENT III', u'DIPSC1', u'DIPLOMA IN PUBLIC ADMIN (SUPPLY CHAIN)', u'21', u'SEMESTER 1', u'P1', u'Pietermaritzburg Full-time', u'A', u'50010821:Phoswa', 0.0]
check 'PBLF301_SEM1_2018' 'PBLF301'
processXLS: only for SEM2 [u'PBLF301_SEM1_2018', u'PBLF301_SEM1_2017', u'PBLF301', u'PUBLIC FINANCE MANAGEMENT III', u'DIPSC1', u'DIPLOMA IN PUBLIC ADMIN (SUPPLY CHAIN)', u'21', u'SEMESTER 1', u'P1', u'Pietermaritzburg Full-time', u'A', u'50010821:Phoswa', 0.0]
[u'', u'', u'', u'', u'', u'', u'', u'', u'', u'', u'', u'', u'']
check '' ''
[u'PBMA301_SEM1_2018', u'PBMA301_SEM1_2017', u'PBMA301', u'PUBLIC MANAGEMENT PRACTICE IIIA', u'DIPLG1', u'DIP IN PUBLIC ADMIN (LOCAL GOV ADMIN)', u'21', u'SEMESTER 1', u'P1', u'Pietermaritzburg Full-time', u'A', u'50010821:Phoswa', 0.0]
check 'PBMA301_SEM1_2018' 'PBMA301'
processXLS: only for SEM2 [u'PBMA301_SEM1_2018', u'PBMA301_SEM1_2017', u'PBMA301', u'PUBLIC MANAGEMENT PRACTICE IIIA', u'DIPLG1', u'DIP IN PUBLIC ADMIN (LOCAL GOV ADMIN)', u'21', u'SEMESTER 1', u'P1', u'Pietermaritzburg Full-time', u'A', u'50010821:Phoswa', 0.0]
[u'PBMA301_SEM1_2018', u'PBMA301_SEM1_2017', u'PBMA301', u'PUBLIC MANAGEMENT PRACTICE IIIA', u'DIPPM1', u'DIPLOMA IN PUBLIC ADMIN (PUBLIC MAN)', u'21', u'SEMESTER 1', u'P1', u'Pietermaritzburg Full-time', u'A', u'50010821:Phoswa', 0.0]
check 'PBMA301_SEM1_2018' 'PBMA301'
processXLS: only for SEM2 [u'PBMA301_SEM1_2018', u'PBMA301_SEM1_2017', u'PBMA301', u'PUBLIC MANAGEMENT PRACTICE IIIA', u'DIPPM1', u'DIPLOMA IN PUBLIC ADMIN (PUBLIC MAN)', u'21', u'SEMESTER 1', u'P1', u'Pietermaritzburg Full-time', u'A', u'50010821:Phoswa', 0.0]
[u'', u'', u'', u'', u'', u'', u'', u'', u'', u'', u'', u'', u'']
check '' ''
[u'PBMB301_SEM2_2018', u'PBMB301_SEM2_2017', u'PBMB301', u'PUBLIC MANAGEMENT PRACTICE IIIB', u'DIPLG1', u'DIP IN PUBLIC ADMIN (LOCAL GOV ADMIN)', u'22', u'SEMESTER 2', u'P1', u'Pietermaritzburg Full-time', u'A', u'50010821:Phoswa', 0.0]
check 'PBMB301_SEM2_2018' 'PBMB301'
adding  PBMB301
requesting:  http://10.0.100.98:8000/bbinfo/matching_courses/PBMB301%25
r= <Response [200]>
matching classes= set([u'PBMB301_SEM2_2017', u'PBMB301_SEM2_2018'])
[u'PBMB301_SEM2_2018', u'PBMB301_SEM2_2017', u'PBMB301', u'PUBLIC MANAGEMENT PRACTICE IIIB', u'DIPPM1', u'DIPLOMA IN PUBLIC ADMIN (PUBLIC MAN)', u'22', u'SEMESTER 2', u'P1', u'Pietermaritzburg Full-time', u'A', u'50010821:Phoswa', 0.0]
check 'PBMB301_SEM2_2018' 'PBMB301'
adding  PBMB301
requesting:  http://10.0.100.98:8000/bbinfo/matching_courses/PBMB301%25
r= <Response [200]>
matching classes= set([u'PBMB301_SEM2_2017', u'PBMB301_SEM2_2018'])
[u'', u'', u'', u'', u'', u'', u'', u'', u'', u'', u'', u'', u'']
check '' ''
[u'PHRS301_SEM1_2018', u'PHRS301_SEM1_2017', u'PHRS301', u'PUBLIC HUMAN RESOURCE MANAGEMENT III', u'DIPLG1', u'DIP IN PUBLIC ADMIN (LOCAL GOV ADMIN)', u'21', u'SEMESTER 1', u'P1', u'Pietermaritzburg Full-time', u'A', u'50010821:Phoswa', 0.0]
check 'PHRS301_SEM1_2018' 'PHRS301'
processXLS: only for SEM2 [u'PHRS301_SEM1_2018', u'PHRS301_SEM1_2017', u'PHRS301', u'PUBLIC HUMAN RESOURCE MANAGEMENT III', u'DIPLG1', u'DIP IN PUBLIC ADMIN (LOCAL GOV ADMIN)', u'21', u'SEMESTER 1', u'P1', u'Pietermaritzburg Full-time', u'A', u'50010821:Phoswa', 0.0]
[u'...', u'', u'', u'', u'', u'', u'', u'', u'', u'', u'', u'', u'']
check '...' ''
[u'New subjects for 2018', u'', u'', u'', u'', u'', u'', u'', u'', u'', u'', u'', u'']
check 'New subjects for 2018' ''
processXLS: finished processing workingSheets/data/BBC3312PublicMngtLawEconmcs(pmb)2017.xls
getWS: requesting:  http://10.0.100.98:8000/itsenrol/classlist/2018/22/LECD101 rsp= <Response [200]>
getWS: requesting:  http://10.0.100.98:8000/bbinfo/classlist/LECD101 rsp= <Response [200]>
getNewStudentsInSubject: ITS 35, BB 1 -> 35 new enrollments
getWS: requesting:  http://10.0.100.98:8000/itsenrol/classlist/2018/22/ENCS121 rsp= <Response [200]>
getWS: requesting:  http://10.0.100.98:8000/bbinfo/classlist/ENCS121 rsp= <Response [200]>
getNewStudentsInSubject: ITS 262, BB 27 -> 249 new enrollments
getWS: requesting:  http://10.0.100.98:8000/itsenrol/classlist/2018/22/SPBM401 rsp= <Response [200]>
getWS: requesting:  http://10.0.100.98:8000/bbinfo/classlist/SPBM401 rsp= <Response [200]>
getNewStudentsInSubject: ITS 61, BB 1 -> 61 new enrollments
getWS: requesting:  http://10.0.100.98:8000/itsenrol/classlist/2018/22/MFNM301 rsp= <Response [200]>
getWS: requesting:  http://10.0.100.98:8000/bbinfo/classlist/MFNM301 rsp= <Response [200]>
getNewStudentsInSubject: ITS 0, BB 1 -> 0 new enrollments
getWS: requesting:  http://10.0.100.98:8000/itsenrol/classlist/2018/22/PBMP301 rsp= <Response [200]>
getWS: requesting:  http://10.0.100.98:8000/bbinfo/classlist/PBMP301 rsp= <Response [200]>
getNewStudentsInSubject: ITS 72, BB 152 -> 72 new enrollments
getWS: requesting:  http://10.0.100.98:8000/itsenrol/classlist/2018/22/PBLF101 rsp= <Response [200]>
getWS: requesting:  http://10.0.100.98:8000/bbinfo/classlist/PBLF101 rsp= <Response [200]>
getNewStudentsInSubject: ITS 115, BB 1 -> 115 new enrollments
getWS: requesting:  http://10.0.100.98:8000/itsenrol/classlist/2018/22/PBLF201 rsp= <Response [200]>
getWS: requesting:  http://10.0.100.98:8000/bbinfo/classlist/PBLF201 rsp= <Response [200]>
getNewStudentsInSubject: ITS 55, BB 1 -> 55 new enrollments
getWS: requesting:  http://10.0.100.98:8000/itsenrol/classlist/2018/22/MFNM201 rsp= <Response [200]>
getWS: requesting:  http://10.0.100.98:8000/bbinfo/classlist/MFNM201 rsp= <Response [200]>
getNewStudentsInSubject: ITS 19, BB 1 -> 19 new enrollments
getWS: requesting:  http://10.0.100.98:8000/itsenrol/classlist/2018/22/LGLP221 rsp= <Response [200]>
getWS: requesting:  http://10.0.100.98:8000/bbinfo/classlist/LGLP221 rsp= <Response [200]>
getNewStudentsInSubject: ITS 15, BB 61 -> 1 new enrollments
getWS: requesting:  http://10.0.100.98:8000/itsenrol/classlist/2018/22/PBPL201 rsp= <Response [200]>
getWS: requesting:  http://10.0.100.98:8000/bbinfo/classlist/PBPL201 rsp= <Response [200]>
getNewStudentsInSubject: ITS 9, BB 1 -> 9 new enrollments
getWS: requesting:  http://10.0.100.98:8000/itsenrol/classlist/2018/22/MEVL201 rsp= <Response [200]>
getWS: requesting:  http://10.0.100.98:8000/bbinfo/classlist/MEVL201 rsp= <Response [200]>
getNewStudentsInSubject: ITS 48, BB 1 -> 48 new enrollments
getWS: requesting:  http://10.0.100.98:8000/itsenrol/classlist/2018/22/PRPJ201 rsp= <Response [200]>
getWS: requesting:  http://10.0.100.98:8000/bbinfo/classlist/PRPJ201 rsp= <Response [200]>
getNewStudentsInSubject: ITS 48, BB 1 -> 48 new enrollments
getWS: requesting:  http://10.0.100.98:8000/itsenrol/classlist/2018/22/GVRL401 rsp= <Response [200]>
getWS: requesting:  http://10.0.100.98:8000/bbinfo/classlist/GVRL401 rsp= <Response [200]>
getNewStudentsInSubject: ITS 61, BB 1 -> 61 new enrollments
getWS: requesting:  http://10.0.100.98:8000/itsenrol/classlist/2018/22/PLGS101 rsp= <Response [200]>
getWS: requesting:  http://10.0.100.98:8000/bbinfo/classlist/PLGS101 rsp= <Response [200]>
getNewStudentsInSubject: ITS 29, BB 1 -> 29 new enrollments
getWS: requesting:  http://10.0.100.98:8000/itsenrol/classlist/2018/22/PHRS201 rsp= <Response [200]>
getWS: requesting:  http://10.0.100.98:8000/bbinfo/classlist/PHRS201 rsp= <Response [200]>
getNewStudentsInSubject: ITS 48, BB 1 -> 48 new enrollments
getWS: requesting:  http://10.0.100.98:8000/itsenrol/classlist/2018/22/PSVD101 rsp= <Response [200]>
getWS: requesting:  http://10.0.100.98:8000/bbinfo/classlist/PSVD101 rsp= <Response [200]>
getNewStudentsInSubject: ITS 1, BB 1 -> 1 new enrollments
getWS: requesting:  http://10.0.100.98:8000/itsenrol/classlist/2018/22/PBPM401 rsp= <Response [200]>
getWS: requesting:  http://10.0.100.98:8000/bbinfo/classlist/PBPM401 rsp= <Response [200]>
getNewStudentsInSubject: ITS 63, BB 1 -> 63 new enrollments
getWS: requesting:  http://10.0.100.98:8000/itsenrol/classlist/2018/22/FRSC201 rsp= <Response [200]>
getWS: requesting:  http://10.0.100.98:8000/bbinfo/classlist/FRSC201 rsp= <Response [200]>
getNewStudentsInSubject: ITS 47, BB 1 -> 47 new enrollments
getWS: requesting:  http://10.0.100.98:8000/itsenrol/classlist/2018/22/CLWA101 rsp= <Response [200]>
getWS: requesting:  http://10.0.100.98:8000/bbinfo/classlist/CLWA101 rsp= <Response [200]>
getNewStudentsInSubject: ITS 309, BB 1 -> 309 new enrollments
getWS: requesting:  http://10.0.100.98:8000/itsenrol/classlist/2018/22/PFNP301 rsp= <Response [200]>
getWS: requesting:  http://10.0.100.98:8000/bbinfo/classlist/PFNP301 rsp= <Response [200]>
getNewStudentsInSubject: ITS 114, BB 2 -> 114 new enrollments
getWS: requesting:  http://10.0.100.98:8000/itsenrol/classlist/2018/22/PBHR301 rsp= <Response [200]>
getWS: requesting:  http://10.0.100.98:8000/bbinfo/classlist/PBHR301 rsp= <Response [200]>
getNewStudentsInSubject: ITS 107, BB 1 -> 107 new enrollments
getWS: requesting:  http://10.0.100.98:8000/itsenrol/classlist/2018/22/PBDM101 rsp= <Response [200]>
getWS: requesting:  http://10.0.100.98:8000/bbinfo/classlist/PBDM101 rsp= <Response [200]>
getNewStudentsInSubject: ITS 0, BB 1 -> 0 new enrollments
getWS: requesting:  http://10.0.100.98:8000/itsenrol/classlist/2018/22/IECN101 rsp= <Response [200]>
getWS: requesting:  http://10.0.100.98:8000/bbinfo/classlist/IECN101 rsp= <Response [200]>
getNewStudentsInSubject: ITS 72, BB 1 -> 72 new enrollments
getWS: requesting:  http://10.0.100.98:8000/itsenrol/classlist/2018/22/CLWA221 rsp= <Response [200]>
getWS: requesting:  http://10.0.100.98:8000/bbinfo/classlist/CLWA221 rsp= <Response [200]>
getNewStudentsInSubject: ITS 191, BB 2 -> 191 new enrollments
getWS: requesting:  http://10.0.100.98:8000/itsenrol/classlist/2018/22/PFRM101 rsp= <Response [200]>
getWS: requesting:  http://10.0.100.98:8000/bbinfo/classlist/PFRM101 rsp= <Response [200]>
getNewStudentsInSubject: ITS 0, BB 1 -> 0 new enrollments
getWS: requesting:  http://10.0.100.98:8000/itsenrol/classlist/2018/22/SLMG101 rsp= <Response [200]>
getWS: requesting:  http://10.0.100.98:8000/bbinfo/classlist/SLMG101 rsp= <Response [200]>
getNewStudentsInSubject: ITS 1, BB 1 -> 1 new enrollments
getWS: requesting:  http://10.0.100.98:8000/itsenrol/classlist/2018/22/PBMB301 rsp= <Response [200]>
getWS: requesting:  http://10.0.100.98:8000/bbinfo/classlist/PBMB301 rsp= <Response [200]>
getNewStudentsInSubject: ITS 0, BB 1 -> 0 new enrollments
getWS: requesting:  http://10.0.100.98:8000/itsenrol/classlist/2018/22/LGVM301 rsp= <Response [200]>
getWS: requesting:  http://10.0.100.98:8000/bbinfo/classlist/LGVM301 rsp= <Response [200]>
getNewStudentsInSubject: ITS 0, BB 1 -> 0 new enrollments
getWS: requesting:  http://10.0.100.98:8000/itsenrol/classlist/2018/22/PJMG201 rsp= <Response [200]>
getWS: requesting:  http://10.0.100.98:8000/bbinfo/classlist/PJMG201 rsp= <Response [200]>
getNewStudentsInSubject: ITS 5, BB 1 -> 5 new enrollments
main: Writing students...
main: Writing enrollments...
main: Finished processing workingSheets/data/BBC3312PublicMngtLawEconmcs(pmb)2017.xls
main: 29 subjects processed
main: 68 subject -> classroom maps
main: 885 students
main: 1760 student enrollments 0 errors
0.62user 0.11system 0:07.59elapsed 9%CPU (0avgtext+0avgdata 62336maxresident)k
96inputs+416outputs (0major+7327minor)pagefaults 0swaps
POSTING SNAPSHOTS to SIS endpoint
TEST RUN, NOT POSTING BBSTUDENTS
TEST RUN, NOT POSTIN BBENROL
copy snapshot files to saved output
=== department done ===
syncing logs...
Pushing logs from logs/20180723111852 to remote...
sending incremental file list
./
BBC3312PublicMngtLawEconmcs(pmb)2017.BBENROL.txt
BBC3312PublicMngtLawEconmcs(pmb)2017.BBSTUDENTS.txt
BBC3312PublicMngtLawEconmcs(pmb)2017.Enrolomat.txt
BBC3312PublicMngtLawEconmcs(pmb)2017.Postlog.txt

sent 298523 bytes  received 91 bytes  28439.43 bytes/sec
total size is 4574282  speedup is 15.32
logging to logs/20180723111852
=== generate newenrollments for BBC3313PublicRelationsManagement2017. ===
GENERATE SNAPSHOTS...
./BBCIncrementalEnrollerX2.py : generating enrolment files for subjects in  workingSheets/data/BBC3313PublicRelationsManagement2017.xls
processXLS: start spreadsheet workingSheets/data/BBC3313PublicRelationsManagement2017.xls
[u'2018 Blackboard Classrooms for Department: 3313 - PUBLIC RELATIONS MANAGEMENT', u'', u'', u'', u'', u'', u'', u'', u'', u'', u'', u'', u'', u'']
check '2018 Blackboard Classrooms for Department: 3313 - PUBLIC RELATIONS MANAGEMENT' ''
[u'', u'', u'', u'', u'', u'', u'', u'', u'', u'', u'', u'', u'', u'']
check '' ''
[u'BB Classroom', u'Migrate Classroom', u'ITS Subject', u'', u'ITS Qualification', u'', u'Block', u'', u'Off Type', u'', u'Grp', u'Lecturer(s)', u'2016 Enrol', u'']
check 'BB Classroom' 'ITS Subject'
[u'CSCI104_YEAR_2018', u'CSCI104_YEAR_2017', u'CSCI104', u'COMMUNICATION SCIENCE I', u'NDPRM2', u'ND: PUBLIC RELATIONS MANAGEMENT', u'11', u'YEAR', u'D1', u'Durban Campus Full-time', u'A', u'40004719:RAMLUTCHMAN;40008000:NGUBANE', 4.0, u'']
check 'CSCI104_YEAR_2018' 'CSCI104'
processXLS: only for SEM2 [u'CSCI104_YEAR_2018', u'CSCI104_YEAR_2017', u'CSCI104', u'COMMUNICATION SCIENCE I', u'NDPRM2', u'ND: PUBLIC RELATIONS MANAGEMENT', u'11', u'YEAR', u'D1', u'Durban Campus Full-time', u'A', u'40004719:RAMLUTCHMAN;40008000:NGUBANE', 4.0, u'']
[u'', u'', u'', u'', u'', u'', u'', u'', u'', u'', u'', u'', u'', u'']
check '' ''
[u'IBLA101_SEM1_2018', u'IBLA101_SEM1_2017', u'IBLA101', u'INTRODUCTION TO BUSINESS LAW', u'DIMPR1', u'DIP IN MANAGEMENT SCIENCES (PR & COMM MN', u'21', u'SEMESTER 1', u'D1', u'Durban Campus Full-time', u'A', u'40009561:FAZLOODEEN F', 99.0, u'']
check 'IBLA101_SEM1_2018' 'IBLA101'
processXLS: only for SEM2 [u'IBLA101_SEM1_2018', u'IBLA101_SEM1_2017', u'IBLA101', u'INTRODUCTION TO BUSINESS LAW', u'DIMPR1', u'DIP IN MANAGEMENT SCIENCES (PR & COMM MN', u'21', u'SEMESTER 1', u'D1', u'Durban Campus Full-time', u'A', u'40009561:FAZLOODEEN F', 99.0, u'']
[u'', u'', u'', u'', u'', u'', u'', u'', u'', u'', u'', u'', u'', u'']
check '' ''
[u'INBU101_SEM1_2018', u'INBU101_SEM1_2017', u'INBU101', u'INTRODUCTION TO BUSINESS', u'DIMPR1', u'DIP IN MANAGEMENT SCIENCES (PR & COMM MN', u'21', u'SEMESTER 1', u'D1', u'Durban Campus Full-time', u'A', u'40010414:GOVINDSAMY', 102.0, u'']
check 'INBU101_SEM1_2018' 'INBU101'
processXLS: only for SEM2 [u'INBU101_SEM1_2018', u'INBU101_SEM1_2017', u'INBU101', u'INTRODUCTION TO BUSINESS', u'DIMPR1', u'DIP IN MANAGEMENT SCIENCES (PR & COMM MN', u'21', u'SEMESTER 1', u'D1', u'Durban Campus Full-time', u'A', u'40010414:GOVINDSAMY', 102.0, u'']
[u'', u'', u'', u'', u'', u'', u'', u'', u'', u'', u'', u'', u'', u'']
check '' ''
[u'MSTU102_YEAR_2018', u'MSTU102_YEAR_2017', u'MSTU102', u'MEDIA STUDIES I', u'NDPRM2', u'ND: PUBLIC RELATIONS MANAGEMENT', u'11', u'YEAR', u'D1', u'Durban Campus Full-time', u'A', u'40004719:RAMLUTCHMAN', 3.0, u'']
check 'MSTU102_YEAR_2018' 'MSTU102'
processXLS: only for SEM2 [u'MSTU102_YEAR_2018', u'MSTU102_YEAR_2017', u'MSTU102', u'MEDIA STUDIES I', u'NDPRM2', u'ND: PUBLIC RELATIONS MANAGEMENT', u'11', u'YEAR', u'D1', u'Durban Campus Full-time', u'A', u'40004719:RAMLUTCHMAN', 3.0, u'']
[u'', u'', u'', u'', u'', u'', u'', u'', u'', u'', u'', u'', u'', u'']
check '' ''
[u'PREL103_YEAR_2018', u'PREL103_YEAR_2017', u'PREL103', u'PUBLIC RELATIONS I', u'NDPRM2', u'ND: PUBLIC RELATIONS MANAGEMENT', u'11', u'YEAR', u'D1', u'Durban Campus Full-time', u'A', u'40002599:Naidoo', 1.0, u'DELETE']
check 'PREL103_YEAR_2018' 'PREL103'
processXLS: only for SEM2 [u'PREL103_YEAR_2018', u'PREL103_YEAR_2017', u'PREL103', u'PUBLIC RELATIONS I', u'NDPRM2', u'ND: PUBLIC RELATIONS MANAGEMENT', u'11', u'YEAR', u'D1', u'Durban Campus Full-time', u'A', u'40002599:Naidoo', 1.0, u'DELETE']
[u'PREL103_YEAR_2018', u'PREL103_YEAR_2017', u'PREL103', u'PUBLIC RELATIONS I', u'NODIP6', u'NON-DIPLOMA PURPOSE (MAN SC)', u'11', u'YEAR', u'D7', u'DBN FULL-TIME NON-SUBSIDISED', u'A', u'40002599:Naidoo', 3.0, u'DELETE']
check 'PREL103_YEAR_2018' 'PREL103'
processXLS: only for SEM2 [u'PREL103_YEAR_2018', u'PREL103_YEAR_2017', u'PREL103', u'PUBLIC RELATIONS I', u'NODIP6', u'NON-DIPLOMA PURPOSE (MAN SC)', u'11', u'YEAR', u'D7', u'DBN FULL-TIME NON-SUBSIDISED', u'A', u'40002599:Naidoo', 3.0, u'DELETE']
[u'', u'', u'', u'', u'', u'', u'', u'', u'', u'', u'', u'', u'', u'']
check '' ''
[u'RMPR101_YEAR_2018', u'RMPR101_YEAR_2017', u'RMPR101', u'RESEARCH METHODOLOGY', u'BTPRM1', u'BT: PUBLIC RELATIONS MANAGEMENT', u'11', u'YEAR', u'D1', u'Durban Campus Full-time', u'A', u'40000542:RAWJEE;40012496:Jeewa;40002599:Naidoo;40010552:KAMWENDO', 39.0, u'']
check 'RMPR101_YEAR_2018' 'RMPR101'
processXLS: only for SEM2 [u'RMPR101_YEAR_2018', u'RMPR101_YEAR_2017', u'RMPR101', u'RESEARCH METHODOLOGY', u'BTPRM1', u'BT: PUBLIC RELATIONS MANAGEMENT', u'11', u'YEAR', u'D1', u'Durban Campus Full-time', u'A', u'40000542:RAWJEE;40012496:Jeewa;40002599:Naidoo;40010552:KAMWENDO', 39.0, u'']
[u'', u'', u'', u'', u'', u'', u'', u'', u'', u'', u'', u'', u'', u'']
check '' ''
[u'TMST101_SEM2_2018', u'TMST101_SEM2_2017', u'TMST101', u'TIME AND STRESS MANAGEMENT', u'DIMPR1', u'DIP IN MANAGEMENT SCIENCES (PR & COMM MN', u'22', u'SEMESTER 2', u'D1', u'Durban Campus Full-time', u'A', u'40004719:RAMLUTCHMAN;50001120:YOUNG;40000341:GOVENDER;40013414:NGCOBO;40012255:MOODLEY;50001688:APPELT;40011996:DLADLA;pregan:Naidoo;50000617:KAPLAN;50028298:VON STADEN;40007515:NOGAYA;40007694:DLAMINI;40012496:Jeewa;40002599:Naidoo;40008004:TLAPANA', 84.0, u'']
check 'TMST101_SEM2_2018' 'TMST101'
adding  TMST101
requesting:  http://10.0.100.98:8000/bbinfo/matching_courses/TMST101%25
r= <Response [200]>
matching classes= set([u'TMST101_SEM2_2017', u'TMST101_ALL_2016', u'TMST101_SEM2_2018'])
[u'', u'', u'', u'', u'', u'', u'', u'', u'', u'', u'', u'', u'', u'']
check '' ''
[u'CSCI204_YEAR_2018', u'CSCI204_YEAR_2017', u'CSCI204', u'COMMUNICATION SCIENCE II', u'NDPRM2', u'ND: PUBLIC RELATIONS MANAGEMENT', u'11', u'YEAR', u'D1', u'Durban Campus Full-time', u'A', u'40012496:Jeewa;40002599:Naidoo;40000747:GOVENDER', 91.0, u'']
check 'CSCI204_YEAR_2018' 'CSCI204'
processXLS: only for SEM2 [u'CSCI204_YEAR_2018', u'CSCI204_YEAR_2017', u'CSCI204', u'COMMUNICATION SCIENCE II', u'NDPRM2', u'ND: PUBLIC RELATIONS MANAGEMENT', u'11', u'YEAR', u'D1', u'Durban Campus Full-time', u'A', u'40012496:Jeewa;40002599:Naidoo;40000747:GOVENDER', 91.0, u'']
[u'', u'', u'', u'', u'', u'', u'', u'', u'', u'', u'', u'', u'', u'']
check '' ''
[u'MSTU202_YEAR_2018', u'MSTU202_YEAR_2017', u'MSTU202', u'MEDIA STUDIES II', u'NDPRM2', u'ND: PUBLIC RELATIONS MANAGEMENT', u'11', u'YEAR', u'D1', u'Durban Campus Full-time', u'A', u'40008000:NGUBANE', 89.0, u'']
check 'MSTU202_YEAR_2018' 'MSTU202'
processXLS: only for SEM2 [u'MSTU202_YEAR_2018', u'MSTU202_YEAR_2017', u'MSTU202', u'MEDIA STUDIES II', u'NDPRM2', u'ND: PUBLIC RELATIONS MANAGEMENT', u'11', u'YEAR', u'D1', u'Durban Campus Full-time', u'A', u'40008000:NGUBANE', 89.0, u'']
[u'', u'', u'', u'', u'', u'', u'', u'', u'', u'', u'', u'', u'', u'']
check '' ''
[u'PREL202_YEAR_2018', u'PREL202_YEAR_2017', u'PREL202', u'PUBLIC RELATIONS II', u'NDPRM2', u'ND: PUBLIC RELATIONS MANAGEMENT', u'11', u'YEAR', u'D1', u'Durban Campus Full-time', u'A', u'40000451:RAMPERSAD;40010414:GOVINDSAMY', 91.0, u'']
check 'PREL202_YEAR_2018' 'PREL202'
processXLS: only for SEM2 [u'PREL202_YEAR_2018', u'PREL202_YEAR_2017', u'PREL202', u'PUBLIC RELATIONS II', u'NDPRM2', u'ND: PUBLIC RELATIONS MANAGEMENT', u'11', u'YEAR', u'D1', u'Durban Campus Full-time', u'A', u'40000451:RAMPERSAD;40010414:GOVINDSAMY', 91.0, u'']
[u'', u'', u'', u'', u'', u'', u'', u'', u'', u'', u'', u'', u'', u'']
check '' ''
[u'SPSC201_YEAR_2018', u'SPSC201_YEAR_2017', u'SPSC201', u'SOCIAL PSYCHOLOGY', u'NDPRM2', u'ND: PUBLIC RELATIONS MANAGEMENT', u'11', u'YEAR', u'D1', u'Durban Campus Full-time', u'A', u'40004719:RAMLUTCHMAN', 89.0, u'']
check 'SPSC201_YEAR_2018' 'SPSC201'
processXLS: only for SEM2 [u'SPSC201_YEAR_2018', u'SPSC201_YEAR_2017', u'SPSC201', u'SOCIAL PSYCHOLOGY', u'NDPRM2', u'ND: PUBLIC RELATIONS MANAGEMENT', u'11', u'YEAR', u'D1', u'Durban Campus Full-time', u'A', u'40004719:RAMLUTCHMAN', 89.0, u'']
[u'', u'', u'', u'', u'', u'', u'', u'', u'', u'', u'', u'', u'', u'']
check '' ''
[u'CSCI303_YEAR_2018', u'CSCI303_YEAR_2017', u'CSCI303', u'COMMUNICATION SCIENCE III', u'NDPRM2', u'ND: PUBLIC RELATIONS MANAGEMENT', u'11', u'YEAR', u'D1', u'Durban Campus Full-time', u'A', u'40000542:RAWJEE;40012496:Jeewa;40002599:Naidoo;40010552:KAMWENDO', 82.0, u'']
check 'CSCI303_YEAR_2018' 'CSCI303'
processXLS: only for SEM2 [u'CSCI303_YEAR_2018', u'CSCI303_YEAR_2017', u'CSCI303', u'COMMUNICATION SCIENCE III', u'NDPRM2', u'ND: PUBLIC RELATIONS MANAGEMENT', u'11', u'YEAR', u'D1', u'Durban Campus Full-time', u'A', u'40000542:RAWJEE;40012496:Jeewa;40002599:Naidoo;40010552:KAMWENDO', 82.0, u'']
[u'', u'', u'', u'', u'', u'', u'', u'', u'', u'', u'', u'', u'', u'']
check '' ''
[u'MSTU302_YEAR_2018', u'MSTU302_YEAR_2017', u'MSTU302', u'MEDIA STUDIES III', u'BTPRM1', u'BT: PUBLIC RELATIONS MANAGEMENT', u'11', u'YEAR', u'D1', u'Durban Campus Full-time', u'A', u'40004719:RAMLUTCHMAN', 39.0, u'']
check 'MSTU302_YEAR_2018' 'MSTU302'
processXLS: only for SEM2 [u'MSTU302_YEAR_2018', u'MSTU302_YEAR_2017', u'MSTU302', u'MEDIA STUDIES III', u'BTPRM1', u'BT: PUBLIC RELATIONS MANAGEMENT', u'11', u'YEAR', u'D1', u'Durban Campus Full-time', u'A', u'40004719:RAMLUTCHMAN', 39.0, u'']
[u'', u'', u'', u'', u'', u'', u'', u'', u'', u'', u'', u'', u'', u'']
check '' ''
[u'PREL302_YEAR_2018', u'PREL302_YEAR_2017', u'PREL302', u'PUBLIC RELATIONS III', u'NDPRM1', u'ND: PUBLIC RELATIONS MANAGEMENT', u'11', u'YEAR', u'P1', u'Pietermaritzburg Full-time', u'A', u'40008000:NGUBANE', 1.0, u'DELETE ']
check 'PREL302_YEAR_2018' 'PREL302'
processXLS: only for SEM2 [u'PREL302_YEAR_2018', u'PREL302_YEAR_2017', u'PREL302', u'PUBLIC RELATIONS III', u'NDPRM1', u'ND: PUBLIC RELATIONS MANAGEMENT', u'11', u'YEAR', u'P1', u'Pietermaritzburg Full-time', u'A', u'40008000:NGUBANE', 1.0, u'DELETE ']
[u'PREL302_YEAR_2018', u'PREL302_YEAR_2017', u'PREL302', u'PUBLIC RELATIONS III', u'NDPRM2', u'ND: PUBLIC RELATIONS MANAGEMENT', u'11', u'YEAR', u'D1', u'Durban Campus Full-time', u'A', u'40008000:NGUBANE', 81.0, u'']
check 'PREL302_YEAR_2018' 'PREL302'
processXLS: only for SEM2 [u'PREL302_YEAR_2018', u'PREL302_YEAR_2017', u'PREL302', u'PUBLIC RELATIONS III', u'NDPRM2', u'ND: PUBLIC RELATIONS MANAGEMENT', u'11', u'YEAR', u'D1', u'Durban Campus Full-time', u'A', u'40008000:NGUBANE', 81.0, u'']
[u'', u'', u'', u'', u'', u'', u'', u'', u'', u'', u'', u'', u'', u'']
check '' ''
[u'PRPR301_YEAR_2018', u'PRPR301_YEAR_2017', u'PRPR301', u'PUBLIC RELATIONS PRACTICE III', u'NDPRM1', u'ND: PUBLIC RELATIONS MANAGEMENT', u'11', u'YEAR', u'P1', u'Pietermaritzburg Full-time', u'A', u'40000542:Rawjee', 1.0, u'DELETE']
check 'PRPR301_YEAR_2018' 'PRPR301'
processXLS: only for SEM2 [u'PRPR301_YEAR_2018', u'PRPR301_YEAR_2017', u'PRPR301', u'PUBLIC RELATIONS PRACTICE III', u'NDPRM1', u'ND: PUBLIC RELATIONS MANAGEMENT', u'11', u'YEAR', u'P1', u'Pietermaritzburg Full-time', u'A', u'40000542:Rawjee', 1.0, u'DELETE']
[u'', u'', u'', u'', u'', u'', u'', u'', u'', u'', u'', u'', u'', u'']
check '' ''
[u'BSTD401_YEAR_2018', u'BSTD401_YEAR_2017', u'BSTD401', u'BUSINESS STUDIES IV', u'BTCLM1', u'BT: CLOTHING MANAGEMENT', u'11', u'YEAR', u'D1', u'Durban Campus Full-time', u'A', u'50000929:HAVENGA', 2.0, u'remove - not departmental subject']
check 'BSTD401_YEAR_2018' 'BSTD401'
processXLS: only for SEM2 [u'BSTD401_YEAR_2018', u'BSTD401_YEAR_2017', u'BSTD401', u'BUSINESS STUDIES IV', u'BTCLM1', u'BT: CLOTHING MANAGEMENT', u'11', u'YEAR', u'D1', u'Durban Campus Full-time', u'A', u'50000929:HAVENGA', 2.0, u'remove - not departmental subject']
[u'BSTD401_YEAR_2018', u'BSTD401_YEAR_2017', u'BSTD401', u'BUSINESS STUDIES IV', u'BTCLM1', u'BT: CLOTHING MANAGEMENT', u'11', u'YEAR', u'D3', u'Durban Campus Part-time', u'A', u'50000929:HAVENGA', 1.0, u'remove - not departmental subject']
check 'BSTD401_YEAR_2018' 'BSTD401'
processXLS: only for SEM2 [u'BSTD401_YEAR_2018', u'BSTD401_YEAR_2017', u'BSTD401', u'BUSINESS STUDIES IV', u'BTCLM1', u'BT: CLOTHING MANAGEMENT', u'11', u'YEAR', u'D3', u'Durban Campus Part-time', u'A', u'50000929:HAVENGA', 1.0, u'remove - not departmental subject']
[u'', u'', u'', u'', u'', u'', u'', u'', u'', u'', u'', u'', u'', u'']
check '' ''
[u'CSCI402_YEAR_2018', u'CSCI402_YEAR_2017', u'CSCI402', u'COMMUNICATION SCIENCE IV', u'BTPRM1', u'BT: PUBLIC RELATIONS MANAGEMENT', u'11', u'YEAR', u'D1', u'Durban Campus Full-time', u'A', u'40008000:NGUBANE;40010685:ADEBAYO;40010414:GOVINDSAMY;40012496:Jeewa', 41.0, u'']
check 'CSCI402_YEAR_2018' 'CSCI402'
processXLS: only for SEM2 [u'CSCI402_YEAR_2018', u'CSCI402_YEAR_2017', u'CSCI402', u'COMMUNICATION SCIENCE IV', u'BTPRM1', u'BT: PUBLIC RELATIONS MANAGEMENT', u'11', u'YEAR', u'D1', u'Durban Campus Full-time', u'A', u'40008000:NGUBANE;40010685:ADEBAYO;40010414:GOVINDSAMY;40012496:Jeewa', 41.0, u'']
[u'', u'', u'', u'', u'', u'', u'', u'', u'', u'', u'', u'', u'', u'']
check '' ''
[u'PREL401_YEAR_2018', u'PREL401_YEAR_2017', u'PREL401', u'PUBLIC RELATIONS IV', u'BTPRM1', u'BT: PUBLIC RELATIONS MANAGEMENT', u'11', u'YEAR', u'D1', u'Durban Campus Full-time', u'A', u'40000451:RAMPERSAD;40010414:GOVINDSAMY;40012496:Jeewa', 39.0, u'']
check 'PREL401_YEAR_2018' 'PREL401'
processXLS: only for SEM2 [u'PREL401_YEAR_2018', u'PREL401_YEAR_2017', u'PREL401', u'PUBLIC RELATIONS IV', u'BTPRM1', u'BT: PUBLIC RELATIONS MANAGEMENT', u'11', u'YEAR', u'D1', u'Durban Campus Full-time', u'A', u'40000451:RAMPERSAD;40010414:GOVINDSAMY;40012496:Jeewa', 39.0, u'']
[u'', u'', u'', u'', u'', u'', u'', u'', u'', u'', u'', u'', u'', u'']
check '' ''
[u'FPRL201_SEM1_2018', u'FPRL201_SEM1_2017', u'FPRL201', u'FUNDAMENTALS OF PUBLIC RELATIONS', u'DIMPR1', u'DIP IN MANAGEMENT SCIENCES (PR & COMM MN', u'21', u'SEMESTER 1', u'D1', u'Durban Campus Part-time', u'A', u'40012496:JEEWA', 1.0, u'']
check 'FPRL201_SEM1_2018' 'FPRL201'
processXLS: only for SEM2 [u'FPRL201_SEM1_2018', u'FPRL201_SEM1_2017', u'FPRL201', u'FUNDAMENTALS OF PUBLIC RELATIONS', u'DIMPR1', u'DIP IN MANAGEMENT SCIENCES (PR & COMM MN', u'21', u'SEMESTER 1', u'D1', u'Durban Campus Part-time', u'A', u'40012496:JEEWA', 1.0, u'']
[u'', u'', u'', u'', u'', u'', u'', u'', u'', u'', u'', u'', u'', u'']
check '' ''
[u'PRLM201_SEM1_2018', u'PRLM201_SEM1_2017', u'PRLM201', u'PUBLIC RELATIONS AND MEDIA', u'DIMPR1', u'DIP IN MANAGEMENT SCIENCES (PR & COMM MN', u'21', u'SEMESTER 1', u'D1', u'Durban Campus Part-time', u'A', u'40004719:RAMLUTCHMAN', u'', u'']
check 'PRLM201_SEM1_2018' 'PRLM201'
processXLS: only for SEM2 [u'PRLM201_SEM1_2018', u'PRLM201_SEM1_2017', u'PRLM201', u'PUBLIC RELATIONS AND MEDIA', u'DIMPR1', u'DIP IN MANAGEMENT SCIENCES (PR & COMM MN', u'21', u'SEMESTER 1', u'D1', u'Durban Campus Part-time', u'A', u'40004719:RAMLUTCHMAN', u'', u'']
[u'', u'', u'', u'', u'', u'', u'', u'', u'', u'', u'', u'', u'', u'']
check '' ''
[u'SCMD201_SEM2_2018', u'SCMD201_SEM2_2017', u'SCMD201', u'SOCIETY AND THE MEDIA', u'DIMPR1', u'DIP IN MANAGEMENT SCIENCES (PR & COMM MN', u'22', u'SEMESTER 2', u'D1', u'Durban Campus Full-time', u'A', u'40004719:RAMLUTCHMAN', 1.0, u'']
check 'SCMD201_SEM2_2018' 'SCMD201'
adding  SCMD201
requesting:  http://10.0.100.98:8000/bbinfo/matching_courses/SCMD201%25
r= <Response [200]>
matching classes= set([u'SCMD201_SEM2_PMB_2017', u'SCMD201_SEM2_2017', u'SCMD201_SEM2_2018', u'SCMD201_YEAR_2016'])
[u'', u'', u'', u'', u'', u'', u'', u'', u'', u'', u'', u'', u'', u'']
check '' ''
[u'FNCS201_SEM1_2018', u'FNCS201_SEM1_2017', u'FNCS201', u'FNCS201: FUNDAMENTALS OF COMMUNICATION SCIENCE 2017', u'DIMPR1', u'DIP IN MANAGEMENT SCIENCES (PR & COMM MN', u'21', u'SEMESTER 1', u'D1', u'Durban Campus Part-time', u'A', u'40013978:SIZIBA', 1.0, u'']
check 'FNCS201_SEM1_2018' 'FNCS201'
processXLS: only for SEM2 [u'FNCS201_SEM1_2018', u'FNCS201_SEM1_2017', u'FNCS201', u'FNCS201: FUNDAMENTALS OF COMMUNICATION SCIENCE 2017', u'DIMPR1', u'DIP IN MANAGEMENT SCIENCES (PR & COMM MN', u'21', u'SEMESTER 1', u'D1', u'Durban Campus Part-time', u'A', u'40013978:SIZIBA', 1.0, u'']
[u'', u'', u'', u'', u'', u'', u'', u'', u'', u'', u'', u'', u'', u'']
check '' ''
[u'RPPR511_YEAR_2018', u'RPPR511_YEAR_2017', u'RPPR511', u'RESEARCH PROJECT AND DISSERTATION (1ST REG)', u'MMPRM1', u'M MANAGEMENT SCIENCES (PUB REL)', u'P0', u'POST-GRAD ANNUAL REGISTRATIONS', u'D1', u'Durban Campus Full-time', u'A', u'40000542:Rawjee', 8.0, u'DELETE']
check 'RPPR511_YEAR_2018' 'RPPR511'
processXLS: only for SEM2 [u'RPPR511_YEAR_2018', u'RPPR511_YEAR_2017', u'RPPR511', u'RESEARCH PROJECT AND DISSERTATION (1ST REG)', u'MMPRM1', u'M MANAGEMENT SCIENCES (PUB REL)', u'P0', u'POST-GRAD ANNUAL REGISTRATIONS', u'D1', u'Durban Campus Full-time', u'A', u'40000542:Rawjee', 8.0, u'DELETE']
[u'RPPR511_YEAR_2018', u'RPPR511_YEAR_2017', u'RPPR511', u'RESEARCH PROJECT AND DISSERTATION (1ST REG)', u'MMPRM1', u'M MANAGEMENT SCIENCES (PUB REL)', u'P0', u'POST-GRAD ANNUAL REGISTRATIONS', u'D3', u'Durban Campus Part-time', u'A', u'40000542:Rawjee', 5.0, u'DELETE']
check 'RPPR511_YEAR_2018' 'RPPR511'
processXLS: only for SEM2 [u'RPPR511_YEAR_2018', u'RPPR511_YEAR_2017', u'RPPR511', u'RESEARCH PROJECT AND DISSERTATION (1ST REG)', u'MMPRM1', u'M MANAGEMENT SCIENCES (PUB REL)', u'P0', u'POST-GRAD ANNUAL REGISTRATIONS', u'D3', u'Durban Campus Part-time', u'A', u'40000542:Rawjee', 5.0, u'DELETE']
[u'', u'', u'', u'', u'', u'', u'', u'', u'', u'', u'', u'', u'', u'']
check '' ''
[u'RPPR521_YEAR_2018', u'RPPR521_YEAR_2017', u'RPPR521', u'RESEARCH PROJECT AND DISSERTATION (2ND REG)', u'MMPRM1', u'M MANAGEMENT SCIENCES (PUB REL)', u'P0', u'POST-GRAD ANNUAL REGISTRATIONS', u'D1', u'Durban Campus Full-time', u'A', u'40000542:Rawjee', 5.0, u'DELETE']
check 'RPPR521_YEAR_2018' 'RPPR521'
processXLS: only for SEM2 [u'RPPR521_YEAR_2018', u'RPPR521_YEAR_2017', u'RPPR521', u'RESEARCH PROJECT AND DISSERTATION (2ND REG)', u'MMPRM1', u'M MANAGEMENT SCIENCES (PUB REL)', u'P0', u'POST-GRAD ANNUAL REGISTRATIONS', u'D1', u'Durban Campus Full-time', u'A', u'40000542:Rawjee', 5.0, u'DELETE']
[u'RPPR521_YEAR_2018', u'RPPR521_YEAR_2017', u'RPPR521', u'RESEARCH PROJECT AND DISSERTATION (2ND REG)', u'MMPRM1', u'M MANAGEMENT SCIENCES (PUB REL)', u'P0', u'POST-GRAD ANNUAL REGISTRATIONS', u'D3', u'Durban Campus Part-time', u'A', u'40000542:Rawjee', 1.0, u'DELETE']
check 'RPPR521_YEAR_2018' 'RPPR521'
processXLS: only for SEM2 [u'RPPR521_YEAR_2018', u'RPPR521_YEAR_2017', u'RPPR521', u'RESEARCH PROJECT AND DISSERTATION (2ND REG)', u'MMPRM1', u'M MANAGEMENT SCIENCES (PUB REL)', u'P0', u'POST-GRAD ANNUAL REGISTRATIONS', u'D3', u'Durban Campus Part-time', u'A', u'40000542:Rawjee', 1.0, u'DELETE']
[u'', u'', u'', u'', u'', u'', u'', u'', u'', u'', u'', u'', u'', u'']
check '' ''
[u'RPPR531_YEAR_2018', u'RPPR531_YEAR_2017', u'RPPR531', u'RESEARCH PROJECT AND DISSERTATION (3RD REG)', u'MMPRM1', u'M MANAGEMENT SCIENCES (PUB REL)', u'P0', u'POST-GRAD ANNUAL REGISTRATIONS', u'D1', u'Durban Campus Full-time', u'A', u'40000542:Rawjee', 5.0, u'DELETE']
check 'RPPR531_YEAR_2018' 'RPPR531'
processXLS: only for SEM2 [u'RPPR531_YEAR_2018', u'RPPR531_YEAR_2017', u'RPPR531', u'RESEARCH PROJECT AND DISSERTATION (3RD REG)', u'MMPRM1', u'M MANAGEMENT SCIENCES (PUB REL)', u'P0', u'POST-GRAD ANNUAL REGISTRATIONS', u'D1', u'Durban Campus Full-time', u'A', u'40000542:Rawjee', 5.0, u'DELETE']
[u'', u'', u'', u'', u'', u'', u'', u'', u'', u'', u'', u'', u'', u'']
check '' ''
[u'RPRM501_YEAR_2018', u'RPRM501_YEAR_2017', u'RPRM501', u'RESEARCH PROJECT AND DISSERTATION (1ST REG)', u'MMPRM1', u'M MANAGEMENT SCIENCES (PUB REL)', u'11', u'YEAR', u'D3', u'Durban Campus Part-time', u'A', u'40000542:RAWJEE', 2.0, u'DELETE']
check 'RPRM501_YEAR_2018' 'RPRM501'
processXLS: only for SEM2 [u'RPRM501_YEAR_2018', u'RPRM501_YEAR_2017', u'RPRM501', u'RESEARCH PROJECT AND DISSERTATION (1ST REG)', u'MMPRM1', u'M MANAGEMENT SCIENCES (PUB REL)', u'11', u'YEAR', u'D3', u'Durban Campus Part-time', u'A', u'40000542:RAWJEE', 2.0, u'DELETE']
[u'RPRM501_YEAR_2018', u'RPRM501_YEAR_2017', u'RPRM501', u'RESEARCH PROJECT AND DISSERTATION (1ST REG)', u'MMPRM1', u'M MANAGEMENT SCIENCES (PUB REL)', u'P0', u'POST-GRAD ANNUAL REGISTRATIONS', u'D1', u'Durban Campus Full-time', u'A', u'40000542:RAWJEE', 5.0, u'DELETE']
check 'RPRM501_YEAR_2018' 'RPRM501'
processXLS: only for SEM2 [u'RPRM501_YEAR_2018', u'RPRM501_YEAR_2017', u'RPRM501', u'RESEARCH PROJECT AND DISSERTATION (1ST REG)', u'MMPRM1', u'M MANAGEMENT SCIENCES (PUB REL)', u'P0', u'POST-GRAD ANNUAL REGISTRATIONS', u'D1', u'Durban Campus Full-time', u'A', u'40000542:RAWJEE', 5.0, u'DELETE']
[u'RPRM501_YEAR_2018', u'RPRM501_YEAR_2017', u'RPRM501', u'RESEARCH PROJECT AND DISSERTATION (1ST REG)', u'MMPRM1', u'M MANAGEMENT SCIENCES (PUB REL)', u'P0', u'POST-GRAD ANNUAL REGISTRATIONS', u'D3', u'Durban Campus Part-time', u'A', u'40000542:RAWJEE', 4.0, u'DELETE']
check 'RPRM501_YEAR_2018' 'RPRM501'
processXLS: only for SEM2 [u'RPRM501_YEAR_2018', u'RPRM501_YEAR_2017', u'RPRM501', u'RESEARCH PROJECT AND DISSERTATION (1ST REG)', u'MMPRM1', u'M MANAGEMENT SCIENCES (PUB REL)', u'P0', u'POST-GRAD ANNUAL REGISTRATIONS', u'D3', u'Durban Campus Part-time', u'A', u'40000542:RAWJEE', 4.0, u'DELETE']
[u'', u'', u'', u'', u'', u'', u'', u'', u'', u'', u'', u'', u'', u'']
check '' ''
[u'RPRM511_YEAR_2018', u'RPRM511_YEAR_2017', u'RPRM511', u'RESEARCH PROJECT AND DISSERTATION (2ND REG)', u'MMPRM1', u'M MANAGEMENT SCIENCES (PUB REL)', u'11', u'YEAR', u'D1', u'Durban Campus Full-time', u'A', u'40000542:RAWJEE', 3.0, u'DELETE']
check 'RPRM511_YEAR_2018' 'RPRM511'
processXLS: only for SEM2 [u'RPRM511_YEAR_2018', u'RPRM511_YEAR_2017', u'RPRM511', u'RESEARCH PROJECT AND DISSERTATION (2ND REG)', u'MMPRM1', u'M MANAGEMENT SCIENCES (PUB REL)', u'11', u'YEAR', u'D1', u'Durban Campus Full-time', u'A', u'40000542:RAWJEE', 3.0, u'DELETE']
[u'RPRM511_YEAR_2018', u'RPRM511_YEAR_2017', u'RPRM511', u'RESEARCH PROJECT AND DISSERTATION (2ND REG)', u'MMPRM1', u'M MANAGEMENT SCIENCES (PUB REL)', u'P0', u'POST-GRAD ANNUAL REGISTRATIONS', u'D1', u'Durban Campus Full-time', u'A', u'40000542:RAWJEE', 2.0, u'DELETE']
check 'RPRM511_YEAR_2018' 'RPRM511'
processXLS: only for SEM2 [u'RPRM511_YEAR_2018', u'RPRM511_YEAR_2017', u'RPRM511', u'RESEARCH PROJECT AND DISSERTATION (2ND REG)', u'MMPRM1', u'M MANAGEMENT SCIENCES (PUB REL)', u'P0', u'POST-GRAD ANNUAL REGISTRATIONS', u'D1', u'Durban Campus Full-time', u'A', u'40000542:RAWJEE', 2.0, u'DELETE']
[u'RPRM511_YEAR_2018', u'RPRM511_YEAR_2017', u'RPRM511', u'RESEARCH PROJECT AND DISSERTATION (2ND REG)', u'MMPRM1', u'M MANAGEMENT SCIENCES (PUB REL)', u'P0', u'POST-GRAD ANNUAL REGISTRATIONS', u'D3', u'Durban Campus Part-time', u'A', u'40000542:RAWJEE', 1.0, u'DELETE']
check 'RPRM511_YEAR_2018' 'RPRM511'
processXLS: only for SEM2 [u'RPRM511_YEAR_2018', u'RPRM511_YEAR_2017', u'RPRM511', u'RESEARCH PROJECT AND DISSERTATION (2ND REG)', u'MMPRM1', u'M MANAGEMENT SCIENCES (PUB REL)', u'P0', u'POST-GRAD ANNUAL REGISTRATIONS', u'D3', u'Durban Campus Part-time', u'A', u'40000542:RAWJEE', 1.0, u'DELETE']
[u'', u'', u'', u'', u'', u'', u'', u'', u'', u'', u'', u'', u'', u'']
check '' ''
[u'RPRM521_YEAR_2018', u'RPRM521_YEAR_2017', u'RPRM521', u'RESEARCH PROJECT AND DISSERTATION (3RD REG)', u'MMPRM1', u'M MANAGEMENT SCIENCES (PUB REL)', u'P0', u'POST-GRAD ANNUAL REGISTRATIONS', u'D1', u'Durban Campus Full-time', u'A', u'40000542:RAWJEE', 3.0, u'DELETE']
check 'RPRM521_YEAR_2018' 'RPRM521'
processXLS: only for SEM2 [u'RPRM521_YEAR_2018', u'RPRM521_YEAR_2017', u'RPRM521', u'RESEARCH PROJECT AND DISSERTATION (3RD REG)', u'MMPRM1', u'M MANAGEMENT SCIENCES (PUB REL)', u'P0', u'POST-GRAD ANNUAL REGISTRATIONS', u'D1', u'Durban Campus Full-time', u'A', u'40000542:RAWJEE', 3.0, u'DELETE']
[u'', u'', u'', u'', u'', u'', u'', u'', u'', u'', u'', u'', u'', u'']
check '' ''
[u'RPRM621_YEAR_2018', u'RPRM621_YEAR_2017', u'RPRM621', u'RESEARCH PROJECT AND DISSERTATION (2ND REG)', u'DPPRM1', u'D PHIL MAN SCIENCES (PR & COMM MAN)', u'P0', u'POST-GRAD ANNUAL REGISTRATIONS', u'D1', u'Durban Campus Full-time', u'A', u'40000542:Rawjee', 1.0, u'DELETE']
check 'RPRM621_YEAR_2018' 'RPRM621'
processXLS: only for SEM2 [u'RPRM621_YEAR_2018', u'RPRM621_YEAR_2017', u'RPRM621', u'RESEARCH PROJECT AND DISSERTATION (2ND REG)', u'DPPRM1', u'D PHIL MAN SCIENCES (PR & COMM MAN)', u'P0', u'POST-GRAD ANNUAL REGISTRATIONS', u'D1', u'Durban Campus Full-time', u'A', u'40000542:Rawjee', 1.0, u'DELETE']
[u'', u'', u'', u'', u'', u'', u'', u'', u'', u'', u'', u'', u'', u'']
check '' ''
[u'ADD THE FOLLOWING MODULES FOR 2017:', u'', u'', u'', u'', u'', u'', u'', u'', u'', u'', u'', u'', u'']
check 'ADD THE FOLLOWING MODULES FOR 2017:' ''
[u'', u'', u'PRLM201', u'PUBLIC RELATIONS AND MEDIA ', u'DIMPR1', u'DIP IN MANAGEMENT SCIENCES (PR & COMM MN', 21.0, u'SEMESTER 1', u'D1', u'Durban Campus Full-time', u'', u'40004719: RAMLUTCHMAN', u'', u'']
check '' 'PRLM201'
[u'', u'', u'FNCS201', u'FUNDAMENTALS OF COMMUNICATION SCIENCE', u'DIMPR1', u'DIP IN MANAGEMENT SCIENCES (PR & COMM MN', 21.0, u'SEMESTER 1', u'D1', u'Durban Campus Full-time', u'', u'40008000: NGUBANE', u'', u'']
check '' 'FNCS201'
[u'', u'', u'FPRL201', u'FUNDAMENTALS OF PUBLIC RELATIONS', u'DIMPR1', u'DIP IN MANAGEMENT SCIENCES (PR & COMM MN', 21.0, u'SEMESTER 1', u'D1', u'Durban Campus Full-time', u'', u'40012496: JEEWA', u'', u'']
check '' 'FPRL201'
[u'', u'', u'APCP201', u'Applied Public Relations and Communication Planning ', u'DIMPR1', u'DIP IN MANAGEMENT SCIENCES (PR & COMM MN', 22.0, u'SEMESTER 2', u'D1', u'Durban Campus Full-time', u'', u'40012496: JEEWA', u'', u'']
check '' 'APCP201'
[u'', u'', u'WPRL201', u'Writing for Public Relations ', u'DIMPR1', u'DIP IN MANAGEMENT SCIENCES (PR & COMM MN', 22.0, u'SEMESTER 2', u'D1', u'Durban Campus Full-time', u'', u'40008000: NGUBANE', u'', u'']
check '' 'WPRL201'
[u'', u'', u'PCTX201', u'Public Relations contexts ', u'DIMPR1', u'DIP IN MANAGEMENT SCIENCES (PR & COMM MN', 22.0, u'SEMESTER 2', u'D1', u'Durban Campus Full-time', u'', u'40010414:GOVINDSAMY', u'', u'']
check '' 'PCTX201'
[u'', u'', u'SCMD201', u'Society and the media ', u'DIMPR1', u'DIP IN MANAGEMENT SCIENCES (PR & COMM MN', 22.0, u'SEMESTER 2', u'D1', u'Durban Campus Full-time', u'', u'40004719: RAMLUTCHMAN', u'', u'']
check '' 'SCMD201'
[u'', u'', u'', u'', u'', u'', u'', u'', u'', u'', u'', u'', u'', u'']
check '' ''
[u'MIGRATE THE FOLLOWING MODULES TO 2017: ', u'', u'', u'', u'', u'', u'', u'', u'', u'', u'', u'', u'', u'']
check 'MIGRATE THE FOLLOWING MODULES TO 2017:' ''
[u'', u'', u'ALTW101', u'ACADEMIC LITERACY ', u'DIMPR1', u'DIP IN MANAGEMENT SCIENCES (PR & COMM MN', 22.0, u'SEMESTER 2', u'D1', u'Durban Campus Full-time', u'', u'40004719: RAMLUTCHMAN', u'', u'']
check '' 'ALTW101'
[u'', u'', u'BCIF101', u'BUSINESS COMMUNICATION AND INFORMATION LITERACY', u'DIMPR1', u'DIP IN MANAGEMENT SCIENCES (PR & COMM MN', 22.0, u'SEMESTER 2', u'D1', u'Durban Campus Full-time', u'', u'40012496: JEEWA', u'', u'']
check '' 'BCIF101'
[u'...', u'', u'', u'', u'', u'', u'', u'', u'', u'', u'', u'', u'', u'']
check '...' ''
[u'New subjects for 2018', u'', u'', u'', u'', u'', u'', u'', u'', u'', u'', u'', u'', u'']
check 'New subjects for 2018' ''
[u'', u'', u'', u'', u'', u'', u'', u'', u'', u'', u'', u'', u'', u'']
check '' ''
[u'DYNW201_SEM2_2018', u'template_2018', u'DYNW201', u'DYNAMICS IN THE WORKPLACE', u'', u'DIP IN MANAGEMENT SCIENCES (PR & COMM MN', 22.0, u'SEMESTER 2', u'D1', u'Durban Campus Full-time', u'', u'40012496: JEEWA', u'', u'']
check 'DYNW201_SEM2_2018' 'DYNW201'
processXLS: only for SEM2 [u'DYNW201_SEM2_2018', u'template_2018', u'DYNW201', u'DYNAMICS IN THE WORKPLACE', u'', u'DIP IN MANAGEMENT SCIENCES (PR & COMM MN', 22.0, u'SEMESTER 2', u'D1', u'Durban Campus Full-time', u'', u'40012496: JEEWA', u'', u'']
processXLS: finished processing workingSheets/data/BBC3313PublicRelationsManagement2017.xls
getWS: requesting:  http://10.0.100.98:8000/itsenrol/classlist/2018/22/TMST101 rsp= <Response [200]>
getWS: requesting:  http://10.0.100.98:8000/bbinfo/classlist/TMST101 rsp= <Response [200]>
getNewStudentsInSubject: ITS 84, BB 14 -> 84 new enrollments
getWS: requesting:  http://10.0.100.98:8000/itsenrol/classlist/2018/22/SCMD201 rsp= <Response [200]>
getWS: requesting:  http://10.0.100.98:8000/bbinfo/classlist/SCMD201 rsp= <Response [200]>
getNewStudentsInSubject: ITS 236, BB 1 -> 236 new enrollments
main: Writing students...
main: Writing enrollments...
main: Finished processing workingSheets/data/BBC3313PublicRelationsManagement2017.xls
main: 2 subjects processed
main: 2 subject -> classroom maps
main: 320 students
main: 320 student enrollments 0 errors
0.21user 0.10system 0:01.08elapsed 28%CPU (0avgtext+0avgdata 60400maxresident)k
0inputs+120outputs (0major+7202minor)pagefaults 0swaps
POSTING SNAPSHOTS to SIS endpoint
TEST RUN, NOT POSTING BBSTUDENTS
TEST RUN, NOT POSTIN BBENROL
copy snapshot files to saved output
=== department done ===
syncing logs...
Pushing logs from logs/20180723111852 to remote...
sending incremental file list
./
BBC3313PublicRelationsManagement2017.BBENROL.txt
BBC3313PublicRelationsManagement2017.BBSTUDENTS.txt
BBC3313PublicRelationsManagement2017.Enrolomat.txt
BBC3313PublicRelationsManagement2017.Postlog.txt

sent 88910 bytes  received 91 bytes  5742.00 bytes/sec
total size is 4658184  speedup is 52.34
logging to logs/20180723111852
=== generate newenrollments for BBC3314MarketingAndRetailMngt2017. ===
GENERATE SNAPSHOTS...
./BBCIncrementalEnrollerX2.py : generating enrolment files for subjects in  workingSheets/data/BBC3314MarketingAndRetailMngt2017.xls
processXLS: start spreadsheet workingSheets/data/BBC3314MarketingAndRetailMngt2017.xls
[u'2017 Blackboard Classrooms for Department: 3314 - MARKETING AND RETAIL MNGT', u'', u'', u'', u'', u'', u'', u'', u'', u'', u'', u'', u'']
check '2017 Blackboard Classrooms for Department: 3314 - MARKETING AND RETAIL MNGT' ''
[u'', u'', u'', u'', u'', u'', u'', u'', u'', u'', u'', u'', u'']
check '' ''
[u'BB Classroom', u'Migrate Classroom', u'ITS Subject', u'', u'ITS Qualification', u'', u'Block', u'', u'Off Type', u'', u'Grp', u'Lecturer(s)', 2018.0]
check 'BB Classroom' 'ITS Subject'
[u'ASPM103_YEAR_2018', u'ASPM103_YEAR_2017', u'ASPM103', u'ADVERTISING AND SALES PROMOTION I', u'NDMKT1', u'ND: MARKETING', u'11', u'YEAR', u'D1', u'Durban Campus Full-time', u'A', u'50050637:PILLAY;40010758:HAWKINS;40004057:ABDOOL;40008004:TLAPANA', 10.0]
check 'ASPM103_YEAR_2018' 'ASPM103'
processXLS: only for SEM2 [u'ASPM103_YEAR_2018', u'ASPM103_YEAR_2017', u'ASPM103', u'ADVERTISING AND SALES PROMOTION I', u'NDMKT1', u'ND: MARKETING', u'11', u'YEAR', u'D1', u'Durban Campus Full-time', u'A', u'50050637:PILLAY;40010758:HAWKINS;40004057:ABDOOL;40008004:TLAPANA', 10.0]
[u'ASPM103_YEAR_2018', u'ASPM103_YEAR_2017', u'ASPM103', u'ADVERTISING AND SALES PROMOTION I', u'NODIP6', u'NON-DIPLOMA PURPOSE (MAN SC)', u'11', u'YEAR', u'D7', u'DBN FULL-TIME NON-SUBSIDISED', u'A', u'50050637:PILLAY;40010758:HAWKINS;40004057:ABDOOL;40008004:TLAPANA', 9.0]
check 'ASPM103_YEAR_2018' 'ASPM103'
processXLS: only for SEM2 [u'ASPM103_YEAR_2018', u'ASPM103_YEAR_2017', u'ASPM103', u'ADVERTISING AND SALES PROMOTION I', u'NODIP6', u'NON-DIPLOMA PURPOSE (MAN SC)', u'11', u'YEAR', u'D7', u'DBN FULL-TIME NON-SUBSIDISED', u'A', u'50050637:PILLAY;40010758:HAWKINS;40004057:ABDOOL;40008004:TLAPANA', 9.0]
[u'', u'', u'', u'', u'', u'', u'', u'', u'', u'', u'', u'', u'']
check '' ''
[u'BCLT101_SEM2_2018', u'BCLT101_SEM2_2017', u'BCLT101', u'BUSINESS COMM & INFO LITERACY', u'DIMMK1', u'DIP IN MANAGEMENT SCIENCES (MARKETING)', u'22', u'SEMESTER 2', u'D1', u'Durban Campus Full-time', u'A', u'40012255:MOODLEY;40010758:HAWKINS;40004057:ABDOOL;40008004:TLAPANA', 119.0]
check 'BCLT101_SEM2_2018' 'BCLT101'
adding  BCLT101
requesting:  http://10.0.100.98:8000/bbinfo/matching_courses/BCLT101%25
r= <Response [200]>
matching classes= set([u'BCLT101_SEM2_2018', u'BCLT101_SEM2_2017'])
[u'BCLT101_SEM2_2018', u'BCLT101_SEM2_2017', u'BCLT101', u'BUSINESS COMM & INFO LITERACY', u'DIMRM1', u'DIP IN MANAGEMENT SCIENCES (RETAIL MAN)', u'22', u'SEMESTER 2', u'D1', u'Durban Campus Full-time', u'A', u'40000284:Penceliah;50002055:CORBISHLEY;40004057:ABDOOL;40008004:TLAPANA', 79.0]
check 'BCLT101_SEM2_2018' 'BCLT101'
adding  BCLT101
requesting:  http://10.0.100.98:8000/bbinfo/matching_courses/BCLT101%25
r= <Response [200]>
matching classes= set([u'BCLT101_SEM2_2018', u'BCLT101_SEM2_2017'])
[u'', u'', u'', u'', u'', u'', u'', u'', u'', u'', u'', u'', u'']
check '' ''
[u'BYBH201_YEAR_2018', u'BYBH201_YEAR_2017', u'BYBH201', u'BUYER BEHAVIOUR', u'DIMMK1', u'DIP IN MANAGEMENT SCIENCES (MARKETING)', u'', u'', u'D1', u'Durban Campus Full-time', u'A', u'50002084:DOCRAT;40010758:HAWKINS;40004057:ABDOOL;40008004:TLAPANA', 145.0]
check 'BYBH201_YEAR_2018' 'BYBH201'
processXLS: only for SEM2 [u'BYBH201_YEAR_2018', u'BYBH201_YEAR_2017', u'BYBH201', u'BUYER BEHAVIOUR', u'DIMMK1', u'DIP IN MANAGEMENT SCIENCES (MARKETING)', u'', u'', u'D1', u'Durban Campus Full-time', u'A', u'50002084:DOCRAT;40010758:HAWKINS;40004057:ABDOOL;40008004:TLAPANA', 145.0]
[u'', u'', u'', u'', u'', u'', u'', u'', u'', u'', u'', u'', u'']
check '' ''
[u'CBEH101_YEAR_2018', u'CBEH101_YEAR_2017', u'CBEH101', u'CONSUMER BEHAVIOUR I', u'NDMKT1', u'ND: MARKETING', u'11', u'YEAR', u'D1', u'Durban Campus Full-time', u'A', u'50002084:DOCRAT;40010758:HAWKINS;40004057:ABDOOL;40008004:TLAPANA', 5.0]
check 'CBEH101_YEAR_2018' 'CBEH101'
processXLS: only for SEM2 [u'CBEH101_YEAR_2018', u'CBEH101_YEAR_2017', u'CBEH101', u'CONSUMER BEHAVIOUR I', u'NDMKT1', u'ND: MARKETING', u'11', u'YEAR', u'D1', u'Durban Campus Full-time', u'A', u'50002084:DOCRAT;40010758:HAWKINS;40004057:ABDOOL;40008004:TLAPANA', 5.0]
[u'CBEH101_YEAR_2018', u'CBEH101_YEAR_2017', u'CBEH101', u'CONSUMER BEHAVIOUR I', u'NODIP6', u'NON-DIPLOMA PURPOSE (MAN SC)', u'11', u'YEAR', u'D7', u'DBN FULL-TIME NON-SUBSIDISED', u'A', u'50002084:DOCRAT;40010758:HAWKINS;40004057:ABDOOL;40008004:TLAPANA', 13.0]
check 'CBEH101_YEAR_2018' 'CBEH101'
processXLS: only for SEM2 [u'CBEH101_YEAR_2018', u'CBEH101_YEAR_2017', u'CBEH101', u'CONSUMER BEHAVIOUR I', u'NODIP6', u'NON-DIPLOMA PURPOSE (MAN SC)', u'11', u'YEAR', u'D7', u'DBN FULL-TIME NON-SUBSIDISED', u'A', u'50002084:DOCRAT;40010758:HAWKINS;40004057:ABDOOL;40008004:TLAPANA', 13.0]
[u'', u'', u'', u'', u'', u'', u'', u'', u'', u'', u'', u'', u'']
check '' ''
[u'CBEH103_YEAR_2018', u'CBEH103_YEAR_2017', u'CBEH103', u'CONSUMER BEHAVIOUR I', u'NDRBM1', u'ND: RETAIL BUSINESS MANAGEMENT', u'11', u'YEAR', u'D1', u'Durban Campus Full-time', u'A', u'50002084:DOCRAT;40004057:ABDOOL;50002055: CORBISHLEY;40008004:TLAPANA', 5.0]
check 'CBEH103_YEAR_2018' 'CBEH103'
processXLS: only for SEM2 [u'CBEH103_YEAR_2018', u'CBEH103_YEAR_2017', u'CBEH103', u'CONSUMER BEHAVIOUR I', u'NDRBM1', u'ND: RETAIL BUSINESS MANAGEMENT', u'11', u'YEAR', u'D1', u'Durban Campus Full-time', u'A', u'50002084:DOCRAT;40004057:ABDOOL;50002055: CORBISHLEY;40008004:TLAPANA', 5.0]
[u'CBEH103_YEAR_2018', u'CBEH103_YEAR_2017', u'CBEH103', u'CONSUMER BEHAVIOUR I', u'NODIP6', u'NON-DIPLOMA PURPOSE (MAN SC)', u'11', u'YEAR', u'D7', u'DBN FULL-TIME NON-SUBSIDISED', u'A', u'50002084:DOCRAT;40004057:ABDOOL;50002055: CORBISHLEY;40008004:TLAPANA', 13.0]
check 'CBEH103_YEAR_2018' 'CBEH103'
processXLS: only for SEM2 [u'CBEH103_YEAR_2018', u'CBEH103_YEAR_2017', u'CBEH103', u'CONSUMER BEHAVIOUR I', u'NODIP6', u'NON-DIPLOMA PURPOSE (MAN SC)', u'11', u'YEAR', u'D7', u'DBN FULL-TIME NON-SUBSIDISED', u'A', u'50002084:DOCRAT;40004057:ABDOOL;50002055: CORBISHLEY;40008004:TLAPANA', 13.0]
[u'', u'', u'', u'', u'', u'', u'', u'', u'', u'', u'', u'', u'']
check '' ''
[u'IBSL101_SEM1_2018', u'IBSL101_YEAR_2017', u'IBSL101', u'INTRODUCTION TO BUSINESS LAW', u'DIMMK1', u'DIP IN MANAGEMENT SCIENCES (MARKETING)', u'21', u'SEMESTER 1', u'D1', u'Durban Campus Full-time', u'A', u'40004057:ABDOOL; 40010758:HAWKINS; 40008004: TLAPANA', 150.0]
check 'IBSL101_SEM1_2018' 'IBSL101'
processXLS: only for SEM2 [u'IBSL101_SEM1_2018', u'IBSL101_YEAR_2017', u'IBSL101', u'INTRODUCTION TO BUSINESS LAW', u'DIMMK1', u'DIP IN MANAGEMENT SCIENCES (MARKETING)', u'21', u'SEMESTER 1', u'D1', u'Durban Campus Full-time', u'A', u'40004057:ABDOOL; 40010758:HAWKINS; 40008004: TLAPANA', 150.0]
[u'IBSL101_SEM1_2018', u'IBSL101_YEAR_2017', u'IBSL101', u'INTRODUCTION TO BUSINESS LAW', u'DIMRM1', u'DIP IN MANAGEMENT SCIENCES (RETAIL MAN)', u'21', u'SEMESTER 1', u'D1', u'Durban Campus Full-time', u'A', u'40004057:ABDOOL; 40008004:TLAPANA; 50002055: CORBISHLEY', 90.0]
check 'IBSL101_SEM1_2018' 'IBSL101'
processXLS: only for SEM2 [u'IBSL101_SEM1_2018', u'IBSL101_YEAR_2017', u'IBSL101', u'INTRODUCTION TO BUSINESS LAW', u'DIMRM1', u'DIP IN MANAGEMENT SCIENCES (RETAIL MAN)', u'21', u'SEMESTER 1', u'D1', u'Durban Campus Full-time', u'A', u'40004057:ABDOOL; 40008004:TLAPANA; 50002055: CORBISHLEY', 90.0]
[u'', u'', u'', u'', u'', u'', u'', u'', u'', u'', u'', u'', u'']
check '' ''
[u'IBUS101_SEM1_2018', u'IBUS101_ALL_2017', u'IBUS101', u'INTRODUCTION TO BUSINESS', u'DIMMK1', u'DIP IN MANAGEMENT SCIENCES (MARKETING)', u'21', u'SEMESTER 1', u'D1', u'Durban Campus Full-time', u'A', u'40011185:JEMBERE;50000770:SCHOFIELD;40010758:HAWKINS;40008004:TLAPANA', 145.0]
check 'IBUS101_SEM1_2018' 'IBUS101'
processXLS: only for SEM2 [u'IBUS101_SEM1_2018', u'IBUS101_ALL_2017', u'IBUS101', u'INTRODUCTION TO BUSINESS', u'DIMMK1', u'DIP IN MANAGEMENT SCIENCES (MARKETING)', u'21', u'SEMESTER 1', u'D1', u'Durban Campus Full-time', u'A', u'40011185:JEMBERE;50000770:SCHOFIELD;40010758:HAWKINS;40008004:TLAPANA', 145.0]
[u'IBUS101_SEM1_2018', u'IBUS101_ALL_2017', u'IBUS101', u'INTRODUCTION TO BUSINESS', u'DIMRM1', u'DIP IN MANAGEMENT SCIENCES (RETAIL MAN)', u'21', u'SEMESTER 1', u'D1', u'Durban Campus Full-time', u'A', u'50050382:NOEL;50000770:SCHOFIELD; 40008004:TLAPANA;50002055: CORBISHLEY;40008004:TLAPANA', 90.0]
check 'IBUS101_SEM1_2018' 'IBUS101'
processXLS: only for SEM2 [u'IBUS101_SEM1_2018', u'IBUS101_ALL_2017', u'IBUS101', u'INTRODUCTION TO BUSINESS', u'DIMRM1', u'DIP IN MANAGEMENT SCIENCES (RETAIL MAN)', u'21', u'SEMESTER 1', u'D1', u'Durban Campus Full-time', u'A', u'50050382:NOEL;50000770:SCHOFIELD; 40008004:TLAPANA;50002055: CORBISHLEY;40008004:TLAPANA', 90.0]
[u'', u'', u'', u'', u'', u'', u'', u'', u'', u'', u'', u'', u'']
check '' ''
[u'', u'', u'', u'', u'', u'', u'', u'', u'', u'', u'', u'', u'']
check '' ''
[u'MKTG106_YEAR_2018', u'MKTG106_YEAR_2017', u'MKTG106', u'MARKETING I', u'NDMNG1', u'ND: MANAGEMENT', u'11', u'YEAR', u'D1', u'Durban Campus Full-time', u'A', u'40010758:HAWKINS;40004057:ABDOOL;40008004:TLAPANA', 80.0]
check 'MKTG106_YEAR_2018' 'MKTG106'
processXLS: only for SEM2 [u'MKTG106_YEAR_2018', u'MKTG106_YEAR_2017', u'MKTG106', u'MARKETING I', u'NDMNG1', u'ND: MANAGEMENT', u'11', u'YEAR', u'D1', u'Durban Campus Full-time', u'A', u'40010758:HAWKINS;40004057:ABDOOL;40008004:TLAPANA', 80.0]
[u'', u'', u'', u'', u'', u'', u'', u'', u'', u'', u'', u'', u'']
check '' ''
[u'', u'', u'', u'', u'', u'', u'', u'', u'', u'', u'', u'', u'']
check '' ''
[u'QTAM101_SEM1_2018', u'QTAM101_SEM1_2017', u'QTAM101', u'QUANTITATIVE APPROACHES TO MAN SCIENCES', u'DIMMK1', u'DIP IN MANAGEMENT SCIENCES (MARKETING)', u'21', u'SEMESTER 1', u'D1', u'Durban Campus Full-time', u'A', u'40000341:GOVENDER;40004057:ABDOOL; 40010758:HAWKINS; 40008004: TLAPANA', 155.0]
check 'QTAM101_SEM1_2018' 'QTAM101'
processXLS: only for SEM2 [u'QTAM101_SEM1_2018', u'QTAM101_SEM1_2017', u'QTAM101', u'QUANTITATIVE APPROACHES TO MAN SCIENCES', u'DIMMK1', u'DIP IN MANAGEMENT SCIENCES (MARKETING)', u'21', u'SEMESTER 1', u'D1', u'Durban Campus Full-time', u'A', u'40000341:GOVENDER;40004057:ABDOOL; 40010758:HAWKINS; 40008004: TLAPANA', 155.0]
[u'QTAM101_SEM1_2018', u'QTAM101_ALL_2017', u'QTAM101', u'QUANTITATIVE APPROACHES TO MAN SCIENCES', u'DIMRM1', u'DIP IN MANAGEMENT SCIENCES (RETAIL MAN)', u'21', u'SEMESTER 1', u'D1', u'Durban Campus Full-time', u'A', u'40000341:GOVENDER;40004057:ABDOOL; 40008004:TLAPANA; 50002055: CORBISHLEY', 99.0]
check 'QTAM101_SEM1_2018' 'QTAM101'
processXLS: only for SEM2 [u'QTAM101_SEM1_2018', u'QTAM101_ALL_2017', u'QTAM101', u'QUANTITATIVE APPROACHES TO MAN SCIENCES', u'DIMRM1', u'DIP IN MANAGEMENT SCIENCES (RETAIL MAN)', u'21', u'SEMESTER 1', u'D1', u'Durban Campus Full-time', u'A', u'40000341:GOVENDER;40004057:ABDOOL; 40008004:TLAPANA; 50002055: CORBISHLEY', 99.0]
[u'', u'', u'', u'', u'', u'', u'', u'', u'', u'', u'', u'', u'']
check '' ''
[u'RBMN101_YEAR_2018', u'RTFN201_YEAR_2017', u'RTFN201', u'RETAILING FUNDAMENTALS', u'DIMRM1', u'DIP IN MANAGEMENT SCIENCES (RETAIL MAN)', u'21', u'SEMESTER 1', u'D1', u'Durban Campus Full-time', u'A', u'40014037:MATLI; 40008004:TLAPANA; 50002055: CORBISHLEY; 40004057:ABDOOL', 82.0]
check 'RBMN101_YEAR_2018' 'RTFN201'
[u'', u'', u'', u'', u'', u'', u'', u'', u'', u'', u'', u'', u'']
check '' ''
[u'RTMK201_YEAR_2018', u'RTMK201_YEAR_2017', u'RTMK201', u'RETAIL MARKETING', u'DIMRM1', u'DIP IN MANAGEMENT SCIENCES (RETAIL MAN)', u'21', u'SEMESTER 2', u'D2', u'Durban Campus Full-time', u'A', u'40010758: HAWKINS;40008004:TLAPANA; 40004057:ABDOOL;50002055:CORBISHLEY', 80.0]
check 'RTMK201_YEAR_2018' 'RTMK201'
processXLS: only for SEM2 [u'RTMK201_YEAR_2018', u'RTMK201_YEAR_2017', u'RTMK201', u'RETAIL MARKETING', u'DIMRM1', u'DIP IN MANAGEMENT SCIENCES (RETAIL MAN)', u'21', u'SEMESTER 2', u'D2', u'Durban Campus Full-time', u'A', u'40010758: HAWKINS;40008004:TLAPANA; 40004057:ABDOOL;50002055:CORBISHLEY', 80.0]
[u'', u'', u'', u'', u'', u'', u'', u'', u'', u'', u'', u'', u'']
check '' ''
[u'SHCM101_YEAR_2018', u'SHCM101_YEAR_2017', u'SHCM101', u'SHOPPING CENTRE MANAGEMENT I', u'NDRBM1', u'ND: RETAIL BUSINESS MANAGEMENT', u'11', u'YEAR', u'D1', u'Durban Campus Full-time', u'A', u'50050637:PILLAY;40004057:ABDOOL;40008004:TLAPANA;50002055:CORBISHLEY', 10.0]
check 'SHCM101_YEAR_2018' 'SHCM101'
processXLS: only for SEM2 [u'SHCM101_YEAR_2018', u'SHCM101_YEAR_2017', u'SHCM101', u'SHOPPING CENTRE MANAGEMENT I', u'NDRBM1', u'ND: RETAIL BUSINESS MANAGEMENT', u'11', u'YEAR', u'D1', u'Durban Campus Full-time', u'A', u'50050637:PILLAY;40004057:ABDOOL;40008004:TLAPANA;50002055:CORBISHLEY', 10.0]
[u'', u'', u'', u'', u'', u'', u'', u'', u'', u'', u'', u'', u'']
check '' ''
[u'TPSL201_YEAR_2018', u'TPSL201_YEAR_2017', u'TPSL201', u'THEORY AND PRACTICE OF SELLING', u'DIMMK1', u'DIP IN MANAGEMENT SCIENCES (MARKETING)', u'21', u'SEMESTER 1', u'D1', u'Durban Campus Full-time', u'A', u'50050382:NOEL;40010758:HAWKINS;40004057:ABDOOL;40008004:TLAPANA', 145.0]
check 'TPSL201_YEAR_2018' 'TPSL201'
processXLS: only for SEM2 [u'TPSL201_YEAR_2018', u'TPSL201_YEAR_2017', u'TPSL201', u'THEORY AND PRACTICE OF SELLING', u'DIMMK1', u'DIP IN MANAGEMENT SCIENCES (MARKETING)', u'21', u'SEMESTER 1', u'D1', u'Durban Campus Full-time', u'A', u'50050382:NOEL;40010758:HAWKINS;40004057:ABDOOL;40008004:TLAPANA', 145.0]
[u'TPSL201_YEAR_2018', u'TPSL201_YEAR_2017', u'TPRS201', u'THEORY AND PRACTICE OF SELLING', u'DIMRM1', u'DIP IN MANAGEMENT SCIENCES (RETAIL MAN)', u'21', u'SEMESTER 2', u'D2', u'Durban Campus Full-time', u'A', u'50050382:NOEL;50002055:CORBISHLEY;40004057:ABDOOL;40008004:TLAPANA', 82.0]
check 'TPSL201_YEAR_2018' 'TPRS201'
[u'', u'', u'', u'', u'', u'', u'', u'', u'', u'', u'', u'', u'']
check '' ''
[u'TSTM101_SEM2_2018', u'TSTM101_ALL_2017', u'TSTM101', u'TIME AND STRESS MANAGEMENT', u'DIMMK1', u'DIP IN MANAGEMENT SCIENCES (MARKETING)', u'22', u'SEMESTER 2', u'D1', u'Durban Campus Full-time', u'A', u'40000341:GOVENDER;ABDOOL;40008004:TLAPANA;40010758:HAWKINS', 142.0]
check 'TSTM101_SEM2_2018' 'TSTM101'
adding  TSTM101
requesting:  http://10.0.100.98:8000/bbinfo/matching_courses/TSTM101%25
r= <Response [200]>
matching classes= set([u'TSTM101_SEM2_2017', u'TSTM101_ALL_2016', u'TSTM101_SEM2_2018'])
[u'TSTM101_SEM2_2018', u'TSTM101_ALL_2017', u'TSTM101', u'TIME AND STRESS MANAGEMENT', u'DIMRM1', u'DIP IN MANAGEMENT SCIENCES (RETAIL MAN)', u'22', u'SEMESTER 2', u'D1', u'Durban Campus Full-time', u'A', u'40010758:HAWKINS;40004057:ABDOOL;40008004:TLAPANA;50002055:CORBISHLEY', 79.0]
check 'TSTM101_SEM2_2018' 'TSTM101'
adding  TSTM101
requesting:  http://10.0.100.98:8000/bbinfo/matching_courses/TSTM101%25
r= <Response [200]>
matching classes= set([u'TSTM101_SEM2_2017', u'TSTM101_ALL_2016', u'TSTM101_SEM2_2018'])
[u'', u'', u'', u'', u'', u'', u'', u'', u'', u'', u'', u'', u'']
check '' ''
[u'BSTD223_SEM2_2018', u'BSTD223_SEM2_2017', u'BSTD223', u'BUSINESS STUDIES II (MODULE 2)', u'NDCLM2', u'ND: CLOTHING MANAGEMENT', u'22', u'SEMESTER 2', u'D1', u'Durban Campus Full-time', u'A', u'40003107:VEERASAMY;40004057:ABDOOL;40008004:TLAPANA', 20.0]
check 'BSTD223_SEM2_2018' 'BSTD223'
adding  BSTD223
requesting:  http://10.0.100.98:8000/bbinfo/matching_courses/BSTD223%25
r= <Response [200]>
matching classes= set([u'BSTD223_13_TLAT', u'BSTD223_SEM2_2016', u'BSTD223_SEM2_2017', u'BSTD223_SEM2_2018'])
[u'', u'', u'', u'', u'', u'', u'', u'', u'', u'', u'', u'', u'']
check '' ''
[u'INDS201_SEM2_2018', u'INDS201_SEM2_2017', u'INDS201', u'INDUSTRIAL STUDIES II', u'NDTTF1', u'ND: TEXTILE TECHNOLOGY (4 YEARS)', u'22', u'SEMESTER 2', u'D1', u'Durban Campus Full-time', u'A', u'40003107:VEERASAMY;40004057:ABDOOL;40008004:TLAPANA', 6.0]
check 'INDS201_SEM2_2018' 'INDS201'
adding  INDS201
requesting:  http://10.0.100.98:8000/bbinfo/matching_courses/INDS201%25
r= <Response [200]>
matching classes= set([u'INDS201_SEM2_2017', u'INDS201_SEM2_2018', u'INDS201_13_TLAT'])
[u'INDS201_SEM2_2018', u'INDS201_SEM2_2017', u'INDS201', u'INDUSTRIAL STUDIES II', u'NDTXT2', u'ND: TEXTILE TECHNOLOGY', u'22', u'SEMESTER 2', u'D1', u'Durban Campus Full-time', u'A', u'40003107:VEERASAMY;40004057:ABDOOL;40008004:TLAPANA', 20.0]
check 'INDS201_SEM2_2018' 'INDS201'
adding  INDS201
requesting:  http://10.0.100.98:8000/bbinfo/matching_courses/INDS201%25
r= <Response [200]>
matching classes= set([u'INDS201_SEM2_2017', u'INDS201_SEM2_2018', u'INDS201_13_TLAT'])
[u'', u'', u'', u'', u'', u'', u'', u'', u'', u'', u'', u'', u'']
check '' ''
[u'LOGS201_YEAR_2018', u'LOGS201_YEAR_2017', u'LOGS201', u'LOGISTICS II', u'NDRBM1', u'ND: RETAIL BUSINESS MANAGEMENT', u'11', u'YEAR', u'D1', u'Durban Campus Full-time', u'A', u'40014037:MATLI; 40008004:TLAPANA; 50002055: CORBISHLEY; 40004057:ABDOOL', 10.0]
check 'LOGS201_YEAR_2018' 'LOGS201'
processXLS: only for SEM2 [u'LOGS201_YEAR_2018', u'LOGS201_YEAR_2017', u'LOGS201', u'LOGISTICS II', u'NDRBM1', u'ND: RETAIL BUSINESS MANAGEMENT', u'11', u'YEAR', u'D1', u'Durban Campus Full-time', u'A', u'40014037:MATLI; 40008004:TLAPANA; 50002055: CORBISHLEY; 40004057:ABDOOL', 10.0]
[u'LOGS201_YEAR_2018', u'LOGS201_YEAR_2017', u'LOGS201', u'LOGISTICS II', u'NODIP6', u'NON-DIPLOMA PURPOSE (MAN SC)', u'11', u'YEAR', u'D7', u'DBN FULL-TIME NON-SUBSIDISED', u'A', u'40014037:MATLI; 40008004:TLAPANA; 50002055: CORBISHLEY; 40004057:ABDOOL', 1.0]
check 'LOGS201_YEAR_2018' 'LOGS201'
processXLS: only for SEM2 [u'LOGS201_YEAR_2018', u'LOGS201_YEAR_2017', u'LOGS201', u'LOGISTICS II', u'NODIP6', u'NON-DIPLOMA PURPOSE (MAN SC)', u'11', u'YEAR', u'D7', u'DBN FULL-TIME NON-SUBSIDISED', u'A', u'40014037:MATLI; 40008004:TLAPANA; 50002055: CORBISHLEY; 40004057:ABDOOL', 1.0]
[u'LOGS201_YEAR_2018', u'LOGS201_YEAR_2017', u'LOGS201', u'LOGISTICS II', u'NODIP6', u'NON-DIPLOMA PURPOSE (MAN SC)', u'11', u'YEAR', u'D8', u'DBN PART-TIME NON-SUBSIDISED', u'A', u'40014037:MATLI; 40008004:TLAPANA; 50002055: CORBISHLEY; 40004057:ABDOOL', 1.0]
check 'LOGS201_YEAR_2018' 'LOGS201'
processXLS: only for SEM2 [u'LOGS201_YEAR_2018', u'LOGS201_YEAR_2017', u'LOGS201', u'LOGISTICS II', u'NODIP6', u'NON-DIPLOMA PURPOSE (MAN SC)', u'11', u'YEAR', u'D8', u'DBN PART-TIME NON-SUBSIDISED', u'A', u'40014037:MATLI; 40008004:TLAPANA; 50002055: CORBISHLEY; 40004057:ABDOOL', 1.0]
[u'', u'', u'', u'', u'', u'', u'', u'', u'', u'', u'', u'', u'']
check '' ''
[u'MKTG204_YEAR_2018', u'MKTG204_YEAR_2017', u'MKTG204', u'MARKETING II', u'BTMNG1', u'BT: MANAGEMENT', u'11', u'YEAR', u'D3', u'Durban Campus Part-time', u'A', u'40010758:HAWKINS;40004057:ABDOOL;40008004:TLAPANA', 50.0]
check 'MKTG204_YEAR_2018' 'MKTG204'
processXLS: only for SEM2 [u'MKTG204_YEAR_2018', u'MKTG204_YEAR_2017', u'MKTG204', u'MARKETING II', u'BTMNG1', u'BT: MANAGEMENT', u'11', u'YEAR', u'D3', u'Durban Campus Part-time', u'A', u'40010758:HAWKINS;40004057:ABDOOL;40008004:TLAPANA', 50.0]
[u'MKTG204_YEAR_2018', u'MKTG204_YEAR_2017', u'MKTG204', u'MARKETING II', u'NDMKT1', u'ND: MARKETING', u'11', u'YEAR', u'D1', u'Durban Campus Full-time', u'A', u'40010758:HAWKINS;40004057:ABDOOL;40008004:TLAPANA', 2.0]
check 'MKTG204_YEAR_2018' 'MKTG204'
processXLS: only for SEM2 [u'MKTG204_YEAR_2018', u'MKTG204_YEAR_2017', u'MKTG204', u'MARKETING II', u'NDMKT1', u'ND: MARKETING', u'11', u'YEAR', u'D1', u'Durban Campus Full-time', u'A', u'40010758:HAWKINS;40004057:ABDOOL;40008004:TLAPANA', 2.0]
[u'', u'', u'', u'', u'', u'', u'', u'', u'', u'', u'', u'', u'']
check '' ''
[u'MKCA201_SEM2_2018', u'MKCA201_SEM2_2017', u'MKCA 201', u'MARKETING COMMUNICATIONS A', u'DIMMK1', u'DIP IN MANAGEMENT SCIENCES (MARKETING)', u'22', u'SEMESTER 1', u'D1', u'Durban Campus Full-time', u'A', u'40011185:JEMBERE;40010758:HAWKINS;40008004:TLAPANA', 142.0]
check 'MKCA201_SEM2_2018' 'MKCA 201'
[u'', u'', u'', u'', u'', u'', u'', u'', u'', u'', u'', u'', u'']
check '' ''
[u'MKEN201_SEM2_2018', u'MKEN201_SEM2_2017', u'MKEN201', u'MARKETING ENVIRONMENT', u'DIMMK1', u'DIP IN MANAGEMENT SCIENCES (MARKETING)', u'22', u'SEMESTER 2', u'D2', u'Durban Campus Full-time', u'A', u'40012255:MOODLEY;40010758:HAWKINS;40008004:TLAPANA', 145.0]
check 'MKEN201_SEM2_2018' 'MKEN201'
adding  MKEN201
requesting:  http://10.0.100.98:8000/bbinfo/matching_courses/MKEN201%25
r= <Response [200]>
matching classes= set([u'MKEN201_SEM2_2017', u'MKEN201_SEM2_2018'])
[u'', u'', u'', u'', u'', u'', u'', u'', u'', u'', u'', u'', u'']
check '' ''
[u'MKFN101_SEM1_ 2018', u'MKFN101_SEM1_ 2017', u'MKFN101', u'MARKETING FUNDAMENTALS', u'DIMMK1', u'DIP IN MANAGEMENT SCIENCES (MARKETING)', u'22', u'SEMESTER 1', u'D1', u'Durban Campus Full-time', u'A', u'40011185:JEMBERE;40010758:HAWKINS;40008004:TLAPANA', 145.0]
check 'MKFN101_SEM1_ 2018' 'MKFN101'
adding  MKFN101
requesting:  http://10.0.100.98:8000/bbinfo/matching_courses/MKFN101%25
r= <Response [200]>
matching classes= set([u'MKFN101_SEM1_2018', u'MKFN101_SEM2_2017'])
ERROR:  Bb classroom MKFN101_SEM1_ 2018 does not exist 
[u'', u'', u'', u'', u'', u'', u'', u'', u'', u'', u'', u'', u'']
check '' ''
[u'MKMT201_SEM2_2018', u'MKMT201_SEM2_2017', u'MKMT201', u'MARKETING METRICS', u'DIMMK1', u'DIP IN MANAGEMENT SCIENCES (MARKETING)', u'22', u'SEMESTER 2', u'D1', u'Durban Campus Full-time', u'A', u'40000341:GOVENDER;ABDOOL;40008004:TLAPANA;40010758:HAWKINS', 145.0]
check 'MKMT201_SEM2_2018' 'MKMT201'
adding  MKMT201
requesting:  http://10.0.100.98:8000/bbinfo/matching_courses/MKMT201%25
r= <Response [200]>
matching classes= set([u'MKMT201_SEM2_2018', u'MKMT201_SEM2_2017'])
[u'', u'', u'', u'', u'', u'', u'', u'', u'', u'', u'', u'', u'']
check '' ''
[u'MKSEG201_SEM2_2018', u'MKSEG201_SEM2_2017', u'MKSEG201', u'MARKETING SEGMENTATION', u'DIMMK1', u'DIP IN MANAGEMENT SCIENCES (MARKETING)', u'22', u'SEMESTER 2', u'D1', u'Durban Campus Full-time', u'A', u'40000284:PENCELIAH;ABDOOL;40008004:TLAPANA;40010758:HAWKINS', 145.0]
check 'MKSEG201_SEM2_2018' 'MKSEG201'
adding  MKSEG201
requesting:  http://10.0.100.98:8000/bbinfo/matching_courses/MKSEG201%25
r= <Response [200]>
matching classes= set([u'MKSEG201_SEM2_2018', u'MKSEG201_SEM2_2017'])
[u'', u'', u'', u'', u'', u'', u'', u'', u'', u'', u'', u'', u'']
check '' ''
[u'RBMN201_YEAR_2018', u'RBMN201_YEAR_2017', u'RBMN201', u'RETAIL BUSINESS MANAGEMENT II', u'NDRBM1', u'ND: RETAIL BUSINESS MANAGEMENT', u'11', u'YEAR', u'D1', u'Durban Campus Full-time', u'A', u'40004057:ABDOOL;50002055:CORBISHLEY;40008004:TLAPANA', 2.0]
check 'RBMN201_YEAR_2018' 'RBMN201'
processXLS: only for SEM2 [u'RBMN201_YEAR_2018', u'RBMN201_YEAR_2017', u'RBMN201', u'RETAIL BUSINESS MANAGEMENT II', u'NDRBM1', u'ND: RETAIL BUSINESS MANAGEMENT', u'11', u'YEAR', u'D1', u'Durban Campus Full-time', u'A', u'40004057:ABDOOL;50002055:CORBISHLEY;40008004:TLAPANA', 2.0]
[u'RBMN201_YEAR_2018', u'RBMN201_YEAR_2017', u'RBMN201', u'RETAIL BUSINESS MANAGEMENT II', u'NODIP6', u'NON-DIPLOMA PURPOSE (MAN SC)', u'11', u'YEAR', u'D7', u'DBN FULL-TIME NON-SUBSIDISED', u'A', u'40004057:ABDOOL;50002055:CORBISHLEY;40008004:TLAPANA', 2.0]
check 'RBMN201_YEAR_2018' 'RBMN201'
processXLS: only for SEM2 [u'RBMN201_YEAR_2018', u'RBMN201_YEAR_2017', u'RBMN201', u'RETAIL BUSINESS MANAGEMENT II', u'NODIP6', u'NON-DIPLOMA PURPOSE (MAN SC)', u'11', u'YEAR', u'D7', u'DBN FULL-TIME NON-SUBSIDISED', u'A', u'40004057:ABDOOL;50002055:CORBISHLEY;40008004:TLAPANA', 2.0]
[u'', u'', u'', u'', u'', u'', u'', u'', u'', u'', u'', u'', u'']
check '' ''
[u'RMET201_YEAR_2018', u'RMET201_YEAR_2017', u'RMET201', u'RESEARCH METHODOLOGY', u'BTRBM1', u'BT: RETAIL BUSINESS MANAGEMENT', u'11', u'YEAR', u'D1', u'Durban Campus Full-time', u'A', u'40000341:GOVENDER;ABDOOL;40008004:TLAPANA;50002055:CORBISHLEY', 25.0]
check 'RMET201_YEAR_2018' 'RMET201'
processXLS: only for SEM2 [u'RMET201_YEAR_2018', u'RMET201_YEAR_2017', u'RMET201', u'RESEARCH METHODOLOGY', u'BTRBM1', u'BT: RETAIL BUSINESS MANAGEMENT', u'11', u'YEAR', u'D1', u'Durban Campus Full-time', u'A', u'40000341:GOVENDER;ABDOOL;40008004:TLAPANA;50002055:CORBISHLEY', 25.0]
[u'RMET201_YEAR_2018', u'RMET201_YEAR_2017', u'RMET201', u'RESEARCH METHODOLOGY', u'BTRBM1', u'BT: RETAIL BUSINESS MANAGEMENT', u'11', u'YEAR', u'D3', u'Durban Campus Part-time', u'A', u'40000341:GOVENDER;ABDOOL;40008004:TLAPANA;50002055:CORBISHLEY', 5.0]
check 'RMET201_YEAR_2018' 'RMET201'
processXLS: only for SEM2 [u'RMET201_YEAR_2018', u'RMET201_YEAR_2017', u'RMET201', u'RESEARCH METHODOLOGY', u'BTRBM1', u'BT: RETAIL BUSINESS MANAGEMENT', u'11', u'YEAR', u'D3', u'Durban Campus Part-time', u'A', u'40000341:GOVENDER;ABDOOL;40008004:TLAPANA;50002055:CORBISHLEY', 5.0]
[u'', u'', u'', u'', u'', u'', u'', u'', u'', u'', u'', u'', u'']
check '' ''
[u'BSTD301_YEAR_2018', u'BSTD301_YEAR_2017', u'BSTD301', u'BUSINESS STUDIES III', u'NDCLM2', u'ND: CLOTHING MANAGEMENT', u'11', u'YEAR', u'D1', u'Durban Campus Full-time', u'A', u'40003107:VEERASAMY;40004057:ABDOOL;40008004:TLAPANA', 24.0]
check 'BSTD301_YEAR_2018' 'BSTD301'
processXLS: only for SEM2 [u'BSTD301_YEAR_2018', u'BSTD301_YEAR_2017', u'BSTD301', u'BUSINESS STUDIES III', u'NDCLM2', u'ND: CLOTHING MANAGEMENT', u'11', u'YEAR', u'D1', u'Durban Campus Full-time', u'A', u'40003107:VEERASAMY;40004057:ABDOOL;40008004:TLAPANA', 24.0]
[u'', u'', u'', u'', u'', u'', u'', u'', u'', u'', u'', u'', u'']
check '' ''
[u'MKMN301_YEAR_2018', u'MKMN301_YEAR_2017', u'MKMN301', u'MARKETING MANAGEMENT III', u'BTBAD1', u'BT: BUSINESS ADMINISTRATION', u'11', u'YEAR', u'D3', u'Durban Campus Part-time', u'A', u'40011185:JEMBERE;40010758:HAWKINS;40008004:TLAPANA', 80.0]
check 'MKMN301_YEAR_2018' 'MKMN301'
processXLS: only for SEM2 [u'MKMN301_YEAR_2018', u'MKMN301_YEAR_2017', u'MKMN301', u'MARKETING MANAGEMENT III', u'BTBAD1', u'BT: BUSINESS ADMINISTRATION', u'11', u'YEAR', u'D3', u'Durban Campus Part-time', u'A', u'40011185:JEMBERE;40010758:HAWKINS;40008004:TLAPANA', 80.0]
[u'', u'', u'', u'', u'', u'', u'', u'', u'', u'', u'', u'', u'']
check '' ''
[u'MKTG304_YEAR_2018', u'MKTG304_YEAR_2017', u'MKTG304', u'MARKETING III', u'NDMKT1', u'ND: MARKETING', u'11', u'YEAR', u'D1', u'Durban Campus Full-time', u'A', u'40000262:MAHARAJ;40010758:HAWKINS;40008004:TLAPANA', 15.0]
check 'MKTG304_YEAR_2018' 'MKTG304'
processXLS: only for SEM2 [u'MKTG304_YEAR_2018', u'MKTG304_YEAR_2017', u'MKTG304', u'MARKETING III', u'NDMKT1', u'ND: MARKETING', u'11', u'YEAR', u'D1', u'Durban Campus Full-time', u'A', u'40000262:MAHARAJ;40010758:HAWKINS;40008004:TLAPANA', 15.0]
[u'MKTG304_YEAR_2018', u'MKTG304_YEAR_2017', u'MKTG304', u'', u'', u'', u'', u'', u'', u'', u'', u'', u'']
check 'MKTG304_YEAR_2018' 'MKTG304'
processXLS: only for SEM2 [u'MKTG304_YEAR_2018', u'MKTG304_YEAR_2017', u'MKTG304', u'', u'', u'', u'', u'', u'', u'', u'', u'', u'']
[u'MRES301_YEAR_2018', u'MRES301_YEAR_2017', u'MRES301', u'MARKETING RESEARCH III', u'NDMKT1', u'ND: MARKETING', u'11', u'YEAR', u'D1', u'Durban Campus Full-time', u'A', u'40012255:MOODLEY;40010758:HAWKINS;40008004:TLAPANA', 30.0]
check 'MRES301_YEAR_2018' 'MRES301'
processXLS: only for SEM2 [u'MRES301_YEAR_2018', u'MRES301_YEAR_2017', u'MRES301', u'MARKETING RESEARCH III', u'NDMKT1', u'ND: MARKETING', u'11', u'YEAR', u'D1', u'Durban Campus Full-time', u'A', u'40012255:MOODLEY;40010758:HAWKINS;40008004:TLAPANA', 30.0]
[u'MRES301_YEAR_2018', u'MRES301_ALL_2017', u'MRES301', u'', u'', u'', u'', u'', u'', u'', u'', u'', u'']
check 'MRES301_YEAR_2018' 'MRES301'
processXLS: only for SEM2 [u'MRES301_YEAR_2018', u'MRES301_ALL_2017', u'MRES301', u'', u'', u'', u'', u'', u'', u'', u'', u'', u'']
[u'RBMN301_YEAR_2018', u'RBMN301_YEAR_2017', u'RBMN301', u'RETAIL BUSINESS MANAGEMENT III', u'NDRBM1', u'ND: RETAIL BUSINESS MANAGEMENT', u'11', u'YEAR', u'D1', u'Durban Campus Full-time', u'A', u'50002055:CORBISHLEY;40008004:TLAPANA', 10.0]
check 'RBMN301_YEAR_2018' 'RBMN301'
processXLS: only for SEM2 [u'RBMN301_YEAR_2018', u'RBMN301_YEAR_2017', u'RBMN301', u'RETAIL BUSINESS MANAGEMENT III', u'NDRBM1', u'ND: RETAIL BUSINESS MANAGEMENT', u'11', u'YEAR', u'D1', u'Durban Campus Full-time', u'A', u'50002055:CORBISHLEY;40008004:TLAPANA', 10.0]
[u'', u'', u'', u'', u'', u'', u'', u'', u'', u'', u'', u'', u'']
check '' ''
[u'SMGT302_YEAR_2018', u'SMGT302_YEAR_2017', u'SMGT302', u'SALES MANAGEMENT III', u'NDMKT1', u'ND: MARKETING', u'11', u'YEAR', u'D1', u'Durban Campus Full-time', u'A', u'50050382:NOEL;40010758:HAWKINS;40008004:TLAPANA', 20.0]
check 'SMGT302_YEAR_2018' 'SMGT302'
processXLS: only for SEM2 [u'SMGT302_YEAR_2018', u'SMGT302_YEAR_2017', u'SMGT302', u'SALES MANAGEMENT III', u'NDMKT1', u'ND: MARKETING', u'11', u'YEAR', u'D1', u'Durban Campus Full-time', u'A', u'50050382:NOEL;40010758:HAWKINS;40008004:TLAPANA', 20.0]
[u'', u'', u'', u'', u'', u'', u'', u'', u'', u'', u'', u'', u'']
check '' ''
[u'APMK401_YEAR_2018', u'APMK401_YEAR_2017', u'APMK401', u'APPLIED MARKETING IV', u'BTMKT1', u'BT: MARKETING', u'11', u'YEAR', u'D1', u'Durban Campus Full-time', u'A', u'40000284:PENCELIAH;ABDOOL;40008004:TLAPANA;40010758:HAWKINS', 60.0]
check 'APMK401_YEAR_2018' 'APMK401'
processXLS: only for SEM2 [u'APMK401_YEAR_2018', u'APMK401_YEAR_2017', u'APMK401', u'APPLIED MARKETING IV', u'BTMKT1', u'BT: MARKETING', u'11', u'YEAR', u'D1', u'Durban Campus Full-time', u'A', u'40000284:PENCELIAH;ABDOOL;40008004:TLAPANA;40010758:HAWKINS', 60.0]
[u'APMK401_YEAR_2018', u'APMK401_YEAR_2017', u'APMK401', u'APPLIED MARKETING IV', u'BTMKT1', u'BT: MARKETING', u'11', u'YEAR', u'D3', u'Durban Campus Part-time', u'A', u'40000284:PENCELIAH;ABDOOL;40008004:TLAPANA;40010758:HAWKINS', 17.0]
check 'APMK401_YEAR_2018' 'APMK401'
processXLS: only for SEM2 [u'APMK401_YEAR_2018', u'APMK401_YEAR_2017', u'APMK401', u'APPLIED MARKETING IV', u'BTMKT1', u'BT: MARKETING', u'11', u'YEAR', u'D3', u'Durban Campus Part-time', u'A', u'40000284:PENCELIAH;ABDOOL;40008004:TLAPANA;40010758:HAWKINS', 17.0]
[u'', u'', u'', u'', u'', u'', u'', u'', u'', u'', u'', u'', u'']
check '' ''
[u'APRM402_YEAR_2018', u'APRM402_YEAR_2017', u'APRM402', u'APPLIED PROMOTION IV', u'BTMKT1', u'BT: MARKETING', u'11', u'YEAR', u'D1', u'Durban Campus Full-time', u'A', u'40004057:ABDOOL;40000262:MAHARAJ;40010758:HAWKINS;40008004:TLAPANA', 58.0]
check 'APRM402_YEAR_2018' 'APRM402'
processXLS: only for SEM2 [u'APRM402_YEAR_2018', u'APRM402_YEAR_2017', u'APRM402', u'APPLIED PROMOTION IV', u'BTMKT1', u'BT: MARKETING', u'11', u'YEAR', u'D1', u'Durban Campus Full-time', u'A', u'40004057:ABDOOL;40000262:MAHARAJ;40010758:HAWKINS;40008004:TLAPANA', 58.0]
[u'APRM402_YEAR_2018', u'APRM402_YEAR_2017', u'APRM402', u'APPLIED PROMOTION IV', u'BTMKT1', u'BT: MARKETING', u'11', u'YEAR', u'D3', u'Durban Campus Part-time', u'A', u'40004057:ABDOOL;40000262:MAHARAJ;40010758:HAWKINS;40008004:TLAPANA', 15.0]
check 'APRM402_YEAR_2018' 'APRM402'
processXLS: only for SEM2 [u'APRM402_YEAR_2018', u'APRM402_YEAR_2017', u'APRM402', u'APPLIED PROMOTION IV', u'BTMKT1', u'BT: MARKETING', u'11', u'YEAR', u'D3', u'Durban Campus Part-time', u'A', u'40004057:ABDOOL;40000262:MAHARAJ;40010758:HAWKINS;40008004:TLAPANA', 15.0]
[u'', u'', u'', u'', u'', u'', u'', u'', u'', u'', u'', u'', u'']
check '' ''
[u'BMKT401_YEAR_2018', u'BMKT401_YEAR_2017', u'BMKT401', u'MARKETING IV', u'BTMKT1', u'BT: MARKETING', u'11', u'YEAR', u'D1', u'Durban Campus Full-time', u'A', u'40003107:VEERASAMY;40004057:ABDOOL;40008004:TLAPANA;40010758:HAWKINS', 58.0]
check 'BMKT401_YEAR_2018' 'BMKT401'
processXLS: only for SEM2 [u'BMKT401_YEAR_2018', u'BMKT401_YEAR_2017', u'BMKT401', u'MARKETING IV', u'BTMKT1', u'BT: MARKETING', u'11', u'YEAR', u'D1', u'Durban Campus Full-time', u'A', u'40003107:VEERASAMY;40004057:ABDOOL;40008004:TLAPANA;40010758:HAWKINS', 58.0]
[u'BMKT401_YEAR_2018', u'BMKT401_YEAR_2017', u'BMKT401', u'MARKETING IV', u'BTMKT1', u'BT: MARKETING', u'11', u'YEAR', u'D3', u'Durban Campus Part-time', u'A', u'40003107:VEERASAMY;40004057:ABDOOL;40008004:TLAPANA;40010758:HAWKINS', 9.0]
check 'BMKT401_YEAR_2018' 'BMKT401'
processXLS: only for SEM2 [u'BMKT401_YEAR_2018', u'BMKT401_YEAR_2017', u'BMKT401', u'MARKETING IV', u'BTMKT1', u'BT: MARKETING', u'11', u'YEAR', u'D3', u'Durban Campus Part-time', u'A', u'40003107:VEERASAMY;40004057:ABDOOL;40008004:TLAPANA;40010758:HAWKINS', 9.0]
[u'', u'', u'', u'', u'', u'', u'', u'', u'', u'', u'', u'', u'']
check '' ''
[u'PRFP401_YEAR_2018', u'PRFP401_YEAR_2017', u'PRFP401', u'BUSINESS STUDIES IV', u'BTFSH1', u'BT: FASHION', u'11', u'YEAR', u'D1', u'Durban Campus Full-time', u'A', u'50002084:DOCRAT;40004057:ABDOOL;40008004:TLAPANA;40010758:HAWKINS', 10.0]
check 'PRFP401_YEAR_2018' 'PRFP401'
processXLS: only for SEM2 [u'PRFP401_YEAR_2018', u'PRFP401_YEAR_2017', u'PRFP401', u'BUSINESS STUDIES IV', u'BTFSH1', u'BT: FASHION', u'11', u'YEAR', u'D1', u'Durban Campus Full-time', u'A', u'50002084:DOCRAT;40004057:ABDOOL;40008004:TLAPANA;40010758:HAWKINS', 10.0]
[u'PRFP401_YEAR_2018', u'PRFP401_YEAR_2017', u'PRFP401', u'BUSINESS STUDIES IV', u'BTFSH1', u'BT: FASHION', u'11', u'YEAR', u'D3', u'Durban Campus Part-time', u'A', u'50002084:DOCRAT;40004057:ABDOOL;40008004:TLAPANA;40010758:HAWKINS', 2.0]
check 'PRFP401_YEAR_2018' 'PRFP401'
processXLS: only for SEM2 [u'PRFP401_YEAR_2018', u'PRFP401_YEAR_2017', u'PRFP401', u'BUSINESS STUDIES IV', u'BTFSH1', u'BT: FASHION', u'11', u'YEAR', u'D3', u'Durban Campus Part-time', u'A', u'50002084:DOCRAT;40004057:ABDOOL;40008004:TLAPANA;40010758:HAWKINS', 2.0]
[u'', u'', u'', u'', u'', u'', u'', u'', u'', u'', u'', u'', u'']
check '' ''
[u'RBMN401_YEAR_2018', u'RBMN401_YEAR_2017', u'RBMN401', u'RETAIL BUSINESS MANAGEMENT IV', u'BTRBM1', u'BT: RETAIL BUSINESS MANAGEMENT', u'11', u'YEAR', u'D1', u'Durban Campus Full-time', u'A', u'50002055:CORBISHLEY;40008004:TLAPANA', 25.0]
check 'RBMN401_YEAR_2018' 'RBMN401'
processXLS: only for SEM2 [u'RBMN401_YEAR_2018', u'RBMN401_YEAR_2017', u'RBMN401', u'RETAIL BUSINESS MANAGEMENT IV', u'BTRBM1', u'BT: RETAIL BUSINESS MANAGEMENT', u'11', u'YEAR', u'D1', u'Durban Campus Full-time', u'A', u'50002055:CORBISHLEY;40008004:TLAPANA', 25.0]
[u'RBMN401_YEAR_2018', u'RBMN401_YEAR_2017', u'RBMN401', u'RETAIL BUSINESS MANAGEMENT IV', u'BTRBM1', u'BT: RETAIL BUSINESS MANAGEMENT', u'11', u'YEAR', u'D3', u'Durban Campus Part-time', u'A', u'50002055:CORBISHLEY;40008004:TLAPANA', 5.0]
check 'RBMN401_YEAR_2018' 'RBMN401'
processXLS: only for SEM2 [u'RBMN401_YEAR_2018', u'RBMN401_YEAR_2017', u'RBMN401', u'RETAIL BUSINESS MANAGEMENT IV', u'BTRBM1', u'BT: RETAIL BUSINESS MANAGEMENT', u'11', u'YEAR', u'D3', u'Durban Campus Part-time', u'A', u'50002055:CORBISHLEY;40008004:TLAPANA', 5.0]
[u'', u'', u'', u'', u'', u'', u'', u'', u'', u'', u'', u'', u'']
check '' ''
[u'RPCK512_YEAR_2018', u'RPCK512_ALL_2017', u'RPCK512', u'RESEARCH PROJECT AND DISSERTATION (1ST REGIST', u'MMMKT1', u'M MANAGEMENT SCIENCES (MRKTING)', u'11', u'YEAR', u'D1', u'Durban Campus Full-time', u'A', u'50050382:NOEL;40000341:GOVENDER;50002084:DOCRAT;50050637:PILLAY;40012255:MOODLEY;40000262:MAHARAJ;40000284:PENCELIAH;40004057:ABDOOL;40008004:TLAPANA;40003107:VEERASAMY;HAWKINS:40010758', 10.0]
check 'RPCK512_YEAR_2018' 'RPCK512'
processXLS: only for SEM2 [u'RPCK512_YEAR_2018', u'RPCK512_ALL_2017', u'RPCK512', u'RESEARCH PROJECT AND DISSERTATION (1ST REGIST', u'MMMKT1', u'M MANAGEMENT SCIENCES (MRKTING)', u'11', u'YEAR', u'D1', u'Durban Campus Full-time', u'A', u'50050382:NOEL;40000341:GOVENDER;50002084:DOCRAT;50050637:PILLAY;40012255:MOODLEY;40000262:MAHARAJ;40000284:PENCELIAH;40004057:ABDOOL;40008004:TLAPANA;40003107:VEERASAMY;HAWKINS:40010758', 10.0]
[u'RPCK512_YEAR_2018', u'RPCK512_ALL_2017', u'RPCK512', u'RESEARCH PROJECT AND DISSERTATION (1ST REGIST', u'MMMKT1', u'M MANAGEMENT SCIENCES (MRKTING)', u'11', u'YEAR', u'D3', u'Durban Campus Part-time', u'A', u'50050382:NOEL;40000341:GOVENDER;50002084:DOCRAT;50050637:PILLAY;40012255:MOODLEY;40000262:MAHARAJ;40000284:PENCELIAH;40004057:ABDOOL;40008004:TLAPANA;40003107:VEERASAMY;HAWKINS:40010758', 10.0]
check 'RPCK512_YEAR_2018' 'RPCK512'
processXLS: only for SEM2 [u'RPCK512_YEAR_2018', u'RPCK512_ALL_2017', u'RPCK512', u'RESEARCH PROJECT AND DISSERTATION (1ST REGIST', u'MMMKT1', u'M MANAGEMENT SCIENCES (MRKTING)', u'11', u'YEAR', u'D3', u'Durban Campus Part-time', u'A', u'50050382:NOEL;40000341:GOVENDER;50002084:DOCRAT;50050637:PILLAY;40012255:MOODLEY;40000262:MAHARAJ;40000284:PENCELIAH;40004057:ABDOOL;40008004:TLAPANA;40003107:VEERASAMY;HAWKINS:40010758', 10.0]
[u'RPCK512_YEAR_2018', u'RPCK512_ALL_2017', u'RPCK512', u'RESEARCH PROJECT AND DISSERTATION (1ST REGIST', u'MMMKT1', u'M MANAGEMENT SCIENCES (MRKTING)', u'P0', u'POST-GRAD ANNUAL REGISTRATIONS', u'D1', u'Durban Campus Full-time', u'A', u'50050382:NOEL;40000341:GOVENDER;50002084:DOCRAT;50050637:PILLAY;40012255:MOODLEY;40000262:MAHARAJ;40000284:PENCELIAH;40004057:ABDOOL;40008004:TLAPANA;40003107:VEERASAMY;HAWKINS:4001075840000341:GOVENDER;50002084:DOCRAT;50050637:PILLAY;40012255:MOODLEY;40000262:MAHARAJ;40000284:PENCELIAH;40004057:ABDOOL;40008004:TLAPANA;40003107:VEERASAMY', 10.0]
check 'RPCK512_YEAR_2018' 'RPCK512'
processXLS: only for SEM2 [u'RPCK512_YEAR_2018', u'RPCK512_ALL_2017', u'RPCK512', u'RESEARCH PROJECT AND DISSERTATION (1ST REGIST', u'MMMKT1', u'M MANAGEMENT SCIENCES (MRKTING)', u'P0', u'POST-GRAD ANNUAL REGISTRATIONS', u'D1', u'Durban Campus Full-time', u'A', u'50050382:NOEL;40000341:GOVENDER;50002084:DOCRAT;50050637:PILLAY;40012255:MOODLEY;40000262:MAHARAJ;40000284:PENCELIAH;40004057:ABDOOL;40008004:TLAPANA;40003107:VEERASAMY;HAWKINS:4001075840000341:GOVENDER;50002084:DOCRAT;50050637:PILLAY;40012255:MOODLEY;40000262:MAHARAJ;40000284:PENCELIAH;40004057:ABDOOL;40008004:TLAPANA;40003107:VEERASAMY', 10.0]
[u'RPCK512_YEAR_2018', u'RPCK512_ALL_2017', u'RPCK512', u'RESEARCH PROJECT AND DISSERTATION (1ST REGIST', u'MMMKT1', u'M MANAGEMENT SCIENCES (MRKTING)', u'P0', u'POST-GRAD ANNUAL REGISTRATIONS', u'D3', u'Durban Campus Part-time', u'A', u'50050382:NOEL;40000341:GOVENDER;50002084:DOCRAT;50050637:PILLAY;40012255:MOODLEY;40000262:MAHARAJ;40000284:PENCELIAH;40004057:ABDOOL;40008004:TLAPANA;40003107:VEERASAMY;HAWKINS:40010758', 10.0]
check 'RPCK512_YEAR_2018' 'RPCK512'
processXLS: only for SEM2 [u'RPCK512_YEAR_2018', u'RPCK512_ALL_2017', u'RPCK512', u'RESEARCH PROJECT AND DISSERTATION (1ST REGIST', u'MMMKT1', u'M MANAGEMENT SCIENCES (MRKTING)', u'P0', u'POST-GRAD ANNUAL REGISTRATIONS', u'D3', u'Durban Campus Part-time', u'A', u'50050382:NOEL;40000341:GOVENDER;50002084:DOCRAT;50050637:PILLAY;40012255:MOODLEY;40000262:MAHARAJ;40000284:PENCELIAH;40004057:ABDOOL;40008004:TLAPANA;40003107:VEERASAMY;HAWKINS:40010758', 10.0]
[u'RPCK512_YEAR_2018', u'RPCK512_ALL_2017', u'RPCK512', u'RESEARCH PROJECT AND DISSERTATION (1ST REGIST', u'MTMKT1', u'MT: MARKETING', u'P0', u'POST-GRAD ANNUAL REGISTRATIONS', u'D1', u'Durban Campus Full-time', u'A', u'50050382:NOEL;40000341:GOVENDER;50002084:DOCRAT;50050637:PILLAY;40012255:MOODLEY;40000262:MAHARAJ;40000284:PENCELIAH;40004057:ABDOOL;40008004:TLAPANA;40003107:VEERASAMY;HAWKINS:4001075840000341:GOVENDER;50002084:DOCRAT;50050637:PILLAY;40012255:MOODLEY;40000262:MAHARAJ;40000284:PENCELIAH;40004057:ABDOOL;40008004:TLAPANA;40003107:VEERASAMY', 10.0]
check 'RPCK512_YEAR_2018' 'RPCK512'
processXLS: only for SEM2 [u'RPCK512_YEAR_2018', u'RPCK512_ALL_2017', u'RPCK512', u'RESEARCH PROJECT AND DISSERTATION (1ST REGIST', u'MTMKT1', u'MT: MARKETING', u'P0', u'POST-GRAD ANNUAL REGISTRATIONS', u'D1', u'Durban Campus Full-time', u'A', u'50050382:NOEL;40000341:GOVENDER;50002084:DOCRAT;50050637:PILLAY;40012255:MOODLEY;40000262:MAHARAJ;40000284:PENCELIAH;40004057:ABDOOL;40008004:TLAPANA;40003107:VEERASAMY;HAWKINS:4001075840000341:GOVENDER;50002084:DOCRAT;50050637:PILLAY;40012255:MOODLEY;40000262:MAHARAJ;40000284:PENCELIAH;40004057:ABDOOL;40008004:TLAPANA;40003107:VEERASAMY', 10.0]
[u'', u'', u'', u'', u'', u'', u'', u'', u'', u'', u'', u'', u'']
check '' ''
[u'RPCK522_YEAR_2018', u'RPCK522_ALL_2017', u'RPCK522', u'RESEARCH PROJECT AND DISSERTATION (SUCCESSIVE', u'MMMKT1', u'M MANAGEMENT SCIENCES (MRKTING)', u'11', u'YEAR', u'D1', u'Durban Campus Full-time', u'A', u'50050382:NOEL;40000341:GOVENDER;50002084:DOCRAT;50050637:PILLAY;40012255:MOODLEY;40000262:MAHARAJ;40000284:PENCELIAH;40004057:ABDOOL;40008004:TLAPANA;40003107:VEERASAMY;HAWKINS:4001075840000341:GOVENDER;50002084:DOCRAT;50050637:PILLAY;40012255:MOODLEY;40000262:MAHARAJ;40000284:PENCELIAH;40004057:ABDOOL;40008004:TLAPANA;40003107:VEERASAMY', 7.0]
check 'RPCK522_YEAR_2018' 'RPCK522'
processXLS: only for SEM2 [u'RPCK522_YEAR_2018', u'RPCK522_ALL_2017', u'RPCK522', u'RESEARCH PROJECT AND DISSERTATION (SUCCESSIVE', u'MMMKT1', u'M MANAGEMENT SCIENCES (MRKTING)', u'11', u'YEAR', u'D1', u'Durban Campus Full-time', u'A', u'50050382:NOEL;40000341:GOVENDER;50002084:DOCRAT;50050637:PILLAY;40012255:MOODLEY;40000262:MAHARAJ;40000284:PENCELIAH;40004057:ABDOOL;40008004:TLAPANA;40003107:VEERASAMY;HAWKINS:4001075840000341:GOVENDER;50002084:DOCRAT;50050637:PILLAY;40012255:MOODLEY;40000262:MAHARAJ;40000284:PENCELIAH;40004057:ABDOOL;40008004:TLAPANA;40003107:VEERASAMY', 7.0]
[u'RPCK522_YEAR_2018', u'RPCK522_ALL_2017', u'RPCK522', u'RESEARCH PROJECT AND DISSERTATION (SUCCESSIVE', u'MMMKT1', u'M MANAGEMENT SCIENCES (MRKTING)', u'P0', u'POST-GRAD ANNUAL REGISTRATIONS', u'D1', u'Durban Campus Full-time', u'A', u'50050382:NOEL;40000341:GOVENDER;50002084:DOCRAT;50050637:PILLAY;40012255:MOODLEY;40000262:MAHARAJ;40000284:PENCELIAH;40004057:ABDOOL;40008004:TLAPANA;40003107:VEERASAMY;HAWKINS:40010758', 6.0]
check 'RPCK522_YEAR_2018' 'RPCK522'
processXLS: only for SEM2 [u'RPCK522_YEAR_2018', u'RPCK522_ALL_2017', u'RPCK522', u'RESEARCH PROJECT AND DISSERTATION (SUCCESSIVE', u'MMMKT1', u'M MANAGEMENT SCIENCES (MRKTING)', u'P0', u'POST-GRAD ANNUAL REGISTRATIONS', u'D1', u'Durban Campus Full-time', u'A', u'50050382:NOEL;40000341:GOVENDER;50002084:DOCRAT;50050637:PILLAY;40012255:MOODLEY;40000262:MAHARAJ;40000284:PENCELIAH;40004057:ABDOOL;40008004:TLAPANA;40003107:VEERASAMY;HAWKINS:40010758', 6.0]
[u'', u'', u'', u'', u'', u'', u'', u'', u'', u'', u'', u'', u'']
check '' ''
[u'RPMK511_YEAR_2018', u'RPMK511_YEAR_2017', u'RPMK511', u'RESEARCH PROJECT AND DISSERTATION (1ST REG)', u'MMMKT1', u'M MANAGEMENT SCIENCES (MRKTING)', u'P0', u'POST-GRAD ANNUAL REGISTRATIONS', u'D1', u'Durban Campus Full-time', u'A', u'50050382:NOEL;40000341:GOVENDER;50002084:DOCRAT;50050637:PILLAY;40012255:MOODLEY;40000262:MAHARAJ;40000284:PENCELIAH;40004057:ABDOOL;40008004:TLAPANA;40003107:VEERASAMY;HAWKINS:40010758', 8.0]
check 'RPMK511_YEAR_2018' 'RPMK511'
processXLS: only for SEM2 [u'RPMK511_YEAR_2018', u'RPMK511_YEAR_2017', u'RPMK511', u'RESEARCH PROJECT AND DISSERTATION (1ST REG)', u'MMMKT1', u'M MANAGEMENT SCIENCES (MRKTING)', u'P0', u'POST-GRAD ANNUAL REGISTRATIONS', u'D1', u'Durban Campus Full-time', u'A', u'50050382:NOEL;40000341:GOVENDER;50002084:DOCRAT;50050637:PILLAY;40012255:MOODLEY;40000262:MAHARAJ;40000284:PENCELIAH;40004057:ABDOOL;40008004:TLAPANA;40003107:VEERASAMY;HAWKINS:40010758', 8.0]
[u'RPMK511_YEAR_2018', u'RPMK511_YEAR_2017', u'RPMK511', u'RESEARCH PROJECT AND DISSERTATION (1ST REG)', u'MMMKT1', u'M MANAGEMENT SCIENCES (MRKTING)', u'P0', u'POST-GRAD ANNUAL REGISTRATIONS', u'D3', u'Durban Campus Part-time', u'A', u'50050382:NOEL;40000341:GOVENDER;50002084:DOCRAT;50050637:PILLAY;40012255:MOODLEY;40000262:MAHARAJ;40000284:PENCELIAH;40004057:ABDOOL;40008004:TLAPANA;40003107:VEERASAMY;HAWKINS:40010758', 1.0]
check 'RPMK511_YEAR_2018' 'RPMK511'
processXLS: only for SEM2 [u'RPMK511_YEAR_2018', u'RPMK511_YEAR_2017', u'RPMK511', u'RESEARCH PROJECT AND DISSERTATION (1ST REG)', u'MMMKT1', u'M MANAGEMENT SCIENCES (MRKTING)', u'P0', u'POST-GRAD ANNUAL REGISTRATIONS', u'D3', u'Durban Campus Part-time', u'A', u'50050382:NOEL;40000341:GOVENDER;50002084:DOCRAT;50050637:PILLAY;40012255:MOODLEY;40000262:MAHARAJ;40000284:PENCELIAH;40004057:ABDOOL;40008004:TLAPANA;40003107:VEERASAMY;HAWKINS:40010758', 1.0]
[u'RPMK511_YEAR_2018', u'RPMK511_YEAR_2017', u'RPMK511', u'RESEARCH PROJECT AND DISSERTATION (1ST REG)', u'MMRET1', u'M MANAGEMENT SCIENCES (RETAIL)', u'P0', u'POST-GRAD ANNUAL REGISTRATIONS', u'D1', u'Durban Campus Full-time', u'A', u'50050382:NOEL;40000341:GOVENDER;50002084:DOCRAT;50050637:PILLAY;40012255:MOODLEY;40000262:MAHARAJ;40000284:PENCELIAH;40004057:ABDOOL;40008004:TLAPANA;40003107:VEERASAMY;HAWKINS:40010758', 1.0]
check 'RPMK511_YEAR_2018' 'RPMK511'
processXLS: only for SEM2 [u'RPMK511_YEAR_2018', u'RPMK511_YEAR_2017', u'RPMK511', u'RESEARCH PROJECT AND DISSERTATION (1ST REG)', u'MMRET1', u'M MANAGEMENT SCIENCES (RETAIL)', u'P0', u'POST-GRAD ANNUAL REGISTRATIONS', u'D1', u'Durban Campus Full-time', u'A', u'50050382:NOEL;40000341:GOVENDER;50002084:DOCRAT;50050637:PILLAY;40012255:MOODLEY;40000262:MAHARAJ;40000284:PENCELIAH;40004057:ABDOOL;40008004:TLAPANA;40003107:VEERASAMY;HAWKINS:40010758', 1.0]
[u'', u'', u'', u'', u'', u'', u'', u'', u'', u'', u'', u'', u'']
check '' ''
[u'RPMK521_YEAR_2018', u'RPMK521_YEAR_2017', u'RPMK521', u'RESEARCH PROJECT AND DISSERTATION (2ND REG)', u'MMMKT1', u'M MANAGEMENT SCIENCES (MRKTING)', u'P0', u'POST-GRAD ANNUAL REGISTRATIONS', u'D1', u'Durban Campus Full-time', u'A', u'50050382:NOEL;40000341:GOVENDER;50002084:DOCRAT;50050637:PILLAY;40012255:MOODLEY;40000262:MAHARAJ;40000284:PENCELIAH;40004057:ABDOOL;40008004:TLAPANA;40003107:VEERASAMY;HAWKINS:40010758', 6.0]
check 'RPMK521_YEAR_2018' 'RPMK521'
processXLS: only for SEM2 [u'RPMK521_YEAR_2018', u'RPMK521_YEAR_2017', u'RPMK521', u'RESEARCH PROJECT AND DISSERTATION (2ND REG)', u'MMMKT1', u'M MANAGEMENT SCIENCES (MRKTING)', u'P0', u'POST-GRAD ANNUAL REGISTRATIONS', u'D1', u'Durban Campus Full-time', u'A', u'50050382:NOEL;40000341:GOVENDER;50002084:DOCRAT;50050637:PILLAY;40012255:MOODLEY;40000262:MAHARAJ;40000284:PENCELIAH;40004057:ABDOOL;40008004:TLAPANA;40003107:VEERASAMY;HAWKINS:40010758', 6.0]
[u'', u'', u'', u'', u'', u'', u'', u'', u'', u'', u'', u'', u'']
check '' ''
[u'RPMK531_YEAR_2018', u'RPMK531_YEAR_2017', u'RPMK531', u'RESEARCH PROJECT AND DISSERTATION (3RD REG)', u'MMMKT1', u'M MANAGEMENT SCIENCES (MRKTING)', u'P0', u'POST-GRAD ANNUAL REGISTRATIONS', u'D3', u'Durban Campus Part-time', u'A', u'50050382:NOEL;40000341:GOVENDER;50002084:DOCRAT;50050637:PILLAY;40012255:MOODLEY;40000262:MAHARAJ;40000284:PENCELIAH;40004057:ABDOOL;40008004:TLAPANA;40003107:VEERASAMY;HAWKINS:40010758', 1.0]
check 'RPMK531_YEAR_2018' 'RPMK531'
processXLS: only for SEM2 [u'RPMK531_YEAR_2018', u'RPMK531_YEAR_2017', u'RPMK531', u'RESEARCH PROJECT AND DISSERTATION (3RD REG)', u'MMMKT1', u'M MANAGEMENT SCIENCES (MRKTING)', u'P0', u'POST-GRAD ANNUAL REGISTRATIONS', u'D3', u'Durban Campus Part-time', u'A', u'50050382:NOEL;40000341:GOVENDER;50002084:DOCRAT;50050637:PILLAY;40012255:MOODLEY;40000262:MAHARAJ;40000284:PENCELIAH;40004057:ABDOOL;40008004:TLAPANA;40003107:VEERASAMY;HAWKINS:40010758', 1.0]
[u'', u'', u'', u'', u'', u'', u'', u'', u'', u'', u'', u'', u'']
check '' ''
[u'RPCK601_YEAR_2018', u'RPCK601_YEAR_2017', u'RPCK601', u'RESEARCH PROJECT & DISSERTATION (1ST REG)', u'DPMKT1', u'D PHIL MAN SCIENCES (MARKETING)', u'P0', u'POST-GRAD ANNUAL REGISTRATIONS', u'D1', u'Durban Campus Full-time', u'A', u'50050382:NOEL;40000341:GOVENDER;50002084:DOCRAT;50050637:PILLAY;40012255:MOODLEY;40000262:MAHARAJ;40000284:PENCELIAH;40004057:ABDOOL;40008004:TLAPANA;40003107:VEERASAMY;HAWKINS:40010758', 2.0]
check 'RPCK601_YEAR_2018' 'RPCK601'
processXLS: only for SEM2 [u'RPCK601_YEAR_2018', u'RPCK601_YEAR_2017', u'RPCK601', u'RESEARCH PROJECT & DISSERTATION (1ST REG)', u'DPMKT1', u'D PHIL MAN SCIENCES (MARKETING)', u'P0', u'POST-GRAD ANNUAL REGISTRATIONS', u'D1', u'Durban Campus Full-time', u'A', u'50050382:NOEL;40000341:GOVENDER;50002084:DOCRAT;50050637:PILLAY;40012255:MOODLEY;40000262:MAHARAJ;40000284:PENCELIAH;40004057:ABDOOL;40008004:TLAPANA;40003107:VEERASAMY;HAWKINS:40010758', 2.0]
[u'RPCK601_YEAR_2018', u'RPCK601_YEAR_2017', u'RPCK601', u'RESEARCH PROJECT & DISSERTATION (1ST REG)', u'DPMKT1', u'D PHIL MAN SCIENCES (MARKETING)', u'P0', u'POST-GRAD ANNUAL REGISTRATIONS', u'D3', u'Durban Campus Part-time', u'A', u'50050382:NOEL;40000341:GOVENDER;50002084:DOCRAT;50050637:PILLAY;40012255:MOODLEY;40000262:MAHARAJ;40000284:PENCELIAH;40004057:ABDOOL;40008004:TLAPANA;40003107:VEERASAMY;HAWKINS:40010758', 1.0]
check 'RPCK601_YEAR_2018' 'RPCK601'
processXLS: only for SEM2 [u'RPCK601_YEAR_2018', u'RPCK601_YEAR_2017', u'RPCK601', u'RESEARCH PROJECT & DISSERTATION (1ST REG)', u'DPMKT1', u'D PHIL MAN SCIENCES (MARKETING)', u'P0', u'POST-GRAD ANNUAL REGISTRATIONS', u'D3', u'Durban Campus Part-time', u'A', u'50050382:NOEL;40000341:GOVENDER;50002084:DOCRAT;50050637:PILLAY;40012255:MOODLEY;40000262:MAHARAJ;40000284:PENCELIAH;40004057:ABDOOL;40008004:TLAPANA;40003107:VEERASAMY;HAWKINS:40010758', 1.0]
[u'RPCK601_YEAR_2018', u'RPCK601_YEAR_2017', u'RPCK601', u'RESEARCH PROJECT & DISSERTATION (1ST REG)', u'DPRET1', u'D PHIL MAN SCIENCES (RETAIL)', u'P0', u'POST-GRAD ANNUAL REGISTRATIONS', u'D1', u'Durban Campus Full-time', u'A', u'50050382:NOEL;40000341:GOVENDER;50002084:DOCRAT;50050637:PILLAY;40012255:MOODLEY;40000262:MAHARAJ;40000284:PENCELIAH;40004057:ABDOOL;40008004:TLAPANA;40003107:VEERASAMY;HAWKINS:40010758', 1.0]
check 'RPCK601_YEAR_2018' 'RPCK601'
processXLS: only for SEM2 [u'RPCK601_YEAR_2018', u'RPCK601_YEAR_2017', u'RPCK601', u'RESEARCH PROJECT & DISSERTATION (1ST REG)', u'DPRET1', u'D PHIL MAN SCIENCES (RETAIL)', u'P0', u'POST-GRAD ANNUAL REGISTRATIONS', u'D1', u'Durban Campus Full-time', u'A', u'50050382:NOEL;40000341:GOVENDER;50002084:DOCRAT;50050637:PILLAY;40012255:MOODLEY;40000262:MAHARAJ;40000284:PENCELIAH;40004057:ABDOOL;40008004:TLAPANA;40003107:VEERASAMY;HAWKINS:40010758', 1.0]
[u'', u'', u'', u'', u'', u'', u'', u'', u'', u'', u'', u'', u'']
check '' ''
[u'RPCK611_YEAR_2018', u'RPCK611_YEAR_2017', u'RPCK611', u'RESEARCH PROJECT & DISSERTATION (2ND REG)', u'DPMKT1', u'D PHIL MAN SCIENCES (MARKETING)', u'P0', u'POST-GRAD ANNUAL REGISTRATIONS', u'D1', u'Durban Campus Full-time', u'A', u'50050382:NOEL;40000341:GOVENDER;50002084:DOCRAT;50050637:PILLAY;40012255:MOODLEY;40000262:MAHARAJ;40000284:PENCELIAH;40004057:ABDOOL;40008004:TLAPANA;40003107:VEERASAMY', 2.0]
check 'RPCK611_YEAR_2018' 'RPCK611'
processXLS: only for SEM2 [u'RPCK611_YEAR_2018', u'RPCK611_YEAR_2017', u'RPCK611', u'RESEARCH PROJECT & DISSERTATION (2ND REG)', u'DPMKT1', u'D PHIL MAN SCIENCES (MARKETING)', u'P0', u'POST-GRAD ANNUAL REGISTRATIONS', u'D1', u'Durban Campus Full-time', u'A', u'50050382:NOEL;40000341:GOVENDER;50002084:DOCRAT;50050637:PILLAY;40012255:MOODLEY;40000262:MAHARAJ;40000284:PENCELIAH;40004057:ABDOOL;40008004:TLAPANA;40003107:VEERASAMY', 2.0]
[u'RPCK611_YEAR_2018', u'RPCK611_YEAR_2017', u'RPCK611', u'RESEARCH PROJECT & DISSERTATION (2ND REG)', u'DPMKT1', u'D PHIL MAN SCIENCES (MARKETING)', u'P0', u'POST-GRAD ANNUAL REGISTRATIONS', u'D3', u'Durban Campus Part-time', u'A', u'50050382:NOEL;40000341:GOVENDER;50002084:DOCRAT;50050637:PILLAY;40012255:MOODLEY;40000262:MAHARAJ;40000284:PENCELIAH;40004057:ABDOOL;40008004:TLAPANA;40003107:VEERASAMY;HAWKINS:40010758', 2.0]
check 'RPCK611_YEAR_2018' 'RPCK611'
processXLS: only for SEM2 [u'RPCK611_YEAR_2018', u'RPCK611_YEAR_2017', u'RPCK611', u'RESEARCH PROJECT & DISSERTATION (2ND REG)', u'DPMKT1', u'D PHIL MAN SCIENCES (MARKETING)', u'P0', u'POST-GRAD ANNUAL REGISTRATIONS', u'D3', u'Durban Campus Part-time', u'A', u'50050382:NOEL;40000341:GOVENDER;50002084:DOCRAT;50050637:PILLAY;40012255:MOODLEY;40000262:MAHARAJ;40000284:PENCELIAH;40004057:ABDOOL;40008004:TLAPANA;40003107:VEERASAMY;HAWKINS:40010758', 2.0]
[u'', u'', u'', u'', u'', u'', u'', u'', u'', u'', u'', u'', u'']
check '' ''
[u'RPCK621_YEAR_2018', u'RPCK621_YEAR_2017', u'RPCK621', u'RESEARCH PROJECT & DISSERTATION (3RD REG)', u'DPMKT1', u'D PHIL MAN SCIENCES (MARKETING)', u'11', u'YEAR', u'D3', u'Durban Campus Part-time', u'A', u'50050382:NOEL;40000341:GOVENDER;50002084:DOCRAT;50050637:PILLAY;40012255:MOODLEY;40000262:MAHARAJ;40000284:PENCELIAH;40004057:ABDOOL;40008004:TLAPANA;40003107:VEERASAMY;HAWKINS:40010758', 1.0]
check 'RPCK621_YEAR_2018' 'RPCK621'
processXLS: only for SEM2 [u'RPCK621_YEAR_2018', u'RPCK621_YEAR_2017', u'RPCK621', u'RESEARCH PROJECT & DISSERTATION (3RD REG)', u'DPMKT1', u'D PHIL MAN SCIENCES (MARKETING)', u'11', u'YEAR', u'D3', u'Durban Campus Part-time', u'A', u'50050382:NOEL;40000341:GOVENDER;50002084:DOCRAT;50050637:PILLAY;40012255:MOODLEY;40000262:MAHARAJ;40000284:PENCELIAH;40004057:ABDOOL;40008004:TLAPANA;40003107:VEERASAMY;HAWKINS:40010758', 1.0]
[u'RPCK621_YEAR_2018', u'RPCK621_YEAR_2017', u'RPCK621', u'RESEARCH PROJECT & DISSERTATION (3RD REG)', u'DPMKT1', u'D PHIL MAN SCIENCES (MARKETING)', u'P0', u'POST-GRAD ANNUAL REGISTRATIONS', u'D3', u'Durban Campus Part-time', u'A', u'50050382:NOEL;40000341:GOVENDER;50002084:DOCRAT;50050637:PILLAY;40012255:MOODLEY;40000262:MAHARAJ;40000284:PENCELIAH;40004057:ABDOOL;40008004:TLAPANA;40003107:VEERASAMY;HAWKINS:40010758', 2.0]
check 'RPCK621_YEAR_2018' 'RPCK621'
processXLS: only for SEM2 [u'RPCK621_YEAR_2018', u'RPCK621_YEAR_2017', u'RPCK621', u'RESEARCH PROJECT & DISSERTATION (3RD REG)', u'DPMKT1', u'D PHIL MAN SCIENCES (MARKETING)', u'P0', u'POST-GRAD ANNUAL REGISTRATIONS', u'D3', u'Durban Campus Part-time', u'A', u'50050382:NOEL;40000341:GOVENDER;50002084:DOCRAT;50050637:PILLAY;40012255:MOODLEY;40000262:MAHARAJ;40000284:PENCELIAH;40004057:ABDOOL;40008004:TLAPANA;40003107:VEERASAMY;HAWKINS:40010758', 2.0]
[u'', u'', u'', u'', u'', u'', u'', u'', u'', u'', u'', u'', u'']
check '' ''
[u'RPMK611_YEAR_2018', u'RPMK611_YEAR_2017', u'RPMK611', u'RESEARCH PROJECT & DISSERTATION (1ST REG)', u'DPMKT1', u'D PHIL MAN SCIENCES (MARKETING)', u'P0', u'POST-GRAD ANNUAL REGISTRATIONS', u'D1', u'Durban Campus Full-time', u'A', u'50050382:NOEL;40000341:GOVENDER;50002084:DOCRAT;50050637:PILLAY;40012255:MOODLEY;40000262:MAHARAJ;40000284:PENCELIAH;40004057:ABDOOL;40008004:TLAPANA;40003107:VEERASAMY;HAWKINS:40010758', 4.0]
check 'RPMK611_YEAR_2018' 'RPMK611'
processXLS: only for SEM2 [u'RPMK611_YEAR_2018', u'RPMK611_YEAR_2017', u'RPMK611', u'RESEARCH PROJECT & DISSERTATION (1ST REG)', u'DPMKT1', u'D PHIL MAN SCIENCES (MARKETING)', u'P0', u'POST-GRAD ANNUAL REGISTRATIONS', u'D1', u'Durban Campus Full-time', u'A', u'50050382:NOEL;40000341:GOVENDER;50002084:DOCRAT;50050637:PILLAY;40012255:MOODLEY;40000262:MAHARAJ;40000284:PENCELIAH;40004057:ABDOOL;40008004:TLAPANA;40003107:VEERASAMY;HAWKINS:40010758', 4.0]
[u'RPMK611_YEAR_2018', u'RPMK611_YEAR_2017', u'RPMK611', u'RESEARCH PROJECT & DISSERTATION (1ST REG)', u'DPMKT1', u'D PHIL MAN SCIENCES (MARKETING)', u'P0', u'POST-GRAD ANNUAL REGISTRATIONS', u'D3', u'Durban Campus Part-time', u'A', u'50050382:NOEL;40000341:GOVENDER;50002084:DOCRAT;50050637:PILLAY;40012255:MOODLEY;40000262:MAHARAJ;40000284:PENCELIAH;40004057:ABDOOL;40008004:TLAPANA;40003107:VEERASAMY;HAWKINS:40010758', 1.0]
check 'RPMK611_YEAR_2018' 'RPMK611'
processXLS: only for SEM2 [u'RPMK611_YEAR_2018', u'RPMK611_YEAR_2017', u'RPMK611', u'RESEARCH PROJECT & DISSERTATION (1ST REG)', u'DPMKT1', u'D PHIL MAN SCIENCES (MARKETING)', u'P0', u'POST-GRAD ANNUAL REGISTRATIONS', u'D3', u'Durban Campus Part-time', u'A', u'50050382:NOEL;40000341:GOVENDER;50002084:DOCRAT;50050637:PILLAY;40012255:MOODLEY;40000262:MAHARAJ;40000284:PENCELIAH;40004057:ABDOOL;40008004:TLAPANA;40003107:VEERASAMY;HAWKINS:40010758', 1.0]
[u'RPMK611_YEAR_2018', u'RPMK611_YEAR_2017', u'RPMK611', u'RESEARCH PROJECT & DISSERTATION (1ST REG)', u'DPRET1', u'D PHIL MAN SCIENCES (RETAIL)', u'P0', u'POST-GRAD ANNUAL REGISTRATIONS', u'D1', u'Durban Campus Full-time', u'A', u'50050382:NOEL;40000341:GOVENDER;50002084:DOCRAT;50050637:PILLAY;40012255:MOODLEY;40000262:MAHARAJ;40000284:PENCELIAH;40004057:ABDOOL;40008004:TLAPANA;40003107:VEERASAMY;HAWKINS:40010758', 1.0]
check 'RPMK611_YEAR_2018' 'RPMK611'
processXLS: only for SEM2 [u'RPMK611_YEAR_2018', u'RPMK611_YEAR_2017', u'RPMK611', u'RESEARCH PROJECT & DISSERTATION (1ST REG)', u'DPRET1', u'D PHIL MAN SCIENCES (RETAIL)', u'P0', u'POST-GRAD ANNUAL REGISTRATIONS', u'D1', u'Durban Campus Full-time', u'A', u'50050382:NOEL;40000341:GOVENDER;50002084:DOCRAT;50050637:PILLAY;40012255:MOODLEY;40000262:MAHARAJ;40000284:PENCELIAH;40004057:ABDOOL;40008004:TLAPANA;40003107:VEERASAMY;HAWKINS:40010758', 1.0]
[u'', u'', u'', u'', u'', u'', u'', u'', u'', u'', u'', u'', u'']
check '' ''
[u'MKPR201_SEM1_2018', u'', u'MKPR201', u'MARKETING FOR PUBLIC RELATIONS - 2018', u'DIMPC1', u'Diploma in Management Sciences (Specialising in Public Relations and Communications Management)', u'11', u'SEM1', u'D3', u'Durban Campus Full-time', u'A', u'40003107:VEERASAMY', 1.0]
check 'MKPR201_SEM1_2018' 'MKPR201'
processXLS: only for SEM2 [u'MKPR201_SEM1_2018', u'', u'MKPR201', u'MARKETING FOR PUBLIC RELATIONS - 2018', u'DIMPC1', u'Diploma in Management Sciences (Specialising in Public Relations and Communications Management)', u'11', u'SEM1', u'D3', u'Durban Campus Full-time', u'A', u'40003107:VEERASAMY', 1.0]
[u'', u'', u'', u'', u'', u'', u'', u'', u'', u'', u'', u'', u'']
check '' ''
[u'APRT201_SEM2_2018', u'template_2018', u'APRT201', u'APPLIED RETAIL ', u'DIMRM1', u'DIP IN MANAGEMENT SCIENCES (RETAIL MAN)', 22.0, u'SEMESTER 2', u'D1', u'Durban Campus Full-time', u'A', u'50002055:CORBISHLEY;40008004:TLAPANA', 75.0]
check 'APRT201_SEM2_2018' 'APRT201'
processXLS: only for SEM2 [u'APRT201_SEM2_2018', u'template_2018', u'APRT201', u'APPLIED RETAIL ', u'DIMRM1', u'DIP IN MANAGEMENT SCIENCES (RETAIL MAN)', 22.0, u'SEMESTER 2', u'D1', u'Durban Campus Full-time', u'A', u'50002055:CORBISHLEY;40008004:TLAPANA', 75.0]
[u'', u'', u'', u'', u'', u'', u'', u'', u'', u'', u'', u'', u'']
check '' ''
[u'RTMM201_SEM1_2018', u'template_2018', u'RTMM201', u'RETAIL MERCHANDISE MANAGEMENT ', u'DIMRM1', u'DIP IN MANAGEMENT SCIENCES (RETAIL MAN)', 21.0, u'SEMESTER 1', u'D1', u'Durban Campus Full-time', u'A', u'50002055:CORBISHLEY;40008004:TLAPANA', 75.0]
check 'RTMM201_SEM1_2018' 'RTMM201'
processXLS: only for SEM2 [u'RTMM201_SEM1_2018', u'template_2018', u'RTMM201', u'RETAIL MERCHANDISE MANAGEMENT ', u'DIMRM1', u'DIP IN MANAGEMENT SCIENCES (RETAIL MAN)', 21.0, u'SEMESTER 1', u'D1', u'Durban Campus Full-time', u'A', u'50002055:CORBISHLEY;40008004:TLAPANA', 75.0]
[u'', u'', u'', u'', u'', u'', u'', u'', u'', u'', u'', u'', u'']
check '' ''
[u'RTBY201_SEM2_2018', u'template_2018', u'RTBY201', u'RETAIL BUYING ', u'DIMRM1', u'DIP IN MANAGEMENT SCIENCES (RETAIL MAN)', 22.0, u'SEMESTER 2', u'D1', u'Durban Campus Full-time', u'A', u'50002055:CORBISHLEY;40008004:TLAPANA', 75.0]
check 'RTBY201_SEM2_2018' 'RTBY201'
processXLS: only for SEM2 [u'RTBY201_SEM2_2018', u'template_2018', u'RTBY201', u'RETAIL BUYING ', u'DIMRM1', u'DIP IN MANAGEMENT SCIENCES (RETAIL MAN)', 22.0, u'SEMESTER 2', u'D1', u'Durban Campus Full-time', u'A', u'50002055:CORBISHLEY;40008004:TLAPANA', 75.0]
[u'', u'', u'', u'', u'', u'', u'', u'', u'', u'', u'', u'', u'']
check '' ''
[u'LGST201_SEM1_2018', u'template_2018', u'LGST201', u'LOGISTICS ', u'DIMRM1', u'DIP IN MANAGEMENT SCIENCES (RETAIL MAN)', 21.0, u'SEMESTER 1', u'D1', u'Durban Campus Full-time', u'A', u'50050382:NOEL;50002055:CORBISHLEY;40008004:TLAPANA', 75.0]
check 'LGST201_SEM1_2018' 'LGST201'
processXLS: only for SEM2 [u'LGST201_SEM1_2018', u'template_2018', u'LGST201', u'LOGISTICS ', u'DIMRM1', u'DIP IN MANAGEMENT SCIENCES (RETAIL MAN)', 21.0, u'SEMESTER 1', u'D1', u'Durban Campus Full-time', u'A', u'50050382:NOEL;50002055:CORBISHLEY;40008004:TLAPANA', 75.0]
[u'', u'', u'', u'', u'', u'', u'', u'', u'', u'', u'', u'', u'']
check '' ''
[u' MRKP201_SEM1_2018', u'template_2018', u' MRKP201', u'MARKETING FOR PUBLIC RELATIONS  ', u'DIMPR1', u'DIP IN MANAGEMENT SCIENCES (PUBLIC REL)', 21.0, u'SEMESTER 1', u'D1', u'Durban Campus Full-time', u'A', u'40003107:VEERASAMY;40004057:ABDOOL;40008004:TLAPANA;', 85.0]
check 'MRKP201_SEM1_2018' 'MRKP201'
processXLS: only for SEM2 [u' MRKP201_SEM1_2018', u'template_2018', u' MRKP201', u'MARKETING FOR PUBLIC RELATIONS  ', u'DIMPR1', u'DIP IN MANAGEMENT SCIENCES (PUBLIC REL)', 21.0, u'SEMESTER 1', u'D1', u'Durban Campus Full-time', u'A', u'40003107:VEERASAMY;40004057:ABDOOL;40008004:TLAPANA;', 85.0]
[u'', u'', u'', u'', u'', u'', u'', u'', u'', u'', u'', u'', u'']
check '' ''
[u'MKCB201_SEM2_2018', u'template_2018', u'MKCB201', u'MARKETING COMMUNICATION B   ', u'DIMMK1', u'DIP IN MANAGEMENT SCIENCES (MARKETING)', 22.0, u'SEMESTER 2', u'D1', u'Durban Campus Full-time', u'A', u'50050637:PILLAY;40010758:HAWKINS;40004057:ABDOOL;40008004:TLAPANA', 130.0]
check 'MKCB201_SEM2_2018' 'MKCB201'
processXLS: only for SEM2 [u'MKCB201_SEM2_2018', u'template_2018', u'MKCB201', u'MARKETING COMMUNICATION B   ', u'DIMMK1', u'DIP IN MANAGEMENT SCIENCES (MARKETING)', 22.0, u'SEMESTER 2', u'D1', u'Durban Campus Full-time', u'A', u'50050637:PILLAY;40010758:HAWKINS;40004057:ABDOOL;40008004:TLAPANA', 130.0]
[u'', u'', u'', u'', u'', u'', u'', u'', u'', u'', u'', u'', u'']
check '' ''
[u'PRCG201_SEM1_2018', u'template_2018', u'PRCG201', u'PRICING ', u'DIMMK1', u'DIP IN MANAGEMENT SCIENCES (MARKETING)', 21.0, u'SEMESTER 1', u'D1', u'Durban Campus Full-time', u'A', u'40000284:PENCELIAH;ABDOOL;40008004:TLAPANA;40010758:HAWKINS', 130.0]
check 'PRCG201_SEM1_2018' 'PRCG201'
processXLS: only for SEM2 [u'PRCG201_SEM1_2018', u'template_2018', u'PRCG201', u'PRICING ', u'DIMMK1', u'DIP IN MANAGEMENT SCIENCES (MARKETING)', 21.0, u'SEMESTER 1', u'D1', u'Durban Campus Full-time', u'A', u'40000284:PENCELIAH;ABDOOL;40008004:TLAPANA;40010758:HAWKINS', 130.0]
[u'', u'', u'', u'', u'', u'', u'', u'', u'', u'', u'', u'', u'']
check '' ''
[u'PCTM201_SEM1_2018', u'template_2018', u'PCTM201', u'PRODUCT MANAGEMENT ', u'DIMMK1', u'DIP IN MANAGEMENT SCIENCES (MARKETING)', 21.0, u'SEMESTER 1', u'D1', u'Durban Campus Full-time', u'A', u'40012255:MOODLEY;40010758:HAWKINS;40008004:TLAPANA', 130.0]
check 'PCTM201_SEM1_2018' 'PCTM201'
processXLS: only for SEM2 [u'PCTM201_SEM1_2018', u'template_2018', u'PCTM201', u'PRODUCT MANAGEMENT ', u'DIMMK1', u'DIP IN MANAGEMENT SCIENCES (MARKETING)', 21.0, u'SEMESTER 1', u'D1', u'Durban Campus Full-time', u'A', u'40012255:MOODLEY;40010758:HAWKINS;40008004:TLAPANA', 130.0]
[u'', u'', u'', u'', u'', u'', u'', u'', u'', u'', u'', u'', u'']
check '' ''
[u'BRDM201_SEM2_2018', u'template_2018', u'BRDM201', u'BRAND MANAGEMENT ', u'DIMMK1', u'DIP IN MANAGEMENT SCIENCES (MARKETING)', 22.0, u'SEMESTER 2', u'D1', u'Durban Campus Full-time', u'A', u'40000262:MAHARAJ;40010758:HAWKINS;40008004:TLAPANA', 130.0]
check 'BRDM201_SEM2_2018' 'BRDM201'
processXLS: only for SEM2 [u'BRDM201_SEM2_2018', u'template_2018', u'BRDM201', u'BRAND MANAGEMENT ', u'DIMMK1', u'DIP IN MANAGEMENT SCIENCES (MARKETING)', 22.0, u'SEMESTER 2', u'D1', u'Durban Campus Full-time', u'A', u'40000262:MAHARAJ;40010758:HAWKINS;40008004:TLAPANA', 130.0]
[u'', u'', u'', u'', u'', u'', u'', u'', u'', u'', u'', u'', u'']
check '' ''
[u'MPLN201_SEM2_2018', u'template_2018', u'MPLN201', u'MARKETING PLANNING ', u'DIMMK1', u'DIP IN MANAGEMENT SCIENCES (MARKETING)', 22.0, u'SEMESTER 2', u'D1', u'Durban Campus Full-time', u'A', u'40000262:MAHARAJ;40010758:HAWKINS;40008004:TLAPANA', 130.0]
check 'MPLN201_SEM2_2018' 'MPLN201'
processXLS: only for SEM2 [u'MPLN201_SEM2_2018', u'template_2018', u'MPLN201', u'MARKETING PLANNING ', u'DIMMK1', u'DIP IN MANAGEMENT SCIENCES (MARKETING)', 22.0, u'SEMESTER 2', u'D1', u'Durban Campus Full-time', u'A', u'40000262:MAHARAJ;40010758:HAWKINS;40008004:TLAPANA', 130.0]
[u'', u'', u'', u'', u'', u'', u'', u'', u'', u'', u'', u'', u'']
check '' ''
[u'WKPR101_SEM2_2018', u'template_2018', u'WKPR101', u'WORK PREP RETAIL ', u'DIMMK1', u'DIP IN MANAGEMENT SCIENCES (MARKETING)', 22.0, u'SEMESTER 2', u'D1', u'Durban Campus Full-time', u'A', u'50050637:PILLAY;40010758:HAWKINS;40004057:ABDOOL;40008004:TLAPANA', 130.0]
check 'WKPR101_SEM2_2018' 'WKPR101'
processXLS: only for SEM2 [u'WKPR101_SEM2_2018', u'template_2018', u'WKPR101', u'WORK PREP RETAIL ', u'DIMMK1', u'DIP IN MANAGEMENT SCIENCES (MARKETING)', 22.0, u'SEMESTER 2', u'D1', u'Durban Campus Full-time', u'A', u'50050637:PILLAY;40010758:HAWKINS;40004057:ABDOOL;40008004:TLAPANA', 130.0]
[u'', u'', u'', u'', u'', u'', u'', u'', u'', u'', u'', u'', u'']
check '' ''
[u'WKPR101_SEM2_2018', u'template_2018', u'WKPR101', u'WORK PREP RETAIL ', u'DIMRM1', u'DIP IN MANAGEMENT SCIENCES (RETAIL MAN)', 22.0, u'SEMESTER 2', u'D1', u'Durban Campus Full-time', u'A', u'40010758:HAWKINS;40004057:ABDOOL;40008004:TLAPANA;50002055:CORBISHLEY', 70.0]
check 'WKPR101_SEM2_2018' 'WKPR101'
processXLS: only for SEM2 [u'WKPR101_SEM2_2018', u'template_2018', u'WKPR101', u'WORK PREP RETAIL ', u'DIMRM1', u'DIP IN MANAGEMENT SCIENCES (RETAIL MAN)', 22.0, u'SEMESTER 2', u'D1', u'Durban Campus Full-time', u'A', u'40010758:HAWKINS;40004057:ABDOOL;40008004:TLAPANA;50002055:CORBISHLEY', 70.0]
[u'', u'', u'', u'', u'', u'', u'', u'', u'', u'', u'', u'', u'']
check '' ''
[u'VCMN201_SEM1_2018', u'template_2018', u'VCMN201', u'VALUE CHAIN ', u'DIMMK1', u'DIP IN MANAGEMENT SCIENCES (MARKETING)', 21.0, u'SEMESTER 1', u'D1', u'Durban Campus Full-time', u'A', u'50002084:DOCRAT;40004057:ABDOOL;40008004:TLAPANA;40010758:HAWKINS', 130.0]
check 'VCMN201_SEM1_2018' 'VCMN201'
processXLS: only for SEM2 [u'VCMN201_SEM1_2018', u'template_2018', u'VCMN201', u'VALUE CHAIN ', u'DIMMK1', u'DIP IN MANAGEMENT SCIENCES (MARKETING)', 21.0, u'SEMESTER 1', u'D1', u'Durban Campus Full-time', u'A', u'50002084:DOCRAT;40004057:ABDOOL;40008004:TLAPANA;40010758:HAWKINS', 130.0]
[u'', u'', u'', u'', u'', u'', u'', u'', u'', u'', u'', u'', u'']
check '' ''
[u'RBUY201_SEM2_2018', u'template_2018', u'RBUY201', u'RETAIL BUYING', u'DIMRM1', u'DIP IN MANAGEMENT SCIENCES (RETAIL MAN)', 22.0, u'SEMESTER 2', u'D1', u'Durban Campus Full-time', u'A', u'50002055:CORBISHLEY;', u'']
check 'RBUY201_SEM2_2018' 'RBUY201'
processXLS: only for SEM2 [u'RBUY201_SEM2_2018', u'template_2018', u'RBUY201', u'RETAIL BUYING', u'DIMRM1', u'DIP IN MANAGEMENT SCIENCES (RETAIL MAN)', 22.0, u'SEMESTER 2', u'D1', u'Durban Campus Full-time', u'A', u'50002055:CORBISHLEY;', u'']
processXLS: finished processing workingSheets/data/BBC3314MarketingAndRetailMngt2017.xls
getWS: requesting:  http://10.0.100.98:8000/itsenrol/classlist/2018/22/MKEN201 rsp= <Response [200]>
getWS: requesting:  http://10.0.100.98:8000/bbinfo/classlist/MKEN201 rsp= <Response [200]>
getNewStudentsInSubject: ITS 111, BB 3 -> 111 new enrollments
getWS: requesting:  http://10.0.100.98:8000/itsenrol/classlist/2018/22/BCLT101 rsp= <Response [200]>
getWS: requesting:  http://10.0.100.98:8000/bbinfo/classlist/BCLT101 rsp= <Response [200]>
getNewStudentsInSubject: ITS 199, BB 6 -> 199 new enrollments
getWS: requesting:  http://10.0.100.98:8000/itsenrol/classlist/2018/22/MKMT201 rsp= <Response [200]>
getWS: requesting:  http://10.0.100.98:8000/bbinfo/classlist/MKMT201 rsp= <Response [200]>
getNewStudentsInSubject: ITS 111, BB 3 -> 111 new enrollments
getWS: requesting:  http://10.0.100.98:8000/itsenrol/classlist/2018/22/INDS201 rsp= <Response [200]>
getWS: requesting:  http://10.0.100.98:8000/bbinfo/classlist/INDS201 rsp= <Response [200]>
getNewStudentsInSubject: ITS 12, BB 3 -> 12 new enrollments
getWS: requesting:  http://10.0.100.98:8000/itsenrol/classlist/2018/22/MKSEG201 rsp= <Response [200]>
getWS: requesting:  http://10.0.100.98:8000/bbinfo/classlist/MKSEG201 rsp= <Response [200]>
getNewStudentsInSubject: ITS 0, BB 3 -> 0 new enrollments
getWS: requesting:  http://10.0.100.98:8000/itsenrol/classlist/2018/22/MKFN101 rsp= <Response [200]>
WARN: subject MKFN101 has no students, no Bb classrooms
getWS: requesting:  http://10.0.100.98:8000/itsenrol/classlist/2018/22/BSTD223 rsp= <Response [200]>
getWS: requesting:  http://10.0.100.98:8000/bbinfo/classlist/BSTD223 rsp= <Response [200]>
getNewStudentsInSubject: ITS 21, BB 6 -> 21 new enrollments
getWS: requesting:  http://10.0.100.98:8000/itsenrol/classlist/2018/22/TSTM101 rsp= <Response [200]>
getWS: requesting:  http://10.0.100.98:8000/bbinfo/classlist/TSTM101 rsp= <Response [200]>
getNewStudentsInSubject: ITS 200, BB 1 -> 200 new enrollments
main: Writing students...
main: Writing enrollments...
main: Finished processing workingSheets/data/BBC3314MarketingAndRetailMngt2017.xls
main: 8 subjects processed
main: 10 subject -> classroom maps
main: 347 students
main: 654 student enrollments 1 errors
ERROR: subject MKFN101 has no students, no Bb classrooms
0.27user 0.10system 0:02.44elapsed 15%CPU (0avgtext+0avgdata 59968maxresident)k
0inputs+160outputs (0major+7244minor)pagefaults 0swaps
POSTING SNAPSHOTS to SIS endpoint
TEST RUN, NOT POSTING BBSTUDENTS
TEST RUN, NOT POSTIN BBENROL
copy snapshot files to saved output
=== department done ===
syncing logs...
Pushing logs from logs/20180723111852 to remote...
sending incremental file list
./
BBC3314MarketingAndRetailMngt2017.BBENROL.txt
BBC3314MarketingAndRetailMngt2017.BBSTUDENTS.txt
BBC3314MarketingAndRetailMngt2017.Enrolomat.txt
BBC3314MarketingAndRetailMngt2017.Postlog.txt

sent 152447 bytes  received 91 bytes  9841.16 bytes/sec
total size is 4805382  speedup is 31.50
logging to logs/20180723111852
=== generate newenrollments for BBC3401BiotechnologyFoodTech2017. ===
GENERATE SNAPSHOTS...
./BBCIncrementalEnrollerX2.py : generating enrolment files for subjects in  workingSheets/data/BBC3401BiotechnologyFoodTech2017.xls
processXLS: start spreadsheet workingSheets/data/BBC3401BiotechnologyFoodTech2017.xls
[u'2018 Blackboard Classrooms for Department: 3401 - BIOTECHNOLOGY & FOOD TECH', u'', u'', u'', u'', u'', u'', u'', u'', u'', u'', u'', u'']
check '2018 Blackboard Classrooms for Department: 3401 - BIOTECHNOLOGY & FOOD TECH' ''
[u'', u'', u'', u'', u'', u'', u'', u'', u'', u'', u'', u'', u'']
check '' ''
[u'BB Classroom', u'Migrate Classroom', u'ITS Subject', u'', u'ITS Qualification', u'', u'Block', u'', u'Off Type', u'', u'Grp', u'Lecturer(s)', u'2016 Enrol']
check 'BB Classroom' 'ITS Subject'
[u'BCHE101_SEM1_2018', u'BCHE101_SEM1_2017', u'BCHE101', u'BIOCHEMISTRY', u'BHHOM1', u'BH:  HOMOEOPATHY', u'21', u'SEMESTER 1', u'D1', u'Durban Campus Full-time', u'A', u'', 16.0]
check 'BCHE101_SEM1_2018' 'BCHE101'
processXLS: only for SEM2 [u'BCHE101_SEM1_2018', u'BCHE101_SEM1_2017', u'BCHE101', u'BIOCHEMISTRY', u'BHHOM1', u'BH:  HOMOEOPATHY', u'21', u'SEMESTER 1', u'D1', u'Durban Campus Full-time', u'A', u'', 16.0]
[u'', u'', u'', u'', u'', u'', u'', u'', u'', u'', u'', u'', u'']
check '' ''
[u'BIOD101_SEM1_2018', u'BIOD101_SEM1_2017', u'BIOD101', u'BIODIVERSITY AND ECOLOGY I', u'NDBIO2', u'ND: BIOTECHNOLOGY', u'21', u'SEMESTER 1', u'D1', u'Durban Campus Full-time', u'A', u'40000530:MOHANLALL; 40004196:MELLEM', 90.0]
check 'BIOD101_SEM1_2018' 'BIOD101'
processXLS: only for SEM2 [u'BIOD101_SEM1_2018', u'BIOD101_SEM1_2017', u'BIOD101', u'BIODIVERSITY AND ECOLOGY I', u'NDBIO2', u'ND: BIOTECHNOLOGY', u'21', u'SEMESTER 1', u'D1', u'Durban Campus Full-time', u'A', u'40000530:MOHANLALL; 40004196:MELLEM', 90.0]
[u'BIOD101_SEM1_2018', u'BIOD101_SEM1_2017', u'BIOD101', u'BIODIVERSITY AND ECOLOGY I', u'NDBTF1', u'ND: BIOTECHNOLOGY (4 YEARS)', u'21', u'SEMESTER 1', u'D1', u'Durban Campus Full-time', u'A', u'40000530:MOHANLALL; 40004196:MELLEM', 15.0]
check 'BIOD101_SEM1_2018' 'BIOD101'
processXLS: only for SEM2 [u'BIOD101_SEM1_2018', u'BIOD101_SEM1_2017', u'BIOD101', u'BIODIVERSITY AND ECOLOGY I', u'NDBTF1', u'ND: BIOTECHNOLOGY (4 YEARS)', u'21', u'SEMESTER 1', u'D1', u'Durban Campus Full-time', u'A', u'40000530:MOHANLALL; 40004196:MELLEM', 15.0]
[u'BIOD101_SEM1_2018', u'BIOD101_SEM1_2017', u'BIOD101', u'BIODIVERSITY AND ECOLOGY I', u'NODIP2', u'NON-DIPLOMA PURPOSE (APP SC)', u'21', u'SEMESTER 1', u'D7', u'DBN FULL-TIME NON-SUBSIDISED', u'A', u'40000530:MOHANLALL; 40004196:MELLEM', 1.0]
check 'BIOD101_SEM1_2018' 'BIOD101'
processXLS: only for SEM2 [u'BIOD101_SEM1_2018', u'BIOD101_SEM1_2017', u'BIOD101', u'BIODIVERSITY AND ECOLOGY I', u'NODIP2', u'NON-DIPLOMA PURPOSE (APP SC)', u'21', u'SEMESTER 1', u'D7', u'DBN FULL-TIME NON-SUBSIDISED', u'A', u'40000530:MOHANLALL; 40004196:MELLEM', 1.0]
[u'', u'', u'', u'', u'', u'', u'', u'', u'', u'', u'', u'', u'']
check '' ''
[u'BIOG102_YEAR_2018', u'BIOG102_YEAR_2017', u'BIOG102', u'BIOLOGY I', u'NDCHF1', u'ND: CHIROPRACTIC (4 YEARS)', u'11', u'YEAR', u'D1', u'Durban Campus Full-time', u'A', u'', 1.0]
check 'BIOG102_YEAR_2018' 'BIOG102'
processXLS: only for SEM2 [u'BIOG102_YEAR_2018', u'BIOG102_YEAR_2017', u'BIOG102', u'BIOLOGY I', u'NDCHF1', u'ND: CHIROPRACTIC (4 YEARS)', u'11', u'YEAR', u'D1', u'Durban Campus Full-time', u'A', u'', 1.0]
[u'BIOG102_YEAR_2018', u'BIOG102_YEAR_2017', u'BIOG102', u'BIOLOGY I', u'NDCHR1', u'ND: CHIROPRACTIC', u'11', u'YEAR', u'D1', u'Durban Campus Full-time', u'A', u'', 31.0]
check 'BIOG102_YEAR_2018' 'BIOG102'
processXLS: only for SEM2 [u'BIOG102_YEAR_2018', u'BIOG102_YEAR_2017', u'BIOG102', u'BIOLOGY I', u'NDCHR1', u'ND: CHIROPRACTIC', u'11', u'YEAR', u'D1', u'Durban Campus Full-time', u'A', u'', 31.0]
[u'', u'', u'', u'', u'', u'', u'', u'', u'', u'', u'', u'', u'']
check '' ''
[u'BIST101_SEM2_2018', u'BIST101_SEM2_2017', u'BIST101', u'BIOSTATISTICS I', u'NDBTF1', u'ND: BIOTECHNOLOGY (4 YEARS)', u'22', u'SEMESTER 2', u'D1', u'Durban Campus Full-time', u'A', u'40002390:PERMAUL', 14.0]
check 'BIST101_SEM2_2018' 'BIST101'
adding  BIST101
requesting:  http://10.0.100.98:8000/bbinfo/matching_courses/BIST101%25
r= <Response [200]>
matching classes= set([u'BIST101_SEM2_2017', u'BIST101_SEM2_2016', u'BIST101_SEM2_2018'])
[u'BIST101_SEM2_2018', u'BIST101_SEM2_2017', u'BIST101', u'BIOSTATISTICS I', u'NDFTF1', u'ND: FOOD TECHNOLOGY (4 YEARS)', u'22', u'SEMESTER 2', u'D1', u'Durban Campus Full-time', u'A', u'40002390:PERMAUL', 14.0]
check 'BIST101_SEM2_2018' 'BIST101'
adding  BIST101
requesting:  http://10.0.100.98:8000/bbinfo/matching_courses/BIST101%25
r= <Response [200]>
matching classes= set([u'BIST101_SEM2_2017', u'BIST101_SEM2_2016', u'BIST101_SEM2_2018'])
[u'', u'', u'', u'', u'', u'', u'', u'', u'', u'', u'', u'', u'']
check '' ''
[u'BLGP101_YEAR_2018', u'BLGP101_YEAR_2017', u'BLGP101', u'BIOLOGICAL PRINCIPLES', u'BHHMF1', u'BH:  HOMOEOPATHY (5 YEARS)', u'11', u'YEAR', u'D1', u'Durban Campus Full-time', u'A', u'', 4.0]
check 'BLGP101_YEAR_2018' 'BLGP101'
processXLS: only for SEM2 [u'BLGP101_YEAR_2018', u'BLGP101_YEAR_2017', u'BLGP101', u'BIOLOGICAL PRINCIPLES', u'BHHMF1', u'BH:  HOMOEOPATHY (5 YEARS)', u'11', u'YEAR', u'D1', u'Durban Campus Full-time', u'A', u'', 4.0]
[u'BLGP101_YEAR_2018', u'BLGP101_YEAR_2017', u'BLGP101', u'BIOLOGICAL PRINCIPLES', u'BHHOM1', u'BH:  HOMOEOPATHY', u'11', u'YEAR', u'D1', u'Durban Campus Full-time', u'A', u'', 27.0]
check 'BLGP101_YEAR_2018' 'BLGP101'
processXLS: only for SEM2 [u'BLGP101_YEAR_2018', u'BLGP101_YEAR_2017', u'BLGP101', u'BIOLOGICAL PRINCIPLES', u'BHHOM1', u'BH:  HOMOEOPATHY', u'11', u'YEAR', u'D1', u'Durban Campus Full-time', u'A', u'', 27.0]
[u'', u'', u'', u'', u'', u'', u'', u'', u'', u'', u'', u'', u'']
check '' ''
[u'ENSB101_SEM1_2018', u'ENSB101_SEM1_2017', u'ENSB101', u'ENTREPRENEURIAL SKILLS I', u'BTBIO1', u'BT: BIOTECHNOLOGY', u'21', u'SEMESTER 1', u'D1', u'Durban Campus Full-time', u'A', u'50081609:SWALAHA;50000154:VAN NIEKERK', 13.0]
check 'ENSB101_SEM1_2018' 'ENSB101'
processXLS: only for SEM2 [u'ENSB101_SEM1_2018', u'ENSB101_SEM1_2017', u'ENSB101', u'ENTREPRENEURIAL SKILLS I', u'BTBIO1', u'BT: BIOTECHNOLOGY', u'21', u'SEMESTER 1', u'D1', u'Durban Campus Full-time', u'A', u'50081609:SWALAHA;50000154:VAN NIEKERK', 13.0]
[u'ENSB101_SEM1_2018', u'ENSB101_SEM1_2017', u'ENSB101', u'ENTREPRENEURIAL SKILLS I', u'BTBIO1', u'BT: BIOTECHNOLOGY', u'21', u'SEMESTER 1', u'D3', u'Durban Campus Part-time', u'A', u'50081609:SWALAHA;50000154:VAN NIEKERK', 6.0]
check 'ENSB101_SEM1_2018' 'ENSB101'
processXLS: only for SEM2 [u'ENSB101_SEM1_2018', u'ENSB101_SEM1_2017', u'ENSB101', u'ENTREPRENEURIAL SKILLS I', u'BTBIO1', u'BT: BIOTECHNOLOGY', u'21', u'SEMESTER 1', u'D3', u'Durban Campus Part-time', u'A', u'50081609:SWALAHA;50000154:VAN NIEKERK', 6.0]
[u'', u'', u'', u'', u'', u'', u'', u'', u'', u'', u'', u'', u'']
check '' ''
[u'FDIM101_SEM1_2018', u'FDIM101_SEM1_2017', u'FDIM101', u'FOOD INDUSTRY MANAGEMENT I', u'NDFDT2', u'ND: FOOD TECHNOLOGY', u'21', u'SEMESTER 1', u'D1', u'Durban Campus Full-time', u'A', u'40009970:IJABADENIYI', 33.0]
check 'FDIM101_SEM1_2018' 'FDIM101'
processXLS: only for SEM2 [u'FDIM101_SEM1_2018', u'FDIM101_SEM1_2017', u'FDIM101', u'FOOD INDUSTRY MANAGEMENT I', u'NDFDT2', u'ND: FOOD TECHNOLOGY', u'21', u'SEMESTER 1', u'D1', u'Durban Campus Full-time', u'A', u'40009970:IJABADENIYI', 33.0]
[u'FDIM101_SEM1_2018', u'FDIM101_SEM1_2017', u'FDIM101', u'FOOD INDUSTRY MANAGEMENT I', u'NDFTF1', u'ND: FOOD TECHNOLOGY (4 YEARS)', u'21', u'SEMESTER 1', u'D1', u'Durban Campus Full-time', u'A', u'40009970:IJABADENIYI', 15.0]
check 'FDIM101_SEM1_2018' 'FDIM101'
processXLS: only for SEM2 [u'FDIM101_SEM1_2018', u'FDIM101_SEM1_2017', u'FDIM101', u'FOOD INDUSTRY MANAGEMENT I', u'NDFTF1', u'ND: FOOD TECHNOLOGY (4 YEARS)', u'21', u'SEMESTER 1', u'D1', u'Durban Campus Full-time', u'A', u'40009970:IJABADENIYI', 15.0]
[u'', u'', u'', u'', u'', u'', u'', u'', u'', u'', u'', u'', u'']
check '' ''
[u'FDMI101_YEAR_2018', u'FDMI101_YEAR_2017', u'FDMI101', u'FOOD MICROBIOLOGY I', u'NDCFF2', u'ND: CONS SCI: FOOD & NUTRITION (4 YEARS)', u'11', u'YEAR', u'D1', u'Durban Campus Full-time', u'A', u'40010921:AMONSOU', 25.0]
check 'FDMI101_YEAR_2018' 'FDMI101'
processXLS: only for SEM2 [u'FDMI101_YEAR_2018', u'FDMI101_YEAR_2017', u'FDMI101', u'FOOD MICROBIOLOGY I', u'NDCFF2', u'ND: CONS SCI: FOOD & NUTRITION (4 YEARS)', u'11', u'YEAR', u'D1', u'Durban Campus Full-time', u'A', u'40010921:AMONSOU', 25.0]
[u'FDMI101_YEAR_2018', u'FDMI101_YEAR_2017', u'FDMI101', u'FOOD MICROBIOLOGY I', u'NDCSF2', u'ND: CONSUMER SCIENCE: FOOD AND NUTRITION', u'11', u'YEAR', u'D1', u'Durban Campus Full-time', u'A', u'40010921:AMONSOU', 47.0]
check 'FDMI101_YEAR_2018' 'FDMI101'
processXLS: only for SEM2 [u'FDMI101_YEAR_2018', u'FDMI101_YEAR_2017', u'FDMI101', u'FOOD MICROBIOLOGY I', u'NDCSF2', u'ND: CONSUMER SCIENCE: FOOD AND NUTRITION', u'11', u'YEAR', u'D1', u'Durban Campus Full-time', u'A', u'40010921:AMONSOU', 47.0]
[u'', u'', u'', u'', u'', u'', u'', u'', u'', u'', u'', u'', u'']
check '' ''
[u'FDPE101_SEM1_2018', u'FDPE101_SEM1_2017', u'FDPE101', u'FOOD PROCESS ENGINEERING I', u'NDFDT2', u'ND: FOOD TECHNOLOGY', u'21', u'SEMESTER 1', u'D1', u'Durban Campus Full-time', u'A', u'40003220:BEEKRUM', 33.0]
check 'FDPE101_SEM1_2018' 'FDPE101'
processXLS: only for SEM2 [u'FDPE101_SEM1_2018', u'FDPE101_SEM1_2017', u'FDPE101', u'FOOD PROCESS ENGINEERING I', u'NDFDT2', u'ND: FOOD TECHNOLOGY', u'21', u'SEMESTER 1', u'D1', u'Durban Campus Full-time', u'A', u'40003220:BEEKRUM', 33.0]
[u'FDPE101_SEM1_2018', u'FDPE101_SEM1_2017', u'FDPE101', u'FOOD PROCESS ENGINEERING I', u'NDFTF1', u'ND: FOOD TECHNOLOGY (4 YEARS)', u'21', u'SEMESTER 1', u'D1', u'Durban Campus Full-time', u'A', u'40003220:BEEKRUM', 17.0]
check 'FDPE101_SEM1_2018' 'FDPE101'
processXLS: only for SEM2 [u'FDPE101_SEM1_2018', u'FDPE101_SEM1_2017', u'FDPE101', u'FOOD PROCESS ENGINEERING I', u'NDFTF1', u'ND: FOOD TECHNOLOGY (4 YEARS)', u'21', u'SEMESTER 1', u'D1', u'Durban Campus Full-time', u'A', u'40003220:BEEKRUM', 17.0]
[u'', u'', u'', u'', u'', u'', u'', u'', u'', u'', u'', u'', u'']
check '' ''
[u'FDQA101_SEM2_2018', u'FDQA101_SEM2_2017', u'FDQA101', u'FOOD QUALITY ASSURANCE I', u'NDFDT2', u'ND: FOOD TECHNOLOGY', u'22', u'SEMESTER 2', u'D1', u'Durban Campus Full-time', u'A', u'40003220:BEEKRUM', 34.0]
check 'FDQA101_SEM2_2018' 'FDQA101'
adding  FDQA101
requesting:  http://10.0.100.98:8000/bbinfo/matching_courses/FDQA101%25
r= <Response [200]>
matching classes= set([u'FDQA101_SEM2_2018', u'FDQA101_SEM2_2017', u'FDQA101_13_BEES', u'FDQA101_SEM2_2016'])
[u'FDQA101_SEM2_2018', u'FDQA101_SEM2_2017', u'FDQA101', u'FOOD QUALITY ASSURANCE I', u'NDFTF1', u'ND: FOOD TECHNOLOGY (4 YEARS)', u'22', u'SEMESTER 2', u'D1', u'Durban Campus Full-time', u'A', u'40003220:BEEKRUM', 14.0]
check 'FDQA101_SEM2_2018' 'FDQA101'
adding  FDQA101
requesting:  http://10.0.100.98:8000/bbinfo/matching_courses/FDQA101%25
r= <Response [200]>
matching classes= set([u'FDQA101_SEM2_2018', u'FDQA101_SEM2_2017', u'FDQA101_13_BEES', u'FDQA101_SEM2_2016'])
[u'', u'', u'', u'', u'', u'', u'', u'', u'', u'', u'', u'', u'']
check '' ''
[u'FDTE102_SEM2_2018', u'FDTE102_SEM2_2017', u'FDTE102', u'FOOD TECHNOLOGY I', u'NDFDT2', u'ND: FOOD TECHNOLOGY', u'22', u'SEMESTER 2', u'D1', u'Durban Campus Full-time', u'A', u'40004196:MELLEM', 55.0]
check 'FDTE102_SEM2_2018' 'FDTE102'
adding  FDTE102
requesting:  http://10.0.100.98:8000/bbinfo/matching_courses/FDTE102%25
r= <Response [200]>
matching classes= set([u'FDTE102_13_IJAO', u'FDTE102_SEM2_2018', u'FDTE102_SEM2_2017', u'FDTE102_15_MELJ', u'FDTE102_SEM2_2016'])
[u'FDTE102_SEM2_2018', u'FDTE102_SEM2_2017', u'FDTE102', u'FOOD TECHNOLOGY I', u'NDFTF1', u'ND: FOOD TECHNOLOGY (4 YEARS)', u'22', u'SEMESTER 2', u'D1', u'Durban Campus Full-time', u'A', u'40004196:MELLEM', 15.0]
check 'FDTE102_SEM2_2018' 'FDTE102'
adding  FDTE102
requesting:  http://10.0.100.98:8000/bbinfo/matching_courses/FDTE102%25
r= <Response [200]>
matching classes= set([u'FDTE102_13_IJAO', u'FDTE102_SEM2_2018', u'FDTE102_SEM2_2017', u'FDTE102_15_MELJ', u'FDTE102_SEM2_2016'])
[u'', u'', u'', u'', u'', u'', u'', u'', u'', u'', u'', u'', u'']
check '' ''
[u'IBTC101_SEM1_2018', u'IBTC101_SEM1_2017', u'IBTC101', u'INTRODUCTION TO BIOTECHNOLOGY 1', u'NDBTF1', u'ND: BIOTECHNOLOGY (4 YEARS)', u'21', u'SEMESTER 1', u'D1', u'Durban Campus Full-time', u'A', u'40002390:PERMAUL', 1.0]
check 'IBTC101_SEM1_2018' 'IBTC101'
processXLS: only for SEM2 [u'IBTC101_SEM1_2018', u'IBTC101_SEM1_2017', u'IBTC101', u'INTRODUCTION TO BIOTECHNOLOGY 1', u'NDBTF1', u'ND: BIOTECHNOLOGY (4 YEARS)', u'21', u'SEMESTER 1', u'D1', u'Durban Campus Full-time', u'A', u'40002390:PERMAUL', 1.0]
[u'', u'', u'', u'', u'', u'', u'', u'', u'', u'', u'', u'', u'']
check '' ''
[u'MENH101_YEAR_2018', u'MENH101_YEAR_2017', u'MENH101', u'MICROBIOLOGY I', u'NDEVH1', u'ND: ENVIRONMENTAL HEALTH', u'11', u'YEAR', u'D1', u'Durban Campus Full-time', u'A', u'40004176:MCHUNU', 8.0]
check 'MENH101_YEAR_2018' 'MENH101'
processXLS: only for SEM2 [u'MENH101_YEAR_2018', u'MENH101_YEAR_2017', u'MENH101', u'MICROBIOLOGY I', u'NDEVH1', u'ND: ENVIRONMENTAL HEALTH', u'11', u'YEAR', u'D1', u'Durban Campus Full-time', u'A', u'40004176:MCHUNU', 8.0]
[u'', u'', u'', u'', u'', u'', u'', u'', u'', u'', u'', u'', u'']
check '' ''
[u'MENH102_SEM2_2018', u'MENH102_SEM2_2017', u'MENH102', u'MICROBIOLOGY I', u'BHEVH1', u'BH:  ENVIRONMENTAL HEALTH', u'22', u'SEMESTER 2', u'D1', u'Durban Campus Full-time', u'A', u'40004176:MCHUNU N P', 26.0]
check 'MENH102_SEM2_2018' 'MENH102'
adding  MENH102
requesting:  http://10.0.100.98:8000/bbinfo/matching_courses/MENH102%25
r= <Response [200]>
matching classes= set([u'MENH102_SEM2_2017', u'MENH102_SEM2_2018'])
[u'', u'', u'', u'', u'', u'', u'', u'', u'', u'', u'', u'', u'']
check '' ''
[u'MICR101_SEM1_2018', u'MICR101_SEM1_2017', u'MICR101', u'MICROBIOLOGY I', u'NDBIO2', u'ND: BIOTECHNOLOGY', u'21', u'SEMESTER 1', u'D1', u'Durban Campus Full-time', u'A', u'40000051:JUGLAL', 91.0]
check 'MICR101_SEM1_2018' 'MICR101'
processXLS: only for SEM2 [u'MICR101_SEM1_2018', u'MICR101_SEM1_2017', u'MICR101', u'MICROBIOLOGY I', u'NDBIO2', u'ND: BIOTECHNOLOGY', u'21', u'SEMESTER 1', u'D1', u'Durban Campus Full-time', u'A', u'40000051:JUGLAL', 91.0]
[u'MICR101_SEM1_2018', u'MICR101_SEM1_2017', u'MICR101', u'MICROBIOLOGY I', u'NDBTF1', u'ND: BIOTECHNOLOGY (4 YEARS)', u'21', u'SEMESTER 1', u'D1', u'Durban Campus Full-time', u'A', u'40000051:JUGLAL', 16.0]
check 'MICR101_SEM1_2018' 'MICR101'
processXLS: only for SEM2 [u'MICR101_SEM1_2018', u'MICR101_SEM1_2017', u'MICR101', u'MICROBIOLOGY I', u'NDBTF1', u'ND: BIOTECHNOLOGY (4 YEARS)', u'21', u'SEMESTER 1', u'D1', u'Durban Campus Full-time', u'A', u'40000051:JUGLAL', 16.0]
[u'MICR101_SEM1_2018', u'MICR101_SEM1_2017', u'MICR101', u'MICROBIOLOGY I', u'NDFDT2', u'ND: FOOD TECHNOLOGY', u'21', u'SEMESTER 1', u'D1', u'Durban Campus Full-time', u'A', u'40000051:JUGLAL', 68.0]
check 'MICR101_SEM1_2018' 'MICR101'
processXLS: only for SEM2 [u'MICR101_SEM1_2018', u'MICR101_SEM1_2017', u'MICR101', u'MICROBIOLOGY I', u'NDFDT2', u'ND: FOOD TECHNOLOGY', u'21', u'SEMESTER 1', u'D1', u'Durban Campus Full-time', u'A', u'40000051:JUGLAL', 68.0]
[u'MICR101_SEM1_2018', u'MICR101_SEM1_2017', u'MICR101', u'MICROBIOLOGY I', u'NDFTF1', u'ND: FOOD TECHNOLOGY (4 YEARS)', u'21', u'SEMESTER 1', u'D1', u'Durban Campus Full-time', u'A', u'40000051:JUGLAL', 15.0]
check 'MICR101_SEM1_2018' 'MICR101'
processXLS: only for SEM2 [u'MICR101_SEM1_2018', u'MICR101_SEM1_2017', u'MICR101', u'MICROBIOLOGY I', u'NDFTF1', u'ND: FOOD TECHNOLOGY (4 YEARS)', u'21', u'SEMESTER 1', u'D1', u'Durban Campus Full-time', u'A', u'40000051:JUGLAL', 15.0]
[u'', u'', u'', u'', u'', u'', u'', u'', u'', u'', u'', u'', u'']
check '' ''
[u'PRTM101_SEM2_2018', u'PRTM101_SEM2_2017', u'PRTM101', u'PROCESS TECHNOLOGY AND MANAGEMENT I', u'NDBIO2', u'ND: BIOTECHNOLOGY', u'22', u'SEMESTER 2', u'D1', u'Durban Campus Full-time', u'A', u'40004172:KUTTAN PILLAI', 52.0]
check 'PRTM101_SEM2_2018' 'PRTM101'
adding  PRTM101
requesting:  http://10.0.100.98:8000/bbinfo/matching_courses/PRTM101%25
r= <Response [200]>
matching classes= set([u'PRTM101_SEM2_2018', u'PRTM101_SEM2_2017', u'PRTM101_SEM2_2016', u'PRTM101_15_PLIS', u'PRTM101_13_PHIP'])
[u'PRTM101_SEM2_2018', u'PRTM101_SEM2_2017', u'PRTM101', u'PROCESS TECHNOLOGY AND MANAGEMENT I', u'NDBTF1', u'ND: BIOTECHNOLOGY (4 YEARS)', u'22', u'SEMESTER 2', u'D1', u'Durban Campus Full-time', u'A', u'40004172:KUTTAN PILLAI', 6.0]
check 'PRTM101_SEM2_2018' 'PRTM101'
adding  PRTM101
requesting:  http://10.0.100.98:8000/bbinfo/matching_courses/PRTM101%25
r= <Response [200]>
matching classes= set([u'PRTM101_SEM2_2018', u'PRTM101_SEM2_2017', u'PRTM101_SEM2_2016', u'PRTM101_15_PLIS', u'PRTM101_13_PHIP'])
[u'', u'', u'', u'', u'', u'', u'', u'', u'', u'', u'', u'', u'']
check '' ''
[u'SASH101_SEM2_2018', u'SASH101_SEM2_2017', u'SASH101', u'SANITATION  SAFETY AND HYGIENE I', u'NDBIO2', u'ND: BIOTECHNOLOGY', u'22', u'SEMESTER 2', u'D1', u'Durban Campus Full-time', u'A', u'40003220:BEEKRUM', 67.0]
check 'SASH101_SEM2_2018' 'SASH101'
adding  SASH101
requesting:  http://10.0.100.98:8000/bbinfo/matching_courses/SASH101%25
r= <Response [200]>
matching classes= set([u'SASH101_SEM2_2016', u'SASH101_SEM2_2017', u'SASH101_SEM2_2018', u'SASH101_13_IJAO'])
[u'SASH101_SEM2_2018', u'SASH101_SEM2_2017', u'SASH101', u'SANITATION  SAFETY AND HYGIENE I', u'NDBTF1', u'ND: BIOTECHNOLOGY (4 YEARS)', u'22', u'SEMESTER 2', u'D1', u'Durban Campus Full-time', u'A', u'40003220:BEEKRUM', 1.0]
check 'SASH101_SEM2_2018' 'SASH101'
adding  SASH101
requesting:  http://10.0.100.98:8000/bbinfo/matching_courses/SASH101%25
r= <Response [200]>
matching classes= set([u'SASH101_SEM2_2016', u'SASH101_SEM2_2017', u'SASH101_SEM2_2018', u'SASH101_13_IJAO'])
[u'', u'', u'', u'', u'', u'', u'', u'', u'', u'', u'', u'', u'']
check '' ''
[u'SCMT101_SEM1_2018', u'SCMT101_SEM1_2017', u'SCMT101', u'THE SCIENTIFIC METHOD I', u'NDBTF1', u'ND: BIOTECHNOLOGY (4 YEARS)', u'21', u'SEMESTER 1', u'D1', u'Durban Campus Full-time', u'A', u'40011558:PURI;40002390:PERMAUL', 14.0]
check 'SCMT101_SEM1_2018' 'SCMT101'
processXLS: only for SEM2 [u'SCMT101_SEM1_2018', u'SCMT101_SEM1_2017', u'SCMT101', u'THE SCIENTIFIC METHOD I', u'NDBTF1', u'ND: BIOTECHNOLOGY (4 YEARS)', u'21', u'SEMESTER 1', u'D1', u'Durban Campus Full-time', u'A', u'40011558:PURI;40002390:PERMAUL', 14.0]
[u'SCMT101_SEM1_2018', u'SCMT101_SEM1_2017', u'SCMT101', u'THE SCIENTIFIC METHOD I', u'NDFTF1', u'ND: FOOD TECHNOLOGY (4 YEARS)', u'21', u'SEMESTER 1', u'D1', u'Durban Campus Full-time', u'A', u'40011558:PURI;40002390:PERMAUL', 13.0]
check 'SCMT101_SEM1_2018' 'SCMT101'
processXLS: only for SEM2 [u'SCMT101_SEM1_2018', u'SCMT101_SEM1_2017', u'SCMT101', u'THE SCIENTIFIC METHOD I', u'NDFTF1', u'ND: FOOD TECHNOLOGY (4 YEARS)', u'21', u'SEMESTER 1', u'D1', u'Durban Campus Full-time', u'A', u'40011558:PURI;40002390:PERMAUL', 13.0]
[u'SCMT101_SEM1_2018', u'SCMT101_SEM1_2017', u'SCMT101', u'THE SCIENTIFIC METHOD I', u'NODIP2', u'NON-DIPLOMA PURPOSE (APP SC)', u'21', u'SEMESTER 1', u'D7', u'DBN FULL-TIME NON-SUBSIDISED', u'A', u'40011558:PURI;40002390:PERMAUL', 1.0]
check 'SCMT101_SEM1_2018' 'SCMT101'
processXLS: only for SEM2 [u'SCMT101_SEM1_2018', u'SCMT101_SEM1_2017', u'SCMT101', u'THE SCIENTIFIC METHOD I', u'NODIP2', u'NON-DIPLOMA PURPOSE (APP SC)', u'21', u'SEMESTER 1', u'D7', u'DBN FULL-TIME NON-SUBSIDISED', u'A', u'40011558:PURI;40002390:PERMAUL', 1.0]
[u'', u'', u'', u'', u'', u'', u'', u'', u'', u'', u'', u'', u'']
check '' ''
[u'BCHE202_SEM1_2018', u'BCHE202_SEM1_2017', u'BCHE202', u'BIOCHEMISTRY II', u'NDCHF1', u'ND: CHIROPRACTIC (4 YEARS)', u'21', u'SEMESTER 1', u'D1', u'Durban Campus Full-time', u'A', u'', 5.0]
check 'BCHE202_SEM1_2018' 'BCHE202'
processXLS: only for SEM2 [u'BCHE202_SEM1_2018', u'BCHE202_SEM1_2017', u'BCHE202', u'BIOCHEMISTRY II', u'NDCHF1', u'ND: CHIROPRACTIC (4 YEARS)', u'21', u'SEMESTER 1', u'D1', u'Durban Campus Full-time', u'A', u'', 5.0]
[u'BCHE202_SEM1_2018', u'BCHE202_SEM1_2017', u'BCHE202', u'BIOCHEMISTRY II', u'NDCHR1', u'ND: CHIROPRACTIC', u'21', u'SEMESTER 1', u'D1', u'Durban Campus Full-time', u'A', u'', 22.0]
check 'BCHE202_SEM1_2018' 'BCHE202'
processXLS: only for SEM2 [u'BCHE202_SEM1_2018', u'BCHE202_SEM1_2017', u'BCHE202', u'BIOCHEMISTRY II', u'NDCHR1', u'ND: CHIROPRACTIC', u'21', u'SEMESTER 1', u'D1', u'Durban Campus Full-time', u'A', u'', 22.0]
[u'BCHE202_SEM1_2018', u'BCHE202_SEM1_2017', u'BCHE202', u'BIOCHEMISTRY II', u'NDHMF1', u'ND: HOMOEOPATHY (4 YEARS)', u'21', u'SEMESTER 1', u'D1', u'Durban Campus Full-time', u'A', u'', 4.0]
check 'BCHE202_SEM1_2018' 'BCHE202'
processXLS: only for SEM2 [u'BCHE202_SEM1_2018', u'BCHE202_SEM1_2017', u'BCHE202', u'BIOCHEMISTRY II', u'NDHMF1', u'ND: HOMOEOPATHY (4 YEARS)', u'21', u'SEMESTER 1', u'D1', u'Durban Campus Full-time', u'A', u'', 4.0]
[u'BCHE202_SEM1_2018', u'BCHE202_SEM1_2017', u'BCHE202', u'BIOCHEMISTRY II', u'NDHOM1', u'ND: HOMOEOPATHY', u'21', u'SEMESTER 1', u'D1', u'Durban Campus Full-time', u'A', u'', 4.0]
check 'BCHE202_SEM1_2018' 'BCHE202'
processXLS: only for SEM2 [u'BCHE202_SEM1_2018', u'BCHE202_SEM1_2017', u'BCHE202', u'BIOCHEMISTRY II', u'NDHOM1', u'ND: HOMOEOPATHY', u'21', u'SEMESTER 1', u'D1', u'Durban Campus Full-time', u'A', u'', 4.0]
[u'', u'', u'', u'', u'', u'', u'', u'', u'', u'', u'', u'', u'']
check '' ''
[u'BCHM202_SEM1_2018', u'BCHM202_SEM1_2017', u'BCHM202', u'BIOCHEMISTRY II', u'NDBIO2', u'ND: BIOTECHNOLOGY', u'21', u'SEMESTER 1', u'D1', u'Durban Campus Full-time', u'A', u'40000530:MOHANLALL; 40010921:AMONSOU', 1.0]
check 'BCHM202_SEM1_2018' 'BCHM202'
processXLS: only for SEM2 [u'BCHM202_SEM1_2018', u'BCHM202_SEM1_2017', u'BCHM202', u'BIOCHEMISTRY II', u'NDBIO2', u'ND: BIOTECHNOLOGY', u'21', u'SEMESTER 1', u'D1', u'Durban Campus Full-time', u'A', u'40000530:MOHANLALL; 40010921:AMONSOU', 1.0]
[u'', u'', u'', u'', u'', u'', u'', u'', u'', u'', u'', u'', u'']
check '' ''
[u'BCHM202_SEM2_2018', u'BCHM202_SEM2_2017', u'BCHM202', u'BIOCHEMISTRY II', u'NDBIO2', u'ND: BIOTECHNOLOGY', u'22', u'SEMESTER 2', u'D1', u'Durban Campus Full-time', u'A', u'40000530:MOHANLALL; 40010921:AMONSOU', 71.0]
check 'BCHM202_SEM2_2018' 'BCHM202'
adding  BCHM202
requesting:  http://10.0.100.98:8000/bbinfo/matching_courses/BCHM202%25
r= <Response [200]>
matching classes= set([u'BCHM202_SEM2_2018', u'BCHM202_SEM1_2018', u'BCHM202_SEM1_2017', u'BCHM202_SEM2_2017', u'BCHM202_SEM2_2016', u'BCHM202_FCHM202_15_AMOE', u'BCHM202_13_PHIP'])
[u'BCHM202_SEM2_2018', u'BCHM202_SEM2_2017', u'BCHM202', u'BIOCHEMISTRY II', u'NDBTF1', u'ND: BIOTECHNOLOGY (4 YEARS)', u'22', u'SEMESTER 2', u'D1', u'Durban Campus Full-time', u'A', u'40000530:MOHANLALL; 40010921:AMONSOU', 15.0]
check 'BCHM202_SEM2_2018' 'BCHM202'
adding  BCHM202
requesting:  http://10.0.100.98:8000/bbinfo/matching_courses/BCHM202%25
r= <Response [200]>
matching classes= set([u'BCHM202_SEM2_2018', u'BCHM202_SEM1_2018', u'BCHM202_SEM1_2017', u'BCHM202_SEM2_2017', u'BCHM202_SEM2_2016', u'BCHM202_FCHM202_15_AMOE', u'BCHM202_13_PHIP'])
[u'', u'', u'', u'', u'', u'', u'', u'', u'', u'', u'', u'', u'']
check '' ''
[u'DIMR201_SEM1_2018', u'DIMR201_SEM1_2017', u'DIMR201', u'DISEASE AND IMMUNE RESPONSE II', u'NDBIO2', u'ND: BIOTECHNOLOGY', u'21', u'SEMESTER 1', u'D1', u'Durban Campus Full-time', u'A', u'40004176:MCHUNU', 52.0]
check 'DIMR201_SEM1_2018' 'DIMR201'
processXLS: only for SEM2 [u'DIMR201_SEM1_2018', u'DIMR201_SEM1_2017', u'DIMR201', u'DISEASE AND IMMUNE RESPONSE II', u'NDBIO2', u'ND: BIOTECHNOLOGY', u'21', u'SEMESTER 1', u'D1', u'Durban Campus Full-time', u'A', u'40004176:MCHUNU', 52.0]
[u'DIMR201_SEM1_2018', u'DIMR201_SEM1_2017', u'DIMR201', u'DISEASE AND IMMUNE RESPONSE II', u'NDBTF1', u'ND: BIOTECHNOLOGY (4 YEARS)', u'21', u'SEMESTER 1', u'D1', u'Durban Campus Full-time', u'A', u'40004176:MCHUNU', 6.0]
check 'DIMR201_SEM1_2018' 'DIMR201'
processXLS: only for SEM2 [u'DIMR201_SEM1_2018', u'DIMR201_SEM1_2017', u'DIMR201', u'DISEASE AND IMMUNE RESPONSE II', u'NDBTF1', u'ND: BIOTECHNOLOGY (4 YEARS)', u'21', u'SEMESTER 1', u'D1', u'Durban Campus Full-time', u'A', u'40004176:MCHUNU', 6.0]
[u'DIMR201_SEM1_2018', u'DIMR201_SEM1_2017', u'DIMR201', u'DISEASE AND IMMUNE RESPONSE II', u'NODIP2', u'NON-DIPLOMA PURPOSE (APP SC)', u'21', u'SEMESTER 1', u'D7', u'DBN FULL-TIME NON-SUBSIDISED', u'A', u'40004176:MCHUNU', 3.0]
check 'DIMR201_SEM1_2018' 'DIMR201'
processXLS: only for SEM2 [u'DIMR201_SEM1_2018', u'DIMR201_SEM1_2017', u'DIMR201', u'DISEASE AND IMMUNE RESPONSE II', u'NODIP2', u'NON-DIPLOMA PURPOSE (APP SC)', u'21', u'SEMESTER 1', u'D7', u'DBN FULL-TIME NON-SUBSIDISED', u'A', u'40004176:MCHUNU', 3.0]
[u'', u'', u'', u'', u'', u'', u'', u'', u'', u'', u'', u'', u'']
check '' ''
[u'ENTP202_SEM1_2018', u'ENTP202_SEM1_2017', u'ENTP202', u'ENTERPRENEURSHIP II', u'BTFDT1', u'BT: FOOD TECHNOLOGY', u'21', u'SEMESTER 1', u'D1', u'Durban Campus Full-time', u'A', u'50081609:SWALAHA;50000154:VAN NIEKERK', 10.0]
check 'ENTP202_SEM1_2018' 'ENTP202'
processXLS: only for SEM2 [u'ENTP202_SEM1_2018', u'ENTP202_SEM1_2017', u'ENTP202', u'ENTERPRENEURSHIP II', u'BTFDT1', u'BT: FOOD TECHNOLOGY', u'21', u'SEMESTER 1', u'D1', u'Durban Campus Full-time', u'A', u'50081609:SWALAHA;50000154:VAN NIEKERK', 10.0]
[u'ENTP202_SEM1_2018', u'ENTP202_SEM1_2017', u'ENTP202', u'ENTERPRENEURSHIP II', u'BTFDT1', u'BT: FOOD TECHNOLOGY', u'21', u'SEMESTER 1', u'D3', u'Durban Campus Part-time', u'A', u'50081609:SWALAHA;50000154:VAN NIEKERK', 2.0]
check 'ENTP202_SEM1_2018' 'ENTP202'
processXLS: only for SEM2 [u'ENTP202_SEM1_2018', u'ENTP202_SEM1_2017', u'ENTP202', u'ENTERPRENEURSHIP II', u'BTFDT1', u'BT: FOOD TECHNOLOGY', u'21', u'SEMESTER 1', u'D3', u'Durban Campus Part-time', u'A', u'50081609:SWALAHA;50000154:VAN NIEKERK', 2.0]
[u'', u'', u'', u'', u'', u'', u'', u'', u'', u'', u'', u'', u'']
check '' ''
[u'FCHM202_SEM2_2018', u'FCHM202_SEM2_2017', u'FCHM202', u'FOOD CHEMISTRY II', u'NDFDT2', u'ND: FOOD TECHNOLOGY', u'22', u'SEMESTER 2', u'D1', u'Durban Campus Full-time', u'A', u'40000530:MOHANLALL; 40010921:AMONSOU', 57.0]
check 'FCHM202_SEM2_2018' 'FCHM202'
adding  FCHM202
requesting:  http://10.0.100.98:8000/bbinfo/matching_courses/FCHM202%25
r= <Response [200]>
matching classes= set([u'FCHM202_SEM2_2017', u'FCHM202_SEM2_2016', u'FCHM202_13_MOKM', u'FCHM202_SEM2_2018'])
[u'FCHM202_SEM2_2018', u'FCHM202_SEM2_2017', u'FCHM202', u'FOOD CHEMISTRY II', u'NDFTF1', u'ND: FOOD TECHNOLOGY (4 YEARS)', u'22', u'SEMESTER 2', u'D1', u'Durban Campus Full-time', u'A', u'40000530:MOHANLALL; 40010921:AMONSOU', 2.0]
check 'FCHM202_SEM2_2018' 'FCHM202'
adding  FCHM202
requesting:  http://10.0.100.98:8000/bbinfo/matching_courses/FCHM202%25
r= <Response [200]>
matching classes= set([u'FCHM202_SEM2_2017', u'FCHM202_SEM2_2016', u'FCHM202_13_MOKM', u'FCHM202_SEM2_2018'])
[u'', u'', u'', u'', u'', u'', u'', u'', u'', u'', u'', u'', u'']
check '' ''
[u'FDPE201_SEM2_2018', u'FDPE201_SEM2_2017', u'FDPE201', u'FOOD PROCESS ENGINEERING II', u'NDFDT2', u'ND: FOOD TECHNOLOGY', u'22', u'SEMESTER 2', u'D1', u'Durban Campus Full-time', u'A', u'40009970:IJABADENIYI', 37.0]
check 'FDPE201_SEM2_2018' 'FDPE201'
adding  FDPE201
requesting:  http://10.0.100.98:8000/bbinfo/matching_courses/FDPE201%25
r= <Response [200]>
matching classes= set([u'FDPE201_SEM2_2017', u'FDPE201_SEM2_2016', u'FDPE201_13_CLAP', u'FDPE201_13_IJAO', u'FDPE201_SEM2_2018'])
[u'FDPE201_SEM2_2018', u'FDPE201_SEM2_2017', u'FDPE201', u'FOOD PROCESS ENGINEERING II', u'NDFTF1', u'ND: FOOD TECHNOLOGY (4 YEARS)', u'22', u'SEMESTER 2', u'D1', u'Durban Campus Full-time', u'A', u'40009970:IJABADENIYI', 14.0]
check 'FDPE201_SEM2_2018' 'FDPE201'
adding  FDPE201
requesting:  http://10.0.100.98:8000/bbinfo/matching_courses/FDPE201%25
r= <Response [200]>
matching classes= set([u'FDPE201_SEM2_2017', u'FDPE201_SEM2_2016', u'FDPE201_13_CLAP', u'FDPE201_13_IJAO', u'FDPE201_SEM2_2018'])
[u'', u'', u'', u'', u'', u'', u'', u'', u'', u'', u'', u'', u'']
check '' ''
[u'FDTE201_SEM1_2018', u'FDTE201_SEM1_2017', u'FDTE201', u'FOOD TECHNOLOGY II', u'NDFDT2', u'ND: FOOD TECHNOLOGY', u'21', u'SEMESTER 1', u'D1', u'Durban Campus Full-time', u'A', u'40010921:AMONSOU; 40003220:BEEKRUM', 32.0]
check 'FDTE201_SEM1_2018' 'FDTE201'
processXLS: only for SEM2 [u'FDTE201_SEM1_2018', u'FDTE201_SEM1_2017', u'FDTE201', u'FOOD TECHNOLOGY II', u'NDFDT2', u'ND: FOOD TECHNOLOGY', u'21', u'SEMESTER 1', u'D1', u'Durban Campus Full-time', u'A', u'40010921:AMONSOU; 40003220:BEEKRUM', 32.0]
[u'FDTE201_SEM1_2018', u'FDTE201_SEM1_2017', u'FDTE201', u'FOOD TECHNOLOGY II', u'NDFTF1', u'ND: FOOD TECHNOLOGY (4 YEARS)', u'21', u'SEMESTER 1', u'D1', u'Durban Campus Full-time', u'A', u'40010921:AMONSOU; 40003220:BEEKRUM', 16.0]
check 'FDTE201_SEM1_2018' 'FDTE201'
processXLS: only for SEM2 [u'FDTE201_SEM1_2018', u'FDTE201_SEM1_2017', u'FDTE201', u'FOOD TECHNOLOGY II', u'NDFTF1', u'ND: FOOD TECHNOLOGY (4 YEARS)', u'21', u'SEMESTER 1', u'D1', u'Durban Campus Full-time', u'A', u'40010921:AMONSOU; 40003220:BEEKRUM', 16.0]
[u'', u'', u'', u'', u'', u'', u'', u'', u'', u'', u'', u'', u'']
check '' ''
[u'FERT202_SEM1_2018', u'FERT202_SEM1_2017', u'FERT202', u'FERMENTATION TECHNOLOGY II', u'NDBIO2', u'ND: BIOTECHNOLOGY', u'21', u'SEMESTER 1', u'D1', u'Durban Campus Full-time', u'A', u'40004172:KUTTAN PILLAI', 52.0]
check 'FERT202_SEM1_2018' 'FERT202'
processXLS: only for SEM2 [u'FERT202_SEM1_2018', u'FERT202_SEM1_2017', u'FERT202', u'FERMENTATION TECHNOLOGY II', u'NDBIO2', u'ND: BIOTECHNOLOGY', u'21', u'SEMESTER 1', u'D1', u'Durban Campus Full-time', u'A', u'40004172:KUTTAN PILLAI', 52.0]
[u'FERT202_SEM1_2018', u'FERT202_SEM1_2017', u'FERT202', u'FERMENTATION TECHNOLOGY II', u'NDBTF1', u'ND: BIOTECHNOLOGY (4 YEARS)', u'21', u'SEMESTER 1', u'D1', u'Durban Campus Full-time', u'A', u'40004172:KUTTAN PILLAI', 6.0]
check 'FERT202_SEM1_2018' 'FERT202'
processXLS: only for SEM2 [u'FERT202_SEM1_2018', u'FERT202_SEM1_2017', u'FERT202', u'FERMENTATION TECHNOLOGY II', u'NDBTF1', u'ND: BIOTECHNOLOGY (4 YEARS)', u'21', u'SEMESTER 1', u'D1', u'Durban Campus Full-time', u'A', u'40004172:KUTTAN PILLAI', 6.0]
[u'FERT202_SEM1_2018', u'FERT202_SEM1_2017', u'FERT202', u'FERMENTATION TECHNOLOGY II', u'NODIP2', u'NON-DIPLOMA PURPOSE (APP SC)', u'21', u'SEMESTER 1', u'D7', u'DBN FULL-TIME NON-SUBSIDISED', u'A', u'40004172:KUTTAN PILLAI', 4.0]
check 'FERT202_SEM1_2018' 'FERT202'
processXLS: only for SEM2 [u'FERT202_SEM1_2018', u'FERT202_SEM1_2017', u'FERT202', u'FERMENTATION TECHNOLOGY II', u'NODIP2', u'NON-DIPLOMA PURPOSE (APP SC)', u'21', u'SEMESTER 1', u'D7', u'DBN FULL-TIME NON-SUBSIDISED', u'A', u'40004172:KUTTAN PILLAI', 4.0]
[u'', u'', u'', u'', u'', u'', u'', u'', u'', u'', u'', u'', u'']
check '' ''
[u'MICR202_SEM1_2018', u'MICR202_SEM1_2017', u'MICR202', u'MICROBIOLOGY II', u'NDBIO2', u'ND: BIOTECHNOLOGY', u'21', u'SEMESTER 1', u'D1', u'Durban Campus Full-time', u'A', u'pregan:Naidoo;40004176:MCHUNU', 1.0]
check 'MICR202_SEM1_2018' 'MICR202'
processXLS: only for SEM2 [u'MICR202_SEM1_2018', u'MICR202_SEM1_2017', u'MICR202', u'MICROBIOLOGY II', u'NDBIO2', u'ND: BIOTECHNOLOGY', u'21', u'SEMESTER 1', u'D1', u'Durban Campus Full-time', u'A', u'pregan:Naidoo;40004176:MCHUNU', 1.0]
[u'', u'', u'', u'', u'', u'', u'', u'', u'', u'', u'', u'', u'']
check '' ''
[u'MICR202_SEM2_2018', u'MICR202_SEM2_2017', u'MICR202', u'MICROBIOLOGY II', u'NDBIO2', u'ND: BIOTECHNOLOGY', u'22', u'SEMESTER 2', u'D1', u'Durban Campus Full-time', u'A', u'pregan:Naidoo;40004176:MCHUNU', 64.0]
check 'MICR202_SEM2_2018' 'MICR202'
adding  MICR202
requesting:  http://10.0.100.98:8000/bbinfo/matching_courses/MICR202%25
r= <Response [200]>
matching classes= set([u'MICR202_ALL_2016', u'MICR202_13_PERK', u'MICR202_SEM1_2018', u'MICR202_SEM1_2017', u'MICR202_SEM2_2017', u'MICR202_14_PERK', u'MICR202_SEM2_2018'])
[u'MICR202_SEM2_2018', u'MICR202_SEM2_2017', u'MICR202', u'MICROBIOLOGY II', u'NDBTF1', u'ND: BIOTECHNOLOGY (4 YEARS)', u'22', u'SEMESTER 2', u'D1', u'Durban Campus Full-time', u'A', u'pregan:Naidoo;40004176:MCHUNU', 13.0]
check 'MICR202_SEM2_2018' 'MICR202'
adding  MICR202
requesting:  http://10.0.100.98:8000/bbinfo/matching_courses/MICR202%25
r= <Response [200]>
matching classes= set([u'MICR202_ALL_2016', u'MICR202_13_PERK', u'MICR202_SEM1_2018', u'MICR202_SEM1_2017', u'MICR202_SEM2_2017', u'MICR202_14_PERK', u'MICR202_SEM2_2018'])
[u'MICR202_SEM2_2018', u'MICR202_SEM2_2017', u'MICR202', u'MICROBIOLOGY II', u'NDFDT2', u'ND: FOOD TECHNOLOGY', u'22', u'SEMESTER 2', u'D1', u'Durban Campus Full-time', u'A', u'pregan:Naidoo;40004176:MCHUNU', 49.0]
check 'MICR202_SEM2_2018' 'MICR202'
adding  MICR202
requesting:  http://10.0.100.98:8000/bbinfo/matching_courses/MICR202%25
r= <Response [200]>
matching classes= set([u'MICR202_ALL_2016', u'MICR202_13_PERK', u'MICR202_SEM1_2018', u'MICR202_SEM1_2017', u'MICR202_SEM2_2017', u'MICR202_14_PERK', u'MICR202_SEM2_2018'])
[u'MICR202_SEM2_2018', u'MICR202_SEM2_2017', u'MICR202', u'MICROBIOLOGY II', u'NDFTF1', u'ND: FOOD TECHNOLOGY (4 YEARS)', u'22', u'SEMESTER 2', u'D1', u'Durban Campus Full-time', u'A', u'pregan:Naidoo;40004176:MCHUNU', 14.0]
check 'MICR202_SEM2_2018' 'MICR202'
adding  MICR202
requesting:  http://10.0.100.98:8000/bbinfo/matching_courses/MICR202%25
r= <Response [200]>
matching classes= set([u'MICR202_ALL_2016', u'MICR202_13_PERK', u'MICR202_SEM1_2018', u'MICR202_SEM1_2017', u'MICR202_SEM2_2017', u'MICR202_14_PERK', u'MICR202_SEM2_2018'])
[u'', u'', u'', u'', u'', u'', u'', u'', u'', u'', u'', u'', u'']
check '' ''
[u'MMIC201_SEM1_2018', u'MMIC201_SEM1_2017', u'MMIC201', u'MEDICAL MICROBIOLOGY II', u'NDCHF1', u'ND: CHIROPRACTIC (4 YEARS)', u'21', u'SEMESTER 1', u'D1', u'Durban Campus Full-time', u'A', u'', 6.0]
check 'MMIC201_SEM1_2018' 'MMIC201'
processXLS: only for SEM2 [u'MMIC201_SEM1_2018', u'MMIC201_SEM1_2017', u'MMIC201', u'MEDICAL MICROBIOLOGY II', u'NDCHF1', u'ND: CHIROPRACTIC (4 YEARS)', u'21', u'SEMESTER 1', u'D1', u'Durban Campus Full-time', u'A', u'', 6.0]
[u'MMIC201_SEM1_2018', u'MMIC201_SEM1_2017', u'MMIC201', u'MEDICAL MICROBIOLOGY II', u'NDCHR1', u'ND: CHIROPRACTIC', u'21', u'SEMESTER 1', u'D1', u'Durban Campus Full-time', u'A', u'', 19.0]
check 'MMIC201_SEM1_2018' 'MMIC201'
processXLS: only for SEM2 [u'MMIC201_SEM1_2018', u'MMIC201_SEM1_2017', u'MMIC201', u'MEDICAL MICROBIOLOGY II', u'NDCHR1', u'ND: CHIROPRACTIC', u'21', u'SEMESTER 1', u'D1', u'Durban Campus Full-time', u'A', u'', 19.0]
[u'MMIC201_SEM1_2018', u'MMIC201_SEM1_2017', u'MMIC201', u'MEDICAL MICROBIOLOGY II', u'NDHMF1', u'ND: HOMOEOPATHY (4 YEARS)', u'21', u'SEMESTER 1', u'D1', u'Durban Campus Full-time', u'A', u'', 1.0]
check 'MMIC201_SEM1_2018' 'MMIC201'
processXLS: only for SEM2 [u'MMIC201_SEM1_2018', u'MMIC201_SEM1_2017', u'MMIC201', u'MEDICAL MICROBIOLOGY II', u'NDHMF1', u'ND: HOMOEOPATHY (4 YEARS)', u'21', u'SEMESTER 1', u'D1', u'Durban Campus Full-time', u'A', u'', 1.0]
[u'MMIC201_SEM1_2018', u'MMIC201_SEM1_2017', u'MMIC201', u'MEDICAL MICROBIOLOGY II', u'NDHOM1', u'ND: HOMOEOPATHY', u'21', u'SEMESTER 1', u'D1', u'Durban Campus Full-time', u'A', u'', 4.0]
check 'MMIC201_SEM1_2018' 'MMIC201'
processXLS: only for SEM2 [u'MMIC201_SEM1_2018', u'MMIC201_SEM1_2017', u'MMIC201', u'MEDICAL MICROBIOLOGY II', u'NDHOM1', u'ND: HOMOEOPATHY', u'21', u'SEMESTER 1', u'D1', u'Durban Campus Full-time', u'A', u'', 4.0]
[u'', u'', u'', u'', u'', u'', u'', u'', u'', u'', u'', u'', u'']
check '' ''
[u'RMNS201_SEM1_2018', u'RMNS201_SEM1_2017', u'RMNS201', u'RESEARCH METHODOLOGY:NATURAL SCIENCES', u'BTBIO1', u'BT: BIOTECHNOLOGY', u'21', u'SEMESTER 1', u'D1', u'Durban Campus Full-time', u'A', u'50081609:SWALAHA', 12.0]
check 'RMNS201_SEM1_2018' 'RMNS201'
processXLS: only for SEM2 [u'RMNS201_SEM1_2018', u'RMNS201_SEM1_2017', u'RMNS201', u'RESEARCH METHODOLOGY:NATURAL SCIENCES', u'BTBIO1', u'BT: BIOTECHNOLOGY', u'21', u'SEMESTER 1', u'D1', u'Durban Campus Full-time', u'A', u'50081609:SWALAHA', 12.0]
[u'RMNS201_SEM1_2018', u'RMNS201_SEM1_2017', u'RMNS201', u'RESEARCH METHODOLOGY:NATURAL SCIENCES', u'BTBIO1', u'BT: BIOTECHNOLOGY', u'21', u'SEMESTER 1', u'D3', u'Durban Campus Part-time', u'A', u'50081609:SWALAHA', 6.0]
check 'RMNS201_SEM1_2018' 'RMNS201'
processXLS: only for SEM2 [u'RMNS201_SEM1_2018', u'RMNS201_SEM1_2017', u'RMNS201', u'RESEARCH METHODOLOGY:NATURAL SCIENCES', u'BTBIO1', u'BT: BIOTECHNOLOGY', u'21', u'SEMESTER 1', u'D3', u'Durban Campus Part-time', u'A', u'50081609:SWALAHA', 6.0]
[u'RMNS201_SEM1_2018', u'RMNS201_SEM1_2017', u'RMNS201', u'RESEARCH METHODOLOGY:NATURAL SCIENCES', u'BTFDT1', u'BT: FOOD TECHNOLOGY', u'21', u'SEMESTER 1', u'D1', u'Durban Campus Full-time', u'A', u'50081609:SWALAHA', 10.0]
check 'RMNS201_SEM1_2018' 'RMNS201'
processXLS: only for SEM2 [u'RMNS201_SEM1_2018', u'RMNS201_SEM1_2017', u'RMNS201', u'RESEARCH METHODOLOGY:NATURAL SCIENCES', u'BTFDT1', u'BT: FOOD TECHNOLOGY', u'21', u'SEMESTER 1', u'D1', u'Durban Campus Full-time', u'A', u'50081609:SWALAHA', 10.0]
[u'RMNS201_SEM1_2018', u'RMNS201_SEM1_2017', u'RMNS201', u'RESEARCH METHODOLOGY:NATURAL SCIENCES', u'BTFDT1', u'BT: FOOD TECHNOLOGY', u'21', u'SEMESTER 1', u'D3', u'Durban Campus Part-time', u'A', u'50081609:SWALAHA', 7.0]
check 'RMNS201_SEM1_2018' 'RMNS201'
processXLS: only for SEM2 [u'RMNS201_SEM1_2018', u'RMNS201_SEM1_2017', u'RMNS201', u'RESEARCH METHODOLOGY:NATURAL SCIENCES', u'BTFDT1', u'BT: FOOD TECHNOLOGY', u'21', u'SEMESTER 1', u'D3', u'Durban Campus Part-time', u'A', u'50081609:SWALAHA', 7.0]
[u'', u'', u'', u'', u'', u'', u'', u'', u'', u'', u'', u'', u'']
check '' ''
[u'ABIC301_SEM2_2018', u'ABIC301_SEM2_2017', u'ABIC301', u'ANALYTICAL BIOCHEMISTRY III', u'NDBIO2', u'ND: BIOTECHNOLOGY', u'22', u'SEMESTER 2', u'D1', u'Durban Campus Full-time', u'A', u'40000530:MOHANLALL; 40009970:IJABADENIYI', 55.0]
check 'ABIC301_SEM2_2018' 'ABIC301'
adding  ABIC301
requesting:  http://10.0.100.98:8000/bbinfo/matching_courses/ABIC301%25
r= <Response [200]>
matching classes= set([u'ABIC301_SEM2_2018', u'ABIC301_SEM2_2016', u'ABIC301_SEM2_2017', u'ABIC301_15', u'ABIC301_13_REDL'])
[u'ABIC301_SEM2_2018', u'ABIC301_SEM2_2017', u'ABIC301', u'ANALYTICAL BIOCHEMISTRY III', u'NDBTF1', u'ND: BIOTECHNOLOGY (4 YEARS)', u'22', u'SEMESTER 2', u'D1', u'Durban Campus Full-time', u'A', u'40000530:MOHANLALL; 40009970:IJABADENIYI', 6.0]
check 'ABIC301_SEM2_2018' 'ABIC301'
adding  ABIC301
requesting:  http://10.0.100.98:8000/bbinfo/matching_courses/ABIC301%25
r= <Response [200]>
matching classes= set([u'ABIC301_SEM2_2018', u'ABIC301_SEM2_2016', u'ABIC301_SEM2_2017', u'ABIC301_15', u'ABIC301_13_REDL'])
[u'', u'', u'', u'', u'', u'', u'', u'', u'', u'', u'', u'', u'']
check '' ''
[u'ABSC311_YEAR_2018', u'ABSC311_YEAR_2017', u'ABSC311', u'APPLIED BIOLOGICAL SCIENCES III (MODULE 1)', u'NDSMF1', u'ND: SOMATOLOGY (4 YEARS)', u'11', u'YEAR', u'D1', u'Durban Campus Full-time', u'A', u'', 10.0]
check 'ABSC311_YEAR_2018' 'ABSC311'
processXLS: only for SEM2 [u'ABSC311_YEAR_2018', u'ABSC311_YEAR_2017', u'ABSC311', u'APPLIED BIOLOGICAL SCIENCES III (MODULE 1)', u'NDSMF1', u'ND: SOMATOLOGY (4 YEARS)', u'11', u'YEAR', u'D1', u'Durban Campus Full-time', u'A', u'', 10.0]
[u'ABSC311_YEAR_2018', u'ABSC311_YEAR_2017', u'ABSC311', u'APPLIED BIOLOGICAL SCIENCES III (MODULE 1)', u'NDSOM1', u'ND: SOMATOLOGY', u'11', u'YEAR', u'D1', u'Durban Campus Full-time', u'A', u'', 26.0]
check 'ABSC311_YEAR_2018' 'ABSC311'
processXLS: only for SEM2 [u'ABSC311_YEAR_2018', u'ABSC311_YEAR_2017', u'ABSC311', u'APPLIED BIOLOGICAL SCIENCES III (MODULE 1)', u'NDSOM1', u'ND: SOMATOLOGY', u'11', u'YEAR', u'D1', u'Durban Campus Full-time', u'A', u'', 26.0]
[u'', u'', u'', u'', u'', u'', u'', u'', u'', u'', u'', u'', u'']
check '' ''
[u'BIOP301_SEM2_2018', u'BIOP301_SEM2_2017', u'BIOP301', u'BIOPROCESSING III', u'NDBIO2', u'ND: BIOTECHNOLOGY', u'22', u'SEMESTER 2', u'D1', u'Durban Campus Full-time', u'A', u'50081609:SWALAHA', 54.0]
check 'BIOP301_SEM2_2018' 'BIOP301'
adding  BIOP301
requesting:  http://10.0.100.98:8000/bbinfo/matching_courses/BIOP301%25
r= <Response [200]>
matching classes= set([u'BIOP301_SEM2_2018', u'BIOP301_13_SWAF', u'BIOP301_SEM2_2017', u'BIOP301_SEM2_2016'])
[u'BIOP301_SEM2_2018', u'BIOP301_SEM2_2017', u'BIOP301', u'BIOPROCESSING III', u'NDBTF1', u'ND: BIOTECHNOLOGY (4 YEARS)', u'22', u'SEMESTER 2', u'D1', u'Durban Campus Full-time', u'A', u'50081609:SWALAHA', 4.0]
check 'BIOP301_SEM2_2018' 'BIOP301'
adding  BIOP301
requesting:  http://10.0.100.98:8000/bbinfo/matching_courses/BIOP301%25
r= <Response [200]>
matching classes= set([u'BIOP301_SEM2_2018', u'BIOP301_13_SWAF', u'BIOP301_SEM2_2017', u'BIOP301_SEM2_2016'])
[u'', u'', u'', u'', u'', u'', u'', u'', u'', u'', u'', u'', u'']
check '' ''
[u'FCHM302_SEM1_2018', u'FCHM302_SEM1_2017', u'FCHM302', u'FOOD CHEMISTRY III', u'NDFDT2', u'ND: FOOD TECHNOLOGY', u'21', u'SEMESTER 1', u'D1', u'Durban Campus Full-time', u'A', u'40000530:MOHANLALL', 35.0]
check 'FCHM302_SEM1_2018' 'FCHM302'
processXLS: only for SEM2 [u'FCHM302_SEM1_2018', u'FCHM302_SEM1_2017', u'FCHM302', u'FOOD CHEMISTRY III', u'NDFDT2', u'ND: FOOD TECHNOLOGY', u'21', u'SEMESTER 1', u'D1', u'Durban Campus Full-time', u'A', u'40000530:MOHANLALL', 35.0]
[u'FCHM302_SEM1_2018', u'FCHM302_SEM1_2017', u'FCHM302', u'FOOD CHEMISTRY III', u'NDFTF1', u'ND: FOOD TECHNOLOGY (4 YEARS)', u'21', u'SEMESTER 1', u'D1', u'Durban Campus Full-time', u'A', u'40000530:MOHANLALL', 19.0]
check 'FCHM302_SEM1_2018' 'FCHM302'
processXLS: only for SEM2 [u'FCHM302_SEM1_2018', u'FCHM302_SEM1_2017', u'FCHM302', u'FOOD CHEMISTRY III', u'NDFTF1', u'ND: FOOD TECHNOLOGY (4 YEARS)', u'21', u'SEMESTER 1', u'D1', u'Durban Campus Full-time', u'A', u'40000530:MOHANLALL', 19.0]
[u'', u'', u'', u'', u'', u'', u'', u'', u'', u'', u'', u'', u'']
check '' ''
[u'FDTE301_SEM2_2018', u'FDTE301_SEM2_2017', u'FDTE301', u'FOOD TECHNOLOGY III', u'NDFDT2', u'ND: FOOD TECHNOLOGY', u'22', u'SEMESTER 2', u'D1', u'Durban Campus Full-time', u'A', u'40009970:IJABADENIYI', 30.0]
check 'FDTE301_SEM2_2018' 'FDTE301'
adding  FDTE301
requesting:  http://10.0.100.98:8000/bbinfo/matching_courses/FDTE301%25
r= <Response [200]>
matching classes= set([u'FDTE301_SEM2_2016', u'FDTE301_SEM2_2018', u'FDTE301_13_SMIM', u'FDTE301_SEM2_2017'])
[u'FDTE301_SEM2_2018', u'FDTE301_SEM2_2017', u'FDTE301', u'FOOD TECHNOLOGY III', u'NDFTF1', u'ND: FOOD TECHNOLOGY (4 YEARS)', u'22', u'SEMESTER 2', u'D1', u'Durban Campus Full-time', u'A', u'40009970:IJABADENIYI', 13.0]
check 'FDTE301_SEM2_2018' 'FDTE301'
adding  FDTE301
requesting:  http://10.0.100.98:8000/bbinfo/matching_courses/FDTE301%25
r= <Response [200]>
matching classes= set([u'FDTE301_SEM2_2016', u'FDTE301_SEM2_2018', u'FDTE301_13_SMIM', u'FDTE301_SEM2_2017'])
[u'', u'', u'', u'', u'', u'', u'', u'', u'', u'', u'', u'', u'']
check '' ''
[u'FMIC302_SEM1_2018', u'FMIC302_SEM1_2017', u'FMIC302', u'FOOD MICROBIOLOGY III', u'NDBIO2', u'ND: BIOTECHNOLOGY', u'21', u'SEMESTER 1', u'D1', u'Durban Campus Full-time', u'A', u'40000051:JUGLAL', 1.0]
check 'FMIC302_SEM1_2018' 'FMIC302'
processXLS: only for SEM2 [u'FMIC302_SEM1_2018', u'FMIC302_SEM1_2017', u'FMIC302', u'FOOD MICROBIOLOGY III', u'NDBIO2', u'ND: BIOTECHNOLOGY', u'21', u'SEMESTER 1', u'D1', u'Durban Campus Full-time', u'A', u'40000051:JUGLAL', 1.0]
[u'', u'', u'', u'', u'', u'', u'', u'', u'', u'', u'', u'', u'']
check '' ''
[u'FMIC302_SEM2_2018', u'FMIC302_SEM2_2017', u'FMIC302', u'FOOD MICROBIOLOGY III', u'NDBIO2', u'ND: BIOTECHNOLOGY', u'22', u'SEMESTER 2', u'D1', u'Durban Campus Full-time', u'A', u'40000051:JUGLAL', 52.0]
check 'FMIC302_SEM2_2018' 'FMIC302'
adding  FMIC302
requesting:  http://10.0.100.98:8000/bbinfo/matching_courses/FMIC302%25
r= <Response [200]>
matching classes= set([u'FMIC302_SEM1_2017', u'FMIC302_SEM1_2018', u'FMIC302_SEM2_2018', u'FMIC302_SEM2_2017', u'FMIC302_SEM2_2016', u'FMIC302_13_JUGS'])
[u'FMIC302_SEM2_2018', u'FMIC302_SEM2_2017', u'FMIC302', u'FOOD MICROBIOLOGY III', u'NDBTF1', u'ND: BIOTECHNOLOGY (4 YEARS)', u'22', u'SEMESTER 2', u'D1', u'Durban Campus Full-time', u'A', u'40000051:JUGLAL', 6.0]
check 'FMIC302_SEM2_2018' 'FMIC302'
adding  FMIC302
requesting:  http://10.0.100.98:8000/bbinfo/matching_courses/FMIC302%25
r= <Response [200]>
matching classes= set([u'FMIC302_SEM1_2017', u'FMIC302_SEM1_2018', u'FMIC302_SEM2_2018', u'FMIC302_SEM2_2017', u'FMIC302_SEM2_2016', u'FMIC302_13_JUGS'])
[u'FMIC302_SEM2_2018', u'FMIC302_SEM2_2017', u'FMIC302', u'FOOD MICROBIOLOGY III', u'NDFDT2', u'ND: FOOD TECHNOLOGY', u'22', u'SEMESTER 2', u'D1', u'Durban Campus Full-time', u'A', u'40000051:JUGLAL', 33.0]
check 'FMIC302_SEM2_2018' 'FMIC302'
adding  FMIC302
requesting:  http://10.0.100.98:8000/bbinfo/matching_courses/FMIC302%25
r= <Response [200]>
matching classes= set([u'FMIC302_SEM1_2017', u'FMIC302_SEM1_2018', u'FMIC302_SEM2_2018', u'FMIC302_SEM2_2017', u'FMIC302_SEM2_2016', u'FMIC302_13_JUGS'])
[u'FMIC302_SEM2_2018', u'FMIC302_SEM2_2017', u'FMIC302', u'FOOD MICROBIOLOGY III', u'NDFTF1', u'ND: FOOD TECHNOLOGY (4 YEARS)', u'22', u'SEMESTER 2', u'D1', u'Durban Campus Full-time', u'A', u'40000051:JUGLAL', 16.0]
check 'FMIC302_SEM2_2018' 'FMIC302'
adding  FMIC302
requesting:  http://10.0.100.98:8000/bbinfo/matching_courses/FMIC302%25
r= <Response [200]>
matching classes= set([u'FMIC302_SEM1_2017', u'FMIC302_SEM1_2018', u'FMIC302_SEM2_2018', u'FMIC302_SEM2_2017', u'FMIC302_SEM2_2016', u'FMIC302_13_JUGS'])
[u'', u'', u'', u'', u'', u'', u'', u'', u'', u'', u'', u'', u'']
check '' ''
[u'MIBC301_SEM1_2018', u'MIBC301_SEM1_2017', u'MIBC301', u'MICROBIAL BIOCHEMISTRY III', u'NDBIO2', u'ND: BIOTECHNOLOGY', u'21', u'SEMESTER 1', u'D1', u'Durban Campus Full-time', u'A', u'40012259:Kudanga', 54.0]
check 'MIBC301_SEM1_2018' 'MIBC301'
processXLS: only for SEM2 [u'MIBC301_SEM1_2018', u'MIBC301_SEM1_2017', u'MIBC301', u'MICROBIAL BIOCHEMISTRY III', u'NDBIO2', u'ND: BIOTECHNOLOGY', u'21', u'SEMESTER 1', u'D1', u'Durban Campus Full-time', u'A', u'40012259:Kudanga', 54.0]
[u'MIBC301_SEM1_2018', u'MIBC301_SEM1_2017', u'MIBC301', u'MICROBIAL BIOCHEMISTRY III', u'NDBTF1', u'ND: BIOTECHNOLOGY (4 YEARS)', u'21', u'SEMESTER 1', u'D1', u'Durban Campus Full-time', u'A', u'40012259:Kudanga', 6.0]
check 'MIBC301_SEM1_2018' 'MIBC301'
processXLS: only for SEM2 [u'MIBC301_SEM1_2018', u'MIBC301_SEM1_2017', u'MIBC301', u'MICROBIAL BIOCHEMISTRY III', u'NDBTF1', u'ND: BIOTECHNOLOGY (4 YEARS)', u'21', u'SEMESTER 1', u'D1', u'Durban Campus Full-time', u'A', u'40012259:Kudanga', 6.0]
[u'MIBC301_SEM1_2018', u'MIBC301_SEM1_2017', u'MIBC301', u'MICROBIAL BIOCHEMISTRY III', u'NODIP2', u'NON-DIPLOMA PURPOSE (APP SC)', u'21', u'SEMESTER 1', u'D7', u'DBN FULL-TIME NON-SUBSIDISED', u'A', u'40012259:Kudanga', 3.0]
check 'MIBC301_SEM1_2018' 'MIBC301'
processXLS: only for SEM2 [u'MIBC301_SEM1_2018', u'MIBC301_SEM1_2017', u'MIBC301', u'MICROBIAL BIOCHEMISTRY III', u'NODIP2', u'NON-DIPLOMA PURPOSE (APP SC)', u'21', u'SEMESTER 1', u'D7', u'DBN FULL-TIME NON-SUBSIDISED', u'A', u'40012259:Kudanga', 3.0]
[u'', u'', u'', u'', u'', u'', u'', u'', u'', u'', u'', u'', u'']
check '' ''
[u'MICR301_SEM1_2018', u'MICR301_SEM1_2017', u'MICR301', u'MICROBIOLOGY:BIOLOGICAL III', u'NDBIO2', u'ND: BIOTECHNOLOGY', u'21', u'SEMESTER 1', u'D1', u'Durban Campus Full-time', u'A', u'40002390:PERMAUL', 54.0]
check 'MICR301_SEM1_2018' 'MICR301'
processXLS: only for SEM2 [u'MICR301_SEM1_2018', u'MICR301_SEM1_2017', u'MICR301', u'MICROBIOLOGY:BIOLOGICAL III', u'NDBIO2', u'ND: BIOTECHNOLOGY', u'21', u'SEMESTER 1', u'D1', u'Durban Campus Full-time', u'A', u'40002390:PERMAUL', 54.0]
[u'MICR301_SEM1_2018', u'MICR301_SEM1_2017', u'MICR301', u'MICROBIOLOGY:BIOLOGICAL III', u'NDBTF1', u'ND: BIOTECHNOLOGY (4 YEARS)', u'21', u'SEMESTER 1', u'D1', u'Durban Campus Full-time', u'A', u'40002390:PERMAUL', 6.0]
check 'MICR301_SEM1_2018' 'MICR301'
processXLS: only for SEM2 [u'MICR301_SEM1_2018', u'MICR301_SEM1_2017', u'MICR301', u'MICROBIOLOGY:BIOLOGICAL III', u'NDBTF1', u'ND: BIOTECHNOLOGY (4 YEARS)', u'21', u'SEMESTER 1', u'D1', u'Durban Campus Full-time', u'A', u'40002390:PERMAUL', 6.0]
[u'MICR301_SEM1_2018', u'MICR301_SEM1_2017', u'MICR301', u'MICROBIOLOGY:BIOLOGICAL III', u'NODIP2', u'NON-DIPLOMA PURPOSE (APP SC)', u'21', u'SEMESTER 1', u'D7', u'DBN FULL-TIME NON-SUBSIDISED', u'A', u'40002390:PERMAUL', 3.0]
check 'MICR301_SEM1_2018' 'MICR301'
processXLS: only for SEM2 [u'MICR301_SEM1_2018', u'MICR301_SEM1_2017', u'MICR301', u'MICROBIOLOGY:BIOLOGICAL III', u'NODIP2', u'NON-DIPLOMA PURPOSE (APP SC)', u'21', u'SEMESTER 1', u'D7', u'DBN FULL-TIME NON-SUBSIDISED', u'A', u'40002390:PERMAUL', 3.0]
[u'', u'', u'', u'', u'', u'', u'', u'', u'', u'', u'', u'', u'']
check '' ''
[u'DNAT401_SEM1_2018', u'DNAT401_SEM1_2017', u'DNAT401', u'RECOMBINANT DNA TECHNOLOGY IV', u'BTBIO1', u'BT: BIOTECHNOLOGY', u'21', u'SEMESTER 1', u'D1', u'Durban Campus Full-time', u'A', u'40002390:PERMAUL', 13.0]
check 'DNAT401_SEM1_2018' 'DNAT401'
processXLS: only for SEM2 [u'DNAT401_SEM1_2018', u'DNAT401_SEM1_2017', u'DNAT401', u'RECOMBINANT DNA TECHNOLOGY IV', u'BTBIO1', u'BT: BIOTECHNOLOGY', u'21', u'SEMESTER 1', u'D1', u'Durban Campus Full-time', u'A', u'40002390:PERMAUL', 13.0]
[u'DNAT401_SEM1_2018', u'DNAT401_SEM1_2017', u'DNAT401', u'RECOMBINANT DNA TECHNOLOGY IV', u'BTBIO1', u'BT: BIOTECHNOLOGY', u'21', u'SEMESTER 1', u'D3', u'Durban Campus Part-time', u'A', u'40002390:PERMAUL', 6.0]
check 'DNAT401_SEM1_2018' 'DNAT401'
processXLS: only for SEM2 [u'DNAT401_SEM1_2018', u'DNAT401_SEM1_2017', u'DNAT401', u'RECOMBINANT DNA TECHNOLOGY IV', u'BTBIO1', u'BT: BIOTECHNOLOGY', u'21', u'SEMESTER 1', u'D3', u'Durban Campus Part-time', u'A', u'40002390:PERMAUL', 6.0]
[u'', u'', u'', u'', u'', u'', u'', u'', u'', u'', u'', u'', u'']
check '' ''
[u'ENBT401_SEM1_2018', u'ENBT401_SEM1_2017', u'ENBT401', u'ENVIRONMENTAL BIOTECHNOLOGY IV', u'BTBIO1', u'BT: BIOTECHNOLOGY', u'21', u'SEMESTER 1', u'D1', u'Durban Campus Full-time', u'A', u'40012259:Kudanga', 13.0]
check 'ENBT401_SEM1_2018' 'ENBT401'
processXLS: only for SEM2 [u'ENBT401_SEM1_2018', u'ENBT401_SEM1_2017', u'ENBT401', u'ENVIRONMENTAL BIOTECHNOLOGY IV', u'BTBIO1', u'BT: BIOTECHNOLOGY', u'21', u'SEMESTER 1', u'D1', u'Durban Campus Full-time', u'A', u'40012259:Kudanga', 13.0]
[u'ENBT401_SEM1_2018', u'ENBT401_SEM1_2017', u'ENBT401', u'ENVIRONMENTAL BIOTECHNOLOGY IV', u'BTBIO1', u'BT: BIOTECHNOLOGY', u'21', u'SEMESTER 1', u'D3', u'Durban Campus Part-time', u'A', u'40012259:Kudanga', 4.0]
check 'ENBT401_SEM1_2018' 'ENBT401'
processXLS: only for SEM2 [u'ENBT401_SEM1_2018', u'ENBT401_SEM1_2017', u'ENBT401', u'ENVIRONMENTAL BIOTECHNOLOGY IV', u'BTBIO1', u'BT: BIOTECHNOLOGY', u'21', u'SEMESTER 1', u'D3', u'Durban Campus Part-time', u'A', u'40012259:Kudanga', 4.0]
[u'', u'', u'', u'', u'', u'', u'', u'', u'', u'', u'', u'', u'']
check '' ''
[u'FANL402_SEM2_2018', u'FANL402_SEM2_2017', u'FANL402', u'FOOD ANALYSIS IV', u'BTFDT1', u'BT: FOOD TECHNOLOGY', u'22', u'SEMESTER 2', u'D1', u'Durban Campus Full-time', u'A', u'40012259:Kudanga', 10.0]
check 'FANL402_SEM2_2018' 'FANL402'
adding  FANL402
requesting:  http://10.0.100.98:8000/bbinfo/matching_courses/FANL402%25
r= <Response [200]>
matching classes= set([u'FANL402', u'FANL402_SEM2_2017', u'FANL402_SEM2_2018', u'FANL402_SEM2_2016', u'FANL402_13_REDL'])
[u'FANL402_SEM2_2018', u'FANL402_SEM2_2017', u'FANL402', u'FOOD ANALYSIS IV', u'BTFDT1', u'BT: FOOD TECHNOLOGY', u'22', u'SEMESTER 2', u'D3', u'Durban Campus Part-time', u'A', u'40012259:Kudanga', 1.0]
check 'FANL402_SEM2_2018' 'FANL402'
adding  FANL402
requesting:  http://10.0.100.98:8000/bbinfo/matching_courses/FANL402%25
r= <Response [200]>
matching classes= set([u'FANL402', u'FANL402_SEM2_2017', u'FANL402_SEM2_2018', u'FANL402_SEM2_2016', u'FANL402_13_REDL'])
[u'', u'', u'', u'', u'', u'', u'', u'', u'', u'', u'', u'', u'']
check '' ''
[u'FCMP401_SEM2_2018', u'FCMP401_SEM2_2017', u'FCMP401', u'FOOD COMPONENTS IV', u'BTFDT1', u'BT: FOOD TECHNOLOGY', u'22', u'SEMESTER 2', u'D1', u'Durban Campus Full-time', u'A', u'40010921:AMONSOU', 11.0]
check 'FCMP401_SEM2_2018' 'FCMP401'
adding  FCMP401
requesting:  http://10.0.100.98:8000/bbinfo/matching_courses/FCMP401%25
r= <Response [200]>
matching classes= set([u'FCMP401_13_SMIM', u'FCMP401_SEM2_2016', u'FCMP401_15_AMOE', u'FCMP401_SEM2_2018', u'FCMP401_SEM2_2017'])
[u'FCMP401_SEM2_2018', u'FCMP401_SEM2_2017', u'FCMP401', u'FOOD COMPONENTS IV', u'BTFDT1', u'BT: FOOD TECHNOLOGY', u'22', u'SEMESTER 2', u'D3', u'Durban Campus Part-time', u'A', u'40010921:AMONSOU', 1.0]
check 'FCMP401_SEM2_2018' 'FCMP401'
adding  FCMP401
requesting:  http://10.0.100.98:8000/bbinfo/matching_courses/FCMP401%25
r= <Response [200]>
matching classes= set([u'FCMP401_13_SMIM', u'FCMP401_SEM2_2016', u'FCMP401_15_AMOE', u'FCMP401_SEM2_2018', u'FCMP401_SEM2_2017'])
[u'', u'', u'', u'', u'', u'', u'', u'', u'', u'', u'', u'', u'']
check '' ''
[u'FDMA401_SEM1_2018', u'FDMA401_SEM1_2017', u'FDMA401', u'FOOD MICROBIAL ASSURANCE IV', u'BTFDT1', u'BT: FOOD TECHNOLOGY', u'21', u'SEMESTER 1', u'D1', u'Durban Campus Full-time', u'A', u'40009970:IJABADENIYI', 10.0]
check 'FDMA401_SEM1_2018' 'FDMA401'
processXLS: only for SEM2 [u'FDMA401_SEM1_2018', u'FDMA401_SEM1_2017', u'FDMA401', u'FOOD MICROBIAL ASSURANCE IV', u'BTFDT1', u'BT: FOOD TECHNOLOGY', u'21', u'SEMESTER 1', u'D1', u'Durban Campus Full-time', u'A', u'40009970:IJABADENIYI', 10.0]
[u'', u'', u'', u'', u'', u'', u'', u'', u'', u'', u'', u'', u'']
check '' ''
[u'FDTE402_SEM1_2018', u'FDTE402_SEM1_2017', u'FDTE402', u'FOOD TECHNOLOGY IV', u'BTFDT1', u'BT: FOOD TECHNOLOGY', u'21', u'SEMESTER 1', u'D1', u'Durban Campus Full-time', u'A', u'40004196:MELLEM', 12.0]
check 'FDTE402_SEM1_2018' 'FDTE402'
processXLS: only for SEM2 [u'FDTE402_SEM1_2018', u'FDTE402_SEM1_2017', u'FDTE402', u'FOOD TECHNOLOGY IV', u'BTFDT1', u'BT: FOOD TECHNOLOGY', u'21', u'SEMESTER 1', u'D1', u'Durban Campus Full-time', u'A', u'40004196:MELLEM', 12.0]
[u'', u'', u'', u'', u'', u'', u'', u'', u'', u'', u'', u'', u'']
check '' ''
[u'FPDV401_SEM1_2018', u'FPDV401_SEM1_2017', u'FPDV401', u'FOOD PRODUCT DEVELOPMENT IV', u'BTFDT1', u'BT: FOOD TECHNOLOGY', u'21', u'SEMESTER 1', u'D1', u'Durban Campus Full-time', u'A', u'40003220:BEEKRUM', 12.0]
check 'FPDV401_SEM1_2018' 'FPDV401'
processXLS: only for SEM2 [u'FPDV401_SEM1_2018', u'FPDV401_SEM1_2017', u'FPDV401', u'FOOD PRODUCT DEVELOPMENT IV', u'BTFDT1', u'BT: FOOD TECHNOLOGY', u'21', u'SEMESTER 1', u'D1', u'Durban Campus Full-time', u'A', u'40003220:BEEKRUM', 12.0]
[u'FPDV401_SEM1_2018', u'FPDV401_SEM1_2017', u'FPDV401', u'FOOD PRODUCT DEVELOPMENT IV', u'BTFDT1', u'BT: FOOD TECHNOLOGY', u'21', u'SEMESTER 1', u'D3', u'Durban Campus Part-time', u'A', u'40003220:BEEKRUM', 3.0]
check 'FPDV401_SEM1_2018' 'FPDV401'
processXLS: only for SEM2 [u'FPDV401_SEM1_2018', u'FPDV401_SEM1_2017', u'FPDV401', u'FOOD PRODUCT DEVELOPMENT IV', u'BTFDT1', u'BT: FOOD TECHNOLOGY', u'21', u'SEMESTER 1', u'D3', u'Durban Campus Part-time', u'A', u'40003220:BEEKRUM', 3.0]
[u'', u'', u'', u'', u'', u'', u'', u'', u'', u'', u'', u'', u'']
check '' ''
[u'FPRJ401_YEAR_2018', u'FPRJ401_YEAR_2017', u'FPRJ401', u'FOOD PROJECT IV (FULL YEAR)', u'BTFDT1', u'BT: FOOD TECHNOLOGY', u'11', u'YEAR', u'D1', u'Durban Campus Full-time', u'A', u'40010921:AMONSOU', 11.0]
check 'FPRJ401_YEAR_2018' 'FPRJ401'
processXLS: only for SEM2 [u'FPRJ401_YEAR_2018', u'FPRJ401_YEAR_2017', u'FPRJ401', u'FOOD PROJECT IV (FULL YEAR)', u'BTFDT1', u'BT: FOOD TECHNOLOGY', u'11', u'YEAR', u'D1', u'Durban Campus Full-time', u'A', u'40010921:AMONSOU', 11.0]
[u'FPRJ401_YEAR_2018', u'FPRJ401_YEAR_2017', u'FPRJ401', u'FOOD PROJECT IV (FULL YEAR)', u'BTFDT1', u'BT: FOOD TECHNOLOGY', u'11', u'YEAR', u'D3', u'Durban Campus Part-time', u'A', u'40010921:AMONSOU', 7.0]
check 'FPRJ401_YEAR_2018' 'FPRJ401'
processXLS: only for SEM2 [u'FPRJ401_YEAR_2018', u'FPRJ401_YEAR_2017', u'FPRJ401', u'FOOD PROJECT IV (FULL YEAR)', u'BTFDT1', u'BT: FOOD TECHNOLOGY', u'11', u'YEAR', u'D3', u'Durban Campus Part-time', u'A', u'40010921:AMONSOU', 7.0]
[u'', u'', u'', u'', u'', u'', u'', u'', u'', u'', u'', u'', u'']
check '' ''
[u'INBT401_SEM2_2018', u'INBT401_SEM2_2017', u'INBT401', u'INDUSTRIAL BIOTECHNOLOGY IV', u'BTBIO1', u'BT: BIOTECHNOLOGY', u'22', u'SEMESTER 2', u'D1', u'Durban Campus Full-time', u'A', u'40004176:MCHUNU', 11.0]
check 'INBT401_SEM2_2018' 'INBT401'
adding  INBT401
requesting:  http://10.0.100.98:8000/bbinfo/matching_courses/INBT401%25
r= <Response [200]>
matching classes= set([u'INBT401_SEM2_2017', u'INBT401_SEM2_2016', u'INBT401_14_PERK', u'INBT401_SEM2_2018', u'INBT401_13_SWAF'])
[u'INBT401_SEM2_2018', u'INBT401_SEM2_2017', u'INBT401', u'INDUSTRIAL BIOTECHNOLOGY IV', u'BTBIO1', u'BT: BIOTECHNOLOGY', u'22', u'SEMESTER 2', u'D3', u'Durban Campus Part-time', u'A', u'40004176:MCHUNU', 3.0]
check 'INBT401_SEM2_2018' 'INBT401'
adding  INBT401
requesting:  http://10.0.100.98:8000/bbinfo/matching_courses/INBT401%25
r= <Response [200]>
matching classes= set([u'INBT401_SEM2_2017', u'INBT401_SEM2_2016', u'INBT401_14_PERK', u'INBT401_SEM2_2018', u'INBT401_13_SWAF'])
[u'', u'', u'', u'', u'', u'', u'', u'', u'', u'', u'', u'', u'']
check '' ''
[u'PLBT401_SEM2_2018', u'PLBT401_SEM2_2017', u'PLBT401', u'PLANT BIOTECHNOLOGY IV', u'BTBIO1', u'BT: BIOTECHNOLOGY', u'22', u'SEMESTER 2', u'D1', u'Durban Campus Full-time', u'A', u'40004172:KUTTAN PILLAI', 11.0]
check 'PLBT401_SEM2_2018' 'PLBT401'
adding  PLBT401
requesting:  http://10.0.100.98:8000/bbinfo/matching_courses/PLBT401%25
r= <Response [200]>
matching classes= set([u'PLBT401_13_ODHB', u'PLBT401_SEM2_2018', u'PLBT401_SEM2_2016', u'PLBT401_SEM2_2017', u'PLBT401_15_PILS'])
[u'PLBT401_SEM2_2018', u'PLBT401_SEM2_2017', u'PLBT401', u'PLANT BIOTECHNOLOGY IV', u'BTBIO1', u'BT: BIOTECHNOLOGY', u'22', u'SEMESTER 2', u'D3', u'Durban Campus Part-time', u'A', u'40004172:KUTTAN PILLAI', 2.0]
check 'PLBT401_SEM2_2018' 'PLBT401'
adding  PLBT401
requesting:  http://10.0.100.98:8000/bbinfo/matching_courses/PLBT401%25
r= <Response [200]>
matching classes= set([u'PLBT401_13_ODHB', u'PLBT401_SEM2_2018', u'PLBT401_SEM2_2016', u'PLBT401_SEM2_2017', u'PLBT401_15_PILS'])
[u'', u'', u'', u'', u'', u'', u'', u'', u'', u'', u'', u'', u'']
check '' ''
[u'RESP411_YEAR_2018', u'RESP411_YEAR_2017', u'RESP411', u'RESEARCH PROJECT IV (FULL YEAR)', u'BTBIO1', u'BT: BIOTECHNOLOGY', u'11', u'YEAR', u'D1', u'Durban Campus Full-time', u'A', u'50081609:SWALAHA', 12.0]
check 'RESP411_YEAR_2018' 'RESP411'
processXLS: only for SEM2 [u'RESP411_YEAR_2018', u'RESP411_YEAR_2017', u'RESP411', u'RESEARCH PROJECT IV (FULL YEAR)', u'BTBIO1', u'BT: BIOTECHNOLOGY', u'11', u'YEAR', u'D1', u'Durban Campus Full-time', u'A', u'50081609:SWALAHA', 12.0]
[u'RESP411_YEAR_2018', u'RESP411_YEAR_2017', u'RESP411', u'RESEARCH PROJECT IV (FULL YEAR)', u'BTBIO1', u'BT: BIOTECHNOLOGY', u'11', u'YEAR', u'D3', u'Durban Campus Part-time', u'A', u'50081609:SWALAHA', 8.0]
check 'RESP411_YEAR_2018' 'RESP411'
processXLS: only for SEM2 [u'RESP411_YEAR_2018', u'RESP411_YEAR_2017', u'RESP411', u'RESEARCH PROJECT IV (FULL YEAR)', u'BTBIO1', u'BT: BIOTECHNOLOGY', u'11', u'YEAR', u'D3', u'Durban Campus Part-time', u'A', u'50081609:SWALAHA', 8.0]
[u'', u'', u'', u'', u'', u'', u'', u'', u'', u'', u'', u'', u'']
check '' ''
[u'RESP421_YEAR_2018', u'RESP421_YEAR_2017', u'RESP421', u'RESEARCH PROJECT IV (RE-REGISTRATION)', u'BTBIO1', u'BT: BIOTECHNOLOGY', u'11', u'YEAR', u'D1', u'Durban Campus Full-time', u'A', u'50081609:SWALAHA', 1.0]
check 'RESP421_YEAR_2018' 'RESP421'
processXLS: only for SEM2 [u'RESP421_YEAR_2018', u'RESP421_YEAR_2017', u'RESP421', u'RESEARCH PROJECT IV (RE-REGISTRATION)', u'BTBIO1', u'BT: BIOTECHNOLOGY', u'11', u'YEAR', u'D1', u'Durban Campus Full-time', u'A', u'50081609:SWALAHA', 1.0]
[u'RESP421_YEAR_2018', u'RESP421_YEAR_2017', u'RESP421', u'RESEARCH PROJECT IV (RE-REGISTRATION)', u'BTBIO1', u'BT: BIOTECHNOLOGY', u'11', u'YEAR', u'D3', u'Durban Campus Part-time', u'A', u'50081609:SWALAHA', 4.0]
check 'RESP421_YEAR_2018' 'RESP421'
processXLS: only for SEM2 [u'RESP421_YEAR_2018', u'RESP421_YEAR_2017', u'RESP421', u'RESEARCH PROJECT IV (RE-REGISTRATION)', u'BTBIO1', u'BT: BIOTECHNOLOGY', u'11', u'YEAR', u'D3', u'Durban Campus Part-time', u'A', u'50081609:SWALAHA', 4.0]
[u'', u'', u'', u'', u'', u'', u'', u'', u'', u'', u'', u'', u'']
check '' ''
[u'RPBT511_YEAR_2018', u'RPBT511_YEAR_2017', u'RPBT511', u'RESEARCH THESIS (1ST REG)', u'MSBTC1', u'MS:  BIOTECHNOLOGY', u'P0', u'POST-GRAD ANNUAL REGISTRATIONS', u'D1', u'Durban Campus Full-time', u'A', u'40002390:Permaul', 15.0]
check 'RPBT511_YEAR_2018' 'RPBT511'
processXLS: only for SEM2 [u'RPBT511_YEAR_2018', u'RPBT511_YEAR_2017', u'RPBT511', u'RESEARCH THESIS (1ST REG)', u'MSBTC1', u'MS:  BIOTECHNOLOGY', u'P0', u'POST-GRAD ANNUAL REGISTRATIONS', u'D1', u'Durban Campus Full-time', u'A', u'40002390:Permaul', 15.0]
[u'RPBT511_YEAR_2018', u'RPBT511_YEAR_2017', u'RPBT511', u'RESEARCH THESIS (1ST REG)', u'MSBTC1', u'MS:  BIOTECHNOLOGY', u'P0', u'POST-GRAD ANNUAL REGISTRATIONS', u'D3', u'Durban Campus Part-time', u'A', u'40002390:Permaul', 1.0]
check 'RPBT511_YEAR_2018' 'RPBT511'
processXLS: only for SEM2 [u'RPBT511_YEAR_2018', u'RPBT511_YEAR_2017', u'RPBT511', u'RESEARCH THESIS (1ST REG)', u'MSBTC1', u'MS:  BIOTECHNOLOGY', u'P0', u'POST-GRAD ANNUAL REGISTRATIONS', u'D3', u'Durban Campus Part-time', u'A', u'40002390:Permaul', 1.0]
[u'', u'', u'', u'', u'', u'', u'', u'', u'', u'', u'', u'', u'']
check '' ''
[u'RPBT521_YEAR_2018', u'RPBT521_YEAR_2017', u'RPBT521', u'RESEARCH THESIS (2ND REG)', u'MSBTC1', u'MS:  BIOTECHNOLOGY', u'P0', u'POST-GRAD ANNUAL REGISTRATIONS', u'D1', u'Durban Campus Full-time', u'A', u'40002390:Permaul', 31.0]
check 'RPBT521_YEAR_2018' 'RPBT521'
processXLS: only for SEM2 [u'RPBT521_YEAR_2018', u'RPBT521_YEAR_2017', u'RPBT521', u'RESEARCH THESIS (2ND REG)', u'MSBTC1', u'MS:  BIOTECHNOLOGY', u'P0', u'POST-GRAD ANNUAL REGISTRATIONS', u'D1', u'Durban Campus Full-time', u'A', u'40002390:Permaul', 31.0]
[u'RPBT521_YEAR_2018', u'RPBT521_YEAR_2017', u'RPBT521', u'RESEARCH THESIS (2ND REG)', u'MSBTC1', u'MS:  BIOTECHNOLOGY', u'P0', u'POST-GRAD ANNUAL REGISTRATIONS', u'D3', u'Durban Campus Part-time', u'A', u'40002390:Permaul', 1.0]
check 'RPBT521_YEAR_2018' 'RPBT521'
processXLS: only for SEM2 [u'RPBT521_YEAR_2018', u'RPBT521_YEAR_2017', u'RPBT521', u'RESEARCH THESIS (2ND REG)', u'MSBTC1', u'MS:  BIOTECHNOLOGY', u'P0', u'POST-GRAD ANNUAL REGISTRATIONS', u'D3', u'Durban Campus Part-time', u'A', u'40002390:Permaul', 1.0]
[u'', u'', u'', u'', u'', u'', u'', u'', u'', u'', u'', u'', u'']
check '' ''
[u'RPFT511_YEAR_2018', u'RPFT511_YEAR_2017', u'RPFT511', u'RESEARCH PROJECT AND DISSERTATION (1ST REG)', u'MSFST1', u'MS:  FOOD SCIENCE AND TECHNOLOGY', u'P0', u'POST-GRAD ANNUAL REGISTRATIONS', u'D1', u'Durban Campus Full-time', u'A', u'40002390:Permaul', 10.0]
check 'RPFT511_YEAR_2018' 'RPFT511'
processXLS: only for SEM2 [u'RPFT511_YEAR_2018', u'RPFT511_YEAR_2017', u'RPFT511', u'RESEARCH PROJECT AND DISSERTATION (1ST REG)', u'MSFST1', u'MS:  FOOD SCIENCE AND TECHNOLOGY', u'P0', u'POST-GRAD ANNUAL REGISTRATIONS', u'D1', u'Durban Campus Full-time', u'A', u'40002390:Permaul', 10.0]
[u'', u'', u'', u'', u'', u'', u'', u'', u'', u'', u'', u'', u'']
check '' ''
[u'RPFT521_YEAR_2018', u'RPFT521_YEAR_2017', u'RPFT521', u'RESEARCH PROJECT AND DISSERTATION (2ND REG)', u'MSFST1', u'MS:  FOOD SCIENCE AND TECHNOLOGY', u'P0', u'POST-GRAD ANNUAL REGISTRATIONS', u'D1', u'Durban Campus Full-time', u'A', u'40002390:Permaul', 7.0]
check 'RPFT521_YEAR_2018' 'RPFT521'
processXLS: only for SEM2 [u'RPFT521_YEAR_2018', u'RPFT521_YEAR_2017', u'RPFT521', u'RESEARCH PROJECT AND DISSERTATION (2ND REG)', u'MSFST1', u'MS:  FOOD SCIENCE AND TECHNOLOGY', u'P0', u'POST-GRAD ANNUAL REGISTRATIONS', u'D1', u'Durban Campus Full-time', u'A', u'40002390:Permaul', 7.0]
[u'', u'', u'', u'', u'', u'', u'', u'', u'', u'', u'', u'', u'']
check '' ''
[u'RPSF502_YEAR_2018', u'RPSF502_YEAR_2017', u'RPSF502', u'RESEARCH THESIS FULL REGISTRATION', u'MSFST1', u'MS:  FOOD SCIENCE AND TECHNOLOGY', u'P0', u'POST-GRAD ANNUAL REGISTRATIONS', u'D1', u'Durban Campus Full-time', u'A', u'40012259:Kudanga', 8.0]
check 'RPSF502_YEAR_2018' 'RPSF502'
processXLS: only for SEM2 [u'RPSF502_YEAR_2018', u'RPSF502_YEAR_2017', u'RPSF502', u'RESEARCH THESIS FULL REGISTRATION', u'MSFST1', u'MS:  FOOD SCIENCE AND TECHNOLOGY', u'P0', u'POST-GRAD ANNUAL REGISTRATIONS', u'D1', u'Durban Campus Full-time', u'A', u'40012259:Kudanga', 8.0]
[u'', u'', u'', u'', u'', u'', u'', u'', u'', u'', u'', u'', u'']
check '' ''
[u'RPSF512_YEAR_2018', u'RPSF512_YEAR_2017', u'RPSF512', u'RESEARCH THESIS SUCCESSIVE REGISTRATION', u'MSFST1', u'MS:  FOOD SCIENCE AND TECHNOLOGY', u'P0', u'POST-GRAD ANNUAL REGISTRATIONS', u'D1', u'Durban Campus Full-time', u'A', u'40012259:Kudanga', 8.0]
check 'RPSF512_YEAR_2018' 'RPSF512'
processXLS: only for SEM2 [u'RPSF512_YEAR_2018', u'RPSF512_YEAR_2017', u'RPSF512', u'RESEARCH THESIS SUCCESSIVE REGISTRATION', u'MSFST1', u'MS:  FOOD SCIENCE AND TECHNOLOGY', u'P0', u'POST-GRAD ANNUAL REGISTRATIONS', u'D1', u'Durban Campus Full-time', u'A', u'40012259:Kudanga', 8.0]
[u'', u'', u'', u'', u'', u'', u'', u'', u'', u'', u'', u'', u'']
check '' ''
[u'RPSM502_YEAR_2018', u'RPSM502_YEAR_2017', u'RPSM502', u'RESEARCH THESIS FULL REGISTRATION', u'MSBTC1', u'MS:  BIOTECHNOLOGY', u'P0', u'POST-GRAD ANNUAL REGISTRATIONS', u'D1', u'Durban Campus Full-time', u'A', u'40012259:Kudanga', 12.0]
check 'RPSM502_YEAR_2018' 'RPSM502'
processXLS: only for SEM2 [u'RPSM502_YEAR_2018', u'RPSM502_YEAR_2017', u'RPSM502', u'RESEARCH THESIS FULL REGISTRATION', u'MSBTC1', u'MS:  BIOTECHNOLOGY', u'P0', u'POST-GRAD ANNUAL REGISTRATIONS', u'D1', u'Durban Campus Full-time', u'A', u'40012259:Kudanga', 12.0]
[u'RPSM502_YEAR_2018', u'RPSM502_YEAR_2017', u'RPSM502', u'RESEARCH THESIS FULL REGISTRATION', u'MSBTC1', u'MS:  BIOTECHNOLOGY', u'P0', u'POST-GRAD ANNUAL REGISTRATIONS', u'D3', u'Durban Campus Part-time', u'A', u'40012259:Kudanga', 1.0]
check 'RPSM502_YEAR_2018' 'RPSM502'
processXLS: only for SEM2 [u'RPSM502_YEAR_2018', u'RPSM502_YEAR_2017', u'RPSM502', u'RESEARCH THESIS FULL REGISTRATION', u'MSBTC1', u'MS:  BIOTECHNOLOGY', u'P0', u'POST-GRAD ANNUAL REGISTRATIONS', u'D3', u'Durban Campus Part-time', u'A', u'40012259:Kudanga', 1.0]
[u'', u'', u'', u'', u'', u'', u'', u'', u'', u'', u'', u'', u'']
check '' ''
[u'RPSM512_YEAR_2018', u'RPSM512_YEAR_2017', u'RPSM512', u'RESEARCH THESIS SUCCESSIVE REGISTRATION', u'MSBTC1', u'MS:  BIOTECHNOLOGY', u'P0', u'POST-GRAD ANNUAL REGISTRATIONS', u'D1', u'Durban Campus Full-time', u'A', u'40012259:Kudanga', 28.0]
check 'RPSM512_YEAR_2018' 'RPSM512'
processXLS: only for SEM2 [u'RPSM512_YEAR_2018', u'RPSM512_YEAR_2017', u'RPSM512', u'RESEARCH THESIS SUCCESSIVE REGISTRATION', u'MSBTC1', u'MS:  BIOTECHNOLOGY', u'P0', u'POST-GRAD ANNUAL REGISTRATIONS', u'D1', u'Durban Campus Full-time', u'A', u'40012259:Kudanga', 28.0]
[u'', u'', u'', u'', u'', u'', u'', u'', u'', u'', u'', u'', u'']
check '' ''
[u'RPFT611_YEAR_2018', u'RPFT611_YEAR_2017', u'RPFT611', u'RESEARCH PROJECT AND DISSERTATION (1ST REG)', u'DFSCT1', u'DOCTOR OF FOOD SCIENCE AND TECHNOLOGY', u'P0', u'POST-GRAD ANNUAL REGISTRATIONS', u'D1', u'Durban Campus Full-time', u'A', u'40002390:Permaul', 2.0]
check 'RPFT611_YEAR_2018' 'RPFT611'
processXLS: only for SEM2 [u'RPFT611_YEAR_2018', u'RPFT611_YEAR_2017', u'RPFT611', u'RESEARCH PROJECT AND DISSERTATION (1ST REG)', u'DFSCT1', u'DOCTOR OF FOOD SCIENCE AND TECHNOLOGY', u'P0', u'POST-GRAD ANNUAL REGISTRATIONS', u'D1', u'Durban Campus Full-time', u'A', u'40002390:Permaul', 2.0]
[u'', u'', u'', u'', u'', u'', u'', u'', u'', u'', u'', u'', u'']
check '' ''
[u'RPFT621_YEAR_2018', u'RPFT621_YEAR_2017', u'RPFT621', u'RESEARCH PROJECT AND DISSERTATION (2ND REG)', u'DFSCT1', u'DOCTOR OF FOOD SCIENCE AND TECHNOLOGY', u'P0', u'POST-GRAD ANNUAL REGISTRATIONS', u'D1', u'Durban Campus Full-time', u'A', u'40002390:Permaul', 6.0]
check 'RPFT621_YEAR_2018' 'RPFT621'
processXLS: only for SEM2 [u'RPFT621_YEAR_2018', u'RPFT621_YEAR_2017', u'RPFT621', u'RESEARCH PROJECT AND DISSERTATION (2ND REG)', u'DFSCT1', u'DOCTOR OF FOOD SCIENCE AND TECHNOLOGY', u'P0', u'POST-GRAD ANNUAL REGISTRATIONS', u'D1', u'Durban Campus Full-time', u'A', u'40002390:Permaul', 6.0]
[u'', u'', u'', u'', u'', u'', u'', u'', u'', u'', u'', u'', u'']
check '' ''
[u'RPSF601_YEAR_2018', u'RPSF601_YEAR_2017', u'RPSF601', u'RESEARCH THESIS FULL REGISTRATION', u'DFSCT1', u'DOCTOR OF FOOD SCIENCE AND TECHNOLOGY', u'P0', u'POST-GRAD ANNUAL REGISTRATIONS', u'D1', u'Durban Campus Full-time', u'A', u'40012259:Kudanga', 2.0]
check 'RPSF601_YEAR_2018' 'RPSF601'
processXLS: only for SEM2 [u'RPSF601_YEAR_2018', u'RPSF601_YEAR_2017', u'RPSF601', u'RESEARCH THESIS FULL REGISTRATION', u'DFSCT1', u'DOCTOR OF FOOD SCIENCE AND TECHNOLOGY', u'P0', u'POST-GRAD ANNUAL REGISTRATIONS', u'D1', u'Durban Campus Full-time', u'A', u'40012259:Kudanga', 2.0]
[u'', u'', u'', u'', u'', u'', u'', u'', u'', u'', u'', u'', u'']
check '' ''
[u'RPSF611_YEAR_2018', u'RPSF611_YEAR_2017', u'RPSF611', u'RESEARCH PROJECT AND DISSERTATION (SUCCESSIVE', u'DFSCT1', u'DOCTOR OF FOOD SCIENCE AND TECHNOLOGY', u'P0', u'POST-GRAD ANNUAL REGISTRATIONS', u'D1', u'Durban Campus Full-time', u'A', u'40012259:Kudanga', 5.0]
check 'RPSF611_YEAR_2018' 'RPSF611'
processXLS: only for SEM2 [u'RPSF611_YEAR_2018', u'RPSF611_YEAR_2017', u'RPSF611', u'RESEARCH PROJECT AND DISSERTATION (SUCCESSIVE', u'DFSCT1', u'DOCTOR OF FOOD SCIENCE AND TECHNOLOGY', u'P0', u'POST-GRAD ANNUAL REGISTRATIONS', u'D1', u'Durban Campus Full-time', u'A', u'40012259:Kudanga', 5.0]
[u'RPSF611_YEAR_2018', u'RPSF611_YEAR_2017', u'RPSF611', u'RESEARCH PROJECT AND DISSERTATION (SUCCESSIVE', u'DFSCT1', u'DOCTOR OF FOOD SCIENCE AND TECHNOLOGY', u'P0', u'POST-GRAD ANNUAL REGISTRATIONS', u'D3', u'Durban Campus Part-time', u'A', u'40012259:Kudanga', 1.0]
check 'RPSF611_YEAR_2018' 'RPSF611'
processXLS: only for SEM2 [u'RPSF611_YEAR_2018', u'RPSF611_YEAR_2017', u'RPSF611', u'RESEARCH PROJECT AND DISSERTATION (SUCCESSIVE', u'DFSCT1', u'DOCTOR OF FOOD SCIENCE AND TECHNOLOGY', u'P0', u'POST-GRAD ANNUAL REGISTRATIONS', u'D3', u'Durban Campus Part-time', u'A', u'40012259:Kudanga', 1.0]
[u'', u'', u'', u'', u'', u'', u'', u'', u'', u'', u'', u'', u'']
check '' ''
[u'RPSM601_YEAR_2018', u'RPSM601_YEAR_2017', u'RPSM601', u'RESEARCH THESIS FULL REGISTRATION', u'DPBTC1', u'DP:  BIOTECHNOLOGY', u'P0', u'POST-GRAD ANNUAL REGISTRATIONS', u'D1', u'Durban Campus Full-time', u'A', u'40012259:Kudanga', 4.0]
check 'RPSM601_YEAR_2018' 'RPSM601'
processXLS: only for SEM2 [u'RPSM601_YEAR_2018', u'RPSM601_YEAR_2017', u'RPSM601', u'RESEARCH THESIS FULL REGISTRATION', u'DPBTC1', u'DP:  BIOTECHNOLOGY', u'P0', u'POST-GRAD ANNUAL REGISTRATIONS', u'D1', u'Durban Campus Full-time', u'A', u'40012259:Kudanga', 4.0]
[u'', u'', u'', u'', u'', u'', u'', u'', u'', u'', u'', u'', u'']
check '' ''
[u'RPSM611_YEAR_2018', u'RPSM611_YEAR_2017', u'RPSM611', u'RESEARCH THESIS SUCCESSIVE REGISTRATION', u'DPBTC1', u'DP:  BIOTECHNOLOGY', u'P0', u'POST-GRAD ANNUAL REGISTRATIONS', u'D1', u'Durban Campus Full-time', u'A', u'40012259:Kudanga', 12.0]
check 'RPSM611_YEAR_2018' 'RPSM611'
processXLS: only for SEM2 [u'RPSM611_YEAR_2018', u'RPSM611_YEAR_2017', u'RPSM611', u'RESEARCH THESIS SUCCESSIVE REGISTRATION', u'DPBTC1', u'DP:  BIOTECHNOLOGY', u'P0', u'POST-GRAD ANNUAL REGISTRATIONS', u'D1', u'Durban Campus Full-time', u'A', u'40012259:Kudanga', 12.0]
[u'RPSM611_YEAR_2018', u'RPSM611_YEAR_2017', u'RPSM611', u'RESEARCH THESIS SUCCESSIVE REGISTRATION', u'DPBTC1', u'DP:  BIOTECHNOLOGY', u'P0', u'POST-GRAD ANNUAL REGISTRATIONS', u'D3', u'Durban Campus Part-time', u'A', u'40012259:Kudanga', 2.0]
check 'RPSM611_YEAR_2018' 'RPSM611'
processXLS: only for SEM2 [u'RPSM611_YEAR_2018', u'RPSM611_YEAR_2017', u'RPSM611', u'RESEARCH THESIS SUCCESSIVE REGISTRATION', u'DPBTC1', u'DP:  BIOTECHNOLOGY', u'P0', u'POST-GRAD ANNUAL REGISTRATIONS', u'D3', u'Durban Campus Part-time', u'A', u'40012259:Kudanga', 2.0]
[u'', u'', u'', u'', u'', u'', u'', u'', u'', u'', u'', u'', u'']
check '' ''
[u'RSTB611_YEAR_2018', u'RSTB611_YEAR_2017', u'RSTB611', u'RESEARCH THESIS (1ST REGISTRATION)', u'DPBTC1', u'DP:  BIOTECHNOLOGY', u'P0', u'POST-GRAD ANNUAL REGISTRATIONS', u'D1', u'Durban Campus Full-time', u'A', u'40002390:Permaul', 5.0]
check 'RSTB611_YEAR_2018' 'RSTB611'
processXLS: only for SEM2 [u'RSTB611_YEAR_2018', u'RSTB611_YEAR_2017', u'RSTB611', u'RESEARCH THESIS (1ST REGISTRATION)', u'DPBTC1', u'DP:  BIOTECHNOLOGY', u'P0', u'POST-GRAD ANNUAL REGISTRATIONS', u'D1', u'Durban Campus Full-time', u'A', u'40002390:Permaul', 5.0]
[u'', u'', u'', u'', u'', u'', u'', u'', u'', u'', u'', u'', u'']
check '' ''
[u'RSTB621_YEAR_2018', u'RSTB621_YEAR_2017', u'RSTB621', u'RESEARCH THESIS (2ND REGISTRATION)', u'DPBTC1', u'DP:  BIOTECHNOLOGY', u'P0', u'POST-GRAD ANNUAL REGISTRATIONS', u'D1', u'Durban Campus Full-time', u'A', u'40002390:Permaul', 13.0]
check 'RSTB621_YEAR_2018' 'RSTB621'
processXLS: only for SEM2 [u'RSTB621_YEAR_2018', u'RSTB621_YEAR_2017', u'RSTB621', u'RESEARCH THESIS (2ND REGISTRATION)', u'DPBTC1', u'DP:  BIOTECHNOLOGY', u'P0', u'POST-GRAD ANNUAL REGISTRATIONS', u'D1', u'Durban Campus Full-time', u'A', u'40002390:Permaul', 13.0]
[u'RSTB621_YEAR_2018', u'RSTB621_YEAR_2017', u'RSTB621', u'RESEARCH THESIS (2ND REGISTRATION)', u'DPBTC1', u'DP:  BIOTECHNOLOGY', u'P0', u'POST-GRAD ANNUAL REGISTRATIONS', u'D3', u'Durban Campus Part-time', u'A', u'40002390:Permaul', 2.0]
check 'RSTB621_YEAR_2018' 'RSTB621'
processXLS: only for SEM2 [u'RSTB621_YEAR_2018', u'RSTB621_YEAR_2017', u'RSTB621', u'RESEARCH THESIS (2ND REGISTRATION)', u'DPBTC1', u'DP:  BIOTECHNOLOGY', u'P0', u'POST-GRAD ANNUAL REGISTRATIONS', u'D3', u'Durban Campus Part-time', u'A', u'40002390:Permaul', 2.0]
[u'', u'', u'', u'', u'', u'', u'', u'', u'', u'', u'', u'', u'']
check '' ''
[u'APSS101_SEM2_2018', u'APSS101_SEM2_2017', u'APSS101', u'APSS101: ROLE OF APPLIED SCIENCE IN SOCIETY 2017', u'DINAU1', u'DP: NAUTICAL STUDIES', 22.0, u'SEMESTER2', u'D1', u'Durban Campus Part-time', u'A', u'40002390:PERUMAUL', 1.0]
check 'APSS101_SEM2_2018' 'APSS101'
processXLS: only for SEM2 [u'APSS101_SEM2_2018', u'APSS101_SEM2_2017', u'APSS101', u'APSS101: ROLE OF APPLIED SCIENCE IN SOCIETY 2017', u'DINAU1', u'DP: NAUTICAL STUDIES', 22.0, u'SEMESTER2', u'D1', u'Durban Campus Part-time', u'A', u'40002390:PERUMAUL', 1.0]
[u'...', u'', u'', u'', u'', u'', u'', u'', u'', u'', u'', u'', u'']
check '...' ''
[u'New subjects for 2018', u'', u'', u'', u'', u'', u'', u'', u'', u'', u'', u'', u'']
check 'New subjects for 2018' ''
[u'BCHS201_SEM2_2018', u'template_2018', u'BCHS201', u'BIOCHEMISTRY II', u'BSBTC1', u'BS:  BIOTECHNOLOGY', u'22', u'SEM2', u'D1', u'OTNAME', u'A', u'40000530:MOHANLALL; 40004172:KUTTAN PILLAI;', u'']
check 'BCHS201_SEM2_2018' 'BCHS201'
adding  BCHS201
requesting:  http://10.0.100.98:8000/bbinfo/matching_courses/BCHS201%25
r= <Response [200]>
matching classes= set([u'BCHS201_SEM2_2018'])
[u'BCHS201_SEM2_2018', u'template_2018', u'BCHS201', u'BIOCHEMISTRY II', u'BSFST1', u'BS:  FOOD SCIENCE AND TECHNOLOGY', u'22', u'SEM2', u'D1', u'OTNAME', u'A', u'40000530:MOHANLALL; 40004172:KUTTAN PILLAI;', u'']
check 'BCHS201_SEM2_2018' 'BCHS201'
adding  BCHS201
requesting:  http://10.0.100.98:8000/bbinfo/matching_courses/BCHS201%25
r= <Response [200]>
matching classes= set([u'BCHS201_SEM2_2018'])
[u'BCTY201_SEM2_2018', u'template_2018', u'BCTY201', u'BACTERIOLOGY II', u'BSBTC1', u'BS:  BIOTECHNOLOGY', u'22', u'SEM2', u'D1', u'OTNAME', u'A', u'40002390:PERMAUL; 40012259:KUDANGA;', u'']
check 'BCTY201_SEM2_2018' 'BCTY201'
adding  BCTY201
requesting:  http://10.0.100.98:8000/bbinfo/matching_courses/BCTY201%25
r= <Response [200]>
matching classes= set([u'BCTY201_SEM2_2018'])
[u'BCTY201_SEM2_2018', u'template_2018', u'BCTY201', u'BACTERIOLOGY II', u'BSFST1', u'BS:  FOOD SCIENCE AND TECHNOLOGY', u'22', u'SEM2', u'D1', u'OTNAME', u'A', u'40002390:PERMAUL; 40012259:KUDANGA;', u'']
check 'BCTY201_SEM2_2018' 'BCTY201'
adding  BCTY201
requesting:  http://10.0.100.98:8000/bbinfo/matching_courses/BCTY201%25
r= <Response [200]>
matching classes= set([u'BCTY201_SEM2_2018'])
[u'BCTY301_SEM2_2018', u'template_2018', u'BCTY301', u'BACTERIOLOGY III', u'BSBTC1', u'BS:  BIOTECHNOLOGY', u'22', u'SEM2', u'D1', u'OTNAME', u'A', u'40002390:PERMAUL;', u'']
check 'BCTY301_SEM2_2018' 'BCTY301'
adding  BCTY301
requesting:  http://10.0.100.98:8000/bbinfo/matching_courses/BCTY301%25
r= <Response [200]>
matching classes= set([u'BCTY301_SEM2_2018'])
[u'BRMD101_SEM2_2018', u'template_2018', u'BRMD101', u'BIOREMEDIATION', u'BSBTC1', u'BS:  BIOTECHNOLOGY', u'22', u'SEM2', u'D1', u'OTNAME', u'A', u'40012259:KUDANGA;', u'']
check 'BRMD101_SEM2_2018' 'BRMD101'
adding  BRMD101
requesting:  http://10.0.100.98:8000/bbinfo/matching_courses/BRMD101%25
r= <Response [200]>
matching classes= set([u'BRMD101_SEM2_2018'])
[u'ANBC301_SEM2_2018', u'template_2018', u'ANBC301', u'ANALYTICAL BIOCHEMISTRY III', u'BSBTC1', u'BS:  BIOTECHNOLOGY', u'22', u'SEM2', u'D1', u'OTNAME', u'A', u'40000530:MOHANLALL;', u'']
check 'ANBC301_SEM2_2018' 'ANBC301'
adding  ANBC301
requesting:  http://10.0.100.98:8000/bbinfo/matching_courses/ANBC301%25
r= <Response [200]>
matching classes= set([u'ANBC301_SEM2_2018'])
[u'FSCT201_SEM1_2018', u'template_2018', u'FSCT201', u'FERMENTATION SCIENCE AND TECHNOLOGY II', u'BSBTC1', u'BS:  BIOTECHNOLOGY', u'21', u'SEM1', u'D1', u'OTNAME', u'A', u'40004172:KUTTAN PILLAI;', u'']
check 'FSCT201_SEM1_2018' 'FSCT201'
processXLS: only for SEM2 [u'FSCT201_SEM1_2018', u'template_2018', u'FSCT201', u'FERMENTATION SCIENCE AND TECHNOLOGY II', u'BSBTC1', u'BS:  BIOTECHNOLOGY', u'21', u'SEM1', u'D1', u'OTNAME', u'A', u'40004172:KUTTAN PILLAI;', u'']
[u'FDBT101_SEM2_2018', u'template_2018', u'FDBT101', u'FOOD BIOTECHNOLOGY', u'BSFST1', u'BS:  FOOD SCIENCE AND TECHNOLOGY', u'22', u'SEM2', u'D1', u'OTNAME', u'A', u'40004196:MELLEM;', u'']
check 'FDBT101_SEM2_2018' 'FDBT101'
adding  FDBT101
requesting:  http://10.0.100.98:8000/bbinfo/matching_courses/FDBT101%25
r= <Response [200]>
matching classes= set([u'FDBT101_SEM2_2018'])
[u'FDBT101_SEM2_2018', u'template_2018', u'FDBT101', u'FOOD BIOTECHNOLOGY', u'BSBTC1', u'BS:  BIOTECHNOLOGY', u'22', u'SEM2', u'D1', u'OTNAME', u'A', u'40004196:MELLEM;', u'']
check 'FDBT101_SEM2_2018' 'FDBT101'
adding  FDBT101
requesting:  http://10.0.100.98:8000/bbinfo/matching_courses/FDBT101%25
r= <Response [200]>
matching classes= set([u'FDBT101_SEM2_2018'])
[u'MYCL101_SEM2_2018', u'template_2018', u'MYCL101', u'MYCOLOGY', u'BSBTC1', u'BS:  BIOTECHNOLOGY', u'22', u'SEM2', u'D1', u'OTNAME', u'A', u'40004172:KUTTAN PILLAI;', u'']
check 'MYCL101_SEM2_2018' 'MYCL101'
adding  MYCL101
requesting:  http://10.0.100.98:8000/bbinfo/matching_courses/MYCL101%25
r= <Response [200]>
matching classes= set([u'MYCL101_SEM2_2018'])
[u'MCLB301_SEM2_2018', u'template_2018', u'MCLB301', u'MOLECULAR BIOLOGY III', u'BSBTC1', u'BS:  BIOTECHNOLOGY', u'22', u'SEM2', u'D1', u'OTNAME', u'A', u'40004176:MCHUNU;', u'']
check 'MCLB301_SEM2_2018' 'MCLB301'
adding  MCLB301
requesting:  http://10.0.100.98:8000/bbinfo/matching_courses/MCLB301%25
r= <Response [200]>
matching classes= set([u'MCLB301_SEM2_2018'])
[u'MCRB301_SEM1_2018', u'template_2018', u'MCRB301', u'MICROBIAL BIOCHEMISTRY III', u'BSBTC1', u'BS:  BIOTECHNOLOGY', u'21', u'SEM1', u'D1', u'OTNAME', u'A', u'40012259:KUDANGA;', u'']
check 'MCRB301_SEM1_2018' 'MCRB301'
processXLS: only for SEM2 [u'MCRB301_SEM1_2018', u'template_2018', u'MCRB301', u'MICROBIAL BIOCHEMISTRY III', u'BSBTC1', u'BS:  BIOTECHNOLOGY', u'21', u'SEM1', u'D1', u'OTNAME', u'A', u'40012259:KUDANGA;', u'']
[u'MDLB101_SEM1_2018', u'template_2018', u'MDLB101', u'MEDICAL BIOTECHNOLOGY', u'BSBTC1', u'BS:  BIOTECHNOLOGY', u'21', u'SEM1', u'D1', u'OTNAME', u'A', u'40004172:KUTTAN PILLAI;', u'']
check 'MDLB101_SEM1_2018' 'MDLB101'
processXLS: only for SEM2 [u'MDLB101_SEM1_2018', u'template_2018', u'MDLB101', u'MEDICAL BIOTECHNOLOGY', u'BSBTC1', u'BS:  BIOTECHNOLOGY', u'21', u'SEM1', u'D1', u'OTNAME', u'A', u'40004172:KUTTAN PILLAI;', u'']
[u'FMIC101_SEM1_2018', u'template_2018', u'FMIC101', u'FOOD MICROBIOLOGY', u'BSBTC1', u'BS:  BIOTECHNOLOGY', u'21', u'SEM1', u'D1', u'OTNAME', u'A', u'40000051:JUGLAL;', u'']
check 'FMIC101_SEM1_2018' 'FMIC101'
processXLS: only for SEM2 [u'FMIC101_SEM1_2018', u'template_2018', u'FMIC101', u'FOOD MICROBIOLOGY', u'BSBTC1', u'BS:  BIOTECHNOLOGY', u'21', u'SEM1', u'D1', u'OTNAME', u'A', u'40000051:JUGLAL;', u'']
[u'INDB101_SEM1_2018', u'template_2018', u'INDB101', u'INDUSTRIAL BIOTECHNOLOGY', u'BSBTC1', u'BS:  BIOTECHNOLOGY', u'21', u'SEM1', u'D1', u'OTNAME', u'A', u'40012259:KUDANGA;', u'']
check 'INDB101_SEM1_2018' 'INDB101'
processXLS: only for SEM2 [u'INDB101_SEM1_2018', u'template_2018', u'INDB101', u'INDUSTRIAL BIOTECHNOLOGY', u'BSBTC1', u'BS:  BIOTECHNOLOGY', u'21', u'SEM1', u'D1', u'OTNAME', u'A', u'40012259:KUDANGA;', u'']
[u'INDM101_SEM2_2018', u'template_2018', u'INDM101', u'INDUSTRY MANAGEMENT', u'BSFST1', u'BS:  FOOD SCIENCE AND TECHNOLOGY', u'22', u'SEM2', u'D1', u'OTNAME', u'A', u'40009970:IJABADENIYI;', u'']
check 'INDM101_SEM2_2018' 'INDM101'
adding  INDM101
requesting:  http://10.0.100.98:8000/bbinfo/matching_courses/INDM101%25
r= <Response [200]>
matching classes= set([u'INDM101_SEM2_2018'])
[u'INDM101_SEM2_2018', u'template_2018', u'INDM101', u'INDUSTRY MANAGEMENT', u'BSBTC1', u'BS:  BIOTECHNOLOGY', u'22', u'SEM2', u'D1', u'OTNAME', u'A', u'40009970:IJABADENIYI;', u'']
check 'INDM101_SEM2_2018' 'INDM101'
adding  INDM101
requesting:  http://10.0.100.98:8000/bbinfo/matching_courses/INDM101%25
r= <Response [200]>
matching classes= set([u'INDM101_SEM2_2018'])
[u'PLTB301_SEM1_2018', u'template_2018', u'PLTB301', u'PLANT BIOTECHNOLOGY III', u'BSBTC1', u'BS:  BIOTECHNOLOGY', u'21', u'SEM1', u'D1', u'OTNAME', u'A', u'40000530:MOHANLALL;', u'']
check 'PLTB301_SEM1_2018' 'PLTB301'
processXLS: only for SEM2 [u'PLTB301_SEM1_2018', u'template_2018', u'PLTB301', u'PLANT BIOTECHNOLOGY III', u'BSBTC1', u'BS:  BIOTECHNOLOGY', u'21', u'SEM1', u'D1', u'OTNAME', u'A', u'40000530:MOHANLALL;', u'']
[u'RDNT301_SEM1_2018', u'template_2018', u'RDNT301', u'RECOMBINANT DNA TECHNOLOGY III', u'BSBTC1', u'BS:  BIOTECHNOLOGY', u'21', u'SEM1', u'D1', u'OTNAME', u'A', u'40002390:PERMAUL;', u'']
check 'RDNT301_SEM1_2018' 'RDNT301'
processXLS: only for SEM2 [u'RDNT301_SEM1_2018', u'template_2018', u'RDNT301', u'RECOMBINANT DNA TECHNOLOGY III', u'BSBTC1', u'BS:  BIOTECHNOLOGY', u'21', u'SEM1', u'D1', u'OTNAME', u'A', u'40002390:PERMAUL;', u'']
[u'RESP101_SEM1_2018', u'template_2018', u'RESP101', u'RESEARCH PROJECT I', u'BSFST1', u'BS:  FOOD SCIENCE AND TECHNOLOGY', u'21', u'SEM1', u'D1', u'OTNAME', u'A', u'50081609:SWALAHA;', u'']
check 'RESP101_SEM1_2018' 'RESP101'
processXLS: only for SEM2 [u'RESP101_SEM1_2018', u'template_2018', u'RESP101', u'RESEARCH PROJECT I', u'BSFST1', u'BS:  FOOD SCIENCE AND TECHNOLOGY', u'21', u'SEM1', u'D1', u'OTNAME', u'A', u'50081609:SWALAHA;', u'']
[u'RESP101_SEM1_2018', u'template_2018', u'RESP101', u'RESEARCH PROJECT I', u'BSBTC1', u'BS:  BIOTECHNOLOGY', u'21', u'SEM1', u'D1', u'OTNAME', u'A', u'50081609:SWALAHA;', u'']
check 'RESP101_SEM1_2018' 'RESP101'
processXLS: only for SEM2 [u'RESP101_SEM1_2018', u'template_2018', u'RESP101', u'RESEARCH PROJECT I', u'BSBTC1', u'BS:  BIOTECHNOLOGY', u'21', u'SEM1', u'D1', u'OTNAME', u'A', u'50081609:SWALAHA;', u'']
[u'RESP201_SEM2_2018', u'template_2018', u'RESP201', u'RESEARCH PROJECT II', u'BSFST1', u'BS:  FOOD SCIENCE AND TECHNOLOGY', u'22', u'SEM2', u'D1', u'OTNAME', u'A', u'40002390:PERMAUL;40012259:KUDANGA;', u'']
check 'RESP201_SEM2_2018' 'RESP201'
adding  RESP201
requesting:  http://10.0.100.98:8000/bbinfo/matching_courses/RESP201%25
r= <Response [200]>
matching classes= set([u'RESP201_SEM2_2018'])
[u'RESP201_SEM2_2018', u'template_2018', u'RESP201', u'RESEARCH PROJECT II', u'BSBTC1', u'BS:  BIOTECHNOLOGY', u'22', u'SEM2', u'D1', u'OTNAME', u'A', u'40002390:PERMAUL;40012259:KUDANGA;', u'']
check 'RESP201_SEM2_2018' 'RESP201'
adding  RESP201
requesting:  http://10.0.100.98:8000/bbinfo/matching_courses/RESP201%25
r= <Response [200]>
matching classes= set([u'RESP201_SEM2_2018'])
[u'MYCL201_SEM2_2018', u'template_2018', u'MYCL201', u'MYCOLOGY II', u'BSFST1', u'BS:  FOOD SCIENCE AND TECHNOLOGY', u'22', u'SEM2', u'D1', u'OTNAME', u'A', u'40004172:KUTTAN PILLAI;', u'']
check 'MYCL201_SEM2_2018' 'MYCL201'
adding  MYCL201
requesting:  http://10.0.100.98:8000/bbinfo/matching_courses/MYCL201%25
r= <Response [200]>
matching classes= set([u'MYCL201_SEM2_2018'])
[u'FSTC101_SEM1_2018', u'template_2018', u'FSTC101', u'FOOD SCIENCE AND TECHNOLOGY I', u'BSFST1', u'BS:  FOOD SCIENCE AND TECHNOLOGY', u'21', u'SEM1', u'D1', u'OTNAME', u'A', u'40004196:MELLEM;', u'']
check 'FSTC101_SEM1_2018' 'FSTC101'
processXLS: only for SEM2 [u'FSTC101_SEM1_2018', u'template_2018', u'FSTC101', u'FOOD SCIENCE AND TECHNOLOGY I', u'BSFST1', u'BS:  FOOD SCIENCE AND TECHNOLOGY', u'21', u'SEM1', u'D1', u'OTNAME', u'A', u'40004196:MELLEM;', u'']
[u'FDCH201_SEM1_2018', u'template_2018', u'FDCH201', u'FOOD CHEMISTRY II', u'BSFST1', u'BS:  FOOD SCIENCE AND TECHNOLOGY', u'21', u'SEM1', u'D1', u'OTNAME', u'A', u'40010921:AMONSOU;', u'']
check 'FDCH201_SEM1_2018' 'FDCH201'
processXLS: only for SEM2 [u'FDCH201_SEM1_2018', u'template_2018', u'FDCH201', u'FOOD CHEMISTRY II', u'BSFST1', u'BS:  FOOD SCIENCE AND TECHNOLOGY', u'21', u'SEM1', u'D1', u'OTNAME', u'A', u'40010921:AMONSOU;', u'']
[u'FMCB301_SEM1_2018', u'template_2018', u'FMCB301', u'FOOD MICROBIOLOGY III', u'BSFST1', u'BS:  FOOD SCIENCE AND TECHNOLOGY', u'21', u'SEM1', u'D1', u'OTNAME', u'A', u'40000051:JUGLAL;', u'']
check 'FMCB301_SEM1_2018' 'FMCB301'
processXLS: only for SEM2 [u'FMCB301_SEM1_2018', u'template_2018', u'FMCB301', u'FOOD MICROBIOLOGY III', u'BSFST1', u'BS:  FOOD SCIENCE AND TECHNOLOGY', u'21', u'SEM1', u'D1', u'OTNAME', u'A', u'40000051:JUGLAL;', u'']
[u'FQMN101_SEM1_2018', u'template_2018', u'FQMN101', u'FOOD QUALITY MANAGEMENT', u'BSFST1', u'BS:  FOOD SCIENCE AND TECHNOLOGY', u'21', u'SEM1', u'D1', u'OTNAME', u'A', u'40003220:BEEKRUM;', u'']
check 'FQMN101_SEM1_2018' 'FQMN101'
processXLS: only for SEM2 [u'FQMN101_SEM1_2018', u'template_2018', u'FQMN101', u'FOOD QUALITY MANAGEMENT', u'BSFST1', u'BS:  FOOD SCIENCE AND TECHNOLOGY', u'21', u'SEM1', u'D1', u'OTNAME', u'A', u'40003220:BEEKRUM;', u'']
[u'HNTR101_SEM1_2018', u'template_2018', u'HNTR101', u'HUMAN NUTRITION', u'BSFST1', u'BS:  FOOD SCIENCE AND TECHNOLOGY', u'21', u'SEM1', u'D1', u'OTNAME', u'A', u'40004196:MELLEM;', u'']
check 'HNTR101_SEM1_2018' 'HNTR101'
processXLS: only for SEM2 [u'HNTR101_SEM1_2018', u'template_2018', u'HNTR101', u'HUMAN NUTRITION', u'BSFST1', u'BS:  FOOD SCIENCE AND TECHNOLOGY', u'21', u'SEM1', u'D1', u'OTNAME', u'A', u'40004196:MELLEM;', u'']
[u'FSTC201_SEM2_2018', u'template_2018', u'FSTC201', u'FOOD SCIENCE AND TECHNOLOGY II', u'BSFST1', u'BS:  FOOD SCIENCE AND TECHNOLOGY', u'22', u'SEM2', u'D1', u'OTNAME', u'A', u'40010921:AMONSOU;', u'']
check 'FSTC201_SEM2_2018' 'FSTC201'
adding  FSTC201
requesting:  http://10.0.100.98:8000/bbinfo/matching_courses/FSTC201%25
r= <Response [200]>
matching classes= set([u'FSTC201_SEM2_2018'])
[u'MOLB301_SEM2_2018', u'template_2018', u'MOLB301', u'MOLECULAR BIOLOGY III', u'BSFST1', u'BS:  FOOD SCIENCE AND TECHNOLOGY', u'22', u'SEM2', u'D1', u'OTNAME', u'A', u'40002390:PERMAUL;', u'']
check 'MOLB301_SEM2_2018' 'MOLB301'
adding  MOLB301
requesting:  http://10.0.100.98:8000/bbinfo/matching_courses/MOLB301%25
r= <Response [200]>
matching classes= set([u'MOLB301_SEM2_2018'])
[u'FDLG102_SEM2_2018', u'template_2018', u'FDLG102', u'FOOD LEGISLATION', u'BSFST1', u'BS:  FOOD SCIENCE AND TECHNOLOGY', u'22', u'SEM2', u'D1', u'OTNAME', u'A', u'40009970:IJABADENIYI;', u'']
check 'FDLG102_SEM2_2018' 'FDLG102'
adding  FDLG102
requesting:  http://10.0.100.98:8000/bbinfo/matching_courses/FDLG102%25
r= <Response [200]>
matching classes= set([u'FDLG102_SEM2_2018'])
[u'FPEN101_SEM2_2018', u'template_2018', u'FPEN101', u'FOOD PROCESS ENGINEERING', u'BSFST1', u'BS:  FOOD SCIENCE AND TECHNOLOGY', u'22', u'SEM2', u'D1', u'OTNAME', u'A', u'40004196:MELLEM;', u'']
check 'FPEN101_SEM2_2018' 'FPEN101'
adding  FPEN101
requesting:  http://10.0.100.98:8000/bbinfo/matching_courses/FPEN101%25
r= <Response [200]>
matching classes= set([u'FPEN101_SEM2_2018'])
[u'FSTC301_SEM1_2018', u'template_2018', u'FSTC301', u'FOOD SCIENCE AND TECHNOLOGY III', u'BSFST1', u'BS:  FOOD SCIENCE AND TECHNOLOGY', u'21', u'SEM1', u'D1', u'OTNAME', u'A', u'40009970:IJABADENIYI;', u'']
check 'FSTC301_SEM1_2018' 'FSTC301'
processXLS: only for SEM2 [u'FSTC301_SEM1_2018', u'template_2018', u'FSTC301', u'FOOD SCIENCE AND TECHNOLOGY III', u'BSFST1', u'BS:  FOOD SCIENCE AND TECHNOLOGY', u'21', u'SEM1', u'D1', u'OTNAME', u'A', u'40009970:IJABADENIYI;', u'']
[u'FDCH301_SEM1_2018', u'template_2018', u'FDCH301', u'FOOD CHEMISTRY III', u'BSFST1', u'BS:  FOOD SCIENCE AND TECHNOLOGY', u'21', u'SEM1', u'D1', u'OTNAME', u'A', u'40010921:AMONSOU;', u'']
check 'FDCH301_SEM1_2018' 'FDCH301'
processXLS: only for SEM2 [u'FDCH301_SEM1_2018', u'template_2018', u'FDCH301', u'FOOD CHEMISTRY III', u'BSFST1', u'BS:  FOOD SCIENCE AND TECHNOLOGY', u'21', u'SEM1', u'D1', u'OTNAME', u'A', u'40010921:AMONSOU;', u'']
[u'FDPD101_SEM1_2018', u'template_2018', u'FDPD101', u'FOOD PRODUCT DEVELOPMENT', u'BSFST1', u'BS:  FOOD SCIENCE AND TECHNOLOGY', u'21', u'SEM1', u'D1', u'OTNAME', u'A', u'40003220:BEEKRUM;', u'']
check 'FDPD101_SEM1_2018' 'FDPD101'
processXLS: only for SEM2 [u'FDPD101_SEM1_2018', u'template_2018', u'FDPD101', u'FOOD PRODUCT DEVELOPMENT', u'BSFST1', u'BS:  FOOD SCIENCE AND TECHNOLOGY', u'21', u'SEM1', u'D1', u'OTNAME', u'A', u'40003220:BEEKRUM;', u'']
[u'FBPK101_SEM1_2018', u'template_2018', u'FBPK101', u'FOOD AND BEVERAGE PACKAGING', u'BSFST1', u'BS:  FOOD SCIENCE AND TECHNOLOGY', u'21', u'SEM1', u'D1', u'OTNAME', u'A', u'40010921:AMONSOU;', u'']
check 'FBPK101_SEM1_2018' 'FBPK101'
processXLS: only for SEM2 [u'FBPK101_SEM1_2018', u'template_2018', u'FBPK101', u'FOOD AND BEVERAGE PACKAGING', u'BSFST1', u'BS:  FOOD SCIENCE AND TECHNOLOGY', u'21', u'SEM1', u'D1', u'OTNAME', u'A', u'40010921:AMONSOU;', u'']
[u'FSTX101_SEM2_2018', u'template_2018', u'FSTX101', u'FOOD SAFETY AND TOXICOLOGY', u'BSFST1', u'BS:  FOOD SCIENCE AND TECHNOLOGY', u'22', u'SEM2', u'D1', u'OTNAME', u'A', u'40009970:IJABADENIYI;', u'']
check 'FSTX101_SEM2_2018' 'FSTX101'
adding  FSTX101
requesting:  http://10.0.100.98:8000/bbinfo/matching_courses/FSTX101%25
r= <Response [200]>
matching classes= set([u'FSTX101_SEM2_2018'])
[u'DSFD101_SEM1_2018', u'template_2018', u'DSFD101', u'DISEASE FUNDAMENTALS', u'DISOM1', u'DIPLOMA IN SOMATOLOGY', u'21', u'SEM1', u'D1', u'OTNAME', u'A', u'', u'']
check 'DSFD101_SEM1_2018' 'DSFD101'
processXLS: only for SEM2 [u'DSFD101_SEM1_2018', u'template_2018', u'DSFD101', u'DISEASE FUNDAMENTALS', u'DISOM1', u'DIPLOMA IN SOMATOLOGY', u'21', u'SEM1', u'D1', u'OTNAME', u'A', u'', u'']
[u'DSFD101_SEM1_2018', u'template_2018', u'DSFD101', u'DISEASE FUNDAMENTALS', u'DISMF1', u'DIPLOMA IN SOMATOLOGY (4 YEARS)', u'21', u'SEM1', u'D1', u'OTNAME', u'A', u'', u'']
check 'DSFD101_SEM1_2018' 'DSFD101'
processXLS: only for SEM2 [u'DSFD101_SEM1_2018', u'template_2018', u'DSFD101', u'DISEASE FUNDAMENTALS', u'DISMF1', u'DIPLOMA IN SOMATOLOGY (4 YEARS)', u'21', u'SEM1', u'D1', u'OTNAME', u'A', u'', u'']
[u'VRIM201_SEM1_2018', u'template_2018', u'VRIM201', u'VIROLOGY AND IMMUNOLOGY II', u'BSBTC1', u'BS:  BIOTECHNOLOGY', u'21', u'SEM1', u'D1', u'OTNAME', u'A', u'40004176:MCHUNU;', u'']
check 'VRIM201_SEM1_2018' 'VRIM201'
processXLS: only for SEM2 [u'VRIM201_SEM1_2018', u'template_2018', u'VRIM201', u'VIROLOGY AND IMMUNOLOGY II', u'BSBTC1', u'BS:  BIOTECHNOLOGY', u'21', u'SEM1', u'D1', u'OTNAME', u'A', u'40004176:MCHUNU;', u'']
[u'BIOL101_SEM1_2018', u'template_2018', u'BIOL101', u'BIOLOGY 1', u'BSBTC1', u'BS:  BIOTECHNOLOGY', u'21', u'SEM1', u'D1', u'OTNAME', u'A', u'40004196:MELLEM;', u'']
check 'BIOL101_SEM1_2018' 'BIOL101'
processXLS: only for SEM2 [u'BIOL101_SEM1_2018', u'template_2018', u'BIOL101', u'BIOLOGY 1', u'BSBTC1', u'BS:  BIOTECHNOLOGY', u'21', u'SEM1', u'D1', u'OTNAME', u'A', u'40004196:MELLEM;', u'']
[u'BIOL101_SEM1_2018', u'template_2018', u'BIOL101', u'BIOLOGY 1', u'BSFST1', u'BS:  FOOD SCIENCE AND TECHNOLOGY', u'21', u'SEM1', u'D1', u'OTNAME', u'A', u'40004196:MELLEM;', u'']
check 'BIOL101_SEM1_2018' 'BIOL101'
processXLS: only for SEM2 [u'BIOL101_SEM1_2018', u'template_2018', u'BIOL101', u'BIOLOGY 1', u'BSFST1', u'BS:  FOOD SCIENCE AND TECHNOLOGY', u'21', u'SEM1', u'D1', u'OTNAME', u'A', u'40004196:MELLEM;', u'']
processXLS: finished processing workingSheets/data/BBC3401BiotechnologyFoodTech2017.xls
getWS: requesting:  http://10.0.100.98:8000/itsenrol/classlist/2018/22/MYCL101 rsp= <Response [200]>
getWS: requesting:  http://10.0.100.98:8000/bbinfo/classlist/MYCL101 rsp= <Response [200]>
getNewStudentsInSubject: ITS 45, BB 1 -> 45 new enrollments
getWS: requesting:  http://10.0.100.98:8000/itsenrol/classlist/2018/22/FDLG102 rsp= <Response [200]>
getWS: requesting:  http://10.0.100.98:8000/bbinfo/classlist/FDLG102 rsp= <Response [200]>
getNewStudentsInSubject: ITS 0, BB 1 -> 0 new enrollments
getWS: requesting:  http://10.0.100.98:8000/itsenrol/classlist/2018/22/PRTM101 rsp= <Response [200]>
getWS: requesting:  http://10.0.100.98:8000/bbinfo/classlist/PRTM101 rsp= <Response [200]>
getNewStudentsInSubject: ITS 54, BB 1 -> 54 new enrollments
getWS: requesting:  http://10.0.100.98:8000/itsenrol/classlist/2018/22/ANBC301 rsp= <Response [200]>
getWS: requesting:  http://10.0.100.98:8000/bbinfo/classlist/ANBC301 rsp= <Response [200]>
getNewStudentsInSubject: ITS 0, BB 1 -> 0 new enrollments
getWS: requesting:  http://10.0.100.98:8000/itsenrol/classlist/2018/22/MENH102 rsp= <Response [200]>
getWS: requesting:  http://10.0.100.98:8000/bbinfo/classlist/MENH102 rsp= <Response [200]>
getNewStudentsInSubject: ITS 26, BB 1 -> 26 new enrollments
getWS: requesting:  http://10.0.100.98:8000/itsenrol/classlist/2018/22/MICR202 rsp= <Response [200]>
getWS: requesting:  http://10.0.100.98:8000/bbinfo/classlist/MICR202 rsp= <Response [200]>
getNewStudentsInSubject: ITS 56, BB 133 -> 30 new enrollments
getWS: requesting:  http://10.0.100.98:8000/itsenrol/classlist/2018/22/MOLB301 rsp= <Response [200]>
getWS: requesting:  http://10.0.100.98:8000/bbinfo/classlist/MOLB301 rsp= <Response [200]>
getNewStudentsInSubject: ITS 0, BB 1 -> 0 new enrollments
getWS: requesting:  http://10.0.100.98:8000/itsenrol/classlist/2018/22/MCLB301 rsp= <Response [200]>
getWS: requesting:  http://10.0.100.98:8000/bbinfo/classlist/MCLB301 rsp= <Response [200]>
getNewStudentsInSubject: ITS 0, BB 1 -> 0 new enrollments
getWS: requesting:  http://10.0.100.98:8000/itsenrol/classlist/2018/22/BCTY201 rsp= <Response [200]>
getWS: requesting:  http://10.0.100.98:8000/bbinfo/classlist/BCTY201 rsp= <Response [200]>
getNewStudentsInSubject: ITS 80, BB 2 -> 80 new enrollments
getWS: requesting:  http://10.0.100.98:8000/itsenrol/classlist/2018/22/RESP201 rsp= <Response [200]>
getWS: requesting:  http://10.0.100.98:8000/bbinfo/classlist/RESP201 rsp= <Response [200]>
getNewStudentsInSubject: ITS 0, BB 2 -> 0 new enrollments
getWS: requesting:  http://10.0.100.98:8000/itsenrol/classlist/2018/22/FSTX101 rsp= <Response [200]>
getWS: requesting:  http://10.0.100.98:8000/bbinfo/classlist/FSTX101 rsp= <Response [200]>
getNewStudentsInSubject: ITS 0, BB 1 -> 0 new enrollments
getWS: requesting:  http://10.0.100.98:8000/itsenrol/classlist/2018/22/ABIC301 rsp= <Response [200]>
getWS: requesting:  http://10.0.100.98:8000/bbinfo/classlist/ABIC301 rsp= <Response [200]>
getNewStudentsInSubject: ITS 56, BB 2 -> 56 new enrollments
getWS: requesting:  http://10.0.100.98:8000/itsenrol/classlist/2018/22/FDPE201 rsp= <Response [200]>
getWS: requesting:  http://10.0.100.98:8000/bbinfo/classlist/FDPE201 rsp= <Response [200]>
getNewStudentsInSubject: ITS 46, BB 1 -> 46 new enrollments
getWS: requesting:  http://10.0.100.98:8000/itsenrol/classlist/2018/22/BCHM202 rsp= <Response [200]>
getWS: requesting:  http://10.0.100.98:8000/bbinfo/classlist/BCHM202 rsp= <Response [200]>
getNewStudentsInSubject: ITS 13, BB 104 -> 1 new enrollments
getWS: requesting:  http://10.0.100.98:8000/itsenrol/classlist/2018/22/FDTE301 rsp= <Response [200]>
getWS: requesting:  http://10.0.100.98:8000/bbinfo/classlist/FDTE301 rsp= <Response [200]>
getNewStudentsInSubject: ITS 41, BB 1 -> 41 new enrollments
getWS: requesting:  http://10.0.100.98:8000/itsenrol/classlist/2018/22/FDBT101 rsp= <Response [200]>
getWS: requesting:  http://10.0.100.98:8000/bbinfo/classlist/FDBT101 rsp= <Response [200]>
getNewStudentsInSubject: ITS 0, BB 1 -> 0 new enrollments
getWS: requesting:  http://10.0.100.98:8000/itsenrol/classlist/2018/22/FMIC302 rsp= <Response [200]>
getWS: requesting:  http://10.0.100.98:8000/bbinfo/classlist/FMIC302 rsp= <Response [200]>
getNewStudentsInSubject: ITS 73, BB 89 -> 73 new enrollments
getWS: requesting:  http://10.0.100.98:8000/itsenrol/classlist/2018/22/FCMP401 rsp= <Response [200]>
getWS: requesting:  http://10.0.100.98:8000/bbinfo/classlist/FCMP401 rsp= <Response [200]>
getNewStudentsInSubject: ITS 11, BB 1 -> 11 new enrollments
getWS: requesting:  http://10.0.100.98:8000/itsenrol/classlist/2018/22/BIOP301 rsp= <Response [200]>
getWS: requesting:  http://10.0.100.98:8000/bbinfo/classlist/BIOP301 rsp= <Response [200]>
getNewStudentsInSubject: ITS 44, BB 2 -> 44 new enrollments
getWS: requesting:  http://10.0.100.98:8000/itsenrol/classlist/2018/22/INBT401 rsp= <Response [200]>
getWS: requesting:  http://10.0.100.98:8000/bbinfo/classlist/INBT401 rsp= <Response [200]>
getNewStudentsInSubject: ITS 16, BB 1 -> 16 new enrollments
getWS: requesting:  http://10.0.100.98:8000/itsenrol/classlist/2018/22/BCHS201 rsp= <Response [200]>
getWS: requesting:  http://10.0.100.98:8000/bbinfo/classlist/BCHS201 rsp= <Response [200]>
getNewStudentsInSubject: ITS 115, BB 2 -> 115 new enrollments
getWS: requesting:  http://10.0.100.98:8000/itsenrol/classlist/2018/22/FDQA101 rsp= <Response [200]>
getWS: requesting:  http://10.0.100.98:8000/bbinfo/classlist/FDQA101 rsp= <Response [200]>
getNewStudentsInSubject: ITS 39, BB 1 -> 39 new enrollments
getWS: requesting:  http://10.0.100.98:8000/itsenrol/classlist/2018/22/SASH101 rsp= <Response [200]>
getWS: requesting:  http://10.0.100.98:8000/bbinfo/classlist/SASH101 rsp= <Response [200]>
getNewStudentsInSubject: ITS 5, BB 1 -> 5 new enrollments
getWS: requesting:  http://10.0.100.98:8000/itsenrol/classlist/2018/22/INDM101 rsp= <Response [200]>
getWS: requesting:  http://10.0.100.98:8000/bbinfo/classlist/INDM101 rsp= <Response [200]>
getNewStudentsInSubject: ITS 0, BB 1 -> 0 new enrollments
getWS: requesting:  http://10.0.100.98:8000/itsenrol/classlist/2018/22/FPEN101 rsp= <Response [200]>
getWS: requesting:  http://10.0.100.98:8000/bbinfo/classlist/FPEN101 rsp= <Response [200]>
getNewStudentsInSubject: ITS 0, BB 1 -> 0 new enrollments
getWS: requesting:  http://10.0.100.98:8000/itsenrol/classlist/2018/22/FCHM202 rsp= <Response [200]>
getWS: requesting:  http://10.0.100.98:8000/bbinfo/classlist/FCHM202 rsp= <Response [200]>
getNewStudentsInSubject: ITS 25, BB 2 -> 25 new enrollments
getWS: requesting:  http://10.0.100.98:8000/itsenrol/classlist/2018/22/MYCL201 rsp= <Response [200]>
getWS: requesting:  http://10.0.100.98:8000/bbinfo/classlist/MYCL201 rsp= <Response [200]>
getNewStudentsInSubject: ITS 35, BB 1 -> 35 new enrollments
getWS: requesting:  http://10.0.100.98:8000/itsenrol/classlist/2018/22/PLBT401 rsp= <Response [200]>
getWS: requesting:  http://10.0.100.98:8000/bbinfo/classlist/PLBT401 rsp= <Response [200]>
getNewStudentsInSubject: ITS 14, BB 1 -> 14 new enrollments
getWS: requesting:  http://10.0.100.98:8000/itsenrol/classlist/2018/22/FDTE102 rsp= <Response [200]>
getWS: requesting:  http://10.0.100.98:8000/bbinfo/classlist/FDTE102 rsp= <Response [200]>
getNewStudentsInSubject: ITS 14, BB 1 -> 14 new enrollments
getWS: requesting:  http://10.0.100.98:8000/itsenrol/classlist/2018/22/FANL402 rsp= <Response [200]>
getWS: requesting:  http://10.0.100.98:8000/bbinfo/classlist/FANL402 rsp= <Response [200]>
getNewStudentsInSubject: ITS 11, BB 1 -> 11 new enrollments
getWS: requesting:  http://10.0.100.98:8000/itsenrol/classlist/2018/22/BCTY301 rsp= <Response [200]>
getWS: requesting:  http://10.0.100.98:8000/bbinfo/classlist/BCTY301 rsp= <Response [200]>
getNewStudentsInSubject: ITS 0, BB 1 -> 0 new enrollments
getWS: requesting:  http://10.0.100.98:8000/itsenrol/classlist/2018/22/FSTC201 rsp= <Response [200]>
getWS: requesting:  http://10.0.100.98:8000/bbinfo/classlist/FSTC201 rsp= <Response [200]>
getNewStudentsInSubject: ITS 0, BB 1 -> 0 new enrollments
getWS: requesting:  http://10.0.100.98:8000/itsenrol/classlist/2018/22/BRMD101 rsp= <Response [200]>
getWS: requesting:  http://10.0.100.98:8000/bbinfo/classlist/BRMD101 rsp= <Response [200]>
getNewStudentsInSubject: ITS 0, BB 1 -> 0 new enrollments
getWS: requesting:  http://10.0.100.98:8000/itsenrol/classlist/2018/22/BIST101 rsp= <Response [200]>
getWS: requesting:  http://10.0.100.98:8000/bbinfo/classlist/BIST101 rsp= <Response [200]>
getNewStudentsInSubject: ITS 0, BB 1 -> 0 new enrollments
main: Writing students...
main: Writing enrollments...
main: Finished processing workingSheets/data/BBC3401BiotechnologyFoodTech2017.xls
main: 34 subjects processed
main: 60 subject -> classroom maps
main: 314 students
main: 781 student enrollments 0 errors
0.50user 0.18system 0:06.57elapsed 10%CPU (0avgtext+0avgdata 60128maxresident)k
392inputs+176outputs (1major+7255minor)pagefaults 0swaps
POSTING SNAPSHOTS to SIS endpoint
TEST RUN, NOT POSTING BBSTUDENTS
TEST RUN, NOT POSTIN BBENROL
copy snapshot files to saved output
=== department done ===
syncing logs...
Pushing logs from logs/20180723111852 to remote...
sending incremental file list
./
BBC3401BiotechnologyFoodTech2017.BBENROL.txt
BBC3401BiotechnologyFoodTech2017.BBSTUDENTS.txt
BBC3401BiotechnologyFoodTech2017.Enrolomat.txt
BBC3401BiotechnologyFoodTech2017.Postlog.txt

sent 190444 bytes  received 91 bytes  34642.73 bytes/sec
total size is 4990366  speedup is 26.19
logging to logs/20180723111852
=== generate newenrollments for BBC3402Chemistry2017. ===
GENERATE SNAPSHOTS...
./BBCIncrementalEnrollerX2.py : generating enrolment files for subjects in  workingSheets/data/BBC3402Chemistry2017.xls
processXLS: start spreadsheet workingSheets/data/BBC3402Chemistry2017.xls
[u'2018 Blackboard Classrooms for Department: 3402 - CHEMISTRY', u'', u'', u'', u'', u'', u'', u'', u'', u'', u'', u'', u'']
check '2018 Blackboard Classrooms for Department: 3402 - CHEMISTRY' ''
[u'', u'', u'', u'', u'', u'', u'', u'', u'', u'', u'', u'', u'']
check '' ''
[u'BB Classroom', u'Migrate Classroom', u'ITS Subject', u'', u'ITS Qualification', u'', u'Block', u'', u'Off Type', u'', u'Grp', u'Lecturer(s)', u'2016 Enrol']
check 'BB Classroom' 'ITS Subject'
[u'ACHA101_YEAR_2018', u'ACHA101_YEAR_2017', u'ACHA101', u'ANALYTICAL CHEMISTRY I (AUGMENTED)', u'NDANF1', u'ND: ANALYTICAL CHEMISTRY (4 YEARS)', u'11', u'YEAR', u'D1', u'Durban Campus Full-time', u'A', u'40007585:SOBANTU', 10.0]
check 'ACHA101_YEAR_2018' 'ACHA101'
processXLS: only for SEM2 [u'ACHA101_YEAR_2018', u'ACHA101_YEAR_2017', u'ACHA101', u'ANALYTICAL CHEMISTRY I (AUGMENTED)', u'NDANF1', u'ND: ANALYTICAL CHEMISTRY (4 YEARS)', u'11', u'YEAR', u'D1', u'Durban Campus Full-time', u'A', u'40007585:SOBANTU', 10.0]
[u'', u'', u'', u'', u'', u'', u'', u'', u'', u'', u'', u'', u'']
check '' ''
[u'ACHM103_SEM2_2018', u'ACHM103_SEM2_2017', u'ACHM103', u'ANALYTICAL CHEMISTRY I', u'NDACH2', u'ND: ANALYTICAL CHEMISTRY', u'22', u'SEMESTER 2', u'D1', u'Durban Campus Full-time', u'A', u'40007585:SOBANTU;40000149:PAUL;40000985:PIENAAR;40011999:MDLULI;50050759:RAMLUCKAN', 61.0]
check 'ACHM103_SEM2_2018' 'ACHM103'
adding  ACHM103
requesting:  http://10.0.100.98:8000/bbinfo/matching_courses/ACHM103%25
r= <Response [200]>
matching classes= set([u'ACHM103_13_RAMK', u'ACHM103_15_PIED', u'ACHM103_SEM2_2016', u'ACHM103_SEM2_2017', u'ACHM103_14_PIED', u'ACHM103_SEM2_2018'])
[u'', u'', u'', u'', u'', u'', u'', u'', u'', u'', u'', u'', u'']
check '' ''
[u'CHEM102_SEM1_2018', u'CHEM102_SEM1_2017', u'CHEM102', u'CHEMISTRY I', u'NDACH2', u'ND: ANALYTICAL CHEMISTRY', u'21', u'SEMESTER 1', u'D1', u'Durban Campus Full-time', u'A', u'40000149:PAUL;40000985:PIENAAR;40010187:PIENAAR;40011999:MDLULI;50050759:RAMLUCKAN', 66.0]
check 'CHEM102_SEM1_2018' 'CHEM102'
processXLS: only for SEM2 [u'CHEM102_SEM1_2018', u'CHEM102_SEM1_2017', u'CHEM102', u'CHEMISTRY I', u'NDACH2', u'ND: ANALYTICAL CHEMISTRY', u'21', u'SEMESTER 1', u'D1', u'Durban Campus Full-time', u'A', u'40000149:PAUL;40000985:PIENAAR;40010187:PIENAAR;40011999:MDLULI;50050759:RAMLUCKAN', 66.0]
[u'', u'', u'', u'', u'', u'', u'', u'', u'', u'', u'', u'', u'']
check '' ''
[u'CHHC102_YEAR_2018', u'CHHC102_YEAR_2017', u'CHHC102', u'CHEMISTRY I', u'NDCHF1', u'ND: CHIROPRACTIC (4 YEARS)', u'11', u'YEAR', u'D1', u'Durban Campus Full-time', u'A', u'40008633:MAKHANYA;50050302:MEWA;40000695:MULOL;40000985:PIENAAR', 4.0]
check 'CHHC102_YEAR_2018' 'CHHC102'
processXLS: only for SEM2 [u'CHHC102_YEAR_2018', u'CHHC102_YEAR_2017', u'CHHC102', u'CHEMISTRY I', u'NDCHF1', u'ND: CHIROPRACTIC (4 YEARS)', u'11', u'YEAR', u'D1', u'Durban Campus Full-time', u'A', u'40008633:MAKHANYA;50050302:MEWA;40000695:MULOL;40000985:PIENAAR', 4.0]
[u'CHHC102_YEAR_2018', u'CHHC102_YEAR_2017', u'CHHC102', u'CHEMISTRY I', u'NDCHR1', u'ND: CHIROPRACTIC', u'11', u'YEAR', u'D1', u'Durban Campus Full-time', u'A', u'40008633:MAKHANYA;50050302:MEWA;40000695:MULOL;40000985:PIENAAR', 31.0]
check 'CHHC102_YEAR_2018' 'CHHC102'
processXLS: only for SEM2 [u'CHHC102_YEAR_2018', u'CHHC102_YEAR_2017', u'CHHC102', u'CHEMISTRY I', u'NDCHR1', u'ND: CHIROPRACTIC', u'11', u'YEAR', u'D1', u'Durban Campus Full-time', u'A', u'40008633:MAKHANYA;50050302:MEWA;40000695:MULOL;40000985:PIENAAR', 31.0]
[u'', u'', u'', u'', u'', u'', u'', u'', u'', u'', u'', u'', u'']
check '' ''
[u'CHHC103_YEAR_2018', u'CHHC103_YEAR_2017', u'CHHC103', u'CHEMISTRY I', u'BHHMF1', u'BH:  HOMOEOPATHY (5 YEARS)', u'11', u'YEAR', u'D1', u'Durban Campus Full-time', u'A', u'40008633:MAKHANYA;50050302:MEWA;40000695:MULOL;40000985:PIENAAR', 5.0]
check 'CHHC103_YEAR_2018' 'CHHC103'
processXLS: only for SEM2 [u'CHHC103_YEAR_2018', u'CHHC103_YEAR_2017', u'CHHC103', u'CHEMISTRY I', u'BHHMF1', u'BH:  HOMOEOPATHY (5 YEARS)', u'11', u'YEAR', u'D1', u'Durban Campus Full-time', u'A', u'40008633:MAKHANYA;50050302:MEWA;40000695:MULOL;40000985:PIENAAR', 5.0]
[u'CHHC103_YEAR_2018', u'CHHC103_YEAR_2017', u'CHHC103', u'CHEMISTRY I', u'BHHOM1', u'BH:  HOMOEOPATHY', u'11', u'YEAR', u'D1', u'Durban Campus Full-time', u'A', u'40008633:MAKHANYA;50050302:MEWA;40000695:MULOL;40000985:PIENAAR', 27.0]
check 'CHHC103_YEAR_2018' 'CHHC103'
processXLS: only for SEM2 [u'CHHC103_YEAR_2018', u'CHHC103_YEAR_2017', u'CHHC103', u'CHEMISTRY I', u'BHHOM1', u'BH:  HOMOEOPATHY', u'11', u'YEAR', u'D1', u'Durban Campus Full-time', u'A', u'40008633:MAKHANYA;50050302:MEWA;40000695:MULOL;40000985:PIENAAR', 27.0]
[u'', u'', u'', u'', u'', u'', u'', u'', u'', u'', u'', u'', u'']
check '' ''
[u'CHMA101_YEAR_2018', u'CHMA101_YEAR_2017', u'CHMA101', u'CHEMISTRY I (AUGMENTED)', u'NDANF1', u'ND: ANALYTICAL CHEMISTRY (4 YEARS)', u'11', u'YEAR', u'D1', u'Durban Campus Full-time', u'A', u'40010187:PIENAAR', 3.0]
check 'CHMA101_YEAR_2018' 'CHMA101'
processXLS: only for SEM2 [u'CHMA101_YEAR_2018', u'CHMA101_YEAR_2017', u'CHMA101', u'CHEMISTRY I (AUGMENTED)', u'NDANF1', u'ND: ANALYTICAL CHEMISTRY (4 YEARS)', u'11', u'YEAR', u'D1', u'Durban Campus Full-time', u'A', u'40010187:PIENAAR', 3.0]
[u'', u'', u'', u'', u'', u'', u'', u'', u'', u'', u'', u'', u'']
check '' ''
[u'CHMB102_SEM1_2018', u'CHMB102_SEM1_2017', u'CHMB102', u'CHEMISTRY I', u'NDBIO2', u'ND: BIOTECHNOLOGY', u'21', u'SEMESTER 1', u'D1', u'Durban Campus Full-time', u'A', u'40007585:SOBANTU;40008633:MAKHANYA;50050302:MEWA;40000695:MULOL;40004790:MADIKIZELA;40000985:PIENAAR;40013383:MAHLAMBI', 82.0]
check 'CHMB102_SEM1_2018' 'CHMB102'
processXLS: only for SEM2 [u'CHMB102_SEM1_2018', u'CHMB102_SEM1_2017', u'CHMB102', u'CHEMISTRY I', u'NDBIO2', u'ND: BIOTECHNOLOGY', u'21', u'SEMESTER 1', u'D1', u'Durban Campus Full-time', u'A', u'40007585:SOBANTU;40008633:MAKHANYA;50050302:MEWA;40000695:MULOL;40004790:MADIKIZELA;40000985:PIENAAR;40013383:MAHLAMBI', 82.0]
[u'CHMB102_SEM1_2018', u'CHMB102_SEM1_2017', u'CHMB102', u'CHEMISTRY I', u'NDBMT1', u'ND: BIOMEDICAL TECHNOLOGY', u'21', u'SEMESTER 1', u'D1', u'Durban Campus Full-time', u'A', u'40007585:SOBANTU;40008633:MAKHANYA;50050302:MEWA;40000695:MULOL;40004790:MADIKIZELA;40000985:PIENAAR;40013383:MAHLAMBI', 33.0]
check 'CHMB102_SEM1_2018' 'CHMB102'
processXLS: only for SEM2 [u'CHMB102_SEM1_2018', u'CHMB102_SEM1_2017', u'CHMB102', u'CHEMISTRY I', u'NDBMT1', u'ND: BIOMEDICAL TECHNOLOGY', u'21', u'SEMESTER 1', u'D1', u'Durban Campus Full-time', u'A', u'40007585:SOBANTU;40008633:MAKHANYA;50050302:MEWA;40000695:MULOL;40004790:MADIKIZELA;40000985:PIENAAR;40013383:MAHLAMBI', 33.0]
[u'CHMB102_SEM1_2018', u'CHMB102_SEM1_2017', u'CHMB102', u'CHEMISTRY I', u'NDCLT1', u'ND: CLINICAL TECHNOLOGY', u'21', u'SEMESTER 1', u'D1', u'Durban Campus Full-time', u'A', u'40007585:SOBANTU;40008633:MAKHANYA;50050302:MEWA;40000695:MULOL;40004790:MADIKIZELA;40000985:PIENAAR;40013383:MAHLAMBI', 1.0]
check 'CHMB102_SEM1_2018' 'CHMB102'
processXLS: only for SEM2 [u'CHMB102_SEM1_2018', u'CHMB102_SEM1_2017', u'CHMB102', u'CHEMISTRY I', u'NDCLT1', u'ND: CLINICAL TECHNOLOGY', u'21', u'SEMESTER 1', u'D1', u'Durban Campus Full-time', u'A', u'40007585:SOBANTU;40008633:MAKHANYA;50050302:MEWA;40000695:MULOL;40004790:MADIKIZELA;40000985:PIENAAR;40013383:MAHLAMBI', 1.0]
[u'CHMB102_SEM1_2018', u'CHMB102_SEM1_2017', u'CHMB102', u'CHEMISTRY I', u'NDCLT1', u'ND: CLINICAL TECHNOLOGY', u'21', u'SEMESTER 1', u'D1', u'Durban Campus Full-time', u'A', u'40007585:SOBANTU;40008633:MAKHANYA;50050302:MEWA;40000695:MULOL;40004790:MADIKIZELA;40000985:PIENAAR;40013383:MAHLAMBI', 34.0]
check 'CHMB102_SEM1_2018' 'CHMB102'
processXLS: only for SEM2 [u'CHMB102_SEM1_2018', u'CHMB102_SEM1_2017', u'CHMB102', u'CHEMISTRY I', u'NDCLT1', u'ND: CLINICAL TECHNOLOGY', u'21', u'SEMESTER 1', u'D1', u'Durban Campus Full-time', u'A', u'40007585:SOBANTU;40008633:MAKHANYA;50050302:MEWA;40000695:MULOL;40004790:MADIKIZELA;40000985:PIENAAR;40013383:MAHLAMBI', 34.0]
[u'CHMB102_SEM1_2018', u'CHMB102_SEM1_2017', u'CHMB102', u'CHEMISTRY I', u'NDFDT2', u'ND: FOOD TECHNOLOGY', u'21', u'SEMESTER 1', u'D1', u'Durban Campus Full-time', u'A', u'40007585:SOBANTU;40008633:MAKHANYA;50050302:MEWA;40000695:MULOL;40004790:MADIKIZELA;40000985:PIENAAR;40013383:MAHLAMBI', 54.0]
check 'CHMB102_SEM1_2018' 'CHMB102'
processXLS: only for SEM2 [u'CHMB102_SEM1_2018', u'CHMB102_SEM1_2017', u'CHMB102', u'CHEMISTRY I', u'NDFDT2', u'ND: FOOD TECHNOLOGY', u'21', u'SEMESTER 1', u'D1', u'Durban Campus Full-time', u'A', u'40007585:SOBANTU;40008633:MAKHANYA;50050302:MEWA;40000695:MULOL;40004790:MADIKIZELA;40000985:PIENAAR;40013383:MAHLAMBI', 54.0]
[u'', u'', u'', u'', u'', u'', u'', u'', u'', u'', u'', u'', u'']
check '' ''
[u'CHMB102_SEM2_2018', u'CHMB102_SEM2_2017', u'CHMB102', u'CHEMISTRY I', u'NDCLF2', u'ND: CLINICAL TECHNOLOGY (4 YEARS)', u'22', u'SEMESTER 2', u'D1', u'Durban Campus Full-time', u'A', u'40007585:SOBANTU;40008633:MAKHANYA;50050302:MEWA;40000695:MULOL;40004790:MADIKIZELA;40000985:PIENAAR;40013383:MAHLAMBI', 10.0]
check 'CHMB102_SEM2_2018' 'CHMB102'
adding  CHMB102
requesting:  http://10.0.100.98:8000/bbinfo/matching_courses/CHMB102%25
r= <Response [200]>
matching classes= set([u'CHMB102_ALL_2016', u'CHMB102_SEM2_2018', u'CHMB102_SEM1_2018', u'CHMB102_SEM1_2017', u'CHMB102_SEM2_2017', u'CHMB102_13_DEEN'])
[u'', u'', u'', u'', u'', u'', u'', u'', u'', u'', u'', u'', u'']
check '' ''
[u'CHMT101_SEM1_2018', u'CHMT101_SEM1_2017', u'CHMT101', u'CHEMISTRY I', u'BHEVH1', u'BH:  ENVIRONMENTAL HEALTH', u'21', u'SEMESTER 1', u'D1', u'Durban Campus Full-time', u'A', u'40000985:PIENAAR', 31.0]
check 'CHMT101_SEM1_2018' 'CHMT101'
processXLS: only for SEM2 [u'CHMT101_SEM1_2018', u'CHMT101_SEM1_2017', u'CHMT101', u'CHEMISTRY I', u'BHEVH1', u'BH:  ENVIRONMENTAL HEALTH', u'21', u'SEMESTER 1', u'D1', u'Durban Campus Full-time', u'A', u'40000985:PIENAAR', 31.0]
[u'', u'', u'', u'', u'', u'', u'', u'', u'', u'', u'', u'', u'']
check '' ''
[u'CMPA101_YEAR_2018', u'CMPA101_YEAR_2017', u'CMPA101', u'COMPUTER SKILLS I (AUGMENTED)', u'NDANF1', u'ND: ANALYTICAL CHEMISTRY (4 YEARS)', u'11', u'YEAR', u'D1', u'Durban Campus Full-time', u'A', u'40010187:PIENAAR', 3.0]
check 'CMPA101_YEAR_2018' 'CMPA101'
processXLS: only for SEM2 [u'CMPA101_YEAR_2018', u'CMPA101_YEAR_2017', u'CMPA101', u'COMPUTER SKILLS I (AUGMENTED)', u'NDANF1', u'ND: ANALYTICAL CHEMISTRY (4 YEARS)', u'11', u'YEAR', u'D1', u'Durban Campus Full-time', u'A', u'40010187:PIENAAR', 3.0]
[u'', u'', u'', u'', u'', u'', u'', u'', u'', u'', u'', u'', u'']
check '' ''
[u'CMSA101_YEAR_2018', u'CMSA101_YEAR_2017', u'CMSA101', u'COMMUNICATION SKILLS I (AUGMENTED)', u'NDANF1', u'ND: ANALYTICAL CHEMISTRY (4 YEARS)', u'11', u'YEAR', u'D1', u'Durban Campus Full-time', u'A', u'40010187:PIENAAR', 3.0]
check 'CMSA101_YEAR_2018' 'CMSA101'
processXLS: only for SEM2 [u'CMSA101_YEAR_2018', u'CMSA101_YEAR_2017', u'CMSA101', u'COMMUNICATION SKILLS I (AUGMENTED)', u'NDANF1', u'ND: ANALYTICAL CHEMISTRY (4 YEARS)', u'11', u'YEAR', u'D1', u'Durban Campus Full-time', u'A', u'40010187:PIENAAR', 3.0]
[u'', u'', u'', u'', u'', u'', u'', u'', u'', u'', u'', u'', u'']
check '' ''
[u'CSTY101_SEM2_2018', u'CSTY101_SEM2_2017', u'CSTY101', u'CHEMISTRY', u'BHDRD1', u'BHSC IN DIAGNOSTIC RADIOGRAPHY', u'22', u'SEMESTER 2', u'D1', u'Durban Campus Full-time', u'A', u'40000985:PIENAAR D H', 44.0]
check 'CSTY101_SEM2_2018' 'CSTY101'
adding  CSTY101
requesting:  http://10.0.100.98:8000/bbinfo/matching_courses/CSTY101%25
r= <Response [200]>
matching classes= set([u'CSTY101_SEM2_2017', u'CSTY101_SEM2_2018'])
[u'CSTY101_SEM2_2018', u'CSTY101_SEM2_2017', u'CSTY101', u'CHEMISTRY', u'BHDSN1', u'BHSC IN DIAGNOSTIC SONOGRAPHY', u'22', u'SEMESTER 2', u'D1', u'Durban Campus Full-time', u'A', u'40000985:PIENAAR D H', 7.0]
check 'CSTY101_SEM2_2018' 'CSTY101'
adding  CSTY101
requesting:  http://10.0.100.98:8000/bbinfo/matching_courses/CSTY101%25
r= <Response [200]>
matching classes= set([u'CSTY101_SEM2_2017', u'CSTY101_SEM2_2018'])
[u'CSTY101_SEM2_2018', u'CSTY101_SEM2_2017', u'CSTY101', u'CHEMISTRY', u'BHNMD1', u'BHSC IN NUCLEAR MEDICINE', u'22', u'SEMESTER 2', u'D1', u'Durban Campus Full-time', u'A', u'40000985:PIENAAR D H', 7.0]
check 'CSTY101_SEM2_2018' 'CSTY101'
adding  CSTY101
requesting:  http://10.0.100.98:8000/bbinfo/matching_courses/CSTY101%25
r= <Response [200]>
matching classes= set([u'CSTY101_SEM2_2017', u'CSTY101_SEM2_2018'])
[u'CSTY101_SEM2_2018', u'CSTY101_SEM2_2017', u'CSTY101', u'CHEMISTRY', u'BHRDT1', u'BHSC IN RADIOTHERAPY', u'22', u'SEMESTER 2', u'D1', u'Durban Campus Full-time', u'A', u'40000985:PIENAAR D H', 10.0]
check 'CSTY101_SEM2_2018' 'CSTY101'
adding  CSTY101
requesting:  http://10.0.100.98:8000/bbinfo/matching_courses/CSTY101%25
r= <Response [200]>
matching classes= set([u'CSTY101_SEM2_2017', u'CSTY101_SEM2_2018'])
[u'', u'', u'', u'', u'', u'', u'', u'', u'', u'', u'', u'', u'']
check '' ''
[u'MTMA101_YEAR_2018', u'MTMA101_YEAR_2017', u'MTMA101', u'MATHEMATICS I (AUGMENTED)', u'NDANF1', u'ND: ANALYTICAL CHEMISTRY (4 YEARS)', u'11', u'YEAR', u'D1', u'Durban Campus Full-time', u'A', u'', 3.0]
check 'MTMA101_YEAR_2018' 'MTMA101'
processXLS: only for SEM2 [u'MTMA101_YEAR_2018', u'MTMA101_YEAR_2017', u'MTMA101', u'MATHEMATICS I (AUGMENTED)', u'NDANF1', u'ND: ANALYTICAL CHEMISTRY (4 YEARS)', u'11', u'YEAR', u'D1', u'Durban Campus Full-time', u'A', u'', 3.0]
[u'', u'', u'', u'', u'', u'', u'', u'', u'', u'', u'', u'', u'']
check '' ''
[u'PHCD121_SEM1_2018', u'PHCD121_SEM1_2017', u'PHCD121', u'PHYSICS AND CHEMISTRY I (CHEMISTRY)', u'NDDNT1', u'ND: DENTAL TECHNOLOGY', u'21', u'SEMESTER 1', u'D1', u'Durban Campus Full-time', u'A', u'40000985:PIENAAR;40007567:SABELA', 10.0]
check 'PHCD121_SEM1_2018' 'PHCD121'
processXLS: only for SEM2 [u'PHCD121_SEM1_2018', u'PHCD121_SEM1_2017', u'PHCD121', u'PHYSICS AND CHEMISTRY I (CHEMISTRY)', u'NDDNT1', u'ND: DENTAL TECHNOLOGY', u'21', u'SEMESTER 1', u'D1', u'Durban Campus Full-time', u'A', u'40000985:PIENAAR;40007567:SABELA', 10.0]
[u'PHCD121_SEM1_2018', u'PHCD121_SEM1_2017', u'PHCD121', u'PHYSICS AND CHEMISTRY I (CHEMISTRY)', u'NDDTF1', u'ND: DENTAL TECHNOLOGY (4 YEARS)', u'21', u'SEMESTER 1', u'D1', u'Durban Campus Full-time', u'A', u'40000985:PIENAAR;40007567:SABELA', 17.0]
check 'PHCD121_SEM1_2018' 'PHCD121'
processXLS: only for SEM2 [u'PHCD121_SEM1_2018', u'PHCD121_SEM1_2017', u'PHCD121', u'PHYSICS AND CHEMISTRY I (CHEMISTRY)', u'NDDTF1', u'ND: DENTAL TECHNOLOGY (4 YEARS)', u'21', u'SEMESTER 1', u'D1', u'Durban Campus Full-time', u'A', u'40000985:PIENAAR;40007567:SABELA', 17.0]
[u'', u'', u'', u'', u'', u'', u'', u'', u'', u'', u'', u'', u'']
check '' ''
[u'PHCM111_YEAR_2018', u'PHCM111_YEAR_2017', u'PHCM111', u'PHYSICS AND CHEMISTRY I (CHEMISTRY)', u'NDEVH1', u'ND: ENVIRONMENTAL HEALTH', u'11', u'YEAR', u'D1', u'Durban Campus Full-time', u'A', u'40000407:DEENADAYALU', 1.0]
check 'PHCM111_YEAR_2018' 'PHCM111'
processXLS: only for SEM2 [u'PHCM111_YEAR_2018', u'PHCM111_YEAR_2017', u'PHCM111', u'PHYSICS AND CHEMISTRY I (CHEMISTRY)', u'NDEVH1', u'ND: ENVIRONMENTAL HEALTH', u'11', u'YEAR', u'D1', u'Durban Campus Full-time', u'A', u'40000407:DEENADAYALU', 1.0]
[u'', u'', u'', u'', u'', u'', u'', u'', u'', u'', u'', u'', u'']
check '' ''
[u'PHYA101_YEAR_2018', u'PHYA101_YEAR_2017', u'PHYA101', u'PHYSICS I (AUGMENTED)', u'NDANF1', u'ND: ANALYTICAL CHEMISTRY (4 YEARS)', u'11', u'YEAR', u'D1', u'Durban Campus Full-time', u'A', u'40010187:PIENAAR', 3.0]
check 'PHYA101_YEAR_2018' 'PHYA101'
processXLS: only for SEM2 [u'PHYA101_YEAR_2018', u'PHYA101_YEAR_2017', u'PHYA101', u'PHYSICS I (AUGMENTED)', u'NDANF1', u'ND: ANALYTICAL CHEMISTRY (4 YEARS)', u'11', u'YEAR', u'D1', u'Durban Campus Full-time', u'A', u'40010187:PIENAAR', 3.0]
[u'', u'', u'', u'', u'', u'', u'', u'', u'', u'', u'', u'', u'']
check '' ''
[u'PSCN101_YEAR_2018', u'PSCN101_YEAR_2017', u'PSCN101', u'PHYSICAL SCIENCE I', u'NDCFF2', u'ND: CONS SCI: FOOD & NUTRITION (4 YEARS)', u'11', u'YEAR', u'D1', u'Durban Campus Full-time', u'A', u'40007585:SOBANTU;40000695:MULOL;40000985:PIENAAR', 24.0]
check 'PSCN101_YEAR_2018' 'PSCN101'
processXLS: only for SEM2 [u'PSCN101_YEAR_2018', u'PSCN101_YEAR_2017', u'PSCN101', u'PHYSICAL SCIENCE I', u'NDCFF2', u'ND: CONS SCI: FOOD & NUTRITION (4 YEARS)', u'11', u'YEAR', u'D1', u'Durban Campus Full-time', u'A', u'40007585:SOBANTU;40000695:MULOL;40000985:PIENAAR', 24.0]
[u'PSCN101_YEAR_2018', u'PSCN101_YEAR_2017', u'PSCN101', u'PHYSICAL SCIENCE I', u'NDCSF2', u'ND: CONSUMER SCIENCE: FOOD AND NUTRITION', u'11', u'YEAR', u'D1', u'Durban Campus Full-time', u'A', u'40007585:SOBANTU;40000695:MULOL;40000985:PIENAAR', 51.0]
check 'PSCN101_YEAR_2018' 'PSCN101'
processXLS: only for SEM2 [u'PSCN101_YEAR_2018', u'PSCN101_YEAR_2017', u'PSCN101', u'PHYSICAL SCIENCE I', u'NDCSF2', u'ND: CONSUMER SCIENCE: FOOD AND NUTRITION', u'11', u'YEAR', u'D1', u'Durban Campus Full-time', u'A', u'40007585:SOBANTU;40000695:MULOL;40000985:PIENAAR', 51.0]
[u'', u'', u'', u'', u'', u'', u'', u'', u'', u'', u'', u'', u'']
check '' ''
[u'SCIE101_YEAR_2018', u'SCIE101_YEAR_2017', u'SCIE101', u'SCIENCE I', u'NDSMF1', u'ND: SOMATOLOGY (4 YEARS)', u'11', u'YEAR', u'D1', u'Durban Campus Full-time', u'A', u'40000985:PIENAAR;40007567:SABELA;50002501:XHAKAZA;40011999:MDLULI', 22.0]
check 'SCIE101_YEAR_2018' 'SCIE101'
processXLS: only for SEM2 [u'SCIE101_YEAR_2018', u'SCIE101_YEAR_2017', u'SCIE101', u'SCIENCE I', u'NDSMF1', u'ND: SOMATOLOGY (4 YEARS)', u'11', u'YEAR', u'D1', u'Durban Campus Full-time', u'A', u'40000985:PIENAAR;40007567:SABELA;50002501:XHAKAZA;40011999:MDLULI', 22.0]
[u'SCIE101_YEAR_2018', u'SCIE101_YEAR_2017', u'SCIE101', u'SCIENCE I', u'NDSOM1', u'ND: SOMATOLOGY', u'11', u'YEAR', u'D1', u'Durban Campus Full-time', u'A', u'40000985:PIENAAR;40007567:SABELA;50002501:XHAKAZA;40011999:MDLULI', 44.0]
check 'SCIE101_YEAR_2018' 'SCIE101'
processXLS: only for SEM2 [u'SCIE101_YEAR_2018', u'SCIE101_YEAR_2017', u'SCIE101', u'SCIENCE I', u'NDSOM1', u'ND: SOMATOLOGY', u'11', u'YEAR', u'D1', u'Durban Campus Full-time', u'A', u'40000985:PIENAAR;40007567:SABELA;50002501:XHAKAZA;40011999:MDLULI', 44.0]
[u'', u'', u'', u'', u'', u'', u'', u'', u'', u'', u'', u'', u'']
check '' ''
[u'ACBL201_SEM2_2018', u'ACBL201_SEM2_2017', u'ACBL201', u'ANALYTICAL CHEMISTRY:BIOLOGICAL II', u'NDBIO2', u'ND: BIOTECHNOLOGY', u'22', u'SEMESTER 2', u'D1', u'Durban Campus Full-time', u'A', u'50051516:MABASO;40000407:DEENADAYALU;40000985:PIENAAR;40013383:MAHLAMBI', 70.0]
check 'ACBL201_SEM2_2018' 'ACBL201'
adding  ACBL201
requesting:  http://10.0.100.98:8000/bbinfo/matching_courses/ACBL201%25
r= <Response [200]>
matching classes= set([u'ACBL201_SEM2_2018', u'ACBL201_SEM2_2016', u'ACBL201_SEM2_2017', u'ACBL201_13_DEEN'])
[u'ACBL201_SEM2_2018', u'ACBL201_SEM2_2017', u'ACBL201', u'ANALYTICAL CHEMISTRY:BIOLOGICAL II', u'NDBTF1', u'ND: BIOTECHNOLOGY (4 YEARS)', u'22', u'SEMESTER 2', u'D1', u'Durban Campus Full-time', u'A', u'50051516:MABASO;40000407:DEENADAYALU;40000985:PIENAAR;40013383:MAHLAMBI', 3.0]
check 'ACBL201_SEM2_2018' 'ACBL201'
adding  ACBL201
requesting:  http://10.0.100.98:8000/bbinfo/matching_courses/ACBL201%25
r= <Response [200]>
matching classes= set([u'ACBL201_SEM2_2018', u'ACBL201_SEM2_2016', u'ACBL201_SEM2_2017', u'ACBL201_13_DEEN'])
[u'ACBL201_SEM2_2018', u'ACBL201_SEM2_2017', u'ACBL201', u'ANALYTICAL CHEMISTRY:BIOLOGICAL II', u'NDFDT2', u'ND: FOOD TECHNOLOGY', u'22', u'SEMESTER 2', u'D1', u'Durban Campus Full-time', u'A', u'50051516:MABASO;40000407:DEENADAYALU;40000985:PIENAAR;40013383:MAHLAMBI', 52.0]
check 'ACBL201_SEM2_2018' 'ACBL201'
adding  ACBL201
requesting:  http://10.0.100.98:8000/bbinfo/matching_courses/ACBL201%25
r= <Response [200]>
matching classes= set([u'ACBL201_SEM2_2018', u'ACBL201_SEM2_2016', u'ACBL201_SEM2_2017', u'ACBL201_13_DEEN'])
[u'ACBL201_SEM2_2018', u'ACBL201_SEM2_2017', u'ACBL201', u'ANALYTICAL CHEMISTRY:BIOLOGICAL II', u'NDFTF1', u'ND: FOOD TECHNOLOGY (4 YEARS)', u'22', u'SEMESTER 2', u'D1', u'Durban Campus Full-time', u'A', u'50051516:MABASO;40000407:DEENADAYALU;40000985:PIENAAR;40013383:MAHLAMBI', 1.0]
check 'ACBL201_SEM2_2018' 'ACBL201'
adding  ACBL201
requesting:  http://10.0.100.98:8000/bbinfo/matching_courses/ACBL201%25
r= <Response [200]>
matching classes= set([u'ACBL201_SEM2_2018', u'ACBL201_SEM2_2016', u'ACBL201_SEM2_2017', u'ACBL201_13_DEEN'])
[u'', u'', u'', u'', u'', u'', u'', u'', u'', u'', u'', u'', u'']
check '' ''
[u'ACHM204_SEM1_2018', u'ACHM204_SEM1_2017', u'ACHM204', u'ANALYTICAL CHEMISTRY II', u'NDACH2', u'ND: ANALYTICAL CHEMISTRY', u'21', u'SEMESTER 1', u'D1', u'Durban Campus Full-time', u'A', u'40004790:MADIKIZELA;40000985:PIENAAR;40013383:MAHLAMBI;40011999:MDLULI', 84.0]
check 'ACHM204_SEM1_2018' 'ACHM204'
processXLS: only for SEM2 [u'ACHM204_SEM1_2018', u'ACHM204_SEM1_2017', u'ACHM204', u'ANALYTICAL CHEMISTRY II', u'NDACH2', u'ND: ANALYTICAL CHEMISTRY', u'21', u'SEMESTER 1', u'D1', u'Durban Campus Full-time', u'A', u'40004790:MADIKIZELA;40000985:PIENAAR;40013383:MAHLAMBI;40011999:MDLULI', 84.0]
[u'ACHM204_SEM1_2018', u'ACHM204_SEM1_2017', u'ACHM204', u'ANALYTICAL CHEMISTRY II', u'NDANF1', u'ND: ANALYTICAL CHEMISTRY (4 YEARS)', u'21', u'SEMESTER 1', u'D1', u'Durban Campus Full-time', u'A', u'40004790:MADIKIZELA;40000985:PIENAAR;40013383:MAHLAMBI;40011999:MDLULI', 12.0]
check 'ACHM204_SEM1_2018' 'ACHM204'
processXLS: only for SEM2 [u'ACHM204_SEM1_2018', u'ACHM204_SEM1_2017', u'ACHM204', u'ANALYTICAL CHEMISTRY II', u'NDANF1', u'ND: ANALYTICAL CHEMISTRY (4 YEARS)', u'21', u'SEMESTER 1', u'D1', u'Durban Campus Full-time', u'A', u'40004790:MADIKIZELA;40000985:PIENAAR;40013383:MAHLAMBI;40011999:MDLULI', 12.0]
[u'', u'', u'', u'', u'', u'', u'', u'', u'', u'', u'', u'', u'']
check '' ''
[u'ACPR201_SEM1_2018', u'ACPR201_SEM1_2017', u'ACPR201', u'ANALYTICAL CHEMISTRY:PRACTICAL II', u'NDACH2', u'ND: ANALYTICAL CHEMISTRY', u'21', u'SEMESTER 1', u'D1', u'Durban Campus Full-time', u'A', u'40004790:MADIKIZELA;40000985:PIENAAR;40011999:MDLULI', 79.0]
check 'ACPR201_SEM1_2018' 'ACPR201'
processXLS: only for SEM2 [u'ACPR201_SEM1_2018', u'ACPR201_SEM1_2017', u'ACPR201', u'ANALYTICAL CHEMISTRY:PRACTICAL II', u'NDACH2', u'ND: ANALYTICAL CHEMISTRY', u'21', u'SEMESTER 1', u'D1', u'Durban Campus Full-time', u'A', u'40004790:MADIKIZELA;40000985:PIENAAR;40011999:MDLULI', 79.0]
[u'ACPR201_SEM1_2018', u'ACPR201_SEM1_2017', u'ACPR201', u'ANALYTICAL CHEMISTRY:PRACTICAL II', u'NDANF1', u'ND: ANALYTICAL CHEMISTRY (4 YEARS)', u'21', u'SEMESTER 1', u'D1', u'Durban Campus Full-time', u'A', u'40004790:MADIKIZELA;40000985:PIENAAR;40011999:MDLULI', 10.0]
check 'ACPR201_SEM1_2018' 'ACPR201'
processXLS: only for SEM2 [u'ACPR201_SEM1_2018', u'ACPR201_SEM1_2017', u'ACPR201', u'ANALYTICAL CHEMISTRY:PRACTICAL II', u'NDANF1', u'ND: ANALYTICAL CHEMISTRY (4 YEARS)', u'21', u'SEMESTER 1', u'D1', u'Durban Campus Full-time', u'A', u'40004790:MADIKIZELA;40000985:PIENAAR;40011999:MDLULI', 10.0]
[u'', u'', u'', u'', u'', u'', u'', u'', u'', u'', u'', u'', u'']
check '' ''
[u'CQAS201_SEM2_2018', u'CQAS201_SEM2_2017', u'CQAS201', u'CHEMICAL QUALITY ASSURANCE', u'NDACH2', u'ND: ANALYTICAL CHEMISTRY', u'22', u'SEMESTER 2', u'D1', u'Durban Campus Full-time', u'A', u'40000985:PIENAAR', 83.0]
check 'CQAS201_SEM2_2018' 'CQAS201'
adding  CQAS201
requesting:  http://10.0.100.98:8000/bbinfo/matching_courses/CQAS201%25
r= <Response [200]>
matching classes= set([u'CQAS201_SEM2_2016', u'CQAS201_14_PIED', u'CQAS201_13_THOC', u'CQAS201_SEM2_2018', u'CQAS201_SEM2_2017'])
[u'CQAS201_SEM2_2018', u'CQAS201_SEM2_2017', u'CQAS201', u'CHEMICAL QUALITY ASSURANCE', u'NDANF1', u'ND: ANALYTICAL CHEMISTRY (4 YEARS)', u'22', u'SEMESTER 2', u'D1', u'Durban Campus Full-time', u'A', u'40000985:PIENAAR', 8.0]
check 'CQAS201_SEM2_2018' 'CQAS201'
adding  CQAS201
requesting:  http://10.0.100.98:8000/bbinfo/matching_courses/CQAS201%25
r= <Response [200]>
matching classes= set([u'CQAS201_SEM2_2016', u'CQAS201_14_PIED', u'CQAS201_13_THOC', u'CQAS201_SEM2_2018', u'CQAS201_SEM2_2017'])
[u'', u'', u'', u'', u'', u'', u'', u'', u'', u'', u'', u'', u'']
check '' ''
[u'INCA201_YEAR_2018', u'INCA201_YEAR_2017', u'INCA201', u'INORGANIC CHEMISTRY II (AUGMENTED)', u'NDANF1', u'ND: ANALYTICAL CHEMISTRY (4 YEARS)', u'11', u'YEAR', u'D1', u'Durban Campus Full-time', u'A', u'40000149:PAUL', 10.0]
check 'INCA201_YEAR_2018' 'INCA201'
processXLS: only for SEM2 [u'INCA201_YEAR_2018', u'INCA201_YEAR_2017', u'INCA201', u'INORGANIC CHEMISTRY II (AUGMENTED)', u'NDANF1', u'ND: ANALYTICAL CHEMISTRY (4 YEARS)', u'11', u'YEAR', u'D1', u'Durban Campus Full-time', u'A', u'40000149:PAUL', 10.0]
[u'', u'', u'', u'', u'', u'', u'', u'', u'', u'', u'', u'', u'']
check '' ''
[u'INCH201_SEM1_2018', u'INCH201_SEM1_2017', u'INCH201', u'INORGANIC CHEMISTRY II', u'NDCME2', u'ND: ENGINEERING: CHEMICAL', u'21', u'SEMESTER 1', u'D1', u'Durban Campus Full-time', u'A', u'40007585:SOBANTU;40000149:PAUL;40000985:PIENAAR', 3.0]
check 'INCH201_SEM1_2018' 'INCH201'
processXLS: only for SEM2 [u'INCH201_SEM1_2018', u'INCH201_SEM1_2017', u'INCH201', u'INORGANIC CHEMISTRY II', u'NDCME2', u'ND: ENGINEERING: CHEMICAL', u'21', u'SEMESTER 1', u'D1', u'Durban Campus Full-time', u'A', u'40007585:SOBANTU;40000149:PAUL;40000985:PIENAAR', 3.0]
[u'', u'', u'', u'', u'', u'', u'', u'', u'', u'', u'', u'', u'']
check '' ''
[u'INCH201_SEM2_2018', u'INCH201_SEM2_2017', u'INCH201', u'INORGANIC CHEMISTRY II', u'NDACH2', u'ND: ANALYTICAL CHEMISTRY', u'22', u'SEMESTER 2', u'D1', u'Durban Campus Full-time', u'A', u'40007585:SOBANTU;40000149:PAUL;40000985:PIENAAR', 62.0]
check 'INCH201_SEM2_2018' 'INCH201'
adding  INCH201
requesting:  http://10.0.100.98:8000/bbinfo/matching_courses/INCH201%25
r= <Response [200]>
matching classes= set([u'INCH201_14_PAUV', u'INCH201_15_PIED', u'INCH201_SEM1_2017', u'INCH201_SEM2_2017', u'INCH201_13_CHED', u'INCH201_14_NTOP', u'INCH201_SEM2_2018', u'INCH201_SEM1_2018', u'INCH201_SEM2_2016'])
[u'INCH201_SEM2_2018', u'INCH201_SEM2_2017', u'INCH201', u'INORGANIC CHEMISTRY II', u'NDCME2', u'ND: ENGINEERING: CHEMICAL', u'22', u'SEMESTER 2', u'D1', u'Durban Campus Full-time', u'A', u'40007585:SOBANTU;40000149:PAUL;40000985:PIENAAR', 65.0]
check 'INCH201_SEM2_2018' 'INCH201'
adding  INCH201
requesting:  http://10.0.100.98:8000/bbinfo/matching_courses/INCH201%25
r= <Response [200]>
matching classes= set([u'INCH201_14_PAUV', u'INCH201_15_PIED', u'INCH201_SEM1_2017', u'INCH201_SEM2_2017', u'INCH201_13_CHED', u'INCH201_14_NTOP', u'INCH201_SEM2_2018', u'INCH201_SEM1_2018', u'INCH201_SEM2_2016'])
[u'INCH201_SEM2_2018', u'INCH201_SEM2_2017', u'INCH201', u'INORGANIC CHEMISTRY II', u'NODIP4', u'NON-DIPLOMA PURPOSE (ENG & BE)', u'22', u'SEMESTER 2', u'D7', u'DBN FULL-TIME NON-SUBSIDISED', u'A', u'40007585:SOBANTU;40000149:PAUL;40000985:PIENAAR', 1.0]
check 'INCH201_SEM2_2018' 'INCH201'
adding  INCH201
requesting:  http://10.0.100.98:8000/bbinfo/matching_courses/INCH201%25
r= <Response [200]>
matching classes= set([u'INCH201_14_PAUV', u'INCH201_15_PIED', u'INCH201_SEM1_2017', u'INCH201_SEM2_2017', u'INCH201_13_CHED', u'INCH201_14_NTOP', u'INCH201_SEM2_2018', u'INCH201_SEM1_2018', u'INCH201_SEM2_2016'])
[u'', u'', u'', u'', u'', u'', u'', u'', u'', u'', u'', u'', u'']
check '' ''
[u'OCHA201_YEAR_2018', u'OCHA201_YEAR_2017', u'OCHA201', u'ORGANIC CHEMISTRY II (AUGMENTED)', u'NDANF1', u'ND: ANALYTICAL CHEMISTRY (4 YEARS)', u'11', u'YEAR', u'D1', u'Durban Campus Full-time', u'A', u'40000180:REDHI', 10.0]
check 'OCHA201_YEAR_2018' 'OCHA201'
processXLS: only for SEM2 [u'OCHA201_YEAR_2018', u'OCHA201_YEAR_2017', u'OCHA201', u'ORGANIC CHEMISTRY II (AUGMENTED)', u'NDANF1', u'ND: ANALYTICAL CHEMISTRY (4 YEARS)', u'11', u'YEAR', u'D1', u'Durban Campus Full-time', u'A', u'40000180:REDHI', 10.0]
[u'', u'', u'', u'', u'', u'', u'', u'', u'', u'', u'', u'', u'']
check '' ''
[u'ORCH201_SEM1_2018', u'ORCH201_SEM1_2017', u'ORCH201', u'ORGANIC CHEMISTRY II', u'NDCME2', u'ND: ENGINEERING: CHEMICAL', u'21', u'SEMESTER 1', u'D1', u'Durban Campus Full-time', u'A', u'40008633:MAKHANYA;40000173:GENGAN;40000695:MULOL;40000985:PIENAAR', 8.0]
check 'ORCH201_SEM1_2018' 'ORCH201'
processXLS: only for SEM2 [u'ORCH201_SEM1_2018', u'ORCH201_SEM1_2017', u'ORCH201', u'ORGANIC CHEMISTRY II', u'NDCME2', u'ND: ENGINEERING: CHEMICAL', u'21', u'SEMESTER 1', u'D1', u'Durban Campus Full-time', u'A', u'40008633:MAKHANYA;40000173:GENGAN;40000695:MULOL;40000985:PIENAAR', 8.0]
[u'', u'', u'', u'', u'', u'', u'', u'', u'', u'', u'', u'', u'']
check '' ''
[u'ORCH201_SEM2_2018', u'ORCH201_SEM2_2017', u'ORCH201', u'ORGANIC CHEMISTRY II', u'NDACH2', u'ND: ANALYTICAL CHEMISTRY', u'22', u'SEMESTER 2', u'D1', u'Durban Campus Full-time', u'A', u'40008633:MAKHANYA;40000173:GENGAN;40000695:MULOL;40000985:PIENAAR', 66.0]
check 'ORCH201_SEM2_2018' 'ORCH201'
adding  ORCH201
requesting:  http://10.0.100.98:8000/bbinfo/matching_courses/ORCH201%25
r= <Response [200]>
matching classes= set([u'ORCH201_SEM1_2018', u'ORCH201_13_CHED', u'ORCH201_SEM2_2018', u'ORCH201_15_MAKT', u'ORCH201_SEM2_2016', u'ORCH201_SEM2_2017', u'ORCH201_SEM1_2017'])
[u'ORCH201_SEM2_2018', u'ORCH201_SEM2_2017', u'ORCH201', u'ORGANIC CHEMISTRY II', u'NDCME2', u'ND: ENGINEERING: CHEMICAL', u'22', u'SEMESTER 2', u'D1', u'Durban Campus Full-time', u'A', u'40008633:MAKHANYA;40000173:GENGAN;40000695:MULOL;40000985:PIENAAR', 68.0]
check 'ORCH201_SEM2_2018' 'ORCH201'
adding  ORCH201
requesting:  http://10.0.100.98:8000/bbinfo/matching_courses/ORCH201%25
r= <Response [200]>
matching classes= set([u'ORCH201_SEM1_2018', u'ORCH201_13_CHED', u'ORCH201_SEM2_2018', u'ORCH201_15_MAKT', u'ORCH201_SEM2_2016', u'ORCH201_SEM2_2017', u'ORCH201_SEM1_2017'])
[u'ORCH201_SEM2_2018', u'ORCH201_SEM2_2017', u'ORCH201', u'ORGANIC CHEMISTRY II', u'NODIP4', u'NON-DIPLOMA PURPOSE (ENG & BE)', u'22', u'SEMESTER 2', u'D7', u'DBN FULL-TIME NON-SUBSIDISED', u'A', u'40008633:MAKHANYA;40000173:GENGAN;40000695:MULOL;40000985:PIENAAR', 2.0]
check 'ORCH201_SEM2_2018' 'ORCH201'
adding  ORCH201
requesting:  http://10.0.100.98:8000/bbinfo/matching_courses/ORCH201%25
r= <Response [200]>
matching classes= set([u'ORCH201_SEM1_2018', u'ORCH201_13_CHED', u'ORCH201_SEM2_2018', u'ORCH201_15_MAKT', u'ORCH201_SEM2_2016', u'ORCH201_SEM2_2017', u'ORCH201_SEM1_2017'])
[u'', u'', u'', u'', u'', u'', u'', u'', u'', u'', u'', u'', u'']
check '' ''
[u'PCHA201_YEAR_2018', u'PCHA201_YEAR_2017', u'PCHA201', u'PHYSICAL CHEMISTRY II (AUGMENTED)', u'NDANF1', u'ND: ANALYTICAL CHEMISTRY (4 YEARS)', u'11', u'YEAR', u'D1', u'Durban Campus Full-time', u'A', u'40000407:DEENADAYALU', 10.0]
check 'PCHA201_YEAR_2018' 'PCHA201'
processXLS: only for SEM2 [u'PCHA201_YEAR_2018', u'PCHA201_YEAR_2017', u'PCHA201', u'PHYSICAL CHEMISTRY II (AUGMENTED)', u'NDANF1', u'ND: ANALYTICAL CHEMISTRY (4 YEARS)', u'11', u'YEAR', u'D1', u'Durban Campus Full-time', u'A', u'40000407:DEENADAYALU', 10.0]
[u'', u'', u'', u'', u'', u'', u'', u'', u'', u'', u'', u'', u'']
check '' ''
[u'PHCH201_SEM1_2018', u'PHCH201_SEM1_2017', u'PHCH201', u'PHYSICAL CHEMISTRY II', u'NDACH2', u'ND: ANALYTICAL CHEMISTRY', u'21', u'SEMESTER 1', u'D1', u'Durban Campus Full-time', u'A', u'40000306:BISETTY;40011697:KANCHI;40000180:REDHI;40000985:PIENAAR;40000407:DEENADAYALU;40007567:SABELA', 4.0]
check 'PHCH201_SEM1_2018' 'PHCH201'
processXLS: only for SEM2 [u'PHCH201_SEM1_2018', u'PHCH201_SEM1_2017', u'PHCH201', u'PHYSICAL CHEMISTRY II', u'NDACH2', u'ND: ANALYTICAL CHEMISTRY', u'21', u'SEMESTER 1', u'D1', u'Durban Campus Full-time', u'A', u'40000306:BISETTY;40011697:KANCHI;40000180:REDHI;40000985:PIENAAR;40000407:DEENADAYALU;40007567:SABELA', 4.0]
[u'PHCH201_SEM1_2018', u'PHCH201_SEM1_2017', u'PHCH201', u'PHYSICAL CHEMISTRY II', u'NDCME2', u'ND: ENGINEERING: CHEMICAL', u'21', u'SEMESTER 1', u'D1', u'Durban Campus Full-time', u'A', u'40000306:BISETTY;40011697:KANCHI;40000180:REDHI;40000985:PIENAAR;40000407:DEENADAYALU;40007567:SABELA', 2.0]
check 'PHCH201_SEM1_2018' 'PHCH201'
processXLS: only for SEM2 [u'PHCH201_SEM1_2018', u'PHCH201_SEM1_2017', u'PHCH201', u'PHYSICAL CHEMISTRY II', u'NDCME2', u'ND: ENGINEERING: CHEMICAL', u'21', u'SEMESTER 1', u'D1', u'Durban Campus Full-time', u'A', u'40000306:BISETTY;40011697:KANCHI;40000180:REDHI;40000985:PIENAAR;40000407:DEENADAYALU;40007567:SABELA', 2.0]
[u'PHCH201_SEM1_2018', u'PHCH201_SEM1_2017', u'PHCH201', u'PHYSICAL CHEMISTRY II', u'NDPPT2', u'ND:  PULP AND PAPER TECHNOLOGY', u'21', u'SEMESTER 1', u'D1', u'Durban Campus Full-time', u'A', u'40000306:BISETTY;40011697:KANCHI;40000180:REDHI;40000985:PIENAAR;40000407:DEENADAYALU;40007567:SABELA', 2.0]
check 'PHCH201_SEM1_2018' 'PHCH201'
processXLS: only for SEM2 [u'PHCH201_SEM1_2018', u'PHCH201_SEM1_2017', u'PHCH201', u'PHYSICAL CHEMISTRY II', u'NDPPT2', u'ND:  PULP AND PAPER TECHNOLOGY', u'21', u'SEMESTER 1', u'D1', u'Durban Campus Full-time', u'A', u'40000306:BISETTY;40011697:KANCHI;40000180:REDHI;40000985:PIENAAR;40000407:DEENADAYALU;40007567:SABELA', 2.0]
[u'', u'', u'', u'', u'', u'', u'', u'', u'', u'', u'', u'', u'']
check '' ''
[u'PHCH201_SEM2_2018', u'PHCH201_SEM2_2017', u'PHCH201', u'PHYSICAL CHEMISTRY II', u'NDACH2', u'ND: ANALYTICAL CHEMISTRY', u'22', u'SEMESTER 2', u'D1', u'Durban Campus Full-time', u'A', u'40000306:BISETTY;40011697:KANCHI;40000180:REDHI;40000985:PIENAAR;40000407:DEENADAYALU;40007567:SABELA', 57.0]
check 'PHCH201_SEM2_2018' 'PHCH201'
adding  PHCH201
requesting:  http://10.0.100.98:8000/bbinfo/matching_courses/PHCH201%25
r= <Response [200]>
matching classes= set([u'PHCH201_13_CHED', u'PHCH201_SEM2_2017', u'PHCH201_SEM2_2016', u'PHCH201_SEM1_2018', u'PHCH201_14_SABM', u'PHCH201_14_DEEN', u'PHCH201_15_DEEN', u'PHCH201_15_BISK', u'PHCH201_SEM1_2017', u'PHCH201_15_PIED', u'PHCH201_SEM2_2018'])
[u'PHCH201_SEM2_2018', u'PHCH201_SEM2_2017', u'PHCH201', u'PHYSICAL CHEMISTRY II', u'NDCME2', u'ND: ENGINEERING: CHEMICAL', u'22', u'SEMESTER 2', u'D1', u'Durban Campus Full-time', u'A', u'40000306:BISETTY;40011697:KANCHI;40000180:REDHI;40000985:PIENAAR;40000407:DEENADAYALU;40007567:SABELA', 60.0]
check 'PHCH201_SEM2_2018' 'PHCH201'
adding  PHCH201
requesting:  http://10.0.100.98:8000/bbinfo/matching_courses/PHCH201%25
r= <Response [200]>
matching classes= set([u'PHCH201_13_CHED', u'PHCH201_SEM2_2017', u'PHCH201_SEM2_2016', u'PHCH201_SEM1_2018', u'PHCH201_14_SABM', u'PHCH201_14_DEEN', u'PHCH201_15_DEEN', u'PHCH201_15_BISK', u'PHCH201_SEM1_2017', u'PHCH201_15_PIED', u'PHCH201_SEM2_2018'])
[u'PHCH201_SEM2_2018', u'PHCH201_SEM2_2017', u'PHCH201', u'PHYSICAL CHEMISTRY II', u'NDPPT2', u'ND:  PULP AND PAPER TECHNOLOGY', u'22', u'SEMESTER 2', u'D1', u'Durban Campus Full-time', u'A', u'40000306:BISETTY;40011697:KANCHI;40000180:REDHI;40000985:PIENAAR;40000407:DEENADAYALU;40007567:SABELA', 19.0]
check 'PHCH201_SEM2_2018' 'PHCH201'
adding  PHCH201
requesting:  http://10.0.100.98:8000/bbinfo/matching_courses/PHCH201%25
r= <Response [200]>
matching classes= set([u'PHCH201_13_CHED', u'PHCH201_SEM2_2017', u'PHCH201_SEM2_2016', u'PHCH201_SEM1_2018', u'PHCH201_14_SABM', u'PHCH201_14_DEEN', u'PHCH201_15_DEEN', u'PHCH201_15_BISK', u'PHCH201_SEM1_2017', u'PHCH201_15_PIED', u'PHCH201_SEM2_2018'])
[u'', u'', u'', u'', u'', u'', u'', u'', u'', u'', u'', u'', u'']
check '' ''
[u'SCIE201_YEAR_2018', u'SCIE201_YEAR_2017', u'SCIE201', u'SCIENCE II', u'NDSMF1', u'ND: SOMATOLOGY (4 YEARS)', u'11', u'YEAR', u'D1', u'Durban Campus Full-time', u'A', u'40000985:PIENAAR;40007567:SABELA', 12.0]
check 'SCIE201_YEAR_2018' 'SCIE201'
processXLS: only for SEM2 [u'SCIE201_YEAR_2018', u'SCIE201_YEAR_2017', u'SCIE201', u'SCIENCE II', u'NDSMF1', u'ND: SOMATOLOGY (4 YEARS)', u'11', u'YEAR', u'D1', u'Durban Campus Full-time', u'A', u'40000985:PIENAAR;40007567:SABELA', 12.0]
[u'SCIE201_YEAR_2018', u'SCIE201_YEAR_2017', u'SCIE201', u'SCIENCE II', u'NDSOM1', u'ND: SOMATOLOGY', u'11', u'YEAR', u'D1', u'Durban Campus Full-time', u'A', u'40000985:PIENAAR;40007567:SABELA', 39.0]
check 'SCIE201_YEAR_2018' 'SCIE201'
processXLS: only for SEM2 [u'SCIE201_YEAR_2018', u'SCIE201_YEAR_2017', u'SCIE201', u'SCIENCE II', u'NDSOM1', u'ND: SOMATOLOGY', u'11', u'YEAR', u'D1', u'Durban Campus Full-time', u'A', u'40000985:PIENAAR;40007567:SABELA', 39.0]
[u'', u'', u'', u'', u'', u'', u'', u'', u'', u'', u'', u'', u'']
check '' ''
[u'TXSC211_SEM2_2018', u'TXSC211_SEM2_2017', u'TXSC211', u'TEXTILE SCIENCE II (MODULE 1)', u'NDTTF1', u'ND: TEXTILE TECHNOLOGY (4 YEARS)', u'22', u'SEMESTER 2', u'D1', u'Durban Campus Full-time', u'A', u'40000149:PAUL;40000985:PIENAAR', 6.0]
check 'TXSC211_SEM2_2018' 'TXSC211'
adding  TXSC211
requesting:  http://10.0.100.98:8000/bbinfo/matching_courses/TXSC211%25
r= <Response [200]>
matching classes= set([u'TXSC211_SEM2_2017', u'TXSC211_13_MADL', u'TXSC211_15_PIED', u'TXSC211_SEM2_2018', u'TXSC211_SEM2_2016'])
[u'TXSC211_SEM2_2018', u'TXSC211_SEM2_2017', u'TXSC211', u'TEXTILE SCIENCE II (MODULE 1)', u'NDTXT2', u'ND: TEXTILE TECHNOLOGY', u'22', u'SEMESTER 2', u'D1', u'Durban Campus Full-time', u'A', u'40000149:PAUL;40000985:PIENAAR', 23.0]
check 'TXSC211_SEM2_2018' 'TXSC211'
adding  TXSC211
requesting:  http://10.0.100.98:8000/bbinfo/matching_courses/TXSC211%25
r= <Response [200]>
matching classes= set([u'TXSC211_SEM2_2017', u'TXSC211_13_MADL', u'TXSC211_15_PIED', u'TXSC211_SEM2_2018', u'TXSC211_SEM2_2016'])
[u'', u'', u'', u'', u'', u'', u'', u'', u'', u'', u'', u'', u'']
check '' ''
[u'ACHM313_SEM2_2018', u'ACHM313_SEM2_2017', u'ACHM313', u'ANALYTICAL CHEMISTRY III (MODULE 1)', u'NDACH2', u'ND: ANALYTICAL CHEMISTRY', u'22', u'SEMESTER 2', u'D1', u'Durban Campus Full-time', u'A', u'50051516:MABASO;40000985:PIENAAR;50050759:RAMLUCKAN', 86.0]
check 'ACHM313_SEM2_2018' 'ACHM313'
adding  ACHM313
requesting:  http://10.0.100.98:8000/bbinfo/matching_courses/ACHM313%25
r= <Response [200]>
matching classes= set([u'ACHM313_13_MABM', u'ACHM313_14_PIED', u'ACHM313_SEM2_2016', u'ACHM313_SEM2_2017', u'ACHM313_SEM2_2018'])
[u'ACHM313_SEM2_2018', u'ACHM313_SEM2_2017', u'ACHM313', u'ANALYTICAL CHEMISTRY III (MODULE 1)', u'NDANF1', u'ND: ANALYTICAL CHEMISTRY (4 YEARS)', u'22', u'SEMESTER 2', u'D1', u'Durban Campus Full-time', u'A', u'50051516:MABASO;40000985:PIENAAR;50050759:RAMLUCKAN', 9.0]
check 'ACHM313_SEM2_2018' 'ACHM313'
adding  ACHM313
requesting:  http://10.0.100.98:8000/bbinfo/matching_courses/ACHM313%25
r= <Response [200]>
matching classes= set([u'ACHM313_13_MABM', u'ACHM313_14_PIED', u'ACHM313_SEM2_2016', u'ACHM313_SEM2_2017', u'ACHM313_SEM2_2018'])
[u'', u'', u'', u'', u'', u'', u'', u'', u'', u'', u'', u'', u'']
check '' ''
[u'ACHM323_SEM2_2018', u'ACHM323_SEM2_2017', u'ACHM323', u'ANALYTICAL CHEMISTRY III (MODULE 2)', u'NDACH2', u'ND: ANALYTICAL CHEMISTRY', u'22', u'SEMESTER 2', u'D1', u'Durban Campus Full-time', u'A', u'40000180:REDHI;40004790:MADIKIZELA;40000985:PIENAAR;40013383:MAHLAMBI', 82.0]
check 'ACHM323_SEM2_2018' 'ACHM323'
adding  ACHM323
requesting:  http://10.0.100.98:8000/bbinfo/matching_courses/ACHM323%25
r= <Response [200]>
matching classes= set([u'ACHM323_13_REDG', u'ACHM323_SEM2_2018', u'ACHM323_14_PIED', u'ACHM323_SEM2_2016', u'ACHM323_SEM2_2017'])
[u'ACHM323_SEM2_2018', u'ACHM323_SEM2_2017', u'ACHM323', u'ANALYTICAL CHEMISTRY III (MODULE 2)', u'NDANF1', u'ND: ANALYTICAL CHEMISTRY (4 YEARS)', u'22', u'SEMESTER 2', u'D1', u'Durban Campus Full-time', u'A', u'40000180:REDHI;40004790:MADIKIZELA;40000985:PIENAAR;40013383:MAHLAMBI', 8.0]
check 'ACHM323_SEM2_2018' 'ACHM323'
adding  ACHM323
requesting:  http://10.0.100.98:8000/bbinfo/matching_courses/ACHM323%25
r= <Response [200]>
matching classes= set([u'ACHM323_13_REDG', u'ACHM323_SEM2_2018', u'ACHM323_14_PIED', u'ACHM323_SEM2_2016', u'ACHM323_SEM2_2017'])
[u'', u'', u'', u'', u'', u'', u'', u'', u'', u'', u'', u'', u'']
check '' ''
[u'ACPR312_SEM2_2018', u'ACPR312_SEM2_2017', u'ACPR312', u'ANALYTICAL CHEMISTRY:PRACTICAL III (MODULE 1)', u'NDACH2', u'ND: ANALYTICAL CHEMISTRY', u'22', u'SEMESTER 2', u'D1', u'Durban Campus Full-time', u'A', u'50050759:RAMLUCKAN', 80.0]
check 'ACPR312_SEM2_2018' 'ACPR312'
adding  ACPR312
requesting:  http://10.0.100.98:8000/bbinfo/matching_courses/ACPR312%25
r= <Response [200]>
matching classes= set([u'ACPR312_SEM2_2018', u'ACPR312_13_CHED', u'ACPR312_SEM2_2017', u'ACPR312_14_PIED', u'ACPR312_SEM2_2016'])
[u'ACPR312_SEM2_2018', u'ACPR312_SEM2_2017', u'ACPR312', u'ANALYTICAL CHEMISTRY:PRACTICAL III (MODULE 1)', u'NDANF1', u'ND: ANALYTICAL CHEMISTRY (4 YEARS)', u'22', u'SEMESTER 2', u'D1', u'Durban Campus Full-time', u'A', u'50050759:RAMLUCKAN', 8.0]
check 'ACPR312_SEM2_2018' 'ACPR312'
adding  ACPR312
requesting:  http://10.0.100.98:8000/bbinfo/matching_courses/ACPR312%25
r= <Response [200]>
matching classes= set([u'ACPR312_SEM2_2018', u'ACPR312_13_CHED', u'ACPR312_SEM2_2017', u'ACPR312_14_PIED', u'ACPR312_SEM2_2016'])
[u'', u'', u'', u'', u'', u'', u'', u'', u'', u'', u'', u'', u'']
check '' ''
[u'ACPR322_SEM2_2018', u'ACPR322_SEM2_2017', u'ACPR322', u'ANALYTICAL CHEMISTRY:PRACTICAL III (MODULE 2)', u'NDACH2', u'ND: ANALYTICAL CHEMISTRY', u'22', u'SEMESTER 2', u'D1', u'Durban Campus Full-time', u'A', u'40000180:REDHI;40000985:PIENAAR', 80.0]
check 'ACPR322_SEM2_2018' 'ACPR322'
adding  ACPR322
requesting:  http://10.0.100.98:8000/bbinfo/matching_courses/ACPR322%25
r= <Response [200]>
matching classes= set([u'ACPR322_13_CHED', u'ACPR322_SEM2_2017', u'ACPR322_SEM2_2018', u'ACPR322_SEM2_2016', u'ACPR322_14_PIED'])
[u'ACPR322_SEM2_2018', u'ACPR322_SEM2_2017', u'ACPR322', u'ANALYTICAL CHEMISTRY:PRACTICAL III (MODULE 2)', u'NDANF1', u'ND: ANALYTICAL CHEMISTRY (4 YEARS)', u'22', u'SEMESTER 2', u'D1', u'Durban Campus Full-time', u'A', u'40000180:REDHI;40000985:PIENAAR', 8.0]
check 'ACPR322_SEM2_2018' 'ACPR322'
adding  ACPR322
requesting:  http://10.0.100.98:8000/bbinfo/matching_courses/ACPR322%25
r= <Response [200]>
matching classes= set([u'ACPR322_13_CHED', u'ACPR322_SEM2_2017', u'ACPR322_SEM2_2018', u'ACPR322_SEM2_2016', u'ACPR322_14_PIED'])
[u'', u'', u'', u'', u'', u'', u'', u'', u'', u'', u'', u'', u'']
check '' ''
[u'CMPJ301_SEM1_2018', u'CMPJ301_SEM1_2017', u'CMPJ301', u'CHEMISTRY PROJECT III', u'NDACH2', u'ND: ANALYTICAL CHEMISTRY', u'21', u'SEMESTER 1', u'D1', u'Durban Campus Full-time', u'A', u'40007585:SOBANTU;50050759:RAMLUCKAN', 6.0]
check 'CMPJ301_SEM1_2018' 'CMPJ301'
processXLS: only for SEM2 [u'CMPJ301_SEM1_2018', u'CMPJ301_SEM1_2017', u'CMPJ301', u'CHEMISTRY PROJECT III', u'NDACH2', u'ND: ANALYTICAL CHEMISTRY', u'21', u'SEMESTER 1', u'D1', u'Durban Campus Full-time', u'A', u'40007585:SOBANTU;50050759:RAMLUCKAN', 6.0]
[u'', u'', u'', u'', u'', u'', u'', u'', u'', u'', u'', u'', u'']
check '' ''
[u'CMPJ301_SEM2_2018', u'CMPJ301_SEM2_2017', u'CMPJ301', u'CHEMISTRY PROJECT III', u'NDACH2', u'ND: ANALYTICAL CHEMISTRY', u'22', u'SEMESTER 2', u'D1', u'Durban Campus Full-time', u'A', u'40007585:SOBANTU;50050759:RAMLUCKAN', 49.0]
check 'CMPJ301_SEM2_2018' 'CMPJ301'
adding  CMPJ301
requesting:  http://10.0.100.98:8000/bbinfo/matching_courses/CMPJ301%25
r= <Response [200]>
matching classes= set([u'CMPJ301_SEM1_2017', u'CMPJ301_SEM2_2017', u'CMPJ301_SEM2_2018', u'CMPJ301_SEM1_2018', u'CMPJ301_ALL_2016', u'CMPJ301_13_SOBP'])
[u'CMPJ301_SEM2_2018', u'CMPJ301_SEM2_2017', u'CMPJ301', u'CHEMISTRY PROJECT III', u'NDANF1', u'ND: ANALYTICAL CHEMISTRY (4 YEARS)', u'22', u'SEMESTER 2', u'D1', u'Durban Campus Full-time', u'A', u'40007585:SOBANTU;50050759:RAMLUCKAN', 2.0]
check 'CMPJ301_SEM2_2018' 'CMPJ301'
adding  CMPJ301
requesting:  http://10.0.100.98:8000/bbinfo/matching_courses/CMPJ301%25
r= <Response [200]>
matching classes= set([u'CMPJ301_SEM1_2017', u'CMPJ301_SEM2_2017', u'CMPJ301_SEM2_2018', u'CMPJ301_SEM1_2018', u'CMPJ301_ALL_2016', u'CMPJ301_13_SOBP'])
[u'', u'', u'', u'', u'', u'', u'', u'', u'', u'', u'', u'', u'']
check '' ''
[u'INCH301_SEM1_2018', u'INCH301_SEM1_2017', u'INCH301', u'INORGANIC CHEMISTRY III', u'NDACH2', u'ND: ANALYTICAL CHEMISTRY', u'21', u'SEMESTER 1', u'D1', u'Durban Campus Full-time', u'A', u'40007585:SOBANTU;50051516:MABASO;40000149:PAUL;40000985:PIENAAR', 85.0]
check 'INCH301_SEM1_2018' 'INCH301'
processXLS: only for SEM2 [u'INCH301_SEM1_2018', u'INCH301_SEM1_2017', u'INCH301', u'INORGANIC CHEMISTRY III', u'NDACH2', u'ND: ANALYTICAL CHEMISTRY', u'21', u'SEMESTER 1', u'D1', u'Durban Campus Full-time', u'A', u'40007585:SOBANTU;50051516:MABASO;40000149:PAUL;40000985:PIENAAR', 85.0]
[u'INCH301_SEM1_2018', u'INCH301_SEM1_2017', u'INCH301', u'INORGANIC CHEMISTRY III', u'NDANF1', u'ND: ANALYTICAL CHEMISTRY (4 YEARS)', u'21', u'SEMESTER 1', u'D1', u'Durban Campus Full-time', u'A', u'40007585:SOBANTU;50051516:MABASO;40000149:PAUL;40000985:PIENAAR', 12.0]
check 'INCH301_SEM1_2018' 'INCH301'
processXLS: only for SEM2 [u'INCH301_SEM1_2018', u'INCH301_SEM1_2017', u'INCH301', u'INORGANIC CHEMISTRY III', u'NDANF1', u'ND: ANALYTICAL CHEMISTRY (4 YEARS)', u'21', u'SEMESTER 1', u'D1', u'Durban Campus Full-time', u'A', u'40007585:SOBANTU;50051516:MABASO;40000149:PAUL;40000985:PIENAAR', 12.0]
[u'', u'', u'', u'', u'', u'', u'', u'', u'', u'', u'', u'', u'']
check '' ''
[u'ORCH302_SEM1_2018', u'ORCH302_SEM1_2017', u'ORCH302', u'ORGANIC CHEMISTRY III', u'NDACH2', u'ND: ANALYTICAL CHEMISTRY', u'21', u'SEMESTER 1', u'D1', u'Durban Campus Full-time', u'A', u'40000173:GENGAN;40000985:PIENAAR', 87.0]
check 'ORCH302_SEM1_2018' 'ORCH302'
processXLS: only for SEM2 [u'ORCH302_SEM1_2018', u'ORCH302_SEM1_2017', u'ORCH302', u'ORGANIC CHEMISTRY III', u'NDACH2', u'ND: ANALYTICAL CHEMISTRY', u'21', u'SEMESTER 1', u'D1', u'Durban Campus Full-time', u'A', u'40000173:GENGAN;40000985:PIENAAR', 87.0]
[u'ORCH302_SEM1_2018', u'ORCH302_SEM1_2017', u'ORCH302', u'ORGANIC CHEMISTRY III', u'NDANF1', u'ND: ANALYTICAL CHEMISTRY (4 YEARS)', u'21', u'SEMESTER 1', u'D1', u'Durban Campus Full-time', u'A', u'40000173:GENGAN;40000985:PIENAAR', 13.0]
check 'ORCH302_SEM1_2018' 'ORCH302'
processXLS: only for SEM2 [u'ORCH302_SEM1_2018', u'ORCH302_SEM1_2017', u'ORCH302', u'ORGANIC CHEMISTRY III', u'NDANF1', u'ND: ANALYTICAL CHEMISTRY (4 YEARS)', u'21', u'SEMESTER 1', u'D1', u'Durban Campus Full-time', u'A', u'40000173:GENGAN;40000985:PIENAAR', 13.0]
[u'', u'', u'', u'', u'', u'', u'', u'', u'', u'', u'', u'', u'']
check '' ''
[u'PHCH301_SEM1_2018', u'PHCH301_SEM1_2017', u'PHCH301', u'PHYSICAL CHEMISTRY III', u'NDACH2', u'ND: ANALYTICAL CHEMISTRY', u'21', u'SEMESTER 1', u'D1', u'Durban Campus Full-time', u'A', u'40000180:REDHI;40000985:PIENAAR', 80.0]
check 'PHCH301_SEM1_2018' 'PHCH301'
processXLS: only for SEM2 [u'PHCH301_SEM1_2018', u'PHCH301_SEM1_2017', u'PHCH301', u'PHYSICAL CHEMISTRY III', u'NDACH2', u'ND: ANALYTICAL CHEMISTRY', u'21', u'SEMESTER 1', u'D1', u'Durban Campus Full-time', u'A', u'40000180:REDHI;40000985:PIENAAR', 80.0]
[u'PHCH301_SEM1_2018', u'PHCH301_SEM1_2017', u'PHCH301', u'PHYSICAL CHEMISTRY III', u'NDANF1', u'ND: ANALYTICAL CHEMISTRY (4 YEARS)', u'21', u'SEMESTER 1', u'D1', u'Durban Campus Full-time', u'A', u'40000180:REDHI;40000985:PIENAAR', 11.0]
check 'PHCH301_SEM1_2018' 'PHCH301'
processXLS: only for SEM2 [u'PHCH301_SEM1_2018', u'PHCH301_SEM1_2017', u'PHCH301', u'PHYSICAL CHEMISTRY III', u'NDANF1', u'ND: ANALYTICAL CHEMISTRY (4 YEARS)', u'21', u'SEMESTER 1', u'D1', u'Durban Campus Full-time', u'A', u'40000180:REDHI;40000985:PIENAAR', 11.0]
[u'', u'', u'', u'', u'', u'', u'', u'', u'', u'', u'', u'', u'']
check '' ''
[u'ACHM412_SEM1_2018', u'ACHM412_SEM1_2017', u'ACHM412', u'ANALYTICAL CHEMISTRY IV (MODULE 1)', u'BTCHM1', u'BT: CHEMISTRY', u'21', u'SEMESTER 1', u'D1', u'Durban Campus Full-time', u'A', u'40000306:BISETTY;40000985:PIENAAR;40011999:MDLULI;50050759:RAMLUCKAN', 25.0]
check 'ACHM412_SEM1_2018' 'ACHM412'
processXLS: only for SEM2 [u'ACHM412_SEM1_2018', u'ACHM412_SEM1_2017', u'ACHM412', u'ANALYTICAL CHEMISTRY IV (MODULE 1)', u'BTCHM1', u'BT: CHEMISTRY', u'21', u'SEMESTER 1', u'D1', u'Durban Campus Full-time', u'A', u'40000306:BISETTY;40000985:PIENAAR;40011999:MDLULI;50050759:RAMLUCKAN', 25.0]
[u'ACHM412_SEM1_2018', u'ACHM412_SEM1_2017', u'ACHM412', u'ANALYTICAL CHEMISTRY IV (MODULE 1)', u'BTCHM1', u'BT: CHEMISTRY', u'21', u'SEMESTER 1', u'D3', u'Durban Campus Part-time', u'A', u'40000306:BISETTY;40000985:PIENAAR;40011999:MDLULI;50050759:RAMLUCKAN', 14.0]
check 'ACHM412_SEM1_2018' 'ACHM412'
processXLS: only for SEM2 [u'ACHM412_SEM1_2018', u'ACHM412_SEM1_2017', u'ACHM412', u'ANALYTICAL CHEMISTRY IV (MODULE 1)', u'BTCHM1', u'BT: CHEMISTRY', u'21', u'SEMESTER 1', u'D3', u'Durban Campus Part-time', u'A', u'40000306:BISETTY;40000985:PIENAAR;40011999:MDLULI;50050759:RAMLUCKAN', 14.0]
[u'', u'', u'', u'', u'', u'', u'', u'', u'', u'', u'', u'', u'']
check '' ''
[u'ACHM422_SEM2_2018', u'ACHM422_SEM2_2017', u'ACHM422', u'ANALYTICAL CHEMISTRY IV (MODULE 2)', u'BTCHM1', u'BT: CHEMISTRY', u'22', u'SEMESTER 2', u'D1', u'Durban Campus Full-time', u'A', u'40000306:BISETTY;40000985:PIENAAR;40011999:MDLULI;50050759:RAMLUCKAN', 23.0]
check 'ACHM422_SEM2_2018' 'ACHM422'
adding  ACHM422
requesting:  http://10.0.100.98:8000/bbinfo/matching_courses/ACHM422%25
r= <Response [200]>
matching classes= set([u'ACHM422_SEM2_2016', u'ACHM422_SEM2_2017', u'ACHM422_15_PIED', u'ACHM422_13_CHED', u'ACHM422_SEM2_2018'])
[u'ACHM422_SEM2_2018', u'ACHM422_SEM2_2017', u'ACHM422', u'ANALYTICAL CHEMISTRY IV (MODULE 2)', u'BTCHM1', u'BT: CHEMISTRY', u'22', u'SEMESTER 2', u'D3', u'Durban Campus Part-time', u'A', u'40000306:BISETTY;40000985:PIENAAR;40011999:MDLULI;50050759:RAMLUCKAN', 16.0]
check 'ACHM422_SEM2_2018' 'ACHM422'
adding  ACHM422
requesting:  http://10.0.100.98:8000/bbinfo/matching_courses/ACHM422%25
r= <Response [200]>
matching classes= set([u'ACHM422_SEM2_2016', u'ACHM422_SEM2_2017', u'ACHM422_15_PIED', u'ACHM422_13_CHED', u'ACHM422_SEM2_2018'])
[u'', u'', u'', u'', u'', u'', u'', u'', u'', u'', u'', u'', u'']
check '' ''
[u'CPRJ412_SEM1_2018', u'CPRJ412_SEM1_2017', u'CPRJ412', u'CHEMISTRY PROJECT IV (MODULE 1)', u'BTCHM1', u'BT: CHEMISTRY', u'21', u'SEMESTER 1', u'D1', u'Durban Campus Full-time', u'A', u'40000306:BISETTY;40000173:GENGAN;40000985:PIENAAR', 24.0]
check 'CPRJ412_SEM1_2018' 'CPRJ412'
processXLS: only for SEM2 [u'CPRJ412_SEM1_2018', u'CPRJ412_SEM1_2017', u'CPRJ412', u'CHEMISTRY PROJECT IV (MODULE 1)', u'BTCHM1', u'BT: CHEMISTRY', u'21', u'SEMESTER 1', u'D1', u'Durban Campus Full-time', u'A', u'40000306:BISETTY;40000173:GENGAN;40000985:PIENAAR', 24.0]
[u'CPRJ412_SEM1_2018', u'CPRJ412_SEM1_2017', u'CPRJ412', u'CHEMISTRY PROJECT IV (MODULE 1)', u'BTCHM1', u'BT: CHEMISTRY', u'21', u'SEMESTER 1', u'D3', u'Durban Campus Part-time', u'A', u'40000306:BISETTY;40000173:GENGAN;40000985:PIENAAR', 15.0]
check 'CPRJ412_SEM1_2018' 'CPRJ412'
processXLS: only for SEM2 [u'CPRJ412_SEM1_2018', u'CPRJ412_SEM1_2017', u'CPRJ412', u'CHEMISTRY PROJECT IV (MODULE 1)', u'BTCHM1', u'BT: CHEMISTRY', u'21', u'SEMESTER 1', u'D3', u'Durban Campus Part-time', u'A', u'40000306:BISETTY;40000173:GENGAN;40000985:PIENAAR', 15.0]
[u'', u'', u'', u'', u'', u'', u'', u'', u'', u'', u'', u'', u'']
check '' ''
[u'CPRJ422_SEM1_2018', u'CPRJ422_SEM1_2017', u'CPRJ422', u'CHEMISTRY PROJECT IV (MODULE 2)', u'BTCHM1', u'BT: CHEMISTRY', u'21', u'SEMESTER 1', u'D1', u'Durban Campus Full-time', u'A', u'40000173:GENGAN;40000985:PIENAAR', 3.0]
check 'CPRJ422_SEM1_2018' 'CPRJ422'
processXLS: only for SEM2 [u'CPRJ422_SEM1_2018', u'CPRJ422_SEM1_2017', u'CPRJ422', u'CHEMISTRY PROJECT IV (MODULE 2)', u'BTCHM1', u'BT: CHEMISTRY', u'21', u'SEMESTER 1', u'D1', u'Durban Campus Full-time', u'A', u'40000173:GENGAN;40000985:PIENAAR', 3.0]
[u'CPRJ422_SEM1_2018', u'CPRJ422_SEM1_2017', u'CPRJ422', u'CHEMISTRY PROJECT IV (MODULE 2)', u'BTCHM1', u'BT: CHEMISTRY', u'21', u'SEMESTER 1', u'D3', u'Durban Campus Part-time', u'A', u'40000173:GENGAN;40000985:PIENAAR', 1.0]
check 'CPRJ422_SEM1_2018' 'CPRJ422'
processXLS: only for SEM2 [u'CPRJ422_SEM1_2018', u'CPRJ422_SEM1_2017', u'CPRJ422', u'CHEMISTRY PROJECT IV (MODULE 2)', u'BTCHM1', u'BT: CHEMISTRY', u'21', u'SEMESTER 1', u'D3', u'Durban Campus Part-time', u'A', u'40000173:GENGAN;40000985:PIENAAR', 1.0]
[u'', u'', u'', u'', u'', u'', u'', u'', u'', u'', u'', u'', u'']
check '' ''
[u'CPRJ422_SEM2_2018', u'CPRJ422_SEM2_2017', u'CPRJ422', u'CHEMISTRY PROJECT IV (MODULE 2)', u'BTCHM1', u'BT: CHEMISTRY', u'22', u'SEMESTER 2', u'D1', u'Durban Campus Full-time', u'A', u'40000173:GENGAN;40000985:PIENAAR', 24.0]
check 'CPRJ422_SEM2_2018' 'CPRJ422'
adding  CPRJ422
requesting:  http://10.0.100.98:8000/bbinfo/matching_courses/CPRJ422%25
r= <Response [200]>
matching classes= set([u'CPRJ422_13_GENR', u'CPRJ422_ALL_2016', u'CPRJ422_SEM1_2017', u'CPRJ422_SEM2_2017', u'CPRJ422_SEM2_2018', u'CPRJ422_SEM1_2018'])
[u'CPRJ422_SEM2_2018', u'CPRJ422_SEM2_2017', u'CPRJ422', u'CHEMISTRY PROJECT IV (MODULE 2)', u'BTCHM1', u'BT: CHEMISTRY', u'22', u'SEMESTER 2', u'D3', u'Durban Campus Part-time', u'A', u'40000173:GENGAN;40000985:PIENAAR', 14.0]
check 'CPRJ422_SEM2_2018' 'CPRJ422'
adding  CPRJ422
requesting:  http://10.0.100.98:8000/bbinfo/matching_courses/CPRJ422%25
r= <Response [200]>
matching classes= set([u'CPRJ422_13_GENR', u'CPRJ422_ALL_2016', u'CPRJ422_SEM1_2017', u'CPRJ422_SEM2_2017', u'CPRJ422_SEM2_2018', u'CPRJ422_SEM1_2018'])
[u'', u'', u'', u'', u'', u'', u'', u'', u'', u'', u'', u'', u'']
check '' ''
[u'INCH411_SEM1_2018', u'INCH411_SEM1_2017', u'INCH411', u'INORGANIC CHEMISTRY IV (MODULE 1)', u'BTCHM1', u'BT: CHEMISTRY', u'21', u'SEMESTER 1', u'D1', u'Durban Campus Full-time', u'A', u'50051516:MABASO;40000985:PIENAAR', 21.0]
check 'INCH411_SEM1_2018' 'INCH411'
processXLS: only for SEM2 [u'INCH411_SEM1_2018', u'INCH411_SEM1_2017', u'INCH411', u'INORGANIC CHEMISTRY IV (MODULE 1)', u'BTCHM1', u'BT: CHEMISTRY', u'21', u'SEMESTER 1', u'D1', u'Durban Campus Full-time', u'A', u'50051516:MABASO;40000985:PIENAAR', 21.0]
[u'', u'', u'', u'', u'', u'', u'', u'', u'', u'', u'', u'', u'']
check '' ''
[u'INCH421_SEM1_2018', u'INCH421_SEM1_2017', u'INCH421', u'INORGANIC CHEMISTRY IV (MODULE 2)', u'BTCHM1', u'BT: CHEMISTRY', u'21', u'SEMESTER 1', u'D1', u'Durban Campus Full-time', u'A', u'50051516:MABASO;40000985:PIENAAR', 21.0]
check 'INCH421_SEM1_2018' 'INCH421'
processXLS: only for SEM2 [u'INCH421_SEM1_2018', u'INCH421_SEM1_2017', u'INCH421', u'INORGANIC CHEMISTRY IV (MODULE 2)', u'BTCHM1', u'BT: CHEMISTRY', u'21', u'SEMESTER 1', u'D1', u'Durban Campus Full-time', u'A', u'50051516:MABASO;40000985:PIENAAR', 21.0]
[u'', u'', u'', u'', u'', u'', u'', u'', u'', u'', u'', u'', u'']
check '' ''
[u'ORCH411_SEM1_2018', u'ORCH411_SEM1_2017', u'ORCH411', u'ORGANIC CHEMISTRY IV (MODULE 1)', u'BTCHM1', u'BT: CHEMISTRY', u'21', u'SEMESTER 1', u'D1', u'Durban Campus Full-time', u'A', u'40008633:MAKHANYA;40000173:GENGAN;40000985:PIENAAR', 21.0]
check 'ORCH411_SEM1_2018' 'ORCH411'
processXLS: only for SEM2 [u'ORCH411_SEM1_2018', u'ORCH411_SEM1_2017', u'ORCH411', u'ORGANIC CHEMISTRY IV (MODULE 1)', u'BTCHM1', u'BT: CHEMISTRY', u'21', u'SEMESTER 1', u'D1', u'Durban Campus Full-time', u'A', u'40008633:MAKHANYA;40000173:GENGAN;40000985:PIENAAR', 21.0]
[u'', u'', u'', u'', u'', u'', u'', u'', u'', u'', u'', u'', u'']
check '' ''
[u'ORCH421_SEM1_2018', u'ORCH421_SEM1_2017', u'ORCH421', u'ORGANIC CHEMISTRY IV (MODULE 2)', u'BTCHM1', u'BT: CHEMISTRY', u'21', u'SEMESTER 1', u'D1', u'Durban Campus Full-time', u'A', u'40000173:GENGAN;40000985:PIENAAR', 22.0]
check 'ORCH421_SEM1_2018' 'ORCH421'
processXLS: only for SEM2 [u'ORCH421_SEM1_2018', u'ORCH421_SEM1_2017', u'ORCH421', u'ORGANIC CHEMISTRY IV (MODULE 2)', u'BTCHM1', u'BT: CHEMISTRY', u'21', u'SEMESTER 1', u'D1', u'Durban Campus Full-time', u'A', u'40000173:GENGAN;40000985:PIENAAR', 22.0]
[u'', u'', u'', u'', u'', u'', u'', u'', u'', u'', u'', u'', u'']
check '' ''
[u'PHCH411_SEM1_2018', u'PHCH411_SEM1_2017', u'PHCH411', u'PHYSICAL CHEMISTRY IV (MODULE 1)', u'BTCHM1', u'BT: CHEMISTRY', u'21', u'SEMESTER 1', u'D1', u'Durban Campus Full-time', u'A', u'40000407:DEENADAYALU', 22.0]
check 'PHCH411_SEM1_2018' 'PHCH411'
processXLS: only for SEM2 [u'PHCH411_SEM1_2018', u'PHCH411_SEM1_2017', u'PHCH411', u'PHYSICAL CHEMISTRY IV (MODULE 1)', u'BTCHM1', u'BT: CHEMISTRY', u'21', u'SEMESTER 1', u'D1', u'Durban Campus Full-time', u'A', u'40000407:DEENADAYALU', 22.0]
[u'', u'', u'', u'', u'', u'', u'', u'', u'', u'', u'', u'', u'']
check '' ''
[u'PHCH421_SEM1_2018', u'PHCH421_SEM1_2017', u'PHCH421', u'PHYSICAL CHEMISTRY IV (MODULE 2)', u'BTCHM1', u'BT: CHEMISTRY', u'21', u'SEMESTER 1', u'D1', u'Durban Campus Full-time', u'A', u'40000180:REDHI', 22.0]
check 'PHCH421_SEM1_2018' 'PHCH421'
processXLS: only for SEM2 [u'PHCH421_SEM1_2018', u'PHCH421_SEM1_2017', u'PHCH421', u'PHYSICAL CHEMISTRY IV (MODULE 2)', u'BTCHM1', u'BT: CHEMISTRY', u'21', u'SEMESTER 1', u'D1', u'Durban Campus Full-time', u'A', u'40000180:REDHI', 22.0]
[u'', u'', u'', u'', u'', u'', u'', u'', u'', u'', u'', u'', u'']
check '' ''
[u'RPSC501_YEAR_2018', u'RPSC501_YEAR_2017', u'RPSC501', u'RESEARCH THESIS FULL REGISTRATION', u'MSCMS1', u'MASTER OF APPLIED SCIENCE IN CHEMISTRY', u'11', u'YEAR', u'D1', u'Durban Campus Full-time', u'A', u'40000407:DEENADAYALU; 40000180:REDHI', 4.0]
check 'RPSC501_YEAR_2018' 'RPSC501'
processXLS: only for SEM2 [u'RPSC501_YEAR_2018', u'RPSC501_YEAR_2017', u'RPSC501', u'RESEARCH THESIS FULL REGISTRATION', u'MSCMS1', u'MASTER OF APPLIED SCIENCE IN CHEMISTRY', u'11', u'YEAR', u'D1', u'Durban Campus Full-time', u'A', u'40000407:DEENADAYALU; 40000180:REDHI', 4.0]
[u'RPSC501_YEAR_2018', u'RPSC501_YEAR_2017', u'RPSC501', u'RESEARCH THESIS FULL REGISTRATION', u'MNCHM1', u'MASTER OF ENGINEERING (CHEMICAL)', u'P0', u'POST-GRAD ANNUAL REGISTRATIONS', u'D1', u'Durban Campus Full-time', u'A', u'40000180:REDHI', 1.0]
check 'RPSC501_YEAR_2018' 'RPSC501'
processXLS: only for SEM2 [u'RPSC501_YEAR_2018', u'RPSC501_YEAR_2017', u'RPSC501', u'RESEARCH THESIS FULL REGISTRATION', u'MNCHM1', u'MASTER OF ENGINEERING (CHEMICAL)', u'P0', u'POST-GRAD ANNUAL REGISTRATIONS', u'D1', u'Durban Campus Full-time', u'A', u'40000180:REDHI', 1.0]
[u'RPSC501_YEAR_2018', u'RPSC501_YEAR_2017', u'RPSC501', u'RESEARCH THESIS FULL REGISTRATION', u'MSCMS1', u'MASTER OF APPLIED SCIENCE IN CHEMISTRY', u'P0', u'POST-GRAD ANNUAL REGISTRATIONS', u'D1', u'Durban Campus Full-time', u'A', u'40000407:DEENADAYALU; 40000180:REDHI', 5.0]
check 'RPSC501_YEAR_2018' 'RPSC501'
processXLS: only for SEM2 [u'RPSC501_YEAR_2018', u'RPSC501_YEAR_2017', u'RPSC501', u'RESEARCH THESIS FULL REGISTRATION', u'MSCMS1', u'MASTER OF APPLIED SCIENCE IN CHEMISTRY', u'P0', u'POST-GRAD ANNUAL REGISTRATIONS', u'D1', u'Durban Campus Full-time', u'A', u'40000407:DEENADAYALU; 40000180:REDHI', 5.0]
[u'RPSC501_YEAR_2018', u'RPSC501_YEAR_2017', u'RPSC501', u'RESEARCH THESIS FULL REGISTRATION', u'MSCMS1', u'MASTER OF APPLIED SCIENCE IN CHEMISTRY', u'P0', u'POST-GRAD ANNUAL REGISTRATIONS', u'D3', u'Durban Campus Part-time', u'A', u'40000407:DEENADAYALU; 40000180:REDHI', 1.0]
check 'RPSC501_YEAR_2018' 'RPSC501'
processXLS: only for SEM2 [u'RPSC501_YEAR_2018', u'RPSC501_YEAR_2017', u'RPSC501', u'RESEARCH THESIS FULL REGISTRATION', u'MSCMS1', u'MASTER OF APPLIED SCIENCE IN CHEMISTRY', u'P0', u'POST-GRAD ANNUAL REGISTRATIONS', u'D3', u'Durban Campus Part-time', u'A', u'40000407:DEENADAYALU; 40000180:REDHI', 1.0]
[u'', u'', u'', u'', u'', u'', u'', u'', u'', u'', u'', u'', u'']
check '' ''
[u'RPSC511_YEAR_2018', u'RPSC511_YEAR_2017', u'RPSC511', u'RESEARCH THESIS SUCCESSIVE REGISTRATION', u'MNCHM1', u'MASTER OF ENGINEERING (CHEMICAL)', u'P0', u'POST-GRAD ANNUAL REGISTRATIONS', u'D3', u'Durban Campus Part-time', u'A', u'40000180:REDHI', 1.0]
check 'RPSC511_YEAR_2018' 'RPSC511'
processXLS: only for SEM2 [u'RPSC511_YEAR_2018', u'RPSC511_YEAR_2017', u'RPSC511', u'RESEARCH THESIS SUCCESSIVE REGISTRATION', u'MNCHM1', u'MASTER OF ENGINEERING (CHEMICAL)', u'P0', u'POST-GRAD ANNUAL REGISTRATIONS', u'D3', u'Durban Campus Part-time', u'A', u'40000180:REDHI', 1.0]
[u'RPSC511_YEAR_2018', u'RPSC511_YEAR_2017', u'RPSC511', u'RESEARCH THESIS SUCCESSIVE REGISTRATION', u'MSCMS1', u'MASTER OF APPLIED SCIENCE IN CHEMISTRY', u'P0', u'POST-GRAD ANNUAL REGISTRATIONS', u'D1', u'Durban Campus Full-time', u'A', u'40000180:REDHI', 18.0]
check 'RPSC511_YEAR_2018' 'RPSC511'
processXLS: only for SEM2 [u'RPSC511_YEAR_2018', u'RPSC511_YEAR_2017', u'RPSC511', u'RESEARCH THESIS SUCCESSIVE REGISTRATION', u'MSCMS1', u'MASTER OF APPLIED SCIENCE IN CHEMISTRY', u'P0', u'POST-GRAD ANNUAL REGISTRATIONS', u'D1', u'Durban Campus Full-time', u'A', u'40000180:REDHI', 18.0]
[u'RPSC511_YEAR_2018', u'RPSC511_YEAR_2017', u'RPSC511', u'RESEARCH THESIS SUCCESSIVE REGISTRATION', u'MSCMS1', u'MASTER OF APPLIED SCIENCE IN CHEMISTRY', u'P0', u'POST-GRAD ANNUAL REGISTRATIONS', u'D3', u'Durban Campus Part-time', u'A', u'40000407:DEENADAYALU; 40000180:REDHI', 2.0]
check 'RPSC511_YEAR_2018' 'RPSC511'
processXLS: only for SEM2 [u'RPSC511_YEAR_2018', u'RPSC511_YEAR_2017', u'RPSC511', u'RESEARCH THESIS SUCCESSIVE REGISTRATION', u'MSCMS1', u'MASTER OF APPLIED SCIENCE IN CHEMISTRY', u'P0', u'POST-GRAD ANNUAL REGISTRATIONS', u'D3', u'Durban Campus Part-time', u'A', u'40000407:DEENADAYALU; 40000180:REDHI', 2.0]
[u'', u'', u'', u'', u'', u'', u'', u'', u'', u'', u'', u'', u'']
check '' ''
[u'RPSC521_YEAR_2018', u'RPSC521_YEAR_2017', u'RPSC521', u'RESEARCH PROJECT AND DISSERTATION (SUCCESSIVE', u'MSCMS1', u'MASTER OF APPLIED SCIENCE IN CHEMISTRY', u'11', u'YEAR', u'D3', u'Durban Campus Part-time', u'A', u'40000407:DEENADAYALU; 40000180:REDHI', 1.0]
check 'RPSC521_YEAR_2018' 'RPSC521'
processXLS: only for SEM2 [u'RPSC521_YEAR_2018', u'RPSC521_YEAR_2017', u'RPSC521', u'RESEARCH PROJECT AND DISSERTATION (SUCCESSIVE', u'MSCMS1', u'MASTER OF APPLIED SCIENCE IN CHEMISTRY', u'11', u'YEAR', u'D3', u'Durban Campus Part-time', u'A', u'40000407:DEENADAYALU; 40000180:REDHI', 1.0]
[u'', u'', u'', u'', u'', u'', u'', u'', u'', u'', u'', u'', u'']
check '' ''
[u'RTCM511_YEAR_2018', u'RTCM511_YEAR_2017', u'RTCM511', u'RESEARCH THESIS (1ST REG)', u'MSCMS1', u'MASTER OF APPLIED SCIENCE IN CHEMISTRY', u'P0', u'POST-GRAD ANNUAL REGISTRATIONS', u'D1', u'Durban Campus Full-time', u'A', u'40000407:DEENADAYALU; 40000180:REDHI', 9.0]
check 'RTCM511_YEAR_2018' 'RTCM511'
processXLS: only for SEM2 [u'RTCM511_YEAR_2018', u'RTCM511_YEAR_2017', u'RTCM511', u'RESEARCH THESIS (1ST REG)', u'MSCMS1', u'MASTER OF APPLIED SCIENCE IN CHEMISTRY', u'P0', u'POST-GRAD ANNUAL REGISTRATIONS', u'D1', u'Durban Campus Full-time', u'A', u'40000407:DEENADAYALU; 40000180:REDHI', 9.0]
[u'RTCM511_YEAR_2018', u'RTCM511_YEAR_2017', u'RTCM511', u'RESEARCH THESIS (1ST REG)', u'MSCMS1', u'MASTER OF APPLIED SCIENCE IN CHEMISTRY', u'P0', u'POST-GRAD ANNUAL REGISTRATIONS', u'D3', u'Durban Campus Part-time', u'A', u'40000407:DEENADAYALU; 40000180:REDHI', 1.0]
check 'RTCM511_YEAR_2018' 'RTCM511'
processXLS: only for SEM2 [u'RTCM511_YEAR_2018', u'RTCM511_YEAR_2017', u'RTCM511', u'RESEARCH THESIS (1ST REG)', u'MSCMS1', u'MASTER OF APPLIED SCIENCE IN CHEMISTRY', u'P0', u'POST-GRAD ANNUAL REGISTRATIONS', u'D3', u'Durban Campus Part-time', u'A', u'40000407:DEENADAYALU; 40000180:REDHI', 1.0]
[u'', u'', u'', u'', u'', u'', u'', u'', u'', u'', u'', u'', u'']
check '' ''
[u'RTCM521_YEAR_2018', u'RTCM521_YEAR_2017', u'RTCM521', u'RESEARCH THESIS (2ND REG)', u'MSCMS1', u'MASTER OF APPLIED SCIENCE IN CHEMISTRY', u'P0', u'POST-GRAD ANNUAL REGISTRATIONS', u'D1', u'Durban Campus Full-time', u'A', u'40000407:DEENADAYALU; 40000180:REDHI', 16.0]
check 'RTCM521_YEAR_2018' 'RTCM521'
processXLS: only for SEM2 [u'RTCM521_YEAR_2018', u'RTCM521_YEAR_2017', u'RTCM521', u'RESEARCH THESIS (2ND REG)', u'MSCMS1', u'MASTER OF APPLIED SCIENCE IN CHEMISTRY', u'P0', u'POST-GRAD ANNUAL REGISTRATIONS', u'D1', u'Durban Campus Full-time', u'A', u'40000407:DEENADAYALU; 40000180:REDHI', 16.0]
[u'RTCM521_YEAR_2018', u'RTCM521_YEAR_2017', u'RTCM521', u'RESEARCH THESIS (2ND REG)', u'MSCMS1', u'MASTER OF APPLIED SCIENCE IN CHEMISTRY', u'P0', u'POST-GRAD ANNUAL REGISTRATIONS', u'D3', u'Durban Campus Part-time', u'A', u'40000407:DEENADAYALU; 40000180:REDHI', 6.0]
check 'RTCM521_YEAR_2018' 'RTCM521'
processXLS: only for SEM2 [u'RTCM521_YEAR_2018', u'RTCM521_YEAR_2017', u'RTCM521', u'RESEARCH THESIS (2ND REG)', u'MSCMS1', u'MASTER OF APPLIED SCIENCE IN CHEMISTRY', u'P0', u'POST-GRAD ANNUAL REGISTRATIONS', u'D3', u'Durban Campus Part-time', u'A', u'40000407:DEENADAYALU; 40000180:REDHI', 6.0]
[u'', u'', u'', u'', u'', u'', u'', u'', u'', u'', u'', u'', u'']
check '' ''
[u'RTCM611_YEAR_2018', u'RTCM611_YEAR_2017', u'RTCM611', u'RESEARCH THESIS (1ST REG)', u'DPCMS1', u'DP:  CHEMISTRY', u'P0', u'POST-GRAD ANNUAL REGISTRATIONS', u'D1', u'Durban Campus Full-time', u'A', u'40000407:DEENADAYALU; 40000180:REDHI40000599:MOODLEY K G', 3.0]
check 'RTCM611_YEAR_2018' 'RTCM611'
processXLS: only for SEM2 [u'RTCM611_YEAR_2018', u'RTCM611_YEAR_2017', u'RTCM611', u'RESEARCH THESIS (1ST REG)', u'DPCMS1', u'DP:  CHEMISTRY', u'P0', u'POST-GRAD ANNUAL REGISTRATIONS', u'D1', u'Durban Campus Full-time', u'A', u'40000407:DEENADAYALU; 40000180:REDHI40000599:MOODLEY K G', 3.0]
[u'', u'', u'', u'', u'', u'', u'', u'', u'', u'', u'', u'', u'']
check '' ''
[u'RTCM621_YEAR_2018', u'RTCM621_YEAR_2017', u'RTCM621', u'RESEARCH THESIS (2ND REG)', u'DPCMS1', u'DP:  CHEMISTRY', u'P0', u'POST-GRAD ANNUAL REGISTRATIONS', u'D1', u'Durban Campus Full-time', u'A', u'40000407:DEENADAYALU; 40000180:REDHI40000599:MOODLEY K G', 11.0]
check 'RTCM621_YEAR_2018' 'RTCM621'
processXLS: only for SEM2 [u'RTCM621_YEAR_2018', u'RTCM621_YEAR_2017', u'RTCM621', u'RESEARCH THESIS (2ND REG)', u'DPCMS1', u'DP:  CHEMISTRY', u'P0', u'POST-GRAD ANNUAL REGISTRATIONS', u'D1', u'Durban Campus Full-time', u'A', u'40000407:DEENADAYALU; 40000180:REDHI40000599:MOODLEY K G', 11.0]
[u'RTCM621_YEAR_2018', u'RTCM621_YEAR_2017', u'RTCM621', u'RESEARCH THESIS (2ND REG)', u'DPCMS1', u'DP:  CHEMISTRY', u'P0', u'POST-GRAD ANNUAL REGISTRATIONS', u'D3', u'Durban Campus Part-time', u'A', u'40000407:DEENADAYALU; 40000180:REDHI;40000599:MOODLEY K G', 2.0]
check 'RTCM621_YEAR_2018' 'RTCM621'
processXLS: only for SEM2 [u'RTCM621_YEAR_2018', u'RTCM621_YEAR_2017', u'RTCM621', u'RESEARCH THESIS (2ND REG)', u'DPCMS1', u'DP:  CHEMISTRY', u'P0', u'POST-GRAD ANNUAL REGISTRATIONS', u'D3', u'Durban Campus Part-time', u'A', u'40000407:DEENADAYALU; 40000180:REDHI;40000599:MOODLEY K G', 2.0]
[u'', u'', u'', u'', u'', u'', u'', u'', u'', u'', u'', u'', u'']
check '' ''
[u'ADPD701_YEAR_2018', u'ADPD701_YEAR_2017', u'ADPD701', u'RESEARCH THESIS FULL REGISTRATION', u'DNCHM1', u'DOCTOR OF ENGINEERING (CHEMICAL)', u'P0', u'POST-GRAD ANNUAL REGISTRATIONS', u'D1', u'Durban Campus Full-time', u'A', u'40000599:MOODLEY', 2.0]
check 'ADPD701_YEAR_2018' 'ADPD701'
processXLS: only for SEM2 [u'ADPD701_YEAR_2018', u'ADPD701_YEAR_2017', u'ADPD701', u'RESEARCH THESIS FULL REGISTRATION', u'DNCHM1', u'DOCTOR OF ENGINEERING (CHEMICAL)', u'P0', u'POST-GRAD ANNUAL REGISTRATIONS', u'D1', u'Durban Campus Full-time', u'A', u'40000599:MOODLEY', 2.0]
[u'ADPD701_YEAR_2018', u'ADPD701_YEAR_2017', u'ADPD701', u'RESEARCH THESIS FULL REGISTRATION', u'DPCMS1', u'DP:  CHEMISTRY', u'P0', u'POST-GRAD ANNUAL REGISTRATIONS', u'D1', u'Durban Campus Full-time', u'A', u'40000407:DEENADAYALU; 40000180:REDHI40000599:MOODLEY K G', 1.0]
check 'ADPD701_YEAR_2018' 'ADPD701'
processXLS: only for SEM2 [u'ADPD701_YEAR_2018', u'ADPD701_YEAR_2017', u'ADPD701', u'RESEARCH THESIS FULL REGISTRATION', u'DPCMS1', u'DP:  CHEMISTRY', u'P0', u'POST-GRAD ANNUAL REGISTRATIONS', u'D1', u'Durban Campus Full-time', u'A', u'40000407:DEENADAYALU; 40000180:REDHI40000599:MOODLEY K G', 1.0]
[u'', u'', u'', u'', u'', u'', u'', u'', u'', u'', u'', u'', u'']
check '' ''
[u'ADPD711_YEAR_2018', u'ADPD711_YEAR_2017', u'ADPD711', u'RESEARCH THESIS SUCCESSIVE REGISTRATION', u'DNCHM1', u'DOCTOR OF ENGINEERING (CHEMICAL)', u'P0', u'POST-GRAD ANNUAL REGISTRATIONS', u'D1', u'Durban Campus Full-time', u'A', u'40000180:REDHI;40000599:MOODLEY K G', 1.0]
check 'ADPD711_YEAR_2018' 'ADPD711'
processXLS: only for SEM2 [u'ADPD711_YEAR_2018', u'ADPD711_YEAR_2017', u'ADPD711', u'RESEARCH THESIS SUCCESSIVE REGISTRATION', u'DNCHM1', u'DOCTOR OF ENGINEERING (CHEMICAL)', u'P0', u'POST-GRAD ANNUAL REGISTRATIONS', u'D1', u'Durban Campus Full-time', u'A', u'40000180:REDHI;40000599:MOODLEY K G', 1.0]
[u'ADPD711_YEAR_2018', u'ADPD711_YEAR_2017', u'ADPD711', u'RESEARCH THESIS SUCCESSIVE REGISTRATION', u'DPCMS1', u'DP:  CHEMISTRY', u'P0', u'POST-GRAD ANNUAL REGISTRATIONS', u'D1', u'Durban Campus Full-time', u'A', u'40000180:REDHI;40000599:MOODLEY K G', 11.0]
check 'ADPD711_YEAR_2018' 'ADPD711'
processXLS: only for SEM2 [u'ADPD711_YEAR_2018', u'ADPD711_YEAR_2017', u'ADPD711', u'RESEARCH THESIS SUCCESSIVE REGISTRATION', u'DPCMS1', u'DP:  CHEMISTRY', u'P0', u'POST-GRAD ANNUAL REGISTRATIONS', u'D1', u'Durban Campus Full-time', u'A', u'40000180:REDHI;40000599:MOODLEY K G', 11.0]
[u'', u'', u'', u'', u'', u'', u'', u'', u'', u'', u'', u'', u'']
check '' ''
[u'ANCH201_SEM1_2018', u'', u'ANCH201', u'ANALYTICAL CHEMISTRY II - 2018', u'DIACH1', u'DIPLOMA IN ANALYTICAL CHEMISTRY', u'21', u'SEMESTER 1', u'D1', u'Durban Campus Full-time', u'A', u'40011999:MDLULI', 1.0]
check 'ANCH201_SEM1_2018' 'ANCH201'
processXLS: only for SEM2 [u'ANCH201_SEM1_2018', u'', u'ANCH201', u'ANALYTICAL CHEMISTRY II - 2018', u'DIACH1', u'DIPLOMA IN ANALYTICAL CHEMISTRY', u'21', u'SEMESTER 1', u'D1', u'Durban Campus Full-time', u'A', u'40011999:MDLULI', 1.0]
[u'', u'', u'', u'', u'', u'', u'', u'', u'', u'', u'', u'', u'']
check '' ''
[u'CPRJ412_SEM1_2018', u'', u'CPRJ412', u'CHEMISTRY PROJECT IV MODULE 1 - 2018', u'BTCHM1', u'BT: CHEMISTRY', u'21', u'SEMESTER 1', u'D1', u'Durban Campus Full-time', u'A', u'40011999:MDLULI', 1.0]
check 'CPRJ412_SEM1_2018' 'CPRJ412'
processXLS: only for SEM2 [u'CPRJ412_SEM1_2018', u'', u'CPRJ412', u'CHEMISTRY PROJECT IV MODULE 1 - 2018', u'BTCHM1', u'BT: CHEMISTRY', u'21', u'SEMESTER 1', u'D1', u'Durban Campus Full-time', u'A', u'40011999:MDLULI', 1.0]
[u'', u'', u'', u'', u'', u'', u'', u'', u'', u'', u'', u'', u'']
check '' ''
[u'PHCH301_SEM1_2018', u'', u'PHCH301', u'PHYSICAL CHEMISTRY III - 2018', u'NDACH2', u'ND: ANALYTICAL CHEMISTRY', 21.0, u'SEMESTER 1', u'D1', u'Durban Campus Full-time', u'A', u'40011999:MDLULI', 1.0]
check 'PHCH301_SEM1_2018' 'PHCH301'
processXLS: only for SEM2 [u'PHCH301_SEM1_2018', u'', u'PHCH301', u'PHYSICAL CHEMISTRY III - 2018', u'NDACH2', u'ND: ANALYTICAL CHEMISTRY', 21.0, u'SEMESTER 1', u'D1', u'Durban Campus Full-time', u'A', u'40011999:MDLULI', 1.0]
[u'', u'', u'', u'', u'', u'', u'', u'', u'', u'', u'', u'', u'']
check '' ''
[u'===APPEND===', u'', u'', u'', u'', u'', u'', u'', u'', u'', u'', u'', u'']
check '===APPEND===' ''
[u'2017 NEW SUBJECTS  Blackboard Classrooms for Department: 3402 - CHEMISTRY', u'', u'', u'', u'', u'', u'', u'', u'', u'', u'', u'', u'']
check '2017 NEW SUBJECTS  Blackboard Classrooms for Department: 3402 - CHEMISTRY' ''
[u'', u'', u'', u'', u'', u'', u'', u'', u'', u'', u'', u'', u'']
check '' ''
[u'BB Classroom', u'Migrate Classroom', u'ITS Subject', u'', u'ITS Qualification', u'', u'Block', u'', u'Off Type', u'', u'Grp', u'Lecturer(s)', u'2016 Enrol']
check 'BB Classroom' 'ITS Subject'
[u'ANCH101_YEAR_2018', u'ANCH101_YEAR_2017', u'ANCH101', u'ANALYTICAL CHEMISTRY I', u'DIACF1', u'DIPLOMA IN ANALYTICAL CHEMISTRY (4 YEARS', u'11', u'YEAR', u'D1', u'Durban Campus Full-time', u'A', u'40011999:MDLULI; 40007585:SOBANTU;40000407:DEENADAYALU', 0.0]
check 'ANCH101_YEAR_2018' 'ANCH101'
processXLS: only for SEM2 [u'ANCH101_YEAR_2018', u'ANCH101_YEAR_2017', u'ANCH101', u'ANALYTICAL CHEMISTRY I', u'DIACF1', u'DIPLOMA IN ANALYTICAL CHEMISTRY (4 YEARS', u'11', u'YEAR', u'D1', u'Durban Campus Full-time', u'A', u'40011999:MDLULI; 40007585:SOBANTU;40000407:DEENADAYALU', 0.0]
[u'', u'', u'', u'', u'', u'', u'', u'', u'', u'', u'', u'', u'']
check '' ''
[u'ANCH101_SEM2_2018', u'ANCH101_SEM2_2017', u'ANCH101', u'ANALYTICAL CHEMISTRY I', u'DIACH1', u'DIPLOMA IN ANALYTICAL CHEMISTRY', u'22', u'SEMESTER 2', u'D1', u'Durban Campus Full-time', u'A', u'40011999:MDLULI; 40007585:SOBANTU;40000407:DEENADAYALU', 0.0]
check 'ANCH101_SEM2_2018' 'ANCH101'
adding  ANCH101
requesting:  http://10.0.100.98:8000/bbinfo/matching_courses/ANCH101%25
r= <Response [200]>
matching classes= set([u'ANCH101_SEM2_2017', u'ANCH101_YEAR_2018', u'ANCH101_YEAR_2017', u'ANCH101_SEM2_2018'])
[u'', u'', u'', u'', u'', u'', u'', u'', u'', u'', u'', u'', u'']
check '' ''
[u'APIC101_SEM1_2018', u'APIC101_SEM1_2017', u'APIC101', u'APPLIED INORGANIC CHEMISTRY', u'DIACF1', u'DIPLOMA IN ANALYTICAL CHEMISTRY (4 YEARS', u'21', u'SEMESTER 1', u'D1', u'Durban Campus Full-time', u'A', u'40007585:SOBANTU;50051516:MABASO;40000149:PAUL;40000985:PIENAAR', 0.0]
check 'APIC101_SEM1_2018' 'APIC101'
processXLS: only for SEM2 [u'APIC101_SEM1_2018', u'APIC101_SEM1_2017', u'APIC101', u'APPLIED INORGANIC CHEMISTRY', u'DIACF1', u'DIPLOMA IN ANALYTICAL CHEMISTRY (4 YEARS', u'21', u'SEMESTER 1', u'D1', u'Durban Campus Full-time', u'A', u'40007585:SOBANTU;50051516:MABASO;40000149:PAUL;40000985:PIENAAR', 0.0]
[u'APIC101_SEM1_2018', u'APIC101_SEM1_2017', u'APIC101', u'APPLIED INORGANIC CHEMISTRY', u'DIACH1', u'DIPLOMA IN ANALYTICAL CHEMISTRY', u'21', u'SEMESTER 1', u'D1', u'Durban Campus Full-time', u'A', u'40007585:SOBANTU;50051516:MABASO;40000149:PAUL;40000985:PIENAAR', 0.0]
check 'APIC101_SEM1_2018' 'APIC101'
processXLS: only for SEM2 [u'APIC101_SEM1_2018', u'APIC101_SEM1_2017', u'APIC101', u'APPLIED INORGANIC CHEMISTRY', u'DIACH1', u'DIPLOMA IN ANALYTICAL CHEMISTRY', u'21', u'SEMESTER 1', u'D1', u'Durban Campus Full-time', u'A', u'40007585:SOBANTU;50051516:MABASO;40000149:PAUL;40000985:PIENAAR', 0.0]
[u'', u'', u'', u'', u'', u'', u'', u'', u'', u'', u'', u'', u'']
check '' ''
[u'APOC101_SEM1_2018', u'APOC101_SEM1_2017', u'APOC101', u'APPLIED ORGANIC CHEMISTRY', u'DIACF1', u'DIPLOMA IN ANALYTICAL CHEMISTRY (4 YEARS', u'21', u'SEMESTER 1', u'D1', u'Durban Campus Full-time', u'A', u'40000173:GENGAN;40000985:PIENAAR;40000407:DEENADAYALU', 0.0]
check 'APOC101_SEM1_2018' 'APOC101'
processXLS: only for SEM2 [u'APOC101_SEM1_2018', u'APOC101_SEM1_2017', u'APOC101', u'APPLIED ORGANIC CHEMISTRY', u'DIACF1', u'DIPLOMA IN ANALYTICAL CHEMISTRY (4 YEARS', u'21', u'SEMESTER 1', u'D1', u'Durban Campus Full-time', u'A', u'40000173:GENGAN;40000985:PIENAAR;40000407:DEENADAYALU', 0.0]
[u'APOC101_SEM1_2018', u'APOC101_SEM1_2017', u'APOC101', u'APPLIED ORGANIC CHEMISTRY', u'DIACH1', u'DIPLOMA IN ANALYTICAL CHEMISTRY', u'21', u'SEMESTER 1', u'D1', u'Durban Campus Full-time', u'A', u'40000173:GENGAN;40000985:PIENAAR;40000407:DEENADAYALU', 0.0]
check 'APOC101_SEM1_2018' 'APOC101'
processXLS: only for SEM2 [u'APOC101_SEM1_2018', u'APOC101_SEM1_2017', u'APOC101', u'APPLIED ORGANIC CHEMISTRY', u'DIACH1', u'DIPLOMA IN ANALYTICAL CHEMISTRY', u'21', u'SEMESTER 1', u'D1', u'Durban Campus Full-time', u'A', u'40000173:GENGAN;40000985:PIENAAR;40000407:DEENADAYALU', 0.0]
[u'', u'', u'', u'', u'', u'', u'', u'', u'', u'', u'', u'', u'']
check '' ''
[u'APPC101_SEM1_2018', u'APPC101_SEM1_2017', u'APPC101', u'APPLIED PHYSICAL CHEMISTRY', u'DIACF1', u'DIPLOMA IN ANALYTICAL CHEMISTRY (4 YEARS', u'21', u'SEMESTER 1', u'D1', u'Durban Campus Full-time', u'A', u'40000407:DEENADAYALU; 40000180:REDHI', 0.0]
check 'APPC101_SEM1_2018' 'APPC101'
processXLS: only for SEM2 [u'APPC101_SEM1_2018', u'APPC101_SEM1_2017', u'APPC101', u'APPLIED PHYSICAL CHEMISTRY', u'DIACF1', u'DIPLOMA IN ANALYTICAL CHEMISTRY (4 YEARS', u'21', u'SEMESTER 1', u'D1', u'Durban Campus Full-time', u'A', u'40000407:DEENADAYALU; 40000180:REDHI', 0.0]
[u'APPC101_SEM1_2018', u'APPC101_SEM1_2017', u'APPC101', u'APPLIED PHYSICAL CHEMISTRY', u'DIACH1', u'DIPLOMA IN ANALYTICAL CHEMISTRY', u'21', u'SEMESTER 1', u'D1', u'Durban Campus Full-time', u'A', u'40000407:DEENADAYALU; 40000180:REDHI', 0.0]
check 'APPC101_SEM1_2018' 'APPC101'
processXLS: only for SEM2 [u'APPC101_SEM1_2018', u'APPC101_SEM1_2017', u'APPC101', u'APPLIED PHYSICAL CHEMISTRY', u'DIACH1', u'DIPLOMA IN ANALYTICAL CHEMISTRY', u'21', u'SEMESTER 1', u'D1', u'Durban Campus Full-time', u'A', u'40000407:DEENADAYALU; 40000180:REDHI', 0.0]
[u'', u'', u'', u'', u'', u'', u'', u'', u'', u'', u'', u'', u'']
check '' ''
[u'CHPJ101_SEM1_2018', u'CHPJ101_SEM1_2017', u'CHPJ101', u'CHEMISTRY PROJECT I', u'DIACF1', u'DIPLOMA IN ANALYTICAL CHEMISTRY (4 YEARS', u'21', u'SEMESTER 1', u'D1', u'Durban Campus Full-time', u'A', u'40011999:MDLULI; 40007585:SOBANTU;40000407:DEENADAYALU', 0.0]
check 'CHPJ101_SEM1_2018' 'CHPJ101'
processXLS: only for SEM2 [u'CHPJ101_SEM1_2018', u'CHPJ101_SEM1_2017', u'CHPJ101', u'CHEMISTRY PROJECT I', u'DIACF1', u'DIPLOMA IN ANALYTICAL CHEMISTRY (4 YEARS', u'21', u'SEMESTER 1', u'D1', u'Durban Campus Full-time', u'A', u'40011999:MDLULI; 40007585:SOBANTU;40000407:DEENADAYALU', 0.0]
[u'CHPJ101_SEM1_2018', u'CHPJ101_SEM1_2017', u'CHPJ101', u'CHEMISTRY PROJECT I', u'DIACH1', u'DIPLOMA IN ANALYTICAL CHEMISTRY', u'21', u'SEMESTER 1', u'D1', u'Durban Campus Full-time', u'A', u'40011999:MDLULI; 40007585:SOBANTU;40000407:DEENADAYALU', 0.0]
check 'CHPJ101_SEM1_2018' 'CHPJ101'
processXLS: only for SEM2 [u'CHPJ101_SEM1_2018', u'CHPJ101_SEM1_2017', u'CHPJ101', u'CHEMISTRY PROJECT I', u'DIACH1', u'DIPLOMA IN ANALYTICAL CHEMISTRY', u'21', u'SEMESTER 1', u'D1', u'Durban Campus Full-time', u'A', u'40011999:MDLULI; 40007585:SOBANTU;40000407:DEENADAYALU', 0.0]
[u'', u'', u'', u'', u'', u'', u'', u'', u'', u'', u'', u'', u'']
check '' ''
[u'CHSY101_SEM1_2018', u'CHSY101_SEM1_2017', u'CHSY101', u'CHEMISTRY I', u'DITXF1', u'DIPLOMA IN TEXTILE TECHNOLOGY (4 YEARS)', u'21', u'SEMESTER 1', u'D1', u'Durban Campus Full-time', u'A', u' 40007585:SOBANTU;40000407:DEENADAYALU', 0.0]
check 'CHSY101_SEM1_2018' 'CHSY101'
processXLS: only for SEM2 [u'CHSY101_SEM1_2018', u'CHSY101_SEM1_2017', u'CHSY101', u'CHEMISTRY I', u'DITXF1', u'DIPLOMA IN TEXTILE TECHNOLOGY (4 YEARS)', u'21', u'SEMESTER 1', u'D1', u'Durban Campus Full-time', u'A', u' 40007585:SOBANTU;40000407:DEENADAYALU', 0.0]
[u'CHSY101_SEM1_2018', u'CHSY101_SEM1_2017', u'CHSY101', u'CHEMISTRY I', u'DITXT1', u'DIPLOMA IN TEXTILE TECHNOLOGY', u'21', u'SEMESTER 1', u'D1', u'Durban Campus Full-time', u'A', u' 40007585:SOBANTU;40000407:DEENADAYALU', 0.0]
check 'CHSY101_SEM1_2018' 'CHSY101'
processXLS: only for SEM2 [u'CHSY101_SEM1_2018', u'CHSY101_SEM1_2017', u'CHSY101', u'CHEMISTRY I', u'DITXT1', u'DIPLOMA IN TEXTILE TECHNOLOGY', u'21', u'SEMESTER 1', u'D1', u'Durban Campus Full-time', u'A', u' 40007585:SOBANTU;40000407:DEENADAYALU', 0.0]
[u'', u'', u'', u'', u'', u'', u'', u'', u'', u'', u'', u'', u'']
check '' ''
[u'CPUS101_YEAR_2018', u'CPUS101_YEAR_2017', u'CPUS101', u'COMPUTER SKILLS', u'DIACF1', u'DIPLOMA IN ANALYTICAL CHEMISTRY (4 YEARS', u'11', u'YEAR', u'D1', u'Durban Campus Full-time', u'A', u'40000407:DEENADAYALU', 0.0]
check 'CPUS101_YEAR_2018' 'CPUS101'
processXLS: only for SEM2 [u'CPUS101_YEAR_2018', u'CPUS101_YEAR_2017', u'CPUS101', u'COMPUTER SKILLS', u'DIACF1', u'DIPLOMA IN ANALYTICAL CHEMISTRY (4 YEARS', u'11', u'YEAR', u'D1', u'Durban Campus Full-time', u'A', u'40000407:DEENADAYALU', 0.0]
[u'CPUS101_YEAR_2018', u'CPUS101_YEAR_2017', u'CPUS101', u'COMPUTER SKILLS', u'DIACH1', u'DIPLOMA IN ANALYTICAL CHEMISTRY', u'11', u'YEAR', u'D1', u'Durban Campus Full-time', u'A', u'40000407:DEENADAYALU', 0.0]
check 'CPUS101_YEAR_2018' 'CPUS101'
processXLS: only for SEM2 [u'CPUS101_YEAR_2018', u'CPUS101_YEAR_2017', u'CPUS101', u'COMPUTER SKILLS', u'DIACH1', u'DIPLOMA IN ANALYTICAL CHEMISTRY', u'11', u'YEAR', u'D1', u'Durban Campus Full-time', u'A', u'40000407:DEENADAYALU', 0.0]
[u'', u'', u'', u'', u'', u'', u'', u'', u'', u'', u'', u'', u'']
check '' ''
[u'CPUS101_SEM1_2018', u'CPUS101_SEM1_2017', u'CPUS101', u'COMPUTER SKILLS', u'DIACF1', u'DIPLOMA IN ANALYTICAL CHEMISTRY (4 YEARS', u'21', u'SEMESTER 1', u'D1', u'Durban Campus Full-time', u'A', u'40000407:DEENADAYALU', 0.0]
check 'CPUS101_SEM1_2018' 'CPUS101'
processXLS: only for SEM2 [u'CPUS101_SEM1_2018', u'CPUS101_SEM1_2017', u'CPUS101', u'COMPUTER SKILLS', u'DIACF1', u'DIPLOMA IN ANALYTICAL CHEMISTRY (4 YEARS', u'21', u'SEMESTER 1', u'D1', u'Durban Campus Full-time', u'A', u'40000407:DEENADAYALU', 0.0]
[u'CPUS101_SEM1_2018', u'CPUS101_SEM1_2017', u'CPUS101', u'COMPUTER SKILLS', u'DIACH1', u'DIPLOMA IN ANALYTICAL CHEMISTRY', u'21', u'SEMESTER 1', u'D1', u'Durban Campus Full-time', u'A', u'40000407:DEENADAYALU', 0.0]
check 'CPUS101_SEM1_2018' 'CPUS101'
processXLS: only for SEM2 [u'CPUS101_SEM1_2018', u'CPUS101_SEM1_2017', u'CPUS101', u'COMPUTER SKILLS', u'DIACH1', u'DIPLOMA IN ANALYTICAL CHEMISTRY', u'21', u'SEMESTER 1', u'D1', u'Durban Campus Full-time', u'A', u'40000407:DEENADAYALU', 0.0]
[u'', u'', u'', u'', u'', u'', u'', u'', u'', u'', u'', u'', u'']
check '' ''
[u'CQLA101_SEM2_2018', u'CQLA101_SEM2_2017', u'CQLA101', u'CHEMICAL QUALITY ASSURANCE', u'DIACF1', u'DIPLOMA IN ANALYTICAL CHEMISTRY (4 YEARS', u'22', u'SEMESTER 2', u'D1', u'Durban Campus Full-time', u'A', u'40000407:DEENADAYALU', 0.0]
check 'CQLA101_SEM2_2018' 'CQLA101'
adding  CQLA101
requesting:  http://10.0.100.98:8000/bbinfo/matching_courses/CQLA101%25
r= <Response [200]>
matching classes= set([u'CQLA101_SEM2_2018', u'CQLA101_SEM2_2017'])
[u'CQLA101_SEM2_2018', u'CQLA101_SEM2_2017', u'CQLA101', u'CHEMICAL QUALITY ASSURANCE', u'DIACH1', u'DIPLOMA IN ANALYTICAL CHEMISTRY', u'22', u'SEMESTER 2', u'D1', u'Durban Campus Full-time', u'A', u'40000407:DEENADAYALU', 0.0]
check 'CQLA101_SEM2_2018' 'CQLA101'
adding  CQLA101
requesting:  http://10.0.100.98:8000/bbinfo/matching_courses/CQLA101%25
r= <Response [200]>
matching classes= set([u'CQLA101_SEM2_2018', u'CQLA101_SEM2_2017'])
[u'', u'', u'', u'', u'', u'', u'', u'', u'', u'', u'', u'', u'']
check '' ''
[u'ENCA101_SEM1_2018', u'ENCA101_SEM1_2017', u'ENCA101', u'ENGINEERING CHEMISTRY IA', u'BNCME1', u'B ENGINEERING TECHNOLOGY IN CHEMICAL ENG', 21.0, u'SEMESTER 1', u'D1', u'Durban Campus Full-time', u'A', u'40000149:PAUL;40000985:PIENAAR', 0.0]
check 'ENCA101_SEM1_2018' 'ENCA101'
processXLS: only for SEM2 [u'ENCA101_SEM1_2018', u'ENCA101_SEM1_2017', u'ENCA101', u'ENGINEERING CHEMISTRY IA', u'BNCME1', u'B ENGINEERING TECHNOLOGY IN CHEMICAL ENG', 21.0, u'SEMESTER 1', u'D1', u'Durban Campus Full-time', u'A', u'40000149:PAUL;40000985:PIENAAR', 0.0]
[u'ENCB101_SEM2_2018', u'ENCB101_SEM2_2017', u'ENCB101', u'ENGINEERING CHEMISTRY IB', u'BNCME1', u'B ENGINEERING TECHNOLOGY IN CHEMICAL ENG', u'22', u'SEMESTER 2', u'D1', u'Durban Campus Full-time', u'A', u'40000407:DEENADAYALU', 0.0]
check 'ENCB101_SEM2_2018' 'ENCB101'
adding  ENCB101
requesting:  http://10.0.100.98:8000/bbinfo/matching_courses/ENCB101%25
r= <Response [200]>
matching classes= set([u'ENCB101_SEM2_2018', u'ENCB101_SEM2_2017'])
[u'', u'', u'', u'', u'', u'', u'', u'', u'', u'', u'', u'', u'']
check '' ''
[u'EXLN101_SEM1_2018', u'EXLN101_SEM1_2017', u'EXLN101', u'EXPERIENTIAL LEARNING I', u'DIACF1', u'DIPLOMA IN ANALYTICAL CHEMISTRY (4 YEARS', u'21', u'SEMESTER 1', u'D1', u'Durban Campus Full-time', u'A', u'40011999:MDLULI; 40007585:SOBANTU;40000407:DEENADAYALU', 0.0]
check 'EXLN101_SEM1_2018' 'EXLN101'
processXLS: only for SEM2 [u'EXLN101_SEM1_2018', u'EXLN101_SEM1_2017', u'EXLN101', u'EXPERIENTIAL LEARNING I', u'DIACF1', u'DIPLOMA IN ANALYTICAL CHEMISTRY (4 YEARS', u'21', u'SEMESTER 1', u'D1', u'Durban Campus Full-time', u'A', u'40011999:MDLULI; 40007585:SOBANTU;40000407:DEENADAYALU', 0.0]
[u'EXLN101_SEM1_2018', u'EXLN101_SEM1_2017', u'EXLN101', u'EXPERIENTIAL LEARNING I', u'DIACH1', u'DIPLOMA IN ANALYTICAL CHEMISTRY', u'21', u'SEMESTER 1', u'D1', u'Durban Campus Full-time', u'A', u'40011999:MDLULI; 40007585:SOBANTU;40000407:DEENADAYALU', 0.0]
check 'EXLN101_SEM1_2018' 'EXLN101'
processXLS: only for SEM2 [u'EXLN101_SEM1_2018', u'EXLN101_SEM1_2017', u'EXLN101', u'EXPERIENTIAL LEARNING I', u'DIACH1', u'DIPLOMA IN ANALYTICAL CHEMISTRY', u'21', u'SEMESTER 1', u'D1', u'Durban Campus Full-time', u'A', u'40011999:MDLULI; 40007585:SOBANTU;40000407:DEENADAYALU', 0.0]
[u'', u'', u'', u'', u'', u'', u'', u'', u'', u'', u'', u'', u'']
check '' ''
[u'GINC101_YEAR_2018', u'GINC101_YEAR_2017', u'GINC101', u'GENERAL AND INORGANIC CHEMISTRY', u'DIACF1', u'DIPLOMA IN ANALYTICAL CHEMISTRY (4 YEARS', u'11', u'YEAR', u'D1', u'Durban Campus Full-time', u'A', u'50050759:RAMLUCKAN;40000985:PIENAAR', 0.0]
check 'GINC101_YEAR_2018' 'GINC101'
processXLS: only for SEM2 [u'GINC101_YEAR_2018', u'GINC101_YEAR_2017', u'GINC101', u'GENERAL AND INORGANIC CHEMISTRY', u'DIACF1', u'DIPLOMA IN ANALYTICAL CHEMISTRY (4 YEARS', u'11', u'YEAR', u'D1', u'Durban Campus Full-time', u'A', u'50050759:RAMLUCKAN;40000985:PIENAAR', 0.0]
[u'', u'', u'', u'', u'', u'', u'', u'', u'', u'', u'', u'', u'']
check '' ''
[u'GINC101_SEM1_2018', u'GINC101_SEM1_2017', u'GINC101', u'GENERAL AND INORGANIC CHEMISTRY', u'DIACH1', u'DIPLOMA IN ANALYTICAL CHEMISTRY', u'21', u'SEMESTER 1', u'D1', u'Durban Campus Full-time', u'A', u'50050759:RAMLUCKAN;40000985:PIENAAR', 0.0]
check 'GINC101_SEM1_2018' 'GINC101'
processXLS: only for SEM2 [u'GINC101_SEM1_2018', u'GINC101_SEM1_2017', u'GINC101', u'GENERAL AND INORGANIC CHEMISTRY', u'DIACH1', u'DIPLOMA IN ANALYTICAL CHEMISTRY', u'21', u'SEMESTER 1', u'D1', u'Durban Campus Full-time', u'A', u'50050759:RAMLUCKAN;40000985:PIENAAR', 0.0]
[u'', u'', u'', u'', u'', u'', u'', u'', u'', u'', u'', u'', u'']
check '' ''
[u'OPCH101_YEAR_2018', u'OPCH101_YEAR_2017', u'OPCH101', u'ORGANIC AND PHYSICAL CHEMISTRY', u'DIACF1', u'DIPLOMA IN ANALYTICAL CHEMISTRY (4 YEARS', u'11', u'YEAR', u'D1', u'Durban Campus Full-time', u'A', u'40000173:GENGAN;40000985:PIENAAR;40000407:DEENADAYALU', 0.0]
check 'OPCH101_YEAR_2018' 'OPCH101'
processXLS: only for SEM2 [u'OPCH101_YEAR_2018', u'OPCH101_YEAR_2017', u'OPCH101', u'ORGANIC AND PHYSICAL CHEMISTRY', u'DIACF1', u'DIPLOMA IN ANALYTICAL CHEMISTRY (4 YEARS', u'11', u'YEAR', u'D1', u'Durban Campus Full-time', u'A', u'40000173:GENGAN;40000985:PIENAAR;40000407:DEENADAYALU', 0.0]
[u'', u'', u'', u'', u'', u'', u'', u'', u'', u'', u'', u'', u'']
check '' ''
[u'OPCH101_SEM2_2018', u'OPCH101_SEM2_2017', u'OPCH101', u'ORGANIC AND PHYSICAL CHEMISTRY', u'DIACH1', u'DIPLOMA IN ANALYTICAL CHEMISTRY', u'22', u'SEMESTER 2', u'D1', u'Durban Campus Full-time', u'A', u'40000173:GENGAN;40000985:PIENAAR;40000407:DEENADAYALU', 0.0]
check 'OPCH101_SEM2_2018' 'OPCH101'
adding  OPCH101
requesting:  http://10.0.100.98:8000/bbinfo/matching_courses/OPCH101%25
r= <Response [200]>
matching classes= set([u'OPCH101_SEM2_2017', u'OPCH101_YEAR_2018', u'OPCH101_YEAR_2017', u'OPCH101_SEM2_2018'])
[u'', u'', u'', u'', u'', u'', u'', u'', u'', u'', u'', u'', u'']
check '' ''
[u'CHPJ201_SEM2_2018', u'CHPJ201_SEM2_2017', u'CHPJ201', u'CHEMISTRY PROJECT II', u'DIACF1', u'DIPLOMA IN ANALYTICAL CHEMISTRY (4 YEARS', u'22', u'SEMESTER 2', u'D1', u'Durban Campus Full-time', u'A', u'40011999:MDLULI; 40007585:SOBANTU;40000407:DEENADAYALU', 0.0]
check 'CHPJ201_SEM2_2018' 'CHPJ201'
adding  CHPJ201
requesting:  http://10.0.100.98:8000/bbinfo/matching_courses/CHPJ201%25
r= <Response [200]>
matching classes= set([u'CHPJ201_SEM2_2017', u'CHPJ201_SEM2_2018'])
[u'CHPJ201_SEM2_2018', u'CHPJ201_SEM2_2017', u'CHPJ201', u'CHEMISTRY PROJECT II', u'DIACH1', u'DIPLOMA IN ANALYTICAL CHEMISTRY', u'22', u'SEMESTER 2', u'D1', u'Durban Campus Full-time', u'A', u'40011999:MDLULI; 40007585:SOBANTU;40000407:DEENADAYALU', 0.0]
check 'CHPJ201_SEM2_2018' 'CHPJ201'
adding  CHPJ201
requesting:  http://10.0.100.98:8000/bbinfo/matching_courses/CHPJ201%25
r= <Response [200]>
matching classes= set([u'CHPJ201_SEM2_2017', u'CHPJ201_SEM2_2018'])
[u'', u'', u'', u'', u'', u'', u'', u'', u'', u'', u'', u'', u'']
check '' ''
[u'EXLN201_SEM2_2018', u'EXLN201_SEM2_2017', u'EXLN201', u'EXPERIENTIAL LEARNING II', u'DIACF1', u'DIPLOMA IN ANALYTICAL CHEMISTRY (4 YEARS', u'22', u'SEMESTER 2', u'D1', u'Durban Campus Full-time', u'A', u'40011999:MDLULI; 40007585:SOBANTU;40000407:DEENADAYALU', 0.0]
check 'EXLN201_SEM2_2018' 'EXLN201'
adding  EXLN201
requesting:  http://10.0.100.98:8000/bbinfo/matching_courses/EXLN201%25
r= <Response [200]>
matching classes= set([u'EXLN201_SEM2_2017', u'EXLN201_SEM2_2018'])
[u'EXLN201_SEM2_2018', u'EXLN201_SEM2_2017', u'EXLN201', u'EXPERIENTIAL LEARNING II', u'DIACH1', u'DIPLOMA IN ANALYTICAL CHEMISTRY', u'22', u'SEMESTER 2', u'D1', u'Durban Campus Full-time', u'A', u'40011999:MDLULI; 40007585:SOBANTU;40000407:DEENADAYALU', 0.0]
check 'EXLN201_SEM2_2018' 'EXLN201'
adding  EXLN201
requesting:  http://10.0.100.98:8000/bbinfo/matching_courses/EXLN201%25
r= <Response [200]>
matching classes= set([u'EXLN201_SEM2_2017', u'EXLN201_SEM2_2018'])
[u'', u'', u'', u'', u'', u'', u'', u'', u'', u'', u'', u'', u'']
check '' ''
[u'ACAS301_SEM2_2018', u'ACAS301_SEM2_2017', u'ACAS301', u'ANALYTICAL CHEM III:  ATOMIC SPECTROSCOPY', u'DIACF1', u'DIPLOMA IN ANALYTICAL CHEMISTRY (4 YEARS', u'22', u'SEMESTER 2', u'D1', u'Durban Campus Full-time', u'A', u'50050759:RAMLUCKAN;50051516:MABASO;40000985:PIENAAR; 40000407:DEENADAYALU', 0.0]
check 'ACAS301_SEM2_2018' 'ACAS301'
adding  ACAS301
requesting:  http://10.0.100.98:8000/bbinfo/matching_courses/ACAS301%25
r= <Response [200]>
matching classes= set([u'ACAS301_SEM2_2017', u'ACAS301_SEM2_2018'])
[u'ACAS301_SEM2_2018', u'ACAS301_SEM2_2017', u'ACAS301', u'ANALYTICAL CHEM III:  ATOMIC SPECTROSCOPY', u'DIACH1', u'DIPLOMA IN ANALYTICAL CHEMISTRY', u'22', u'SEMESTER 2', u'D1', u'Durban Campus Full-time', u'A', u'50050759:RAMLUCKAN;50051516:MABASO;40000985:PIENAAR; 40000407:DEENADAYALU', 0.0]
check 'ACAS301_SEM2_2018' 'ACAS301'
adding  ACAS301
requesting:  http://10.0.100.98:8000/bbinfo/matching_courses/ACAS301%25
r= <Response [200]>
matching classes= set([u'ACAS301_SEM2_2017', u'ACAS301_SEM2_2018'])
[u'', u'', u'', u'', u'', u'', u'', u'', u'', u'', u'', u'', u'']
check '' ''
[u'ACCH301_SEM2_2018', u'ACCH301_SEM2_2017', u'ACCH301', u'ANALYTICAL CHEM III:  CHROMATOGRAPHY', u'DIACF1', u'DIPLOMA IN ANALYTICAL CHEMISTRY (4 YEARS', u'22', u'SEMESTER 2', u'D1', u'Durban Campus Full-time', u'A', u'40004790:MADIKIZELA;40000407:DEENADAYALU', 0.0]
check 'ACCH301_SEM2_2018' 'ACCH301'
adding  ACCH301
requesting:  http://10.0.100.98:8000/bbinfo/matching_courses/ACCH301%25
r= <Response [200]>
matching classes= set([u'ACCH301_SEM2_2018', u'ACCH301_SEM2_2017'])
[u'ACCH301_SEM2_2018', u'ACCH301_SEM2_2017', u'ACCH301', u'ANALYTICAL CHEM III:  CHROMATOGRAPHY', u'DIACH1', u'DIPLOMA IN ANALYTICAL CHEMISTRY', u'22', u'SEMESTER 2', u'D1', u'Durban Campus Full-time', u'A', u'40004790:MADIKIZELA;40000407:DEENADAYALU', 0.0]
check 'ACCH301_SEM2_2018' 'ACCH301'
adding  ACCH301
requesting:  http://10.0.100.98:8000/bbinfo/matching_courses/ACCH301%25
r= <Response [200]>
matching classes= set([u'ACCH301_SEM2_2018', u'ACCH301_SEM2_2017'])
[u'', u'', u'', u'', u'', u'', u'', u'', u'', u'', u'', u'', u'']
check '' ''
[u'ACEC301_SEM2_2018', u'ACEC301_SEM2_2017', u'ACEC301', u'ANALYTICAL CHEM III:  ELECTROANALYTICAL CHEM', u'DIACF1', u'DIPLOMA IN ANALYTICAL CHEMISTRY (4 YEARS', u'22', u'SEMESTER 2', u'D1', u'Durban Campus Full-time', u'A', u'40000306:BISETTY; 40000180:REDHI; 40000407:DEENADAYALU', 0.0]
check 'ACEC301_SEM2_2018' 'ACEC301'
adding  ACEC301
requesting:  http://10.0.100.98:8000/bbinfo/matching_courses/ACEC301%25
r= <Response [200]>
matching classes= set([u'ACEC301_SEM2_2018', u'ACEC301_SEM2_2017'])
[u'ACEC301_SEM2_2018', u'ACEC301_SEM2_2017', u'ACEC301', u'ANALYTICAL CHEM III:  ELECTROANALYTICAL CHEM', u'DIACH1', u'DIPLOMA IN ANALYTICAL CHEMISTRY', u'22', u'SEMESTER 2', u'D1', u'Durban Campus Full-time', u'A', u'40000306:BISETTY; 40000180:REDHI; 40000407:DEENADAYALU', 0.0]
check 'ACEC301_SEM2_2018' 'ACEC301'
adding  ACEC301
requesting:  http://10.0.100.98:8000/bbinfo/matching_courses/ACEC301%25
r= <Response [200]>
matching classes= set([u'ACEC301_SEM2_2018', u'ACEC301_SEM2_2017'])
[u'', u'', u'', u'', u'', u'', u'', u'', u'', u'', u'', u'', u'']
check '' ''
[u'ACMS301_SEM2_2018', u'ACMS301_SEM2_2017', u'ACMS301', u'ANALYTICAL CHEM III:  MOLECULAR SPECTROSCOPY', u'DIACF1', u'DIPLOMA IN ANALYTICAL CHEMISTRY (4 YEARS', u'22', u'SEMESTER 2', u'D1', u'Durban Campus Full-time', u'A', u'40011999:MDLULI; 40004790:MADIKIZELA;40000407:DEENADAYALU', 0.0]
check 'ACMS301_SEM2_2018' 'ACMS301'
adding  ACMS301
requesting:  http://10.0.100.98:8000/bbinfo/matching_courses/ACMS301%25
r= <Response [200]>
matching classes= set([u'ACMS301_SEM2_2018', u'ACMS301_SEM2_2017'])
[u'...', u'', u'', u'', u'', u'', u'', u'', u'', u'', u'', u'', u'']
check '...' ''
[u'New subjects for 2018', u'', u'', u'', u'', u'', u'', u'', u'', u'', u'', u'', u'']
check 'New subjects for 2018' ''
[u'CSRY101_SEM1_2018', u'template_2018', u'CSRY101', u'CHEMISTRY I', u'BSFST1', u'BS:  FOOD SCIENCE AND TECHNOLOGY', u'21', u'SEM1', u'D1', u'OTNAME', u'A', u'40000306:BISETTY;', u'']
check 'CSRY101_SEM1_2018' 'CSRY101'
processXLS: only for SEM2 [u'CSRY101_SEM1_2018', u'template_2018', u'CSRY101', u'CHEMISTRY I', u'BSFST1', u'BS:  FOOD SCIENCE AND TECHNOLOGY', u'21', u'SEM1', u'D1', u'OTNAME', u'A', u'40000306:BISETTY;', u'']
[u'CSRY101_SEM1_2018', u'template_2018', u'CSRY101', u'CHEMISTRY I', u'BSBTC1', u'BS:  BIOTECHNOLOGY', u'21', u'SEM1', u'D1', u'OTNAME', u'A', u'40000306:BISETTY;', u'']
check 'CSRY101_SEM1_2018' 'CSRY101'
processXLS: only for SEM2 [u'CSRY101_SEM1_2018', u'template_2018', u'CSRY101', u'CHEMISTRY I', u'BSBTC1', u'BS:  BIOTECHNOLOGY', u'21', u'SEM1', u'D1', u'OTNAME', u'A', u'40000306:BISETTY;', u'']
[u'SCCH101_SEM2_2018', u'template_2018', u'SCCH101', u'SCIENCE I:  CHEMISTRY', u'DISOM1', u'DIPLOMA IN SOMATOLOGY', u'22', u'SEM2', u'D1', u'OTNAME', u'A', u'50030111:FERGUSON;', u'']
check 'SCCH101_SEM2_2018' 'SCCH101'
adding  SCCH101
requesting:  http://10.0.100.98:8000/bbinfo/matching_courses/SCCH101%25
r= <Response [200]>
matching classes= set([u'SCCH101_SEM2_2018'])
[u'SCCH101_SEM2_2018', u'template_2018', u'SCCH101', u'SCIENCE I:  CHEMISTRY', u'DISMF1', u'DIPLOMA IN SOMATOLOGY (4 YEARS)', u'22', u'SEM2', u'D1', u'OTNAME', u'A', u'50030111:FERGUSON;', u'']
check 'SCCH101_SEM2_2018' 'SCCH101'
adding  SCCH101
requesting:  http://10.0.100.98:8000/bbinfo/matching_courses/SCCH101%25
r= <Response [200]>
matching classes= set([u'SCCH101_SEM2_2018'])
[u'SCCS201_SEM2_2018', u'template_2018', u'SCCS201', u'SCIENCE II:  COSMETIC', u'DISOM1', u'DIPLOMA IN SOMATOLOGY', u'22', u'SEM2', u'D1', u'OTNAME', u'A', u'50030111:FERGUSON;', u'']
check 'SCCS201_SEM2_2018' 'SCCS201'
adding  SCCS201
requesting:  http://10.0.100.98:8000/bbinfo/matching_courses/SCCS201%25
r= <Response [200]>
matching classes= set([u'SCCS201_SEM2_2018'])
[u'SCCS201_SEM2_2018', u'template_2018', u'SCCS201', u'SCIENCE II:  COSMETIC', u'DISMF1', u'DIPLOMA IN SOMATOLOGY (4 YEARS)', u'22', u'SEM2', u'D1', u'OTNAME', u'A', u'50030111:FERGUSON;', u'']
check 'SCCS201_SEM2_2018' 'SCCS201'
adding  SCCS201
requesting:  http://10.0.100.98:8000/bbinfo/matching_courses/SCCS201%25
r= <Response [200]>
matching classes= set([u'SCCS201_SEM2_2018'])
processXLS: finished processing workingSheets/data/BBC3402Chemistry2017.xls
getWS: requesting:  http://10.0.100.98:8000/itsenrol/classlist/2018/22/ACMS301 rsp= <Response [200]>
getWS: requesting:  http://10.0.100.98:8000/bbinfo/classlist/ACMS301 rsp= <Response [200]>
getNewStudentsInSubject: ITS 40, BB 3 -> 40 new enrollments
getWS: requesting:  http://10.0.100.98:8000/itsenrol/classlist/2018/22/ANCH101 rsp= <Response [200]>
getWS: requesting:  http://10.0.100.98:8000/bbinfo/classlist/ANCH101 rsp= <Response [200]>
getNewStudentsInSubject: ITS 67, BB 71 -> 63 new enrollments
getWS: requesting:  http://10.0.100.98:8000/itsenrol/classlist/2018/22/ENCB101 rsp= <Response [200]>
getWS: requesting:  http://10.0.100.98:8000/bbinfo/classlist/ENCB101 rsp= <Response [200]>
getNewStudentsInSubject: ITS 70, BB 1 -> 70 new enrollments
getWS: requesting:  http://10.0.100.98:8000/itsenrol/classlist/2018/22/ACHM422 rsp= <Response [200]>
getWS: requesting:  http://10.0.100.98:8000/bbinfo/classlist/ACHM422 rsp= <Response [200]>
getNewStudentsInSubject: ITS 16, BB 4 -> 16 new enrollments
getWS: requesting:  http://10.0.100.98:8000/itsenrol/classlist/2018/22/TXSC211 rsp= <Response [200]>
getWS: requesting:  http://10.0.100.98:8000/bbinfo/classlist/TXSC211 rsp= <Response [200]>
getNewStudentsInSubject: ITS 11, BB 2 -> 11 new enrollments
getWS: requesting:  http://10.0.100.98:8000/itsenrol/classlist/2018/22/ACPR322 rsp= <Response [200]>
getWS: requesting:  http://10.0.100.98:8000/bbinfo/classlist/ACPR322 rsp= <Response [200]>
getNewStudentsInSubject: ITS 4, BB 2 -> 4 new enrollments
getWS: requesting:  http://10.0.100.98:8000/itsenrol/classlist/2018/22/ACCH301 rsp= <Response [200]>
getWS: requesting:  http://10.0.100.98:8000/bbinfo/classlist/ACCH301 rsp= <Response [200]>
getNewStudentsInSubject: ITS 40, BB 2 -> 40 new enrollments
getWS: requesting:  http://10.0.100.98:8000/itsenrol/classlist/2018/22/CMPJ301 rsp= <Response [200]>
getWS: requesting:  http://10.0.100.98:8000/bbinfo/classlist/CMPJ301 rsp= <Response [200]>
getNewStudentsInSubject: ITS 28, BB 85 -> 28 new enrollments
getWS: requesting:  http://10.0.100.98:8000/itsenrol/classlist/2018/22/CQAS201 rsp= <Response [200]>
getWS: requesting:  http://10.0.100.98:8000/bbinfo/classlist/CQAS201 rsp= <Response [200]>
getNewStudentsInSubject: ITS 5, BB 1 -> 5 new enrollments
getWS: requesting:  http://10.0.100.98:8000/itsenrol/classlist/2018/22/ACAS301 rsp= <Response [200]>
getWS: requesting:  http://10.0.100.98:8000/bbinfo/classlist/ACAS301 rsp= <Response [200]>
getNewStudentsInSubject: ITS 40, BB 4 -> 40 new enrollments
getWS: requesting:  http://10.0.100.98:8000/itsenrol/classlist/2018/22/CQLA101 rsp= <Response [200]>
getWS: requesting:  http://10.0.100.98:8000/bbinfo/classlist/CQLA101 rsp= <Response [200]>
getNewStudentsInSubject: ITS 40, BB 1 -> 40 new enrollments
getWS: requesting:  http://10.0.100.98:8000/itsenrol/classlist/2018/22/ORCH201 rsp= <Response [200]>
getWS: requesting:  http://10.0.100.98:8000/bbinfo/classlist/ORCH201 rsp= <Response [200]>
getNewStudentsInSubject: ITS 0, BB 32 -> 0 new enrollments
getWS: requesting:  http://10.0.100.98:8000/itsenrol/classlist/2018/22/CHPJ201 rsp= <Response [200]>
getWS: requesting:  http://10.0.100.98:8000/bbinfo/classlist/CHPJ201 rsp= <Response [200]>
getNewStudentsInSubject: ITS 0, BB 3 -> 0 new enrollments
getWS: requesting:  http://10.0.100.98:8000/itsenrol/classlist/2018/22/EXLN201 rsp= <Response [200]>
getWS: requesting:  http://10.0.100.98:8000/bbinfo/classlist/EXLN201 rsp= <Response [200]>
getNewStudentsInSubject: ITS 0, BB 3 -> 0 new enrollments
getWS: requesting:  http://10.0.100.98:8000/itsenrol/classlist/2018/22/ACHM313 rsp= <Response [200]>
getWS: requesting:  http://10.0.100.98:8000/bbinfo/classlist/ACHM313 rsp= <Response [200]>
getNewStudentsInSubject: ITS 6, BB 3 -> 6 new enrollments
getWS: requesting:  http://10.0.100.98:8000/itsenrol/classlist/2018/22/INCH201 rsp= <Response [200]>
getWS: requesting:  http://10.0.100.98:8000/bbinfo/classlist/INCH201 rsp= <Response [200]>
getNewStudentsInSubject: ITS 0, BB 45 -> 0 new enrollments
getWS: requesting:  http://10.0.100.98:8000/itsenrol/classlist/2018/22/PHCH201 rsp= <Response [200]>
getWS: requesting:  http://10.0.100.98:8000/bbinfo/classlist/PHCH201 rsp= <Response [200]>
getNewStudentsInSubject: ITS 40, BB 73 -> 38 new enrollments
getWS: requesting:  http://10.0.100.98:8000/itsenrol/classlist/2018/22/SCCH101 rsp= <Response [200]>
getWS: requesting:  http://10.0.100.98:8000/bbinfo/classlist/SCCH101 rsp= <Response [200]>
getNewStudentsInSubject: ITS 62, BB 1 -> 62 new enrollments
getWS: requesting:  http://10.0.100.98:8000/itsenrol/classlist/2018/22/ACPR312 rsp= <Response [200]>
getWS: requesting:  http://10.0.100.98:8000/bbinfo/classlist/ACPR312 rsp= <Response [200]>
getNewStudentsInSubject: ITS 4, BB 1 -> 4 new enrollments
getWS: requesting:  http://10.0.100.98:8000/itsenrol/classlist/2018/22/ACEC301 rsp= <Response [200]>
getWS: requesting:  http://10.0.100.98:8000/bbinfo/classlist/ACEC301 rsp= <Response [200]>
getNewStudentsInSubject: ITS 40, BB 3 -> 40 new enrollments
getWS: requesting:  http://10.0.100.98:8000/itsenrol/classlist/2018/22/ACBL201 rsp= <Response [200]>
getWS: requesting:  http://10.0.100.98:8000/bbinfo/classlist/ACBL201 rsp= <Response [200]>
getNewStudentsInSubject: ITS 18, BB 4 -> 18 new enrollments
getWS: requesting:  http://10.0.100.98:8000/itsenrol/classlist/2018/22/CPRJ422 rsp= <Response [200]>
getWS: requesting:  http://10.0.100.98:8000/bbinfo/classlist/CPRJ422 rsp= <Response [200]>
getNewStudentsInSubject: ITS 16, BB 32 -> 16 new enrollments
getWS: requesting:  http://10.0.100.98:8000/itsenrol/classlist/2018/22/CSTY101 rsp= <Response [200]>
getWS: requesting:  http://10.0.100.98:8000/bbinfo/classlist/CSTY101 rsp= <Response [200]>
getNewStudentsInSubject: ITS 34, BB 128 -> 33 new enrollments
getWS: requesting:  http://10.0.100.98:8000/itsenrol/classlist/2018/22/OPCH101 rsp= <Response [200]>
getWS: requesting:  http://10.0.100.98:8000/bbinfo/classlist/OPCH101 rsp= <Response [200]>
getNewStudentsInSubject: ITS 71, BB 72 -> 63 new enrollments
getWS: requesting:  http://10.0.100.98:8000/itsenrol/classlist/2018/22/CHMB102 rsp= <Response [200]>
getWS: requesting:  http://10.0.100.98:8000/bbinfo/classlist/CHMB102 rsp= <Response [200]>
getNewStudentsInSubject: ITS 0, BB 208 -> 0 new enrollments
getWS: requesting:  http://10.0.100.98:8000/itsenrol/classlist/2018/22/ACHM323 rsp= <Response [200]>
getWS: requesting:  http://10.0.100.98:8000/bbinfo/classlist/ACHM323 rsp= <Response [200]>
getNewStudentsInSubject: ITS 6, BB 4 -> 6 new enrollments
getWS: requesting:  http://10.0.100.98:8000/itsenrol/classlist/2018/22/SCCS201 rsp= <Response [200]>
getWS: requesting:  http://10.0.100.98:8000/bbinfo/classlist/SCCS201 rsp= <Response [200]>
getNewStudentsInSubject: ITS 0, BB 1 -> 0 new enrollments
getWS: requesting:  http://10.0.100.98:8000/itsenrol/classlist/2018/22/ACHM103 rsp= <Response [200]>
getWS: requesting:  http://10.0.100.98:8000/bbinfo/classlist/ACHM103 rsp= <Response [200]>
getNewStudentsInSubject: ITS 0, BB 5 -> 0 new enrollments
main: Writing students...
main: Writing enrollments...
main: Finished processing workingSheets/data/BBC3402Chemistry2017.xls
main: 28 subjects processed
main: 57 subject -> classroom maps
main: 386 students
main: 643 student enrollments 0 errors
0.50user 0.11system 0:05.56elapsed 11%CPU (0avgtext+0avgdata 60656maxresident)k
144inputs+168outputs (0major+7286minor)pagefaults 0swaps
POSTING SNAPSHOTS to SIS endpoint
TEST RUN, NOT POSTING BBSTUDENTS
TEST RUN, NOT POSTIN BBENROL
copy snapshot files to saved output
=== department done ===
syncing logs...
Pushing logs from logs/20180723111852 to remote...
sending incremental file list
./
BBC3402Chemistry2017.BBENROL.txt
BBC3402Chemistry2017.BBSTUDENTS.txt
BBC3402Chemistry2017.Enrolomat.txt
BBC3402Chemistry2017.Postlog.txt

sent 190054 bytes  received 91 bytes  20015.26 bytes/sec
total size is 5174798  speedup is 27.22
logging to logs/20180723111852
=== generate newenrollments for BBC3403Horticulture2017. ===
GENERATE SNAPSHOTS...
./BBCIncrementalEnrollerX2.py : generating enrolment files for subjects in  workingSheets/data/BBC3403Horticulture2017.xls
processXLS: start spreadsheet workingSheets/data/BBC3403Horticulture2017.xls
[u'2018 Blackboard Classrooms for Department: 3403 - HORTICULTURE', u'', u'', u'', u'', u'', u'', u'', u'', u'', u'', u'', u'']
check '2018 Blackboard Classrooms for Department: 3403 - HORTICULTURE' ''
[u'', u'', u'', u'', u'', u'', u'', u'', u'', u'', u'', u'', u'']
check '' ''
[u'BB Classroom', u'Migrate Classroom', u'ITS Subject', u'', u'ITS Qualification', u'', u'Block', u'', u'Off Type', u'', u'Grp', u'Lecturer(s)', u'2016 Enrol']
check 'BB Classroom' 'ITS Subject'
[u'ESTD102_SEM2_2018', u'ESTD102_SEM2_2017', u'ESTD102', u'ENVIRONMENTAL STUDIES I', u'NDHRT2', u'ND: HORTICULTURE', u'22', u'SEMESTER 2', u'D1', u'Durban Campus Full-time', u'A', u'40009080:GOVENDER;', 36.0]
check 'ESTD102_SEM2_2018' 'ESTD102'
adding  ESTD102
requesting:  http://10.0.100.98:8000/bbinfo/matching_courses/ESTD102%25
r= <Response [200]>
matching classes= set([u'ESTD102_14_MAGN', u'ESTD102_SEM2_2016', u'ESTD102_13_FOLJ', u'ESTD102_SEM2_2018', u'ESTD102_SEM2_2017'])
[u'ESTD102_SEM2_2018', u'ESTD102_SEM2_2017', u'ESTD102', u'ENVIRONMENTAL STUDIES I', u'NDHTF1', u'ND: HORTICULTURE (4 YEARS)', u'22', u'SEMESTER 2', u'D1', u'Durban Campus Full-time', u'A', u'40009080:GOVENDER;', 13.0]
check 'ESTD102_SEM2_2018' 'ESTD102'
adding  ESTD102
requesting:  http://10.0.100.98:8000/bbinfo/matching_courses/ESTD102%25
r= <Response [200]>
matching classes= set([u'ESTD102_14_MAGN', u'ESTD102_SEM2_2016', u'ESTD102_13_FOLJ', u'ESTD102_SEM2_2018', u'ESTD102_SEM2_2017'])
[u'', u'', u'', u'', u'', u'', u'', u'', u'', u'', u'', u'', u'']
check '' ''
[u'GMET101_SEM1_2018', u'GMET101_SEM1_2017', u'GMET101', u'GROWTH MEDIA TECHNOLOGY I', u'NDHRT2', u'ND: HORTICULTURE', u'21', u'SEMESTER 1', u'D1', u'Durban Campus Full-time', u'A', u'40006432:Badenhorst', 65.0]
check 'GMET101_SEM1_2018' 'GMET101'
processXLS: only for SEM2 [u'GMET101_SEM1_2018', u'GMET101_SEM1_2017', u'GMET101', u'GROWTH MEDIA TECHNOLOGY I', u'NDHRT2', u'ND: HORTICULTURE', u'21', u'SEMESTER 1', u'D1', u'Durban Campus Full-time', u'A', u'40006432:Badenhorst', 65.0]
[u'GMET101_SEM1_2018', u'GMET101_SEM1_2017', u'GMET101', u'GROWTH MEDIA TECHNOLOGY I', u'NDHTF1', u'ND: HORTICULTURE (4 YEARS)', u'21', u'SEMESTER 1', u'D1', u'Durban Campus Full-time', u'A', u'40006432:Badenhorst', 12.0]
check 'GMET101_SEM1_2018' 'GMET101'
processXLS: only for SEM2 [u'GMET101_SEM1_2018', u'GMET101_SEM1_2017', u'GMET101', u'GROWTH MEDIA TECHNOLOGY I', u'NDHTF1', u'ND: HORTICULTURE (4 YEARS)', u'21', u'SEMESTER 1', u'D1', u'Durban Campus Full-time', u'A', u'40006432:Badenhorst', 12.0]
[u'', u'', u'', u'', u'', u'', u'', u'', u'', u'', u'', u'', u'']
check '' ''
[u'HMEC101_SEM1_2018', u'HMEC101_SEM1_2017', u'HMEC101', u'HORTICULTURAL MECHANISATION I', u'NDHRT2', u'ND: HORTICULTURE', u'21', u'SEMESTER 1', u'D1', u'Durban Campus Full-time', u'A', u'40006432:Badenhorst', 63.0]
check 'HMEC101_SEM1_2018' 'HMEC101'
processXLS: only for SEM2 [u'HMEC101_SEM1_2018', u'HMEC101_SEM1_2017', u'HMEC101', u'HORTICULTURAL MECHANISATION I', u'NDHRT2', u'ND: HORTICULTURE', u'21', u'SEMESTER 1', u'D1', u'Durban Campus Full-time', u'A', u'40006432:Badenhorst', 63.0]
[u'HMEC101_SEM1_2018', u'HMEC101_SEM1_2017', u'HMEC101', u'HORTICULTURAL MECHANISATION I', u'NDHTF1', u'ND: HORTICULTURE (4 YEARS)', u'21', u'SEMESTER 1', u'D1', u'Durban Campus Full-time', u'A', u'40006432:Badenhorst', 13.0]
check 'HMEC101_SEM1_2018' 'HMEC101'
processXLS: only for SEM2 [u'HMEC101_SEM1_2018', u'HMEC101_SEM1_2017', u'HMEC101', u'HORTICULTURAL MECHANISATION I', u'NDHTF1', u'ND: HORTICULTURE (4 YEARS)', u'21', u'SEMESTER 1', u'D1', u'Durban Campus Full-time', u'A', u'40006432:Badenhorst', 13.0]
[u'', u'', u'', u'', u'', u'', u'', u'', u'', u'', u'', u'', u'']
check '' ''
[u'HORT102_SEM1_2018', u'HORT102_SEM1_2017', u'HORT102', u'HORTICULTURE I', u'NDHRT2', u'ND: HORTICULTURE', u'21', u'SEMESTER 1', u'D1', u'Durban Campus Full-time', u'A', u'40003859:GOVENDER', 61.0]
check 'HORT102_SEM1_2018' 'HORT102'
processXLS: only for SEM2 [u'HORT102_SEM1_2018', u'HORT102_SEM1_2017', u'HORT102', u'HORTICULTURE I', u'NDHRT2', u'ND: HORTICULTURE', u'21', u'SEMESTER 1', u'D1', u'Durban Campus Full-time', u'A', u'40003859:GOVENDER', 61.0]
[u'HORT102_SEM1_2018', u'HORT102_SEM1_2017', u'HORT102', u'HORTICULTURE I', u'NDHTF1', u'ND: HORTICULTURE (4 YEARS)', u'21', u'SEMESTER 1', u'D1', u'Durban Campus Full-time', u'A', u'40003859:GOVENDER', 16.0]
check 'HORT102_SEM1_2018' 'HORT102'
processXLS: only for SEM2 [u'HORT102_SEM1_2018', u'HORT102_SEM1_2017', u'HORT102', u'HORTICULTURE I', u'NDHTF1', u'ND: HORTICULTURE (4 YEARS)', u'21', u'SEMESTER 1', u'D1', u'Durban Campus Full-time', u'A', u'40003859:GOVENDER', 16.0]
[u'', u'', u'', u'', u'', u'', u'', u'', u'', u'', u'', u'', u'']
check '' ''
[u'HTTQ101_SEM1_2018', u'HTTQ101_SEM1_2017', u'HTTQ101', u'HORTICULTURAL TECHNIQUES I', u'NDHTF1', u'ND: HORTICULTURE (4 YEARS)', u'21', u'SEMESTER 1', u'D1', u'Durban Campus Full-time', u'A', u'40006432:Badenhorst', 15.0]
check 'HTTQ101_SEM1_2018' 'HTTQ101'
processXLS: only for SEM2 [u'HTTQ101_SEM1_2018', u'HTTQ101_SEM1_2017', u'HTTQ101', u'HORTICULTURAL TECHNIQUES I', u'NDHTF1', u'ND: HORTICULTURE (4 YEARS)', u'21', u'SEMESTER 1', u'D1', u'Durban Campus Full-time', u'A', u'40006432:Badenhorst', 15.0]
[u'', u'', u'', u'', u'', u'', u'', u'', u'', u'', u'', u'', u'']
check '' ''
[u'PMAS101_YEAR_2018', u'PMAS101_YEAR_2017', u'PMAS101', u'PLANT MATERIAL STUDIES I', u'NDHTF1', u'ND: HORTICULTURE (4 YEARS)', u'11', u'YEAR', u'D1', u'Durban Campus Full-time', u'A', u'40009080:GOVENDER;40009560:ANUMANTHOO', 15.0]
check 'PMAS101_YEAR_2018' 'PMAS101'
processXLS: only for SEM2 [u'PMAS101_YEAR_2018', u'PMAS101_YEAR_2017', u'PMAS101', u'PLANT MATERIAL STUDIES I', u'NDHTF1', u'ND: HORTICULTURE (4 YEARS)', u'11', u'YEAR', u'D1', u'Durban Campus Full-time', u'A', u'40009080:GOVENDER;40009560:ANUMANTHOO', 15.0]
[u'', u'', u'', u'', u'', u'', u'', u'', u'', u'', u'', u'', u'']
check '' ''
[u'PMAS101_SEM1_2018', u'PMAS101_SEM1_2017', u'PMAS101', u'PLANT MATERIAL STUDIES I', u'NDHRT2', u'ND: HORTICULTURE', u'21', u'SEMESTER 1', u'D1', u'Durban Campus Full-time', u'A', u'40009080:GOVENDER;40009560:ANUMANTHOO', 61.0]
check 'PMAS101_SEM1_2018' 'PMAS101'
processXLS: only for SEM2 [u'PMAS101_SEM1_2018', u'PMAS101_SEM1_2017', u'PMAS101', u'PLANT MATERIAL STUDIES I', u'NDHRT2', u'ND: HORTICULTURE', u'21', u'SEMESTER 1', u'D1', u'Durban Campus Full-time', u'A', u'40009080:GOVENDER;40009560:ANUMANTHOO', 61.0]
[u'', u'', u'', u'', u'', u'', u'', u'', u'', u'', u'', u'', u'']
check '' ''
[u'RSER101_YEAR_2018', u'RSER101_YEAR_2017', u'RSER101', u'RESEARCH METHODOLOGY', u'BTHRT1', u'BT: HORTICULTURE', u'11', u'YEAR', u'D3', u'Durban Campus Part-time', u'A', u'40012485:KARIUKI L N', 27.0]
check 'RSER101_YEAR_2018' 'RSER101'
processXLS: only for SEM2 [u'RSER101_YEAR_2018', u'RSER101_YEAR_2017', u'RSER101', u'RESEARCH METHODOLOGY', u'BTHRT1', u'BT: HORTICULTURE', u'11', u'YEAR', u'D3', u'Durban Campus Part-time', u'A', u'40012485:KARIUKI L N', 27.0]
[u'', u'', u'', u'', u'', u'', u'', u'', u'', u'', u'', u'', u'']
check '' ''
[u'SPLN101_SEM1_2018', u'SPLN101_SEM1_2017', u'SPLN101', u'SITE PLANNING I', u'NDHRT2', u'ND: HORTICULTURE', u'21', u'SEMESTER 1', u'D1', u'Durban Campus Full-time', u'A', u'40006432:Badenhorst', 64.0]
check 'SPLN101_SEM1_2018' 'SPLN101'
processXLS: only for SEM2 [u'SPLN101_SEM1_2018', u'SPLN101_SEM1_2017', u'SPLN101', u'SITE PLANNING I', u'NDHRT2', u'ND: HORTICULTURE', u'21', u'SEMESTER 1', u'D1', u'Durban Campus Full-time', u'A', u'40006432:Badenhorst', 64.0]
[u'SPLN101_SEM1_2018', u'SPLN101_SEM1_2017', u'SPLN101', u'SITE PLANNING I', u'NDHTF1', u'ND: HORTICULTURE (4 YEARS)', u'21', u'SEMESTER 1', u'D1', u'Durban Campus Full-time', u'A', u'40006432:Badenhorst', 12.0]
check 'SPLN101_SEM1_2018' 'SPLN101'
processXLS: only for SEM2 [u'SPLN101_SEM1_2018', u'SPLN101_SEM1_2017', u'SPLN101', u'SITE PLANNING I', u'NDHTF1', u'ND: HORTICULTURE (4 YEARS)', u'21', u'SEMESTER 1', u'D1', u'Durban Campus Full-time', u'A', u'40006432:Badenhorst', 12.0]
[u'', u'', u'', u'', u'', u'', u'', u'', u'', u'', u'', u'', u'']
check '' ''
[u'SUMN102_YEAR_2018', u'SUMN102_YEAR_2017', u'SUMN102', u'SUPERVISORY MANAGEMENT I', u'NDHTF1', u'ND: HORTICULTURE (4 YEARS)', u'11', u'YEAR', u'D1', u'Durban Campus Full-time', u'A', u'40003859:GOVENDER', 15.0]
check 'SUMN102_YEAR_2018' 'SUMN102'
processXLS: only for SEM2 [u'SUMN102_YEAR_2018', u'SUMN102_YEAR_2017', u'SUMN102', u'SUPERVISORY MANAGEMENT I', u'NDHTF1', u'ND: HORTICULTURE (4 YEARS)', u'11', u'YEAR', u'D1', u'Durban Campus Full-time', u'A', u'40003859:GOVENDER', 15.0]
[u'', u'', u'', u'', u'', u'', u'', u'', u'', u'', u'', u'', u'']
check '' ''
[u'SUMN102_SEM1_2018', u'SUMN102_SEM1_2017', u'SUMN102', u'SUPERVISORY MANAGEMENT I', u'NDHRT2', u'ND: HORTICULTURE', u'21', u'SEMESTER 1', u'D1', u'Durban Campus Full-time', u'A', u'40003859:GOVENDER', 62.0]
check 'SUMN102_SEM1_2018' 'SUMN102'
processXLS: only for SEM2 [u'SUMN102_SEM1_2018', u'SUMN102_SEM1_2017', u'SUMN102', u'SUPERVISORY MANAGEMENT I', u'NDHRT2', u'ND: HORTICULTURE', u'21', u'SEMESTER 1', u'D1', u'Durban Campus Full-time', u'A', u'40003859:GOVENDER', 62.0]
[u'', u'', u'', u'', u'', u'', u'', u'', u'', u'', u'', u'', u'']
check '' ''
[u'TGCL101_SEM2_2018', u'TGCL101_SEM2_2017', u'TGCL101', u'TURFGRASS CULTURE I', u'NDHRT2', u'ND: HORTICULTURE', u'22', u'SEMESTER 2', u'D1', u'Durban Campus Full-time', u'A', u'40003859:GOVENDER', 35.0]
check 'TGCL101_SEM2_2018' 'TGCL101'
adding  TGCL101
requesting:  http://10.0.100.98:8000/bbinfo/matching_courses/TGCL101%25
r= <Response [200]>
matching classes= set([u'TGCL101_13_MEUJ', u'TGCL101_SEM2_2018', u'TGCL101_SEM2_2017', u'TGCL101_15', u'TGCL101_SEM2_2016'])
[u'TGCL101_SEM2_2018', u'TGCL101_SEM2_2017', u'TGCL101', u'TURFGRASS CULTURE I', u'NDHTF1', u'ND: HORTICULTURE (4 YEARS)', u'22', u'SEMESTER 2', u'D1', u'Durban Campus Full-time', u'A', u'40003859:GOVENDER', 12.0]
check 'TGCL101_SEM2_2018' 'TGCL101'
adding  TGCL101
requesting:  http://10.0.100.98:8000/bbinfo/matching_courses/TGCL101%25
r= <Response [200]>
matching classes= set([u'TGCL101_13_MEUJ', u'TGCL101_SEM2_2018', u'TGCL101_SEM2_2017', u'TGCL101_15', u'TGCL101_SEM2_2016'])
[u'', u'', u'', u'', u'', u'', u'', u'', u'', u'', u'', u'', u'']
check '' ''
[u'ESTD201_YEAR_2018', u'ESTD201_YEAR_2017', u'ESTD201', u'ENVIRONMENTAL STUDIES II', u'NDHRT2', u'ND: HORTICULTURE', u'11', u'YEAR', u'D1', u'Durban Campus Full-time', u'A', u'40009080:GOVENDER;', 37.0]
check 'ESTD201_YEAR_2018' 'ESTD201'
processXLS: only for SEM2 [u'ESTD201_YEAR_2018', u'ESTD201_YEAR_2017', u'ESTD201', u'ENVIRONMENTAL STUDIES II', u'NDHRT2', u'ND: HORTICULTURE', u'11', u'YEAR', u'D1', u'Durban Campus Full-time', u'A', u'40009080:GOVENDER;', 37.0]
[u'ESTD201_YEAR_2018', u'ESTD201_YEAR_2017', u'ESTD201', u'ENVIRONMENTAL STUDIES II', u'NDHTF1', u'ND: HORTICULTURE (4 YEARS)', u'11', u'YEAR', u'D1', u'Durban Campus Full-time', u'A', u'40009080:GOVENDER;', 10.0]
check 'ESTD201_YEAR_2018' 'ESTD201'
processXLS: only for SEM2 [u'ESTD201_YEAR_2018', u'ESTD201_YEAR_2017', u'ESTD201', u'ENVIRONMENTAL STUDIES II', u'NDHTF1', u'ND: HORTICULTURE (4 YEARS)', u'11', u'YEAR', u'D1', u'Durban Campus Full-time', u'A', u'40009080:GOVENDER;', 10.0]
[u'', u'', u'', u'', u'', u'', u'', u'', u'', u'', u'', u'', u'']
check '' ''
[u'HMNT203_SEM2_2018', u'HMNT203_SEM2_2017', u'HMNT203', u'HORTICULTURAL MANAGEMENT II', u'NDHRT2', u'ND: HORTICULTURE', u'22', u'SEMESTER 2', u'D1', u'Durban Campus Full-time', u'A', u'40003859:GOVENDER', 28.0]
check 'HMNT203_SEM2_2018' 'HMNT203'
adding  HMNT203
requesting:  http://10.0.100.98:8000/bbinfo/matching_courses/HMNT203%25
r= <Response [200]>
matching classes= set([u'HMNT203_SEM2_2017', u'HMNT203_SEM2_2016', u'HMNT203_15_GOOA', u'HMNT203_SEM2_2018'])
[u'HMNT203_SEM2_2018', u'HMNT203_SEM2_2017', u'HMNT203', u'HORTICULTURAL MANAGEMENT II', u'NDHTF1', u'ND: HORTICULTURE (4 YEARS)', u'22', u'SEMESTER 2', u'D1', u'Durban Campus Full-time', u'A', u'40003859:GOVENDER', 12.0]
check 'HMNT203_SEM2_2018' 'HMNT203'
adding  HMNT203
requesting:  http://10.0.100.98:8000/bbinfo/matching_courses/HMNT203%25
r= <Response [200]>
matching classes= set([u'HMNT203_SEM2_2017', u'HMNT203_SEM2_2016', u'HMNT203_15_GOOA', u'HMNT203_SEM2_2018'])
[u'', u'', u'', u'', u'', u'', u'', u'', u'', u'', u'', u'', u'']
check '' ''
[u'HORT202_SEM2_2018', u'HORT202_SEM2_2017', u'HORT202', u'HORTICULTURE II', u'NDHRT2', u'ND: HORTICULTURE', u'22', u'SEMESTER 2', u'D1', u'Durban Campus Full-time', u'A', u'40006432:Badenhorst', 38.0]
check 'HORT202_SEM2_2018' 'HORT202'
adding  HORT202
requesting:  http://10.0.100.98:8000/bbinfo/matching_courses/HORT202%25
r= <Response [200]>
matching classes= set([u'HORT202_13_BADA', u'HORT202_SEM2_2016', u'HORT202_SEM2_2018', u'HORT202_SEM2_2017'])
[u'HORT202_SEM2_2018', u'HORT202_SEM2_2017', u'HORT202', u'HORTICULTURE II', u'NDHTF1', u'ND: HORTICULTURE (4 YEARS)', u'22', u'SEMESTER 2', u'D1', u'Durban Campus Full-time', u'A', u'40006432:Badenhorst', 13.0]
check 'HORT202_SEM2_2018' 'HORT202'
adding  HORT202
requesting:  http://10.0.100.98:8000/bbinfo/matching_courses/HORT202%25
r= <Response [200]>
matching classes= set([u'HORT202_13_BADA', u'HORT202_SEM2_2016', u'HORT202_SEM2_2018', u'HORT202_SEM2_2017'])
[u'', u'', u'', u'', u'', u'', u'', u'', u'', u'', u'', u'', u'']
check '' ''
[u'HTTQ201_SEM2_2018', u'HTTQ201_SEM2_2017', u'HTTQ201', u'HORTICULTURAL TECHNIQUES II', u'NDHTF1', u'ND: HORTICULTURE (4 YEARS)', u'22', u'SEMESTER 2', u'D1', u'Durban Campus Full-time', u'A', u'40006432:Badenhorst;40011769:BEATO', 13.0]
check 'HTTQ201_SEM2_2018' 'HTTQ201'
adding  HTTQ201
requesting:  http://10.0.100.98:8000/bbinfo/matching_courses/HTTQ201%25
r= <Response [200]>
matching classes= set([u'HTTQ201_SEM2_2018', u'HTTQ201_14_GOOA', u'HTTQ201_SEM2_2017', u'HTTQ201_SEM2_2016'])
[u'', u'', u'', u'', u'', u'', u'', u'', u'', u'', u'', u'', u'']
check '' ''
[u'PLPR201_YEAR_2018', u'PLPR201_YEAR_2017', u'PLPR201', u'PLANT PROTECTION II', u'NDHRT2', u'ND: HORTICULTURE', u'11', u'YEAR', u'D1', u'Durban Campus Full-time', u'A', u'40012485:KARIUKI;', 33.0]
check 'PLPR201_YEAR_2018' 'PLPR201'
processXLS: only for SEM2 [u'PLPR201_YEAR_2018', u'PLPR201_YEAR_2017', u'PLPR201', u'PLANT PROTECTION II', u'NDHRT2', u'ND: HORTICULTURE', u'11', u'YEAR', u'D1', u'Durban Campus Full-time', u'A', u'40012485:KARIUKI;', 33.0]
[u'PLPR201_YEAR_2018', u'PLPR201_YEAR_2017', u'PLPR201', u'PLANT PROTECTION II', u'NDHTF1', u'ND: HORTICULTURE (4 YEARS)', u'11', u'YEAR', u'D1', u'Durban Campus Full-time', u'A', u'40012485:KARIUKI', 11.0]
check 'PLPR201_YEAR_2018' 'PLPR201'
processXLS: only for SEM2 [u'PLPR201_YEAR_2018', u'PLPR201_YEAR_2017', u'PLPR201', u'PLANT PROTECTION II', u'NDHTF1', u'ND: HORTICULTURE (4 YEARS)', u'11', u'YEAR', u'D1', u'Durban Campus Full-time', u'A', u'40012485:KARIUKI', 11.0]
[u'', u'', u'', u'', u'', u'', u'', u'', u'', u'', u'', u'', u'']
check '' ''
[u'PMAS201_SEM2_2018', u'PMAS201_SEM2_2017', u'PMAS201', u'PLANT MATERIAL STUDIES II', u'NDHRT2', u'ND: HORTICULTURE', u'22', u'SEMESTER 2', u'D1', u'Durban Campus Full-time', u'A', u'40009080:GOVENDER;40011769:BEATO;40013860:KALICHARAN', 39.0]
check 'PMAS201_SEM2_2018' 'PMAS201'
adding  PMAS201
requesting:  http://10.0.100.98:8000/bbinfo/matching_courses/PMAS201%25
r= <Response [200]>
matching classes= set([u'PMAS201_SEM2_2018', u'PMAS201_15_GOVI', u'PMAS201_SEM2_2017', u'PMAS201_13_FOLJ', u'PMAS201_SEM2_2016'])
[u'PMAS201_SEM2_2018', u'PMAS201_SEM2_2017', u'PMAS201', u'PLANT MATERIAL STUDIES II', u'NDHTF1', u'ND: HORTICULTURE (4 YEARS)', u'22', u'SEMESTER 2', u'D1', u'Durban Campus Full-time', u'A', u'40009080:GOVENDER;40011769:BEATO;40013860:KALICHARAN', 14.0]
check 'PMAS201_SEM2_2018' 'PMAS201'
adding  PMAS201
requesting:  http://10.0.100.98:8000/bbinfo/matching_courses/PMAS201%25
r= <Response [200]>
matching classes= set([u'PMAS201_SEM2_2018', u'PMAS201_15_GOVI', u'PMAS201_SEM2_2017', u'PMAS201_13_FOLJ', u'PMAS201_SEM2_2016'])
[u'', u'', u'', u'', u'', u'', u'', u'', u'', u'', u'', u'', u'']
check '' ''
[u'HORT302_YEAR_2018', u'HORT302_YEAR_2017', u'HORT302', u'HORTICULTURE III', u'NDHRT2', u'ND: HORTICULTURE', u'11', u'YEAR', u'D1', u'Durban Campus Full-time', u'A', u'40006432:Badenhorst', 42.0]
check 'HORT302_YEAR_2018' 'HORT302'
processXLS: only for SEM2 [u'HORT302_YEAR_2018', u'HORT302_YEAR_2017', u'HORT302', u'HORTICULTURE III', u'NDHRT2', u'ND: HORTICULTURE', u'11', u'YEAR', u'D1', u'Durban Campus Full-time', u'A', u'40006432:Badenhorst', 42.0]
[u'HORT302_YEAR_2018', u'HORT302_YEAR_2017', u'HORT302', u'HORTICULTURE III', u'NDHTF1', u'ND: HORTICULTURE (4 YEARS)', u'11', u'YEAR', u'D1', u'Durban Campus Full-time', u'A', u'40006432:Badenhorst', 12.0]
check 'HORT302_YEAR_2018' 'HORT302'
processXLS: only for SEM2 [u'HORT302_YEAR_2018', u'HORT302_YEAR_2017', u'HORT302', u'HORTICULTURE III', u'NDHTF1', u'ND: HORTICULTURE (4 YEARS)', u'11', u'YEAR', u'D1', u'Durban Campus Full-time', u'A', u'40006432:Badenhorst', 12.0]
[u'', u'', u'', u'', u'', u'', u'', u'', u'', u'', u'', u'', u'']
check '' ''
[u'PMAS301_YEAR_2018', u'PMAS301_YEAR_2017', u'PMAS301', u'PLANT MATERIAL STUDIES III', u'NDHRT2', u'ND: HORTICULTURE', u'11', u'YEAR', u'D1', u'Durban Campus Full-time', u'A', u'40012485:KARIUKI', 34.0]
check 'PMAS301_YEAR_2018' 'PMAS301'
processXLS: only for SEM2 [u'PMAS301_YEAR_2018', u'PMAS301_YEAR_2017', u'PMAS301', u'PLANT MATERIAL STUDIES III', u'NDHRT2', u'ND: HORTICULTURE', u'11', u'YEAR', u'D1', u'Durban Campus Full-time', u'A', u'40012485:KARIUKI', 34.0]
[u'PMAS301_YEAR_2018', u'PMAS301_YEAR_2017', u'PMAS301', u'PLANT MATERIAL STUDIES III', u'NDHTF1', u'ND: HORTICULTURE (4 YEARS)', u'11', u'YEAR', u'D1', u'Durban Campus Full-time', u'A', u'40012485:KARIUKI;', 12.0]
check 'PMAS301_YEAR_2018' 'PMAS301'
processXLS: only for SEM2 [u'PMAS301_YEAR_2018', u'PMAS301_YEAR_2017', u'PMAS301', u'PLANT MATERIAL STUDIES III', u'NDHTF1', u'ND: HORTICULTURE (4 YEARS)', u'11', u'YEAR', u'D1', u'Durban Campus Full-time', u'A', u'40012485:KARIUKI;', 12.0]
[u'', u'', u'', u'', u'', u'', u'', u'', u'', u'', u'', u'', u'']
check '' ''
[u'HPTC401_YEAR_2018', u'HPTC401_YEAR_2017', u'HPTC401', u'HORTICULTURAL PRODUCTION TECHNOLOGY IV', u'BTHRT1', u'BT: HORTICULTURE', u'11', u'YEAR', u'D3', u'Durban Campus Part-time', u'A', u'40006432:Badenhorst;40012485:KARIUKI', 30.0]
check 'HPTC401_YEAR_2018' 'HPTC401'
processXLS: only for SEM2 [u'HPTC401_YEAR_2018', u'HPTC401_YEAR_2017', u'HPTC401', u'HORTICULTURAL PRODUCTION TECHNOLOGY IV', u'BTHRT1', u'BT: HORTICULTURE', u'11', u'YEAR', u'D3', u'Durban Campus Part-time', u'A', u'40006432:Badenhorst;40012485:KARIUKI', 30.0]
[u'...', u'', u'', u'', u'', u'', u'', u'', u'', u'', u'', u'', u'']
check '...' ''
[u'New subjects for 2018', u'', u'', u'', u'', u'', u'', u'', u'', u'', u'', u'', u'']
check 'New subjects for 2018' ''
[u'HLOA301_SEM1_2018', u'template_2018', u'HLOA301', u'HORTICULTURAL AND LANDSCAPE OPERATIONS IIIA', u'DISLD1', u'DIP: SUSTAINABLE HORT AND LANDSCAPING', u'21', u'SEM1', u'D1', u'OTNAME', u'A', u'50001936:FOLEY;', u'']
check 'HLOA301_SEM1_2018' 'HLOA301'
processXLS: only for SEM2 [u'HLOA301_SEM1_2018', u'template_2018', u'HLOA301', u'HORTICULTURAL AND LANDSCAPE OPERATIONS IIIA', u'DISLD1', u'DIP: SUSTAINABLE HORT AND LANDSCAPING', u'21', u'SEM1', u'D1', u'OTNAME', u'A', u'50001936:FOLEY;', u'']
[u'SLPA201_SEM1_2018', u'template_2018', u'SLPA201', u'SUSTAINABLE L/SCAPE PLAN & PRAC IIA', u'DISLD1', u'DIP: SUSTAINABLE HORT AND LANDSCAPING', u'21', u'SEM1', u'D1', u'OTNAME', u'A', u'40006432:BADENHORST;', u'']
check 'SLPA201_SEM1_2018' 'SLPA201'
processXLS: only for SEM2 [u'SLPA201_SEM1_2018', u'template_2018', u'SLPA201', u'SUSTAINABLE L/SCAPE PLAN & PRAC IIA', u'DISLD1', u'DIP: SUSTAINABLE HORT AND LANDSCAPING', u'21', u'SEM1', u'D1', u'OTNAME', u'A', u'40006432:BADENHORST;', u'']
[u'SLPB201_SEM2_2018', u'template_2018', u'SLPB201', u'SUSTAINABLE L/SCAPE PLAN & PRAC IIB', u'DISLD1', u'DIP: SUSTAINABLE HORT AND LANDSCAPING', u'22', u'SEM2', u'D1', u'OTNAME', u'A', u'40006432:BADENHORST;', u'']
check 'SLPB201_SEM2_2018' 'SLPB201'
adding  SLPB201
requesting:  http://10.0.100.98:8000/bbinfo/matching_courses/SLPB201%25
r= <Response [200]>
matching classes= set([u'SLPB201_SEM2_2018'])
[u'SLPA301_SEM1_2018', u'template_2018', u'SLPA301', u'SUSTAINABLE L/SCAPE PLAN & PRAC IIIA', u'DISLD1', u'DIP: SUSTAINABLE HORT AND LANDSCAPING', u'21', u'SEM1', u'D1', u'OTNAME', u'A', u'50001936:FOLEY;', u'']
check 'SLPA301_SEM1_2018' 'SLPA301'
processXLS: only for SEM2 [u'SLPA301_SEM1_2018', u'template_2018', u'SLPA301', u'SUSTAINABLE L/SCAPE PLAN & PRAC IIIA', u'DISLD1', u'DIP: SUSTAINABLE HORT AND LANDSCAPING', u'21', u'SEM1', u'D1', u'OTNAME', u'A', u'50001936:FOLEY;', u'']
[u'SLPB301_SEM2_2018', u'template_2018', u'SLPB301', u'SUSTAINABLE L/SCAPE PLAN & PRAC IIIB', u'DISLD1', u'DIP: SUSTAINABLE HORT AND LANDSCAPING', u'22', u'SEM2', u'D1', u'OTNAME', u'A', u'50001936:FOLEY;', u'']
check 'SLPB301_SEM2_2018' 'SLPB301'
adding  SLPB301
requesting:  http://10.0.100.98:8000/bbinfo/matching_courses/SLPB301%25
r= <Response [200]>
matching classes= set([u'SLPB301_SEM2_2018'])
[u'PLSA301_SEM1_2018', u'template_2018', u'PLSA301', u'PLANT STUDIES IIIA', u'DISLD1', u'DIP: SUSTAINABLE HORT AND LANDSCAPING', u'21', u'SEM1', u'D1', u'OTNAME', u'A', u'50001936:FOLEY;', u'']
check 'PLSA301_SEM1_2018' 'PLSA301'
processXLS: only for SEM2 [u'PLSA301_SEM1_2018', u'template_2018', u'PLSA301', u'PLANT STUDIES IIIA', u'DISLD1', u'DIP: SUSTAINABLE HORT AND LANDSCAPING', u'21', u'SEM1', u'D1', u'OTNAME', u'A', u'50001936:FOLEY;', u'']
[u'PLSB301_SEM2_2018', u'template_2018', u'PLSB301', u'PLANT STUDIES IIIB', u'DISLD1', u'DIP: SUSTAINABLE HORT AND LANDSCAPING', u'22', u'SEM2', u'D1', u'OTNAME', u'A', u'50001936:FOLEY;', u'']
check 'PLSB301_SEM2_2018' 'PLSB301'
adding  PLSB301
requesting:  http://10.0.100.98:8000/bbinfo/matching_courses/PLSB301%25
r= <Response [200]>
matching classes= set([u'PLSB301_SEM2_2018'])
[u'HRTB201_SEM2_2018', u'template_2018', u'HRTB201', u'HORTICULTURE IIB', u'DISLD1', u'DIP: SUSTAINABLE HORT AND LANDSCAPING', u'22', u'SEM2', u'D1', u'OTNAME', u'A', u'40006432:BADENHORST;', u'']
check 'HRTB201_SEM2_2018' 'HRTB201'
adding  HRTB201
requesting:  http://10.0.100.98:8000/bbinfo/matching_courses/HRTB201%25
r= <Response [200]>
matching classes= set([u'HRTB201_SEM2_2018'])
[u'HRTA301_SEM1_2018', u'template_2018', u'HRTA301', u'HORTICULTURE IIIA', u'DISLD1', u'DIP: SUSTAINABLE HORT AND LANDSCAPING', u'21', u'SEM1', u'D1', u'OTNAME', u'A', u'50001936:FOLEY;', u'']
check 'HRTA301_SEM1_2018' 'HRTA301'
processXLS: only for SEM2 [u'HRTA301_SEM1_2018', u'template_2018', u'HRTA301', u'HORTICULTURE IIIA', u'DISLD1', u'DIP: SUSTAINABLE HORT AND LANDSCAPING', u'21', u'SEM1', u'D1', u'OTNAME', u'A', u'50001936:FOLEY;', u'']
[u'HRTB301_SEM2_2018', u'template_2018', u'HRTB301', u'HORTICULTURE IIIB', u'DISLD1', u'DIP: SUSTAINABLE HORT AND LANDSCAPING', u'22', u'SEM2', u'D1', u'OTNAME', u'A', u'50001936:FOLEY;', u'']
check 'HRTB301_SEM2_2018' 'HRTB301'
adding  HRTB301
requesting:  http://10.0.100.98:8000/bbinfo/matching_courses/HRTB301%25
r= <Response [200]>
matching classes= set([u'HRTB301_SEM2_2018'])
[u'IPDB201_SEM2_2018', u'template_2018', u'IPDB201', u'INTEGRATED PEST AND DISEASE MANAGEMENT IIB', u'DISLD1', u'DIP: SUSTAINABLE HORT AND LANDSCAPING', u'22', u'SEM2', u'D1', u'OTNAME', u'A', u'40012485:KARIUKI', u'']
check 'IPDB201_SEM2_2018' 'IPDB201'
adding  IPDB201
requesting:  http://10.0.100.98:8000/bbinfo/matching_courses/IPDB201%25
r= <Response [200]>
matching classes= set([u'IPDB201_SEM2_2018'])
[u'BSMA101_SEM1_2018', u'template_2018', u'BSMA101', u'BUSINESS MANAGEMENT IA', u'DISLD1', u'DIP: SUSTAINABLE HORT AND LANDSCAPING', u'21', u'SEM1', u'D1', u'OTNAME', u'A', u'40003859:GOVENDER;', u'']
check 'BSMA101_SEM1_2018' 'BSMA101'
processXLS: only for SEM2 [u'BSMA101_SEM1_2018', u'template_2018', u'BSMA101', u'BUSINESS MANAGEMENT IA', u'DISLD1', u'DIP: SUSTAINABLE HORT AND LANDSCAPING', u'21', u'SEM1', u'D1', u'OTNAME', u'A', u'40003859:GOVENDER;', u'']
[u'PLSA101_SEM1_2018', u'template_2018', u'PLSA101', u'PLANT STUDIES IA', u'DISLD1', u'DIP: SUSTAINABLE HORT AND LANDSCAPING', u'21', u'SEM1', u'D1', u'OTNAME', u'A', u'40009080:GOVENDER;', u'']
check 'PLSA101_SEM1_2018' 'PLSA101'
processXLS: only for SEM2 [u'PLSA101_SEM1_2018', u'template_2018', u'PLSA101', u'PLANT STUDIES IA', u'DISLD1', u'DIP: SUSTAINABLE HORT AND LANDSCAPING', u'21', u'SEM1', u'D1', u'OTNAME', u'A', u'40009080:GOVENDER;', u'']
[u'HRTA101_SEM1_2018', u'template_2018', u'HRTA101', u'HORTICULTURE IA', u'DISLD1', u'DIP: SUSTAINABLE HORT AND LANDSCAPING', u'21', u'SEM1', u'D1', u'OTNAME', u'A', u'40003859:GOVENDER;', u'']
check 'HRTA101_SEM1_2018' 'HRTA101'
processXLS: only for SEM2 [u'HRTA101_SEM1_2018', u'template_2018', u'HRTA101', u'HORTICULTURE IA', u'DISLD1', u'DIP: SUSTAINABLE HORT AND LANDSCAPING', u'21', u'SEM1', u'D1', u'OTNAME', u'A', u'40003859:GOVENDER;', u'']
[u'PLSB201_SEM2_2018', u'template_2018', u'PLSB201', u'PLANT STUDIES IIB', u'DISLD1', u'DIP: SUSTAINABLE HORT AND LANDSCAPING', u'22', u'SEM2', u'D1', u'OTNAME', u'A', u'40012485:KARIUKI', u'']
check 'PLSB201_SEM2_2018' 'PLSB201'
adding  PLSB201
requesting:  http://10.0.100.98:8000/bbinfo/matching_courses/PLSB201%25
r= <Response [200]>
matching classes= set([u'PLSB201_SEM2_2018'])
[u'EGMA101_SEM1_2018', u'template_2018', u'EGMA101', u'ESTATES AND GROUNDS MANAGEMENT IA', u'DISLD1', u'DIP: SUSTAINABLE HORT AND LANDSCAPING', u'21', u'SEM1', u'D1', u'OTNAME', u'A', u'40003859:GOVENDER;', u'']
check 'EGMA101_SEM1_2018' 'EGMA101'
processXLS: only for SEM2 [u'EGMA101_SEM1_2018', u'template_2018', u'EGMA101', u'ESTATES AND GROUNDS MANAGEMENT IA', u'DISLD1', u'DIP: SUSTAINABLE HORT AND LANDSCAPING', u'21', u'SEM1', u'D1', u'OTNAME', u'A', u'40003859:GOVENDER;', u'']
[u'GRMS101_SEM1_2018', u'template_2018', u'GRMS101', u'GROWTH  MEDIA STUDIES', u'DISLD1', u'DIP: SUSTAINABLE HORT AND LANDSCAPING', u'21', u'SEM1', u'D1', u'OTNAME', u'A', u'40006432:BADENHORST;', u'']
check 'GRMS101_SEM1_2018' 'GRMS101'
processXLS: only for SEM2 [u'GRMS101_SEM1_2018', u'template_2018', u'GRMS101', u'GROWTH  MEDIA STUDIES', u'DISLD1', u'DIP: SUSTAINABLE HORT AND LANDSCAPING', u'21', u'SEM1', u'D1', u'OTNAME', u'A', u'40006432:BADENHORST;', u'']
[u'PLSB101_SEM2_2018', u'template_2018', u'PLSB101', u'PLANT STUDIES IB', u'DISLD1', u'DIP: SUSTAINABLE HORT AND LANDSCAPING', u'22', u'SEM2', u'D1', u'OTNAME', u'A', u'40009080:GOVENDER;', u'']
check 'PLSB101_SEM2_2018' 'PLSB101'
adding  PLSB101
requesting:  http://10.0.100.98:8000/bbinfo/matching_courses/PLSB101%25
r= <Response [200]>
matching classes= set([u'PLSB101_SEM2_2018'])
[u'HLOB301_SEM2_2018', u'template_2018', u'HLOB301', u'HORTICULTURAL AND LANDSCAPE OPERATIONS IIIB', u'DISLD1', u'DIP: SUSTAINABLE HORT AND LANDSCAPING', u'22', u'SEM2', u'D1', u'OTNAME', u'A', u'50001936:FOLEY;', u'']
check 'HLOB301_SEM2_2018' 'HLOB301'
adding  HLOB301
requesting:  http://10.0.100.98:8000/bbinfo/matching_courses/HLOB301%25
r= <Response [200]>
matching classes= set([u'HLOB301_SEM2_2018'])
[u'EGMB101_SEM2_2018', u'template_2018', u'EGMB101', u'ESTATES AND GROUND MANAGEMENT IB', u'DISLD1', u'DIP: SUSTAINABLE HORT AND LANDSCAPING', u'22', u'SEM2', u'D1', u'OTNAME', u'A', u'40006432:BADENHORST;', u'']
check 'EGMB101_SEM2_2018' 'EGMB101'
adding  EGMB101
requesting:  http://10.0.100.98:8000/bbinfo/matching_courses/EGMB101%25
r= <Response [200]>
matching classes= set([u'EGMB101_SEM2_2018'])
[u'HRTB101_SEM2_2018', u'template_2018', u'HRTB101', u'HORTICULTURE IB', u'DISLD1', u'DIP: SUSTAINABLE HORT AND LANDSCAPING', u'22', u'SEM2', u'D1', u'OTNAME', u'A', u'40006432:BADENHORST;', u'']
check 'HRTB101_SEM2_2018' 'HRTB101'
adding  HRTB101
requesting:  http://10.0.100.98:8000/bbinfo/matching_courses/HRTB101%25
r= <Response [200]>
matching classes= set([u'HRTB101_SEM2_2018'])
[u'BSMB101_SEM2_2018', u'template_2018', u'BSMB101', u'BUSINESS MANAGEMENT IB', u'DISLD1', u'DIP: SUSTAINABLE HORT AND LANDSCAPING', u'22', u'SEM2', u'D1', u'OTNAME', u'A', u'40003859:GOVENDER;', u'']
check 'BSMB101_SEM2_2018' 'BSMB101'
adding  BSMB101
requesting:  http://10.0.100.98:8000/bbinfo/matching_courses/BSMB101%25
r= <Response [200]>
matching classes= set([u'BSMB101_SEM2_2018'])
[u'ECLG101_SEM2_2018', u'template_2018', u'ECLG101', u'ECOLOGY', u'DISLD1', u'DIP: SUSTAINABLE HORT AND LANDSCAPING', u'22', u'SEM2', u'D1', u'OTNAME', u'A', u'40009080:GOVENDER;', u'']
check 'ECLG101_SEM2_2018' 'ECLG101'
adding  ECLG101
requesting:  http://10.0.100.98:8000/bbinfo/matching_courses/ECLG101%25
r= <Response [200]>
matching classes= set([u'ECLG101_SEM2_2018'])
[u'PLSA201_SEM1_2018', u'template_2018', u'PLSA201', u'PLANT STUDIES IIA', u'DISLD1', u'DIP: SUSTAINABLE HORT AND LANDSCAPING', u'21', u'SEM1', u'D1', u'OTNAME', u'A', u'40012485:KARIUKI', u'']
check 'PLSA201_SEM1_2018' 'PLSA201'
processXLS: only for SEM2 [u'PLSA201_SEM1_2018', u'template_2018', u'PLSA201', u'PLANT STUDIES IIA', u'DISLD1', u'DIP: SUSTAINABLE HORT AND LANDSCAPING', u'21', u'SEM1', u'D1', u'OTNAME', u'A', u'40012485:KARIUKI', u'']
[u'HRTA201_SEM1_2018', u'template_2018', u'HRTA201', u'HORTICULTURE IIA', u'DISLD1', u'DIP: SUSTAINABLE HORT AND LANDSCAPING', u'21', u'SEM1', u'D1', u'OTNAME', u'A', u'40006432:BADENHORST;', u'']
check 'HRTA201_SEM1_2018' 'HRTA201'
processXLS: only for SEM2 [u'HRTA201_SEM1_2018', u'template_2018', u'HRTA201', u'HORTICULTURE IIA', u'DISLD1', u'DIP: SUSTAINABLE HORT AND LANDSCAPING', u'21', u'SEM1', u'D1', u'OTNAME', u'A', u'40006432:BADENHORST;', u'']
[u'IPDA201_SEM1_2018', u'template_2018', u'IPDA201', u'INTEGRATED PEST AND DISEASE MANAGEMENT IIA', u'DISLD1', u'DIP: SUSTAINABLE HORT AND LANDSCAPING', u'21', u'SEM1', u'D1', u'OTNAME', u'A', u'40012485:KARIUKI', u'']
check 'IPDA201_SEM1_2018' 'IPDA201'
processXLS: only for SEM2 [u'IPDA201_SEM1_2018', u'template_2018', u'IPDA201', u'INTEGRATED PEST AND DISEASE MANAGEMENT IIA', u'DISLD1', u'DIP: SUSTAINABLE HORT AND LANDSCAPING', u'21', u'SEM1', u'D1', u'OTNAME', u'A', u'40012485:KARIUKI', u'']
[u'EVSA201_SEM1_2018', u'template_2018', u'EVSA201', u'ENVIRONMENTAL SUSTAINABILITY IIA', u'DISLD1', u'DIP: SUSTAINABLE HORT AND LANDSCAPING', u'21', u'SEM1', u'D1', u'OTNAME', u'A', u'40009080:GOVENDER;', u'']
check 'EVSA201_SEM1_2018' 'EVSA201'
processXLS: only for SEM2 [u'EVSA201_SEM1_2018', u'template_2018', u'EVSA201', u'ENVIRONMENTAL SUSTAINABILITY IIA', u'DISLD1', u'DIP: SUSTAINABLE HORT AND LANDSCAPING', u'21', u'SEM1', u'D1', u'OTNAME', u'A', u'40009080:GOVENDER;', u'']
[u'EVSB201_SEM2_2018', u'template_2018', u'EVSB201', u'ENVIRONMENTAL SUSTAINABILITY IIB', u'DISLD1', u'DIP: SUSTAINABLE HORT AND LANDSCAPING', u'22', u'SEM2', u'D1', u'OTNAME', u'A', u'40009080:GOVENDER;', u'']
check 'EVSB201_SEM2_2018' 'EVSB201'
adding  EVSB201
requesting:  http://10.0.100.98:8000/bbinfo/matching_courses/EVSB201%25
r= <Response [200]>
matching classes= set([u'EVSB201_SEM2_2018'])
processXLS: finished processing workingSheets/data/BBC3403Horticulture2017.xls
getWS: requesting:  http://10.0.100.98:8000/itsenrol/classlist/2018/22/ESTD102 rsp= <Response [200]>
getWS: requesting:  http://10.0.100.98:8000/bbinfo/classlist/ESTD102 rsp= <Response [200]>
getNewStudentsInSubject: ITS 17, BB 1 -> 17 new enrollments
getWS: requesting:  http://10.0.100.98:8000/itsenrol/classlist/2018/22/PLSB301 rsp= <Response [200]>
getWS: requesting:  http://10.0.100.98:8000/bbinfo/classlist/PLSB301 rsp= <Response [200]>
getNewStudentsInSubject: ITS 0, BB 1 -> 0 new enrollments
getWS: requesting:  http://10.0.100.98:8000/itsenrol/classlist/2018/22/IPDB201 rsp= <Response [200]>
getWS: requesting:  http://10.0.100.98:8000/bbinfo/classlist/IPDB201 rsp= <Response [200]>
getNewStudentsInSubject: ITS 0, BB 1 -> 0 new enrollments
getWS: requesting:  http://10.0.100.98:8000/itsenrol/classlist/2018/22/EGMB101 rsp= <Response [200]>
getWS: requesting:  http://10.0.100.98:8000/bbinfo/classlist/EGMB101 rsp= <Response [200]>
getNewStudentsInSubject: ITS 57, BB 1 -> 57 new enrollments
getWS: requesting:  http://10.0.100.98:8000/itsenrol/classlist/2018/22/SLPB201 rsp= <Response [200]>
getWS: requesting:  http://10.0.100.98:8000/bbinfo/classlist/SLPB201 rsp= <Response [200]>
getNewStudentsInSubject: ITS 0, BB 1 -> 0 new enrollments
getWS: requesting:  http://10.0.100.98:8000/itsenrol/classlist/2018/22/SLPB301 rsp= <Response [200]>
getWS: requesting:  http://10.0.100.98:8000/bbinfo/classlist/SLPB301 rsp= <Response [200]>
getNewStudentsInSubject: ITS 0, BB 1 -> 0 new enrollments
getWS: requesting:  http://10.0.100.98:8000/itsenrol/classlist/2018/22/PLSB201 rsp= <Response [200]>
getWS: requesting:  http://10.0.100.98:8000/bbinfo/classlist/PLSB201 rsp= <Response [200]>
getNewStudentsInSubject: ITS 0, BB 1 -> 0 new enrollments
getWS: requesting:  http://10.0.100.98:8000/itsenrol/classlist/2018/22/ECLG101 rsp= <Response [200]>
getWS: requesting:  http://10.0.100.98:8000/bbinfo/classlist/ECLG101 rsp= <Response [200]>
getNewStudentsInSubject: ITS 58, BB 1 -> 58 new enrollments
getWS: requesting:  http://10.0.100.98:8000/itsenrol/classlist/2018/22/HRTB101 rsp= <Response [200]>
getWS: requesting:  http://10.0.100.98:8000/bbinfo/classlist/HRTB101 rsp= <Response [200]>
getNewStudentsInSubject: ITS 55, BB 1 -> 55 new enrollments
getWS: requesting:  http://10.0.100.98:8000/itsenrol/classlist/2018/22/HORT202 rsp= <Response [200]>
getWS: requesting:  http://10.0.100.98:8000/bbinfo/classlist/HORT202 rsp= <Response [200]>
getNewStudentsInSubject: ITS 1, BB 1 -> 1 new enrollments
getWS: requesting:  http://10.0.100.98:8000/itsenrol/classlist/2018/22/PMAS201 rsp= <Response [200]>
getWS: requesting:  http://10.0.100.98:8000/bbinfo/classlist/PMAS201 rsp= <Response [200]>
getNewStudentsInSubject: ITS 24, BB 3 -> 24 new enrollments
getWS: requesting:  http://10.0.100.98:8000/itsenrol/classlist/2018/22/HRTB201 rsp= <Response [200]>
getWS: requesting:  http://10.0.100.98:8000/bbinfo/classlist/HRTB201 rsp= <Response [200]>
getNewStudentsInSubject: ITS 0, BB 1 -> 0 new enrollments
getWS: requesting:  http://10.0.100.98:8000/itsenrol/classlist/2018/22/TGCL101 rsp= <Response [200]>
getWS: requesting:  http://10.0.100.98:8000/bbinfo/classlist/TGCL101 rsp= <Response [200]>
getNewStudentsInSubject: ITS 17, BB 1 -> 17 new enrollments
getWS: requesting:  http://10.0.100.98:8000/itsenrol/classlist/2018/22/PLSB101 rsp= <Response [200]>
getWS: requesting:  http://10.0.100.98:8000/bbinfo/classlist/PLSB101 rsp= <Response [200]>
getNewStudentsInSubject: ITS 55, BB 1 -> 55 new enrollments
getWS: requesting:  http://10.0.100.98:8000/itsenrol/classlist/2018/22/BSMB101 rsp= <Response [200]>
getWS: requesting:  http://10.0.100.98:8000/bbinfo/classlist/BSMB101 rsp= <Response [200]>
getNewStudentsInSubject: ITS 58, BB 1 -> 58 new enrollments
getWS: requesting:  http://10.0.100.98:8000/itsenrol/classlist/2018/22/HLOB301 rsp= <Response [200]>
getWS: requesting:  http://10.0.100.98:8000/bbinfo/classlist/HLOB301 rsp= <Response [200]>
getNewStudentsInSubject: ITS 0, BB 1 -> 0 new enrollments
getWS: requesting:  http://10.0.100.98:8000/itsenrol/classlist/2018/22/HRTB301 rsp= <Response [200]>
getWS: requesting:  http://10.0.100.98:8000/bbinfo/classlist/HRTB301 rsp= <Response [200]>
getNewStudentsInSubject: ITS 0, BB 1 -> 0 new enrollments
getWS: requesting:  http://10.0.100.98:8000/itsenrol/classlist/2018/22/HMNT203 rsp= <Response [200]>
getWS: requesting:  http://10.0.100.98:8000/bbinfo/classlist/HMNT203 rsp= <Response [200]>
getNewStudentsInSubject: ITS 16, BB 1 -> 16 new enrollments
getWS: requesting:  http://10.0.100.98:8000/itsenrol/classlist/2018/22/EVSB201 rsp= <Response [200]>
getWS: requesting:  http://10.0.100.98:8000/bbinfo/classlist/EVSB201 rsp= <Response [200]>
getNewStudentsInSubject: ITS 0, BB 1 -> 0 new enrollments
getWS: requesting:  http://10.0.100.98:8000/itsenrol/classlist/2018/22/HTTQ201 rsp= <Response [200]>
getWS: requesting:  http://10.0.100.98:8000/bbinfo/classlist/HTTQ201 rsp= <Response [200]>
getNewStudentsInSubject: ITS 0, BB 2 -> 0 new enrollments
main: Writing students...
main: Writing enrollments...
main: Finished processing workingSheets/data/BBC3403Horticulture2017.xls
main: 20 subjects processed
main: 25 subject -> classroom maps
main: 86 students
main: 358 student enrollments 0 errors
0.32user 0.15system 0:03.47elapsed 13%CPU (0avgtext+0avgdata 58096maxresident)k
88inputs+72outputs (0major+7119minor)pagefaults 0swaps
POSTING SNAPSHOTS to SIS endpoint
TEST RUN, NOT POSTING BBSTUDENTS
TEST RUN, NOT POSTIN BBENROL
copy snapshot files to saved output
=== department done ===
syncing logs...
Pushing logs from logs/20180723111852 to remote...
sending incremental file list
./
BBC3403Horticulture2017.BBENROL.txt
BBC3403Horticulture2017.BBSTUDENTS.txt
BBC3403Horticulture2017.Enrolomat.txt
BBC3403Horticulture2017.Postlog.txt

sent 74667 bytes  received 91 bytes  4530.79 bytes/sec
total size is 5243692  speedup is 70.14
logging to logs/20180723111852
=== generate newenrollments for BBC3404ClothingTextileStudies2017. ===
GENERATE SNAPSHOTS...
./BBCIncrementalEnrollerX2.py : generating enrolment files for subjects in  workingSheets/data/BBC3404ClothingTextileStudies2017.xls
processXLS: start spreadsheet workingSheets/data/BBC3404ClothingTextileStudies2017.xls
[u'2018 Blackboard Classrooms for Department: 3404 - CLOTHING & TEXTILE STUDIES', u'', u'', u'', u'', u'', u'', u'', u'', u'', u'', u'', u'']
check '2018 Blackboard Classrooms for Department: 3404 - CLOTHING & TEXTILE STUDIES' ''
[u'', u'', u'', u'', u'', u'', u'', u'', u'', u'', u'', u'', u'']
check '' ''
[u'BB Classroom', u'Migrate Classroom', u'ITS Subject', u'', u'ITS Qualification', u'', u'Block', u'', u'Off Type', u'', u'Grp', u'Lecturer(s)', u'2016 Enrol']
check 'BB Classroom' 'ITS Subject'
[u'BSTD401_YEAR_2018', u'BSTD401_YEAR_2017', u'BSTD401', u'BUSINESS STUDIES IV', u'BTCLM1', u'BT: CLOTHING MANAGEMENT', u'11', u'YEAR', u'D1/D3', u'Durban Campus Full-time', u'A', u'50000929:HAVENGA', 2.0]
check 'BSTD401_YEAR_2018' 'BSTD401'
processXLS: only for SEM2 [u'BSTD401_YEAR_2018', u'BSTD401_YEAR_2017', u'BSTD401', u'BUSINESS STUDIES IV', u'BTCLM1', u'BT: CLOTHING MANAGEMENT', u'11', u'YEAR', u'D1/D3', u'Durban Campus Full-time', u'A', u'50000929:HAVENGA', 2.0]
[u'MGTC401_YEAR_2018', u'MGTC401_YEAR_2017', u'MGTC401', u'MANAGEMENT IV', u'BTCLM1', u'BT: CLOTHING MANAGEMENT', u'11', u'YEAR', u'D1/D3', u'Durban Campus Full-time', u'A', u'50000929:HAVENGA', 2.0]
check 'MGTC401_YEAR_2018' 'MGTC401'
processXLS: only for SEM2 [u'MGTC401_YEAR_2018', u'MGTC401_YEAR_2017', u'MGTC401', u'MANAGEMENT IV', u'BTCLM1', u'BT: CLOTHING MANAGEMENT', u'11', u'YEAR', u'D1/D3', u'Durban Campus Full-time', u'A', u'50000929:HAVENGA', 2.0]
[u'PRDO401_YEAR_2018', u'PRDO401_YEAR_2017', u'PRDO401', u'PRODUCTION ORGANISATION IV', u'BTCLM1', u'BT: CLOTHING MANAGEMENT', u'11', u'YEAR', u'D1/D3', u'Durban Campus Full-time', u'A', u'50000929:HAVENGA', 2.0]
check 'PRDO401_YEAR_2018' 'PRDO401'
processXLS: only for SEM2 [u'PRDO401_YEAR_2018', u'PRDO401_YEAR_2017', u'PRDO401', u'PRODUCTION ORGANISATION IV', u'BTCLM1', u'BT: CLOTHING MANAGEMENT', u'11', u'YEAR', u'D1/D3', u'Durban Campus Full-time', u'A', u'50000929:HAVENGA', 2.0]
[u'PRDT411_SEM1_2018', u'PRDT411_SEM1_2017', u'PRDT411', u'SPECIALISED PRODUCTION TECHNOLOGY IV (MOD1)', u'BTCLM1', u'BT: CLOTHING MANAGEMENT', u'21', u'SEM 1', u'D1/D3', u'Durban Campus Full-time', u'A', u'50000929:HAVENGA', 3.0]
check 'PRDT411_SEM1_2018' 'PRDT411'
processXLS: only for SEM2 [u'PRDT411_SEM1_2018', u'PRDT411_SEM1_2017', u'PRDT411', u'SPECIALISED PRODUCTION TECHNOLOGY IV (MOD1)', u'BTCLM1', u'BT: CLOTHING MANAGEMENT', u'21', u'SEM 1', u'D1/D3', u'Durban Campus Full-time', u'A', u'50000929:HAVENGA', 3.0]
[u'PRDT421_SEM2_2018', u'PRDT421_SEM2_2017', u'PRDT421', u'SPECIALISED PRODUCTION TECHNOLOGY IV (MOD2)', u'BTCLM1', u'BT: CLOTHING MANAGEMENT', u'21&22', u'SEM 1 & 2', u'D1/D3', u'Durban Campus Full-time', u'A', u'50000929:HAVENGA', 4.0]
check 'PRDT421_SEM2_2018' 'PRDT421'
processXLS: only for SEM2 [u'PRDT421_SEM2_2018', u'PRDT421_SEM2_2017', u'PRDT421', u'SPECIALISED PRODUCTION TECHNOLOGY IV (MOD2)', u'BTCLM1', u'BT: CLOTHING MANAGEMENT', u'21&22', u'SEM 1 & 2', u'D1/D3', u'Durban Campus Full-time', u'A', u'50000929:HAVENGA', 4.0]
[u'', u'', u'', u'', u'', u'', u'', u'', u'', u'', u'', u'', u'']
check '' ''
[u'BSTD101_YEAR_2018', u'BSTD101_YEAR_2017', u'BSTD101', u'BUSINESS STUDIES I', u'NDCLM2', u'ND: CLOTHING MANAGEMENT', u'11', u'YEAR', u'D1', u'Durban Campus Full-time', u'A', u'50000943:WILLIAMSON;50000929:HAVENGA', 37.0]
check 'BSTD101_YEAR_2018' 'BSTD101'
processXLS: only for SEM2 [u'BSTD101_YEAR_2018', u'BSTD101_YEAR_2017', u'BSTD101', u'BUSINESS STUDIES I', u'NDCLM2', u'ND: CLOTHING MANAGEMENT', u'11', u'YEAR', u'D1', u'Durban Campus Full-time', u'A', u'50000943:WILLIAMSON;50000929:HAVENGA', 37.0]
[u'MGTC101_YEAR_2018', u'MGTC101_YEAR_2017', u'MGTC101', u'MANAGEMENT I', u'NDCLM2', u'ND: CLOTHING MANAGEMENT', u'11', u'YEAR', u'D1', u'Durban Campus Full-time', u'A', u'50000943:WILLIAMSON;50000929:HAVENGA', 29.0]
check 'MGTC101_YEAR_2018' 'MGTC101'
processXLS: only for SEM2 [u'MGTC101_YEAR_2018', u'MGTC101_YEAR_2017', u'MGTC101', u'MANAGEMENT I', u'NDCLM2', u'ND: CLOTHING MANAGEMENT', u'11', u'YEAR', u'D1', u'Durban Campus Full-time', u'A', u'50000943:WILLIAMSON;50000929:HAVENGA', 29.0]
[u'PRDO111_SEM1_2018', u'PRDO111_SEM1_2017', u'PRDO111', u'PRODUCTION ORGANISATION I (MODULE 1)', u'NDCLM2', u'ND: CLOTHING MANAGEMENT', u'21', u'SEM 1', u'D1', u'Durban Campus Full-time', u'A', u'50000943:WILLIAMSON;50000929:HAVENGA;50002563:GOVENDER', 39.0]
check 'PRDO111_SEM1_2018' 'PRDO111'
processXLS: only for SEM2 [u'PRDO111_SEM1_2018', u'PRDO111_SEM1_2017', u'PRDO111', u'PRODUCTION ORGANISATION I (MODULE 1)', u'NDCLM2', u'ND: CLOTHING MANAGEMENT', u'21', u'SEM 1', u'D1', u'Durban Campus Full-time', u'A', u'50000943:WILLIAMSON;50000929:HAVENGA;50002563:GOVENDER', 39.0]
[u'PRDO121_SEM2_2018', u'PRDO121_SEM2_2017', u'PRDO121', u'PRODUCTION ORGANISATION I (MODULE 2)', u'NDCLM2', u'ND: CLOTHING MANAGEMENT', u'22', u'SEM 2', u'D1', u'Durban Campus Full-time', u'A', u'50000943:WILLIAMSON;50000929:HAVENGA;50002563:GOVENDER', 30.0]
check 'PRDO121_SEM2_2018' 'PRDO121'
adding  PRDO121
requesting:  http://10.0.100.98:8000/bbinfo/matching_courses/PRDO121%25
r= <Response [200]>
matching classes= set([u'PRDO121_SEM2_2018', u'PRDO121_13_MOOJ', u'PRDO121_SEM2_2017', u'PRDO121_15_GOVP', u'PRDO121_ALL_2016'])
[u'PRDT111_SEM1_2018', u'PRDT111_SEM1_2017', u'PRDT111', u'PRODUCTION TECHNOLOGY I (MODULE 1)', u'NDCLM2', u'ND: CLOTHING MANAGEMENT', u'21', u'SEM 1', u'D1', u'Durban Campus Full-time', u'A', u'50000943:WILLIAMSON;50000929:HAVENGA;50002563:GOVENDER', 40.0]
check 'PRDT111_SEM1_2018' 'PRDT111'
processXLS: only for SEM2 [u'PRDT111_SEM1_2018', u'PRDT111_SEM1_2017', u'PRDT111', u'PRODUCTION TECHNOLOGY I (MODULE 1)', u'NDCLM2', u'ND: CLOTHING MANAGEMENT', u'21', u'SEM 1', u'D1', u'Durban Campus Full-time', u'A', u'50000943:WILLIAMSON;50000929:HAVENGA;50002563:GOVENDER', 40.0]
[u'PRDT121_SEM2_2018', u'PRDT121_SEM2_2017', u'PRDT121', u'PRODUCTION TECHNOLOGY I (MODULE 2)', u'NDCLM2', u'ND: CLOTHING MANAGEMENT', u'22', u'SEM 2', u'D1', u'Durban Campus Full-time', u'A', u'50000943:WILLIAMSON;50000929:HAVENGA;50002563:GOVENDER', 26.0]
check 'PRDT121_SEM2_2018' 'PRDT121'
adding  PRDT121
requesting:  http://10.0.100.98:8000/bbinfo/matching_courses/PRDT121%25
r= <Response [200]>
matching classes= set([u'PRDT121_SEM2_2017', u'PRDT121_13_ZIGP', u'PRDT121_SEM2_2018', u'PRDT121_SEM2_2016'])
[u'BSTD213_SEM1_2018', u'BSTD213_SEM1_2017', u'BSTD213', u'BUSINESS STUDIES II (MODULE 1)', u'NDCLM2', u'ND: CLOTHING MANAGEMENT', u'21', u'SEM 1', u'D1', u'Durban Campus Full-time', u'A', u'50000943:WILLIAMSON;50000929:HAVENGA', 32.0]
check 'BSTD213_SEM1_2018' 'BSTD213'
processXLS: only for SEM2 [u'BSTD213_SEM1_2018', u'BSTD213_SEM1_2017', u'BSTD213', u'BUSINESS STUDIES II (MODULE 1)', u'NDCLM2', u'ND: CLOTHING MANAGEMENT', u'21', u'SEM 1', u'D1', u'Durban Campus Full-time', u'A', u'50000943:WILLIAMSON;50000929:HAVENGA', 32.0]
[u'BSTD223_SEM2_2018', u'BSTD223_SEM2_2017', u'BSTD223', u'BUSINESS STUDIES II (MODULE 2)', u'NDCLM2', u'ND: CLOTHING MANAGEMENT', u'22', u'SEM 2', u'D1', u'Durban Campus Full-time', u'A', u'50000943:WILLIAMSON;50000929:HAVENGA', 33.0]
check 'BSTD223_SEM2_2018' 'BSTD223'
adding  BSTD223
requesting:  http://10.0.100.98:8000/bbinfo/matching_courses/BSTD223%25
r= <Response [200]>
matching classes= set([u'BSTD223_13_TLAT', u'BSTD223_SEM2_2016', u'BSTD223_SEM2_2017', u'BSTD223_SEM2_2018'])
[u'MGTC211_SEM1_2018', u'MGTC211_SEM1_2017', u'MGTC211', u'MANAGEMENT II (MODULE 1)', u'NDCLM2', u'ND: CLOTHING MANAGEMENT', u'21', u'SEM 1', u'D1', u'Durban Campus Full-time', u'A', u'50000943:WILLIAMSON;50000929:HAVENGA', 32.0]
check 'MGTC211_SEM1_2018' 'MGTC211'
processXLS: only for SEM2 [u'MGTC211_SEM1_2018', u'MGTC211_SEM1_2017', u'MGTC211', u'MANAGEMENT II (MODULE 1)', u'NDCLM2', u'ND: CLOTHING MANAGEMENT', u'21', u'SEM 1', u'D1', u'Durban Campus Full-time', u'A', u'50000943:WILLIAMSON;50000929:HAVENGA', 32.0]
[u'MGTC221_SEM2_2018', u'MGTC221_SEM2_2017', u'MGTC221', u'MANAGEMENT II (MODULE 2)', u'NDCLM2', u'ND: CLOTHING MANAGEMENT', u'22', u'SEM 2', u'D1', u'Durban Campus Full-time', u'A', u'50000943:WILLIAMSON;50000929:HAVENGA', 30.0]
check 'MGTC221_SEM2_2018' 'MGTC221'
adding  MGTC221
requesting:  http://10.0.100.98:8000/bbinfo/matching_courses/MGTC221%25
r= <Response [200]>
matching classes= set([u'MGTC221_SEM2_2016', u'MGTC221_13_STED', u'MGTC221_SEM2_2017', u'MGTC221_SEM2_2018'])
[u'PRDO211_SEM1_2018', u'PRDO211_SEM1_2017', u'PRDO211', u'PRODUCTION ORGANISATION II (MODULE 1)', u'NDCLM2', u'ND: CLOTHING MANAGEMENT', u'21', u'SEM 1', u'D1', u'Durban Campus Full-time', u'A', u'50000943:WILLIAMSON;50000929:HAVENGA;50002563:GOVENDER', 32.0]
check 'PRDO211_SEM1_2018' 'PRDO211'
processXLS: only for SEM2 [u'PRDO211_SEM1_2018', u'PRDO211_SEM1_2017', u'PRDO211', u'PRODUCTION ORGANISATION II (MODULE 1)', u'NDCLM2', u'ND: CLOTHING MANAGEMENT', u'21', u'SEM 1', u'D1', u'Durban Campus Full-time', u'A', u'50000943:WILLIAMSON;50000929:HAVENGA;50002563:GOVENDER', 32.0]
[u'PRDO221_SEM2_2018', u'PRDO221_SEM2_2017', u'PRDO221', u'PRODUCTION ORGANISATION II (MODULE 2)', u'NDCLM2', u'ND: CLOTHING MANAGEMENT', u'22', u'SEM 2', u'D1', u'Durban Campus Full-time', u'A', u'50000943:WILLIAMSON;50000929:HAVENGA;50002563:GOVENDER', 31.0]
check 'PRDO221_SEM2_2018' 'PRDO221'
adding  PRDO221
requesting:  http://10.0.100.98:8000/bbinfo/matching_courses/PRDO221%25
r= <Response [200]>
matching classes= set([u'PRDO221_13_MOOJ', u'PRDO221_SEM2_2016', u'PRDO221_SEM2_2017', u'PRDO221_SEM2_2018'])
[u'PRDT211_SEM1_2018', u'PRDT211_SEM1_2017', u'PRDT211', u'PRODUCTION TECHNOLOGY II (MODULE 1)', u'NDCLM2', u'ND: CLOTHING MANAGEMENT', u'21', u'SEM 1', u'D1', u'Durban Campus Full-time', u'A', u'50000943:WILLIAMSON;50000929:HAVENGA;50002563:GOVENDER', 35.0]
check 'PRDT211_SEM1_2018' 'PRDT211'
processXLS: only for SEM2 [u'PRDT211_SEM1_2018', u'PRDT211_SEM1_2017', u'PRDT211', u'PRODUCTION TECHNOLOGY II (MODULE 1)', u'NDCLM2', u'ND: CLOTHING MANAGEMENT', u'21', u'SEM 1', u'D1', u'Durban Campus Full-time', u'A', u'50000943:WILLIAMSON;50000929:HAVENGA;50002563:GOVENDER', 35.0]
[u'PRDT221_SEM2_2018', u'PRDT221_SEM2_2017', u'PRDT221', u'PRODUCTION TECHNOLOGY II (MODULE 2)', u'NDCLM2', u'ND: CLOTHING MANAGEMENT', u'22', u'SEM 2', u'D1', u'Durban Campus Full-time', u'A', u'50000943:WILLIAMSON;50000929:HAVENGA;50002563:GOVENDER', 29.0]
check 'PRDT221_SEM2_2018' 'PRDT221'
adding  PRDT221
requesting:  http://10.0.100.98:8000/bbinfo/matching_courses/PRDT221%25
r= <Response [200]>
matching classes= set([u'PRDT221_SEM2_2016', u'PRDT221_SEM2_2017', u'PRDT221_13_WILK', u'PRDT221_SEM2_2018'])
[u'BSTD301_YEAR_2018', u'', u'BSTD301', u'BUSINESS STUDIES III', u'NDCLM2', u'ND: CLOTHING MANAGEMENT', u'11', u'YEAR', u'D1', u'Durban Campus Full-time', u'A', u'50000943:WILLIAMSON;50000929:HAVENGA', u'']
check 'BSTD301_YEAR_2018' 'BSTD301'
processXLS: only for SEM2 [u'BSTD301_YEAR_2018', u'', u'BSTD301', u'BUSINESS STUDIES III', u'NDCLM2', u'ND: CLOTHING MANAGEMENT', u'11', u'YEAR', u'D1', u'Durban Campus Full-time', u'A', u'50000943:WILLIAMSON;50000929:HAVENGA', u'']
[u'MGTC301_YEAR_2018', u'MGTC301_YEAR_2017', u'MGTC301', u'MANAGEMENT III', u'NDCLM2', u'ND: CLOTHING MANAGEMENT', u'11', u'YEAR', u'D1', u'Durban Campus Full-time', u'A', u'50000943:WILLIAMSON;50000929:HAVENGA', 23.0]
check 'MGTC301_YEAR_2018' 'MGTC301'
processXLS: only for SEM2 [u'MGTC301_YEAR_2018', u'MGTC301_YEAR_2017', u'MGTC301', u'MANAGEMENT III', u'NDCLM2', u'ND: CLOTHING MANAGEMENT', u'11', u'YEAR', u'D1', u'Durban Campus Full-time', u'A', u'50000943:WILLIAMSON;50000929:HAVENGA', 23.0]
[u'PRDO301_YEAR_2018', u'PRDO301_YEAR_2017', u'PRDO301', u'PRODUCTION ORGANISATION III', u'NDCLM2', u'ND: CLOTHING MANAGEMENT', u'11', u'YEAR', u'D1', u'Durban Campus Full-time', u'A', u'50000943:WILLIAMSON;50000929:HAVENGA;50002563:GOVENDER', 21.0]
check 'PRDO301_YEAR_2018' 'PRDO301'
processXLS: only for SEM2 [u'PRDO301_YEAR_2018', u'PRDO301_YEAR_2017', u'PRDO301', u'PRODUCTION ORGANISATION III', u'NDCLM2', u'ND: CLOTHING MANAGEMENT', u'11', u'YEAR', u'D1', u'Durban Campus Full-time', u'A', u'50000943:WILLIAMSON;50000929:HAVENGA;50002563:GOVENDER', 21.0]
[u'PRDT311_SEM1_2018', u'PRDT311_SEM1_2017', u'PRDT311', u'PRODUCTION TECHNOLOGY III (MODULE 1)', u'NDCLM2', u'ND: CLOTHING MANAGEMENT', u'21', u'SEM 1', u'D1', u'Durban Campus Full-time', u'A', u'50000943:WILLIAMSON;50000929:HAVENGA;50002563:GOVENDER', 23.0]
check 'PRDT311_SEM1_2018' 'PRDT311'
processXLS: only for SEM2 [u'PRDT311_SEM1_2018', u'PRDT311_SEM1_2017', u'PRDT311', u'PRODUCTION TECHNOLOGY III (MODULE 1)', u'NDCLM2', u'ND: CLOTHING MANAGEMENT', u'21', u'SEM 1', u'D1', u'Durban Campus Full-time', u'A', u'50000943:WILLIAMSON;50000929:HAVENGA;50002563:GOVENDER', 23.0]
[u'PRDT321_SEM2_2018', u'PRDT321_SEM2_2017', u'PRDT321', u'PRODUCTION TECHNOLOGY III (MODULE 2)', u'NDCLM2', u'ND: CLOTHING MANAGEMENT', u'22', u'SEM 2', u'D1', u'Durban Campus Full-time', u'A', u'50000943:WILLIAMSON;50000929:HAVENGA;50002563:GOVENDER', 22.0]
check 'PRDT321_SEM2_2018' 'PRDT321'
adding  PRDT321
requesting:  http://10.0.100.98:8000/bbinfo/matching_courses/PRDT321%25
r= <Response [200]>
matching classes= set([u'PRDT321_13_WILK', u'PRDT321_SEM2_2018', u'PRDT321_SEM2_2017', u'PRDT321_SEM2_2016'])
[u'', u'', u'', u'', u'', u'', u'', u'', u'', u'', u'', u'', u'']
check '' ''
[u'WVTC201_SEM1_2018', u'template_2018', u'WVTC201', u'WVTC201: WEAVING TECHNOLOGY II 2018', u'DITXT1', u'', 21.0, u'SEM1', u'D1', u'Durban Campus Full-time', u'A', u'50001187;50002567', u'']
check 'WVTC201_SEM1_2018' 'WVTC201'
processXLS: only for SEM2 [u'WVTC201_SEM1_2018', u'template_2018', u'WVTC201', u'WVTC201: WEAVING TECHNOLOGY II 2018', u'DITXT1', u'', 21.0, u'SEM1', u'D1', u'Durban Campus Full-time', u'A', u'50001187;50002567', u'']
[u'KNTT101_SEM1_2018', u'template_2018', u'KNTT101', u'KNTT101: KNITTING TECHNOLOGY 2018', u'DITXT1', u'', 21.0, u'SEM1', u'D1', u'Durban Campus Full-time', u'A', u'50001187;40004572', u'']
check 'KNTT101_SEM1_2018' 'KNTT101'
processXLS: only for SEM2 [u'KNTT101_SEM1_2018', u'template_2018', u'KNTT101', u'KNTT101: KNITTING TECHNOLOGY 2018', u'DITXT1', u'', 21.0, u'SEM1', u'D1', u'Durban Campus Full-time', u'A', u'50001187;40004572', u'']
[u'SVTX101_SEM1_2018', u'template_2018', u'SVTX101', u'SVTX101: SURVEY OF THE TEXTILE INDUSTRY I 2018', u'DITXT1', u'', 21.0, u'SEM1', u'D1', u'Durban Campus Full-time', u'A', u'40004572;50002567', u'']
check 'SVTX101_SEM1_2018' 'SVTX101'
processXLS: only for SEM2 [u'SVTX101_SEM1_2018', u'template_2018', u'SVTX101', u'SVTX101: SURVEY OF THE TEXTILE INDUSTRY I 2018', u'DITXT1', u'', 21.0, u'SEM1', u'D1', u'Durban Campus Full-time', u'A', u'40004572;50002567', u'']
[u'PRDE101_SEM1_2018', u'template_2018', u'PRDE101', u'PRDE101: PRODUCT ENGINEERING I 2018', u'DITXT1', u'', 21.0, u'SEM1', u'D1', u'Durban Campus Full-time', u'A', 40004572.0, u'']
check 'PRDE101_SEM1_2018' 'PRDE101'
processXLS: only for SEM2 [u'PRDE101_SEM1_2018', u'template_2018', u'PRDE101', u'PRDE101: PRODUCT ENGINEERING I 2018', u'DITXT1', u'', 21.0, u'SEM1', u'D1', u'Durban Campus Full-time', u'A', 40004572.0, u'']
[u'CLRT201_SEM1_2018', u'template_2018', u'CLRT201', u'CLRT201: COLOURATION TECHNOLOGY II 2018', u'DITXT1', u'', 21.0, u'SEM1', u'D1', u'Durban Campus Full-time', u'A', 40004572.0, u'']
check 'CLRT201_SEM1_2018' 'CLRT201'
processXLS: only for SEM2 [u'CLRT201_SEM1_2018', u'template_2018', u'CLRT201', u'CLRT201: COLOURATION TECHNOLOGY II 2018', u'DITXT1', u'', 21.0, u'SEM1', u'D1', u'Durban Campus Full-time', u'A', 40004572.0, u'']
[u'TXTD321_SEM1_2018', u'template_2018', u'TXTD321', u'TXTD321: TEXTILE TECHNOLOGY II (MODULE 2) - DRY PROCESSING 2018', u'NDTXT2', u'', 21.0, u'SEM1', u'D1', u'Durban Campus Full-time', u'A', 50001187.0, u'']
check 'TXTD321_SEM1_2018' 'TXTD321'
processXLS: only for SEM2 [u'TXTD321_SEM1_2018', u'template_2018', u'TXTD321', u'TXTD321: TEXTILE TECHNOLOGY II (MODULE 2) - DRY PROCESSING 2018', u'NDTXT2', u'', 21.0, u'SEM1', u'D1', u'Durban Campus Full-time', u'A', 50001187.0, u'']
[u'PREN301_SEM1_2018', u'template_2018', u'PREN301', u'PREN301: PRODUCT ENGINEERING III 2018', u'NDTXT2', u'', 21.0, u'SEM1', u'D1', u'Durban Campus Full-time', u'A', 50001187.0, u'']
check 'PREN301_SEM1_2018' 'PREN301'
processXLS: only for SEM2 [u'PREN301_SEM1_2018', u'template_2018', u'PREN301', u'PREN301: PRODUCT ENGINEERING III 2018', u'NDTXT2', u'', 21.0, u'SEM1', u'D1', u'Durban Campus Full-time', u'A', 50001187.0, u'']
[u'PROC301_SEM1_2018', u'template_2018', u'PROC301', u'PROC301: PRODUCTION ORGANISATION AND CONTROL III 2018', u'NDTXT2', u'', 21.0, u'SEM1', u'D1', u'Durban Campus Full-time', u'A', 50001388.0, u'']
check 'PROC301_SEM1_2018' 'PROC301'
processXLS: only for SEM2 [u'PROC301_SEM1_2018', u'template_2018', u'PROC301', u'PROC301: PRODUCTION ORGANISATION AND CONTROL III 2018', u'NDTXT2', u'', 21.0, u'SEM1', u'D1', u'Durban Campus Full-time', u'A', 50001388.0, u'']
[u'TXTD311_SEM1_2018', u'template_2018', u'TXTD311', u'TXTD311: TEXTILE TECHNOLOGY II (MODULE 1) - DRY PROCESSING 2018', u'NDTXT2', u'', 21.0, u'SEM1', u'D1', u'Durban Campus Full-time', u'A', 50001388.0, u'']
check 'TXTD311_SEM1_2018' 'TXTD311'
processXLS: only for SEM2 [u'TXTD311_SEM1_2018', u'template_2018', u'TXTD311', u'TXTD311: TEXTILE TECHNOLOGY II (MODULE 1) - DRY PROCESSING 2018', u'NDTXT2', u'', 21.0, u'SEM1', u'D1', u'Durban Campus Full-time', u'A', 50001388.0, u'']
[u'INDS301_SEM1_2018', u'template_2018', u'INDS301', u'INDS301: INDUSTRIAL STUDIES III 2018', u'NDTXT2', u'', 21.0, u'SEM1', u'D1', u'Durban Campus Full-time', u'A', 50001388.0, u'']
check 'INDS301_SEM1_2018' 'INDS301'
processXLS: only for SEM2 [u'INDS301_SEM1_2018', u'template_2018', u'INDS301', u'INDS301: INDUSTRIAL STUDIES III 2018', u'NDTXT2', u'', 21.0, u'SEM1', u'D1', u'Durban Campus Full-time', u'A', 50001388.0, u'']
[u'TXSC301_SEM1_2018', u'template_2018', u'TXSC301', u'TXSC301: TEXTILE SCIENCE III 2018', u'NDTXT2', u'', 21.0, u'SEM1', u'D1', u'Durban Campus Full-time', u'A', u'50026427;40004572', u'']
check 'TXSC301_SEM1_2018' 'TXSC301'
processXLS: only for SEM2 [u'TXSC301_SEM1_2018', u'template_2018', u'TXSC301', u'TXSC301: TEXTILE SCIENCE III 2018', u'NDTXT2', u'', 21.0, u'SEM1', u'D1', u'Durban Campus Full-time', u'A', u'50026427;40004572', u'']
[u'TXTW311_SEM1_2018', u'template_2018', u'TXTW311', u'TXTW311: TEXTILE TECHNOLOGY II (MODULE 1) - WET PROCESSING 2018', u'NDTXT2', u'', 21.0, u'SEM1', u'D1', u'Durban Campus Full-time', u'A', u'50026427;40004573', u'']
check 'TXTW311_SEM1_2018' 'TXTW311'
processXLS: only for SEM2 [u'TXTW311_SEM1_2018', u'template_2018', u'TXTW311', u'TXTW311: TEXTILE TECHNOLOGY II (MODULE 1) - WET PROCESSING 2018', u'NDTXT2', u'', 21.0, u'SEM1', u'D1', u'Durban Campus Full-time', u'A', u'50026427;40004573', u'']
[u'TXTW321_SEM1_2018', u'template_2018', u'TXTW321', u'TXTW321: TEXTILE TECHNOLOGY II (MODULE 2) - WET PROCESSING 2018', u'NDTXT2', u'', 21.0, u'SEM1', u'D1', u'Durban Campus Full-time', u'A', u'50026427;40004574', u'']
check 'TXTW321_SEM1_2018' 'TXTW321'
processXLS: only for SEM2 [u'TXTW321_SEM1_2018', u'template_2018', u'TXTW321', u'TXTW321: TEXTILE TECHNOLOGY II (MODULE 2) - WET PROCESSING 2018', u'NDTXT2', u'', 21.0, u'SEM1', u'D1', u'Durban Campus Full-time', u'A', u'50026427;40004574', u'']
[u'', u'', u'', u'', u'', u'', u'', u'', u'', u'', u'', u'', u'']
check '' ''
[u'', u'', u'', u'', u'', u'', u'', u'', u'', u'', u'', u'', u'']
check '' ''
[u'', u'', u'', u'', u'', u'', u'', u'', u'', u'', u'', u'', u'']
check '' ''
[u'', u'', u'', u'', u'', u'', u'', u'', u'', u'', u'', u'', u'']
check '' ''
[u'', u'', u'', u'', u'', u'', u'', u'', u'', u'', u'', u'', u'']
check '' ''
[u'', u'', u'', u'', u'', u'', u'', u'', u'', u'', u'', u'', u'']
check '' ''
[u'', u'', u'', u'', u'', u'', u'', u'', u'', u'', u'', u'', u'']
check '' ''
[u'', u'', u'', u'', u'', u'', u'', u'', u'', u'', u'', u'', u'']
check '' ''
[u'', u'', u'', u'', u'', u'', u'', u'', u'', u'', u'', u'', u'']
check '' ''
[u'', u'', u'', u'', u'', u'', u'', u'', u'', u'', u'', u'', u'']
check '' ''
[u'', u'', u'', u'', u'', u'', u'', u'', u'', u'', u'', u'', u'']
check '' ''
[u'', u'', u'', u'', u'', u'', u'', u'', u'', u'', u'', u'', u'']
check '' ''
[u'', u'', u'', u'', u'', u'', u'', u'', u'', u'', u'', u'', u'']
check '' ''
[u'', u'', u'', u'', u'', u'', u'', u'', u'', u'', u'', u'', u'']
check '' ''
[u'', u'', u'', u'', u'', u'', u'', u'', u'', u'', u'', u'', u'']
check '' ''
[u'', u'', u'', u'', u'', u'', u'', u'', u'', u'', u'', u'', u'']
check '' ''
[u'', u'', u'', u'', u'', u'', u'', u'', u'', u'', u'', u'', u'']
check '' ''
[u'', u'', u'', u'', u'', u'', u'', u'', u'', u'', u'', u'', u'']
check '' ''
[u'', u'', u'', u'', u'', u'', u'', u'', u'', u'', u'', u'', u'']
check '' ''
[u'', u'', u'', u'', u'', u'', u'', u'', u'', u'', u'', u'', u'']
check '' ''
[u'', u'', u'', u'', u'', u'', u'', u'', u'', u'', u'', u'', u'']
check '' ''
[u'', u'', u'', u'', u'', u'', u'', u'', u'', u'', u'', u'', u'']
check '' ''
[u'', u'', u'', u'', u'', u'', u'', u'', u'', u'', u'', u'', u'']
check '' ''
[u'', u'', u'', u'', u'', u'', u'', u'', u'', u'', u'', u'', u'']
check '' ''
[u'', u'', u'', u'', u'', u'', u'', u'', u'', u'', u'', u'', u'']
check '' ''
[u'', u'', u'', u'', u'', u'', u'', u'', u'', u'', u'', u'', u'']
check '' ''
[u'', u'', u'', u'', u'', u'', u'', u'', u'', u'', u'', u'', u'']
check '' ''
[u'', u'', u'', u'', u'', u'', u'', u'', u'', u'', u'', u'', u'']
check '' ''
[u'', u'', u'', u'', u'', u'', u'', u'', u'', u'', u'', u'', u'']
check '' ''
[u'', u'', u'', u'', u'', u'', u'', u'', u'', u'', u'', u'', u'']
check '' ''
[u'', u'', u'', u'', u'', u'', u'', u'', u'', u'', u'', u'', u'']
check '' ''
[u'', u'', u'', u'', u'', u'', u'', u'', u'', u'', u'', u'', u'']
check '' ''
[u'', u'', u'', u'', u'', u'', u'', u'', u'', u'', u'', u'', u'']
check '' ''
[u'', u'', u'', u'', u'', u'', u'', u'', u'', u'', u'', u'', u'']
check '' ''
[u'', u'', u'', u'', u'', u'', u'', u'', u'', u'', u'', u'', u'']
check '' ''
[u'', u'', u'', u'', u'', u'', u'', u'', u'', u'', u'', u'', u'']
check '' ''
[u'', u'', u'', u'', u'', u'', u'', u'', u'', u'', u'', u'', u'']
check '' ''
[u'', u'', u'', u'', u'', u'', u'', u'', u'', u'', u'', u'', u'']
check '' ''
[u'', u'', u'', u'', u'', u'', u'', u'', u'', u'', u'', u'', u'']
check '' ''
[u'', u'', u'', u'', u'', u'', u'', u'', u'', u'', u'', u'', u'']
check '' ''
[u'', u'', u'', u'', u'', u'', u'', u'', u'', u'', u'', u'', u'']
check '' ''
[u'', u'', u'', u'', u'', u'', u'', u'', u'', u'', u'', u'', u'']
check '' ''
[u'', u'', u'', u'', u'', u'', u'', u'', u'', u'', u'', u'', u'']
check '' ''
[u'', u'', u'', u'', u'', u'', u'', u'', u'', u'', u'', u'', u'']
check '' ''
[u'', u'', u'', u'', u'', u'', u'', u'', u'', u'', u'', u'', u'']
check '' ''
[u'', u'', u'', u'', u'', u'', u'', u'', u'', u'', u'', u'', u'']
check '' ''
[u'', u'', u'', u'', u'', u'', u'', u'', u'', u'', u'', u'', u'']
check '' ''
[u'', u'', u'', u'', u'', u'', u'', u'', u'', u'', u'', u'', u'']
check '' ''
[u'', u'', u'', u'', u'', u'', u'', u'', u'', u'', u'', u'', u'']
check '' ''
[u'', u'', u'', u'', u'', u'', u'', u'', u'', u'', u'', u'', u'']
check '' ''
[u'', u'', u'', u'', u'', u'', u'', u'', u'', u'', u'', u'', u'']
check '' ''
[u'', u'', u'', u'', u'', u'', u'', u'', u'', u'', u'', u'', u'']
check '' ''
[u'', u'', u'', u'', u'', u'', u'', u'', u'', u'', u'', u'', u'']
check '' ''
[u'', u'', u'', u'', u'', u'', u'', u'', u'', u'', u'', u'', u'']
check '' ''
[u'', u'', u'', u'', u'', u'', u'', u'', u'', u'', u'', u'', u'']
check '' ''
[u'', u'', u'', u'', u'', u'', u'', u'', u'', u'', u'', u'', u'']
check '' ''
[u'', u'', u'', u'', u'', u'', u'', u'', u'', u'', u'', u'', u'']
check '' ''
[u'===APPEND===', u'', u'', u'', u'', u'', u'', u'', u'', u'', u'', u'', u'']
check '===APPEND===' ''
[u'2017 NEW SUBJECTS  Blackboard Classrooms for Department: 3404 - CLOTHING & TEXTILE STUDIES', u'', u'', u'', u'', u'', u'', u'', u'', u'', u'', u'', u'']
check '2017 NEW SUBJECTS  Blackboard Classrooms for Department: 3404 - CLOTHING & TEXTILE STUDIES' ''
[u'', u'', u'', u'', u'', u'', u'', u'', u'', u'', u'', u'', u'']
check '' ''
[u'BB Classroom', u'Migrate Classroom', u'ITS Subject', u'', u'ITS Qualification', u'', u'Block', u'', u'Off Type', u'', u'Grp', u'Lecturer(s)', u'2016 Enrol']
check 'BB Classroom' 'ITS Subject'
[u'...', u'', u'', u'', u'', u'', u'', u'', u'', u'', u'', u'', u'']
check '...' ''
[u'New subjects for 2018', u'', u'', u'', u'', u'', u'', u'', u'', u'', u'', u'', u'']
check 'New subjects for 2018' ''
processXLS: finished processing workingSheets/data/BBC3404ClothingTextileStudies2017.xls
getWS: requesting:  http://10.0.100.98:8000/itsenrol/classlist/2018/22/PRDT321 rsp= <Response [200]>
getWS: requesting:  http://10.0.100.98:8000/bbinfo/classlist/PRDT321 rsp= <Response [200]>
getNewStudentsInSubject: ITS 5, BB 3 -> 5 new enrollments
getWS: requesting:  http://10.0.100.98:8000/itsenrol/classlist/2018/22/PRDT121 rsp= <Response [200]>
getWS: requesting:  http://10.0.100.98:8000/bbinfo/classlist/PRDT121 rsp= <Response [200]>
getNewStudentsInSubject: ITS 32, BB 3 -> 32 new enrollments
getWS: requesting:  http://10.0.100.98:8000/itsenrol/classlist/2018/22/MGTC221 rsp= <Response [200]>
getWS: requesting:  http://10.0.100.98:8000/bbinfo/classlist/MGTC221 rsp= <Response [200]>
getNewStudentsInSubject: ITS 22, BB 2 -> 22 new enrollments
getWS: requesting:  http://10.0.100.98:8000/itsenrol/classlist/2018/22/PRDT221 rsp= <Response [200]>
getWS: requesting:  http://10.0.100.98:8000/bbinfo/classlist/PRDT221 rsp= <Response [200]>
getNewStudentsInSubject: ITS 22, BB 3 -> 22 new enrollments
getWS: requesting:  http://10.0.100.98:8000/itsenrol/classlist/2018/22/PRDO221 rsp= <Response [200]>
getWS: requesting:  http://10.0.100.98:8000/bbinfo/classlist/PRDO221 rsp= <Response [200]>
getNewStudentsInSubject: ITS 22, BB 3 -> 22 new enrollments
getWS: requesting:  http://10.0.100.98:8000/itsenrol/classlist/2018/22/PRDO121 rsp= <Response [200]>
getWS: requesting:  http://10.0.100.98:8000/bbinfo/classlist/PRDO121 rsp= <Response [200]>
getNewStudentsInSubject: ITS 33, BB 3 -> 33 new enrollments
getWS: requesting:  http://10.0.100.98:8000/itsenrol/classlist/2018/22/BSTD223 rsp= <Response [200]>
getWS: requesting:  http://10.0.100.98:8000/bbinfo/classlist/BSTD223 rsp= <Response [200]>
getNewStudentsInSubject: ITS 21, BB 6 -> 21 new enrollments
main: Writing students...
main: Writing enrollments...
main: Finished processing workingSheets/data/BBC3404ClothingTextileStudies2017.xls
main: 7 subjects processed
main: 7 subject -> classroom maps
main: 61 students
main: 157 student enrollments 0 errors
0.21user 0.11system 0:01.35elapsed 23%CPU (0avgtext+0avgdata 58080maxresident)k
336inputs+40outputs (0major+7119minor)pagefaults 0swaps
POSTING SNAPSHOTS to SIS endpoint
TEST RUN, NOT POSTING BBSTUDENTS
TEST RUN, NOT POSTIN BBENROL
copy snapshot files to saved output
=== department done ===
syncing logs...
Pushing logs from logs/20180723111852 to remote...
sending incremental file list
./
BBC3404ClothingTextileStudies2017.BBENROL.txt
BBC3404ClothingTextileStudies2017.BBSTUDENTS.txt
BBC3404ClothingTextileStudies2017.Enrolomat.txt
BBC3404ClothingTextileStudies2017.Postlog.txt

sent 49811 bytes  received 91 bytes  3024.36 bytes/sec
total size is 5287529  speedup is 105.96
logging to logs/20180723111852
=== generate newenrollments for BBC3405FoodNutritConsumerScience2017. ===
GENERATE SNAPSHOTS...
./BBCIncrementalEnrollerX2.py : generating enrolment files for subjects in  workingSheets/data/BBC3405FoodNutritConsumerScience2017.xls
processXLS: start spreadsheet workingSheets/data/BBC3405FoodNutritConsumerScience2017.xls
[u'2018 Blackboard Classrooms for Department: 3405 - FOOD & NUTRIT CONSUMER SCIENCE', u'', u'', u'', u'', u'', u'', u'', u'', u'', u'', u'', u'']
check '2018 Blackboard Classrooms for Department: 3405 - FOOD & NUTRIT CONSUMER SCIENCE' ''
[u'', u'', u'', u'', u'', u'', u'', u'', u'', u'', u'', u'', u'']
check '' ''
[u'BB Classroom', u'Migrate Classroom', u'ITS Subject', u'', u'ITS Qualification', u'', u'Block', u'', u'Off Type', u'', u'Grp', u'Lecturer(s)', u'2016 Enrol']
check 'BB Classroom' 'ITS Subject'
[u'BSFS101_YEAR_2018', u'BSFS101_YEAR_2017', u'BSFS101', u'BEHAVIOURAL STUDIES:FOOD SERVICE I', u'NDCFF2', u'ND: CONS SCI: FOOD & NUTRITION (4 YEARS)', u'11', u'YEAR', u'D1', u'Durban Campus Full-time', u'A', u'40008114:MAKANJANA', 27.0]
check 'BSFS101_YEAR_2018' 'BSFS101'
processXLS: only for SEM2 [u'BSFS101_YEAR_2018', u'BSFS101_YEAR_2017', u'BSFS101', u'BEHAVIOURAL STUDIES:FOOD SERVICE I', u'NDCFF2', u'ND: CONS SCI: FOOD & NUTRITION (4 YEARS)', u'11', u'YEAR', u'D1', u'Durban Campus Full-time', u'A', u'40008114:MAKANJANA', 27.0]
[u'BSFS101_YEAR_2018', u'BSFS101_YEAR_2017', u'BSFS101', u'BEHAVIOURAL STUDIES:FOOD SERVICE I', u'NDCSF2', u'ND: CONSUMER SCIENCE: FOOD AND NUTRITION', u'11', u'YEAR', u'D1', u'Durban Campus Full-time', u'A', u'40008114:MAKANJANA', 48.0]
check 'BSFS101_YEAR_2018' 'BSFS101'
processXLS: only for SEM2 [u'BSFS101_YEAR_2018', u'BSFS101_YEAR_2017', u'BSFS101', u'BEHAVIOURAL STUDIES:FOOD SERVICE I', u'NDCSF2', u'ND: CONSUMER SCIENCE: FOOD AND NUTRITION', u'11', u'YEAR', u'D1', u'Durban Campus Full-time', u'A', u'40008114:MAKANJANA', 48.0]
[u'', u'', u'', u'', u'', u'', u'', u'', u'', u'', u'', u'', u'']
check '' ''
[u'BSMG101_YEAR_2018', u'BSMG101_YEAR_2017', u'BSMG101', u'BUSINESS MANAGEMENT I', u'NDCFF2', u'ND: CONS SCI: FOOD & NUTRITION (4 YEARS)', u'11', u'YEAR', u'D1', u'Durban Campus Full-time', u'A', u'50002438:SINGH', 21.0]
check 'BSMG101_YEAR_2018' 'BSMG101'
processXLS: only for SEM2 [u'BSMG101_YEAR_2018', u'BSMG101_YEAR_2017', u'BSMG101', u'BUSINESS MANAGEMENT I', u'NDCFF2', u'ND: CONS SCI: FOOD & NUTRITION (4 YEARS)', u'11', u'YEAR', u'D1', u'Durban Campus Full-time', u'A', u'50002438:SINGH', 21.0]
[u'BSMG101_YEAR_2018', u'BSMG101_YEAR_2017', u'BSMG101', u'BUSINESS MANAGEMENT I', u'NDCSF2', u'ND: CONSUMER SCIENCE: FOOD AND NUTRITION', u'11', u'YEAR', u'D1', u'Durban Campus Full-time', u'A', u'50002438:SINGH', 47.0]
check 'BSMG101_YEAR_2018' 'BSMG101'
processXLS: only for SEM2 [u'BSMG101_YEAR_2018', u'BSMG101_YEAR_2017', u'BSMG101', u'BUSINESS MANAGEMENT I', u'NDCSF2', u'ND: CONSUMER SCIENCE: FOOD AND NUTRITION', u'11', u'YEAR', u'D1', u'Durban Campus Full-time', u'A', u'50002438:SINGH', 47.0]
[u'', u'', u'', u'', u'', u'', u'', u'', u'', u'', u'', u'', u'']
check '' ''
[u'CNSB101_YEAR_2018', u'CNSB101_YEAR_2017', u'CNSB101', u'CONSUMER BEHAVIOUR I', u'NDCFF2', u'ND: CONS SCI: FOOD & NUTRITION (4 YEARS)', u'11', u'YEAR', u'D1', u'Durban Campus Full-time', u'A', u'50010274:REDDY', 32.0]
check 'CNSB101_YEAR_2018' 'CNSB101'
processXLS: only for SEM2 [u'CNSB101_YEAR_2018', u'CNSB101_YEAR_2017', u'CNSB101', u'CONSUMER BEHAVIOUR I', u'NDCFF2', u'ND: CONS SCI: FOOD & NUTRITION (4 YEARS)', u'11', u'YEAR', u'D1', u'Durban Campus Full-time', u'A', u'50010274:REDDY', 32.0]
[u'CNSB101_YEAR_2018', u'CNSB101_YEAR_2017', u'CNSB101', u'CONSUMER BEHAVIOUR I', u'NDCSF2', u'ND: CONSUMER SCIENCE: FOOD AND NUTRITION', u'11', u'YEAR', u'D1', u'Durban Campus Full-time', u'A', u'50010274:REDDY', 48.0]
check 'CNSB101_YEAR_2018' 'CNSB101'
processXLS: only for SEM2 [u'CNSB101_YEAR_2018', u'CNSB101_YEAR_2017', u'CNSB101', u'CONSUMER BEHAVIOUR I', u'NDCSF2', u'ND: CONSUMER SCIENCE: FOOD AND NUTRITION', u'11', u'YEAR', u'D1', u'Durban Campus Full-time', u'A', u'50010274:REDDY', 48.0]
[u'', u'', u'', u'', u'', u'', u'', u'', u'', u'', u'', u'', u'']
check '' ''
[u'CSCP101_YEAR_2018', u'CSCP101_YEAR_2017', u'CSCP101', u'CONSUMER SCIENCE PRACTICE I', u'NDCFF2', u'ND: CONS SCI: FOOD & NUTRITION (4 YEARS)', u'11', u'YEAR', u'D1', u'Durban Campus Full-time', u'A', u'50001144:GROBBELAAR', 28.0]
check 'CSCP101_YEAR_2018' 'CSCP101'
processXLS: only for SEM2 [u'CSCP101_YEAR_2018', u'CSCP101_YEAR_2017', u'CSCP101', u'CONSUMER SCIENCE PRACTICE I', u'NDCFF2', u'ND: CONS SCI: FOOD & NUTRITION (4 YEARS)', u'11', u'YEAR', u'D1', u'Durban Campus Full-time', u'A', u'50001144:GROBBELAAR', 28.0]
[u'CSCP101_YEAR_2018', u'CSCP101_YEAR_2017', u'CSCP101', u'CONSUMER SCIENCE PRACTICE I', u'NDCSF2', u'ND: CONSUMER SCIENCE: FOOD AND NUTRITION', u'11', u'YEAR', u'D1', u'Durban Campus Full-time', u'A', u'50001144:GROBBELAAR', 1.0]
check 'CSCP101_YEAR_2018' 'CSCP101'
processXLS: only for SEM2 [u'CSCP101_YEAR_2018', u'CSCP101_YEAR_2017', u'CSCP101', u'CONSUMER SCIENCE PRACTICE I', u'NDCSF2', u'ND: CONSUMER SCIENCE: FOOD AND NUTRITION', u'11', u'YEAR', u'D1', u'Durban Campus Full-time', u'A', u'50001144:GROBBELAAR', 1.0]
[u'', u'', u'', u'', u'', u'', u'', u'', u'', u'', u'', u'', u'']
check '' ''
[u'FDPM101_YEAR_2018', u'FDPM101_YEAR_2017', u'FDPM101', u'FOOD PRODUCTION MANAGEMENT I', u'NDCFF2', u'ND: CONS SCI: FOOD & NUTRITION (4 YEARS)', u'11', u'YEAR', u'D1', u'Durban Campus Full-time', u'A', u'50002438: SINGH', 23.0]
check 'FDPM101_YEAR_2018' 'FDPM101'
processXLS: only for SEM2 [u'FDPM101_YEAR_2018', u'FDPM101_YEAR_2017', u'FDPM101', u'FOOD PRODUCTION MANAGEMENT I', u'NDCFF2', u'ND: CONS SCI: FOOD & NUTRITION (4 YEARS)', u'11', u'YEAR', u'D1', u'Durban Campus Full-time', u'A', u'50002438: SINGH', 23.0]
[u'FDPM101_YEAR_2018', u'FDPM101_YEAR_2017', u'FDPM101', u'FOOD PRODUCTION MANAGEMENT I', u'NDCSF2', u'ND: CONSUMER SCIENCE: FOOD AND NUTRITION', u'11', u'YEAR', u'D1', u'Durban Campus Full-time', u'A', u'50002438: SINGH', 47.0]
check 'FDPM101_YEAR_2018' 'FDPM101'
processXLS: only for SEM2 [u'FDPM101_YEAR_2018', u'FDPM101_YEAR_2017', u'FDPM101', u'FOOD PRODUCTION MANAGEMENT I', u'NDCSF2', u'ND: CONSUMER SCIENCE: FOOD AND NUTRITION', u'11', u'YEAR', u'D1', u'Durban Campus Full-time', u'A', u'50002438: SINGH', 47.0]
[u'', u'', u'', u'', u'', u'', u'', u'', u'', u'', u'', u'', u'']
check '' ''
[u'FFSC101_YEAR_2018', u'FFSC101_YEAR_2017', u'FFSC101', u'FOOD AND FOOD SCIENCE I', u'NDCFF2', u'ND: CONS SCI: FOOD & NUTRITION (4 YEARS)', u'11', u'YEAR', u'D1', u'Durban Campus Full-time', u'A', u'', 24.0]
check 'FFSC101_YEAR_2018' 'FFSC101'
processXLS: only for SEM2 [u'FFSC101_YEAR_2018', u'FFSC101_YEAR_2017', u'FFSC101', u'FOOD AND FOOD SCIENCE I', u'NDCFF2', u'ND: CONS SCI: FOOD & NUTRITION (4 YEARS)', u'11', u'YEAR', u'D1', u'Durban Campus Full-time', u'A', u'', 24.0]
[u'FFSC101_YEAR_2018', u'FFSC101_YEAR_2017', u'FFSC101', u'FOOD AND FOOD SCIENCE I', u'NDCSF2', u'ND: CONSUMER SCIENCE: FOOD AND NUTRITION', u'11', u'YEAR', u'D1', u'Durban Campus Full-time', u'A', u'', 55.0]
check 'FFSC101_YEAR_2018' 'FFSC101'
processXLS: only for SEM2 [u'FFSC101_YEAR_2018', u'FFSC101_YEAR_2017', u'FFSC101', u'FOOD AND FOOD SCIENCE I', u'NDCSF2', u'ND: CONSUMER SCIENCE: FOOD AND NUTRITION', u'11', u'YEAR', u'D1', u'Durban Campus Full-time', u'A', u'', 55.0]
[u'', u'', u'', u'', u'', u'', u'', u'', u'', u'', u'', u'', u'']
check '' ''
[u'IPSF101_YEAR_2018', u'IPSF101_YEAR_2017', u'IPSF101', u'INDUSTRIAL PSYCHOLOGY I', u'BTCSF1', u'BT: CONSUMER SCIENCE:  FOOD & NUTRITION', u'11', u'YEAR', u'D1', u'Durban Campus Full-time', u'A', u'S Vermeer', 14.0]
check 'IPSF101_YEAR_2018' 'IPSF101'
processXLS: only for SEM2 [u'IPSF101_YEAR_2018', u'IPSF101_YEAR_2017', u'IPSF101', u'INDUSTRIAL PSYCHOLOGY I', u'BTCSF1', u'BT: CONSUMER SCIENCE:  FOOD & NUTRITION', u'11', u'YEAR', u'D1', u'Durban Campus Full-time', u'A', u'S Vermeer', 14.0]
[u'IPSF101_YEAR_2018', u'IPSF101_YEAR_2017', u'IPSF101', u'INDUSTRIAL PSYCHOLOGY I', u'BTCSF1', u'BT: CONSUMER SCIENCE:  FOOD & NUTRITION', u'11', u'YEAR', u'D3', u'Durban Campus Part-time', u'A', u'S Vermeer', 7.0]
check 'IPSF101_YEAR_2018' 'IPSF101'
processXLS: only for SEM2 [u'IPSF101_YEAR_2018', u'IPSF101_YEAR_2017', u'IPSF101', u'INDUSTRIAL PSYCHOLOGY I', u'BTCSF1', u'BT: CONSUMER SCIENCE:  FOOD & NUTRITION', u'11', u'YEAR', u'D3', u'Durban Campus Part-time', u'A', u'S Vermeer', 7.0]
[u'', u'', u'', u'', u'', u'', u'', u'', u'', u'', u'', u'', u'']
check '' ''
[u'MKTF101_YEAR_2018', u'MKTF101_YEAR_2017', u'MKTF101', u'MARKETING I', u'BTCSF1', u'BT: CONSUMER SCIENCE:  FOOD & NUTRITION', u'11', u'YEAR', u'D1', u'Durban Campus Full-time', u'A', u'S Vermeer', 14.0]
check 'MKTF101_YEAR_2018' 'MKTF101'
processXLS: only for SEM2 [u'MKTF101_YEAR_2018', u'MKTF101_YEAR_2017', u'MKTF101', u'MARKETING I', u'BTCSF1', u'BT: CONSUMER SCIENCE:  FOOD & NUTRITION', u'11', u'YEAR', u'D1', u'Durban Campus Full-time', u'A', u'S Vermeer', 14.0]
[u'MKTF101_YEAR_2018', u'MKTF101_YEAR_2017', u'MKTF101', u'MARKETING I', u'BTCSF1', u'BT: CONSUMER SCIENCE:  FOOD & NUTRITION', u'11', u'YEAR', u'D3', u'Durban Campus Part-time', u'A', u'S Vermeer', 5.0]
check 'MKTF101_YEAR_2018' 'MKTF101'
processXLS: only for SEM2 [u'MKTF101_YEAR_2018', u'MKTF101_YEAR_2017', u'MKTF101', u'MARKETING I', u'BTCSF1', u'BT: CONSUMER SCIENCE:  FOOD & NUTRITION', u'11', u'YEAR', u'D3', u'Durban Campus Part-time', u'A', u'S Vermeer', 5.0]
[u'', u'', u'', u'', u'', u'', u'', u'', u'', u'', u'', u'', u'']
check '' ''
[u'NTRI101_YEAR_2018', u'NTRI101_YEAR_2017', u'NTRI101', u'NUTRITION I', u'NDSMF1', u'ND: SOMATOLOGY (4 YEARS)', u'11', u'YEAR', u'D1', u'Durban Campus Full-time', u'A', u'50001144:GROBBELAAR', 22.0]
check 'NTRI101_YEAR_2018' 'NTRI101'
processXLS: only for SEM2 [u'NTRI101_YEAR_2018', u'NTRI101_YEAR_2017', u'NTRI101', u'NUTRITION I', u'NDSMF1', u'ND: SOMATOLOGY (4 YEARS)', u'11', u'YEAR', u'D1', u'Durban Campus Full-time', u'A', u'50001144:GROBBELAAR', 22.0]
[u'NTRI101_YEAR_2018', u'NTRI101_YEAR_2017', u'NTRI101', u'NUTRITION I', u'NDSOM1', u'ND: SOMATOLOGY', u'11', u'YEAR', u'D1', u'Durban Campus Full-time', u'A', u'50001144:GROBBELAAR', 46.0]
check 'NTRI101_YEAR_2018' 'NTRI101'
processXLS: only for SEM2 [u'NTRI101_YEAR_2018', u'NTRI101_YEAR_2017', u'NTRI101', u'NUTRITION I', u'NDSOM1', u'ND: SOMATOLOGY', u'11', u'YEAR', u'D1', u'Durban Campus Full-time', u'A', u'50001144:GROBBELAAR', 46.0]
[u'', u'', u'', u'', u'', u'', u'', u'', u'', u'', u'', u'', u'']
check '' ''
[u'NUTR101_YEAR_2018', u'NUTR101_YEAR_2017', u'NUTR101', u'NUTRITION I', u'NDCFF2', u'ND: CONS SCI: FOOD & NUTRITION (4 YEARS)', u'11', u'YEAR', u'D1', u'Durban Campus Full-time', u'A', u'40004059:LLOYD', 23.0]
check 'NUTR101_YEAR_2018' 'NUTR101'
processXLS: only for SEM2 [u'NUTR101_YEAR_2018', u'NUTR101_YEAR_2017', u'NUTR101', u'NUTRITION I', u'NDCFF2', u'ND: CONS SCI: FOOD & NUTRITION (4 YEARS)', u'11', u'YEAR', u'D1', u'Durban Campus Full-time', u'A', u'40004059:LLOYD', 23.0]
[u'NUTR101_YEAR_2018', u'NUTR101_YEAR_2017', u'NUTR101', u'NUTRITION I', u'NDCSF2', u'ND: CONSUMER SCIENCE: FOOD AND NUTRITION', u'11', u'YEAR', u'D1', u'Durban Campus Full-time', u'A', u'40004059:LLOYD', 51.0]
check 'NUTR101_YEAR_2018' 'NUTR101'
processXLS: only for SEM2 [u'NUTR101_YEAR_2018', u'NUTR101_YEAR_2017', u'NUTR101', u'NUTRITION I', u'NDCSF2', u'ND: CONSUMER SCIENCE: FOOD AND NUTRITION', u'11', u'YEAR', u'D1', u'Durban Campus Full-time', u'A', u'40004059:LLOYD', 51.0]
[u'', u'', u'', u'', u'', u'', u'', u'', u'', u'', u'', u'', u'']
check '' ''
[u'CSCP201_YEAR_2018', u'CSCP201_YEAR_2017', u'CSCP201', u'CONSUMER SCIENCE PRACTICE II', u'NDCFF2', u'ND: CONS SCI: FOOD & NUTRITION (4 YEARS)', u'11', u'YEAR', u'D1', u'Durban Campus Full-time', u'A', u'50001144:GROBBELAAR', 24.0]
check 'CSCP201_YEAR_2018' 'CSCP201'
processXLS: only for SEM2 [u'CSCP201_YEAR_2018', u'CSCP201_YEAR_2017', u'CSCP201', u'CONSUMER SCIENCE PRACTICE II', u'NDCFF2', u'ND: CONS SCI: FOOD & NUTRITION (4 YEARS)', u'11', u'YEAR', u'D1', u'Durban Campus Full-time', u'A', u'50001144:GROBBELAAR', 24.0]
[u'', u'', u'', u'', u'', u'', u'', u'', u'', u'', u'', u'', u'']
check '' ''
[u'FCOM201_YEAR_2018', u'FCOM201_YEAR_2017', u'FCOM201', u'FOOD COMMUNICATION II', u'NDCFF2', u'ND: CONS SCI: FOOD & NUTRITION (4 YEARS)', u'11', u'YEAR', u'D1', u'Durban Campus Full-time', u'A', u'50010274:REDDY', 23.0]
check 'FCOM201_YEAR_2018' 'FCOM201'
processXLS: only for SEM2 [u'FCOM201_YEAR_2018', u'FCOM201_YEAR_2017', u'FCOM201', u'FOOD COMMUNICATION II', u'NDCFF2', u'ND: CONS SCI: FOOD & NUTRITION (4 YEARS)', u'11', u'YEAR', u'D1', u'Durban Campus Full-time', u'A', u'50010274:REDDY', 23.0]
[u'FCOM201_YEAR_2018', u'FCOM201_YEAR_2017', u'FCOM201', u'FOOD COMMUNICATION II', u'NDCSF2', u'ND: CONSUMER SCIENCE: FOOD AND NUTRITION', u'11', u'YEAR', u'D1', u'Durban Campus Full-time', u'A', u'50010274:REDDY', 44.0]
check 'FCOM201_YEAR_2018' 'FCOM201'
processXLS: only for SEM2 [u'FCOM201_YEAR_2018', u'FCOM201_YEAR_2017', u'FCOM201', u'FOOD COMMUNICATION II', u'NDCSF2', u'ND: CONSUMER SCIENCE: FOOD AND NUTRITION', u'11', u'YEAR', u'D1', u'Durban Campus Full-time', u'A', u'50010274:REDDY', 44.0]
[u'', u'', u'', u'', u'', u'', u'', u'', u'', u'', u'', u'', u'']
check '' ''
[u'FFSC201_YEAR_2018', u'FFSC201_YEAR_2017', u'FFSC201', u'FOOD AND FOOD SCIENCE II', u'NDCFF2', u'ND: CONS SCI: FOOD & NUTRITION (4 YEARS)', u'11', u'YEAR', u'D1', u'Durban Campus Full-time', u'A', u'40007209:NAICKER', 23.0]
check 'FFSC201_YEAR_2018' 'FFSC201'
processXLS: only for SEM2 [u'FFSC201_YEAR_2018', u'FFSC201_YEAR_2017', u'FFSC201', u'FOOD AND FOOD SCIENCE II', u'NDCFF2', u'ND: CONS SCI: FOOD & NUTRITION (4 YEARS)', u'11', u'YEAR', u'D1', u'Durban Campus Full-time', u'A', u'40007209:NAICKER', 23.0]
[u'FFSC201_YEAR_2018', u'FFSC201_YEAR_2017', u'FFSC201', u'FOOD AND FOOD SCIENCE II', u'NDCSF2', u'ND: CONSUMER SCIENCE: FOOD AND NUTRITION', u'11', u'YEAR', u'D1', u'Durban Campus Full-time', u'A', u'40007209:NAICKER', 44.0]
check 'FFSC201_YEAR_2018' 'FFSC201'
processXLS: only for SEM2 [u'FFSC201_YEAR_2018', u'FFSC201_YEAR_2017', u'FFSC201', u'FOOD AND FOOD SCIENCE II', u'NDCSF2', u'ND: CONSUMER SCIENCE: FOOD AND NUTRITION', u'11', u'YEAR', u'D1', u'Durban Campus Full-time', u'A', u'40007209:NAICKER', 44.0]
[u'', u'', u'', u'', u'', u'', u'', u'', u'', u'', u'', u'', u'']
check '' ''
[u'NTRI201_YEAR_2018', u'NTRI201_YEAR_2017', u'NTRI201', u'NUTRITION II', u'NDSMF1', u'ND: SOMATOLOGY (4 YEARS)', u'11', u'YEAR', u'D1', u'Durban Campus Full-time', u'A', u'50001144:GROBBELAAR;IO031040092', 11.0]
check 'NTRI201_YEAR_2018' 'NTRI201'
processXLS: only for SEM2 [u'NTRI201_YEAR_2018', u'NTRI201_YEAR_2017', u'NTRI201', u'NUTRITION II', u'NDSMF1', u'ND: SOMATOLOGY (4 YEARS)', u'11', u'YEAR', u'D1', u'Durban Campus Full-time', u'A', u'50001144:GROBBELAAR;IO031040092', 11.0]
[u'NTRI201_YEAR_2018', u'NTRI201_YEAR_2017', u'NTRI201', u'NUTRITION II', u'NDSOM1', u'ND: SOMATOLOGY', u'11', u'YEAR', u'D1', u'Durban Campus Full-time', u'A', u'50001144:GROBBELAAR;IO031040092', 38.0]
check 'NTRI201_YEAR_2018' 'NTRI201'
processXLS: only for SEM2 [u'NTRI201_YEAR_2018', u'NTRI201_YEAR_2017', u'NTRI201', u'NUTRITION II', u'NDSOM1', u'ND: SOMATOLOGY', u'11', u'YEAR', u'D1', u'Durban Campus Full-time', u'A', u'50001144:GROBBELAAR;IO031040092', 38.0]
[u'', u'', u'', u'', u'', u'', u'', u'', u'', u'', u'', u'', u'']
check '' ''
[u'NUTR202_YEAR_2018', u'NUTR202_YEAR_2017', u'NUTR202', u'NUTRITION II', u'NDCFF2', u'ND: CONS SCI: FOOD & NUTRITION (4 YEARS)', u'11', u'YEAR', u'D1', u'Durban Campus Full-time', u'A', u'40008114:MAKANJANA', 24.0]
check 'NUTR202_YEAR_2018' 'NUTR202'
processXLS: only for SEM2 [u'NUTR202_YEAR_2018', u'NUTR202_YEAR_2017', u'NUTR202', u'NUTRITION II', u'NDCFF2', u'ND: CONS SCI: FOOD & NUTRITION (4 YEARS)', u'11', u'YEAR', u'D1', u'Durban Campus Full-time', u'A', u'40008114:MAKANJANA', 24.0]
[u'NUTR202_YEAR_2018', u'NUTR202_YEAR_2017', u'NUTR202', u'NUTRITION II', u'NDCSF2', u'ND: CONSUMER SCIENCE: FOOD AND NUTRITION', u'11', u'YEAR', u'D1', u'Durban Campus Full-time', u'A', u'40008114:MAKANJANA', 47.0]
check 'NUTR202_YEAR_2018' 'NUTR202'
processXLS: only for SEM2 [u'NUTR202_YEAR_2018', u'NUTR202_YEAR_2017', u'NUTR202', u'NUTRITION II', u'NDCSF2', u'ND: CONSUMER SCIENCE: FOOD AND NUTRITION', u'11', u'YEAR', u'D1', u'Durban Campus Full-time', u'A', u'40008114:MAKANJANA', 47.0]
[u'', u'', u'', u'', u'', u'', u'', u'', u'', u'', u'', u'', u'']
check '' ''
[u'RMDG201_YEAR_2018', u'RMDG201_YEAR_2017', u'RMDG201', u'RESEARCH METHODOLOGY:  NATURAL SCIENCES', u'BTCSF1', u'BT: CONSUMER SCIENCE:  FOOD & NUTRITION', u'11', u'YEAR', u'D1', u'Durban Campus Full-time', u'A', u'40006150:NAPIER', 15.0]
check 'RMDG201_YEAR_2018' 'RMDG201'
processXLS: only for SEM2 [u'RMDG201_YEAR_2018', u'RMDG201_YEAR_2017', u'RMDG201', u'RESEARCH METHODOLOGY:  NATURAL SCIENCES', u'BTCSF1', u'BT: CONSUMER SCIENCE:  FOOD & NUTRITION', u'11', u'YEAR', u'D1', u'Durban Campus Full-time', u'A', u'40006150:NAPIER', 15.0]
[u'RMDG201_YEAR_2018', u'RMDG201_YEAR_2017', u'RMDG201', u'RESEARCH METHODOLOGY:  NATURAL SCIENCES', u'BTCSF1', u'BT: CONSUMER SCIENCE:  FOOD & NUTRITION', u'11', u'YEAR', u'D3', u'Durban Campus Part-time', u'A', u'40006150:NAPIER', 9.0]
check 'RMDG201_YEAR_2018' 'RMDG201'
processXLS: only for SEM2 [u'RMDG201_YEAR_2018', u'RMDG201_YEAR_2017', u'RMDG201', u'RESEARCH METHODOLOGY:  NATURAL SCIENCES', u'BTCSF1', u'BT: CONSUMER SCIENCE:  FOOD & NUTRITION', u'11', u'YEAR', u'D3', u'Durban Campus Part-time', u'A', u'40006150:NAPIER', 9.0]
[u'', u'', u'', u'', u'', u'', u'', u'', u'', u'', u'', u'', u'']
check '' ''
[u'FCOM301_SEM1_2018', u'FCOM301_SEM1_2017', u'FCOM301', u'FOOD COMMUNICATION III', u'NDCFF2', u'ND: CONS SCI: FOOD & NUTRITION (4 YEARS)', u'21', u'SEMESTER 1', u'D1', u'Durban Campus Full-time', u'A', u'50010274:REDDY', 15.0]
check 'FCOM301_SEM1_2018' 'FCOM301'
processXLS: only for SEM2 [u'FCOM301_SEM1_2018', u'FCOM301_SEM1_2017', u'FCOM301', u'FOOD COMMUNICATION III', u'NDCFF2', u'ND: CONS SCI: FOOD & NUTRITION (4 YEARS)', u'21', u'SEMESTER 1', u'D1', u'Durban Campus Full-time', u'A', u'50010274:REDDY', 15.0]
[u'FCOM301_SEM1_2018', u'FCOM301_SEM1_2017', u'FCOM301', u'FOOD COMMUNICATION III', u'NDCSF2', u'ND: CONSUMER SCIENCE: FOOD AND NUTRITION', u'21', u'SEMESTER 1', u'D1', u'Durban Campus Full-time', u'A', u'50010274:REDDY', 27.0]
check 'FCOM301_SEM1_2018' 'FCOM301'
processXLS: only for SEM2 [u'FCOM301_SEM1_2018', u'FCOM301_SEM1_2017', u'FCOM301', u'FOOD COMMUNICATION III', u'NDCSF2', u'ND: CONSUMER SCIENCE: FOOD AND NUTRITION', u'21', u'SEMESTER 1', u'D1', u'Durban Campus Full-time', u'A', u'50010274:REDDY', 27.0]
[u'', u'', u'', u'', u'', u'', u'', u'', u'', u'', u'', u'', u'']
check '' ''
[u'FFSC301_SEM1_2018', u'FFSC301_SEM1_2017', u'FFSC301', u'FOOD AND FOOD SCIENCE III', u'NDCFF2', u'ND: CONS SCI: FOOD & NUTRITION (4 YEARS)', u'21', u'SEMESTER 1', u'D1', u'Durban Campus Full-time', u'A', u'50002438:SINGH', 16.0]
check 'FFSC301_SEM1_2018' 'FFSC301'
processXLS: only for SEM2 [u'FFSC301_SEM1_2018', u'FFSC301_SEM1_2017', u'FFSC301', u'FOOD AND FOOD SCIENCE III', u'NDCFF2', u'ND: CONS SCI: FOOD & NUTRITION (4 YEARS)', u'21', u'SEMESTER 1', u'D1', u'Durban Campus Full-time', u'A', u'50002438:SINGH', 16.0]
[u'FFSC301_SEM1_2018', u'FFSC301_SEM1_2017', u'FFSC301', u'FOOD AND FOOD SCIENCE III', u'NDCSF2', u'ND: CONSUMER SCIENCE: FOOD AND NUTRITION', u'21', u'SEMESTER 1', u'D1', u'Durban Campus Full-time', u'A', u'50002438:SINGH', 30.0]
check 'FFSC301_SEM1_2018' 'FFSC301'
processXLS: only for SEM2 [u'FFSC301_SEM1_2018', u'FFSC301_SEM1_2017', u'FFSC301', u'FOOD AND FOOD SCIENCE III', u'NDCSF2', u'ND: CONSUMER SCIENCE: FOOD AND NUTRITION', u'21', u'SEMESTER 1', u'D1', u'Durban Campus Full-time', u'A', u'50002438:SINGH', 30.0]
[u'', u'', u'', u'', u'', u'', u'', u'', u'', u'', u'', u'', u'']
check '' ''
[u'NRTN301_SEM1_2018', u'NRTN301_SEM1_2017', u'NRTN301', u'NUTRITION III', u'NDCFF2', u'ND: CONS SCI: FOOD & NUTRITION (4 YEARS)', u'21', u'SEMESTER 1', u'D1', u'Durban Campus Full-time', u'A', u'40004059:LLOYD', 17.0]
check 'NRTN301_SEM1_2018' 'NRTN301'
processXLS: only for SEM2 [u'NRTN301_SEM1_2018', u'NRTN301_SEM1_2017', u'NRTN301', u'NUTRITION III', u'NDCFF2', u'ND: CONS SCI: FOOD & NUTRITION (4 YEARS)', u'21', u'SEMESTER 1', u'D1', u'Durban Campus Full-time', u'A', u'40004059:LLOYD', 17.0]
[u'NRTN301_SEM1_2018', u'NRTN301_SEM1_2017', u'NRTN301', u'NUTRITION III', u'NDCSF2', u'ND: CONSUMER SCIENCE: FOOD AND NUTRITION', u'21', u'SEMESTER 1', u'D1', u'Durban Campus Full-time', u'A', u'40004059:LLOYD', 30.0]
check 'NRTN301_SEM1_2018' 'NRTN301'
processXLS: only for SEM2 [u'NRTN301_SEM1_2018', u'NRTN301_SEM1_2017', u'NRTN301', u'NUTRITION III', u'NDCSF2', u'ND: CONSUMER SCIENCE: FOOD AND NUTRITION', u'21', u'SEMESTER 1', u'D1', u'Durban Campus Full-time', u'A', u'40004059:LLOYD', 30.0]
[u'', u'', u'', u'', u'', u'', u'', u'', u'', u'', u'', u'', u'']
check '' ''
[u'NTRI301_YEAR_2018', u'NTRI301_YEAR_2017', u'NTRI301', u'NUTRITION III', u'NDSMF1', u'ND: SOMATOLOGY (4 YEARS)', u'11', u'YEAR', u'D1', u'Durban Campus Full-time', u'A', u'50001144:GROBBELAAR', 9.0]
check 'NTRI301_YEAR_2018' 'NTRI301'
processXLS: only for SEM2 [u'NTRI301_YEAR_2018', u'NTRI301_YEAR_2017', u'NTRI301', u'NUTRITION III', u'NDSMF1', u'ND: SOMATOLOGY (4 YEARS)', u'11', u'YEAR', u'D1', u'Durban Campus Full-time', u'A', u'50001144:GROBBELAAR', 9.0]
[u'NTRI301_YEAR_2018', u'NTRI301_YEAR_2017', u'NTRI301', u'NUTRITION III', u'NDSOM1', u'ND: SOMATOLOGY', u'11', u'YEAR', u'D1', u'Durban Campus Full-time', u'A', u'50001144:GROBBELAAR', 29.0]
check 'NTRI301_YEAR_2018' 'NTRI301'
processXLS: only for SEM2 [u'NTRI301_YEAR_2018', u'NTRI301_YEAR_2017', u'NTRI301', u'NUTRITION III', u'NDSOM1', u'ND: SOMATOLOGY', u'11', u'YEAR', u'D1', u'Durban Campus Full-time', u'A', u'50001144:GROBBELAAR', 29.0]
[u'', u'', u'', u'', u'', u'', u'', u'', u'', u'', u'', u'', u'']
check '' ''
[u'FFSC401_YEAR_2018', u'FFSC401_YEAR_2017', u'FFSC401', u'FOOD AND FOOD SCIENCE IV', u'BTCSF1', u'BT: CONSUMER SCIENCE:  FOOD & NUTRITION', u'11', u'YEAR', u'D1', u'Durban Campus Full-time', u'A', u'40007209:NAICKER', 13.0]
check 'FFSC401_YEAR_2018' 'FFSC401'
processXLS: only for SEM2 [u'FFSC401_YEAR_2018', u'FFSC401_YEAR_2017', u'FFSC401', u'FOOD AND FOOD SCIENCE IV', u'BTCSF1', u'BT: CONSUMER SCIENCE:  FOOD & NUTRITION', u'11', u'YEAR', u'D1', u'Durban Campus Full-time', u'A', u'40007209:NAICKER', 13.0]
[u'FFSC401_YEAR_2018', u'FFSC401_YEAR_2017', u'FFSC401', u'FOOD AND FOOD SCIENCE IV', u'BTCSF1', u'BT: CONSUMER SCIENCE:  FOOD & NUTRITION', u'11', u'YEAR', u'D3', u'Durban Campus Part-time', u'A', u'40007209:NAICKER', 3.0]
check 'FFSC401_YEAR_2018' 'FFSC401'
processXLS: only for SEM2 [u'FFSC401_YEAR_2018', u'FFSC401_YEAR_2017', u'FFSC401', u'FOOD AND FOOD SCIENCE IV', u'BTCSF1', u'BT: CONSUMER SCIENCE:  FOOD & NUTRITION', u'11', u'YEAR', u'D3', u'Durban Campus Part-time', u'A', u'40007209:NAICKER', 3.0]
[u'', u'', u'', u'', u'', u'', u'', u'', u'', u'', u'', u'', u'']
check '' ''
[u'NTRI401_YEAR_2018', u'NTRI401_YEAR_2017', u'NTRI401', u'NUTRITION IV', u'BTSOM1', u'BT: SOMATOLOGY', u'11', u'YEAR', u'D3', u'Durban Campus Part-time', u'A', u'40008114:MAKANJANA', 5.0]
check 'NTRI401_YEAR_2018' 'NTRI401'
processXLS: only for SEM2 [u'NTRI401_YEAR_2018', u'NTRI401_YEAR_2017', u'NTRI401', u'NUTRITION IV', u'BTSOM1', u'BT: SOMATOLOGY', u'11', u'YEAR', u'D3', u'Durban Campus Part-time', u'A', u'40008114:MAKANJANA', 5.0]
[u'', u'', u'', u'', u'', u'', u'', u'', u'', u'', u'', u'', u'']
check '' ''
[u'NUTR402_YEAR_2018', u'NUTR402_YEAR_2017', u'NUTR402', u'NUTRITION IV', u'BTCSF1', u'BT: CONSUMER SCIENCE:  FOOD & NUTRITION', u'11', u'YEAR', u'D1', u'Durban Campus Full-time', u'A', u'40008114:MAKANJANA', 13.0]
check 'NUTR402_YEAR_2018' 'NUTR402'
processXLS: only for SEM2 [u'NUTR402_YEAR_2018', u'NUTR402_YEAR_2017', u'NUTR402', u'NUTRITION IV', u'BTCSF1', u'BT: CONSUMER SCIENCE:  FOOD & NUTRITION', u'11', u'YEAR', u'D1', u'Durban Campus Full-time', u'A', u'40008114:MAKANJANA', 13.0]
[u'NUTR402_YEAR_2018', u'NUTR402_YEAR_2017', u'NUTR402', u'NUTRITION IV', u'BTCSF1', u'BT: CONSUMER SCIENCE:  FOOD & NUTRITION', u'11', u'YEAR', u'D3', u'Durban Campus Part-time', u'A', u'40008114:MAKANJANA', 10.0]
check 'NUTR402_YEAR_2018' 'NUTR402'
processXLS: only for SEM2 [u'NUTR402_YEAR_2018', u'NUTR402_YEAR_2017', u'NUTR402', u'NUTRITION IV', u'BTCSF1', u'BT: CONSUMER SCIENCE:  FOOD & NUTRITION', u'11', u'YEAR', u'D3', u'Durban Campus Part-time', u'A', u'40008114:MAKANJANA', 10.0]
[u'', u'', u'', u'', u'', u'', u'', u'', u'', u'', u'', u'', u'']
check '' ''
[u'RPFN511_YEAR_2018', u'RPFN511_YEAR_2017', u'RPFN511', u'RESEARCH DISSERTATION (1ST REG)', u'MSFNT1', u'MS:  FOOD AND NUTRITION', u'P0', u'POST-GRAD ANNUAL REGISTRATIONS', u'D1', u'Durban Campus Full-time', u'N', u'40006150:NAPIER C E', 2.0]
check 'RPFN511_YEAR_2018' 'RPFN511'
processXLS: only for SEM2 [u'RPFN511_YEAR_2018', u'RPFN511_YEAR_2017', u'RPFN511', u'RESEARCH DISSERTATION (1ST REG)', u'MSFNT1', u'MS:  FOOD AND NUTRITION', u'P0', u'POST-GRAD ANNUAL REGISTRATIONS', u'D1', u'Durban Campus Full-time', u'N', u'40006150:NAPIER C E', 2.0]
[u'', u'', u'', u'', u'', u'', u'', u'', u'', u'', u'', u'', u'']
check '' ''
[u'RPFN521_YEAR_2018', u'RPFN521_YEAR_2017', u'RPFN521', u'RESEARCH DISSERTATION (2ND REG)', u'MSFNT1', u'MS:  FOOD AND NUTRITION', u'P0', u'POST-GRAD ANNUAL REGISTRATIONS', u'D1', u'Durban Campus Full-time', u'N', u'40006150:NAPIER C E', 12.0]
check 'RPFN521_YEAR_2018' 'RPFN521'
processXLS: only for SEM2 [u'RPFN521_YEAR_2018', u'RPFN521_YEAR_2017', u'RPFN521', u'RESEARCH DISSERTATION (2ND REG)', u'MSFNT1', u'MS:  FOOD AND NUTRITION', u'P0', u'POST-GRAD ANNUAL REGISTRATIONS', u'D1', u'Durban Campus Full-time', u'N', u'40006150:NAPIER C E', 12.0]
[u'RPFN521_YEAR_2018', u'RPFN521_YEAR_2017', u'RPFN521', u'RESEARCH DISSERTATION (2ND REG)', u'MSFNT1', u'MS:  FOOD AND NUTRITION', u'P0', u'POST-GRAD ANNUAL REGISTRATIONS', u'D3', u'Durban Campus Part-time', u'N', u'40006150:NAPIER C E', 8.0]
check 'RPFN521_YEAR_2018' 'RPFN521'
processXLS: only for SEM2 [u'RPFN521_YEAR_2018', u'RPFN521_YEAR_2017', u'RPFN521', u'RESEARCH DISSERTATION (2ND REG)', u'MSFNT1', u'MS:  FOOD AND NUTRITION', u'P0', u'POST-GRAD ANNUAL REGISTRATIONS', u'D3', u'Durban Campus Part-time', u'N', u'40006150:NAPIER C E', 8.0]
[u'', u'', u'', u'', u'', u'', u'', u'', u'', u'', u'', u'', u'']
check '' ''
[u'RPSN501_YEAR_2018', u'RPSN501_YEAR_2017', u'RPSN501', u'RESEARCH DISSERTATION FULL REGISTRATION', u'MSFNT1', u'MS:  FOOD AND NUTRITION', u'11', u'YEAR', u'D1', u'Durban Campus Full-time', u'A', u'40006150:NAPIER CE', 1.0]
check 'RPSN501_YEAR_2018' 'RPSN501'
processXLS: only for SEM2 [u'RPSN501_YEAR_2018', u'RPSN501_YEAR_2017', u'RPSN501', u'RESEARCH DISSERTATION FULL REGISTRATION', u'MSFNT1', u'MS:  FOOD AND NUTRITION', u'11', u'YEAR', u'D1', u'Durban Campus Full-time', u'A', u'40006150:NAPIER CE', 1.0]
[u'RPSN501_YEAR_2018', u'RPSN501_YEAR_2017', u'RPSN501', u'RESEARCH DISSERTATION FULL REGISTRATION', u'MSFNT1', u'MS:  FOOD AND NUTRITION', u'P0', u'POST-GRAD ANNUAL REGISTRATIONS', u'D1', u'Durban Campus Full-time', u'A', u'40006150:NAPIER CE', 1.0]
check 'RPSN501_YEAR_2018' 'RPSN501'
processXLS: only for SEM2 [u'RPSN501_YEAR_2018', u'RPSN501_YEAR_2017', u'RPSN501', u'RESEARCH DISSERTATION FULL REGISTRATION', u'MSFNT1', u'MS:  FOOD AND NUTRITION', u'P0', u'POST-GRAD ANNUAL REGISTRATIONS', u'D1', u'Durban Campus Full-time', u'A', u'40006150:NAPIER CE', 1.0]
[u'', u'', u'', u'', u'', u'', u'', u'', u'', u'', u'', u'', u'']
check '' ''
[u'RPSN511_YEAR_2018', u'RPSN511_YEAR_2017', u'RPSN511', u'RESEARCH DISSERTATION SUCCESSIVE REGISTRATION', u'MSFNT1', u'MS:  FOOD AND NUTRITION', u'11', u'YEAR', u'D1', u'Durban Campus Full-time', u'A', u'40006150:NAPIER CE', 1.0]
check 'RPSN511_YEAR_2018' 'RPSN511'
processXLS: only for SEM2 [u'RPSN511_YEAR_2018', u'RPSN511_YEAR_2017', u'RPSN511', u'RESEARCH DISSERTATION SUCCESSIVE REGISTRATION', u'MSFNT1', u'MS:  FOOD AND NUTRITION', u'11', u'YEAR', u'D1', u'Durban Campus Full-time', u'A', u'40006150:NAPIER CE', 1.0]
[u'RPSN511_YEAR_2018', u'RPSN511_YEAR_2017', u'RPSN511', u'RESEARCH DISSERTATION SUCCESSIVE REGISTRATION', u'MSFNT1', u'MS:  FOOD AND NUTRITION', u'11', u'YEAR', u'D3', u'Durban Campus Part-time', u'A', u'40006150:NAPIER CE', 2.0]
check 'RPSN511_YEAR_2018' 'RPSN511'
processXLS: only for SEM2 [u'RPSN511_YEAR_2018', u'RPSN511_YEAR_2017', u'RPSN511', u'RESEARCH DISSERTATION SUCCESSIVE REGISTRATION', u'MSFNT1', u'MS:  FOOD AND NUTRITION', u'11', u'YEAR', u'D3', u'Durban Campus Part-time', u'A', u'40006150:NAPIER CE', 2.0]
[u'RPSN511_YEAR_2018', u'RPSN511_YEAR_2017', u'RPSN511', u'RESEARCH DISSERTATION SUCCESSIVE REGISTRATION', u'MSFNT1', u'MS:  FOOD AND NUTRITION', u'P0', u'POST-GRAD ANNUAL REGISTRATIONS', u'D1', u'Durban Campus Full-time', u'A', u'40006150:NAPIER CE', 11.0]
check 'RPSN511_YEAR_2018' 'RPSN511'
processXLS: only for SEM2 [u'RPSN511_YEAR_2018', u'RPSN511_YEAR_2017', u'RPSN511', u'RESEARCH DISSERTATION SUCCESSIVE REGISTRATION', u'MSFNT1', u'MS:  FOOD AND NUTRITION', u'P0', u'POST-GRAD ANNUAL REGISTRATIONS', u'D1', u'Durban Campus Full-time', u'A', u'40006150:NAPIER CE', 11.0]
[u'RPSN511_YEAR_2018', u'RPSN511_YEAR_2017', u'RPSN511', u'RESEARCH DISSERTATION SUCCESSIVE REGISTRATION', u'MSFNT1', u'MS:  FOOD AND NUTRITION', u'P0', u'POST-GRAD ANNUAL REGISTRATIONS', u'D3', u'Durban Campus Part-time', u'A', u'40006150:NAPIER CE', 5.0]
check 'RPSN511_YEAR_2018' 'RPSN511'
processXLS: only for SEM2 [u'RPSN511_YEAR_2018', u'RPSN511_YEAR_2017', u'RPSN511', u'RESEARCH DISSERTATION SUCCESSIVE REGISTRATION', u'MSFNT1', u'MS:  FOOD AND NUTRITION', u'P0', u'POST-GRAD ANNUAL REGISTRATIONS', u'D3', u'Durban Campus Part-time', u'A', u'40006150:NAPIER CE', 5.0]
[u'', u'', u'', u'', u'', u'', u'', u'', u'', u'', u'', u'', u'']
check '' ''
[u'RPFN621_YEAR_2018', u'RPFN621_YEAR_2017', u'RPFN621', u'RESEARCH THESIS (2ND REG)', u'DPFNT1', u'DP:  FOOD AND NUTRITION', u'P0', u'POST-GRAD ANNUAL REGISTRATIONS', u'D3', u'Durban Campus Part-time', u'A', u'40006150:NAPIER C E', 4.0]
check 'RPFN621_YEAR_2018' 'RPFN621'
processXLS: only for SEM2 [u'RPFN621_YEAR_2018', u'RPFN621_YEAR_2017', u'RPFN621', u'RESEARCH THESIS (2ND REG)', u'DPFNT1', u'DP:  FOOD AND NUTRITION', u'P0', u'POST-GRAD ANNUAL REGISTRATIONS', u'D3', u'Durban Campus Part-time', u'A', u'40006150:NAPIER C E', 4.0]
[u'', u'', u'', u'', u'', u'', u'', u'', u'', u'', u'', u'', u'']
check '' ''
[u'RSFN611_YEAR_2018', u'RSFN611_YEAR_2017', u'RSFN611', u'RESEARCH THESIS SUCCESSIVE REGISTRATION', u'DPFNT1', u'DP:  FOOD AND NUTRITION', u'P0', u'POST-GRAD ANNUAL REGISTRATIONS', u'D3', u'Durban Campus Part-time', u'A', u'40006150:NAPIER', 4.0]
check 'RSFN611_YEAR_2018' 'RSFN611'
processXLS: only for SEM2 [u'RSFN611_YEAR_2018', u'RSFN611_YEAR_2017', u'RSFN611', u'RESEARCH THESIS SUCCESSIVE REGISTRATION', u'DPFNT1', u'DP:  FOOD AND NUTRITION', u'P0', u'POST-GRAD ANNUAL REGISTRATIONS', u'D3', u'Durban Campus Part-time', u'A', u'40006150:NAPIER', 4.0]
[u'', u'', u'', u'', u'', u'', u'', u'', u'', u'', u'', u'', u'']
check '' ''
[u'FDPR202_SEM2_2018', u'FDPR202_SEM2_2017', u'FDPR202', u'FDPR202: FOOD PRACTICE II 2017', u'NDCSF2', u'ND: CONSUMER SCIENCE: FOOD AND NUTRITION', 22.0, u'SEMESTER 2', u'D1', u'Durban Campus Full-time', u'A', u'50000354:VERMEER', 1.0]
check 'FDPR202_SEM2_2018' 'FDPR202'
processXLS: only for SEM2 [u'FDPR202_SEM2_2018', u'FDPR202_SEM2_2017', u'FDPR202', u'FDPR202: FOOD PRACTICE II 2017', u'NDCSF2', u'ND: CONSUMER SCIENCE: FOOD AND NUTRITION', 22.0, u'SEMESTER 2', u'D1', u'Durban Campus Full-time', u'A', u'50000354:VERMEER', 1.0]
[u'...', u'', u'', u'', u'', u'', u'', u'', u'', u'', u'', u'', u'']
check '...' ''
[u'New subjects for 2018', u'', u'', u'', u'', u'', u'', u'', u'', u'', u'', u'', u'']
check 'New subjects for 2018' ''
[u'NTRI101_SEM1_2018', u'template_2018', u'NTRT101', u'NUTRITION I', u'DISOM1', u'DIPLOMA IN SOMATOLOGY', u'21', u'SEM1', u'D1', u'OTNAME', u'A', u'50000354:VERMEER;', u'']
check 'NTRI101_SEM1_2018' 'NTRT101'
[u'NTRI101_SEM1_2018', u'template_2018', u'NTRT101', u'NUTRITION I', u'DISMF1', u'DIPLOMA IN SOMATOLOGY (4 YEARS)', u'21', u'SEM1', u'D1', u'OTNAME', u'A', u'50000354:VERMEER;', u'']
check 'NTRI101_SEM1_2018' 'NTRT101'
[u'NTRI101_SEM2_2018', u'template_2018', u'NTRT101', u'NUTRITION I', u'DISOM1', u'DIPLOMA IN SOMATOLOGY', u'22', u'SEM2', u'D1', u'OTNAME', u'A', u'50000354:VERMEER;', u'']
check 'NTRI101_SEM2_2018' 'NTRT101'
[u'NTRI101_SEM2_2018', u'template_2018', u'NTRT101', u'NUTRITION I', u'DISMF1', u'DIPLOMA IN SOMATOLOGY (4 YEARS)', u'22', u'SEM2', u'D1', u'OTNAME', u'A', u'50000354:VERMEER;', u'']
check 'NTRI101_SEM2_2018' 'NTRT101'
[u'NTRI201_SEM1_2018', u'template_2018', u'NTRT201', u'NUTRITION II', u'DISOM1', u'DIPLOMA IN SOMATOLOGY', u'21', u'SEM1', u'D1', u'OTNAME', u'A', u'50000354:VERMEER;', u'']
check 'NTRI201_SEM1_2018' 'NTRT201'
[u'NTRI201_SEM1_2018', u'template_2018', u'NTRT201', u'NUTRITION II', u'DISMF1', u'DIPLOMA IN SOMATOLOGY (4 YEARS)', u'21', u'SEM1', u'D1', u'OTNAME', u'A', u'50000354:VERMEER;', u'']
check 'NTRI201_SEM1_2018' 'NTRT201'
processXLS: finished processing workingSheets/data/BBC3405FoodNutritConsumerScience2017.xls
main: Writing students...
main: Writing enrollments...
main: Finished processing workingSheets/data/BBC3405FoodNutritConsumerScience2017.xls
main: 0 subjects processed
main: 0 subject -> classroom maps
main: 0 students
main: 0 student enrollments 0 errors
0.14user 0.09system 0:00.45elapsed 53%CPU (0avgtext+0avgdata 54176maxresident)k
72inputs+16outputs (0major+6809minor)pagefaults 0swaps
POSTING SNAPSHOTS to SIS endpoint
TEST RUN, NOT POSTING BBSTUDENTS
TEST RUN, NOT POSTIN BBENROL
copy snapshot files to saved output
=== department done ===
syncing logs...
Pushing logs from logs/20180723111852 to remote...
sending incremental file list
./
BBC3405FoodNutritConsumerScience2017.BBENROL.txt
BBC3405FoodNutritConsumerScience2017.BBSTUDENTS.txt
BBC3405FoodNutritConsumerScience2017.Enrolomat.txt
BBC3405FoodNutritConsumerScience2017.Postlog.txt

sent 40125 bytes  received 91 bytes  11490.29 bytes/sec
total size is 5321457  speedup is 132.32
logging to logs/20180723111852
=== generate newenrollments for BBC3406MaritimeStudies2017. ===
GENERATE SNAPSHOTS...
./BBCIncrementalEnrollerX2.py : generating enrolment files for subjects in  workingSheets/data/BBC3406MaritimeStudies2017.xls
processXLS: start spreadsheet workingSheets/data/BBC3406MaritimeStudies2017.xls
[u'2018 Blackboard Classrooms for Department: 3406 - MARITIME STUDIES', u'', u'', u'', u'', u'', u'', u'', u'', u'', u'', u'', u'']
check '2018 Blackboard Classrooms for Department: 3406 - MARITIME STUDIES' ''
[u'', u'', u'', u'', u'', u'', u'', u'', u'', u'', u'', u'', u'']
check '' ''
[u'BB Classroom', u'Migrate Classroom', u'ITS Subject', u'', u'ITS Qualification', u'', u'Block', u'', u'Off Type', u'', u'Grp', u'Lecturer(s)', u'2016 Enrol']
check 'BB Classroom' 'ITS Subject'
[u'', u'', u'', u'', u'', u'', u'', u'', u'', u'', u'', u'', u'']
check '' ''
[u'', u'', u'', u'', u'', u'', u'', u'', u'', u'', u'', u'', u'']
check '' ''
[u'IASC101_SEM2_2018', u'IASC101_SEM2_2017', u'IASC101', u'INTRODUCTION TO APPLIED SCIENCES', u'DISHL1', u'DIPLOMA IN SHIPPING AND LOGISTICS', u'22', u'SEMESTER 2', u'D1', u'Durban Campus Full-time', u'A', u'40004172:KUTTAN PILLAI;50000858:DAY;50002178:REDDY;40008280:GOVENDER;40013383:MAHLAMBI;40011155:MEWALAL;40010608:BRIJLALL', 51.0]
check 'IASC101_SEM2_2018' 'IASC101'
adding  IASC101
requesting:  http://10.0.100.98:8000/bbinfo/matching_courses/IASC101%25
r= <Response [200]>
matching classes= set([u'IASC101_SEM2_2017', u'IASC101_ALL_2016', u'IASC101_SEM2_2018'])
[u'', u'', u'', u'', u'', u'', u'', u'', u'', u'', u'', u'', u'']
check '' ''
[u'', u'', u'', u'', u'', u'', u'', u'', u'', u'', u'', u'', u'']
check '' ''
[u'ISHP101_SEM2_2018', u'ISHP101_SEM2_2017', u'ISHP101', u'INTRODUCTION TO SHIPPING', u'DISHL1', u'DIPLOMA IN SHIPPING AND LOGISTICS', u'22', u'SEMESTER 2', u'D1', u'Durban Campus Full-time', u'A', u'40010516:Gounder', 51.0]
check 'ISHP101_SEM2_2018' 'ISHP101'
adding  ISHP101
requesting:  http://10.0.100.98:8000/bbinfo/matching_courses/ISHP101%25
r= <Response [200]>
matching classes= set([u'ISHP101_ALL_2016', u'ISHP101_SEM2_2018', u'ISHP101_SEM2_2017'])
[u'', u'', u'', u'', u'', u'', u'', u'', u'', u'', u'', u'', u'']
check '' ''
[u'ISOP101_SEM2_2018', u'ISOP101_SEM2_2017', u'ISOP101', u'INTRODUCTION TO SHIPBOARD OPERATIONS', u'DINAU1', u'DIPLOMA IN NAUTICAL STUDIES', u'22', u'SEMESTER 2', u'D1', u'Durban Campus Full-time', u'A', u'40013750:MASUKU', 54.0]
check 'ISOP101_SEM2_2018' 'ISOP101'
adding  ISOP101
requesting:  http://10.0.100.98:8000/bbinfo/matching_courses/ISOP101%25
r= <Response [200]>
matching classes= set([u'ISOP101_ALL_2016', u'ISOP101_SEM2_2018', u'ISOP101_SEM2_2017'])
[u'', u'', u'', u'', u'', u'', u'', u'', u'', u'', u'', u'', u'']
check '' ''
[u'', u'', u'', u'', u'', u'', u'', u'', u'', u'', u'', u'', u'']
check '' ''
[u'NENS101_SEM2_2018', u'NENS101_SEM2_2017', u'NENS101', u'NAVIGATION - ELECTRONIC NAVIGATION SYSTEMS I', u'DINAU1', u'DIPLOMA IN NAUTICAL STUDIES', u'22', u'SEMESTER 2', u'D1', u'Durban Campus Full-time', u'A', u'40008069:LUNGU;40009123:MANQELE', 54.0]
check 'NENS101_SEM2_2018' 'NENS101'
adding  NENS101
requesting:  http://10.0.100.98:8000/bbinfo/matching_courses/NENS101%25
r= <Response [200]>
matching classes= set([u'NENS101_ALL_2016', u'NENS101_SEM2_2018', u'NENS101_SEM2_2017'])
[u'', u'', u'', u'', u'', u'', u'', u'', u'', u'', u'', u'', u'']
check '' ''
[u'', u'', u'', u'', u'', u'', u'', u'', u'', u'', u'', u'', u'']
check '' ''
[u'', u'', u'', u'', u'', u'', u'', u'', u'', u'', u'', u'', u'']
check '' ''
[u'MALW201_SEM1_2018', u'MALW201_SEM1_2017', u'MALW201', u'MARINE LAW II', u'NDMCM1', u'ND: ENGINEERING: MECHANICAL (MARITIME)', u'21', u'SEMESTER 1', u'D1', u'Durban Campus Full-time', u'A', u'40008280  GOVENDER', 1.0]
check 'MALW201_SEM1_2018' 'MALW201'
processXLS: only for SEM2 [u'MALW201_SEM1_2018', u'MALW201_SEM1_2017', u'MALW201', u'MARINE LAW II', u'NDMCM1', u'ND: ENGINEERING: MECHANICAL (MARITIME)', u'21', u'SEMESTER 1', u'D1', u'Durban Campus Full-time', u'A', u'40008280  GOVENDER', 1.0]
[u'MALW201_SEM1_2018', u'MALW201_SEM1_2017', u'MALW201', u'MARINE LAW II', u'NDMSF1', u'ND: MARITIME STUDIES (4 YEARS)', u'21', u'SEMESTER 1', u'D1', u'Durban Campus Full-time', u'A', u'40008280  GOVENDER', 16.0]
check 'MALW201_SEM1_2018' 'MALW201'
processXLS: only for SEM2 [u'MALW201_SEM1_2018', u'MALW201_SEM1_2017', u'MALW201', u'MARINE LAW II', u'NDMSF1', u'ND: MARITIME STUDIES (4 YEARS)', u'21', u'SEMESTER 1', u'D1', u'Durban Campus Full-time', u'A', u'40008280  GOVENDER', 16.0]
[u'MALW201_SEM1_2018', u'MALW201_SEM1_2017', u'MALW201', u'MARINE LAW II', u'NDMTS1', u'ND: MARITIME STUDIES', u'21', u'SEMESTER 1', u'D1', u'Durban Campus Full-time', u'A', u'40008280  GOVENDER', 134.0]
check 'MALW201_SEM1_2018' 'MALW201'
processXLS: only for SEM2 [u'MALW201_SEM1_2018', u'MALW201_SEM1_2017', u'MALW201', u'MARINE LAW II', u'NDMTS1', u'ND: MARITIME STUDIES', u'21', u'SEMESTER 1', u'D1', u'Durban Campus Full-time', u'A', u'40008280  GOVENDER', 134.0]
[u'MALW201_SEM1_2018', u'MALW201_SEM1_2017', u'MALW201', u'MARINE LAW II', u'NODIPM', u'NON-DIPLOMA PURPOSE (MARITIME)', u'21', u'SEMESTER 1', u'D7', u'DBN FULL-TIME NON-SUBSIDISED', u'A', u'40008280  GOVENDER', 26.0]
check 'MALW201_SEM1_2018' 'MALW201'
processXLS: only for SEM2 [u'MALW201_SEM1_2018', u'MALW201_SEM1_2017', u'MALW201', u'MARINE LAW II', u'NODIPM', u'NON-DIPLOMA PURPOSE (MARITIME)', u'21', u'SEMESTER 1', u'D7', u'DBN FULL-TIME NON-SUBSIDISED', u'A', u'40008280  GOVENDER', 26.0]
[u'', u'', u'', u'', u'', u'', u'', u'', u'', u'', u'', u'', u'']
check '' ''
[u'', u'', u'', u'', u'', u'', u'', u'', u'', u'', u'', u'', u'']
check '' ''
[u'NARC203_SEM1_2018', u'NARC203_SEM1_2017', u'NARC203', u'NAVAL ARCHITECTURE II', u'NDMSF1', u'ND: MARITIME STUDIES (4 YEARS)', u'21', u'SEMESTER 1', u'D1', u'Durban Campus Full-time', u'A', u'40010885:GADAGKAR;40009123:MANQELE', 17.0]
check 'NARC203_SEM1_2018' 'NARC203'
processXLS: only for SEM2 [u'NARC203_SEM1_2018', u'NARC203_SEM1_2017', u'NARC203', u'NAVAL ARCHITECTURE II', u'NDMSF1', u'ND: MARITIME STUDIES (4 YEARS)', u'21', u'SEMESTER 1', u'D1', u'Durban Campus Full-time', u'A', u'40010885:GADAGKAR;40009123:MANQELE', 17.0]
[u'NARC203_SEM1_2018', u'NARC203_SEM1_2017', u'NARC203', u'NAVAL ARCHITECTURE II', u'NDMTS1', u'ND: MARITIME STUDIES', u'21', u'SEMESTER 1', u'D1', u'Durban Campus Full-time', u'A', u'40010885:GADAGKAR;40009123:MANQELE', 81.0]
check 'NARC203_SEM1_2018' 'NARC203'
processXLS: only for SEM2 [u'NARC203_SEM1_2018', u'NARC203_SEM1_2017', u'NARC203', u'NAVAL ARCHITECTURE II', u'NDMTS1', u'ND: MARITIME STUDIES', u'21', u'SEMESTER 1', u'D1', u'Durban Campus Full-time', u'A', u'40010885:GADAGKAR;40009123:MANQELE', 81.0]
[u'', u'', u'', u'', u'', u'', u'', u'', u'', u'', u'', u'', u'']
check '' ''
[u'NAVG202_SEM1_2018', u'NAVG202_SEM1_2017', u'NAVG202', u'NAVIGATION II', u'NDMSF1', u'ND: MARITIME STUDIES (4 YEARS)', u'21', u'SEMESTER 1', u'D1', u'Durban Campus Full-time', u'A', u'40008280:GOVENDER', 16.0]
check 'NAVG202_SEM1_2018' 'NAVG202'
processXLS: only for SEM2 [u'NAVG202_SEM1_2018', u'NAVG202_SEM1_2017', u'NAVG202', u'NAVIGATION II', u'NDMSF1', u'ND: MARITIME STUDIES (4 YEARS)', u'21', u'SEMESTER 1', u'D1', u'Durban Campus Full-time', u'A', u'40008280:GOVENDER', 16.0]
[u'NAVG202_SEM1_2018', u'NAVG202_SEM1_2017', u'NAVG202', u'NAVIGATION II', u'NDMTS1', u'ND: MARITIME STUDIES', u'21', u'SEMESTER 1', u'D1', u'Durban Campus Full-time', u'A', u'40008280:GOVENDER', 58.0]
check 'NAVG202_SEM1_2018' 'NAVG202'
processXLS: only for SEM2 [u'NAVG202_SEM1_2018', u'NAVG202_SEM1_2017', u'NAVG202', u'NAVIGATION II', u'NDMTS1', u'ND: MARITIME STUDIES', u'21', u'SEMESTER 1', u'D1', u'Durban Campus Full-time', u'A', u'40008280:GOVENDER', 58.0]
[u'', u'', u'', u'', u'', u'', u'', u'', u'', u'', u'', u'', u'']
check '' ''
[u'', u'', u'', u'', u'', u'', u'', u'', u'', u'', u'', u'', u'']
check '' ''
[u'', u'', u'', u'', u'', u'', u'', u'', u'', u'', u'', u'', u'']
check '' ''
[u'', u'', u'', u'', u'', u'', u'', u'', u'', u'', u'', u'', u'']
check '' ''
[u'STEC202_SEM2_2018', u'STEC202_SEM2_2017', u'STEC202', u'SHIP TECHNOLOGY II', u'NDMSF1', u'ND: MARITIME STUDIES (4 YEARS)', u'22', u'SEMESTER 2', u'D1', u'Durban Campus Full-time', u'A', u'40010885:GADAGKAR', 13.0]
check 'STEC202_SEM2_2018' 'STEC202'
adding  STEC202
requesting:  http://10.0.100.98:8000/bbinfo/matching_courses/STEC202%25
r= <Response [200]>
matching classes= set([u'STEC202_15_GADP', u'STEC202_SEM2_2018', u'STEC202_13_PINE', u'STEC202_SEM2_2017', u'STEC202_SEM2_2016'])
[u'STEC202_SEM2_2018', u'STEC202_SEM2_2017', u'STEC202', u'SHIP TECHNOLOGY II', u'NDMTS1', u'ND: MARITIME STUDIES', u'22', u'SEMESTER 2', u'D1', u'Durban Campus Full-time', u'A', u'40010885:GADAGKAR', 62.0]
check 'STEC202_SEM2_2018' 'STEC202'
adding  STEC202
requesting:  http://10.0.100.98:8000/bbinfo/matching_courses/STEC202%25
r= <Response [200]>
matching classes= set([u'STEC202_15_GADP', u'STEC202_SEM2_2018', u'STEC202_13_PINE', u'STEC202_SEM2_2017', u'STEC202_SEM2_2016'])
[u'', u'', u'', u'', u'', u'', u'', u'', u'', u'', u'', u'', u'']
check '' ''
[u'', u'', u'', u'', u'', u'', u'', u'', u'', u'', u'', u'', u'']
check '' ''
[u'', u'', u'', u'', u'', u'', u'', u'', u'', u'', u'', u'', u'']
check '' ''
[u'MALW301_SEM2_2018', u'MALW301_SEM2_2017', u'MALW301', u'MARINE LAW III', u'NDMSF1', u'ND: MARITIME STUDIES (4 YEARS)', u'22', u'SEMESTER 2', u'D1', u'Durban Campus Full-time', u'A', u'40008280:GOVENDER', 15.0]
check 'MALW301_SEM2_2018' 'MALW301'
adding  MALW301
requesting:  http://10.0.100.98:8000/bbinfo/matching_courses/MALW301%25
r= <Response [200]>
matching classes= set([u'MALW301_SEM2_2016', u'MALW301_SEM2_2017', u'MALW301_SEM2_2018', u'MALW301_13_JOHC'])
[u'MALW301_SEM2_2018', u'MALW301_SEM2_2017', u'MALW301', u'MARINE LAW III', u'NDMTS1', u'ND: MARITIME STUDIES', u'22', u'SEMESTER 2', u'D1', u'Durban Campus Full-time', u'A', u'40008280:GOVENDER', 93.0]
check 'MALW301_SEM2_2018' 'MALW301'
adding  MALW301
requesting:  http://10.0.100.98:8000/bbinfo/matching_courses/MALW301%25
r= <Response [200]>
matching classes= set([u'MALW301_SEM2_2016', u'MALW301_SEM2_2017', u'MALW301_SEM2_2018', u'MALW301_13_JOHC'])
[u'', u'', u'', u'', u'', u'', u'', u'', u'', u'', u'', u'', u'']
check '' ''
[u'', u'', u'', u'', u'', u'', u'', u'', u'', u'', u'', u'', u'']
check '' ''
[u'MEST302_SEM1_2018', u'MEST302_SEM1_2017', u'MEST302', u'MARINE ENVIRONMENTAL STUDIES III', u'NDMSF1', u'ND: MARITIME STUDIES (4 YEARS)', u'21', u'SEMESTER 1', u'D1', u'Durban Campus Full-time', u'A', u'40009123:MANQELE', 16.0]
check 'MEST302_SEM1_2018' 'MEST302'
processXLS: only for SEM2 [u'MEST302_SEM1_2018', u'MEST302_SEM1_2017', u'MEST302', u'MARINE ENVIRONMENTAL STUDIES III', u'NDMSF1', u'ND: MARITIME STUDIES (4 YEARS)', u'21', u'SEMESTER 1', u'D1', u'Durban Campus Full-time', u'A', u'40009123:MANQELE', 16.0]
[u'MEST302_SEM1_2018', u'MEST302_SEM1_2017', u'MEST302', u'MARINE ENVIRONMENTAL STUDIES III', u'NDMTS1', u'ND: MARITIME STUDIES', u'21', u'SEMESTER 1', u'D1', u'Durban Campus Full-time', u'A', u'40009123:MANQELE', 58.0]
check 'MEST302_SEM1_2018' 'MEST302'
processXLS: only for SEM2 [u'MEST302_SEM1_2018', u'MEST302_SEM1_2017', u'MEST302', u'MARINE ENVIRONMENTAL STUDIES III', u'NDMTS1', u'ND: MARITIME STUDIES', u'21', u'SEMESTER 1', u'D1', u'Durban Campus Full-time', u'A', u'40009123:MANQELE', 58.0]
[u'', u'', u'', u'', u'', u'', u'', u'', u'', u'', u'', u'', u'']
check '' ''
[u'MEST302_SEM2_2018', u'MEST302_SEM2_2017', u'MEST302', u'MARINE ENVIRONMENTAL STUDIES III', u'NDMTS1', u'ND: MARITIME STUDIES', u'22', u'SEMESTER 2', u'D1', u'Durban Campus Full-time', u'A', u'40009123:MANQELE', 1.0]
check 'MEST302_SEM2_2018' 'MEST302'
adding  MEST302
requesting:  http://10.0.100.98:8000/bbinfo/matching_courses/MEST302%25
r= <Response [200]>
matching classes= set([u'MEST302_ALL_2016', u'MEST302_13_MANN', u'MEST302_SEM1_2017', u'MEST302_SEM2_2017', u'MEST302_SEM2_2018', u'MEST302_SEM1_2018'])
[u'', u'', u'', u'', u'', u'', u'', u'', u'', u'', u'', u'', u'']
check '' ''
[u'', u'', u'', u'', u'', u'', u'', u'', u'', u'', u'', u'', u'']
check '' ''
[u'NARC303_SEM2_2018', u'NARC303_SEM2_2017', u'NARC303', u'NAVAL ARCHITECTURE III', u'NDMSF1', u'ND: MARITIME STUDIES (4 YEARS)', u'22', u'SEMESTER 2', u'D1', u'Durban Campus Full-time', u'A', u'40010885:GADAGKAR', 13.0]
check 'NARC303_SEM2_2018' 'NARC303'
adding  NARC303
requesting:  http://10.0.100.98:8000/bbinfo/matching_courses/NARC303%25
r= <Response [200]>
matching classes= set([u'NARC303_13_PINE', u'NARC303_SEM2_2018', u'NARC303_SEM2_2017', u'NARC303_SEM2_2016'])
[u'NARC303_SEM2_2018', u'NARC303_SEM2_2017', u'NARC303', u'NAVAL ARCHITECTURE III', u'NDMTS1', u'ND: MARITIME STUDIES', u'22', u'SEMESTER 2', u'D1', u'Durban Campus Full-time', u'A', u'40010885:GADAGKAR', 67.0]
check 'NARC303_SEM2_2018' 'NARC303'
adding  NARC303
requesting:  http://10.0.100.98:8000/bbinfo/matching_courses/NARC303%25
r= <Response [200]>
matching classes= set([u'NARC303_13_PINE', u'NARC303_SEM2_2018', u'NARC303_SEM2_2017', u'NARC303_SEM2_2016'])
[u'', u'', u'', u'', u'', u'', u'', u'', u'', u'', u'', u'', u'']
check '' ''
[u'NAVG302_SEM2_2018', u'NAVG302_SEM2_2017', u'NAVG302', u'NAVIGATION III', u'NDMSF1', u'ND: MARITIME STUDIES (4 YEARS)', u'22', u'SEMESTER 2', u'D1', u'Durban Campus Full-time', u'A', u'40008280:GOVENDER', 10.0]
check 'NAVG302_SEM2_2018' 'NAVG302'
adding  NAVG302
requesting:  http://10.0.100.98:8000/bbinfo/matching_courses/NAVG302%25
r= <Response [200]>
matching classes= set([u'NAVG302_13_GOVL', u'NAVG302_SEM2_2016', u'NAVG302_SEM2_2017', u'NAVG302_SEM2_2018', u'NAVG302_14_GOVL'])
[u'NAVG302_SEM2_2018', u'NAVG302_SEM2_2017', u'NAVG302', u'NAVIGATION III', u'NDMTS1', u'ND: MARITIME STUDIES', u'22', u'SEMESTER 2', u'D1', u'Durban Campus Full-time', u'A', u'40008280:GOVENDER', 55.0]
check 'NAVG302_SEM2_2018' 'NAVG302'
adding  NAVG302
requesting:  http://10.0.100.98:8000/bbinfo/matching_courses/NAVG302%25
r= <Response [200]>
matching classes= set([u'NAVG302_13_GOVL', u'NAVG302_SEM2_2016', u'NAVG302_SEM2_2017', u'NAVG302_SEM2_2018', u'NAVG302_14_GOVL'])
[u'', u'', u'', u'', u'', u'', u'', u'', u'', u'', u'', u'', u'']
check '' ''
[u'NISY312_SEM1_2018', u'NISY312_SEM1_2017', u'NISY312', u'NAVIGATION INFORMATION SYSTEMS III (MODULE 1)', u'NDMSF1', u'ND: MARITIME STUDIES (4 YEARS)', u'21', u'SEMESTER 1', u'D1', u'Durban Campus Full-time', u'A', u'40008280:GOVENDER', 16.0]
check 'NISY312_SEM1_2018' 'NISY312'
processXLS: only for SEM2 [u'NISY312_SEM1_2018', u'NISY312_SEM1_2017', u'NISY312', u'NAVIGATION INFORMATION SYSTEMS III (MODULE 1)', u'NDMSF1', u'ND: MARITIME STUDIES (4 YEARS)', u'21', u'SEMESTER 1', u'D1', u'Durban Campus Full-time', u'A', u'40008280:GOVENDER', 16.0]
[u'NISY312_SEM1_2018', u'NISY312_SEM1_2017', u'NISY312', u'NAVIGATION INFORMATION SYSTEMS III (MODULE 1)', u'NDMTS1', u'ND: MARITIME STUDIES', u'21', u'SEMESTER 1', u'D1', u'Durban Campus Full-time', u'A', u'40008280:GOVENDER', 77.0]
check 'NISY312_SEM1_2018' 'NISY312'
processXLS: only for SEM2 [u'NISY312_SEM1_2018', u'NISY312_SEM1_2017', u'NISY312', u'NAVIGATION INFORMATION SYSTEMS III (MODULE 1)', u'NDMTS1', u'ND: MARITIME STUDIES', u'21', u'SEMESTER 1', u'D1', u'Durban Campus Full-time', u'A', u'40008280:GOVENDER', 77.0]
[u'', u'', u'', u'', u'', u'', u'', u'', u'', u'', u'', u'', u'']
check '' ''
[u'NISY322_SEM2_2018', u'NISY322_SEM2_2017', u'NISY322', u'NAVIGATION INFORMATION SYSTEMS III (MODULE 2)', u'NDMSF1', u'ND: MARITIME STUDIES (4 YEARS)', u'22', u'SEMESTER 2', u'D1', u'Durban Campus Full-time', u'A', u'40008280:GOVENDER', 11.0]
check 'NISY322_SEM2_2018' 'NISY322'
adding  NISY322
requesting:  http://10.0.100.98:8000/bbinfo/matching_courses/NISY322%25
r= <Response [200]>
matching classes= set([u'NISY322_SEM2_2017', u'NISY322_SEM2_2016', u'NISY322_13_JOHC', u'NISY322_SEM2_2018'])
[u'NISY322_SEM2_2018', u'NISY322_SEM2_2017', u'NISY322', u'NAVIGATION INFORMATION SYSTEMS III (MODULE 2)', u'NDMTS1', u'ND: MARITIME STUDIES', u'22', u'SEMESTER 2', u'D1', u'Durban Campus Full-time', u'A', u'40008280:GOVENDER', 54.0]
check 'NISY322_SEM2_2018' 'NISY322'
adding  NISY322
requesting:  http://10.0.100.98:8000/bbinfo/matching_courses/NISY322%25
r= <Response [200]>
matching classes= set([u'NISY322_SEM2_2017', u'NISY322_SEM2_2016', u'NISY322_13_JOHC', u'NISY322_SEM2_2018'])
[u'', u'', u'', u'', u'', u'', u'', u'', u'', u'', u'', u'', u'']
check '' ''
[u'', u'', u'', u'', u'', u'', u'', u'', u'', u'', u'', u'', u'']
check '' ''
[u'', u'', u'', u'', u'', u'', u'', u'', u'', u'', u'', u'', u'']
check '' ''
[u'STRN302_SEM1_2018', u'STRN302_SEM1_2017', u'STRN302', u'SEA TRANSPORT III', u'NDMSF1', u'ND: MARITIME STUDIES (4 YEARS)', u'21', u'SEMESTER 1', u'D1', u'Durban Campus Full-time', u'A', u'40008280:GOVENDER', 20.0]
check 'STRN302_SEM1_2018' 'STRN302'
processXLS: only for SEM2 [u'STRN302_SEM1_2018', u'STRN302_SEM1_2017', u'STRN302', u'SEA TRANSPORT III', u'NDMSF1', u'ND: MARITIME STUDIES (4 YEARS)', u'21', u'SEMESTER 1', u'D1', u'Durban Campus Full-time', u'A', u'40008280:GOVENDER', 20.0]
[u'STRN302_SEM1_2018', u'STRN302_SEM1_2017', u'STRN302', u'SEA TRANSPORT III', u'NDMTS1', u'ND: MARITIME STUDIES', u'21', u'SEMESTER 1', u'D1', u'Durban Campus Full-time', u'A', u'40008280:GOVENDER', 147.0]
check 'STRN302_SEM1_2018' 'STRN302'
processXLS: only for SEM2 [u'STRN302_SEM1_2018', u'STRN302_SEM1_2017', u'STRN302', u'SEA TRANSPORT III', u'NDMTS1', u'ND: MARITIME STUDIES', u'21', u'SEMESTER 1', u'D1', u'Durban Campus Full-time', u'A', u'40008280:GOVENDER', 147.0]
[u'', u'', u'', u'', u'', u'', u'', u'', u'', u'', u'', u'', u'']
check '' ''
[u'LGTS201_SEM2_2018', u'LGTS201_SEM2_2017', u'LGTS201', u'LGTS201: LOGISTICS II 2017', u'DISHL1', u'DIPLOMA IN SHIPPING AND LOGISTICS', u'22', u'SEMESTER 2', u'D1 D', u'Durban Campus Full-time', u'A', u'40010516:GOUNDER', 1.0]
check 'LGTS201_SEM2_2018' 'LGTS201'
adding  LGTS201
requesting:  http://10.0.100.98:8000/bbinfo/matching_courses/LGTS201%25
r= <Response [200]>
matching classes= set([u'LGTS201_SEM2_2018', u'LGTS201_SEM2_2017'])
[u'', u'', u'', u'', u'', u'', u'', u'', u'', u'', u'', u'', u'']
check '' ''
[u'PTMN201_SEM2_2018', u'PTMN201_SEM2_2017', u'PTMN201', u'PTMN201: PORT AND TERMINAL MANAGEMENT 2 2017', u'DISHL1', u'DIPLOMA IN SHIPPING AND LOGISTICS', u'22', u'SEMESTER 2', u'D1 D', u'Durban Campus Full-time', u'A', u'40010516:GOUNDER', 1.0]
check 'PTMN201_SEM2_2018' 'PTMN201'
adding  PTMN201
requesting:  http://10.0.100.98:8000/bbinfo/matching_courses/PTMN201%25
r= <Response [200]>
matching classes= set([u'PTMN201_SEM2_2017', u'PTMN201_SEM2_2018'])
[u'', u'', u'', u'', u'', u'', u'', u'', u'', u'', u'', u'', u'']
check '' ''
[u'', u'', u'', u'', u'', u'', u'', u'', u'', u'', u'', u'', u'']
check '' ''
[u'', u'', u'', u'', u'', u'', u'', u'', u'', u'', u'', u'', u'']
check '' ''
[u'', u'NEW TLZ CLASSROOMS', u'', u'', u'', u'', u'', u'', u'', u'', u'', u'', u'']
check '' ''
[u'MRNM101_SEM1_2018', u'MRNM101_SEM1_2017', u'MRNM101', u'MARINE MATHEMATICS 1', u'DINAU1', u'DIPLOMA IN NAUTICAL STUDIES', 21.0, u'SEMESTER 1', u'D1 D', u'Durban Campus Full-time', u'A', u'40008280:GOVENDER', u'']
check 'MRNM101_SEM1_2018' 'MRNM101'
processXLS: only for SEM2 [u'MRNM101_SEM1_2018', u'MRNM101_SEM1_2017', u'MRNM101', u'MARINE MATHEMATICS 1', u'DINAU1', u'DIPLOMA IN NAUTICAL STUDIES', 21.0, u'SEMESTER 1', u'D1 D', u'Durban Campus Full-time', u'A', u'40008280:GOVENDER', u'']
[u'', u'', u'', u'', u'', u'', u'', u'', u'', u'', u'', u'', u'']
check '' ''
[u'MRSN101_SEM1_2018', u'MRSN101_SEM1_2017', u'MRSN101', u'MARINE SCIENCE 1', u'DINAU1', u'DIPLOMA IN NAUTICAL STUDIES', 21.0, u'SEMESTER 1', u'D1 D', u'Durban Campus Full-time', u'A', u'40008280:GOVENDER', u'']
check 'MRSN101_SEM1_2018' 'MRSN101'
processXLS: only for SEM2 [u'MRSN101_SEM1_2018', u'MRSN101_SEM1_2017', u'MRSN101', u'MARINE SCIENCE 1', u'DINAU1', u'DIPLOMA IN NAUTICAL STUDIES', 21.0, u'SEMESTER 1', u'D1 D', u'Durban Campus Full-time', u'A', u'40008280:GOVENDER', u'']
[u'', u'', u'', u'', u'', u'', u'', u'', u'', u'', u'', u'', u'']
check '' ''
[u'CMSS101_SEM1_2018', u'CMSS101_SEM1_2017', u'CMSS101', u'COMMUNICATION SKILLS', u'DINAU1', u'DIPLOMA IN NAUTICAL STUDIES', 21.0, u'SEMESTER 1', u'D1 D', u'Durban Campus Full-time', u'A', u'40008280:GOVENDER', u'']
check 'CMSS101_SEM1_2018' 'CMSS101'
processXLS: only for SEM2 [u'CMSS101_SEM1_2018', u'CMSS101_SEM1_2017', u'CMSS101', u'COMMUNICATION SKILLS', u'DINAU1', u'DIPLOMA IN NAUTICAL STUDIES', 21.0, u'SEMESTER 1', u'D1 D', u'Durban Campus Full-time', u'A', u'40008280:GOVENDER', u'']
[u'CMSS101_SEM1_2018', u'CMSS101_SEM1_2017', u'CMSS101', u'COMMUNICATION SKILLS', u'DISHL1', u'DIPLOMA IN SHIPPING AND LOGISTICS', 21.0, u'SEMESTER 1', u'D1 D', u'Durban Campus Full-time', u'A', u'40008280:GOVENDER', u'']
check 'CMSS101_SEM1_2018' 'CMSS101'
processXLS: only for SEM2 [u'CMSS101_SEM1_2018', u'CMSS101_SEM1_2017', u'CMSS101', u'COMMUNICATION SKILLS', u'DISHL1', u'DIPLOMA IN SHIPPING AND LOGISTICS', 21.0, u'SEMESTER 1', u'D1 D', u'Durban Campus Full-time', u'A', u'40008280:GOVENDER', u'']
[u'', u'', u'', u'', u'', u'', u'', u'', u'', u'', u'', u'', u'']
check '' ''
[u'NMEN101_SEM1_2018', u'NMEN101_SEM1_2017', u'NMEN101', u'NAVIGATION - METEOROLOGY AND ENVIRONMENTAL MANAGEMENT 1', u'DINAU1', u'DIPLOMA IN NAUTICAL STUDIES', 21.0, u'SEMESTER 1', u'D1 D', u'Durban Campus Full-time', u'A', u'40008280:GOVENDER', u'']
check 'NMEN101_SEM1_2018' 'NMEN101'
processXLS: only for SEM2 [u'NMEN101_SEM1_2018', u'NMEN101_SEM1_2017', u'NMEN101', u'NAVIGATION - METEOROLOGY AND ENVIRONMENTAL MANAGEMENT 1', u'DINAU1', u'DIPLOMA IN NAUTICAL STUDIES', 21.0, u'SEMESTER 1', u'D1 D', u'Durban Campus Full-time', u'A', u'40008280:GOVENDER', u'']
[u'', u'', u'', u'', u'', u'', u'', u'', u'', u'', u'', u'', u'']
check '' ''
[u'NENS201_SEM1_2018', u'NENS201_SEM1_2017', u'NENS201', u'NAVIGATION - ELECTRONIC NAVIGATION SYSTEMS 2', u'DINAU1', u'DIPLOMA IN NAUTICAL STUDIES', 21.0, u'SEMESTER 1', u'D1 D', u'Durban Campus Full-time', u'A', u'40008280:GOVENDER', u'']
check 'NENS201_SEM1_2018' 'NENS201'
processXLS: only for SEM2 [u'NENS201_SEM1_2018', u'NENS201_SEM1_2017', u'NENS201', u'NAVIGATION - ELECTRONIC NAVIGATION SYSTEMS 2', u'DINAU1', u'DIPLOMA IN NAUTICAL STUDIES', 21.0, u'SEMESTER 1', u'D1 D', u'Durban Campus Full-time', u'A', u'40008280:GOVENDER', u'']
[u'', u'', u'', u'', u'', u'', u'', u'', u'', u'', u'', u'', u'']
check '' ''
[u'SHPM101_SEM1_2018', u'SHPM101_SEM1_2017', u'SHPM101', u'SHIPBOARD MANAGEMENT 1', u'DINAU1', u'DIPLOMA IN NAUTICAL STUDIES', 21.0, u'SEMESTER 1', u'D1 D', u'Durban Campus Full-time', u'A', u'40008280:GOVENDER', u'']
check 'SHPM101_SEM1_2018' 'SHPM101'
processXLS: only for SEM2 [u'SHPM101_SEM1_2018', u'SHPM101_SEM1_2017', u'SHPM101', u'SHIPBOARD MANAGEMENT 1', u'DINAU1', u'DIPLOMA IN NAUTICAL STUDIES', 21.0, u'SEMESTER 1', u'D1 D', u'Durban Campus Full-time', u'A', u'40008280:GOVENDER', u'']
[u'', u'', u'', u'', u'', u'', u'', u'', u'', u'', u'', u'', u'']
check '' ''
[u'SSCN101_SEM1_2018', u'SSCN101_SEM1_2017', u'SSCN101', u'SHIP STABILITY AND CONSTRUCTION 1', u'DINAU1', u'DIPLOMA IN NAUTICAL STUDIES', 21.0, u'SEMESTER 1', u'D1 D', u'Durban Campus Full-time', u'A', u'40008280:GOVENDER', u'']
check 'SSCN101_SEM1_2018' 'SSCN101'
processXLS: only for SEM2 [u'SSCN101_SEM1_2018', u'SSCN101_SEM1_2017', u'SSCN101', u'SHIP STABILITY AND CONSTRUCTION 1', u'DINAU1', u'DIPLOMA IN NAUTICAL STUDIES', 21.0, u'SEMESTER 1', u'D1 D', u'Durban Campus Full-time', u'A', u'40008280:GOVENDER', u'']
[u'', u'', u'', u'', u'', u'', u'', u'', u'', u'', u'', u'', u'']
check '' ''
[u'ECNC101_SEM1_2018', u'ECNC101_SEM1_2017', u'ECNC101', u'ECONOMICS (MICRO)', u'DISHL1', u'DIPLOMA IN SHIPPING AND LOGISTICS', 21.0, u'SEMESTER 1', u'D1 D', u'Durban Campus Full-time', u'A', u'40008280:GOVENDER', u'']
check 'ECNC101_SEM1_2018' 'ECNC101'
processXLS: only for SEM2 [u'ECNC101_SEM1_2018', u'ECNC101_SEM1_2017', u'ECNC101', u'ECONOMICS (MICRO)', u'DISHL1', u'DIPLOMA IN SHIPPING AND LOGISTICS', 21.0, u'SEMESTER 1', u'D1 D', u'Durban Campus Full-time', u'A', u'40008280:GOVENDER', u'']
[u'', u'', u'', u'', u'', u'', u'', u'', u'', u'', u'', u'', u'']
check '' ''
[u'ISTS101_SEM1_2018', u'ISTS101_SEM1_2017', u'ISTS101', u'INTRODUCTION TO STATISTICS', u'DISHL1', u'DIPLOMA IN SHIPPING AND LOGISTICS', 21.0, u'SEMESTER 1', u'D1 D', u'Durban Campus Full-time', u'A', u'40008280:GOVENDER', u'']
check 'ISTS101_SEM1_2018' 'ISTS101'
processXLS: only for SEM2 [u'ISTS101_SEM1_2018', u'ISTS101_SEM1_2017', u'ISTS101', u'INTRODUCTION TO STATISTICS', u'DISHL1', u'DIPLOMA IN SHIPPING AND LOGISTICS', 21.0, u'SEMESTER 1', u'D1 D', u'Durban Campus Full-time', u'A', u'40008280:GOVENDER', u'']
[u'', u'', u'', u'', u'', u'', u'', u'', u'', u'', u'', u'', u'']
check '' ''
[u'SHLP101_SEM1_2018', u'SHLP101_SEM1_2017', u'SHLP101', u'SHIPPING AND LEGAL PRACTICE 1', u'DISHL1', u'DIPLOMA IN SHIPPING AND LOGISTICS', 21.0, u'SEMESTER 1', u'D1 D', u'Durban Campus Full-time', u'A', u'40008280:GOVENDER', u'']
check 'SHLP101_SEM1_2018' 'SHLP101'
processXLS: only for SEM2 [u'SHLP101_SEM1_2018', u'SHLP101_SEM1_2017', u'SHLP101', u'SHIPPING AND LEGAL PRACTICE 1', u'DISHL1', u'DIPLOMA IN SHIPPING AND LOGISTICS', 21.0, u'SEMESTER 1', u'D1 D', u'Durban Campus Full-time', u'A', u'40008280:GOVENDER', u'']
[u'', u'', u'', u'', u'', u'', u'', u'', u'', u'', u'', u'', u'']
check '' ''
[u'LGTS101_SEM1_2018', u'LGTS101_SEM1_2017', u'LGTS101', u'LOGISTICS 1', u'DISHL1', u'DIPLOMA IN SHIPPING AND LOGISTICS', 21.0, u'SEMESTER 1', u'D1 D', u'Durban Campus Full-time', u'A', u'40008280:GOVENDER', u'']
check 'LGTS101_SEM1_2018' 'LGTS101'
processXLS: only for SEM2 [u'LGTS101_SEM1_2018', u'LGTS101_SEM1_2017', u'LGTS101', u'LOGISTICS 1', u'DISHL1', u'DIPLOMA IN SHIPPING AND LOGISTICS', 21.0, u'SEMESTER 1', u'D1 D', u'Durban Campus Full-time', u'A', u'40008280:GOVENDER', u'']
[u'', u'', u'', u'', u'', u'', u'', u'', u'', u'', u'', u'', u'']
check '' ''
[u'BSMT101_SEM1_2018', u'BSMT101_SEM1_2017', u'BSMT101', u'BUSINESS AND MANAGEMENT 1', u'DISHL1', u'DIPLOMA IN SHIPPING AND LOGISTICS', 21.0, u'SEMESTER 1', u'D1 D', u'Durban Campus Full-time', u'A', u'40008280:GOVENDER', u'']
check 'BSMT101_SEM1_2018' 'BSMT101'
processXLS: only for SEM2 [u'BSMT101_SEM1_2018', u'BSMT101_SEM1_2017', u'BSMT101', u'BUSINESS AND MANAGEMENT 1', u'DISHL1', u'DIPLOMA IN SHIPPING AND LOGISTICS', 21.0, u'SEMESTER 1', u'D1 D', u'Durban Campus Full-time', u'A', u'40008280:GOVENDER', u'']
[u'', u'', u'', u'', u'', u'', u'', u'', u'', u'', u'', u'', u'']
check '' ''
[u'PTMN101_SEM1_2018', u'PTMN101_SEM1_2017', u'PTMN101', u'PORT AND TERMINAL MANAGEMENT 1', u'DISHL1', u'DIPLOMA IN SHIPPING AND LOGISTICS', 21.0, u'SEMESTER 1', u'D1 D', u'Durban Campus Full-time', u'A', u'40008280:GOVENDER', u'']
check 'PTMN101_SEM1_2018' 'PTMN101'
processXLS: only for SEM2 [u'PTMN101_SEM1_2018', u'PTMN101_SEM1_2017', u'PTMN101', u'PORT AND TERMINAL MANAGEMENT 1', u'DISHL1', u'DIPLOMA IN SHIPPING AND LOGISTICS', 21.0, u'SEMESTER 1', u'D1 D', u'Durban Campus Full-time', u'A', u'40008280:GOVENDER', u'']
[u'', u'', u'', u'', u'', u'', u'', u'', u'', u'', u'', u'', u'']
check '' ''
[u'MRNM201_SEM2_2018', u'MRNM201_SEM2_2017', u'MRNM201', u'MARINE MATHEMATICS 2', u'DINAU1', u'DIPLOMA IN NAUTICAL STUDIES', u'22', u'SEMESTER 2', u'D1 D', u'Durban Campus Full-time', u'A', u'40008280:GOVENDER', u'']
check 'MRNM201_SEM2_2018' 'MRNM201'
adding  MRNM201
requesting:  http://10.0.100.98:8000/bbinfo/matching_courses/MRNM201%25
r= <Response [200]>
matching classes= set([u'MRNM201_SEM2_2018', u'MRNM201_SEM2_2017'])
[u'', u'', u'', u'', u'', u'', u'', u'', u'', u'', u'', u'', u'']
check '' ''
[u'MRSN201_SEM2_2018', u'MRSN201_SEM2_2017', u'MRSN201', u'MARINE SCIENCE 2', u'DINAU1', u'DIPLOMA IN NAUTICAL STUDIES', u'22', u'SEMESTER 2', u'D1 D', u'Durban Campus Full-time', u'A', u'40008280:GOVENDER', u'']
check 'MRSN201_SEM2_2018' 'MRSN201'
adding  MRSN201
requesting:  http://10.0.100.98:8000/bbinfo/matching_courses/MRSN201%25
r= <Response [200]>
matching classes= set([u'MRSN201_ALL_2016', u'MRSN201_SEM2_2018', u'MRSN201_SEM2_2017'])
[u'', u'', u'', u'', u'', u'', u'', u'', u'', u'', u'', u'', u'']
check '' ''
[u'NMEN201_SEM2_2018', u'NMEN201_SEM2_2017', u'NMEN201', u'NAVIGATION - METEOROLOGY AND ENVIRONMENTAL MANAGEMENT 2', u'DINAU1', u'DIPLOMA IN NAUTICAL STUDIES', u'22', u'SEMESTER 2', u'D1 D', u'Durban Campus Full-time', u'A', u'40008280:GOVENDER', u'']
check 'NMEN201_SEM2_2018' 'NMEN201'
adding  NMEN201
requesting:  http://10.0.100.98:8000/bbinfo/matching_courses/NMEN201%25
r= <Response [200]>
matching classes= set([u'NMEN201_SEM2_2018', u'NMEN201_SEM2_2017'])
[u'', u'', u'', u'', u'', u'', u'', u'', u'', u'', u'', u'', u'']
check '' ''
[u'NENS301_SEM2_2018', u'NENS301_SEM2_2017', u'NENS301', u'NAVIGATION - ELECTRONIC NAVIGATION SYSTEMS 3', u'DINAU1', u'DIPLOMA IN NAUTICAL STUDIES', u'22', u'SEMESTER 2', u'D1 D', u'Durban Campus Full-time', u'A', u'40008280:GOVENDER', u'']
check 'NENS301_SEM2_2018' 'NENS301'
adding  NENS301
requesting:  http://10.0.100.98:8000/bbinfo/matching_courses/NENS301%25
r= <Response [200]>
matching classes= set([u'NENS301_SEM2_2017', u'NENS301_SEM2_2018'])
[u'', u'', u'', u'', u'', u'', u'', u'', u'', u'', u'', u'', u'']
check '' ''
[u'SHPM201_SEM2_2018', u'SHPM201_SEM2_2017', u'SHPM201', u'SHIPBOARD MANAGEMENT 2', u'DINAU1', u'DIPLOMA IN NAUTICAL STUDIES', u'22', u'SEMESTER 2', u'D1 D', u'Durban Campus Full-time', u'A', u'40008280:GOVENDER', u'']
check 'SHPM201_SEM2_2018' 'SHPM201'
adding  SHPM201
requesting:  http://10.0.100.98:8000/bbinfo/matching_courses/SHPM201%25
r= <Response [200]>
matching classes= set([u'SHPM201_SEM2_2018', u'SHPM201_SEM2_2017'])
[u'', u'', u'', u'', u'', u'', u'', u'', u'', u'', u'', u'', u'']
check '' ''
[u'SSCN201_SEM2_2018', u'SSCN201_SEM2_2017', u'SSCN201', u'SHIP STABILITY AND CONSTRUCTION 2', u'DINAU1', u'DIPLOMA IN NAUTICAL STUDIES', u'22', u'SEMESTER 2', u'D1 D', u'Durban Campus Full-time', u'A', u'40008280:GOVENDER', u'']
check 'SSCN201_SEM2_2018' 'SSCN201'
adding  SSCN201
requesting:  http://10.0.100.98:8000/bbinfo/matching_courses/SSCN201%25
r= <Response [200]>
matching classes= set([u'SSCN201_SEM2_2018', u'SSCN201_SEM2_2017'])
[u'', u'', u'', u'', u'', u'', u'', u'', u'', u'', u'', u'', u'']
check '' ''
[u'ECNC201_SEM2_2018', u'ECNC201_SEM2_2017', u'ECNC201', u'ECONOMICS (MACRO)', u'DISHL1', u'DIPLOMA IN SHIPPING AND LOGISTICS', u'22', u'SEMESTER 2', u'D1 D', u'Durban Campus Full-time', u'A', u'40008280:GOVENDER', u'']
check 'ECNC201_SEM2_2018' 'ECNC201'
adding  ECNC201
requesting:  http://10.0.100.98:8000/bbinfo/matching_courses/ECNC201%25
r= <Response [200]>
matching classes= set([u'ECNC201_SEM2_2017', u'ECNC201_SEM2_2018'])
[u'', u'', u'', u'', u'', u'', u'', u'', u'', u'', u'', u'', u'']
check '' ''
[u'STSC101_SEM2_2018', u'STSC101_SEM2_2017', u'STSC101', u'STATISTICS 2', u'DISHL1', u'DIPLOMA IN SHIPPING AND LOGISTICS', u'22', u'SEMESTER 2', u'D1 D', u'Durban Campus Full-time', u'A', u'40008280:GOVENDER', u'']
check 'STSC101_SEM2_2018' 'STSC101'
adding  STSC101
requesting:  http://10.0.100.98:8000/bbinfo/matching_courses/STSC101%25
r= <Response [200]>
matching classes= set([u'STSC101_SEM2_2017', u'STSC101_SEM2_2018'])
[u'', u'', u'', u'', u'', u'', u'', u'', u'', u'', u'', u'', u'']
check '' ''
[u'SHLP201_SEM2_2018', u'SHLP201_SEM2_2017', u'SHLP201', u'SHIPPING AND LEGAL PRACTICE 2', u'DISHL1', u'DIPLOMA IN SHIPPING AND LOGISTICS', u'22', u'SEMESTER 2', u'D1 D', u'Durban Campus Full-time', u'A', u'40008280:GOVENDER', u'']
check 'SHLP201_SEM2_2018' 'SHLP201'
adding  SHLP201
requesting:  http://10.0.100.98:8000/bbinfo/matching_courses/SHLP201%25
r= <Response [200]>
matching classes= set([u'SHLP201_SEM2_2017', u'SHLP201_SEM2_2018'])
[u'', u'', u'', u'', u'', u'', u'', u'', u'', u'', u'', u'', u'']
check '' ''
[u'LGTS201_SEM2_2018', u'LGTS201_SEM2_2017', u'LGTS201', u'LOGISTICS 2', u'DISHL1', u'DIPLOMA IN SHIPPING AND LOGISTICS', u'22', u'SEMESTER 2', u'D1 D', u'Durban Campus Full-time', u'A', u'40008280:GOVENDER', u'']
check 'LGTS201_SEM2_2018' 'LGTS201'
adding  LGTS201
requesting:  http://10.0.100.98:8000/bbinfo/matching_courses/LGTS201%25
r= <Response [200]>
matching classes= set([u'LGTS201_SEM2_2018', u'LGTS201_SEM2_2017'])
[u'', u'', u'', u'', u'', u'', u'', u'', u'', u'', u'', u'', u'']
check '' ''
[u'BSMT201_SEM2_2018', u'BSMT201_SEM2_2017', u'BSMT201', u'BUSINESS AND MANAGEMENT 2', u'DISHL1', u'DIPLOMA IN SHIPPING AND LOGISTICS', u'22', u'SEMESTER 2', u'D1 D', u'Durban Campus Full-time', u'A', u'40008280:GOVENDER', u'']
check 'BSMT201_SEM2_2018' 'BSMT201'
adding  BSMT201
requesting:  http://10.0.100.98:8000/bbinfo/matching_courses/BSMT201%25
r= <Response [200]>
matching classes= set([u'BSMT201_SEM2_2017', u'BSMT201_SEM2_2018'])
[u'', u'', u'', u'', u'', u'', u'', u'', u'', u'', u'', u'', u'']
check '' ''
[u'PTMN201_SEM2_2018', u'PTMN201_SEM2_2017', u'PTMN201', u'PORT AND TERMINAL MANAGEMENT 2', u'DISHL1', u'DIPLOMA IN SHIPPING AND LOGISTICS', u'22', u'SEMESTER 2', u'D1 D', u'Durban Campus Full-time', u'A', u'40008280:GOVENDER', u'']
check 'PTMN201_SEM2_2018' 'PTMN201'
adding  PTMN201
requesting:  http://10.0.100.98:8000/bbinfo/matching_courses/PTMN201%25
r= <Response [200]>
matching classes= set([u'PTMN201_SEM2_2017', u'PTMN201_SEM2_2018'])
[u'...', u'', u'', u'', u'', u'', u'', u'', u'', u'', u'', u'', u'']
check '...' ''
[u'', u'', u'', u'', u'', u'', u'', u'', u'', u'', u'', u'', u'']
check '' ''
[u'NVCL101_SEM1_2018', u'template_2018', u'NVCL101', u'NAVIGATION - CALCULATIONS 1', u'DINAU1', u'DIPLOMA IN NAUTICAL STUDIES', 21.0, u'SEMESTER 1', u'D1 D', u'Durban Campus Full-time', u'A', u'40008280:GOVENDER', u'']
check 'NVCL101_SEM1_2018' 'NVCL101'
processXLS: only for SEM2 [u'NVCL101_SEM1_2018', u'template_2018', u'NVCL101', u'NAVIGATION - CALCULATIONS 1', u'DINAU1', u'DIPLOMA IN NAUTICAL STUDIES', 21.0, u'SEMESTER 1', u'D1 D', u'Durban Campus Full-time', u'A', u'40008280:GOVENDER', u'']
[u'', u'', u'', u'', u'', u'', u'', u'', u'', u'', u'', u'', u'']
check '' ''
[u'NOCN101_SEM1_2018', u'template_2018', u'NOCN101', u'NAVIGATION - OCEAN AND COASTAL NAVIGATION 1', u'DINAU1', u'DIPLOMA IN NAUTICAL STUDIES', 21.0, u'SEMESTER 1', u'D1 D', u'Durban Campus Full-time', u'A', u'40008280:GOVENDER', u'']
check 'NOCN101_SEM1_2018' 'NOCN101'
processXLS: only for SEM2 [u'NOCN101_SEM1_2018', u'template_2018', u'NOCN101', u'NAVIGATION - OCEAN AND COASTAL NAVIGATION 1', u'DINAU1', u'DIPLOMA IN NAUTICAL STUDIES', 21.0, u'SEMESTER 1', u'D1 D', u'Durban Campus Full-time', u'A', u'40008280:GOVENDER', u'']
[u'', u'', u'', u'', u'', u'', u'', u'', u'', u'', u'', u'', u'']
check '' ''
[u'SHPM301_SEM1_2018', u'template_2018', u'SHPM301', u'SHIPBOARD MANAGEMENT 3', u'DINAU1', u'DIPLOMA IN NAUTICAL STUDIES', 21.0, u'SEMESTER 1', u'D1 D', u'Durban Campus Full-time', u'A', u'40008280:GOVENDER', u'']
check 'SHPM301_SEM1_2018' 'SHPM301'
processXLS: only for SEM2 [u'SHPM301_SEM1_2018', u'template_2018', u'SHPM301', u'SHIPBOARD MANAGEMENT 3', u'DINAU1', u'DIPLOMA IN NAUTICAL STUDIES', 21.0, u'SEMESTER 1', u'D1 D', u'Durban Campus Full-time', u'A', u'40008280:GOVENDER', u'']
[u'', u'', u'', u'', u'', u'', u'', u'', u'', u'', u'', u'', u'']
check '' ''
[u'SSCN301_SEM1_2018', u'template_2018', u'SSCN301', u'SHIP STABILITY AND CONSTRUCTION 3', u'DINAU1', u'DIPLOMA IN NAUTICAL STUDIES', 21.0, u'SEMESTER 1', u'D1 D', u'Durban Campus Full-time', u'A', u'40008280:GOVENDER', u'']
check 'SSCN301_SEM1_2018' 'SSCN301'
processXLS: only for SEM2 [u'SSCN301_SEM1_2018', u'template_2018', u'SSCN301', u'SHIP STABILITY AND CONSTRUCTION 3', u'DINAU1', u'DIPLOMA IN NAUTICAL STUDIES', 21.0, u'SEMESTER 1', u'D1 D', u'Durban Campus Full-time', u'A', u'40008280:GOVENDER', u'']
[u'', u'', u'', u'', u'', u'', u'', u'', u'', u'', u'', u'', u'']
check '' ''
[u'SHLP301_SEM1_2018', u'template_2018', u'SHLP301', u'SHIPPING AND LEGAL PRACTICE 3', u'DISHL1', u'DIPLOMA IN SHIPPING AND LOGISTICS', 21.0, u'SEMESTER 1', u'D1 D', u'Durban Campus Full-time', u'A', u'40008280:GOVENDER', u'']
check 'SHLP301_SEM1_2018' 'SHLP301'
processXLS: only for SEM2 [u'SHLP301_SEM1_2018', u'template_2018', u'SHLP301', u'SHIPPING AND LEGAL PRACTICE 3', u'DISHL1', u'DIPLOMA IN SHIPPING AND LOGISTICS', 21.0, u'SEMESTER 1', u'D1 D', u'Durban Campus Full-time', u'A', u'40008280:GOVENDER', u'']
[u'', u'', u'', u'', u'', u'', u'', u'', u'', u'', u'', u'', u'']
check '' ''
[u'LGTS301_SEM1_2018', u'template_2018', u'LGTS301', u'LOGISTICS 3', u'DISHL1', u'DIPLOMA IN SHIPPING AND LOGISTICS', 21.0, u'SEMESTER 1', u'D1 D', u'Durban Campus Full-time', u'A', u'40008280:GOVENDER', u'']
check 'LGTS301_SEM1_2018' 'LGTS301'
processXLS: only for SEM2 [u'LGTS301_SEM1_2018', u'template_2018', u'LGTS301', u'LOGISTICS 3', u'DISHL1', u'DIPLOMA IN SHIPPING AND LOGISTICS', 21.0, u'SEMESTER 1', u'D1 D', u'Durban Campus Full-time', u'A', u'40008280:GOVENDER', u'']
[u'', u'', u'', u'', u'', u'', u'', u'', u'', u'', u'', u'', u'']
check '' ''
[u'BSMT301_SEM1_2018', u'template_2018', u'BSMT301', u'BUSINESS AND MANAGEMENT 3', u'DISHL1', u'DIPLOMA IN SHIPPING AND LOGISTICS', 21.0, u'SEMESTER 1', u'D1 D', u'Durban Campus Full-time', u'A', u'40008280:GOVENDER', u'']
check 'BSMT301_SEM1_2018' 'BSMT301'
processXLS: only for SEM2 [u'BSMT301_SEM1_2018', u'template_2018', u'BSMT301', u'BUSINESS AND MANAGEMENT 3', u'DISHL1', u'DIPLOMA IN SHIPPING AND LOGISTICS', 21.0, u'SEMESTER 1', u'D1 D', u'Durban Campus Full-time', u'A', u'40008280:GOVENDER', u'']
[u'', u'', u'', u'', u'', u'', u'', u'', u'', u'', u'', u'', u'']
check '' ''
[u'PTMN301_SEM1_2018', u'template_2018', u'PTMN301', u'PORT AND TERMINAL MANAGEMENT 3', u'DISHL1', u'DIPLOMA IN SHIPPING AND LOGISTICS', 21.0, u'SEMESTER 1', u'D1 D', u'Durban Campus Full-time', u'A', u'40008280:GOVENDER', u'']
check 'PTMN301_SEM1_2018' 'PTMN301'
processXLS: only for SEM2 [u'PTMN301_SEM1_2018', u'template_2018', u'PTMN301', u'PORT AND TERMINAL MANAGEMENT 3', u'DISHL1', u'DIPLOMA IN SHIPPING AND LOGISTICS', 21.0, u'SEMESTER 1', u'D1 D', u'Durban Campus Full-time', u'A', u'40008280:GOVENDER', u'']
[u'', u'', u'', u'', u'', u'', u'', u'', u'', u'', u'', u'', u'']
check '' ''
[u'NVCL201_SEM2_2018', u'template_2018', u'NVCL201', u'NAVIGATION - CALCULATIONS 2', u'DINAU1', u'DIPLOMA IN NAUTICAL STUDIES', 22.0, u'SEMESTER 2', u'D1 D', u'Durban Campus Full-time', u'A', u'40008280:GOVENDER', u'']
check 'NVCL201_SEM2_2018' 'NVCL201'
processXLS: only for SEM2 [u'NVCL201_SEM2_2018', u'template_2018', u'NVCL201', u'NAVIGATION - CALCULATIONS 2', u'DINAU1', u'DIPLOMA IN NAUTICAL STUDIES', 22.0, u'SEMESTER 2', u'D1 D', u'Durban Campus Full-time', u'A', u'40008280:GOVENDER', u'']
[u'', u'', u'', u'', u'', u'', u'', u'', u'', u'', u'', u'', u'']
check '' ''
[u'NOCN201_SEM2_2018', u'template_2018', u'NOCN201', u'NAVIGATION - OCEAN AND COASTAL NAVIGATION 2', u'DINAU1', u'DIPLOMA IN NAUTICAL STUDIES', 22.0, u'SEMESTER 2', u'D1 D', u'Durban Campus Full-time', u'A', u'40008280:GOVENDER', u'']
check 'NOCN201_SEM2_2018' 'NOCN201'
processXLS: only for SEM2 [u'NOCN201_SEM2_2018', u'template_2018', u'NOCN201', u'NAVIGATION - OCEAN AND COASTAL NAVIGATION 2', u'DINAU1', u'DIPLOMA IN NAUTICAL STUDIES', 22.0, u'SEMESTER 2', u'D1 D', u'Durban Campus Full-time', u'A', u'40008280:GOVENDER', u'']
[u'', u'', u'', u'', u'', u'', u'', u'', u'', u'', u'', u'', u'']
check '' ''
[u'MESY101_SEM2_2018', u'template_2018', u'MESY101', u'MARINE ENGINEERING SYSTEMS 1', u'DINAU1', u'DIPLOMA IN NAUTICAL STUDIES', 22.0, u'SEMESTER 2', u'D1 D', u'Durban Campus Full-time', u'A', u'40008280:GOVENDER', u'']
check 'MESY101_SEM2_2018' 'MESY101'
processXLS: only for SEM2 [u'MESY101_SEM2_2018', u'template_2018', u'MESY101', u'MARINE ENGINEERING SYSTEMS 1', u'DINAU1', u'DIPLOMA IN NAUTICAL STUDIES', 22.0, u'SEMESTER 2', u'D1 D', u'Durban Campus Full-time', u'A', u'40008280:GOVENDER', u'']
[u'', u'', u'', u'', u'', u'', u'', u'', u'', u'', u'', u'', u'']
check '' ''
[u'NSME101_SEM2_2018', u'template_2018', u'NSME101', u'NAVIGATION - SIMULATION (ECDIS)', u'DINAU1', u'DIPLOMA IN NAUTICAL STUDIES', 22.0, u'SEMESTER 2', u'D1 D', u'Durban Campus Full-time', u'A', u'40008280:GOVENDER', u'']
check 'NSME101_SEM2_2018' 'NSME101'
processXLS: only for SEM2 [u'NSME101_SEM2_2018', u'template_2018', u'NSME101', u'NAVIGATION - SIMULATION (ECDIS)', u'DINAU1', u'DIPLOMA IN NAUTICAL STUDIES', 22.0, u'SEMESTER 2', u'D1 D', u'Durban Campus Full-time', u'A', u'40008280:GOVENDER', u'']
[u'', u'', u'', u'', u'', u'', u'', u'', u'', u'', u'', u'', u'']
check '' ''
[u'NMSR101_SEM2_2018', u'template_2018', u'NMSR101', u'NAVIGATION - SIMULATION (RADAR AND ARPA)', u'DINAU1', u'DIPLOMA IN NAUTICAL STUDIES', 22.0, u'SEMESTER 2', u'D1 D', u'Durban Campus Full-time', u'A', u'40008280:GOVENDER', u'']
check 'NMSR101_SEM2_2018' 'NMSR101'
processXLS: only for SEM2 [u'NMSR101_SEM2_2018', u'template_2018', u'NMSR101', u'NAVIGATION - SIMULATION (RADAR AND ARPA)', u'DINAU1', u'DIPLOMA IN NAUTICAL STUDIES', 22.0, u'SEMESTER 2', u'D1 D', u'Durban Campus Full-time', u'A', u'40008280:GOVENDER', u'']
[u'', u'', u'', u'', u'', u'', u'', u'', u'', u'', u'', u'', u'']
check '' ''
[u'MSWP101_SEM2_2018', u'template_2018', u'MSWP101', u'MARITIME SHORE-BASED WORK PRACTICE', u'DISHL1', u'DIPLOMA IN SHIPPING AND LOGISTICS', 21.0, u'SEMESTER 1', u'D1 D', u'Durban Campus Full-time', u'A', u'40008280:GOVENDER', u'']
check 'MSWP101_SEM2_2018' 'MSWP101'
processXLS: only for SEM2 [u'MSWP101_SEM2_2018', u'template_2018', u'MSWP101', u'MARITIME SHORE-BASED WORK PRACTICE', u'DISHL1', u'DIPLOMA IN SHIPPING AND LOGISTICS', 21.0, u'SEMESTER 1', u'D1 D', u'Durban Campus Full-time', u'A', u'40008280:GOVENDER', u'']
[u'', u'', u'', u'', u'', u'', u'', u'', u'', u'', u'', u'', u'']
check '' ''
[u'', u'', u'', u'', u'', u'', u'', u'', u'', u'', u'', u'', u'']
check '' ''
[u'CMIL101_SEM1_2018', u'CMIL101_SEM1_2017', u'CMIL101', u'COMPUTER SKILLS AND INFORMATION LITERACY', u'DINAU1', u'DIPLOMA IN NAUTICAL STUDIES', u'', u'', u'', u'', u'', u'', u'']
check 'CMIL101_SEM1_2018' 'CMIL101'
processXLS: only for SEM2 [u'CMIL101_SEM1_2018', u'CMIL101_SEM1_2017', u'CMIL101', u'COMPUTER SKILLS AND INFORMATION LITERACY', u'DINAU1', u'DIPLOMA IN NAUTICAL STUDIES', u'', u'', u'', u'', u'', u'', u'']
[u'CMIL101_SEM1_2018', u'CMIL101_SEM1_2017', u'CMIL101', u'COMPUTER SKILLS AND INFORMATION LITERACY', u'DISHL1', u'DIPLOMA IN SHIPPING AND LOGISTICS', u'', u'', u'', u'', u'', u'', u'']
check 'CMIL101_SEM1_2018' 'CMIL101'
processXLS: only for SEM2 [u'CMIL101_SEM1_2018', u'CMIL101_SEM1_2017', u'CMIL101', u'COMPUTER SKILLS AND INFORMATION LITERACY', u'DISHL1', u'DIPLOMA IN SHIPPING AND LOGISTICS', u'', u'', u'', u'', u'', u'', u'']
processXLS: finished processing workingSheets/data/BBC3406MaritimeStudies2017.xls
getWS: requesting:  http://10.0.100.98:8000/itsenrol/classlist/2018/22/NARC303 rsp= <Response [200]>
getWS: requesting:  http://10.0.100.98:8000/bbinfo/classlist/NARC303 rsp= <Response [200]>
getNewStudentsInSubject: ITS 26, BB 1 -> 26 new enrollments
getWS: requesting:  http://10.0.100.98:8000/itsenrol/classlist/2018/22/LGTS201 rsp= <Response [200]>
getWS: requesting:  http://10.0.100.98:8000/bbinfo/classlist/LGTS201 rsp= <Response [200]>
getNewStudentsInSubject: ITS 60, BB 2 -> 60 new enrollments
getWS: requesting:  http://10.0.100.98:8000/itsenrol/classlist/2018/22/MRNM201 rsp= <Response [200]>
getWS: requesting:  http://10.0.100.98:8000/bbinfo/classlist/MRNM201 rsp= <Response [200]>
getNewStudentsInSubject: ITS 115, BB 2 -> 115 new enrollments
getWS: requesting:  http://10.0.100.98:8000/itsenrol/classlist/2018/22/ISOP101 rsp= <Response [200]>
getWS: requesting:  http://10.0.100.98:8000/bbinfo/classlist/ISOP101 rsp= <Response [200]>
getNewStudentsInSubject: ITS 112, BB 1 -> 112 new enrollments
getWS: requesting:  http://10.0.100.98:8000/itsenrol/classlist/2018/22/NISY322 rsp= <Response [200]>
getWS: requesting:  http://10.0.100.98:8000/bbinfo/classlist/NISY322 rsp= <Response [200]>
getNewStudentsInSubject: ITS 15, BB 1 -> 15 new enrollments
getWS: requesting:  http://10.0.100.98:8000/itsenrol/classlist/2018/22/MEST302 rsp= <Response [200]>
getWS: requesting:  http://10.0.100.98:8000/bbinfo/classlist/MEST302 rsp= <Response [200]>
getNewStudentsInSubject: ITS 2, BB 83 -> 2 new enrollments
getWS: requesting:  http://10.0.100.98:8000/itsenrol/classlist/2018/22/MALW301 rsp= <Response [200]>
getWS: requesting:  http://10.0.100.98:8000/bbinfo/classlist/MALW301 rsp= <Response [200]>
getNewStudentsInSubject: ITS 11, BB 1 -> 11 new enrollments
getWS: requesting:  http://10.0.100.98:8000/itsenrol/classlist/2018/22/NMEN201 rsp= <Response [200]>
getWS: requesting:  http://10.0.100.98:8000/bbinfo/classlist/NMEN201 rsp= <Response [200]>
getNewStudentsInSubject: ITS 54, BB 1 -> 54 new enrollments
getWS: requesting:  http://10.0.100.98:8000/itsenrol/classlist/2018/22/PTMN201 rsp= <Response [200]>
getWS: requesting:  http://10.0.100.98:8000/bbinfo/classlist/PTMN201 rsp= <Response [200]>
getNewStudentsInSubject: ITS 63, BB 2 -> 63 new enrollments
getWS: requesting:  http://10.0.100.98:8000/itsenrol/classlist/2018/22/STSC101 rsp= <Response [200]>
getWS: requesting:  http://10.0.100.98:8000/bbinfo/classlist/STSC101 rsp= <Response [200]>
getNewStudentsInSubject: ITS 77, BB 4 -> 77 new enrollments
getWS: requesting:  http://10.0.100.98:8000/itsenrol/classlist/2018/22/ISHP101 rsp= <Response [200]>
getWS: requesting:  http://10.0.100.98:8000/bbinfo/classlist/ISHP101 rsp= <Response [200]>
getNewStudentsInSubject: ITS 76, BB 1 -> 76 new enrollments
getWS: requesting:  http://10.0.100.98:8000/itsenrol/classlist/2018/22/SSCN201 rsp= <Response [200]>
getWS: requesting:  http://10.0.100.98:8000/bbinfo/classlist/SSCN201 rsp= <Response [200]>
getNewStudentsInSubject: ITS 33, BB 8 -> 33 new enrollments
getWS: requesting:  http://10.0.100.98:8000/itsenrol/classlist/2018/22/MRSN201 rsp= <Response [200]>
getWS: requesting:  http://10.0.100.98:8000/bbinfo/classlist/MRSN201 rsp= <Response [200]>
getNewStudentsInSubject: ITS 108, BB 2 -> 108 new enrollments
getWS: requesting:  http://10.0.100.98:8000/itsenrol/classlist/2018/22/ECNC201 rsp= <Response [200]>
getWS: requesting:  http://10.0.100.98:8000/bbinfo/classlist/ECNC201 rsp= <Response [200]>
getNewStudentsInSubject: ITS 70, BB 2 -> 70 new enrollments
getWS: requesting:  http://10.0.100.98:8000/itsenrol/classlist/2018/22/NENS101 rsp= <Response [200]>
getWS: requesting:  http://10.0.100.98:8000/bbinfo/classlist/NENS101 rsp= <Response [200]>
getNewStudentsInSubject: ITS 114, BB 2 -> 114 new enrollments
getWS: requesting:  http://10.0.100.98:8000/itsenrol/classlist/2018/22/SHLP201 rsp= <Response [200]>
getWS: requesting:  http://10.0.100.98:8000/bbinfo/classlist/SHLP201 rsp= <Response [200]>
getNewStudentsInSubject: ITS 65, BB 2 -> 65 new enrollments
getWS: requesting:  http://10.0.100.98:8000/itsenrol/classlist/2018/22/STEC202 rsp= <Response [200]>
getWS: requesting:  http://10.0.100.98:8000/bbinfo/classlist/STEC202 rsp= <Response [200]>
getNewStudentsInSubject: ITS 17, BB 1 -> 17 new enrollments
getWS: requesting:  http://10.0.100.98:8000/itsenrol/classlist/2018/22/NENS301 rsp= <Response [200]>
getWS: requesting:  http://10.0.100.98:8000/bbinfo/classlist/NENS301 rsp= <Response [200]>
getNewStudentsInSubject: ITS 61, BB 1 -> 61 new enrollments
getWS: requesting:  http://10.0.100.98:8000/itsenrol/classlist/2018/22/SHPM201 rsp= <Response [200]>
getWS: requesting:  http://10.0.100.98:8000/bbinfo/classlist/SHPM201 rsp= <Response [200]>
getNewStudentsInSubject: ITS 60, BB 1 -> 60 new enrollments
getWS: requesting:  http://10.0.100.98:8000/itsenrol/classlist/2018/22/BSMT201 rsp= <Response [200]>
getWS: requesting:  http://10.0.100.98:8000/bbinfo/classlist/BSMT201 rsp= <Response [200]>
getNewStudentsInSubject: ITS 68, BB 1 -> 68 new enrollments
getWS: requesting:  http://10.0.100.98:8000/itsenrol/classlist/2018/22/IASC101 rsp= <Response [200]>
getWS: requesting:  http://10.0.100.98:8000/bbinfo/classlist/IASC101 rsp= <Response [200]>
getNewStudentsInSubject: ITS 88, BB 7 -> 88 new enrollments
getWS: requesting:  http://10.0.100.98:8000/itsenrol/classlist/2018/22/NAVG302 rsp= <Response [200]>
getWS: requesting:  http://10.0.100.98:8000/bbinfo/classlist/NAVG302 rsp= <Response [200]>
getNewStudentsInSubject: ITS 28, BB 1 -> 28 new enrollments
main: Writing students...
main: Writing enrollments...
main: Finished processing workingSheets/data/BBC3406MaritimeStudies2017.xls
main: 22 subjects processed
main: 27 subject -> classroom maps
main: 375 students
main: 1323 student enrollments 0 errors
0.41user 0.16system 0:05.69elapsed 10%CPU (0avgtext+0avgdata 59184maxresident)k
0inputs+248outputs (0major+7191minor)pagefaults 0swaps
POSTING SNAPSHOTS to SIS endpoint
TEST RUN, NOT POSTING BBSTUDENTS
TEST RUN, NOT POSTIN BBENROL
copy snapshot files to saved output
=== department done ===
syncing logs...
Pushing logs from logs/20180723111852 to remote...
sending incremental file list
./
BBC3406MaritimeStudies2017.BBENROL.txt
BBC3406MaritimeStudies2017.BBSTUDENTS.txt
BBC3406MaritimeStudies2017.Enrolomat.txt
BBC3406MaritimeStudies2017.Postlog.txt

sent 179613 bytes  received 91 bytes  12393.38 bytes/sec
total size is 5494684  speedup is 30.58
logging to logs/20180723111852
=== generate newenrollments for BBC3407SportStudies2017. ===
GENERATE SNAPSHOTS...
./BBCIncrementalEnrollerX2.py : generating enrolment files for subjects in  workingSheets/data/BBC3407SportStudies2017.xls
processXLS: start spreadsheet workingSheets/data/BBC3407SportStudies2017.xls
[u'2018 Blackboard Classrooms for Department: 3407 - SPORT STUDIES', u'', u'', u'', u'', u'', u'', u'', u'', u'', u'', u'', u'']
check '2018 Blackboard Classrooms for Department: 3407 - SPORT STUDIES' ''
[u'', u'', u'', u'', u'', u'', u'', u'', u'', u'', u'', u'', u'']
check '' ''
[u'BB Classroom', u'Migrate Classroom', u'ITS Subject', u'', u'ITS Qualification', u'', u'Block', u'', u'Off Type', u'', u'Grp', u'Lecturer(s)', u'2016 Enrol']
check 'BB Classroom' 'ITS Subject'
[u'SPBR101_YEAR_2018', u'SPBR101_YEAR_2017', u'SPBR101', u'SPORT PUBLIC RELATIONS I', u'NDSPM1', u'ND: SPORT MANAGEMENT', u'11', u'YEAR', u'D1', u'Durban Campus Full-time', u'A', u'', 118.0]
check 'SPBR101_YEAR_2018' 'SPBR101'
processXLS: only for SEM2 [u'SPBR101_YEAR_2018', u'SPBR101_YEAR_2017', u'SPBR101', u'SPORT PUBLIC RELATIONS I', u'NDSPM1', u'ND: SPORT MANAGEMENT', u'11', u'YEAR', u'D1', u'Durban Campus Full-time', u'A', u'', 118.0]
[u'', u'', u'', u'', u'', u'', u'', u'', u'', u'', u'', u'', u'']
check '' ''
[u'SPMC101_YEAR_2018', u'SPMC101_YEAR_2017', u'SPMC101', u'SPORT MEDIA AND COMMUNICATION', u'NDSPM1', u'ND: SPORT MANAGEMENT', u'11', u'YEAR', u'D1', u'Durban Campus Full-time', u'A', u'', 118.0]
check 'SPMC101_YEAR_2018' 'SPMC101'
processXLS: only for SEM2 [u'SPMC101_YEAR_2018', u'SPMC101_YEAR_2017', u'SPMC101', u'SPORT MEDIA AND COMMUNICATION', u'NDSPM1', u'ND: SPORT MANAGEMENT', u'11', u'YEAR', u'D1', u'Durban Campus Full-time', u'A', u'', 118.0]
[u'', u'', u'', u'', u'', u'', u'', u'', u'', u'', u'', u'', u'']
check '' ''
[u'SPMK101_YEAR_2018', u'SPMK101_YEAR_2017', u'SPMK101', u'SPORT MARKETING I', u'NDSPM1', u'ND: SPORT MANAGEMENT', u'11', u'YEAR', u'D1', u'Durban Campus Full-time', u'A', u'40008368:HUSSAIN', 121.0]
check 'SPMK101_YEAR_2018' 'SPMK101'
processXLS: only for SEM2 [u'SPMK101_YEAR_2018', u'SPMK101_YEAR_2017', u'SPMK101', u'SPORT MARKETING I', u'NDSPM1', u'ND: SPORT MANAGEMENT', u'11', u'YEAR', u'D1', u'Durban Campus Full-time', u'A', u'40008368:HUSSAIN', 121.0]
[u'', u'', u'', u'', u'', u'', u'', u'', u'', u'', u'', u'', u'']
check '' ''
[u'SPMT101_YEAR_2018', u'SPMT101_YEAR_2017', u'SPMT101', u'SPORT MANAGEMENT I', u'NDSPM1', u'ND: SPORT MANAGEMENT', u'11', u'YEAR', u'D1', u'Durban Campus Full-time', u'A', u'', 122.0]
check 'SPMT101_YEAR_2018' 'SPMT101'
processXLS: only for SEM2 [u'SPMT101_YEAR_2018', u'SPMT101_YEAR_2017', u'SPMT101', u'SPORT MANAGEMENT I', u'NDSPM1', u'ND: SPORT MANAGEMENT', u'11', u'YEAR', u'D1', u'Durban Campus Full-time', u'A', u'', 122.0]
[u'', u'', u'', u'', u'', u'', u'', u'', u'', u'', u'', u'', u'']
check '' ''
[u'SPRS111_SEM1_2018', u'SPRS111_SEM1_2017', u'SPRS111', u'SPORT & PHYSICAL RECREATION STUDIES I (MOD 1)', u'NDSPM1', u'ND: SPORT MANAGEMENT', u'21', u'SEMESTER 1', u'D1', u'Durban Campus Full-time', u'A', u'40014050: CURRIE', 127.0]
check 'SPRS111_SEM1_2018' 'SPRS111'
processXLS: only for SEM2 [u'SPRS111_SEM1_2018', u'SPRS111_SEM1_2017', u'SPRS111', u'SPORT & PHYSICAL RECREATION STUDIES I (MOD 1)', u'NDSPM1', u'ND: SPORT MANAGEMENT', u'21', u'SEMESTER 1', u'D1', u'Durban Campus Full-time', u'A', u'40014050: CURRIE', 127.0]
[u'', u'', u'', u'', u'', u'', u'', u'', u'', u'', u'', u'', u'']
check '' ''
[u'SPRS121_SEM2_2018', u'SPRS121_SEM2_2017', u'SPRS121', u'SPORT & PHYSICAL RECREATION STUDIES I (MOD 2)', u'NDSPM1', u'ND: SPORT MANAGEMENT', u'22', u'SEMESTER 2', u'D1', u'Durban Campus Full-time', u'A', u'40014050: CURRIE', 132.0]
check 'SPRS121_SEM2_2018' 'SPRS121'
adding  SPRS121
requesting:  http://10.0.100.98:8000/bbinfo/matching_courses/SPRS121%25
r= <Response [200]>
matching classes= set([u'SPRS121_SEM2_2017', u'SPRS121_13_SCHT', u'SPRS121_14_GLOG', u'SPRS121_ALL_2016', u'SPRS121_SEM2_2018'])
[u'', u'', u'', u'', u'', u'', u'', u'', u'', u'', u'', u'', u'']
check '' ''
[u'SPBR201_YEAR_2018', u'SPBR201_YEAR_2017', u'SPBR201', u'SPORT PUBLIC RELATIONS II', u'NDSPM1', u'ND: SPORT MANAGEMENT', u'11', u'YEAR', u'D1', u'Durban Campus Full-time', u'A', u'', 77.0]
check 'SPBR201_YEAR_2018' 'SPBR201'
processXLS: only for SEM2 [u'SPBR201_YEAR_2018', u'SPBR201_YEAR_2017', u'SPBR201', u'SPORT PUBLIC RELATIONS II', u'NDSPM1', u'ND: SPORT MANAGEMENT', u'11', u'YEAR', u'D1', u'Durban Campus Full-time', u'A', u'', 77.0]
[u'', u'', u'', u'', u'', u'', u'', u'', u'', u'', u'', u'', u'']
check '' ''
[u'SPMK201_YEAR_2018', u'SPMK201_YEAR_2017', u'SPMK201', u'SPORT MARKETING II', u'NDSPM1', u'ND: SPORT MANAGEMENT', u'11', u'YEAR', u'D1', u'Durban Campus Full-time', u'A', u'40004616:LOTZ', 75.0]
check 'SPMK201_YEAR_2018' 'SPMK201'
processXLS: only for SEM2 [u'SPMK201_YEAR_2018', u'SPMK201_YEAR_2017', u'SPMK201', u'SPORT MARKETING II', u'NDSPM1', u'ND: SPORT MANAGEMENT', u'11', u'YEAR', u'D1', u'Durban Campus Full-time', u'A', u'40004616:LOTZ', 75.0]
[u'', u'', u'', u'', u'', u'', u'', u'', u'', u'', u'', u'', u'']
check '' ''
[u'SPMT201_YEAR_2018', u'SPMT201_YEAR_2017', u'SPMT201', u'SPORT MANAGEMENT II', u'NDSPM1', u'ND: SPORT MANAGEMENT', u'11', u'YEAR', u'D1', u'Durban Campus Full-time', u'A', u'40004616 LOTZ', 73.0]
check 'SPMT201_YEAR_2018' 'SPMT201'
processXLS: only for SEM2 [u'SPMT201_YEAR_2018', u'SPMT201_YEAR_2017', u'SPMT201', u'SPORT MANAGEMENT II', u'NDSPM1', u'ND: SPORT MANAGEMENT', u'11', u'YEAR', u'D1', u'Durban Campus Full-time', u'A', u'40004616 LOTZ', 73.0]
[u'', u'', u'', u'', u'', u'', u'', u'', u'', u'', u'', u'', u'']
check '' ''
[u'SPRS211_SEM1_2018', u'SPRS211_SEM1_2017', u'SPRS211', u'SPORT & PHYSICAL RECREATION STUDIES II(MOD 1)', u'NDSPM1', u'ND: SPORT MANAGEMENT', u'21', u'SEMESTER 1', u'D1', u'Durban Campus Full-time', u'A', u'40014050: CURRIE', 86.0]
check 'SPRS211_SEM1_2018' 'SPRS211'
processXLS: only for SEM2 [u'SPRS211_SEM1_2018', u'SPRS211_SEM1_2017', u'SPRS211', u'SPORT & PHYSICAL RECREATION STUDIES II(MOD 1)', u'NDSPM1', u'ND: SPORT MANAGEMENT', u'21', u'SEMESTER 1', u'D1', u'Durban Campus Full-time', u'A', u'40014050: CURRIE', 86.0]
[u'', u'', u'', u'', u'', u'', u'', u'', u'', u'', u'', u'', u'']
check '' ''
[u'SPRS221_SEM2_2018', u'SPRS221_SEM2_2017', u'SPRS221', u'SPORT & PHYSICAL RECREATION STUDIES II(MOD 2)', u'NDSPM1', u'ND: SPORT MANAGEMENT', u'22', u'SEMESTER 2', u'D1', u'Durban Campus Full-time', u'A', u'40014050: CURRIE', 82.0]
check 'SPRS221_SEM2_2018' 'SPRS221'
adding  SPRS221
requesting:  http://10.0.100.98:8000/bbinfo/matching_courses/SPRS221%25
r= <Response [200]>
matching classes= set([u'SPRS221_13_SCHT', u'SPRS221_ALL_2016', u'SPRS221_14_GLOG', u'SPRS221_SEM2_2018', u'SPRS221_14_ZIMP', u'SPRS221_SEM2_2017'])
[u'', u'', u'', u'', u'', u'', u'', u'', u'', u'', u'', u'', u'']
check '' ''
[u'SPMK301_YEAR_2018', u'SPMK301_YEAR_2017', u'SPMK301', u'SPORT MARKETING III', u'NDSPM1', u'ND: SPORT MANAGEMENT', u'11', u'YEAR', u'D1', u'Durban Campus Full-time', u'A', u'40004616:LOTZ', 59.0]
check 'SPMK301_YEAR_2018' 'SPMK301'
processXLS: only for SEM2 [u'SPMK301_YEAR_2018', u'SPMK301_YEAR_2017', u'SPMK301', u'SPORT MARKETING III', u'NDSPM1', u'ND: SPORT MANAGEMENT', u'11', u'YEAR', u'D1', u'Durban Campus Full-time', u'A', u'40004616:LOTZ', 59.0]
[u'', u'', u'', u'', u'', u'', u'', u'', u'', u'', u'', u'', u'']
check '' ''
[u'SPMT301_YEAR_2018', u'SPMT301_YEAR_2017', u'SPMT301', u'SPORT MANAGEMENT III', u'NDSPM1', u'ND: SPORT MANAGEMENT', u'11', u'YEAR', u'D1', u'Durban Campus Full-time', u'A', u'40008368:HUSSAIN', 57.0]
check 'SPMT301_YEAR_2018' 'SPMT301'
processXLS: only for SEM2 [u'SPMT301_YEAR_2018', u'SPMT301_YEAR_2017', u'SPMT301', u'SPORT MANAGEMENT III', u'NDSPM1', u'ND: SPORT MANAGEMENT', u'11', u'YEAR', u'D1', u'Durban Campus Full-time', u'A', u'40008368:HUSSAIN', 57.0]
[u'', u'', u'', u'', u'', u'', u'', u'', u'', u'', u'', u'', u'']
check '' ''
[u'SPRS301_YEAR_2018', u'SPRS301_YEAR_2017', u'SPRS301', u'SPORT & PHYSICAL RECREATION STUDIES III', u'NDSPM1', u'ND: SPORT MANAGEMENT', u'11', u'YEAR', u'D1', u'Durban Campus Full-time', u'A', u'', 44.0]
check 'SPRS301_YEAR_2018' 'SPRS301'
processXLS: only for SEM2 [u'SPRS301_YEAR_2018', u'SPRS301_YEAR_2017', u'SPRS301', u'SPORT & PHYSICAL RECREATION STUDIES III', u'NDSPM1', u'ND: SPORT MANAGEMENT', u'11', u'YEAR', u'D1', u'Durban Campus Full-time', u'A', u'', 44.0]
[u'', u'', u'', u'', u'', u'', u'', u'', u'', u'', u'', u'', u'']
check '' ''
[u'SPRS401_YEAR_2018', u'SPRS401_YEAR_2017', u'SPRS401', u'SPRS401: SPORT & RECREATION STUDIES 2017', u'BTMNS1', u'BT Management (Sport)', u'11', u'YEAR', u'D1', u'Durban Campus Full-time', u'A', u'', 1.0]
check 'SPRS401_YEAR_2018' 'SPRS401'
processXLS: only for SEM2 [u'SPRS401_YEAR_2018', u'SPRS401_YEAR_2017', u'SPRS401', u'SPRS401: SPORT & RECREATION STUDIES 2017', u'BTMNS1', u'BT Management (Sport)', u'11', u'YEAR', u'D1', u'Durban Campus Full-time', u'A', u'', 1.0]
[u'', u'', u'', u'', u'', u'', u'', u'', u'', u'', u'', u'', u'']
check '' ''
[u'SPMK401_YEAR_2018', u'SPMK401_YEAR_2017', u'SPMK401', u'SPMK401: SPORTS MARKETING IV 2017', u'BTMNS1', u'BT Management (Sport)', u'11', u'YEAR', u'D1', u'Durban Campus Full-time', u'A', u'40004616:LOTZ', 1.0]
check 'SPMK401_YEAR_2018' 'SPMK401'
processXLS: only for SEM2 [u'SPMK401_YEAR_2018', u'SPMK401_YEAR_2017', u'SPMK401', u'SPMK401: SPORTS MARKETING IV 2017', u'BTMNS1', u'BT Management (Sport)', u'11', u'YEAR', u'D1', u'Durban Campus Full-time', u'A', u'40004616:LOTZ', 1.0]
[u'', u'', u'', u'', u'', u'', u'', u'', u'', u'', u'', u'', u'']
check '' ''
[u'', u'', u'', u'', u'', u'', u'', u'', u'', u'', u'', u'', u'']
check '' ''
[u'===APPEND===', u'', u'', u'', u'', u'', u'', u'', u'', u'', u'', u'', u'']
check '===APPEND===' ''
[u'2017 NEW SUBJECTS  Blackboard Classrooms for Department: 3407 - SPORT STUDIES', u'', u'', u'', u'', u'', u'', u'', u'', u'', u'', u'', u'']
check '2017 NEW SUBJECTS  Blackboard Classrooms for Department: 3407 - SPORT STUDIES' ''
[u'', u'', u'', u'', u'', u'', u'', u'', u'', u'', u'', u'', u'']
check '' ''
[u'BB Classroom', u'Migrate Classroom', u'ITS Subject', u'', u'ITS Qualification', u'', u'Block', u'', u'Off Type', u'', u'Grp', u'Lecturer(s)', u'2016 Enrol']
check 'BB Classroom' 'ITS Subject'
[u'BEEF101_SEM1_2018', u'BEEF101_SEM1_2017', u'BEEF101', u'BUS ECON:  ENTREPRENEURSHIP & FINANCE', u'HCSMS1', u'HC IN SPORT MANAGEMENT SCIENCE', u'21', u'SEMESTER 1', u'D1', u'Durban Campus Full-time', u'A', u'', 0.0]
check 'BEEF101_SEM1_2018' 'BEEF101'
processXLS: only for SEM2 [u'BEEF101_SEM1_2018', u'BEEF101_SEM1_2017', u'BEEF101', u'BUS ECON:  ENTREPRENEURSHIP & FINANCE', u'HCSMS1', u'HC IN SPORT MANAGEMENT SCIENCE', u'21', u'SEMESTER 1', u'D1', u'Durban Campus Full-time', u'A', u'', 0.0]
[u'', u'', u'', u'', u'', u'', u'', u'', u'', u'', u'', u'', u'']
check '' ''
[u'CSKS101_SEM1_2018', u'CSKS101_SEM1_2017', u'CSKS101', u'COMMUNICATION SKILLS', u'HCSMS1', u'HC IN SPORT MANAGEMENT SCIENCE', u'21', u'SEMESTER 1', u'D1', u'Durban Campus Full-time', u'A', u'', 0.0]
check 'CSKS101_SEM1_2018' 'CSKS101'
processXLS: only for SEM2 [u'CSKS101_SEM1_2018', u'CSKS101_SEM1_2017', u'CSKS101', u'COMMUNICATION SKILLS', u'HCSMS1', u'HC IN SPORT MANAGEMENT SCIENCE', u'21', u'SEMESTER 1', u'D1', u'Durban Campus Full-time', u'A', u'', 0.0]
[u'', u'', u'', u'', u'', u'', u'', u'', u'', u'', u'', u'', u'']
check '' ''
[u'MPAP101_SEM2_2018', u'MPAP101_SEM2_2017', u'MPAP101', u'MAN PRINCIPLE OF ANATOMY & PHYSIOLOGY', u'HCSMS1', u'HC IN SPORT MANAGEMENT SCIENCE', u'22', u'SEMESTER 2', u'D1', u'Durban Campus Full-time', u'A', u'', 0.0]
check 'MPAP101_SEM2_2018' 'MPAP101'
adding  MPAP101
requesting:  http://10.0.100.98:8000/bbinfo/matching_courses/MPAP101%25
r= <Response [200]>
matching classes= set([u'MPAP101_SEM2_2017', u'MPAP101_SEM2_2018'])
[u'', u'', u'', u'', u'', u'', u'', u'', u'', u'', u'', u'', u'']
check '' ''
[u'PCHN101_SEM1_2018', u'PCHN101_SEM1_2017', u'PCHN101', u'PRINCIPLES OF COACHING', u'HCSMS1', u'HC IN SPORT MANAGEMENT SCIENCE', u'21', u'SEMESTER 1', u'D1', u'Durban Campus Full-time', u'A', u'', 0.0]
check 'PCHN101_SEM1_2018' 'PCHN101'
processXLS: only for SEM2 [u'PCHN101_SEM1_2018', u'PCHN101_SEM1_2017', u'PCHN101', u'PRINCIPLES OF COACHING', u'HCSMS1', u'HC IN SPORT MANAGEMENT SCIENCE', u'21', u'SEMESTER 1', u'D1', u'Durban Campus Full-time', u'A', u'', 0.0]
[u'', u'', u'', u'', u'', u'', u'', u'', u'', u'', u'', u'', u'']
check '' ''
[u'PJMN101_SEM2_2018', u'PJMN101_SEM2_2017', u'PJMN101', u'PROJECT MANAGEMENT', u'HCSMS1', u'HC IN SPORT MANAGEMENT SCIENCE', u'22', u'SEMESTER 2', u'D1', u'Durban Campus Full-time', u'A', u'', 0.0]
check 'PJMN101_SEM2_2018' 'PJMN101'
adding  PJMN101
requesting:  http://10.0.100.98:8000/bbinfo/matching_courses/PJMN101%25
r= <Response [200]>
matching classes= set([u'PJMN101_SEM2_2017', u'PJMN101_SEM2_2018'])
[u'', u'', u'', u'', u'', u'', u'', u'', u'', u'', u'', u'', u'']
check '' ''
[u'PSMA101_SEM2_2018', u'PSMA101_SEM2_2017', u'PSMA101', u'SPORT MAN I:  PRINCIPLES OF SPORT MANAGEMENT', u'HCSMS1', u'HC IN SPORT MANAGEMENT SCIENCE', u'22', u'SEMESTER 2', u'D1', u'Durban Campus Full-time', u'A', u'', 0.0]
check 'PSMA101_SEM2_2018' 'PSMA101'
adding  PSMA101
requesting:  http://10.0.100.98:8000/bbinfo/matching_courses/PSMA101%25
r= <Response [200]>
matching classes= set([u'PSMA101_SEM2_2018', u'PSMA101_SEM2_2017'])
[u'', u'', u'', u'', u'', u'', u'', u'', u'', u'', u'', u'', u'']
check '' ''
[u'PSMK101_SEM2_2018', u'PSMK101_SEM2_2017', u'PSMK101', u'SPORT MKT I:  PRINCIPLES OF SPORT MARKETING', u'HCSMS1', u'HC IN SPORT MANAGEMENT SCIENCE', u'22', u'SEMESTER 2', u'D1', u'Durban Campus Full-time', u'A', u'40008368 HUSSAIN', 0.0]
check 'PSMK101_SEM2_2018' 'PSMK101'
adding  PSMK101
requesting:  http://10.0.100.98:8000/bbinfo/matching_courses/PSMK101%25
r= <Response [200]>
matching classes= set([u'PSMK101_SEM2_2017', u'PSMK101_SEM2_2018'])
[u'', u'', u'', u'', u'', u'', u'', u'', u'', u'', u'', u'', u'']
check '' ''
[u'SPBA101_SEM1_2018', u'SPBA101_SEM1_2017', u'SPBA101', u'SPORT BUSINESS ADMINISTRATION', u'HCSMS1', u'HC IN SPORT MANAGEMENT SCIENCE', u'21', u'SEMESTER 1', u'D1', u'Durban Campus Full-time', u'A', u'', 0.0]
check 'SPBA101_SEM1_2018' 'SPBA101'
processXLS: only for SEM2 [u'SPBA101_SEM1_2018', u'SPBA101_SEM1_2017', u'SPBA101', u'SPORT BUSINESS ADMINISTRATION', u'HCSMS1', u'HC IN SPORT MANAGEMENT SCIENCE', u'21', u'SEMESTER 1', u'D1', u'Durban Campus Full-time', u'A', u'', 0.0]
[u'...', u'', u'', u'', u'', u'', u'', u'', u'', u'', u'', u'', u'']
check '...' ''
[u'New subjects for 2018', u'', u'', u'', u'', u'', u'', u'', u'', u'', u'', u'', u'']
check 'New subjects for 2018' ''
[u'', u'', u'', u'', u'', u'', u'', u'', u'', u'', u'', u'', u'']
check '' ''
[u'RMSP201_YEAR_2018', u'TEMPLATE_2018', u'RMSP201', u'RMSP201: RESEARCH METHODOLGY', u'BTMNS1', u'BT Management (Sport)', 11.0, u'YEAR', u'D1', u'Durban Campus Full-time', u'', u'40008368 HUSSAIN', 1.0]
check 'RMSP201_YEAR_2018' 'RMSP201'
processXLS: only for SEM2 [u'RMSP201_YEAR_2018', u'TEMPLATE_2018', u'RMSP201', u'RMSP201: RESEARCH METHODOLGY', u'BTMNS1', u'BT Management (Sport)', 11.0, u'YEAR', u'D1', u'Durban Campus Full-time', u'', u'40008368 HUSSAIN', 1.0]
processXLS: finished processing workingSheets/data/BBC3407SportStudies2017.xls
getWS: requesting:  http://10.0.100.98:8000/itsenrol/classlist/2018/22/PSMA101 rsp= <Response [200]>
getWS: requesting:  http://10.0.100.98:8000/bbinfo/classlist/PSMA101 rsp= <Response [200]>
getNewStudentsInSubject: ITS 46, BB 0 -> 46 new enrollments
getWS: requesting:  http://10.0.100.98:8000/itsenrol/classlist/2018/22/PJMN101 rsp= <Response [200]>
getWS: requesting:  http://10.0.100.98:8000/bbinfo/classlist/PJMN101 rsp= <Response [200]>
getNewStudentsInSubject: ITS 41, BB 0 -> 41 new enrollments
getWS: requesting:  http://10.0.100.98:8000/itsenrol/classlist/2018/22/MPAP101 rsp= <Response [200]>
getWS: requesting:  http://10.0.100.98:8000/bbinfo/classlist/MPAP101 rsp= <Response [200]>
getNewStudentsInSubject: ITS 45, BB 2 -> 45 new enrollments
getWS: requesting:  http://10.0.100.98:8000/itsenrol/classlist/2018/22/SPRS121 rsp= <Response [200]>
getWS: requesting:  http://10.0.100.98:8000/bbinfo/classlist/SPRS121 rsp= <Response [200]>
getNewStudentsInSubject: ITS 103, BB 2 -> 103 new enrollments
getWS: requesting:  http://10.0.100.98:8000/itsenrol/classlist/2018/22/SPRS221 rsp= <Response [200]>
getWS: requesting:  http://10.0.100.98:8000/bbinfo/classlist/SPRS221 rsp= <Response [200]>
getNewStudentsInSubject: ITS 108, BB 2 -> 108 new enrollments
getWS: requesting:  http://10.0.100.98:8000/itsenrol/classlist/2018/22/PSMK101 rsp= <Response [200]>
getWS: requesting:  http://10.0.100.98:8000/bbinfo/classlist/PSMK101 rsp= <Response [200]>
getNewStudentsInSubject: ITS 43, BB 1 -> 43 new enrollments
main: Writing students...
main: Writing enrollments...
main: Finished processing workingSheets/data/BBC3407SportStudies2017.xls
main: 6 subjects processed
main: 6 subject -> classroom maps
main: 258 students
main: 386 student enrollments 0 errors
0.22user 0.12system 0:01.55elapsed 22%CPU (0avgtext+0avgdata 59008maxresident)k
72inputs+112outputs (0major+7176minor)pagefaults 0swaps
POSTING SNAPSHOTS to SIS endpoint
TEST RUN, NOT POSTING BBSTUDENTS
TEST RUN, NOT POSTIN BBENROL
copy snapshot files to saved output
=== department done ===
syncing logs...
Pushing logs from logs/20180723111852 to remote...
sending incremental file list
./
BBC3407SportStudies2017.BBENROL.txt
BBC3407SportStudies2017.BBSTUDENTS.txt
BBC3407SportStudies2017.Enrolomat.txt
BBC3407SportStudies2017.Postlog.txt

sent 75916 bytes  received 91 bytes  8000.74 bytes/sec
total size is 5564063  speedup is 73.20
logging to logs/20180723111852
=== generate newenrollments for BBC3409Mathematics2017. ===
GENERATE SNAPSHOTS...
./BBCIncrementalEnrollerX2.py : generating enrolment files for subjects in  workingSheets/data/BBC3409Mathematics2017.xls
processXLS: start spreadsheet workingSheets/data/BBC3409Mathematics2017.xls
[u'2018 Blackboard Classrooms for Department: 3409 - MATHEMATICS', u'', u'', u'', u'', u'', u'', u'', u'', u'', u'', u'', u'']
check '2018 Blackboard Classrooms for Department: 3409 - MATHEMATICS' ''
[u'', u'', u'', u'', u'', u'', u'', u'', u'', u'', u'', u'', u'']
check '' ''
[u'BB Classroom', u'Migrate Classroom', u'ITS Subject', u'', u'ITS Qualification', u'', u'Block', u'', u'Off Type', u'', u'Grp', u'Lecturer(s)', u'2017 Enrol']
check 'BB Classroom' 'ITS Subject'
[u'', u'', u'', u'', u'', u'', u'', u'', u'', u'', u'', u'', u'']
check '' ''
[u'MATH103_SEM1_2018', u'MATH103_SEM1_2017', u'MATH103', u'MATHEMATICS I', u'BHEVH1', u'BH:  ENVIRONMENTAL HEALTH', u'21', u'SEMESTER 1', u'D1', u'Durban Campus Full-time', u'A', u'40002140:RAJAH', 31.0]
check 'MATH103_SEM1_2018' 'MATH103'
processXLS: only for SEM2 [u'MATH103_SEM1_2018', u'MATH103_SEM1_2017', u'MATH103', u'MATHEMATICS I', u'BHEVH1', u'BH:  ENVIRONMENTAL HEALTH', u'21', u'SEMESTER 1', u'D1', u'Durban Campus Full-time', u'A', u'40002140:RAJAH', 31.0]
[u'', u'', u'', u'', u'', u'', u'', u'', u'', u'', u'', u'', u'']
check '' ''
[u'', u'', u'', u'', u'', u'', u'', u'', u'', u'', u'', u'', u'']
check '' ''
[u'', u'', u'', u'', u'', u'', u'', u'', u'', u'', u'', u'', u'']
check '' ''
[u'MRNM101_SEM1_2018', u'MRNM101_SEM1_2017', u'MRNM101', u'MARINE MATHEMATICSI', u'DINAU1', u'DIPLOMA IN NAUTICAL STUDIES', u'21', u'SEMESTER 1', u'D1', u'Durban Campus Full-time', u'A', u'40011155; MEWALAL N', 61.0]
check 'MRNM101_SEM1_2018' 'MRNM101'
processXLS: only for SEM2 [u'MRNM101_SEM1_2018', u'MRNM101_SEM1_2017', u'MRNM101', u'MARINE MATHEMATICSI', u'DINAU1', u'DIPLOMA IN NAUTICAL STUDIES', u'21', u'SEMESTER 1', u'D1', u'Durban Campus Full-time', u'A', u'40011155; MEWALAL N', 61.0]
[u'', u'', u'', u'', u'', u'', u'', u'', u'', u'', u'', u'', u'']
check '' ''
[u'', u'', u'', u'', u'', u'', u'', u'', u'', u'', u'', u'', u'']
check '' ''
[u'', u'', u'', u'', u'', u'', u'', u'', u'', u'', u'', u'', u'']
check '' ''
[u'MTMS101_SEM1_2018', u'MTMS101_SEM1_2017', u'MTMS101', u'MATHEMATICS', u'BHMOP2', u'BH:  MEDICAL ORTHOTICS AND PROSTHETICS', u'21', u'SEMESTER 1', u'D1', u'Durban Campus Full-time', u'A', u'40002140:RAJAH', 2.0]
check 'MTMS101_SEM1_2018' 'MTMS101'
processXLS: only for SEM2 [u'MTMS101_SEM1_2018', u'MTMS101_SEM1_2017', u'MTMS101', u'MATHEMATICS', u'BHMOP2', u'BH:  MEDICAL ORTHOTICS AND PROSTHETICS', u'21', u'SEMESTER 1', u'D1', u'Durban Campus Full-time', u'A', u'40002140:RAJAH', 2.0]
[u'MTMS101_SEM1_2018', u'MTMS101_SEM1_2017', u'MTMS101', u'MATHEMATICS', u'BHMOP3', u'BH:  MEDICAL ORTHOTICS AND PROSTHETICS', u'21', u'SEMESTER 1', u'D1', u'Durban Campus Full-time', u'A', u'40002140:RAJAH', 36.0]
check 'MTMS101_SEM1_2018' 'MTMS101'
processXLS: only for SEM2 [u'MTMS101_SEM1_2018', u'MTMS101_SEM1_2017', u'MTMS101', u'MATHEMATICS', u'BHMOP3', u'BH:  MEDICAL ORTHOTICS AND PROSTHETICS', u'21', u'SEMESTER 1', u'D1', u'Durban Campus Full-time', u'A', u'40002140:RAJAH', 36.0]
[u'', u'', u'', u'', u'', u'', u'', u'', u'', u'', u'', u'', u'']
check '' ''
[u'', u'', u'', u'', u'', u'', u'', u'', u'', u'', u'', u'', u'']
check '' ''
[u'', u'', u'', u'', u'', u'', u'', u'', u'', u'', u'', u'', u'']
check '' ''
[u'MATH201_SEM1_2018', u'MATH201_SEM1_2017', u'MATH201', u'MATHEMATICS II', u'NDCSY2', u'ND: ENGINEERING: COMPUTER SYSTEMS', u'21', u'SEMESTER 1', u'D1', u'Durban Campus Full-time', u'A', u'50000794:DAY DF', 15.0]
check 'MATH201_SEM1_2018' 'MATH201'
processXLS: only for SEM2 [u'MATH201_SEM1_2018', u'MATH201_SEM1_2017', u'MATH201', u'MATHEMATICS II', u'NDCSY2', u'ND: ENGINEERING: COMPUTER SYSTEMS', u'21', u'SEMESTER 1', u'D1', u'Durban Campus Full-time', u'A', u'50000794:DAY DF', 15.0]
[u'MATH201_SEM1_2018', u'MATH201_SEM1_2017', u'MATH201', u'MATHEMATICS II', u'NDECM1', u'ND: ENGINEERING: ELECTRICAL (COMM)', u'21', u'SEMESTER 1', u'D1', u'Durban Campus Full-time', u'A', u'50000794:DAY DF', 15.0]
check 'MATH201_SEM1_2018' 'MATH201'
processXLS: only for SEM2 [u'MATH201_SEM1_2018', u'MATH201_SEM1_2017', u'MATH201', u'MATHEMATICS II', u'NDECM1', u'ND: ENGINEERING: ELECTRICAL (COMM)', u'21', u'SEMESTER 1', u'D1', u'Durban Campus Full-time', u'A', u'50000794:DAY DF', 15.0]
[u'MATH201_SEM1_2018', u'MATH201_SEM1_2017', u'MATH201', u'MATHEMATICS II', u'NDEIN1', u'ND: ENGINEERING: ELECTRICAL (INSTR)', u'21', u'SEMESTER 1', u'D1', u'Durban Campus Full-time', u'A', u'50000794:DAY DF', 10.0]
check 'MATH201_SEM1_2018' 'MATH201'
processXLS: only for SEM2 [u'MATH201_SEM1_2018', u'MATH201_SEM1_2017', u'MATH201', u'MATHEMATICS II', u'NDEIN1', u'ND: ENGINEERING: ELECTRICAL (INSTR)', u'21', u'SEMESTER 1', u'D1', u'Durban Campus Full-time', u'A', u'50000794:DAY DF', 10.0]
[u'MATH201_SEM1_2018', u'MATH201_SEM1_2017', u'MATH201', u'MATHEMATICS II', u'NDELC2', u'ND: ENGINEERING: ELECTRICAL (L/C)', u'21', u'SEMESTER 1', u'D1', u'Durban Campus Full-time', u'A', u'50000794:DAY DF', 12.0]
check 'MATH201_SEM1_2018' 'MATH201'
processXLS: only for SEM2 [u'MATH201_SEM1_2018', u'MATH201_SEM1_2017', u'MATH201', u'MATHEMATICS II', u'NDELC2', u'ND: ENGINEERING: ELECTRICAL (L/C)', u'21', u'SEMESTER 1', u'D1', u'Durban Campus Full-time', u'A', u'50000794:DAY DF', 12.0]
[u'MATH201_SEM1_2018', u'MATH201_SEM1_2017', u'MATH201', u'MATHEMATICS II', u'NDEPE2', u'ND: ENGINEERING: ELECTRICAL  (H/C)', u'21', u'SEMESTER 1', u'D1', u'Durban Campus Full-time', u'A', u'50000794:DAY DF', 10.0]
check 'MATH201_SEM1_2018' 'MATH201'
processXLS: only for SEM2 [u'MATH201_SEM1_2018', u'MATH201_SEM1_2017', u'MATH201', u'MATHEMATICS II', u'NDEPE2', u'ND: ENGINEERING: ELECTRICAL  (H/C)', u'21', u'SEMESTER 1', u'D1', u'Durban Campus Full-time', u'A', u'50000794:DAY DF', 10.0]
[u'MATH201_SEM1_2018', u'MATH201_SEM1_2017', u'MATH201', u'MATHEMATICS II', u'NDIND2', u'ND: ENGINEERING: INDUSTRIAL', u'21', u'SEMESTER 1', u'D1', u'Durban Campus Full-time', u'A', u'50000794:DAY DF', 15.0]
check 'MATH201_SEM1_2018' 'MATH201'
processXLS: only for SEM2 [u'MATH201_SEM1_2018', u'MATH201_SEM1_2017', u'MATH201', u'MATHEMATICS II', u'NDIND2', u'ND: ENGINEERING: INDUSTRIAL', u'21', u'SEMESTER 1', u'D1', u'Durban Campus Full-time', u'A', u'50000794:DAY DF', 15.0]
[u'MATH201_SEM1_2018', u'MATH201_SEM1_2017', u'MATH201', u'MATHEMATICS II', u'NDMCH2', u'ND: ENGINEERING: MECHANICAL', u'21', u'SEMESTER 1', u'D1', u'Durban Campus Full-time', u'A', u'50000794:DAY DF', 15.0]
check 'MATH201_SEM1_2018' 'MATH201'
processXLS: only for SEM2 [u'MATH201_SEM1_2018', u'MATH201_SEM1_2017', u'MATH201', u'MATHEMATICS II', u'NDMCH2', u'ND: ENGINEERING: MECHANICAL', u'21', u'SEMESTER 1', u'D1', u'Durban Campus Full-time', u'A', u'50000794:DAY DF', 15.0]
[u'MATH201_SEM1_2018', u'MATH201_SEM1_2017', u'MATH201', u'MATHEMATICS II', u'NDMCT1', u'ND: ENGINEERING: MECHANICAL (M/TRONICS)', u'21', u'SEMESTER 1', u'D1', u'Durban Campus Full-time', u'A', u'50000794:DAY DF', 3.0]
check 'MATH201_SEM1_2018' 'MATH201'
processXLS: only for SEM2 [u'MATH201_SEM1_2018', u'MATH201_SEM1_2017', u'MATH201', u'MATHEMATICS II', u'NDMCT1', u'ND: ENGINEERING: MECHANICAL (M/TRONICS)', u'21', u'SEMESTER 1', u'D1', u'Durban Campus Full-time', u'A', u'50000794:DAY DF', 3.0]
[u'MATH201_SEM1_2018', u'MATH201_SEM1_2017', u'MATH201', u'MATHEMATICS II', u'NDSUR2', u'ND: SURVEYING', u'21', u'SEMESTER 1', u'D1', u'Durban Campus Full-time', u'A', u'50000794:DAY DF', 5.0]
check 'MATH201_SEM1_2018' 'MATH201'
processXLS: only for SEM2 [u'MATH201_SEM1_2018', u'MATH201_SEM1_2017', u'MATH201', u'MATHEMATICS II', u'NDSUR2', u'ND: SURVEYING', u'21', u'SEMESTER 1', u'D1', u'Durban Campus Full-time', u'A', u'50000794:DAY DF', 5.0]
[u'MATH201_SEM1_2018', u'MATH201_SEM1_2017', u'MATH201', u'MATHEMATICS II', u'NODIP2', u'NON-DIPLOMA PURPOSE (APP SC)', u'21', u'SEMESTER 1', u'D7', u'DBN FULL-TIME NON-SUBSIDISED', u'A', u'50000794:DAY DF', 2.0]
check 'MATH201_SEM1_2018' 'MATH201'
processXLS: only for SEM2 [u'MATH201_SEM1_2018', u'MATH201_SEM1_2017', u'MATH201', u'MATHEMATICS II', u'NODIP2', u'NON-DIPLOMA PURPOSE (APP SC)', u'21', u'SEMESTER 1', u'D7', u'DBN FULL-TIME NON-SUBSIDISED', u'A', u'50000794:DAY DF', 2.0]
[u'', u'', u'', u'', u'', u'', u'', u'', u'', u'', u'', u'', u'']
check '' ''
[u'', u'', u'', u'', u'', u'', u'', u'', u'', u'', u'', u'', u'']
check '' ''
[u'', u'', u'', u'', u'', u'', u'', u'', u'', u'', u'', u'', u'']
check '' ''
[u'', u'', u'', u'', u'', u'', u'', u'', u'', u'', u'', u'', u'']
check '' ''
[u'MRNM201_SEM2_2018', u'MRNM201_SEM2_2017', u'MRNM201', u'MARINE MATHEMATICSII', u'DINAU1', u'DIPLOMA IN NAUTICAL STUDIES', u'22', u'SEMESTER 2', u'D1', u'Durban Campus Full-time', u'A', u'40011155; MEWALAL N', 54.0]
check 'MRNM201_SEM2_2018' 'MRNM201'
adding  MRNM201
requesting:  http://10.0.100.98:8000/bbinfo/matching_courses/MRNM201%25
r= <Response [200]>
matching classes= set([u'MRNM201_SEM2_2018', u'MRNM201_SEM2_2017'])
[u'', u'', u'', u'', u'', u'', u'', u'', u'', u'', u'', u'', u'']
check '' ''
[u'', u'', u'', u'', u'', u'', u'', u'', u'', u'', u'', u'', u'']
check '' ''
[u'', u'', u'', u'', u'', u'', u'', u'', u'', u'', u'', u'', u'']
check '' ''
[u'MATH301_SEM1_2018', u'MATH301_SEM1_2017', u'MATH301', u'MATHEMATICS III', u'NDCSY2', u'ND: ENGINEERING: COMPUTER SYSTEMS', u'21', u'SEMESTER 1', u'D1', u'Durban Campus Full-time', u'A', u'40001914: DUBA CT', 20.0]
check 'MATH301_SEM1_2018' 'MATH301'
processXLS: only for SEM2 [u'MATH301_SEM1_2018', u'MATH301_SEM1_2017', u'MATH301', u'MATHEMATICS III', u'NDCSY2', u'ND: ENGINEERING: COMPUTER SYSTEMS', u'21', u'SEMESTER 1', u'D1', u'Durban Campus Full-time', u'A', u'40001914: DUBA CT', 20.0]
[u'MATH301_SEM1_2018', u'MATH301_SEM1_2017', u'MATH301', u'MATHEMATICS III', u'NDECM1', u'ND: ENGINEERING: ELECTRICAL (COMM)', u'21', u'SEMESTER 1', u'D1', u'Durban Campus Full-time', u'A', u'40001914: DUBA CT', 18.0]
check 'MATH301_SEM1_2018' 'MATH301'
processXLS: only for SEM2 [u'MATH301_SEM1_2018', u'MATH301_SEM1_2017', u'MATH301', u'MATHEMATICS III', u'NDECM1', u'ND: ENGINEERING: ELECTRICAL (COMM)', u'21', u'SEMESTER 1', u'D1', u'Durban Campus Full-time', u'A', u'40001914: DUBA CT', 18.0]
[u'MATH301_SEM1_2018', u'MATH301_SEM1_2017', u'MATH301', u'MATHEMATICS III', u'NDEIN1', u'ND: ENGINEERING: ELECTRICAL (INSTR)', u'21', u'SEMESTER 1', u'D1', u'Durban Campus Full-time', u'A', u'40001914: DUBA CT', 43.0]
check 'MATH301_SEM1_2018' 'MATH301'
processXLS: only for SEM2 [u'MATH301_SEM1_2018', u'MATH301_SEM1_2017', u'MATH301', u'MATHEMATICS III', u'NDEIN1', u'ND: ENGINEERING: ELECTRICAL (INSTR)', u'21', u'SEMESTER 1', u'D1', u'Durban Campus Full-time', u'A', u'40001914: DUBA CT', 43.0]
[u'MATH301_SEM1_2018', u'MATH301_SEM1_2017', u'MATH301', u'MATHEMATICS III', u'NDELC2', u'ND: ENGINEERING: ELECTRICAL (L/C)', u'21', u'SEMESTER 1', u'D1', u'Durban Campus Full-time', u'A', u'40001914: DUBA CT', 45.0]
check 'MATH301_SEM1_2018' 'MATH301'
processXLS: only for SEM2 [u'MATH301_SEM1_2018', u'MATH301_SEM1_2017', u'MATH301', u'MATHEMATICS III', u'NDELC2', u'ND: ENGINEERING: ELECTRICAL (L/C)', u'21', u'SEMESTER 1', u'D1', u'Durban Campus Full-time', u'A', u'40001914: DUBA CT', 45.0]
[u'MATH301_SEM1_2018', u'MATH301_SEM1_2017', u'MATH301', u'MATHEMATICS III', u'NDEPE2', u'ND: ENGINEERING: ELECTRICAL  (H/C)', u'21', u'SEMESTER 1', u'D1', u'Durban Campus Full-time', u'A', u'40002140:RAJAH', 103.0]
check 'MATH301_SEM1_2018' 'MATH301'
processXLS: only for SEM2 [u'MATH301_SEM1_2018', u'MATH301_SEM1_2017', u'MATH301', u'MATHEMATICS III', u'NDEPE2', u'ND: ENGINEERING: ELECTRICAL  (H/C)', u'21', u'SEMESTER 1', u'D1', u'Durban Campus Full-time', u'A', u'40002140:RAJAH', 103.0]
[u'MATH301_SEM1_2018', u'MATH301_SEM1_2017', u'MATH301', u'MATHEMATICS III', u'NDIND2', u'ND: ENGINEERING: INDUSTRIAL', u'21', u'SEMESTER 1', u'D1', u'Durban Campus Full-time', u'A', u'50000794:DAY', 43.0]
check 'MATH301_SEM1_2018' 'MATH301'
processXLS: only for SEM2 [u'MATH301_SEM1_2018', u'MATH301_SEM1_2017', u'MATH301', u'MATHEMATICS III', u'NDIND2', u'ND: ENGINEERING: INDUSTRIAL', u'21', u'SEMESTER 1', u'D1', u'Durban Campus Full-time', u'A', u'50000794:DAY', 43.0]
[u'MATH301_SEM1_2018', u'MATH301_SEM1_2017', u'MATH301', u'MATHEMATICS III', u'NDMCH2', u'ND: ENGINEERING: MECHANICAL', u'21', u'SEMESTER 1', u'D1', u'Durban Campus Full-time', u'A', u'50000794:DAY', 100.0]
check 'MATH301_SEM1_2018' 'MATH301'
processXLS: only for SEM2 [u'MATH301_SEM1_2018', u'MATH301_SEM1_2017', u'MATH301', u'MATHEMATICS III', u'NDMCH2', u'ND: ENGINEERING: MECHANICAL', u'21', u'SEMESTER 1', u'D1', u'Durban Campus Full-time', u'A', u'50000794:DAY', 100.0]
[u'MATH301_SEM1_2018', u'MATH301_SEM1_2017', u'MATH301', u'MATHEMATICS III', u'NDMCT1', u'ND: ENGINEERING: MECHANICAL (M/TRONICS)', u'21', u'SEMESTER 1', u'D1', u'Durban Campus Full-time', u'A', u'50000794:DAY', 5.0]
check 'MATH301_SEM1_2018' 'MATH301'
processXLS: only for SEM2 [u'MATH301_SEM1_2018', u'MATH301_SEM1_2017', u'MATH301', u'MATHEMATICS III', u'NDMCT1', u'ND: ENGINEERING: MECHANICAL (M/TRONICS)', u'21', u'SEMESTER 1', u'D1', u'Durban Campus Full-time', u'A', u'50000794:DAY', 5.0]
[u'MATH301_SEM1_2018', u'MATH301_SEM1_2017', u'MATH301', u'MATHEMATICS III', u'NODIP4', u'NON-DIPLOMA PURPOSE (ENG & BE)', u'21', u'SEMESTER 1', u'D7', u'DBN FULL-TIME NON-SUBSIDISED', u'A', u'50000794:DAY', 4.0]
check 'MATH301_SEM1_2018' 'MATH301'
processXLS: only for SEM2 [u'MATH301_SEM1_2018', u'MATH301_SEM1_2017', u'MATH301', u'MATHEMATICS III', u'NODIP4', u'NON-DIPLOMA PURPOSE (ENG & BE)', u'21', u'SEMESTER 1', u'D7', u'DBN FULL-TIME NON-SUBSIDISED', u'A', u'50000794:DAY', 4.0]
[u'', u'', u'', u'', u'', u'', u'', u'', u'', u'', u'', u'', u'']
check '' ''
[u'MATH301_SEM2_2018', u'MATH301_SEM2_2017', u'MATH301', u'MATHEMATICS III', u'NDCSY2', u'ND: ENGINEERING: COMPUTER SYSTEMS', u'22', u'SEMESTER 2', u'D1', u'Durban Campus Full-time', u'A', u'40001914: DUBA CT', 19.0]
check 'MATH301_SEM2_2018' 'MATH301'
adding  MATH301
requesting:  http://10.0.100.98:8000/bbinfo/matching_courses/MATH301%25
r= <Response [200]>
matching classes= set([u'MATH301_13_DUBC', u'MATH301_13_MAHA', u'MATH301_SEM1_2018', u'MATH301_SEM2_2017', u'MATH301_13_DAYD', u'MATH301_ALL_2016', u'MATH301_13_RAJS', u'MATH301_SEM2_2018', u'MATH301_SEM1_2017'])
[u'MATH301_SEM2_2018', u'MATH301_SEM2_2017', u'MATH301', u'MATHEMATICS III', u'NDECM1', u'ND: ENGINEERING: ELECTRICAL (COMM)', u'22', u'SEMESTER 2', u'D1', u'Durban Campus Full-time', u'A', u'40001914: DUBA CT', 8.0]
check 'MATH301_SEM2_2018' 'MATH301'
adding  MATH301
requesting:  http://10.0.100.98:8000/bbinfo/matching_courses/MATH301%25
r= <Response [200]>
matching classes= set([u'MATH301_13_DUBC', u'MATH301_13_MAHA', u'MATH301_SEM1_2018', u'MATH301_SEM2_2017', u'MATH301_13_DAYD', u'MATH301_ALL_2016', u'MATH301_13_RAJS', u'MATH301_SEM2_2018', u'MATH301_SEM1_2017'])
[u'MATH301_SEM2_2018', u'MATH301_SEM2_2017', u'MATH301', u'MATHEMATICS III', u'NDEIN1', u'ND: ENGINEERING: ELECTRICAL (INSTR)', u'22', u'SEMESTER 2', u'D1', u'Durban Campus Full-time', u'A', u'40001914: DUBA CT', 11.0]
check 'MATH301_SEM2_2018' 'MATH301'
adding  MATH301
requesting:  http://10.0.100.98:8000/bbinfo/matching_courses/MATH301%25
r= <Response [200]>
matching classes= set([u'MATH301_13_DUBC', u'MATH301_13_MAHA', u'MATH301_SEM1_2018', u'MATH301_SEM2_2017', u'MATH301_13_DAYD', u'MATH301_ALL_2016', u'MATH301_13_RAJS', u'MATH301_SEM2_2018', u'MATH301_SEM1_2017'])
[u'MATH301_SEM2_2018', u'MATH301_SEM2_2017', u'MATH301', u'MATHEMATICS III', u'NDELC2', u'ND: ENGINEERING: ELECTRICAL (L/C)', u'22', u'SEMESTER 2', u'D1', u'Durban Campus Full-time', u'A', u'40001914: DUBA CT', 40.0]
check 'MATH301_SEM2_2018' 'MATH301'
adding  MATH301
requesting:  http://10.0.100.98:8000/bbinfo/matching_courses/MATH301%25
r= <Response [200]>
matching classes= set([u'MATH301_13_DUBC', u'MATH301_13_MAHA', u'MATH301_SEM1_2018', u'MATH301_SEM2_2017', u'MATH301_13_DAYD', u'MATH301_ALL_2016', u'MATH301_13_RAJS', u'MATH301_SEM2_2018', u'MATH301_SEM1_2017'])
[u'MATH301_SEM2_2018', u'MATH301_SEM2_2017', u'MATH301', u'MATHEMATICS III', u'NDEPE2', u'ND: ENGINEERING: ELECTRICAL  (H/C)', u'22', u'SEMESTER 2', u'D1', u'Durban Campus Full-time', u'A', u'40002140:RAJAH', 65.0]
check 'MATH301_SEM2_2018' 'MATH301'
adding  MATH301
requesting:  http://10.0.100.98:8000/bbinfo/matching_courses/MATH301%25
r= <Response [200]>
matching classes= set([u'MATH301_13_DUBC', u'MATH301_13_MAHA', u'MATH301_SEM1_2018', u'MATH301_SEM2_2017', u'MATH301_13_DAYD', u'MATH301_ALL_2016', u'MATH301_13_RAJS', u'MATH301_SEM2_2018', u'MATH301_SEM1_2017'])
[u'MATH301_SEM2_2018', u'MATH301_SEM2_2017', u'MATH301', u'MATHEMATICS III', u'NDIND2', u'ND: ENGINEERING: INDUSTRIAL', u'22', u'SEMESTER 2', u'D1', u'Durban Campus Full-time', u'A', u'50000794:DAY', 36.0]
check 'MATH301_SEM2_2018' 'MATH301'
adding  MATH301
requesting:  http://10.0.100.98:8000/bbinfo/matching_courses/MATH301%25
r= <Response [200]>
matching classes= set([u'MATH301_13_DUBC', u'MATH301_13_MAHA', u'MATH301_SEM1_2018', u'MATH301_SEM2_2017', u'MATH301_13_DAYD', u'MATH301_ALL_2016', u'MATH301_13_RAJS', u'MATH301_SEM2_2018', u'MATH301_SEM1_2017'])
[u'MATH301_SEM2_2018', u'MATH301_SEM2_2017', u'MATH301', u'MATHEMATICS III', u'NDMCH2', u'ND: ENGINEERING: MECHANICAL', u'22', u'SEMESTER 2', u'D1', u'Durban Campus Full-time', u'A', u'50000794:DAY', 102.0]
check 'MATH301_SEM2_2018' 'MATH301'
adding  MATH301
requesting:  http://10.0.100.98:8000/bbinfo/matching_courses/MATH301%25
r= <Response [200]>
matching classes= set([u'MATH301_13_DUBC', u'MATH301_13_MAHA', u'MATH301_SEM1_2018', u'MATH301_SEM2_2017', u'MATH301_13_DAYD', u'MATH301_ALL_2016', u'MATH301_13_RAJS', u'MATH301_SEM2_2018', u'MATH301_SEM1_2017'])
[u'MATH301_SEM2_2018', u'MATH301_SEM2_2017', u'MATH301', u'MATHEMATICS III', u'NDMCT1', u'ND: ENGINEERING: MECHANICAL (M/TRONICS)', u'22', u'SEMESTER 2', u'D1', u'Durban Campus Full-time', u'A', u'50000794:DAY', 5.0]
check 'MATH301_SEM2_2018' 'MATH301'
adding  MATH301
requesting:  http://10.0.100.98:8000/bbinfo/matching_courses/MATH301%25
r= <Response [200]>
matching classes= set([u'MATH301_13_DUBC', u'MATH301_13_MAHA', u'MATH301_SEM1_2018', u'MATH301_SEM2_2017', u'MATH301_13_DAYD', u'MATH301_ALL_2016', u'MATH301_13_RAJS', u'MATH301_SEM2_2018', u'MATH301_SEM1_2017'])
[u'MATH301_SEM2_2018', u'MATH301_SEM2_2017', u'MATH301', u'MATHEMATICS III', u'NODIP4', u'NON-DIPLOMA PURPOSE (ENG & BE)', u'22', u'SEMESTER 2', u'D7', u'DBN FULL-TIME NON-SUBSIDISED', u'A', u'50000794:DAY', 3.0]
check 'MATH301_SEM2_2018' 'MATH301'
adding  MATH301
requesting:  http://10.0.100.98:8000/bbinfo/matching_courses/MATH301%25
r= <Response [200]>
matching classes= set([u'MATH301_13_DUBC', u'MATH301_13_MAHA', u'MATH301_SEM1_2018', u'MATH301_SEM2_2017', u'MATH301_13_DAYD', u'MATH301_ALL_2016', u'MATH301_13_RAJS', u'MATH301_SEM2_2018', u'MATH301_SEM1_2017'])
[u'', u'', u'', u'', u'', u'', u'', u'', u'', u'', u'', u'', u'']
check '' ''
[u'MCEN301_SEM1_2018', u'MCEN301_SEM1_2017', u'MCEN301', u'MATHEMATICS: CHEMICAL ENGINEERING III', u'BTCME1', u'BT: ENGINEERING: CHEMICAL', u'21', u'SEMESTER 1', u'D1', u'Durban Campus Full-time', u'A', u'50001694:LORTAN', 45.0]
check 'MCEN301_SEM1_2018' 'MCEN301'
processXLS: only for SEM2 [u'MCEN301_SEM1_2018', u'MCEN301_SEM1_2017', u'MCEN301', u'MATHEMATICS: CHEMICAL ENGINEERING III', u'BTCME1', u'BT: ENGINEERING: CHEMICAL', u'21', u'SEMESTER 1', u'D1', u'Durban Campus Full-time', u'A', u'50001694:LORTAN', 45.0]
[u'MCEN301_SEM1_2018', u'MCEN301_SEM1_2017', u'MCEN301', u'MATHEMATICS: CHEMICAL ENGINEERING III', u'BTCME1', u'BT: ENGINEERING: CHEMICAL', u'21', u'SEMESTER 1', u'D3', u'Durban Campus Part-time', u'A', u'50001694:LORTAN', 66.0]
check 'MCEN301_SEM1_2018' 'MCEN301'
processXLS: only for SEM2 [u'MCEN301_SEM1_2018', u'MCEN301_SEM1_2017', u'MCEN301', u'MATHEMATICS: CHEMICAL ENGINEERING III', u'BTCME1', u'BT: ENGINEERING: CHEMICAL', u'21', u'SEMESTER 1', u'D3', u'Durban Campus Part-time', u'A', u'50001694:LORTAN', 66.0]
[u'', u'', u'', u'', u'', u'', u'', u'', u'', u'', u'', u'', u'']
check '' ''
[u'', u'', u'', u'', u'', u'', u'', u'', u'', u'', u'', u'', u'']
check '' ''
[u'EMTH402_SEM1_2018', u'EMTH402_SEM1_2017', u'EMTH402', u'ENGINEERING MATHEMATICS IV', u'BTECM1', u'BT: ENGINEERING: ELECTRICAL (COMM)', u'21', u'SEMESTER 1', u'D3', u'Durban Campus Part-time', u'A', u'40010608:BRIJLALL', 23.0]
check 'EMTH402_SEM1_2018' 'EMTH402'
processXLS: only for SEM2 [u'EMTH402_SEM1_2018', u'EMTH402_SEM1_2017', u'EMTH402', u'ENGINEERING MATHEMATICS IV', u'BTECM1', u'BT: ENGINEERING: ELECTRICAL (COMM)', u'21', u'SEMESTER 1', u'D3', u'Durban Campus Part-time', u'A', u'40010608:BRIJLALL', 23.0]
[u'EMTH402_SEM1_2018', u'EMTH402_SEM1_2017', u'EMTH402', u'ENGINEERING MATHEMATICS IV', u'BTECS1', u'BT: ENGINEERING: ELECTRICAL (COMP SYS)', u'21', u'SEMESTER 1', u'D3', u'Durban Campus Part-time', u'A', u'40010608:BRIJLALL', 8.0]
check 'EMTH402_SEM1_2018' 'EMTH402'
processXLS: only for SEM2 [u'EMTH402_SEM1_2018', u'EMTH402_SEM1_2017', u'EMTH402', u'ENGINEERING MATHEMATICS IV', u'BTECS1', u'BT: ENGINEERING: ELECTRICAL (COMP SYS)', u'21', u'SEMESTER 1', u'D3', u'Durban Campus Part-time', u'A', u'40010608:BRIJLALL', 8.0]
[u'EMTH402_SEM1_2018', u'EMTH402_SEM1_2017', u'EMTH402', u'ENGINEERING MATHEMATICS IV', u'BTEIN1', u'BT: ENGINEERING: ELECTRICAL (INSTR)', u'21', u'SEMESTER 1', u'D3', u'Durban Campus Part-time', u'A', u'40010608:BRIJLALL', 42.0]
check 'EMTH402_SEM1_2018' 'EMTH402'
processXLS: only for SEM2 [u'EMTH402_SEM1_2018', u'EMTH402_SEM1_2017', u'EMTH402', u'ENGINEERING MATHEMATICS IV', u'BTEIN1', u'BT: ENGINEERING: ELECTRICAL (INSTR)', u'21', u'SEMESTER 1', u'D3', u'Durban Campus Part-time', u'A', u'40010608:BRIJLALL', 42.0]
[u'EMTH402_SEM1_2018', u'EMTH402_SEM1_2017', u'EMTH402', u'ENGINEERING MATHEMATICS IV', u'BTEPE1', u'BT: ENGINEERING: ELECTRICAL (H/C)', u'21', u'SEMESTER 1', u'D3', u'Durban Campus Part-time', u'A', u'40010608:BRIJLALL', 26.0]
check 'EMTH402_SEM1_2018' 'EMTH402'
processXLS: only for SEM2 [u'EMTH402_SEM1_2018', u'EMTH402_SEM1_2017', u'EMTH402', u'ENGINEERING MATHEMATICS IV', u'BTEPE1', u'BT: ENGINEERING: ELECTRICAL (H/C)', u'21', u'SEMESTER 1', u'D3', u'Durban Campus Part-time', u'A', u'40010608:BRIJLALL', 26.0]
[u'EMTH402_SEM1_2018', u'EMTH402_SEM1_2017', u'EMTH402', u'ENGINEERING MATHEMATICS IV', u'BTMCH2', u'BT: ENGINEERING: MECHANICAL', u'21', u'SEMESTER 1', u'D1', u'Durban Campus Full-time', u'A', u'40010608:BRIJLALL', 10.0]
check 'EMTH402_SEM1_2018' 'EMTH402'
processXLS: only for SEM2 [u'EMTH402_SEM1_2018', u'EMTH402_SEM1_2017', u'EMTH402', u'ENGINEERING MATHEMATICS IV', u'BTMCH2', u'BT: ENGINEERING: MECHANICAL', u'21', u'SEMESTER 1', u'D1', u'Durban Campus Full-time', u'A', u'40010608:BRIJLALL', 10.0]
[u'EMTH402_SEM1_2018', u'EMTH402_SEM1_2017', u'EMTH402', u'ENGINEERING MATHEMATICS IV', u'BTMCH2', u'BT: ENGINEERING: MECHANICAL', u'21', u'SEMESTER 1', u'D3', u'Durban Campus Part-time', u'A', u'40010608:BRIJLALL', 4.0]
check 'EMTH402_SEM1_2018' 'EMTH402'
processXLS: only for SEM2 [u'EMTH402_SEM1_2018', u'EMTH402_SEM1_2017', u'EMTH402', u'ENGINEERING MATHEMATICS IV', u'BTMCH2', u'BT: ENGINEERING: MECHANICAL', u'21', u'SEMESTER 1', u'D3', u'Durban Campus Part-time', u'A', u'40010608:BRIJLALL', 4.0]
[u'', u'', u'', u'', u'', u'', u'', u'', u'', u'', u'', u'', u'']
check '' ''
[u'EMTH402_SEM2_2018', u'EMTH402_SEM2_2017', u'EMTH402', u'ENGINEERING MATHEMATICS IV', u'BTECM1', u'BT: ENGINEERING: ELECTRICAL (COMM)', u'22', u'SEMESTER 2', u'D3', u'Durban Campus Part-time', u'A', u'40010608:BRIJLALL', 22.0]
check 'EMTH402_SEM2_2018' 'EMTH402'
adding  EMTH402
requesting:  http://10.0.100.98:8000/bbinfo/matching_courses/EMTH402%25
r= <Response [200]>
matching classes= set([u'EMTH402_SEM1_2017', u'EMTH402_SEM1_2018', u'EMTH402_13_BRID_B', u'EMTH402_SEM2_2018', u'EMTH402_13_BRID', u'EMTH402_13_NARO', u'EMTH402_SEM2_2017', u'EMTH402_ALL_2016'])
[u'EMTH402_SEM2_2018', u'EMTH402_SEM2_2017', u'EMTH402', u'ENGINEERING MATHEMATICS IV', u'BTECS1', u'BT: ENGINEERING: ELECTRICAL (COMP SYS)', u'22', u'SEMESTER 2', u'D3', u'Durban Campus Part-time', u'A', u'40010608:BRIJLALL', 8.0]
check 'EMTH402_SEM2_2018' 'EMTH402'
adding  EMTH402
requesting:  http://10.0.100.98:8000/bbinfo/matching_courses/EMTH402%25
r= <Response [200]>
matching classes= set([u'EMTH402_SEM1_2017', u'EMTH402_SEM1_2018', u'EMTH402_13_BRID_B', u'EMTH402_SEM2_2018', u'EMTH402_13_BRID', u'EMTH402_13_NARO', u'EMTH402_SEM2_2017', u'EMTH402_ALL_2016'])
[u'EMTH402_SEM2_2018', u'EMTH402_SEM2_2017', u'EMTH402', u'ENGINEERING MATHEMATICS IV', u'BTEIN1', u'BT: ENGINEERING: ELECTRICAL (INSTR)', u'22', u'SEMESTER 2', u'D3', u'Durban Campus Part-time', u'A', u'40010608:BRIJLALL', 21.0]
check 'EMTH402_SEM2_2018' 'EMTH402'
adding  EMTH402
requesting:  http://10.0.100.98:8000/bbinfo/matching_courses/EMTH402%25
r= <Response [200]>
matching classes= set([u'EMTH402_SEM1_2017', u'EMTH402_SEM1_2018', u'EMTH402_13_BRID_B', u'EMTH402_SEM2_2018', u'EMTH402_13_BRID', u'EMTH402_13_NARO', u'EMTH402_SEM2_2017', u'EMTH402_ALL_2016'])
[u'EMTH402_SEM2_2018', u'EMTH402_SEM2_2017', u'EMTH402', u'ENGINEERING MATHEMATICS IV', u'BTEPE1', u'BT: ENGINEERING: ELECTRICAL (H/C)', u'22', u'SEMESTER 2', u'D3', u'Durban Campus Part-time', u'A', u'40010608:BRIJLALL', 26.0]
check 'EMTH402_SEM2_2018' 'EMTH402'
adding  EMTH402
requesting:  http://10.0.100.98:8000/bbinfo/matching_courses/EMTH402%25
r= <Response [200]>
matching classes= set([u'EMTH402_SEM1_2017', u'EMTH402_SEM1_2018', u'EMTH402_13_BRID_B', u'EMTH402_SEM2_2018', u'EMTH402_13_BRID', u'EMTH402_13_NARO', u'EMTH402_SEM2_2017', u'EMTH402_ALL_2016'])
[u'EMTH402_SEM2_2018', u'EMTH402_SEM2_2017', u'EMTH402', u'ENGINEERING MATHEMATICS IV', u'NODIP4', u'NON-DIPLOMA PURPOSE (ENG & BE)', u'22', u'SEMESTER 2', u'D7', u'DBN FULL-TIME NON-SUBSIDISED', u'A', u'40010608:BRIJLALL', 2.0]
check 'EMTH402_SEM2_2018' 'EMTH402'
adding  EMTH402
requesting:  http://10.0.100.98:8000/bbinfo/matching_courses/EMTH402%25
r= <Response [200]>
matching classes= set([u'EMTH402_SEM1_2017', u'EMTH402_SEM1_2018', u'EMTH402_13_BRID_B', u'EMTH402_SEM2_2018', u'EMTH402_13_BRID', u'EMTH402_13_NARO', u'EMTH402_SEM2_2017', u'EMTH402_ALL_2016'])
[u'===APPEND===', u'', u'', u'', u'', u'', u'', u'', u'', u'', u'', u'', u'']
check '===APPEND===' ''
[u'2017 NEW SUBJECTS  Blackboard Classrooms for Department: 3409 - MATHEMATICS', u'', u'', u'', u'', u'', u'', u'', u'', u'', u'', u'', u'']
check '2017 NEW SUBJECTS  Blackboard Classrooms for Department: 3409 - MATHEMATICS' ''
[u'', u'', u'', u'', u'', u'', u'', u'', u'', u'', u'', u'', u'']
check '' ''
[u'BB Classroom', u'Migrate Classroom', u'ITS Subject', u'', u'ITS Qualification', u'', u'Block', u'', u'Off Type', u'', u'Grp', u'Lecturer(s)', u'2017 Enrol']
check 'BB Classroom' 'ITS Subject'
[u'EMTA101_SEM1_2018', u'EMTA101_SEM1_2017', u'EMTA101', u'ENGINEERING MATHEMATICS IA', u'BNCME1', u'B ENGINEERING TECHNOLOGY IN CHEMICAL ENG', u'21', u'SEMESTER 1', u'D1', u'Durban Campus Full-time', u'A', u'40004537:ALLY', 98.0]
check 'EMTA101_SEM1_2018' 'EMTA101'
processXLS: only for SEM2 [u'EMTA101_SEM1_2018', u'EMTA101_SEM1_2017', u'EMTA101', u'ENGINEERING MATHEMATICS IA', u'BNCME1', u'B ENGINEERING TECHNOLOGY IN CHEMICAL ENG', u'21', u'SEMESTER 1', u'D1', u'Durban Campus Full-time', u'A', u'40004537:ALLY', 98.0]
[u'EMTA101_SEM1_2018', u'EMTA101_SEM1_2017', u'EMTA101', u'ENGINEERING MATHEMATICS IA', u'BNCVL1', u'B ENGINEERING TECHNOLOGY IN CIVIL ENG', u'21', u'SEMESTER 1', u'D1', u'Durban Campus Full-time', u'A', u'40004537:ALLY', 145.0]
check 'EMTA101_SEM1_2018' 'EMTA101'
processXLS: only for SEM2 [u'EMTA101_SEM1_2018', u'EMTA101_SEM1_2017', u'EMTA101', u'ENGINEERING MATHEMATICS IA', u'BNCVL1', u'B ENGINEERING TECHNOLOGY IN CIVIL ENG', u'21', u'SEMESTER 1', u'D1', u'Durban Campus Full-time', u'A', u'40004537:ALLY', 145.0]
[u'EMTA101_SEM1_2018', u'EMTA101_SEM1_2017', u'EMTA101', u'ENGINEERING MATHEMATICS IA', u'BNMCH 1', u'B ENGINEERING TECHNOLOGY IN MECHANICAL ENG', u'21', u'SEMESTER 1', u'D1', u'Durban Campus Full-time', u'A', u'40004537:ALLY', 120.0]
check 'EMTA101_SEM1_2018' 'EMTA101'
processXLS: only for SEM2 [u'EMTA101_SEM1_2018', u'EMTA101_SEM1_2017', u'EMTA101', u'ENGINEERING MATHEMATICS IA', u'BNMCH 1', u'B ENGINEERING TECHNOLOGY IN MECHANICAL ENG', u'21', u'SEMESTER 1', u'D1', u'Durban Campus Full-time', u'A', u'40004537:ALLY', 120.0]
[u'EMTA101_SEM1_2018', u'EMTA101_SEM1_2017', u'EMTA101', u'ENGINEERING MATHEMATICS IA', u'BNPWE 1', u'B ENGINEERING TECHNOLOGY IN POWER ENG', u'21', u'SEMESTER 1', u'D1', u'Durban Campus Full-time', u'A', u'40004537:ALLY', 120.0]
check 'EMTA101_SEM1_2018' 'EMTA101'
processXLS: only for SEM2 [u'EMTA101_SEM1_2018', u'EMTA101_SEM1_2017', u'EMTA101', u'ENGINEERING MATHEMATICS IA', u'BNPWE 1', u'B ENGINEERING TECHNOLOGY IN POWER ENG', u'21', u'SEMESTER 1', u'D1', u'Durban Campus Full-time', u'A', u'40004537:ALLY', 120.0]
[u'EMTA101_SEM1_2018', u'EMTA101_SEM1_2017', u'EMTA101', u'ENGINEERING MATHEMATICS IA', u'BNIND 1', u'B ENGINEERING TECHNOLOGY IN INDUSTRIAL ENG', u'21', u'SEMESTER 1', u'D1', u'Durban Campus Full-time', u'A', u'40004537:ALLY', 100.0]
check 'EMTA101_SEM1_2018' 'EMTA101'
processXLS: only for SEM2 [u'EMTA101_SEM1_2018', u'EMTA101_SEM1_2017', u'EMTA101', u'ENGINEERING MATHEMATICS IA', u'BNIND 1', u'B ENGINEERING TECHNOLOGY IN INDUSTRIAL ENG', u'21', u'SEMESTER 1', u'D1', u'Durban Campus Full-time', u'A', u'40004537:ALLY', 100.0]
[u'EMTA101_SEM1_2018', u'EMTA101_SEM1_2017', u'EMTA101', u'ENGINEERING MATHEMATICS IA', u'BNELC 1', u'B ENGINEERING TECHNOLOGY IN ELECTRONIC ENG', u'21', u'SEMESTER 1', u'D1', u'Durban Campus Full-time', u'A', u'40004537:ALLY', 150.0]
check 'EMTA101_SEM1_2018' 'EMTA101'
processXLS: only for SEM2 [u'EMTA101_SEM1_2018', u'EMTA101_SEM1_2017', u'EMTA101', u'ENGINEERING MATHEMATICS IA', u'BNELC 1', u'B ENGINEERING TECHNOLOGY IN ELECTRONIC ENG', u'21', u'SEMESTER 1', u'D1', u'Durban Campus Full-time', u'A', u'40004537:ALLY', 150.0]
[u'EMTA101_SEM1_2018', u'EMTA101_SEM1_2017', u'EMTA101', u'ENGINEERING MATHEMATICS IA', u'BBGMT 1', u'B ENGINEERING TECHNOLOGY IN LAND SURVEYING ENG', u'22', u'SEMESTER 1', u'D2', u'Durban Campus Full-time', u'A', u'40004537:ALLY', 50.0]
check 'EMTA101_SEM1_2018' 'EMTA101'
adding  EMTA101
requesting:  http://10.0.100.98:8000/bbinfo/matching_courses/EMTA101%25
r= <Response [200]>
matching classes= set([u'EMTA101_SEM1_2018', u'EMTA101_SEM1_2017'])
[u'', u'', u'', u'', u'', u'', u'', u'', u'', u'', u'', u'', u'']
check '' ''
[u'EMTB101_SEM2_2018', u'EMTB101_SEM2_2017', u'EMTB101', u'ENGINEERING MATHEMATICS IB', u'BNCME1', u'B ENGINEERING TECHNOLOGY IN CHEMICAL ENG', u'22', u'SEMESTER 2', u'D1', u'Durban Campus Full-time', u'A', u'50001694:Lortan', 60.0]
check 'EMTB101_SEM2_2018' 'EMTB101'
adding  EMTB101
requesting:  http://10.0.100.98:8000/bbinfo/matching_courses/EMTB101%25
r= <Response [200]>
matching classes= set([u'EMTB101_SEM2_2017', u'EMTB101_SEM2_2018'])
[u'EMTB101_SEM2_2018', u'EMTB101_SEM2_2017', u'EMTB101', u'ENGINEERING MATHEMATICS IB', u'BNCVL1', u'B ENGINEERING TECHNOLOGY IN CIVIL ENG', u'22', u'SEMESTER 2', u'D1', u'Durban Campus Full-time', u'A', u'50001694:Lortan', 100.0]
check 'EMTB101_SEM2_2018' 'EMTB101'
adding  EMTB101
requesting:  http://10.0.100.98:8000/bbinfo/matching_courses/EMTB101%25
r= <Response [200]>
matching classes= set([u'EMTB101_SEM2_2017', u'EMTB101_SEM2_2018'])
[u'', u'', u'EMTB101', u'ENGINEERING MATHEMATICS IB', u'BNMCH 1', u'B ENGINEERING TECHNOLOGY IN MECHANICAL ENG', u'21', u'SEMESTER 2', u'D1', u'Durban Campus Full-time', u'A', u'40004537:ALLY', 70.0]
check '' 'EMTB101'
[u'', u'', u'EMTB101', u'ENGINEERING MATHEMATICS IB', u'BNPWE 1', u'B ENGINEERING TECHNOLOGY IN POWER ENG', u'21', u'SEMESTER 2', u'D1', u'Durban Campus Full-time', u'A', u'40004537:ALLY', 80.0]
check '' 'EMTB101'
[u'', u'', u'EMTB101', u'ENGINEERING MATHEMATICS IB', u'BNIND 1', u'B ENGINEERING TECHNOLOGY IN INDUSTRIAL ENG', u'21', u'SEMESTER 2', u'D1', u'Durban Campus Full-time', u'A', u'40004537:ALLY', 65.0]
check '' 'EMTB101'
[u'', u'', u'EMTB101', u'ENGINEERING MATHEMATICS IB', u'BNELC 1', u'B ENGINEERING TECHNOLOGY IN ELECTRONIC ENG', u'21', u'SEMESTER 2', u'D1', u'Durban Campus Full-time', u'A', u'40004537:ALLY', 90.0]
check '' 'EMTB101'
[u'', u'', u'EMTB101', u'ENGINEERING MATHEMATICS IB', u'BBGMT 1', u'B ENGINEERING TECHNOLOGY IN LAND SURVEYING ENG', u'22', u'SEMESTER 2', u'D2', u'Durban Campus Full-time', u'A', u'40004537:ALLY', 30.0]
check '' 'EMTB101'
[u'', u'', u'', u'', u'', u'', u'', u'', u'', u'', u'', u'', u'']
check '' ''
[u'MMTA101_SEM1_2018', u'MMTA101_SEM1_2017', u'MMTA101', u'MATHEMATICS A', u'DICVE1', u'DIP ENG TECH IN CIVIL ENGINEERING', u'21', u'SEMESTER 1', u'I1', u'INDUMISO CAMPUS FULL-TIME', u'A', u'5002101 Perumal', 0.0]
check 'MMTA101_SEM1_2018' 'MMTA101'
processXLS: only for SEM2 [u'MMTA101_SEM1_2018', u'MMTA101_SEM1_2017', u'MMTA101', u'MATHEMATICS A', u'DICVE1', u'DIP ENG TECH IN CIVIL ENGINEERING', u'21', u'SEMESTER 1', u'I1', u'INDUMISO CAMPUS FULL-TIME', u'A', u'5002101 Perumal', 0.0]
[u'', u'', u'', u'', u'', u'', u'', u'', u'', u'', u'', u'', u'']
check '' ''
[u'MMTA101_SEM2_2018', u'MMTA101_SEM2_2017', u'MMTA101', u'MATHEMATICS A', u'DICVE1', u'DIP ENG TECH IN CIVIL ENGINEERING', u'22', u'SEMESTER 2', u'I1', u'INDUMISO CAMPUS FULL-TIME', u'A', u'5002101 Perumal', 0.0]
check 'MMTA101_SEM2_2018' 'MMTA101'
adding  MMTA101
requesting:  http://10.0.100.98:8000/bbinfo/matching_courses/MMTA101%25
r= <Response [200]>
matching classes= set([u'MMTA101_SEM1_2018', u'MMTA101_SEM2_2017', u'MMTA101_SEM2_2018', u'MMTA101_SEM1_2017'])
[u'', u'', u'', u'', u'', u'', u'', u'', u'', u'', u'', u'', u'']
check '' ''
[u'MMTB101_SEM1_2018', u'MMTB101_SEM1_2017', u'MMTB101', u'MATHEMATICS B', u'DICVE1', u'DIP ENG TECH IN CIVIL ENGINEERING', u'21', u'SEMESTER 1', u'I1', u'INDUMISO CAMPUS FULL-TIME', u'A', u'5002101 Perumal', 0.0]
check 'MMTB101_SEM1_2018' 'MMTB101'
processXLS: only for SEM2 [u'MMTB101_SEM1_2018', u'MMTB101_SEM1_2017', u'MMTB101', u'MATHEMATICS B', u'DICVE1', u'DIP ENG TECH IN CIVIL ENGINEERING', u'21', u'SEMESTER 1', u'I1', u'INDUMISO CAMPUS FULL-TIME', u'A', u'5002101 Perumal', 0.0]
[u'', u'', u'', u'', u'', u'', u'', u'', u'', u'', u'', u'', u'']
check '' ''
[u'MMTB101_SEM2_2018', u'MMTB101_SEM2_2017', u'MMTB101', u'MATHEMATICS B', u'DICVE1', u'DIP ENG TECH IN CIVIL ENGINEERING', u'22', u'SEMESTER 2', u'I1', u'INDUMISO CAMPUS FULL-TIME', u'A', u'5002101 Perumal', 0.0]
check 'MMTB101_SEM2_2018' 'MMTB101'
adding  MMTB101
requesting:  http://10.0.100.98:8000/bbinfo/matching_courses/MMTB101%25
r= <Response [200]>
matching classes= set([u'MMTB101_SEM1_2018', u'MMTB101_SEM2_2017', u'MMTB101_SEM2_2018', u'MMTB101_SEM1_2017'])
[u'', u'', u'', u'', u'', u'', u'', u'', u'', u'', u'', u'', u'']
check '' ''
[u'MMTC101_SEM1_2018', u'MMTC101_SEM1_2017', u'MMTC101', u'MATHEMATICS C', u'DICVE1', u'DIP ENG TECH IN CIVIL ENGINEERING', u'21', u'SEMESTER 1', u'I1', u'INDUMISO CAMPUS FULL-TIME', u'A', u'5002101 Perumal', 0.0]
check 'MMTC101_SEM1_2018' 'MMTC101'
processXLS: only for SEM2 [u'MMTC101_SEM1_2018', u'MMTC101_SEM1_2017', u'MMTC101', u'MATHEMATICS C', u'DICVE1', u'DIP ENG TECH IN CIVIL ENGINEERING', u'21', u'SEMESTER 1', u'I1', u'INDUMISO CAMPUS FULL-TIME', u'A', u'5002101 Perumal', 0.0]
[u'', u'', u'', u'', u'', u'', u'', u'', u'', u'', u'', u'', u'']
check '' ''
[u'MMTC101_SEM2_2018', u'MMTC101_SEM2_2017', u'MMTC101', u'MATHEMATICS C', u'DICVE1', u'DIP ENG TECH IN CIVIL ENGINEERING', u'22', u'SEMESTER 2', u'I1', u'INDUMISO CAMPUS FULL-TIME', u'A', u'5002101 Perumal', 0.0]
check 'MMTC101_SEM2_2018' 'MMTC101'
adding  MMTC101
requesting:  http://10.0.100.98:8000/bbinfo/matching_courses/MMTC101%25
r= <Response [200]>
matching classes= set([u'MMTC101_SEM2_2018', u'MMTC101_SEM1_2018', u'MMTC101_SEM1_2017', u'MMTC101_SEM2_2017'])
[u'', u'', u'', u'', u'', u'', u'', u'', u'', u'', u'', u'', u'']
check '' ''
[u'', u'', u'', u'', u'', u'', u'', u'', u'', u'', u'', u'', u'']
check '' ''
[u'MTHC101_SEM1_2018', u'MTHC101_SEM1_2017', u'MTHC101', u'MATHEMATICS I', u'DIACF1', u'DIPLOMA IN ANALYTICAL CHEMISTRY (4 YEARS', u'21', u'SEMESTER 1', u'D1', u'Durban Campus Full-time', u'A', u'50001694:Lortan', 50.0]
check 'MTHC101_SEM1_2018' 'MTHC101'
processXLS: only for SEM2 [u'MTHC101_SEM1_2018', u'MTHC101_SEM1_2017', u'MTHC101', u'MATHEMATICS I', u'DIACF1', u'DIPLOMA IN ANALYTICAL CHEMISTRY (4 YEARS', u'21', u'SEMESTER 1', u'D1', u'Durban Campus Full-time', u'A', u'50001694:Lortan', 50.0]
[u'MTHC101_SEM1_2018', u'MTHC101_SEM1_2017', u'MTHC101', u'MATHEMATICS I', u'DIACH1', u'DIPLOMA IN ANALYTICAL CHEMISTRY', u'21', u'SEMESTER 1', u'D1', u'Durban Campus Full-time', u'A', u'50001694:Lortan', 50.0]
check 'MTHC101_SEM1_2018' 'MTHC101'
processXLS: only for SEM2 [u'MTHC101_SEM1_2018', u'MTHC101_SEM1_2017', u'MTHC101', u'MATHEMATICS I', u'DIACH1', u'DIPLOMA IN ANALYTICAL CHEMISTRY', u'21', u'SEMESTER 1', u'D1', u'Durban Campus Full-time', u'A', u'50001694:Lortan', 50.0]
[u'', u'', u'', u'', u'', u'', u'', u'', u'', u'', u'', u'', u'']
check '' ''
[u'EMTA201_SEM1_2018', u'EMTA201_SEM1_2017', u'EMTA201', u'ENGINEERING MATHEMATICS IIA', u'BNCVL1', u'B ENGINEERING TECHNOLOGY IN CIVIL ENG', u'21', u'SEMESTER 1', u'D1', u'Durban Campus Full-time', u'A', u'40009611 MAHARAJ A', 60.0]
check 'EMTA201_SEM1_2018' 'EMTA201'
processXLS: only for SEM2 [u'EMTA201_SEM1_2018', u'EMTA201_SEM1_2017', u'EMTA201', u'ENGINEERING MATHEMATICS IIA', u'BNCVL1', u'B ENGINEERING TECHNOLOGY IN CIVIL ENG', u'21', u'SEMESTER 1', u'D1', u'Durban Campus Full-time', u'A', u'40009611 MAHARAJ A', 60.0]
[u'...', u'', u'EMTA201', u'ENGINEERING MATHEMATICS IIA', u'BNCME1', u'B ENGINEERING TECHNOLOGY IN CHEMICAL ENG', u'21', u'SEMESTER 1', u'D2', u'Durban Campus Full-time', u'A', u'40009611 MAHARAJ A', 40.0]
check '...' 'EMTA201'
[u'New subjects for 2018', u'', u'', u'', u'', u'', u'', u'', u'', u'', u'', u'', u'']
check 'New subjects for 2018' ''
[u'EMTB201_SEM2_2018', u'template_2018', u'EMTB201', u'ENGINEERING MATHEMATICS IIB', u'BNIND1', u'B ENGINEERING TECHNOLOGY IN IND ENG', u'22', u'SEM2', u'D1', u'OTNAME', u'A', u'50000794:DAY', u'']
check 'EMTB201_SEM2_2018' 'EMTB201'
adding  EMTB201
requesting:  http://10.0.100.98:8000/bbinfo/matching_courses/EMTB201%25
r= <Response [200]>
matching classes= set([u'EMTB201_SEM2_2018'])
[u'EMTB201_SEM2_2018', u'template_2018', u'EMTB201', u'ENGINEERING MATHEMATICS IIB', u'BNELC1', u'B ENG TECHNOLOGY IN ELECTRONIC ENG', u'22', u'SEM2', u'D1', u'OTNAME', u'A', u'50000794:DAY', u'']
check 'EMTB201_SEM2_2018' 'EMTB201'
adding  EMTB201
requesting:  http://10.0.100.98:8000/bbinfo/matching_courses/EMTB201%25
r= <Response [200]>
matching classes= set([u'EMTB201_SEM2_2018'])
[u'EMTB201_SEM2_2018', u'template_2018', u'EMTB201', u'ENGINEERING MATHEMATICS IIB', u'BNCVL1', u'B ENGINEERING TECHNOLOGY IN CIVIL ENG', u'22', u'SEM2', u'D1', u'OTNAME', u'A', u'50000794:DAY', u'']
check 'EMTB201_SEM2_2018' 'EMTB201'
adding  EMTB201
requesting:  http://10.0.100.98:8000/bbinfo/matching_courses/EMTB201%25
r= <Response [200]>
matching classes= set([u'EMTB201_SEM2_2018'])
[u'MMTS101_SEM1_2018', u'template_2018', u'MMTS101', u'MATHEMATICS ', u'BSFST1', u'BS:  FOOD SCIENCE AND TECHNOLOGY', u'21', u'SEM1', u'D1', u'OTNAME', u'A', u'50001694:LORTAN;', u'']
check 'MMTS101_SEM1_2018' 'MMTS101'
processXLS: only for SEM2 [u'MMTS101_SEM1_2018', u'template_2018', u'MMTS101', u'MATHEMATICS ', u'BSFST1', u'BS:  FOOD SCIENCE AND TECHNOLOGY', u'21', u'SEM1', u'D1', u'OTNAME', u'A', u'50001694:LORTAN;', u'']
[u'MMTS101_SEM1_2018', u'template_2018', u'MMTS101', u'MATHEMATICS ', u'BSBTC1', u'BS:  BIOTECHNOLOGY', u'21', u'SEM1', u'D1', u'OTNAME', u'A', u'50001694:LORTAN;', u'']
check 'MMTS101_SEM1_2018' 'MMTS101'
processXLS: only for SEM2 [u'MMTS101_SEM1_2018', u'template_2018', u'MMTS101', u'MATHEMATICS ', u'BSBTC1', u'BS:  BIOTECHNOLOGY', u'21', u'SEM1', u'D1', u'OTNAME', u'A', u'50001694:LORTAN;', u'']
[u'MTBE101_SEM1_2018', u'template_2018', u'MTBE101', u'MATHEMATICS FOR THE BUILT ENVIRONMENT I', u'BBCST1', u'BACHELOR OF BE IN CONSTRUCTION STUDIES', u'21', u'SEM1', u'D1', u'OTNAME', u'A', u'50000794:DAY;', u'']
check 'MTBE101_SEM1_2018' 'MTBE101'
processXLS: only for SEM2 [u'MTBE101_SEM1_2018', u'template_2018', u'MTBE101', u'MATHEMATICS FOR THE BUILT ENVIRONMENT I', u'BBCST1', u'BACHELOR OF BE IN CONSTRUCTION STUDIES', u'21', u'SEM1', u'D1', u'OTNAME', u'A', u'50000794:DAY;', u'']
[u'MTBE101_SEM1_2018', u'template_2018', u'MTBE101', u'MATHEMATICS FOR THE BUILT ENVIRONMENT I', u'BBARC1', u'BACHELOR OF BE IN ARCHITECTURE', u'21', u'SEM1', u'D1', u'OTNAME', u'A', u'50000794:DAY;', u'']
check 'MTBE101_SEM1_2018' 'MTBE101'
processXLS: only for SEM2 [u'MTBE101_SEM1_2018', u'template_2018', u'MTBE101', u'MATHEMATICS FOR THE BUILT ENVIRONMENT I', u'BBARC1', u'BACHELOR OF BE IN ARCHITECTURE', u'21', u'SEM1', u'D1', u'OTNAME', u'A', u'50000794:DAY;', u'']
[u'MTBE101_SEM2_2018', u'template_2018', u'MTBE101', u'MATHEMATICS FOR THE BUILT ENVIRONMENT I', u'BBCST1', u'BACHELOR OF BE IN CONSTRUCTION STUDIES', u'22', u'SEM2', u'D1', u'OTNAME', u'A', u'50000794:DAY;', u'']
check 'MTBE101_SEM2_2018' 'MTBE101'
adding  MTBE101
requesting:  http://10.0.100.98:8000/bbinfo/matching_courses/MTBE101%25
r= <Response [200]>
matching classes= set([u'MTBE101_SEM1_2018', u'MTBE101_SEM2_2018'])
[u'MTBE101_SEM2_2018', u'template_2018', u'MTBE101', u'MATHEMATICS FOR THE BUILT ENVIRONMENT I', u'BBARC1', u'BACHELOR OF BE IN ARCHITECTURE', u'22', u'SEM2', u'D1', u'OTNAME', u'A', u'50000794:DAY;', u'']
check 'MTBE101_SEM2_2018' 'MTBE101'
adding  MTBE101
requesting:  http://10.0.100.98:8000/bbinfo/matching_courses/MTBE101%25
r= <Response [200]>
matching classes= set([u'MTBE101_SEM1_2018', u'MTBE101_SEM2_2018'])
[u'EMTM201_SEM1_2018', u'template_2018', u'EMTM201', u'ENGINEERING MATHEMATICS II', u'BBGMT1', u'BACHELOR OF THE B E IN GEOMATICS', u'21', u'SEM1', u'D1', u'OTNAME', u'A', u'50000794:DAY;', u'']
check 'EMTM201_SEM1_2018' 'EMTM201'
processXLS: only for SEM2 [u'EMTM201_SEM1_2018', u'template_2018', u'EMTM201', u'ENGINEERING MATHEMATICS II', u'BBGMT1', u'BACHELOR OF THE B E IN GEOMATICS', u'21', u'SEM1', u'D1', u'OTNAME', u'A', u'50000794:DAY;', u'']
[u'EMTB102_SEM2_2018', u'template_2018', u'EMTB102', u'ENGINEERING MATHEMATICS IB', u'BNPWE1', u'B ENGINEERING TECHNOLOGY IN POWER ENG', u'22', u'SEM2', u'D1', u'OTNAME', u'A', u'50001694:LORTAN;', u'']
check 'EMTB102_SEM2_2018' 'EMTB102'
adding  EMTB102
requesting:  http://10.0.100.98:8000/bbinfo/matching_courses/EMTB102%25
r= <Response [200]>
matching classes= set([u'EMTB102_SEM2_2018'])
[u'EMTB202_SEM2_2018', u'template_2018', u'EMTB202', u'ENGINEERING MATHEMATICS IIB', u'BNPWE1', u'B ENGINEERING TECHNOLOGY IN POWER ENG', u'22', u'SEM2', u'D1', u'OTNAME', u'A', u'50001694:LORTAN;', u'']
check 'EMTB202_SEM2_2018' 'EMTB202'
adding  EMTB202
requesting:  http://10.0.100.98:8000/bbinfo/matching_courses/EMTB202%25
r= <Response [200]>
matching classes= set([u'EMTB202_SEM2_2018'])
[u'EMTA202_SEM1_2018', u'template_2018', u'EMTA202', u'ENGINEERING MATHEMATICS IIA', u'BNPWE1', u'B ENGINEERING TECHNOLOGY IN POWER ENG', u'21', u'SEM1', u'D1', u'OTNAME', u'A', u'50001694:LORTAN;', u'']
check 'EMTA202_SEM1_2018' 'EMTA202'
processXLS: only for SEM2 [u'EMTA202_SEM1_2018', u'template_2018', u'EMTA202', u'ENGINEERING MATHEMATICS IIA', u'BNPWE1', u'B ENGINEERING TECHNOLOGY IN POWER ENG', u'21', u'SEM1', u'D1', u'OTNAME', u'A', u'50001694:LORTAN;', u'']
processXLS: finished processing workingSheets/data/BBC3409Mathematics2017.xls
getWS: requesting:  http://10.0.100.98:8000/itsenrol/classlist/2018/22/EMTB102 rsp= <Response [200]>
getWS: requesting:  http://10.0.100.98:8000/bbinfo/classlist/EMTB102 rsp= <Response [200]>
getNewStudentsInSubject: ITS 80, BB 1 -> 80 new enrollments
getWS: requesting:  http://10.0.100.98:8000/itsenrol/classlist/2018/22/MATH301 rsp= <Response [200]>
getWS: requesting:  http://10.0.100.98:8000/bbinfo/classlist/MATH301 rsp= <Response [200]>
getNewStudentsInSubject: ITS 129, BB 794 -> 107 new enrollments
getWS: requesting:  http://10.0.100.98:8000/itsenrol/classlist/2018/22/MMTA101 rsp= <Response [200]>
getWS: requesting:  http://10.0.100.98:8000/bbinfo/classlist/MMTA101 rsp= <Response [200]>
getNewStudentsInSubject: ITS 75, BB 327 -> 48 new enrollments
getWS: requesting:  http://10.0.100.98:8000/itsenrol/classlist/2018/22/MMTB101 rsp= <Response [200]>
getWS: requesting:  http://10.0.100.98:8000/bbinfo/classlist/MMTB101 rsp= <Response [200]>
getNewStudentsInSubject: ITS 144, BB 209 -> 110 new enrollments
getWS: requesting:  http://10.0.100.98:8000/itsenrol/classlist/2018/22/MRNM201 rsp= <Response [200]>
getWS: requesting:  http://10.0.100.98:8000/bbinfo/classlist/MRNM201 rsp= <Response [200]>
getNewStudentsInSubject: ITS 115, BB 2 -> 115 new enrollments
getWS: requesting:  http://10.0.100.98:8000/itsenrol/classlist/2018/22/MMTC101 rsp= <Response [200]>
getWS: requesting:  http://10.0.100.98:8000/bbinfo/classlist/MMTC101 rsp= <Response [200]>
getNewStudentsInSubject: ITS 74, BB 78 -> 61 new enrollments
getWS: requesting:  http://10.0.100.98:8000/itsenrol/classlist/2018/22/EMTA101 rsp= <Response [200]>
getWS: requesting:  http://10.0.100.98:8000/bbinfo/classlist/EMTA101 rsp= <Response [200]>
getNewStudentsInSubject: ITS 0, BB 813 -> 0 new enrollments
getWS: requesting:  http://10.0.100.98:8000/itsenrol/classlist/2018/22/EMTB101 rsp= <Response [200]>
getWS: requesting:  http://10.0.100.98:8000/bbinfo/classlist/EMTB101 rsp= <Response [200]>
getNewStudentsInSubject: ITS 440, BB 1 -> 440 new enrollments
getWS: requesting:  http://10.0.100.98:8000/itsenrol/classlist/2018/22/MTBE101 rsp= <Response [200]>
getWS: requesting:  http://10.0.100.98:8000/bbinfo/classlist/MTBE101 rsp= <Response [200]>
getNewStudentsInSubject: ITS 58, BB 59 -> 58 new enrollments
getWS: requesting:  http://10.0.100.98:8000/itsenrol/classlist/2018/22/EMTB201 rsp= <Response [200]>
getWS: requesting:  http://10.0.100.98:8000/bbinfo/classlist/EMTB201 rsp= <Response [200]>
getNewStudentsInSubject: ITS 41, BB 1 -> 41 new enrollments
getWS: requesting:  http://10.0.100.98:8000/itsenrol/classlist/2018/22/EMTB202 rsp= <Response [200]>
getWS: requesting:  http://10.0.100.98:8000/bbinfo/classlist/EMTB202 rsp= <Response [200]>
getNewStudentsInSubject: ITS 2, BB 1 -> 2 new enrollments
getWS: requesting:  http://10.0.100.98:8000/itsenrol/classlist/2018/22/EMTH402 rsp= <Response [200]>
getWS: requesting:  http://10.0.100.98:8000/bbinfo/classlist/EMTH402 rsp= <Response [200]>
getNewStudentsInSubject: ITS 92, BB 326 -> 87 new enrollments
main: Writing students...
main: Writing enrollments...
main: Finished processing workingSheets/data/BBC3409Mathematics2017.xls
main: 12 subjects processed
main: 28 subject -> classroom maps
main: 1145 students
main: 1149 student enrollments 0 errors
0.38user 0.14system 0:04.37elapsed 11%CPU (0avgtext+0avgdata 66368maxresident)k
112inputs+384outputs (0major+7987minor)pagefaults 0swaps
POSTING SNAPSHOTS to SIS endpoint
TEST RUN, NOT POSTING BBSTUDENTS
TEST RUN, NOT POSTIN BBENROL
copy snapshot files to saved output
=== department done ===
syncing logs...
Pushing logs from logs/20180723111852 to remote...
sending incremental file list
./
BBC3409Mathematics2017.BBENROL.txt
BBC3409Mathematics2017.BBSTUDENTS.txt
BBC3409Mathematics2017.Enrolomat.txt
BBC3409Mathematics2017.Postlog.txt

sent 247479 bytes  received 91 bytes  23578.10 bytes/sec
total size is 5804818  speedup is 23.45
logging to logs/20180723111852
=== generate newenrollments for BBC3410Statistics2017. ===
GENERATE SNAPSHOTS...
./BBCIncrementalEnrollerX2.py : generating enrolment files for subjects in  workingSheets/data/BBC3410Statistics2017.xls
processXLS: start spreadsheet workingSheets/data/BBC3410Statistics2017.xls
[u'2018 Blackboard Classrooms for Department: 3410 - STATISTICS', u'', u'', u'', u'', u'', u'', u'', u'', u'', u'', u'', u'']
check '2018 Blackboard Classrooms for Department: 3410 - STATISTICS' ''
[u'', u'', u'', u'', u'', u'', u'', u'', u'', u'', u'', u'', u'']
check '' ''
[u'BB Classroom', u'Migrate Classroom', u'ITS Subject', u'', u'ITS Qualification', u'', u'Block', u'', u'Off Type', u'', u'Grp', u'Lecturer(s)', u'2016 Enrol']
check 'BB Classroom' 'ITS Subject'
[u'BCAL101_SEM1_2018', u'BCAL101_SEM1_2017', u'BCAL101', u'BUSINESS CALCULATIONS I', u'NDACC3', u'ND: ACCOUNTING', u'21', u'SEMESTER 1', u'D1', u'Durban Campus Full-time', u'A', u'40010304:MBONA;40010301:SINGH;40013313:MATTHEWS;40010148:Mzamane;', 241.0]
check 'BCAL101_SEM1_2018' 'BCAL101'
processXLS: only for SEM2 [u'BCAL101_SEM1_2018', u'BCAL101_SEM1_2017', u'BCAL101', u'BUSINESS CALCULATIONS I', u'NDACC3', u'ND: ACCOUNTING', u'21', u'SEMESTER 1', u'D1', u'Durban Campus Full-time', u'A', u'40010304:MBONA;40010301:SINGH;40013313:MATTHEWS;40010148:Mzamane;', 241.0]
[u'BCAL101_SEM1_2018', u'BCAL101_SEM1_2017', u'BCAL101', u'BUSINESS CALCULATIONS I', u'NDACC3', u'ND: ACCOUNTING', u'21', u'SEMESTER 1', u'D3', u'Durban Campus Part-time', u'A', u'40010304:MBONA;40010301:SINGH;40013313:MATTHEWS;40010148:Mzamane;', 33.0]
check 'BCAL101_SEM1_2018' 'BCAL101'
processXLS: only for SEM2 [u'BCAL101_SEM1_2018', u'BCAL101_SEM1_2017', u'BCAL101', u'BUSINESS CALCULATIONS I', u'NDACC3', u'ND: ACCOUNTING', u'21', u'SEMESTER 1', u'D3', u'Durban Campus Part-time', u'A', u'40010304:MBONA;40010301:SINGH;40013313:MATTHEWS;40010148:Mzamane;', 33.0]
[u'BCAL101_SEM1_2018', u'BCAL101_SEM1_2017', u'BCAL101', u'BUSINESS CALCULATIONS I', u'NDACF1', u'ND: ACCOUNTING (4 YEARS)', u'21', u'SEMESTER 1', u'D1', u'Durban Campus Full-time', u'A', u'40010304:MBONA;40010301:SINGH;40013313:MATTHEWS;40010148:Mzamane;', 61.0]
check 'BCAL101_SEM1_2018' 'BCAL101'
processXLS: only for SEM2 [u'BCAL101_SEM1_2018', u'BCAL101_SEM1_2017', u'BCAL101', u'BUSINESS CALCULATIONS I', u'NDACF1', u'ND: ACCOUNTING (4 YEARS)', u'21', u'SEMESTER 1', u'D1', u'Durban Campus Full-time', u'A', u'40010304:MBONA;40010301:SINGH;40013313:MATTHEWS;40010148:Mzamane;', 61.0]
[u'BCAL101_SEM1_2018', u'BCAL101_SEM1_2017', u'BCAL101', u'BUSINESS CALCULATIONS I', u'NDCMA3', u'ND: COST AND MANAGEMENT ACCOUNTING', u'21', u'SEMESTER 1', u'D1', u'Durban Campus Full-time', u'A', u'40010304:MBONA;40010301:SINGH;40013313:MATTHEWS;40010148:Mzamane;', 22.0]
check 'BCAL101_SEM1_2018' 'BCAL101'
processXLS: only for SEM2 [u'BCAL101_SEM1_2018', u'BCAL101_SEM1_2017', u'BCAL101', u'BUSINESS CALCULATIONS I', u'NDCMA3', u'ND: COST AND MANAGEMENT ACCOUNTING', u'21', u'SEMESTER 1', u'D1', u'Durban Campus Full-time', u'A', u'40010304:MBONA;40010301:SINGH;40013313:MATTHEWS;40010148:Mzamane;', 22.0]
[u'BCAL101_SEM1_2018', u'BCAL101_SEM1_2017', u'BCAL101', u'BUSINESS CALCULATIONS I', u'NDFIS2', u'ND: FINANCIAL INFORMATION SYSTEMS', u'21', u'SEMESTER 1', u'D1', u'Durban Campus Full-time', u'A', u'40010304:MBONA;40010301:SINGH;40013313:MATTHEWS;40010148:Mzamane;', 14.0]
check 'BCAL101_SEM1_2018' 'BCAL101'
processXLS: only for SEM2 [u'BCAL101_SEM1_2018', u'BCAL101_SEM1_2017', u'BCAL101', u'BUSINESS CALCULATIONS I', u'NDFIS2', u'ND: FINANCIAL INFORMATION SYSTEMS', u'21', u'SEMESTER 1', u'D1', u'Durban Campus Full-time', u'A', u'40010304:MBONA;40010301:SINGH;40013313:MATTHEWS;40010148:Mzamane;', 14.0]
[u'BCAL101_SEM1_2018', u'BCAL101_SEM1_2017', u'BCAL101', u'BUSINESS CALCULATIONS I', u'NDIAU3', u'ND: INTERNAL AUDITING', u'21', u'SEMESTER 1', u'D1', u'Durban Campus Full-time', u'A', u'40010304:MBONA;40010301:SINGH;40013313:MATTHEWS;40010148:Mzamane;', 105.0]
check 'BCAL101_SEM1_2018' 'BCAL101'
processXLS: only for SEM2 [u'BCAL101_SEM1_2018', u'BCAL101_SEM1_2017', u'BCAL101', u'BUSINESS CALCULATIONS I', u'NDIAU3', u'ND: INTERNAL AUDITING', u'21', u'SEMESTER 1', u'D1', u'Durban Campus Full-time', u'A', u'40010304:MBONA;40010301:SINGH;40013313:MATTHEWS;40010148:Mzamane;', 105.0]
[u'BCAL101_SEM1_2018', u'BCAL101_SEM1_2017', u'BCAL101', u'BUSINESS CALCULATIONS I', u'NDTAX3', u'ND: TAXATION', u'21', u'SEMESTER 1', u'D1', u'Durban Campus Full-time', u'A', u'40010304:MBONA;40010301:SINGH;40013313:MATTHEWS;40010148:Mzamane;', 5.0]
check 'BCAL101_SEM1_2018' 'BCAL101'
processXLS: only for SEM2 [u'BCAL101_SEM1_2018', u'BCAL101_SEM1_2017', u'BCAL101', u'BUSINESS CALCULATIONS I', u'NDTAX3', u'ND: TAXATION', u'21', u'SEMESTER 1', u'D1', u'Durban Campus Full-time', u'A', u'40010304:MBONA;40010301:SINGH;40013313:MATTHEWS;40010148:Mzamane;', 5.0]
[u'', u'', u'', u'', u'', u'', u'', u'', u'', u'', u'', u'', u'']
check '' ''
[u'BCAL101_SEM2_2018', u'BCAL101_SEM2_2017', u'BCAL101', u'BUSINESS CALCULATIONS I', u'NDCAF2', u'ND: COST & MANAGEMENT ACCT (4 YEARS)', u'22', u'SEMESTER 2', u'D1', u'Durban Campus Full-time', u'A', u'40010304:MBONA;40010301:SINGH;40013313:MATTHEWS;40010148:Mzamane;', 42.0]
check 'BCAL101_SEM2_2018' 'BCAL101'
adding  BCAL101
requesting:  http://10.0.100.98:8000/bbinfo/matching_courses/BCAL101%25
r= <Response [200]>
matching classes= set([u'BCAL101_13_MUNB', u'BCAL101_ALL_2016', u'BCAL101_SEM2_2017', u'BCAL101_SEM1_2017', u'BCAL101_14_SINA', u'BCAL101_13_MBOS', u'BCAL101_SEM1_2018', u'BCAL101_SEM2_2018'])
[u'BCAL101_SEM2_2018', u'BCAL101_SEM2_2017', u'BCAL101', u'BUSINESS CALCULATIONS I', u'NDCMA3', u'ND: COST AND MANAGEMENT ACCOUNTING', u'22', u'SEMESTER 2', u'D1', u'Durban Campus Full-time', u'A', u'40010304:MBONA;40010301:SINGH;40013313:MATTHEWS;40010148:Mzamane;', 149.0]
check 'BCAL101_SEM2_2018' 'BCAL101'
adding  BCAL101
requesting:  http://10.0.100.98:8000/bbinfo/matching_courses/BCAL101%25
r= <Response [200]>
matching classes= set([u'BCAL101_13_MUNB', u'BCAL101_ALL_2016', u'BCAL101_SEM2_2017', u'BCAL101_SEM1_2017', u'BCAL101_14_SINA', u'BCAL101_13_MBOS', u'BCAL101_SEM1_2018', u'BCAL101_SEM2_2018'])
[u'BCAL101_SEM2_2018', u'BCAL101_SEM2_2017', u'BCAL101', u'BUSINESS CALCULATIONS I', u'NDCMA3', u'ND: COST AND MANAGEMENT ACCOUNTING', u'22', u'SEMESTER 2', u'D3', u'Durban Campus Part-time', u'A', u'40010304:MBONA;40010301:SINGH;40013313:MATTHEWS;40010148:Mzamane;', 1.0]
check 'BCAL101_SEM2_2018' 'BCAL101'
adding  BCAL101
requesting:  http://10.0.100.98:8000/bbinfo/matching_courses/BCAL101%25
r= <Response [200]>
matching classes= set([u'BCAL101_13_MUNB', u'BCAL101_ALL_2016', u'BCAL101_SEM2_2017', u'BCAL101_SEM1_2017', u'BCAL101_14_SINA', u'BCAL101_13_MBOS', u'BCAL101_SEM1_2018', u'BCAL101_SEM2_2018'])
[u'BCAL101_SEM2_2018', u'BCAL101_SEM2_2017', u'BCAL101', u'BUSINESS CALCULATIONS I', u'NDIAF1', u'ND: INTERNAL AUDITING (4 YEARS)', u'22', u'SEMESTER 2', u'D1', u'Durban Campus Full-time', u'A', u'40010304:MBONA;40010301:SINGH;40013313:MATTHEWS;40010148:Mzamane;', 17.0]
check 'BCAL101_SEM2_2018' 'BCAL101'
adding  BCAL101
requesting:  http://10.0.100.98:8000/bbinfo/matching_courses/BCAL101%25
r= <Response [200]>
matching classes= set([u'BCAL101_13_MUNB', u'BCAL101_ALL_2016', u'BCAL101_SEM2_2017', u'BCAL101_SEM1_2017', u'BCAL101_14_SINA', u'BCAL101_13_MBOS', u'BCAL101_SEM1_2018', u'BCAL101_SEM2_2018'])
[u'BCAL101_SEM2_2018', u'BCAL101_SEM2_2017', u'BCAL101', u'BUSINESS CALCULATIONS I', u'NDIAU3', u'ND: INTERNAL AUDITING', u'22', u'SEMESTER 2', u'D1', u'Durban Campus Full-time', u'A', u'40010304:MBONA;40010301:SINGH;40013313:MATTHEWS;40010148:Mzamane;', 3.0]
check 'BCAL101_SEM2_2018' 'BCAL101'
adding  BCAL101
requesting:  http://10.0.100.98:8000/bbinfo/matching_courses/BCAL101%25
r= <Response [200]>
matching classes= set([u'BCAL101_13_MUNB', u'BCAL101_ALL_2016', u'BCAL101_SEM2_2017', u'BCAL101_SEM1_2017', u'BCAL101_14_SINA', u'BCAL101_13_MBOS', u'BCAL101_SEM1_2018', u'BCAL101_SEM2_2018'])
[u'BCAL101_SEM2_2018', u'BCAL101_SEM2_2017', u'BCAL101', u'BUSINESS CALCULATIONS I', u'NDTAX3', u'ND: TAXATION', u'22', u'SEMESTER 2', u'D1', u'Durban Campus Full-time', u'A', u'40010304:MBONA;40010301:SINGH;40013313:MATTHEWS;40010148:Mzamane;', 75.0]
check 'BCAL101_SEM2_2018' 'BCAL101'
adding  BCAL101
requesting:  http://10.0.100.98:8000/bbinfo/matching_courses/BCAL101%25
r= <Response [200]>
matching classes= set([u'BCAL101_13_MUNB', u'BCAL101_ALL_2016', u'BCAL101_SEM2_2017', u'BCAL101_SEM1_2017', u'BCAL101_14_SINA', u'BCAL101_13_MBOS', u'BCAL101_SEM1_2018', u'BCAL101_SEM2_2018'])
[u'BCAL101_SEM2_2018', u'BCAL101_SEM2_2017', u'BCAL101', u'BUSINESS CALCULATIONS I', u'NDTXF1', u'ND: TAXATION (4YEARS)', u'22', u'SEMESTER 2', u'D1', u'Durban Campus Full-time', u'A', u'40010304:MBONA;40010301:SINGH;40013313:MATTHEWS;40010148:Mzamane;', 23.0]
check 'BCAL101_SEM2_2018' 'BCAL101'
adding  BCAL101
requesting:  http://10.0.100.98:8000/bbinfo/matching_courses/BCAL101%25
r= <Response [200]>
matching classes= set([u'BCAL101_13_MUNB', u'BCAL101_ALL_2016', u'BCAL101_SEM2_2017', u'BCAL101_SEM1_2017', u'BCAL101_14_SINA', u'BCAL101_13_MBOS', u'BCAL101_SEM1_2018', u'BCAL101_SEM2_2018'])
[u'', u'', u'', u'', u'', u'', u'', u'', u'', u'', u'', u'', u'']
check '' ''
[u'CSTA101_SEM1_2018', u'CSTA101_SEM1_2017', u'CSTA101', u'CALCULATIONS & STATISTICS', u'NDBMT1', u'ND: BIOMEDICAL TECHNOLOGY', u'21', u'SEMESTER 1', u'D1', u'Durban Campus Full-time', u'A', u'40000261:PAUL C P', 34.0]
check 'CSTA101_SEM1_2018' 'CSTA101'
processXLS: only for SEM2 [u'CSTA101_SEM1_2018', u'CSTA101_SEM1_2017', u'CSTA101', u'CALCULATIONS & STATISTICS', u'NDBMT1', u'ND: BIOMEDICAL TECHNOLOGY', u'21', u'SEMESTER 1', u'D1', u'Durban Campus Full-time', u'A', u'40000261:PAUL C P', 34.0]
[u'', u'', u'', u'', u'', u'', u'', u'', u'', u'', u'', u'', u'']
check '' ''
[u'CSTA101_SEM2_2018', u'CSTA101_SEM2_2017', u'CSTA101', u'CALCULATIONS & STATISTICS', u'NDBMF1', u'ND: BIOMEDICAL TECHNOLOGY (4 YEARS)', u'22', u'SEMESTER 2', u'D1', u'Durban Campus Full-time', u'A', u'40000261:PAUL C P', 8.0]
check 'CSTA101_SEM2_2018' 'CSTA101'
adding  CSTA101
requesting:  http://10.0.100.98:8000/bbinfo/matching_courses/CSTA101%25
r= <Response [200]>
matching classes= set([u'CSTA101_13_PAUC', u'CSTA101_SEM2_2017', u'CSTA101_SEM1_2017', u'CSTA101_SEM1_2018', u'CSTA101_ALL_2016', u'CSTA101_SEM2_2018'])
[u'CSTA101_SEM2_2018', u'CSTA101_SEM2_2017', u'CSTA101', u'CALCULATIONS & STATISTICS', u'NDCLF2', u'ND: CLINICAL TECHNOLOGY (4 YEARS)', u'22', u'SEMESTER 2', u'D1', u'Durban Campus Full-time', u'A', u'40000261:PAUL C P', 10.0]
check 'CSTA101_SEM2_2018' 'CSTA101'
adding  CSTA101
requesting:  http://10.0.100.98:8000/bbinfo/matching_courses/CSTA101%25
r= <Response [200]>
matching classes= set([u'CSTA101_13_PAUC', u'CSTA101_SEM2_2017', u'CSTA101_SEM1_2017', u'CSTA101_SEM1_2018', u'CSTA101_ALL_2016', u'CSTA101_SEM2_2018'])
[u'CSTA101_SEM2_2018', u'CSTA101_SEM2_2017', u'CSTA101', u'CALCULATIONS & STATISTICS', u'NDCLT1', u'ND: CLINICAL TECHNOLOGY', u'22', u'SEMESTER 2', u'D1', u'Durban Campus Full-time', u'A', u'40000261:PAUL C P', 33.0]
check 'CSTA101_SEM2_2018' 'CSTA101'
adding  CSTA101
requesting:  http://10.0.100.98:8000/bbinfo/matching_courses/CSTA101%25
r= <Response [200]>
matching classes= set([u'CSTA101_13_PAUC', u'CSTA101_SEM2_2017', u'CSTA101_SEM1_2017', u'CSTA101_SEM1_2018', u'CSTA101_ALL_2016', u'CSTA101_SEM2_2018'])
[u'CSTA101_SEM2_2018', u'CSTA101_SEM2_2017', u'CSTA101', u'CALCULATIONS & STATISTICS', u'NDCLT1', u'ND: CLINICAL TECHNOLOGY', u'22', u'SEMESTER 2', u'D1', u'Durban Campus Full-time', u'8', u'40000261:PAUL C P', 1.0]
check 'CSTA101_SEM2_2018' 'CSTA101'
adding  CSTA101
requesting:  http://10.0.100.98:8000/bbinfo/matching_courses/CSTA101%25
r= <Response [200]>
matching classes= set([u'CSTA101_13_PAUC', u'CSTA101_SEM2_2017', u'CSTA101_SEM1_2017', u'CSTA101_SEM1_2018', u'CSTA101_ALL_2016', u'CSTA101_SEM2_2018'])
[u'', u'', u'', u'', u'', u'', u'', u'', u'', u'', u'', u'', u'']
check '' ''
[u'ISTS101_SEM1_2018', u'ISTS101_SEM1_2017', u'ISTS101', u'INTRODUCTION TO STATISTICS', u'DISHL1', u'DIPLOMA IN SHIPPING AND LOGISTICS', u'21', u'SEMESTER 1', u'D1', u'Durban Campus Full-time', u'A', u'40013313:MATTHEWS;40010304:MBONA;', 59.0]
check 'ISTS101_SEM1_2018' 'ISTS101'
processXLS: only for SEM2 [u'ISTS101_SEM1_2018', u'ISTS101_SEM1_2017', u'ISTS101', u'INTRODUCTION TO STATISTICS', u'DISHL1', u'DIPLOMA IN SHIPPING AND LOGISTICS', u'21', u'SEMESTER 1', u'D1', u'Durban Campus Full-time', u'A', u'40013313:MATTHEWS;40010304:MBONA;', 59.0]
[u'', u'', u'', u'', u'', u'', u'', u'', u'', u'', u'', u'', u'']
check '' ''
[u'QMTH101_SEM1_2018', u'QMTH101_SEM1_2017', u'QMTH101', u'QUANTITATIVE METHODS I', u'NDBIO2', u'ND: BIOTECHNOLOGY', u'21', u'SEMESTER 1', u'D1', u'Durban Campus Full-time', u'A', u'40013313:MATTHEWS;4001034:MBONA;', 82.0]
check 'QMTH101_SEM1_2018' 'QMTH101'
processXLS: only for SEM2 [u'QMTH101_SEM1_2018', u'QMTH101_SEM1_2017', u'QMTH101', u'QUANTITATIVE METHODS I', u'NDBIO2', u'ND: BIOTECHNOLOGY', u'21', u'SEMESTER 1', u'D1', u'Durban Campus Full-time', u'A', u'40013313:MATTHEWS;4001034:MBONA;', 82.0]
[u'QMTH101_SEM1_2018', u'QMTH101_SEM1_2017', u'QMTH101', u'QUANTITATIVE METHODS I', u'NDFDT2', u'ND: FOOD TECHNOLOGY', u'21', u'SEMESTER 1', u'D1', u'Durban Campus Full-time', u'A', u'40013313:MATTHEWS;4001034:MBONA;', 56.0]
check 'QMTH101_SEM1_2018' 'QMTH101'
processXLS: only for SEM2 [u'QMTH101_SEM1_2018', u'QMTH101_SEM1_2017', u'QMTH101', u'QUANTITATIVE METHODS I', u'NDFDT2', u'ND: FOOD TECHNOLOGY', u'21', u'SEMESTER 1', u'D1', u'Durban Campus Full-time', u'A', u'40013313:MATTHEWS;4001034:MBONA;', 56.0]
[u'', u'', u'', u'', u'', u'', u'', u'', u'', u'', u'', u'', u'']
check '' ''
[u'QTEC111_SEM1_2018', u'QTEC111_SEM1_2017', u'QTEC111', u'QUANTITATIVE TECHNIQUES I (MODULE 1)', u'NDMKT1', u'ND: MARKETING', u'21', u'SEMESTER 1', u'D1', u'Durban Campus Full-time', u'A', u'40000261:PAUL C P;', 152.0]
check 'QTEC111_SEM1_2018' 'QTEC111'
processXLS: only for SEM2 [u'QTEC111_SEM1_2018', u'QTEC111_SEM1_2017', u'QTEC111', u'QUANTITATIVE TECHNIQUES I (MODULE 1)', u'NDMKT1', u'ND: MARKETING', u'21', u'SEMESTER 1', u'D1', u'Durban Campus Full-time', u'A', u'40000261:PAUL C P;', 152.0]
[u'', u'', u'', u'', u'', u'', u'', u'', u'', u'', u'', u'', u'']
check '' ''
[u'QTEC121_SEM2_2018', u'QTEC121_SEM2_2017', u'QTEC121', u'QUANTITATIVE TECHNIQUES I (MODULE 2)', u'NDMKT1', u'ND: MARKETING', u'22', u'SEMESTER 2', u'D1', u'Durban Campus Full-time', u'A', u'40000261:PAUL C P;', 142.0]
check 'QTEC121_SEM2_2018' 'QTEC121'
adding  QTEC121
requesting:  http://10.0.100.98:8000/bbinfo/matching_courses/QTEC121%25
r= <Response [200]>
matching classes= set([u'QTEC121_13_NAIP', u'QTEC121_SEM2_2018', u'QTEC121_SEM2_2016', u'QTEC121_SEM2_2017'])
[u'QTEC121_SEM2_2018', u'QTEC121_SEM2_2017', u'QTEC121', u'QUANTITATIVE TECHNIQUES I (MODULE 2)', u'NDMKT1', u'ND: MARKETING', u'22', u'SEMESTER 2', u'D3', u'Durban Campus Part-time', u'A', u'40000261:PAUL C P', 1.0]
check 'QTEC121_SEM2_2018' 'QTEC121'
adding  QTEC121
requesting:  http://10.0.100.98:8000/bbinfo/matching_courses/QTEC121%25
r= <Response [200]>
matching classes= set([u'QTEC121_13_NAIP', u'QTEC121_SEM2_2018', u'QTEC121_SEM2_2016', u'QTEC121_SEM2_2017'])
[u'', u'', u'', u'', u'', u'', u'', u'', u'', u'', u'', u'', u'']
check '' ''
[u'STAS103_SEM1_2018', u'STAS103_SEM1_2017', u'STAS103', u'STATISTICS I', u'NDSUR2', u'ND: SURVEYING', u'21', u'SEMESTER 1', u'D1', u'Durban Campus Full-time', u'A', u'40010304:MBONA;', 24.0]
check 'STAS103_SEM1_2018' 'STAS103'
processXLS: only for SEM2 [u'STAS103_SEM1_2018', u'STAS103_SEM1_2017', u'STAS103', u'STATISTICS I', u'NDSUR2', u'ND: SURVEYING', u'21', u'SEMESTER 1', u'D1', u'Durban Campus Full-time', u'A', u'40010304:MBONA;', 24.0]
[u'', u'', u'', u'', u'', u'', u'', u'', u'', u'', u'', u'', u'']
check '' ''
[u'STIS102_SEM1_2018', u'STIS102_SEM1_2017', u'STIS102', u'STATISTICS I', u'NDTRP2', u'ND: TOWN AND REGIONAL PLANNING', u'21', u'SEMESTER 1', u'D1', u'Durban Campus Full-time', u'A', u'40003854:SINGH;', 55.0]
check 'STIS102_SEM1_2018' 'STIS102'
processXLS: only for SEM2 [u'STIS102_SEM1_2018', u'STIS102_SEM1_2017', u'STIS102', u'STATISTICS I', u'NDTRP2', u'ND: TOWN AND REGIONAL PLANNING', u'21', u'SEMESTER 1', u'D1', u'Durban Campus Full-time', u'A', u'40003854:SINGH;', 55.0]
[u'', u'', u'', u'', u'', u'', u'', u'', u'', u'', u'', u'', u'']
check '' ''
[u'STSC101_SEM2_2018', u'STSC101_SEM2_2017', u'STSC101', u'STATISTICS I', u'DISHL1', u'DIPLOMA IN SHIPPING AND LOGISTICS', u'22', u'SEMESTER 2', u'D1', u'Durban Campus Full-time', u'A', u'40000261:PAUL C P;', 47.0]
check 'STSC101_SEM2_2018' 'STSC101'
adding  STSC101
requesting:  http://10.0.100.98:8000/bbinfo/matching_courses/STSC101%25
r= <Response [200]>
matching classes= set([u'STSC101_SEM2_2017', u'STSC101_SEM2_2018'])
[u'', u'', u'', u'', u'', u'', u'', u'', u'', u'', u'', u'', u'']
check '' ''
[u'BSTS201_SEM1_2018', u'BSTS201_SEM1_2017', u'BSTS201', u'BUSINESS STATISTICS II', u'NDCMA3', u'ND: COST AND MANAGEMENT ACCOUNTING', u'21', u'SEMESTER 1', u'D1', u'Durban Campus Full-time', u'A', u'40003854:SINGH;40010148:Mzamane;', 2.0]
check 'BSTS201_SEM1_2018' 'BSTS201'
processXLS: only for SEM2 [u'BSTS201_SEM1_2018', u'BSTS201_SEM1_2017', u'BSTS201', u'BUSINESS STATISTICS II', u'NDCMA3', u'ND: COST AND MANAGEMENT ACCOUNTING', u'21', u'SEMESTER 1', u'D1', u'Durban Campus Full-time', u'A', u'40003854:SINGH;40010148:Mzamane;', 2.0]
[u'', u'', u'', u'', u'', u'', u'', u'', u'', u'', u'', u'', u'']
check '' ''
[u'BSTS201_SEM2_2018', u'BSTS201_SEM2_2017', u'BSTS201', u'BUSINESS STATISTICS II', u'NDCAF1', u'ND: COST & MANAGEMENT ACCT (4 YEARS)', u'22', u'SEMESTER 2', u'D1', u'Durban Campus Full-time', u'A', u'40003854:SINGH;40010148:Mzamane;', 1.0]
check 'BSTS201_SEM2_2018' 'BSTS201'
adding  BSTS201
requesting:  http://10.0.100.98:8000/bbinfo/matching_courses/BSTS201%25
r= <Response [200]>
matching classes= set([u'BSTS201_SEM1_2018', u'BSTS201_SEM2_2018', u'BSTS201_13_MBOS', u'BSTS201_SEM2_2017', u'BSTS201_13_NAIP', u'BSTS201_SEM1_2017', u'BSTS201_14_SINA', u'BSTS201_ALL_2016'])
[u'BSTS201_SEM2_2018', u'BSTS201_SEM2_2017', u'BSTS201', u'BUSINESS STATISTICS II', u'NDCAF2', u'ND: COST & MANAGEMENT ACCT (4 YEARS)', u'22', u'SEMESTER 2', u'D1', u'Durban Campus Full-time', u'A', u'40003854:SINGH;40010148:Mzamane;', 27.0]
check 'BSTS201_SEM2_2018' 'BSTS201'
adding  BSTS201
requesting:  http://10.0.100.98:8000/bbinfo/matching_courses/BSTS201%25
r= <Response [200]>
matching classes= set([u'BSTS201_SEM1_2018', u'BSTS201_SEM2_2018', u'BSTS201_13_MBOS', u'BSTS201_SEM2_2017', u'BSTS201_13_NAIP', u'BSTS201_SEM1_2017', u'BSTS201_14_SINA', u'BSTS201_ALL_2016'])
[u'BSTS201_SEM2_2018', u'BSTS201_SEM2_2017', u'BSTS201', u'BUSINESS STATISTICS II', u'NDCMA3', u'ND: COST AND MANAGEMENT ACCOUNTING', u'22', u'SEMESTER 2', u'D1', u'Durban Campus Full-time', u'A', u'40003854:SINGH;40010148:Mzamane;', 159.0]
check 'BSTS201_SEM2_2018' 'BSTS201'
adding  BSTS201
requesting:  http://10.0.100.98:8000/bbinfo/matching_courses/BSTS201%25
r= <Response [200]>
matching classes= set([u'BSTS201_SEM1_2018', u'BSTS201_SEM2_2018', u'BSTS201_13_MBOS', u'BSTS201_SEM2_2017', u'BSTS201_13_NAIP', u'BSTS201_SEM1_2017', u'BSTS201_14_SINA', u'BSTS201_ALL_2016'])
[u'BSTS201_SEM2_2018', u'BSTS201_SEM2_2017', u'BSTS201', u'BUSINESS STATISTICS II', u'NDCMA3', u'ND: COST AND MANAGEMENT ACCOUNTING', u'22', u'SEMESTER 2', u'D3', u'Durban Campus Part-time', u'A', u'40003854:SINGH;40010148:Mzamane;', 3.0]
check 'BSTS201_SEM2_2018' 'BSTS201'
adding  BSTS201
requesting:  http://10.0.100.98:8000/bbinfo/matching_courses/BSTS201%25
r= <Response [200]>
matching classes= set([u'BSTS201_SEM1_2018', u'BSTS201_SEM2_2018', u'BSTS201_13_MBOS', u'BSTS201_SEM2_2017', u'BSTS201_13_NAIP', u'BSTS201_SEM1_2017', u'BSTS201_14_SINA', u'BSTS201_ALL_2016'])
[u'', u'', u'', u'', u'', u'', u'', u'', u'', u'', u'', u'', u'']
check '' ''
[u'STAT201_SEM2_2018', u'STAT201_SEM2_2017', u'STAT201', u'STATISTICS II', u'NDIAF1', u'ND: INTERNAL AUDITING (4 YEARS)', u'22', u'SEMESTER 2', u'D1', u'Durban Campus Full-time', u'A', u'40010304:MBONA', 12.0]
check 'STAT201_SEM2_2018' 'STAT201'
adding  STAT201
requesting:  http://10.0.100.98:8000/bbinfo/matching_courses/STAT201%25
r= <Response [200]>
matching classes= set([u'STAT201_SEM2_2018', u'STAT201_13_MBOS', u'STAT201_SEM2_2016', u'STAT201_SEM2_2017'])
[u'STAT201_SEM2_2018', u'STAT201_SEM2_2017', u'STAT201', u'STATISTICS II', u'NDIAU3', u'ND: INTERNAL AUDITING', u'22', u'SEMESTER 2', u'D1', u'Durban Campus Full-time', u'A', u'40010304:MBONA', 87.0]
check 'STAT201_SEM2_2018' 'STAT201'
adding  STAT201
requesting:  http://10.0.100.98:8000/bbinfo/matching_courses/STAT201%25
r= <Response [200]>
matching classes= set([u'STAT201_SEM2_2018', u'STAT201_13_MBOS', u'STAT201_SEM2_2016', u'STAT201_SEM2_2017'])
[u'STAT201_SEM2_2018', u'STAT201_SEM2_2017', u'STAT201', u'STATISTICS II', u'NODIP1', u'NON-DIPLOMA PURPOSE (ACCT & INFO)', u'22', u'SEMESTER 2', u'D7', u'DBN FULL-TIME NON-SUBSIDISED', u'A', u'40010304:MBONA', 4.0]
check 'STAT201_SEM2_2018' 'STAT201'
adding  STAT201
requesting:  http://10.0.100.98:8000/bbinfo/matching_courses/STAT201%25
r= <Response [200]>
matching classes= set([u'STAT201_SEM2_2018', u'STAT201_13_MBOS', u'STAT201_SEM2_2016', u'STAT201_SEM2_2017'])
[u'', u'', u'', u'', u'', u'', u'', u'', u'', u'', u'', u'', u'']
check '' ''
[u'STBE101_SEM1_2018', u'STBE101_SEM1_2017', u'STBE101', u'STBE101: STATISTICS FOR THE BUILT ENVIRONMENT 2017', u'BBURP1', u'BB: TOWN AND REGIONAL PLANNING', u'21', u'SEMESTER 1', u'D1', u'Durban Campus Full-time', u'A', u'40003854:SINGH', 1.0]
check 'STBE101_SEM1_2018' 'STBE101'
processXLS: only for SEM2 [u'STBE101_SEM1_2018', u'STBE101_SEM1_2017', u'STBE101', u'STBE101: STATISTICS FOR THE BUILT ENVIRONMENT 2017', u'BBURP1', u'BB: TOWN AND REGIONAL PLANNING', u'21', u'SEMESTER 1', u'D1', u'Durban Campus Full-time', u'A', u'40003854:SINGH', 1.0]
[u'', u'', u'', u'', u'', u'', u'', u'', u'', u'', u'', u'', u'']
check '' ''
[u'===APPEND===', u'', u'', u'', u'', u'', u'', u'', u'', u'', u'', u'', u'']
check '===APPEND===' ''
[u'2017 NEW SUBJECTS  Blackboard Classrooms for Department: 3410 - STATISTICS', u'', u'', u'', u'', u'', u'', u'', u'', u'', u'', u'', u'']
check '2017 NEW SUBJECTS  Blackboard Classrooms for Department: 3410 - STATISTICS' ''
[u'', u'', u'', u'', u'', u'', u'', u'', u'', u'', u'', u'', u'']
check '' ''
[u'BB Classroom', u'Migrate Classroom', u'ITS Subject', u'', u'ITS Qualification', u'', u'Block', u'', u'Off Type', u'', u'Grp', u'Lecturer(s)', u'2016 Enrol']
check 'BB Classroom' 'ITS Subject'
[u'...', u'', u'', u'', u'', u'', u'', u'', u'', u'', u'', u'', u'']
check '...' ''
[u'New subjects for 2018', u'', u'', u'', u'', u'', u'', u'', u'', u'', u'', u'', u'']
check 'New subjects for 2018' ''
[u'STST201_SEM2_2018', u'template_2018', u'STST201', u'STATISTICS II', u'BBGMT1', u'BACHELOR OF THE B E IN GEOMATICS', u'22', u'SEM2', u'D1', u'OTNAME', u'A', u'40000261:PAUL;', u'']
check 'STST201_SEM2_2018' 'STST201'
adding  STST201
requesting:  http://10.0.100.98:8000/bbinfo/matching_courses/STST201%25
r= <Response [200]>
matching classes= set([u'STST201_SEM2_2018'])
[u'STTS101_SEM2_2018', u'template_2018', u'STTS101', u'STATISTICS', u'BHMLS1', u'BH IN MEDICAL LABORATORY SCIENCE', u'22', u'SEM2', u'D1', u'OTNAME', u'A', u'40000261:PAUL;', u'']
check 'STTS101_SEM2_2018' 'STTS101'
adding  STTS101
requesting:  http://10.0.100.98:8000/bbinfo/matching_courses/STTS101%25
r= <Response [200]>
matching classes= set([u'STTS101_SEM2_2018'])
processXLS: finished processing workingSheets/data/BBC3410Statistics2017.xls
getWS: requesting:  http://10.0.100.98:8000/itsenrol/classlist/2018/22/STTS101 rsp= <Response [200]>
getWS: requesting:  http://10.0.100.98:8000/bbinfo/classlist/STTS101 rsp= <Response [200]>
getNewStudentsInSubject: ITS 39, BB 1 -> 39 new enrollments
getWS: requesting:  http://10.0.100.98:8000/itsenrol/classlist/2018/22/BSTS201 rsp= <Response [200]>
getWS: requesting:  http://10.0.100.98:8000/bbinfo/classlist/BSTS201 rsp= <Response [200]>
getNewStudentsInSubject: ITS 139, BB 210 -> 133 new enrollments
getWS: requesting:  http://10.0.100.98:8000/itsenrol/classlist/2018/22/STAT201 rsp= <Response [200]>
getWS: requesting:  http://10.0.100.98:8000/bbinfo/classlist/STAT201 rsp= <Response [200]>
getNewStudentsInSubject: ITS 81, BB 1 -> 81 new enrollments
getWS: requesting:  http://10.0.100.98:8000/itsenrol/classlist/2018/22/QTEC121 rsp= <Response [200]>
getWS: requesting:  http://10.0.100.98:8000/bbinfo/classlist/QTEC121 rsp= <Response [200]>
getNewStudentsInSubject: ITS 1, BB 1 -> 1 new enrollments
getWS: requesting:  http://10.0.100.98:8000/itsenrol/classlist/2018/22/STSC101 rsp= <Response [200]>
getWS: requesting:  http://10.0.100.98:8000/bbinfo/classlist/STSC101 rsp= <Response [200]>
getNewStudentsInSubject: ITS 77, BB 4 -> 77 new enrollments
getWS: requesting:  http://10.0.100.98:8000/itsenrol/classlist/2018/22/CSTA101 rsp= <Response [200]>
getWS: requesting:  http://10.0.100.98:8000/bbinfo/classlist/CSTA101 rsp= <Response [200]>
getNewStudentsInSubject: ITS 0, BB 43 -> 0 new enrollments
getWS: requesting:  http://10.0.100.98:8000/itsenrol/classlist/2018/22/STST201 rsp= <Response [200]>
getWS: requesting:  http://10.0.100.98:8000/bbinfo/classlist/STST201 rsp= <Response [200]>
getNewStudentsInSubject: ITS 0, BB 1 -> 0 new enrollments
getWS: requesting:  http://10.0.100.98:8000/itsenrol/classlist/2018/22/BCAL101 rsp= <Response [200]>
getWS: requesting:  http://10.0.100.98:8000/bbinfo/classlist/BCAL101 rsp= <Response [200]>
getNewStudentsInSubject: ITS 311, BB 1206 -> 265 new enrollments
main: Writing students...
main: Writing enrollments...
main: Finished processing workingSheets/data/BBC3410Statistics2017.xls
main: 8 subjects processed
main: 23 subject -> classroom maps
main: 596 students
main: 596 student enrollments 0 errors
0.30user 0.11system 0:03.07elapsed 13%CPU (0avgtext+0avgdata 72496maxresident)k
72inputs+208outputs (0major+8056minor)pagefaults 0swaps
POSTING SNAPSHOTS to SIS endpoint
TEST RUN, NOT POSTING BBSTUDENTS
TEST RUN, NOT POSTIN BBENROL
copy snapshot files to saved output
=== department done ===
syncing logs...
Pushing logs from logs/20180723111852 to remote...
sending incremental file list
./
BBC3410Statistics2017.BBENROL.txt
BBC3410Statistics2017.BBSTUDENTS.txt
BBC3410Statistics2017.Enrolomat.txt
BBC3410Statistics2017.Postlog.txt

sent 134433 bytes  received 91 bytes  24458.91 bytes/sec
total size is 5932382  speedup is 44.10
logging to logs/20180723111852
=== generate newenrollments for BBC3411Physics2017. ===
GENERATE SNAPSHOTS...
./BBCIncrementalEnrollerX2.py : generating enrolment files for subjects in  workingSheets/data/BBC3411Physics2017.xls
processXLS: start spreadsheet workingSheets/data/BBC3411Physics2017.xls
[u'2018 Blackboard Classrooms for Department: 3411 - PHYSICS', u'', u'', u'', u'', u'', u'', u'', u'', u'', u'', u'', u'']
check '2018 Blackboard Classrooms for Department: 3411 - PHYSICS' ''
[u'BB Classroom', u'Migrate Classroom', u'ITS Subject', u'', u'ITS Qualification', u'', u'Block', u'', u'Off Type', u'', u'Grp', u'Lecturer(s)', u'2016 Enrol']
check 'BB Classroom' 'ITS Subject'
[u'', u'', u'', u'', u'', u'', u'', u'', u'', u'', u'', u'', u'']
check '' ''
[u'EPHA101_SEM1_2018', u'EPHA101_SEM1_2017', u'EPHA101', u'ENGINEERING PHYSICS IA', u'BNCME1', u'B ENGINEERING TECHNOLOGY IN CHEMICAL ENG', u'21', u'SEMESTER 1', u'D1', u'Durban Campus Full-time', u'A', u'40000298:D SINGH', 0.0]
check 'EPHA101_SEM1_2018' 'EPHA101'
processXLS: only for SEM2 [u'EPHA101_SEM1_2018', u'EPHA101_SEM1_2017', u'EPHA101', u'ENGINEERING PHYSICS IA', u'BNCME1', u'B ENGINEERING TECHNOLOGY IN CHEMICAL ENG', u'21', u'SEMESTER 1', u'D1', u'Durban Campus Full-time', u'A', u'40000298:D SINGH', 0.0]
[u'EPHB101_SEM2_2018', u'EPHB101_SEM2_2017', u'EPHB101', u'ENGINEERING PHYSICS IB', u'BNCME1', u'B ENGINEERING TECHNOLOGY IN CHEMICAL ENG', u'22', u'SEMESTER 2', u'D1', u'Durban Campus Full-time', u'A', u'40000298:D SINGH', 0.0]
check 'EPHB101_SEM2_2018' 'EPHB101'
adding  EPHB101
requesting:  http://10.0.100.98:8000/bbinfo/matching_courses/EPHB101%25
r= <Response [200]>
matching classes= set([u'EPHB101_SEM2_2018', u'EPHB101_SEM2_2017'])
[u'EPHA101_SEM1_2018', u'EPHA101_SEM1_2017', u'EPHA101', u'ENGINEERING PHYSICS IA', u'BNCVL1', u'B ENGINEERING TECHNOLOGY IN CIVIL ENG', u'21', u'SEMESTER 1', u'D1', u'Durban Campus Full-time', u'A', u'40000298:D SINGH', 0.0]
check 'EPHA101_SEM1_2018' 'EPHA101'
processXLS: only for SEM2 [u'EPHA101_SEM1_2018', u'EPHA101_SEM1_2017', u'EPHA101', u'ENGINEERING PHYSICS IA', u'BNCVL1', u'B ENGINEERING TECHNOLOGY IN CIVIL ENG', u'21', u'SEMESTER 1', u'D1', u'Durban Campus Full-time', u'A', u'40000298:D SINGH', 0.0]
[u'EPHB101_SEM2_2018', u'EPHB101_SEM2_2017', u'EPHB101', u'ENGINEERING PHYSICS IB', u'BNCVL1', u'B ENGINEERING TECHNOLOGY IN CIVIL ENG', u'22', u'SEMESTER 2', u'D1', u'Durban Campus Full-time', u'A', u'40000298:D SINGH', 0.0]
check 'EPHB101_SEM2_2018' 'EPHB101'
adding  EPHB101
requesting:  http://10.0.100.98:8000/bbinfo/matching_courses/EPHB101%25
r= <Response [200]>
matching classes= set([u'EPHB101_SEM2_2018', u'EPHB101_SEM2_2017'])
[u'PHBA101_SEM1_2018', u'template_2018', u'PHBA101', u'PHYSICS FOR THE BUILT ENVIRONMENT IA', u'BBCST1', u'BACHELOR OF BE IN CONSTRUCTION STUDIES', u'21', u'SEM1', u'D1', u'OTNAME', u'A', u'50000794:DAY;', u'']
check 'PHBA101_SEM1_2018' 'PHBA101'
processXLS: only for SEM2 [u'PHBA101_SEM1_2018', u'template_2018', u'PHBA101', u'PHYSICS FOR THE BUILT ENVIRONMENT IA', u'BBCST1', u'BACHELOR OF BE IN CONSTRUCTION STUDIES', u'21', u'SEM1', u'D1', u'OTNAME', u'A', u'50000794:DAY;', u'']
[u'PHBB101_SEM2_2018', u'template_2018', u'PHBB101', u'PHYSICS FOR THE BUILT ENVIRONMENT IB', u'BBCST1', u'BACHELOR OF BE IN CONSTRUCTION STUDIES', u'22', u'SEM2', u'D1', u'OTNAME', u'A', u'', u'']
check 'PHBB101_SEM2_2018' 'PHBB101'
adding  PHBB101
requesting:  http://10.0.100.98:8000/bbinfo/matching_courses/PHBB101%25
r= <Response [200]>
matching classes= set([u'PHBB101_SEM2_2018'])
[u'PYSI101_SEM2_2018', u'PYSI101_SEM2_2017', u'PYSI101', u'PHYSICS I', u'BHEVH1', u'BH:  ENVIRONMENTAL HEALTH', u'22', u'SEMESTER 2', u'D1', u'Durban Campus Full-time', u'A', u'40000532:KGASI', 26.0]
check 'PYSI101_SEM2_2018' 'PYSI101'
adding  PYSI101
requesting:  http://10.0.100.98:8000/bbinfo/matching_courses/PYSI101%25
r= <Response [200]>
matching classes= set([u'PYSI101_SEM2_2017', u'PYSI101_ALL_2016', u'PYSI101_SEM2_2018'])
[u'PYSI111_SEM1_2018', u'template_2018', u'PYSI111', u'PHYSICS I MODULE 1', u'BHEVH1', u'BH:  ENVIRONMENTAL HEALTH', u'21', u'SEM1', u'D1', u'OTNAME', u'A', u'40000298:SINGH;', u'']
check 'PYSI111_SEM1_2018' 'PYSI111'
processXLS: only for SEM2 [u'PYSI111_SEM1_2018', u'template_2018', u'PYSI111', u'PHYSICS I MODULE 1', u'BHEVH1', u'BH:  ENVIRONMENTAL HEALTH', u'21', u'SEM1', u'D1', u'OTNAME', u'A', u'40000298:SINGH;', u'']
[u'PYSI121_SEM2_2018', u'template_2018', u'PYSI121', u'PHYSICS I MODULE 2', u'BHEVH1', u'BH:  ENVIRONMENTAL HEALTH', u'22', u'SEM2', u'D1', u'OTNAME', u'A', u'40000298:SINGH;', u'']
check 'PYSI121_SEM2_2018' 'PYSI121'
adding  PYSI121
requesting:  http://10.0.100.98:8000/bbinfo/matching_courses/PYSI121%25
r= <Response [200]>
matching classes= set([u'PYSI121_SEM2_2018'])
[u'PHHC101_YEAR_2017', u'PHHC111_ALL_2016', u'PHHC111', u'PHYSICS I:  MODULE 1', u'BHHOM1', u'BH:  HOMOEOPATHY', u'21', u'SEMESTER 1', u'D1', u'Durban Campus Full-time', u'A', u'V MASONDO', 27.0]
check 'PHHC101_YEAR_2017' 'PHHC111'
[u'PHHC121_SEM2_2018', u'PHHC121_SEM2_2017', u'PHHC121', u'PHYSICS I:  MODULE 2', u'BHHOM1', u'BH:  HOMOEOPATHY', u'22', u'SEMESTER 2', u'D1', u'Durban Campus Full-time', u'A', u'V MASONDO', 21.0]
check 'PHHC121_SEM2_2018' 'PHHC121'
adding  PHHC121
requesting:  http://10.0.100.98:8000/bbinfo/matching_courses/PHHC121%25
r= <Response [200]>
matching classes= set([u'PHHC121_SEM2_2018', u'PHHC121_SEM2_2016', u'PHHC121_SEM2_2017'])
[u'PHHC111_SEM1_2018', u'PHHC111_SEM1_2017', u'PHHC111', u'PHYSICS I:  MODULE 1', u'BHOM1', u'BH:  HOMOEOPATHY', u'21', u'SEMESTER 1', u'D1', u'Durban Campus Full-time', u'A', u'V MASONDO', 27.0]
check 'PHHC111_SEM1_2018' 'PHHC111'
processXLS: only for SEM2 [u'PHHC111_SEM1_2018', u'PHHC111_SEM1_2017', u'PHHC111', u'PHYSICS I:  MODULE 1', u'BHOM1', u'BH:  HOMOEOPATHY', u'21', u'SEMESTER 1', u'D1', u'Durban Campus Full-time', u'A', u'V MASONDO', 27.0]
[u'PHHC121_SEM2_2018', u'PHHC121_SEM2_2017', u'PHHC121', u'PHYSICS I:  MODULE 2', u'BHOM1', u'BH:  HOMOEOPATHY', u'22', u'SEMESTER 2', u'D1', u'Durban Campus Full-time', u'A', u'V MASONDO', 21.0]
check 'PHHC121_SEM2_2018' 'PHHC121'
adding  PHHC121
requesting:  http://10.0.100.98:8000/bbinfo/matching_courses/PHHC121%25
r= <Response [200]>
matching classes= set([u'PHHC121_SEM2_2018', u'PHHC121_SEM2_2016', u'PHHC121_SEM2_2017'])
[u'PHHC101_YEAR_2017', u'PHHC111_ALL_2016', u'PHHC111', u'PHYSICS I:  MODULE 1', u'BHHMF1', u'BH:  HOMOEOPATHY (5 YEARS)', u'21', u'SEMESTER 1', u'D1', u'Durban Campus Full-time', u'A', u'V MASONDO', 4.0]
check 'PHHC101_YEAR_2017' 'PHHC111'
[u'PHHC121_SEM2_2018', u'PHHC121_SEM2_2017', u'PHHC121', u'PHYSICS I:  MODULE 2', u'BHHMF1', u'BH:  HOMOEOPATHY (5 YEARS)', u'22', u'SEMESTER 2', u'D1', u'Durban Campus Full-time', u'A', u'V MASONDO', 4.0]
check 'PHHC121_SEM2_2018' 'PHHC121'
adding  PHHC121
requesting:  http://10.0.100.98:8000/bbinfo/matching_courses/PHHC121%25
r= <Response [200]>
matching classes= set([u'PHHC121_SEM2_2018', u'PHHC121_SEM2_2016', u'PHHC121_SEM2_2017'])
[u'PSIC101_SEM1_2018', u'PSIC101_SEM1_2017', u'PSIC101', u'PHYSICS', u'BHMOP3', u'BH:  MEDICAL ORTHOTICS AND PROSTHETICS', u'21', u'SEMESTER 1', u'D1', u'Durban Campus Full-time', u'A', u'40013386:RASH', 35.0]
check 'PSIC101_SEM1_2018' 'PSIC101'
processXLS: only for SEM2 [u'PSIC101_SEM1_2018', u'PSIC101_SEM1_2017', u'PSIC101', u'PHYSICS', u'BHMOP3', u'BH:  MEDICAL ORTHOTICS AND PROSTHETICS', u'21', u'SEMESTER 1', u'D1', u'Durban Campus Full-time', u'A', u'40013386:RASH', 35.0]
[u'PHIS111_SEM2_2018', u'PHIS111_SEM2_2017', u'PHIS111', u'PHIS111: PHYSICS I 2017', u'BHCLT1', u'BH: BIOMEDICAL TECHNOLOGY', 22.0, u'SEMESTER 2', u'D1', u'Durban Campus Full-time', u'A', u'40000532:KGASI', 1.0]
check 'PHIS111_SEM2_2018' 'PHIS111'
processXLS: only for SEM2 [u'PHIS111_SEM2_2018', u'PHIS111_SEM2_2017', u'PHIS111', u'PHIS111: PHYSICS I 2017', u'BHCLT1', u'BH: BIOMEDICAL TECHNOLOGY', 22.0, u'SEMESTER 2', u'D1', u'Durban Campus Full-time', u'A', u'40000532:KGASI', 1.0]
[u'BSCN101_YEAR_2018', u'BSCN101_YEAR_2017', u'BSCN101', u'BASIC SCIENCES I', u'BHEMC1', u'BH: EMERGENCY MEDICAL CARE', u'11', u'YEAR', u'D1', u'Durban Campus Full-time', u'A', u'40000695:MULOL;40000298:SINGH', 23.0]
check 'BSCN101_YEAR_2018' 'BSCN101'
processXLS: only for SEM2 [u'BSCN101_YEAR_2018', u'BSCN101_YEAR_2017', u'BSCN101', u'BASIC SCIENCES I', u'BHEMC1', u'BH: EMERGENCY MEDICAL CARE', u'11', u'YEAR', u'D1', u'Durban Campus Full-time', u'A', u'40000695:MULOL;40000298:SINGH', 23.0]
[u'PHIS101_SEM1_2018', u'PHIS101_SEM1_2017', u'PHIS101', u'PHYSICS', u'BHDRD1', u'BHSC IN DIAGNOSTIC RADIOGRAPHY', u'21', u'SEMESTER 1', u'D1', u'Durban Campus Full-time', u'A', u'50002178:REDDY', 49.0]
check 'PHIS101_SEM1_2018' 'PHIS101'
processXLS: only for SEM2 [u'PHIS101_SEM1_2018', u'PHIS101_SEM1_2017', u'PHIS101', u'PHYSICS', u'BHDRD1', u'BHSC IN DIAGNOSTIC RADIOGRAPHY', u'21', u'SEMESTER 1', u'D1', u'Durban Campus Full-time', u'A', u'50002178:REDDY', 49.0]
[u'PHIS101_SEM2_2018', u'PHIS101_SEM2_2017', u'PHIS101', u'PHYSICS', u'BHDRD1', u'BHSC IN DIAGNOSTIC RADIOGRAPHY', u'22', u'SEMESTER 2', u'D1', u'Durban Campus Full-time', u'A', u'50002178:REDDY', 3.0]
check 'PHIS101_SEM2_2018' 'PHIS101'
adding  PHIS101
requesting:  http://10.0.100.98:8000/bbinfo/matching_courses/PHIS101%25
r= <Response [200]>
matching classes= set([u'PHIS101_SEM2_2018', u'PHIS101_SEM1_RAD_2018', u'PHIS101_SEM1_2016', u'PHIS101_SEM1_2017', u'PHIS101_SEM2_2017', u'PHIS101_SEM1_2018'])
[u'PHIS101_SEM1_2018', u'PHIS101_SEM1_2017', u'PHIS101', u'PHYSICS', u'BHDSN1', u'BHSC IN DIAGNOSTIC SONOGRAPHY', u'21', u'SEMESTER 1', u'D1', u'Durban Campus Full-time', u'A', u'50002178:REDDY', 7.0]
check 'PHIS101_SEM1_2018' 'PHIS101'
processXLS: only for SEM2 [u'PHIS101_SEM1_2018', u'PHIS101_SEM1_2017', u'PHIS101', u'PHYSICS', u'BHDSN1', u'BHSC IN DIAGNOSTIC SONOGRAPHY', u'21', u'SEMESTER 1', u'D1', u'Durban Campus Full-time', u'A', u'50002178:REDDY', 7.0]
[u'PHIS101_SEM1_2018', u'PHIS101_SEM1_2017', u'PHIS101', u'PHYSICS', u'BHNMD1', u'BHSC IN NUCLEAR MEDICINE', u'21', u'SEMESTER 1', u'D1', u'Durban Campus Full-time', u'A', u'50002178:REDDY', 7.0]
check 'PHIS101_SEM1_2018' 'PHIS101'
processXLS: only for SEM2 [u'PHIS101_SEM1_2018', u'PHIS101_SEM1_2017', u'PHIS101', u'PHYSICS', u'BHNMD1', u'BHSC IN NUCLEAR MEDICINE', u'21', u'SEMESTER 1', u'D1', u'Durban Campus Full-time', u'A', u'50002178:REDDY', 7.0]
[u'PHIS101_SEM1_2018', u'PHIS101_SEM1_2017', u'PHIS101', u'PHYSICS', u'BHRDT1', u'BHSC IN RADIOTHERAPY', u'21', u'SEMESTER 1', u'D1', u'Durban Campus Full-time', u'A', u'50002178:REDDY', 10.0]
check 'PHIS101_SEM1_2018' 'PHIS101'
processXLS: only for SEM2 [u'PHIS101_SEM1_2018', u'PHIS101_SEM1_2017', u'PHIS101', u'PHYSICS', u'BHRDT1', u'BHSC IN RADIOTHERAPY', u'21', u'SEMESTER 1', u'D1', u'Durban Campus Full-time', u'A', u'50002178:REDDY', 10.0]
[u'PHIS101_SEM2_2018', u'PHIS101_SEM2_2017', u'PHIS101', u'PHYSICS', u'BHRDT1', u'BHSC IN RADIOTHERAPY', u'22', u'SEMESTER 2', u'D1', u'Durban Campus Full-time', u'A', u'50002178:REDDY', 1.0]
check 'PHIS101_SEM2_2018' 'PHIS101'
adding  PHIS101
requesting:  http://10.0.100.98:8000/bbinfo/matching_courses/PHIS101%25
r= <Response [200]>
matching classes= set([u'PHIS101_SEM2_2018', u'PHIS101_SEM1_RAD_2018', u'PHIS101_SEM1_2016', u'PHIS101_SEM1_2017', u'PHIS101_SEM2_2017', u'PHIS101_SEM1_2018'])
[u'PHYS104_SEM2_2018', u'template_2018', u'PHYS104', u'PHYSICS', u'BSBTC1', u'BS:  BIOTECHNOLOGY', u'22', u'SEM2', u'D1', u'OTNAME', u'A', u'40000298:SINGH;', u'']
check 'PHYS104_SEM2_2018' 'PHYS104'
adding  PHYS104
requesting:  http://10.0.100.98:8000/bbinfo/matching_courses/PHYS104%25
r= <Response [200]>
matching classes= set([u'PHYS104_SEM2_2018'])
[u'PHYS104_SEM2_2018', u'template_2018', u'PHYS104', u'PHYSICS', u'BSFST1', u'BS:  FOOD SCIENCE AND TECHNOLOGY', u'22', u'SEM2', u'D1', u'OTNAME', u'A', u'40000298:SINGH;', u'']
check 'PHYS104_SEM2_2018' 'PHYS104'
adding  PHYS104
requesting:  http://10.0.100.98:8000/bbinfo/matching_courses/PHYS104%25
r= <Response [200]>
matching classes= set([u'PHYS104_SEM2_2018'])
[u'PSCA101_SEM1_2018', u'PSCA101_SEM1_2017', u'PSCA101', u'PHYSICS A', u'DICVE1', u'DIP ENG TECH IN CIVIL ENGINEERING', u'21', u'SEMESTER 1', u'I1', u'INDUMISO CAMPUS FULL-TIME', u'A', u'40000298:D SINGH', 0.0]
check 'PSCA101_SEM1_2018' 'PSCA101'
processXLS: only for SEM2 [u'PSCA101_SEM1_2018', u'PSCA101_SEM1_2017', u'PSCA101', u'PHYSICS A', u'DICVE1', u'DIP ENG TECH IN CIVIL ENGINEERING', u'21', u'SEMESTER 1', u'I1', u'INDUMISO CAMPUS FULL-TIME', u'A', u'40000298:D SINGH', 0.0]
[u'PSCA101_SEM2_2018', u'PSCA101_SEM2_2017', u'PSCA101', u'PHYSICS A', u'DICVE1', u'DIP ENG TECH IN CIVIL ENGINEERING', u'22', u'SEMESTER 2', u'I1', u'INDUMISO CAMPUS FULL-TIME', u'A', u'40000298:D SINGH', 0.0]
check 'PSCA101_SEM2_2018' 'PSCA101'
adding  PSCA101
requesting:  http://10.0.100.98:8000/bbinfo/matching_courses/PSCA101%25
r= <Response [200]>
matching classes= set([u'PSCA101_SEM1_2018', u'PSCA101_SEM2_2017', u'PSCA101_SEM2_2018', u'PSCA101_SEM1_2017'])
[u'PSCB101_SEM1_2018', u'PSCB101_SEM1_2017', u'PSCB101', u'PHYSICS B', u'DICVE1', u'DIP ENG TECH IN CIVIL ENGINEERING', u'21', u'SEMESTER 1', u'I1', u'INDUMISO CAMPUS FULL-TIME', u'A', u'40000298:D SINGH', 0.0]
check 'PSCB101_SEM1_2018' 'PSCB101'
processXLS: only for SEM2 [u'PSCB101_SEM1_2018', u'PSCB101_SEM1_2017', u'PSCB101', u'PHYSICS B', u'DICVE1', u'DIP ENG TECH IN CIVIL ENGINEERING', u'21', u'SEMESTER 1', u'I1', u'INDUMISO CAMPUS FULL-TIME', u'A', u'40000298:D SINGH', 0.0]
[u'PSCB101_SEM2_2018', u'PSCB101_SEM2_2017', u'PSCB101', u'PHYSICS B', u'DICVE1', u'DIP ENG TECH IN CIVIL ENGINEERING', u'22', u'SEMESTER 2', u'I1', u'INDUMISO CAMPUS FULL-TIME', u'A', u'40000298:D SINGH', 0.0]
check 'PSCB101_SEM2_2018' 'PSCB101'
adding  PSCB101
requesting:  http://10.0.100.98:8000/bbinfo/matching_courses/PSCB101%25
r= <Response [200]>
matching classes= set([u'PSCB101_SEM1_2018', u'PSCB101_SEM2_2017', u'PSCB101_SEM2_2018', u'PSCB101_SEM1_2017'])
[u'PSCC101_SEM1_2018', u'PSCC101_SEM1_2017', u'PSCC101', u'PHYSICS C', u'DICVE1', u'DIP ENG TECH IN CIVIL ENGINEERING', u'21', u'SEMESTER 1', u'I1', u'INDUMISO CAMPUS FULL-TIME', u'A', u'40000298:D SINGH', 0.0]
check 'PSCC101_SEM1_2018' 'PSCC101'
processXLS: only for SEM2 [u'PSCC101_SEM1_2018', u'PSCC101_SEM1_2017', u'PSCC101', u'PHYSICS C', u'DICVE1', u'DIP ENG TECH IN CIVIL ENGINEERING', u'21', u'SEMESTER 1', u'I1', u'INDUMISO CAMPUS FULL-TIME', u'A', u'40000298:D SINGH', 0.0]
[u'PHIC101_YEAR_2018', u'PHIC101_YEAR_2017', u'PHIC101', u'PHYSICS I', u'DIACH1', u'DIPLOMA IN ANALYTICAL CHEMISTRY', u'11', u'YEAR', u'D1', u'Durban Campus Full-time', u'A', u'50002178:REDDY', 0.0]
check 'PHIC101_YEAR_2018' 'PHIC101'
processXLS: only for SEM2 [u'PHIC101_YEAR_2018', u'PHIC101_YEAR_2017', u'PHIC101', u'PHYSICS I', u'DIACH1', u'DIPLOMA IN ANALYTICAL CHEMISTRY', u'11', u'YEAR', u'D1', u'Durban Campus Full-time', u'A', u'50002178:REDDY', 0.0]
[u'PHIC101_SEM1_2018', u'PHIC101_SEM1_2017', u'PHIC101', u'PHYSICS I', u'DIACH1', u'DIPLOMA IN ANALYTICAL CHEMISTRY', u'21', u'SEMESTER 1', u'D1', u'Durban Campus Full-time', u'A', u'50002178:REDDY', 0.0]
check 'PHIC101_SEM1_2018' 'PHIC101'
processXLS: only for SEM2 [u'PHIC101_SEM1_2018', u'PHIC101_SEM1_2017', u'PHIC101', u'PHYSICS I', u'DIACH1', u'DIPLOMA IN ANALYTICAL CHEMISTRY', u'21', u'SEMESTER 1', u'D1', u'Durban Campus Full-time', u'A', u'50002178:REDDY', 0.0]
[u'PHIC101_YEAR_2018', u'PHIC101_YEAR_2017', u'PHIC101', u'PHYSICS I', u'DIACF1', u'DIPLOMA IN ANALYTICAL CHEMISTRY (4 YEARS', u'11', u'YEAR', u'D1', u'Durban Campus Full-time', u'A', u'50002178:REDDY', 0.0]
check 'PHIC101_YEAR_2018' 'PHIC101'
processXLS: only for SEM2 [u'PHIC101_YEAR_2018', u'PHIC101_YEAR_2017', u'PHIC101', u'PHYSICS I', u'DIACF1', u'DIPLOMA IN ANALYTICAL CHEMISTRY (4 YEARS', u'11', u'YEAR', u'D1', u'Durban Campus Full-time', u'A', u'50002178:REDDY', 0.0]
[u'PHIC101_SEM1_2018', u'PHIC101_SEM1_2017', u'PHIC101', u'PHYSICS I', u'DIACF1', u'DIPLOMA IN ANALYTICAL CHEMISTRY (4 YEARS', u'21', u'SEMESTER 1', u'D1', u'Durban Campus Full-time', u'A', u'50002178:REDDY', 0.0]
check 'PHIC101_SEM1_2018' 'PHIC101'
processXLS: only for SEM2 [u'PHIC101_SEM1_2018', u'PHIC101_SEM1_2017', u'PHIC101', u'PHYSICS I', u'DIACF1', u'DIPLOMA IN ANALYTICAL CHEMISTRY (4 YEARS', u'21', u'SEMESTER 1', u'D1', u'Durban Campus Full-time', u'A', u'50002178:REDDY', 0.0]
[u'MRSN101_SEM1_2018', u'MRSN101_SEM1_2017', u'MRSN101', u'MARINE SCIENCE I', u'DINAU1', u'DIPLOMA IN NAUTICAL STUDIES', u'21', u'SEMESTER 1', u'D1', u'Durban Campus Full-time', u'A', u'40013386:RASH', 61.0]
check 'MRSN101_SEM1_2018' 'MRSN101'
processXLS: only for SEM2 [u'MRSN101_SEM1_2018', u'MRSN101_SEM1_2017', u'MRSN101', u'MARINE SCIENCE I', u'DINAU1', u'DIPLOMA IN NAUTICAL STUDIES', u'21', u'SEMESTER 1', u'D1', u'Durban Campus Full-time', u'A', u'40013386:RASH', 61.0]
[u'MRSN201_SEM2_2018', u'MRSN201_SEM2_2017', u'MRSN201', u'MARINE SCIENCE II', u'DINAU1', u'DIPLOMA IN NAUTICAL STUDIES', u'22', u'SEMESTER 2', u'D1', u'Durban Campus Full-time', u'A', u'40013386:RASH', 54.0]
check 'MRSN201_SEM2_2018' 'MRSN201'
adding  MRSN201
requesting:  http://10.0.100.98:8000/bbinfo/matching_courses/MRSN201%25
r= <Response [200]>
matching classes= set([u'MRSN201_ALL_2016', u'MRSN201_SEM2_2018', u'MRSN201_SEM2_2017'])
[u'PHCA101_SEM2_2018', u'PHCA101_SEM2_2017', u'PHCA101', u'PHYSICS IA', u'DITXF1', u'DIPLOMA IN TEXTILE TECHNOLOGY (4 YEARS)', u'22', u'SEMESTER 2', u'D1', u'Durban Campus Full-time', u'A', u'', 0.0]
check 'PHCA101_SEM2_2018' 'PHCA101'
adding  PHCA101
requesting:  http://10.0.100.98:8000/bbinfo/matching_courses/PHCA101%25
r= <Response [200]>
matching classes= set([u'PHCA101_SEM2_2018', u'PHCA101_SEM2_2017'])
[u'PHCB101_SEM1_2018', u'PHCB101_SEM1_2017', u'PHCB101', u'PHYSICS IB', u'DITXF1', u'DIPLOMA IN TEXTILE TECHNOLOGY (4 YEARS)', u'21', u'SEMESTER 1', u'D1', u'Durban Campus Full-time', u'A', u'', 0.0]
check 'PHCB101_SEM1_2018' 'PHCB101'
processXLS: only for SEM2 [u'PHCB101_SEM1_2018', u'PHCB101_SEM1_2017', u'PHCB101', u'PHYSICS IB', u'DITXF1', u'DIPLOMA IN TEXTILE TECHNOLOGY (4 YEARS)', u'21', u'SEMESTER 1', u'D1', u'Durban Campus Full-time', u'A', u'', 0.0]
[u'PYSC105_SEM1_2018', u'PYSC105_SEM1_2017', u'PYSC105', u'PHYSICS I', u'NDPPT2', u'ND:  PULP AND PAPER TECHNOLOGY', u'21', u'SEMESTER 1', u'D1', u'Durban Campus Full-time', u'A', u'40002754:GXAWU', 47.0]
check 'PYSC105_SEM1_2018' 'PYSC105'
processXLS: only for SEM2 [u'PYSC105_SEM1_2018', u'PYSC105_SEM1_2017', u'PYSC105', u'PHYSICS I', u'NDPPT2', u'ND:  PULP AND PAPER TECHNOLOGY', u'21', u'SEMESTER 1', u'D1', u'Durban Campus Full-time', u'A', u'40002754:GXAWU', 47.0]
[u'EPHY201_SEM2_2018', u'EPHY201_SEM2_2017', u'EPHY201', u'ENGINEERING PHYSICS II', u'NDPPT2', u'ND:  PULP AND PAPER TECHNOLOGY', u'22', u'SEMESTER 2', u'D1', u'Durban Campus Full-time', u'A', u'40002754:GXAWU', 17.0]
check 'EPHY201_SEM2_2018' 'EPHY201'
adding  EPHY201
requesting:  http://10.0.100.98:8000/bbinfo/matching_courses/EPHY201%25
r= <Response [200]>
matching classes= set([u'EPHY201_15_GXAD', u'EPHY201_SEM2_2018', u'EPHY201_15_MUSD', u'EPHY201_13_LAZI', u'EPHY201_13_GXAD', u'EPHY201_SEM2_2016', u'EPHY201_SEM2_2017'])
[u'PHSA102_SEM1_2018', u'PHSA102_SEM1_2017', u'PHSA102', u'PHYSICS I', u'NDACH2', u'ND: ANALYTICAL CHEMISTRY', u'21', u'SEMESTER 1', u'D1', u'Durban Campus Full-time', u'A', u'50002178:REDDY', 80.0]
check 'PHSA102_SEM1_2018' 'PHSA102'
processXLS: only for SEM2 [u'PHSA102_SEM1_2018', u'PHSA102_SEM1_2017', u'PHSA102', u'PHYSICS I', u'NDACH2', u'ND: ANALYTICAL CHEMISTRY', u'21', u'SEMESTER 1', u'D1', u'Durban Campus Full-time', u'A', u'50002178:REDDY', 80.0]
[u'PHSA102_SEM2_2018', u'PHSA102_SEM2_2017', u'PHSA102', u'PHYSICS I', u'NDACH2', u'ND: ANALYTICAL CHEMISTRY', u'22', u'SEMESTER 2', u'D1', u'Durban Campus Full-time', u'A', u'50002178:REDDY', 6.0]
check 'PHSA102_SEM2_2018' 'PHSA102'
adding  PHSA102
requesting:  http://10.0.100.98:8000/bbinfo/matching_courses/PHSA102%25
r= <Response [200]>
matching classes= set([u'PHSA102_SEM1_2017', u'PHSA102_SEM2_2017', u'PHSA102_ALL_2016', u'PHSA102_SEM2_2018', u'PHSA102_SEM1_2018'])
[u'PYSC105_SEM1_2018', u'PYSC105_SEM1_2017', u'PYSC105', u'PHYSICS I', u'NDBMT1', u'ND: BIOMEDICAL TECHNOLOGY', u'21', u'SEMESTER 1', u'D1', u'Durban Campus Full-time', u'A', u'40002754:GXAWU', 36.0]
check 'PYSC105_SEM1_2018' 'PYSC105'
processXLS: only for SEM2 [u'PYSC105_SEM1_2018', u'PYSC105_SEM1_2017', u'PYSC105', u'PHYSICS I', u'NDBMT1', u'ND: BIOMEDICAL TECHNOLOGY', u'21', u'SEMESTER 1', u'D1', u'Durban Campus Full-time', u'A', u'40002754:GXAWU', 36.0]
[u'PYSCBIO_SEM1_2017', u'', u'PYSC105', u'PYSC: PHYSICS I 2017', u'NDBMT1', u'ND: BIOMEDICAL TECHNOLOGY', u'21', u'SEMESTER 1', u'D1', u'Durban Campus Full-time', u'A', u'40000298:D SINGH', 36.0]
check 'PYSCBIO_SEM1_2017' 'PYSC105'
[u'PYSC105_SEM2_2018', u'PYSC105_SEM2_2017', u'PYSC105', u'PHYSICS I', u'NDBMF1', u'ND: BIOMEDICAL TECHNOLOGY (4 YEARS)', u'22', u'SEMESTER 2', u'D1', u'Durban Campus Full-time', u'A', u'40002754:GXAWU', 8.0]
check 'PYSC105_SEM2_2018' 'PYSC105'
adding  PYSC105
requesting:  http://10.0.100.98:8000/bbinfo/matching_courses/PYSC105%25
r= <Response [200]>
matching classes= set([u'PYSC105_SEM1_2018', u'PYSC105_SEM2_2018', u'PYSC105_15_SIND', u'PYSC105_SEM2_2017', u'PYSC105_13_LAZI', u'PYSC105_SEM1_2017', u'PYSC105_15_MUSD', u'PYSC105_13_GXAD', u'PYSC105_ALL_2016'])
[u'ABLS101_YEAR_2018', u'ABLS101_YEAR_2017', u'ABLS101', u'APPLIED BUILDING SCIENCE I', u'NDBLD2', u'ND: BUILDING', u'11', u'YEAR', u'D1', u'Durban Campus Full-time', u'A', u'40000509:HARIPERSAD;40000985:PIENAAR', 169.0]
check 'ABLS101_YEAR_2018' 'ABLS101'
processXLS: only for SEM2 [u'ABLS101_YEAR_2018', u'ABLS101_YEAR_2017', u'ABLS101', u'APPLIED BUILDING SCIENCE I', u'NDBLD2', u'ND: BUILDING', u'11', u'YEAR', u'D1', u'Durban Campus Full-time', u'A', u'40000509:HARIPERSAD;40000985:PIENAAR', 169.0]
[u'PHHC101_YEAR_2018', u'PHHC101_YEAR_2017', u'PHHC101', u'PHYSICS I', u'NDCHR1', u'ND: CHIROPRACTIC', u'11', u'YEAR', u'D1', u'Durban Campus Full-time', u'A', u'50002178:REDDY', 35.0]
check 'PHHC101_YEAR_2018' 'PHHC101'
processXLS: only for SEM2 [u'PHHC101_YEAR_2018', u'PHHC101_YEAR_2017', u'PHHC101', u'PHYSICS I', u'NDCHR1', u'ND: CHIROPRACTIC', u'11', u'YEAR', u'D1', u'Durban Campus Full-time', u'A', u'50002178:REDDY', 35.0]
[u'PHHC101_YEAR_2018', u'PHHC101_YEAR_2017', u'PHHC101', u'PHYSICS I', u'NDCHF1', u'ND: CHIROPRACTIC (4 YEARS)', u'11', u'YEAR', u'D1', u'Durban Campus Full-time', u'A', u'50002178:REDDY', 4.0]
check 'PHHC101_YEAR_2018' 'PHHC101'
processXLS: only for SEM2 [u'PHHC101_YEAR_2018', u'PHHC101_YEAR_2017', u'PHHC101', u'PHYSICS I', u'NDCHF1', u'ND: CHIROPRACTIC (4 YEARS)', u'11', u'YEAR', u'D1', u'Durban Campus Full-time', u'A', u'50002178:REDDY', 4.0]
[u'PYSC105_SEM2_2018', u'PYSC105_SEM2_2017', u'PYSC105', u'PHYSICS I', u'NDCLT1', u'ND: CLINICAL TECHNOLOGY', u'22', u'SEMESTER 2', u'D1', u'Durban Campus Full-time', u'A', u'40002754:GXAWU', 36.0]
check 'PYSC105_SEM2_2018' 'PYSC105'
adding  PYSC105
requesting:  http://10.0.100.98:8000/bbinfo/matching_courses/PYSC105%25
r= <Response [200]>
matching classes= set([u'PYSC105_SEM1_2018', u'PYSC105_SEM2_2018', u'PYSC105_15_SIND', u'PYSC105_SEM2_2017', u'PYSC105_13_LAZI', u'PYSC105_SEM1_2017', u'PYSC105_15_MUSD', u'PYSC105_13_GXAD', u'PYSC105_ALL_2016'])
[u'PYSC105_SEM2_2018', u'PYSC105_SEM2_2017', u'PYSC105', u'PHYSICS I', u'NDCLF2', u'ND: CLINICAL TECHNOLOGY (4 YEARS)', u'22', u'SEMESTER 2', u'D1', u'Durban Campus Full-time', u'A', u'40002754:GXAWU', 11.0]
check 'PYSC105_SEM2_2018' 'PYSC105'
adding  PYSC105
requesting:  http://10.0.100.98:8000/bbinfo/matching_courses/PYSC105%25
r= <Response [200]>
matching classes= set([u'PYSC105_SEM1_2018', u'PYSC105_SEM2_2018', u'PYSC105_15_SIND', u'PYSC105_SEM2_2017', u'PYSC105_13_LAZI', u'PYSC105_SEM1_2017', u'PYSC105_15_MUSD', u'PYSC105_13_GXAD', u'PYSC105_ALL_2016'])
[u'PHCD111_SEM2_2018', u'PHCD111_SEM2_2017', u'PHCD111', u'PHYSICS AND CHEMISTRY I (PHYSICS)', u'NDDNT1', u'ND: DENTAL TECHNOLOGY', u'22', u'SEMESTER 2', u'D1', u'Durban Campus Full-time', u'A', u'50002178:REDDY', 8.0]
check 'PHCD111_SEM2_2018' 'PHCD111'
adding  PHCD111
requesting:  http://10.0.100.98:8000/bbinfo/matching_courses/PHCD111%25
r= <Response [200]>
matching classes= set([u'PHCD111_SEM2_2018', u'PHCD111_SEM2_2017', u'PHCD111_SEM2_2016'])
[u'PHCD111_SEM2_2018', u'PHCD111_SEM2_2017', u'PHCD111', u'PHYSICS AND CHEMISTRY I (PHYSICS)', u'NDDTF1', u'ND: DENTAL TECHNOLOGY (4 YEARS)', u'22', u'SEMESTER 2', u'D1', u'Durban Campus Full-time', u'A', u'50002178:REDDY', 22.0]
check 'PHCD111_SEM2_2018' 'PHCD111'
adding  PHCD111
requesting:  http://10.0.100.98:8000/bbinfo/matching_courses/PHCD111%25
r= <Response [200]>
matching classes= set([u'PHCD111_SEM2_2018', u'PHCD111_SEM2_2017', u'PHCD111_SEM2_2016'])
[u'PYSC105_SEM1_2018', u'PYSC105_SEM1_2017', u'PYSC105', u'PHYSICS I', u'NDCME2', u'ND: ENGINEERING: CHEMICAL', u'21', u'SEMESTER 1', u'D1', u'Durban Campus Full-time', u'A', u'40002754:GXAWU', 67.0]
check 'PYSC105_SEM1_2018' 'PYSC105'
processXLS: only for SEM2 [u'PYSC105_SEM1_2018', u'PYSC105_SEM1_2017', u'PYSC105', u'PHYSICS I', u'NDCME2', u'ND: ENGINEERING: CHEMICAL', u'21', u'SEMESTER 1', u'D1', u'Durban Campus Full-time', u'A', u'40002754:GXAWU', 67.0]
[u'EPHY201_SEM2_2018', u'EPHY201_SEM2_2017', u'EPHY201', u'ENGINEERING PHYSICS II', u'NDCME2', u'ND: ENGINEERING: CHEMICAL', u'22', u'SEMESTER 2', u'D1', u'Durban Campus Full-time', u'A', u'40002754:GXAWU', 61.0]
check 'EPHY201_SEM2_2018' 'EPHY201'
adding  EPHY201
requesting:  http://10.0.100.98:8000/bbinfo/matching_courses/EPHY201%25
r= <Response [200]>
matching classes= set([u'EPHY201_15_GXAD', u'EPHY201_SEM2_2018', u'EPHY201_15_MUSD', u'EPHY201_13_LAZI', u'EPHY201_13_GXAD', u'EPHY201_SEM2_2016', u'EPHY201_SEM2_2017'])
[u'PHYS103_SEM1_2018', u'PHYS103_SEM1_2017', u'PHYS103', u'PHYSICS I', u'NDFDT2', u'ND: FOOD TECHNOLOGY', u'21', u'SEMESTER 1', u'D1', u'Durban Campus Full-time', u'A', u'40002754:GXAWU', 61.0]
check 'PHYS103_SEM1_2018' 'PHYS103'
processXLS: only for SEM2 [u'PHYS103_SEM1_2018', u'PHYS103_SEM1_2017', u'PHYS103', u'PHYSICS I', u'NDFDT2', u'ND: FOOD TECHNOLOGY', u'21', u'SEMESTER 1', u'D1', u'Durban Campus Full-time', u'A', u'40002754:GXAWU', 61.0]
[u'PHYS103_SEM2_2018', u'PHYS103_SEM2_2017', u'PHYS103', u'PHYSICS I', u'NDFDT2', u'ND: FOOD TECHNOLOGY', u'22', u'SEMESTER 2', u'D1', u'Durban Campus Full-time', u'A', u'40002754:GXAWU', 5.0]
check 'PHYS103_SEM2_2018' 'PHYS103'
adding  PHYS103
requesting:  http://10.0.100.98:8000/bbinfo/matching_courses/PHYS103%25
r= <Response [200]>
matching classes= set([u'PHYS103_ALL_2016', u'PHYS103_SEM2_2017', u'PHYS103_SEM1_2017', u'PHYS103_13_GXAD', u'PHYS103_SEM1_2018', u'PHYS103_SEM2_2018'])
[u'PHYS103_SEM1_2018', u'PHYS103_SEM1_2017', u'PHYS103', u'PHYSICS I', u'NDFTF1', u'ND: FOOD TECHNOLOGY (4 YEARS)', u'21', u'SEMESTER 1', u'D1', u'Durban Campus Full-time', u'A', u'40002754:GXAWU', 14.0]
check 'PHYS103_SEM1_2018' 'PHYS103'
processXLS: only for SEM2 [u'PHYS103_SEM1_2018', u'PHYS103_SEM1_2017', u'PHYS103', u'PHYSICS I', u'NDFTF1', u'ND: FOOD TECHNOLOGY (4 YEARS)', u'21', u'SEMESTER 1', u'D1', u'Durban Campus Full-time', u'A', u'40002754:GXAWU', 14.0]
[u'PHYS103_SEM2_2018', u'PHYS103_SEM2_2017', u'PHYS103', u'PHYSICS I', u'NDFTF1', u'ND: FOOD TECHNOLOGY (4 YEARS)', u'22', u'SEMESTER 2', u'D1', u'Durban Campus Full-time', u'A', u'40002754:GXAWU', 1.0]
check 'PHYS103_SEM2_2018' 'PHYS103'
adding  PHYS103
requesting:  http://10.0.100.98:8000/bbinfo/matching_courses/PHYS103%25
r= <Response [200]>
matching classes= set([u'PHYS103_ALL_2016', u'PHYS103_SEM2_2017', u'PHYS103_SEM1_2017', u'PHYS103_13_GXAD', u'PHYS103_SEM1_2018', u'PHYS103_SEM2_2018'])
[u'MSCI102_SEM1_2018', u'MSCI102_SEM1_2017', u'MSCI102', u'MARINE SCIENCE I', u'NDMTS1', u'ND: MARITIME STUDIES', u'21', u'SEMESTER 1', u'D1', u'Durban Campus Full-time', u'A', u'40000532:KGASI', 33.0]
check 'MSCI102_SEM1_2018' 'MSCI102'
processXLS: only for SEM2 [u'MSCI102_SEM1_2018', u'MSCI102_SEM1_2017', u'MSCI102', u'MARINE SCIENCE I', u'NDMTS1', u'ND: MARITIME STUDIES', u'21', u'SEMESTER 1', u'D1', u'Durban Campus Full-time', u'A', u'40000532:KGASI', 33.0]
[u'PHEN102_SEM1_2018', u'PHEN102_SEM1_2017', u'PHEN102', u'PHYSICS I', u'NDSUR2', u'ND: SURVEYING', u'21', u'SEMESTER 1', u'D1', u'Durban Campus Full-time', u'A', u'40000532:KGASI;40013386:RASH', 32.0]
check 'PHEN102_SEM1_2018' 'PHEN102'
processXLS: only for SEM2 [u'PHEN102_SEM1_2018', u'PHEN102_SEM1_2017', u'PHEN102', u'PHYSICS I', u'NDSUR2', u'ND: SURVEYING', u'21', u'SEMESTER 1', u'D1', u'Durban Campus Full-time', u'A', u'40000532:KGASI;40013386:RASH', 32.0]
[u'PHEN102_SEM2_2018', u'PHEN102_SEM2_2017', u'PHEN102', u'PHYSICS I', u'NDSUR2', u'ND: SURVEYING', u'22', u'SEMESTER 2', u'D1', u'Durban Campus Full-time', u'A', u'40000532:KGASI;40013386:RASH', 27.0]
check 'PHEN102_SEM2_2018' 'PHEN102'
adding  PHEN102
requesting:  http://10.0.100.98:8000/bbinfo/matching_courses/PHEN102%25
r= <Response [200]>
matching classes= set([u'PHEN102_ALL_2016', u'PHEN102_SEM2_2018', u'PHEN102_13_KGAN', u'PHEN102_SEM1_2018', u'PHEN102_SEM1_2017', u'PHEN102_SEM2_2017'])
[u'TXSB111_SEM1_2017', u'TXSB111_SEM1_2016', u'PYSC101', u'TEXTILE SCIENCE IB (MODULE 1)', u'NDTXT2', u'ND: TEXTILE TECHNOLOGY', 21.0, u'SEMESTER 1', u'D1', u'Durban Campus Full-time', u'A', u'40000509:HARIPERSAD', 29.0]
check 'TXSB111_SEM1_2017' 'PYSC101'
[u'', u'', u'', u'', u'', u'', u'', u'', u'', u'', u'', u'', u'']
check '' ''
[u'', u'', u'EPHA101', u'ENGINEERING PHYSICSIA', u'BNELC1', u'B ENG TECHNOLOGY IN ELECTRONIC ENG', 21.0, u'', u'', u'', u'', u'', u'']
check '' 'EPHA101'
[u'', u'', u'EPHB101', u'ENGINEERING PHYSICSIB', u'BNELC1', u'B ENG TECHNOLOGY IN ELECTRONIC ENG', 22.0, u'', u'', u'', u'', u'', u'']
check '' 'EPHB101'
[u'', u'', u'EPHA101', u'ENGINEERING PHYSICSIA', u'BNIND1', u'B ENGINEERING TECHNOLOGY IN IND ENG', 21.0, u'', u'', u'', u'', u'', u'']
check '' 'EPHA101'
[u'', u'', u'EPHB101', u'ENGINEERING PHYSICSIB', u'BNIND1', u'B ENGINEERING TECHNOLOGY IN IND ENG', 22.0, u'', u'', u'', u'', u'', u'']
check '' 'EPHB101'
[u'', u'', u'EPHA101', u'ENGINEERING PHYSICSIA', u'BNMCH1', u'B ENGINEERING TECHNOLOGY IN MECH ENG', 21.0, u'', u'', u'', u'', u'', u'']
check '' 'EPHA101'
[u'', u'', u'EPHB101', u'ENGINEERING PHYSICSIB', u'BNMCH1', u'B ENGINEERING TECHNOLOGY IN MECH ENG', 22.0, u'', u'', u'', u'', u'', u'']
check '' 'EPHB101'
[u'', u'', u'EPHA101', u'ENGINEERING PHYSICSIA', u'BNPWE1', u'B ENGINEERING TECHNOLOGY IN POWER ENG', 21.0, u'', u'', u'', u'', u'', u'']
check '' 'EPHA101'
[u'', u'', u'EPHB101', u'ENGINEERING PHYSICSIB', u'BNPWE1', u'B ENGINEERING TECHNOLOGY IN POWER ENG', 22.0, u'', u'', u'', u'', u'', u'']
check '' 'EPHB101'
[u'', u'', u'EPHA101', u'ENGINEERING PHYSICSIA', u'BBGMT1', u'BACHELOR OF THE B E IN GEOMATICS', 21.0, u'', u'', u'', u'', u'', u'']
check '' 'EPHA101'
[u'', u'', u'EPHB101', u'ENGINEERING PHYSICSIB', u'BBGMT1', u'BACHELOR OF THE B E IN GEOMATICS', 22.0, u'', u'', u'', u'', u'', u'']
check '' 'EPHB101'
[u'', u'', u'PHIS111', u'PHYSICS (MODULE 1)', u'BHMLS1', u'BH IN MEDICAL LABORATORY SCIENCE', 21.0, u'', u'', u'', u'', u'', u'']
check '' 'PHIS111'
[u'', u'', u'PHIS121', u'PHYSICS (MODULE 2)', u'BHMLS1', u'BH IN MEDICAL LABORATORY SCIENCE', 22.0, u'', u'', u'', u'', u'', u'']
check '' 'PHIS121'
[u'', u'', u'PSCS101', u'PHYSICS', u'BHDNT1', u'BH:  DENTAL TECHNOLOGY', 22.0, u'', u'', u'', u'', u'', u'']
check '' 'PSCS101'
[u'', u'', u'PHIS111', u'PHYSICS (MODULE 1)', u'BHCLT1', u'BHSC IN CLINICAL TECHNOLOGY', 21.0, u'', u'', u'', u'', u'', u'']
check '' 'PHIS111'
[u'', u'', u'PHIS121', u'PHYSICS (MODULE 2)', u'BHCLT1', u'BHSC IN CLINICAL TECHNOLOGY', 22.0, u'', u'', u'', u'', u'', u'']
check '' 'PHIS121'
[u'', u'', u'', u'', u'', u'', u'', u'', u'', u'', u'', u'', u'']
check '' ''
[u'', u'', u'', u'', u'', u'', u'', u'', u'', u'', u'', u'', u'']
check '' ''
[u'', u'', u'', u'', u'', u'', u'', u'', u'', u'', u'', u'', u'']
check '' ''
[u'NOTES', u'', u'', u'', u'', u'', u'', u'', u'', u'', u'', u'', u'']
check 'NOTES' ''
[u'', u'', u'', u'', u'', u'', u'', u'', u'', u'', u'', u'', u'']
check '' ''
[u'1.  EPHA101 AND EPHB101 IS COMMON FOR ALL ENGINEERING DEGREES. THAT IS, ALL ENGINEERING STUDENTS WILL ACCESS THESE TWO MODULES', u'', u'', u'', u'', u'', u'', u'', u'', u'', u'', u'', u'']
check '1.  EPHA101 AND EPHB101 IS COMMON FOR ALL ENGINEERING DEGREES. THAT IS, ALL ENGINEERING STUDENTS WILL ACCESS THESE TWO MODULES' ''
[u'', u'', u'', u'', u'', u'', u'', u'', u'', u'', u'', u'', u'']
check '' ''
[u'2. THE SAME FOR HEALTH SCIENCES. THE PROBLEM HERE IS THAT THE SAME MODULES HAVE DIFFERENT CODES IN THE DIFFERENT DEPARTMENTS.', u'', u'', u'', u'', u'', u'', u'', u'', u'', u'', u'', u'']
check '2. THE SAME FOR HEALTH SCIENCES. THE PROBLEM HERE IS THAT THE SAME MODULES HAVE DIFFERENT CODES IN THE DIFFERENT DEPARTMENTS.' ''
[u'', u'', u'', u'', u'', u'', u'', u'', u'', u'', u'', u'', u'']
check '' ''
[u'3. REST WILL REMAIN AS INDIVDUAL SUBJECTS', u'', u'', u'', u'', u'', u'', u'', u'', u'', u'', u'', u'']
check '3. REST WILL REMAIN AS INDIVDUAL SUBJECTS' ''
[u'', u'', u'', u'', u'', u'', u'', u'', u'', u'', u'', u'', u'']
check '' ''
[u'I HAVE COLOUR CODED ENGINEERING AS BLUE AND HEALTH SCIENCES AS GREEN', u'', u'', u'', u'', u'', u'', u'', u'', u'', u'', u'', u'']
check 'I HAVE COLOUR CODED ENGINEERING AS BLUE AND HEALTH SCIENCES AS GREEN' ''
processXLS: finished processing workingSheets/data/BBC3411Physics2017.xls
getWS: requesting:  http://10.0.100.98:8000/itsenrol/classlist/2018/22/PYSC105 rsp= <Response [200]>
getWS: requesting:  http://10.0.100.98:8000/bbinfo/classlist/PYSC105 rsp= <Response [200]>
getNewStudentsInSubject: ITS 0, BB 174 -> 0 new enrollments
getWS: requesting:  http://10.0.100.98:8000/itsenrol/classlist/2018/22/PSCB101 rsp= <Response [200]>
getWS: requesting:  http://10.0.100.98:8000/bbinfo/classlist/PSCB101 rsp= <Response [200]>
getNewStudentsInSubject: ITS 135, BB 227 -> 122 new enrollments
getWS: requesting:  http://10.0.100.98:8000/itsenrol/classlist/2018/22/EPHY201 rsp= <Response [200]>
getWS: requesting:  http://10.0.100.98:8000/bbinfo/classlist/EPHY201 rsp= <Response [200]>
getNewStudentsInSubject: ITS 44, BB 1 -> 44 new enrollments
getWS: requesting:  http://10.0.100.98:8000/itsenrol/classlist/2018/22/PHSA102 rsp= <Response [200]>
getWS: requesting:  http://10.0.100.98:8000/bbinfo/classlist/PHSA102 rsp= <Response [200]>
getNewStudentsInSubject: ITS 0, BB 7 -> 0 new enrollments
getWS: requesting:  http://10.0.100.98:8000/itsenrol/classlist/2018/22/PYSI121 rsp= <Response [200]>
getWS: requesting:  http://10.0.100.98:8000/bbinfo/classlist/PYSI121 rsp= <Response [200]>
getNewStudentsInSubject: ITS 34, BB 1 -> 34 new enrollments
getWS: requesting:  http://10.0.100.98:8000/itsenrol/classlist/2018/22/PHBB101 rsp= <Response [200]>
getWS: requesting:  http://10.0.100.98:8000/bbinfo/classlist/PHBB101 rsp= <Response [200]>
getNewStudentsInSubject: ITS 67, BB 0 -> 67 new enrollments
getWS: requesting:  http://10.0.100.98:8000/itsenrol/classlist/2018/22/MRSN201 rsp= <Response [200]>
getWS: requesting:  http://10.0.100.98:8000/bbinfo/classlist/MRSN201 rsp= <Response [200]>
getNewStudentsInSubject: ITS 108, BB 2 -> 108 new enrollments
getWS: requesting:  http://10.0.100.98:8000/itsenrol/classlist/2018/22/PHIS101 rsp= <Response [200]>
getWS: requesting:  http://10.0.100.98:8000/bbinfo/classlist/PHIS101 rsp= <Response [200]>
getNewStudentsInSubject: ITS 0, BB 241 -> 0 new enrollments
getWS: requesting:  http://10.0.100.98:8000/itsenrol/classlist/2018/22/EPHB101 rsp= <Response [200]>
getWS: requesting:  http://10.0.100.98:8000/bbinfo/classlist/EPHB101 rsp= <Response [200]>
getNewStudentsInSubject: ITS 512, BB 4 -> 512 new enrollments
getWS: requesting:  http://10.0.100.98:8000/itsenrol/classlist/2018/22/PHYS103 rsp= <Response [200]>
getWS: requesting:  http://10.0.100.98:8000/bbinfo/classlist/PHYS103 rsp= <Response [200]>
getNewStudentsInSubject: ITS 0, BB 73 -> 0 new enrollments
getWS: requesting:  http://10.0.100.98:8000/itsenrol/classlist/2018/22/PYSI101 rsp= <Response [200]>
getWS: requesting:  http://10.0.100.98:8000/bbinfo/classlist/PYSI101 rsp= <Response [200]>
getNewStudentsInSubject: ITS 0, BB 1 -> 0 new enrollments
getWS: requesting:  http://10.0.100.98:8000/itsenrol/classlist/2018/22/PHCD111 rsp= <Response [200]>
getWS: requesting:  http://10.0.100.98:8000/bbinfo/classlist/PHCD111 rsp= <Response [200]>
getNewStudentsInSubject: ITS 6, BB 1 -> 6 new enrollments
getWS: requesting:  http://10.0.100.98:8000/itsenrol/classlist/2018/22/PHHC121 rsp= <Response [200]>
getWS: requesting:  http://10.0.100.98:8000/bbinfo/classlist/PHHC121 rsp= <Response [200]>
getNewStudentsInSubject: ITS 0, BB 0 -> 0 new enrollments
getWS: requesting:  http://10.0.100.98:8000/itsenrol/classlist/2018/22/PHYS104 rsp= <Response [200]>
getWS: requesting:  http://10.0.100.98:8000/bbinfo/classlist/PHYS104 rsp= <Response [200]>
getNewStudentsInSubject: ITS 116, BB 1 -> 116 new enrollments
getWS: requesting:  http://10.0.100.98:8000/itsenrol/classlist/2018/22/PHEN102 rsp= <Response [200]>
getWS: requesting:  http://10.0.100.98:8000/bbinfo/classlist/PHEN102 rsp= <Response [200]>
getNewStudentsInSubject: ITS 0, BB 57 -> 0 new enrollments
getWS: requesting:  http://10.0.100.98:8000/itsenrol/classlist/2018/22/PSCA101 rsp= <Response [200]>
getWS: requesting:  http://10.0.100.98:8000/bbinfo/classlist/PSCA101 rsp= <Response [200]>
getNewStudentsInSubject: ITS 53, BB 339 -> 47 new enrollments
getWS: requesting:  http://10.0.100.98:8000/itsenrol/classlist/2018/22/PHCA101 rsp= <Response [200]>
getWS: requesting:  http://10.0.100.98:8000/bbinfo/classlist/PHCA101 rsp= <Response [200]>
getNewStudentsInSubject: ITS 0, BB 0 -> 0 new enrollments
main: Writing students...
main: Writing enrollments...
main: Finished processing workingSheets/data/BBC3411Physics2017.xls
main: 17 subjects processed
main: 27 subject -> classroom maps
main: 1056 students
main: 1056 student enrollments 0 errors
0.40user 0.12system 0:04.86elapsed 10%CPU (0avgtext+0avgdata 63696maxresident)k
96inputs+360outputs (0major+7647minor)pagefaults 0swaps
POSTING SNAPSHOTS to SIS endpoint
TEST RUN, NOT POSTING BBSTUDENTS
TEST RUN, NOT POSTIN BBENROL
copy snapshot files to saved output
=== department done ===
syncing logs...
Pushing logs from logs/20180723111852 to remote...
sending incremental file list
./
BBC3411Physics2017.BBENROL.txt
BBC3411Physics2017.BBSTUDENTS.txt
BBC3411Physics2017.Enrolomat.txt
BBC3411Physics2017.Postlog.txt

sent 223535 bytes  received 91 bytes  40659.27 bytes/sec
total size is 6148903  speedup is 27.50
logging to logs/20180723111852
=== generate newenrollments for BBC3501ChemicalEngineering2017. ===
GENERATE SNAPSHOTS...
./BBCIncrementalEnrollerX2.py : generating enrolment files for subjects in  workingSheets/data/BBC3501ChemicalEngineering2017.xls
processXLS: start spreadsheet workingSheets/data/BBC3501ChemicalEngineering2017.xls
[u'2018 Blackboard Classrooms for Department: 3501 - CHEMICAL ENGINEERING', u'', u'', u'', u'', u'', u'', u'', u'', u'', u'', u'', u'']
check '2018 Blackboard Classrooms for Department: 3501 - CHEMICAL ENGINEERING' ''
[u'', u'', u'', u'', u'', u'', u'', u'', u'', u'', u'', u'', u'']
check '' ''
[u'BB Classroom', u'Migrate Classroom', u'ITS Subject', u'', u'ITS Qualification', u'', u'Block', u'', u'Off Type', u'', u'Grp', u'Lecturer(s)', u'2017 Enrol']
check 'BB Classroom' 'ITS Subject'
[u'COMS101_SEM1_2018', u'COMS101_SEM1_2017', u'COMS101', u'COMPUTER SKILLS I', u'NDCME2', u'ND: ENGINEERING: CHEMICAL', u'21', u'SEMESTER 1', u'D1', u'Durban Campus Full-time', u'A', u'40004618:DLAMINI', 5.0]
check 'COMS101_SEM1_2018' 'COMS101'
processXLS: only for SEM2 [u'COMS101_SEM1_2018', u'COMS101_SEM1_2017', u'COMS101', u'COMPUTER SKILLS I', u'NDCME2', u'ND: ENGINEERING: CHEMICAL', u'21', u'SEMESTER 1', u'D1', u'Durban Campus Full-time', u'A', u'40004618:DLAMINI', 5.0]
[u'COMS101_SEM1_2018', u'COMS101_SEM1_2017', u'COMS101', u'COMPUTER SKILLS I', u'NDPPT2', u'ND:  PULP AND PAPER TECHNOLOGY', u'21', u'SEMESTER 1', u'D1', u'Durban Campus Full-time', u'A', u'40004618:DLAMINI', 46.0]
check 'COMS101_SEM1_2018' 'COMS101'
processXLS: only for SEM2 [u'COMS101_SEM1_2018', u'COMS101_SEM1_2017', u'COMS101', u'COMPUTER SKILLS I', u'NDPPT2', u'ND:  PULP AND PAPER TECHNOLOGY', u'21', u'SEMESTER 1', u'D1', u'Durban Campus Full-time', u'A', u'40004618:DLAMINI', 46.0]
[u'', u'', u'', u'', u'', u'', u'', u'', u'', u'', u'', u'', u'']
check '' ''
[u'DRCE103_SEM1_2018', u'DRCE103_SEM1_2017', u'DRCE103', u'DRAWING: CHEMICAL ENG I', u'NDCME2', u'ND: ENGINEERING: CHEMICAL', u'21', u'SEMESTER 1', u'D1', u'Durban Campus Full-time', u'A', u'40002900:HARIPARSAD', 91.0]
check 'DRCE103_SEM1_2018' 'DRCE103'
processXLS: only for SEM2 [u'DRCE103_SEM1_2018', u'DRCE103_SEM1_2017', u'DRCE103', u'DRAWING: CHEMICAL ENG I', u'NDCME2', u'ND: ENGINEERING: CHEMICAL', u'21', u'SEMESTER 1', u'D1', u'Durban Campus Full-time', u'A', u'40002900:HARIPARSAD', 91.0]
[u'', u'', u'', u'', u'', u'', u'', u'', u'', u'', u'', u'', u'']
check '' ''
[u'IPPM101_SEM1_2018', u'IPPM101_SEM1_2017', u'IPPM101', u'INTRODUCTION TO PULP AND PAPER MAKING I', u'NDPPT2', u'ND:  PULP AND PAPER TECHNOLOGY', u'21', u'SEMESTER 1', u'D1', u'Durban Campus Full-time', u'A', u'40008447:ROOPNARIAN V, 40007625: De Koker', 43.0]
check 'IPPM101_SEM1_2018' 'IPPM101'
processXLS: only for SEM2 [u'IPPM101_SEM1_2018', u'IPPM101_SEM1_2017', u'IPPM101', u'INTRODUCTION TO PULP AND PAPER MAKING I', u'NDPPT2', u'ND:  PULP AND PAPER TECHNOLOGY', u'21', u'SEMESTER 1', u'D1', u'Durban Campus Full-time', u'A', u'40008447:ROOPNARIAN V, 40007625: De Koker', 43.0]
[u'', u'', u'', u'', u'', u'', u'', u'', u'', u'', u'', u'', u'']
check '' ''
[u'IPPM101_SEM2_2018', u'IPPM101_SEM2_2017', u'IPPM101', u'INTRODUCTION TO PULP AND PAPER MAKING I', u'NDPPT2', u'ND:  PULP AND PAPER TECHNOLOGY', u'22', u'SEMESTER 2', u'D1', u'Durban Campus Full-time', u'A', u'40008447:ROOPNARIAN V,40007625: De Koker', 9.0]
check 'IPPM101_SEM2_2018' 'IPPM101'
adding  IPPM101
requesting:  http://10.0.100.98:8000/bbinfo/matching_courses/IPPM101%25
r= <Response [200]>
matching classes= set([u'IPPM101_13_PAUW', u'IPPM101_SEM1_2018', u'IPPM101_SEM2_2018', u'IPPM101_SEM2_2017', u'IPPM101_SEM1_2017', u'IPPM101_ALL_2016'])
[u'', u'', u'', u'', u'', u'', u'', u'', u'', u'', u'', u'', u'']
check '' ''
[u'PPPT101_SEM2_2018', u'PPPT101_SEM2_2017', u'PPPT101', u'PULP AND PAPER TECHNOLOGY I', u'NDPPT2', u'ND:  PULP AND PAPER TECHNOLOGY', u'22', u'SEMESTER 2', u'D1', u'Durban Campus Full-time', u'A', u'40008447:ROOPNARIAN V, 40007625: De Koker', 46.0]
check 'PPPT101_SEM2_2018' 'PPPT101'
adding  PPPT101
requesting:  http://10.0.100.98:8000/bbinfo/matching_courses/PPPT101%25
r= <Response [200]>
matching classes= set([u'PPPT101_13_PAUW', u'PPPT101_SEM2_2017', u'PPPT101_SEM2_2016', u'PPPT101_SEM2_2018'])
[u'', u'', u'', u'', u'', u'', u'', u'', u'', u'', u'', u'', u'']
check '' ''
[u'RSCH199_YEAR_2018', u'RSCH199_YEAR_2017', u'RSCH199', u'RESEARCH', u'MNCHM1', u'MASTER OF ENGINEERING (CHEMICAL)', u'P0', u'POST-GRAD ANNUAL REGISTRATIONS', u'D1', u'Durban Campus Full-time', u'A', u'50009040: RATHILAL', 5.0]
check 'RSCH199_YEAR_2018' 'RSCH199'
processXLS: only for SEM2 [u'RSCH199_YEAR_2018', u'RSCH199_YEAR_2017', u'RSCH199', u'RESEARCH', u'MNCHM1', u'MASTER OF ENGINEERING (CHEMICAL)', u'P0', u'POST-GRAD ANNUAL REGISTRATIONS', u'D1', u'Durban Campus Full-time', u'A', u'50009040: RATHILAL', 5.0]
[u'RSCH199_YEAR_2018', u'RSCH199_YEAR_2017', u'RSCH199', u'RESEARCH', u'MNCHM1', u'MASTER OF ENGINEERING (CHEMICAL)', u'P0', u'POST-GRAD ANNUAL REGISTRATIONS', u'D3', u'Durban Campus Part-time', u'A', u'50009040: RATHILAL', 4.0]
check 'RSCH199_YEAR_2018' 'RSCH199'
processXLS: only for SEM2 [u'RSCH199_YEAR_2018', u'RSCH199_YEAR_2017', u'RSCH199', u'RESEARCH', u'MNCHM1', u'MASTER OF ENGINEERING (CHEMICAL)', u'P0', u'POST-GRAD ANNUAL REGISTRATIONS', u'D3', u'Durban Campus Part-time', u'A', u'50009040: RATHILAL', 4.0]
[u'', u'', u'', u'', u'', u'', u'', u'', u'', u'', u'', u'', u'']
check '' ''
[u'CENT201_SEM2_2018', u'CENT201_SEM2_2017', u'CENT201', u'CHEMICAL ENGINEERING TECH II', u'NDCME2', u'ND: ENGINEERING: CHEMICAL', u'22', u'SEMESTER 2', u'D1', u'Durban Campus Full-time', u'A', u'40004618:DLAMINI', 7.0]
check 'CENT201_SEM2_2018' 'CENT201'
adding  CENT201
requesting:  http://10.0.100.98:8000/bbinfo/matching_courses/CENT201%25
r= <Response [200]>
matching classes= set([u'CENT201_SEM2_2016', u'CENT201_13_PILV', u'CENT201_SEM2_2018', u'CENT201_SEM2_2017'])
[u'CENT201_SEM2_2018', u'CENT201_SEM2_2017', u'CENT201', u'CHEMICAL ENGINEERING TECH II', u'NDPPT2', u'ND:  PULP AND PAPER TECHNOLOGY', u'22', u'SEMESTER 2', u'D1', u'Durban Campus Full-time', u'A', u'40004618:DLAMINI', 41.0]
check 'CENT201_SEM2_2018' 'CENT201'
adding  CENT201
requesting:  http://10.0.100.98:8000/bbinfo/matching_courses/CENT201%25
r= <Response [200]>
matching classes= set([u'CENT201_SEM2_2016', u'CENT201_13_PILV', u'CENT201_SEM2_2018', u'CENT201_SEM2_2017'])
[u'', u'', u'', u'', u'', u'', u'', u'', u'', u'', u'', u'', u'']
check '' ''
[u'CPIN201_SEM1_2018', u'CPIN201_SEM1_2017', u'CPIN201', u'CHEMICAL PROCESS INDUSTRIES II', u'NDCME2', u'ND: ENGINEERING: CHEMICAL', u'21', u'SEMESTER 1', u'D1', u'Durban Campus Full-time', u'A', u'40001353:NAIDOO', 61.0]
check 'CPIN201_SEM1_2018' 'CPIN201'
processXLS: only for SEM2 [u'CPIN201_SEM1_2018', u'CPIN201_SEM1_2017', u'CPIN201', u'CHEMICAL PROCESS INDUSTRIES II', u'NDCME2', u'ND: ENGINEERING: CHEMICAL', u'21', u'SEMESTER 1', u'D1', u'Durban Campus Full-time', u'A', u'40001353:NAIDOO', 61.0]
[u'', u'', u'', u'', u'', u'', u'', u'', u'', u'', u'', u'', u'']
check '' ''
[u'PPPC201_SEM2_2018', u'PPPC201_SEM2_2017', u'PPPC201', u'PULP AND PAPER CHEMISTRY II', u'NDPPT2', u'ND:  PULP AND PAPER TECHNOLOGY', u'22', u'SEMESTER 2', u'D1', u'Durban Campus Full-time', u'A', u'40007625:de Koker;50011698:Pauck', 49.0]
check 'PPPC201_SEM2_2018' 'PPPC201'
adding  PPPC201
requesting:  http://10.0.100.98:8000/bbinfo/matching_courses/PPPC201%25
r= <Response [200]>
matching classes= set([u'PPPC201_SEM2_2017', u'PPPC201_SEM2_2016', u'PPPC201_13_PAUW', u'PPPC201_SEM2_2018'])
[u'', u'', u'', u'', u'', u'', u'', u'', u'', u'', u'', u'', u'']
check '' ''
[u'PPPT201_SEM1_2018', u'PPPT201_SEM1_2017', u'PPPT201', u'PULP AND PAPER TECHNOLOGY II', u'NDPPT2', u'ND:  PULP AND PAPER TECHNOLOGY', u'21', u'SEMESTER 1', u'D1', u'Durban Campus Full-time', u'A', u'40007625:de Koker', 29.0]
check 'PPPT201_SEM1_2018' 'PPPT201'
processXLS: only for SEM2 [u'PPPT201_SEM1_2018', u'PPPT201_SEM1_2017', u'PPPT201', u'PULP AND PAPER TECHNOLOGY II', u'NDPPT2', u'ND:  PULP AND PAPER TECHNOLOGY', u'21', u'SEMESTER 1', u'D1', u'Durban Campus Full-time', u'A', u'40007625:de Koker', 29.0]
[u'', u'', u'', u'', u'', u'', u'', u'', u'', u'', u'', u'', u'']
check '' ''
[u'RSCH299_YEAR_2018', u'RSCH299_YEAR_2017', u'RSCH299', u'RESEARCH (SUCCESSIVE YEARS)', u'MNCHM1', u'MASTER OF ENGINEERING (CHEMICAL)', u'P0', u'POST-GRAD ANNUAL REGISTRATIONS', u'D1', u'Durban Campus Full-time', u'A', u'50009040: RATHILAL', 11.0]
check 'RSCH299_YEAR_2018' 'RSCH299'
processXLS: only for SEM2 [u'RSCH299_YEAR_2018', u'RSCH299_YEAR_2017', u'RSCH299', u'RESEARCH (SUCCESSIVE YEARS)', u'MNCHM1', u'MASTER OF ENGINEERING (CHEMICAL)', u'P0', u'POST-GRAD ANNUAL REGISTRATIONS', u'D1', u'Durban Campus Full-time', u'A', u'50009040: RATHILAL', 11.0]
[u'RSCH299_YEAR_2018', u'RSCH299_YEAR_2017', u'RSCH299', u'RESEARCH (SUCCESSIVE YEARS)', u'MNCHM1', u'MASTER OF ENGINEERING (CHEMICAL)', u'P0', u'POST-GRAD ANNUAL REGISTRATIONS', u'D3', u'Durban Campus Part-time', u'A', u'50009040: RATHILAL', 8.0]
check 'RSCH299_YEAR_2018' 'RSCH299'
processXLS: only for SEM2 [u'RSCH299_YEAR_2018', u'RSCH299_YEAR_2017', u'RSCH299', u'RESEARCH (SUCCESSIVE YEARS)', u'MNCHM1', u'MASTER OF ENGINEERING (CHEMICAL)', u'P0', u'POST-GRAD ANNUAL REGISTRATIONS', u'D3', u'Durban Campus Part-time', u'A', u'50009040: RATHILAL', 8.0]
[u'', u'', u'', u'', u'', u'', u'', u'', u'', u'', u'', u'', u'']
check '' ''
[u'CENT313_SEM1_2018', u'CENT313_SEM1_2017', u'CENT313', u'CHEMICAL ENGINEERING TECH III (MODULE 1)', u'NDCME2', u'ND: ENGINEERING: CHEMICAL', u'21', u'SEMESTER 1', u'D1', u'Durban Campus Full-time', u'A', u'40009701:KIAMBI;40004618:DLAMINI', 88.0]
check 'CENT313_SEM1_2018' 'CENT313'
processXLS: only for SEM2 [u'CENT313_SEM1_2018', u'CENT313_SEM1_2017', u'CENT313', u'CHEMICAL ENGINEERING TECH III (MODULE 1)', u'NDCME2', u'ND: ENGINEERING: CHEMICAL', u'21', u'SEMESTER 1', u'D1', u'Durban Campus Full-time', u'A', u'40009701:KIAMBI;40004618:DLAMINI', 88.0]
[u'CENT313_SEM1_2018', u'CENT313_SEM1_2017', u'CENT313', u'CHEMICAL ENGINEERING TECH III (MODULE 1)', u'NODIP4', u'NON-DIPLOMA PURPOSE (ENG & BE)', u'21', u'SEMESTER 1', u'D7', u'DBN FULL-TIME NON-SUBSIDISED', u'A', u'40009701:KIAMBI;40004618:DLAMINI', 1.0]
check 'CENT313_SEM1_2018' 'CENT313'
processXLS: only for SEM2 [u'CENT313_SEM1_2018', u'CENT313_SEM1_2017', u'CENT313', u'CHEMICAL ENGINEERING TECH III (MODULE 1)', u'NODIP4', u'NON-DIPLOMA PURPOSE (ENG & BE)', u'21', u'SEMESTER 1', u'D7', u'DBN FULL-TIME NON-SUBSIDISED', u'A', u'40009701:KIAMBI;40004618:DLAMINI', 1.0]
[u'', u'', u'', u'', u'', u'', u'', u'', u'', u'', u'', u'', u'']
check '' ''
[u'CENT314_SEM1_2018', u'CENT314_SEM1_2017', u'CENT314', u'CHEM ENG TECH III (MOD 1-TRANSFER PROCESSES)', u'NDCME2', u'ND: ENGINEERING: CHEMICAL', u'21', u'SEMESTER 1', u'D1', u'Durban Campus Full-time', u'A', u'40000463:REDDY;40004618:DLAMINI', 1.0]
check 'CENT314_SEM1_2018' 'CENT314'
processXLS: only for SEM2 [u'CENT314_SEM1_2018', u'CENT314_SEM1_2017', u'CENT314', u'CHEM ENG TECH III (MOD 1-TRANSFER PROCESSES)', u'NDCME2', u'ND: ENGINEERING: CHEMICAL', u'21', u'SEMESTER 1', u'D1', u'Durban Campus Full-time', u'A', u'40000463:REDDY;40004618:DLAMINI', 1.0]
[u'CENT314_SEM1_2018', u'CENT314_SEM1_2017', u'CENT314', u'CHEM ENG TECH III (MOD 1-TRANSFER PROCESSES)', u'NDPPT2', u'ND:  PULP AND PAPER TECHNOLOGY', u'21', u'SEMESTER 1', u'D1', u'Durban Campus Full-time', u'A', u'40000463:REDDY;40004618:DLAMINI', 50.0]
check 'CENT314_SEM1_2018' 'CENT314'
processXLS: only for SEM2 [u'CENT314_SEM1_2018', u'CENT314_SEM1_2017', u'CENT314', u'CHEM ENG TECH III (MOD 1-TRANSFER PROCESSES)', u'NDPPT2', u'ND:  PULP AND PAPER TECHNOLOGY', u'21', u'SEMESTER 1', u'D1', u'Durban Campus Full-time', u'A', u'40000463:REDDY;40004618:DLAMINI', 50.0]
[u'', u'', u'', u'', u'', u'', u'', u'', u'', u'', u'', u'', u'']
check '' ''
[u'CENT323_SEM1_2018', u'CENT323_SEM1_2017', u'CENT323', u'CHEMICAL ENGINEERING TECH III (MODULE 2)', u'NDCME2', u'ND: ENGINEERING: CHEMICAL', u'21', u'SEMESTER 1', u'D1', u'Durban Campus Full-time', u'A', u'40010664:MUSONGE;40012425:ISA', 93.0]
check 'CENT323_SEM1_2018' 'CENT323'
processXLS: only for SEM2 [u'CENT323_SEM1_2018', u'CENT323_SEM1_2017', u'CENT323', u'CHEMICAL ENGINEERING TECH III (MODULE 2)', u'NDCME2', u'ND: ENGINEERING: CHEMICAL', u'21', u'SEMESTER 1', u'D1', u'Durban Campus Full-time', u'A', u'40010664:MUSONGE;40012425:ISA', 93.0]
[u'CENT323_SEM1_2018', u'CENT323_SEM1_2017', u'CENT323', u'CHEMICAL ENGINEERING TECH III (MODULE 2)', u'NODIP4', u'NON-DIPLOMA PURPOSE (ENG & BE)', u'21', u'SEMESTER 1', u'D7', u'DBN FULL-TIME NON-SUBSIDISED', u'A', u'40010664:MUSONGE;40012425:ISA', 1.0]
check 'CENT323_SEM1_2018' 'CENT323'
processXLS: only for SEM2 [u'CENT323_SEM1_2018', u'CENT323_SEM1_2017', u'CENT323', u'CHEMICAL ENGINEERING TECH III (MODULE 2)', u'NODIP4', u'NON-DIPLOMA PURPOSE (ENG & BE)', u'21', u'SEMESTER 1', u'D7', u'DBN FULL-TIME NON-SUBSIDISED', u'A', u'40010664:MUSONGE;40012425:ISA', 1.0]
[u'', u'', u'', u'', u'', u'', u'', u'', u'', u'', u'', u'', u'']
check '' ''
[u'CENT324_SEM1_2018', u'CENT324_SEM1_2017', u'CENT324', u'CHEM ENG TECH III (MOD 2-UNIT OPERATIONS)', u'NDCME2', u'ND: ENGINEERING: CHEMICAL', u'21', u'SEMESTER 1', u'D1', u'Durban Campus Full-time', u'A', u'40009701:KIAMBI', 64.0]
check 'CENT324_SEM1_2018' 'CENT324'
processXLS: only for SEM2 [u'CENT324_SEM1_2018', u'CENT324_SEM1_2017', u'CENT324', u'CHEM ENG TECH III (MOD 2-UNIT OPERATIONS)', u'NDCME2', u'ND: ENGINEERING: CHEMICAL', u'21', u'SEMESTER 1', u'D1', u'Durban Campus Full-time', u'A', u'40009701:KIAMBI', 64.0]
[u'CENT324_SEM1_2018', u'CENT324_SEM1_2017', u'CENT324', u'CHEM ENG TECH III (MOD 2-UNIT OPERATIONS)', u'NDPPT2', u'ND:  PULP AND PAPER TECHNOLOGY', u'21', u'SEMESTER 1', u'D1', u'Durban Campus Full-time', u'A', u'40009701:KIAMBI', 26.0]
check 'CENT324_SEM1_2018' 'CENT324'
processXLS: only for SEM2 [u'CENT324_SEM1_2018', u'CENT324_SEM1_2017', u'CENT324', u'CHEM ENG TECH III (MOD 2-UNIT OPERATIONS)', u'NDPPT2', u'ND:  PULP AND PAPER TECHNOLOGY', u'21', u'SEMESTER 1', u'D1', u'Durban Campus Full-time', u'A', u'40009701:KIAMBI', 26.0]
[u'', u'', u'', u'', u'', u'', u'', u'', u'', u'', u'', u'', u'']
check '' ''
[u'CENT333_SEM1_2018', u'CENT333_SEM1_2017', u'CENT333', u'CHEMICAL ENGINEERING TECH III (MODULE 3)', u'NDCME2', u'ND: ENGINEERING: CHEMICAL', u'21', u'SEMESTER 1', u'D1', u'Durban Campus Full-time', u'A', u'40000463:REDDY', 88.0]
check 'CENT333_SEM1_2018' 'CENT333'
processXLS: only for SEM2 [u'CENT333_SEM1_2018', u'CENT333_SEM1_2017', u'CENT333', u'CHEMICAL ENGINEERING TECH III (MODULE 3)', u'NDCME2', u'ND: ENGINEERING: CHEMICAL', u'21', u'SEMESTER 1', u'D1', u'Durban Campus Full-time', u'A', u'40000463:REDDY', 88.0]
[u'CENT333_SEM1_2018', u'CENT333_SEM1_2017', u'CENT333', u'CHEMICAL ENGINEERING TECH III (MODULE 3)', u'NODIP4', u'NON-DIPLOMA PURPOSE (ENG & BE)', u'21', u'SEMESTER 1', u'D7', u'DBN FULL-TIME NON-SUBSIDISED', u'A', u'40000463:REDDY', 1.0]
check 'CENT333_SEM1_2018' 'CENT333'
processXLS: only for SEM2 [u'CENT333_SEM1_2018', u'CENT333_SEM1_2017', u'CENT333', u'CHEMICAL ENGINEERING TECH III (MODULE 3)', u'NODIP4', u'NON-DIPLOMA PURPOSE (ENG & BE)', u'21', u'SEMESTER 1', u'D7', u'DBN FULL-TIME NON-SUBSIDISED', u'A', u'40000463:REDDY', 1.0]
[u'', u'', u'', u'', u'', u'', u'', u'', u'', u'', u'', u'', u'']
check '' ''
[u'CHPL314_SEM2_2018', u'CHPL314_SEM2_2017', u'CHPL314', u'CHEMICAL PLANT III (MODULE 1)', u'NDCME2', u'ND: ENGINEERING: CHEMICAL', u'22', u'SEMESTER 2', u'D1', u'Durban Campus Full-time', u'A', u'40000463:REDDY;40004618:DLAMINI', 57.0]
check 'CHPL314_SEM2_2018' 'CHPL314'
adding  CHPL314
requesting:  http://10.0.100.98:8000/bbinfo/matching_courses/CHPL314%25
r= <Response [200]>
matching classes= set([u'CHPL314_SEM2_2016', u'CHPL314_SEM2_2017', u'CHPL314_13_RATS', u'CHPL314_SEM2_2018'])
[u'CHPL314_SEM2_2018', u'CHPL314_SEM2_2017', u'CHPL314', u'CHEMICAL PLANT III (MODULE 1)', u'NDPPT2', u'ND:  PULP AND PAPER TECHNOLOGY', u'22', u'SEMESTER 2', u'D1', u'Durban Campus Full-time', u'A', u'40000463:REDDY;40004618:DLAMINI', 14.0]
check 'CHPL314_SEM2_2018' 'CHPL314'
adding  CHPL314
requesting:  http://10.0.100.98:8000/bbinfo/matching_courses/CHPL314%25
r= <Response [200]>
matching classes= set([u'CHPL314_SEM2_2016', u'CHPL314_SEM2_2017', u'CHPL314_13_RATS', u'CHPL314_SEM2_2018'])
[u'', u'', u'', u'', u'', u'', u'', u'', u'', u'', u'', u'', u'']
check '' ''
[u'CHPL324_SEM2_2018', u'CHPL324_SEM2_2017', u'CHPL324', u'CHEMICAL PLANT III (MODULE 2)', u'NDCME2', u'ND: ENGINEERING: CHEMICAL', u'22', u'SEMESTER 2', u'D1', u'Durban Campus Full-time', u'A', u'40009701: KIAMBI', 94.0]
check 'CHPL324_SEM2_2018' 'CHPL324'
adding  CHPL324
requesting:  http://10.0.100.98:8000/bbinfo/matching_courses/CHPL324%25
r= <Response [200]>
matching classes= set([u'CHPL324', u'CHPL324_SEM2_2018', u'CHPL324_13_CHEM', u'CHPL324_SEM2_2016', u'CHPL324_SEM2_2017'])
[u'CHPL324_SEM2_2018', u'CHPL324_SEM2_2017', u'CHPL324', u'CHEMICAL PLANT III (MODULE 2)', u'NDPPT2', u'ND:  PULP AND PAPER TECHNOLOGY', u'22', u'SEMESTER 2', u'D1', u'Durban Campus Full-time', u'A', u'40009701: KIAMBI', 39.0]
check 'CHPL324_SEM2_2018' 'CHPL324'
adding  CHPL324
requesting:  http://10.0.100.98:8000/bbinfo/matching_courses/CHPL324%25
r= <Response [200]>
matching classes= set([u'CHPL324', u'CHPL324_SEM2_2018', u'CHPL324_13_CHEM', u'CHPL324_SEM2_2016', u'CHPL324_SEM2_2017'])
[u'', u'', u'', u'', u'', u'', u'', u'', u'', u'', u'', u'', u'']
check '' ''
[u'CPDP301_YEAR_2018', u'CPDP301_YEAR_2017', u'CPDP301', u'CHEMICAL PROCESS DESIGN : PRINCIPLES III', u'NDCME2', u'ND: ENGINEERING: CHEMICAL', u'11', u'YEAR', u'D1', u'Durban Campus Full-time', u'A', u'40000184:RAMSUROOP', 77.0]
check 'CPDP301_YEAR_2018' 'CPDP301'
processXLS: only for SEM2 [u'CPDP301_YEAR_2018', u'CPDP301_YEAR_2017', u'CPDP301', u'CHEMICAL PROCESS DESIGN : PRINCIPLES III', u'NDCME2', u'ND: ENGINEERING: CHEMICAL', u'11', u'YEAR', u'D1', u'Durban Campus Full-time', u'A', u'40000184:RAMSUROOP', 77.0]
[u'CPDP301_YEAR_2018', u'CPDP301_YEAR_2017', u'CPDP301', u'CHEMICAL PROCESS DESIGN : PRINCIPLES III', u'NODIP4', u'NON-DIPLOMA PURPOSE (ENG & BE)', u'11', u'YEAR', u'D7', u'DBN FULL-TIME NON-SUBSIDISED', u'A', u'40000184:RAMSUROOP', 1.0]
check 'CPDP301_YEAR_2018' 'CPDP301'
processXLS: only for SEM2 [u'CPDP301_YEAR_2018', u'CPDP301_YEAR_2017', u'CPDP301', u'CHEMICAL PROCESS DESIGN : PRINCIPLES III', u'NODIP4', u'NON-DIPLOMA PURPOSE (ENG & BE)', u'11', u'YEAR', u'D7', u'DBN FULL-TIME NON-SUBSIDISED', u'A', u'40000184:RAMSUROOP', 1.0]
[u'', u'', u'', u'', u'', u'', u'', u'', u'', u'', u'', u'', u'']
check '' ''
[u'PCCR301_SEM2_2018', u'PCCR301_SEM2_2017', u'PCCR301', u'PROCESS CONTROL III', u'NDCME2', u'ND: ENGINEERING: CHEMICAL', u'22', u'SEMESTER 2', u'D1', u'Durban Campus Full-time', u'A', u'40007963:NGEMA', 53.0]
check 'PCCR301_SEM2_2018' 'PCCR301'
adding  PCCR301
requesting:  http://10.0.100.98:8000/bbinfo/matching_courses/PCCR301%25
r= <Response [200]>
matching classes= set([u'PCCR301_SEM2_2018', u'PCCR301_13_RATS', u'PCCR301_SEM2_2017', u'PCCR301_SEM2_2016'])
[u'PCCR301_SEM2_2018', u'PCCR301_SEM2_2017', u'PCCR301', u'PROCESS CONTROL III', u'NDPPT2', u'ND:  PULP AND PAPER TECHNOLOGY', u'22', u'SEMESTER 2', u'D1', u'Durban Campus Full-time', u'A', u'40007963:NGEMA', 18.0]
check 'PCCR301_SEM2_2018' 'PCCR301'
adding  PCCR301
requesting:  http://10.0.100.98:8000/bbinfo/matching_courses/PCCR301%25
r= <Response [200]>
matching classes= set([u'PCCR301_SEM2_2018', u'PCCR301_13_RATS', u'PCCR301_SEM2_2017', u'PCCR301_SEM2_2016'])
[u'PCCR301_SEM2_2018', u'PCCR301_SEM2_2017', u'PCCR301', u'PROCESS CONTROL III', u'NODIP4', u'NON-DIPLOMA PURPOSE (ENG & BE)', u'22', u'SEMESTER 2', u'D7', u'DBN FULL-TIME NON-SUBSIDISED', u'A', u'40007963:NGEMA', 0.0]
check 'PCCR301_SEM2_2018' 'PCCR301'
adding  PCCR301
requesting:  http://10.0.100.98:8000/bbinfo/matching_courses/PCCR301%25
r= <Response [200]>
matching classes= set([u'PCCR301_SEM2_2018', u'PCCR301_13_RATS', u'PCCR301_SEM2_2017', u'PCCR301_SEM2_2016'])
[u'', u'', u'', u'', u'', u'', u'', u'', u'', u'', u'', u'', u'']
check '' ''
[u'PPPC301_SEM1_2018', u'PPPC301_SEM1_2017', u'PPPC301', u'PULP AND PAPER CHEMISTRY III', u'NDPPT2', u'ND:  PULP AND PAPER TECHNOLOGY', u'21', u'SEMESTER 1', u'D1', u'Durban Campus Full-time', u'A', u'40007625:de Koker;50011698:Pauck', 29.0]
check 'PPPC301_SEM1_2018' 'PPPC301'
processXLS: only for SEM2 [u'PPPC301_SEM1_2018', u'PPPC301_SEM1_2017', u'PPPC301', u'PULP AND PAPER CHEMISTRY III', u'NDPPT2', u'ND:  PULP AND PAPER TECHNOLOGY', u'21', u'SEMESTER 1', u'D1', u'Durban Campus Full-time', u'A', u'40007625:de Koker;50011698:Pauck', 29.0]
[u'', u'', u'', u'', u'', u'', u'', u'', u'', u'', u'', u'', u'']
check '' ''
[u'PPPT301_SEM2_2018', u'PPPT301_SEM2_2017', u'PPPT301', u'PULP AND PAPER TECHNOLOGY III', u'NDPPT2', u'ND:  PULP AND PAPER TECHNOLOGY', u'22', u'SEMESTER 2', u'D1', u'Durban Campus Full-time', u'A', u'40007625:de Koker, 50011698:Pauck', 25.0]
check 'PPPT301_SEM2_2018' 'PPPT301'
adding  PPPT301
requesting:  http://10.0.100.98:8000/bbinfo/matching_courses/PPPT301%25
r= <Response [200]>
matching classes= set([u'PPPT301_SEM2_2018', u'PPPT301_SEM2_2017', u'PPPT301_SEM2_2016', u'PPPT301_13_PAUW'])
[u'', u'', u'', u'', u'', u'', u'', u'', u'', u'', u'', u'', u'']
check '' ''
[u'TDYA301_SEM1_2018', u'TDYA301_SEM1_2017', u'TDYA301', u'THERMODYNAMICS : APPLIED III', u'NDCME2', u'ND: ENGINEERING: CHEMICAL', u'21', u'SEMESTER 1', u'D1', u'Durban Campus Full-time', u'A', u'40012425:ISA', 98.0]
check 'TDYA301_SEM1_2018' 'TDYA301'
processXLS: only for SEM2 [u'TDYA301_SEM1_2018', u'TDYA301_SEM1_2017', u'TDYA301', u'THERMODYNAMICS : APPLIED III', u'NDCME2', u'ND: ENGINEERING: CHEMICAL', u'21', u'SEMESTER 1', u'D1', u'Durban Campus Full-time', u'A', u'40012425:ISA', 98.0]
[u'TDYA301_SEM1_2018', u'TDYA301_SEM1_2017', u'TDYA301', u'THERMODYNAMICS : APPLIED III', u'NDPPT2', u'ND:  PULP AND PAPER TECHNOLOGY', u'21', u'SEMESTER 1', u'D1', u'Durban Campus Full-time', u'A', u'40012425:ISA', 39.0]
check 'TDYA301_SEM1_2018' 'TDYA301'
processXLS: only for SEM2 [u'TDYA301_SEM1_2018', u'TDYA301_SEM1_2017', u'TDYA301', u'THERMODYNAMICS : APPLIED III', u'NDPPT2', u'ND:  PULP AND PAPER TECHNOLOGY', u'21', u'SEMESTER 1', u'D1', u'Durban Campus Full-time', u'A', u'40012425:ISA', 39.0]
[u'TDYA301_SEM1_2018', u'TDYA301_SEM1_2017', u'TDYA301', u'THERMODYNAMICS : APPLIED III', u'NODIP4', u'NON-DIPLOMA PURPOSE (ENG & BE)', u'21', u'SEMESTER 1', u'D7', u'DBN FULL-TIME NON-SUBSIDISED', u'A', u'40012425:ISA', 1.0]
check 'TDYA301_SEM1_2018' 'TDYA301'
processXLS: only for SEM2 [u'TDYA301_SEM1_2018', u'TDYA301_SEM1_2017', u'TDYA301', u'THERMODYNAMICS : APPLIED III', u'NODIP4', u'NON-DIPLOMA PURPOSE (ENG & BE)', u'21', u'SEMESTER 1', u'D7', u'DBN FULL-TIME NON-SUBSIDISED', u'A', u'40012425:ISA', 1.0]
[u'', u'', u'', u'', u'', u'', u'', u'', u'', u'', u'', u'', u'']
check '' ''
[u'TMOC302_SEM2_2018', u'TMOC302_SEM2_2017', u'TMOC302', u'THERMODYNAMICS : CHEMICAL ENGINEERING III', u'NDCME2', u'ND: ENGINEERING: CHEMICAL', u'22', u'SEMESTER 2', u'D1', u'Durban Campus Full-time', u'A', u'40013055:LASICH M;40013055:LASICH M;40013055:LASICH M;40013055:LASICH M', 56.0]
check 'TMOC302_SEM2_2018' 'TMOC302'
adding  TMOC302
requesting:  http://10.0.100.98:8000/bbinfo/matching_courses/TMOC302%25
r= <Response [200]>
matching classes= set([u'TMOC302_SEM2_2017', u'TMOC302_SEM2_2016', u'TMOC302_SEM2_2018', u'TMOC302_13_PILR'])
[u'', u'', u'', u'', u'', u'', u'', u'', u'', u'', u'', u'', u'']
check '' ''
[u'CEPD401_YEAR_2018', u'CEPD401_YEAR_2017', u'CEPD401', u'CHEMICAL PROCESS DESIGN IV  (MODULE  2)', u'BTCME1', u'BT: ENGINEERING: CHEMICAL', u'11', u'YEAR', u'D1', u'Durban Campus Full-time', u'A', u'40000313:THAKOR VALLABH', 36.0]
check 'CEPD401_YEAR_2018' 'CEPD401'
processXLS: only for SEM2 [u'CEPD401_YEAR_2018', u'CEPD401_YEAR_2017', u'CEPD401', u'CHEMICAL PROCESS DESIGN IV  (MODULE  2)', u'BTCME1', u'BT: ENGINEERING: CHEMICAL', u'11', u'YEAR', u'D1', u'Durban Campus Full-time', u'A', u'40000313:THAKOR VALLABH', 36.0]
[u'CEPD401_YEAR_2018', u'CEPD401_YEAR_2017', u'CEPD401', u'CHEMICAL PROCESS DESIGN IV  (MODULE  2)', u'BTCME1', u'BT: ENGINEERING: CHEMICAL', u'11', u'YEAR', u'D3', u'Durban Campus Part-time', u'A', u'40000313:THAKOR VALLABH', 42.0]
check 'CEPD401_YEAR_2018' 'CEPD401'
processXLS: only for SEM2 [u'CEPD401_YEAR_2018', u'CEPD401_YEAR_2017', u'CEPD401', u'CHEMICAL PROCESS DESIGN IV  (MODULE  2)', u'BTCME1', u'BT: ENGINEERING: CHEMICAL', u'11', u'YEAR', u'D3', u'Durban Campus Part-time', u'A', u'40000313:THAKOR VALLABH', 42.0]
[u'', u'', u'', u'', u'', u'', u'', u'', u'', u'', u'', u'', u'']
check '' ''
[u'CETE401_SEM2_2018', u'CETE401_SEM2_2017', u'CETE401', u'CHEMICAL ENGINEERING TECH IV  (MODULE 1)', u'BTCME1', u'BT: ENGINEERING: CHEMICAL', u'22', u'SEMESTER 2', u'D1', u'Durban Campus Full-time', u'A', u'40012425:ISA', 40.0]
check 'CETE401_SEM2_2018' 'CETE401'
adding  CETE401
requesting:  http://10.0.100.98:8000/bbinfo/matching_courses/CETE401%25
r= <Response [200]>
matching classes= set([u'CETE401_13_MUSP', u'CETE401_SEM2_2016', u'CETE401_SEM2_2017', u'CETE401', u'CETE401_SEM2_2018'])
[u'CETE401_SEM2_2018', u'CETE401_SEM2_2017', u'CETE401', u'CHEMICAL ENGINEERING TECH IV  (MODULE 1)', u'BTCME1', u'BT: ENGINEERING: CHEMICAL', u'22', u'SEMESTER 2', u'D3', u'Durban Campus Part-time', u'A', u'40012425:ISA', 50.0]
check 'CETE401_SEM2_2018' 'CETE401'
adding  CETE401
requesting:  http://10.0.100.98:8000/bbinfo/matching_courses/CETE401%25
r= <Response [200]>
matching classes= set([u'CETE401_13_MUSP', u'CETE401_SEM2_2016', u'CETE401_SEM2_2017', u'CETE401', u'CETE401_SEM2_2018'])
[u'', u'', u'', u'', u'', u'', u'', u'', u'', u'', u'', u'', u'']
check '' ''
[u'CHPD401_SEM2_2018', u'CHPD401_SEM2_2017', u'CHPD401', u'CHEMICAL PROCESS DESIGN IV  ( MODULE 1 )', u'BTCME1', u'BT: ENGINEERING: CHEMICAL', u'22', u'SEMESTER 2', u'D1', u'Durban Campus Full-time', u'A', u'40000313:THAKOR VALLABH', 38.0]
check 'CHPD401_SEM2_2018' 'CHPD401'
adding  CHPD401
requesting:  http://10.0.100.98:8000/bbinfo/matching_courses/CHPD401%25
r= <Response [200]>
matching classes= set([u'CHPD401_SEM2_2017', u'CHPD401_SEM2_2016', u'CHPD401_13_THAS', u'CHPD401_SEM2_2018'])
[u'CHPD401_SEM2_2018', u'CHPD401_SEM2_2017', u'CHPD401', u'CHEMICAL PROCESS DESIGN IV  ( MODULE 1 )', u'BTCME1', u'BT: ENGINEERING: CHEMICAL', u'22', u'SEMESTER 2', u'D3', u'Durban Campus Part-time', u'A', u'40000313:THAKOR VALLABH', 50.0]
check 'CHPD401_SEM2_2018' 'CHPD401'
adding  CHPD401
requesting:  http://10.0.100.98:8000/bbinfo/matching_courses/CHPD401%25
r= <Response [200]>
matching classes= set([u'CHPD401_SEM2_2017', u'CHPD401_SEM2_2016', u'CHPD401_13_THAS', u'CHPD401_SEM2_2018'])
[u'', u'', u'', u'', u'', u'', u'', u'', u'', u'', u'', u'', u'']
check '' ''
[u'CHTE401_SEM1_2018', u'CHTE401_SEM1_2017', u'CHTE401', u'CHEMICAL ENGINEERING TECH IV  ( MODULE 2 )', u'BTCME1', u'BT: ENGINEERING: CHEMICAL', u'21', u'SEMESTER 1', u'D1', u'Durban Campus Full-time', u'A', u'50009040:RATHILAL', 30.0]
check 'CHTE401_SEM1_2018' 'CHTE401'
processXLS: only for SEM2 [u'CHTE401_SEM1_2018', u'CHTE401_SEM1_2017', u'CHTE401', u'CHEMICAL ENGINEERING TECH IV  ( MODULE 2 )', u'BTCME1', u'BT: ENGINEERING: CHEMICAL', u'21', u'SEMESTER 1', u'D1', u'Durban Campus Full-time', u'A', u'50009040:RATHILAL', 30.0]
[u'CHTE401_SEM1_2018', u'CHTE401_SEM1_2017', u'CHTE401', u'CHEMICAL ENGINEERING TECH IV  ( MODULE 2 )', u'BTCME1', u'BT: ENGINEERING: CHEMICAL', u'21', u'SEMESTER 1', u'D3', u'Durban Campus Part-time', u'A', u'50009040:RATHILAL', 58.0]
check 'CHTE401_SEM1_2018' 'CHTE401'
processXLS: only for SEM2 [u'CHTE401_SEM1_2018', u'CHTE401_SEM1_2017', u'CHTE401', u'CHEMICAL ENGINEERING TECH IV  ( MODULE 2 )', u'BTCME1', u'BT: ENGINEERING: CHEMICAL', u'21', u'SEMESTER 1', u'D3', u'Durban Campus Part-time', u'A', u'50009040:RATHILAL', 58.0]
[u'CHTE401_SEM1_2018', u'CHTE401_SEM1_2017', u'CHTE401', u'CHEMICAL ENGINEERING TECH IV  ( MODULE 2 )', u'NODIP4', u'NON-DIPLOMA PURPOSE (ENG & BE)', u'21', u'SEMESTER 1', u'D7', u'DBN FULL-TIME NON-SUBSIDISED', u'A', u'50009040:RATHILAL', 0.0]
check 'CHTE401_SEM1_2018' 'CHTE401'
processXLS: only for SEM2 [u'CHTE401_SEM1_2018', u'CHTE401_SEM1_2017', u'CHTE401', u'CHEMICAL ENGINEERING TECH IV  ( MODULE 2 )', u'NODIP4', u'NON-DIPLOMA PURPOSE (ENG & BE)', u'21', u'SEMESTER 1', u'D7', u'DBN FULL-TIME NON-SUBSIDISED', u'A', u'50009040:RATHILAL', 0.0]
[u'', u'', u'', u'', u'', u'', u'', u'', u'', u'', u'', u'', u'']
check '' ''
[u'CTEC401_SEM1_2018', u'CTEC401_SEM1_2017', u'CTEC401', u'CHEMICAL ENGINEERING TECH IV  ( MODULE 3 )', u'BTCME1', u'BT: ENGINEERING: CHEMICAL', u'21', u'SEMESTER 1', u'D1', u'Durban Campus Full-time', u'A', u'40009701:KIAMBI', 30.0]
check 'CTEC401_SEM1_2018' 'CTEC401'
processXLS: only for SEM2 [u'CTEC401_SEM1_2018', u'CTEC401_SEM1_2017', u'CTEC401', u'CHEMICAL ENGINEERING TECH IV  ( MODULE 3 )', u'BTCME1', u'BT: ENGINEERING: CHEMICAL', u'21', u'SEMESTER 1', u'D1', u'Durban Campus Full-time', u'A', u'40009701:KIAMBI', 30.0]
[u'CTEC401_SEM1_2018', u'CTEC401_SEM1_2017', u'CTEC401', u'CHEMICAL ENGINEERING TECH IV  ( MODULE 3 )', u'BTCME1', u'BT: ENGINEERING: CHEMICAL', u'21', u'SEMESTER 1', u'D3', u'Durban Campus Part-time', u'A', u'40009701:KIAMBI', 68.0]
check 'CTEC401_SEM1_2018' 'CTEC401'
processXLS: only for SEM2 [u'CTEC401_SEM1_2018', u'CTEC401_SEM1_2017', u'CTEC401', u'CHEMICAL ENGINEERING TECH IV  ( MODULE 3 )', u'BTCME1', u'BT: ENGINEERING: CHEMICAL', u'21', u'SEMESTER 1', u'D3', u'Durban Campus Part-time', u'A', u'40009701:KIAMBI', 68.0]
[u'CTEC401_SEM1_2018', u'CTEC401_SEM1_2017', u'CTEC401', u'CHEMICAL ENGINEERING TECH IV  ( MODULE 3 )', u'NODIP4', u'NON-DIPLOMA PURPOSE (ENG & BE)', u'21', u'SEMESTER 1', u'D7', u'DBN FULL-TIME NON-SUBSIDISED', u'A', u'40009701:KIAMBI', 2.0]
check 'CTEC401_SEM1_2018' 'CTEC401'
processXLS: only for SEM2 [u'CTEC401_SEM1_2018', u'CTEC401_SEM1_2017', u'CTEC401', u'CHEMICAL ENGINEERING TECH IV  ( MODULE 3 )', u'NODIP4', u'NON-DIPLOMA PURPOSE (ENG & BE)', u'21', u'SEMESTER 1', u'D7', u'DBN FULL-TIME NON-SUBSIDISED', u'A', u'40009701:KIAMBI', 2.0]
[u'', u'', u'', u'', u'', u'', u'', u'', u'', u'', u'', u'', u'']
check '' ''
[u'EFCC401_SEM1_2018', u'EFCC401_SEM1_2017', u'EFCC401', u'ENVIRONMENTAL FACTORS & CORROSION CONTROL IV', u'BTPPT1', u'BT: PULP AND PAPER TECHNOLOGY', u'21', u'SEMESTER 1', u'D3', u'Durban Campus Part-time', u'A', u'50011698:Pauck, 40007625:de Koker', 26.0]
check 'EFCC401_SEM1_2018' 'EFCC401'
processXLS: only for SEM2 [u'EFCC401_SEM1_2018', u'EFCC401_SEM1_2017', u'EFCC401', u'ENVIRONMENTAL FACTORS & CORROSION CONTROL IV', u'BTPPT1', u'BT: PULP AND PAPER TECHNOLOGY', u'21', u'SEMESTER 1', u'D3', u'Durban Campus Part-time', u'A', u'50011698:Pauck, 40007625:de Koker', 26.0]
[u'', u'', u'', u'', u'', u'', u'', u'', u'', u'', u'', u'', u'']
check '' ''
[u'PCCR402_SEM2_2018', u'PCCR402_SEM2_2017', u'PCCR402', u'PROCESS CONTROL IV', u'BTCME1', u'BT: ENGINEERING: CHEMICAL', u'22', u'SEMESTER 2', u'D1', u'Durban Campus Full-time', u'A', u'50009040:RATHILAL', 35.0]
check 'PCCR402_SEM2_2018' 'PCCR402'
adding  PCCR402
requesting:  http://10.0.100.98:8000/bbinfo/matching_courses/PCCR402%25
r= <Response [200]>
matching classes= set([u'PCCR402_SEM2_2017', u'PCCR402_SEM2_2016', u'PCCR402_SEM2_2018', u'PCCR402_13_RATS'])
[u'PCCR402_SEM2_2018', u'PCCR402_SEM2_2017', u'PCCR402', u'PROCESS CONTROL IV', u'BTCME1', u'BT: ENGINEERING: CHEMICAL', u'22', u'SEMESTER 2', u'D3', u'Durban Campus Part-time', u'A', u'50009040:RATHILAL', 32.0]
check 'PCCR402_SEM2_2018' 'PCCR402'
adding  PCCR402
requesting:  http://10.0.100.98:8000/bbinfo/matching_courses/PCCR402%25
r= <Response [200]>
matching classes= set([u'PCCR402_SEM2_2017', u'PCCR402_SEM2_2016', u'PCCR402_SEM2_2018', u'PCCR402_13_RATS'])
[u'', u'', u'', u'', u'', u'', u'', u'', u'', u'', u'', u'', u'']
check '' ''
[u'PECI401_SEM2_2018', u'PECI401_SEM2_2017', u'PECI401', u'PROD ENG: CHEM INDUSTRY IV', u'BTCME1', u'BT: ENGINEERING: CHEMICAL', u'22', u'SEMESTER 2', u'D1', u'Durban Campus Full-time', u'A', u'40009701:KIAMBI', 36.0]
check 'PECI401_SEM2_2018' 'PECI401'
adding  PECI401
requesting:  http://10.0.100.98:8000/bbinfo/matching_courses/PECI401%25
r= <Response [200]>
matching classes= set([u'PECI401_13_NDIN', u'PECI401_SEM2_2016', u'PECI401_SEM2_2017', u'PECI401_SEM2_2018'])
[u'PECI401_SEM2_2018', u'PECI401_SEM2_2017', u'PECI401', u'PROD ENG: CHEM INDUSTRY IV', u'BTCME1', u'BT: ENGINEERING: CHEMICAL', u'22', u'SEMESTER 2', u'D3', u'Durban Campus Part-time', u'A', u'40009701:KIAMBI', 60.0]
check 'PECI401_SEM2_2018' 'PECI401'
adding  PECI401
requesting:  http://10.0.100.98:8000/bbinfo/matching_courses/PECI401%25
r= <Response [200]>
matching classes= set([u'PECI401_13_NDIN', u'PECI401_SEM2_2016', u'PECI401_SEM2_2017', u'PECI401_SEM2_2018'])
[u'', u'', u'', u'', u'', u'', u'', u'', u'', u'', u'', u'', u'']
check '' ''
[u'PIFP401_YEAR_2018', u'PIFP401_YEAR_2017', u'PIFP401', u'PAPER INDUSTRY FIBRES AND PULPING', u'BTPPT1', u'BT: PULP AND PAPER TECHNOLOGY', u'11', u'YEAR', u'D3', u'Durban Campus Part-time', u'A', u'40007625:de Koker;50011698:Pauck', 27.0]
check 'PIFP401_YEAR_2018' 'PIFP401'
processXLS: only for SEM2 [u'PIFP401_YEAR_2018', u'PIFP401_YEAR_2017', u'PIFP401', u'PAPER INDUSTRY FIBRES AND PULPING', u'BTPPT1', u'BT: PULP AND PAPER TECHNOLOGY', u'11', u'YEAR', u'D3', u'Durban Campus Part-time', u'A', u'40007625:de Koker;50011698:Pauck', 27.0]
[u'', u'', u'', u'', u'', u'', u'', u'', u'', u'', u'', u'', u'']
check '' ''
[u'PIRP401_YEAR_2018', u'PIRP401_YEAR_2017', u'PIRP401', u'PAPER INDUSTRY PROJECT IV', u'BTPPT1', u'BT: PULP AND PAPER TECHNOLOGY', u'11', u'YEAR', u'D3', u'Durban Campus Part-time', u'A', u'40007625:de Koker;50011698:Pauck', 21.0]
check 'PIRP401_YEAR_2018' 'PIRP401'
processXLS: only for SEM2 [u'PIRP401_YEAR_2018', u'PIRP401_YEAR_2017', u'PIRP401', u'PAPER INDUSTRY PROJECT IV', u'BTPPT1', u'BT: PULP AND PAPER TECHNOLOGY', u'11', u'YEAR', u'D3', u'Durban Campus Part-time', u'A', u'40007625:de Koker;50011698:Pauck', 21.0]
[u'', u'', u'', u'', u'', u'', u'', u'', u'', u'', u'', u'', u'']
check '' ''
[u'PPRE401_SEM2_2018', u'PPRE401_SEM2_2017', u'PPRE401', u'PAPER PRODUCTION:PROPERTIES AND END-USES IV', u'BTPPT1', u'BT: PULP AND PAPER TECHNOLOGY', u'22', u'SEMESTER 2', u'D3', u'Durban Campus Part-time', u'A', u'40007625:de Koker;50011698:Pauck', 19.0]
check 'PPRE401_SEM2_2018' 'PPRE401'
adding  PPRE401
requesting:  http://10.0.100.98:8000/bbinfo/matching_courses/PPRE401%25
r= <Response [200]>
matching classes= set([u'PPRE401_SEM2_2017', u'PPRE401_SEM2_2016', u'PPRE401_SEM2_2018', u'PPRE401_13_RAMJ'])
[u'', u'', u'', u'', u'', u'', u'', u'', u'', u'', u'', u'', u'']
check '' ''
[u'PRCE401_YEAR_2018', u'PRCE401_YEAR_2017', u'PRCE401', u'PROJECT: CHEMICAL ENGINEERING IV', u'BTCME1', u'BT: ENGINEERING: CHEMICAL', u'11', u'YEAR', u'D1', u'Durban Campus Full-time', u'A', u'40012425:ISA', 43.0]
check 'PRCE401_YEAR_2018' 'PRCE401'
processXLS: only for SEM2 [u'PRCE401_YEAR_2018', u'PRCE401_YEAR_2017', u'PRCE401', u'PROJECT: CHEMICAL ENGINEERING IV', u'BTCME1', u'BT: ENGINEERING: CHEMICAL', u'11', u'YEAR', u'D1', u'Durban Campus Full-time', u'A', u'40012425:ISA', 43.0]
[u'PRCE401_YEAR_2018', u'PRCE401_YEAR_2017', u'PRCE401', u'PROJECT: CHEMICAL ENGINEERING IV', u'BTCME1', u'BT: ENGINEERING: CHEMICAL', u'11', u'YEAR', u'D3', u'Durban Campus Part-time', u'A', u'40012425:ISA', 32.0]
check 'PRCE401_YEAR_2018' 'PRCE401'
processXLS: only for SEM2 [u'PRCE401_YEAR_2018', u'PRCE401_YEAR_2017', u'PRCE401', u'PROJECT: CHEMICAL ENGINEERING IV', u'BTCME1', u'BT: ENGINEERING: CHEMICAL', u'11', u'YEAR', u'D3', u'Durban Campus Part-time', u'A', u'40012425:ISA', 32.0]
[u'', u'', u'', u'', u'', u'', u'', u'', u'', u'', u'', u'', u'']
check '' ''
[u'PRCE401_SEM1_2018', u'PRCE401_SEM1_2017', u'PRCE401', u'PROJECT: CHEMICAL ENGINEERING IV', u'NODIP4', u'NON-DIPLOMA PURPOSE (ENG & BE)', u'21', u'SEMESTER 1', u'D7', u'DBN FULL-TIME NON-SUBSIDISED', u'A', u'40012425:ISA', 3.0]
check 'PRCE401_SEM1_2018' 'PRCE401'
processXLS: only for SEM2 [u'PRCE401_SEM1_2018', u'PRCE401_SEM1_2017', u'PRCE401', u'PROJECT: CHEMICAL ENGINEERING IV', u'NODIP4', u'NON-DIPLOMA PURPOSE (ENG & BE)', u'21', u'SEMESTER 1', u'D7', u'DBN FULL-TIME NON-SUBSIDISED', u'A', u'40012425:ISA', 3.0]
[u'', u'', u'', u'', u'', u'', u'', u'', u'', u'', u'', u'', u'']
check '' ''
[u'QAPI401_SEM1_2018', u'QAPI401_SEM1_2017', u'QAPI401', u'QUALITY ASSURANCE IN THE PAPER INDUSTRY IV', u'BTPPT1', u'BT: PULP AND PAPER TECHNOLOGY', u'21', u'SEMESTER 1', u'D3', u'Durban Campus Part-time', u'A', u'50011698:Pauck, 40007625:de Koker', 25.0]
check 'QAPI401_SEM1_2018' 'QAPI401'
processXLS: only for SEM2 [u'QAPI401_SEM1_2018', u'QAPI401_SEM1_2017', u'QAPI401', u'QUALITY ASSURANCE IN THE PAPER INDUSTRY IV', u'BTPPT1', u'BT: PULP AND PAPER TECHNOLOGY', u'21', u'SEMESTER 1', u'D3', u'Durban Campus Part-time', u'A', u'50011698:Pauck, 40007625:de Koker', 25.0]
[u'', u'', u'', u'', u'', u'', u'', u'', u'', u'', u'', u'', u'']
check '' ''
[u'RTEC401_SEM1_2018', u'RTEC401_SEM1_2017', u'RTEC401', u'REACTOR TECHNOLOGY IV', u'BTCME1', u'BT: ENGINEERING: CHEMICAL', u'21', u'SEMESTER 1', u'D1', u'Durban Campus Full-time', u'A', u'40000313:THAKOR VALLABH', 37.0]
check 'RTEC401_SEM1_2018' 'RTEC401'
processXLS: only for SEM2 [u'RTEC401_SEM1_2018', u'RTEC401_SEM1_2017', u'RTEC401', u'REACTOR TECHNOLOGY IV', u'BTCME1', u'BT: ENGINEERING: CHEMICAL', u'21', u'SEMESTER 1', u'D1', u'Durban Campus Full-time', u'A', u'40000313:THAKOR VALLABH', 37.0]
[u'RTEC401_SEM1_2018', u'RTEC401_SEM1_2017', u'RTEC401', u'REACTOR TECHNOLOGY IV', u'BTCME1', u'BT: ENGINEERING: CHEMICAL', u'21', u'SEMESTER 1', u'D3', u'Durban Campus Part-time', u'A', u'40000313:THAKOR VALLABH', 53.0]
check 'RTEC401_SEM1_2018' 'RTEC401'
processXLS: only for SEM2 [u'RTEC401_SEM1_2018', u'RTEC401_SEM1_2017', u'RTEC401', u'REACTOR TECHNOLOGY IV', u'BTCME1', u'BT: ENGINEERING: CHEMICAL', u'21', u'SEMESTER 1', u'D3', u'Durban Campus Part-time', u'A', u'40000313:THAKOR VALLABH', 53.0]
[u'RTEC401_SEM1_2018', u'RTEC401_SEM1_2017', u'RTEC401', u'REACTOR TECHNOLOGY IV', u'NODIP4', u'NON-DIPLOMA PURPOSE (ENG & BE)', u'21', u'SEMESTER 1', u'D7', u'DBN FULL-TIME NON-SUBSIDISED', u'A', u'40000313:THAKOR VALLABH', 0.0]
check 'RTEC401_SEM1_2018' 'RTEC401'
processXLS: only for SEM2 [u'RTEC401_SEM1_2018', u'RTEC401_SEM1_2017', u'RTEC401', u'REACTOR TECHNOLOGY IV', u'NODIP4', u'NON-DIPLOMA PURPOSE (ENG & BE)', u'21', u'SEMESTER 1', u'D7', u'DBN FULL-TIME NON-SUBSIDISED', u'A', u'40000313:THAKOR VALLABH', 0.0]
[u'', u'', u'', u'', u'', u'', u'', u'', u'', u'', u'', u'', u'']
check '' ''
[u'UOPM401_YEAR_2018', u'UOPM401_YEAR_2017', u'UOPM401', u'UNIT OPERATIONS OF PAPER MAKING IV', u'BTPPT1', u'BT: PULP AND PAPER TECHNOLOGY', u'11', u'YEAR', u'D3', u'Durban Campus Part-time', u'A', u'40007625:de Koker;50011698:Pauck', 31.0]
check 'UOPM401_YEAR_2018' 'UOPM401'
processXLS: only for SEM2 [u'UOPM401_YEAR_2018', u'UOPM401_YEAR_2017', u'UOPM401', u'UNIT OPERATIONS OF PAPER MAKING IV', u'BTPPT1', u'BT: PULP AND PAPER TECHNOLOGY', u'11', u'YEAR', u'D3', u'Durban Campus Part-time', u'A', u'40007625:de Koker;50011698:Pauck', 31.0]
[u'', u'', u'', u'', u'', u'', u'', u'', u'', u'', u'', u'', u'']
check '' ''
[u'RTCE511_YEAR_2018', u'RTCE511_YEAR_2017', u'RTCE511', u'RESEARCH THESIS (1ST REG)', u'MNCHM1', u'MASTER OF ENGINEERING (CHEMICAL)', u'P0', u'POST-GRAD ANNUAL REGISTRATIONS', u'D1', u'Durban Campus Full-time', u'A', u'50009040:RATHILAL', 6.0]
check 'RTCE511_YEAR_2018' 'RTCE511'
processXLS: only for SEM2 [u'RTCE511_YEAR_2018', u'RTCE511_YEAR_2017', u'RTCE511', u'RESEARCH THESIS (1ST REG)', u'MNCHM1', u'MASTER OF ENGINEERING (CHEMICAL)', u'P0', u'POST-GRAD ANNUAL REGISTRATIONS', u'D1', u'Durban Campus Full-time', u'A', u'50009040:RATHILAL', 6.0]
[u'RTCE511_YEAR_2018', u'RTCE511_YEAR_2017', u'RTCE511', u'RESEARCH THESIS (1ST REG)', u'MNCHM1', u'MASTER OF ENGINEERING (CHEMICAL)', u'P0', u'POST-GRAD ANNUAL REGISTRATIONS', u'D3', u'Durban Campus Part-time', u'A', u'50009040:RATHILAL', 2.0]
check 'RTCE511_YEAR_2018' 'RTCE511'
processXLS: only for SEM2 [u'RTCE511_YEAR_2018', u'RTCE511_YEAR_2017', u'RTCE511', u'RESEARCH THESIS (1ST REG)', u'MNCHM1', u'MASTER OF ENGINEERING (CHEMICAL)', u'P0', u'POST-GRAD ANNUAL REGISTRATIONS', u'D3', u'Durban Campus Part-time', u'A', u'50009040:RATHILAL', 2.0]
[u'', u'', u'', u'', u'', u'', u'', u'', u'', u'', u'', u'', u'']
check '' ''
[u'RTCE521_YEAR_2018', u'RTCE521_YEAR_2017', u'RTCE521', u'RESEARCH THESIS (2ND REG)', u'MNCHM1', u'MASTER OF ENGINEERING (CHEMICAL)', u'P0', u'POST-GRAD ANNUAL REGISTRATIONS', u'D1', u'Durban Campus Full-time', u'A', u'50009040:RATHILAL', 5.0]
check 'RTCE521_YEAR_2018' 'RTCE521'
processXLS: only for SEM2 [u'RTCE521_YEAR_2018', u'RTCE521_YEAR_2017', u'RTCE521', u'RESEARCH THESIS (2ND REG)', u'MNCHM1', u'MASTER OF ENGINEERING (CHEMICAL)', u'P0', u'POST-GRAD ANNUAL REGISTRATIONS', u'D1', u'Durban Campus Full-time', u'A', u'50009040:RATHILAL', 5.0]
[u'RTCE521_YEAR_2018', u'RTCE521_YEAR_2017', u'RTCE521', u'RESEARCH THESIS (2ND REG)', u'MNCHM1', u'MASTER OF ENGINEERING (CHEMICAL)', u'P0', u'POST-GRAD ANNUAL REGISTRATIONS', u'D3', u'Durban Campus Part-time', u'A', u'50009040:RATHILAL', 3.0]
check 'RTCE521_YEAR_2018' 'RTCE521'
processXLS: only for SEM2 [u'RTCE521_YEAR_2018', u'RTCE521_YEAR_2017', u'RTCE521', u'RESEARCH THESIS (2ND REG)', u'MNCHM1', u'MASTER OF ENGINEERING (CHEMICAL)', u'P0', u'POST-GRAD ANNUAL REGISTRATIONS', u'D3', u'Durban Campus Part-time', u'A', u'50009040:RATHILAL', 3.0]
[u'', u'', u'', u'', u'', u'', u'', u'', u'', u'', u'', u'', u'']
check '' ''
[u'RTCE531_YEAR_2018', u'RTCE531_YEAR_2017', u'RTCE531', u'RESEARCH THESIS (3RD REG)', u'MNCHM1', u'MASTER OF ENGINEERING (CHEMICAL)', u'P0', u'POST-GRAD ANNUAL REGISTRATIONS', u'D1', u'Durban Campus Full-time', u'A', u'50009040:RATHILAL', 14.0]
check 'RTCE531_YEAR_2018' 'RTCE531'
processXLS: only for SEM2 [u'RTCE531_YEAR_2018', u'RTCE531_YEAR_2017', u'RTCE531', u'RESEARCH THESIS (3RD REG)', u'MNCHM1', u'MASTER OF ENGINEERING (CHEMICAL)', u'P0', u'POST-GRAD ANNUAL REGISTRATIONS', u'D1', u'Durban Campus Full-time', u'A', u'50009040:RATHILAL', 14.0]
[u'RTCE531_YEAR_2018', u'RTCE531_YEAR_2017', u'RTCE531', u'RESEARCH THESIS (3RD REG)', u'MNCHM1', u'MASTER OF ENGINEERING (CHEMICAL)', u'P0', u'POST-GRAD ANNUAL REGISTRATIONS', u'D3', u'Durban Campus Part-time', u'A', u'50009040:RATHILAL', 1.0]
check 'RTCE531_YEAR_2018' 'RTCE531'
processXLS: only for SEM2 [u'RTCE531_YEAR_2018', u'RTCE531_YEAR_2017', u'RTCE531', u'RESEARCH THESIS (3RD REG)', u'MNCHM1', u'MASTER OF ENGINEERING (CHEMICAL)', u'P0', u'POST-GRAD ANNUAL REGISTRATIONS', u'D3', u'Durban Campus Part-time', u'A', u'50009040:RATHILAL', 1.0]
[u'', u'', u'', u'', u'', u'', u'', u'', u'', u'', u'', u'', u'']
check '' ''
[u'RTCE611_YEAR_2018', u'RTCE611_YEAR_2017', u'RTCE611', u'RESEARCH THESIS (1ST REG)', u'DNCHM1', u'DOCTOR OF ENGINEERING (CHEMICAL)', u'P0', u'POST-GRAD ANNUAL REGISTRATIONS', u'D1', u'Durban Campus Full-time', u'A', u'50009040:RATHILAL', 4.0]
check 'RTCE611_YEAR_2018' 'RTCE611'
processXLS: only for SEM2 [u'RTCE611_YEAR_2018', u'RTCE611_YEAR_2017', u'RTCE611', u'RESEARCH THESIS (1ST REG)', u'DNCHM1', u'DOCTOR OF ENGINEERING (CHEMICAL)', u'P0', u'POST-GRAD ANNUAL REGISTRATIONS', u'D1', u'Durban Campus Full-time', u'A', u'50009040:RATHILAL', 4.0]
[u'RTCE611_YEAR_2018', u'RTCE611_YEAR_2017', u'RTCE611', u'RESEARCH THESIS (1ST REG)', u'DNCHM1', u'DOCTOR OF ENGINEERING (CHEMICAL)', u'P0', u'POST-GRAD ANNUAL REGISTRATIONS', u'D3', u'Durban Campus Part-time', u'A', u'50009040:RATHILAL', 1.0]
check 'RTCE611_YEAR_2018' 'RTCE611'
processXLS: only for SEM2 [u'RTCE611_YEAR_2018', u'RTCE611_YEAR_2017', u'RTCE611', u'RESEARCH THESIS (1ST REG)', u'DNCHM1', u'DOCTOR OF ENGINEERING (CHEMICAL)', u'P0', u'POST-GRAD ANNUAL REGISTRATIONS', u'D3', u'Durban Campus Part-time', u'A', u'50009040:RATHILAL', 1.0]
[u'', u'', u'', u'', u'', u'', u'', u'', u'', u'', u'', u'', u'']
check '' ''
[u'RTCE631_YEAR_2018', u'RTCE631_YEAR_2017', u'RTCE631', u'RESEARCH THESIS (3RD REG)', u'DNCHM1', u'DOCTOR OF ENGINEERING (CHEMICAL)', u'P0', u'POST-GRAD ANNUAL REGISTRATIONS', u'D3', u'Durban Campus Part-time', u'A', u'50009040:RATHILAL', 1.0]
check 'RTCE631_YEAR_2018' 'RTCE631'
processXLS: only for SEM2 [u'RTCE631_YEAR_2018', u'RTCE631_YEAR_2017', u'RTCE631', u'RESEARCH THESIS (3RD REG)', u'DNCHM1', u'DOCTOR OF ENGINEERING (CHEMICAL)', u'P0', u'POST-GRAD ANNUAL REGISTRATIONS', u'D3', u'Durban Campus Part-time', u'A', u'50009040:RATHILAL', 1.0]
[u'===APPEND===', u'', u'', u'', u'', u'', u'', u'', u'', u'', u'', u'', u'']
check '===APPEND===' ''
[u'2017 NEW SUBJECTS  Blackboard Classrooms for Department: 3501 - CHEMICAL ENGINEERING', u'', u'', u'', u'', u'', u'', u'', u'', u'', u'', u'', u'']
check '2017 NEW SUBJECTS  Blackboard Classrooms for Department: 3501 - CHEMICAL ENGINEERING' ''
[u'', u'', u'', u'', u'', u'', u'', u'', u'', u'', u'', u'', u'']
check '' ''
[u'BB Classroom', u'Migrate Classroom', u'ITS Subject', u'', u'ITS Qualification', u'', u'Block', u'', u'Off Type', u'', u'Grp', u'Lecturer(s)', u'2017 Enrol']
check 'BB Classroom' 'ITS Subject'
[u'APTH101_SEM2_2018', u'APTH101_SEM2_2017', u'APTH101', u'APPLIED THERMODYNAMICS', u'BNCME1', u'B ENGINEERING TECHNOLOGY IN CHEMICAL ENG', u'22', u'SEMESTER 2', u'D1', u'Durban Campus Full-time', u'A', u'40012425:ISA', 0.0]
check 'APTH101_SEM2_2018' 'APTH101'
adding  APTH101
requesting:  http://10.0.100.98:8000/bbinfo/matching_courses/APTH101%25
r= <Response [200]>
matching classes= set([u'APTH101_SEM2_2017', u'APTH101_SEM2_2018'])
[u'', u'', u'', u'', u'', u'', u'', u'', u'', u'', u'', u'', u'']
check '' ''
[u'CEDS101_SEM2_2018', u'CEDS101_SEM2_2017', u'CEDS101', u'CHEMICAL ENGINEERING DESIGN I', u'BNCME1', u'B ENGINEERING TECHNOLOGY IN CHEMICAL ENG', u'22', u'SEMESTER 2', u'D1', u'Durban Campus Full-time', u'A', u'40000609:Chetty', 63.0]
check 'CEDS101_SEM2_2018' 'CEDS101'
adding  CEDS101
requesting:  http://10.0.100.98:8000/bbinfo/matching_courses/CEDS101%25
r= <Response [200]>
matching classes= set([u'CEDS101_SEM2_2018', u'CEDS101_SEM2_2017'])
[u'', u'', u'', u'', u'', u'', u'', u'', u'', u'', u'', u'', u'']
check '' ''
[u'CEFA101_SEM1_2018', u'CEFA101_SEM1_2017', u'CEFA101', u'CHEMICAL ENGINEERING FUNDAMENTALS IA', u'BNCME1', u'B ENGINEERING TECHNOLOGY IN CHEMICAL ENG', u'21', u'SEMESTER 1', u'D1', u'Durban Campus Full-time', u'A', u'40000184:RAMSUROOP', 72.0]
check 'CEFA101_SEM1_2018' 'CEFA101'
processXLS: only for SEM2 [u'CEFA101_SEM1_2018', u'CEFA101_SEM1_2017', u'CEFA101', u'CHEMICAL ENGINEERING FUNDAMENTALS IA', u'BNCME1', u'B ENGINEERING TECHNOLOGY IN CHEMICAL ENG', u'21', u'SEMESTER 1', u'D1', u'Durban Campus Full-time', u'A', u'40000184:RAMSUROOP', 72.0]
[u'', u'', u'', u'', u'', u'', u'', u'', u'', u'', u'', u'', u'']
check '' ''
[u'CEFB101_SEM2_2018', u'CEFB101_SEM2_2017', u'CEFB101', u'CHEMICAL ENGINEERING FUNDAMENTALS IB', u'BNCME1', u'B ENGINEERING TECHNOLOGY IN CHEMICAL ENG', u'22', u'SEMESTER 2', u'D1', u'Durban Campus Full-time', u'A', u'40000609:Chetty', 0.0]
check 'CEFB101_SEM2_2018' 'CEFB101'
adding  CEFB101
requesting:  http://10.0.100.98:8000/bbinfo/matching_courses/CEFB101%25
r= <Response [200]>
matching classes= set([u'CEFB101_SEM2_2017', u'CEFB101_SEM2_2018'])
[u'', u'', u'', u'', u'', u'', u'', u'', u'', u'', u'', u'', u'']
check '' ''
[u'CELB101_SEM2_2018', u'CELB101_SEM2_2017', u'CELB101', u'CHEMICAL ENGINEERING LABORATORY IB', u'BNCME1', u'B ENGINEERING TECHNOLOGY IN CHEMICAL ENG', u'22', u'SEMESTER 2', u'D1', u'Durban Campus Full-time', u'A', u'40007963:NGEMA', 0.0]
check 'CELB101_SEM2_2018' 'CELB101'
adding  CELB101
requesting:  http://10.0.100.98:8000/bbinfo/matching_courses/CELB101%25
r= <Response [200]>
matching classes= set([u'CELB101_SEM2_2018', u'CELB101_SEM2_2017'])
[u'', u'', u'', u'', u'', u'', u'', u'', u'', u'', u'', u'', u'']
check '' ''
[u'CMAP101_SEM2_2018', u'CMAP101_SEM2_2017', u'CMAP101', u'COMPUTER APPLICATIONS I', u'BNCME1', u'B ENGINEERING TECHNOLOGY IN CHEMICAL ENG', u'22', u'SEMESTER 2', u'D1', u'Durban Campus Full-time', u'A', u'40000463:REDDY', 63.0]
check 'CMAP101_SEM2_2018' 'CMAP101'
adding  CMAP101
requesting:  http://10.0.100.98:8000/bbinfo/matching_courses/CMAP101%25
r= <Response [200]>
matching classes= set([u'CMAP101_SEM2_2017', u'CMAP101_SEM2_2018'])
[u'', u'', u'', u'', u'', u'', u'', u'', u'', u'', u'', u'', u'']
check '' ''
[u'CTHM101_SEM2_2018', u'CTHM101_SEM2_2017', u'CTHM101', u'CHEMICAL THERMODYNAMICS', u'BNCME1', u'B ENGINEERING TECHNOLOGY IN CHEMICAL ENG', u'22', u'SEMESTER 2', u'D1', u'Durban Campus Full-time', u'A', u'40000609:Chetty', 0.0]
check 'CTHM101_SEM2_2018' 'CTHM101'
adding  CTHM101
requesting:  http://10.0.100.98:8000/bbinfo/matching_courses/CTHM101%25
r= <Response [200]>
matching classes= set([u'CTHM101_SEM2_2018', u'CTHM101_SEM2_2017'])
[u'', u'', u'', u'', u'', u'', u'', u'', u'', u'', u'', u'', u'']
check '' ''
[u'ENVN101_SEM2_2018', u'ENVN101_SEM2_2017', u'ENVN101', u'ENVIRONMENTAL ENGINEERING', u'BNCME1', u'B ENGINEERING TECHNOLOGY IN CHEMICAL ENG', u'22', u'SEMESTER 2', u'D1', u'Durban Campus Full-time', u'A', u'40000609:Chetty', 0.0]
check 'ENVN101_SEM2_2018' 'ENVN101'
adding  ENVN101
requesting:  http://10.0.100.98:8000/bbinfo/matching_courses/ENVN101%25
r= <Response [200]>
matching classes= set([u'ENVN101_SEM2_2017', u'ENVN101_SEM2_2018'])
[u'', u'', u'', u'', u'', u'', u'', u'', u'', u'', u'', u'', u'']
check '' ''
[u'MSOP101_SEM1_2018', u'MSOP101_SEM1_2017', u'MSOP101', u'MULTISTAGE OPERATIONS', u'BNCME1', u'B ENGINEERING TECHNOLOGY IN CHEMICAL ENG', u'21', u'SEMESTER 1', u'D1', u'Durban Campus Full-time', u'A', u'40000609:Chetty', 0.0]
check 'MSOP101_SEM1_2018' 'MSOP101'
processXLS: only for SEM2 [u'MSOP101_SEM1_2018', u'MSOP101_SEM1_2017', u'MSOP101', u'MULTISTAGE OPERATIONS', u'BNCME1', u'B ENGINEERING TECHNOLOGY IN CHEMICAL ENG', u'21', u'SEMESTER 1', u'D1', u'Durban Campus Full-time', u'A', u'40000609:Chetty', 0.0]
[u'', u'', u'', u'', u'', u'', u'', u'', u'', u'', u'', u'', u'']
check '' ''
[u'PCPM101_SEM1_2018', u'PCPM101_SEM1_2017', u'PCPM101', u'PRINCIPLES OF MANAGEMENT', u'BNCME1', u'B ENGINEERING TECHNOLOGY IN CHEMICAL ENG', u'21', u'SEMESTER 1', u'D1', u'Durban Campus Full-time', u'A', u'40000609:Chetty', 0.0]
check 'PCPM101_SEM1_2018' 'PCPM101'
processXLS: only for SEM2 [u'PCPM101_SEM1_2018', u'PCPM101_SEM1_2017', u'PCPM101', u'PRINCIPLES OF MANAGEMENT', u'BNCME1', u'B ENGINEERING TECHNOLOGY IN CHEMICAL ENG', u'21', u'SEMESTER 1', u'D1', u'Durban Campus Full-time', u'A', u'40000609:Chetty', 0.0]
[u'', u'', u'', u'', u'', u'', u'', u'', u'', u'', u'', u'', u'']
check '' ''
[u'PCSC101_SEM2_2018', u'PCSC101_SEM2_2017', u'PCSC101', u'PROCESS CONTROL', u'BNCME1', u'B ENGINEERING TECHNOLOGY IN CHEMICAL ENG', u'22', u'SEMESTER 2', u'D1', u'Durban Campus Full-time', u'A', u'40000609:Chetty', 0.0]
check 'PCSC101_SEM2_2018' 'PCSC101'
adding  PCSC101
requesting:  http://10.0.100.98:8000/bbinfo/matching_courses/PCSC101%25
r= <Response [200]>
matching classes= set([u'PCSC101_SEM2_2018', u'PCSC101_SEM2_2017'])
[u'', u'', u'', u'', u'', u'', u'', u'', u'', u'', u'', u'', u'']
check '' ''
[u'PFFL101_SEM1_2018', u'PFFL101_SEM1_2017', u'PFFL101', u'PROCESS FLUID FLOW', u'BNCME1', u'B ENGINEERING TECHNOLOGY IN CHEMICAL ENG', u'21', u'SEMESTER 1', u'D1', u'Durban Campus Full-time', u'A', u'40000609:Chetty', 0.0]
check 'PFFL101_SEM1_2018' 'PFFL101'
processXLS: only for SEM2 [u'PFFL101_SEM1_2018', u'PFFL101_SEM1_2017', u'PFFL101', u'PROCESS FLUID FLOW', u'BNCME1', u'B ENGINEERING TECHNOLOGY IN CHEMICAL ENG', u'21', u'SEMESTER 1', u'D1', u'Durban Campus Full-time', u'A', u'40000609:Chetty', 0.0]
[u'', u'', u'', u'', u'', u'', u'', u'', u'', u'', u'', u'', u'']
check '' ''
[u'PMNM101_SEM1_2018', u'PMNM101_SEM1_2017', u'PMNM101', u'PROJECT MANAGEMENT', u'BNCME1', u'B ENGINEERING TECHNOLOGY IN CHEMICAL ENG', u'21', u'SEMESTER 1', u'D1', u'Durban Campus Full-time', u'A', u'40000609:Chetty', 0.0]
check 'PMNM101_SEM1_2018' 'PMNM101'
processXLS: only for SEM2 [u'PMNM101_SEM1_2018', u'PMNM101_SEM1_2017', u'PMNM101', u'PROJECT MANAGEMENT', u'BNCME1', u'B ENGINEERING TECHNOLOGY IN CHEMICAL ENG', u'21', u'SEMESTER 1', u'D1', u'Durban Campus Full-time', u'A', u'40000609:Chetty', 0.0]
[u'', u'', u'', u'', u'', u'', u'', u'', u'', u'', u'', u'', u'']
check '' ''
[u'PSOH101_SEM2_2018', u'PSOH101_SEM2_2017', u'PSOH101', u'PROCESS SAFETY AND OCCUPATIONAL HEALTH', u'BNCME1', u'B ENGINEERING TECHNOLOGY IN CHEMICAL ENG', u'22', u'SEMESTER 2', u'D1', u'Durban Campus Full-time', u'A', u'40000609:Chetty', 0.0]
check 'PSOH101_SEM2_2018' 'PSOH101'
adding  PSOH101
requesting:  http://10.0.100.98:8000/bbinfo/matching_courses/PSOH101%25
r= <Response [200]>
matching classes= set([u'PSOH101_SEM2_2018', u'PSOH101_SEM2_2017'])
[u'', u'', u'', u'', u'', u'', u'', u'', u'', u'', u'', u'', u'']
check '' ''
[u'PTCT101_SEM2_2018', u'PTCT101_SEM2_2017', u'PTCT101', u'PARTICLE TECHNOLOGY', u'BNCME1', u'B ENGINEERING TECHNOLOGY IN CHEMICAL ENG', u'22', u'SEMESTER 2', u'D1', u'Durban Campus Full-time', u'A', u'40000609:Chetty', 0.0]
check 'PTCT101_SEM2_2018' 'PTCT101'
adding  PTCT101
requesting:  http://10.0.100.98:8000/bbinfo/matching_courses/PTCT101%25
r= <Response [200]>
matching classes= set([u'PTCT101_SEM2_2017', u'PTCT101_SEM2_2018'])
[u'', u'', u'', u'', u'', u'', u'', u'', u'', u'', u'', u'', u'']
check '' ''
[u'RCNE101_SEM1_2018', u'RCNE101_SEM1_2017', u'RCNE101', u'REACTION ENGINEERING', u'BNCME1', u'B ENGINEERING TECHNOLOGY IN CHEMICAL ENG', u'21', u'SEMESTER 1', u'D1', u'Durban Campus Full-time', u'A', u'40000609:Chetty', 0.0]
check 'RCNE101_SEM1_2018' 'RCNE101'
processXLS: only for SEM2 [u'RCNE101_SEM1_2018', u'RCNE101_SEM1_2017', u'RCNE101', u'REACTION ENGINEERING', u'BNCME1', u'B ENGINEERING TECHNOLOGY IN CHEMICAL ENG', u'21', u'SEMESTER 1', u'D1', u'Durban Campus Full-time', u'A', u'40000609:Chetty', 0.0]
[u'', u'', u'', u'', u'', u'', u'', u'', u'', u'', u'', u'', u'']
check '' ''
[u'RCNE101_SEM2_2018', u'RCNE101_SEM2_2017', u'RCNE101', u'REACTION ENGINEERING', u'BNCME1', u'B ENGINEERING TECHNOLOGY IN CHEMICAL ENG', u'22', u'SEMESTER 2', u'D1', u'Durban Campus Full-time', u'A', u'40000609:Chetty', 0.0]
check 'RCNE101_SEM2_2018' 'RCNE101'
adding  RCNE101
requesting:  http://10.0.100.98:8000/bbinfo/matching_courses/RCNE101%25
r= <Response [200]>
matching classes= set([u'RCNE101_SEM2_2017', u'RCNE101_SEM1_2017', u'RCNE101_SEM1_2018', u'RCNE101_SEM2_2018'])
[u'', u'', u'', u'', u'', u'', u'', u'', u'', u'', u'', u'', u'']
check '' ''
[u'TRFP101_SEM2_2018', u'TRFP101_SEM2_2017', u'TRFP101', u'TRANSFER PROCESSES', u'BNCME1', u'B ENGINEERING TECHNOLOGY IN CHEMICAL ENG', u'22', u'SEMESTER 2', u'D1', u'Durban Campus Full-time', u'A', u'40000609:Chetty', 0.0]
check 'TRFP101_SEM2_2018' 'TRFP101'
adding  TRFP101
requesting:  http://10.0.100.98:8000/bbinfo/matching_courses/TRFP101%25
r= <Response [200]>
matching classes= set([u'TRFP101_SEM2_2017', u'TRFP101_SEM2_2018'])
[u'', u'', u'', u'', u'', u'', u'', u'', u'', u'', u'', u'', u'']
check '' ''
[u'UNOP101_SEM1_2018', u'UNOP101_SEM1_2017', u'UNOP101', u'UNIT OPERATIONS', u'BNCME1', u'B ENGINEERING TECHNOLOGY IN CHEMICAL ENG', u'21', u'SEMESTER 1', u'D1', u'Durban Campus Full-time', u'A', u'40000609:Chetty', 0.0]
check 'UNOP101_SEM1_2018' 'UNOP101'
processXLS: only for SEM2 [u'UNOP101_SEM1_2018', u'UNOP101_SEM1_2017', u'UNOP101', u'UNIT OPERATIONS', u'BNCME1', u'B ENGINEERING TECHNOLOGY IN CHEMICAL ENG', u'21', u'SEMESTER 1', u'D1', u'Durban Campus Full-time', u'A', u'40000609:Chetty', 0.0]
[u'', u'', u'', u'', u'', u'', u'', u'', u'', u'', u'', u'', u'']
check '' ''
[u'CEDA201_SEM1_2018', u'CEDA201_SEM1_2017', u'CEDA201', u'CHEMICAL ENGINEERING DESIGN IIA', u'BNCME1', u'B ENGINEERING TECHNOLOGY IN CHEMICAL ENG', u'21', u'SEMESTER 1', u'D1', u'Durban Campus Full-time', u'A', u'40000609:Chetty', 0.0]
check 'CEDA201_SEM1_2018' 'CEDA201'
processXLS: only for SEM2 [u'CEDA201_SEM1_2018', u'CEDA201_SEM1_2017', u'CEDA201', u'CHEMICAL ENGINEERING DESIGN IIA', u'BNCME1', u'B ENGINEERING TECHNOLOGY IN CHEMICAL ENG', u'21', u'SEMESTER 1', u'D1', u'Durban Campus Full-time', u'A', u'40000609:Chetty', 0.0]
[u'', u'', u'', u'', u'', u'', u'', u'', u'', u'', u'', u'', u'']
check '' ''
[u'CEDB201_SEM2_2018', u'CEDB201_SEM2_2017', u'CEDB201', u'CHEMICAL ENGINEERING DESIGN IIB', u'BNCME1', u'B ENGINEERING TECHNOLOGY IN CHEMICAL ENG', u'22', u'SEMESTER 2', u'D1', u'Durban Campus Full-time', u'A', u'40000609:Chetty', 0.0]
check 'CEDB201_SEM2_2018' 'CEDB201'
adding  CEDB201
requesting:  http://10.0.100.98:8000/bbinfo/matching_courses/CEDB201%25
r= <Response [200]>
matching classes= set([u'CEDB201_SEM2_2017', u'CEDB201_SEM2_2018'])
[u'', u'', u'', u'', u'', u'', u'', u'', u'', u'', u'', u'', u'']
check '' ''
[u'CELA201_SEM1_2018', u'CELA201_SEM1_2017', u'CELA201', u'CHEMICAL ENGINEERING LABORATORY IIA', u'BNCME1', u'B ENGINEERING TECHNOLOGY IN CHEMICAL ENG', u'21', u'SEMESTER 1', u'D1', u'Durban Campus Full-time', u'A', u'40007963:NGEMA', 0.0]
check 'CELA201_SEM1_2018' 'CELA201'
processXLS: only for SEM2 [u'CELA201_SEM1_2018', u'CELA201_SEM1_2017', u'CELA201', u'CHEMICAL ENGINEERING LABORATORY IIA', u'BNCME1', u'B ENGINEERING TECHNOLOGY IN CHEMICAL ENG', u'21', u'SEMESTER 1', u'D1', u'Durban Campus Full-time', u'A', u'40007963:NGEMA', 0.0]
[u'', u'', u'', u'', u'', u'', u'', u'', u'', u'', u'', u'', u'']
check '' ''
[u'CELB201_SEM2_2018', u'CELB201_SEM2_2017', u'CELB201', u'CHEMICAL ENGINEERING LABORATORY IIB', u'BNCME1', u'B ENGINEERING TECHNOLOGY IN CHEMICAL ENG', u'22', u'SEMESTER 2', u'D1', u'Durban Campus Full-time', u'A', u'40007963:NGEMA', 0.0]
check 'CELB201_SEM2_2018' 'CELB201'
adding  CELB201
requesting:  http://10.0.100.98:8000/bbinfo/matching_courses/CELB201%25
r= <Response [200]>
matching classes= set([u'CELB201_SEM2_2017', u'CELB201_SEM2_2018'])
[u'', u'', u'', u'', u'', u'', u'', u'', u'', u'', u'', u'', u'']
check '' ''
[u'CELA101_SEM 1 2018', u'CELA101_SEM 1 2017', u'CELA101', u'CHEMICAL ENGINEERING LABORATORY IA', u'BNCME1', u'B ENGINEERING TECHNOLOGY IN CHEMICAL ENG', 21.0, u'SEMESTER 1', u'D1', u'Durban Campus Full-time', u'A', u'40007963:NGEMA', 0.0]
check 'CELA101_SEM 1 2018' 'CELA101'
processXLS: only for SEM2 [u'CELA101_SEM 1 2018', u'CELA101_SEM 1 2017', u'CELA101', u'CHEMICAL ENGINEERING LABORATORY IA', u'BNCME1', u'B ENGINEERING TECHNOLOGY IN CHEMICAL ENG', 21.0, u'SEMESTER 1', u'D1', u'Durban Campus Full-time', u'A', u'40007963:NGEMA', 0.0]
[u'', u'', u'', u'', u'', u'', u'', u'', u'', u'', u'', u'', u'']
check '' ''
[u'CMAP201_SEM1_2018', u'CMAP201_SEM1_2017', u'CMAP201', u'COMPUTER APPLICATIONS II', u'BNCME1', u'B ENGINEERING TECHNOLOGY IN CHEMICAL ENG', 21.0, u'SEMESTER 1', u'D1', u'Durban Campus Full-time', u'A', u'40000463: Reddy', 0.0]
check 'CMAP201_SEM1_2018' 'CMAP201'
processXLS: only for SEM2 [u'CMAP201_SEM1_2018', u'CMAP201_SEM1_2017', u'CMAP201', u'COMPUTER APPLICATIONS II', u'BNCME1', u'B ENGINEERING TECHNOLOGY IN CHEMICAL ENG', 21.0, u'SEMESTER 1', u'D1', u'Durban Campus Full-time', u'A', u'40000463: Reddy', 0.0]
[u'', u'', u'', u'', u'', u'', u'', u'', u'', u'', u'', u'', u'']
check '' ''
[u'ENCM201_SEM1_2018', u'ENCM201_SEM1_2017', u'ENCM201', u'ENGINEERING CHEMISTRY II', u'BNCME1', u'B ENGINEERING TECHNOLOGY IN CHEMICAL ENG', u'21', u'SEMESTER 1', u'D1', u'Durban Campus Full-time', u'A', u'40000609:Chetty', 0.0]
check 'ENCM201_SEM1_2018' 'ENCM201'
processXLS: only for SEM2 [u'ENCM201_SEM1_2018', u'ENCM201_SEM1_2017', u'ENCM201', u'ENGINEERING CHEMISTRY II', u'BNCME1', u'B ENGINEERING TECHNOLOGY IN CHEMICAL ENG', u'21', u'SEMESTER 1', u'D1', u'Durban Campus Full-time', u'A', u'40000609:Chetty', 0.0]
[u'', u'', u'', u'', u'', u'', u'', u'', u'', u'', u'', u'', u'']
check '' ''
[u'CEDA301_SEM1_2018', u'CEDA301_SEM1_2017', u'CEDA301', u'CHEMICAL ENGINEERING DESIGN IIIA', u'BNCME1', u'B ENGINEERING TECHNOLOGY IN CHEMICAL ENG', u'21', u'SEMESTER 1', u'D1', u'Durban Campus Full-time', u'A', u'40000609:Chetty', 0.0]
check 'CEDA301_SEM1_2018' 'CEDA301'
processXLS: only for SEM2 [u'CEDA301_SEM1_2018', u'CEDA301_SEM1_2017', u'CEDA301', u'CHEMICAL ENGINEERING DESIGN IIIA', u'BNCME1', u'B ENGINEERING TECHNOLOGY IN CHEMICAL ENG', u'21', u'SEMESTER 1', u'D1', u'Durban Campus Full-time', u'A', u'40000609:Chetty', 0.0]
[u'', u'', u'', u'', u'', u'', u'', u'', u'', u'', u'', u'', u'']
check '' ''
[u'CEDB301_SEM2_2018', u'CEDB301_SEM2_2017', u'CEDB301', u'CHEMICAL ENGINEERING DESIGN IIIB', u'BNCME1', u'B ENGINEERING TECHNOLOGY IN CHEMICAL ENG', u'22', u'SEMESTER 2', u'D1', u'Durban Campus Full-time', u'A', u'40000609:Chetty', 0.0]
check 'CEDB301_SEM2_2018' 'CEDB301'
adding  CEDB301
requesting:  http://10.0.100.98:8000/bbinfo/matching_courses/CEDB301%25
r= <Response [200]>
matching classes= set([u'CEDB301_SEM2_2017', u'CEDB301_SEM2_2018'])
[u'', u'', u'', u'', u'', u'', u'', u'', u'', u'', u'', u'', u'']
check '' ''
[u'RTCE641_YEAR_2018', u'RTCE641_YEAR_2017', u'RTCE641', u'RESEARCH THESIS (4TH REG)', u'DNCHM1', u'DOCTOR OF ENGINEERING (CHEMICAL)', u'P0', u'POST-GRAD ANNUAL REGISTRATIONS', u'D1', u'Durban Campus Full-time', u'A', u'50009040:RATHILAL', 0.0]
check 'RTCE641_YEAR_2018' 'RTCE641'
processXLS: only for SEM2 [u'RTCE641_YEAR_2018', u'RTCE641_YEAR_2017', u'RTCE641', u'RESEARCH THESIS (4TH REG)', u'DNCHM1', u'DOCTOR OF ENGINEERING (CHEMICAL)', u'P0', u'POST-GRAD ANNUAL REGISTRATIONS', u'D1', u'Durban Campus Full-time', u'A', u'50009040:RATHILAL', 0.0]
[u'...', u'', u'', u'', u'', u'', u'', u'', u'', u'', u'', u'', u'']
check '...' ''
[u'New subjects for 2018', u'', u'', u'', u'', u'', u'', u'', u'', u'', u'', u'', u'']
check 'New subjects for 2018' ''
processXLS: finished processing workingSheets/data/BBC3501ChemicalEngineering2017.xls
getWS: requesting:  http://10.0.100.98:8000/itsenrol/classlist/2018/22/TMOC302 rsp= <Response [200]>
getWS: requesting:  http://10.0.100.98:8000/bbinfo/classlist/TMOC302 rsp= <Response [200]>
getNewStudentsInSubject: ITS 3, BB 1 -> 3 new enrollments
getWS: requesting:  http://10.0.100.98:8000/itsenrol/classlist/2018/22/CETE401 rsp= <Response [200]>
getWS: requesting:  http://10.0.100.98:8000/bbinfo/classlist/CETE401 rsp= <Response [200]>
getNewStudentsInSubject: ITS 47, BB 1 -> 47 new enrollments
getWS: requesting:  http://10.0.100.98:8000/itsenrol/classlist/2018/22/PTCT101 rsp= <Response [200]>
getWS: requesting:  http://10.0.100.98:8000/bbinfo/classlist/PTCT101 rsp= <Response [200]>
getNewStudentsInSubject: ITS 0, BB 1 -> 0 new enrollments
getWS: requesting:  http://10.0.100.98:8000/itsenrol/classlist/2018/22/CHPL324 rsp= <Response [200]>
getWS: requesting:  http://10.0.100.98:8000/bbinfo/classlist/CHPL324 rsp= <Response [200]>
getNewStudentsInSubject: ITS 39, BB 1 -> 39 new enrollments
getWS: requesting:  http://10.0.100.98:8000/itsenrol/classlist/2018/22/TRFP101 rsp= <Response [200]>
getWS: requesting:  http://10.0.100.98:8000/bbinfo/classlist/TRFP101 rsp= <Response [200]>
getNewStudentsInSubject: ITS 23, BB 1 -> 23 new enrollments
getWS: requesting:  http://10.0.100.98:8000/itsenrol/classlist/2018/22/PPPC201 rsp= <Response [200]>
getWS: requesting:  http://10.0.100.98:8000/bbinfo/classlist/PPPC201 rsp= <Response [200]>
getNewStudentsInSubject: ITS 52, BB 2 -> 52 new enrollments
getWS: requesting:  http://10.0.100.98:8000/itsenrol/classlist/2018/22/APTH101 rsp= <Response [200]>
getWS: requesting:  http://10.0.100.98:8000/bbinfo/classlist/APTH101 rsp= <Response [200]>
getNewStudentsInSubject: ITS 23, BB 1 -> 23 new enrollments
getWS: requesting:  http://10.0.100.98:8000/itsenrol/classlist/2018/22/CHPD401 rsp= <Response [200]>
getWS: requesting:  http://10.0.100.98:8000/bbinfo/classlist/CHPD401 rsp= <Response [200]>
getNewStudentsInSubject: ITS 52, BB 1 -> 52 new enrollments
getWS: requesting:  http://10.0.100.98:8000/itsenrol/classlist/2018/22/PCCR402 rsp= <Response [200]>
getWS: requesting:  http://10.0.100.98:8000/bbinfo/classlist/PCCR402 rsp= <Response [200]>
getNewStudentsInSubject: ITS 37, BB 1 -> 37 new enrollments
getWS: requesting:  http://10.0.100.98:8000/itsenrol/classlist/2018/22/IPPM101 rsp= <Response [200]>
getWS: requesting:  http://10.0.100.98:8000/bbinfo/classlist/IPPM101 rsp= <Response [200]>
getNewStudentsInSubject: ITS 4, BB 49 -> 1 new enrollments
getWS: requesting:  http://10.0.100.98:8000/itsenrol/classlist/2018/22/RCNE101 rsp= <Response [200]>
getWS: requesting:  http://10.0.100.98:8000/bbinfo/classlist/RCNE101 rsp= <Response [200]>
getNewStudentsInSubject: ITS 0, BB 1 -> 0 new enrollments
getWS: requesting:  http://10.0.100.98:8000/itsenrol/classlist/2018/22/CEDS101 rsp= <Response [200]>
getWS: requesting:  http://10.0.100.98:8000/bbinfo/classlist/CEDS101 rsp= <Response [200]>
getNewStudentsInSubject: ITS 79, BB 1 -> 79 new enrollments
getWS: requesting:  http://10.0.100.98:8000/itsenrol/classlist/2018/22/PCSC101 rsp= <Response [200]>
getWS: requesting:  http://10.0.100.98:8000/bbinfo/classlist/PCSC101 rsp= <Response [200]>
getNewStudentsInSubject: ITS 0, BB 1 -> 0 new enrollments
getWS: requesting:  http://10.0.100.98:8000/itsenrol/classlist/2018/22/PSOH101 rsp= <Response [200]>
getWS: requesting:  http://10.0.100.98:8000/bbinfo/classlist/PSOH101 rsp= <Response [200]>
getNewStudentsInSubject: ITS 35, BB 1 -> 35 new enrollments
getWS: requesting:  http://10.0.100.98:8000/itsenrol/classlist/2018/22/ENVN101 rsp= <Response [200]>
getWS: requesting:  http://10.0.100.98:8000/bbinfo/classlist/ENVN101 rsp= <Response [200]>
getNewStudentsInSubject: ITS 0, BB 1 -> 0 new enrollments
getWS: requesting:  http://10.0.100.98:8000/itsenrol/classlist/2018/22/PCCR301 rsp= <Response [200]>
getWS: requesting:  http://10.0.100.98:8000/bbinfo/classlist/PCCR301 rsp= <Response [200]>
getNewStudentsInSubject: ITS 32, BB 1 -> 32 new enrollments
getWS: requesting:  http://10.0.100.98:8000/itsenrol/classlist/2018/22/PECI401 rsp= <Response [200]>
getWS: requesting:  http://10.0.100.98:8000/bbinfo/classlist/PECI401 rsp= <Response [200]>
getNewStudentsInSubject: ITS 44, BB 1 -> 44 new enrollments
getWS: requesting:  http://10.0.100.98:8000/itsenrol/classlist/2018/22/CEFB101 rsp= <Response [200]>
getWS: requesting:  http://10.0.100.98:8000/bbinfo/classlist/CEFB101 rsp= <Response [200]>
getNewStudentsInSubject: ITS 85, BB 2 -> 85 new enrollments
getWS: requesting:  http://10.0.100.98:8000/itsenrol/classlist/2018/22/CENT201 rsp= <Response [200]>
getWS: requesting:  http://10.0.100.98:8000/bbinfo/classlist/CENT201 rsp= <Response [200]>
getNewStudentsInSubject: ITS 48, BB 1 -> 48 new enrollments
getWS: requesting:  http://10.0.100.98:8000/itsenrol/classlist/2018/22/PPPT301 rsp= <Response [200]>
getWS: requesting:  http://10.0.100.98:8000/bbinfo/classlist/PPPT301 rsp= <Response [200]>
getNewStudentsInSubject: ITS 10, BB 2 -> 10 new enrollments
getWS: requesting:  http://10.0.100.98:8000/itsenrol/classlist/2018/22/CMAP101 rsp= <Response [200]>
getWS: requesting:  http://10.0.100.98:8000/bbinfo/classlist/CMAP101 rsp= <Response [200]>
getNewStudentsInSubject: ITS 68, BB 1 -> 68 new enrollments
getWS: requesting:  http://10.0.100.98:8000/itsenrol/classlist/2018/22/CEDB301 rsp= <Response [200]>
getWS: requesting:  http://10.0.100.98:8000/bbinfo/classlist/CEDB301 rsp= <Response [200]>
getNewStudentsInSubject: ITS 0, BB 1 -> 0 new enrollments
getWS: requesting:  http://10.0.100.98:8000/itsenrol/classlist/2018/22/PPPT101 rsp= <Response [200]>
getWS: requesting:  http://10.0.100.98:8000/bbinfo/classlist/PPPT101 rsp= <Response [200]>
getNewStudentsInSubject: ITS 57, BB 2 -> 57 new enrollments
getWS: requesting:  http://10.0.100.98:8000/itsenrol/classlist/2018/22/CELB201 rsp= <Response [200]>
getWS: requesting:  http://10.0.100.98:8000/bbinfo/classlist/CELB201 rsp= <Response [200]>
getNewStudentsInSubject: ITS 0, BB 1 -> 0 new enrollments
getWS: requesting:  http://10.0.100.98:8000/itsenrol/classlist/2018/22/CHPL314 rsp= <Response [200]>
getWS: requesting:  http://10.0.100.98:8000/bbinfo/classlist/CHPL314 rsp= <Response [200]>
getNewStudentsInSubject: ITS 36, BB 2 -> 36 new enrollments
getWS: requesting:  http://10.0.100.98:8000/itsenrol/classlist/2018/22/CEDB201 rsp= <Response [200]>
getWS: requesting:  http://10.0.100.98:8000/bbinfo/classlist/CEDB201 rsp= <Response [200]>
getNewStudentsInSubject: ITS 19, BB 1 -> 19 new enrollments
getWS: requesting:  http://10.0.100.98:8000/itsenrol/classlist/2018/22/CTHM101 rsp= <Response [200]>
getWS: requesting:  http://10.0.100.98:8000/bbinfo/classlist/CTHM101 rsp= <Response [200]>
getNewStudentsInSubject: ITS 0, BB 1 -> 0 new enrollments
getWS: requesting:  http://10.0.100.98:8000/itsenrol/classlist/2018/22/CELB101 rsp= <Response [200]>
getWS: requesting:  http://10.0.100.98:8000/bbinfo/classlist/CELB101 rsp= <Response [200]>
getNewStudentsInSubject: ITS 20, BB 1 -> 20 new enrollments
getWS: requesting:  http://10.0.100.98:8000/itsenrol/classlist/2018/22/PPRE401 rsp= <Response [200]>
getWS: requesting:  http://10.0.100.98:8000/bbinfo/classlist/PPRE401 rsp= <Response [200]>
getNewStudentsInSubject: ITS 0, BB 2 -> 0 new enrollments
main: Writing students...
main: Writing enrollments...
main: Finished processing workingSheets/data/BBC3501ChemicalEngineering2017.xls
main: 29 subjects processed
main: 38 subject -> classroom maps
main: 270 students
main: 810 student enrollments 0 errors
0.46user 0.12system 0:05.29elapsed 11%CPU (0avgtext+0avgdata 59392maxresident)k
136inputs+160outputs (0major+7206minor)pagefaults 0swaps
POSTING SNAPSHOTS to SIS endpoint
TEST RUN, NOT POSTING BBSTUDENTS
TEST RUN, NOT POSTIN BBENROL
copy snapshot files to saved output
=== department done ===
syncing logs...
Pushing logs from logs/20180723111852 to remote...
sending incremental file list
./
BBC3501ChemicalEngineering2017.BBENROL.txt
BBC3501ChemicalEngineering2017.BBSTUDENTS.txt
BBC3501ChemicalEngineering2017.Enrolomat.txt
BBC3501ChemicalEngineering2017.Postlog.txt

sent 157070 bytes  received 91 bytes  28574.73 bytes/sec
total size is 6298774  speedup is 40.08
logging to logs/20180723111852
=== generate newenrollments for BBC3502ConstMngtQuantSurveying2017. ===
GENERATE SNAPSHOTS...
./BBCIncrementalEnrollerX2.py : generating enrolment files for subjects in  workingSheets/data/BBC3502ConstMngtQuantSurveying2017.xls
processXLS: start spreadsheet workingSheets/data/BBC3502ConstMngtQuantSurveying2017.xls
[u'2018 Blackboard Classrooms for Department: 3502 - CONST MNGT & QUANT SURVEYING', u'', u'', u'', u'', u'', u'', u'', u'', u'', u'', u'', u'']
check '2018 Blackboard Classrooms for Department: 3502 - CONST MNGT & QUANT SURVEYING' ''
[u'', u'', u'', u'', u'', u'', u'', u'', u'', u'', u'', u'', u'']
check '' ''
[u'BB Classroom', u'Migrate Classroom', u'ITS Subject', u'', u'ITS Qualification', u'', u'Block', u'', u'Off Type', u'', u'Grp', u'Lecturer(s)', u'2016 Enrol']
check 'BB Classroom' 'ITS Subject'
[u'CMNT101_YEAR_2018', u'CMNT101_YEAR_2017', u'CMNT101', u'CONSTRUCTION MANAGEMENT I', u'NDBLD2', u'ND: BUILDING', u'11', u'YEAR', u'D1', u'Durban Campus Full-time', u'A', u'50002463: ZUNGU HT', 131.0]
check 'CMNT101_YEAR_2018' 'CMNT101'
processXLS: only for SEM2 [u'CMNT101_YEAR_2018', u'CMNT101_YEAR_2017', u'CMNT101', u'CONSTRUCTION MANAGEMENT I', u'NDBLD2', u'ND: BUILDING', u'11', u'YEAR', u'D1', u'Durban Campus Full-time', u'A', u'50002463: ZUNGU HT', 131.0]
[u'', u'', u'', u'', u'', u'', u'', u'', u'', u'', u'', u'', u'']
check '' ''
[u'CTEC102_YEAR_2018', u'CTEC102_YEAR_2017', u'CTEC102', u'CONSTRUCTION TECHNOLOGY I', u'NDBLD2', u'ND: BUILDING', u'11', u'YEAR', u'D1', u'Durban Campus Full-time', u'A', u'40008980: HEFER EH', 113.0]
check 'CTEC102_YEAR_2018' 'CTEC102'
processXLS: only for SEM2 [u'CTEC102_YEAR_2018', u'CTEC102_YEAR_2017', u'CTEC102', u'CONSTRUCTION TECHNOLOGY I', u'NDBLD2', u'ND: BUILDING', u'11', u'YEAR', u'D1', u'Durban Campus Full-time', u'A', u'40008980: HEFER EH', 113.0]
[u'', u'', u'', u'', u'', u'', u'', u'', u'', u'', u'', u'', u'']
check '' ''
[u'QSUR102_YEAR_2018', u'QSUR102_YEAR_2017', u'QSUR102', u'QUANTITY SURVEYING I', u'NDBLD2', u'ND: BUILDING', u'11', u'YEAR', u'D1', u'Durban Campus Full-time', u'A', u'40008980: HEFER EH', 121.0]
check 'QSUR102_YEAR_2018' 'QSUR102'
processXLS: only for SEM2 [u'QSUR102_YEAR_2018', u'QSUR102_YEAR_2017', u'QSUR102', u'QUANTITY SURVEYING I', u'NDBLD2', u'ND: BUILDING', u'11', u'YEAR', u'D1', u'Durban Campus Full-time', u'A', u'40008980: HEFER EH', 121.0]
[u'', u'', u'', u'', u'', u'', u'', u'', u'', u'', u'', u'', u'']
check '' ''
[u'SSUR101_YEAR_2018', u'SSUR101_YEAR_2017', u'SSUR101', u'SITE SURVEYING I', u'NDBLD2', u'ND: BUILDING', u'11', u'YEAR', u'D1', u'Durban Campus Full-time', u'A', u'SERVICED', 100.0]
check 'SSUR101_YEAR_2018' 'SSUR101'
processXLS: only for SEM2 [u'SSUR101_YEAR_2018', u'SSUR101_YEAR_2017', u'SSUR101', u'SITE SURVEYING I', u'NDBLD2', u'ND: BUILDING', u'11', u'YEAR', u'D1', u'Durban Campus Full-time', u'A', u'SERVICED', 100.0]
[u'', u'', u'', u'', u'', u'', u'', u'', u'', u'', u'', u'', u'']
check '' ''
[u'ABLS101_YEAR_2018', u'ABLS101_YEAR_2017', u'ABLS101', u'APPLIED BUILDING SCIENCE I', u'NDBLD2', u'ND: BUILDING', u'11', u'YEAR', u'D1', u'Durban Campus Full-time', u'A', u'SERVICED', u'']
check 'ABLS101_YEAR_2018' 'ABLS101'
processXLS: only for SEM2 [u'ABLS101_YEAR_2018', u'ABLS101_YEAR_2017', u'ABLS101', u'APPLIED BUILDING SCIENCE I', u'NDBLD2', u'ND: BUILDING', u'11', u'YEAR', u'D1', u'Durban Campus Full-time', u'A', u'SERVICED', u'']
[u'', u'', u'', u'', u'', u'', u'', u'', u'', u'', u'', u'', u'']
check '' ''
[u'CMMN101_YEAR_2018', u'CMMN101_YEAR_2017', u'CMMN101', u'COMMUNICATION I', u'NDBLD2', u'ND: BUILDING', u'11', u'YEAR', u'D1', u'Durban Campus Full-time', u'A', u'SERVICED', u'']
check 'CMMN101_YEAR_2018' 'CMMN101'
processXLS: only for SEM2 [u'CMMN101_YEAR_2018', u'CMMN101_YEAR_2017', u'CMMN101', u'COMMUNICATION I', u'NDBLD2', u'ND: BUILDING', u'11', u'YEAR', u'D1', u'Durban Campus Full-time', u'A', u'SERVICED', u'']
[u'', u'', u'', u'', u'', u'', u'', u'', u'', u'', u'', u'', u'']
check '' ''
[u'CAPP103_YEAR_2018', u'CAPP103_YEAR_2017', u'CAPP103', u'COMPUTER APPLICATION I', u'NDBLD2', u'ND: BUILDING', u'11', u'YEAR', u'D1', u'Durban Campus Full-time', u'A', u'SERVICED', u'']
check 'CAPP103_YEAR_2018' 'CAPP103'
processXLS: only for SEM2 [u'CAPP103_YEAR_2018', u'CAPP103_YEAR_2017', u'CAPP103', u'COMPUTER APPLICATION I', u'NDBLD2', u'ND: BUILDING', u'11', u'YEAR', u'D1', u'Durban Campus Full-time', u'A', u'SERVICED', u'']
[u'', u'', u'', u'', u'', u'', u'', u'', u'', u'', u'', u'', u'']
check '' ''
[u'CMNT201_YEAR_2018', u'CMNT201_YEAR_2017', u'CMNT201', u'CONSTRUCTION MANAGEMENT II', u'NDBLD2', u'ND: BUILDING', u'11', u'YEAR', u'D1', u'Durban Campus Full-time', u'A', u'40012479: AIYETAN AO', 62.0]
check 'CMNT201_YEAR_2018' 'CMNT201'
processXLS: only for SEM2 [u'CMNT201_YEAR_2018', u'CMNT201_YEAR_2017', u'CMNT201', u'CONSTRUCTION MANAGEMENT II', u'NDBLD2', u'ND: BUILDING', u'11', u'YEAR', u'D1', u'Durban Campus Full-time', u'A', u'40012479: AIYETAN AO', 62.0]
[u'', u'', u'', u'', u'', u'', u'', u'', u'', u'', u'', u'', u'']
check '' ''
[u'CTEC202_YEAR_2018', u'CTEC202_YEAR_2017', u'CTEC202', u'CONSTRUCTION TECHNOLOGY II', u'NDBLD2', u'ND: BUILDING', u'11', u'YEAR', u'D1', u'Durban Campus Full-time', u'A', u'40012479: AIYETAN AO', 75.0]
check 'CTEC202_YEAR_2018' 'CTEC202'
processXLS: only for SEM2 [u'CTEC202_YEAR_2018', u'CTEC202_YEAR_2017', u'CTEC202', u'CONSTRUCTION TECHNOLOGY II', u'NDBLD2', u'ND: BUILDING', u'11', u'YEAR', u'D1', u'Durban Campus Full-time', u'A', u'40012479: AIYETAN AO', 75.0]
[u'', u'', u'', u'', u'', u'', u'', u'', u'', u'', u'', u'', u'']
check '' ''
[u'QSUR202_YEAR_2018', u'QSUR202_YEAR_2017', u'QSUR202', u'QUANTITY SURVEYING II', u'NDBLD2', u'ND: BUILDING', u'11', u'YEAR', u'D1', u'Durban Campus Full-time', u'A', u'40014063: ARMOED Z', 81.0]
check 'QSUR202_YEAR_2018' 'QSUR202'
processXLS: only for SEM2 [u'QSUR202_YEAR_2018', u'QSUR202_YEAR_2017', u'QSUR202', u'QUANTITY SURVEYING II', u'NDBLD2', u'ND: BUILDING', u'11', u'YEAR', u'D1', u'Durban Campus Full-time', u'A', u'40014063: ARMOED Z', 81.0]
[u'', u'', u'', u'', u'', u'', u'', u'', u'', u'', u'', u'', u'']
check '' ''
[u'EXBD101_YEAR_2018', u'template_2018', u'EXBD101', u'WORK INTEGRATED LEARNING AND INTERPRETATION OF DOCUMENTATION', u'NDBLD2', u'ND: BUILDING', u'11', u'YEAR', u'D1', u'Durban Campus Full-time', u'A', u'40008980: HEFER EH', u'']
check 'EXBD101_YEAR_2018' 'EXBD101'
processXLS: only for SEM2 [u'EXBD101_YEAR_2018', u'template_2018', u'EXBD101', u'WORK INTEGRATED LEARNING AND INTERPRETATION OF DOCUMENTATION', u'NDBLD2', u'ND: BUILDING', u'11', u'YEAR', u'D1', u'Durban Campus Full-time', u'A', u'40008980: HEFER EH', u'']
[u'', u'', u'', u'', u'', u'', u'', u'', u'', u'', u'', u'', u'']
check '' ''
[u'EXBD201_YEAR_2018', u'template_2018', u'EXBD201', u'EXPERIENTIAL LEARNING', u'NDBLD2', u'ND: BUILDING', u'11', u'YEAR', u'D1', u'Durban Campus Full-time', u'A', u'40008980: HEFER EH', u'']
check 'EXBD201_YEAR_2018' 'EXBD201'
processXLS: only for SEM2 [u'EXBD201_YEAR_2018', u'template_2018', u'EXBD201', u'EXPERIENTIAL LEARNING', u'NDBLD2', u'ND: BUILDING', u'11', u'YEAR', u'D1', u'Durban Campus Full-time', u'A', u'40008980: HEFER EH', u'']
[u'', u'', u'', u'', u'', u'', u'', u'', u'', u'', u'', u'', u'']
check '' ''
[u'CACG302_YEAR_2018', u'CACG302_YEAR_2017', u'CACG302', u'CONSTRUCTION ACCOUNTING III', u'NDBLD2', u'ND: BUILDING', u'11', u'YEAR', u'D1', u'Durban Campus Full-time', u'A', u'SERVICED', 84.0]
check 'CACG302_YEAR_2018' 'CACG302'
processXLS: only for SEM2 [u'CACG302_YEAR_2018', u'CACG302_YEAR_2017', u'CACG302', u'CONSTRUCTION ACCOUNTING III', u'NDBLD2', u'ND: BUILDING', u'11', u'YEAR', u'D1', u'Durban Campus Full-time', u'A', u'SERVICED', 84.0]
[u'', u'', u'', u'', u'', u'', u'', u'', u'', u'', u'', u'', u'']
check '' ''
[u'CMNT301_YEAR_2018', u'CMNT301_YEAR_2017', u'CMNT301', u'CONSTRUCTION MANAGEMENT III', u'NDBLD2', u'ND: BUILDING', u'11', u'YEAR', u'D1', u'Durban Campus Full-time', u'A', u'50002463: ZUNGU HT', 80.0]
check 'CMNT301_YEAR_2018' 'CMNT301'
processXLS: only for SEM2 [u'CMNT301_YEAR_2018', u'CMNT301_YEAR_2017', u'CMNT301', u'CONSTRUCTION MANAGEMENT III', u'NDBLD2', u'ND: BUILDING', u'11', u'YEAR', u'D1', u'Durban Campus Full-time', u'A', u'50002463: ZUNGU HT', 80.0]
[u'', u'', u'', u'', u'', u'', u'', u'', u'', u'', u'', u'', u'']
check '' ''
[u'CTEC302_YEAR_2018', u'CTEC302_YEAR_2017', u'CTEC302', u'CONSTRUCTION TECHNOLOGY III', u'NDBLD2', u'ND: BUILDING', u'11', u'YEAR', u'D1', u'Durban Campus Full-time', u'A', u'40014298: AGUMBA JN', 94.0]
check 'CTEC302_YEAR_2018' 'CTEC302'
processXLS: only for SEM2 [u'CTEC302_YEAR_2018', u'CTEC302_YEAR_2017', u'CTEC302', u'CONSTRUCTION TECHNOLOGY III', u'NDBLD2', u'ND: BUILDING', u'11', u'YEAR', u'D1', u'Durban Campus Full-time', u'A', u'40014298: AGUMBA JN', 94.0]
[u'', u'', u'', u'', u'', u'', u'', u'', u'', u'', u'', u'', u'']
check '' ''
[u'PAES302_YEAR_2018', u'PAES302_YEAR_2017', u'PAES302', u'PRICE ANALYSIS AND ESTIMATING III', u'NDBLD2', u'ND: BUILDING', u'11', u'YEAR', u'D1', u'Durban Campus Full-time', u'A', u'40013810: FESTER FC', 89.0]
check 'PAES302_YEAR_2018' 'PAES302'
processXLS: only for SEM2 [u'PAES302_YEAR_2018', u'PAES302_YEAR_2017', u'PAES302', u'PRICE ANALYSIS AND ESTIMATING III', u'NDBLD2', u'ND: BUILDING', u'11', u'YEAR', u'D1', u'Durban Campus Full-time', u'A', u'40013810: FESTER FC', 89.0]
[u'', u'', u'', u'', u'', u'', u'', u'', u'', u'', u'', u'', u'']
check '' ''
[u'QSUR302_YEAR_2018', u'QSUR302_YEAR_2017', u'QSUR302', u'QUANTITY SURVEYING III', u'NDBLD2', u'ND: BUILDING', u'11', u'YEAR', u'D1', u'Durban Campus Full-time', u'A', u'40014063: ARMOED Z', 76.0]
check 'QSUR302_YEAR_2018' 'QSUR302'
processXLS: only for SEM2 [u'QSUR302_YEAR_2018', u'QSUR302_YEAR_2017', u'QSUR302', u'QUANTITY SURVEYING III', u'NDBLD2', u'ND: BUILDING', u'11', u'YEAR', u'D1', u'Durban Campus Full-time', u'A', u'40014063: ARMOED Z', 76.0]
[u'', u'', u'', u'', u'', u'', u'', u'', u'', u'', u'', u'', u'']
check '' ''
[u'SCON301_YEAR_2018', u'SCON301_YEAR_2017', u'SCON301', u'STRUCTURES AND CONCRETE III', u'NDBLD2', u'ND: BUILDING', u'11', u'YEAR', u'D1', u'Durban Campus Full-time', u'A', u'40013810: FESTER FC', 72.0]
check 'SCON301_YEAR_2018' 'SCON301'
processXLS: only for SEM2 [u'SCON301_YEAR_2018', u'SCON301_YEAR_2017', u'SCON301', u'STRUCTURES AND CONCRETE III', u'NDBLD2', u'ND: BUILDING', u'11', u'YEAR', u'D1', u'Durban Campus Full-time', u'A', u'40013810: FESTER FC', 72.0]
[u'', u'', u'', u'', u'', u'', u'', u'', u'', u'', u'', u'', u'']
check '' ''
[u'BLDE401_YEAR_2018', u'BLDE401_YEAR_2017', u'BLDE401', u'BUILDING ENTREPENEURSHIP IV', u'BTCSM1', u'BT: CONSTRUCTION MANAGEMENT', u'11', u'YEAR', u'D3', u'Durban Campus Part-time', u'A', u'40014544: ANUGWO IC', 20.0]
check 'BLDE401_YEAR_2018' 'BLDE401'
processXLS: only for SEM2 [u'BLDE401_YEAR_2018', u'BLDE401_YEAR_2017', u'BLDE401', u'BUILDING ENTREPENEURSHIP IV', u'BTCSM1', u'BT: CONSTRUCTION MANAGEMENT', u'11', u'YEAR', u'D3', u'Durban Campus Part-time', u'A', u'40014544: ANUGWO IC', 20.0]
[u'BLDE401_YEAR_2018', u'BLDE401_YEAR_2017', u'BLDE401', u'BUILDING ENTREPENEURSHIP IV', u'BTQTS1', u'BT: QUANTITY SURVEYING', u'11', u'YEAR', u'D3', u'Durban Campus Part-time', u'A', u'40014544: ANUGWO IC', 77.0]
check 'BLDE401_YEAR_2018' 'BLDE401'
processXLS: only for SEM2 [u'BLDE401_YEAR_2018', u'BLDE401_YEAR_2017', u'BLDE401', u'BUILDING ENTREPENEURSHIP IV', u'BTQTS1', u'BT: QUANTITY SURVEYING', u'11', u'YEAR', u'D3', u'Durban Campus Part-time', u'A', u'40014544: ANUGWO IC', 77.0]
[u'', u'', u'', u'', u'', u'', u'', u'', u'', u'', u'', u'', u'']
check '' ''
[u'CLWP402_YEAR_2018', u'CLWP402_YEAR_2017', u'CLWP402', u'CONSTRUCTION LAW AND PROCEDURES IV', u'BTCSM1', u'BT: CONSTRUCTION MANAGEMENT', u'11', u'YEAR', u'D3', u'Durban Campus Part-time', u'A', u'40000576: RAMPHAL K', 48.0]
check 'CLWP402_YEAR_2018' 'CLWP402'
processXLS: only for SEM2 [u'CLWP402_YEAR_2018', u'CLWP402_YEAR_2017', u'CLWP402', u'CONSTRUCTION LAW AND PROCEDURES IV', u'BTCSM1', u'BT: CONSTRUCTION MANAGEMENT', u'11', u'YEAR', u'D3', u'Durban Campus Part-time', u'A', u'40000576: RAMPHAL K', 48.0]
[u'CLWP402_YEAR_2018', u'CLWP402_YEAR_2017', u'CLWP402', u'CONSTRUCTION LAW AND PROCEDURES IV', u'BTQTS1', u'BT: QUANTITY SURVEYING', u'11', u'YEAR', u'D3', u'Durban Campus Part-time', u'A', u'40000576: RAMPHAL K', 111.0]
check 'CLWP402_YEAR_2018' 'CLWP402'
processXLS: only for SEM2 [u'CLWP402_YEAR_2018', u'CLWP402_YEAR_2017', u'CLWP402', u'CONSTRUCTION LAW AND PROCEDURES IV', u'BTQTS1', u'BT: QUANTITY SURVEYING', u'11', u'YEAR', u'D3', u'Durban Campus Part-time', u'A', u'40000576: RAMPHAL K', 111.0]
[u'', u'', u'', u'', u'', u'', u'', u'', u'', u'', u'', u'', u'']
check '' ''
[u'CMNT402_YEAR_2018', u'CMNT402_YEAR_2017', u'CMNT402', u'CONSTRUCTION MANAGEMENT IV', u'BTCSM1', u'BT: CONSTRUCTION MANAGEMENT', u'11', u'YEAR', u'D3', u'Durban Campus Part-time', u'A', u'40014298: AGUMBA JN', 46.0]
check 'CMNT402_YEAR_2018' 'CMNT402'
processXLS: only for SEM2 [u'CMNT402_YEAR_2018', u'CMNT402_YEAR_2017', u'CMNT402', u'CONSTRUCTION MANAGEMENT IV', u'BTCSM1', u'BT: CONSTRUCTION MANAGEMENT', u'11', u'YEAR', u'D3', u'Durban Campus Part-time', u'A', u'40014298: AGUMBA JN', 46.0]
[u'', u'', u'', u'', u'', u'', u'', u'', u'', u'', u'', u'', u'']
check '' ''
[u'CNEC401_YEAR_2018', u'CNEC401_YEAR_2017', u'CNEC401', u'CONSTRUCTION ECONOMICS IV', u'BTCSM1', u'BT: CONSTRUCTION MANAGEMENT', u'11', u'YEAR', u'D3', u'Durban Campus Part-time', u'A', u'40012158: CHIKAFALIMANI SHP', 16.0]
check 'CNEC401_YEAR_2018' 'CNEC401'
processXLS: only for SEM2 [u'CNEC401_YEAR_2018', u'CNEC401_YEAR_2017', u'CNEC401', u'CONSTRUCTION ECONOMICS IV', u'BTCSM1', u'BT: CONSTRUCTION MANAGEMENT', u'11', u'YEAR', u'D3', u'Durban Campus Part-time', u'A', u'40012158: CHIKAFALIMANI SHP', 16.0]
[u'CNEC401_YEAR_2018', u'CNEC401_YEAR_2017', u'CNEC401', u'CONSTRUCTION ECONOMICS IV', u'BTQTS1', u'BT: QUANTITY SURVEYING', u'11', u'YEAR', u'D3', u'Durban Campus Part-time', u'A', u'40012158: CHIKAFALIMANI SHP', 55.0]
check 'CNEC401_YEAR_2018' 'CNEC401'
processXLS: only for SEM2 [u'CNEC401_YEAR_2018', u'CNEC401_YEAR_2017', u'CNEC401', u'CONSTRUCTION ECONOMICS IV', u'BTQTS1', u'BT: QUANTITY SURVEYING', u'11', u'YEAR', u'D3', u'Durban Campus Part-time', u'A', u'40012158: CHIKAFALIMANI SHP', 55.0]
[u'', u'', u'', u'', u'', u'', u'', u'', u'', u'', u'', u'', u'']
check '' ''
[u'DEVM403_YEAR_2018', u'DEVM403_YEAR_2017', u'DEVM403', u'DEVELOPMENT MANAGEMENT IV', u'BTCSM1', u'BT: CONSTRUCTION MANAGEMENT', u'11', u'YEAR', u'D3', u'Durban Campus Part-time', u'A', u'40014544: ANUGWO IC', 24.0]
check 'DEVM403_YEAR_2018' 'DEVM403'
processXLS: only for SEM2 [u'DEVM403_YEAR_2018', u'DEVM403_YEAR_2017', u'DEVM403', u'DEVELOPMENT MANAGEMENT IV', u'BTCSM1', u'BT: CONSTRUCTION MANAGEMENT', u'11', u'YEAR', u'D3', u'Durban Campus Part-time', u'A', u'40014544: ANUGWO IC', 24.0]
[u'DEVM403_YEAR_2018', u'DEVM403_YEAR_2017', u'DEVM403', u'DEVELOPMENT MANAGEMENT IV', u'BTQTS1', u'BT: QUANTITY SURVEYING', u'11', u'YEAR', u'D3', u'Durban Campus Part-time', u'A', u'40014544: ANUGWO IC', 73.0]
check 'DEVM403_YEAR_2018' 'DEVM403'
processXLS: only for SEM2 [u'DEVM403_YEAR_2018', u'DEVM403_YEAR_2017', u'DEVM403', u'DEVELOPMENT MANAGEMENT IV', u'BTQTS1', u'BT: QUANTITY SURVEYING', u'11', u'YEAR', u'D3', u'Durban Campus Part-time', u'A', u'40014544: ANUGWO IC', 73.0]
[u'', u'', u'', u'', u'', u'', u'', u'', u'', u'', u'', u'', u'']
check '' ''
[u'MTMN401_YEAR_2018', u'MTMN401_YEAR_2017', u'MTMN401', u'MAINTENANCE MANAGEMENT IV', u'BTCSM1', u'BT: CONSTRUCTION MANAGEMENT', u'11', u'YEAR', u'D3', u'Durban Campus Part-time', u'A', u'40012158: CHIKAFALIMANI SHP', 48.0]
check 'MTMN401_YEAR_2018' 'MTMN401'
processXLS: only for SEM2 [u'MTMN401_YEAR_2018', u'MTMN401_YEAR_2017', u'MTMN401', u'MAINTENANCE MANAGEMENT IV', u'BTCSM1', u'BT: CONSTRUCTION MANAGEMENT', u'11', u'YEAR', u'D3', u'Durban Campus Part-time', u'A', u'40012158: CHIKAFALIMANI SHP', 48.0]
[u'', u'', u'', u'', u'', u'', u'', u'', u'', u'', u'', u'', u'']
check '' ''
[u'MVAL402_YEAR_2018', u'MVAL402_YEAR_2017', u'MVAL402', u'MARKET VALUATIONS IV', u'BTQTS1', u'BT: QUANTITY SURVEYING', u'11', u'YEAR', u'D3', u'Durban Campus Part-time', u'A', u'40000576: RAMPHAL K', 129.0]
check 'MVAL402_YEAR_2018' 'MVAL402'
processXLS: only for SEM2 [u'MVAL402_YEAR_2018', u'MVAL402_YEAR_2017', u'MVAL402', u'MARKET VALUATIONS IV', u'BTQTS1', u'BT: QUANTITY SURVEYING', u'11', u'YEAR', u'D3', u'Durban Campus Part-time', u'A', u'40000576: RAMPHAL K', 129.0]
[u'', u'', u'', u'', u'', u'', u'', u'', u'', u'', u'', u'', u'']
check '' ''
[u'QSUR402_YEAR_2018', u'QSUR402_YEAR_2017', u'QSUR402', u'QUANTITY SURVEYING IV', u'BTQTS1', u'BT: QUANTITY SURVEYING', u'11', u'YEAR', u'D3', u'Durban Campus Part-time', u'A', u'40008980: HEFER EH', 111.0]
check 'QSUR402_YEAR_2018' 'QSUR402'
processXLS: only for SEM2 [u'QSUR402_YEAR_2018', u'QSUR402_YEAR_2017', u'QSUR402', u'QUANTITY SURVEYING IV', u'BTQTS1', u'BT: QUANTITY SURVEYING', u'11', u'YEAR', u'D3', u'Durban Campus Part-time', u'A', u'40008980: HEFER EH', 111.0]
[u'', u'', u'', u'', u'', u'', u'', u'', u'', u'', u'', u'', u'']
check '' ''
[u'RPCM501_YEAR_2018', u'RPCM501_YEAR_2017', u'RPCM501', u'RESEARCH PROJECT & DISSERTATION (1ST REGISTRA', u'MBCSM1', u'MASTER OF THE BUILT ENVIRONMENT (CONST)', u'P0', u'POST-GRAD ANNUAL REGISTRATIONS', u'D3', u'Durban Campus Part-time', u'A', u'40008980: HEFER EH', 11.0]
check 'RPCM501_YEAR_2018' 'RPCM501'
processXLS: only for SEM2 [u'RPCM501_YEAR_2018', u'RPCM501_YEAR_2017', u'RPCM501', u'RESEARCH PROJECT & DISSERTATION (1ST REGISTRA', u'MBCSM1', u'MASTER OF THE BUILT ENVIRONMENT (CONST)', u'P0', u'POST-GRAD ANNUAL REGISTRATIONS', u'D3', u'Durban Campus Part-time', u'A', u'40008980: HEFER EH', 11.0]
[u'', u'', u'', u'', u'', u'', u'', u'', u'', u'', u'', u'', u'']
check '' ''
[u'RPCM511_YEAR_2018', u'RPCM511_YEAR_2017', u'RPCM511', u'RESEARCH PROJECT & DISSERTATION (2ND REGISTRA', u'MBCSM1', u'MASTER OF THE BUILT ENVIRONMENT (CONST)', u'P0', u'POST-GRAD ANNUAL REGISTRATIONS', u'D3', u'Durban Campus Part-time', u'A', u'40008980: HEFER EH', 1.0]
check 'RPCM511_YEAR_2018' 'RPCM511'
processXLS: only for SEM2 [u'RPCM511_YEAR_2018', u'RPCM511_YEAR_2017', u'RPCM511', u'RESEARCH PROJECT & DISSERTATION (2ND REGISTRA', u'MBCSM1', u'MASTER OF THE BUILT ENVIRONMENT (CONST)', u'P0', u'POST-GRAD ANNUAL REGISTRATIONS', u'D3', u'Durban Campus Part-time', u'A', u'40008980: HEFER EH', 1.0]
[u'', u'', u'', u'', u'', u'', u'', u'', u'', u'', u'', u'', u'']
check '' ''
[u'RPDQ511_YEAR_2018', u'RPDQ511_YEAR_2017', u'RPDQ511', u'RESEARCH PROJECT & DISSERTATION (1ST REG)', u'MBCSM1', u'MASTER OF THE BUILT ENVIRONMENT (CONST)', u'P0', u'POST-GRAD ANNUAL REGISTRATIONS', u'D3', u'Durban Campus Part-time', u'A', u'40008980: HEFER EH', 13.0]
check 'RPDQ511_YEAR_2018' 'RPDQ511'
processXLS: only for SEM2 [u'RPDQ511_YEAR_2018', u'RPDQ511_YEAR_2017', u'RPDQ511', u'RESEARCH PROJECT & DISSERTATION (1ST REG)', u'MBCSM1', u'MASTER OF THE BUILT ENVIRONMENT (CONST)', u'P0', u'POST-GRAD ANNUAL REGISTRATIONS', u'D3', u'Durban Campus Part-time', u'A', u'40008980: HEFER EH', 13.0]
[u'RPDQ511_YEAR_2018', u'RPDQ511_YEAR_2017', u'RPDQ511', u'RESEARCH PROJECT & DISSERTATION (1ST REG)', u'MBQTS1', u'MASTER OF THE BUILT ENVIRONMENT (QUANT)', u'P0', u'POST-GRAD ANNUAL REGISTRATIONS', u'D3', u'Durban Campus Part-time', u'A', u'40008980: HEFER EH', 9.0]
check 'RPDQ511_YEAR_2018' 'RPDQ511'
processXLS: only for SEM2 [u'RPDQ511_YEAR_2018', u'RPDQ511_YEAR_2017', u'RPDQ511', u'RESEARCH PROJECT & DISSERTATION (1ST REG)', u'MBQTS1', u'MASTER OF THE BUILT ENVIRONMENT (QUANT)', u'P0', u'POST-GRAD ANNUAL REGISTRATIONS', u'D3', u'Durban Campus Part-time', u'A', u'40008980: HEFER EH', 9.0]
[u'', u'', u'', u'', u'', u'', u'', u'', u'', u'', u'', u'', u'']
check '' ''
[u'RPDQ521_YEAR_2018', u'RPDQ521_YEAR_2017', u'RPDQ521', u'RESEARCH PROJECT & DISSERTATION (2ND REG)', u'MBCSM1', u'MASTER OF THE BUILT ENVIRONMENT (CONST)', u'P0', u'POST-GRAD ANNUAL REGISTRATIONS', u'D3', u'Durban Campus Part-time', u'A', u'40008980: HEFER EH', 2.0]
check 'RPDQ521_YEAR_2018' 'RPDQ521'
processXLS: only for SEM2 [u'RPDQ521_YEAR_2018', u'RPDQ521_YEAR_2017', u'RPDQ521', u'RESEARCH PROJECT & DISSERTATION (2ND REG)', u'MBCSM1', u'MASTER OF THE BUILT ENVIRONMENT (CONST)', u'P0', u'POST-GRAD ANNUAL REGISTRATIONS', u'D3', u'Durban Campus Part-time', u'A', u'40008980: HEFER EH', 2.0]
[u'', u'', u'', u'', u'', u'', u'', u'', u'', u'', u'', u'', u'']
check '' ''
[u'RPQS511_YEAR_2018', u'RPQS511_YEAR_2017', u'RPQS511', u'RESEARCH PROJECT & DISSERTATION (2ND REGISTRA', u'MBQTS1', u'MASTER OF THE BUILT ENVIRONMENT (QUANT)', u'P0', u'POST-GRAD ANNUAL REGISTRATIONS', u'D3', u'Durban Campus Part-time', u'A', u'40008980: HEFER EH', 1.0]
check 'RPQS511_YEAR_2018' 'RPQS511'
processXLS: only for SEM2 [u'RPQS511_YEAR_2018', u'RPQS511_YEAR_2017', u'RPQS511', u'RESEARCH PROJECT & DISSERTATION (2ND REGISTRA', u'MBQTS1', u'MASTER OF THE BUILT ENVIRONMENT (QUANT)', u'P0', u'POST-GRAD ANNUAL REGISTRATIONS', u'D3', u'Durban Campus Part-time', u'A', u'40008980: HEFER EH', 1.0]
[u'...', u'', u'', u'', u'', u'', u'', u'', u'', u'', u'', u'', u'']
check '...' ''
[u'New subjects for 2018', u'', u'', u'', u'', u'', u'', u'', u'', u'', u'', u'', u'']
check 'New subjects for 2018' ''
[u'CNMA101_SEM1_2018', u'template_2018', u'CNMA101', u'CONSTRUCTION MANAGEMENT IA', u'BBCST1', u'BACHELOR OF BE IN CONSTRUCTION STUDIES', u'21', u'SEM1', u'D1', u'OTNAME', u'A', u'50002463: ZUNGU HT', u'']
check 'CNMA101_SEM1_2018' 'CNMA101'
processXLS: only for SEM2 [u'CNMA101_SEM1_2018', u'template_2018', u'CNMA101', u'CONSTRUCTION MANAGEMENT IA', u'BBCST1', u'BACHELOR OF BE IN CONSTRUCTION STUDIES', u'21', u'SEM1', u'D1', u'OTNAME', u'A', u'50002463: ZUNGU HT', u'']
[u'CNTA101_SEM1_2018', u'template_2018', u'CNTA101', u'CONSTRUCTION TECHNOLOGY IA', u'BBCST1', u'BACHELOR OF BE IN CONSTRUCTION STUDIES', u'21', u'SEM1', u'D1', u'OTNAME', u'A', u'40008980: HEFER EH', u'']
check 'CNTA101_SEM1_2018' 'CNTA101'
processXLS: only for SEM2 [u'CNTA101_SEM1_2018', u'template_2018', u'CNTA101', u'CONSTRUCTION TECHNOLOGY IA', u'BBCST1', u'BACHELOR OF BE IN CONSTRUCTION STUDIES', u'21', u'SEM1', u'D1', u'OTNAME', u'A', u'40008980: HEFER EH', u'']
[u'QDCB101_SEM2_2018', u'template_2018', u'QDCB101', u'QUANTITIES AND DOCUMENTATION IB', u'BBCST1', u'BACHELOR OF BE IN CONSTRUCTION STUDIES', u'22', u'SEM2', u'D1', u'OTNAME', u'A', u'40008980: HEFER EH', u'']
check 'QDCB101_SEM2_2018' 'QDCB101'
adding  QDCB101
requesting:  http://10.0.100.98:8000/bbinfo/matching_courses/QDCB101%25
r= <Response [200]>
matching classes= set([u'QDCB101_SEM2_2018'])
[u'CNTB101_SEM2_2018', u'template_2018', u'CNTB101', u'CONSTRUCTION TECHNOLOGY IB', u'BBCST1', u'BACHELOR OF BE IN CONSTRUCTION STUDIES', u'22', u'SEM2', u'D1', u'OTNAME', u'A', u'40008980: HEFER EH', u'']
check 'CNTB101_SEM2_2018' 'CNTB101'
adding  CNTB101
requesting:  http://10.0.100.98:8000/bbinfo/matching_courses/CNTB101%25
r= <Response [200]>
matching classes= set([u'CNTB101_SEM2_2018'])
[u'CNMB101_SEM2_2018', u'template_2018', u'CNMB101', u'CONSTRUCTION MANAGEMENT IB', u'BBCST1', u'BACHELOR OF BE IN CONSTRUCTION STUDIES', u'22', u'SEM2', u'D1', u'OTNAME', u'A', u'50002463: ZUNGU HT', u'']
check 'CNMB101_SEM2_2018' 'CNMB101'
adding  CNMB101
requesting:  http://10.0.100.98:8000/bbinfo/matching_courses/CNMB101%25
r= <Response [200]>
matching classes= set([u'CNMB101_SEM2_2018'])
[u'QDCA101_SEM1_2018', u'template_2018', u'QDCA101', u'QUANTITIES AND DOCUMENTATION IA', u'BBCST1', u'BACHELOR OF BE IN CONSTRUCTION STUDIES', u'21', u'SEM1', u'D1', u'OTNAME', u'A', u'40008980: HEFER EH', u'']
check 'QDCA101_SEM1_2018' 'QDCA101'
processXLS: only for SEM2 [u'QDCA101_SEM1_2018', u'template_2018', u'QDCA101', u'QUANTITIES AND DOCUMENTATION IA', u'BBCST1', u'BACHELOR OF BE IN CONSTRUCTION STUDIES', u'21', u'SEM1', u'D1', u'OTNAME', u'A', u'40008980: HEFER EH', u'']
[u'CSTN101_SEM1_2018', u'template_2018', u'CSTN101', u'CORNERSTONE 101', u'BBCST1', u'BACHELOR OF BE IN CONSTRUCTION STUDIES', u'21', u'SEM1', u'D1', u'OTNAME', u'A', u'SERVICED', u'']
check 'CSTN101_SEM1_2018' 'CSTN101'
processXLS: only for SEM2 [u'CSTN101_SEM1_2018', u'template_2018', u'CSTN101', u'CORNERSTONE 101', u'BBCST1', u'BACHELOR OF BE IN CONSTRUCTION STUDIES', u'21', u'SEM1', u'D1', u'OTNAME', u'A', u'SERVICED', u'']
[u'MTBE101_SEM1_2018', u'template_2018', u'MTBE101', u'MATHEMATICS FOR THE BUILT ENVIRONMENT I', u'BBCST1', u'BACHELOR OF BE IN CONSTRUCTION STUDIES', u'21', u'SEM1', u'D1', u'OTNAME', u'A', u'SERVICED', u'']
check 'MTBE101_SEM1_2018' 'MTBE101'
processXLS: only for SEM2 [u'MTBE101_SEM1_2018', u'template_2018', u'MTBE101', u'MATHEMATICS FOR THE BUILT ENVIRONMENT I', u'BBCST1', u'BACHELOR OF BE IN CONSTRUCTION STUDIES', u'21', u'SEM1', u'D1', u'OTNAME', u'A', u'SERVICED', u'']
[u'TCLT101_SEM1_2018', u'template_2018', u'TCLT101', u'TECHNICAL LITERACY', u'BBCST1', u'BACHELOR OF BE IN CONSTRUCTION STUDIES', u'21', u'SEM1', u'D1', u'OTNAME', u'A', u'40008980: HEFER EH', u'']
check 'TCLT101_SEM1_2018' 'TCLT101'
processXLS: only for SEM2 [u'TCLT101_SEM1_2018', u'template_2018', u'TCLT101', u'TECHNICAL LITERACY', u'BBCST1', u'BACHELOR OF BE IN CONSTRUCTION STUDIES', u'21', u'SEM1', u'D1', u'OTNAME', u'A', u'40008980: HEFER EH', u'']
[u'PHBA101_SEM1_2018', u'template_2018', u'PHBA101', u'PHYSICS FOR THE BUILT ENVIRONMENT IA', u'BBCST1', u'BACHELOR OF BE IN CONSTRUCTION STUDIES', u'21', u'SEM1', u'D1', u'OTNAME', u'A', u'SERVICED', u'']
check 'PHBA101_SEM1_2018' 'PHBA101'
processXLS: only for SEM2 [u'PHBA101_SEM1_2018', u'template_2018', u'PHBA101', u'PHYSICS FOR THE BUILT ENVIRONMENT IA', u'BBCST1', u'BACHELOR OF BE IN CONSTRUCTION STUDIES', u'21', u'SEM1', u'D1', u'OTNAME', u'A', u'SERVICED', u'']
[u'ICTL101_SEM2_2018', u'template_2018', u'ICTL101', u'INFORMATION AND COMMUNICATION TECHNOLOGY LITERACY AND SKILLS', u'BBCST1', u'BACHELOR OF BE IN CONSTRUCTION STUDIES', u'22', u'SEM2', u'D1', u'OTNAME', u'A', u'SERVICED', u'']
check 'ICTL101_SEM2_2018' 'ICTL101'
adding  ICTL101
requesting:  http://10.0.100.98:8000/bbinfo/matching_courses/ICTL101%25
r= <Response [200]>
matching classes= set([u'ICTL101_SEM1_2016', u'ICTL101_SEM1_2017', u'ICTL101_SEM2_2017', u'ICTL101_YEAR_2016', u'ICTL101_SEM2_2018', u'ICTL101_FND_S1_2016', u'ICTL101_SEM1_2018'])
[u'STBE101_SEM2_2018', u'template_2018', u'STBE101', u'STATISTICS FOR THE BUILT ENVIRONMENT I', u'BBCST1', u'BACHELOR OF BE IN CONSTRUCTION STUDIES', u'22', u'SEM2', u'D1', u'OTNAME', u'A', u'SERVICED', u'']
check 'STBE101_SEM2_2018' 'STBE101'
adding  STBE101
requesting:  http://10.0.100.98:8000/bbinfo/matching_courses/STBE101%25
r= <Response [200]>
matching classes= set([u'STBE101_SEM1_2018', u'STBE101_SEM2_2018', u'STBE101_SEM1_2017'])
[u'PHBB101_SEM2_2018', u'template_2018', u'PHBB101', u'PHYSICS FOR THE BUILT ENVIRONMENT IB', u'BBCST1', u'BACHELOR OF BE IN CONSTRUCTION STUDIES', u'22', u'SEM2', u'D1', u'OTNAME', u'A', u'SERVICED', u'']
check 'PHBB101_SEM2_2018' 'PHBB101'
adding  PHBB101
requesting:  http://10.0.100.98:8000/bbinfo/matching_courses/PHBB101%25
r= <Response [200]>
matching classes= set([u'PHBB101_SEM2_2018'])
processXLS: finished processing workingSheets/data/BBC3502ConstMngtQuantSurveying2017.xls
getWS: requesting:  http://10.0.100.98:8000/itsenrol/classlist/2018/22/CNMB101 rsp= <Response [200]>
getWS: requesting:  http://10.0.100.98:8000/bbinfo/classlist/CNMB101 rsp= <Response [200]>
getNewStudentsInSubject: ITS 41, BB 1 -> 41 new enrollments
getWS: requesting:  http://10.0.100.98:8000/itsenrol/classlist/2018/22/CNTB101 rsp= <Response [200]>
getWS: requesting:  http://10.0.100.98:8000/bbinfo/classlist/CNTB101 rsp= <Response [200]>
getNewStudentsInSubject: ITS 41, BB 1 -> 41 new enrollments
getWS: requesting:  http://10.0.100.98:8000/itsenrol/classlist/2018/22/ICTL101 rsp= <Response [200]>
getWS: requesting:  http://10.0.100.98:8000/bbinfo/classlist/ICTL101 rsp= <Response [200]>
getNewStudentsInSubject: ITS 131, BB 2058 -> 131 new enrollments
getWS: requesting:  http://10.0.100.98:8000/itsenrol/classlist/2018/22/PHBB101 rsp= <Response [200]>
getWS: requesting:  http://10.0.100.98:8000/bbinfo/classlist/PHBB101 rsp= <Response [200]>
getNewStudentsInSubject: ITS 67, BB 0 -> 67 new enrollments
getWS: requesting:  http://10.0.100.98:8000/itsenrol/classlist/2018/22/QDCB101 rsp= <Response [200]>
getWS: requesting:  http://10.0.100.98:8000/bbinfo/classlist/QDCB101 rsp= <Response [200]>
getNewStudentsInSubject: ITS 41, BB 1 -> 41 new enrollments
getWS: requesting:  http://10.0.100.98:8000/itsenrol/classlist/2018/22/STBE101 rsp= <Response [200]>
getWS: requesting:  http://10.0.100.98:8000/bbinfo/classlist/STBE101 rsp= <Response [200]>
getNewStudentsInSubject: ITS 41, BB 141 -> 41 new enrollments
main: Writing students...
main: Writing enrollments...
main: Finished processing workingSheets/data/BBC3502ConstMngtQuantSurveying2017.xls
main: 6 subjects processed
main: 6 subject -> classroom maps
main: 157 students
main: 362 student enrollments 0 errors
0.21user 0.15system 0:01.89elapsed 19%CPU (0avgtext+0avgdata 83104maxresident)k
80inputs+88outputs (0major+8688minor)pagefaults 0swaps
POSTING SNAPSHOTS to SIS endpoint
TEST RUN, NOT POSTING BBSTUDENTS
TEST RUN, NOT POSTIN BBENROL
copy snapshot files to saved output
=== department done ===
syncing logs...
Pushing logs from logs/20180723111852 to remote...
sending incremental file list
./
BBC3502ConstMngtQuantSurveying2017.BBENROL.txt
BBC3502ConstMngtQuantSurveying2017.BBSTUDENTS.txt
BBC3502ConstMngtQuantSurveying2017.Enrolomat.txt
BBC3502ConstMngtQuantSurveying2017.Postlog.txt

sent 76380 bytes  received 91 bytes  16993.56 bytes/sec
total size is 6367756  speedup is 83.27
logging to logs/20180723111852
=== generate newenrollments for BBC3503CivilEngSurv(durban)2017. ===
GENERATE SNAPSHOTS...
./BBCIncrementalEnrollerX2.py : generating enrolment files for subjects in  workingSheets/data/BBC3503CivilEngSurv(durban)2017.xls
processXLS: start spreadsheet workingSheets/data/BBC3503CivilEngSurv(durban)2017.xls
[u'2018 Blackboard Classrooms for Department: 3503 - CIVIL ENG & SURV(DURBAN)', u'', u'', u'', u'', u'', u'', u'', u'', u'', u'', u'', u'']
check '2018 Blackboard Classrooms for Department: 3503 - CIVIL ENG & SURV(DURBAN)' ''
[u'', u'', u'', u'', u'', u'', u'', u'', u'', u'', u'', u'', u'']
check '' ''
[u'BB Classroom', u'Migrate Classroom', u'ITS Subject', u'', u'ITS Qualification', u'', u'Block', u'', u'Off Type', u'', u'Grp', u'Lecturer(s)', u'2016 Enrol']
check 'BB Classroom' 'ITS Subject'
[u'CMET101_SEM1_2018', u'CMET101_SEM1_2017', u'CMET101', u'CONSTRUCTION METHODS I', u'NDCVL2', u'ND: ENGINEERING: CIVIL', u'21', u'SEMESTER 1', u'D1', u'Durban Campus Full-time', u'B', u'40000434:HOOSEN', 19.0]
check 'CMET101_SEM1_2018' 'CMET101'
processXLS: only for SEM2 [u'CMET101_SEM1_2018', u'CMET101_SEM1_2017', u'CMET101', u'CONSTRUCTION METHODS I', u'NDCVL2', u'ND: ENGINEERING: CIVIL', u'21', u'SEMESTER 1', u'D1', u'Durban Campus Full-time', u'B', u'40000434:HOOSEN', 19.0]
[u'CMET101_SEM1_2018', u'CMET101_SEM1_2017', u'CMET101', u'CONSTRUCTION METHODS I', u'NDCVL2', u'ND: ENGINEERING: CIVIL', u'21', u'SEMESTER 1', u'D1', u'Durban Campus Full-time', u'A', u'40000434:HOOSEN', 35.0]
check 'CMET101_SEM1_2018' 'CMET101'
processXLS: only for SEM2 [u'CMET101_SEM1_2018', u'CMET101_SEM1_2017', u'CMET101', u'CONSTRUCTION METHODS I', u'NDCVL2', u'ND: ENGINEERING: CIVIL', u'21', u'SEMESTER 1', u'D1', u'Durban Campus Full-time', u'A', u'40000434:HOOSEN', 35.0]
[u'CMET101_SEM1_2018', u'CMET101_SEM1_2017', u'CMET101', u'CONSTRUCTION METHODS I', u'NDCVL2', u'ND: ENGINEERING: CIVIL', u'21', u'SEMESTER 1', u'D1', u'Durban Campus Full-time', u'C', u'40000434:HOOSEN', 15.0]
check 'CMET101_SEM1_2018' 'CMET101'
processXLS: only for SEM2 [u'CMET101_SEM1_2018', u'CMET101_SEM1_2017', u'CMET101', u'CONSTRUCTION METHODS I', u'NDCVL2', u'ND: ENGINEERING: CIVIL', u'21', u'SEMESTER 1', u'D1', u'Durban Campus Full-time', u'C', u'40000434:HOOSEN', 15.0]
[u'', u'', u'', u'', u'', u'', u'', u'', u'', u'', u'', u'', u'']
check '' ''
[u'CMET101_SEM2_2018', u'CMET101_SEM2_2017', u'CMET101', u'CONSTRUCTION METHODS I', u'NDCVL2', u'ND: ENGINEERING: CIVIL', u'22', u'SEMESTER 2', u'D1', u'Durban Campus Full-time', u'B', u'40000434:HOOSEN', 18.0]
check 'CMET101_SEM2_2018' 'CMET101'
adding  CMET101
requesting:  http://10.0.100.98:8000/bbinfo/matching_courses/CMET101%25
r= <Response [200]>
matching classes= set([u'CMET101_SEM2_2017', u'CMET101_SEM1_2017', u'CMET101_SEM1_2018', u'CMET101_ALL_2016', u'CMET101_SEM2_2018', u'CMET101_13_HOOG'])
[u'CMET101_SEM2_2018', u'CMET101_SEM2_2017', u'CMET101', u'CONSTRUCTION METHODS I', u'NDCVL2', u'ND: ENGINEERING: CIVIL', u'22', u'SEMESTER 2', u'D1', u'Durban Campus Full-time', u'C', u'40000434:HOOSEN', 29.0]
check 'CMET101_SEM2_2018' 'CMET101'
adding  CMET101
requesting:  http://10.0.100.98:8000/bbinfo/matching_courses/CMET101%25
r= <Response [200]>
matching classes= set([u'CMET101_SEM2_2017', u'CMET101_SEM1_2017', u'CMET101_SEM1_2018', u'CMET101_ALL_2016', u'CMET101_SEM2_2018', u'CMET101_13_HOOG'])
[u'CMET101_SEM2_2018', u'CMET101_SEM2_2017', u'CMET101', u'CONSTRUCTION METHODS I', u'NDCVL2', u'ND: ENGINEERING: CIVIL', u'22', u'SEMESTER 2', u'D1', u'Durban Campus Full-time', u'A', u'40000434:HOOSEN', 46.0]
check 'CMET101_SEM2_2018' 'CMET101'
adding  CMET101
requesting:  http://10.0.100.98:8000/bbinfo/matching_courses/CMET101%25
r= <Response [200]>
matching classes= set([u'CMET101_SEM2_2017', u'CMET101_SEM1_2017', u'CMET101_SEM1_2018', u'CMET101_ALL_2016', u'CMET101_SEM2_2018', u'CMET101_13_HOOG'])
[u'', u'', u'', u'', u'', u'', u'', u'', u'', u'', u'', u'', u'']
check '' ''
[u'CSKL102_SEM1_2018', u'CSKL102_SEM1_2017', u'CSKL102', u'COMPUTER SKILLS I', u'NDSUR2', u'ND: SURVEYING', u'21', u'SEMESTER 1', u'D1', u'Durban Campus Full-time', u'A', u'40000300:SINGH;40004652:RAMPURSAD', 20.0]
check 'CSKL102_SEM1_2018' 'CSKL102'
processXLS: only for SEM2 [u'CSKL102_SEM1_2018', u'CSKL102_SEM1_2017', u'CSKL102', u'COMPUTER SKILLS I', u'NDSUR2', u'ND: SURVEYING', u'21', u'SEMESTER 1', u'D1', u'Durban Campus Full-time', u'A', u'40000300:SINGH;40004652:RAMPURSAD', 20.0]
[u'', u'', u'', u'', u'', u'', u'', u'', u'', u'', u'', u'', u'']
check '' ''
[u'CSKL102_SEM2_2018', u'CSKL102_SEM2_2017', u'CSKL102', u'COMPUTER SKILLS I', u'NDSUR2', u'ND: SURVEYING', u'22', u'SEMESTER 2', u'D1', u'Durban Campus Full-time', u'A', u'40000300:SINGH;40004652:RAMPURSAD', 29.0]
check 'CSKL102_SEM2_2018' 'CSKL102'
adding  CSKL102
requesting:  http://10.0.100.98:8000/bbinfo/matching_courses/CSKL102%25
r= <Response [200]>
matching classes= set([u'CSKL102_13_JAJH', u'CSKL102_ALL_2016', u'CSKL102_SEM2_2017', u'CSKL102_SEM1_2017', u'CSKL102_SEM1_2018', u'CSKL102_SEM2_2018'])
[u'', u'', u'', u'', u'', u'', u'', u'', u'', u'', u'', u'', u'']
check '' ''
[u'CVLE101_SEM1_2018', u'CVLE101_SEM1_2017', u'CVLE101', u'CIVIL ENGINEERING I', u'NDSUR2', u'ND: SURVEYING', u'21', u'SEMESTER 1', u'D1', u'Durban Campus Full-time', u'A', u'50010932:RAGHUBAR', 27.0]
check 'CVLE101_SEM1_2018' 'CVLE101'
processXLS: only for SEM2 [u'CVLE101_SEM1_2018', u'CVLE101_SEM1_2017', u'CVLE101', u'CIVIL ENGINEERING I', u'NDSUR2', u'ND: SURVEYING', u'21', u'SEMESTER 1', u'D1', u'Durban Campus Full-time', u'A', u'50010932:RAGHUBAR', 27.0]
[u'', u'', u'', u'', u'', u'', u'', u'', u'', u'', u'', u'', u'']
check '' ''
[u'CVLE101_SEM2_2018', u'CVLE101_SEM2_2017', u'CVLE101', u'CIVIL ENGINEERING I', u'NDSUR2', u'ND: SURVEYING', u'22', u'SEMESTER 2', u'D1', u'Durban Campus Full-time', u'A', u'50010932:RAGHUBAR', 30.0]
check 'CVLE101_SEM2_2018' 'CVLE101'
adding  CVLE101
requesting:  http://10.0.100.98:8000/bbinfo/matching_courses/CVLE101%25
r= <Response [200]>
matching classes= set([u'CVLE101_SEM2_2017', u'CVLE101_SEM1_2017', u'CVLE101_13_SHAM', u'CVLE101_SEM1_2018', u'CVLE101_SEM2_2018', u'CVLE101_ALL_2016'])
[u'', u'', u'', u'', u'', u'', u'', u'', u'', u'', u'', u'', u'']
check '' ''
[u'DEQP101_SEM1_2018', u'DEQP101_SEM1_2017', u'DEQP101', u'DRAWING EQUIPMENT', u'NDSUR2', u'ND: SURVEYING', u'21', u'SEMESTER 1', u'D7', u'DBN FULL-TIME NON-SUBSIDISED', u'A', u'50002279:STEEL PJ', 13.0]
check 'DEQP101_SEM1_2018' 'DEQP101'
processXLS: only for SEM2 [u'DEQP101_SEM1_2018', u'DEQP101_SEM1_2017', u'DEQP101', u'DRAWING EQUIPMENT', u'NDSUR2', u'ND: SURVEYING', u'21', u'SEMESTER 1', u'D7', u'DBN FULL-TIME NON-SUBSIDISED', u'A', u'50002279:STEEL PJ', 13.0]
[u'', u'', u'', u'', u'', u'', u'', u'', u'', u'', u'', u'', u'']
check '' ''
[u'DEQP101_SEM2_2018', u'DEQP101_SEM2_2017', u'DEQP101', u'DRAWING EQUIPMENT', u'NDSUR2', u'ND: SURVEYING', u'22', u'SEMESTER 2', u'D7', u'DBN FULL-TIME NON-SUBSIDISED', u'A', u'50002279:STEEL PJ', 14.0]
check 'DEQP101_SEM2_2018' 'DEQP101'
adding  DEQP101
requesting:  http://10.0.100.98:8000/bbinfo/matching_courses/DEQP101%25
r= <Response [200]>
matching classes= set([u'DEQP101_SEM2_2017', u'DEQP101_13_STEP', u'DEQP101_SEM2_2018', u'DEQP101_SEM1_2018', u'DEQP101_SEM1_2017'])
[u'', u'', u'', u'', u'', u'', u'', u'', u'', u'', u'', u'', u'']
check '' ''
[u'DRWG102_SEM1_2018', u'DRWG102_SEM1_2017', u'DRWG102', u'DRAWING I', u'NDSUR2', u'ND: SURVEYING', u'21', u'SEMESTER 1', u'D1', u'Durban Campus Full-time', u'A', u'40002900:HARIPARSAD S;40002900:HARIPARSAD S', 27.0]
check 'DRWG102_SEM1_2018' 'DRWG102'
processXLS: only for SEM2 [u'DRWG102_SEM1_2018', u'DRWG102_SEM1_2017', u'DRWG102', u'DRAWING I', u'NDSUR2', u'ND: SURVEYING', u'21', u'SEMESTER 1', u'D1', u'Durban Campus Full-time', u'A', u'40002900:HARIPARSAD S;40002900:HARIPARSAD S', 27.0]
[u'', u'', u'', u'', u'', u'', u'', u'', u'', u'', u'', u'', u'']
check '' ''
[u'DRWG102_SEM2_2018', u'DRWG102_SEM2_2017', u'DRWG102', u'DRAWING I', u'NDSUR2', u'ND: SURVEYING', u'22', u'SEMESTER 2', u'D1', u'Durban Campus Full-time', u'A', u'40002900:HARIPARSAD S;40002900:HARIPARSAD S', 26.0]
check 'DRWG102_SEM2_2018' 'DRWG102'
adding  DRWG102
requesting:  http://10.0.100.98:8000/bbinfo/matching_courses/DRWG102%25
r= <Response [200]>
matching classes= set([u'DRWG102_SEM1_2017', u'DRWG102_SEM2_2017', u'DRWG102_SEM2_2018', u'DRWG102_SEM1_2018', u'DRWG102_13_THOC', u'DRWG102_ALL_2016'])
[u'', u'', u'', u'', u'', u'', u'', u'', u'', u'', u'', u'', u'']
check '' ''
[u'GEGR101_SEM1_2018', u'GEGR101_SEM1_2017', u'GEGR101', u'GEOGRAPHY I', u'NDSUR2', u'ND: SURVEYING', u'21', u'SEMESTER 1', u'D1', u'Durban Campus Full-time', u'A', u'40009694:PHIRI', 27.0]
check 'GEGR101_SEM1_2018' 'GEGR101'
processXLS: only for SEM2 [u'GEGR101_SEM1_2018', u'GEGR101_SEM1_2017', u'GEGR101', u'GEOGRAPHY I', u'NDSUR2', u'ND: SURVEYING', u'21', u'SEMESTER 1', u'D1', u'Durban Campus Full-time', u'A', u'40009694:PHIRI', 27.0]
[u'', u'', u'', u'', u'', u'', u'', u'', u'', u'', u'', u'', u'']
check '' ''
[u'GEGR101_SEM2_2018', u'GEGR101_SEM2_2017', u'GEGR101', u'GEOGRAPHY I', u'NDSUR2', u'ND: SURVEYING', u'22', u'SEMESTER 2', u'D1', u'Durban Campus Full-time', u'A', u'40009694:PHIRI;40004652:RAMPURSAD', 21.0]
check 'GEGR101_SEM2_2018' 'GEGR101'
adding  GEGR101
requesting:  http://10.0.100.98:8000/bbinfo/matching_courses/GEGR101%25
r= <Response [200]>
matching classes= set([u'GEGR101_ALL_2016', u'GEGR101_13_SAAB', u'GEGR101_SEM1_2018', u'GEGR101_SEM2_2018', u'GEGR101_SEM2_2017', u'GEGR101_SEM1_2017'])
[u'', u'', u'', u'', u'', u'', u'', u'', u'', u'', u'', u'', u'']
check '' ''
[u'MCIV102_SEM1_2018', u'MCIV102_SEM1_2017', u'MCIV102', u'MANAGEMENT:CIVIL I', u'NDCVL2', u'ND: ENGINEERING: CIVIL', u'21', u'SEMESTER 1', u'D1', u'Durban Campus Full-time', u'B', u'40000314:VAHED', 21.0]
check 'MCIV102_SEM1_2018' 'MCIV102'
processXLS: only for SEM2 [u'MCIV102_SEM1_2018', u'MCIV102_SEM1_2017', u'MCIV102', u'MANAGEMENT:CIVIL I', u'NDCVL2', u'ND: ENGINEERING: CIVIL', u'21', u'SEMESTER 1', u'D1', u'Durban Campus Full-time', u'B', u'40000314:VAHED', 21.0]
[u'MCIV102_SEM1_2018', u'MCIV102_SEM1_2017', u'MCIV102', u'MANAGEMENT:CIVIL I', u'NDCVL2', u'ND: ENGINEERING: CIVIL', u'21', u'SEMESTER 1', u'D1', u'Durban Campus Full-time', u'C', u'40000314:VAHED', 19.0]
check 'MCIV102_SEM1_2018' 'MCIV102'
processXLS: only for SEM2 [u'MCIV102_SEM1_2018', u'MCIV102_SEM1_2017', u'MCIV102', u'MANAGEMENT:CIVIL I', u'NDCVL2', u'ND: ENGINEERING: CIVIL', u'21', u'SEMESTER 1', u'D1', u'Durban Campus Full-time', u'C', u'40000314:VAHED', 19.0]
[u'MCIV102_SEM1_2018', u'MCIV102_SEM1_2017', u'MCIV102', u'MANAGEMENT:CIVIL I', u'NDCVL2', u'ND: ENGINEERING: CIVIL', u'21', u'SEMESTER 1', u'D1', u'Durban Campus Full-time', u'A', u'40000314:VAHED', 14.0]
check 'MCIV102_SEM1_2018' 'MCIV102'
processXLS: only for SEM2 [u'MCIV102_SEM1_2018', u'MCIV102_SEM1_2017', u'MCIV102', u'MANAGEMENT:CIVIL I', u'NDCVL2', u'ND: ENGINEERING: CIVIL', u'21', u'SEMESTER 1', u'D1', u'Durban Campus Full-time', u'A', u'40000314:VAHED', 14.0]
[u'MCIV102_SEM1_2018', u'MCIV102_SEM1_2017', u'MCIV102', u'MANAGEMENT:CIVIL I', u'NDSUR2', u'ND: SURVEYING', u'21', u'SEMESTER 1', u'D1', u'Durban Campus Full-time', u'A', u'40000314:VAHED', 4.0]
check 'MCIV102_SEM1_2018' 'MCIV102'
processXLS: only for SEM2 [u'MCIV102_SEM1_2018', u'MCIV102_SEM1_2017', u'MCIV102', u'MANAGEMENT:CIVIL I', u'NDSUR2', u'ND: SURVEYING', u'21', u'SEMESTER 1', u'D1', u'Durban Campus Full-time', u'A', u'40000314:VAHED', 4.0]
[u'', u'', u'', u'', u'', u'', u'', u'', u'', u'', u'', u'', u'']
check '' ''
[u'MCIV102_SEM2_2018', u'MCIV102_SEM2_2017', u'MCIV102', u'MANAGEMENT:CIVIL I', u'NDCVL2', u'ND: ENGINEERING: CIVIL', u'22', u'SEMESTER 2', u'D1', u'Durban Campus Full-time', u'C', u'40000314:VAHED', 19.0]
check 'MCIV102_SEM2_2018' 'MCIV102'
adding  MCIV102
requesting:  http://10.0.100.98:8000/bbinfo/matching_courses/MCIV102%25
r= <Response [200]>
matching classes= set([u'MCIV102_SEM2_2018', u'MCIV102_SEM1_2018', u'MCIV102_13_VAHY', u'MCIV102_SEM1_2017', u'MCIV102_SEM2_2017', u'MCIV102_ALL_2016'])
[u'MCIV102_SEM2_2018', u'MCIV102_SEM2_2017', u'MCIV102', u'MANAGEMENT:CIVIL I', u'NDCVL2', u'ND: ENGINEERING: CIVIL', u'22', u'SEMESTER 2', u'D1', u'Durban Campus Full-time', u'B', u'40000314:VAHED', 17.0]
check 'MCIV102_SEM2_2018' 'MCIV102'
adding  MCIV102
requesting:  http://10.0.100.98:8000/bbinfo/matching_courses/MCIV102%25
r= <Response [200]>
matching classes= set([u'MCIV102_SEM2_2018', u'MCIV102_SEM1_2018', u'MCIV102_13_VAHY', u'MCIV102_SEM1_2017', u'MCIV102_SEM2_2017', u'MCIV102_ALL_2016'])
[u'MCIV102_SEM2_2018', u'MCIV102_SEM2_2017', u'MCIV102', u'MANAGEMENT:CIVIL I', u'NDCVL2', u'ND: ENGINEERING: CIVIL', u'22', u'SEMESTER 2', u'D1', u'Durban Campus Full-time', u'A', u'40000314:VAHED', 19.0]
check 'MCIV102_SEM2_2018' 'MCIV102'
adding  MCIV102
requesting:  http://10.0.100.98:8000/bbinfo/matching_courses/MCIV102%25
r= <Response [200]>
matching classes= set([u'MCIV102_SEM2_2018', u'MCIV102_SEM1_2018', u'MCIV102_13_VAHY', u'MCIV102_SEM1_2017', u'MCIV102_SEM2_2017', u'MCIV102_ALL_2016'])
[u'', u'', u'', u'', u'', u'', u'', u'', u'', u'', u'', u'', u'']
check '' ''
[u'SURG101_SEM2_2018', u'SURG101_SEM2_2017', u'SURG101', u'SURVEYING I', u'NDTRP2', u'ND: TOWN AND REGIONAL PLANNING', u'22', u'SEMESTER 2', u'D1', u'Durban Campus Full-time', u'A', u'40003343:SAANE', 70.0]
check 'SURG101_SEM2_2018' 'SURG101'
adding  SURG101
requesting:  http://10.0.100.98:8000/bbinfo/matching_courses/SURG101%25
r= <Response [200]>
matching classes= set([u'SURG101_SEM2_2018', u'SURG101_SEM2_2016', u'SURG101_SEM2_2017', u'SURG101_13_SAAB'])
[u'', u'', u'', u'', u'', u'', u'', u'', u'', u'', u'', u'', u'']
check '' ''
[u'SURV112_SEM1_2018', u'SURV112_SEM1_2017', u'SURV112', u'SURVEYING I (MODULE 1)', u'NDSUR2', u'ND: SURVEYING', u'21', u'SEMESTER 1', u'D1', u'Durban Campus Full-time', u'A', u'40003343:SAANE;40009694:PHIRI', 29.0]
check 'SURV112_SEM1_2018' 'SURV112'
processXLS: only for SEM2 [u'SURV112_SEM1_2018', u'SURV112_SEM1_2017', u'SURV112', u'SURVEYING I (MODULE 1)', u'NDSUR2', u'ND: SURVEYING', u'21', u'SEMESTER 1', u'D1', u'Durban Campus Full-time', u'A', u'40003343:SAANE;40009694:PHIRI', 29.0]
[u'', u'', u'', u'', u'', u'', u'', u'', u'', u'', u'', u'', u'']
check '' ''
[u'SURV112_SEM2_2018', u'SURV112_SEM2_2017', u'SURV112', u'SURVEYING I (MODULE 1)', u'NDSUR2', u'ND: SURVEYING', u'22', u'SEMESTER 2', u'D1', u'Durban Campus Full-time', u'A', u'40003343:SAANE;40009694:PHIRI', 25.0]
check 'SURV112_SEM2_2018' 'SURV112'
adding  SURV112
requesting:  http://10.0.100.98:8000/bbinfo/matching_courses/SURV112%25
r= <Response [200]>
matching classes= set([u'SURV112_SEM1_2017', u'SURV112_SEM2_2017', u'SURV112_SEM2_2018', u'SURV112_SEM1_2018', u'SURV112_ALL_2016', u'SURV112_13_SAAB'])
[u'', u'', u'', u'', u'', u'', u'', u'', u'', u'', u'', u'', u'']
check '' ''
[u'SURV122_SEM1_2018', u'SURV122_SEM1_2017', u'SURV122', u'SURVEYING I (MODULE 2)', u'NDSUR2', u'ND: SURVEYING', u'21', u'SEMESTER 1', u'D1', u'Durban Campus Full-time', u'A', u'40003343:SAANE;40009694:PHIRI', 28.0]
check 'SURV122_SEM1_2018' 'SURV122'
processXLS: only for SEM2 [u'SURV122_SEM1_2018', u'SURV122_SEM1_2017', u'SURV122', u'SURVEYING I (MODULE 2)', u'NDSUR2', u'ND: SURVEYING', u'21', u'SEMESTER 1', u'D1', u'Durban Campus Full-time', u'A', u'40003343:SAANE;40009694:PHIRI', 28.0]
[u'', u'', u'', u'', u'', u'', u'', u'', u'', u'', u'', u'', u'']
check '' ''
[u'SURV122_SEM2_2018', u'SURV122_SEM2_2017', u'SURV122', u'SURVEYING I (MODULE 2)', u'NDSUR2', u'ND: SURVEYING', u'22', u'SEMESTER 2', u'D1', u'Durban Campus Full-time', u'A', u'40003343:SAANE;40009694:PHIRI', 23.0]
check 'SURV122_SEM2_2018' 'SURV122'
adding  SURV122
requesting:  http://10.0.100.98:8000/bbinfo/matching_courses/SURV122%25
r= <Response [200]>
matching classes= set([u'SURV122_SEM2_2017', u'SURV122_SEM1_2017', u'SURV122_SEM1_2018', u'SURV122_ALL_2016', u'SURV122_SEM2_2018', u'SURV122_13_RAGA', u'SURV122_13_SAAB'])
[u'', u'', u'', u'', u'', u'', u'', u'', u'', u'', u'', u'', u'']
check '' ''
[u'DRNG201_SEM1_2018', u'DRNG201_SEM1_2017', u'DRNG201', u'DRAWING II', u'NDCVL2', u'ND: ENGINEERING: CIVIL', u'21', u'SEMESTER 1', u'D1', u'Durban Campus Full-time', u'B', u'50002490:JAIRAM;40003105:VAHED', 21.0]
check 'DRNG201_SEM1_2018' 'DRNG201'
processXLS: only for SEM2 [u'DRNG201_SEM1_2018', u'DRNG201_SEM1_2017', u'DRNG201', u'DRAWING II', u'NDCVL2', u'ND: ENGINEERING: CIVIL', u'21', u'SEMESTER 1', u'D1', u'Durban Campus Full-time', u'B', u'50002490:JAIRAM;40003105:VAHED', 21.0]
[u'DRNG201_SEM1_2018', u'DRNG201_SEM1_2017', u'DRNG201', u'DRAWING II', u'NDCVL2', u'ND: ENGINEERING: CIVIL', u'21', u'SEMESTER 1', u'D1', u'Durban Campus Full-time', u'A', u'50002490:JAIRAM;40003105:VAHED', 19.0]
check 'DRNG201_SEM1_2018' 'DRNG201'
processXLS: only for SEM2 [u'DRNG201_SEM1_2018', u'DRNG201_SEM1_2017', u'DRNG201', u'DRAWING II', u'NDCVL2', u'ND: ENGINEERING: CIVIL', u'21', u'SEMESTER 1', u'D1', u'Durban Campus Full-time', u'A', u'50002490:JAIRAM;40003105:VAHED', 19.0]
[u'DRNG201_SEM1_2018', u'DRNG201_SEM1_2017', u'DRNG201', u'DRAWING II', u'NDCVL2', u'ND: ENGINEERING: CIVIL', u'21', u'SEMESTER 1', u'D1', u'Durban Campus Full-time', u'C', u'50002490:JAIRAM;40003105:VAHED', 22.0]
check 'DRNG201_SEM1_2018' 'DRNG201'
processXLS: only for SEM2 [u'DRNG201_SEM1_2018', u'DRNG201_SEM1_2017', u'DRNG201', u'DRAWING II', u'NDCVL2', u'ND: ENGINEERING: CIVIL', u'21', u'SEMESTER 1', u'D1', u'Durban Campus Full-time', u'C', u'50002490:JAIRAM;40003105:VAHED', 22.0]
[u'', u'', u'', u'', u'', u'', u'', u'', u'', u'', u'', u'', u'']
check '' ''
[u'DRNG201_SEM2_2018', u'DRNG201_SEM2_2017', u'DRNG201', u'DRAWING II', u'NDCVL2', u'ND: ENGINEERING: CIVIL', u'22', u'SEMESTER 2', u'D1', u'Durban Campus Full-time', u'A', u'50002490:JAIRAM;40003105:VAHED', 11.0]
check 'DRNG201_SEM2_2018' 'DRNG201'
adding  DRNG201
requesting:  http://10.0.100.98:8000/bbinfo/matching_courses/DRNG201%25
r= <Response [200]>
matching classes= set([u'DRNG201_13_JAIS', u'DRNG201_ALL_2016', u'DRNG201_SEM2_2017', u'DRNG201_SEM1_2017', u'DRNG201_SEM1_2018', u'DRNG201_SEM2_2018'])
[u'DRNG201_SEM2_2018', u'DRNG201_SEM2_2017', u'DRNG201', u'DRAWING II', u'NDCVL2', u'ND: ENGINEERING: CIVIL', u'22', u'SEMESTER 2', u'D1', u'Durban Campus Full-time', u'B', u'50002490:JAIRAM;40003105:VAHED', 28.0]
check 'DRNG201_SEM2_2018' 'DRNG201'
adding  DRNG201
requesting:  http://10.0.100.98:8000/bbinfo/matching_courses/DRNG201%25
r= <Response [200]>
matching classes= set([u'DRNG201_13_JAIS', u'DRNG201_ALL_2016', u'DRNG201_SEM2_2017', u'DRNG201_SEM1_2017', u'DRNG201_SEM1_2018', u'DRNG201_SEM2_2018'])
[u'DRNG201_SEM2_2018', u'DRNG201_SEM2_2017', u'DRNG201', u'DRAWING II', u'NDCVL2', u'ND: ENGINEERING: CIVIL', u'22', u'SEMESTER 2', u'D1', u'Durban Campus Full-time', u'C', u'50002490:JAIRAM;40003105:VAHED', 25.0]
check 'DRNG201_SEM2_2018' 'DRNG201'
adding  DRNG201
requesting:  http://10.0.100.98:8000/bbinfo/matching_courses/DRNG201%25
r= <Response [200]>
matching classes= set([u'DRNG201_13_JAIS', u'DRNG201_ALL_2016', u'DRNG201_SEM2_2017', u'DRNG201_SEM1_2017', u'DRNG201_SEM1_2018', u'DRNG201_SEM2_2018'])
[u'', u'', u'', u'', u'', u'', u'', u'', u'', u'', u'', u'', u'']
check '' ''
[u'FWEN211_SEM1_2018', u'FWEN211_SEM1_2017', u'FWEN211', u'WATER ENGINEERING II (MODULE 1 HYDRAULICS)', u'NDCVL2', u'ND: ENGINEERING: CIVIL', u'21', u'SEMESTER 1', u'D1', u'Durban Campus Full-time', u'A', u'40000434:Hoosen', 1.0]
check 'FWEN211_SEM1_2018' 'FWEN211'
processXLS: only for SEM2 [u'FWEN211_SEM1_2018', u'FWEN211_SEM1_2017', u'FWEN211', u'WATER ENGINEERING II (MODULE 1 HYDRAULICS)', u'NDCVL2', u'ND: ENGINEERING: CIVIL', u'21', u'SEMESTER 1', u'D1', u'Durban Campus Full-time', u'A', u'40000434:Hoosen', 1.0]
[u'', u'', u'', u'', u'', u'', u'', u'', u'', u'', u'', u'', u'']
check '' ''
[u'FWEN221_SEM1_2018', u'FWEN221_SEM1_2017', u'FWEN221', u'WATER ENGINEERING II (MODULE 2 PUBLIC HEALTH)', u'NDCVL2', u'ND: ENGINEERING: CIVIL', u'21', u'SEMESTER 1', u'D1', u'Durban Campus Full-time', u'A', u'40000434:Hoosen', 1.0]
check 'FWEN221_SEM1_2018' 'FWEN221'
processXLS: only for SEM2 [u'FWEN221_SEM1_2018', u'FWEN221_SEM1_2017', u'FWEN221', u'WATER ENGINEERING II (MODULE 2 PUBLIC HEALTH)', u'NDCVL2', u'ND: ENGINEERING: CIVIL', u'21', u'SEMESTER 1', u'D1', u'Durban Campus Full-time', u'A', u'40000434:Hoosen', 1.0]
[u'', u'', u'', u'', u'', u'', u'', u'', u'', u'', u'', u'', u'']
check '' ''
[u'GTEN201_SEM1_2018', u'GTEN201_SEM1_2017', u'GTEN201', u'GEOTECHNICAL ENGINEERING II', u'NDCEF1', u'ND: ENGINEERING: CIVIL (4 YEARS)', u'21', u'SEMESTER 1', u'D1', u'Durban Campus Full-time', u'B', u'40000434:Hoosen', 1.0]
check 'GTEN201_SEM1_2018' 'GTEN201'
processXLS: only for SEM2 [u'GTEN201_SEM1_2018', u'GTEN201_SEM1_2017', u'GTEN201', u'GEOTECHNICAL ENGINEERING II', u'NDCEF1', u'ND: ENGINEERING: CIVIL (4 YEARS)', u'21', u'SEMESTER 1', u'D1', u'Durban Campus Full-time', u'B', u'40000434:Hoosen', 1.0]
[u'GTEN201_SEM1_2018', u'GTEN201_SEM1_2017', u'GTEN201', u'GEOTECHNICAL ENGINEERING II', u'NDCVL2', u'ND: ENGINEERING: CIVIL', u'21', u'SEMESTER 1', u'D1', u'Durban Campus Full-time', u'B', u'40000434:Hoosen', 18.0]
check 'GTEN201_SEM1_2018' 'GTEN201'
processXLS: only for SEM2 [u'GTEN201_SEM1_2018', u'GTEN201_SEM1_2017', u'GTEN201', u'GEOTECHNICAL ENGINEERING II', u'NDCVL2', u'ND: ENGINEERING: CIVIL', u'21', u'SEMESTER 1', u'D1', u'Durban Campus Full-time', u'B', u'40000434:Hoosen', 18.0]
[u'GTEN201_SEM1_2018', u'GTEN201_SEM1_2017', u'GTEN201', u'GEOTECHNICAL ENGINEERING II', u'NDCVL2', u'ND: ENGINEERING: CIVIL', u'21', u'SEMESTER 1', u'D1', u'Durban Campus Full-time', u'C', u'40000434:Hoosen', 28.0]
check 'GTEN201_SEM1_2018' 'GTEN201'
processXLS: only for SEM2 [u'GTEN201_SEM1_2018', u'GTEN201_SEM1_2017', u'GTEN201', u'GEOTECHNICAL ENGINEERING II', u'NDCVL2', u'ND: ENGINEERING: CIVIL', u'21', u'SEMESTER 1', u'D1', u'Durban Campus Full-time', u'C', u'40000434:Hoosen', 28.0]
[u'GTEN201_SEM1_2018', u'GTEN201_SEM1_2017', u'GTEN201', u'GEOTECHNICAL ENGINEERING II', u'NDCVL2', u'ND: ENGINEERING: CIVIL', u'21', u'SEMESTER 1', u'D1', u'Durban Campus Full-time', u'A', u'40000434:Hoosen', 18.0]
check 'GTEN201_SEM1_2018' 'GTEN201'
processXLS: only for SEM2 [u'GTEN201_SEM1_2018', u'GTEN201_SEM1_2017', u'GTEN201', u'GEOTECHNICAL ENGINEERING II', u'NDCVL2', u'ND: ENGINEERING: CIVIL', u'21', u'SEMESTER 1', u'D1', u'Durban Campus Full-time', u'A', u'40000434:Hoosen', 18.0]
[u'', u'', u'', u'', u'', u'', u'', u'', u'', u'', u'', u'', u'']
check '' ''
[u'GTEN201_SEM2_2018', u'GTEN201_SEM2_2017', u'GTEN201', u'GEOTECHNICAL ENGINEERING II', u'NDCVL2', u'ND: ENGINEERING: CIVIL', u'22', u'SEMESTER 2', u'D1', u'Durban Campus Full-time', u'B', u'40000434:Hoosen', 21.0]
check 'GTEN201_SEM2_2018' 'GTEN201'
adding  GTEN201
requesting:  http://10.0.100.98:8000/bbinfo/matching_courses/GTEN201%25
r= <Response [200]>
matching classes= set([u'GTEN201_ALL_2016', u'GTEN201_SEM1_2017', u'GTEN201_SEM2_2017', u'GTEN201_13_ADEJ', u'GTEN201_SEM2_2018', u'GTEN201_SEM1_2018'])
[u'GTEN201_SEM2_2018', u'GTEN201_SEM2_2017', u'GTEN201', u'GEOTECHNICAL ENGINEERING II', u'NDCVL2', u'ND: ENGINEERING: CIVIL', u'22', u'SEMESTER 2', u'D1', u'Durban Campus Full-time', u'A', u'40000434:Hoosen', 39.0]
check 'GTEN201_SEM2_2018' 'GTEN201'
adding  GTEN201
requesting:  http://10.0.100.98:8000/bbinfo/matching_courses/GTEN201%25
r= <Response [200]>
matching classes= set([u'GTEN201_ALL_2016', u'GTEN201_SEM1_2017', u'GTEN201_SEM2_2017', u'GTEN201_13_ADEJ', u'GTEN201_SEM2_2018', u'GTEN201_SEM1_2018'])
[u'', u'', u'', u'', u'', u'', u'', u'', u'', u'', u'', u'', u'']
check '' ''
[u'IRNG211_SEM1_2018', u'IRNG211_SEM1_2017', u'IRNG211', u'INDUSTRIAL RELATIONS & NEGOTIATION II (MOD 1)', u'BTCVC1', u'BT: ENGINEERING: CIVIL (CONSTRUCTION MA)', u'21', u'SEMESTER 1', u'D3', u'Durban Campus Part-time', u'A', u'50012166:ROWE OA', 92.0]
check 'IRNG211_SEM1_2018' 'IRNG211'
processXLS: only for SEM2 [u'IRNG211_SEM1_2018', u'IRNG211_SEM1_2017', u'IRNG211', u'INDUSTRIAL RELATIONS & NEGOTIATION II (MOD 1)', u'BTCVC1', u'BT: ENGINEERING: CIVIL (CONSTRUCTION MA)', u'21', u'SEMESTER 1', u'D3', u'Durban Campus Part-time', u'A', u'50012166:ROWE OA', 92.0]
[u'IRNG211_SEM1_2018', u'IRNG211_SEM1_2017', u'IRNG211', u'INDUSTRIAL RELATIONS & NEGOTIATION II (MOD 1)', u'BTCVU1', u'BT: ENGINEERING: CIVIL  (URBAN ENG)', u'21', u'SEMESTER 1', u'D3', u'Durban Campus Part-time', u'A', u'50012166:ROWE OA', 4.0]
check 'IRNG211_SEM1_2018' 'IRNG211'
processXLS: only for SEM2 [u'IRNG211_SEM1_2018', u'IRNG211_SEM1_2017', u'IRNG211', u'INDUSTRIAL RELATIONS & NEGOTIATION II (MOD 1)', u'BTCVU1', u'BT: ENGINEERING: CIVIL  (URBAN ENG)', u'21', u'SEMESTER 1', u'D3', u'Durban Campus Part-time', u'A', u'50012166:ROWE OA', 4.0]
[u'IRNG211_SEM1_2018', u'IRNG211_SEM1_2017', u'IRNG211', u'INDUSTRIAL RELATIONS & NEGOTIATION II (MOD 1)', u'BTCVW1', u'BT: ENGINEERING: CIVIL (WATER ENG)', u'21', u'SEMESTER 1', u'D3', u'Durban Campus Part-time', u'A', u'50012166:ROWE OA', 1.0]
check 'IRNG211_SEM1_2018' 'IRNG211'
processXLS: only for SEM2 [u'IRNG211_SEM1_2018', u'IRNG211_SEM1_2017', u'IRNG211', u'INDUSTRIAL RELATIONS & NEGOTIATION II (MOD 1)', u'BTCVW1', u'BT: ENGINEERING: CIVIL (WATER ENG)', u'21', u'SEMESTER 1', u'D3', u'Durban Campus Part-time', u'A', u'50012166:ROWE OA', 1.0]
[u'', u'', u'', u'', u'', u'', u'', u'', u'', u'', u'', u'', u'']
check '' ''
[u'IRNG221_SEM1_2018', u'IRNG221_SEM1_2017', u'IRNG221', u'INDUSTRIAL RELATIONS & NEGOTIATION II (MOD 2)', u'BTCVC1', u'BT: ENGINEERING: CIVIL (CONSTRUCTION MA)', u'21', u'SEMESTER 1', u'D3', u'Durban Campus Part-time', u'A', u'50012166:ROWE OA', 77.0]
check 'IRNG221_SEM1_2018' 'IRNG221'
processXLS: only for SEM2 [u'IRNG221_SEM1_2018', u'IRNG221_SEM1_2017', u'IRNG221', u'INDUSTRIAL RELATIONS & NEGOTIATION II (MOD 2)', u'BTCVC1', u'BT: ENGINEERING: CIVIL (CONSTRUCTION MA)', u'21', u'SEMESTER 1', u'D3', u'Durban Campus Part-time', u'A', u'50012166:ROWE OA', 77.0]
[u'IRNG221_SEM1_2018', u'IRNG221_SEM1_2017', u'IRNG221', u'INDUSTRIAL RELATIONS & NEGOTIATION II (MOD 2)', u'BTCVU1', u'BT: ENGINEERING: CIVIL  (URBAN ENG)', u'21', u'SEMESTER 1', u'D3', u'Durban Campus Part-time', u'A', u'50012166:ROWE OA', 4.0]
check 'IRNG221_SEM1_2018' 'IRNG221'
processXLS: only for SEM2 [u'IRNG221_SEM1_2018', u'IRNG221_SEM1_2017', u'IRNG221', u'INDUSTRIAL RELATIONS & NEGOTIATION II (MOD 2)', u'BTCVU1', u'BT: ENGINEERING: CIVIL  (URBAN ENG)', u'21', u'SEMESTER 1', u'D3', u'Durban Campus Part-time', u'A', u'50012166:ROWE OA', 4.0]
[u'IRNG221_SEM1_2018', u'IRNG221_SEM1_2017', u'IRNG221', u'INDUSTRIAL RELATIONS & NEGOTIATION II (MOD 2)', u'BTCVW1', u'BT: ENGINEERING: CIVIL (WATER ENG)', u'21', u'SEMESTER 1', u'D3', u'Durban Campus Part-time', u'A', u'50012166:ROWE OA', 1.0]
check 'IRNG221_SEM1_2018' 'IRNG221'
processXLS: only for SEM2 [u'IRNG221_SEM1_2018', u'IRNG221_SEM1_2017', u'IRNG221', u'INDUSTRIAL RELATIONS & NEGOTIATION II (MOD 2)', u'BTCVW1', u'BT: ENGINEERING: CIVIL (WATER ENG)', u'21', u'SEMESTER 1', u'D3', u'Durban Campus Part-time', u'A', u'50012166:ROWE OA', 1.0]
[u'', u'', u'', u'', u'', u'', u'', u'', u'', u'', u'', u'', u'']
check '' ''
[u'MCIV211_SEM1_2018', u'MCIV211_SEM1_2017', u'MCIV211', u'MANAGEMENT:CIVIL II (MODULE 1)', u'NDCVL2', u'ND: ENGINEERING: CIVIL', u'21', u'SEMESTER 1', u'D1', u'Durban Campus Full-time', u'A', u'40000314:VAHED', 12.0]
check 'MCIV211_SEM1_2018' 'MCIV211'
processXLS: only for SEM2 [u'MCIV211_SEM1_2018', u'MCIV211_SEM1_2017', u'MCIV211', u'MANAGEMENT:CIVIL II (MODULE 1)', u'NDCVL2', u'ND: ENGINEERING: CIVIL', u'21', u'SEMESTER 1', u'D1', u'Durban Campus Full-time', u'A', u'40000314:VAHED', 12.0]
[u'MCIV211_SEM1_2018', u'MCIV211_SEM1_2017', u'MCIV211', u'MANAGEMENT:CIVIL II (MODULE 1)', u'NDCVL2', u'ND: ENGINEERING: CIVIL', u'21', u'SEMESTER 1', u'D1', u'Durban Campus Full-time', u'B', u'40000314:VAHED', 17.0]
check 'MCIV211_SEM1_2018' 'MCIV211'
processXLS: only for SEM2 [u'MCIV211_SEM1_2018', u'MCIV211_SEM1_2017', u'MCIV211', u'MANAGEMENT:CIVIL II (MODULE 1)', u'NDCVL2', u'ND: ENGINEERING: CIVIL', u'21', u'SEMESTER 1', u'D1', u'Durban Campus Full-time', u'B', u'40000314:VAHED', 17.0]
[u'MCIV211_SEM1_2018', u'MCIV211_SEM1_2017', u'MCIV211', u'MANAGEMENT:CIVIL II (MODULE 1)', u'NDCVL2', u'ND: ENGINEERING: CIVIL', u'21', u'SEMESTER 1', u'D1', u'Durban Campus Full-time', u'C', u'40000314:VAHED', 27.0]
check 'MCIV211_SEM1_2018' 'MCIV211'
processXLS: only for SEM2 [u'MCIV211_SEM1_2018', u'MCIV211_SEM1_2017', u'MCIV211', u'MANAGEMENT:CIVIL II (MODULE 1)', u'NDCVL2', u'ND: ENGINEERING: CIVIL', u'21', u'SEMESTER 1', u'D1', u'Durban Campus Full-time', u'C', u'40000314:VAHED', 27.0]
[u'', u'', u'', u'', u'', u'', u'', u'', u'', u'', u'', u'', u'']
check '' ''
[u'MCIV211_SEM2_2018', u'MCIV211_SEM2_2017', u'MCIV211', u'MANAGEMENT:CIVIL II (MODULE 1)', u'NDCVL2', u'ND: ENGINEERING: CIVIL', u'22', u'SEMESTER 2', u'D1', u'Durban Campus Full-time', u'B', u'40000314:VAHED', 24.0]
check 'MCIV211_SEM2_2018' 'MCIV211'
adding  MCIV211
requesting:  http://10.0.100.98:8000/bbinfo/matching_courses/MCIV211%25
r= <Response [200]>
matching classes= set([u'MCIV211_ALL_2016', u'MCIV211_SEM2_2018', u'MCIV211_SEM1_2018', u'MCIV211_SEM1_2017', u'MCIV211_SEM2_2017', u'MCIV211_13_VAHY'])
[u'MCIV211_SEM2_2018', u'MCIV211_SEM2_2017', u'MCIV211', u'MANAGEMENT:CIVIL II (MODULE 1)', u'NDCVL2', u'ND: ENGINEERING: CIVIL', u'22', u'SEMESTER 2', u'D1', u'Durban Campus Full-time', u'A', u'40000314:VAHED', 35.0]
check 'MCIV211_SEM2_2018' 'MCIV211'
adding  MCIV211
requesting:  http://10.0.100.98:8000/bbinfo/matching_courses/MCIV211%25
r= <Response [200]>
matching classes= set([u'MCIV211_ALL_2016', u'MCIV211_SEM2_2018', u'MCIV211_SEM1_2018', u'MCIV211_SEM1_2017', u'MCIV211_SEM2_2017', u'MCIV211_13_VAHY'])
[u'MCIV211_SEM2_2018', u'MCIV211_SEM2_2017', u'MCIV211', u'MANAGEMENT:CIVIL II (MODULE 1)', u'NODIP4', u'NON-DIPLOMA PURPOSE (ENG & BE)', u'22', u'SEMESTER 2', u'D7', u'DBN FULL-TIME NON-SUBSIDISED', u'A', u'40000314:VAHED', 5.0]
check 'MCIV211_SEM2_2018' 'MCIV211'
adding  MCIV211
requesting:  http://10.0.100.98:8000/bbinfo/matching_courses/MCIV211%25
r= <Response [200]>
matching classes= set([u'MCIV211_ALL_2016', u'MCIV211_SEM2_2018', u'MCIV211_SEM1_2018', u'MCIV211_SEM1_2017', u'MCIV211_SEM2_2017', u'MCIV211_13_VAHY'])
[u'', u'', u'', u'', u'', u'', u'', u'', u'', u'', u'', u'', u'']
check '' ''
[u'MCIV221_SEM1_2018', u'MCIV221_SEM1_2017', u'MCIV221', u'MANAGEMENT:CIVIL II (MODULE 2)', u'NDCVL2', u'ND: ENGINEERING: CIVIL', u'21', u'SEMESTER 1', u'D1', u'Durban Campus Full-time', u'B', u'40000314:VAHED', 17.0]
check 'MCIV221_SEM1_2018' 'MCIV221'
processXLS: only for SEM2 [u'MCIV221_SEM1_2018', u'MCIV221_SEM1_2017', u'MCIV221', u'MANAGEMENT:CIVIL II (MODULE 2)', u'NDCVL2', u'ND: ENGINEERING: CIVIL', u'21', u'SEMESTER 1', u'D1', u'Durban Campus Full-time', u'B', u'40000314:VAHED', 17.0]
[u'MCIV221_SEM1_2018', u'MCIV221_SEM1_2017', u'MCIV221', u'MANAGEMENT:CIVIL II (MODULE 2)', u'NDCVL2', u'ND: ENGINEERING: CIVIL', u'21', u'SEMESTER 1', u'D1', u'Durban Campus Full-time', u'C', u'40000314:VAHED', 27.0]
check 'MCIV221_SEM1_2018' 'MCIV221'
processXLS: only for SEM2 [u'MCIV221_SEM1_2018', u'MCIV221_SEM1_2017', u'MCIV221', u'MANAGEMENT:CIVIL II (MODULE 2)', u'NDCVL2', u'ND: ENGINEERING: CIVIL', u'21', u'SEMESTER 1', u'D1', u'Durban Campus Full-time', u'C', u'40000314:VAHED', 27.0]
[u'MCIV221_SEM1_2018', u'MCIV221_SEM1_2017', u'MCIV221', u'MANAGEMENT:CIVIL II (MODULE 2)', u'NDCVL2', u'ND: ENGINEERING: CIVIL', u'21', u'SEMESTER 1', u'D1', u'Durban Campus Full-time', u'A', u'40000314:VAHED', 12.0]
check 'MCIV221_SEM1_2018' 'MCIV221'
processXLS: only for SEM2 [u'MCIV221_SEM1_2018', u'MCIV221_SEM1_2017', u'MCIV221', u'MANAGEMENT:CIVIL II (MODULE 2)', u'NDCVL2', u'ND: ENGINEERING: CIVIL', u'21', u'SEMESTER 1', u'D1', u'Durban Campus Full-time', u'A', u'40000314:VAHED', 12.0]
[u'', u'', u'', u'', u'', u'', u'', u'', u'', u'', u'', u'', u'']
check '' ''
[u'MCIV221_SEM2_2018', u'MCIV221_SEM2_2017', u'MCIV221', u'MANAGEMENT:CIVIL II (MODULE 2)', u'NDCVL2', u'ND: ENGINEERING: CIVIL', u'22', u'SEMESTER 2', u'D1', u'Durban Campus Full-time', u'B', u'40000314:VAHED', 24.0]
check 'MCIV221_SEM2_2018' 'MCIV221'
adding  MCIV221
requesting:  http://10.0.100.98:8000/bbinfo/matching_courses/MCIV221%25
r= <Response [200]>
matching classes= set([u'MCIV221_ALL_2016', u'MCIV221_SEM2_2017', u'MCIV221_SEM1_2017', u'MCIV221_13_VAHY', u'MCIV221_SEM1_2018', u'MCIV221_SEM2_2018'])
[u'MCIV221_SEM2_2018', u'MCIV221_SEM2_2017', u'MCIV221', u'MANAGEMENT:CIVIL II (MODULE 2)', u'NDCVL2', u'ND: ENGINEERING: CIVIL', u'22', u'SEMESTER 2', u'D1', u'Durban Campus Full-time', u'A', u'40000314:VAHED', 37.0]
check 'MCIV221_SEM2_2018' 'MCIV221'
adding  MCIV221
requesting:  http://10.0.100.98:8000/bbinfo/matching_courses/MCIV221%25
r= <Response [200]>
matching classes= set([u'MCIV221_ALL_2016', u'MCIV221_SEM2_2017', u'MCIV221_SEM1_2017', u'MCIV221_13_VAHY', u'MCIV221_SEM1_2018', u'MCIV221_SEM2_2018'])
[u'MCIV221_SEM2_2018', u'MCIV221_SEM2_2017', u'MCIV221', u'MANAGEMENT:CIVIL II (MODULE 2)', u'NODIP4', u'NON-DIPLOMA PURPOSE (ENG & BE)', u'22', u'SEMESTER 2', u'D7', u'DBN FULL-TIME NON-SUBSIDISED', u'A', u'40000314:VAHED', 5.0]
check 'MCIV221_SEM2_2018' 'MCIV221'
adding  MCIV221
requesting:  http://10.0.100.98:8000/bbinfo/matching_courses/MCIV221%25
r= <Response [200]>
matching classes= set([u'MCIV221_ALL_2016', u'MCIV221_SEM2_2017', u'MCIV221_SEM1_2017', u'MCIV221_13_VAHY', u'MCIV221_SEM1_2018', u'MCIV221_SEM2_2018'])
[u'', u'', u'', u'', u'', u'', u'', u'', u'', u'', u'', u'', u'']
check '' ''
[u'PHTG202_SEM1_2018', u'PHTG202_SEM1_2017', u'PHTG202', u'PHOTOGRAMMETRY II', u'NDSUR2', u'ND: SURVEYING', u'21', u'SEMESTER 1', u'D1', u'Durban Campus Full-time', u'A', u'40009694:PHIRI', 10.0]
check 'PHTG202_SEM1_2018' 'PHTG202'
processXLS: only for SEM2 [u'PHTG202_SEM1_2018', u'PHTG202_SEM1_2017', u'PHTG202', u'PHOTOGRAMMETRY II', u'NDSUR2', u'ND: SURVEYING', u'21', u'SEMESTER 1', u'D1', u'Durban Campus Full-time', u'A', u'40009694:PHIRI', 10.0]
[u'', u'', u'', u'', u'', u'', u'', u'', u'', u'', u'', u'', u'']
check '' ''
[u'PHTG202_SEM2_2018', u'PHTG202_SEM2_2017', u'PHTG202', u'PHOTOGRAMMETRY II', u'NDSUR2', u'ND: SURVEYING', u'22', u'SEMESTER 2', u'D1', u'Durban Campus Full-time', u'A', u'40009694:PHIRI', 22.0]
check 'PHTG202_SEM2_2018' 'PHTG202'
adding  PHTG202
requesting:  http://10.0.100.98:8000/bbinfo/matching_courses/PHTG202%25
r= <Response [200]>
matching classes= set([u'PHTG202_13_PHIM', u'PHTG202_ALL_2016', u'PHTG202_SEM2_2018', u'PHTG202_SEM1_2017', u'PHTG202_SEM1_2018', u'PHTG202_SEM2_2017'])
[u'', u'', u'', u'', u'', u'', u'', u'', u'', u'', u'', u'', u'']
check '' ''
[u'SANA211_SEM1_2018', u'SANA211_SEM1_2017', u'SANA211', u'STRUCTURAL ANALYSIS II (MODULE 1)', u'NDCVL2', u'ND: ENGINEERING: CIVIL', u'21', u'SEMESTER 1', u'D1', u'Durban Campus Full-time', u'C', u'40008542:KHUZWAYO', 29.0]
check 'SANA211_SEM1_2018' 'SANA211'
processXLS: only for SEM2 [u'SANA211_SEM1_2018', u'SANA211_SEM1_2017', u'SANA211', u'STRUCTURAL ANALYSIS II (MODULE 1)', u'NDCVL2', u'ND: ENGINEERING: CIVIL', u'21', u'SEMESTER 1', u'D1', u'Durban Campus Full-time', u'C', u'40008542:KHUZWAYO', 29.0]
[u'SANA211_SEM1_2018', u'SANA211_SEM1_2017', u'SANA211', u'STRUCTURAL ANALYSIS II (MODULE 1)', u'NDCVL2', u'ND: ENGINEERING: CIVIL', u'21', u'SEMESTER 1', u'D1', u'Durban Campus Full-time', u'B', u'40008542:KHUZWAYO', 23.0]
check 'SANA211_SEM1_2018' 'SANA211'
processXLS: only for SEM2 [u'SANA211_SEM1_2018', u'SANA211_SEM1_2017', u'SANA211', u'STRUCTURAL ANALYSIS II (MODULE 1)', u'NDCVL2', u'ND: ENGINEERING: CIVIL', u'21', u'SEMESTER 1', u'D1', u'Durban Campus Full-time', u'B', u'40008542:KHUZWAYO', 23.0]
[u'SANA211_SEM1_2018', u'SANA211_SEM1_2017', u'SANA211', u'STRUCTURAL ANALYSIS II (MODULE 1)', u'NDCVL2', u'ND: ENGINEERING: CIVIL', u'21', u'SEMESTER 1', u'D1', u'Durban Campus Full-time', u'A', u'40008542:KHUZWAYO', 12.0]
check 'SANA211_SEM1_2018' 'SANA211'
processXLS: only for SEM2 [u'SANA211_SEM1_2018', u'SANA211_SEM1_2017', u'SANA211', u'STRUCTURAL ANALYSIS II (MODULE 1)', u'NDCVL2', u'ND: ENGINEERING: CIVIL', u'21', u'SEMESTER 1', u'D1', u'Durban Campus Full-time', u'A', u'40008542:KHUZWAYO', 12.0]
[u'', u'', u'', u'', u'', u'', u'', u'', u'', u'', u'', u'', u'']
check '' ''
[u'SANA211_SEM2_2018', u'SANA211_SEM2_2017', u'SANA211', u'STRUCTURAL ANALYSIS II (MODULE 1)', u'NDCVL2', u'ND: ENGINEERING: CIVIL', u'22', u'SEMESTER 2', u'D1', u'Durban Campus Full-time', u'B', u'40008542:KHUZWAYO', 31.0]
check 'SANA211_SEM2_2018' 'SANA211'
adding  SANA211
requesting:  http://10.0.100.98:8000/bbinfo/matching_courses/SANA211%25
r= <Response [200]>
matching classes= set([u'SANA211_ALL_2016', u'SANA211_SEM2_2018', u'SANA211_13_HOOG', u'SANA211_SEM1_2017', u'SANA211_SEM1_2018', u'SANA211_SEM2_2017'])
[u'SANA211_SEM2_2018', u'SANA211_SEM2_2017', u'SANA211', u'STRUCTURAL ANALYSIS II (MODULE 1)', u'NDCVL2', u'ND: ENGINEERING: CIVIL', u'22', u'SEMESTER 2', u'D1', u'Durban Campus Full-time', u'A', u'40008542:KHUZWAYO', 37.0]
check 'SANA211_SEM2_2018' 'SANA211'
adding  SANA211
requesting:  http://10.0.100.98:8000/bbinfo/matching_courses/SANA211%25
r= <Response [200]>
matching classes= set([u'SANA211_ALL_2016', u'SANA211_SEM2_2018', u'SANA211_13_HOOG', u'SANA211_SEM1_2017', u'SANA211_SEM1_2018', u'SANA211_SEM2_2017'])
[u'', u'', u'', u'', u'', u'', u'', u'', u'', u'', u'', u'', u'']
check '' ''
[u'SANA221_SEM1_2018', u'SANA221_SEM1_2017', u'SANA221', u'STRUCTURAL ANALYSIS II (MODULE 2)', u'NDCVL2', u'ND: ENGINEERING: CIVIL', u'21', u'SEMESTER 1', u'D1', u'Durban Campus Full-time', u'B', u'40008542:KHUZWAYO', 20.0]
check 'SANA221_SEM1_2018' 'SANA221'
processXLS: only for SEM2 [u'SANA221_SEM1_2018', u'SANA221_SEM1_2017', u'SANA221', u'STRUCTURAL ANALYSIS II (MODULE 2)', u'NDCVL2', u'ND: ENGINEERING: CIVIL', u'21', u'SEMESTER 1', u'D1', u'Durban Campus Full-time', u'B', u'40008542:KHUZWAYO', 20.0]
[u'SANA221_SEM1_2018', u'SANA221_SEM1_2017', u'SANA221', u'STRUCTURAL ANALYSIS II (MODULE 2)', u'NDCVL2', u'ND: ENGINEERING: CIVIL', u'21', u'SEMESTER 1', u'D1', u'Durban Campus Full-time', u'A', u'40008542:KHUZWAYO', 5.0]
check 'SANA221_SEM1_2018' 'SANA221'
processXLS: only for SEM2 [u'SANA221_SEM1_2018', u'SANA221_SEM1_2017', u'SANA221', u'STRUCTURAL ANALYSIS II (MODULE 2)', u'NDCVL2', u'ND: ENGINEERING: CIVIL', u'21', u'SEMESTER 1', u'D1', u'Durban Campus Full-time', u'A', u'40008542:KHUZWAYO', 5.0]
[u'SANA221_SEM1_2018', u'SANA221_SEM1_2017', u'SANA221', u'STRUCTURAL ANALYSIS II (MODULE 2)', u'NDCVL2', u'ND: ENGINEERING: CIVIL', u'21', u'SEMESTER 1', u'D1', u'Durban Campus Full-time', u'C', u'40008542:KHUZWAYO', 28.0]
check 'SANA221_SEM1_2018' 'SANA221'
processXLS: only for SEM2 [u'SANA221_SEM1_2018', u'SANA221_SEM1_2017', u'SANA221', u'STRUCTURAL ANALYSIS II (MODULE 2)', u'NDCVL2', u'ND: ENGINEERING: CIVIL', u'21', u'SEMESTER 1', u'D1', u'Durban Campus Full-time', u'C', u'40008542:KHUZWAYO', 28.0]
[u'', u'', u'', u'', u'', u'', u'', u'', u'', u'', u'', u'', u'']
check '' ''
[u'SANA221_SEM2_2018', u'SANA221_SEM2_2017', u'SANA221', u'STRUCTURAL ANALYSIS II (MODULE 2)', u'NDCVL2', u'ND: ENGINEERING: CIVIL', u'22', u'SEMESTER 2', u'D1', u'Durban Campus Full-time', u'C', u'40008542:KHUZWAYO', 8.0]
check 'SANA221_SEM2_2018' 'SANA221'
adding  SANA221
requesting:  http://10.0.100.98:8000/bbinfo/matching_courses/SANA221%25
r= <Response [200]>
matching classes= set([u'SANA221_SEM2_2018', u'SANA221_SEM1_2018', u'SANA221_13_KHUB', u'SANA221_13_HOOG', u'SANA221_SEM1_2017', u'SANA221_SEM2_2017', u'SANA221_ALL_2016'])
[u'SANA221_SEM2_2018', u'SANA221_SEM2_2017', u'SANA221', u'STRUCTURAL ANALYSIS II (MODULE 2)', u'NDCVL2', u'ND: ENGINEERING: CIVIL', u'22', u'SEMESTER 2', u'D1', u'Durban Campus Full-time', u'A', u'40008542:KHUZWAYO', 28.0]
check 'SANA221_SEM2_2018' 'SANA221'
adding  SANA221
requesting:  http://10.0.100.98:8000/bbinfo/matching_courses/SANA221%25
r= <Response [200]>
matching classes= set([u'SANA221_SEM2_2018', u'SANA221_SEM1_2018', u'SANA221_13_KHUB', u'SANA221_13_HOOG', u'SANA221_SEM1_2017', u'SANA221_SEM2_2017', u'SANA221_ALL_2016'])
[u'SANA221_SEM2_2018', u'SANA221_SEM2_2017', u'SANA221', u'STRUCTURAL ANALYSIS II (MODULE 2)', u'NDCVL2', u'ND: ENGINEERING: CIVIL', u'22', u'SEMESTER 2', u'D1', u'Durban Campus Full-time', u'B', u'40008542:KHUZWAYO', 29.0]
check 'SANA221_SEM2_2018' 'SANA221'
adding  SANA221
requesting:  http://10.0.100.98:8000/bbinfo/matching_courses/SANA221%25
r= <Response [200]>
matching classes= set([u'SANA221_SEM2_2018', u'SANA221_SEM1_2018', u'SANA221_13_KHUB', u'SANA221_13_HOOG', u'SANA221_SEM1_2017', u'SANA221_SEM2_2017', u'SANA221_ALL_2016'])
[u'', u'', u'', u'', u'', u'', u'', u'', u'', u'', u'', u'', u'']
check '' ''
[u'SCVL211_SEM1_2018', u'SCVL211_SEM1_2017', u'SCVL211', u'SURVEYING:CIVIL II (MODULE 1)', u'NDCVL2', u'ND: ENGINEERING: CIVIL', u'21', u'SEMESTER 1', u'D1', u'Durban Campus Full-time', u'B', u'40004652:RAMPURSAD', 21.0]
check 'SCVL211_SEM1_2018' 'SCVL211'
processXLS: only for SEM2 [u'SCVL211_SEM1_2018', u'SCVL211_SEM1_2017', u'SCVL211', u'SURVEYING:CIVIL II (MODULE 1)', u'NDCVL2', u'ND: ENGINEERING: CIVIL', u'21', u'SEMESTER 1', u'D1', u'Durban Campus Full-time', u'B', u'40004652:RAMPURSAD', 21.0]
[u'SCVL211_SEM1_2018', u'SCVL211_SEM1_2017', u'SCVL211', u'SURVEYING:CIVIL II (MODULE 1)', u'NDCVL2', u'ND: ENGINEERING: CIVIL', u'21', u'SEMESTER 1', u'D1', u'Durban Campus Full-time', u'A', u'40004652:RAMPURSAD', 30.0]
check 'SCVL211_SEM1_2018' 'SCVL211'
processXLS: only for SEM2 [u'SCVL211_SEM1_2018', u'SCVL211_SEM1_2017', u'SCVL211', u'SURVEYING:CIVIL II (MODULE 1)', u'NDCVL2', u'ND: ENGINEERING: CIVIL', u'21', u'SEMESTER 1', u'D1', u'Durban Campus Full-time', u'A', u'40004652:RAMPURSAD', 30.0]
[u'SCVL211_SEM1_2018', u'SCVL211_SEM1_2017', u'SCVL211', u'SURVEYING:CIVIL II (MODULE 1)', u'NDCVL2', u'ND: ENGINEERING: CIVIL', u'21', u'SEMESTER 1', u'D1', u'Durban Campus Full-time', u'C', u'40004652:RAMPURSAD', 17.0]
check 'SCVL211_SEM1_2018' 'SCVL211'
processXLS: only for SEM2 [u'SCVL211_SEM1_2018', u'SCVL211_SEM1_2017', u'SCVL211', u'SURVEYING:CIVIL II (MODULE 1)', u'NDCVL2', u'ND: ENGINEERING: CIVIL', u'21', u'SEMESTER 1', u'D1', u'Durban Campus Full-time', u'C', u'40004652:RAMPURSAD', 17.0]
[u'', u'', u'', u'', u'', u'', u'', u'', u'', u'', u'', u'', u'']
check '' ''
[u'SCVL211_SEM2_2018', u'SCVL211_SEM2_2017', u'SCVL211', u'SURVEYING:CIVIL II (MODULE 1)', u'NDCVL2', u'ND: ENGINEERING: CIVIL', u'22', u'SEMESTER 2', u'D1', u'Durban Campus Full-time', u'A', u'40004652:RAMPURSAD', 19.0]
check 'SCVL211_SEM2_2018' 'SCVL211'
adding  SCVL211
requesting:  http://10.0.100.98:8000/bbinfo/matching_courses/SCVL211%25
r= <Response [200]>
matching classes= set([u'SCVL211_13_MARC', u'SCVL211_SEM1_2017', u'SCVL211_SEM2_2017', u'SCVL211_SEM2_2018', u'SCVL211_SEM1_2018', u'SCVL211_ALL_2016'])
[u'SCVL211_SEM2_2018', u'SCVL211_SEM2_2017', u'SCVL211', u'SURVEYING:CIVIL II (MODULE 1)', u'NDCVL2', u'ND: ENGINEERING: CIVIL', u'22', u'SEMESTER 2', u'D1', u'Durban Campus Full-time', u'C', u'40004652:RAMPURSAD', 12.0]
check 'SCVL211_SEM2_2018' 'SCVL211'
adding  SCVL211
requesting:  http://10.0.100.98:8000/bbinfo/matching_courses/SCVL211%25
r= <Response [200]>
matching classes= set([u'SCVL211_13_MARC', u'SCVL211_SEM1_2017', u'SCVL211_SEM2_2017', u'SCVL211_SEM2_2018', u'SCVL211_SEM1_2018', u'SCVL211_ALL_2016'])
[u'SCVL211_SEM2_2018', u'SCVL211_SEM2_2017', u'SCVL211', u'SURVEYING:CIVIL II (MODULE 1)', u'NDCVL2', u'ND: ENGINEERING: CIVIL', u'22', u'SEMESTER 2', u'D1', u'Durban Campus Full-time', u'B', u'40004652:RAMPURSAD', 13.0]
check 'SCVL211_SEM2_2018' 'SCVL211'
adding  SCVL211
requesting:  http://10.0.100.98:8000/bbinfo/matching_courses/SCVL211%25
r= <Response [200]>
matching classes= set([u'SCVL211_13_MARC', u'SCVL211_SEM1_2017', u'SCVL211_SEM2_2017', u'SCVL211_SEM2_2018', u'SCVL211_SEM1_2018', u'SCVL211_ALL_2016'])
[u'', u'', u'', u'', u'', u'', u'', u'', u'', u'', u'', u'', u'']
check '' ''
[u'SCVL221_SEM1_2018', u'SCVL221_SEM1_2017', u'SCVL221', u'SURVEYING:CIVIL II (MODULE 2)', u'NDCVL2', u'ND: ENGINEERING: CIVIL', u'21', u'SEMESTER 1', u'D1', u'Durban Campus Full-time', u'C', u'40004652:RAMPURSAD', 17.0]
check 'SCVL221_SEM1_2018' 'SCVL221'
processXLS: only for SEM2 [u'SCVL221_SEM1_2018', u'SCVL221_SEM1_2017', u'SCVL221', u'SURVEYING:CIVIL II (MODULE 2)', u'NDCVL2', u'ND: ENGINEERING: CIVIL', u'21', u'SEMESTER 1', u'D1', u'Durban Campus Full-time', u'C', u'40004652:RAMPURSAD', 17.0]
[u'SCVL221_SEM1_2018', u'SCVL221_SEM1_2017', u'SCVL221', u'SURVEYING:CIVIL II (MODULE 2)', u'NDCVL2', u'ND: ENGINEERING: CIVIL', u'21', u'SEMESTER 1', u'D1', u'Durban Campus Full-time', u'A', u'40004652:RAMPURSAD', 30.0]
check 'SCVL221_SEM1_2018' 'SCVL221'
processXLS: only for SEM2 [u'SCVL221_SEM1_2018', u'SCVL221_SEM1_2017', u'SCVL221', u'SURVEYING:CIVIL II (MODULE 2)', u'NDCVL2', u'ND: ENGINEERING: CIVIL', u'21', u'SEMESTER 1', u'D1', u'Durban Campus Full-time', u'A', u'40004652:RAMPURSAD', 30.0]
[u'SCVL221_SEM1_2018', u'SCVL221_SEM1_2017', u'SCVL221', u'SURVEYING:CIVIL II (MODULE 2)', u'NDCVL2', u'ND: ENGINEERING: CIVIL', u'21', u'SEMESTER 1', u'D1', u'Durban Campus Full-time', u'B', u'40004652:RAMPURSAD', 21.0]
check 'SCVL221_SEM1_2018' 'SCVL221'
processXLS: only for SEM2 [u'SCVL221_SEM1_2018', u'SCVL221_SEM1_2017', u'SCVL221', u'SURVEYING:CIVIL II (MODULE 2)', u'NDCVL2', u'ND: ENGINEERING: CIVIL', u'21', u'SEMESTER 1', u'D1', u'Durban Campus Full-time', u'B', u'40004652:RAMPURSAD', 21.0]
[u'', u'', u'', u'', u'', u'', u'', u'', u'', u'', u'', u'', u'']
check '' ''
[u'SCVL221_SEM2_2018', u'SCVL221_SEM2_2017', u'SCVL221', u'SURVEYING:CIVIL II (MODULE 2)', u'NDCVL2', u'ND: ENGINEERING: CIVIL', u'22', u'SEMESTER 2', u'D1', u'Durban Campus Full-time', u'A', u'40004652:RAMPURSAD', 22.0]
check 'SCVL221_SEM2_2018' 'SCVL221'
adding  SCVL221
requesting:  http://10.0.100.98:8000/bbinfo/matching_courses/SCVL221%25
r= <Response [200]>
matching classes= set([u'SCVL221_13_MARC', u'SCVL221_SEM1_2018', u'SCVL221_ALL_2016', u'SCVL221_SEM1_2017', u'SCVL221_SEM2_2017', u'SCVL221_SEM2_2018'])
[u'SCVL221_SEM2_2018', u'SCVL221_SEM2_2017', u'SCVL221', u'SURVEYING:CIVIL II (MODULE 2)', u'NDCVL2', u'ND: ENGINEERING: CIVIL', u'22', u'SEMESTER 2', u'D1', u'Durban Campus Full-time', u'B', u'40004652:RAMPURSAD', 13.0]
check 'SCVL221_SEM2_2018' 'SCVL221'
adding  SCVL221
requesting:  http://10.0.100.98:8000/bbinfo/matching_courses/SCVL221%25
r= <Response [200]>
matching classes= set([u'SCVL221_13_MARC', u'SCVL221_SEM1_2018', u'SCVL221_ALL_2016', u'SCVL221_SEM1_2017', u'SCVL221_SEM2_2017', u'SCVL221_SEM2_2018'])
[u'SCVL221_SEM2_2018', u'SCVL221_SEM2_2017', u'SCVL221', u'SURVEYING:CIVIL II (MODULE 2)', u'NDCVL2', u'ND: ENGINEERING: CIVIL', u'22', u'SEMESTER 2', u'D1', u'Durban Campus Full-time', u'C', u'40004652:RAMPURSAD', 13.0]
check 'SCVL221_SEM2_2018' 'SCVL221'
adding  SCVL221
requesting:  http://10.0.100.98:8000/bbinfo/matching_courses/SCVL221%25
r= <Response [200]>
matching classes= set([u'SCVL221_13_MARC', u'SCVL221_SEM1_2018', u'SCVL221_ALL_2016', u'SCVL221_SEM1_2017', u'SCVL221_SEM2_2017', u'SCVL221_SEM2_2018'])
[u'', u'', u'', u'', u'', u'', u'', u'', u'', u'', u'', u'', u'']
check '' ''
[u'SDRG212_SEM1_2018', u'SDRG212_SEM1_2017', u'SDRG212', u'SURVEY DRAWING II (MODULE 1)', u'NDSUR2', u'ND: SURVEYING', u'21', u'SEMESTER 1', u'D1', u'Durban Campus Full-time', u'A', u'40004652:RAMPURSAD', 13.0]
check 'SDRG212_SEM1_2018' 'SDRG212'
processXLS: only for SEM2 [u'SDRG212_SEM1_2018', u'SDRG212_SEM1_2017', u'SDRG212', u'SURVEY DRAWING II (MODULE 1)', u'NDSUR2', u'ND: SURVEYING', u'21', u'SEMESTER 1', u'D1', u'Durban Campus Full-time', u'A', u'40004652:RAMPURSAD', 13.0]
[u'', u'', u'', u'', u'', u'', u'', u'', u'', u'', u'', u'', u'']
check '' ''
[u'SDRG212_SEM2_2018', u'SDRG212_SEM2_2017', u'SDRG212', u'SURVEY DRAWING II (MODULE 1)', u'NDSUR2', u'ND: SURVEYING', u'22', u'SEMESTER 2', u'D1', u'Durban Campus Full-time', u'A', u'40004652:RAMPURSAD', 12.0]
check 'SDRG212_SEM2_2018' 'SDRG212'
adding  SDRG212
requesting:  http://10.0.100.98:8000/bbinfo/matching_courses/SDRG212%25
r= <Response [200]>
matching classes= set([u'SDRG212_ALL_2016', u'SDRG212_SEM2_2018', u'SDRG212_SEM1_2018', u'SDRG212_13_RAGA', u'SDRG212_SEM1_2017', u'SDRG212_SEM2_2017'])
[u'', u'', u'', u'', u'', u'', u'', u'', u'', u'', u'', u'', u'']
check '' ''
[u'SDRG222_SEM1_2018', u'SDRG222_SEM1_2017', u'SDRG222', u'SURVEY DRAWING II (MODULE 2)', u'NDSUR2', u'ND: SURVEYING', u'21', u'SEMESTER 1', u'D1', u'Durban Campus Full-time', u'A', u'50010932:RAGHUBAR', 11.0]
check 'SDRG222_SEM1_2018' 'SDRG222'
processXLS: only for SEM2 [u'SDRG222_SEM1_2018', u'SDRG222_SEM1_2017', u'SDRG222', u'SURVEY DRAWING II (MODULE 2)', u'NDSUR2', u'ND: SURVEYING', u'21', u'SEMESTER 1', u'D1', u'Durban Campus Full-time', u'A', u'50010932:RAGHUBAR', 11.0]
[u'', u'', u'', u'', u'', u'', u'', u'', u'', u'', u'', u'', u'']
check '' ''
[u'SDRG222_SEM2_2018', u'SDRG222_SEM2_2017', u'SDRG222', u'SURVEY DRAWING II (MODULE 2)', u'NDSUR2', u'ND: SURVEYING', u'22', u'SEMESTER 2', u'D1', u'Durban Campus Full-time', u'A', u'50010932:RAGHUBAR', 10.0]
check 'SDRG222_SEM2_2018' 'SDRG222'
adding  SDRG222
requesting:  http://10.0.100.98:8000/bbinfo/matching_courses/SDRG222%25
r= <Response [200]>
matching classes= set([u'SDRG222_SEM2_2017', u'SDRG222_SEM1_2017', u'SDRG222_SEM1_2018', u'SDRG222_SEM2_2018', u'SDRG222_ALL_2016', u'SDRG222_13_RAGA'])
[u'', u'', u'', u'', u'', u'', u'', u'', u'', u'', u'', u'', u'']
check '' ''
[u'SURV212_SEM1_2018', u'SURV212_SEM1_2017', u'SURV212', u'SURVEYING II (MODULE 1)', u'NDSUR2', u'ND: SURVEYING', u'21', u'SEMESTER 1', u'D1', u'Durban Campus Full-time', u'A', u'50010932:RAGHUBAR', 10.0]
check 'SURV212_SEM1_2018' 'SURV212'
processXLS: only for SEM2 [u'SURV212_SEM1_2018', u'SURV212_SEM1_2017', u'SURV212', u'SURVEYING II (MODULE 1)', u'NDSUR2', u'ND: SURVEYING', u'21', u'SEMESTER 1', u'D1', u'Durban Campus Full-time', u'A', u'50010932:RAGHUBAR', 10.0]
[u'', u'', u'', u'', u'', u'', u'', u'', u'', u'', u'', u'', u'']
check '' ''
[u'SURV212_SEM2_2018', u'SURV212_SEM2_2017', u'SURV212', u'SURVEYING II (MODULE 1)', u'NDSUR2', u'ND: SURVEYING', u'22', u'SEMESTER 2', u'D1', u'Durban Campus Full-time', u'A', u'50010932:RAGHUBAR', 19.0]
check 'SURV212_SEM2_2018' 'SURV212'
adding  SURV212
requesting:  http://10.0.100.98:8000/bbinfo/matching_courses/SURV212%25
r= <Response [200]>
matching classes= set([u'SURV212_ALL_2016', u'SURV212_SEM2_2018', u'SURV212_SEM1_2018', u'SURV212_SEM1_2017', u'SURV212_SEM2_2017', u'SURV212_13_RAGA'])
[u'', u'', u'', u'', u'', u'', u'', u'', u'', u'', u'', u'', u'']
check '' ''
[u'SURV222_SEM1_2018', u'SURV222_SEM1_2017', u'SURV222', u'SURVEYING II (MODULE 2)', u'NDSUR2', u'ND: SURVEYING', u'21', u'SEMESTER 1', u'D1', u'Durban Campus Full-time', u'A', u'50010932:RAGHUBAR', 8.0]
check 'SURV222_SEM1_2018' 'SURV222'
processXLS: only for SEM2 [u'SURV222_SEM1_2018', u'SURV222_SEM1_2017', u'SURV222', u'SURVEYING II (MODULE 2)', u'NDSUR2', u'ND: SURVEYING', u'21', u'SEMESTER 1', u'D1', u'Durban Campus Full-time', u'A', u'50010932:RAGHUBAR', 8.0]
[u'', u'', u'', u'', u'', u'', u'', u'', u'', u'', u'', u'', u'']
check '' ''
[u'SURV222_SEM2_2018', u'SURV222_SEM2_2017', u'SURV222', u'SURVEYING II (MODULE 2)', u'NDSUR2', u'ND: SURVEYING', u'22', u'SEMESTER 2', u'D1', u'Durban Campus Full-time', u'A', u'50010932:RAGHUBAR', 21.0]
check 'SURV222_SEM2_2018' 'SURV222'
adding  SURV222
requesting:  http://10.0.100.98:8000/bbinfo/matching_courses/SURV222%25
r= <Response [200]>
matching classes= set([u'SURV222_13_RAMS', u'SURV222_ALL_2016', u'SURV222_SEM2_2017', u'SURV222_SEM1_2017', u'SURV222_SEM1_2018', u'SURV222_SEM2_2018'])
[u'', u'', u'', u'', u'', u'', u'', u'', u'', u'', u'', u'', u'']
check '' ''
[u'TPEN211_SEM1_2018', u'TPEN211_SEM1_2017', u'TPEN211', u'TRANSPORTATION ENGINEERING II (MODULE 1)', u'NDCEF1', u'ND: ENGINEERING: CIVIL (4 YEARS)', u'21', u'SEMESTER 1', u'D1', u'Durban Campus Full-time', u'A', u'40000186:ALLOPI', 1.0]
check 'TPEN211_SEM1_2018' 'TPEN211'
processXLS: only for SEM2 [u'TPEN211_SEM1_2018', u'TPEN211_SEM1_2017', u'TPEN211', u'TRANSPORTATION ENGINEERING II (MODULE 1)', u'NDCEF1', u'ND: ENGINEERING: CIVIL (4 YEARS)', u'21', u'SEMESTER 1', u'D1', u'Durban Campus Full-time', u'A', u'40000186:ALLOPI', 1.0]
[u'TPEN211_SEM1_2018', u'TPEN211_SEM1_2017', u'TPEN211', u'TRANSPORTATION ENGINEERING II (MODULE 1)', u'NDCVL2', u'ND: ENGINEERING: CIVIL', u'21', u'SEMESTER 1', u'D1', u'Durban Campus Full-time', u'B', u'40000186:ALLOPI', 20.0]
check 'TPEN211_SEM1_2018' 'TPEN211'
processXLS: only for SEM2 [u'TPEN211_SEM1_2018', u'TPEN211_SEM1_2017', u'TPEN211', u'TRANSPORTATION ENGINEERING II (MODULE 1)', u'NDCVL2', u'ND: ENGINEERING: CIVIL', u'21', u'SEMESTER 1', u'D1', u'Durban Campus Full-time', u'B', u'40000186:ALLOPI', 20.0]
[u'TPEN211_SEM1_2018', u'TPEN211_SEM1_2017', u'TPEN211', u'TRANSPORTATION ENGINEERING II (MODULE 1)', u'NDCVL2', u'ND: ENGINEERING: CIVIL', u'21', u'SEMESTER 1', u'D1', u'Durban Campus Full-time', u'A', u'40000186:ALLOPI', 13.0]
check 'TPEN211_SEM1_2018' 'TPEN211'
processXLS: only for SEM2 [u'TPEN211_SEM1_2018', u'TPEN211_SEM1_2017', u'TPEN211', u'TRANSPORTATION ENGINEERING II (MODULE 1)', u'NDCVL2', u'ND: ENGINEERING: CIVIL', u'21', u'SEMESTER 1', u'D1', u'Durban Campus Full-time', u'A', u'40000186:ALLOPI', 13.0]
[u'TPEN211_SEM1_2018', u'TPEN211_SEM1_2017', u'TPEN211', u'TRANSPORTATION ENGINEERING II (MODULE 1)', u'NDCVL2', u'ND: ENGINEERING: CIVIL', u'21', u'SEMESTER 1', u'D1', u'Durban Campus Full-time', u'C', u'40000186:ALLOPI', 26.0]
check 'TPEN211_SEM1_2018' 'TPEN211'
processXLS: only for SEM2 [u'TPEN211_SEM1_2018', u'TPEN211_SEM1_2017', u'TPEN211', u'TRANSPORTATION ENGINEERING II (MODULE 1)', u'NDCVL2', u'ND: ENGINEERING: CIVIL', u'21', u'SEMESTER 1', u'D1', u'Durban Campus Full-time', u'C', u'40000186:ALLOPI', 26.0]
[u'', u'', u'', u'', u'', u'', u'', u'', u'', u'', u'', u'', u'']
check '' ''
[u'TPEN211_SEM2_2018', u'TPEN211_SEM2_2017', u'TPEN211', u'TRANSPORTATION ENGINEERING II (MODULE 1)', u'NDCVL2', u'ND: ENGINEERING: CIVIL', u'22', u'SEMESTER 2', u'D1', u'Durban Campus Full-time', u'A', u'40000186:ALLOPI', 36.0]
check 'TPEN211_SEM2_2018' 'TPEN211'
adding  TPEN211
requesting:  http://10.0.100.98:8000/bbinfo/matching_courses/TPEN211%25
r= <Response [200]>
matching classes= set([u'TPEN211_SEM1_2017', u'TPEN211_SEM2_2017', u'TPEN211_13_ALLD', u'TPEN211_SEM2_2018', u'TPEN211_SEM1_2018', u'TPEN211_ALL_2016'])
[u'TPEN211_SEM2_2018', u'TPEN211_SEM2_2017', u'TPEN211', u'TRANSPORTATION ENGINEERING II (MODULE 1)', u'NDCVL2', u'ND: ENGINEERING: CIVIL', u'22', u'SEMESTER 2', u'D1', u'Durban Campus Full-time', u'B', u'40000186:ALLOPI', 25.0]
check 'TPEN211_SEM2_2018' 'TPEN211'
adding  TPEN211
requesting:  http://10.0.100.98:8000/bbinfo/matching_courses/TPEN211%25
r= <Response [200]>
matching classes= set([u'TPEN211_SEM1_2017', u'TPEN211_SEM2_2017', u'TPEN211_13_ALLD', u'TPEN211_SEM2_2018', u'TPEN211_SEM1_2018', u'TPEN211_ALL_2016'])
[u'', u'', u'', u'', u'', u'', u'', u'', u'', u'', u'', u'', u'']
check '' ''
[u'TPEN221_SEM1_2018', u'TPEN221_SEM1_2017', u'TPEN221', u'TRANSPORTATION ENGINEERING II (MODULE 2)', u'NDCEF1', u'ND: ENGINEERING: CIVIL (4 YEARS)', u'21', u'SEMESTER 1', u'D1', u'Durban Campus Full-time', u'A', u'50002490:JAIRAM', 1.0]
check 'TPEN221_SEM1_2018' 'TPEN221'
processXLS: only for SEM2 [u'TPEN221_SEM1_2018', u'TPEN221_SEM1_2017', u'TPEN221', u'TRANSPORTATION ENGINEERING II (MODULE 2)', u'NDCEF1', u'ND: ENGINEERING: CIVIL (4 YEARS)', u'21', u'SEMESTER 1', u'D1', u'Durban Campus Full-time', u'A', u'50002490:JAIRAM', 1.0]
[u'TPEN221_SEM1_2018', u'TPEN221_SEM1_2017', u'TPEN221', u'TRANSPORTATION ENGINEERING II (MODULE 2)', u'NDCVL2', u'ND: ENGINEERING: CIVIL', u'21', u'SEMESTER 1', u'D1', u'Durban Campus Full-time', u'B', u'50002490:JAIRAM', 20.0]
check 'TPEN221_SEM1_2018' 'TPEN221'
processXLS: only for SEM2 [u'TPEN221_SEM1_2018', u'TPEN221_SEM1_2017', u'TPEN221', u'TRANSPORTATION ENGINEERING II (MODULE 2)', u'NDCVL2', u'ND: ENGINEERING: CIVIL', u'21', u'SEMESTER 1', u'D1', u'Durban Campus Full-time', u'B', u'50002490:JAIRAM', 20.0]
[u'TPEN221_SEM1_2018', u'TPEN221_SEM1_2017', u'TPEN221', u'TRANSPORTATION ENGINEERING II (MODULE 2)', u'NDCVL2', u'ND: ENGINEERING: CIVIL', u'21', u'SEMESTER 1', u'D1', u'Durban Campus Full-time', u'A', u'50002490:JAIRAM', 13.0]
check 'TPEN221_SEM1_2018' 'TPEN221'
processXLS: only for SEM2 [u'TPEN221_SEM1_2018', u'TPEN221_SEM1_2017', u'TPEN221', u'TRANSPORTATION ENGINEERING II (MODULE 2)', u'NDCVL2', u'ND: ENGINEERING: CIVIL', u'21', u'SEMESTER 1', u'D1', u'Durban Campus Full-time', u'A', u'50002490:JAIRAM', 13.0]
[u'TPEN221_SEM1_2018', u'TPEN221_SEM1_2017', u'TPEN221', u'TRANSPORTATION ENGINEERING II (MODULE 2)', u'NDCVL2', u'ND: ENGINEERING: CIVIL', u'21', u'SEMESTER 1', u'D1', u'Durban Campus Full-time', u'C', u'50002490:JAIRAM', 27.0]
check 'TPEN221_SEM1_2018' 'TPEN221'
processXLS: only for SEM2 [u'TPEN221_SEM1_2018', u'TPEN221_SEM1_2017', u'TPEN221', u'TRANSPORTATION ENGINEERING II (MODULE 2)', u'NDCVL2', u'ND: ENGINEERING: CIVIL', u'21', u'SEMESTER 1', u'D1', u'Durban Campus Full-time', u'C', u'50002490:JAIRAM', 27.0]
[u'', u'', u'', u'', u'', u'', u'', u'', u'', u'', u'', u'', u'']
check '' ''
[u'TPEN221_SEM2_2018', u'TPEN221_SEM2_2017', u'TPEN221', u'TRANSPORTATION ENGINEERING II (MODULE 2)', u'NDCVL2', u'ND: ENGINEERING: CIVIL', u'22', u'SEMESTER 2', u'D1', u'Durban Campus Full-time', u'A', u'50002490:JAIRAM', 33.0]
check 'TPEN221_SEM2_2018' 'TPEN221'
adding  TPEN221
requesting:  http://10.0.100.98:8000/bbinfo/matching_courses/TPEN221%25
r= <Response [200]>
matching classes= set([u'TPEN221_13_GOVR', u'TPEN221_SEM2_2017', u'TPEN221_SEM1_2017', u'TPEN221_SEM1_2018', u'TPEN221_SEM2_2018', u'TPEN221_ALL_2016'])
[u'TPEN221_SEM2_2018', u'TPEN221_SEM2_2017', u'TPEN221', u'TRANSPORTATION ENGINEERING II (MODULE 2)', u'NDCVL2', u'ND: ENGINEERING: CIVIL', u'22', u'SEMESTER 2', u'D1', u'Durban Campus Full-time', u'B', u'50002490:JAIRAM', 23.0]
check 'TPEN221_SEM2_2018' 'TPEN221'
adding  TPEN221
requesting:  http://10.0.100.98:8000/bbinfo/matching_courses/TPEN221%25
r= <Response [200]>
matching classes= set([u'TPEN221_13_GOVR', u'TPEN221_SEM2_2017', u'TPEN221_SEM1_2017', u'TPEN221_SEM1_2018', u'TPEN221_SEM2_2018', u'TPEN221_ALL_2016'])
[u'', u'', u'', u'', u'', u'', u'', u'', u'', u'', u'', u'', u'']
check '' ''
[u'TSTR202_SEM1_2018', u'TSTR202_SEM1_2017', u'TSTR202', u'THEORY OF STRUCTURES II', u'NDCEF1', u'ND: ENGINEERING: CIVIL (4 YEARS)', u'21', u'SEMESTER 1', u'D1', u'Durban Campus Full-time', u'B', u'40008542:KHUZWAYO', 1.0]
check 'TSTR202_SEM1_2018' 'TSTR202'
processXLS: only for SEM2 [u'TSTR202_SEM1_2018', u'TSTR202_SEM1_2017', u'TSTR202', u'THEORY OF STRUCTURES II', u'NDCEF1', u'ND: ENGINEERING: CIVIL (4 YEARS)', u'21', u'SEMESTER 1', u'D1', u'Durban Campus Full-time', u'B', u'40008542:KHUZWAYO', 1.0]
[u'TSTR202_SEM1_2018', u'TSTR202_SEM1_2017', u'TSTR202', u'THEORY OF STRUCTURES II', u'NDCVL2', u'ND: ENGINEERING: CIVIL', u'21', u'SEMESTER 1', u'D1', u'Durban Campus Full-time', u'B', u'40008542:KHUZWAYO', 20.0]
check 'TSTR202_SEM1_2018' 'TSTR202'
processXLS: only for SEM2 [u'TSTR202_SEM1_2018', u'TSTR202_SEM1_2017', u'TSTR202', u'THEORY OF STRUCTURES II', u'NDCVL2', u'ND: ENGINEERING: CIVIL', u'21', u'SEMESTER 1', u'D1', u'Durban Campus Full-time', u'B', u'40008542:KHUZWAYO', 20.0]
[u'TSTR202_SEM1_2018', u'TSTR202_SEM1_2017', u'TSTR202', u'THEORY OF STRUCTURES II', u'NDCVL2', u'ND: ENGINEERING: CIVIL', u'21', u'SEMESTER 1', u'D1', u'Durban Campus Full-time', u'A', u'40008542:KHUZWAYO', 37.0]
check 'TSTR202_SEM1_2018' 'TSTR202'
processXLS: only for SEM2 [u'TSTR202_SEM1_2018', u'TSTR202_SEM1_2017', u'TSTR202', u'THEORY OF STRUCTURES II', u'NDCVL2', u'ND: ENGINEERING: CIVIL', u'21', u'SEMESTER 1', u'D1', u'Durban Campus Full-time', u'A', u'40008542:KHUZWAYO', 37.0]
[u'TSTR202_SEM1_2018', u'TSTR202_SEM1_2017', u'TSTR202', u'THEORY OF STRUCTURES II', u'NDCVL2', u'ND: ENGINEERING: CIVIL', u'21', u'SEMESTER 1', u'D1', u'Durban Campus Full-time', u'C', u'40008542:KHUZWAYO', 18.0]
check 'TSTR202_SEM1_2018' 'TSTR202'
processXLS: only for SEM2 [u'TSTR202_SEM1_2018', u'TSTR202_SEM1_2017', u'TSTR202', u'THEORY OF STRUCTURES II', u'NDCVL2', u'ND: ENGINEERING: CIVIL', u'21', u'SEMESTER 1', u'D1', u'Durban Campus Full-time', u'C', u'40008542:KHUZWAYO', 18.0]
[u'', u'', u'', u'', u'', u'', u'', u'', u'', u'', u'', u'', u'']
check '' ''
[u'TSTR202_SEM2_2018', u'TSTR202_SEM2_2017', u'TSTR202', u'THEORY OF STRUCTURES II', u'NDCVL2', u'ND: ENGINEERING: CIVIL', u'22', u'SEMESTER 2', u'D1', u'Durban Campus Full-time', u'A', u'40008542:KHUZWAYO', 33.0]
check 'TSTR202_SEM2_2018' 'TSTR202'
adding  TSTR202
requesting:  http://10.0.100.98:8000/bbinfo/matching_courses/TSTR202%25
r= <Response [200]>
matching classes= set([u'TSTR202_13_KHUB', u'TSTR202_13_JAJH', u'TSTR202_ALL_2016', u'TSTR202_SEM2_2018', u'TSTR202_SEM1_2018', u'TSTR202_SEM1_2017', u'TSTR202_SEM2_2017'])
[u'TSTR202_SEM2_2018', u'TSTR202_SEM2_2017', u'TSTR202', u'THEORY OF STRUCTURES II', u'NDCVL2', u'ND: ENGINEERING: CIVIL', u'22', u'SEMESTER 2', u'D1', u'Durban Campus Full-time', u'B', u'40008542:KHUZWAYO', 15.0]
check 'TSTR202_SEM2_2018' 'TSTR202'
adding  TSTR202
requesting:  http://10.0.100.98:8000/bbinfo/matching_courses/TSTR202%25
r= <Response [200]>
matching classes= set([u'TSTR202_13_KHUB', u'TSTR202_13_JAJH', u'TSTR202_ALL_2016', u'TSTR202_SEM2_2018', u'TSTR202_SEM1_2018', u'TSTR202_SEM1_2017', u'TSTR202_SEM2_2017'])
[u'TSTR202_SEM2_2018', u'TSTR202_SEM2_2017', u'TSTR202', u'THEORY OF STRUCTURES II', u'NDCVL2', u'ND: ENGINEERING: CIVIL', u'22', u'SEMESTER 2', u'D1', u'Durban Campus Full-time', u'C', u'40008542:KHUZWAYO', 15.0]
check 'TSTR202_SEM2_2018' 'TSTR202'
adding  TSTR202
requesting:  http://10.0.100.98:8000/bbinfo/matching_courses/TSTR202%25
r= <Response [200]>
matching classes= set([u'TSTR202_13_KHUB', u'TSTR202_13_JAJH', u'TSTR202_ALL_2016', u'TSTR202_SEM2_2018', u'TSTR202_SEM1_2018', u'TSTR202_SEM1_2017', u'TSTR202_SEM2_2017'])
[u'', u'', u'', u'', u'', u'', u'', u'', u'', u'', u'', u'', u'']
check '' ''
[u'WENG213_SEM1_2018', u'WENG213_SEM1_2017', u'WENG213', u'WATER ENGINEERING II (MODULE 1 HYDRAULICS)', u'NDCEF1', u'ND: ENGINEERING: CIVIL (4 YEARS)', u'21', u'SEMESTER 1', u'D1', u'Durban Campus Full-time', u'B', u'40007541:HAN', 1.0]
check 'WENG213_SEM1_2018' 'WENG213'
processXLS: only for SEM2 [u'WENG213_SEM1_2018', u'WENG213_SEM1_2017', u'WENG213', u'WATER ENGINEERING II (MODULE 1 HYDRAULICS)', u'NDCEF1', u'ND: ENGINEERING: CIVIL (4 YEARS)', u'21', u'SEMESTER 1', u'D1', u'Durban Campus Full-time', u'B', u'40007541:HAN', 1.0]
[u'WENG213_SEM1_2018', u'WENG213_SEM1_2017', u'WENG213', u'WATER ENGINEERING II (MODULE 1 HYDRAULICS)', u'NDCVL2', u'ND: ENGINEERING: CIVIL', u'21', u'SEMESTER 1', u'D1', u'Durban Campus Full-time', u'B', u'40007541:HAN', 25.0]
check 'WENG213_SEM1_2018' 'WENG213'
processXLS: only for SEM2 [u'WENG213_SEM1_2018', u'WENG213_SEM1_2017', u'WENG213', u'WATER ENGINEERING II (MODULE 1 HYDRAULICS)', u'NDCVL2', u'ND: ENGINEERING: CIVIL', u'21', u'SEMESTER 1', u'D1', u'Durban Campus Full-time', u'B', u'40007541:HAN', 25.0]
[u'WENG213_SEM1_2018', u'WENG213_SEM1_2017', u'WENG213', u'WATER ENGINEERING II (MODULE 1 HYDRAULICS)', u'NDCVL2', u'ND: ENGINEERING: CIVIL', u'21', u'SEMESTER 1', u'D1', u'Durban Campus Full-time', u'A', u'40007541:HAN', 25.0]
check 'WENG213_SEM1_2018' 'WENG213'
processXLS: only for SEM2 [u'WENG213_SEM1_2018', u'WENG213_SEM1_2017', u'WENG213', u'WATER ENGINEERING II (MODULE 1 HYDRAULICS)', u'NDCVL2', u'ND: ENGINEERING: CIVIL', u'21', u'SEMESTER 1', u'D1', u'Durban Campus Full-time', u'A', u'40007541:HAN', 25.0]
[u'WENG213_SEM1_2018', u'WENG213_SEM1_2017', u'WENG213', u'WATER ENGINEERING II (MODULE 1 HYDRAULICS)', u'NDCVL2', u'ND: ENGINEERING: CIVIL', u'21', u'SEMESTER 1', u'D1', u'Durban Campus Full-time', u'C', u'40007541:HAN', 29.0]
check 'WENG213_SEM1_2018' 'WENG213'
processXLS: only for SEM2 [u'WENG213_SEM1_2018', u'WENG213_SEM1_2017', u'WENG213', u'WATER ENGINEERING II (MODULE 1 HYDRAULICS)', u'NDCVL2', u'ND: ENGINEERING: CIVIL', u'21', u'SEMESTER 1', u'D1', u'Durban Campus Full-time', u'C', u'40007541:HAN', 29.0]
[u'', u'', u'', u'', u'', u'', u'', u'', u'', u'', u'', u'', u'']
check '' ''
[u'WENG213_SEM2_2018', u'WENG213_SEM2_2017', u'WENG213', u'WATER ENGINEERING II (MODULE 1 HYDRAULICS)', u'NDCVL2', u'ND: ENGINEERING: CIVIL', u'22', u'SEMESTER 2', u'D1', u'Durban Campus Full-time', u'B', u'40007541:HAN', 21.0]
check 'WENG213_SEM2_2018' 'WENG213'
adding  WENG213
requesting:  http://10.0.100.98:8000/bbinfo/matching_courses/WENG213%25
r= <Response [200]>
matching classes= set([u'WENG213_SEM2_2017', u'WENG213_SEM2_2018', u'WENG213_SEM1_2018', u'WENG213_ALL_2016', u'WENG213_SEM1_2017', u'WENG213_13_HANK'])
[u'WENG213_SEM2_2018', u'WENG213_SEM2_2017', u'WENG213', u'WATER ENGINEERING II (MODULE 1 HYDRAULICS)', u'NDCVL2', u'ND: ENGINEERING: CIVIL', u'22', u'SEMESTER 2', u'D1', u'Durban Campus Full-time', u'A', u'40007541:HAN', 38.0]
check 'WENG213_SEM2_2018' 'WENG213'
adding  WENG213
requesting:  http://10.0.100.98:8000/bbinfo/matching_courses/WENG213%25
r= <Response [200]>
matching classes= set([u'WENG213_SEM2_2017', u'WENG213_SEM2_2018', u'WENG213_SEM1_2018', u'WENG213_ALL_2016', u'WENG213_SEM1_2017', u'WENG213_13_HANK'])
[u'', u'', u'', u'', u'', u'', u'', u'', u'', u'', u'', u'', u'']
check '' ''
[u'WENG223_SEM1_2018', u'WENG223_SEM1_2017', u'WENG223', u'WATER ENGINEERING II (MODULE 2 PUBLIC HEALTH)', u'NDCEF1', u'ND: ENGINEERING: CIVIL (4 YEARS)', u'21', u'SEMESTER 1', u'D1', u'Durban Campus Full-time', u'A', u'50002490:JAIRAM', 1.0]
check 'WENG223_SEM1_2018' 'WENG223'
processXLS: only for SEM2 [u'WENG223_SEM1_2018', u'WENG223_SEM1_2017', u'WENG223', u'WATER ENGINEERING II (MODULE 2 PUBLIC HEALTH)', u'NDCEF1', u'ND: ENGINEERING: CIVIL (4 YEARS)', u'21', u'SEMESTER 1', u'D1', u'Durban Campus Full-time', u'A', u'50002490:JAIRAM', 1.0]
[u'WENG223_SEM1_2018', u'WENG223_SEM1_2017', u'WENG223', u'WATER ENGINEERING II (MODULE 2 PUBLIC HEALTH)', u'NDCVL2', u'ND: ENGINEERING: CIVIL', u'21', u'SEMESTER 1', u'D1', u'Durban Campus Full-time', u'A', u'50002490:JAIRAM', 16.0]
check 'WENG223_SEM1_2018' 'WENG223'
processXLS: only for SEM2 [u'WENG223_SEM1_2018', u'WENG223_SEM1_2017', u'WENG223', u'WATER ENGINEERING II (MODULE 2 PUBLIC HEALTH)', u'NDCVL2', u'ND: ENGINEERING: CIVIL', u'21', u'SEMESTER 1', u'D1', u'Durban Campus Full-time', u'A', u'50002490:JAIRAM', 16.0]
[u'WENG223_SEM1_2018', u'WENG223_SEM1_2017', u'WENG223', u'WATER ENGINEERING II (MODULE 2 PUBLIC HEALTH)', u'NDCVL2', u'ND: ENGINEERING: CIVIL', u'21', u'SEMESTER 1', u'D1', u'Durban Campus Full-time', u'C', u'50002490:JAIRAM', 32.0]
check 'WENG223_SEM1_2018' 'WENG223'
processXLS: only for SEM2 [u'WENG223_SEM1_2018', u'WENG223_SEM1_2017', u'WENG223', u'WATER ENGINEERING II (MODULE 2 PUBLIC HEALTH)', u'NDCVL2', u'ND: ENGINEERING: CIVIL', u'21', u'SEMESTER 1', u'D1', u'Durban Campus Full-time', u'C', u'50002490:JAIRAM', 32.0]
[u'WENG223_SEM1_2018', u'WENG223_SEM1_2017', u'WENG223', u'WATER ENGINEERING II (MODULE 2 PUBLIC HEALTH)', u'NDCVL2', u'ND: ENGINEERING: CIVIL', u'21', u'SEMESTER 1', u'D1', u'Durban Campus Full-time', u'B', u'50002490:JAIRAM', 25.0]
check 'WENG223_SEM1_2018' 'WENG223'
processXLS: only for SEM2 [u'WENG223_SEM1_2018', u'WENG223_SEM1_2017', u'WENG223', u'WATER ENGINEERING II (MODULE 2 PUBLIC HEALTH)', u'NDCVL2', u'ND: ENGINEERING: CIVIL', u'21', u'SEMESTER 1', u'D1', u'Durban Campus Full-time', u'B', u'50002490:JAIRAM', 25.0]
[u'', u'', u'', u'', u'', u'', u'', u'', u'', u'', u'', u'', u'']
check '' ''
[u'WENG223_SEM2_2018', u'WENG223_SEM2_2017', u'WENG223', u'WATER ENGINEERING II (MODULE 2 PUBLIC HEALTH)', u'NDCVL2', u'ND: ENGINEERING: CIVIL', u'22', u'SEMESTER 2', u'D1', u'Durban Campus Full-time', u'B', u'50002490:JAIRAM', 22.0]
check 'WENG223_SEM2_2018' 'WENG223'
adding  WENG223
requesting:  http://10.0.100.98:8000/bbinfo/matching_courses/WENG223%25
r= <Response [200]>
matching classes= set([u'WENG223_SEM1_2018', u'WENG223_13_JAIS', u'WENG223_ALL_2016', u'WENG223_SEM2_2017', u'WENG223_SEM2_2018', u'WENG223_SEM1_2017'])
[u'WENG223_SEM2_2018', u'WENG223_SEM2_2017', u'WENG223', u'WATER ENGINEERING II (MODULE 2 PUBLIC HEALTH)', u'NDCVL2', u'ND: ENGINEERING: CIVIL', u'22', u'SEMESTER 2', u'D1', u'Durban Campus Full-time', u'A', u'50002490:JAIRAM', 42.0]
check 'WENG223_SEM2_2018' 'WENG223'
adding  WENG223
requesting:  http://10.0.100.98:8000/bbinfo/matching_courses/WENG223%25
r= <Response [200]>
matching classes= set([u'WENG223_SEM1_2018', u'WENG223_13_JAIS', u'WENG223_ALL_2016', u'WENG223_SEM2_2017', u'WENG223_SEM2_2018', u'WENG223_SEM1_2017'])
[u'', u'', u'', u'', u'', u'', u'', u'', u'', u'', u'', u'', u'']
check '' ''
[u'AERR301_SEM2_2018', u'AERR301_SEM2_2017', u'AERR301', u'ADJUSTMENT OF ERRORS III', u'NDSUR2', u'ND: SURVEYING', u'22', u'SEMESTER 2', u'D1', u'Durban Campus Full-time', u'A', u'40009694:PHIRI', 30.0]
check 'AERR301_SEM2_2018' 'AERR301'
adding  AERR301
requesting:  http://10.0.100.98:8000/bbinfo/matching_courses/AERR301%25
r= <Response [200]>
matching classes= set([u'AERR301_13_HUNR', u'AERR301_SEM2_2017', u'AERR301_SEM2_2016', u'AERR301_SEM2_2018'])
[u'', u'', u'', u'', u'', u'', u'', u'', u'', u'', u'', u'', u'']
check '' ''
[u'CAPP302_SEM2_2018', u'CAPP302_SEM2_2017', u'CAPP302', u'COMPUTER APPLICATIONS III', u'NDSUR2', u'ND: SURVEYING', u'22', u'SEMESTER 2', u'D1', u'Durban Campus Full-time', u'A', u'50010932:RAGHUBAR', 23.0]
check 'CAPP302_SEM2_2018' 'CAPP302'
adding  CAPP302
requesting:  http://10.0.100.98:8000/bbinfo/matching_courses/CAPP302%25
r= <Response [200]>
matching classes= set([u'CAPP302_SEM2_2018', u'CAPP302_SEM2_2017', u'CAPP302_SEM2_2016', u'CAPP302_13_ROWO'])
[u'', u'', u'', u'', u'', u'', u'', u'', u'', u'', u'', u'', u'']
check '' ''
[u'CSRV301_SEM1_2018', u'CSRV301_SEM1_2017', u'CSRV301', u'CONTROL SURVEYING III', u'NDSUR2', u'ND: SURVEYING', u'21', u'SEMESTER 1', u'D1', u'Durban Campus Full-time', u'A', u'40000300:SINGH C', 28.0]
check 'CSRV301_SEM1_2018' 'CSRV301'
processXLS: only for SEM2 [u'CSRV301_SEM1_2018', u'CSRV301_SEM1_2017', u'CSRV301', u'CONTROL SURVEYING III', u'NDSUR2', u'ND: SURVEYING', u'21', u'SEMESTER 1', u'D1', u'Durban Campus Full-time', u'A', u'40000300:SINGH C', 28.0]
[u'', u'', u'', u'', u'', u'', u'', u'', u'', u'', u'', u'', u'']
check '' ''
[u'CSUR301_SEM2_2018', u'CSUR301_SEM2_2017', u'CSUR301', u'CADASTRAL SURVEYING III', u'NDSUR2', u'ND: SURVEYING', u'22', u'SEMESTER 2', u'D1', u'Durban Campus Full-time', u'A', u'50010932:RAGHUBAR', 24.0]
check 'CSUR301_SEM2_2018' 'CSUR301'
adding  CSUR301
requesting:  http://10.0.100.98:8000/bbinfo/matching_courses/CSUR301%25
r= <Response [200]>
matching classes= set([u'CSUR301_SEM2_2016', u'CSUR301_SEM2_2017', u'CSUR301_13_HUNT', u'CSUR301_SEM2_2018'])
[u'', u'', u'', u'', u'', u'', u'', u'', u'', u'', u'', u'', u'']
check '' ''
[u'DOCU311_SEM1_2018', u'DOCU311_SEM1_2017', u'DOCU311', u'DOCUMENTATION III (MODULE 1)', u'NDCVL2', u'ND: ENGINEERING: CIVIL', u'21', u'SEMESTER 1', u'D1', u'Durban Campus Full-time', u'A', u'40003105:VAHED S', 32.0]
check 'DOCU311_SEM1_2018' 'DOCU311'
processXLS: only for SEM2 [u'DOCU311_SEM1_2018', u'DOCU311_SEM1_2017', u'DOCU311', u'DOCUMENTATION III (MODULE 1)', u'NDCVL2', u'ND: ENGINEERING: CIVIL', u'21', u'SEMESTER 1', u'D1', u'Durban Campus Full-time', u'A', u'40003105:VAHED S', 32.0]
[u'DOCU311_SEM1_2018', u'DOCU311_SEM1_2017', u'DOCU311', u'DOCUMENTATION III (MODULE 1)', u'NDCVL2', u'ND: ENGINEERING: CIVIL', u'21', u'SEMESTER 1', u'D1', u'Durban Campus Full-time', u'B', u'40003105:VAHED S', 31.0]
check 'DOCU311_SEM1_2018' 'DOCU311'
processXLS: only for SEM2 [u'DOCU311_SEM1_2018', u'DOCU311_SEM1_2017', u'DOCU311', u'DOCUMENTATION III (MODULE 1)', u'NDCVL2', u'ND: ENGINEERING: CIVIL', u'21', u'SEMESTER 1', u'D1', u'Durban Campus Full-time', u'B', u'40003105:VAHED S', 31.0]
[u'DOCU311_SEM1_2018', u'DOCU311_SEM1_2017', u'DOCU311', u'DOCUMENTATION III (MODULE 1)', u'NDCVL2', u'ND: ENGINEERING: CIVIL', u'21', u'SEMESTER 1', u'D1', u'Durban Campus Full-time', u'C', u'40003105:VAHED S', 23.0]
check 'DOCU311_SEM1_2018' 'DOCU311'
processXLS: only for SEM2 [u'DOCU311_SEM1_2018', u'DOCU311_SEM1_2017', u'DOCU311', u'DOCUMENTATION III (MODULE 1)', u'NDCVL2', u'ND: ENGINEERING: CIVIL', u'21', u'SEMESTER 1', u'D1', u'Durban Campus Full-time', u'C', u'40003105:VAHED S', 23.0]
[u'', u'', u'', u'', u'', u'', u'', u'', u'', u'', u'', u'', u'']
check '' ''
[u'DOCU311_SEM2_2018', u'DOCU311_SEM2_2017', u'DOCU311', u'DOCUMENTATION III (MODULE 1)', u'NDCEF1', u'ND: ENGINEERING: CIVIL (4 YEARS)', u'22', u'SEMESTER 2', u'D1', u'Durban Campus Full-time', u'A', u'40003105:VAHED S', 1.0]
check 'DOCU311_SEM2_2018' 'DOCU311'
adding  DOCU311
requesting:  http://10.0.100.98:8000/bbinfo/matching_courses/DOCU311%25
r= <Response [200]>
matching classes= set([u'DOCU311_13_MOOS', u'DOCU311_SEM1_2018', u'DOCU311_SEM2_2017', u'DOCU311_ALL_2016', u'DOCU311_13_THOC', u'DOCU311_SEM2_2018', u'DOCU311_SEM1_2017'])
[u'DOCU311_SEM2_2018', u'DOCU311_SEM2_2017', u'DOCU311', u'DOCUMENTATION III (MODULE 1)', u'NDCVL2', u'ND: ENGINEERING: CIVIL', u'22', u'SEMESTER 2', u'D1', u'Durban Campus Full-time', u'B', u'40003105:VAHED S', 15.0]
check 'DOCU311_SEM2_2018' 'DOCU311'
adding  DOCU311
requesting:  http://10.0.100.98:8000/bbinfo/matching_courses/DOCU311%25
r= <Response [200]>
matching classes= set([u'DOCU311_13_MOOS', u'DOCU311_SEM1_2018', u'DOCU311_SEM2_2017', u'DOCU311_ALL_2016', u'DOCU311_13_THOC', u'DOCU311_SEM2_2018', u'DOCU311_SEM1_2017'])
[u'DOCU311_SEM2_2018', u'DOCU311_SEM2_2017', u'DOCU311', u'DOCUMENTATION III (MODULE 1)', u'NDCVL2', u'ND: ENGINEERING: CIVIL', u'22', u'SEMESTER 2', u'D1', u'Durban Campus Full-time', u'C', u'40003105:VAHED S', 21.0]
check 'DOCU311_SEM2_2018' 'DOCU311'
adding  DOCU311
requesting:  http://10.0.100.98:8000/bbinfo/matching_courses/DOCU311%25
r= <Response [200]>
matching classes= set([u'DOCU311_13_MOOS', u'DOCU311_SEM1_2018', u'DOCU311_SEM2_2017', u'DOCU311_ALL_2016', u'DOCU311_13_THOC', u'DOCU311_SEM2_2018', u'DOCU311_SEM1_2017'])
[u'DOCU311_SEM2_2018', u'DOCU311_SEM2_2017', u'DOCU311', u'DOCUMENTATION III (MODULE 1)', u'NDCVL2', u'ND: ENGINEERING: CIVIL', u'22', u'SEMESTER 2', u'D1', u'Durban Campus Full-time', u'A', u'40003105:VAHED S', 36.0]
check 'DOCU311_SEM2_2018' 'DOCU311'
adding  DOCU311
requesting:  http://10.0.100.98:8000/bbinfo/matching_courses/DOCU311%25
r= <Response [200]>
matching classes= set([u'DOCU311_13_MOOS', u'DOCU311_SEM1_2018', u'DOCU311_SEM2_2017', u'DOCU311_ALL_2016', u'DOCU311_13_THOC', u'DOCU311_SEM2_2018', u'DOCU311_SEM1_2017'])
[u'', u'', u'', u'', u'', u'', u'', u'', u'', u'', u'', u'', u'']
check '' ''
[u'DOCU321_SEM1_2018', u'DOCU321_SEM1_2017', u'DOCU321', u'DOCUMENTATION III (MODULE 2)', u'NDCVL2', u'ND: ENGINEERING: CIVIL', u'21', u'SEMESTER 1', u'D1', u'Durban Campus Full-time', u'B', u'40000290:HARIPERSAD', 22.0]
check 'DOCU321_SEM1_2018' 'DOCU321'
processXLS: only for SEM2 [u'DOCU321_SEM1_2018', u'DOCU321_SEM1_2017', u'DOCU321', u'DOCUMENTATION III (MODULE 2)', u'NDCVL2', u'ND: ENGINEERING: CIVIL', u'21', u'SEMESTER 1', u'D1', u'Durban Campus Full-time', u'B', u'40000290:HARIPERSAD', 22.0]
[u'DOCU321_SEM1_2018', u'DOCU321_SEM1_2017', u'DOCU321', u'DOCUMENTATION III (MODULE 2)', u'NDCVL2', u'ND: ENGINEERING: CIVIL', u'21', u'SEMESTER 1', u'D1', u'Durban Campus Full-time', u'A', u'40000290:HARIPERSAD', 29.0]
check 'DOCU321_SEM1_2018' 'DOCU321'
processXLS: only for SEM2 [u'DOCU321_SEM1_2018', u'DOCU321_SEM1_2017', u'DOCU321', u'DOCUMENTATION III (MODULE 2)', u'NDCVL2', u'ND: ENGINEERING: CIVIL', u'21', u'SEMESTER 1', u'D1', u'Durban Campus Full-time', u'A', u'40000290:HARIPERSAD', 29.0]
[u'DOCU321_SEM1_2018', u'DOCU321_SEM1_2017', u'DOCU321', u'DOCUMENTATION III (MODULE 2)', u'NDCVL2', u'ND: ENGINEERING: CIVIL', u'21', u'SEMESTER 1', u'D1', u'Durban Campus Full-time', u'C', u'40000290:HARIPERSAD', 17.0]
check 'DOCU321_SEM1_2018' 'DOCU321'
processXLS: only for SEM2 [u'DOCU321_SEM1_2018', u'DOCU321_SEM1_2017', u'DOCU321', u'DOCUMENTATION III (MODULE 2)', u'NDCVL2', u'ND: ENGINEERING: CIVIL', u'21', u'SEMESTER 1', u'D1', u'Durban Campus Full-time', u'C', u'40000290:HARIPERSAD', 17.0]
[u'', u'', u'', u'', u'', u'', u'', u'', u'', u'', u'', u'', u'']
check '' ''
[u'DOCU321_SEM2_2018', u'DOCU321_SEM2_2017', u'DOCU321', u'DOCUMENTATION III (MODULE 2)', u'NDCVL2', u'ND: ENGINEERING: CIVIL', u'22', u'SEMESTER 2', u'D1', u'Durban Campus Full-time', u'B', u'40000290:HARIPERSAD', 15.0]
check 'DOCU321_SEM2_2018' 'DOCU321'
adding  DOCU321
requesting:  http://10.0.100.98:8000/bbinfo/matching_courses/DOCU321%25
r= <Response [200]>
matching classes= set([u'DOCU321_13_JAIS', u'DOCU321_SEM2_2017', u'DOCU321_SEM1_2017', u'DOCU321_SEM1_2018', u'DOCU321_ALL_2016', u'DOCU321_SEM2_2018'])
[u'DOCU321_SEM2_2018', u'DOCU321_SEM2_2017', u'DOCU321', u'DOCUMENTATION III (MODULE 2)', u'NDCVL2', u'ND: ENGINEERING: CIVIL', u'22', u'SEMESTER 2', u'D1', u'Durban Campus Full-time', u'A', u'40000290:HARIPERSAD', 24.0]
check 'DOCU321_SEM2_2018' 'DOCU321'
adding  DOCU321
requesting:  http://10.0.100.98:8000/bbinfo/matching_courses/DOCU321%25
r= <Response [200]>
matching classes= set([u'DOCU321_13_JAIS', u'DOCU321_SEM2_2017', u'DOCU321_SEM1_2017', u'DOCU321_SEM1_2018', u'DOCU321_ALL_2016', u'DOCU321_SEM2_2018'])
[u'DOCU321_SEM2_2018', u'DOCU321_SEM2_2017', u'DOCU321', u'DOCUMENTATION III (MODULE 2)', u'NDCVL2', u'ND: ENGINEERING: CIVIL', u'22', u'SEMESTER 2', u'D1', u'Durban Campus Full-time', u'C', u'40000290:HARIPERSAD', 20.0]
check 'DOCU321_SEM2_2018' 'DOCU321'
adding  DOCU321
requesting:  http://10.0.100.98:8000/bbinfo/matching_courses/DOCU321%25
r= <Response [200]>
matching classes= set([u'DOCU321_13_JAIS', u'DOCU321_SEM2_2017', u'DOCU321_SEM1_2017', u'DOCU321_SEM1_2018', u'DOCU321_ALL_2016', u'DOCU321_SEM2_2018'])
[u'', u'', u'', u'', u'', u'', u'', u'', u'', u'', u'', u'', u'']
check '' ''
[u'GEIS301_SEM2_2018', u'GEIS301_SEM2_2017', u'GEIS301', u'GEOGRAPHICAL INFORMATION SYSTEMS III', u'NDSUR2', u'ND: SURVEYING', u'22', u'SEMESTER 2', u'D1', u'Durban Campus Full-time', u'A', u'40003343:SAANE', 30.0]
check 'GEIS301_SEM2_2018' 'GEIS301'
adding  GEIS301
requesting:  http://10.0.100.98:8000/bbinfo/matching_courses/GEIS301%25
r= <Response [200]>
matching classes= set([u'GEIS301_SEM2_2017', u'GEIS301_SEM2_2016', u'GEIS301_13_SAAB', u'GEIS301_SEM2_2018'])
[u'GEIS301_SEM2_2018', u'GEIS301_SEM2_2017', u'GEIS301', u'GEOGRAPHICAL INFORMATION SYSTEMS III', u'NODIP4', u'NON-DIPLOMA PURPOSE (ENG & BE)', u'22', u'SEMESTER 2', u'D7', u'DBN FULL-TIME NON-SUBSIDISED', u'A', u'40003343:SAANE', 1.0]
check 'GEIS301_SEM2_2018' 'GEIS301'
adding  GEIS301
requesting:  http://10.0.100.98:8000/bbinfo/matching_courses/GEIS301%25
r= <Response [200]>
matching classes= set([u'GEIS301_SEM2_2017', u'GEIS301_SEM2_2016', u'GEIS301_13_SAAB', u'GEIS301_SEM2_2018'])
[u'', u'', u'', u'', u'', u'', u'', u'', u'', u'', u'', u'', u'']
check '' ''
[u'GTEN311_SEM1_2018', u'GTEN311_SEM1_2017', u'GTEN311', u'GEOTECHNICAL ENGINEERING III (MODULE 1)', u'NDCVL2', u'ND: ENGINEERING: CIVIL', u'21', u'SEMESTER 1', u'D1', u'Durban Campus Full-time', u'A', u'40000190:KASAVEN', 29.0]
check 'GTEN311_SEM1_2018' 'GTEN311'
processXLS: only for SEM2 [u'GTEN311_SEM1_2018', u'GTEN311_SEM1_2017', u'GTEN311', u'GEOTECHNICAL ENGINEERING III (MODULE 1)', u'NDCVL2', u'ND: ENGINEERING: CIVIL', u'21', u'SEMESTER 1', u'D1', u'Durban Campus Full-time', u'A', u'40000190:KASAVEN', 29.0]
[u'GTEN311_SEM1_2018', u'GTEN311_SEM1_2017', u'GTEN311', u'GEOTECHNICAL ENGINEERING III (MODULE 1)', u'NDCVL2', u'ND: ENGINEERING: CIVIL', u'21', u'SEMESTER 1', u'D1', u'Durban Campus Full-time', u'C', u'40000190:KASAVEN', 29.0]
check 'GTEN311_SEM1_2018' 'GTEN311'
processXLS: only for SEM2 [u'GTEN311_SEM1_2018', u'GTEN311_SEM1_2017', u'GTEN311', u'GEOTECHNICAL ENGINEERING III (MODULE 1)', u'NDCVL2', u'ND: ENGINEERING: CIVIL', u'21', u'SEMESTER 1', u'D1', u'Durban Campus Full-time', u'C', u'40000190:KASAVEN', 29.0]
[u'GTEN311_SEM1_2018', u'GTEN311_SEM1_2017', u'GTEN311', u'GEOTECHNICAL ENGINEERING III (MODULE 1)', u'NDCVL2', u'ND: ENGINEERING: CIVIL', u'21', u'SEMESTER 1', u'D1', u'Durban Campus Full-time', u'B', u'40000190:KASAVEN', 21.0]
check 'GTEN311_SEM1_2018' 'GTEN311'
processXLS: only for SEM2 [u'GTEN311_SEM1_2018', u'GTEN311_SEM1_2017', u'GTEN311', u'GEOTECHNICAL ENGINEERING III (MODULE 1)', u'NDCVL2', u'ND: ENGINEERING: CIVIL', u'21', u'SEMESTER 1', u'D1', u'Durban Campus Full-time', u'B', u'40000190:KASAVEN', 21.0]
[u'', u'', u'', u'', u'', u'', u'', u'', u'', u'', u'', u'', u'']
check '' ''
[u'GTEN311_SEM2_2018', u'GTEN311_SEM2_2017', u'GTEN311', u'GEOTECHNICAL ENGINEERING III (MODULE 1)', u'NDCEF1', u'ND: ENGINEERING: CIVIL (4 YEARS)', u'22', u'SEMESTER 2', u'D1', u'Durban Campus Full-time', u'A', u'40000190:KASAVEN', 1.0]
check 'GTEN311_SEM2_2018' 'GTEN311'
adding  GTEN311
requesting:  http://10.0.100.98:8000/bbinfo/matching_courses/GTEN311%25
r= <Response [200]>
matching classes= set([u'GTEN311_ALL_2016', u'GTEN311_SEM2_2017', u'GTEN311_SEM1_2017', u'GTEN311_SEM1_2018', u'GTEN311_13_KASR', u'GTEN311_SEM2_2018'])
[u'GTEN311_SEM2_2018', u'GTEN311_SEM2_2017', u'GTEN311', u'GEOTECHNICAL ENGINEERING III (MODULE 1)', u'NDCVL2', u'ND: ENGINEERING: CIVIL', u'22', u'SEMESTER 2', u'D1', u'Durban Campus Full-time', u'C', u'40000190:KASAVEN', 21.0]
check 'GTEN311_SEM2_2018' 'GTEN311'
adding  GTEN311
requesting:  http://10.0.100.98:8000/bbinfo/matching_courses/GTEN311%25
r= <Response [200]>
matching classes= set([u'GTEN311_ALL_2016', u'GTEN311_SEM2_2017', u'GTEN311_SEM1_2017', u'GTEN311_SEM1_2018', u'GTEN311_13_KASR', u'GTEN311_SEM2_2018'])
[u'GTEN311_SEM2_2018', u'GTEN311_SEM2_2017', u'GTEN311', u'GEOTECHNICAL ENGINEERING III (MODULE 1)', u'NDCVL2', u'ND: ENGINEERING: CIVIL', u'22', u'SEMESTER 2', u'D1', u'Durban Campus Full-time', u'B', u'40000190:KASAVEN', 21.0]
check 'GTEN311_SEM2_2018' 'GTEN311'
adding  GTEN311
requesting:  http://10.0.100.98:8000/bbinfo/matching_courses/GTEN311%25
r= <Response [200]>
matching classes= set([u'GTEN311_ALL_2016', u'GTEN311_SEM2_2017', u'GTEN311_SEM1_2017', u'GTEN311_SEM1_2018', u'GTEN311_13_KASR', u'GTEN311_SEM2_2018'])
[u'GTEN311_SEM2_2018', u'GTEN311_SEM2_2017', u'GTEN311', u'GEOTECHNICAL ENGINEERING III (MODULE 1)', u'NDCVL2', u'ND: ENGINEERING: CIVIL', u'22', u'SEMESTER 2', u'D1', u'Durban Campus Full-time', u'A', u'40000190:KASAVEN', 28.0]
check 'GTEN311_SEM2_2018' 'GTEN311'
adding  GTEN311
requesting:  http://10.0.100.98:8000/bbinfo/matching_courses/GTEN311%25
r= <Response [200]>
matching classes= set([u'GTEN311_ALL_2016', u'GTEN311_SEM2_2017', u'GTEN311_SEM1_2017', u'GTEN311_SEM1_2018', u'GTEN311_13_KASR', u'GTEN311_SEM2_2018'])
[u'GTEN311_SEM2_2018', u'GTEN311_SEM2_2017', u'GTEN311', u'GEOTECHNICAL ENGINEERING III (MODULE 1)', u'NODIP4', u'NON-DIPLOMA PURPOSE (ENG & BE)', u'22', u'SEMESTER 2', u'D7', u'DBN FULL-TIME NON-SUBSIDISED', u'A', u'40000190:KASAVEN', 5.0]
check 'GTEN311_SEM2_2018' 'GTEN311'
adding  GTEN311
requesting:  http://10.0.100.98:8000/bbinfo/matching_courses/GTEN311%25
r= <Response [200]>
matching classes= set([u'GTEN311_ALL_2016', u'GTEN311_SEM2_2017', u'GTEN311_SEM1_2017', u'GTEN311_SEM1_2018', u'GTEN311_13_KASR', u'GTEN311_SEM2_2018'])
[u'', u'', u'', u'', u'', u'', u'', u'', u'', u'', u'', u'', u'']
check '' ''
[u'GTEN321_SEM1_2018', u'GTEN321_SEM1_2017', u'GTEN321', u'GEOTECHNICAL ENGINEERING III (MODULE 2)', u'NDCVL2', u'ND: ENGINEERING: CIVIL', u'21', u'SEMESTER 1', u'D1', u'Durban Campus Full-time', u'A', u'40000190:KASAVEN', 26.0]
check 'GTEN321_SEM1_2018' 'GTEN321'
processXLS: only for SEM2 [u'GTEN321_SEM1_2018', u'GTEN321_SEM1_2017', u'GTEN321', u'GEOTECHNICAL ENGINEERING III (MODULE 2)', u'NDCVL2', u'ND: ENGINEERING: CIVIL', u'21', u'SEMESTER 1', u'D1', u'Durban Campus Full-time', u'A', u'40000190:KASAVEN', 26.0]
[u'GTEN321_SEM1_2018', u'GTEN321_SEM1_2017', u'GTEN321', u'GEOTECHNICAL ENGINEERING III (MODULE 2)', u'NDCVL2', u'ND: ENGINEERING: CIVIL', u'21', u'SEMESTER 1', u'D1', u'Durban Campus Full-time', u'C', u'40000190:KASAVEN', 20.0]
check 'GTEN321_SEM1_2018' 'GTEN321'
processXLS: only for SEM2 [u'GTEN321_SEM1_2018', u'GTEN321_SEM1_2017', u'GTEN321', u'GEOTECHNICAL ENGINEERING III (MODULE 2)', u'NDCVL2', u'ND: ENGINEERING: CIVIL', u'21', u'SEMESTER 1', u'D1', u'Durban Campus Full-time', u'C', u'40000190:KASAVEN', 20.0]
[u'GTEN321_SEM1_2018', u'GTEN321_SEM1_2017', u'GTEN321', u'GEOTECHNICAL ENGINEERING III (MODULE 2)', u'NDCVL2', u'ND: ENGINEERING: CIVIL', u'21', u'SEMESTER 1', u'D1', u'Durban Campus Full-time', u'B', u'40000190:KASAVEN', 18.0]
check 'GTEN321_SEM1_2018' 'GTEN321'
processXLS: only for SEM2 [u'GTEN321_SEM1_2018', u'GTEN321_SEM1_2017', u'GTEN321', u'GEOTECHNICAL ENGINEERING III (MODULE 2)', u'NDCVL2', u'ND: ENGINEERING: CIVIL', u'21', u'SEMESTER 1', u'D1', u'Durban Campus Full-time', u'B', u'40000190:KASAVEN', 18.0]
[u'', u'', u'', u'', u'', u'', u'', u'', u'', u'', u'', u'', u'']
check '' ''
[u'GTEN321_SEM2_2018', u'GTEN321_SEM2_2017', u'GTEN321', u'GEOTECHNICAL ENGINEERING III (MODULE 2)', u'NDCVL2', u'ND: ENGINEERING: CIVIL', u'22', u'SEMESTER 2', u'D1', u'Durban Campus Full-time', u'B', u'40000190:KASAVEN', 17.0]
check 'GTEN321_SEM2_2018' 'GTEN321'
adding  GTEN321
requesting:  http://10.0.100.98:8000/bbinfo/matching_courses/GTEN321%25
r= <Response [200]>
matching classes= set([u'GTEN321_SEM2_2017', u'GTEN321_SEM1_2018', u'GTEN321_13_KASR', u'GTEN321_ALL_2016', u'GTEN321_SEM2_2018', u'GTEN321_SEM1_2017'])
[u'GTEN321_SEM2_2018', u'GTEN321_SEM2_2017', u'GTEN321', u'GEOTECHNICAL ENGINEERING III (MODULE 2)', u'NDCVL2', u'ND: ENGINEERING: CIVIL', u'22', u'SEMESTER 2', u'D1', u'Durban Campus Full-time', u'A', u'40000190:KASAVEN', 23.0]
check 'GTEN321_SEM2_2018' 'GTEN321'
adding  GTEN321
requesting:  http://10.0.100.98:8000/bbinfo/matching_courses/GTEN321%25
r= <Response [200]>
matching classes= set([u'GTEN321_SEM2_2017', u'GTEN321_SEM1_2018', u'GTEN321_13_KASR', u'GTEN321_ALL_2016', u'GTEN321_SEM2_2018', u'GTEN321_SEM1_2017'])
[u'GTEN321_SEM2_2018', u'GTEN321_SEM2_2017', u'GTEN321', u'GEOTECHNICAL ENGINEERING III (MODULE 2)', u'NDCVL2', u'ND: ENGINEERING: CIVIL', u'22', u'SEMESTER 2', u'D1', u'Durban Campus Full-time', u'C', u'40000190:KASAVEN', 20.0]
check 'GTEN321_SEM2_2018' 'GTEN321'
adding  GTEN321
requesting:  http://10.0.100.98:8000/bbinfo/matching_courses/GTEN321%25
r= <Response [200]>
matching classes= set([u'GTEN321_SEM2_2017', u'GTEN321_SEM1_2018', u'GTEN321_13_KASR', u'GTEN321_ALL_2016', u'GTEN321_SEM2_2018', u'GTEN321_SEM1_2017'])
[u'GTEN321_SEM2_2018', u'GTEN321_SEM2_2017', u'GTEN321', u'GEOTECHNICAL ENGINEERING III (MODULE 2)', u'NODIP4', u'NON-DIPLOMA PURPOSE (ENG & BE)', u'22', u'SEMESTER 2', u'D7', u'DBN FULL-TIME NON-SUBSIDISED', u'A', u'40000190:KASAVEN', 5.0]
check 'GTEN321_SEM2_2018' 'GTEN321'
adding  GTEN321
requesting:  http://10.0.100.98:8000/bbinfo/matching_courses/GTEN321%25
r= <Response [200]>
matching classes= set([u'GTEN321_SEM2_2017', u'GTEN321_SEM1_2018', u'GTEN321_13_KASR', u'GTEN321_ALL_2016', u'GTEN321_SEM2_2018', u'GTEN321_SEM1_2017'])
[u'', u'', u'', u'', u'', u'', u'', u'', u'', u'', u'', u'', u'']
check '' ''
[u'PHTG302_SEM1_2018', u'PHTG302_SEM1_2017', u'PHTG302', u'PHOTOGRAMMETRY III', u'NDSUR2', u'ND: SURVEYING', u'21', u'SEMESTER 1', u'D1', u'Durban Campus Full-time', u'A', u'40009694:PHIRI', 29.0]
check 'PHTG302_SEM1_2018' 'PHTG302'
processXLS: only for SEM2 [u'PHTG302_SEM1_2018', u'PHTG302_SEM1_2017', u'PHTG302', u'PHOTOGRAMMETRY III', u'NDSUR2', u'ND: SURVEYING', u'21', u'SEMESTER 1', u'D1', u'Durban Campus Full-time', u'A', u'40009694:PHIRI', 29.0]
[u'', u'', u'', u'', u'', u'', u'', u'', u'', u'', u'', u'', u'']
check '' ''
[u'PMCV311_SEM2_2018', u'PMCV311_SEM2_2017', u'PMCV311', u'PRINCIPLES OF MNGMNT ECONOMICS III (MOD 1)', u'BTCVC1', u'BT: ENGINEERING: CIVIL (CONSTRUCTION MA)', u'22', u'SEMESTER 2', u'D3', u'Durban Campus Part-time', u'A', u'40000258:PILLAY', 1.0]
check 'PMCV311_SEM2_2018' 'PMCV311'
adding  PMCV311
requesting:  http://10.0.100.98:8000/bbinfo/matching_courses/PMCV311%25
r= <Response [200]>
matching classes= set([u'PMCV311_SEM2_2016', u'PMCV311_SEM2_2017', u'PMCV311_SEM2_2018'])
[u'', u'', u'', u'', u'', u'', u'', u'', u'', u'', u'', u'', u'']
check '' ''
[u'RCMD311_SEM1_2018', u'RCMD311_SEM1_2017', u'RCMD311', u'REINFORCED CONCRETE AND MASONRY DESIGN III (M', u'NDCVL2', u'ND: ENGINEERING: CIVIL', u'21', u'SEMESTER 1', u'D1', u'Durban Campus Full-time', u'C', u'50001071:PARROTT', 24.0]
check 'RCMD311_SEM1_2018' 'RCMD311'
processXLS: only for SEM2 [u'RCMD311_SEM1_2018', u'RCMD311_SEM1_2017', u'RCMD311', u'REINFORCED CONCRETE AND MASONRY DESIGN III (M', u'NDCVL2', u'ND: ENGINEERING: CIVIL', u'21', u'SEMESTER 1', u'D1', u'Durban Campus Full-time', u'C', u'50001071:PARROTT', 24.0]
[u'RCMD311_SEM1_2018', u'RCMD311_SEM1_2017', u'RCMD311', u'REINFORCED CONCRETE AND MASONRY DESIGN III (M', u'NDCVL2', u'ND: ENGINEERING: CIVIL', u'21', u'SEMESTER 1', u'D1', u'Durban Campus Full-time', u'A', u'50001071:PARROTT', 28.0]
check 'RCMD311_SEM1_2018' 'RCMD311'
processXLS: only for SEM2 [u'RCMD311_SEM1_2018', u'RCMD311_SEM1_2017', u'RCMD311', u'REINFORCED CONCRETE AND MASONRY DESIGN III (M', u'NDCVL2', u'ND: ENGINEERING: CIVIL', u'21', u'SEMESTER 1', u'D1', u'Durban Campus Full-time', u'A', u'50001071:PARROTT', 28.0]
[u'RCMD311_SEM1_2018', u'RCMD311_SEM1_2017', u'RCMD311', u'REINFORCED CONCRETE AND MASONRY DESIGN III (M', u'NDCVL2', u'ND: ENGINEERING: CIVIL', u'21', u'SEMESTER 1', u'D1', u'Durban Campus Full-time', u'B', u'50001071:PARROTT', 21.0]
check 'RCMD311_SEM1_2018' 'RCMD311'
processXLS: only for SEM2 [u'RCMD311_SEM1_2018', u'RCMD311_SEM1_2017', u'RCMD311', u'REINFORCED CONCRETE AND MASONRY DESIGN III (M', u'NDCVL2', u'ND: ENGINEERING: CIVIL', u'21', u'SEMESTER 1', u'D1', u'Durban Campus Full-time', u'B', u'50001071:PARROTT', 21.0]
[u'', u'', u'', u'', u'', u'', u'', u'', u'', u'', u'', u'', u'']
check '' ''
[u'RCMD311_SEM2_2018', u'RCMD311_SEM2_2017', u'RCMD311', u'REINFORCED CONCRETE AND MASONRY DESIGN III (M', u'NDCEF1', u'ND: ENGINEERING: CIVIL (4 YEARS)', u'22', u'SEMESTER 2', u'D1', u'Durban Campus Full-time', u'A', u'50001071:PARROTT', 1.0]
check 'RCMD311_SEM2_2018' 'RCMD311'
adding  RCMD311
requesting:  http://10.0.100.98:8000/bbinfo/matching_courses/RCMD311%25
r= <Response [200]>
matching classes= set([u'RCMD311_ALL_2016', u'RCMD311_SEM1_2017', u'RCMD311_SEM2_2017', u'RCMD311_13_PARG', u'RCMD311_SEM2_2018', u'RCMD311_SEM1_2018'])
[u'RCMD311_SEM2_2018', u'RCMD311_SEM2_2017', u'RCMD311', u'REINFORCED CONCRETE AND MASONRY DESIGN III (M', u'NDCVL2', u'ND: ENGINEERING: CIVIL', u'22', u'SEMESTER 2', u'D1', u'Durban Campus Full-time', u'C', u'50001071:PARROTT', 21.0]
check 'RCMD311_SEM2_2018' 'RCMD311'
adding  RCMD311
requesting:  http://10.0.100.98:8000/bbinfo/matching_courses/RCMD311%25
r= <Response [200]>
matching classes= set([u'RCMD311_ALL_2016', u'RCMD311_SEM1_2017', u'RCMD311_SEM2_2017', u'RCMD311_13_PARG', u'RCMD311_SEM2_2018', u'RCMD311_SEM1_2018'])
[u'RCMD311_SEM2_2018', u'RCMD311_SEM2_2017', u'RCMD311', u'REINFORCED CONCRETE AND MASONRY DESIGN III (M', u'NDCVL2', u'ND: ENGINEERING: CIVIL', u'22', u'SEMESTER 2', u'D1', u'Durban Campus Full-time', u'A', u'50001071:PARROTT', 27.0]
check 'RCMD311_SEM2_2018' 'RCMD311'
adding  RCMD311
requesting:  http://10.0.100.98:8000/bbinfo/matching_courses/RCMD311%25
r= <Response [200]>
matching classes= set([u'RCMD311_ALL_2016', u'RCMD311_SEM1_2017', u'RCMD311_SEM2_2017', u'RCMD311_13_PARG', u'RCMD311_SEM2_2018', u'RCMD311_SEM1_2018'])
[u'RCMD311_SEM2_2018', u'RCMD311_SEM2_2017', u'RCMD311', u'REINFORCED CONCRETE AND MASONRY DESIGN III (M', u'NDCVL2', u'ND: ENGINEERING: CIVIL', u'22', u'SEMESTER 2', u'D1', u'Durban Campus Full-time', u'B', u'50001071:PARROTT', 23.0]
check 'RCMD311_SEM2_2018' 'RCMD311'
adding  RCMD311
requesting:  http://10.0.100.98:8000/bbinfo/matching_courses/RCMD311%25
r= <Response [200]>
matching classes= set([u'RCMD311_ALL_2016', u'RCMD311_SEM1_2017', u'RCMD311_SEM2_2017', u'RCMD311_13_PARG', u'RCMD311_SEM2_2018', u'RCMD311_SEM1_2018'])
[u'RCMD311_SEM2_2018', u'RCMD311_SEM2_2017', u'RCMD311', u'REINFORCED CONCRETE AND MASONRY DESIGN III (M', u'NODIP4', u'NON-DIPLOMA PURPOSE (ENG & BE)', u'22', u'SEMESTER 2', u'D7', u'DBN FULL-TIME NON-SUBSIDISED', u'A', u'50001071:PARROTT', 5.0]
check 'RCMD311_SEM2_2018' 'RCMD311'
adding  RCMD311
requesting:  http://10.0.100.98:8000/bbinfo/matching_courses/RCMD311%25
r= <Response [200]>
matching classes= set([u'RCMD311_ALL_2016', u'RCMD311_SEM1_2017', u'RCMD311_SEM2_2017', u'RCMD311_13_PARG', u'RCMD311_SEM2_2018', u'RCMD311_SEM1_2018'])
[u'', u'', u'', u'', u'', u'', u'', u'', u'', u'', u'', u'', u'']
check '' ''
[u'RCMD321_SEM1_2018', u'RCMD321_SEM1_2017', u'RCMD321', u'REINFORCED CONCRETE AND MASONRY DESIGN III (M', u'NDCVL2', u'ND: ENGINEERING: CIVIL', u'21', u'SEMESTER 1', u'D1', u'Durban Campus Full-time', u'B', u'40009652:JAJBHAY', 18.0]
check 'RCMD321_SEM1_2018' 'RCMD321'
processXLS: only for SEM2 [u'RCMD321_SEM1_2018', u'RCMD321_SEM1_2017', u'RCMD321', u'REINFORCED CONCRETE AND MASONRY DESIGN III (M', u'NDCVL2', u'ND: ENGINEERING: CIVIL', u'21', u'SEMESTER 1', u'D1', u'Durban Campus Full-time', u'B', u'40009652:JAJBHAY', 18.0]
[u'RCMD321_SEM1_2018', u'RCMD321_SEM1_2017', u'RCMD321', u'REINFORCED CONCRETE AND MASONRY DESIGN III (M', u'NDCVL2', u'ND: ENGINEERING: CIVIL', u'21', u'SEMESTER 1', u'D1', u'Durban Campus Full-time', u'A', u'40009652:JAJBHAY', 25.0]
check 'RCMD321_SEM1_2018' 'RCMD321'
processXLS: only for SEM2 [u'RCMD321_SEM1_2018', u'RCMD321_SEM1_2017', u'RCMD321', u'REINFORCED CONCRETE AND MASONRY DESIGN III (M', u'NDCVL2', u'ND: ENGINEERING: CIVIL', u'21', u'SEMESTER 1', u'D1', u'Durban Campus Full-time', u'A', u'40009652:JAJBHAY', 25.0]
[u'RCMD321_SEM1_2018', u'RCMD321_SEM1_2017', u'RCMD321', u'REINFORCED CONCRETE AND MASONRY DESIGN III (M', u'NDCVL2', u'ND: ENGINEERING: CIVIL', u'21', u'SEMESTER 1', u'D1', u'Durban Campus Full-time', u'C', u'40009652:JAJBHAY', 21.0]
check 'RCMD321_SEM1_2018' 'RCMD321'
processXLS: only for SEM2 [u'RCMD321_SEM1_2018', u'RCMD321_SEM1_2017', u'RCMD321', u'REINFORCED CONCRETE AND MASONRY DESIGN III (M', u'NDCVL2', u'ND: ENGINEERING: CIVIL', u'21', u'SEMESTER 1', u'D1', u'Durban Campus Full-time', u'C', u'40009652:JAJBHAY', 21.0]
[u'', u'', u'', u'', u'', u'', u'', u'', u'', u'', u'', u'', u'']
check '' ''
[u'RCMD321_SEM2_2018', u'RCMD321_SEM2_2017', u'RCMD321', u'REINFORCED CONCRETE AND MASONRY DESIGN III (M', u'NDCVL2', u'ND: ENGINEERING: CIVIL', u'22', u'SEMESTER 2', u'D1', u'Durban Campus Full-time', u'C', u'40009652:JAJBHAY', 19.0]
check 'RCMD321_SEM2_2018' 'RCMD321'
adding  RCMD321
requesting:  http://10.0.100.98:8000/bbinfo/matching_courses/RCMD321%25
r= <Response [200]>
matching classes= set([u'RCMD321_ALL_2016', u'RCMD321_13_PARG', u'RCMD321_SEM2_2017', u'RCMD321_SEM1_2017', u'RCMD321_SEM1_2018', u'RCMD321_SEM2_2018'])
[u'RCMD321_SEM2_2018', u'RCMD321_SEM2_2017', u'RCMD321', u'REINFORCED CONCRETE AND MASONRY DESIGN III (M', u'NDCVL2', u'ND: ENGINEERING: CIVIL', u'22', u'SEMESTER 2', u'D1', u'Durban Campus Full-time', u'A', u'40009652:JAJBHAY', 24.0]
check 'RCMD321_SEM2_2018' 'RCMD321'
adding  RCMD321
requesting:  http://10.0.100.98:8000/bbinfo/matching_courses/RCMD321%25
r= <Response [200]>
matching classes= set([u'RCMD321_ALL_2016', u'RCMD321_13_PARG', u'RCMD321_SEM2_2017', u'RCMD321_SEM1_2017', u'RCMD321_SEM1_2018', u'RCMD321_SEM2_2018'])
[u'RCMD321_SEM2_2018', u'RCMD321_SEM2_2017', u'RCMD321', u'REINFORCED CONCRETE AND MASONRY DESIGN III (M', u'NDCVL2', u'ND: ENGINEERING: CIVIL', u'22', u'SEMESTER 2', u'D1', u'Durban Campus Full-time', u'B', u'40009652:JAJBHAY', 22.0]
check 'RCMD321_SEM2_2018' 'RCMD321'
adding  RCMD321
requesting:  http://10.0.100.98:8000/bbinfo/matching_courses/RCMD321%25
r= <Response [200]>
matching classes= set([u'RCMD321_ALL_2016', u'RCMD321_13_PARG', u'RCMD321_SEM2_2017', u'RCMD321_SEM1_2017', u'RCMD321_SEM1_2018', u'RCMD321_SEM2_2018'])
[u'RCMD321_SEM2_2018', u'RCMD321_SEM2_2017', u'RCMD321', u'REINFORCED CONCRETE AND MASONRY DESIGN III (M', u'NODIP4', u'NON-DIPLOMA PURPOSE (ENG & BE)', u'22', u'SEMESTER 2', u'D7', u'DBN FULL-TIME NON-SUBSIDISED', u'D', u'40009652:JAJBHAY', 5.0]
check 'RCMD321_SEM2_2018' 'RCMD321'
adding  RCMD321
requesting:  http://10.0.100.98:8000/bbinfo/matching_courses/RCMD321%25
r= <Response [200]>
matching classes= set([u'RCMD321_ALL_2016', u'RCMD321_13_PARG', u'RCMD321_SEM2_2017', u'RCMD321_SEM1_2017', u'RCMD321_SEM1_2018', u'RCMD321_SEM2_2018'])
[u'', u'', u'', u'', u'', u'', u'', u'', u'', u'', u'', u'', u'']
check '' ''
[u'SANA311_SEM1_2018', u'SANA311_SEM1_2017', u'SANA311', u'STRUCTURAL ANALYSIS III (MODULE 1)', u'NDCVL2', u'ND: ENGINEERING: CIVIL', u'21', u'SEMESTER 1', u'D1', u'Durban Campus Full-time', u'C', u'40000194:VAWDA', 20.0]
check 'SANA311_SEM1_2018' 'SANA311'
processXLS: only for SEM2 [u'SANA311_SEM1_2018', u'SANA311_SEM1_2017', u'SANA311', u'STRUCTURAL ANALYSIS III (MODULE 1)', u'NDCVL2', u'ND: ENGINEERING: CIVIL', u'21', u'SEMESTER 1', u'D1', u'Durban Campus Full-time', u'C', u'40000194:VAWDA', 20.0]
[u'SANA311_SEM1_2018', u'SANA311_SEM1_2017', u'SANA311', u'STRUCTURAL ANALYSIS III (MODULE 1)', u'NDCVL2', u'ND: ENGINEERING: CIVIL', u'21', u'SEMESTER 1', u'D1', u'Durban Campus Full-time', u'A', u'40000194:VAWDA', 30.0]
check 'SANA311_SEM1_2018' 'SANA311'
processXLS: only for SEM2 [u'SANA311_SEM1_2018', u'SANA311_SEM1_2017', u'SANA311', u'STRUCTURAL ANALYSIS III (MODULE 1)', u'NDCVL2', u'ND: ENGINEERING: CIVIL', u'21', u'SEMESTER 1', u'D1', u'Durban Campus Full-time', u'A', u'40000194:VAWDA', 30.0]
[u'SANA311_SEM1_2018', u'SANA311_SEM1_2017', u'SANA311', u'STRUCTURAL ANALYSIS III (MODULE 1)', u'NDCVL2', u'ND: ENGINEERING: CIVIL', u'21', u'SEMESTER 1', u'D1', u'Durban Campus Full-time', u'B', u'40000194:VAWDA', 22.0]
check 'SANA311_SEM1_2018' 'SANA311'
processXLS: only for SEM2 [u'SANA311_SEM1_2018', u'SANA311_SEM1_2017', u'SANA311', u'STRUCTURAL ANALYSIS III (MODULE 1)', u'NDCVL2', u'ND: ENGINEERING: CIVIL', u'21', u'SEMESTER 1', u'D1', u'Durban Campus Full-time', u'B', u'40000194:VAWDA', 22.0]
[u'', u'', u'', u'', u'', u'', u'', u'', u'', u'', u'', u'', u'']
check '' ''
[u'SANA311_SEM2_2018', u'SANA311_SEM2_2017', u'SANA311', u'STRUCTURAL ANALYSIS III (MODULE 1)', u'NDCVL2', u'ND: ENGINEERING: CIVIL', u'22', u'SEMESTER 2', u'D1', u'Durban Campus Full-time', u'B', u'40000194:VAWDA', 24.0]
check 'SANA311_SEM2_2018' 'SANA311'
adding  SANA311
requesting:  http://10.0.100.98:8000/bbinfo/matching_courses/SANA311%25
r= <Response [200]>
matching classes= set([u'SANA311_SEM1_2017', u'SANA311_SEM1_2018', u'SANA311_SEM2_2018', u'SANA311_13_VAWY', u'SANA311_SEM2_2017', u'SANA311_ALL_2016'])
[u'SANA311_SEM2_2018', u'SANA311_SEM2_2017', u'SANA311', u'STRUCTURAL ANALYSIS III (MODULE 1)', u'NDCVL2', u'ND: ENGINEERING: CIVIL', u'22', u'SEMESTER 2', u'D1', u'Durban Campus Full-time', u'C', u'40000194:VAWDA', 21.0]
check 'SANA311_SEM2_2018' 'SANA311'
adding  SANA311
requesting:  http://10.0.100.98:8000/bbinfo/matching_courses/SANA311%25
r= <Response [200]>
matching classes= set([u'SANA311_SEM1_2017', u'SANA311_SEM1_2018', u'SANA311_SEM2_2018', u'SANA311_13_VAWY', u'SANA311_SEM2_2017', u'SANA311_ALL_2016'])
[u'SANA311_SEM2_2018', u'SANA311_SEM2_2017', u'SANA311', u'STRUCTURAL ANALYSIS III (MODULE 1)', u'NDCVL2', u'ND: ENGINEERING: CIVIL', u'22', u'SEMESTER 2', u'D1', u'Durban Campus Full-time', u'A', u'40000194:VAWDA', 25.0]
check 'SANA311_SEM2_2018' 'SANA311'
adding  SANA311
requesting:  http://10.0.100.98:8000/bbinfo/matching_courses/SANA311%25
r= <Response [200]>
matching classes= set([u'SANA311_SEM1_2017', u'SANA311_SEM1_2018', u'SANA311_SEM2_2018', u'SANA311_13_VAWY', u'SANA311_SEM2_2017', u'SANA311_ALL_2016'])
[u'SANA311_SEM2_2018', u'SANA311_SEM2_2017', u'SANA311', u'STRUCTURAL ANALYSIS III (MODULE 1)', u'NODIP4', u'NON-DIPLOMA PURPOSE (ENG & BE)', u'22', u'SEMESTER 2', u'D7', u'DBN FULL-TIME NON-SUBSIDISED', u'A', u'40000194:VAWDA', 5.0]
check 'SANA311_SEM2_2018' 'SANA311'
adding  SANA311
requesting:  http://10.0.100.98:8000/bbinfo/matching_courses/SANA311%25
r= <Response [200]>
matching classes= set([u'SANA311_SEM1_2017', u'SANA311_SEM1_2018', u'SANA311_SEM2_2018', u'SANA311_13_VAWY', u'SANA311_SEM2_2017', u'SANA311_ALL_2016'])
[u'', u'', u'', u'', u'', u'', u'', u'', u'', u'', u'', u'', u'']
check '' ''
[u'SANA321_SEM1_2018', u'SANA321_SEM1_2017', u'SANA321', u'STRUCTURAL ANALYSIS III (MODULE 2)', u'NDCVL2', u'ND: ENGINEERING: CIVIL', u'21', u'SEMESTER 1', u'D1', u'Durban Campus Full-time', u'A', u'40000194:VAWDA', 28.0]
check 'SANA321_SEM1_2018' 'SANA321'
processXLS: only for SEM2 [u'SANA321_SEM1_2018', u'SANA321_SEM1_2017', u'SANA321', u'STRUCTURAL ANALYSIS III (MODULE 2)', u'NDCVL2', u'ND: ENGINEERING: CIVIL', u'21', u'SEMESTER 1', u'D1', u'Durban Campus Full-time', u'A', u'40000194:VAWDA', 28.0]
[u'SANA321_SEM1_2018', u'SANA321_SEM1_2017', u'SANA321', u'STRUCTURAL ANALYSIS III (MODULE 2)', u'NDCVL2', u'ND: ENGINEERING: CIVIL', u'21', u'SEMESTER 1', u'D1', u'Durban Campus Full-time', u'C', u'40000194:VAWDA', 18.0]
check 'SANA321_SEM1_2018' 'SANA321'
processXLS: only for SEM2 [u'SANA321_SEM1_2018', u'SANA321_SEM1_2017', u'SANA321', u'STRUCTURAL ANALYSIS III (MODULE 2)', u'NDCVL2', u'ND: ENGINEERING: CIVIL', u'21', u'SEMESTER 1', u'D1', u'Durban Campus Full-time', u'C', u'40000194:VAWDA', 18.0]
[u'SANA321_SEM1_2018', u'SANA321_SEM1_2017', u'SANA321', u'STRUCTURAL ANALYSIS III (MODULE 2)', u'NDCVL2', u'ND: ENGINEERING: CIVIL', u'21', u'SEMESTER 1', u'D1', u'Durban Campus Full-time', u'B', u'40000194:VAWDA', 21.0]
check 'SANA321_SEM1_2018' 'SANA321'
processXLS: only for SEM2 [u'SANA321_SEM1_2018', u'SANA321_SEM1_2017', u'SANA321', u'STRUCTURAL ANALYSIS III (MODULE 2)', u'NDCVL2', u'ND: ENGINEERING: CIVIL', u'21', u'SEMESTER 1', u'D1', u'Durban Campus Full-time', u'B', u'40000194:VAWDA', 21.0]
[u'', u'', u'', u'', u'', u'', u'', u'', u'', u'', u'', u'', u'']
check '' ''
[u'SANA321_SEM2_2018', u'SANA321_SEM2_2017', u'SANA321', u'STRUCTURAL ANALYSIS III (MODULE 2)', u'NDCVL2', u'ND: ENGINEERING: CIVIL', u'22', u'SEMESTER 2', u'D1', u'Durban Campus Full-time', u'C', u'40000194:VAWDA', 19.0]
check 'SANA321_SEM2_2018' 'SANA321'
adding  SANA321
requesting:  http://10.0.100.98:8000/bbinfo/matching_courses/SANA321%25
r= <Response [200]>
matching classes= set([u'SANA321_ALL_2016', u'SANA321_SEM1_2018', u'SANA321_SEM2_2018', u'SANA321_13_JAJH', u'SANA321_SEM2_2017', u'SANA321_SEM1_2017'])
[u'SANA321_SEM2_2018', u'SANA321_SEM2_2017', u'SANA321', u'STRUCTURAL ANALYSIS III (MODULE 2)', u'NDCVL2', u'ND: ENGINEERING: CIVIL', u'22', u'SEMESTER 2', u'D1', u'Durban Campus Full-time', u'A', u'40000194:VAWDA', 18.0]
check 'SANA321_SEM2_2018' 'SANA321'
adding  SANA321
requesting:  http://10.0.100.98:8000/bbinfo/matching_courses/SANA321%25
r= <Response [200]>
matching classes= set([u'SANA321_ALL_2016', u'SANA321_SEM1_2018', u'SANA321_SEM2_2018', u'SANA321_13_JAJH', u'SANA321_SEM2_2017', u'SANA321_SEM1_2017'])
[u'SANA321_SEM2_2018', u'SANA321_SEM2_2017', u'SANA321', u'STRUCTURAL ANALYSIS III (MODULE 2)', u'NDCVL2', u'ND: ENGINEERING: CIVIL', u'22', u'SEMESTER 2', u'D1', u'Durban Campus Full-time', u'B', u'40000194:VAWDA', 27.0]
check 'SANA321_SEM2_2018' 'SANA321'
adding  SANA321
requesting:  http://10.0.100.98:8000/bbinfo/matching_courses/SANA321%25
r= <Response [200]>
matching classes= set([u'SANA321_ALL_2016', u'SANA321_SEM1_2018', u'SANA321_SEM2_2018', u'SANA321_13_JAJH', u'SANA321_SEM2_2017', u'SANA321_SEM1_2017'])
[u'SANA321_SEM2_2018', u'SANA321_SEM2_2017', u'SANA321', u'STRUCTURAL ANALYSIS III (MODULE 2)', u'NODIP4', u'NON-DIPLOMA PURPOSE (ENG & BE)', u'22', u'SEMESTER 2', u'D7', u'DBN FULL-TIME NON-SUBSIDISED', u'A', u'40000194:VAWDA', 5.0]
check 'SANA321_SEM2_2018' 'SANA321'
adding  SANA321
requesting:  http://10.0.100.98:8000/bbinfo/matching_courses/SANA321%25
r= <Response [200]>
matching classes= set([u'SANA321_ALL_2016', u'SANA321_SEM1_2018', u'SANA321_SEM2_2018', u'SANA321_13_JAJH', u'SANA321_SEM2_2017', u'SANA321_SEM1_2017'])
[u'', u'', u'', u'', u'', u'', u'', u'', u'', u'', u'', u'', u'']
check '' ''
[u'STTD311_SEM1_2018', u'STTD311_SEM1_2017', u'STTD311', u'STRUCTURAL STEEL AND TIMBER DESIGN III (MODUL', u'NDCVL2', u'ND: ENGINEERING: CIVIL', u'21', u'SEMESTER 1', u'D1', u'Durban Campus Full-time', u'C', u'50001071:PARROTT', 32.0]
check 'STTD311_SEM1_2018' 'STTD311'
processXLS: only for SEM2 [u'STTD311_SEM1_2018', u'STTD311_SEM1_2017', u'STTD311', u'STRUCTURAL STEEL AND TIMBER DESIGN III (MODUL', u'NDCVL2', u'ND: ENGINEERING: CIVIL', u'21', u'SEMESTER 1', u'D1', u'Durban Campus Full-time', u'C', u'50001071:PARROTT', 32.0]
[u'STTD311_SEM1_2018', u'STTD311_SEM1_2017', u'STTD311', u'STRUCTURAL STEEL AND TIMBER DESIGN III (MODUL', u'NDCVL2', u'ND: ENGINEERING: CIVIL', u'21', u'SEMESTER 1', u'D1', u'Durban Campus Full-time', u'A', u'50001071:PARROTT', 16.0]
check 'STTD311_SEM1_2018' 'STTD311'
processXLS: only for SEM2 [u'STTD311_SEM1_2018', u'STTD311_SEM1_2017', u'STTD311', u'STRUCTURAL STEEL AND TIMBER DESIGN III (MODUL', u'NDCVL2', u'ND: ENGINEERING: CIVIL', u'21', u'SEMESTER 1', u'D1', u'Durban Campus Full-time', u'A', u'50001071:PARROTT', 16.0]
[u'STTD311_SEM1_2018', u'STTD311_SEM1_2017', u'STTD311', u'STRUCTURAL STEEL AND TIMBER DESIGN III (MODUL', u'NDCVL2', u'ND: ENGINEERING: CIVIL', u'21', u'SEMESTER 1', u'D1', u'Durban Campus Full-time', u'B', u'50001071:PARROTT', 23.0]
check 'STTD311_SEM1_2018' 'STTD311'
processXLS: only for SEM2 [u'STTD311_SEM1_2018', u'STTD311_SEM1_2017', u'STTD311', u'STRUCTURAL STEEL AND TIMBER DESIGN III (MODUL', u'NDCVL2', u'ND: ENGINEERING: CIVIL', u'21', u'SEMESTER 1', u'D1', u'Durban Campus Full-time', u'B', u'50001071:PARROTT', 23.0]
[u'', u'', u'', u'', u'', u'', u'', u'', u'', u'', u'', u'', u'']
check '' ''
[u'STTD311_SEM2_2018', u'STTD311_SEM2_2017', u'STTD311', u'STRUCTURAL STEEL AND TIMBER DESIGN III (MODUL', u'NDCVL2', u'ND: ENGINEERING: CIVIL', u'22', u'SEMESTER 2', u'D1', u'Durban Campus Full-time', u'B', u'50001071:PARROTT', 27.0]
check 'STTD311_SEM2_2018' 'STTD311'
adding  STTD311
requesting:  http://10.0.100.98:8000/bbinfo/matching_courses/STTD311%25
r= <Response [200]>
matching classes= set([u'STTD311_ALL_2016', u'STTD311_13_KHUB', u'STTD311_13_PARG', u'STTD311_SEM2_2017', u'STTD311_SEM1_2017', u'STTD311_SEM1_2018', u'STTD311_SEM2_2018'])
[u'STTD311_SEM2_2018', u'STTD311_SEM2_2017', u'STTD311', u'STRUCTURAL STEEL AND TIMBER DESIGN III (MODUL', u'NDCVL2', u'ND: ENGINEERING: CIVIL', u'22', u'SEMESTER 2', u'D1', u'Durban Campus Full-time', u'A', u'50001071:PARROTT', 46.0]
check 'STTD311_SEM2_2018' 'STTD311'
adding  STTD311
requesting:  http://10.0.100.98:8000/bbinfo/matching_courses/STTD311%25
r= <Response [200]>
matching classes= set([u'STTD311_ALL_2016', u'STTD311_13_KHUB', u'STTD311_13_PARG', u'STTD311_SEM2_2017', u'STTD311_SEM1_2017', u'STTD311_SEM1_2018', u'STTD311_SEM2_2018'])
[u'', u'', u'', u'', u'', u'', u'', u'', u'', u'', u'', u'', u'']
check '' ''
[u'STTD321_SEM1_2018', u'STTD321_SEM1_2017', u'STTD321', u'STRUCTURAL STEEL AND TIMBER DESIGN III (MODUL', u'NDCVL2', u'ND: ENGINEERING: CIVIL', u'21', u'SEMESTER 1', u'D1', u'Durban Campus Full-time', u'A', u'50001071:PARROTT', 9.0]
check 'STTD321_SEM1_2018' 'STTD321'
processXLS: only for SEM2 [u'STTD321_SEM1_2018', u'STTD321_SEM1_2017', u'STTD321', u'STRUCTURAL STEEL AND TIMBER DESIGN III (MODUL', u'NDCVL2', u'ND: ENGINEERING: CIVIL', u'21', u'SEMESTER 1', u'D1', u'Durban Campus Full-time', u'A', u'50001071:PARROTT', 9.0]
[u'STTD321_SEM1_2018', u'STTD321_SEM1_2017', u'STTD321', u'STRUCTURAL STEEL AND TIMBER DESIGN III (MODUL', u'NDCVL2', u'ND: ENGINEERING: CIVIL', u'21', u'SEMESTER 1', u'D1', u'Durban Campus Full-time', u'C', u'50001071:PARROTT', 31.0]
check 'STTD321_SEM1_2018' 'STTD321'
processXLS: only for SEM2 [u'STTD321_SEM1_2018', u'STTD321_SEM1_2017', u'STTD321', u'STRUCTURAL STEEL AND TIMBER DESIGN III (MODUL', u'NDCVL2', u'ND: ENGINEERING: CIVIL', u'21', u'SEMESTER 1', u'D1', u'Durban Campus Full-time', u'C', u'50001071:PARROTT', 31.0]
[u'STTD321_SEM1_2018', u'STTD321_SEM1_2017', u'STTD321', u'STRUCTURAL STEEL AND TIMBER DESIGN III (MODUL', u'NDCVL2', u'ND: ENGINEERING: CIVIL', u'21', u'SEMESTER 1', u'D1', u'Durban Campus Full-time', u'B', u'50001071:PARROTT', 20.0]
check 'STTD321_SEM1_2018' 'STTD321'
processXLS: only for SEM2 [u'STTD321_SEM1_2018', u'STTD321_SEM1_2017', u'STTD321', u'STRUCTURAL STEEL AND TIMBER DESIGN III (MODUL', u'NDCVL2', u'ND: ENGINEERING: CIVIL', u'21', u'SEMESTER 1', u'D1', u'Durban Campus Full-time', u'B', u'50001071:PARROTT', 20.0]
[u'', u'', u'', u'', u'', u'', u'', u'', u'', u'', u'', u'', u'']
check '' ''
[u'STTD321_SEM2_2018', u'STTD321_SEM2_2017', u'STTD321', u'STRUCTURAL STEEL AND TIMBER DESIGN III (MODUL', u'NDCVL2', u'ND: ENGINEERING: CIVIL', u'22', u'SEMESTER 2', u'D1', u'Durban Campus Full-time', u'B', u'50001071:PARROTT', 23.0]
check 'STTD321_SEM2_2018' 'STTD321'
adding  STTD321
requesting:  http://10.0.100.98:8000/bbinfo/matching_courses/STTD321%25
r= <Response [200]>
matching classes= set([u'STTD321_ALL_2016', u'STTD321_SEM1_2017', u'STTD321_SEM2_2017', u'STTD321_13_KHUB', u'STTD321_SEM2_2018', u'STTD321_SEM1_2018'])
[u'STTD321_SEM2_2018', u'STTD321_SEM2_2017', u'STTD321', u'STRUCTURAL STEEL AND TIMBER DESIGN III (MODUL', u'NDCVL2', u'ND: ENGINEERING: CIVIL', u'22', u'SEMESTER 2', u'D1', u'Durban Campus Full-time', u'A', u'50001071:PARROTT', 38.0]
check 'STTD321_SEM2_2018' 'STTD321'
adding  STTD321
requesting:  http://10.0.100.98:8000/bbinfo/matching_courses/STTD321%25
r= <Response [200]>
matching classes= set([u'STTD321_ALL_2016', u'STTD321_SEM1_2017', u'STTD321_SEM2_2017', u'STTD321_13_KHUB', u'STTD321_SEM2_2018', u'STTD321_SEM1_2018'])
[u'', u'', u'', u'', u'', u'', u'', u'', u'', u'', u'', u'', u'']
check '' ''
[u'SURV302_SEM2_2018', u'SURV302_SEM2_2017', u'SURV302', u'SURVEYING III', u'NDSUR2', u'ND: SURVEYING', u'22', u'SEMESTER 2', u'D1', u'Durban Campus Full-time', u'A', u'50010932:RAGHUBAR', 25.0]
check 'SURV302_SEM2_2018' 'SURV302'
adding  SURV302
requesting:  http://10.0.100.98:8000/bbinfo/matching_courses/SURV302%25
r= <Response [200]>
matching classes= set([u'SURV302_SEM2_2016', u'SURV302_13_HUNT', u'SURV302_SEM2_2018', u'SURV302_SEM2_2017'])
[u'', u'', u'', u'', u'', u'', u'', u'', u'', u'', u'', u'', u'']
check '' ''
[u'TPEN311_SEM1_2018', u'TPEN311_SEM1_2017', u'TPEN311', u'TRANSPORTATION ENGINEERING III (MODULE 1 THEO', u'NDCVL2', u'ND: ENGINEERING: CIVIL', u'21', u'SEMESTER 1', u'D1', u'Durban Campus Full-time', u'A', u'50002605:GOVENDER', 28.0]
check 'TPEN311_SEM1_2018' 'TPEN311'
processXLS: only for SEM2 [u'TPEN311_SEM1_2018', u'TPEN311_SEM1_2017', u'TPEN311', u'TRANSPORTATION ENGINEERING III (MODULE 1 THEO', u'NDCVL2', u'ND: ENGINEERING: CIVIL', u'21', u'SEMESTER 1', u'D1', u'Durban Campus Full-time', u'A', u'50002605:GOVENDER', 28.0]
[u'TPEN311_SEM1_2018', u'TPEN311_SEM1_2017', u'TPEN311', u'TRANSPORTATION ENGINEERING III (MODULE 1 THEO', u'NDCVL2', u'ND: ENGINEERING: CIVIL', u'21', u'SEMESTER 1', u'D1', u'Durban Campus Full-time', u'B', u'50002605:GOVENDER', 18.0]
check 'TPEN311_SEM1_2018' 'TPEN311'
processXLS: only for SEM2 [u'TPEN311_SEM1_2018', u'TPEN311_SEM1_2017', u'TPEN311', u'TRANSPORTATION ENGINEERING III (MODULE 1 THEO', u'NDCVL2', u'ND: ENGINEERING: CIVIL', u'21', u'SEMESTER 1', u'D1', u'Durban Campus Full-time', u'B', u'50002605:GOVENDER', 18.0]
[u'TPEN311_SEM1_2018', u'TPEN311_SEM1_2017', u'TPEN311', u'TRANSPORTATION ENGINEERING III (MODULE 1 THEO', u'NDCVL2', u'ND: ENGINEERING: CIVIL', u'21', u'SEMESTER 1', u'D1', u'Durban Campus Full-time', u'C', u'50002605:GOVENDER', 16.0]
check 'TPEN311_SEM1_2018' 'TPEN311'
processXLS: only for SEM2 [u'TPEN311_SEM1_2018', u'TPEN311_SEM1_2017', u'TPEN311', u'TRANSPORTATION ENGINEERING III (MODULE 1 THEO', u'NDCVL2', u'ND: ENGINEERING: CIVIL', u'21', u'SEMESTER 1', u'D1', u'Durban Campus Full-time', u'C', u'50002605:GOVENDER', 16.0]
[u'', u'', u'', u'', u'', u'', u'', u'', u'', u'', u'', u'', u'']
check '' ''
[u'TPEN311_SEM2_2018', u'TPEN311_SEM2_2017', u'TPEN311', u'TRANSPORTATION ENGINEERING III (MODULE 1 THEO', u'NDCVL2', u'ND: ENGINEERING: CIVIL', u'22', u'SEMESTER 2', u'D1', u'Durban Campus Full-time', u'B', u'50002605:GOVENDER', 20.0]
check 'TPEN311_SEM2_2018' 'TPEN311'
adding  TPEN311
requesting:  http://10.0.100.98:8000/bbinfo/matching_courses/TPEN311%25
r= <Response [200]>
matching classes= set([u'TPEN311_13_GOVR', u'TPEN311_SEM2_2017', u'TPEN311_SEM1_2017', u'TPEN311_SEM1_2018', u'TPEN311_SEM2_2018', u'TPEN311_ALL_2016'])
[u'TPEN311_SEM2_2018', u'TPEN311_SEM2_2017', u'TPEN311', u'TRANSPORTATION ENGINEERING III (MODULE 1 THEO', u'NDCVL2', u'ND: ENGINEERING: CIVIL', u'22', u'SEMESTER 2', u'D1', u'Durban Campus Full-time', u'C', u'50002605:GOVENDER', 20.0]
check 'TPEN311_SEM2_2018' 'TPEN311'
adding  TPEN311
requesting:  http://10.0.100.98:8000/bbinfo/matching_courses/TPEN311%25
r= <Response [200]>
matching classes= set([u'TPEN311_13_GOVR', u'TPEN311_SEM2_2017', u'TPEN311_SEM1_2017', u'TPEN311_SEM1_2018', u'TPEN311_SEM2_2018', u'TPEN311_ALL_2016'])
[u'TPEN311_SEM2_2018', u'TPEN311_SEM2_2017', u'TPEN311', u'TRANSPORTATION ENGINEERING III (MODULE 1 THEO', u'NDCVL2', u'ND: ENGINEERING: CIVIL', u'22', u'SEMESTER 2', u'D1', u'Durban Campus Full-time', u'A', u'50002605:GOVENDER', 28.0]
check 'TPEN311_SEM2_2018' 'TPEN311'
adding  TPEN311
requesting:  http://10.0.100.98:8000/bbinfo/matching_courses/TPEN311%25
r= <Response [200]>
matching classes= set([u'TPEN311_13_GOVR', u'TPEN311_SEM2_2017', u'TPEN311_SEM1_2017', u'TPEN311_SEM1_2018', u'TPEN311_SEM2_2018', u'TPEN311_ALL_2016'])
[u'TPEN311_SEM2_2018', u'TPEN311_SEM2_2017', u'TPEN311', u'TRANSPORTATION ENGINEERING III (MODULE 1 THEO', u'NODIP4', u'NON-DIPLOMA PURPOSE (ENG & BE)', u'22', u'SEMESTER 2', u'D7', u'DBN FULL-TIME NON-SUBSIDISED', u'A', u'50002605:GOVENDER', 5.0]
check 'TPEN311_SEM2_2018' 'TPEN311'
adding  TPEN311
requesting:  http://10.0.100.98:8000/bbinfo/matching_courses/TPEN311%25
r= <Response [200]>
matching classes= set([u'TPEN311_13_GOVR', u'TPEN311_SEM2_2017', u'TPEN311_SEM1_2017', u'TPEN311_SEM1_2018', u'TPEN311_SEM2_2018', u'TPEN311_ALL_2016'])
[u'', u'', u'', u'', u'', u'', u'', u'', u'', u'', u'', u'', u'']
check '' ''
[u'TPEN321_SEM1_2018', u'TPEN321_SEM1_2017', u'TPEN321', u'TRANSPORTATION ENGINEERING III (MODULE 2 CALC', u'NDCVL2', u'ND: ENGINEERING: CIVIL', u'21', u'SEMESTER 1', u'D1', u'Durban Campus Full-time', u'C', u'50002605:GOVENDER', 17.0]
check 'TPEN321_SEM1_2018' 'TPEN321'
processXLS: only for SEM2 [u'TPEN321_SEM1_2018', u'TPEN321_SEM1_2017', u'TPEN321', u'TRANSPORTATION ENGINEERING III (MODULE 2 CALC', u'NDCVL2', u'ND: ENGINEERING: CIVIL', u'21', u'SEMESTER 1', u'D1', u'Durban Campus Full-time', u'C', u'50002605:GOVENDER', 17.0]
[u'TPEN321_SEM1_2018', u'TPEN321_SEM1_2017', u'TPEN321', u'TRANSPORTATION ENGINEERING III (MODULE 2 CALC', u'NDCVL2', u'ND: ENGINEERING: CIVIL', u'21', u'SEMESTER 1', u'D1', u'Durban Campus Full-time', u'A', u'50002605:GOVENDER', 29.0]
check 'TPEN321_SEM1_2018' 'TPEN321'
processXLS: only for SEM2 [u'TPEN321_SEM1_2018', u'TPEN321_SEM1_2017', u'TPEN321', u'TRANSPORTATION ENGINEERING III (MODULE 2 CALC', u'NDCVL2', u'ND: ENGINEERING: CIVIL', u'21', u'SEMESTER 1', u'D1', u'Durban Campus Full-time', u'A', u'50002605:GOVENDER', 29.0]
[u'TPEN321_SEM1_2018', u'TPEN321_SEM1_2017', u'TPEN321', u'TRANSPORTATION ENGINEERING III (MODULE 2 CALC', u'NDCVL2', u'ND: ENGINEERING: CIVIL', u'21', u'SEMESTER 1', u'D1', u'Durban Campus Full-time', u'B', u'50002605:GOVENDER', 17.0]
check 'TPEN321_SEM1_2018' 'TPEN321'
processXLS: only for SEM2 [u'TPEN321_SEM1_2018', u'TPEN321_SEM1_2017', u'TPEN321', u'TRANSPORTATION ENGINEERING III (MODULE 2 CALC', u'NDCVL2', u'ND: ENGINEERING: CIVIL', u'21', u'SEMESTER 1', u'D1', u'Durban Campus Full-time', u'B', u'50002605:GOVENDER', 17.0]
[u'', u'', u'', u'', u'', u'', u'', u'', u'', u'', u'', u'', u'']
check '' ''
[u'TPEN321_SEM2_2018', u'TPEN321_SEM2_2017', u'TPEN321', u'TRANSPORTATION ENGINEERING III (MODULE 2 CALC', u'NDCVL2', u'ND: ENGINEERING: CIVIL', u'22', u'SEMESTER 2', u'D1', u'Durban Campus Full-time', u'A', u'50002605:GOVENDER', 27.0]
check 'TPEN321_SEM2_2018' 'TPEN321'
adding  TPEN321
requesting:  http://10.0.100.98:8000/bbinfo/matching_courses/TPEN321%25
r= <Response [200]>
matching classes= set([u'TPEN321_SEM1_2017', u'TPEN321_SEM2_2017', u'TPEN321_SEM2_2018', u'TPEN321_SEM1_2018', u'TPEN321_13_GOVR', u'TPEN321_ALL_2016'])
[u'TPEN321_SEM2_2018', u'TPEN321_SEM2_2017', u'TPEN321', u'TRANSPORTATION ENGINEERING III (MODULE 2 CALC', u'NDCVL2', u'ND: ENGINEERING: CIVIL', u'22', u'SEMESTER 2', u'D1', u'Durban Campus Full-time', u'B', u'50002605:GOVENDER', 18.0]
check 'TPEN321_SEM2_2018' 'TPEN321'
adding  TPEN321
requesting:  http://10.0.100.98:8000/bbinfo/matching_courses/TPEN321%25
r= <Response [200]>
matching classes= set([u'TPEN321_SEM1_2017', u'TPEN321_SEM2_2017', u'TPEN321_SEM2_2018', u'TPEN321_SEM1_2018', u'TPEN321_13_GOVR', u'TPEN321_ALL_2016'])
[u'TPEN321_SEM2_2018', u'TPEN321_SEM2_2017', u'TPEN321', u'TRANSPORTATION ENGINEERING III (MODULE 2 CALC', u'NDCVL2', u'ND: ENGINEERING: CIVIL', u'22', u'SEMESTER 2', u'D1', u'Durban Campus Full-time', u'C', u'50002605:GOVENDER', 22.0]
check 'TPEN321_SEM2_2018' 'TPEN321'
adding  TPEN321
requesting:  http://10.0.100.98:8000/bbinfo/matching_courses/TPEN321%25
r= <Response [200]>
matching classes= set([u'TPEN321_SEM1_2017', u'TPEN321_SEM2_2017', u'TPEN321_SEM2_2018', u'TPEN321_SEM1_2018', u'TPEN321_13_GOVR', u'TPEN321_ALL_2016'])
[u'TPEN321_SEM2_2018', u'TPEN321_SEM2_2017', u'TPEN321', u'TRANSPORTATION ENGINEERING III (MODULE 2 CALC', u'NODIP4', u'NON-DIPLOMA PURPOSE (ENG & BE)', u'22', u'SEMESTER 2', u'D7', u'DBN FULL-TIME NON-SUBSIDISED', u'A', u'50002605:GOVENDER', 5.0]
check 'TPEN321_SEM2_2018' 'TPEN321'
adding  TPEN321
requesting:  http://10.0.100.98:8000/bbinfo/matching_courses/TPEN321%25
r= <Response [200]>
matching classes= set([u'TPEN321_SEM1_2017', u'TPEN321_SEM2_2017', u'TPEN321_SEM2_2018', u'TPEN321_SEM1_2018', u'TPEN321_13_GOVR', u'TPEN321_ALL_2016'])
[u'', u'', u'', u'', u'', u'', u'', u'', u'', u'', u'', u'', u'']
check '' ''
[u'TPEN331_SEM1_2018', u'TPEN331_SEM1_2017', u'TPEN331', u'TRANSPORTATION ENGINEERING III (MODULE 3)', u'NDCVL2', u'ND: ENGINEERING: CIVIL', u'21', u'SEMESTER 1', u'D1', u'Durban Campus Full-time', u'B', u'50002605:GOVENDER', 18.0]
check 'TPEN331_SEM1_2018' 'TPEN331'
processXLS: only for SEM2 [u'TPEN331_SEM1_2018', u'TPEN331_SEM1_2017', u'TPEN331', u'TRANSPORTATION ENGINEERING III (MODULE 3)', u'NDCVL2', u'ND: ENGINEERING: CIVIL', u'21', u'SEMESTER 1', u'D1', u'Durban Campus Full-time', u'B', u'50002605:GOVENDER', 18.0]
[u'TPEN331_SEM1_2018', u'TPEN331_SEM1_2017', u'TPEN331', u'TRANSPORTATION ENGINEERING III (MODULE 3)', u'NDCVL2', u'ND: ENGINEERING: CIVIL', u'21', u'SEMESTER 1', u'D1', u'Durban Campus Full-time', u'C', u'50002605:GOVENDER', 17.0]
check 'TPEN331_SEM1_2018' 'TPEN331'
processXLS: only for SEM2 [u'TPEN331_SEM1_2018', u'TPEN331_SEM1_2017', u'TPEN331', u'TRANSPORTATION ENGINEERING III (MODULE 3)', u'NDCVL2', u'ND: ENGINEERING: CIVIL', u'21', u'SEMESTER 1', u'D1', u'Durban Campus Full-time', u'C', u'50002605:GOVENDER', 17.0]
[u'TPEN331_SEM1_2018', u'TPEN331_SEM1_2017', u'TPEN331', u'TRANSPORTATION ENGINEERING III (MODULE 3)', u'NDCVL2', u'ND: ENGINEERING: CIVIL', u'21', u'SEMESTER 1', u'D1', u'Durban Campus Full-time', u'A', u'50002605:GOVENDER', 28.0]
check 'TPEN331_SEM1_2018' 'TPEN331'
processXLS: only for SEM2 [u'TPEN331_SEM1_2018', u'TPEN331_SEM1_2017', u'TPEN331', u'TRANSPORTATION ENGINEERING III (MODULE 3)', u'NDCVL2', u'ND: ENGINEERING: CIVIL', u'21', u'SEMESTER 1', u'D1', u'Durban Campus Full-time', u'A', u'50002605:GOVENDER', 28.0]
[u'', u'', u'', u'', u'', u'', u'', u'', u'', u'', u'', u'', u'']
check '' ''
[u'TPEN331_SEM2_2018', u'TPEN331_SEM2_2017', u'TPEN331', u'TRANSPORTATION ENGINEERING III (MODULE 3)', u'NDCVL2', u'ND: ENGINEERING: CIVIL', u'22', u'SEMESTER 2', u'D1', u'Durban Campus Full-time', u'B', u'50002605:GOVENDER', 19.0]
check 'TPEN331_SEM2_2018' 'TPEN331'
adding  TPEN331
requesting:  http://10.0.100.98:8000/bbinfo/matching_courses/TPEN331%25
r= <Response [200]>
matching classes= set([u'TPEN331_SEM1_2017', u'TPEN331_SEM1_2018', u'TPEN331_SEM2_2018', u'TPEN331_SEM2_2017', u'TPEN331_13_GOVR', u'TPEN331_ALL_2016', u'TPEN331_13_THOC'])
[u'TPEN331_SEM2_2018', u'TPEN331_SEM2_2017', u'TPEN331', u'TRANSPORTATION ENGINEERING III (MODULE 3)', u'NDCVL2', u'ND: ENGINEERING: CIVIL', u'22', u'SEMESTER 2', u'D1', u'Durban Campus Full-time', u'A', u'50002605:GOVENDER', 26.0]
check 'TPEN331_SEM2_2018' 'TPEN331'
adding  TPEN331
requesting:  http://10.0.100.98:8000/bbinfo/matching_courses/TPEN331%25
r= <Response [200]>
matching classes= set([u'TPEN331_SEM1_2017', u'TPEN331_SEM1_2018', u'TPEN331_SEM2_2018', u'TPEN331_SEM2_2017', u'TPEN331_13_GOVR', u'TPEN331_ALL_2016', u'TPEN331_13_THOC'])
[u'TPEN331_SEM2_2018', u'TPEN331_SEM2_2017', u'TPEN331', u'TRANSPORTATION ENGINEERING III (MODULE 3)', u'NDCVL2', u'ND: ENGINEERING: CIVIL', u'22', u'SEMESTER 2', u'D1', u'Durban Campus Full-time', u'C', u'50002605:GOVENDER', 20.0]
check 'TPEN331_SEM2_2018' 'TPEN331'
adding  TPEN331
requesting:  http://10.0.100.98:8000/bbinfo/matching_courses/TPEN331%25
r= <Response [200]>
matching classes= set([u'TPEN331_SEM1_2017', u'TPEN331_SEM1_2018', u'TPEN331_SEM2_2018', u'TPEN331_SEM2_2017', u'TPEN331_13_GOVR', u'TPEN331_ALL_2016', u'TPEN331_13_THOC'])
[u'TPEN331_SEM2_2018', u'TPEN331_SEM2_2017', u'TPEN331', u'TRANSPORTATION ENGINEERING III (MODULE 3)', u'NODIP4', u'NON-DIPLOMA PURPOSE (ENG & BE)', u'22', u'SEMESTER 2', u'D7', u'DBN FULL-TIME NON-SUBSIDISED', u'A', u'50002605:GOVENDER', 5.0]
check 'TPEN331_SEM2_2018' 'TPEN331'
adding  TPEN331
requesting:  http://10.0.100.98:8000/bbinfo/matching_courses/TPEN331%25
r= <Response [200]>
matching classes= set([u'TPEN331_SEM1_2017', u'TPEN331_SEM1_2018', u'TPEN331_SEM2_2018', u'TPEN331_SEM2_2017', u'TPEN331_13_GOVR', u'TPEN331_ALL_2016', u'TPEN331_13_THOC'])
[u'', u'', u'', u'', u'', u'', u'', u'', u'', u'', u'', u'', u'']
check '' ''
[u'WENG313_SEM1_2018', u'WENG313_SEM1_2017', u'WENG313', u'WATER ENGINEERING III (MODULE 1 HYDROLOGY)', u'NDCVL2', u'ND: ENGINEERING: CIVIL', u'21', u'SEMESTER 1', u'D1', u'Durban Campus Full-time', u'B', u'40007541:HAN', 17.0]
check 'WENG313_SEM1_2018' 'WENG313'
processXLS: only for SEM2 [u'WENG313_SEM1_2018', u'WENG313_SEM1_2017', u'WENG313', u'WATER ENGINEERING III (MODULE 1 HYDROLOGY)', u'NDCVL2', u'ND: ENGINEERING: CIVIL', u'21', u'SEMESTER 1', u'D1', u'Durban Campus Full-time', u'B', u'40007541:HAN', 17.0]
[u'WENG313_SEM1_2018', u'WENG313_SEM1_2017', u'WENG313', u'WATER ENGINEERING III (MODULE 1 HYDROLOGY)', u'NDCVL2', u'ND: ENGINEERING: CIVIL', u'21', u'SEMESTER 1', u'D1', u'Durban Campus Full-time', u'C', u'40007541:HAN', 19.0]
check 'WENG313_SEM1_2018' 'WENG313'
processXLS: only for SEM2 [u'WENG313_SEM1_2018', u'WENG313_SEM1_2017', u'WENG313', u'WATER ENGINEERING III (MODULE 1 HYDROLOGY)', u'NDCVL2', u'ND: ENGINEERING: CIVIL', u'21', u'SEMESTER 1', u'D1', u'Durban Campus Full-time', u'C', u'40007541:HAN', 19.0]
[u'WENG313_SEM1_2018', u'WENG313_SEM1_2017', u'WENG313', u'WATER ENGINEERING III (MODULE 1 HYDROLOGY)', u'NDCVL2', u'ND: ENGINEERING: CIVIL', u'21', u'SEMESTER 1', u'D1', u'Durban Campus Full-time', u'A', u'40007541:HAN', 17.0]
check 'WENG313_SEM1_2018' 'WENG313'
processXLS: only for SEM2 [u'WENG313_SEM1_2018', u'WENG313_SEM1_2017', u'WENG313', u'WATER ENGINEERING III (MODULE 1 HYDROLOGY)', u'NDCVL2', u'ND: ENGINEERING: CIVIL', u'21', u'SEMESTER 1', u'D1', u'Durban Campus Full-time', u'A', u'40007541:HAN', 17.0]
[u'', u'', u'', u'', u'', u'', u'', u'', u'', u'', u'', u'', u'']
check '' ''
[u'WENG313_SEM2_2018', u'WENG313_SEM2_2017', u'WENG313', u'WATER ENGINEERING III (MODULE 1 HYDROLOGY)', u'NDCEF1', u'ND: ENGINEERING: CIVIL (4 YEARS)', u'22', u'SEMESTER 2', u'D1', u'Durban Campus Full-time', u'A', u'40007541:HAN', 1.0]
check 'WENG313_SEM2_2018' 'WENG313'
adding  WENG313
requesting:  http://10.0.100.98:8000/bbinfo/matching_courses/WENG313%25
r= <Response [200]>
matching classes= set([u'WENG313_SEM1_2018', u'WENG313_SEM2_2017', u'WENG313_ALL_2016', u'WENG313_SEM2_2018', u'WENG313_SEM1_2017', u'WENG313_13_HANK'])
[u'WENG313_SEM2_2018', u'WENG313_SEM2_2017', u'WENG313', u'WATER ENGINEERING III (MODULE 1 HYDROLOGY)', u'NDCVL2', u'ND: ENGINEERING: CIVIL', u'22', u'SEMESTER 2', u'D1', u'Durban Campus Full-time', u'C', u'40007541:HAN', 24.0]
check 'WENG313_SEM2_2018' 'WENG313'
adding  WENG313
requesting:  http://10.0.100.98:8000/bbinfo/matching_courses/WENG313%25
r= <Response [200]>
matching classes= set([u'WENG313_SEM1_2018', u'WENG313_SEM2_2017', u'WENG313_ALL_2016', u'WENG313_SEM2_2018', u'WENG313_SEM1_2017', u'WENG313_13_HANK'])
[u'WENG313_SEM2_2018', u'WENG313_SEM2_2017', u'WENG313', u'WATER ENGINEERING III (MODULE 1 HYDROLOGY)', u'NDCVL2', u'ND: ENGINEERING: CIVIL', u'22', u'SEMESTER 2', u'D1', u'Durban Campus Full-time', u'A', u'40007541:HAN', 24.0]
check 'WENG313_SEM2_2018' 'WENG313'
adding  WENG313
requesting:  http://10.0.100.98:8000/bbinfo/matching_courses/WENG313%25
r= <Response [200]>
matching classes= set([u'WENG313_SEM1_2018', u'WENG313_SEM2_2017', u'WENG313_ALL_2016', u'WENG313_SEM2_2018', u'WENG313_SEM1_2017', u'WENG313_13_HANK'])
[u'WENG313_SEM2_2018', u'WENG313_SEM2_2017', u'WENG313', u'WATER ENGINEERING III (MODULE 1 HYDROLOGY)', u'NDCVL2', u'ND: ENGINEERING: CIVIL', u'22', u'SEMESTER 2', u'D1', u'Durban Campus Full-time', u'B', u'40007541:HAN', 23.0]
check 'WENG313_SEM2_2018' 'WENG313'
adding  WENG313
requesting:  http://10.0.100.98:8000/bbinfo/matching_courses/WENG313%25
r= <Response [200]>
matching classes= set([u'WENG313_SEM1_2018', u'WENG313_SEM2_2017', u'WENG313_ALL_2016', u'WENG313_SEM2_2018', u'WENG313_SEM1_2017', u'WENG313_13_HANK'])
[u'WENG313_SEM2_2018', u'WENG313_SEM2_2017', u'WENG313', u'WATER ENGINEERING III (MODULE 1 HYDROLOGY)', u'NODIP4', u'NON-DIPLOMA PURPOSE (ENG & BE)', u'22', u'SEMESTER 2', u'D7', u'DBN FULL-TIME NON-SUBSIDISED', u'A', u'40007541:HAN', 5.0]
check 'WENG313_SEM2_2018' 'WENG313'
adding  WENG313
requesting:  http://10.0.100.98:8000/bbinfo/matching_courses/WENG313%25
r= <Response [200]>
matching classes= set([u'WENG313_SEM1_2018', u'WENG313_SEM2_2017', u'WENG313_ALL_2016', u'WENG313_SEM2_2018', u'WENG313_SEM1_2017', u'WENG313_13_HANK'])
[u'', u'', u'', u'', u'', u'', u'', u'', u'', u'', u'', u'', u'']
check '' ''
[u'WENG323_SEM1_2018', u'WENG323_SEM1_2017', u'WENG323', u'WATER ENGINEERING III (MODULE 2 HYDRAULICS)', u'NDCVL2', u'ND: ENGINEERING: CIVIL', u'21', u'SEMESTER 1', u'D1', u'Durban Campus Full-time', u'C', u'40007541:HAN', 26.0]
check 'WENG323_SEM1_2018' 'WENG323'
processXLS: only for SEM2 [u'WENG323_SEM1_2018', u'WENG323_SEM1_2017', u'WENG323', u'WATER ENGINEERING III (MODULE 2 HYDRAULICS)', u'NDCVL2', u'ND: ENGINEERING: CIVIL', u'21', u'SEMESTER 1', u'D1', u'Durban Campus Full-time', u'C', u'40007541:HAN', 26.0]
[u'WENG323_SEM1_2018', u'WENG323_SEM1_2017', u'WENG323', u'WATER ENGINEERING III (MODULE 2 HYDRAULICS)', u'NDCVL2', u'ND: ENGINEERING: CIVIL', u'21', u'SEMESTER 1', u'D1', u'Durban Campus Full-time', u'B', u'40007541:HAN', 18.0]
check 'WENG323_SEM1_2018' 'WENG323'
processXLS: only for SEM2 [u'WENG323_SEM1_2018', u'WENG323_SEM1_2017', u'WENG323', u'WATER ENGINEERING III (MODULE 2 HYDRAULICS)', u'NDCVL2', u'ND: ENGINEERING: CIVIL', u'21', u'SEMESTER 1', u'D1', u'Durban Campus Full-time', u'B', u'40007541:HAN', 18.0]
[u'WENG323_SEM1_2018', u'WENG323_SEM1_2017', u'WENG323', u'WATER ENGINEERING III (MODULE 2 HYDRAULICS)', u'NDCVL2', u'ND: ENGINEERING: CIVIL', u'21', u'SEMESTER 1', u'D1', u'Durban Campus Full-time', u'A', u'40007541:HAN', 20.0]
check 'WENG323_SEM1_2018' 'WENG323'
processXLS: only for SEM2 [u'WENG323_SEM1_2018', u'WENG323_SEM1_2017', u'WENG323', u'WATER ENGINEERING III (MODULE 2 HYDRAULICS)', u'NDCVL2', u'ND: ENGINEERING: CIVIL', u'21', u'SEMESTER 1', u'D1', u'Durban Campus Full-time', u'A', u'40007541:HAN', 20.0]
[u'', u'', u'', u'', u'', u'', u'', u'', u'', u'', u'', u'', u'']
check '' ''
[u'WENG323_SEM2_2018', u'WENG323_SEM2_2017', u'WENG323', u'WATER ENGINEERING III (MODULE 2 HYDRAULICS)', u'NDCEF1', u'ND: ENGINEERING: CIVIL (4 YEARS)', u'22', u'SEMESTER 2', u'D1', u'Durban Campus Full-time', u'A', u'40007541:HAN', 1.0]
check 'WENG323_SEM2_2018' 'WENG323'
adding  WENG323
requesting:  http://10.0.100.98:8000/bbinfo/matching_courses/WENG323%25
r= <Response [200]>
matching classes= set([u'WENG323_SEM2_2017', u'WENG323_SEM2_2018', u'WENG323_SEM1_2018', u'WENG323_ALL_2016', u'WENG323_SEM1_2017', u'WENG323_13_HANK'])
[u'WENG323_SEM2_2018', u'WENG323_SEM2_2017', u'WENG323', u'WATER ENGINEERING III (MODULE 2 HYDRAULICS)', u'NDCVL2', u'ND: ENGINEERING: CIVIL', u'22', u'SEMESTER 2', u'D1', u'Durban Campus Full-time', u'C', u'40007541:HAN', 24.0]
check 'WENG323_SEM2_2018' 'WENG323'
adding  WENG323
requesting:  http://10.0.100.98:8000/bbinfo/matching_courses/WENG323%25
r= <Response [200]>
matching classes= set([u'WENG323_SEM2_2017', u'WENG323_SEM2_2018', u'WENG323_SEM1_2018', u'WENG323_ALL_2016', u'WENG323_SEM1_2017', u'WENG323_13_HANK'])
[u'WENG323_SEM2_2018', u'WENG323_SEM2_2017', u'WENG323', u'WATER ENGINEERING III (MODULE 2 HYDRAULICS)', u'NDCVL2', u'ND: ENGINEERING: CIVIL', u'22', u'SEMESTER 2', u'D1', u'Durban Campus Full-time', u'A', u'40007541:HAN', 23.0]
check 'WENG323_SEM2_2018' 'WENG323'
adding  WENG323
requesting:  http://10.0.100.98:8000/bbinfo/matching_courses/WENG323%25
r= <Response [200]>
matching classes= set([u'WENG323_SEM2_2017', u'WENG323_SEM2_2018', u'WENG323_SEM1_2018', u'WENG323_ALL_2016', u'WENG323_SEM1_2017', u'WENG323_13_HANK'])
[u'WENG323_SEM2_2018', u'WENG323_SEM2_2017', u'WENG323', u'WATER ENGINEERING III (MODULE 2 HYDRAULICS)', u'NDCVL2', u'ND: ENGINEERING: CIVIL', u'22', u'SEMESTER 2', u'D1', u'Durban Campus Full-time', u'B', u'40007541:HAN', 25.0]
check 'WENG323_SEM2_2018' 'WENG323'
adding  WENG323
requesting:  http://10.0.100.98:8000/bbinfo/matching_courses/WENG323%25
r= <Response [200]>
matching classes= set([u'WENG323_SEM2_2017', u'WENG323_SEM2_2018', u'WENG323_SEM1_2018', u'WENG323_ALL_2016', u'WENG323_SEM1_2017', u'WENG323_13_HANK'])
[u'WENG323_SEM2_2018', u'WENG323_SEM2_2017', u'WENG323', u'WATER ENGINEERING III (MODULE 2 HYDRAULICS)', u'NODIP4', u'NON-DIPLOMA PURPOSE (ENG & BE)', u'22', u'SEMESTER 2', u'D7', u'DBN FULL-TIME NON-SUBSIDISED', u'A', u'40007541:HAN', 5.0]
check 'WENG323_SEM2_2018' 'WENG323'
adding  WENG323
requesting:  http://10.0.100.98:8000/bbinfo/matching_courses/WENG323%25
r= <Response [200]>
matching classes= set([u'WENG323_SEM2_2017', u'WENG323_SEM2_2018', u'WENG323_SEM1_2018', u'WENG323_ALL_2016', u'WENG323_SEM1_2017', u'WENG323_13_HANK'])
[u'', u'', u'', u'', u'', u'', u'', u'', u'', u'', u'', u'', u'']
check '' ''
[u'WENG333_SEM1_2018', u'WENG333_SEM1_2017', u'WENG333', u'WATER ENGINEERING III (MODULE 3)', u'NDCVL2', u'ND: ENGINEERING: CIVIL', u'21', u'SEMESTER 1', u'D1', u'Durban Campus Full-time', u'A', u'40007541:HAN', 17.0]
check 'WENG333_SEM1_2018' 'WENG333'
processXLS: only for SEM2 [u'WENG333_SEM1_2018', u'WENG333_SEM1_2017', u'WENG333', u'WATER ENGINEERING III (MODULE 3)', u'NDCVL2', u'ND: ENGINEERING: CIVIL', u'21', u'SEMESTER 1', u'D1', u'Durban Campus Full-time', u'A', u'40007541:HAN', 17.0]
[u'WENG333_SEM1_2018', u'WENG333_SEM1_2017', u'WENG333', u'WATER ENGINEERING III (MODULE 3)', u'NDCVL2', u'ND: ENGINEERING: CIVIL', u'21', u'SEMESTER 1', u'D1', u'Durban Campus Full-time', u'C', u'40007541:HAN', 19.0]
check 'WENG333_SEM1_2018' 'WENG333'
processXLS: only for SEM2 [u'WENG333_SEM1_2018', u'WENG333_SEM1_2017', u'WENG333', u'WATER ENGINEERING III (MODULE 3)', u'NDCVL2', u'ND: ENGINEERING: CIVIL', u'21', u'SEMESTER 1', u'D1', u'Durban Campus Full-time', u'C', u'40007541:HAN', 19.0]
[u'WENG333_SEM1_2018', u'WENG333_SEM1_2017', u'WENG333', u'WATER ENGINEERING III (MODULE 3)', u'NDCVL2', u'ND: ENGINEERING: CIVIL', u'21', u'SEMESTER 1', u'D1', u'Durban Campus Full-time', u'B', u'40007541:HAN', 16.0]
check 'WENG333_SEM1_2018' 'WENG333'
processXLS: only for SEM2 [u'WENG333_SEM1_2018', u'WENG333_SEM1_2017', u'WENG333', u'WATER ENGINEERING III (MODULE 3)', u'NDCVL2', u'ND: ENGINEERING: CIVIL', u'21', u'SEMESTER 1', u'D1', u'Durban Campus Full-time', u'B', u'40007541:HAN', 16.0]
[u'', u'', u'', u'', u'', u'', u'', u'', u'', u'', u'', u'', u'']
check '' ''
[u'WENG333_SEM2_2018', u'WENG333_SEM2_2017', u'WENG333', u'WATER ENGINEERING III (MODULE 3)', u'NDCVL2', u'ND: ENGINEERING: CIVIL', u'22', u'SEMESTER 2', u'D1', u'Durban Campus Full-time', u'B', u'40007541:HAN', 24.0]
check 'WENG333_SEM2_2018' 'WENG333'
adding  WENG333
requesting:  http://10.0.100.98:8000/bbinfo/matching_courses/WENG333%25
r= <Response [200]>
matching classes= set([u'WENG333_ALL_2016', u'WENG333_13_JAIS', u'WENG333_SEM1_2018', u'WENG333_SEM2_2018', u'WENG333_SEM2_2017', u'WENG333_SEM1_2017', u'WENG333_13_HANK'])
[u'WENG333_SEM2_2018', u'WENG333_SEM2_2017', u'WENG333', u'WATER ENGINEERING III (MODULE 3)', u'NDCVL2', u'ND: ENGINEERING: CIVIL', u'22', u'SEMESTER 2', u'D1', u'Durban Campus Full-time', u'C', u'40007541:HAN', 26.0]
check 'WENG333_SEM2_2018' 'WENG333'
adding  WENG333
requesting:  http://10.0.100.98:8000/bbinfo/matching_courses/WENG333%25
r= <Response [200]>
matching classes= set([u'WENG333_ALL_2016', u'WENG333_13_JAIS', u'WENG333_SEM1_2018', u'WENG333_SEM2_2018', u'WENG333_SEM2_2017', u'WENG333_SEM1_2017', u'WENG333_13_HANK'])
[u'WENG333_SEM2_2018', u'WENG333_SEM2_2017', u'WENG333', u'WATER ENGINEERING III (MODULE 3)', u'NDCVL2', u'ND: ENGINEERING: CIVIL', u'22', u'SEMESTER 2', u'D1', u'Durban Campus Full-time', u'A', u'40007541:HAN', 21.0]
check 'WENG333_SEM2_2018' 'WENG333'
adding  WENG333
requesting:  http://10.0.100.98:8000/bbinfo/matching_courses/WENG333%25
r= <Response [200]>
matching classes= set([u'WENG333_ALL_2016', u'WENG333_13_JAIS', u'WENG333_SEM1_2018', u'WENG333_SEM2_2018', u'WENG333_SEM2_2017', u'WENG333_SEM1_2017', u'WENG333_13_HANK'])
[u'WENG333_SEM2_2018', u'WENG333_SEM2_2017', u'WENG333', u'WATER ENGINEERING III (MODULE 3)', u'NODIP4', u'NON-DIPLOMA PURPOSE (ENG & BE)', u'22', u'SEMESTER 2', u'D7', u'DBN FULL-TIME NON-SUBSIDISED', u'A', u'40007541:HAN', 5.0]
check 'WENG333_SEM2_2018' 'WENG333'
adding  WENG333
requesting:  http://10.0.100.98:8000/bbinfo/matching_courses/WENG333%25
r= <Response [200]>
matching classes= set([u'WENG333_ALL_2016', u'WENG333_13_JAIS', u'WENG333_SEM1_2018', u'WENG333_SEM2_2018', u'WENG333_SEM2_2017', u'WENG333_SEM1_2017', u'WENG333_13_HANK'])
[u'', u'', u'', u'', u'', u'', u'', u'', u'', u'', u'', u'', u'']
check '' ''
[u'CMTT411_SEM1_2018', u'CMTT411_SEM1_2017', u'CMTT411', u'CONSTRUCTION MATERIALS TECHNOLOGY IV (MOD 1)', u'BTCVU1', u'BT: ENGINEERING: CIVIL  (URBAN ENG)', u'21', u'SEMESTER 1', u'D3', u'Durban Campus Part-time', u'A', u'40000434:HOOSEN', 1.0]
check 'CMTT411_SEM1_2018' 'CMTT411'
processXLS: only for SEM2 [u'CMTT411_SEM1_2018', u'CMTT411_SEM1_2017', u'CMTT411', u'CONSTRUCTION MATERIALS TECHNOLOGY IV (MOD 1)', u'BTCVU1', u'BT: ENGINEERING: CIVIL  (URBAN ENG)', u'21', u'SEMESTER 1', u'D3', u'Durban Campus Part-time', u'A', u'40000434:HOOSEN', 1.0]
[u'', u'', u'', u'', u'', u'', u'', u'', u'', u'', u'', u'', u'']
check '' ''
[u'CMTT411_SEM2_2018', u'CMTT411_SEM2_2017', u'CMTT411', u'CONSTRUCTION MATERIALS TECHNOLOGY IV (MOD 1)', u'BTCVC1', u'BT: ENGINEERING: CIVIL (CONSTRUCTION MA)', u'22', u'SEMESTER 2', u'D3', u'Durban Campus Part-time', u'A', u'40000434:HOOSEN', 72.0]
check 'CMTT411_SEM2_2018' 'CMTT411'
adding  CMTT411
requesting:  http://10.0.100.98:8000/bbinfo/matching_courses/CMTT411%25
r= <Response [200]>
matching classes= set([u'CMTT411_SEM1_2018', u'CMTT411_SEM2_2018', u'CMTT411_SEM2_2017', u'CMTT411_SEM1_2017', u'CMTT411_13_HOOG', u'CMTT411_ALL_2016'])
[u'CMTT411_SEM2_2018', u'CMTT411_SEM2_2017', u'CMTT411', u'CONSTRUCTION MATERIALS TECHNOLOGY IV (MOD 1)', u'BTCVS1', u'BT: ENGINEERING: CIVIL (STRUCTURAL ENG)', u'22', u'SEMESTER 2', u'D3', u'Durban Campus Part-time', u'A', u'40000434:HOOSEN', 4.0]
check 'CMTT411_SEM2_2018' 'CMTT411'
adding  CMTT411
requesting:  http://10.0.100.98:8000/bbinfo/matching_courses/CMTT411%25
r= <Response [200]>
matching classes= set([u'CMTT411_SEM1_2018', u'CMTT411_SEM2_2018', u'CMTT411_SEM2_2017', u'CMTT411_SEM1_2017', u'CMTT411_13_HOOG', u'CMTT411_ALL_2016'])
[u'CMTT411_SEM2_2018', u'CMTT411_SEM2_2017', u'CMTT411', u'CONSTRUCTION MATERIALS TECHNOLOGY IV (MOD 1)', u'BTCVT1', u'BT: ENGINEERING: CIVIL (TRANSPORTATION)', u'22', u'SEMESTER 2', u'D3', u'Durban Campus Part-time', u'A', u'40000434:HOOSEN', 41.0]
check 'CMTT411_SEM2_2018' 'CMTT411'
adding  CMTT411
requesting:  http://10.0.100.98:8000/bbinfo/matching_courses/CMTT411%25
r= <Response [200]>
matching classes= set([u'CMTT411_SEM1_2018', u'CMTT411_SEM2_2018', u'CMTT411_SEM2_2017', u'CMTT411_SEM1_2017', u'CMTT411_13_HOOG', u'CMTT411_ALL_2016'])
[u'CMTT411_SEM2_2018', u'CMTT411_SEM2_2017', u'CMTT411', u'CONSTRUCTION MATERIALS TECHNOLOGY IV (MOD 1)', u'BTCVU1', u'BT: ENGINEERING: CIVIL  (URBAN ENG)', u'22', u'SEMESTER 2', u'D3', u'Durban Campus Part-time', u'A', u'40000434:HOOSEN', 53.0]
check 'CMTT411_SEM2_2018' 'CMTT411'
adding  CMTT411
requesting:  http://10.0.100.98:8000/bbinfo/matching_courses/CMTT411%25
r= <Response [200]>
matching classes= set([u'CMTT411_SEM1_2018', u'CMTT411_SEM2_2018', u'CMTT411_SEM2_2017', u'CMTT411_SEM1_2017', u'CMTT411_13_HOOG', u'CMTT411_ALL_2016'])
[u'', u'', u'', u'', u'', u'', u'', u'', u'', u'', u'', u'', u'']
check '' ''
[u'CMTT421_SEM1_2018', u'CMTT421_SEM1_2017', u'CMTT421', u'CONSTRUCTION MATERIALS TECHNOLOGY IV (MOD 2)', u'BTCVU1', u'BT: ENGINEERING: CIVIL  (URBAN ENG)', u'21', u'SEMESTER 1', u'D3', u'Durban Campus Part-time', u'A', u'40000434:HOOSEN', 1.0]
check 'CMTT421_SEM1_2018' 'CMTT421'
processXLS: only for SEM2 [u'CMTT421_SEM1_2018', u'CMTT421_SEM1_2017', u'CMTT421', u'CONSTRUCTION MATERIALS TECHNOLOGY IV (MOD 2)', u'BTCVU1', u'BT: ENGINEERING: CIVIL  (URBAN ENG)', u'21', u'SEMESTER 1', u'D3', u'Durban Campus Part-time', u'A', u'40000434:HOOSEN', 1.0]
[u'', u'', u'', u'', u'', u'', u'', u'', u'', u'', u'', u'', u'']
check '' ''
[u'CMTT421_SEM2_2018', u'CMTT421_SEM2_2017', u'CMTT421', u'CONSTRUCTION MATERIALS TECHNOLOGY IV (MOD 2)', u'BTCVC1', u'BT: ENGINEERING: CIVIL (CONSTRUCTION MA)', u'22', u'SEMESTER 2', u'D3', u'Durban Campus Part-time', u'A', u'40000434:HOOSEN', 70.0]
check 'CMTT421_SEM2_2018' 'CMTT421'
adding  CMTT421
requesting:  http://10.0.100.98:8000/bbinfo/matching_courses/CMTT421%25
r= <Response [200]>
matching classes= set([u'CMTT421_SEM1_2018', u'CMTT421_SEM1_2017', u'CMTT421_SEM2_2017', u'CMTT421_SEM2_2018', u'CMTT421_13_HOOG', u'CMTT421_ALL_2016'])
[u'CMTT421_SEM2_2018', u'CMTT421_SEM2_2017', u'CMTT421', u'CONSTRUCTION MATERIALS TECHNOLOGY IV (MOD 2)', u'BTCVS1', u'BT: ENGINEERING: CIVIL (STRUCTURAL ENG)', u'22', u'SEMESTER 2', u'D3', u'Durban Campus Part-time', u'A', u'40000434:HOOSEN', 4.0]
check 'CMTT421_SEM2_2018' 'CMTT421'
adding  CMTT421
requesting:  http://10.0.100.98:8000/bbinfo/matching_courses/CMTT421%25
r= <Response [200]>
matching classes= set([u'CMTT421_SEM1_2018', u'CMTT421_SEM1_2017', u'CMTT421_SEM2_2017', u'CMTT421_SEM2_2018', u'CMTT421_13_HOOG', u'CMTT421_ALL_2016'])
[u'CMTT421_SEM2_2018', u'CMTT421_SEM2_2017', u'CMTT421', u'CONSTRUCTION MATERIALS TECHNOLOGY IV (MOD 2)', u'BTCVT1', u'BT: ENGINEERING: CIVIL (TRANSPORTATION)', u'22', u'SEMESTER 2', u'D3', u'Durban Campus Part-time', u'A', u'40000434:HOOSEN', 38.0]
check 'CMTT421_SEM2_2018' 'CMTT421'
adding  CMTT421
requesting:  http://10.0.100.98:8000/bbinfo/matching_courses/CMTT421%25
r= <Response [200]>
matching classes= set([u'CMTT421_SEM1_2018', u'CMTT421_SEM1_2017', u'CMTT421_SEM2_2017', u'CMTT421_SEM2_2018', u'CMTT421_13_HOOG', u'CMTT421_ALL_2016'])
[u'CMTT421_SEM2_2018', u'CMTT421_SEM2_2017', u'CMTT421', u'CONSTRUCTION MATERIALS TECHNOLOGY IV (MOD 2)', u'BTCVU1', u'BT: ENGINEERING: CIVIL  (URBAN ENG)', u'22', u'SEMESTER 2', u'D3', u'Durban Campus Part-time', u'A', u'40000434:HOOSEN', 49.0]
check 'CMTT421_SEM2_2018' 'CMTT421'
adding  CMTT421
requesting:  http://10.0.100.98:8000/bbinfo/matching_courses/CMTT421%25
r= <Response [200]>
matching classes= set([u'CMTT421_SEM1_2018', u'CMTT421_SEM1_2017', u'CMTT421_SEM2_2017', u'CMTT421_SEM2_2018', u'CMTT421_13_HOOG', u'CMTT421_ALL_2016'])
[u'', u'', u'', u'', u'', u'', u'', u'', u'', u'', u'', u'', u'']
check '' ''
[u'CNTM411_SEM2_2018', u'CNTM411_SEM2_2017', u'CNTM411', u'CONTRACT MANAGEMENT: CIVIL IV (MOD 1)', u'BTCVC1', u'BT: ENGINEERING: CIVIL (CONSTRUCTION MA)', u'22', u'SEMESTER 2', u'D3', u'Durban Campus Part-time', u'A', u'50002605:GOVENDER R', 73.0]
check 'CNTM411_SEM2_2018' 'CNTM411'
adding  CNTM411
requesting:  http://10.0.100.98:8000/bbinfo/matching_courses/CNTM411%25
r= <Response [200]>
matching classes= set([u'CNTM411_SEM2_2018', u'CNTM411_13_GOVR', u'CNTM411_SEM2_2017'])
[u'CNTM411_SEM2_2018', u'CNTM411_SEM2_2017', u'CNTM411', u'CONTRACT MANAGEMENT: CIVIL IV (MOD 1)', u'BTCVS1', u'BT: ENGINEERING: CIVIL (STRUCTURAL ENG)', u'22', u'SEMESTER 2', u'D3', u'Durban Campus Part-time', u'A', u'50002605:GOVENDER R', 2.0]
check 'CNTM411_SEM2_2018' 'CNTM411'
adding  CNTM411
requesting:  http://10.0.100.98:8000/bbinfo/matching_courses/CNTM411%25
r= <Response [200]>
matching classes= set([u'CNTM411_SEM2_2018', u'CNTM411_13_GOVR', u'CNTM411_SEM2_2017'])
[u'CNTM411_SEM2_2018', u'CNTM411_SEM2_2017', u'CNTM411', u'CONTRACT MANAGEMENT: CIVIL IV (MOD 1)', u'BTCVU1', u'BT: ENGINEERING: CIVIL  (URBAN ENG)', u'22', u'SEMESTER 2', u'D3', u'Durban Campus Part-time', u'A', u'50002605:GOVENDER R', 3.0]
check 'CNTM411_SEM2_2018' 'CNTM411'
adding  CNTM411
requesting:  http://10.0.100.98:8000/bbinfo/matching_courses/CNTM411%25
r= <Response [200]>
matching classes= set([u'CNTM411_SEM2_2018', u'CNTM411_13_GOVR', u'CNTM411_SEM2_2017'])
[u'', u'', u'', u'', u'', u'', u'', u'', u'', u'', u'', u'', u'']
check '' ''
[u'CNTM421_SEM2_2018', u'CNTM421_SEM2_2017', u'CNTM421', u'CONTRACT MANAGEMENT: CIVIL IV (MOD 2)', u'BTCVC1', u'BT: ENGINEERING: CIVIL (CONSTRUCTION MA)', u'22', u'SEMESTER 2', u'D3', u'Durban Campus Part-time', u'A', u'50002605:GOVENDER R', 70.0]
check 'CNTM421_SEM2_2018' 'CNTM421'
adding  CNTM421
requesting:  http://10.0.100.98:8000/bbinfo/matching_courses/CNTM421%25
r= <Response [200]>
matching classes= set([u'CNTM421_SEM2_2018', u'CNTM421_13_GOVR', u'CNTM421_SEM2_2017'])
[u'CNTM421_SEM2_2018', u'CNTM421_SEM2_2017', u'CNTM421', u'CONTRACT MANAGEMENT: CIVIL IV (MOD 2)', u'BTCVS1', u'BT: ENGINEERING: CIVIL (STRUCTURAL ENG)', u'22', u'SEMESTER 2', u'D3', u'Durban Campus Part-time', u'A', u'50002605:GOVENDER R', 2.0]
check 'CNTM421_SEM2_2018' 'CNTM421'
adding  CNTM421
requesting:  http://10.0.100.98:8000/bbinfo/matching_courses/CNTM421%25
r= <Response [200]>
matching classes= set([u'CNTM421_SEM2_2018', u'CNTM421_13_GOVR', u'CNTM421_SEM2_2017'])
[u'CNTM421_SEM2_2018', u'CNTM421_SEM2_2017', u'CNTM421', u'CONTRACT MANAGEMENT: CIVIL IV (MOD 2)', u'BTCVU1', u'BT: ENGINEERING: CIVIL  (URBAN ENG)', u'22', u'SEMESTER 2', u'D3', u'Durban Campus Part-time', u'A', u'50002605:GOVENDER R', 3.0]
check 'CNTM421_SEM2_2018' 'CNTM421'
adding  CNTM421
requesting:  http://10.0.100.98:8000/bbinfo/matching_courses/CNTM421%25
r= <Response [200]>
matching classes= set([u'CNTM421_SEM2_2018', u'CNTM421_13_GOVR', u'CNTM421_SEM2_2017'])
[u'', u'', u'', u'', u'', u'', u'', u'', u'', u'', u'', u'', u'']
check '' ''
[u'DPHT401_SEM2_2018', u'DPHT401_SEM2_2017', u'DPHT401', u'DIGITAL PHOTOGRAMMETRY IV', u'BTSUR1', u'BT: SURVEYING', u'22', u'SEMESTER 2', u'D3', u'Durban Campus Part-time', u'A', u'40009694:PHIRI M', 25.0]
check 'DPHT401_SEM2_2018' 'DPHT401'
adding  DPHT401
requesting:  http://10.0.100.98:8000/bbinfo/matching_courses/DPHT401%25
r= <Response [200]>
matching classes= set([u'DPHT401_13_MOSL', u'DPHT401_SEM2_2017', u'DPHT401_SEM2_2018'])
[u'', u'', u'', u'', u'', u'', u'', u'', u'', u'', u'', u'', u'']
check '' ''
[u'FNDE411_SEM1_2018', u'FNDE411_SEM1_2017', u'FNDE411', u'FOUNDATION ENGINEERING IV (MOD 1)', u'BTCVS1', u'BT: ENGINEERING: CIVIL (STRUCTURAL ENG)', u'21', u'SEMESTER 1', u'D3', u'Durban Campus Part-time', u'A', u'40009652:JAJBHAY H A', 1.0]
check 'FNDE411_SEM1_2018' 'FNDE411'
processXLS: only for SEM2 [u'FNDE411_SEM1_2018', u'FNDE411_SEM1_2017', u'FNDE411', u'FOUNDATION ENGINEERING IV (MOD 1)', u'BTCVS1', u'BT: ENGINEERING: CIVIL (STRUCTURAL ENG)', u'21', u'SEMESTER 1', u'D3', u'Durban Campus Part-time', u'A', u'40009652:JAJBHAY H A', 1.0]
[u'', u'', u'', u'', u'', u'', u'', u'', u'', u'', u'', u'', u'']
check '' ''
[u'FNDE411_SEM2_2018', u'FNDE411_SEM2_2017', u'FNDE411', u'FOUNDATION ENGINEERING IV (MOD 1)', u'BTCVS1', u'BT: ENGINEERING: CIVIL (STRUCTURAL ENG)', u'22', u'SEMESTER 2', u'D3', u'Durban Campus Part-time', u'A', u'40009652:JAJBHAY H A', 31.0]
check 'FNDE411_SEM2_2018' 'FNDE411'
adding  FNDE411
requesting:  http://10.0.100.98:8000/bbinfo/matching_courses/FNDE411%25
r= <Response [200]>
matching classes= set([u'FNDE411_SEM2_2018', u'FNDE411_SEM1_2017', u'FNDE411_13_JARM', u'FNDE411_SEM1_2018', u'FNDE411_SEM2_2017'])
[u'', u'', u'', u'', u'', u'', u'', u'', u'', u'', u'', u'', u'']
check '' ''
[u'FNDE421_SEM1_2018', u'FNDE421_SEM1_2017', u'FNDE421', u'FOUNDATION ENGINEERING IV (MOD 2)', u'BTCVS1', u'BT: ENGINEERING: CIVIL (STRUCTURAL ENG)', u'21', u'SEMESTER 1', u'D3', u'Durban Campus Part-time', u'A', u'40009652:JAJBHAY H A', 1.0]
check 'FNDE421_SEM1_2018' 'FNDE421'
processXLS: only for SEM2 [u'FNDE421_SEM1_2018', u'FNDE421_SEM1_2017', u'FNDE421', u'FOUNDATION ENGINEERING IV (MOD 2)', u'BTCVS1', u'BT: ENGINEERING: CIVIL (STRUCTURAL ENG)', u'21', u'SEMESTER 1', u'D3', u'Durban Campus Part-time', u'A', u'40009652:JAJBHAY H A', 1.0]
[u'', u'', u'', u'', u'', u'', u'', u'', u'', u'', u'', u'', u'']
check '' ''
[u'FNDE421_SEM2_2018', u'FNDE421_SEM2_2017', u'FNDE421', u'FOUNDATION ENGINEERING IV (MOD 2)', u'BTCVS1', u'BT: ENGINEERING: CIVIL (STRUCTURAL ENG)', u'22', u'SEMESTER 2', u'D3', u'Durban Campus Part-time', u'A', u'40009652:JAJBHAY H A', 31.0]
check 'FNDE421_SEM2_2018' 'FNDE421'
adding  FNDE421
requesting:  http://10.0.100.98:8000/bbinfo/matching_courses/FNDE421%25
r= <Response [200]>
matching classes= set([u'FNDE421_SEM2_2018', u'FNDE421_SEM1_2017', u'FNDE421_SEM1_2018', u'FNDE421_13_JARM', u'FNDE421_SEM2_2017'])
[u'', u'', u'', u'', u'', u'', u'', u'', u'', u'', u'', u'', u'']
check '' ''
[u'GEOD402_SEM2_2018', u'GEOD402_SEM2_2017', u'GEOD402', u'GEODESY IV', u'BTSUR1', u'BT: SURVEYING', u'22', u'SEMESTER 2', u'D3', u'Durban Campus Part-time', u'A', u'40007474:CHILUFYA S M;40007474:CHILUFYA S M;40007474:CHILUFYA S M;40007474:CHILUFYA S M', 24.0]
check 'GEOD402_SEM2_2018' 'GEOD402'
adding  GEOD402
requesting:  http://10.0.100.98:8000/bbinfo/matching_courses/GEOD402%25
r= <Response [200]>
matching classes= set([u'GEOD402_13_CHIS', u'GEOD402_SEM2_2017', u'GEOD402_SEM2_2018'])
[u'', u'', u'', u'', u'', u'', u'', u'', u'', u'', u'', u'', u'']
check '' ''
[u'GMDS411_SEM1_2018', u'GMDS411_SEM1_2017', u'GMDS411', u'GEOMETRIC DESIGN IV (MOD 1)', u'BTSUR1', u'BT: SURVEYING', u'21', u'SEMESTER 1', u'D3', u'Durban Campus Part-time', u'A', u'50002605:GOVENDER', 1.0]
check 'GMDS411_SEM1_2018' 'GMDS411'
processXLS: only for SEM2 [u'GMDS411_SEM1_2018', u'GMDS411_SEM1_2017', u'GMDS411', u'GEOMETRIC DESIGN IV (MOD 1)', u'BTSUR1', u'BT: SURVEYING', u'21', u'SEMESTER 1', u'D3', u'Durban Campus Part-time', u'A', u'50002605:GOVENDER', 1.0]
[u'', u'', u'', u'', u'', u'', u'', u'', u'', u'', u'', u'', u'']
check '' ''
[u'GMDS421_SEM1_2018', u'GMDS421_SEM1_2017', u'GMDS421', u'GEOMETRIC DESIGN IV (MOD 2)', u'BTCVU1', u'BT: ENGINEERING: CIVIL  (URBAN ENG)', u'21', u'SEMESTER 1', u'D3', u'Durban Campus Part-time', u'A', u'50002605:GOVENDER', 1.0]
check 'GMDS421_SEM1_2018' 'GMDS421'
processXLS: only for SEM2 [u'GMDS421_SEM1_2018', u'GMDS421_SEM1_2017', u'GMDS421', u'GEOMETRIC DESIGN IV (MOD 2)', u'BTCVU1', u'BT: ENGINEERING: CIVIL  (URBAN ENG)', u'21', u'SEMESTER 1', u'D3', u'Durban Campus Part-time', u'A', u'50002605:GOVENDER', 1.0]
[u'GMDS421_SEM1_2018', u'GMDS421_SEM1_2017', u'GMDS421', u'GEOMETRIC DESIGN IV (MOD 2)', u'BTSUR1', u'BT: SURVEYING', u'21', u'SEMESTER 1', u'D3', u'Durban Campus Part-time', u'A', u'50002605:GOVENDER', 1.0]
check 'GMDS421_SEM1_2018' 'GMDS421'
processXLS: only for SEM2 [u'GMDS421_SEM1_2018', u'GMDS421_SEM1_2017', u'GMDS421', u'GEOMETRIC DESIGN IV (MOD 2)', u'BTSUR1', u'BT: SURVEYING', u'21', u'SEMESTER 1', u'D3', u'Durban Campus Part-time', u'A', u'50002605:GOVENDER', 1.0]
[u'', u'', u'', u'', u'', u'', u'', u'', u'', u'', u'', u'', u'']
check '' ''
[u'HLGY411_SEM1_2018', u'HLGY411_SEM1_2017', u'HLGY411', u'HYDROLOGY IV (MOD 1)', u'BTCVT1', u'BT: ENGINEERING: CIVIL (TRANSPORTATION)', u'21', u'SEMESTER 1', u'D3', u'Durban Campus Part-time', u'A', u'40007541:HAN K A', 1.0]
check 'HLGY411_SEM1_2018' 'HLGY411'
processXLS: only for SEM2 [u'HLGY411_SEM1_2018', u'HLGY411_SEM1_2017', u'HLGY411', u'HYDROLOGY IV (MOD 1)', u'BTCVT1', u'BT: ENGINEERING: CIVIL (TRANSPORTATION)', u'21', u'SEMESTER 1', u'D3', u'Durban Campus Part-time', u'A', u'40007541:HAN K A', 1.0]
[u'HLGY411_SEM1_2018', u'HLGY411_SEM1_2017', u'HLGY411', u'HYDROLOGY IV (MOD 1)', u'BTCVU1', u'BT: ENGINEERING: CIVIL  (URBAN ENG)', u'21', u'SEMESTER 1', u'D3', u'Durban Campus Part-time', u'A', u'40007541:HAN K A', 1.0]
check 'HLGY411_SEM1_2018' 'HLGY411'
processXLS: only for SEM2 [u'HLGY411_SEM1_2018', u'HLGY411_SEM1_2017', u'HLGY411', u'HYDROLOGY IV (MOD 1)', u'BTCVU1', u'BT: ENGINEERING: CIVIL  (URBAN ENG)', u'21', u'SEMESTER 1', u'D3', u'Durban Campus Part-time', u'A', u'40007541:HAN K A', 1.0]
[u'HLGY411_SEM1_2018', u'HLGY411_SEM1_2017', u'HLGY411', u'HYDROLOGY IV (MOD 1)', u'BTCVW1', u'BT: ENGINEERING: CIVIL (WATER ENG)', u'21', u'SEMESTER 1', u'D3', u'Durban Campus Part-time', u'A', u'40007541:HAN K A', 53.0]
check 'HLGY411_SEM1_2018' 'HLGY411'
processXLS: only for SEM2 [u'HLGY411_SEM1_2018', u'HLGY411_SEM1_2017', u'HLGY411', u'HYDROLOGY IV (MOD 1)', u'BTCVW1', u'BT: ENGINEERING: CIVIL (WATER ENG)', u'21', u'SEMESTER 1', u'D3', u'Durban Campus Part-time', u'A', u'40007541:HAN K A', 53.0]
[u'', u'', u'', u'', u'', u'', u'', u'', u'', u'', u'', u'', u'']
check '' ''
[u'HLGY421_SEM1_2018', u'HLGY421_SEM1_2017', u'HLGY421', u'HYDROLOGY IV (MOD 2)', u'BTCVT1', u'BT: ENGINEERING: CIVIL (TRANSPORTATION)', u'21', u'SEMESTER 1', u'D3', u'Durban Campus Part-time', u'A', u'40007541:HAN K A', 1.0]
check 'HLGY421_SEM1_2018' 'HLGY421'
processXLS: only for SEM2 [u'HLGY421_SEM1_2018', u'HLGY421_SEM1_2017', u'HLGY421', u'HYDROLOGY IV (MOD 2)', u'BTCVT1', u'BT: ENGINEERING: CIVIL (TRANSPORTATION)', u'21', u'SEMESTER 1', u'D3', u'Durban Campus Part-time', u'A', u'40007541:HAN K A', 1.0]
[u'HLGY421_SEM1_2018', u'HLGY421_SEM1_2017', u'HLGY421', u'HYDROLOGY IV (MOD 2)', u'BTCVU1', u'BT: ENGINEERING: CIVIL  (URBAN ENG)', u'21', u'SEMESTER 1', u'D3', u'Durban Campus Part-time', u'A', u'40007541:HAN K A', 1.0]
check 'HLGY421_SEM1_2018' 'HLGY421'
processXLS: only for SEM2 [u'HLGY421_SEM1_2018', u'HLGY421_SEM1_2017', u'HLGY421', u'HYDROLOGY IV (MOD 2)', u'BTCVU1', u'BT: ENGINEERING: CIVIL  (URBAN ENG)', u'21', u'SEMESTER 1', u'D3', u'Durban Campus Part-time', u'A', u'40007541:HAN K A', 1.0]
[u'HLGY421_SEM1_2018', u'HLGY421_SEM1_2017', u'HLGY421', u'HYDROLOGY IV (MOD 2)', u'BTCVW1', u'BT: ENGINEERING: CIVIL (WATER ENG)', u'21', u'SEMESTER 1', u'D3', u'Durban Campus Part-time', u'A', u'40007541:HAN K A', 50.0]
check 'HLGY421_SEM1_2018' 'HLGY421'
processXLS: only for SEM2 [u'HLGY421_SEM1_2018', u'HLGY421_SEM1_2017', u'HLGY421', u'HYDROLOGY IV (MOD 2)', u'BTCVW1', u'BT: ENGINEERING: CIVIL (WATER ENG)', u'21', u'SEMESTER 1', u'D3', u'Durban Campus Part-time', u'A', u'40007541:HAN K A', 50.0]
[u'', u'', u'', u'', u'', u'', u'', u'', u'', u'', u'', u'', u'']
check '' ''
[u'MTPP411_SEM1_2018', u'MTPP411_SEM1_2017', u'MTPP411', u'MANAGEMENT PRINCIPLES AND PRACTICE IV (MOD 1)', u'BTCVC1', u'BT: ENGINEERING: CIVIL (CONSTRUCTION MA)', u'21', u'SEMESTER 1', u'D3', u'Durban Campus Part-time', u'A', u'40000434:HOOSEN', 3.0]
check 'MTPP411_SEM1_2018' 'MTPP411'
processXLS: only for SEM2 [u'MTPP411_SEM1_2018', u'MTPP411_SEM1_2017', u'MTPP411', u'MANAGEMENT PRINCIPLES AND PRACTICE IV (MOD 1)', u'BTCVC1', u'BT: ENGINEERING: CIVIL (CONSTRUCTION MA)', u'21', u'SEMESTER 1', u'D3', u'Durban Campus Part-time', u'A', u'40000434:HOOSEN', 3.0]
[u'MTPP411_SEM1_2018', u'MTPP411_SEM1_2017', u'MTPP411', u'MANAGEMENT PRINCIPLES AND PRACTICE IV (MOD 1)', u'BTCVW1', u'BT: ENGINEERING: CIVIL (WATER ENG)', u'21', u'SEMESTER 1', u'D3', u'Durban Campus Part-time', u'A', u'40000434:HOOSEN', 1.0]
check 'MTPP411_SEM1_2018' 'MTPP411'
processXLS: only for SEM2 [u'MTPP411_SEM1_2018', u'MTPP411_SEM1_2017', u'MTPP411', u'MANAGEMENT PRINCIPLES AND PRACTICE IV (MOD 1)', u'BTCVW1', u'BT: ENGINEERING: CIVIL (WATER ENG)', u'21', u'SEMESTER 1', u'D3', u'Durban Campus Part-time', u'A', u'40000434:HOOSEN', 1.0]
[u'', u'', u'', u'', u'', u'', u'', u'', u'', u'', u'', u'', u'']
check '' ''
[u'MTPP421_SEM1_2018', u'MTPP421_SEM1_2017', u'MTPP421', u'MANAGEMENT PRINCIPLES AND PRACTICE IV (MOD 2)', u'BTCVC1', u'BT: ENGINEERING: CIVIL (CONSTRUCTION MA)', u'21', u'SEMESTER 1', u'D3', u'Durban Campus Part-time', u'A', u'40000434:HOOSEN', 2.0]
check 'MTPP421_SEM1_2018' 'MTPP421'
processXLS: only for SEM2 [u'MTPP421_SEM1_2018', u'MTPP421_SEM1_2017', u'MTPP421', u'MANAGEMENT PRINCIPLES AND PRACTICE IV (MOD 2)', u'BTCVC1', u'BT: ENGINEERING: CIVIL (CONSTRUCTION MA)', u'21', u'SEMESTER 1', u'D3', u'Durban Campus Part-time', u'A', u'40000434:HOOSEN', 2.0]
[u'MTPP421_SEM1_2018', u'MTPP421_SEM1_2017', u'MTPP421', u'MANAGEMENT PRINCIPLES AND PRACTICE IV (MOD 2)', u'BTCVW1', u'BT: ENGINEERING: CIVIL (WATER ENG)', u'21', u'SEMESTER 1', u'D3', u'Durban Campus Part-time', u'A', u'40000434:HOOSEN', 1.0]
check 'MTPP421_SEM1_2018' 'MTPP421'
processXLS: only for SEM2 [u'MTPP421_SEM1_2018', u'MTPP421_SEM1_2017', u'MTPP421', u'MANAGEMENT PRINCIPLES AND PRACTICE IV (MOD 2)', u'BTCVW1', u'BT: ENGINEERING: CIVIL (WATER ENG)', u'21', u'SEMESTER 1', u'D3', u'Durban Campus Part-time', u'A', u'40000434:HOOSEN', 1.0]
[u'', u'', u'', u'', u'', u'', u'', u'', u'', u'', u'', u'', u'']
check '' ''
[u'PCDS411_SEM1_2018', u'PCDS411_SEM1_2017', u'PCDS411', u'PRESTRESSED CONCRETE DESIGN IV (MOD 1)', u'BTCVC1', u'BT: ENGINEERING: CIVIL (CONSTRUCTION MA)', u'21', u'SEMESTER 1', u'D3', u'Durban Campus Part-time', u'A', u'40000434:HOOSEN', 1.0]
check 'PCDS411_SEM1_2018' 'PCDS411'
processXLS: only for SEM2 [u'PCDS411_SEM1_2018', u'PCDS411_SEM1_2017', u'PCDS411', u'PRESTRESSED CONCRETE DESIGN IV (MOD 1)', u'BTCVC1', u'BT: ENGINEERING: CIVIL (CONSTRUCTION MA)', u'21', u'SEMESTER 1', u'D3', u'Durban Campus Part-time', u'A', u'40000434:HOOSEN', 1.0]
[u'PCDS411_SEM1_2018', u'PCDS411_SEM1_2017', u'PCDS411', u'PRESTRESSED CONCRETE DESIGN IV (MOD 1)', u'BTCVS1', u'BT: ENGINEERING: CIVIL (STRUCTURAL ENG)', u'21', u'SEMESTER 1', u'D3', u'Durban Campus Part-time', u'A', u'40000434:HOOSEN', 34.0]
check 'PCDS411_SEM1_2018' 'PCDS411'
processXLS: only for SEM2 [u'PCDS411_SEM1_2018', u'PCDS411_SEM1_2017', u'PCDS411', u'PRESTRESSED CONCRETE DESIGN IV (MOD 1)', u'BTCVS1', u'BT: ENGINEERING: CIVIL (STRUCTURAL ENG)', u'21', u'SEMESTER 1', u'D3', u'Durban Campus Part-time', u'A', u'40000434:HOOSEN', 34.0]
[u'', u'', u'', u'', u'', u'', u'', u'', u'', u'', u'', u'', u'']
check '' ''
[u'PCDS421_SEM1_2018', u'PCDS421_SEM1_2017', u'PCDS421', u'PRESTRESSED CONCRETE DESIGN IV (MOD 2)', u'BTCVS1', u'BT: ENGINEERING: CIVIL (STRUCTURAL ENG)', u'21', u'SEMESTER 1', u'D3', u'Durban Campus Part-time', u'A', u'40000434:HOOSEN', 34.0]
check 'PCDS421_SEM1_2018' 'PCDS421'
processXLS: only for SEM2 [u'PCDS421_SEM1_2018', u'PCDS421_SEM1_2017', u'PCDS421', u'PRESTRESSED CONCRETE DESIGN IV (MOD 2)', u'BTCVS1', u'BT: ENGINEERING: CIVIL (STRUCTURAL ENG)', u'21', u'SEMESTER 1', u'D3', u'Durban Campus Part-time', u'A', u'40000434:HOOSEN', 34.0]
[u'', u'', u'', u'', u'', u'', u'', u'', u'', u'', u'', u'', u'']
check '' ''
[u'PRJM412_SEM1_2018', u'PRJM412_SEM1_2017', u'PRJM412', u'PROJECT MANAGEMENT: CIVIL IV (MOD 1)', u'BTCVS1', u'BT: ENGINEERING: CIVIL (STRUCTURAL ENG)', u'21', u'SEMESTER 1', u'D3', u'Durban Campus Part-time', u'A', u'50002605:GOVENDER', 1.0]
check 'PRJM412_SEM1_2018' 'PRJM412'
processXLS: only for SEM2 [u'PRJM412_SEM1_2018', u'PRJM412_SEM1_2017', u'PRJM412', u'PROJECT MANAGEMENT: CIVIL IV (MOD 1)', u'BTCVS1', u'BT: ENGINEERING: CIVIL (STRUCTURAL ENG)', u'21', u'SEMESTER 1', u'D3', u'Durban Campus Part-time', u'A', u'50002605:GOVENDER', 1.0]
[u'', u'', u'', u'', u'', u'', u'', u'', u'', u'', u'', u'', u'']
check '' ''
[u'PRJM422_SEM1_2018', u'PRJM422_SEM1_2017', u'PRJM422', u'PROJECT MANAGEMENT: CIVIL IV (MOD 2)', u'BTCVC1', u'BT: ENGINEERING: CIVIL (CONSTRUCTION MA)', u'21', u'SEMESTER 1', u'D3', u'Durban Campus Part-time', u'A', u'50002605:GOVENDER', 1.0]
check 'PRJM422_SEM1_2018' 'PRJM422'
processXLS: only for SEM2 [u'PRJM422_SEM1_2018', u'PRJM422_SEM1_2017', u'PRJM422', u'PROJECT MANAGEMENT: CIVIL IV (MOD 2)', u'BTCVC1', u'BT: ENGINEERING: CIVIL (CONSTRUCTION MA)', u'21', u'SEMESTER 1', u'D3', u'Durban Campus Part-time', u'A', u'50002605:GOVENDER', 1.0]
[u'PRJM422_SEM1_2018', u'PRJM422_SEM1_2017', u'PRJM422', u'PROJECT MANAGEMENT: CIVIL IV (MOD 2)', u'BTCVS1', u'BT: ENGINEERING: CIVIL (STRUCTURAL ENG)', u'21', u'SEMESTER 1', u'D3', u'Durban Campus Part-time', u'A', u'50002605:GOVENDER', 1.0]
check 'PRJM422_SEM1_2018' 'PRJM422'
processXLS: only for SEM2 [u'PRJM422_SEM1_2018', u'PRJM422_SEM1_2017', u'PRJM422', u'PROJECT MANAGEMENT: CIVIL IV (MOD 2)', u'BTCVS1', u'BT: ENGINEERING: CIVIL (STRUCTURAL ENG)', u'21', u'SEMESTER 1', u'D3', u'Durban Campus Part-time', u'A', u'50002605:GOVENDER', 1.0]
[u'', u'', u'', u'', u'', u'', u'', u'', u'', u'', u'', u'', u'']
check '' ''
[u'PRMT401_SEM1_2018', u'PRMT401_SEM1_2017', u'PRMT401', u'PRACTICE MANAGEMENT IV', u'BTSUR1', u'BT: SURVEYING', u'21', u'SEMESTER 1', u'D3', u'Durban Campus Part-time', u'A', u'40000314:VAHED', 1.0]
check 'PRMT401_SEM1_2018' 'PRMT401'
processXLS: only for SEM2 [u'PRMT401_SEM1_2018', u'PRMT401_SEM1_2017', u'PRMT401', u'PRACTICE MANAGEMENT IV', u'BTSUR1', u'BT: SURVEYING', u'21', u'SEMESTER 1', u'D3', u'Durban Campus Part-time', u'A', u'40000314:VAHED', 1.0]
[u'', u'', u'', u'', u'', u'', u'', u'', u'', u'', u'', u'', u'']
check '' ''
[u'PVTC411_SEM1_2018', u'PVTC411_SEM1_2017', u'PVTC411', u'PAVEMENT TECHNOLOGY IV (MOD 1)', u'BTCVC1', u'BT: ENGINEERING: CIVIL (CONSTRUCTION MA)', u'21', u'SEMESTER 1', u'D3', u'Durban Campus Part-time', u'A', u'50002605:GOVENDER', 75.0]
check 'PVTC411_SEM1_2018' 'PVTC411'
processXLS: only for SEM2 [u'PVTC411_SEM1_2018', u'PVTC411_SEM1_2017', u'PVTC411', u'PAVEMENT TECHNOLOGY IV (MOD 1)', u'BTCVC1', u'BT: ENGINEERING: CIVIL (CONSTRUCTION MA)', u'21', u'SEMESTER 1', u'D3', u'Durban Campus Part-time', u'A', u'50002605:GOVENDER', 75.0]
[u'PVTC411_SEM1_2018', u'PVTC411_SEM1_2017', u'PVTC411', u'PAVEMENT TECHNOLOGY IV (MOD 1)', u'BTCVS1', u'BT: ENGINEERING: CIVIL (STRUCTURAL ENG)', u'21', u'SEMESTER 1', u'D3', u'Durban Campus Part-time', u'A', u'50002605:GOVENDER', 2.0]
check 'PVTC411_SEM1_2018' 'PVTC411'
processXLS: only for SEM2 [u'PVTC411_SEM1_2018', u'PVTC411_SEM1_2017', u'PVTC411', u'PAVEMENT TECHNOLOGY IV (MOD 1)', u'BTCVS1', u'BT: ENGINEERING: CIVIL (STRUCTURAL ENG)', u'21', u'SEMESTER 1', u'D3', u'Durban Campus Part-time', u'A', u'50002605:GOVENDER', 2.0]
[u'PVTC411_SEM1_2018', u'PVTC411_SEM1_2017', u'PVTC411', u'PAVEMENT TECHNOLOGY IV (MOD 1)', u'BTCVT1', u'BT: ENGINEERING: CIVIL (TRANSPORTATION)', u'21', u'SEMESTER 1', u'D3', u'Durban Campus Part-time', u'A', u'50002605:GOVENDER', 30.0]
check 'PVTC411_SEM1_2018' 'PVTC411'
processXLS: only for SEM2 [u'PVTC411_SEM1_2018', u'PVTC411_SEM1_2017', u'PVTC411', u'PAVEMENT TECHNOLOGY IV (MOD 1)', u'BTCVT1', u'BT: ENGINEERING: CIVIL (TRANSPORTATION)', u'21', u'SEMESTER 1', u'D3', u'Durban Campus Part-time', u'A', u'50002605:GOVENDER', 30.0]
[u'PVTC411_SEM1_2018', u'PVTC411_SEM1_2017', u'PVTC411', u'PAVEMENT TECHNOLOGY IV (MOD 1)', u'BTCVU1', u'BT: ENGINEERING: CIVIL  (URBAN ENG)', u'21', u'SEMESTER 1', u'D3', u'Durban Campus Part-time', u'A', u'50002605:GOVENDER', 51.0]
check 'PVTC411_SEM1_2018' 'PVTC411'
processXLS: only for SEM2 [u'PVTC411_SEM1_2018', u'PVTC411_SEM1_2017', u'PVTC411', u'PAVEMENT TECHNOLOGY IV (MOD 1)', u'BTCVU1', u'BT: ENGINEERING: CIVIL  (URBAN ENG)', u'21', u'SEMESTER 1', u'D3', u'Durban Campus Part-time', u'A', u'50002605:GOVENDER', 51.0]
[u'PVTC411_SEM1_2018', u'PVTC411_SEM1_2017', u'PVTC411', u'PAVEMENT TECHNOLOGY IV (MOD 1)', u'BTCVW1', u'BT: ENGINEERING: CIVIL (WATER ENG)', u'21', u'SEMESTER 1', u'D3', u'Durban Campus Part-time', u'A', u'50002605:GOVENDER', 5.0]
check 'PVTC411_SEM1_2018' 'PVTC411'
processXLS: only for SEM2 [u'PVTC411_SEM1_2018', u'PVTC411_SEM1_2017', u'PVTC411', u'PAVEMENT TECHNOLOGY IV (MOD 1)', u'BTCVW1', u'BT: ENGINEERING: CIVIL (WATER ENG)', u'21', u'SEMESTER 1', u'D3', u'Durban Campus Part-time', u'A', u'50002605:GOVENDER', 5.0]
[u'', u'', u'', u'', u'', u'', u'', u'', u'', u'', u'', u'', u'']
check '' ''
[u'PVTC421_SEM1_2018', u'PVTC421_SEM1_2017', u'PVTC421', u'PAVEMENT TECHNOLOGY IV (MOD 2)', u'BTCVC1', u'BT: ENGINEERING: CIVIL (CONSTRUCTION MA)', u'21', u'SEMESTER 1', u'D3', u'Durban Campus Part-time', u'A', u'50002605:GOVENDER', 74.0]
check 'PVTC421_SEM1_2018' 'PVTC421'
processXLS: only for SEM2 [u'PVTC421_SEM1_2018', u'PVTC421_SEM1_2017', u'PVTC421', u'PAVEMENT TECHNOLOGY IV (MOD 2)', u'BTCVC1', u'BT: ENGINEERING: CIVIL (CONSTRUCTION MA)', u'21', u'SEMESTER 1', u'D3', u'Durban Campus Part-time', u'A', u'50002605:GOVENDER', 74.0]
[u'PVTC421_SEM1_2018', u'PVTC421_SEM1_2017', u'PVTC421', u'PAVEMENT TECHNOLOGY IV (MOD 2)', u'BTCVS1', u'BT: ENGINEERING: CIVIL (STRUCTURAL ENG)', u'21', u'SEMESTER 1', u'D3', u'Durban Campus Part-time', u'A', u'50002605:GOVENDER', 2.0]
check 'PVTC421_SEM1_2018' 'PVTC421'
processXLS: only for SEM2 [u'PVTC421_SEM1_2018', u'PVTC421_SEM1_2017', u'PVTC421', u'PAVEMENT TECHNOLOGY IV (MOD 2)', u'BTCVS1', u'BT: ENGINEERING: CIVIL (STRUCTURAL ENG)', u'21', u'SEMESTER 1', u'D3', u'Durban Campus Part-time', u'A', u'50002605:GOVENDER', 2.0]
[u'PVTC421_SEM1_2018', u'PVTC421_SEM1_2017', u'PVTC421', u'PAVEMENT TECHNOLOGY IV (MOD 2)', u'BTCVT1', u'BT: ENGINEERING: CIVIL (TRANSPORTATION)', u'21', u'SEMESTER 1', u'D3', u'Durban Campus Part-time', u'A', u'50002605:GOVENDER', 28.0]
check 'PVTC421_SEM1_2018' 'PVTC421'
processXLS: only for SEM2 [u'PVTC421_SEM1_2018', u'PVTC421_SEM1_2017', u'PVTC421', u'PAVEMENT TECHNOLOGY IV (MOD 2)', u'BTCVT1', u'BT: ENGINEERING: CIVIL (TRANSPORTATION)', u'21', u'SEMESTER 1', u'D3', u'Durban Campus Part-time', u'A', u'50002605:GOVENDER', 28.0]
[u'PVTC421_SEM1_2018', u'PVTC421_SEM1_2017', u'PVTC421', u'PAVEMENT TECHNOLOGY IV (MOD 2)', u'BTCVU1', u'BT: ENGINEERING: CIVIL  (URBAN ENG)', u'21', u'SEMESTER 1', u'D3', u'Durban Campus Part-time', u'A', u'50002605:GOVENDER', 50.0]
check 'PVTC421_SEM1_2018' 'PVTC421'
processXLS: only for SEM2 [u'PVTC421_SEM1_2018', u'PVTC421_SEM1_2017', u'PVTC421', u'PAVEMENT TECHNOLOGY IV (MOD 2)', u'BTCVU1', u'BT: ENGINEERING: CIVIL  (URBAN ENG)', u'21', u'SEMESTER 1', u'D3', u'Durban Campus Part-time', u'A', u'50002605:GOVENDER', 50.0]
[u'PVTC421_SEM1_2018', u'PVTC421_SEM1_2017', u'PVTC421', u'PAVEMENT TECHNOLOGY IV (MOD 2)', u'BTCVW1', u'BT: ENGINEERING: CIVIL (WATER ENG)', u'21', u'SEMESTER 1', u'D3', u'Durban Campus Part-time', u'A', u'50002605:GOVENDER', 4.0]
check 'PVTC421_SEM1_2018' 'PVTC421'
processXLS: only for SEM2 [u'PVTC421_SEM1_2018', u'PVTC421_SEM1_2017', u'PVTC421', u'PAVEMENT TECHNOLOGY IV (MOD 2)', u'BTCVW1', u'BT: ENGINEERING: CIVIL (WATER ENG)', u'21', u'SEMESTER 1', u'D3', u'Durban Campus Part-time', u'A', u'50002605:GOVENDER', 4.0]
[u'', u'', u'', u'', u'', u'', u'', u'', u'', u'', u'', u'', u'']
check '' ''
[u'RDMT411_SEM1_2018', u'RDMT411_SEM1_2017', u'RDMT411', u'RETICULATION DESIGN AND MANAGEMENT IV (MOD 1)', u'BTCVC1', u'BT: ENGINEERING: CIVIL (CONSTRUCTION MA)', u'21', u'SEMESTER 1', u'D3', u'Durban Campus Part-time', u'A', u'40000434:HOOSEN', 1.0]
check 'RDMT411_SEM1_2018' 'RDMT411'
processXLS: only for SEM2 [u'RDMT411_SEM1_2018', u'RDMT411_SEM1_2017', u'RDMT411', u'RETICULATION DESIGN AND MANAGEMENT IV (MOD 1)', u'BTCVC1', u'BT: ENGINEERING: CIVIL (CONSTRUCTION MA)', u'21', u'SEMESTER 1', u'D3', u'Durban Campus Part-time', u'A', u'40000434:HOOSEN', 1.0]
[u'RDMT411_SEM1_2018', u'RDMT411_SEM1_2017', u'RDMT411', u'RETICULATION DESIGN AND MANAGEMENT IV (MOD 1)', u'BTCVS1', u'BT: ENGINEERING: CIVIL (STRUCTURAL ENG)', u'21', u'SEMESTER 1', u'D3', u'Durban Campus Part-time', u'A', u'40000434:HOOSEN', 2.0]
check 'RDMT411_SEM1_2018' 'RDMT411'
processXLS: only for SEM2 [u'RDMT411_SEM1_2018', u'RDMT411_SEM1_2017', u'RDMT411', u'RETICULATION DESIGN AND MANAGEMENT IV (MOD 1)', u'BTCVS1', u'BT: ENGINEERING: CIVIL (STRUCTURAL ENG)', u'21', u'SEMESTER 1', u'D3', u'Durban Campus Part-time', u'A', u'40000434:HOOSEN', 2.0]
[u'RDMT411_SEM1_2018', u'RDMT411_SEM1_2017', u'RDMT411', u'RETICULATION DESIGN AND MANAGEMENT IV (MOD 1)', u'BTCVT1', u'BT: ENGINEERING: CIVIL (TRANSPORTATION)', u'21', u'SEMESTER 1', u'D3', u'Durban Campus Part-time', u'A', u'40000434:HOOSEN', 1.0]
check 'RDMT411_SEM1_2018' 'RDMT411'
processXLS: only for SEM2 [u'RDMT411_SEM1_2018', u'RDMT411_SEM1_2017', u'RDMT411', u'RETICULATION DESIGN AND MANAGEMENT IV (MOD 1)', u'BTCVT1', u'BT: ENGINEERING: CIVIL (TRANSPORTATION)', u'21', u'SEMESTER 1', u'D3', u'Durban Campus Part-time', u'A', u'40000434:HOOSEN', 1.0]
[u'RDMT411_SEM1_2018', u'RDMT411_SEM1_2017', u'RDMT411', u'RETICULATION DESIGN AND MANAGEMENT IV (MOD 1)', u'BTCVU1', u'BT: ENGINEERING: CIVIL  (URBAN ENG)', u'21', u'SEMESTER 1', u'D3', u'Durban Campus Part-time', u'A', u'40000434:HOOSEN', 54.0]
check 'RDMT411_SEM1_2018' 'RDMT411'
processXLS: only for SEM2 [u'RDMT411_SEM1_2018', u'RDMT411_SEM1_2017', u'RDMT411', u'RETICULATION DESIGN AND MANAGEMENT IV (MOD 1)', u'BTCVU1', u'BT: ENGINEERING: CIVIL  (URBAN ENG)', u'21', u'SEMESTER 1', u'D3', u'Durban Campus Part-time', u'A', u'40000434:HOOSEN', 54.0]
[u'RDMT411_SEM1_2018', u'RDMT411_SEM1_2017', u'RDMT411', u'RETICULATION DESIGN AND MANAGEMENT IV (MOD 1)', u'BTCVW1', u'BT: ENGINEERING: CIVIL (WATER ENG)', u'21', u'SEMESTER 1', u'D3', u'Durban Campus Part-time', u'A', u'40000434:HOOSEN', 50.0]
check 'RDMT411_SEM1_2018' 'RDMT411'
processXLS: only for SEM2 [u'RDMT411_SEM1_2018', u'RDMT411_SEM1_2017', u'RDMT411', u'RETICULATION DESIGN AND MANAGEMENT IV (MOD 1)', u'BTCVW1', u'BT: ENGINEERING: CIVIL (WATER ENG)', u'21', u'SEMESTER 1', u'D3', u'Durban Campus Part-time', u'A', u'40000434:HOOSEN', 50.0]
[u'', u'', u'', u'', u'', u'', u'', u'', u'', u'', u'', u'', u'']
check '' ''
[u'RDMT421_SEM1_2018', u'RDMT421_SEM1_2017', u'RDMT421', u'RETICULATION DESIGN AND MANAGEMENT IV (MOD 2)', u'BTCVC1', u'BT: ENGINEERING: CIVIL (CONSTRUCTION MA)', u'21', u'SEMESTER 1', u'D3', u'Durban Campus Part-time', u'A', u'40000434:HOOSEN', 1.0]
check 'RDMT421_SEM1_2018' 'RDMT421'
processXLS: only for SEM2 [u'RDMT421_SEM1_2018', u'RDMT421_SEM1_2017', u'RDMT421', u'RETICULATION DESIGN AND MANAGEMENT IV (MOD 2)', u'BTCVC1', u'BT: ENGINEERING: CIVIL (CONSTRUCTION MA)', u'21', u'SEMESTER 1', u'D3', u'Durban Campus Part-time', u'A', u'40000434:HOOSEN', 1.0]
[u'RDMT421_SEM1_2018', u'RDMT421_SEM1_2017', u'RDMT421', u'RETICULATION DESIGN AND MANAGEMENT IV (MOD 2)', u'BTCVS1', u'BT: ENGINEERING: CIVIL (STRUCTURAL ENG)', u'21', u'SEMESTER 1', u'D3', u'Durban Campus Part-time', u'A', u'40000434:HOOSEN', 2.0]
check 'RDMT421_SEM1_2018' 'RDMT421'
processXLS: only for SEM2 [u'RDMT421_SEM1_2018', u'RDMT421_SEM1_2017', u'RDMT421', u'RETICULATION DESIGN AND MANAGEMENT IV (MOD 2)', u'BTCVS1', u'BT: ENGINEERING: CIVIL (STRUCTURAL ENG)', u'21', u'SEMESTER 1', u'D3', u'Durban Campus Part-time', u'A', u'40000434:HOOSEN', 2.0]
[u'RDMT421_SEM1_2018', u'RDMT421_SEM1_2017', u'RDMT421', u'RETICULATION DESIGN AND MANAGEMENT IV (MOD 2)', u'BTCVT1', u'BT: ENGINEERING: CIVIL (TRANSPORTATION)', u'21', u'SEMESTER 1', u'D3', u'Durban Campus Part-time', u'A', u'40000434:HOOSEN', 1.0]
check 'RDMT421_SEM1_2018' 'RDMT421'
processXLS: only for SEM2 [u'RDMT421_SEM1_2018', u'RDMT421_SEM1_2017', u'RDMT421', u'RETICULATION DESIGN AND MANAGEMENT IV (MOD 2)', u'BTCVT1', u'BT: ENGINEERING: CIVIL (TRANSPORTATION)', u'21', u'SEMESTER 1', u'D3', u'Durban Campus Part-time', u'A', u'40000434:HOOSEN', 1.0]
[u'RDMT421_SEM1_2018', u'RDMT421_SEM1_2017', u'RDMT421', u'RETICULATION DESIGN AND MANAGEMENT IV (MOD 2)', u'BTCVU1', u'BT: ENGINEERING: CIVIL  (URBAN ENG)', u'21', u'SEMESTER 1', u'D3', u'Durban Campus Part-time', u'A', u'40000434:HOOSEN', 55.0]
check 'RDMT421_SEM1_2018' 'RDMT421'
processXLS: only for SEM2 [u'RDMT421_SEM1_2018', u'RDMT421_SEM1_2017', u'RDMT421', u'RETICULATION DESIGN AND MANAGEMENT IV (MOD 2)', u'BTCVU1', u'BT: ENGINEERING: CIVIL  (URBAN ENG)', u'21', u'SEMESTER 1', u'D3', u'Durban Campus Part-time', u'A', u'40000434:HOOSEN', 55.0]
[u'RDMT421_SEM1_2018', u'RDMT421_SEM1_2017', u'RDMT421', u'RETICULATION DESIGN AND MANAGEMENT IV (MOD 2)', u'BTCVW1', u'BT: ENGINEERING: CIVIL (WATER ENG)', u'21', u'SEMESTER 1', u'D3', u'Durban Campus Part-time', u'A', u'40000434:HOOSEN', 49.0]
check 'RDMT421_SEM1_2018' 'RDMT421'
processXLS: only for SEM2 [u'RDMT421_SEM1_2018', u'RDMT421_SEM1_2017', u'RDMT421', u'RETICULATION DESIGN AND MANAGEMENT IV (MOD 2)', u'BTCVW1', u'BT: ENGINEERING: CIVIL (WATER ENG)', u'21', u'SEMESTER 1', u'D3', u'Durban Campus Part-time', u'A', u'40000434:HOOSEN', 49.0]
[u'', u'', u'', u'', u'', u'', u'', u'', u'', u'', u'', u'', u'']
check '' ''
[u'SANA411_SEM1_2018', u'SANA411_SEM1_2017', u'SANA411', u'STRUCTURAL ANALYSIS IV (MOD 1)', u'BTCVS1', u'BT: ENGINEERING: CIVIL (STRUCTURAL ENG)', u'21', u'SEMESTER 1', u'D3', u'Durban Campus Part-time', u'A', u'40000194:VAWDA', 1.0]
check 'SANA411_SEM1_2018' 'SANA411'
processXLS: only for SEM2 [u'SANA411_SEM1_2018', u'SANA411_SEM1_2017', u'SANA411', u'STRUCTURAL ANALYSIS IV (MOD 1)', u'BTCVS1', u'BT: ENGINEERING: CIVIL (STRUCTURAL ENG)', u'21', u'SEMESTER 1', u'D3', u'Durban Campus Part-time', u'A', u'40000194:VAWDA', 1.0]
[u'', u'', u'', u'', u'', u'', u'', u'', u'', u'', u'', u'', u'']
check '' ''
[u'SANA421_SEM1_2018', u'SANA421_SEM1_2017', u'SANA421', u'STRUCTURAL ANALYSIS IV (MOD 2)', u'BTCVS1', u'BT: ENGINEERING: CIVIL (STRUCTURAL ENG)', u'21', u'SEMESTER 1', u'D3', u'Durban Campus Part-time', u'A', u'40000194:VAWDA', 1.0]
check 'SANA421_SEM1_2018' 'SANA421'
processXLS: only for SEM2 [u'SANA421_SEM1_2018', u'SANA421_SEM1_2017', u'SANA421', u'STRUCTURAL ANALYSIS IV (MOD 2)', u'BTCVS1', u'BT: ENGINEERING: CIVIL (STRUCTURAL ENG)', u'21', u'SEMESTER 1', u'D3', u'Durban Campus Part-time', u'A', u'40000194:VAWDA', 1.0]
[u'', u'', u'', u'', u'', u'', u'', u'', u'', u'', u'', u'', u'']
check '' ''
[u'SMDE411_SEM1_2018', u'SMDE411_SEM1_2017', u'SMDE411', u'STRUCTURAL MASONRY DESIGN IV (MOD 1)', u'BTCVS1', u'BT: ENGINEERING: CIVIL (STRUCTURAL ENG)', u'21', u'SEMESTER 1', u'D3', u'Durban Campus Part-time', u'A', u'40000434:HOOSEN G M G', 35.0]
check 'SMDE411_SEM1_2018' 'SMDE411'
processXLS: only for SEM2 [u'SMDE411_SEM1_2018', u'SMDE411_SEM1_2017', u'SMDE411', u'STRUCTURAL MASONRY DESIGN IV (MOD 1)', u'BTCVS1', u'BT: ENGINEERING: CIVIL (STRUCTURAL ENG)', u'21', u'SEMESTER 1', u'D3', u'Durban Campus Part-time', u'A', u'40000434:HOOSEN G M G', 35.0]
[u'', u'', u'', u'', u'', u'', u'', u'', u'', u'', u'', u'', u'']
check '' ''
[u'SMDE421_SEM1_2018', u'SMDE421_SEM1_2017', u'SMDE421', u'STRUCTURAL MASONRY DESIGN IV (MOD 2)', u'BTCVS1', u'BT: ENGINEERING: CIVIL (STRUCTURAL ENG)', u'21', u'SEMESTER 1', u'D3', u'Durban Campus Part-time', u'A', u'40000434:HOOSEN G M G', 33.0]
check 'SMDE421_SEM1_2018' 'SMDE421'
processXLS: only for SEM2 [u'SMDE421_SEM1_2018', u'SMDE421_SEM1_2017', u'SMDE421', u'STRUCTURAL MASONRY DESIGN IV (MOD 2)', u'BTCVS1', u'BT: ENGINEERING: CIVIL (STRUCTURAL ENG)', u'21', u'SEMESTER 1', u'D3', u'Durban Campus Part-time', u'A', u'40000434:HOOSEN G M G', 33.0]
[u'', u'', u'', u'', u'', u'', u'', u'', u'', u'', u'', u'', u'']
check '' ''
[u'SSDE411_SEM2_2018', u'SSDE411_SEM2_2017', u'SSDE411', u'STRUCTURAL STEEL DESIGN IV (MOD 1)', u'BTCVS1', u'BT: ENGINEERING: CIVIL (STRUCTURAL ENG)', u'22', u'SEMESTER 2', u'D3', u'Durban Campus Part-time', u'A', u'40000194:VAWDA', 16.0]
check 'SSDE411_SEM2_2018' 'SSDE411'
adding  SSDE411
requesting:  http://10.0.100.98:8000/bbinfo/matching_courses/SSDE411%25
r= <Response [200]>
matching classes= set([u'SSDE411_SEM2_2016', u'SSDE411_SEM2_2017', u'SSDE411_SEM2_2018'])
[u'', u'', u'', u'', u'', u'', u'', u'', u'', u'', u'', u'', u'']
check '' ''
[u'SSDE421_SEM2_2018', u'SSDE421_SEM2_2017', u'SSDE421', u'STRUCTURAL STEEL DESIGN IV (MOD 2)', u'BTCVS1', u'BT: ENGINEERING: CIVIL (STRUCTURAL ENG)', u'22', u'SEMESTER 2', u'D3', u'Durban Campus Part-time', u'A', u'40000194:VAWDA', 17.0]
check 'SSDE421_SEM2_2018' 'SSDE421'
adding  SSDE421
requesting:  http://10.0.100.98:8000/bbinfo/matching_courses/SSDE421%25
r= <Response [200]>
matching classes= set([u'SSDE421_SEM2_2018', u'SSDE421_SEM2_2017', u'SSDE421_SEM2_2016'])
[u'', u'', u'', u'', u'', u'', u'', u'', u'', u'', u'', u'', u'']
check '' ''
[u'STDE411_SEM2_2018', u'STDE411_SEM2_2017', u'STDE411', u'STRUCTURAL TIMBER DESIGN IV (MOD 1)', u'BTCVS1', u'BT: ENGINEERING: CIVIL (STRUCTURAL ENG)', u'22', u'SEMESTER 2', u'D3', u'Durban Campus Part-time', u'A', u'40008542:KHUZWAYO', 36.0]
check 'STDE411_SEM2_2018' 'STDE411'
adding  STDE411
requesting:  http://10.0.100.98:8000/bbinfo/matching_courses/STDE411%25
r= <Response [200]>
matching classes= set([u'STDE411_SEM2_2017', u'STDE411_13_PARG', u'STDE411_SEM2_2018'])
[u'', u'', u'', u'', u'', u'', u'', u'', u'', u'', u'', u'', u'']
check '' ''
[u'STDE421_SEM2_2018', u'STDE421_SEM2_2017', u'STDE421', u'STRUCTURAL TIMBER DESIGN IV (MOD 2)', u'BTCVS1', u'BT: ENGINEERING: CIVIL (STRUCTURAL ENG)', u'22', u'SEMESTER 2', u'D3', u'Durban Campus Part-time', u'A', u'40008542:KHUZWAYO', 31.0]
check 'STDE421_SEM2_2018' 'STDE421'
adding  STDE421
requesting:  http://10.0.100.98:8000/bbinfo/matching_courses/STDE421%25
r= <Response [200]>
matching classes= set([u'STDE421_SEM2_2018', u'STDE421_13_PARG', u'STDE421_SEM2_2017'])
[u'', u'', u'', u'', u'', u'', u'', u'', u'', u'', u'', u'', u'']
check '' ''
[u'SURV403_SEM1_2018', u'SURV403_SEM1_2017', u'SURV403', u'SURVEYING IV', u'BTSUR1', u'BT: SURVEYING', u'21', u'SEMESTER 1', u'D3', u'Durban Campus Part-time', u'A', u'40001125:LANDMAN J C;40001125:LANDMAN J C', 24.0]
check 'SURV403_SEM1_2018' 'SURV403'
processXLS: only for SEM2 [u'SURV403_SEM1_2018', u'SURV403_SEM1_2017', u'SURV403', u'SURVEYING IV', u'BTSUR1', u'BT: SURVEYING', u'21', u'SEMESTER 1', u'D3', u'Durban Campus Part-time', u'A', u'40001125:LANDMAN J C;40001125:LANDMAN J C', 24.0]
[u'', u'', u'', u'', u'', u'', u'', u'', u'', u'', u'', u'', u'']
check '' ''
[u'SWMT411_SEM1_2018', u'SWMT411_SEM1_2017', u'SWMT411', u'SOLID WASTE MANAGEMENT IV (MOD 1)', u'BTCVC1', u'BT: ENGINEERING: CIVIL (CONSTRUCTION MA)', u'21', u'SEMESTER 1', u'D3', u'Durban Campus Part-time', u'A', u'50002605:GOVENDER', 1.0]
check 'SWMT411_SEM1_2018' 'SWMT411'
processXLS: only for SEM2 [u'SWMT411_SEM1_2018', u'SWMT411_SEM1_2017', u'SWMT411', u'SOLID WASTE MANAGEMENT IV (MOD 1)', u'BTCVC1', u'BT: ENGINEERING: CIVIL (CONSTRUCTION MA)', u'21', u'SEMESTER 1', u'D3', u'Durban Campus Part-time', u'A', u'50002605:GOVENDER', 1.0]
[u'SWMT411_SEM1_2018', u'SWMT411_SEM1_2017', u'SWMT411', u'SOLID WASTE MANAGEMENT IV (MOD 1)', u'BTCVU1', u'BT: ENGINEERING: CIVIL  (URBAN ENG)', u'21', u'SEMESTER 1', u'D3', u'Durban Campus Part-time', u'A', u'50002605:GOVENDER', 1.0]
check 'SWMT411_SEM1_2018' 'SWMT411'
processXLS: only for SEM2 [u'SWMT411_SEM1_2018', u'SWMT411_SEM1_2017', u'SWMT411', u'SOLID WASTE MANAGEMENT IV (MOD 1)', u'BTCVU1', u'BT: ENGINEERING: CIVIL  (URBAN ENG)', u'21', u'SEMESTER 1', u'D3', u'Durban Campus Part-time', u'A', u'50002605:GOVENDER', 1.0]
[u'', u'', u'', u'', u'', u'', u'', u'', u'', u'', u'', u'', u'']
check '' ''
[u'SWMT411_SEM2_2018', u'SWMT411_SEM2_2017', u'SWMT411', u'SOLID WASTE MANAGEMENT IV (MOD 1)', u'BTCVC1', u'BT: ENGINEERING: CIVIL (CONSTRUCTION MA)', u'22', u'SEMESTER 2', u'D3', u'Durban Campus Part-time', u'A', u'50002605:GOVENDER', 1.0]
check 'SWMT411_SEM2_2018' 'SWMT411'
adding  SWMT411
requesting:  http://10.0.100.98:8000/bbinfo/matching_courses/SWMT411%25
r= <Response [200]>
matching classes= set([u'SWMT411_SEM2_2017', u'SWMT411_SEM1_2017', u'SWMT411_SEM1_2018', u'SWMT411_ALL_2016', u'SWMT411_SEM2_2018', u'SWMT411_13_GOVR'])
[u'SWMT411_SEM2_2018', u'SWMT411_SEM2_2017', u'SWMT411', u'SOLID WASTE MANAGEMENT IV (MOD 1)', u'BTCVT1', u'BT: ENGINEERING: CIVIL (TRANSPORTATION)', u'22', u'SEMESTER 2', u'D3', u'Durban Campus Part-time', u'A', u'50002605:GOVENDER', 38.0]
check 'SWMT411_SEM2_2018' 'SWMT411'
adding  SWMT411
requesting:  http://10.0.100.98:8000/bbinfo/matching_courses/SWMT411%25
r= <Response [200]>
matching classes= set([u'SWMT411_SEM2_2017', u'SWMT411_SEM1_2017', u'SWMT411_SEM1_2018', u'SWMT411_ALL_2016', u'SWMT411_SEM2_2018', u'SWMT411_13_GOVR'])
[u'SWMT411_SEM2_2018', u'SWMT411_SEM2_2017', u'SWMT411', u'SOLID WASTE MANAGEMENT IV (MOD 1)', u'BTCVU1', u'BT: ENGINEERING: CIVIL  (URBAN ENG)', u'22', u'SEMESTER 2', u'D3', u'Durban Campus Part-time', u'A', u'50002605:GOVENDER', 52.0]
check 'SWMT411_SEM2_2018' 'SWMT411'
adding  SWMT411
requesting:  http://10.0.100.98:8000/bbinfo/matching_courses/SWMT411%25
r= <Response [200]>
matching classes= set([u'SWMT411_SEM2_2017', u'SWMT411_SEM1_2017', u'SWMT411_SEM1_2018', u'SWMT411_ALL_2016', u'SWMT411_SEM2_2018', u'SWMT411_13_GOVR'])
[u'SWMT411_SEM2_2018', u'SWMT411_SEM2_2017', u'SWMT411', u'SOLID WASTE MANAGEMENT IV (MOD 1)', u'BTCVW1', u'BT: ENGINEERING: CIVIL (WATER ENG)', u'22', u'SEMESTER 2', u'D3', u'Durban Campus Part-time', u'A', u'50002605:GOVENDER', 60.0]
check 'SWMT411_SEM2_2018' 'SWMT411'
adding  SWMT411
requesting:  http://10.0.100.98:8000/bbinfo/matching_courses/SWMT411%25
r= <Response [200]>
matching classes= set([u'SWMT411_SEM2_2017', u'SWMT411_SEM1_2017', u'SWMT411_SEM1_2018', u'SWMT411_ALL_2016', u'SWMT411_SEM2_2018', u'SWMT411_13_GOVR'])
[u'', u'', u'', u'', u'', u'', u'', u'', u'', u'', u'', u'', u'']
check '' ''
[u'SWMT421_SEM1_2018', u'SWMT421_SEM1_2017', u'SWMT421', u'SOLID WASTE MANAGEMENT IV (MOD 2)', u'BTCVC1', u'BT: ENGINEERING: CIVIL (CONSTRUCTION MA)', u'21', u'SEMESTER 1', u'D3', u'Durban Campus Part-time', u'A', u'50002605:GOVENDER', 1.0]
check 'SWMT421_SEM1_2018' 'SWMT421'
processXLS: only for SEM2 [u'SWMT421_SEM1_2018', u'SWMT421_SEM1_2017', u'SWMT421', u'SOLID WASTE MANAGEMENT IV (MOD 2)', u'BTCVC1', u'BT: ENGINEERING: CIVIL (CONSTRUCTION MA)', u'21', u'SEMESTER 1', u'D3', u'Durban Campus Part-time', u'A', u'50002605:GOVENDER', 1.0]
[u'SWMT421_SEM1_2018', u'SWMT421_SEM1_2017', u'SWMT421', u'SOLID WASTE MANAGEMENT IV (MOD 2)', u'BTCVU1', u'BT: ENGINEERING: CIVIL  (URBAN ENG)', u'21', u'SEMESTER 1', u'D3', u'Durban Campus Part-time', u'A', u'50002605:GOVENDER', 1.0]
check 'SWMT421_SEM1_2018' 'SWMT421'
processXLS: only for SEM2 [u'SWMT421_SEM1_2018', u'SWMT421_SEM1_2017', u'SWMT421', u'SOLID WASTE MANAGEMENT IV (MOD 2)', u'BTCVU1', u'BT: ENGINEERING: CIVIL  (URBAN ENG)', u'21', u'SEMESTER 1', u'D3', u'Durban Campus Part-time', u'A', u'50002605:GOVENDER', 1.0]
[u'', u'', u'', u'', u'', u'', u'', u'', u'', u'', u'', u'', u'']
check '' ''
[u'SWMT421_SEM2_2018', u'SWMT421_SEM2_2017', u'SWMT421', u'SOLID WASTE MANAGEMENT IV (MOD 2)', u'BTCVC1', u'BT: ENGINEERING: CIVIL (CONSTRUCTION MA)', u'22', u'SEMESTER 2', u'D3', u'Durban Campus Part-time', u'A', u'50002605:GOVENDER', 1.0]
check 'SWMT421_SEM2_2018' 'SWMT421'
adding  SWMT421
requesting:  http://10.0.100.98:8000/bbinfo/matching_courses/SWMT421%25
r= <Response [200]>
matching classes= set([u'SWMT421_SEM1_2018', u'SWMT421_SEM2_2017', u'SWMT421_ALL_2016', u'SWMT421_SEM2_2018', u'SWMT421_SEM1_2017', u'SWMT421_13_GOVR'])
[u'SWMT421_SEM2_2018', u'SWMT421_SEM2_2017', u'SWMT421', u'SOLID WASTE MANAGEMENT IV (MOD 2)', u'BTCVT1', u'BT: ENGINEERING: CIVIL (TRANSPORTATION)', u'22', u'SEMESTER 2', u'D3', u'Durban Campus Part-time', u'A', u'50002605:GOVENDER', 38.0]
check 'SWMT421_SEM2_2018' 'SWMT421'
adding  SWMT421
requesting:  http://10.0.100.98:8000/bbinfo/matching_courses/SWMT421%25
r= <Response [200]>
matching classes= set([u'SWMT421_SEM1_2018', u'SWMT421_SEM2_2017', u'SWMT421_ALL_2016', u'SWMT421_SEM2_2018', u'SWMT421_SEM1_2017', u'SWMT421_13_GOVR'])
[u'SWMT421_SEM2_2018', u'SWMT421_SEM2_2017', u'SWMT421', u'SOLID WASTE MANAGEMENT IV (MOD 2)', u'BTCVU1', u'BT: ENGINEERING: CIVIL  (URBAN ENG)', u'22', u'SEMESTER 2', u'D3', u'Durban Campus Part-time', u'A', u'50002605:GOVENDER', 50.0]
check 'SWMT421_SEM2_2018' 'SWMT421'
adding  SWMT421
requesting:  http://10.0.100.98:8000/bbinfo/matching_courses/SWMT421%25
r= <Response [200]>
matching classes= set([u'SWMT421_SEM1_2018', u'SWMT421_SEM2_2017', u'SWMT421_ALL_2016', u'SWMT421_SEM2_2018', u'SWMT421_SEM1_2017', u'SWMT421_13_GOVR'])
[u'SWMT421_SEM2_2018', u'SWMT421_SEM2_2017', u'SWMT421', u'SOLID WASTE MANAGEMENT IV (MOD 2)', u'BTCVW1', u'BT: ENGINEERING: CIVIL (WATER ENG)', u'22', u'SEMESTER 2', u'D3', u'Durban Campus Part-time', u'A', u'50002605:GOVENDER', 57.0]
check 'SWMT421_SEM2_2018' 'SWMT421'
adding  SWMT421
requesting:  http://10.0.100.98:8000/bbinfo/matching_courses/SWMT421%25
r= <Response [200]>
matching classes= set([u'SWMT421_SEM1_2018', u'SWMT421_SEM2_2017', u'SWMT421_ALL_2016', u'SWMT421_SEM2_2018', u'SWMT421_SEM1_2017', u'SWMT421_13_GOVR'])
[u'', u'', u'', u'', u'', u'', u'', u'', u'', u'', u'', u'', u'']
check '' ''
[u'TENG411_SEM1_2018', u'TENG411_SEM1_2017', u'TENG411', u'TRAFFIC ENGINEERING IV (MOD 1)', u'BTCVT1', u'BT: ENGINEERING: CIVIL (TRANSPORTATION)', u'21', u'SEMESTER 1', u'D3', u'Durban Campus Part-time', u'A', u'50002605:GOVENDER R', 35.0]
check 'TENG411_SEM1_2018' 'TENG411'
processXLS: only for SEM2 [u'TENG411_SEM1_2018', u'TENG411_SEM1_2017', u'TENG411', u'TRAFFIC ENGINEERING IV (MOD 1)', u'BTCVT1', u'BT: ENGINEERING: CIVIL (TRANSPORTATION)', u'21', u'SEMESTER 1', u'D3', u'Durban Campus Part-time', u'A', u'50002605:GOVENDER R', 35.0]
[u'TENG411_SEM1_2018', u'TENG411_SEM1_2017', u'TENG411', u'TRAFFIC ENGINEERING IV (MOD 1)', u'BTCVU1', u'BT: ENGINEERING: CIVIL  (URBAN ENG)', u'21', u'SEMESTER 1', u'D3', u'Durban Campus Part-time', u'A', u'50002605:GOVENDER R', 3.0]
check 'TENG411_SEM1_2018' 'TENG411'
processXLS: only for SEM2 [u'TENG411_SEM1_2018', u'TENG411_SEM1_2017', u'TENG411', u'TRAFFIC ENGINEERING IV (MOD 1)', u'BTCVU1', u'BT: ENGINEERING: CIVIL  (URBAN ENG)', u'21', u'SEMESTER 1', u'D3', u'Durban Campus Part-time', u'A', u'50002605:GOVENDER R', 3.0]
[u'TENG411_SEM1_2018', u'TENG411_SEM1_2017', u'TENG411', u'TRAFFIC ENGINEERING IV (MOD 1)', u'BTCVW1', u'BT: ENGINEERING: CIVIL (WATER ENG)', u'21', u'SEMESTER 1', u'D3', u'Durban Campus Part-time', u'A', u'50002605:GOVENDER R', 2.0]
check 'TENG411_SEM1_2018' 'TENG411'
processXLS: only for SEM2 [u'TENG411_SEM1_2018', u'TENG411_SEM1_2017', u'TENG411', u'TRAFFIC ENGINEERING IV (MOD 1)', u'BTCVW1', u'BT: ENGINEERING: CIVIL (WATER ENG)', u'21', u'SEMESTER 1', u'D3', u'Durban Campus Part-time', u'A', u'50002605:GOVENDER R', 2.0]
[u'', u'', u'', u'', u'', u'', u'', u'', u'', u'', u'', u'', u'']
check '' ''
[u'TENG421_SEM1_2018', u'TENG421_SEM1_2017', u'TENG421', u'TRAFFIC ENGINEERING IV (MOD 2)', u'BTCVT1', u'BT: ENGINEERING: CIVIL (TRANSPORTATION)', u'21', u'SEMESTER 1', u'D3', u'Durban Campus Part-time', u'A', u'50002605:GOVENDER R', 33.0]
check 'TENG421_SEM1_2018' 'TENG421'
processXLS: only for SEM2 [u'TENG421_SEM1_2018', u'TENG421_SEM1_2017', u'TENG421', u'TRAFFIC ENGINEERING IV (MOD 2)', u'BTCVT1', u'BT: ENGINEERING: CIVIL (TRANSPORTATION)', u'21', u'SEMESTER 1', u'D3', u'Durban Campus Part-time', u'A', u'50002605:GOVENDER R', 33.0]
[u'TENG421_SEM1_2018', u'TENG421_SEM1_2017', u'TENG421', u'TRAFFIC ENGINEERING IV (MOD 2)', u'BTCVU1', u'BT: ENGINEERING: CIVIL  (URBAN ENG)', u'21', u'SEMESTER 1', u'D3', u'Durban Campus Part-time', u'A', u'50002605:GOVENDER R', 3.0]
check 'TENG421_SEM1_2018' 'TENG421'
processXLS: only for SEM2 [u'TENG421_SEM1_2018', u'TENG421_SEM1_2017', u'TENG421', u'TRAFFIC ENGINEERING IV (MOD 2)', u'BTCVU1', u'BT: ENGINEERING: CIVIL  (URBAN ENG)', u'21', u'SEMESTER 1', u'D3', u'Durban Campus Part-time', u'A', u'50002605:GOVENDER R', 3.0]
[u'TENG421_SEM1_2018', u'TENG421_SEM1_2017', u'TENG421', u'TRAFFIC ENGINEERING IV (MOD 2)', u'BTCVW1', u'BT: ENGINEERING: CIVIL (WATER ENG)', u'21', u'SEMESTER 1', u'D3', u'Durban Campus Part-time', u'A', u'50002605:GOVENDER R', 2.0]
check 'TENG421_SEM1_2018' 'TENG421'
processXLS: only for SEM2 [u'TENG421_SEM1_2018', u'TENG421_SEM1_2017', u'TENG421', u'TRAFFIC ENGINEERING IV (MOD 2)', u'BTCVW1', u'BT: ENGINEERING: CIVIL (WATER ENG)', u'21', u'SEMESTER 1', u'D3', u'Durban Campus Part-time', u'A', u'50002605:GOVENDER R', 2.0]
[u'', u'', u'', u'', u'', u'', u'', u'', u'', u'', u'', u'', u'']
check '' ''
[u'TPTE421_SEM1_2018', u'TPTE421_SEM1_2017', u'TPTE421', u'TRANSPORTATION TECHNOLOGY IV (MOD 2)', u'BTCVC1', u'BT: ENGINEERING: CIVIL (CONSTRUCTION MA)', u'21', u'SEMESTER 1', u'D3', u'Durban Campus Part-time', u'A', u'40000314:VAHED;50002605:GOVENDER R', 1.0]
check 'TPTE421_SEM1_2018' 'TPTE421'
processXLS: only for SEM2 [u'TPTE421_SEM1_2018', u'TPTE421_SEM1_2017', u'TPTE421', u'TRANSPORTATION TECHNOLOGY IV (MOD 2)', u'BTCVC1', u'BT: ENGINEERING: CIVIL (CONSTRUCTION MA)', u'21', u'SEMESTER 1', u'D3', u'Durban Campus Part-time', u'A', u'40000314:VAHED;50002605:GOVENDER R', 1.0]
[u'', u'', u'', u'', u'', u'', u'', u'', u'', u'', u'', u'', u'']
check '' ''
[u'WTTC411_SEM1_2018', u'WTTC411_SEM1_2017', u'WTTC411', u'WATER TREATMENT TECHNOLOGY IV (MOD 1)', u'BTCVU1', u'BT: ENGINEERING: CIVIL  (URBAN ENG)', u'21', u'SEMESTER 1', u'D3', u'Durban Campus Part-time', u'A', u'40007541:HAN K A', 1.0]
check 'WTTC411_SEM1_2018' 'WTTC411'
processXLS: only for SEM2 [u'WTTC411_SEM1_2018', u'WTTC411_SEM1_2017', u'WTTC411', u'WATER TREATMENT TECHNOLOGY IV (MOD 1)', u'BTCVU1', u'BT: ENGINEERING: CIVIL  (URBAN ENG)', u'21', u'SEMESTER 1', u'D3', u'Durban Campus Part-time', u'A', u'40007541:HAN K A', 1.0]
[u'WTTC411_SEM1_2018', u'WTTC411_SEM1_2017', u'WTTC411', u'WATER TREATMENT TECHNOLOGY IV (MOD 1)', u'BTCVW1', u'BT: ENGINEERING: CIVIL (WATER ENG)', u'21', u'SEMESTER 1', u'D3', u'Durban Campus Part-time', u'A', u'40007541:HAN K A', 1.0]
check 'WTTC411_SEM1_2018' 'WTTC411'
processXLS: only for SEM2 [u'WTTC411_SEM1_2018', u'WTTC411_SEM1_2017', u'WTTC411', u'WATER TREATMENT TECHNOLOGY IV (MOD 1)', u'BTCVW1', u'BT: ENGINEERING: CIVIL (WATER ENG)', u'21', u'SEMESTER 1', u'D3', u'Durban Campus Part-time', u'A', u'40007541:HAN K A', 1.0]
[u'', u'', u'', u'', u'', u'', u'', u'', u'', u'', u'', u'', u'']
check '' ''
[u'WTTC411_SEM2_2018', u'WTTC411_SEM2_2017', u'WTTC411', u'WATER TREATMENT TECHNOLOGY IV (MOD 1)', u'BTCVC1', u'BT: ENGINEERING: CIVIL (CONSTRUCTION MA)', u'22', u'SEMESTER 2', u'D3', u'Durban Campus Part-time', u'A', u'40007541:HAN K A', 1.0]
check 'WTTC411_SEM2_2018' 'WTTC411'
adding  WTTC411
requesting:  http://10.0.100.98:8000/bbinfo/matching_courses/WTTC411%25
r= <Response [200]>
matching classes= set([u'WTTC411_13_HANK', u'WTTC411_SEM1_2017', u'WTTC411_SEM1_2018', u'WTTC411_SEM2_2017', u'WTTC411_SEM2_2018'])
[u'WTTC411_SEM2_2018', u'WTTC411_SEM2_2017', u'WTTC411', u'WATER TREATMENT TECHNOLOGY IV (MOD 1)', u'BTCVU1', u'BT: ENGINEERING: CIVIL  (URBAN ENG)', u'22', u'SEMESTER 2', u'D3', u'Durban Campus Part-time', u'A', u'40007541:HAN K A', 2.0]
check 'WTTC411_SEM2_2018' 'WTTC411'
adding  WTTC411
requesting:  http://10.0.100.98:8000/bbinfo/matching_courses/WTTC411%25
r= <Response [200]>
matching classes= set([u'WTTC411_13_HANK', u'WTTC411_SEM1_2017', u'WTTC411_SEM1_2018', u'WTTC411_SEM2_2017', u'WTTC411_SEM2_2018'])
[u'WTTC411_SEM2_2018', u'WTTC411_SEM2_2017', u'WTTC411', u'WATER TREATMENT TECHNOLOGY IV (MOD 1)', u'BTCVW1', u'BT: ENGINEERING: CIVIL (WATER ENG)', u'22', u'SEMESTER 2', u'D3', u'Durban Campus Part-time', u'A', u'40007541:HAN K A', 63.0]
check 'WTTC411_SEM2_2018' 'WTTC411'
adding  WTTC411
requesting:  http://10.0.100.98:8000/bbinfo/matching_courses/WTTC411%25
r= <Response [200]>
matching classes= set([u'WTTC411_13_HANK', u'WTTC411_SEM1_2017', u'WTTC411_SEM1_2018', u'WTTC411_SEM2_2017', u'WTTC411_SEM2_2018'])
[u'', u'', u'', u'', u'', u'', u'', u'', u'', u'', u'', u'', u'']
check '' ''
[u'WTTC421_SEM1_2018', u'WTTC421_SEM1_2017', u'WTTC421', u'WATER TREATMENT TECHNOLOGY IV (MOD 2)', u'BTCVU1', u'BT: ENGINEERING: CIVIL  (URBAN ENG)', u'21', u'SEMESTER 1', u'D3', u'Durban Campus Part-time', u'A', u'40007541:HAN K A', 1.0]
check 'WTTC421_SEM1_2018' 'WTTC421'
processXLS: only for SEM2 [u'WTTC421_SEM1_2018', u'WTTC421_SEM1_2017', u'WTTC421', u'WATER TREATMENT TECHNOLOGY IV (MOD 2)', u'BTCVU1', u'BT: ENGINEERING: CIVIL  (URBAN ENG)', u'21', u'SEMESTER 1', u'D3', u'Durban Campus Part-time', u'A', u'40007541:HAN K A', 1.0]
[u'WTTC421_SEM1_2018', u'WTTC421_SEM1_2017', u'WTTC421', u'WATER TREATMENT TECHNOLOGY IV (MOD 2)', u'BTCVW1', u'BT: ENGINEERING: CIVIL (WATER ENG)', u'21', u'SEMESTER 1', u'D3', u'Durban Campus Part-time', u'A', u'40007541:HAN K A', 1.0]
check 'WTTC421_SEM1_2018' 'WTTC421'
processXLS: only for SEM2 [u'WTTC421_SEM1_2018', u'WTTC421_SEM1_2017', u'WTTC421', u'WATER TREATMENT TECHNOLOGY IV (MOD 2)', u'BTCVW1', u'BT: ENGINEERING: CIVIL (WATER ENG)', u'21', u'SEMESTER 1', u'D3', u'Durban Campus Part-time', u'A', u'40007541:HAN K A', 1.0]
[u'', u'', u'', u'', u'', u'', u'', u'', u'', u'', u'', u'', u'']
check '' ''
[u'WTTC421_SEM2_2018', u'WTTC421_SEM2_2017', u'WTTC421', u'WATER TREATMENT TECHNOLOGY IV (MOD 2)', u'BTCVC1', u'BT: ENGINEERING: CIVIL (CONSTRUCTION MA)', u'22', u'SEMESTER 2', u'D3', u'Durban Campus Part-time', u'A', u'40007541:HAN K A', 1.0]
check 'WTTC421_SEM2_2018' 'WTTC421'
adding  WTTC421
requesting:  http://10.0.100.98:8000/bbinfo/matching_courses/WTTC421%25
r= <Response [200]>
matching classes= set([u'WTTC421_SEM2_2018', u'WTTC421_SEM1_2017', u'WTTC421_13_HANK', u'WTTC421_SEM1_2018', u'WTTC421_SEM2_2017'])
[u'WTTC421_SEM2_2018', u'WTTC421_SEM2_2017', u'WTTC421', u'WATER TREATMENT TECHNOLOGY IV (MOD 2)', u'BTCVU1', u'BT: ENGINEERING: CIVIL  (URBAN ENG)', u'22', u'SEMESTER 2', u'D3', u'Durban Campus Part-time', u'A', u'40007541:HAN K A', 2.0]
check 'WTTC421_SEM2_2018' 'WTTC421'
adding  WTTC421
requesting:  http://10.0.100.98:8000/bbinfo/matching_courses/WTTC421%25
r= <Response [200]>
matching classes= set([u'WTTC421_SEM2_2018', u'WTTC421_SEM1_2017', u'WTTC421_13_HANK', u'WTTC421_SEM1_2018', u'WTTC421_SEM2_2017'])
[u'WTTC421_SEM2_2018', u'WTTC421_SEM2_2017', u'WTTC421', u'WATER TREATMENT TECHNOLOGY IV (MOD 2)', u'BTCVW1', u'BT: ENGINEERING: CIVIL (WATER ENG)', u'22', u'SEMESTER 2', u'D3', u'Durban Campus Part-time', u'A', u'40007541:HAN K A', 55.0]
check 'WTTC421_SEM2_2018' 'WTTC421'
adding  WTTC421
requesting:  http://10.0.100.98:8000/bbinfo/matching_courses/WTTC421%25
r= <Response [200]>
matching classes= set([u'WTTC421_SEM2_2018', u'WTTC421_SEM1_2017', u'WTTC421_13_HANK', u'WTTC421_SEM1_2018', u'WTTC421_SEM2_2017'])
[u'', u'', u'', u'', u'', u'', u'', u'', u'', u'', u'', u'', u'']
check '' ''
[u'WWTT412_SEM1_2018', u'WWTT412_SEM1_2017', u'WWTT412', u'WASTE WATER TREATMENT TECHNOLOGY IV (MOD 1)', u'BTCVC1', u'BT: ENGINEERING: CIVIL (CONSTRUCTION MA)', u'21', u'SEMESTER 1', u'D3', u'Durban Campus Part-time', u'A', u'40007541:HAN', 1.0]
check 'WWTT412_SEM1_2018' 'WWTT412'
processXLS: only for SEM2 [u'WWTT412_SEM1_2018', u'WWTT412_SEM1_2017', u'WWTT412', u'WASTE WATER TREATMENT TECHNOLOGY IV (MOD 1)', u'BTCVC1', u'BT: ENGINEERING: CIVIL (CONSTRUCTION MA)', u'21', u'SEMESTER 1', u'D3', u'Durban Campus Part-time', u'A', u'40007541:HAN', 1.0]
[u'', u'', u'', u'', u'', u'', u'', u'', u'', u'', u'', u'', u'']
check '' ''
[u'WWTT422_SEM1_2018', u'WWTT422_SEM1_2017', u'WWTT422', u'WASTE WATER TREATMENT TECHNOLOGY IV (MOD 2)', u'BTCVC1', u'BT: ENGINEERING: CIVIL (CONSTRUCTION MA)', u'21', u'SEMESTER 1', u'D3', u'Durban Campus Part-time', u'A', u'40007541:HAN', 1.0]
check 'WWTT422_SEM1_2018' 'WWTT422'
processXLS: only for SEM2 [u'WWTT422_SEM1_2018', u'WWTT422_SEM1_2017', u'WWTT422', u'WASTE WATER TREATMENT TECHNOLOGY IV (MOD 2)', u'BTCVC1', u'BT: ENGINEERING: CIVIL (CONSTRUCTION MA)', u'21', u'SEMESTER 1', u'D3', u'Durban Campus Part-time', u'A', u'40007541:HAN', 1.0]
[u'', u'', u'', u'', u'', u'', u'', u'', u'', u'', u'', u'', u'']
check '' ''
[u'RPCV521_YEAR_2018', u'RPCV521_YEAR_2017', u'RPCV521', u'RESEARCH PROJECT AND DISSERTATION (2ND REG)', u'MNCVL1', u'MASTER OF ENGINEERING (CIVIL)', u'P0', u'POST-GRAD ANNUAL REGISTRATIONS', u'D1', u'Durban Campus Full-time', u'A', u'40000186:ALLOPI D', 1.0]
check 'RPCV521_YEAR_2018' 'RPCV521'
processXLS: only for SEM2 [u'RPCV521_YEAR_2018', u'RPCV521_YEAR_2017', u'RPCV521', u'RESEARCH PROJECT AND DISSERTATION (2ND REG)', u'MNCVL1', u'MASTER OF ENGINEERING (CIVIL)', u'P0', u'POST-GRAD ANNUAL REGISTRATIONS', u'D1', u'Durban Campus Full-time', u'A', u'40000186:ALLOPI D', 1.0]
[u'RPCV521_YEAR_2018', u'RPCV521_YEAR_2017', u'RPCV521', u'RESEARCH PROJECT AND DISSERTATION (2ND REG)', u'MNCVL1', u'MASTER OF ENGINEERING (CIVIL)', u'P0', u'POST-GRAD ANNUAL REGISTRATIONS', u'D3', u'Durban Campus Part-time', u'A', u'40000186:ALLOPI D', 6.0]
check 'RPCV521_YEAR_2018' 'RPCV521'
processXLS: only for SEM2 [u'RPCV521_YEAR_2018', u'RPCV521_YEAR_2017', u'RPCV521', u'RESEARCH PROJECT AND DISSERTATION (2ND REG)', u'MNCVL1', u'MASTER OF ENGINEERING (CIVIL)', u'P0', u'POST-GRAD ANNUAL REGISTRATIONS', u'D3', u'Durban Campus Part-time', u'A', u'40000186:ALLOPI D', 6.0]
[u'', u'', u'', u'', u'', u'', u'', u'', u'', u'', u'', u'', u'']
check '' ''
[u'RPEC511_YEAR_2018', u'RPEC511_YEAR_2017', u'RPEC511', u'RESEARCH PROJECT AND DISSERTATION (1ST REGIST', u'MNCVL1', u'MASTER OF ENGINEERING (CIVIL)', u'P0', u'POST-GRAD ANNUAL REGISTRATIONS', u'D3', u'Durban Campus Part-time', u'A', u'40000186:ALLOPI', 3.0]
check 'RPEC511_YEAR_2018' 'RPEC511'
processXLS: only for SEM2 [u'RPEC511_YEAR_2018', u'RPEC511_YEAR_2017', u'RPEC511', u'RESEARCH PROJECT AND DISSERTATION (1ST REGIST', u'MNCVL1', u'MASTER OF ENGINEERING (CIVIL)', u'P0', u'POST-GRAD ANNUAL REGISTRATIONS', u'D3', u'Durban Campus Part-time', u'A', u'40000186:ALLOPI', 3.0]
[u'', u'', u'', u'', u'', u'', u'', u'', u'', u'', u'', u'', u'']
check '' ''
[u'RPEC521_YEAR_2018', u'RPEC521_YEAR_2017', u'RPEC521', u'RESEARCH PROJECT AND DISSERTATION (SUCCESSIVE', u'MNCVL1', u'MASTER OF ENGINEERING (CIVIL)', u'P0', u'POST-GRAD ANNUAL REGISTRATIONS', u'D3', u'Durban Campus Part-time', u'A', u'40000186:ALLOPI', 5.0]
check 'RPEC521_YEAR_2018' 'RPEC521'
processXLS: only for SEM2 [u'RPEC521_YEAR_2018', u'RPEC521_YEAR_2017', u'RPEC521', u'RESEARCH PROJECT AND DISSERTATION (SUCCESSIVE', u'MNCVL1', u'MASTER OF ENGINEERING (CIVIL)', u'P0', u'POST-GRAD ANNUAL REGISTRATIONS', u'D3', u'Durban Campus Part-time', u'A', u'40000186:ALLOPI', 5.0]
[u'', u'', u'', u'', u'', u'', u'', u'', u'', u'', u'', u'', u'']
check '' ''
[u'RPCV621_YEAR_2018', u'RPCV621_YEAR_2017', u'RPCV621', u'RESEARCH PROJECT AND DISSERTATION (2ND REG)', u'DNCVL1', u'DOCTOR OF ENGINEERING (CIVIL)', u'P0', u'POST-GRAD ANNUAL REGISTRATIONS', u'D1', u'Durban Campus Full-time', u'A', u'40000186:ALLOPI D', 3.0]
check 'RPCV621_YEAR_2018' 'RPCV621'
processXLS: only for SEM2 [u'RPCV621_YEAR_2018', u'RPCV621_YEAR_2017', u'RPCV621', u'RESEARCH PROJECT AND DISSERTATION (2ND REG)', u'DNCVL1', u'DOCTOR OF ENGINEERING (CIVIL)', u'P0', u'POST-GRAD ANNUAL REGISTRATIONS', u'D1', u'Durban Campus Full-time', u'A', u'40000186:ALLOPI D', 3.0]
[u'', u'', u'', u'', u'', u'', u'', u'', u'', u'', u'', u'', u'']
check '' ''
[u'RPEC621_YEAR_2018', u'RPEC621_YEAR_2017', u'RPEC621', u'RESEARCH PROJECT AND DISSERTATION (SUCCESSIVE', u'DNCVL1', u'DOCTOR OF ENGINEERING (CIVIL)', u'P0', u'POST-GRAD ANNUAL REGISTRATIONS', u'D1', u'Durban Campus Full-time', u'A', u'40000186:ALLOPI', 3.0]
check 'RPEC621_YEAR_2018' 'RPEC621'
processXLS: only for SEM2 [u'RPEC621_YEAR_2018', u'RPEC621_YEAR_2017', u'RPEC621', u'RESEARCH PROJECT AND DISSERTATION (SUCCESSIVE', u'DNCVL1', u'DOCTOR OF ENGINEERING (CIVIL)', u'P0', u'POST-GRAD ANNUAL REGISTRATIONS', u'D1', u'Durban Campus Full-time', u'A', u'40000186:ALLOPI', 3.0]
[u'', u'', u'', u'', u'', u'', u'', u'', u'', u'', u'', u'', u'']
check '' ''
[u'RPJD611_YEAR_2018', u'RPJD611_YEAR_2017', u'RPJD611', u'RESEARCH PROJECT AND DISSERTATION (1ST REG)', u'DPBEN1', u'DR OF PHIL IN THE BUILT ENVIRONMENT', u'P0', u'POST-GRAD ANNUAL REGISTRATIONS', u'D1', u'Durban Campus Full-time', u'A', u'40000186:ALLOPI', 1.0]
check 'RPJD611_YEAR_2018' 'RPJD611'
processXLS: only for SEM2 [u'RPJD611_YEAR_2018', u'RPJD611_YEAR_2017', u'RPJD611', u'RESEARCH PROJECT AND DISSERTATION (1ST REG)', u'DPBEN1', u'DR OF PHIL IN THE BUILT ENVIRONMENT', u'P0', u'POST-GRAD ANNUAL REGISTRATIONS', u'D1', u'Durban Campus Full-time', u'A', u'40000186:ALLOPI', 1.0]
[u'===APPEND===', u'', u'', u'', u'', u'', u'', u'', u'', u'', u'', u'', u'']
check '===APPEND===' ''
[u'2017 NEW SUBJECTS  Blackboard Classrooms for Department: 3503 - CIVIL ENG & SURV(DURBAN)', u'', u'', u'', u'', u'', u'', u'', u'', u'', u'', u'', u'']
check '2017 NEW SUBJECTS  Blackboard Classrooms for Department: 3503 - CIVIL ENG & SURV(DURBAN)' ''
[u'', u'', u'', u'', u'', u'', u'', u'', u'', u'', u'', u'', u'']
check '' ''
[u'BB Classroom', u'Migrate Classroom', u'ITS Subject', u'', u'ITS Qualification', u'', u'Block', u'', u'Off Type', u'', u'Grp', u'Lecturer(s)', u'2016 Enrol']
check 'BB Classroom' 'ITS Subject'
[u'CVMC101_SEM1_2018', u'CVMC101_SEM1_2017', u'CVMC101', u'CIVIL MECHANICS I', u'BNCVL1', u'B ENGINEERING TECHNOLOGY IN CIVIL ENG', u'21', u'SEMESTER 1', u'D1', u'Durban Campus Full-time', u'A', u'40009652:JAJBHAY', 125.0]
check 'CVMC101_SEM1_2018' 'CVMC101'
processXLS: only for SEM2 [u'CVMC101_SEM1_2018', u'CVMC101_SEM1_2017', u'CVMC101', u'CIVIL MECHANICS I', u'BNCVL1', u'B ENGINEERING TECHNOLOGY IN CIVIL ENG', u'21', u'SEMESTER 1', u'D1', u'Durban Campus Full-time', u'A', u'40009652:JAJBHAY', 125.0]
[u'', u'', u'', u'', u'', u'', u'', u'', u'', u'', u'', u'', u'']
check '' ''
[u'CVMT101_SEM2_2018', u'CVMT101_SEM2_2017', u'CVMT101', u'CIVIL ENGINEERING METHODS I', u'BNCVL1', u'B ENGINEERING TECHNOLOGY IN CIVIL ENG', u'22', u'SEMESTER 2', u'D1', u'Durban Campus Full-time', u'A', u'40000434:Hoosen', 125.0]
check 'CVMT101_SEM2_2018' 'CVMT101'
adding  CVMT101
requesting:  http://10.0.100.98:8000/bbinfo/matching_courses/CVMT101%25
r= <Response [200]>
matching classes= set([u'CVMT101_SEM2_2017', u'CVMT101_SEM2_2018'])
[u'', u'', u'', u'', u'', u'', u'', u'', u'', u'', u'', u'', u'']
check '' ''
[u'DRNS101_SEM1_2018', u'DRNS101_SEM1_2017', u'DRNS101', u'DRAWINGS I', u'BNCVL1', u'B ENGINEERING TECHNOLOGY IN CIVIL ENG', u'21', u'SEMESTER 1', u'D1', u'Durban Campus Full-time', u'A', u'40000290:HARIPERSAD;40003105:VAHED S', 125.0]
check 'DRNS101_SEM1_2018' 'DRNS101'
processXLS: only for SEM2 [u'DRNS101_SEM1_2018', u'DRNS101_SEM1_2017', u'DRNS101', u'DRAWINGS I', u'BNCVL1', u'B ENGINEERING TECHNOLOGY IN CIVIL ENG', u'21', u'SEMESTER 1', u'D1', u'Durban Campus Full-time', u'A', u'40000290:HARIPERSAD;40003105:VAHED S', 125.0]
[u'', u'', u'', u'', u'', u'', u'', u'', u'', u'', u'', u'', u'']
check '' ''
[u'SRCV101_SEM2_2018', u'SRCV101_SEM2_2017', u'SRCV101', u'SURVEYING FOR CIVIL ENGINEERING I', u'BNCVL1', u'B ENGINEERING TECHNOLOGY IN CIVIL ENG', u'22', u'SEMESTER 2', u'D1', u'Durban Campus Full-time', u'A', u'40003343:SAANE', 125.0]
check 'SRCV101_SEM2_2018' 'SRCV101'
adding  SRCV101
requesting:  http://10.0.100.98:8000/bbinfo/matching_courses/SRCV101%25
r= <Response [200]>
matching classes= set([u'SRCV101_SEM2_2018', u'SRCV101_SEM2_2017'])
[u'', u'', u'', u'', u'', u'', u'', u'', u'', u'', u'', u'', u'']
check '' ''
[u'STMC101_SEM2_2018', u'STMC101_SEM2_2017', u'STMC101', u'STRUCTURAL MECHANICS I', u'BNCVL1', u'B ENGINEERING TECHNOLOGY IN CIVIL ENG', u'22', u'SEMESTER 2', u'D1', u'Durban Campus Full-time', u'A', u'40008542:KHUZWAYO', 125.0]
check 'STMC101_SEM2_2018' 'STMC101'
adding  STMC101
requesting:  http://10.0.100.98:8000/bbinfo/matching_courses/STMC101%25
r= <Response [200]>
matching classes= set([u'STMC101_SEM2_2018', u'STMC101_SEM2_2017'])
[u'', u'', u'', u'', u'', u'', u'', u'', u'', u'', u'', u'', u'']
check '' ''
[u'TCLT101_SEM2_2018', u'TCLT101_SEM2_2017', u'TCLT101', u'TECHNICAL LITERACY', u'BNCME1', u'B ENGINEERING TECHNOLOGY IN CHEMICAL ENG', u'22', u'SEMESTER 2', u'D1', u'Durban Campus Full-time', u'A', u'40000290:HARIPERSAD', 125.0]
check 'TCLT101_SEM2_2018' 'TCLT101'
adding  TCLT101
requesting:  http://10.0.100.98:8000/bbinfo/matching_courses/TCLT101%25
r= <Response [200]>
matching classes= set([u'TCLT101_SEM1_2018', u'TCLT101_SEM2_2017', u'TCLT101_SEM2_2018'])
[u'TCLT101_SEM2_2018', u'TCLT101_SEM2_2017', u'TCLT101', u'TECHNICAL LITERACY', u'BNCME1', u'B ENGINEERING TECHNOLOGY IN CHEMICAL ENG', u'22', u'SEMESTER 2', u'D1', u'Durban Campus Full-time', u'A', u'40000290:HARIPERSAD', 125.0]
check 'TCLT101_SEM2_2018' 'TCLT101'
adding  TCLT101
requesting:  http://10.0.100.98:8000/bbinfo/matching_courses/TCLT101%25
r= <Response [200]>
matching classes= set([u'TCLT101_SEM1_2018', u'TCLT101_SEM2_2017', u'TCLT101_SEM2_2018'])
[u'TCLT101_SEM2_2018', u'TCLT101_SEM2_2017', u'TCLT101', u'TECHNICAL LITERACY', u'BNCVL1', u'B ENGINEERING TECHNOLOGY IN CIVIL ENG', u'22', u'SEMESTER 2', u'D1', u'Durban Campus Full-time', u'A', u'40000290:HARIPERSAD', 125.0]
check 'TCLT101_SEM2_2018' 'TCLT101'
adding  TCLT101
requesting:  http://10.0.100.98:8000/bbinfo/matching_courses/TCLT101%25
r= <Response [200]>
matching classes= set([u'TCLT101_SEM1_2018', u'TCLT101_SEM2_2017', u'TCLT101_SEM2_2018'])
[u'TCLT101_SEM2_2018', u'TCLT101_SEM2_2017', u'TCLT101', u'TECHNICAL LITERACY', u'BNCVL1', u'B ENGINEERING TECHNOLOGY IN CIVIL ENG', u'22', u'SEMESTER 2', u'D1', u'Durban Campus Full-time', u'A', u'40000290:HARIPERSAD', 125.0]
check 'TCLT101_SEM2_2018' 'TCLT101'
adding  TCLT101
requesting:  http://10.0.100.98:8000/bbinfo/matching_courses/TCLT101%25
r= <Response [200]>
matching classes= set([u'TCLT101_SEM1_2018', u'TCLT101_SEM2_2017', u'TCLT101_SEM2_2018'])
[u'', u'', u'', u'', u'', u'', u'', u'', u'', u'', u'', u'', u'']
check '' ''
[u'CMTL201_SEM1_2018', u'CMTL201_SEM1_2017', u'CMTL201', u'CIVIL ENGINEERING MATERIAL II', u'BNCVL1', u'B ENGINEERING TECHNOLOGY IN CIVIL ENG', u'21', u'SEMESTER 1', u'D1', u'Durban Campus Full-time', u'A', u'40000190:KASAVEN', 0.0]
check 'CMTL201_SEM1_2018' 'CMTL201'
processXLS: only for SEM2 [u'CMTL201_SEM1_2018', u'CMTL201_SEM1_2017', u'CMTL201', u'CIVIL ENGINEERING MATERIAL II', u'BNCVL1', u'B ENGINEERING TECHNOLOGY IN CIVIL ENG', u'21', u'SEMESTER 1', u'D1', u'Durban Campus Full-time', u'A', u'40000190:KASAVEN', 0.0]
[u'', u'', u'', u'', u'', u'', u'', u'', u'', u'', u'', u'', u'']
check '' ''
[u'ENMG201_SEM1_2018', u'ENMG201_SEM1_2017', u'ENMG201', u'ENGINEERING MANAGEMENT II', u'BNCVL1', u'B ENGINEERING TECHNOLOGY IN CIVIL ENG', u'21', u'SEMESTER 1', u'D1', u'Durban Campus Full-time', u'A', u'40000314:VAHED Y', 0.0]
check 'ENMG201_SEM1_2018' 'ENMG201'
processXLS: only for SEM2 [u'ENMG201_SEM1_2018', u'ENMG201_SEM1_2017', u'ENMG201', u'ENGINEERING MANAGEMENT II', u'BNCVL1', u'B ENGINEERING TECHNOLOGY IN CIVIL ENG', u'21', u'SEMESTER 1', u'D1', u'Durban Campus Full-time', u'A', u'40000314:VAHED Y', 0.0]
[u'', u'', u'', u'', u'', u'', u'', u'', u'', u'', u'', u'', u'']
check '' ''
[u'SDTI201_SEM2_2018', u'SDTI201_SEM2_2017', u'SDTI201', u'STRUCTURAL DESIGN THEORY INTRODUCTION', u'BNCVL1', u'B ENGINEERING TECHNOLOGY IN CIVIL ENG', u'22', u'SEMESTER 2', u'D1', u'Durban Campus Full-time', u'A', u'50001071:PARROTT', 0.0]
check 'SDTI201_SEM2_2018' 'SDTI201'
adding  SDTI201
requesting:  http://10.0.100.98:8000/bbinfo/matching_courses/SDTI201%25
r= <Response [200]>
matching classes= set([u'SDTI201_SEM2_2017', u'SDTI201_SEM2_2018'])
[u'', u'', u'', u'', u'', u'', u'', u'', u'', u'', u'', u'', u'']
check '' ''
[u'STMC201_SEM1_2018', u'STMC201_SEM1_2017', u'STMC201', u'STRUCTURAL MECHANICS II', u'BNCVL1', u'B ENGINEERING TECHNOLOGY IN CIVIL ENG', u'21', u'SEMESTER 1', u'D1', u'Durban Campus Full-time', u'A', u'40008542:KHUZWAYO', 0.0]
check 'STMC201_SEM1_2018' 'STMC201'
processXLS: only for SEM2 [u'STMC201_SEM1_2018', u'STMC201_SEM1_2017', u'STMC201', u'STRUCTURAL MECHANICS II', u'BNCVL1', u'B ENGINEERING TECHNOLOGY IN CIVIL ENG', u'21', u'SEMESTER 1', u'D1', u'Durban Campus Full-time', u'A', u'40008542:KHUZWAYO', 0.0]
[u'', u'', u'', u'', u'', u'', u'', u'', u'', u'', u'', u'', u'']
check '' ''
[u'TRTA201_SEM1_2018', u'TRTA201_SEM1_2017', u'TRTA201', u'TRANSPORT TECHNOLOGY IIA', u'BNCVL1', u'B ENGINEERING TECHNOLOGY IN CIVIL ENG', u'21', u'SEMESTER 1', u'D1', u'Durban Campus Full-time', u'A', u'40000186:ALLOPI', 0.0]
check 'TRTA201_SEM1_2018' 'TRTA201'
processXLS: only for SEM2 [u'TRTA201_SEM1_2018', u'TRTA201_SEM1_2017', u'TRTA201', u'TRANSPORT TECHNOLOGY IIA', u'BNCVL1', u'B ENGINEERING TECHNOLOGY IN CIVIL ENG', u'21', u'SEMESTER 1', u'D1', u'Durban Campus Full-time', u'A', u'40000186:ALLOPI', 0.0]
[u'', u'', u'', u'', u'', u'', u'', u'', u'', u'', u'', u'', u'']
check '' ''
[u'TRTB201_SEM2_2018', u'TRTB201_SEM2_2017', u'TRTB201', u'TRANSPORT TECHNOLOGY IIB', u'BNCVL1', u'B ENGINEERING TECHNOLOGY IN CIVIL ENG', u'22', u'SEMESTER 2', u'D1', u'Durban Campus Full-time', u'A', u'50002605:GOVENDER R', 0.0]
check 'TRTB201_SEM2_2018' 'TRTB201'
adding  TRTB201
requesting:  http://10.0.100.98:8000/bbinfo/matching_courses/TRTB201%25
r= <Response [200]>
matching classes= set([u'TRTB201_SEM2_2017', u'TRTB201_SEM2_2018'])
[u'', u'', u'', u'', u'', u'', u'', u'', u'', u'', u'', u'', u'']
check '' ''
[u'WHDL201_SEM2_2018', u'WHDL201_SEM2_2017', u'WHDL201', u'WATER HYDROLOGY II', u'BNCVL1', u'B ENGINEERING TECHNOLOGY IN CIVIL ENG', u'22', u'SEMESTER 2', u'D1', u'Durban Campus Full-time', u'A', u'40007541:HAN', 0.0]
check 'WHDL201_SEM2_2018' 'WHDL201'
adding  WHDL201
requesting:  http://10.0.100.98:8000/bbinfo/matching_courses/WHDL201%25
r= <Response [200]>
matching classes= set([u'WHDL201_SEM2_2017', u'WHDL201_SEM2_2018'])
[u'', u'', u'', u'', u'', u'', u'', u'', u'', u'', u'', u'', u'']
check '' ''
[u'WHYD201_SEM1_2018', u'WHYD201_SEM1_2017', u'WHYD201', u'WATER HYDRAULICS II', u'BNCVL1', u'B ENGINEERING TECHNOLOGY IN CIVIL ENG', u'21', u'SEMESTER 1', u'D1', u'Durban Campus Full-time', u'A', u'40007541:HAN', 0.0]
check 'WHYD201_SEM1_2018' 'WHYD201'
processXLS: only for SEM2 [u'WHYD201_SEM1_2018', u'WHYD201_SEM1_2017', u'WHYD201', u'WATER HYDRAULICS II', u'BNCVL1', u'B ENGINEERING TECHNOLOGY IN CIVIL ENG', u'21', u'SEMESTER 1', u'D1', u'Durban Campus Full-time', u'A', u'40007541:HAN', 0.0]
[u'', u'', u'', u'', u'', u'', u'', u'', u'', u'', u'', u'', u'']
check '' ''
[u'CCED301_SEM1_2018', u'CCED301_SEM1_2017', u'CCED301', u'CAD CIVIL ENGINEERING DRAWINGS III', u'BNCVL1', u'B ENGINEERING TECHNOLOGY IN CIVIL ENG', u'21', u'SEMESTER 1', u'D1', u'Durban Campus Full-time', u'A', u'40003105:VAHED S', 0.0]
check 'CCED301_SEM1_2018' 'CCED301'
processXLS: only for SEM2 [u'CCED301_SEM1_2018', u'CCED301_SEM1_2017', u'CCED301', u'CAD CIVIL ENGINEERING DRAWINGS III', u'BNCVL1', u'B ENGINEERING TECHNOLOGY IN CIVIL ENG', u'21', u'SEMESTER 1', u'D1', u'Durban Campus Full-time', u'A', u'40003105:VAHED S', 0.0]
[u'', u'', u'', u'', u'', u'', u'', u'', u'', u'', u'', u'', u'']
check '' ''
[u'CEDC301_SEM1_2018', u'CEDC301_SEM1_2017', u'CEDC301', u'CIVIL ENGINEERING DOCUMENTATION III', u'BNCVL1', u'B ENGINEERING TECHNOLOGY IN CIVIL ENG', u'21', u'SEMESTER 1', u'D1', u'Durban Campus Full-time', u'A', u'40000290:HARIPERSAD', 0.0]
check 'CEDC301_SEM1_2018' 'CEDC301'
processXLS: only for SEM2 [u'CEDC301_SEM1_2018', u'CEDC301_SEM1_2017', u'CEDC301', u'CIVIL ENGINEERING DOCUMENTATION III', u'BNCVL1', u'B ENGINEERING TECHNOLOGY IN CIVIL ENG', u'21', u'SEMESTER 1', u'D1', u'Durban Campus Full-time', u'A', u'40000290:HARIPERSAD', 0.0]
[u'', u'', u'', u'', u'', u'', u'', u'', u'', u'', u'', u'', u'']
check '' ''
[u'CNMN301_SEM1_2018', u'CNMN301_SEM1_2017', u'CNMN301', u'CONSTRUCTION MANAGEMENT III', u'BNCVL1', u'B ENGINEERING TECHNOLOGY IN CIVIL ENG', u'21', u'SEMESTER 1', u'D1', u'Durban Campus Full-time', u'A', u'50002605:GOVENDER R;40000314:VAHED Y', 0.0]
check 'CNMN301_SEM1_2018' 'CNMN301'
processXLS: only for SEM2 [u'CNMN301_SEM1_2018', u'CNMN301_SEM1_2017', u'CNMN301', u'CONSTRUCTION MANAGEMENT III', u'BNCVL1', u'B ENGINEERING TECHNOLOGY IN CIVIL ENG', u'21', u'SEMESTER 1', u'D1', u'Durban Campus Full-time', u'A', u'50002605:GOVENDER R;40000314:VAHED Y', 0.0]
[u'', u'', u'', u'', u'', u'', u'', u'', u'', u'', u'', u'', u'']
check '' ''
[u'DSNP301_SEM2_2018', u'DSNP301_SEM2_2017', u'DSNP301', u'DESIGN PROJECT', u'BNCVL1', u'B ENGINEERING TECHNOLOGY IN CIVIL ENG', u'22', u'SEMESTER 2', u'D1', u'Durban Campus Full-time', u'A', u'50002490:JAIRAM', 0.0]
check 'DSNP301_SEM2_2018' 'DSNP301'
adding  DSNP301
requesting:  http://10.0.100.98:8000/bbinfo/matching_courses/DSNP301%25
r= <Response [200]>
matching classes= set([u'DSNP301_SEM2_2018', u'DSNP301_SEM2_2017'])
[u'', u'', u'', u'', u'', u'', u'', u'', u'', u'', u'', u'', u'']
check '' ''
[u'RFCD301_SEM1_2018', u'RFCD301_SEM1_2017', u'RFCD301', u'REINFORCED CONCRETE DESIGN III', u'BNCVL1', u'B ENGINEERING TECHNOLOGY IN CIVIL ENG', u'21', u'SEMESTER 1', u'D1', u'Durban Campus Full-time', u'A', u'50001071:PARROTT', 0.0]
check 'RFCD301_SEM1_2018' 'RFCD301'
processXLS: only for SEM2 [u'RFCD301_SEM1_2018', u'RFCD301_SEM1_2017', u'RFCD301', u'REINFORCED CONCRETE DESIGN III', u'BNCVL1', u'B ENGINEERING TECHNOLOGY IN CIVIL ENG', u'21', u'SEMESTER 1', u'D1', u'Durban Campus Full-time', u'A', u'50001071:PARROTT', 0.0]
[u'', u'', u'', u'', u'', u'', u'', u'', u'', u'', u'', u'', u'']
check '' ''
[u'STSD301_SEM2_2018', u'STSD301_SEM2_2017', u'STSD301', u'STRUCTURAL STEEL DESIGN III', u'BNCVL1', u'B ENGINEERING TECHNOLOGY IN CIVIL ENG', u'22', u'SEMESTER 2', u'D1', u'Durban Campus Full-time', u'A', u'40000194:VAWDA', 0.0]
check 'STSD301_SEM2_2018' 'STSD301'
adding  STSD301
requesting:  http://10.0.100.98:8000/bbinfo/matching_courses/STSD301%25
r= <Response [200]>
matching classes= set([u'STSD301_SEM2_2017', u'STSD301_SEM2_2018'])
[u'', u'', u'', u'', u'', u'', u'', u'', u'', u'', u'', u'', u'']
check '' ''
[u'TRTA301_SEM1_2018', u'TRTA301_SEM1_2017', u'TRTA301', u'TRANSPORT TECHNOLOGY IIIA', u'BNCVL1', u'B ENGINEERING TECHNOLOGY IN CIVIL ENG', u'21', u'SEMESTER 1', u'D1', u'Durban Campus Full-time', u'A', u'50002605:GOVENDER R', 0.0]
check 'TRTA301_SEM1_2018' 'TRTA301'
processXLS: only for SEM2 [u'TRTA301_SEM1_2018', u'TRTA301_SEM1_2017', u'TRTA301', u'TRANSPORT TECHNOLOGY IIIA', u'BNCVL1', u'B ENGINEERING TECHNOLOGY IN CIVIL ENG', u'21', u'SEMESTER 1', u'D1', u'Durban Campus Full-time', u'A', u'50002605:GOVENDER R', 0.0]
[u'', u'', u'', u'', u'', u'', u'', u'', u'', u'', u'', u'', u'']
check '' ''
[u'TRTB301_SEM2_2018', u'TRTB301_SEM2_2017', u'TRTB301', u'TRANSPORT TECHNOLOGY IIIB', u'BNCVL1', u'B ENGINEERING TECHNOLOGY IN CIVIL ENG', u'22', u'SEMESTER 2', u'D1', u'Durban Campus Full-time', u'A', u'40000186:ALLOPI', 0.0]
check 'TRTB301_SEM2_2018' 'TRTB301'
adding  TRTB301
requesting:  http://10.0.100.98:8000/bbinfo/matching_courses/TRTB301%25
r= <Response [200]>
matching classes= set([u'TRTB301_SEM2_2017', u'TRTB301_SEM2_2018'])
[u'', u'', u'', u'', u'', u'', u'', u'', u'', u'', u'', u'', u'']
check '' ''
[u'WRTD301_SEM1_2018', u'WRTD301_SEM1_2017', u'WRTD301', u'WATER RETICULATION DESIGN III', u'BNCVL1', u'B ENGINEERING TECHNOLOGY IN CIVIL ENG', u'21', u'SEMESTER 1', u'D1', u'Durban Campus Full-time', u'A', u'50002490:JAIRAM', 0.0]
check 'WRTD301_SEM1_2018' 'WRTD301'
processXLS: only for SEM2 [u'WRTD301_SEM1_2018', u'WRTD301_SEM1_2017', u'WRTD301', u'WATER RETICULATION DESIGN III', u'BNCVL1', u'B ENGINEERING TECHNOLOGY IN CIVIL ENG', u'21', u'SEMESTER 1', u'D1', u'Durban Campus Full-time', u'A', u'50002490:JAIRAM', 0.0]
[u'...', u'', u'', u'', u'', u'', u'', u'', u'', u'', u'', u'', u'']
check '...' ''
[u'New subjects for 2018', u'', u'', u'', u'', u'', u'', u'', u'', u'', u'', u'', u'']
check 'New subjects for 2018' ''
[u'DSNP301_SEM2_2018', u'template_2018', u'DSNP301', u'DESIGN PROJECT', u'BNCVL1', u'B ENGINEERING TECHNOLOGY IN CIVIL ENG', u'22', u'SEM2', u'D1', u'OTNAME', u'A', u'50002279:STEEL;50002490:JAIRAM;', u'']
check 'DSNP301_SEM2_2018' 'DSNP301'
adding  DSNP301
requesting:  http://10.0.100.98:8000/bbinfo/matching_courses/DSNP301%25
r= <Response [200]>
matching classes= set([u'DSNP301_SEM2_2018', u'DSNP301_SEM2_2017'])
[u'CCRT101_SEM1_2018', u'template_2018', u'CCRT101', u'CONCRETE TECHNOLOGY I', u'NDCVL2', u'ND: ENGINEERING: CIVIL', u'21', u'SEM1', u'I1', u'OTNAME', u'A', u'', u'']
check 'CCRT101_SEM1_2018' 'CCRT101'
processXLS: only for SEM2 [u'CCRT101_SEM1_2018', u'template_2018', u'CCRT101', u'CONCRETE TECHNOLOGY I', u'NDCVL2', u'ND: ENGINEERING: CIVIL', u'21', u'SEM1', u'I1', u'OTNAME', u'A', u'', u'']
[u'CCRT101_SEM1_2018', u'template_2018', u'CCRT101', u'CONCRETE TECHNOLOGY I', u'NDCVL2', u'ND: ENGINEERING: CIVIL', u'21', u'SEM1', u'I1', u'OTNAME', u'A', u'', u'']
check 'CCRT101_SEM1_2018' 'CCRT101'
processXLS: only for SEM2 [u'CCRT101_SEM1_2018', u'template_2018', u'CCRT101', u'CONCRETE TECHNOLOGY I', u'NDCVL2', u'ND: ENGINEERING: CIVIL', u'21', u'SEM1', u'I1', u'OTNAME', u'A', u'', u'']
[u'CCRT101_SEM1_2018', u'template_2018', u'CCRT101', u'CONCRETE TECHNOLOGY I', u'NDCVL2', u'ND: ENGINEERING: CIVIL', u'21', u'SEM1', u'I1', u'OTNAME', u'A', u'', u'']
check 'CCRT101_SEM1_2018' 'CCRT101'
processXLS: only for SEM2 [u'CCRT101_SEM1_2018', u'template_2018', u'CCRT101', u'CONCRETE TECHNOLOGY I', u'NDCVL2', u'ND: ENGINEERING: CIVIL', u'21', u'SEM1', u'I1', u'OTNAME', u'A', u'', u'']
[u'CCRT101_SEM1_2018', u'template_2018', u'CCRT101', u'CONCRETE TECHNOLOGY I', u'NDCVE1', u'ND: ENGINEERING: CIVIL', u'21', u'SEM1', u'I1', u'OTNAME', u'A', u'', u'']
check 'CCRT101_SEM1_2018' 'CCRT101'
processXLS: only for SEM2 [u'CCRT101_SEM1_2018', u'template_2018', u'CCRT101', u'CONCRETE TECHNOLOGY I', u'NDCVE1', u'ND: ENGINEERING: CIVIL', u'21', u'SEM1', u'I1', u'OTNAME', u'A', u'', u'']
[u'CCRT101_SEM1_2018', u'template_2018', u'CCRT101', u'CONCRETE TECHNOLOGY I', u'NDCVE1', u'ND: ENGINEERING: CIVIL', u'21', u'SEM1', u'I1', u'OTNAME', u'A', u'', u'']
check 'CCRT101_SEM1_2018' 'CCRT101'
processXLS: only for SEM2 [u'CCRT101_SEM1_2018', u'template_2018', u'CCRT101', u'CONCRETE TECHNOLOGY I', u'NDCVE1', u'ND: ENGINEERING: CIVIL', u'21', u'SEM1', u'I1', u'OTNAME', u'A', u'', u'']
[u'CCRT101_SEM1_2018', u'template_2018', u'CCRT101', u'CONCRETE TECHNOLOGY I', u'NDCVL1', u'ND: ENGINEERING: CIVIL', u'21', u'SEM1', u'I1', u'OTNAME', u'A', u'', u'']
check 'CCRT101_SEM1_2018' 'CCRT101'
processXLS: only for SEM2 [u'CCRT101_SEM1_2018', u'template_2018', u'CCRT101', u'CONCRETE TECHNOLOGY I', u'NDCVL1', u'ND: ENGINEERING: CIVIL', u'21', u'SEM1', u'I1', u'OTNAME', u'A', u'', u'']
[u'CCRT101_SEM2_2018', u'template_2018', u'CCRT101', u'CONCRETE TECHNOLOGY I', u'NDCVL2', u'ND: ENGINEERING: CIVIL', u'22', u'SEM2', u'I3', u'OTNAME', u'A', u'', u'']
check 'CCRT101_SEM2_2018' 'CCRT101'
adding  CCRT101
requesting:  http://10.0.100.98:8000/bbinfo/matching_courses/CCRT101%25
r= <Response [200]>
matching classes= set([u'CCRT101_SEM2_2018', u'CCRT101_SEM1_2018'])
[u'CCRT101_SEM2_2018', u'template_2018', u'CCRT101', u'CONCRETE TECHNOLOGY I', u'NDCVL2', u'ND: ENGINEERING: CIVIL', u'22', u'SEM2', u'I3', u'OTNAME', u'A', u'', u'']
check 'CCRT101_SEM2_2018' 'CCRT101'
adding  CCRT101
requesting:  http://10.0.100.98:8000/bbinfo/matching_courses/CCRT101%25
r= <Response [200]>
matching classes= set([u'CCRT101_SEM2_2018', u'CCRT101_SEM1_2018'])
[u'CCRT101_SEM2_2018', u'template_2018', u'CCRT101', u'CONCRETE TECHNOLOGY I', u'NDCVL2', u'ND: ENGINEERING: CIVIL', u'22', u'SEM2', u'I3', u'OTNAME', u'A', u'', u'']
check 'CCRT101_SEM2_2018' 'CCRT101'
adding  CCRT101
requesting:  http://10.0.100.98:8000/bbinfo/matching_courses/CCRT101%25
r= <Response [200]>
matching classes= set([u'CCRT101_SEM2_2018', u'CCRT101_SEM1_2018'])
[u'CCRT101_SEM2_2018', u'template_2018', u'CCRT101', u'CONCRETE TECHNOLOGY I', u'NDCVE1', u'ND: ENGINEERING: CIVIL', u'22', u'SEM2', u'I3', u'OTNAME', u'A', u'', u'']
check 'CCRT101_SEM2_2018' 'CCRT101'
adding  CCRT101
requesting:  http://10.0.100.98:8000/bbinfo/matching_courses/CCRT101%25
r= <Response [200]>
matching classes= set([u'CCRT101_SEM2_2018', u'CCRT101_SEM1_2018'])
[u'CCRT101_SEM2_2018', u'template_2018', u'CCRT101', u'CONCRETE TECHNOLOGY I', u'NDCVE1', u'ND: ENGINEERING: CIVIL', u'22', u'SEM2', u'I3', u'OTNAME', u'A', u'', u'']
check 'CCRT101_SEM2_2018' 'CCRT101'
adding  CCRT101
requesting:  http://10.0.100.98:8000/bbinfo/matching_courses/CCRT101%25
r= <Response [200]>
matching classes= set([u'CCRT101_SEM2_2018', u'CCRT101_SEM1_2018'])
[u'CCRT101_SEM2_2018', u'template_2018', u'CCRT101', u'CONCRETE TECHNOLOGY I', u'NDCVL1', u'ND: ENGINEERING: CIVIL', u'22', u'SEM2', u'I3', u'OTNAME', u'A', u'', u'']
check 'CCRT101_SEM2_2018' 'CCRT101'
adding  CCRT101
requesting:  http://10.0.100.98:8000/bbinfo/matching_courses/CCRT101%25
r= <Response [200]>
matching classes= set([u'CCRT101_SEM2_2018', u'CCRT101_SEM1_2018'])
[u'ASPH101_SEM1_2018', u'template_2018', u'ASPH101', u'ASPHALT TECHNOLOGY I', u'NDCVL2', u'ND: ENGINEERING: CIVIL', u'21', u'SEM1', u'I1', u'OTNAME', u'A', u'', u'']
check 'ASPH101_SEM1_2018' 'ASPH101'
processXLS: only for SEM2 [u'ASPH101_SEM1_2018', u'template_2018', u'ASPH101', u'ASPHALT TECHNOLOGY I', u'NDCVL2', u'ND: ENGINEERING: CIVIL', u'21', u'SEM1', u'I1', u'OTNAME', u'A', u'', u'']
[u'ASPH101_SEM1_2018', u'template_2018', u'ASPH101', u'ASPHALT TECHNOLOGY I', u'NDCVL2', u'ND: ENGINEERING: CIVIL', u'21', u'SEM1', u'I1', u'OTNAME', u'A', u'', u'']
check 'ASPH101_SEM1_2018' 'ASPH101'
processXLS: only for SEM2 [u'ASPH101_SEM1_2018', u'template_2018', u'ASPH101', u'ASPHALT TECHNOLOGY I', u'NDCVL2', u'ND: ENGINEERING: CIVIL', u'21', u'SEM1', u'I1', u'OTNAME', u'A', u'', u'']
[u'ASPH101_SEM1_2018', u'template_2018', u'ASPH101', u'ASPHALT TECHNOLOGY I', u'NDCVL2', u'ND: ENGINEERING: CIVIL', u'21', u'SEM1', u'I1', u'OTNAME', u'A', u'', u'']
check 'ASPH101_SEM1_2018' 'ASPH101'
processXLS: only for SEM2 [u'ASPH101_SEM1_2018', u'template_2018', u'ASPH101', u'ASPHALT TECHNOLOGY I', u'NDCVL2', u'ND: ENGINEERING: CIVIL', u'21', u'SEM1', u'I1', u'OTNAME', u'A', u'', u'']
[u'ASPH101_SEM1_2018', u'template_2018', u'ASPH101', u'ASPHALT TECHNOLOGY I', u'NDCVL2', u'ND: ENGINEERING: CIVIL', u'21', u'SEM1', u'I1', u'OTNAME', u'A', u'', u'']
check 'ASPH101_SEM1_2018' 'ASPH101'
processXLS: only for SEM2 [u'ASPH101_SEM1_2018', u'template_2018', u'ASPH101', u'ASPHALT TECHNOLOGY I', u'NDCVL2', u'ND: ENGINEERING: CIVIL', u'21', u'SEM1', u'I1', u'OTNAME', u'A', u'', u'']
[u'ASPH101_SEM1_2018', u'template_2018', u'ASPH101', u'ASPHALT TECHNOLOGY I', u'NDCVE1', u'ND: ENGINEERING: CIVIL', u'21', u'SEM1', u'I1', u'OTNAME', u'A', u'', u'']
check 'ASPH101_SEM1_2018' 'ASPH101'
processXLS: only for SEM2 [u'ASPH101_SEM1_2018', u'template_2018', u'ASPH101', u'ASPHALT TECHNOLOGY I', u'NDCVE1', u'ND: ENGINEERING: CIVIL', u'21', u'SEM1', u'I1', u'OTNAME', u'A', u'', u'']
[u'ASPH101_SEM1_2018', u'template_2018', u'ASPH101', u'ASPHALT TECHNOLOGY I', u'NDCVE1', u'ND: ENGINEERING: CIVIL', u'21', u'SEM1', u'I1', u'OTNAME', u'A', u'', u'']
check 'ASPH101_SEM1_2018' 'ASPH101'
processXLS: only for SEM2 [u'ASPH101_SEM1_2018', u'template_2018', u'ASPH101', u'ASPHALT TECHNOLOGY I', u'NDCVE1', u'ND: ENGINEERING: CIVIL', u'21', u'SEM1', u'I1', u'OTNAME', u'A', u'', u'']
[u'ASPH101_SEM1_2018', u'template_2018', u'ASPH101', u'ASPHALT TECHNOLOGY I', u'NDCVL1', u'ND: ENGINEERING: CIVIL', u'21', u'SEM1', u'I1', u'OTNAME', u'A', u'', u'']
check 'ASPH101_SEM1_2018' 'ASPH101'
processXLS: only for SEM2 [u'ASPH101_SEM1_2018', u'template_2018', u'ASPH101', u'ASPHALT TECHNOLOGY I', u'NDCVL1', u'ND: ENGINEERING: CIVIL', u'21', u'SEM1', u'I1', u'OTNAME', u'A', u'', u'']
[u'ASPH101_SEM1_2018', u'template_2018', u'ASPH101', u'ASPHALT TECHNOLOGY I', u'NDCVL1', u'ND: ENGINEERING: CIVIL', u'21', u'SEM1', u'I1', u'OTNAME', u'A', u'', u'']
check 'ASPH101_SEM1_2018' 'ASPH101'
processXLS: only for SEM2 [u'ASPH101_SEM1_2018', u'template_2018', u'ASPH101', u'ASPHALT TECHNOLOGY I', u'NDCVL1', u'ND: ENGINEERING: CIVIL', u'21', u'SEM1', u'I1', u'OTNAME', u'A', u'', u'']
[u'ASPH101_SEM2_2018', u'template_2018', u'ASPH101', u'ASPHALT TECHNOLOGY I', u'NDCVL2', u'ND: ENGINEERING: CIVIL', u'22', u'SEM2', u'I3', u'OTNAME', u'A', u'', u'']
check 'ASPH101_SEM2_2018' 'ASPH101'
adding  ASPH101
requesting:  http://10.0.100.98:8000/bbinfo/matching_courses/ASPH101%25
r= <Response [200]>
matching classes= set([u'ASPH101_SEM2_2018', u'ASPH101_SEM1_2018'])
[u'ASPH101_SEM2_2018', u'template_2018', u'ASPH101', u'ASPHALT TECHNOLOGY I', u'NDCVL2', u'ND: ENGINEERING: CIVIL', u'22', u'SEM2', u'I3', u'OTNAME', u'A', u'', u'']
check 'ASPH101_SEM2_2018' 'ASPH101'
adding  ASPH101
requesting:  http://10.0.100.98:8000/bbinfo/matching_courses/ASPH101%25
r= <Response [200]>
matching classes= set([u'ASPH101_SEM2_2018', u'ASPH101_SEM1_2018'])
[u'ASPH101_SEM2_2018', u'template_2018', u'ASPH101', u'ASPHALT TECHNOLOGY I', u'NDCVL2', u'ND: ENGINEERING: CIVIL', u'22', u'SEM2', u'I3', u'OTNAME', u'A', u'', u'']
check 'ASPH101_SEM2_2018' 'ASPH101'
adding  ASPH101
requesting:  http://10.0.100.98:8000/bbinfo/matching_courses/ASPH101%25
r= <Response [200]>
matching classes= set([u'ASPH101_SEM2_2018', u'ASPH101_SEM1_2018'])
[u'ASPH101_SEM2_2018', u'template_2018', u'ASPH101', u'ASPHALT TECHNOLOGY I', u'NDCVL2', u'ND: ENGINEERING: CIVIL', u'22', u'SEM2', u'I3', u'OTNAME', u'A', u'', u'']
check 'ASPH101_SEM2_2018' 'ASPH101'
adding  ASPH101
requesting:  http://10.0.100.98:8000/bbinfo/matching_courses/ASPH101%25
r= <Response [200]>
matching classes= set([u'ASPH101_SEM2_2018', u'ASPH101_SEM1_2018'])
[u'ASPH101_SEM2_2018', u'template_2018', u'ASPH101', u'ASPHALT TECHNOLOGY I', u'NDCVE1', u'ND: ENGINEERING: CIVIL', u'22', u'SEM2', u'I3', u'OTNAME', u'A', u'', u'']
check 'ASPH101_SEM2_2018' 'ASPH101'
adding  ASPH101
requesting:  http://10.0.100.98:8000/bbinfo/matching_courses/ASPH101%25
r= <Response [200]>
matching classes= set([u'ASPH101_SEM2_2018', u'ASPH101_SEM1_2018'])
[u'ASPH101_SEM2_2018', u'template_2018', u'ASPH101', u'ASPHALT TECHNOLOGY I', u'NDCVE1', u'ND: ENGINEERING: CIVIL', u'22', u'SEM2', u'I3', u'OTNAME', u'A', u'', u'']
check 'ASPH101_SEM2_2018' 'ASPH101'
adding  ASPH101
requesting:  http://10.0.100.98:8000/bbinfo/matching_courses/ASPH101%25
r= <Response [200]>
matching classes= set([u'ASPH101_SEM2_2018', u'ASPH101_SEM1_2018'])
[u'ASPH101_SEM2_2018', u'template_2018', u'ASPH101', u'ASPHALT TECHNOLOGY I', u'NDCVL1', u'ND: ENGINEERING: CIVIL', u'22', u'SEM2', u'I3', u'OTNAME', u'A', u'', u'']
check 'ASPH101_SEM2_2018' 'ASPH101'
adding  ASPH101
requesting:  http://10.0.100.98:8000/bbinfo/matching_courses/ASPH101%25
r= <Response [200]>
matching classes= set([u'ASPH101_SEM2_2018', u'ASPH101_SEM1_2018'])
[u'ASPH101_SEM2_2018', u'template_2018', u'ASPH101', u'ASPHALT TECHNOLOGY I', u'NDCVL1', u'ND: ENGINEERING: CIVIL', u'22', u'SEM2', u'I3', u'OTNAME', u'A', u'', u'']
check 'ASPH101_SEM2_2018' 'ASPH101'
adding  ASPH101
requesting:  http://10.0.100.98:8000/bbinfo/matching_courses/ASPH101%25
r= <Response [200]>
matching classes= set([u'ASPH101_SEM2_2018', u'ASPH101_SEM1_2018'])
[u'SDTI201_SEM2_2018', u'template_2018', u'SDTI201', u'STRUCTURAL DESIGN THEORY INTRO IIB', u'BNCVL1', u'B ENGINEERING TECHNOLOGY IN CIVIL ENG', u'22', u'SEM2', u'D1', u'OTNAME', u'A', u'50002279:STEEL;50001071:PARROTT;', u'']
check 'SDTI201_SEM2_2018' 'SDTI201'
adding  SDTI201
requesting:  http://10.0.100.98:8000/bbinfo/matching_courses/SDTI201%25
r= <Response [200]>
matching classes= set([u'SDTI201_SEM2_2017', u'SDTI201_SEM2_2018'])
[u'STSD301_SEM2_2018', u'template_2018', u'STSD301', u'STRUCTURAL STEEL DESIGN IIIB', u'BNCVL1', u'B ENGINEERING TECHNOLOGY IN CIVIL ENG', u'22', u'SEM2', u'D1', u'OTNAME', u'A', u'50002279:STEEL;40000194:VAWDA;', u'']
check 'STSD301_SEM2_2018' 'STSD301'
adding  STSD301
requesting:  http://10.0.100.98:8000/bbinfo/matching_courses/STSD301%25
r= <Response [200]>
matching classes= set([u'STSD301_SEM2_2017', u'STSD301_SEM2_2018'])
[u'SVDR101_SEM2_2018', u'template_2018', u'SVDR101', u'SURVEY DRAWING I', u'BBGMT1', u'BACHELOR OF THE B E IN GEOMATICS', u'22', u'SEM2', u'D1', u'OTNAME', u'A', u'50010932:RAGHUBAR;', u'']
check 'SVDR101_SEM2_2018' 'SVDR101'
adding  SVDR101
requesting:  http://10.0.100.98:8000/bbinfo/matching_courses/SVDR101%25
r= <Response [200]>
matching classes= set([u'SVDR101_SEM2_2018'])
[u'EVSC101_SEM2_2018', u'template_2018', u'EVSC101', u'ENVIRONMENTAL SCIENCE I', u'BBGMT1', u'BACHELOR OF THE B E IN GEOMATICS', u'22', u'SEM2', u'D1', u'OTNAME', u'A', u'40003343:SAANE;', u'']
check 'EVSC101_SEM2_2018' 'EVSC101'
adding  EVSC101
requesting:  http://10.0.100.98:8000/bbinfo/matching_courses/EVSC101%25
r= <Response [200]>
matching classes= set([u'EVSC101_SEM2_2018'])
[u'BEMN201_SEM1_2018', u'template_2018', u'BEMN201', u'BASIC ENGINEERING MANAGEMENT II', u'BBGMT1', u'BACHELOR OF THE B E IN GEOMATICS', u'21', u'SEM1', u'D1', u'OTNAME', u'A', u'40004652:RAMPURSAD;', u'']
check 'BEMN201_SEM1_2018' 'BEMN201'
processXLS: only for SEM2 [u'BEMN201_SEM1_2018', u'template_2018', u'BEMN201', u'BASIC ENGINEERING MANAGEMENT II', u'BBGMT1', u'BACHELOR OF THE B E IN GEOMATICS', u'21', u'SEM1', u'D1', u'OTNAME', u'A', u'40004652:RAMPURSAD;', u'']
[u'GISS201_SEM1_2018', u'template_2018', u'GISS201', u'GEOGRAPHIC INFORMATION SYSTEMS II', u'BBGMT1', u'BACHELOR OF THE B E IN GEOMATICS', u'21', u'SEM1', u'D1', u'OTNAME', u'A', u'40003343:SAANE;', u'']
check 'GISS201_SEM1_2018' 'GISS201'
processXLS: only for SEM2 [u'GISS201_SEM1_2018', u'template_2018', u'GISS201', u'GEOGRAPHIC INFORMATION SYSTEMS II', u'BBGMT1', u'BACHELOR OF THE B E IN GEOMATICS', u'21', u'SEM1', u'D1', u'OTNAME', u'A', u'40003343:SAANE;', u'']
[u'MPSC201_SEM2_2018', u'template_2018', u'MPSC201', u'MAP PROJECTIONS & CO-ORDINATE SYS II', u'BBGMT1', u'BACHELOR OF THE B E IN GEOMATICS', u'22', u'SEM2', u'D1', u'OTNAME', u'A', u'40009694:PHIRI;', u'']
check 'MPSC201_SEM2_2018' 'MPSC201'
adding  MPSC201
requesting:  http://10.0.100.98:8000/bbinfo/matching_courses/MPSC201%25
r= <Response [200]>
matching classes= set([u'MPSC201_SEM2_2018'])
[u'DPRS201_SEM2_2018', u'template_2018', u'DPRS201', u'DIGITAL PHOTOGRAMMETRY & REMOTE SENSING II', u'BBGMT1', u'BACHELOR OF THE B E IN GEOMATICS', u'22', u'SEM2', u'D1', u'OTNAME', u'A', u'40009694:PHIRI;', u'']
check 'DPRS201_SEM2_2018' 'DPRS201'
adding  DPRS201
requesting:  http://10.0.100.98:8000/bbinfo/matching_courses/DPRS201%25
r= <Response [200]>
matching classes= set([u'DPRS201_SEM2_2018'])
[u'GDSY301_SEM1_2018', u'template_2018', u'GDSY301', u'GEODESY III', u'BBGMT1', u'BACHELOR OF THE B E IN GEOMATICS', u'21', u'SEM1', u'D1', u'OTNAME', u'A', u'50002279:STEEL;', u'']
check 'GDSY301_SEM1_2018' 'GDSY301'
processXLS: only for SEM2 [u'GDSY301_SEM1_2018', u'template_2018', u'GDSY301', u'GEODESY III', u'BBGMT1', u'BACHELOR OF THE B E IN GEOMATICS', u'21', u'SEM1', u'D1', u'OTNAME', u'A', u'50002279:STEEL;', u'']
[u'CDSV301_SEM1_2018', u'template_2018', u'CDSV301', u'CADASTREL SURVEYING III', u'BBGMT1', u'BACHELOR OF THE B E IN GEOMATICS', u'21', u'SEM1', u'D1', u'OTNAME', u'A', u'50002279:STEEL;', u'']
check 'CDSV301_SEM1_2018' 'CDSV301'
processXLS: only for SEM2 [u'CDSV301_SEM1_2018', u'template_2018', u'CDSV301', u'CADASTREL SURVEYING III', u'BBGMT1', u'BACHELOR OF THE B E IN GEOMATICS', u'21', u'SEM1', u'D1', u'OTNAME', u'A', u'50002279:STEEL;', u'']
[u'SVPJ301_SEM2_2018', u'template_2018', u'SVPJ301', u'SURVEY PROJECT III', u'BBGMT1', u'BACHELOR OF THE B E IN GEOMATICS', u'22', u'SEM2', u'D1', u'OTNAME', u'A', u'40004652:RAMPURSAD;', u'']
check 'SVPJ301_SEM2_2018' 'SVPJ301'
adding  SVPJ301
requesting:  http://10.0.100.98:8000/bbinfo/matching_courses/SVPJ301%25
r= <Response [200]>
matching classes= set([u'SVPJ301_SEM2_2018'])
[u'GMTA101_SEM1_2018', u'template_2018', u'GMTA101', u'GEOMATICS IA', u'BBGMT1', u'BACHELOR OF THE B E IN GEOMATICS', u'21', u'SEM1', u'D1', u'OTNAME', u'A', u'40003343:SAANE;', u'']
check 'GMTA101_SEM1_2018' 'GMTA101'
processXLS: only for SEM2 [u'GMTA101_SEM1_2018', u'template_2018', u'GMTA101', u'GEOMATICS IA', u'BBGMT1', u'BACHELOR OF THE B E IN GEOMATICS', u'21', u'SEM1', u'D1', u'OTNAME', u'A', u'40003343:SAANE;', u'']
[u'PHGR201_SEM1_2018', u'template_2018', u'PHGR201', u'PHOTOGRAMMETRY II', u'BBGMT1', u'BACHELOR OF THE B E IN GEOMATICS', u'21', u'SEM1', u'D1', u'OTNAME', u'A', u'40009694:PHIRI;', u'']
check 'PHGR201_SEM1_2018' 'PHGR201'
processXLS: only for SEM2 [u'PHGR201_SEM1_2018', u'template_2018', u'PHGR201', u'PHOTOGRAMMETRY II', u'BBGMT1', u'BACHELOR OF THE B E IN GEOMATICS', u'21', u'SEM1', u'D1', u'OTNAME', u'A', u'40009694:PHIRI;', u'']
[u'TENA301_SEM1_2018', u'template_2018', u'TENA301', u'THEORY OF ERRORS & N/WORK ADJUSTMENT III', u'BBGMT1', u'BACHELOR OF THE B E IN GEOMATICS', u'21', u'SEM1', u'D1', u'OTNAME', u'A', u'40009694:PHIRI;', u'']
check 'TENA301_SEM1_2018' 'TENA301'
processXLS: only for SEM2 [u'TENA301_SEM1_2018', u'template_2018', u'TENA301', u'THEORY OF ERRORS & N/WORK ADJUSTMENT III', u'BBGMT1', u'BACHELOR OF THE B E IN GEOMATICS', u'21', u'SEM1', u'D1', u'OTNAME', u'A', u'40009694:PHIRI;', u'']
[u'TRTB201_SEM2_2018', u'template_2018', u'TRTB201', u'TRANSPORT TECHNOLOGY IIB', u'BNCVL1', u'B ENGINEERING TECHNOLOGY IN CIVIL ENG', u'22', u'SEM2', u'D1', u'OTNAME', u'A', u'50002279:STEEL;50002605:GOVENDER;', u'']
check 'TRTB201_SEM2_2018' 'TRTB201'
adding  TRTB201
requesting:  http://10.0.100.98:8000/bbinfo/matching_courses/TRTB201%25
r= <Response [200]>
matching classes= set([u'TRTB201_SEM2_2017', u'TRTB201_SEM2_2018'])
[u'TRTB301_SEM2_2018', u'template_2018', u'TRTB301', u'TRANSPORT TECHNOLOGY IIIB', u'BNCVL1', u'B ENGINEERING TECHNOLOGY IN CIVIL ENG', u'22', u'SEM2', u'D1', u'OTNAME', u'A', u'40000186:ALLOPI;50002279:STEEL;', u'']
check 'TRTB301_SEM2_2018' 'TRTB301'
adding  TRTB301
requesting:  http://10.0.100.98:8000/bbinfo/matching_courses/TRTB301%25
r= <Response [200]>
matching classes= set([u'TRTB301_SEM2_2017', u'TRTB301_SEM2_2018'])
[u'CTSU201_SEM1_2018', u'template_2018', u'CTSU201', u'CONTROL SURVEYING II', u'BBGMT1', u'BACHELOR OF THE B E IN GEOMATICS', u'21', u'SEM1', u'D1', u'OTNAME', u'A', u'50002279:STEEL;', u'']
check 'CTSU201_SEM1_2018' 'CTSU201'
processXLS: only for SEM2 [u'CTSU201_SEM1_2018', u'template_2018', u'CTSU201', u'CONTROL SURVEYING II', u'BBGMT1', u'BACHELOR OF THE B E IN GEOMATICS', u'21', u'SEM1', u'D1', u'OTNAME', u'A', u'50002279:STEEL;', u'']
[u'ENSV201_SEM2_2018', u'template_2018', u'ENSV201', u'ENGINEERING SURVEYING II', u'BBGMT1', u'BACHELOR OF THE B E IN GEOMATICS', u'22', u'SEM2', u'D1', u'OTNAME', u'A', u'40014125:GOOLAM MOHAMED;', u'']
check 'ENSV201_SEM2_2018' 'ENSV201'
adding  ENSV201
requesting:  http://10.0.100.98:8000/bbinfo/matching_courses/ENSV201%25
r= <Response [200]>
matching classes= set([u'ENSV201_SEM2_2018'])
[u'DRWN101_SEM1_2018', u'template_2018', u'DRWN101', u'DRAWING I', u'BBGMT1', u'BACHELOR OF THE B E IN GEOMATICS', u'21', u'SEM1', u'D1', u'OTNAME', u'A', u'40002900:HARIPARSAD;40004652:RAMPURSAD;', u'']
check 'DRWN101_SEM1_2018' 'DRWN101'
processXLS: only for SEM2 [u'DRWN101_SEM1_2018', u'template_2018', u'DRWN101', u'DRAWING I', u'BBGMT1', u'BACHELOR OF THE B E IN GEOMATICS', u'21', u'SEM1', u'D1', u'OTNAME', u'A', u'40002900:HARIPARSAD;40004652:RAMPURSAD;', u'']
[u'GISS301_SEM1_2018', u'template_2018', u'GISS301', u'GEOGRAPHIC INFORMATION SYSTEMS III', u'BBGMT1', u'BACHELOR OF THE B E IN GEOMATICS', u'21', u'SEM1', u'D1', u'OTNAME', u'A', u'40003343:SAANE;', u'']
check 'GISS301_SEM1_2018' 'GISS301'
processXLS: only for SEM2 [u'GISS301_SEM1_2018', u'template_2018', u'GISS301', u'GEOGRAPHIC INFORMATION SYSTEMS III', u'BBGMT1', u'BACHELOR OF THE B E IN GEOMATICS', u'21', u'SEM1', u'D1', u'OTNAME', u'A', u'40003343:SAANE;', u'']
processXLS: finished processing workingSheets/data/BBC3503CivilEngSurv(durban)2017.xls
getWS: requesting:  http://10.0.100.98:8000/itsenrol/classlist/2018/22/CMTT421 rsp= <Response [200]>
getWS: requesting:  http://10.0.100.98:8000/bbinfo/classlist/CMTT421 rsp= <Response [200]>
getNewStudentsInSubject: ITS 129, BB 1 -> 129 new enrollments
getWS: requesting:  http://10.0.100.98:8000/itsenrol/classlist/2018/22/CVMT101 rsp= <Response [200]>
getWS: requesting:  http://10.0.100.98:8000/bbinfo/classlist/CVMT101 rsp= <Response [200]>
getNewStudentsInSubject: ITS 100, BB 1 -> 100 new enrollments
getWS: requesting:  http://10.0.100.98:8000/itsenrol/classlist/2018/22/RCMD311 rsp= <Response [200]>
getWS: requesting:  http://10.0.100.98:8000/bbinfo/classlist/RCMD311 rsp= <Response [200]>
getNewStudentsInSubject: ITS 15, BB 150 -> 12 new enrollments
getWS: requesting:  http://10.0.100.98:8000/itsenrol/classlist/2018/22/SURV122 rsp= <Response [200]>
getWS: requesting:  http://10.0.100.98:8000/bbinfo/classlist/SURV122 rsp= <Response [200]>
getNewStudentsInSubject: ITS 0, BB 59 -> 0 new enrollments
getWS: requesting:  http://10.0.100.98:8000/itsenrol/classlist/2018/22/GEOD402 rsp= <Response [200]>
getWS: requesting:  http://10.0.100.98:8000/bbinfo/classlist/GEOD402 rsp= <Response [200]>
getNewStudentsInSubject: ITS 25, BB 1 -> 25 new enrollments
getWS: requesting:  http://10.0.100.98:8000/itsenrol/classlist/2018/22/STTD321 rsp= <Response [200]>
getWS: requesting:  http://10.0.100.98:8000/bbinfo/classlist/STTD321 rsp= <Response [200]>
getNewStudentsInSubject: ITS 1, BB 82 -> 1 new enrollments
getWS: requesting:  http://10.0.100.98:8000/itsenrol/classlist/2018/22/SCVL221 rsp= <Response [200]>
getWS: requesting:  http://10.0.100.98:8000/bbinfo/classlist/SCVL221 rsp= <Response [200]>
getNewStudentsInSubject: ITS 0, BB 42 -> 0 new enrollments
getWS: requesting:  http://10.0.100.98:8000/itsenrol/classlist/2018/22/MCIV102 rsp= <Response [200]>
getWS: requesting:  http://10.0.100.98:8000/bbinfo/classlist/MCIV102 rsp= <Response [200]>
getNewStudentsInSubject: ITS 0, BB 85 -> 0 new enrollments
getWS: requesting:  http://10.0.100.98:8000/itsenrol/classlist/2018/22/TPEN221 rsp= <Response [200]>
getWS: requesting:  http://10.0.100.98:8000/bbinfo/classlist/TPEN221 rsp= <Response [200]>
getNewStudentsInSubject: ITS 1, BB 82 -> 1 new enrollments
getWS: requesting:  http://10.0.100.98:8000/itsenrol/classlist/2018/22/SANA321 rsp= <Response [200]>
getWS: requesting:  http://10.0.100.98:8000/bbinfo/classlist/SANA321 rsp= <Response [200]>
getNewStudentsInSubject: ITS 13, BB 135 -> 12 new enrollments
getWS: requesting:  http://10.0.100.98:8000/itsenrol/classlist/2018/22/SRCV101 rsp= <Response [200]>
getWS: requesting:  http://10.0.100.98:8000/bbinfo/classlist/SRCV101 rsp= <Response [200]>
getNewStudentsInSubject: ITS 98, BB 1 -> 98 new enrollments
getWS: requesting:  http://10.0.100.98:8000/itsenrol/classlist/2018/22/PMCV311 rsp= <Response [200]>
getWS: requesting:  http://10.0.100.98:8000/bbinfo/classlist/PMCV311 rsp= <Response [200]>
getNewStudentsInSubject: ITS 0, BB 1 -> 0 new enrollments
getWS: requesting:  http://10.0.100.98:8000/itsenrol/classlist/2018/22/GEIS301 rsp= <Response [200]>
getWS: requesting:  http://10.0.100.98:8000/bbinfo/classlist/GEIS301 rsp= <Response [200]>
getNewStudentsInSubject: ITS 35, BB 1 -> 35 new enrollments
getWS: requesting:  http://10.0.100.98:8000/itsenrol/classlist/2018/22/SWMT421 rsp= <Response [200]>
getWS: requesting:  http://10.0.100.98:8000/bbinfo/classlist/SWMT421 rsp= <Response [200]>
getNewStudentsInSubject: ITS 106, BB 1 -> 106 new enrollments
getWS: requesting:  http://10.0.100.98:8000/itsenrol/classlist/2018/22/WHDL201 rsp= <Response [200]>
getWS: requesting:  http://10.0.100.98:8000/bbinfo/classlist/WHDL201 rsp= <Response [200]>
getNewStudentsInSubject: ITS 41, BB 1 -> 41 new enrollments
getWS: requesting:  http://10.0.100.98:8000/itsenrol/classlist/2018/22/FNDE421 rsp= <Response [200]>
getWS: requesting:  http://10.0.100.98:8000/bbinfo/classlist/FNDE421 rsp= <Response [200]>
getNewStudentsInSubject: ITS 44, BB 2 -> 44 new enrollments
getWS: requesting:  http://10.0.100.98:8000/itsenrol/classlist/2018/22/TPEN321 rsp= <Response [200]>
getWS: requesting:  http://10.0.100.98:8000/bbinfo/classlist/TPEN321 rsp= <Response [200]>
getNewStudentsInSubject: ITS 8, BB 153 -> 5 new enrollments
getWS: requesting:  http://10.0.100.98:8000/itsenrol/classlist/2018/22/DRNG201 rsp= <Response [200]>
getWS: requesting:  http://10.0.100.98:8000/bbinfo/classlist/DRNG201 rsp= <Response [200]>
getNewStudentsInSubject: ITS 0, BB 28 -> 0 new enrollments
getWS: requesting:  http://10.0.100.98:8000/itsenrol/classlist/2018/22/DSNP301 rsp= <Response [200]>
getWS: requesting:  http://10.0.100.98:8000/bbinfo/classlist/DSNP301 rsp= <Response [200]>
getNewStudentsInSubject: ITS 0, BB 2 -> 0 new enrollments
getWS: requesting:  http://10.0.100.98:8000/itsenrol/classlist/2018/22/WTTC421 rsp= <Response [200]>
getWS: requesting:  http://10.0.100.98:8000/bbinfo/classlist/WTTC421 rsp= <Response [200]>
getNewStudentsInSubject: ITS 47, BB 1 -> 47 new enrollments
getWS: requesting:  http://10.0.100.98:8000/itsenrol/classlist/2018/22/SVDR101 rsp= <Response [200]>
getWS: requesting:  http://10.0.100.98:8000/bbinfo/classlist/SVDR101 rsp= <Response [200]>
getNewStudentsInSubject: ITS 17, BB 1 -> 17 new enrollments
getWS: requesting:  http://10.0.100.98:8000/itsenrol/classlist/2018/22/STMC101 rsp= <Response [200]>
getWS: requesting:  http://10.0.100.98:8000/bbinfo/classlist/STMC101 rsp= <Response [200]>
getNewStudentsInSubject: ITS 108, BB 1 -> 108 new enrollments
getWS: requesting:  http://10.0.100.98:8000/itsenrol/classlist/2018/22/SVPJ301 rsp= <Response [200]>
getWS: requesting:  http://10.0.100.98:8000/bbinfo/classlist/SVPJ301 rsp= <Response [200]>
getNewStudentsInSubject: ITS 0, BB 1 -> 0 new enrollments
getWS: requesting:  http://10.0.100.98:8000/itsenrol/classlist/2018/22/GTEN321 rsp= <Response [200]>
getWS: requesting:  http://10.0.100.98:8000/bbinfo/classlist/GTEN321 rsp= <Response [200]>
getNewStudentsInSubject: ITS 13, BB 140 -> 11 new enrollments
getWS: requesting:  http://10.0.100.98:8000/itsenrol/classlist/2018/22/SURV212 rsp= <Response [200]>
getWS: requesting:  http://10.0.100.98:8000/bbinfo/classlist/SURV212 rsp= <Response [200]>
getNewStudentsInSubject: ITS 0, BB 62 -> 0 new enrollments
getWS: requesting:  http://10.0.100.98:8000/itsenrol/classlist/2018/22/SANA211 rsp= <Response [200]>
getWS: requesting:  http://10.0.100.98:8000/bbinfo/classlist/SANA211 rsp= <Response [200]>
getNewStudentsInSubject: ITS 1, BB 90 -> 1 new enrollments
getWS: requesting:  http://10.0.100.98:8000/itsenrol/classlist/2018/22/SSDE421 rsp= <Response [200]>
getWS: requesting:  http://10.0.100.98:8000/bbinfo/classlist/SSDE421 rsp= <Response [200]>
getNewStudentsInSubject: ITS 0, BB 1 -> 0 new enrollments
getWS: requesting:  http://10.0.100.98:8000/itsenrol/classlist/2018/22/TPEN331 rsp= <Response [200]>
getWS: requesting:  http://10.0.100.98:8000/bbinfo/classlist/TPEN331 rsp= <Response [200]>
getNewStudentsInSubject: ITS 5, BB 153 -> 5 new enrollments
getWS: requesting:  http://10.0.100.98:8000/itsenrol/classlist/2018/22/CSUR301 rsp= <Response [200]>
getWS: requesting:  http://10.0.100.98:8000/bbinfo/classlist/CSUR301 rsp= <Response [200]>
getNewStudentsInSubject: ITS 38, BB 1 -> 38 new enrollments
getWS: requesting:  http://10.0.100.98:8000/itsenrol/classlist/2018/22/CVLE101 rsp= <Response [200]>
getWS: requesting:  http://10.0.100.98:8000/bbinfo/classlist/CVLE101 rsp= <Response [200]>
getNewStudentsInSubject: ITS 5, BB 72 -> 0 new enrollments
getWS: requesting:  http://10.0.100.98:8000/itsenrol/classlist/2018/22/MCIV221 rsp= <Response [200]>
getWS: requesting:  http://10.0.100.98:8000/bbinfo/classlist/MCIV221 rsp= <Response [200]>
getNewStudentsInSubject: ITS 3, BB 71 -> 3 new enrollments
getWS: requesting:  http://10.0.100.98:8000/itsenrol/classlist/2018/22/GTEN201 rsp= <Response [200]>
getWS: requesting:  http://10.0.100.98:8000/bbinfo/classlist/GTEN201 rsp= <Response [200]>
getNewStudentsInSubject: ITS 1, BB 96 -> 1 new enrollments
getWS: requesting:  http://10.0.100.98:8000/itsenrol/classlist/2018/22/DPHT401 rsp= <Response [200]>
getWS: requesting:  http://10.0.100.98:8000/bbinfo/classlist/DPHT401 rsp= <Response [200]>
getNewStudentsInSubject: ITS 25, BB 1 -> 25 new enrollments
getWS: requesting:  http://10.0.100.98:8000/itsenrol/classlist/2018/22/WENG313 rsp= <Response [200]>
getWS: requesting:  http://10.0.100.98:8000/bbinfo/classlist/WENG313 rsp= <Response [200]>
getNewStudentsInSubject: ITS 13, BB 138 -> 13 new enrollments
getWS: requesting:  http://10.0.100.98:8000/itsenrol/classlist/2018/22/STDE411 rsp= <Response [200]>
getWS: requesting:  http://10.0.100.98:8000/bbinfo/classlist/STDE411 rsp= <Response [200]>
getNewStudentsInSubject: ITS 40, BB 1 -> 40 new enrollments
getWS: requesting:  http://10.0.100.98:8000/itsenrol/classlist/2018/22/SCVL211 rsp= <Response [200]>
getWS: requesting:  http://10.0.100.98:8000/bbinfo/classlist/SCVL211 rsp= <Response [200]>
getNewStudentsInSubject: ITS 0, BB 44 -> 0 new enrollments
getWS: requesting:  http://10.0.100.98:8000/itsenrol/classlist/2018/22/SDRG212 rsp= <Response [200]>
getWS: requesting:  http://10.0.100.98:8000/bbinfo/classlist/SDRG212 rsp= <Response [200]>
getNewStudentsInSubject: ITS 0, BB 66 -> 0 new enrollments
getWS: requesting:  http://10.0.100.98:8000/itsenrol/classlist/2018/22/WENG333 rsp= <Response [200]>
getWS: requesting:  http://10.0.100.98:8000/bbinfo/classlist/WENG333 rsp= <Response [200]>
getNewStudentsInSubject: ITS 13, BB 138 -> 13 new enrollments
getWS: requesting:  http://10.0.100.98:8000/itsenrol/classlist/2018/22/DOCU321 rsp= <Response [200]>
getWS: requesting:  http://10.0.100.98:8000/bbinfo/classlist/DOCU321 rsp= <Response [200]>
getNewStudentsInSubject: ITS 9, BB 126 -> 8 new enrollments
getWS: requesting:  http://10.0.100.98:8000/itsenrol/classlist/2018/22/SSDE411 rsp= <Response [200]>
getWS: requesting:  http://10.0.100.98:8000/bbinfo/classlist/SSDE411 rsp= <Response [200]>
getNewStudentsInSubject: ITS 0, BB 1 -> 0 new enrollments
getWS: requesting:  http://10.0.100.98:8000/itsenrol/classlist/2018/22/SWMT411 rsp= <Response [200]>
getWS: requesting:  http://10.0.100.98:8000/bbinfo/classlist/SWMT411 rsp= <Response [200]>
getNewStudentsInSubject: ITS 109, BB 1 -> 109 new enrollments
getWS: requesting:  http://10.0.100.98:8000/itsenrol/classlist/2018/22/WENG213 rsp= <Response [200]>
getWS: requesting:  http://10.0.100.98:8000/bbinfo/classlist/WENG213 rsp= <Response [200]>
getNewStudentsInSubject: ITS 5, BB 92 -> 4 new enrollments
getWS: requesting:  http://10.0.100.98:8000/itsenrol/classlist/2018/22/TRTB301 rsp= <Response [200]>
getWS: requesting:  http://10.0.100.98:8000/bbinfo/classlist/TRTB301 rsp= <Response [200]>
getNewStudentsInSubject: ITS 0, BB 2 -> 0 new enrollments
getWS: requesting:  http://10.0.100.98:8000/itsenrol/classlist/2018/22/STTD311 rsp= <Response [200]>
getWS: requesting:  http://10.0.100.98:8000/bbinfo/classlist/STTD311 rsp= <Response [200]>
getNewStudentsInSubject: ITS 3, BB 92 -> 1 new enrollments
getWS: requesting:  http://10.0.100.98:8000/itsenrol/classlist/2018/22/AERR301 rsp= <Response [200]>
getWS: requesting:  http://10.0.100.98:8000/bbinfo/classlist/AERR301 rsp= <Response [200]>
getNewStudentsInSubject: ITS 33, BB 1 -> 33 new enrollments
getWS: requesting:  http://10.0.100.98:8000/itsenrol/classlist/2018/22/CMTT411 rsp= <Response [200]>
getWS: requesting:  http://10.0.100.98:8000/bbinfo/classlist/CMTT411 rsp= <Response [200]>
getNewStudentsInSubject: ITS 129, BB 1 -> 129 new enrollments
getWS: requesting:  http://10.0.100.98:8000/itsenrol/classlist/2018/22/SURV112 rsp= <Response [200]>
getWS: requesting:  http://10.0.100.98:8000/bbinfo/classlist/SURV112 rsp= <Response [200]>
getNewStudentsInSubject: ITS 0, BB 59 -> 0 new enrollments
getWS: requesting:  http://10.0.100.98:8000/itsenrol/classlist/2018/22/CCRT101 rsp= <Response [200]>
getWS: requesting:  http://10.0.100.98:8000/bbinfo/classlist/CCRT101 rsp= <Response [200]>
getNewStudentsInSubject: ITS 0, BB 0 -> 0 new enrollments
getWS: requesting:  http://10.0.100.98:8000/itsenrol/classlist/2018/22/TCLT101 rsp= <Response [200]>
getWS: requesting:  http://10.0.100.98:8000/bbinfo/classlist/TCLT101 rsp= <Response [200]>
getNewStudentsInSubject: ITS 228, BB 567 -> 217 new enrollments
getWS: requesting:  http://10.0.100.98:8000/itsenrol/classlist/2018/22/CNTM421 rsp= <Response [200]>
getWS: requesting:  http://10.0.100.98:8000/bbinfo/classlist/CNTM421 rsp= <Response [200]>
getNewStudentsInSubject: ITS 68, BB 1 -> 68 new enrollments
getWS: requesting:  http://10.0.100.98:8000/itsenrol/classlist/2018/22/TPEN311 rsp= <Response [200]>
getWS: requesting:  http://10.0.100.98:8000/bbinfo/classlist/TPEN311 rsp= <Response [200]>
getNewStudentsInSubject: ITS 10, BB 151 -> 5 new enrollments
getWS: requesting:  http://10.0.100.98:8000/itsenrol/classlist/2018/22/GEGR101 rsp= <Response [200]>
getWS: requesting:  http://10.0.100.98:8000/bbinfo/classlist/GEGR101 rsp= <Response [200]>
getNewStudentsInSubject: ITS 0, BB 56 -> 0 new enrollments
getWS: requesting:  http://10.0.100.98:8000/itsenrol/classlist/2018/22/DEQP101 rsp= <Response [200]>
getWS: requesting:  http://10.0.100.98:8000/bbinfo/classlist/DEQP101 rsp= <Response [200]>
getNewStudentsInSubject: ITS 0, BB 42 -> 0 new enrollments
getWS: requesting:  http://10.0.100.98:8000/itsenrol/classlist/2018/22/MCIV211 rsp= <Response [200]>
getWS: requesting:  http://10.0.100.98:8000/bbinfo/classlist/MCIV211 rsp= <Response [200]>
getNewStudentsInSubject: ITS 3, BB 71 -> 3 new enrollments
getWS: requesting:  http://10.0.100.98:8000/itsenrol/classlist/2018/22/TSTR202 rsp= <Response [200]>
getWS: requesting:  http://10.0.100.98:8000/bbinfo/classlist/TSTR202 rsp= <Response [200]>
getNewStudentsInSubject: ITS 0, BB 37 -> 0 new enrollments
getWS: requesting:  http://10.0.100.98:8000/itsenrol/classlist/2018/22/CMET101 rsp= <Response [200]>
getWS: requesting:  http://10.0.100.98:8000/bbinfo/classlist/CMET101 rsp= <Response [200]>
getNewStudentsInSubject: ITS 0, BB 61 -> 0 new enrollments
getWS: requesting:  http://10.0.100.98:8000/itsenrol/classlist/2018/22/SANA311 rsp= <Response [200]>
getWS: requesting:  http://10.0.100.98:8000/bbinfo/classlist/SANA311 rsp= <Response [200]>
getNewStudentsInSubject: ITS 16, BB 142 -> 12 new enrollments
getWS: requesting:  http://10.0.100.98:8000/itsenrol/classlist/2018/22/TPEN211 rsp= <Response [200]>
getWS: requesting:  http://10.0.100.98:8000/bbinfo/classlist/TPEN211 rsp= <Response [200]>
getNewStudentsInSubject: ITS 1, BB 85 -> 1 new enrollments
getWS: requesting:  http://10.0.100.98:8000/itsenrol/classlist/2018/22/ENSV201 rsp= <Response [200]>
getWS: requesting:  http://10.0.100.98:8000/bbinfo/classlist/ENSV201 rsp= <Response [200]>
getNewStudentsInSubject: ITS 0, BB 0 -> 0 new enrollments
getWS: requesting:  http://10.0.100.98:8000/itsenrol/classlist/2018/22/DPRS201 rsp= <Response [200]>
getWS: requesting:  http://10.0.100.98:8000/bbinfo/classlist/DPRS201 rsp= <Response [200]>
getNewStudentsInSubject: ITS 0, BB 1 -> 0 new enrollments
getWS: requesting:  http://10.0.100.98:8000/itsenrol/classlist/2018/22/RCMD321 rsp= <Response [200]>
getWS: requesting:  http://10.0.100.98:8000/bbinfo/classlist/RCMD321 rsp= <Response [200]>
getNewStudentsInSubject: ITS 12, BB 137 -> 12 new enrollments
getWS: requesting:  http://10.0.100.98:8000/itsenrol/classlist/2018/22/SURV302 rsp= <Response [200]>
getWS: requesting:  http://10.0.100.98:8000/bbinfo/classlist/SURV302 rsp= <Response [200]>
getNewStudentsInSubject: ITS 41, BB 1 -> 41 new enrollments
getWS: requesting:  http://10.0.100.98:8000/itsenrol/classlist/2018/22/DOCU311 rsp= <Response [200]>
getWS: requesting:  http://10.0.100.98:8000/bbinfo/classlist/DOCU311 rsp= <Response [200]>
getNewStudentsInSubject: ITS 11, BB 153 -> 8 new enrollments
getWS: requesting:  http://10.0.100.98:8000/itsenrol/classlist/2018/22/SDTI201 rsp= <Response [200]>
getWS: requesting:  http://10.0.100.98:8000/bbinfo/classlist/SDTI201 rsp= <Response [200]>
getNewStudentsInSubject: ITS 27, BB 2 -> 27 new enrollments
getWS: requesting:  http://10.0.100.98:8000/itsenrol/classlist/2018/22/CAPP302 rsp= <Response [200]>
getWS: requesting:  http://10.0.100.98:8000/bbinfo/classlist/CAPP302 rsp= <Response [200]>
getNewStudentsInSubject: ITS 34, BB 1 -> 34 new enrollments
getWS: requesting:  http://10.0.100.98:8000/itsenrol/classlist/2018/22/PHTG202 rsp= <Response [200]>
getWS: requesting:  http://10.0.100.98:8000/bbinfo/classlist/PHTG202 rsp= <Response [200]>
getNewStudentsInSubject: ITS 0, BB 61 -> 0 new enrollments
getWS: requesting:  http://10.0.100.98:8000/itsenrol/classlist/2018/22/SURG101 rsp= <Response [200]>
getWS: requesting:  http://10.0.100.98:8000/bbinfo/classlist/SURG101 rsp= <Response [200]>
getNewStudentsInSubject: ITS 0, BB 1 -> 0 new enrollments
getWS: requesting:  http://10.0.100.98:8000/itsenrol/classlist/2018/22/TRTB201 rsp= <Response [200]>
getWS: requesting:  http://10.0.100.98:8000/bbinfo/classlist/TRTB201 rsp= <Response [200]>
getNewStudentsInSubject: ITS 54, BB 2 -> 54 new enrollments
getWS: requesting:  http://10.0.100.98:8000/itsenrol/classlist/2018/22/CNTM411 rsp= <Response [200]>
getWS: requesting:  http://10.0.100.98:8000/bbinfo/classlist/CNTM411 rsp= <Response [200]>
getNewStudentsInSubject: ITS 64, BB 1 -> 64 new enrollments
getWS: requesting:  http://10.0.100.98:8000/itsenrol/classlist/2018/22/SANA221 rsp= <Response [200]>
getWS: requesting:  http://10.0.100.98:8000/bbinfo/classlist/SANA221 rsp= <Response [200]>
getNewStudentsInSubject: ITS 1, BB 78 -> 1 new enrollments
getWS: requesting:  http://10.0.100.98:8000/itsenrol/classlist/2018/22/STDE421 rsp= <Response [200]>
getWS: requesting:  http://10.0.100.98:8000/bbinfo/classlist/STDE421 rsp= <Response [200]>
getNewStudentsInSubject: ITS 40, BB 1 -> 40 new enrollments
getWS: requesting:  http://10.0.100.98:8000/itsenrol/classlist/2018/22/SDRG222 rsp= <Response [200]>
getWS: requesting:  http://10.0.100.98:8000/bbinfo/classlist/SDRG222 rsp= <Response [200]>
getNewStudentsInSubject: ITS 0, BB 66 -> 0 new enrollments
getWS: requesting:  http://10.0.100.98:8000/itsenrol/classlist/2018/22/WENG223 rsp= <Response [200]>
getWS: requesting:  http://10.0.100.98:8000/bbinfo/classlist/WENG223 rsp= <Response [200]>
getNewStudentsInSubject: ITS 5, BB 97 -> 4 new enrollments
getWS: requesting:  http://10.0.100.98:8000/itsenrol/classlist/2018/22/FNDE411 rsp= <Response [200]>
getWS: requesting:  http://10.0.100.98:8000/bbinfo/classlist/FNDE411 rsp= <Response [200]>
getNewStudentsInSubject: ITS 44, BB 2 -> 44 new enrollments
getWS: requesting:  http://10.0.100.98:8000/itsenrol/classlist/2018/22/WTTC411 rsp= <Response [200]>
getWS: requesting:  http://10.0.100.98:8000/bbinfo/classlist/WTTC411 rsp= <Response [200]>
getNewStudentsInSubject: ITS 47, BB 1 -> 47 new enrollments
getWS: requesting:  http://10.0.100.98:8000/itsenrol/classlist/2018/22/EVSC101 rsp= <Response [200]>
getWS: requesting:  http://10.0.100.98:8000/bbinfo/classlist/EVSC101 rsp= <Response [200]>
getNewStudentsInSubject: ITS 25, BB 1 -> 25 new enrollments
getWS: requesting:  http://10.0.100.98:8000/itsenrol/classlist/2018/22/SURV222 rsp= <Response [200]>
getWS: requesting:  http://10.0.100.98:8000/bbinfo/classlist/SURV222 rsp= <Response [200]>
getNewStudentsInSubject: ITS 0, BB 62 -> 0 new enrollments
getWS: requesting:  http://10.0.100.98:8000/itsenrol/classlist/2018/22/ASPH101 rsp= <Response [200]>
getWS: requesting:  http://10.0.100.98:8000/bbinfo/classlist/ASPH101 rsp= <Response [200]>
getNewStudentsInSubject: ITS 0, BB 0 -> 0 new enrollments
getWS: requesting:  http://10.0.100.98:8000/itsenrol/classlist/2018/22/GTEN311 rsp= <Response [200]>
getWS: requesting:  http://10.0.100.98:8000/bbinfo/classlist/GTEN311 rsp= <Response [200]>
getNewStudentsInSubject: ITS 19, BB 163 -> 11 new enrollments
getWS: requesting:  http://10.0.100.98:8000/itsenrol/classlist/2018/22/MPSC201 rsp= <Response [200]>
getWS: requesting:  http://10.0.100.98:8000/bbinfo/classlist/MPSC201 rsp= <Response [200]>
getNewStudentsInSubject: ITS 0, BB 1 -> 0 new enrollments
getWS: requesting:  http://10.0.100.98:8000/itsenrol/classlist/2018/22/DRWG102 rsp= <Response [200]>
getWS: requesting:  http://10.0.100.98:8000/bbinfo/classlist/DRWG102 rsp= <Response [200]>
getNewStudentsInSubject: ITS 0, BB 59 -> 0 new enrollments
getWS: requesting:  http://10.0.100.98:8000/itsenrol/classlist/2018/22/CSKL102 rsp= <Response [200]>
getWS: requesting:  http://10.0.100.98:8000/bbinfo/classlist/CSKL102 rsp= <Response [200]>
getNewStudentsInSubject: ITS 0, BB 58 -> 0 new enrollments
getWS: requesting:  http://10.0.100.98:8000/itsenrol/classlist/2018/22/WENG323 rsp= <Response [200]>
getWS: requesting:  http://10.0.100.98:8000/bbinfo/classlist/WENG323 rsp= <Response [200]>
getNewStudentsInSubject: ITS 19, BB 154 -> 13 new enrollments
getWS: requesting:  http://10.0.100.98:8000/itsenrol/classlist/2018/22/STSD301 rsp= <Response [200]>
getWS: requesting:  http://10.0.100.98:8000/bbinfo/classlist/STSD301 rsp= <Response [200]>
getNewStudentsInSubject: ITS 0, BB 2 -> 0 new enrollments
main: Writing students...
main: Writing enrollments...
main: Finished processing workingSheets/data/BBC3503CivilEngSurv(durban)2017.xls
main: 84 subjects processed
main: 181 subject -> classroom maps
main: 594 students
main: 1946 student enrollments 0 errors
1.21user 0.22system 0:15.60elapsed 9%CPU (0avgtext+0avgdata 67168maxresident)k
232inputs+376outputs (0major+7711minor)pagefaults 0swaps
POSTING SNAPSHOTS to SIS endpoint
TEST RUN, NOT POSTING BBSTUDENTS
TEST RUN, NOT POSTIN BBENROL
copy snapshot files to saved output
=== department done ===
syncing logs...
Pushing logs from logs/20180723111852 to remote...
sending incremental file list
./
BBC3503CivilEngSurv(durban)2017.BBENROL.txt
BBC3503CivilEngSurv(durban)2017.BBSTUDENTS.txt
BBC3503CivilEngSurv(durban)2017.Enrolomat.txt
BBC3503CivilEngSurv(durban)2017.Postlog.txt

sent 448206 bytes  received 91 bytes  33207.19 bytes/sec
total size is 6808316  speedup is 15.19
logging to logs/20180723111852
=== generate newenrollments for BBC3504CivilEngineering(midlands)2017. ===
GENERATE SNAPSHOTS...
./BBCIncrementalEnrollerX2.py : generating enrolment files for subjects in  workingSheets/data/BBC3504CivilEngineering(midlands)2017.xls
processXLS: start spreadsheet workingSheets/data/BBC3504CivilEngineering(midlands)2017.xls
[u'2018 Blackboard Classrooms for Department: 3504 - CIVIL ENGINEERING(MIDLANDS)', u'', u'', u'', u'', u'', u'', u'', u'', u'', u'', u'', u'']
check '2018 Blackboard Classrooms for Department: 3504 - CIVIL ENGINEERING(MIDLANDS)' ''
[u'', u'', u'', u'', u'', u'', u'', u'', u'', u'', u'', u'', u'']
check '' ''
[u'BB Classroom', u'Migrate Classroom', u'ITS Subject', u'', u'ITS Qualification', u'', u'Block', u'', u'Off Type', u'', u'Grp', u'Lecturer(s)', u'2016 Enrol']
check 'BB Classroom' 'ITS Subject'
[u'AMCN101_SEM1_2018', u'AMCN101_SEM1_2017', u'AMCN101', u'APPLIED MECHANICS I', u'NDCVE1', u'ND: ENGINEERING: CIVIL', u'21', u'SEMESTER 1', u'I1', u'INDUMISO CAMPUS FULL-TIME', u'A', u'50002321:DE KOCK', 156.0]
check 'AMCN101_SEM1_2018' 'AMCN101'
processXLS: only for SEM2 [u'AMCN101_SEM1_2018', u'AMCN101_SEM1_2017', u'AMCN101', u'APPLIED MECHANICS I', u'NDCVE1', u'ND: ENGINEERING: CIVIL', u'21', u'SEMESTER 1', u'I1', u'INDUMISO CAMPUS FULL-TIME', u'A', u'50002321:DE KOCK', 156.0]
[u'', u'', u'', u'', u'', u'', u'', u'', u'', u'', u'', u'', u'']
check '' ''
[u'AMCN101_SEM2_2018', u'AMCN101_SEM2_2017', u'AMCN101', u'APPLIED MECHANICS I', u'NDCVE1', u'ND: ENGINEERING: CIVIL', u'22', u'SEMESTER 2', u'I1', u'INDUMISO CAMPUS FULL-TIME', u'A', u'50002321:DE KOCK', 2.0]
check 'AMCN101_SEM2_2018' 'AMCN101'
adding  AMCN101
requesting:  http://10.0.100.98:8000/bbinfo/matching_courses/AMCN101%25
r= <Response [200]>
matching classes= set([u'AMCN101_ALL_2016', u'AMCN101_SEM2_2018', u'AMCN101_SEM1_2018', u'AMCN101_SEM1_2017', u'AMCN101_SEM2_2017'])
[u'AMCN101_SEM2_2018', u'AMCN101_SEM2_2017', u'AMCN101', u'APPLIED MECHANICS I', u'NDCVE1', u'ND: ENGINEERING: CIVIL', u'22', u'SEMESTER 2', u'I1', u'INDUMISO CAMPUS FULL-TIME', u'A', u'50002321:DE KOCK', 98.0]
check 'AMCN101_SEM2_2018' 'AMCN101'
adding  AMCN101
requesting:  http://10.0.100.98:8000/bbinfo/matching_courses/AMCN101%25
r= <Response [200]>
matching classes= set([u'AMCN101_ALL_2016', u'AMCN101_SEM2_2018', u'AMCN101_SEM1_2018', u'AMCN101_SEM1_2017', u'AMCN101_SEM2_2017'])
[u'', u'', u'', u'', u'', u'', u'', u'', u'', u'', u'', u'', u'']
check '' ''
[u'CCTS101_SEM1_2018', u'CCTS101_SEM1_2017', u'CCTS101', u'COMMUNICATION SKILLS I', u'NDCVE1', u'ND: ENGINEERING: CIVIL', u'21', u'SEMESTER 1', u'I1', u'INDUMISO CAMPUS FULL-TIME', u'A', u'50012185:Tayler', 25.0]
check 'CCTS101_SEM1_2018' 'CCTS101'
processXLS: only for SEM2 [u'CCTS101_SEM1_2018', u'CCTS101_SEM1_2017', u'CCTS101', u'COMMUNICATION SKILLS I', u'NDCVE1', u'ND: ENGINEERING: CIVIL', u'21', u'SEMESTER 1', u'I1', u'INDUMISO CAMPUS FULL-TIME', u'A', u'50012185:Tayler', 25.0]
[u'', u'', u'', u'', u'', u'', u'', u'', u'', u'', u'', u'', u'']
check '' ''
[u'CCTS101_SEM2_2018', u'CCTS101_SEM2_2017', u'CCTS101', u'COMMUNICATION SKILLS I', u'NDCVE1', u'ND: ENGINEERING: CIVIL', u'22', u'SEMESTER 2', u'I1', u'INDUMISO CAMPUS FULL-TIME', u'A', u'50012185:Tayler', 43.0]
check 'CCTS101_SEM2_2018' 'CCTS101'
adding  CCTS101
requesting:  http://10.0.100.98:8000/bbinfo/matching_courses/CCTS101%25
r= <Response [200]>
matching classes= set([u'CCTS101_13_GUTR', u'CCTS101_SEM2_2017', u'CCTS101_SEM2_2018', u'CCTS101_SEM1_2018', u'CCTS101_SEM1_2017', u'CCTS101_FCMS10P_15_HODL', u'CCTS101_15', u'CCTS101_ALL_2016'])
[u'', u'', u'', u'', u'', u'', u'', u'', u'', u'', u'', u'', u'']
check '' ''
[u'CMTD101_SEM1_2018', u'CMTD101_SEM1_2017', u'CMTD101', u'CONSTRUCTION METHODS I', u'NDCVE1', u'ND: ENGINEERING: CIVIL', u'21', u'SEMESTER 1', u'I1', u'INDUMISO CAMPUS FULL-TIME', u'A', u'50009338:PIENAAR', 129.0]
check 'CMTD101_SEM1_2018' 'CMTD101'
processXLS: only for SEM2 [u'CMTD101_SEM1_2018', u'CMTD101_SEM1_2017', u'CMTD101', u'CONSTRUCTION METHODS I', u'NDCVE1', u'ND: ENGINEERING: CIVIL', u'21', u'SEMESTER 1', u'I1', u'INDUMISO CAMPUS FULL-TIME', u'A', u'50009338:PIENAAR', 129.0]
[u'', u'', u'', u'', u'', u'', u'', u'', u'', u'', u'', u'', u'']
check '' ''
[u'CMTD101_SEM2_2018', u'CMTD101_SEM2_2017', u'CMTD101', u'CONSTRUCTION METHODS I', u'NDCVE1', u'ND: ENGINEERING: CIVIL', u'22', u'SEMESTER 2', u'I1', u'INDUMISO CAMPUS FULL-TIME', u'A', u'50009338:PIENAAR', 149.0]
check 'CMTD101_SEM2_2018' 'CMTD101'
adding  CMTD101
requesting:  http://10.0.100.98:8000/bbinfo/matching_courses/CMTD101%25
r= <Response [200]>
matching classes= set([u'CMTD101_SEM1_2017', u'CMTD101_SEM1_2018', u'CMTD101_13_PIES', u'CMTD101_SEM2_2018', u'CMTD101_SEM2_2017', u'CMTD101_ALL_2016'])
[u'', u'', u'', u'', u'', u'', u'', u'', u'', u'', u'', u'', u'']
check '' ''
[u'CNSM101_SEM1_2018', u'CNSM101_SEM1_2017', u'CNSM101', u'CONSTRUCTION MATERIALS I', u'NDCVE1', u'ND: ENGINEERING: CIVIL', u'21', u'SEMESTER 1', u'I1', u'INDUMISO CAMPUS FULL-TIME', u'A', u'50009338:PIENAAR', 170.0]
check 'CNSM101_SEM1_2018' 'CNSM101'
processXLS: only for SEM2 [u'CNSM101_SEM1_2018', u'CNSM101_SEM1_2017', u'CNSM101', u'CONSTRUCTION MATERIALS I', u'NDCVE1', u'ND: ENGINEERING: CIVIL', u'21', u'SEMESTER 1', u'I1', u'INDUMISO CAMPUS FULL-TIME', u'A', u'50009338:PIENAAR', 170.0]
[u'', u'', u'', u'', u'', u'', u'', u'', u'', u'', u'', u'', u'']
check '' ''
[u'CNSM101_SEM2_2018', u'CNSM101_SEM2_2017', u'CNSM101', u'CONSTRUCTION MATERIALS I', u'NDCVE1', u'ND: ENGINEERING: CIVIL', u'22', u'SEMESTER 2', u'I1', u'INDUMISO CAMPUS FULL-TIME', u'A', u'50009338:PIENAAR', 1.0]
check 'CNSM101_SEM2_2018' 'CNSM101'
adding  CNSM101
requesting:  http://10.0.100.98:8000/bbinfo/matching_courses/CNSM101%25
r= <Response [200]>
matching classes= set([u'CNSM101_SEM2_2017', u'CNSM101_SEM1_2017', u'CNSM101_13_PIES', u'CNSM101_ALL_2016', u'CNSM101_SEM2_2018', u'CNSM101_SEM1_2018'])
[u'CNSM101_SEM2_2018', u'CNSM101_SEM2_2017', u'CNSM101', u'CONSTRUCTION MATERIALS I', u'NDCVE1', u'ND: ENGINEERING: CIVIL', u'22', u'SEMESTER 2', u'I1', u'INDUMISO CAMPUS FULL-TIME', u'A', u'50009338:PIENAAR', 107.0]
check 'CNSM101_SEM2_2018' 'CNSM101'
adding  CNSM101
requesting:  http://10.0.100.98:8000/bbinfo/matching_courses/CNSM101%25
r= <Response [200]>
matching classes= set([u'CNSM101_SEM2_2017', u'CNSM101_SEM1_2017', u'CNSM101_13_PIES', u'CNSM101_ALL_2016', u'CNSM101_SEM2_2018', u'CNSM101_SEM1_2018'])
[u'', u'', u'', u'', u'', u'', u'', u'', u'', u'', u'', u'', u'']
check '' ''
[u'CPSA112_SEM1_2018', u'CPSA112_SEM1_2017', u'CPSA112', u'COMPUTER SKILLS I (MODULE 1)', u'NDCVLF', u'ND: ENGINEERING: CIVIL (ACCESS)', u'21', u'SEMESTER 1', u'I1', u'INDUMISO CAMPUS FULL-TIME', u'A', u'50001150:MCKUNE', 163.0]
check 'CPSA112_SEM1_2018' 'CPSA112'
processXLS: only for SEM2 [u'CPSA112_SEM1_2018', u'CPSA112_SEM1_2017', u'CPSA112', u'COMPUTER SKILLS I (MODULE 1)', u'NDCVLF', u'ND: ENGINEERING: CIVIL (ACCESS)', u'21', u'SEMESTER 1', u'I1', u'INDUMISO CAMPUS FULL-TIME', u'A', u'50001150:MCKUNE', 163.0]
[u'', u'', u'', u'', u'', u'', u'', u'', u'', u'', u'', u'', u'']
check '' ''
[u'CPSA112_SEM2_2018', u'CPSA112_SEM2_2017', u'CPSA112', u'COMPUTER SKILLS I (MODULE 1)', u'NDCVLF', u'ND: ENGINEERING: CIVIL (ACCESS)', u'22', u'SEMESTER 2', u'I1', u'INDUMISO CAMPUS FULL-TIME', u'A', u'50001150:MCKUNE', 31.0]
check 'CPSA112_SEM2_2018' 'CPSA112'
adding  CPSA112
requesting:  http://10.0.100.98:8000/bbinfo/matching_courses/CPSA112%25
r= <Response [200]>
matching classes= set([u'CPSA112_ALL_2016', u'CPSA112_SEM2_2018', u'CPSA112_SEM1_2018', u'CPSA112_SEM1_2017', u'CPSA112_SEM2_2017', u'CPSA112_13_BAIJ'])
[u'', u'', u'', u'', u'', u'', u'', u'', u'', u'', u'', u'', u'']
check '' ''
[u'CPSA122_SEM1_2018', u'CPSA122_SEM1_2017', u'CPSA122', u'COMPUTER SKILLS I (MODULE 2)', u'NDCVLF', u'ND: ENGINEERING: CIVIL (ACCESS)', u'21', u'SEMESTER 1', u'I1', u'INDUMISO CAMPUS FULL-TIME', u'A', u'50001150:MCKUNE', 163.0]
check 'CPSA122_SEM1_2018' 'CPSA122'
processXLS: only for SEM2 [u'CPSA122_SEM1_2018', u'CPSA122_SEM1_2017', u'CPSA122', u'COMPUTER SKILLS I (MODULE 2)', u'NDCVLF', u'ND: ENGINEERING: CIVIL (ACCESS)', u'21', u'SEMESTER 1', u'I1', u'INDUMISO CAMPUS FULL-TIME', u'A', u'50001150:MCKUNE', 163.0]
[u'', u'', u'', u'', u'', u'', u'', u'', u'', u'', u'', u'', u'']
check '' ''
[u'CPSA122_SEM2_2018', u'CPSA122_SEM2_2017', u'CPSA122', u'COMPUTER SKILLS I (MODULE 2)', u'NDCVLF', u'ND: ENGINEERING: CIVIL (ACCESS)', u'22', u'SEMESTER 2', u'I1', u'INDUMISO CAMPUS FULL-TIME', u'A', u'50001150:MCKUNE', 31.0]
check 'CPSA122_SEM2_2018' 'CPSA122'
adding  CPSA122
requesting:  http://10.0.100.98:8000/bbinfo/matching_courses/CPSA122%25
r= <Response [200]>
matching classes= set([u'CPSA122_SEM2_2017', u'CPSA122_13_BAIJ', u'CPSA122_SEM1_2018', u'CPSA122_SEM2_2018', u'CPSA122_ALL_2016', u'CPSA122_SEM1_2017'])
[u'', u'', u'', u'', u'', u'', u'', u'', u'', u'', u'', u'', u'']
check '' ''
[u'CPTR112_SEM1_2018', u'CPTR112_SEM1_2017', u'CPTR112', u'COMPUTER SKILLS I (MODULE 1)', u'NDCVE1', u'ND: ENGINEERING: CIVIL', u'21', u'SEMESTER 1', u'I1', u'INDUMISO CAMPUS FULL-TIME', u'A', u'40004650:PATRICK', 103.0]
check 'CPTR112_SEM1_2018' 'CPTR112'
processXLS: only for SEM2 [u'CPTR112_SEM1_2018', u'CPTR112_SEM1_2017', u'CPTR112', u'COMPUTER SKILLS I (MODULE 1)', u'NDCVE1', u'ND: ENGINEERING: CIVIL', u'21', u'SEMESTER 1', u'I1', u'INDUMISO CAMPUS FULL-TIME', u'A', u'40004650:PATRICK', 103.0]
[u'', u'', u'', u'', u'', u'', u'', u'', u'', u'', u'', u'', u'']
check '' ''
[u'CPTR112_SEM2_2018', u'CPTR112_SEM2_2017', u'CPTR112', u'COMPUTER SKILLS I (MODULE 1)', u'NDCVE1', u'ND: ENGINEERING: CIVIL', u'22', u'SEMESTER 2', u'I1', u'INDUMISO CAMPUS FULL-TIME', u'A', u'40004650:PATRICK', 27.0]
check 'CPTR112_SEM2_2018' 'CPTR112'
adding  CPTR112
requesting:  http://10.0.100.98:8000/bbinfo/matching_courses/CPTR112%25
r= <Response [200]>
matching classes= set([u'CPTR112_SEM2_2017', u'CPTR112_SEM1_2017', u'CPTR112_13_PATM', u'CPTR112_SEM1_2018', u'CPTR112_ALL_2016', u'CPTR112_SEM2_2018'])
[u'CPTR112_SEM2_2018', u'CPTR112_SEM2_2017', u'CPTR112', u'COMPUTER SKILLS I (MODULE 1)', u'NDCVE1', u'ND: ENGINEERING: CIVIL', u'22', u'SEMESTER 2', u'I1', u'INDUMISO CAMPUS FULL-TIME', u'A', u'40004650:PATRICK', 2.0]
check 'CPTR112_SEM2_2018' 'CPTR112'
adding  CPTR112
requesting:  http://10.0.100.98:8000/bbinfo/matching_courses/CPTR112%25
r= <Response [200]>
matching classes= set([u'CPTR112_SEM2_2017', u'CPTR112_SEM1_2017', u'CPTR112_13_PATM', u'CPTR112_SEM1_2018', u'CPTR112_ALL_2016', u'CPTR112_SEM2_2018'])
[u'', u'', u'', u'', u'', u'', u'', u'', u'', u'', u'', u'', u'']
check '' ''
[u'CPTR122_SEM1_2018', u'CPTR122_SEM1_2017', u'CPTR122', u'COMPUTER SKILLS I (MODULE 2)', u'NDCVE1', u'ND: ENGINEERING: CIVIL', u'21', u'SEMESTER 1', u'I1', u'INDUMISO CAMPUS FULL-TIME', u'B', u'40006463:LAGERWALL', 4.0]
check 'CPTR122_SEM1_2018' 'CPTR122'
processXLS: only for SEM2 [u'CPTR122_SEM1_2018', u'CPTR122_SEM1_2017', u'CPTR122', u'COMPUTER SKILLS I (MODULE 2)', u'NDCVE1', u'ND: ENGINEERING: CIVIL', u'21', u'SEMESTER 1', u'I1', u'INDUMISO CAMPUS FULL-TIME', u'B', u'40006463:LAGERWALL', 4.0]
[u'CPTR122_SEM1_2018', u'CPTR122_SEM1_2017', u'CPTR122', u'COMPUTER SKILLS I (MODULE 2)', u'NDCVE1', u'ND: ENGINEERING: CIVIL', u'21', u'SEMESTER 1', u'I1', u'INDUMISO CAMPUS FULL-TIME', u'A', u'40006463:LAGERWALL', 126.0]
check 'CPTR122_SEM1_2018' 'CPTR122'
processXLS: only for SEM2 [u'CPTR122_SEM1_2018', u'CPTR122_SEM1_2017', u'CPTR122', u'COMPUTER SKILLS I (MODULE 2)', u'NDCVE1', u'ND: ENGINEERING: CIVIL', u'21', u'SEMESTER 1', u'I1', u'INDUMISO CAMPUS FULL-TIME', u'A', u'40006463:LAGERWALL', 126.0]
[u'', u'', u'', u'', u'', u'', u'', u'', u'', u'', u'', u'', u'']
check '' ''
[u'CPTR122_SEM2_2018', u'CPTR122_SEM2_2017', u'CPTR122', u'COMPUTER SKILLS I (MODULE 2)', u'NDCVE1', u'ND: ENGINEERING: CIVIL', u'22', u'SEMESTER 2', u'I1', u'INDUMISO CAMPUS FULL-TIME', u'A', u'40006463:LAGERWALL', 1.0]
check 'CPTR122_SEM2_2018' 'CPTR122'
adding  CPTR122
requesting:  http://10.0.100.98:8000/bbinfo/matching_courses/CPTR122%25
r= <Response [200]>
matching classes= set([u'CPTR122_ALL_2016', u'CPTR122_13_PATM', u'CPTR122_SEM1_2017', u'CPTR122_SEM2_2017', u'CPTR122_SEM2_2018', u'CPTR122_SEM1_2018'])
[u'CPTR122_SEM2_2018', u'CPTR122_SEM2_2017', u'CPTR122', u'COMPUTER SKILLS I (MODULE 2)', u'NDCVE1', u'ND: ENGINEERING: CIVIL', u'22', u'SEMESTER 2', u'I1', u'INDUMISO CAMPUS FULL-TIME', u'A', u'40006463:LAGERWALL', 59.0]
check 'CPTR122_SEM2_2018' 'CPTR122'
adding  CPTR122
requesting:  http://10.0.100.98:8000/bbinfo/matching_courses/CPTR122%25
r= <Response [200]>
matching classes= set([u'CPTR122_ALL_2016', u'CPTR122_13_PATM', u'CPTR122_SEM1_2017', u'CPTR122_SEM2_2017', u'CPTR122_SEM2_2018', u'CPTR122_SEM1_2018'])
[u'', u'', u'', u'', u'', u'', u'', u'', u'', u'', u'', u'', u'']
check '' ''
[u'DEQM101_SEM1_2018', u'DEQM101_SEM1_2017', u'DEQM101', u'DRAWING EQUIPMENT', u'NDCVE1', u'ND: ENGINEERING: CIVIL', u'21', u'SEMESTER 1', u'I1', u'INDUMISO CAMPUS FULL-TIME', u'A', u'50001150:MCKUNE', 5.0]
check 'DEQM101_SEM1_2018' 'DEQM101'
processXLS: only for SEM2 [u'DEQM101_SEM1_2018', u'DEQM101_SEM1_2017', u'DEQM101', u'DRAWING EQUIPMENT', u'NDCVE1', u'ND: ENGINEERING: CIVIL', u'21', u'SEMESTER 1', u'I1', u'INDUMISO CAMPUS FULL-TIME', u'A', u'50001150:MCKUNE', 5.0]
[u'DEQM101_SEM1_2018', u'DEQM101_SEM1_2017', u'DEQM101', u'DRAWING EQUIPMENT', u'NDCVE1', u'ND: ENGINEERING: CIVIL', u'21', u'SEMESTER 1', u'I7', u'INDUMISO CAMPUS NON-SUBSIDISED', u'A', u'50001150:MCKUNE', 134.0]
check 'DEQM101_SEM1_2018' 'DEQM101'
processXLS: only for SEM2 [u'DEQM101_SEM1_2018', u'DEQM101_SEM1_2017', u'DEQM101', u'DRAWING EQUIPMENT', u'NDCVE1', u'ND: ENGINEERING: CIVIL', u'21', u'SEMESTER 1', u'I7', u'INDUMISO CAMPUS NON-SUBSIDISED', u'A', u'50001150:MCKUNE', 134.0]
[u'', u'', u'', u'', u'', u'', u'', u'', u'', u'', u'', u'', u'']
check '' ''
[u'DEQM101_SEM2_2018', u'DEQM101_SEM2_2017', u'DEQM101', u'DRAWING EQUIPMENT', u'NDCVE1', u'ND: ENGINEERING: CIVIL', u'22', u'SEMESTER 2', u'I1', u'INDUMISO CAMPUS FULL-TIME', u'A', u'50001150:MCKUNE', 7.0]
check 'DEQM101_SEM2_2018' 'DEQM101'
adding  DEQM101
requesting:  http://10.0.100.98:8000/bbinfo/matching_courses/DEQM101%25
r= <Response [200]>
matching classes= set([u'DEQM101_SEM1_2018', u'DEQM101_ALL_2016', u'DEQM101_SEM1_2017', u'DEQM101_SEM2_2017', u'DEQM101_SEM2_2018', u'DEQM101_13_MCKT'])
[u'DEQM101_SEM2_2018', u'DEQM101_SEM2_2017', u'DEQM101', u'DRAWING EQUIPMENT', u'NDCVE1', u'ND: ENGINEERING: CIVIL', u'22', u'SEMESTER 2', u'I7', u'INDUMISO CAMPUS NON-SUBSIDISED', u'A', u'50001150:MCKUNE', 81.0]
check 'DEQM101_SEM2_2018' 'DEQM101'
adding  DEQM101
requesting:  http://10.0.100.98:8000/bbinfo/matching_courses/DEQM101%25
r= <Response [200]>
matching classes= set([u'DEQM101_SEM1_2018', u'DEQM101_ALL_2016', u'DEQM101_SEM1_2017', u'DEQM101_SEM2_2017', u'DEQM101_SEM2_2018', u'DEQM101_13_MCKT'])
[u'', u'', u'', u'', u'', u'', u'', u'', u'', u'', u'', u'', u'']
check '' ''
[u'DWIN101_SEM1_2018', u'DWIN101_SEM1_2017', u'DWIN101', u'DRAWING I', u'NDCVE1', u'ND: ENGINEERING: CIVIL', u'21', u'SEMESTER 1', u'I1', u'INDUMISO CAMPUS FULL-TIME', u'A', u'40004650:PATRICK', 162.0]
check 'DWIN101_SEM1_2018' 'DWIN101'
processXLS: only for SEM2 [u'DWIN101_SEM1_2018', u'DWIN101_SEM1_2017', u'DWIN101', u'DRAWING I', u'NDCVE1', u'ND: ENGINEERING: CIVIL', u'21', u'SEMESTER 1', u'I1', u'INDUMISO CAMPUS FULL-TIME', u'A', u'40004650:PATRICK', 162.0]
[u'', u'', u'', u'', u'', u'', u'', u'', u'', u'', u'', u'', u'']
check '' ''
[u'DWIN101_SEM2_2018', u'DWIN101_SEM2_2017', u'DWIN101', u'DRAWING I', u'NDCVE1', u'ND: ENGINEERING: CIVIL', u'22', u'SEMESTER 2', u'I1', u'INDUMISO CAMPUS FULL-TIME', u'A', u'40004650:PATRICK', 121.0]
check 'DWIN101_SEM2_2018' 'DWIN101'
adding  DWIN101
requesting:  http://10.0.100.98:8000/bbinfo/matching_courses/DWIN101%25
r= <Response [200]>
matching classes= set([u'DWIN101_ALL_2016', u'DWIN101_SEM2_2017', u'DWIN101_SEM1_2017', u'DWIN101_13_PATM', u'DWIN101_SEM1_2018', u'DWIN101_SEM2_2018'])
[u'DWIN101_SEM2_2018', u'DWIN101_SEM2_2017', u'DWIN101', u'DRAWING I', u'NDCVE1', u'ND: ENGINEERING: CIVIL', u'22', u'SEMESTER 2', u'I1', u'INDUMISO CAMPUS FULL-TIME', u'A', u'40004650:PATRICK', 2.0]
check 'DWIN101_SEM2_2018' 'DWIN101'
adding  DWIN101
requesting:  http://10.0.100.98:8000/bbinfo/matching_courses/DWIN101%25
r= <Response [200]>
matching classes= set([u'DWIN101_ALL_2016', u'DWIN101_SEM2_2017', u'DWIN101_SEM1_2017', u'DWIN101_13_PATM', u'DWIN101_SEM1_2018', u'DWIN101_SEM2_2018'])
[u'', u'', u'', u'', u'', u'', u'', u'', u'', u'', u'', u'', u'']
check '' ''
[u'FCMS10P_SEM1_2018', u'FCMS10P_SEM1_2017', u'FCMS10P', u'COMMUNICATION SKILLS', u'NDCVLF', u'ND: ENGINEERING: CIVIL (ACCESS)', u'21', u'SEMESTER 1', u'I1', u'INDUMISO CAMPUS FULL-TIME', u'A', u'50012185:Tayler', 163.0]
check 'FCMS10P_SEM1_2018' 'FCMS10P'
processXLS: only for SEM2 [u'FCMS10P_SEM1_2018', u'FCMS10P_SEM1_2017', u'FCMS10P', u'COMMUNICATION SKILLS', u'NDCVLF', u'ND: ENGINEERING: CIVIL (ACCESS)', u'21', u'SEMESTER 1', u'I1', u'INDUMISO CAMPUS FULL-TIME', u'A', u'50012185:Tayler', 163.0]
[u'', u'', u'', u'', u'', u'', u'', u'', u'', u'', u'', u'', u'']
check '' ''
[u'FCMS10P_SEM2_2018', u'FCMS10P_SEM2_2017', u'FCMS10P', u'COMMUNICATION SKILLS', u'NDCVLF', u'ND: ENGINEERING: CIVIL (ACCESS)', u'22', u'SEMESTER 2', u'I1', u'INDUMISO CAMPUS FULL-TIME', u'A', u'50012185:Tayler', 31.0]
check 'FCMS10P_SEM2_2018' 'FCMS10P'
adding  FCMS10P
requesting:  http://10.0.100.98:8000/bbinfo/matching_courses/FCMS10P%25
r= <Response [200]>
matching classes= set([u'FCMS10P_13_GUTR', u'FCMS10P_ALL_2016', u'FCMS10P_SEM2_2017', u'FCMS10P_SEM1_2017', u'FCMS10P_15', u'FCMS10P_SEM1_2018', u'FCMS10P_SEM2_2018'])
[u'', u'', u'', u'', u'', u'', u'', u'', u'', u'', u'', u'', u'']
check '' ''
[u'FMTH10P_SEM1_2018', u'FMTH10P_SEM1_2017', u'FMTH10P', u'MATHEMATICS I (NON MODULARISED)', u'NDCVLF', u'ND: ENGINEERING: CIVIL (ACCESS)', u'21', u'SEMESTER 1', u'I1', u'INDUMISO CAMPUS FULL-TIME', u'A', u'40007805:DE VILLIERS', 163.0]
check 'FMTH10P_SEM1_2018' 'FMTH10P'
processXLS: only for SEM2 [u'FMTH10P_SEM1_2018', u'FMTH10P_SEM1_2017', u'FMTH10P', u'MATHEMATICS I (NON MODULARISED)', u'NDCVLF', u'ND: ENGINEERING: CIVIL (ACCESS)', u'21', u'SEMESTER 1', u'I1', u'INDUMISO CAMPUS FULL-TIME', u'A', u'40007805:DE VILLIERS', 163.0]
[u'', u'', u'', u'', u'', u'', u'', u'', u'', u'', u'', u'', u'']
check '' ''
[u'FMTH10P_SEM2_2018', u'FMTH10P_SEM2_2017', u'FMTH10P', u'MATHEMATICS I (NON MODULARISED)', u'NDCVLF', u'ND: ENGINEERING: CIVIL (ACCESS)', u'22', u'SEMESTER 2', u'I1', u'INDUMISO CAMPUS FULL-TIME', u'A', u'40007805:DE VILLIERS', 31.0]
check 'FMTH10P_SEM2_2018' 'FMTH10P'
adding  FMTH10P
requesting:  http://10.0.100.98:8000/bbinfo/matching_courses/FMTH10P%25
r= <Response [200]>
matching classes= set([u'FMTH10P_ALL_2016', u'FMTH10P_SEM2_2018', u'FMTH10P_SEM1_2017', u'FMTH10P_SEM1_2018', u'FMTH10P_SEM2_2017'])
[u'', u'', u'', u'', u'', u'', u'', u'', u'', u'', u'', u'', u'']
check '' ''
[u'FSCI10P_SEM1_2018', u'FSCI10P_SEM1_2017', u'FSCI10P', u'FOUNDATION SCIENCE', u'NDCVLF', u'ND: ENGINEERING: CIVIL (ACCESS)', u'21', u'SEMESTER 1', u'I1', u'INDUMISO CAMPUS FULL-TIME', u'A', u'50009338:PIENAAR', 163.0]
check 'FSCI10P_SEM1_2018' 'FSCI10P'
processXLS: only for SEM2 [u'FSCI10P_SEM1_2018', u'FSCI10P_SEM1_2017', u'FSCI10P', u'FOUNDATION SCIENCE', u'NDCVLF', u'ND: ENGINEERING: CIVIL (ACCESS)', u'21', u'SEMESTER 1', u'I1', u'INDUMISO CAMPUS FULL-TIME', u'A', u'50009338:PIENAAR', 163.0]
[u'', u'', u'', u'', u'', u'', u'', u'', u'', u'', u'', u'', u'']
check '' ''
[u'FSCI10P_SEM2_2018', u'FSCI10P_SEM2_2017', u'FSCI10P', u'FOUNDATION SCIENCE', u'NDCVLF', u'ND: ENGINEERING: CIVIL (ACCESS)', u'22', u'SEMESTER 2', u'I1', u'INDUMISO CAMPUS FULL-TIME', u'A', u'50009338:PIENAAR', 31.0]
check 'FSCI10P_SEM2_2018' 'FSCI10P'
adding  FSCI10P
requesting:  http://10.0.100.98:8000/bbinfo/matching_courses/FSCI10P%25
r= <Response [200]>
matching classes= set([u'FSCI10P_ALL_2016', u'FSCI10P_SEM2_2017', u'FSCI10P_SEM1_2017', u'FSCI10P_13_PIES', u'FSCI10P_SEM1_2018', u'FSCI10P_SEM2_2018'])
[u'', u'', u'', u'', u'', u'', u'', u'', u'', u'', u'', u'', u'']
check '' ''
[u'MATH102_SEM1_2018', u'MATH102_SEM1_2017', u'MATH102', u'MATHEMATICS I (NON MODULARISED)', u'NDCVE1', u'ND: ENGINEERING: CIVIL', u'21', u'SEMESTER 1', u'I1', u'INDUMISO CAMPUS FULL-TIME', u'A', u'50002101:PERUMAL;40007805:DE VILLIERS', 2.0]
check 'MATH102_SEM1_2018' 'MATH102'
processXLS: only for SEM2 [u'MATH102_SEM1_2018', u'MATH102_SEM1_2017', u'MATH102', u'MATHEMATICS I (NON MODULARISED)', u'NDCVE1', u'ND: ENGINEERING: CIVIL', u'21', u'SEMESTER 1', u'I1', u'INDUMISO CAMPUS FULL-TIME', u'A', u'50002101:PERUMAL;40007805:DE VILLIERS', 2.0]
[u'MATH102_SEM1_2018', u'MATH102_SEM1_2017', u'MATH102', u'MATHEMATICS I (NON MODULARISED)', u'NDCVE1', u'ND: ENGINEERING: CIVIL', u'21', u'SEMESTER 1', u'I1', u'INDUMISO CAMPUS FULL-TIME', u'A', u'50002101:PERUMAL;40007805:DE VILLIERS', 105.0]
check 'MATH102_SEM1_2018' 'MATH102'
processXLS: only for SEM2 [u'MATH102_SEM1_2018', u'MATH102_SEM1_2017', u'MATH102', u'MATHEMATICS I (NON MODULARISED)', u'NDCVE1', u'ND: ENGINEERING: CIVIL', u'21', u'SEMESTER 1', u'I1', u'INDUMISO CAMPUS FULL-TIME', u'A', u'50002101:PERUMAL;40007805:DE VILLIERS', 105.0]
[u'', u'', u'', u'', u'', u'', u'', u'', u'', u'', u'', u'', u'']
check '' ''
[u'MATH102_SEM2_2018', u'MATH102_SEM2_2017', u'MATH102', u'MATHEMATICS I (NON MODULARISED)', u'NDCVE1', u'ND: ENGINEERING: CIVIL', u'22', u'SEMESTER 2', u'I1', u'INDUMISO CAMPUS FULL-TIME', u'A', u'50002101:PERUMAL;40007805:DE VILLIERS', 4.0]
check 'MATH102_SEM2_2018' 'MATH102'
adding  MATH102
requesting:  http://10.0.100.98:8000/bbinfo/matching_courses/MATH102%25
r= <Response [200]>
matching classes= set([u'MATH102_13_PERP', u'MATH102_SEM1_2018', u'MATH102_SEM2_2018', u'MATH102_SEM2_2017', u'MATH102_SEM1_2017', u'MATH102_SEM1_2016'])
[u'MATH102_SEM2_2018', u'MATH102_SEM2_2017', u'MATH102', u'MATHEMATICS I (NON MODULARISED)', u'NDCVE1', u'ND: ENGINEERING: CIVIL', u'22', u'SEMESTER 2', u'I1', u'INDUMISO CAMPUS FULL-TIME', u'A', u'50002101:PERUMAL;40007805:DE VILLIERS', 38.0]
check 'MATH102_SEM2_2018' 'MATH102'
adding  MATH102
requesting:  http://10.0.100.98:8000/bbinfo/matching_courses/MATH102%25
r= <Response [200]>
matching classes= set([u'MATH102_13_PERP', u'MATH102_SEM1_2018', u'MATH102_SEM2_2018', u'MATH102_SEM2_2017', u'MATH102_SEM1_2017', u'MATH102_SEM1_2016'])
[u'', u'', u'', u'', u'', u'', u'', u'', u'', u'', u'', u'', u'']
check '' ''
[u'MNCV101_SEM1_2018', u'MNCV101_SEM1_2017', u'MNCV101', u'MANAGEMENT:CIVIL I', u'NDCVE1', u'ND: ENGINEERING: CIVIL', u'21', u'SEMESTER 1', u'I1', u'INDUMISO CAMPUS FULL-TIME', u'A', u'40010902:DUMAKUDE', 150.0]
check 'MNCV101_SEM1_2018' 'MNCV101'
processXLS: only for SEM2 [u'MNCV101_SEM1_2018', u'MNCV101_SEM1_2017', u'MNCV101', u'MANAGEMENT:CIVIL I', u'NDCVE1', u'ND: ENGINEERING: CIVIL', u'21', u'SEMESTER 1', u'I1', u'INDUMISO CAMPUS FULL-TIME', u'A', u'40010902:DUMAKUDE', 150.0]
[u'', u'', u'', u'', u'', u'', u'', u'', u'', u'', u'', u'', u'']
check '' ''
[u'MNCV101_SEM2_2018', u'MNCV101_SEM2_2017', u'MNCV101', u'MANAGEMENT:CIVIL I', u'NDCVE1', u'ND: ENGINEERING: CIVIL', u'22', u'SEMESTER 2', u'I1', u'INDUMISO CAMPUS FULL-TIME', u'A', u'40010902:DUMAKUDE', 96.0]
check 'MNCV101_SEM2_2018' 'MNCV101'
adding  MNCV101
requesting:  http://10.0.100.98:8000/bbinfo/matching_courses/MNCV101%25
r= <Response [200]>
matching classes= set([u'MNCV101_13_HAYS', u'MNCV101_SEM1_2018', u'MNCV101_SEM2_2018', u'MNCV101_SEM2_2017', u'MNCV101_SEM1_2017', u'MNCV101_ALL_2016'])
[u'', u'', u'', u'', u'', u'', u'', u'', u'', u'', u'', u'', u'']
check '' ''
[u'SRVY111_SEM1_2018', u'SRVY111_SEM1_2017', u'SRVY111', u'SURVEYING I (MODULE 1)', u'NDCVE1', u'ND: ENGINEERING: CIVIL', u'21', u'SEMESTER 1', u'I1', u'INDUMISO CAMPUS FULL-TIME', u'A', u'40008813:STUART', 148.0]
check 'SRVY111_SEM1_2018' 'SRVY111'
processXLS: only for SEM2 [u'SRVY111_SEM1_2018', u'SRVY111_SEM1_2017', u'SRVY111', u'SURVEYING I (MODULE 1)', u'NDCVE1', u'ND: ENGINEERING: CIVIL', u'21', u'SEMESTER 1', u'I1', u'INDUMISO CAMPUS FULL-TIME', u'A', u'40008813:STUART', 148.0]
[u'', u'', u'', u'', u'', u'', u'', u'', u'', u'', u'', u'', u'']
check '' ''
[u'SRVY111_SEM2_2018', u'SRVY111_SEM2_2017', u'SRVY111', u'SURVEYING I (MODULE 1)', u'NDCVE1', u'ND: ENGINEERING: CIVIL', u'22', u'SEMESTER 2', u'I1', u'INDUMISO CAMPUS FULL-TIME', u'A', u'40008813:STUART', 3.0]
check 'SRVY111_SEM2_2018' 'SRVY111'
adding  SRVY111
requesting:  http://10.0.100.98:8000/bbinfo/matching_courses/SRVY111%25
r= <Response [200]>
matching classes= set([u'SRVY111_SEM1_2017', u'SRVY111_SEM2_2017', u'SRVY111_ALL_2016', u'SRVY111_SEM2_2018', u'SRVY111_SEM1_2018'])
[u'SRVY111_SEM2_2018', u'SRVY111_SEM2_2017', u'SRVY111', u'SURVEYING I (MODULE 1)', u'NDCVE1', u'ND: ENGINEERING: CIVIL', u'22', u'SEMESTER 2', u'I1', u'INDUMISO CAMPUS FULL-TIME', u'A', u'40008813:STUART', 94.0]
check 'SRVY111_SEM2_2018' 'SRVY111'
adding  SRVY111
requesting:  http://10.0.100.98:8000/bbinfo/matching_courses/SRVY111%25
r= <Response [200]>
matching classes= set([u'SRVY111_SEM1_2017', u'SRVY111_SEM2_2017', u'SRVY111_ALL_2016', u'SRVY111_SEM2_2018', u'SRVY111_SEM1_2018'])
[u'', u'', u'', u'', u'', u'', u'', u'', u'', u'', u'', u'', u'']
check '' ''
[u'SRVY121_SEM1_2018', u'SRVY121_SEM1_2017', u'SRVY121', u'SURVEYING I (MODULE 2)', u'NDCVE1', u'ND: ENGINEERING: CIVIL', u'21', u'SEMESTER 1', u'I1', u'INDUMISO CAMPUS FULL-TIME', u'A', u'40008813:STUART', 136.0]
check 'SRVY121_SEM1_2018' 'SRVY121'
processXLS: only for SEM2 [u'SRVY121_SEM1_2018', u'SRVY121_SEM1_2017', u'SRVY121', u'SURVEYING I (MODULE 2)', u'NDCVE1', u'ND: ENGINEERING: CIVIL', u'21', u'SEMESTER 1', u'I1', u'INDUMISO CAMPUS FULL-TIME', u'A', u'40008813:STUART', 136.0]
[u'', u'', u'', u'', u'', u'', u'', u'', u'', u'', u'', u'', u'']
check '' ''
[u'SRVY121_SEM2_2018', u'SRVY121_SEM2_2017', u'SRVY121', u'SURVEYING I (MODULE 2)', u'NDCVE1', u'ND: ENGINEERING: CIVIL', u'22', u'SEMESTER 2', u'I1', u'INDUMISO CAMPUS FULL-TIME', u'A', u'40008813:STUART', 3.0]
check 'SRVY121_SEM2_2018' 'SRVY121'
adding  SRVY121
requesting:  http://10.0.100.98:8000/bbinfo/matching_courses/SRVY121%25
r= <Response [200]>
matching classes= set([u'SRVY121_ALL_2016', u'SRVY121_SEM2_2018', u'SRVY121_SEM2_2017', u'SRVY121_SEM1_2017', u'SRVY121_SEM1_2018'])
[u'SRVY121_SEM2_2018', u'SRVY121_SEM2_2017', u'SRVY121', u'SURVEYING I (MODULE 2)', u'NDCVE1', u'ND: ENGINEERING: CIVIL', u'22', u'SEMESTER 2', u'I1', u'INDUMISO CAMPUS FULL-TIME', u'A', u'40008813:STUART', 89.0]
check 'SRVY121_SEM2_2018' 'SRVY121'
adding  SRVY121
requesting:  http://10.0.100.98:8000/bbinfo/matching_courses/SRVY121%25
r= <Response [200]>
matching classes= set([u'SRVY121_ALL_2016', u'SRVY121_SEM2_2018', u'SRVY121_SEM2_2017', u'SRVY121_SEM1_2017', u'SRVY121_SEM1_2018'])
[u'', u'', u'', u'', u'', u'', u'', u'', u'', u'', u'', u'', u'']
check '' ''
[u'DWIN201_SEM1_2018', u'DWIN201_SEM1_2017', u'DWIN201', u'DRAWING II', u'NDCVE1', u'ND: ENGINEERING: CIVIL', u'21', u'SEMESTER 1', u'I1', u'INDUMISO CAMPUS FULL-TIME', u'A', u'50002321:DE KOCK;40008813:STUART', 110.0]
check 'DWIN201_SEM1_2018' 'DWIN201'
processXLS: only for SEM2 [u'DWIN201_SEM1_2018', u'DWIN201_SEM1_2017', u'DWIN201', u'DRAWING II', u'NDCVE1', u'ND: ENGINEERING: CIVIL', u'21', u'SEMESTER 1', u'I1', u'INDUMISO CAMPUS FULL-TIME', u'A', u'50002321:DE KOCK;40008813:STUART', 110.0]
[u'', u'', u'', u'', u'', u'', u'', u'', u'', u'', u'', u'', u'']
check '' ''
[u'DWIN201_SEM2_2018', u'DWIN201_SEM2_2017', u'DWIN201', u'DRAWING II', u'NDCVE1', u'ND: ENGINEERING: CIVIL', u'22', u'SEMESTER 2', u'I1', u'INDUMISO CAMPUS FULL-TIME', u'A', u'50002321:DE KOCK;40008813:STUART', 69.0]
check 'DWIN201_SEM2_2018' 'DWIN201'
adding  DWIN201
requesting:  http://10.0.100.98:8000/bbinfo/matching_courses/DWIN201%25
r= <Response [200]>
matching classes= set([u'DWIN201_SEM1_2017', u'DWIN201_ALL_2016', u'DWIN201_SEM2_2018', u'DWIN201_13_STUD', u'DWIN201_SEM1_2018', u'DWIN201_SEM2_2017'])
[u'DWIN201_SEM2_2018', u'DWIN201_SEM2_2017', u'DWIN201', u'DRAWING II', u'NDCVE1', u'ND: ENGINEERING: CIVIL', u'22', u'SEMESTER 2', u'I1', u'INDUMISO CAMPUS FULL-TIME', u'A', u'50002321:DE KOCK;40008813:STUART', 1.0]
check 'DWIN201_SEM2_2018' 'DWIN201'
adding  DWIN201
requesting:  http://10.0.100.98:8000/bbinfo/matching_courses/DWIN201%25
r= <Response [200]>
matching classes= set([u'DWIN201_SEM1_2017', u'DWIN201_ALL_2016', u'DWIN201_SEM2_2018', u'DWIN201_13_STUD', u'DWIN201_SEM1_2018', u'DWIN201_SEM2_2017'])
[u'', u'', u'', u'', u'', u'', u'', u'', u'', u'', u'', u'', u'']
check '' ''
[u'GTCE201_SEM1_2018', u'GTCE201_SEM1_2017', u'GTCE201', u'GEOTECHNICAL ENGINEERING II', u'NDCVE1', u'ND: ENGINEERING: CIVIL', u'21', u'SEMESTER 1', u'I1', u'INDUMISO CAMPUS FULL-TIME', u'A', u'50009338:PIENAAR', 108.0]
check 'GTCE201_SEM1_2018' 'GTCE201'
processXLS: only for SEM2 [u'GTCE201_SEM1_2018', u'GTCE201_SEM1_2017', u'GTCE201', u'GEOTECHNICAL ENGINEERING II', u'NDCVE1', u'ND: ENGINEERING: CIVIL', u'21', u'SEMESTER 1', u'I1', u'INDUMISO CAMPUS FULL-TIME', u'A', u'50009338:PIENAAR', 108.0]
[u'', u'', u'', u'', u'', u'', u'', u'', u'', u'', u'', u'', u'']
check '' ''
[u'GTCE201_SEM2_2018', u'GTCE201_SEM2_2017', u'GTCE201', u'GEOTECHNICAL ENGINEERING II', u'NDCVE1', u'ND: ENGINEERING: CIVIL', u'22', u'SEMESTER 2', u'I1', u'INDUMISO CAMPUS FULL-TIME', u'A', u'50009338:PIENAAR', 116.0]
check 'GTCE201_SEM2_2018' 'GTCE201'
adding  GTCE201
requesting:  http://10.0.100.98:8000/bbinfo/matching_courses/GTCE201%25
r= <Response [200]>
matching classes= set([u'GTCE201_SEM1_2018', u'GTCE201_SEM2_2017', u'GTCE201_ALL_2016', u'GTCE201_13_PIES', u'GTCE201_SEM2_2018', u'GTCE201_SEM1_2017'])
[u'', u'', u'', u'', u'', u'', u'', u'', u'', u'', u'', u'', u'']
check '' ''
[u'IDRN211_SEM1_2018', u'IDRN211_SEM1_2017', u'IDRN211', u'INDUSTRIAL RELATIONS & NEGOTIATION II (MOD 1)', u'BTCEC1', u'BT: ENGINEERING: CIVIL (CONSTRUCT MAN)', u'21', u'SEMESTER 1', u'I3', u'INDUMISO CAMPUS PART-TIME', u'A', u'50012166:ROWE', 22.0]
check 'IDRN211_SEM1_2018' 'IDRN211'
processXLS: only for SEM2 [u'IDRN211_SEM1_2018', u'IDRN211_SEM1_2017', u'IDRN211', u'INDUSTRIAL RELATIONS & NEGOTIATION II (MOD 1)', u'BTCEC1', u'BT: ENGINEERING: CIVIL (CONSTRUCT MAN)', u'21', u'SEMESTER 1', u'I3', u'INDUMISO CAMPUS PART-TIME', u'A', u'50012166:ROWE', 22.0]
[u'IDRN211_SEM1_2018', u'IDRN211_SEM1_2017', u'IDRN211', u'INDUSTRIAL RELATIONS & NEGOTIATION II (MOD 1)', u'BTCET1', u'BT: ENGINEERING: CIVIL (TRANSPORTATION)', u'21', u'SEMESTER 1', u'I3', u'INDUMISO CAMPUS PART-TIME', u'A', u'50012166:ROWE', 2.0]
check 'IDRN211_SEM1_2018' 'IDRN211'
processXLS: only for SEM2 [u'IDRN211_SEM1_2018', u'IDRN211_SEM1_2017', u'IDRN211', u'INDUSTRIAL RELATIONS & NEGOTIATION II (MOD 1)', u'BTCET1', u'BT: ENGINEERING: CIVIL (TRANSPORTATION)', u'21', u'SEMESTER 1', u'I3', u'INDUMISO CAMPUS PART-TIME', u'A', u'50012166:ROWE', 2.0]
[u'IDRN211_SEM1_2018', u'IDRN211_SEM1_2017', u'IDRN211', u'INDUSTRIAL RELATIONS & NEGOTIATION II (MOD 1)', u'BTCEU1', u'BT: ENGINEERING: CIVIL (URBAN ENG)', u'21', u'SEMESTER 1', u'I3', u'INDUMISO CAMPUS PART-TIME', u'A', u'50012166:ROWE', 2.0]
check 'IDRN211_SEM1_2018' 'IDRN211'
processXLS: only for SEM2 [u'IDRN211_SEM1_2018', u'IDRN211_SEM1_2017', u'IDRN211', u'INDUSTRIAL RELATIONS & NEGOTIATION II (MOD 1)', u'BTCEU1', u'BT: ENGINEERING: CIVIL (URBAN ENG)', u'21', u'SEMESTER 1', u'I3', u'INDUMISO CAMPUS PART-TIME', u'A', u'50012166:ROWE', 2.0]
[u'IDRN211_SEM1_2018', u'IDRN211_SEM1_2017', u'IDRN211', u'INDUSTRIAL RELATIONS & NEGOTIATION II (MOD 1)', u'BTCEW1', u'BT: ENGINEERING: CIVIL (WATER ENG)', u'21', u'SEMESTER 1', u'I3', u'INDUMISO CAMPUS PART-TIME', u'A', u'50012166:ROWE', 2.0]
check 'IDRN211_SEM1_2018' 'IDRN211'
processXLS: only for SEM2 [u'IDRN211_SEM1_2018', u'IDRN211_SEM1_2017', u'IDRN211', u'INDUSTRIAL RELATIONS & NEGOTIATION II (MOD 1)', u'BTCEW1', u'BT: ENGINEERING: CIVIL (WATER ENG)', u'21', u'SEMESTER 1', u'I3', u'INDUMISO CAMPUS PART-TIME', u'A', u'50012166:ROWE', 2.0]
[u'', u'', u'', u'', u'', u'', u'', u'', u'', u'', u'', u'', u'']
check '' ''
[u'IDRN221_SEM1_2018', u'IDRN221_SEM1_2017', u'IDRN221', u'INDUSTRIAL RELATIONS & NEGOTIATION II (MOD 2)', u'BTCEC1', u'BT: ENGINEERING: CIVIL (CONSTRUCT MAN)', u'21', u'SEMESTER 1', u'I3', u'INDUMISO CAMPUS PART-TIME', u'A', u'50012166:ROWE OA', 20.0]
check 'IDRN221_SEM1_2018' 'IDRN221'
processXLS: only for SEM2 [u'IDRN221_SEM1_2018', u'IDRN221_SEM1_2017', u'IDRN221', u'INDUSTRIAL RELATIONS & NEGOTIATION II (MOD 2)', u'BTCEC1', u'BT: ENGINEERING: CIVIL (CONSTRUCT MAN)', u'21', u'SEMESTER 1', u'I3', u'INDUMISO CAMPUS PART-TIME', u'A', u'50012166:ROWE OA', 20.0]
[u'IDRN221_SEM1_2018', u'IDRN221_SEM1_2017', u'IDRN221', u'INDUSTRIAL RELATIONS & NEGOTIATION II (MOD 2)', u'BTCET1', u'BT: ENGINEERING: CIVIL (TRANSPORTATION)', u'21', u'SEMESTER 1', u'I3', u'INDUMISO CAMPUS PART-TIME', u'A', u'50012166:ROWE OA', 2.0]
check 'IDRN221_SEM1_2018' 'IDRN221'
processXLS: only for SEM2 [u'IDRN221_SEM1_2018', u'IDRN221_SEM1_2017', u'IDRN221', u'INDUSTRIAL RELATIONS & NEGOTIATION II (MOD 2)', u'BTCET1', u'BT: ENGINEERING: CIVIL (TRANSPORTATION)', u'21', u'SEMESTER 1', u'I3', u'INDUMISO CAMPUS PART-TIME', u'A', u'50012166:ROWE OA', 2.0]
[u'IDRN221_SEM1_2018', u'IDRN221_SEM1_2017', u'IDRN221', u'INDUSTRIAL RELATIONS & NEGOTIATION II (MOD 2)', u'BTCEU1', u'BT: ENGINEERING: CIVIL (URBAN ENG)', u'21', u'SEMESTER 1', u'I3', u'INDUMISO CAMPUS PART-TIME', u'A', u'50012166:ROWE OA', 2.0]
check 'IDRN221_SEM1_2018' 'IDRN221'
processXLS: only for SEM2 [u'IDRN221_SEM1_2018', u'IDRN221_SEM1_2017', u'IDRN221', u'INDUSTRIAL RELATIONS & NEGOTIATION II (MOD 2)', u'BTCEU1', u'BT: ENGINEERING: CIVIL (URBAN ENG)', u'21', u'SEMESTER 1', u'I3', u'INDUMISO CAMPUS PART-TIME', u'A', u'50012166:ROWE OA', 2.0]
[u'IDRN221_SEM1_2018', u'IDRN221_SEM1_2017', u'IDRN221', u'INDUSTRIAL RELATIONS & NEGOTIATION II (MOD 2)', u'BTCEW1', u'BT: ENGINEERING: CIVIL (WATER ENG)', u'21', u'SEMESTER 1', u'I3', u'INDUMISO CAMPUS PART-TIME', u'A', u'50012166:ROWE OA', 2.0]
check 'IDRN221_SEM1_2018' 'IDRN221'
processXLS: only for SEM2 [u'IDRN221_SEM1_2018', u'IDRN221_SEM1_2017', u'IDRN221', u'INDUSTRIAL RELATIONS & NEGOTIATION II (MOD 2)', u'BTCEW1', u'BT: ENGINEERING: CIVIL (WATER ENG)', u'21', u'SEMESTER 1', u'I3', u'INDUMISO CAMPUS PART-TIME', u'A', u'50012166:ROWE OA', 2.0]
[u'', u'', u'', u'', u'', u'', u'', u'', u'', u'', u'', u'', u'']
check '' ''
[u'IDRN221_SEM2_2018', u'IDRN221_SEM2_2017', u'IDRN221', u'INDUSTRIAL RELATIONS & NEGOTIATION II (MOD 2)', u'BTCEC1', u'BT: ENGINEERING: CIVIL (CONSTRUCT MAN)', u'22', u'SEMESTER 2', u'I3', u'INDUMISO CAMPUS PART-TIME', u'A', u'50012166:ROWE OA', 4.0]
check 'IDRN221_SEM2_2018' 'IDRN221'
adding  IDRN221
requesting:  http://10.0.100.98:8000/bbinfo/matching_courses/IDRN221%25
r= <Response [200]>
matching classes= set([u'IDRN221_SEM2_2018', u'IDRN221_13_ROWO', u'IDRN221_SEM1_2017', u'IDRN221_SEM1_2018', u'IDRN221_SEM2_2017'])
[u'', u'', u'', u'', u'', u'', u'', u'', u'', u'', u'', u'', u'']
check '' ''
[u'MATH202_SEM1_2018', u'MATH202_SEM1_2017', u'MATH202', u'MATHEMATICS II', u'NDCVE1', u'ND: ENGINEERING: CIVIL', u'21', u'SEMESTER 1', u'I1', u'INDUMISO CAMPUS FULL-TIME', u'A', u'50002101:PERUMAL', 147.0]
check 'MATH202_SEM1_2018' 'MATH202'
processXLS: only for SEM2 [u'MATH202_SEM1_2018', u'MATH202_SEM1_2017', u'MATH202', u'MATHEMATICS II', u'NDCVE1', u'ND: ENGINEERING: CIVIL', u'21', u'SEMESTER 1', u'I1', u'INDUMISO CAMPUS FULL-TIME', u'A', u'50002101:PERUMAL', 147.0]
[u'', u'', u'', u'', u'', u'', u'', u'', u'', u'', u'', u'', u'']
check '' ''
[u'MATH202_SEM2_2018', u'MATH202_SEM2_2017', u'MATH202', u'MATHEMATICS II', u'NDCVE1', u'ND: ENGINEERING: CIVIL', u'22', u'SEMESTER 2', u'I1', u'INDUMISO CAMPUS FULL-TIME', u'A', u'50002101:PERUMAL', 1.0]
check 'MATH202_SEM2_2018' 'MATH202'
adding  MATH202
requesting:  http://10.0.100.98:8000/bbinfo/matching_courses/MATH202%25
r= <Response [200]>
matching classes= set([u'MATH202_SEM2_2017', u'MATH202_ALL_2016', u'MATH202_SEM1_2018', u'MATH202_SEM2_2018', u'MATH202_13_PERP', u'MATH202_SEM1_2017'])
[u'MATH202_SEM2_2018', u'MATH202_SEM2_2017', u'MATH202', u'MATHEMATICS II', u'NDCVE1', u'ND: ENGINEERING: CIVIL', u'22', u'SEMESTER 2', u'I1', u'INDUMISO CAMPUS FULL-TIME', u'A', u'50002101:PERUMAL', 107.0]
check 'MATH202_SEM2_2018' 'MATH202'
adding  MATH202
requesting:  http://10.0.100.98:8000/bbinfo/matching_courses/MATH202%25
r= <Response [200]>
matching classes= set([u'MATH202_SEM2_2017', u'MATH202_ALL_2016', u'MATH202_SEM1_2018', u'MATH202_SEM2_2018', u'MATH202_13_PERP', u'MATH202_SEM1_2017'])
[u'', u'', u'', u'', u'', u'', u'', u'', u'', u'', u'', u'', u'']
check '' ''
[u'MNCV211_SEM1_2018', u'MNCV211_SEM1_2017', u'MNCV211', u'MANAGEMENT:CIVIL II (MODULE 1)', u'NDCVE1', u'ND: ENGINEERING: CIVIL', u'21', u'SEMESTER 1', u'I1', u'INDUMISO CAMPUS FULL-TIME', u'A', u'50001150:MCKUNE', 62.0]
check 'MNCV211_SEM1_2018' 'MNCV211'
processXLS: only for SEM2 [u'MNCV211_SEM1_2018', u'MNCV211_SEM1_2017', u'MNCV211', u'MANAGEMENT:CIVIL II (MODULE 1)', u'NDCVE1', u'ND: ENGINEERING: CIVIL', u'21', u'SEMESTER 1', u'I1', u'INDUMISO CAMPUS FULL-TIME', u'A', u'50001150:MCKUNE', 62.0]
[u'', u'', u'', u'', u'', u'', u'', u'', u'', u'', u'', u'', u'']
check '' ''
[u'MNCV211_SEM2_2018', u'MNCV211_SEM2_2017', u'MNCV211', u'MANAGEMENT:CIVIL II (MODULE 1)', u'NDCVE1', u'ND: ENGINEERING: CIVIL', u'22', u'SEMESTER 2', u'I1', u'INDUMISO CAMPUS FULL-TIME', u'A', u'50001150:MCKUNE', 99.0]
check 'MNCV211_SEM2_2018' 'MNCV211'
adding  MNCV211
requesting:  http://10.0.100.98:8000/bbinfo/matching_courses/MNCV211%25
r= <Response [200]>
matching classes= set([u'MNCV211_SEM2_2017', u'MNCV211_SEM1_2017', u'MNCV211_SEM1_2018', u'MNCV211_SEM2_2018', u'MNCV211_13_MHLN', u'MNCV211_ALL_2016'])
[u'', u'', u'', u'', u'', u'', u'', u'', u'', u'', u'', u'', u'']
check '' ''
[u'MNCV221_SEM1_2018', u'MNCV221_SEM1_2017', u'MNCV221', u'MANAGEMENT:CIVIL II (MODULE 2)', u'NDCVE1', u'ND: ENGINEERING: CIVIL', u'21', u'SEMESTER 1', u'I1', u'INDUMISO CAMPUS FULL-TIME', u'A', u'50012166:ROWE', 62.0]
check 'MNCV221_SEM1_2018' 'MNCV221'
processXLS: only for SEM2 [u'MNCV221_SEM1_2018', u'MNCV221_SEM1_2017', u'MNCV221', u'MANAGEMENT:CIVIL II (MODULE 2)', u'NDCVE1', u'ND: ENGINEERING: CIVIL', u'21', u'SEMESTER 1', u'I1', u'INDUMISO CAMPUS FULL-TIME', u'A', u'50012166:ROWE', 62.0]
[u'', u'', u'', u'', u'', u'', u'', u'', u'', u'', u'', u'', u'']
check '' ''
[u'MNCV221_SEM2_2018', u'MNCV221_SEM2_2017', u'MNCV221', u'MANAGEMENT:CIVIL II (MODULE 2)', u'NDCVE1', u'ND: ENGINEERING: CIVIL', u'22', u'SEMESTER 2', u'I1', u'INDUMISO CAMPUS FULL-TIME', u'A', u'50012166:ROWE', 113.0]
check 'MNCV221_SEM2_2018' 'MNCV221'
adding  MNCV221
requesting:  http://10.0.100.98:8000/bbinfo/matching_courses/MNCV221%25
r= <Response [200]>
matching classes= set([u'MNCV221_ALL_2016', u'MNCV221_SEM2_2018', u'MNCV221_SEM1_2018', u'MNCV221_13_ROWO', u'MNCV221_SEM1_2017', u'MNCV221_SEM2_2017'])
[u'', u'', u'', u'', u'', u'', u'', u'', u'', u'', u'', u'', u'']
check '' ''
[u'SRVC211_SEM1_2018', u'SRVC211_SEM1_2017', u'SRVC211', u'SURVEYING:CIVIL II (MODULE 1)', u'NDCVE1', u'ND: ENGINEERING: CIVIL', u'21', u'SEMESTER 1', u'I1', u'INDUMISO CAMPUS FULL-TIME', u'A', u'40008813:STUART', 110.0]
check 'SRVC211_SEM1_2018' 'SRVC211'
processXLS: only for SEM2 [u'SRVC211_SEM1_2018', u'SRVC211_SEM1_2017', u'SRVC211', u'SURVEYING:CIVIL II (MODULE 1)', u'NDCVE1', u'ND: ENGINEERING: CIVIL', u'21', u'SEMESTER 1', u'I1', u'INDUMISO CAMPUS FULL-TIME', u'A', u'40008813:STUART', 110.0]
[u'', u'', u'', u'', u'', u'', u'', u'', u'', u'', u'', u'', u'']
check '' ''
[u'SRVC211_SEM2_2018', u'SRVC211_SEM2_2017', u'SRVC211', u'SURVEYING:CIVIL II (MODULE 1)', u'NDCVE1', u'ND: ENGINEERING: CIVIL', u'22', u'SEMESTER 2', u'I1', u'INDUMISO CAMPUS FULL-TIME', u'A', u'40008813:STUART', 93.0]
check 'SRVC211_SEM2_2018' 'SRVC211'
adding  SRVC211
requesting:  http://10.0.100.98:8000/bbinfo/matching_courses/SRVC211%25
r= <Response [200]>
matching classes= set([u'SRVC211_SEM1_2018', u'SRVC211_SEM2_2018', u'SRVC211_SEM2_2017', u'SRVC211_SEM1_2017', u'SRVC211_13_STUD', u'SRVC211_ALL_2016'])
[u'', u'', u'', u'', u'', u'', u'', u'', u'', u'', u'', u'', u'']
check '' ''
[u'SRVC221_SEM1_2018', u'SRVC221_SEM1_2017', u'SRVC221', u'SURVEYING:CIVIL II (MODULE 2)', u'NDCVE1', u'ND: ENGINEERING: CIVIL', u'21', u'SEMESTER 1', u'I1', u'INDUMISO CAMPUS FULL-TIME', u'A', u'40008813:STUART', 107.0]
check 'SRVC221_SEM1_2018' 'SRVC221'
processXLS: only for SEM2 [u'SRVC221_SEM1_2018', u'SRVC221_SEM1_2017', u'SRVC221', u'SURVEYING:CIVIL II (MODULE 2)', u'NDCVE1', u'ND: ENGINEERING: CIVIL', u'21', u'SEMESTER 1', u'I1', u'INDUMISO CAMPUS FULL-TIME', u'A', u'40008813:STUART', 107.0]
[u'', u'', u'', u'', u'', u'', u'', u'', u'', u'', u'', u'', u'']
check '' ''
[u'SRVC221_SEM2_2018', u'SRVC221_SEM2_2017', u'SRVC221', u'SURVEYING:CIVIL II (MODULE 2)', u'NDCVE1', u'ND: ENGINEERING: CIVIL', u'22', u'SEMESTER 2', u'I1', u'INDUMISO CAMPUS FULL-TIME', u'A', u'40008813:STUART', 89.0]
check 'SRVC221_SEM2_2018' 'SRVC221'
adding  SRVC221
requesting:  http://10.0.100.98:8000/bbinfo/matching_courses/SRVC221%25
r= <Response [200]>
matching classes= set([u'SRVC221_SEM1_2017', u'SRVC221_SEM2_2017', u'SRVC221_SEM2_2018', u'SRVC221_SEM1_2018', u'SRVC221_13_STUD', u'SRVC221_ALL_2016'])
[u'', u'', u'', u'', u'', u'', u'', u'', u'', u'', u'', u'', u'']
check '' ''
[u'STAL211_SEM1_2018', u'STAL211_SEM1_2017', u'STAL211', u'STRUCTURAL ANALYSIS II (MODULE 1)', u'NDCVE1', u'ND: ENGINEERING: CIVIL', u'21', u'SEMESTER 1', u'I1', u'INDUMISO CAMPUS FULL-TIME', u'A', u'50001150:MCKUNE', 90.0]
check 'STAL211_SEM1_2018' 'STAL211'
processXLS: only for SEM2 [u'STAL211_SEM1_2018', u'STAL211_SEM1_2017', u'STAL211', u'STRUCTURAL ANALYSIS II (MODULE 1)', u'NDCVE1', u'ND: ENGINEERING: CIVIL', u'21', u'SEMESTER 1', u'I1', u'INDUMISO CAMPUS FULL-TIME', u'A', u'50001150:MCKUNE', 90.0]
[u'', u'', u'', u'', u'', u'', u'', u'', u'', u'', u'', u'', u'']
check '' ''
[u'STAL211_SEM2_2018', u'STAL211_SEM2_2017', u'STAL211', u'STRUCTURAL ANALYSIS II (MODULE 1)', u'NDCVE1', u'ND: ENGINEERING: CIVIL', u'22', u'SEMESTER 2', u'I1', u'INDUMISO CAMPUS FULL-TIME', u'A', u'50001150:MCKUNE', 122.0]
check 'STAL211_SEM2_2018' 'STAL211'
adding  STAL211
requesting:  http://10.0.100.98:8000/bbinfo/matching_courses/STAL211%25
r= <Response [200]>
matching classes= set([u'STAL211_SEM2_2017', u'STAL211_SEM1_2017', u'STAL211_SEM1_2018', u'STAL211_SEM2_2018', u'STAL211_13_MAZS', u'STAL211_ALL_2016'])
[u'', u'', u'', u'', u'', u'', u'', u'', u'', u'', u'', u'', u'']
check '' ''
[u'STAL221_SEM1_2018', u'STAL221_SEM1_2017', u'STAL221', u'STRUCTURAL ANALYSIS II (MODULE 2)', u'NDCVE1', u'ND: ENGINEERING: CIVIL', u'21', u'SEMESTER 1', u'I1', u'INDUMISO CAMPUS FULL-TIME', u'A', u'50001150:MCKUNE', 73.0]
check 'STAL221_SEM1_2018' 'STAL221'
processXLS: only for SEM2 [u'STAL221_SEM1_2018', u'STAL221_SEM1_2017', u'STAL221', u'STRUCTURAL ANALYSIS II (MODULE 2)', u'NDCVE1', u'ND: ENGINEERING: CIVIL', u'21', u'SEMESTER 1', u'I1', u'INDUMISO CAMPUS FULL-TIME', u'A', u'50001150:MCKUNE', 73.0]
[u'', u'', u'', u'', u'', u'', u'', u'', u'', u'', u'', u'', u'']
check '' ''
[u'STAL221_SEM2_2018', u'STAL221_SEM2_2017', u'STAL221', u'STRUCTURAL ANALYSIS II (MODULE 2)', u'NDCVE1', u'ND: ENGINEERING: CIVIL', u'22', u'SEMESTER 2', u'I1', u'INDUMISO CAMPUS FULL-TIME', u'A', u'50001150:MCKUNE', 104.0]
check 'STAL221_SEM2_2018' 'STAL221'
adding  STAL221
requesting:  http://10.0.100.98:8000/bbinfo/matching_courses/STAL221%25
r= <Response [200]>
matching classes= set([u'STAL221_13_MAZS', u'STAL221_ALL_2016', u'STAL221_SEM2_2018', u'STAL221_SEM1_2018', u'STAL221_SEM1_2017', u'STAL221_SEM2_2017'])
[u'', u'', u'', u'', u'', u'', u'', u'', u'', u'', u'', u'', u'']
check '' ''
[u'THRS201_SEM1_2018', u'THRS201_SEM1_2017', u'THRS201', u'THEORY OF STRUCTURES II', u'NDCVE1', u'ND: ENGINEERING: CIVIL', u'21', u'SEMESTER 1', u'I1', u'INDUMISO CAMPUS FULL-TIME', u'A', u'50012166:ROWE', 123.0]
check 'THRS201_SEM1_2018' 'THRS201'
processXLS: only for SEM2 [u'THRS201_SEM1_2018', u'THRS201_SEM1_2017', u'THRS201', u'THEORY OF STRUCTURES II', u'NDCVE1', u'ND: ENGINEERING: CIVIL', u'21', u'SEMESTER 1', u'I1', u'INDUMISO CAMPUS FULL-TIME', u'A', u'50012166:ROWE', 123.0]
[u'', u'', u'', u'', u'', u'', u'', u'', u'', u'', u'', u'', u'']
check '' ''
[u'THRS201_SEM2_2018', u'THRS201_SEM2_2017', u'THRS201', u'THEORY OF STRUCTURES II', u'NDCVE1', u'ND: ENGINEERING: CIVIL', u'22', u'SEMESTER 2', u'I1', u'INDUMISO CAMPUS FULL-TIME', u'A', u'50012166:ROWE', 91.0]
check 'THRS201_SEM2_2018' 'THRS201'
adding  THRS201
requesting:  http://10.0.100.98:8000/bbinfo/matching_courses/THRS201%25
r= <Response [200]>
matching classes= set([u'THRS201_ALL_2016', u'THRS201_13_ROWO', u'THRS201_SEM1_2017', u'THRS201_SEM2_2017', u'THRS201_SEM2_2018', u'THRS201_SEM1_2018'])
[u'', u'', u'', u'', u'', u'', u'', u'', u'', u'', u'', u'', u'']
check '' ''
[u'TRNE211_SEM1_2018', u'TRNE211_SEM1_2017', u'TRNE211', u'TRANSPORTATION ENGINEERING II (MODULE 1)', u'NDCVE1', u'ND: ENGINEERING: CIVIL', u'21', u'SEMESTER 1', u'I1', u'INDUMISO CAMPUS FULL-TIME', u'A', u'40008411:BLUNT', 76.0]
check 'TRNE211_SEM1_2018' 'TRNE211'
processXLS: only for SEM2 [u'TRNE211_SEM1_2018', u'TRNE211_SEM1_2017', u'TRNE211', u'TRANSPORTATION ENGINEERING II (MODULE 1)', u'NDCVE1', u'ND: ENGINEERING: CIVIL', u'21', u'SEMESTER 1', u'I1', u'INDUMISO CAMPUS FULL-TIME', u'A', u'40008411:BLUNT', 76.0]
[u'', u'', u'', u'', u'', u'', u'', u'', u'', u'', u'', u'', u'']
check '' ''
[u'TRNE211_SEM2_2018', u'TRNE211_SEM2_2017', u'TRNE211', u'TRANSPORTATION ENGINEERING II (MODULE 1)', u'NDCVE1', u'ND: ENGINEERING: CIVIL', u'22', u'SEMESTER 2', u'I1', u'INDUMISO CAMPUS FULL-TIME', u'A', u'40008411:BLUNT', 103.0]
check 'TRNE211_SEM2_2018' 'TRNE211'
adding  TRNE211
requesting:  http://10.0.100.98:8000/bbinfo/matching_courses/TRNE211%25
r= <Response [200]>
matching classes= set([u'TRNE211_ALL_2016', u'TRNE211_13_BLUJ', u'TRNE211_SEM2_2018', u'TRNE211_SEM1_2018', u'TRNE211_SEM1_2017', u'TRNE211_SEM2_2017'])
[u'', u'', u'', u'', u'', u'', u'', u'', u'', u'', u'', u'', u'']
check '' ''
[u'TRNE221_SEM1_2018', u'TRNE221_SEM1_2017', u'TRNE221', u'TRANSPORTATION ENGINEERING II (MODULE 2)', u'NDCVE1', u'ND: ENGINEERING: CIVIL', u'21', u'SEMESTER 1', u'I1', u'INDUMISO CAMPUS FULL-TIME', u'A', u'40009692:HAY', 73.0]
check 'TRNE221_SEM1_2018' 'TRNE221'
processXLS: only for SEM2 [u'TRNE221_SEM1_2018', u'TRNE221_SEM1_2017', u'TRNE221', u'TRANSPORTATION ENGINEERING II (MODULE 2)', u'NDCVE1', u'ND: ENGINEERING: CIVIL', u'21', u'SEMESTER 1', u'I1', u'INDUMISO CAMPUS FULL-TIME', u'A', u'40009692:HAY', 73.0]
[u'', u'', u'', u'', u'', u'', u'', u'', u'', u'', u'', u'', u'']
check '' ''
[u'TRNE221_SEM2_2018', u'TRNE221_SEM2_2017', u'TRNE221', u'TRANSPORTATION ENGINEERING II (MODULE 2)', u'NDCVE1', u'ND: ENGINEERING: CIVIL', u'22', u'SEMESTER 2', u'I1', u'INDUMISO CAMPUS FULL-TIME', u'A', u'40009692:HAY', 102.0]
check 'TRNE221_SEM2_2018' 'TRNE221'
adding  TRNE221
requesting:  http://10.0.100.98:8000/bbinfo/matching_courses/TRNE221%25
r= <Response [200]>
matching classes= set([u'TRNE221_SEM2_2017', u'TRNE221_SEM1_2017', u'TRNE221_SEM1_2018', u'TRNE221_SEM2_2018', u'TRNE221_13_BLUJ', u'TRNE221_ALL_2016'])
[u'', u'', u'', u'', u'', u'', u'', u'', u'', u'', u'', u'', u'']
check '' ''
[u'WTRE211_SEM1_2018', u'WTRE211_SEM1_2017', u'WTRE211', u'WATER ENGINEERING II (MODULE 1 HYDRAULICS)', u'NDCVE1', u'ND: ENGINEERING: CIVIL', u'21', u'SEMESTER 1', u'I1', u'INDUMISO CAMPUS FULL-TIME', u'A', u'40009692:HAY', 79.0]
check 'WTRE211_SEM1_2018' 'WTRE211'
processXLS: only for SEM2 [u'WTRE211_SEM1_2018', u'WTRE211_SEM1_2017', u'WTRE211', u'WATER ENGINEERING II (MODULE 1 HYDRAULICS)', u'NDCVE1', u'ND: ENGINEERING: CIVIL', u'21', u'SEMESTER 1', u'I1', u'INDUMISO CAMPUS FULL-TIME', u'A', u'40009692:HAY', 79.0]
[u'', u'', u'', u'', u'', u'', u'', u'', u'', u'', u'', u'', u'']
check '' ''
[u'WTRE211_SEM2_2018', u'WTRE211_SEM2_2017', u'WTRE211', u'WATER ENGINEERING II (MODULE 1 HYDRAULICS)', u'NDCVE1', u'ND: ENGINEERING: CIVIL', u'22', u'SEMESTER 2', u'I1', u'INDUMISO CAMPUS FULL-TIME', u'A', u'40009692:HAY', 92.0]
check 'WTRE211_SEM2_2018' 'WTRE211'
adding  WTRE211
requesting:  http://10.0.100.98:8000/bbinfo/matching_courses/WTRE211%25
r= <Response [200]>
matching classes= set([u'WTRE211_13_HAYS', u'WTRE211_SEM1_2018', u'WTRE211_SEM2_2018', u'WTRE211_SEM2_2017', u'WTRE211_SEM1_2017', u'WTRE211_ALL_2016'])
[u'', u'', u'', u'', u'', u'', u'', u'', u'', u'', u'', u'', u'']
check '' ''
[u'WTRE221_SEM1_2018', u'WTRE221_SEM1_2017', u'WTRE221', u'WATER ENGINEERING II (MODULE 2 PUBLIC HEALTH)', u'NDCVE1', u'ND: ENGINEERING: CIVIL', u'21', u'SEMESTER 1', u'I1', u'INDUMISO CAMPUS FULL-TIME', u'A', u'50001150:MCKUNE', 78.0]
check 'WTRE221_SEM1_2018' 'WTRE221'
processXLS: only for SEM2 [u'WTRE221_SEM1_2018', u'WTRE221_SEM1_2017', u'WTRE221', u'WATER ENGINEERING II (MODULE 2 PUBLIC HEALTH)', u'NDCVE1', u'ND: ENGINEERING: CIVIL', u'21', u'SEMESTER 1', u'I1', u'INDUMISO CAMPUS FULL-TIME', u'A', u'50001150:MCKUNE', 78.0]
[u'', u'', u'', u'', u'', u'', u'', u'', u'', u'', u'', u'', u'']
check '' ''
[u'WTRE221_SEM2_2018', u'WTRE221_SEM2_2017', u'WTRE221', u'WATER ENGINEERING II (MODULE 2 PUBLIC HEALTH)', u'NDCVE1', u'ND: ENGINEERING: CIVIL', u'22', u'SEMESTER 2', u'I1', u'INDUMISO CAMPUS FULL-TIME', u'A', u'50001150:MCKUNE', 99.0]
check 'WTRE221_SEM2_2018' 'WTRE221'
adding  WTRE221
requesting:  http://10.0.100.98:8000/bbinfo/matching_courses/WTRE221%25
r= <Response [200]>
matching classes= set([u'WTRE221_SEM1_2017', u'WTRE221_SEM2_2017', u'WTRE221_SEM2_2018', u'WTRE221_SEM1_2018', u'WTRE221_13_MHLN', u'WTRE221_ALL_2016'])
[u'', u'', u'', u'', u'', u'', u'', u'', u'', u'', u'', u'', u'']
check '' ''
[u'DCMT311_SEM1_2018', u'DCMT311_SEM1_2017', u'DCMT311', u'DOCUMENTATION III (MODULE 1)', u'NDCVE1', u'ND: ENGINEERING: CIVIL', u'21', u'SEMESTER 1', u'I1', u'INDUMISO CAMPUS FULL-TIME', u'A', u'40009692:HAY', 65.0]
check 'DCMT311_SEM1_2018' 'DCMT311'
processXLS: only for SEM2 [u'DCMT311_SEM1_2018', u'DCMT311_SEM1_2017', u'DCMT311', u'DOCUMENTATION III (MODULE 1)', u'NDCVE1', u'ND: ENGINEERING: CIVIL', u'21', u'SEMESTER 1', u'I1', u'INDUMISO CAMPUS FULL-TIME', u'A', u'40009692:HAY', 65.0]
[u'', u'', u'', u'', u'', u'', u'', u'', u'', u'', u'', u'', u'']
check '' ''
[u'DCMT311_SEM2_2018', u'DCMT311_SEM2_2017', u'DCMT311', u'DOCUMENTATION III (MODULE 1)', u'NDCVE1', u'ND: ENGINEERING: CIVIL', u'22', u'SEMESTER 2', u'I1', u'INDUMISO CAMPUS FULL-TIME', u'A', u'40009692:HAY', 71.0]
check 'DCMT311_SEM2_2018' 'DCMT311'
adding  DCMT311
requesting:  http://10.0.100.98:8000/bbinfo/matching_courses/DCMT311%25
r= <Response [200]>
matching classes= set([u'DCMT311_SEM1_2018', u'DCMT311_SEM2_2018', u'DCMT311_ALL_2016', u'DCMT311_SEM2_2017', u'DCMT311_SEM1_2017'])
[u'', u'', u'', u'', u'', u'', u'', u'', u'', u'', u'', u'', u'']
check '' ''
[u'DCMT321_SEM1_2018', u'DCMT321_SEM1_2017', u'DCMT321', u'DOCUMENTATION III (MODULE 2)', u'NDCVE1', u'ND: ENGINEERING: CIVIL', u'21', u'SEMESTER 1', u'I1', u'INDUMISO CAMPUS FULL-TIME', u'A', u'40009692:HAY', 59.0]
check 'DCMT321_SEM1_2018' 'DCMT321'
processXLS: only for SEM2 [u'DCMT321_SEM1_2018', u'DCMT321_SEM1_2017', u'DCMT321', u'DOCUMENTATION III (MODULE 2)', u'NDCVE1', u'ND: ENGINEERING: CIVIL', u'21', u'SEMESTER 1', u'I1', u'INDUMISO CAMPUS FULL-TIME', u'A', u'40009692:HAY', 59.0]
[u'', u'', u'', u'', u'', u'', u'', u'', u'', u'', u'', u'', u'']
check '' ''
[u'DCMT321_SEM2_2018', u'DCMT321_SEM2_2017', u'DCMT321', u'DOCUMENTATION III (MODULE 2)', u'NDCVE1', u'ND: ENGINEERING: CIVIL', u'22', u'SEMESTER 2', u'I1', u'INDUMISO CAMPUS FULL-TIME', u'A', u'40009692:HAY', 62.0]
check 'DCMT321_SEM2_2018' 'DCMT321'
adding  DCMT321
requesting:  http://10.0.100.98:8000/bbinfo/matching_courses/DCMT321%25
r= <Response [200]>
matching classes= set([u'DCMT321_SEM1_2018', u'DCMT321_SEM2_2017', u'DCMT321_ALL_2016', u'DCMT321_SEM2_2018', u'DCMT321_SEM1_2017'])
[u'', u'', u'', u'', u'', u'', u'', u'', u'', u'', u'', u'', u'']
check '' ''
[u'GTCE311_SEM1_2018', u'GTCE311_SEM1_2017', u'GTCE311', u'GEOTECHNICAL ENGINEERING III (MODULE 1)', u'NDCVE1', u'ND: ENGINEERING: CIVIL', u'21', u'SEMESTER 1', u'I1', u'INDUMISO CAMPUS FULL-TIME', u'A', u'40013287:JELE', 87.0]
check 'GTCE311_SEM1_2018' 'GTCE311'
processXLS: only for SEM2 [u'GTCE311_SEM1_2018', u'GTCE311_SEM1_2017', u'GTCE311', u'GEOTECHNICAL ENGINEERING III (MODULE 1)', u'NDCVE1', u'ND: ENGINEERING: CIVIL', u'21', u'SEMESTER 1', u'I1', u'INDUMISO CAMPUS FULL-TIME', u'A', u'40013287:JELE', 87.0]
[u'', u'', u'', u'', u'', u'', u'', u'', u'', u'', u'', u'', u'']
check '' ''
[u'GTCE311_SEM2_2018', u'GTCE311_SEM2_2017', u'GTCE311', u'GEOTECHNICAL ENGINEERING III (MODULE 1)', u'NDCVE1', u'ND: ENGINEERING: CIVIL', u'22', u'SEMESTER 2', u'I1', u'INDUMISO CAMPUS FULL-TIME', u'A', u'40013287:JELE', 76.0]
check 'GTCE311_SEM2_2018' 'GTCE311'
adding  GTCE311
requesting:  http://10.0.100.98:8000/bbinfo/matching_courses/GTCE311%25
r= <Response [200]>
matching classes= set([u'GTCE311_13_MHLN', u'GTCE311_ALL_2016', u'GTCE311_SEM1_2018', u'GTCE311_SEM2_2018', u'GTCE311_SEM2_2017', u'GTCE311_SEM1_2017'])
[u'', u'', u'', u'', u'', u'', u'', u'', u'', u'', u'', u'', u'']
check '' ''
[u'GTCE321_SEM1_2018', u'GTCE321_SEM1_2017', u'GTCE321', u'GEOTECHNICAL ENGINEERING III (MODULE 2)', u'NDCVE1', u'ND: ENGINEERING: CIVIL', u'21', u'SEMESTER 1', u'I1', u'INDUMISO CAMPUS FULL-TIME', u'A', u'40013287:JELE;50001150:MCKUNE', 50.0]
check 'GTCE321_SEM1_2018' 'GTCE321'
processXLS: only for SEM2 [u'GTCE321_SEM1_2018', u'GTCE321_SEM1_2017', u'GTCE321', u'GEOTECHNICAL ENGINEERING III (MODULE 2)', u'NDCVE1', u'ND: ENGINEERING: CIVIL', u'21', u'SEMESTER 1', u'I1', u'INDUMISO CAMPUS FULL-TIME', u'A', u'40013287:JELE;50001150:MCKUNE', 50.0]
[u'', u'', u'', u'', u'', u'', u'', u'', u'', u'', u'', u'', u'']
check '' ''
[u'GTCE321_SEM2_2018', u'GTCE321_SEM2_2017', u'GTCE321', u'GEOTECHNICAL ENGINEERING III (MODULE 2)', u'NDCVE1', u'ND: ENGINEERING: CIVIL', u'22', u'SEMESTER 2', u'I1', u'INDUMISO CAMPUS FULL-TIME', u'A', u'40013287:JELE;50001150:MCKUNE', 59.0]
check 'GTCE321_SEM2_2018' 'GTCE321'
adding  GTCE321
requesting:  http://10.0.100.98:8000/bbinfo/matching_courses/GTCE321%25
r= <Response [200]>
matching classes= set([u'GTCE321_ALL_2016', u'GTCE321_SEM2_2018', u'GTCE321_SEM1_2018', u'GTCE321_SEM1_2017', u'GTCE321_SEM2_2017', u'GTCE321_13_MHLN'])
[u'', u'', u'', u'', u'', u'', u'', u'', u'', u'', u'', u'', u'']
check '' ''
[u'RCMS311_SEM1_2018', u'RCMS311_SEM1_2017', u'RCMS311', u'REINFORCED CONCRETE AND MASONRY DESIGN III (M', u'NDCVE1', u'ND: ENGINEERING: CIVIL', u'21', u'SEMESTER 1', u'I1', u'INDUMISO CAMPUS FULL-TIME', u'A', u'50001150:MCKUNE', 61.0]
check 'RCMS311_SEM1_2018' 'RCMS311'
processXLS: only for SEM2 [u'RCMS311_SEM1_2018', u'RCMS311_SEM1_2017', u'RCMS311', u'REINFORCED CONCRETE AND MASONRY DESIGN III (M', u'NDCVE1', u'ND: ENGINEERING: CIVIL', u'21', u'SEMESTER 1', u'I1', u'INDUMISO CAMPUS FULL-TIME', u'A', u'50001150:MCKUNE', 61.0]
[u'', u'', u'', u'', u'', u'', u'', u'', u'', u'', u'', u'', u'']
check '' ''
[u'RCMS311_SEM2_2018', u'RCMS311_SEM2_2017', u'RCMS311', u'REINFORCED CONCRETE AND MASONRY DESIGN III (M', u'NDCVE1', u'ND: ENGINEERING: CIVIL', u'22', u'SEMESTER 2', u'I1', u'INDUMISO CAMPUS FULL-TIME', u'A', u'50001150:MCKUNE', 73.0]
check 'RCMS311_SEM2_2018' 'RCMS311'
adding  RCMS311
requesting:  http://10.0.100.98:8000/bbinfo/matching_courses/RCMS311%25
r= <Response [200]>
matching classes= set([u'RCMS311_ALL_2016', u'RCMS311_13_KHUB', u'RCMS311_SEM1_2018', u'RCMS311_SEM2_2018', u'RCMS311_SEM2_2017', u'RCMS311_SEM1_2017'])
[u'', u'', u'', u'', u'', u'', u'', u'', u'', u'', u'', u'', u'']
check '' ''
[u'RCMS321_SEM1_2018', u'RCMS321_SEM1_2017', u'RCMS321', u'REINFORCED CONCRETE AND MASONRY DESIGN III (M', u'NDCVE1', u'ND: ENGINEERING: CIVIL', u'21', u'SEMESTER 1', u'I1', u'INDUMISO CAMPUS FULL-TIME', u'A', u'50001150:MCKUNE', 43.0]
check 'RCMS321_SEM1_2018' 'RCMS321'
processXLS: only for SEM2 [u'RCMS321_SEM1_2018', u'RCMS321_SEM1_2017', u'RCMS321', u'REINFORCED CONCRETE AND MASONRY DESIGN III (M', u'NDCVE1', u'ND: ENGINEERING: CIVIL', u'21', u'SEMESTER 1', u'I1', u'INDUMISO CAMPUS FULL-TIME', u'A', u'50001150:MCKUNE', 43.0]
[u'', u'', u'', u'', u'', u'', u'', u'', u'', u'', u'', u'', u'']
check '' ''
[u'RCMS321_SEM2_2018', u'RCMS321_SEM2_2017', u'RCMS321', u'REINFORCED CONCRETE AND MASONRY DESIGN III (M', u'NDCVE1', u'ND: ENGINEERING: CIVIL', u'22', u'SEMESTER 2', u'I1', u'INDUMISO CAMPUS FULL-TIME', u'A', u'50001150:MCKUNE', 68.0]
check 'RCMS321_SEM2_2018' 'RCMS321'
adding  RCMS321
requesting:  http://10.0.100.98:8000/bbinfo/matching_courses/RCMS321%25
r= <Response [200]>
matching classes= set([u'RCMS321_13_KHUB', u'RCMS321_ALL_2016', u'RCMS321_SEM2_2018', u'RCMS321_SEM1_2018', u'RCMS321_SEM1_2017', u'RCMS321_SEM2_2017'])
[u'', u'', u'', u'', u'', u'', u'', u'', u'', u'', u'', u'', u'']
check '' ''
[u'SSTM311_SEM1_2018', u'SSTM311_SEM1_2017', u'SSTM311', u'STRUCTURAL STEEL AND TIMBER DESIGN III (MODUL', u'NDCVE1', u'ND: ENGINEERING: CIVIL', u'21', u'SEMESTER 1', u'I1', u'INDUMISO CAMPUS FULL-TIME', u'A', u'40003871:MAZOMBA', 102.0]
check 'SSTM311_SEM1_2018' 'SSTM311'
processXLS: only for SEM2 [u'SSTM311_SEM1_2018', u'SSTM311_SEM1_2017', u'SSTM311', u'STRUCTURAL STEEL AND TIMBER DESIGN III (MODUL', u'NDCVE1', u'ND: ENGINEERING: CIVIL', u'21', u'SEMESTER 1', u'I1', u'INDUMISO CAMPUS FULL-TIME', u'A', u'40003871:MAZOMBA', 102.0]
[u'', u'', u'', u'', u'', u'', u'', u'', u'', u'', u'', u'', u'']
check '' ''
[u'SSTM311_SEM2_2018', u'SSTM311_SEM2_2017', u'SSTM311', u'STRUCTURAL STEEL AND TIMBER DESIGN III (MODUL', u'NDCVE1', u'ND: ENGINEERING: CIVIL', u'22', u'SEMESTER 2', u'I1', u'INDUMISO CAMPUS FULL-TIME', u'A', u'40003871:MAZOMBA', 70.0]
check 'SSTM311_SEM2_2018' 'SSTM311'
adding  SSTM311
requesting:  http://10.0.100.98:8000/bbinfo/matching_courses/SSTM311%25
r= <Response [200]>
matching classes= set([u'SSTM311_13_MAZS', u'SSTM311_SEM1_2017', u'SSTM311_SEM1_2018', u'SSTM311_SEM2_2018', u'SSTM311_SEM2_2017', u'SSTM311_ALL_2016'])
[u'', u'', u'', u'', u'', u'', u'', u'', u'', u'', u'', u'', u'']
check '' ''
[u'SSTM321_SEM1_2018', u'SSTM321_SEM1_2017', u'SSTM321', u'STRUCTURAL STEEL AND TIMBER DESIGN III (MODUL', u'NDCVE1', u'ND: ENGINEERING: CIVIL', u'21', u'SEMESTER 1', u'I1', u'INDUMISO CAMPUS FULL-TIME', u'A', u'40003871:MAZOMBA', 78.0]
check 'SSTM321_SEM1_2018' 'SSTM321'
processXLS: only for SEM2 [u'SSTM321_SEM1_2018', u'SSTM321_SEM1_2017', u'SSTM321', u'STRUCTURAL STEEL AND TIMBER DESIGN III (MODUL', u'NDCVE1', u'ND: ENGINEERING: CIVIL', u'21', u'SEMESTER 1', u'I1', u'INDUMISO CAMPUS FULL-TIME', u'A', u'40003871:MAZOMBA', 78.0]
[u'', u'', u'', u'', u'', u'', u'', u'', u'', u'', u'', u'', u'']
check '' ''
[u'SSTM321_SEM2_2018', u'SSTM321_SEM2_2017', u'SSTM321', u'STRUCTURAL STEEL AND TIMBER DESIGN III (MODUL', u'NDCVE1', u'ND: ENGINEERING: CIVIL', u'22', u'SEMESTER 2', u'I1', u'INDUMISO CAMPUS FULL-TIME', u'A', u'40003871:MAZOMBA', 59.0]
check 'SSTM321_SEM2_2018' 'SSTM321'
adding  SSTM321
requesting:  http://10.0.100.98:8000/bbinfo/matching_courses/SSTM321%25
r= <Response [200]>
matching classes= set([u'SSTM321_ALL_2016', u'SSTM321_13_MAZS', u'SSTM321_SEM1_2018', u'SSTM321_SEM2_2018', u'SSTM321_SEM2_2017', u'SSTM321_SEM1_2017'])
[u'', u'', u'', u'', u'', u'', u'', u'', u'', u'', u'', u'', u'']
check '' ''
[u'STAL311_SEM1_2018', u'STAL311_SEM1_2017', u'STAL311', u'STRUCTURAL ANALYSIS III (MODULE 1)', u'NDCVE1', u'ND: ENGINEERING: CIVIL', u'21', u'SEMESTER 1', u'I1', u'INDUMISO CAMPUS FULL-TIME', u'A', u'40003871:MAZOMBA', 57.0]
check 'STAL311_SEM1_2018' 'STAL311'
processXLS: only for SEM2 [u'STAL311_SEM1_2018', u'STAL311_SEM1_2017', u'STAL311', u'STRUCTURAL ANALYSIS III (MODULE 1)', u'NDCVE1', u'ND: ENGINEERING: CIVIL', u'21', u'SEMESTER 1', u'I1', u'INDUMISO CAMPUS FULL-TIME', u'A', u'40003871:MAZOMBA', 57.0]
[u'', u'', u'', u'', u'', u'', u'', u'', u'', u'', u'', u'', u'']
check '' ''
[u'STAL311_SEM2_2018', u'STAL311_SEM2_2017', u'STAL311', u'STRUCTURAL ANALYSIS III (MODULE 1)', u'NDCVE1', u'ND: ENGINEERING: CIVIL', u'22', u'SEMESTER 2', u'I1', u'INDUMISO CAMPUS FULL-TIME', u'A', u'40003871:MAZOMBA', 73.0]
check 'STAL311_SEM2_2018' 'STAL311'
adding  STAL311
requesting:  http://10.0.100.98:8000/bbinfo/matching_courses/STAL311%25
r= <Response [200]>
matching classes= set([u'STAL311_13_MAZS', u'STAL311_ALL_2016', u'STAL311_SEM2_2018', u'STAL311_SEM1_2018', u'STAL311_SEM1_2017', u'STAL311_SEM2_2017'])
[u'', u'', u'', u'', u'', u'', u'', u'', u'', u'', u'', u'', u'']
check '' ''
[u'STAL321_SEM1_2018', u'STAL321_SEM1_2017', u'STAL321', u'STRUCTURAL ANALYSIS III (MODULE 2)', u'NDCVE1', u'ND: ENGINEERING: CIVIL', u'21', u'SEMESTER 1', u'I1', u'INDUMISO CAMPUS FULL-TIME', u'A', u'40003871:MAZOMBA', 46.0]
check 'STAL321_SEM1_2018' 'STAL321'
processXLS: only for SEM2 [u'STAL321_SEM1_2018', u'STAL321_SEM1_2017', u'STAL321', u'STRUCTURAL ANALYSIS III (MODULE 2)', u'NDCVE1', u'ND: ENGINEERING: CIVIL', u'21', u'SEMESTER 1', u'I1', u'INDUMISO CAMPUS FULL-TIME', u'A', u'40003871:MAZOMBA', 46.0]
[u'', u'', u'', u'', u'', u'', u'', u'', u'', u'', u'', u'', u'']
check '' ''
[u'STAL321_SEM2_2018', u'STAL321_SEM2_2017', u'STAL321', u'STRUCTURAL ANALYSIS III (MODULE 2)', u'NDCVE1', u'ND: ENGINEERING: CIVIL', u'22', u'SEMESTER 2', u'I1', u'INDUMISO CAMPUS FULL-TIME', u'A', u'40003871:MAZOMBA', 72.0]
check 'STAL321_SEM2_2018' 'STAL321'
adding  STAL321
requesting:  http://10.0.100.98:8000/bbinfo/matching_courses/STAL321%25
r= <Response [200]>
matching classes= set([u'STAL321_SEM2_2017', u'STAL321_SEM1_2017', u'STAL321_SEM1_2018', u'STAL321_SEM2_2018', u'STAL321_13_MAZS', u'STAL321_ALL_2016'])
[u'', u'', u'', u'', u'', u'', u'', u'', u'', u'', u'', u'', u'']
check '' ''
[u'TRNE311_SEM1_2018', u'TRNE311_SEM1_2017', u'TRNE311', u'TRANSPORTATION ENGINEERING III (MODULE 1 THEO', u'NDCVE1', u'ND: ENGINEERING: CIVIL', u'21', u'SEMESTER 1', u'I1', u'INDUMISO CAMPUS FULL-TIME', u'A', u'40010902:DUMAKUDE', 71.0]
check 'TRNE311_SEM1_2018' 'TRNE311'
processXLS: only for SEM2 [u'TRNE311_SEM1_2018', u'TRNE311_SEM1_2017', u'TRNE311', u'TRANSPORTATION ENGINEERING III (MODULE 1 THEO', u'NDCVE1', u'ND: ENGINEERING: CIVIL', u'21', u'SEMESTER 1', u'I1', u'INDUMISO CAMPUS FULL-TIME', u'A', u'40010902:DUMAKUDE', 71.0]
[u'', u'', u'', u'', u'', u'', u'', u'', u'', u'', u'', u'', u'']
check '' ''
[u'TRNE311_SEM2_2018', u'TRNE311_SEM2_2017', u'TRNE311', u'TRANSPORTATION ENGINEERING III (MODULE 1 THEO', u'NDCVE1', u'ND: ENGINEERING: CIVIL', u'22', u'SEMESTER 2', u'I1', u'INDUMISO CAMPUS FULL-TIME', u'A', u'40010902:DUMAKUDE', 69.0]
check 'TRNE311_SEM2_2018' 'TRNE311'
adding  TRNE311
requesting:  http://10.0.100.98:8000/bbinfo/matching_courses/TRNE311%25
r= <Response [200]>
matching classes= set([u'TRNE311_SEM2_2017', u'TRNE311_SEM1_2017', u'TRNE311_SEM1_2018', u'TRNE311_SEM2_2018', u'TRNE311_13_BLUJ', u'TRNE311_ALL_2016'])
[u'', u'', u'', u'', u'', u'', u'', u'', u'', u'', u'', u'', u'']
check '' ''
[u'TRNE321_SEM1_2018', u'TRNE321_SEM1_2017', u'TRNE321', u'TRANSPORTATION ENGINEERING III (MODULE 2 CALC', u'NDCVE1', u'ND: ENGINEERING: CIVIL', u'21', u'SEMESTER 1', u'I1', u'INDUMISO CAMPUS FULL-TIME', u'A', u'40010902:DUMAKUDE', 63.0]
check 'TRNE321_SEM1_2018' 'TRNE321'
processXLS: only for SEM2 [u'TRNE321_SEM1_2018', u'TRNE321_SEM1_2017', u'TRNE321', u'TRANSPORTATION ENGINEERING III (MODULE 2 CALC', u'NDCVE1', u'ND: ENGINEERING: CIVIL', u'21', u'SEMESTER 1', u'I1', u'INDUMISO CAMPUS FULL-TIME', u'A', u'40010902:DUMAKUDE', 63.0]
[u'', u'', u'', u'', u'', u'', u'', u'', u'', u'', u'', u'', u'']
check '' ''
[u'TRNE321_SEM2_2018', u'TRNE321_SEM2_2017', u'TRNE321', u'TRANSPORTATION ENGINEERING III (MODULE 2 CALC', u'NDCVE1', u'ND: ENGINEERING: CIVIL', u'22', u'SEMESTER 2', u'I1', u'INDUMISO CAMPUS FULL-TIME', u'A', u'40010902:DUMAKUDE', 66.0]
check 'TRNE321_SEM2_2018' 'TRNE321'
adding  TRNE321
requesting:  http://10.0.100.98:8000/bbinfo/matching_courses/TRNE321%25
r= <Response [200]>
matching classes= set([u'TRNE321_ALL_2016', u'TRNE321_13_BLUJ', u'TRNE321_SEM2_2018', u'TRNE321_SEM1_2018', u'TRNE321_SEM1_2017', u'TRNE321_SEM2_2017'])
[u'', u'', u'', u'', u'', u'', u'', u'', u'', u'', u'', u'', u'']
check '' ''
[u'TRNE331_SEM1_2018', u'TRNE331_SEM1_2017', u'TRNE331', u'TRANSPORTATION ENGINEERING III (MODULE 3)', u'NDCVE1', u'ND: ENGINEERING: CIVIL', u'21', u'SEMESTER 1', u'I1', u'INDUMISO CAMPUS FULL-TIME', u'A', u'40010902:DUMAKUDE', 49.0]
check 'TRNE331_SEM1_2018' 'TRNE331'
processXLS: only for SEM2 [u'TRNE331_SEM1_2018', u'TRNE331_SEM1_2017', u'TRNE331', u'TRANSPORTATION ENGINEERING III (MODULE 3)', u'NDCVE1', u'ND: ENGINEERING: CIVIL', u'21', u'SEMESTER 1', u'I1', u'INDUMISO CAMPUS FULL-TIME', u'A', u'40010902:DUMAKUDE', 49.0]
[u'', u'', u'', u'', u'', u'', u'', u'', u'', u'', u'', u'', u'']
check '' ''
[u'TRNE331_SEM2_2018', u'TRNE331_SEM2_2017', u'TRNE331', u'TRANSPORTATION ENGINEERING III (MODULE 3)', u'NDCVE1', u'ND: ENGINEERING: CIVIL', u'22', u'SEMESTER 2', u'I1', u'INDUMISO CAMPUS FULL-TIME', u'A', u'40010902:DUMAKUDE', 70.0]
check 'TRNE331_SEM2_2018' 'TRNE331'
adding  TRNE331
requesting:  http://10.0.100.98:8000/bbinfo/matching_courses/TRNE331%25
r= <Response [200]>
matching classes= set([u'TRNE331_SEM1_2017', u'TRNE331_SEM2_2017', u'TRNE331_SEM2_2018', u'TRNE331_SEM1_2018', u'TRNE331_ALL_2016', u'TRNE331_13_BLUJ'])
[u'', u'', u'', u'', u'', u'', u'', u'', u'', u'', u'', u'', u'']
check '' ''
[u'WTRE311_SEM1_2018', u'WTRE311_SEM1_2017', u'WTRE311', u'WATER ENGINEERING III (MODULE 1 HYDROLOGY)', u'NDCVE1', u'ND: ENGINEERING: CIVIL', u'21', u'SEMESTER 1', u'I1', u'INDUMISO CAMPUS FULL-TIME', u'A', u'50001150:MCKUNE', 72.0]
check 'WTRE311_SEM1_2018' 'WTRE311'
processXLS: only for SEM2 [u'WTRE311_SEM1_2018', u'WTRE311_SEM1_2017', u'WTRE311', u'WATER ENGINEERING III (MODULE 1 HYDROLOGY)', u'NDCVE1', u'ND: ENGINEERING: CIVIL', u'21', u'SEMESTER 1', u'I1', u'INDUMISO CAMPUS FULL-TIME', u'A', u'50001150:MCKUNE', 72.0]
[u'', u'', u'', u'', u'', u'', u'', u'', u'', u'', u'', u'', u'']
check '' ''
[u'WTRE311_SEM2_2018', u'WTRE311_SEM2_2017', u'WTRE311', u'WATER ENGINEERING III (MODULE 1 HYDROLOGY)', u'NDCVE1', u'ND: ENGINEERING: CIVIL', u'22', u'SEMESTER 2', u'I1', u'INDUMISO CAMPUS FULL-TIME', u'A', u'50001150:MCKUNE', 67.0]
check 'WTRE311_SEM2_2018' 'WTRE311'
adding  WTRE311
requesting:  http://10.0.100.98:8000/bbinfo/matching_courses/WTRE311%25
r= <Response [200]>
matching classes= set([u'WTRE311_SEM1_2017', u'WTRE311_SEM2_2017', u'WTRE311_SEM2_2018', u'WTRE311_SEM1_2018', u'WTRE311_13_MHLN', u'WTRE311_ALL_2016'])
[u'', u'', u'', u'', u'', u'', u'', u'', u'', u'', u'', u'', u'']
check '' ''
[u'WTRE321_SEM1_2018', u'WTRE321_SEM1_2017', u'WTRE321', u'WATER ENGINEERING III (MODULE 2 HYDRAULICS)', u'NDCVE1', u'ND: ENGINEERING: CIVIL', u'21', u'SEMESTER 1', u'I1', u'INDUMISO CAMPUS FULL-TIME', u'A', u'40009692:HAY', 74.0]
check 'WTRE321_SEM1_2018' 'WTRE321'
processXLS: only for SEM2 [u'WTRE321_SEM1_2018', u'WTRE321_SEM1_2017', u'WTRE321', u'WATER ENGINEERING III (MODULE 2 HYDRAULICS)', u'NDCVE1', u'ND: ENGINEERING: CIVIL', u'21', u'SEMESTER 1', u'I1', u'INDUMISO CAMPUS FULL-TIME', u'A', u'40009692:HAY', 74.0]
[u'', u'', u'', u'', u'', u'', u'', u'', u'', u'', u'', u'', u'']
check '' ''
[u'WTRE321_SEM2_2018', u'WTRE321_SEM2_2017', u'WTRE321', u'WATER ENGINEERING III (MODULE 2 HYDRAULICS)', u'NDCVE1', u'ND: ENGINEERING: CIVIL', u'22', u'SEMESTER 2', u'I1', u'INDUMISO CAMPUS FULL-TIME', u'A', u'40009692:HAY', 64.0]
check 'WTRE321_SEM2_2018' 'WTRE321'
adding  WTRE321
requesting:  http://10.0.100.98:8000/bbinfo/matching_courses/WTRE321%25
r= <Response [200]>
matching classes= set([u'WTRE321_13_HAYS', u'WTRE321_SEM1_2018', u'WTRE321_SEM2_2018', u'WTRE321_SEM2_2017', u'WTRE321_SEM1_2017', u'WTRE321_ALL_2016'])
[u'', u'', u'', u'', u'', u'', u'', u'', u'', u'', u'', u'', u'']
check '' ''
[u'WTRE331_SEM1_2018', u'WTRE331_SEM1_2017', u'WTRE331', u'WATER ENGINEERING III (MODULE 3)', u'NDCVE1', u'ND: ENGINEERING: CIVIL', u'21', u'SEMESTER 1', u'I1', u'INDUMISO CAMPUS FULL-TIME', u'A', u'40009692:HAY', 50.0]
check 'WTRE331_SEM1_2018' 'WTRE331'
processXLS: only for SEM2 [u'WTRE331_SEM1_2018', u'WTRE331_SEM1_2017', u'WTRE331', u'WATER ENGINEERING III (MODULE 3)', u'NDCVE1', u'ND: ENGINEERING: CIVIL', u'21', u'SEMESTER 1', u'I1', u'INDUMISO CAMPUS FULL-TIME', u'A', u'40009692:HAY', 50.0]
[u'', u'', u'', u'', u'', u'', u'', u'', u'', u'', u'', u'', u'']
check '' ''
[u'WTRE331_SEM2_2018', u'WTRE331_SEM2_2017', u'WTRE331', u'WATER ENGINEERING III (MODULE 3)', u'NDCVE1', u'ND: ENGINEERING: CIVIL', u'22', u'SEMESTER 2', u'I1', u'INDUMISO CAMPUS FULL-TIME', u'A', u'40009692:HAY', 59.0]
check 'WTRE331_SEM2_2018' 'WTRE331'
adding  WTRE331
requesting:  http://10.0.100.98:8000/bbinfo/matching_courses/WTRE331%25
r= <Response [200]>
matching classes= set([u'WTRE331_ALL_2016', u'WTRE331_SEM2_2018', u'WTRE331_SEM1_2017', u'WTRE331_13_HAYS', u'WTRE331_SEM1_2018', u'WTRE331_SEM2_2017'])
[u'', u'', u'', u'', u'', u'', u'', u'', u'', u'', u'', u'', u'']
check '' ''
[u'CSTM411_SEM2_2018', u'CSTM411_SEM2_2017', u'CSTM411', u'CONSTRUCTION MATERIALS TECHNOLOGY IV (MOD 1)', u'BTCEC1', u'BT: ENGINEERING: CIVIL (CONSTRUCT MAN)', u'22', u'SEMESTER 2', u'I3', u'INDUMISO CAMPUS PART-TIME', u'A', u'50009338:PIENAAR SFE;50009338:PIENAAR SFE;50009338:PIENAAR SFE;50009338:PIENAAR SFE', 17.0]
check 'CSTM411_SEM2_2018' 'CSTM411'
adding  CSTM411
requesting:  http://10.0.100.98:8000/bbinfo/matching_courses/CSTM411%25
r= <Response [200]>
matching classes= set([u'CSTM411_SEM2_2017', u'CSTM411_13_PIES', u'CSTM411_SEM2_2018'])
[u'CSTM411_SEM2_2018', u'CSTM411_SEM2_2017', u'CSTM411', u'CONSTRUCTION MATERIALS TECHNOLOGY IV (MOD 1)', u'BTCET1', u'BT: ENGINEERING: CIVIL (TRANSPORTATION)', u'22', u'SEMESTER 2', u'I3', u'INDUMISO CAMPUS PART-TIME', u'A', u'50009338:PIENAAR SFE;50009338:PIENAAR SFE;50009338:PIENAAR SFE;50009338:PIENAAR SFE', 36.0]
check 'CSTM411_SEM2_2018' 'CSTM411'
adding  CSTM411
requesting:  http://10.0.100.98:8000/bbinfo/matching_courses/CSTM411%25
r= <Response [200]>
matching classes= set([u'CSTM411_SEM2_2017', u'CSTM411_13_PIES', u'CSTM411_SEM2_2018'])
[u'CSTM411_SEM2_2018', u'CSTM411_SEM2_2017', u'CSTM411', u'CONSTRUCTION MATERIALS TECHNOLOGY IV (MOD 1)', u'BTCEU1', u'BT: ENGINEERING: CIVIL (URBAN ENG)', u'22', u'SEMESTER 2', u'I3', u'INDUMISO CAMPUS PART-TIME', u'A', u'50009338:PIENAAR SFE;50009338:PIENAAR SFE;50009338:PIENAAR SFE;50009338:PIENAAR SFE', 39.0]
check 'CSTM411_SEM2_2018' 'CSTM411'
adding  CSTM411
requesting:  http://10.0.100.98:8000/bbinfo/matching_courses/CSTM411%25
r= <Response [200]>
matching classes= set([u'CSTM411_SEM2_2017', u'CSTM411_13_PIES', u'CSTM411_SEM2_2018'])
[u'CSTM411_SEM2_2018', u'CSTM411_SEM2_2017', u'CSTM411', u'CONSTRUCTION MATERIALS TECHNOLOGY IV (MOD 1)', u'BTCEW1', u'BT: ENGINEERING: CIVIL (WATER ENG)', u'22', u'SEMESTER 2', u'I3', u'INDUMISO CAMPUS PART-TIME', u'A', u'50009338:PIENAAR SFE;50009338:PIENAAR SFE;50009338:PIENAAR SFE;50009338:PIENAAR SFE', 11.0]
check 'CSTM411_SEM2_2018' 'CSTM411'
adding  CSTM411
requesting:  http://10.0.100.98:8000/bbinfo/matching_courses/CSTM411%25
r= <Response [200]>
matching classes= set([u'CSTM411_SEM2_2017', u'CSTM411_13_PIES', u'CSTM411_SEM2_2018'])
[u'', u'', u'', u'', u'', u'', u'', u'', u'', u'', u'', u'', u'']
check '' ''
[u'CSTM421_SEM2_2018', u'CSTM421_SEM2_2017', u'CSTM421', u'CONSTRUCTION MATERIALS TECHNOLOGY IV (MOD 2)', u'BTCEC1', u'BT: ENGINEERING: CIVIL (CONSTRUCT MAN)', u'22', u'SEMESTER 2', u'I3', u'INDUMISO CAMPUS PART-TIME', u'A', u'50009338:PIENAAR', 17.0]
check 'CSTM421_SEM2_2018' 'CSTM421'
adding  CSTM421
requesting:  http://10.0.100.98:8000/bbinfo/matching_courses/CSTM421%25
r= <Response [200]>
matching classes= set([u'CSTM421_SEM2_2017', u'CSTM421_13_PIES', u'CSTM421_SEM2_2018', u'CSTM421_SEM1_2016'])
[u'CSTM421_SEM2_2018', u'CSTM421_SEM2_2017', u'CSTM421', u'CONSTRUCTION MATERIALS TECHNOLOGY IV (MOD 2)', u'BTCET1', u'BT: ENGINEERING: CIVIL (TRANSPORTATION)', u'22', u'SEMESTER 2', u'I3', u'INDUMISO CAMPUS PART-TIME', u'A', u'50009338:PIENAAR', 38.0]
check 'CSTM421_SEM2_2018' 'CSTM421'
adding  CSTM421
requesting:  http://10.0.100.98:8000/bbinfo/matching_courses/CSTM421%25
r= <Response [200]>
matching classes= set([u'CSTM421_SEM2_2017', u'CSTM421_13_PIES', u'CSTM421_SEM2_2018', u'CSTM421_SEM1_2016'])
[u'CSTM421_SEM2_2018', u'CSTM421_SEM2_2017', u'CSTM421', u'CONSTRUCTION MATERIALS TECHNOLOGY IV (MOD 2)', u'BTCEU1', u'BT: ENGINEERING: CIVIL (URBAN ENG)', u'22', u'SEMESTER 2', u'I3', u'INDUMISO CAMPUS PART-TIME', u'A', u'50009338:PIENAAR', 44.0]
check 'CSTM421_SEM2_2018' 'CSTM421'
adding  CSTM421
requesting:  http://10.0.100.98:8000/bbinfo/matching_courses/CSTM421%25
r= <Response [200]>
matching classes= set([u'CSTM421_SEM2_2017', u'CSTM421_13_PIES', u'CSTM421_SEM2_2018', u'CSTM421_SEM1_2016'])
[u'CSTM421_SEM2_2018', u'CSTM421_SEM2_2017', u'CSTM421', u'CONSTRUCTION MATERIALS TECHNOLOGY IV (MOD 2)', u'BTCEW1', u'BT: ENGINEERING: CIVIL (WATER ENG)', u'22', u'SEMESTER 2', u'I3', u'INDUMISO CAMPUS PART-TIME', u'A', u'50009338:PIENAAR', 11.0]
check 'CSTM421_SEM2_2018' 'CSTM421'
adding  CSTM421
requesting:  http://10.0.100.98:8000/bbinfo/matching_courses/CSTM421%25
r= <Response [200]>
matching classes= set([u'CSTM421_SEM2_2017', u'CSTM421_13_PIES', u'CSTM421_SEM2_2018', u'CSTM421_SEM1_2016'])
[u'', u'', u'', u'', u'', u'', u'', u'', u'', u'', u'', u'', u'']
check '' ''
[u'CTRM411_SEM2_2018', u'CTRM411_SEM2_2017', u'CTRM411', u'CONTRACT MANAGEMENT: CIVIL IV (MOD 1)', u'BTCEC1', u'BT: ENGINEERING: CIVIL (CONSTRUCT MAN)', u'22', u'SEMESTER 2', u'I3', u'INDUMISO CAMPUS PART-TIME', u'A', u'50012166:ROWE OA', 32.0]
check 'CTRM411_SEM2_2018' 'CTRM411'
adding  CTRM411
requesting:  http://10.0.100.98:8000/bbinfo/matching_courses/CTRM411%25
r= <Response [200]>
matching classes= set([u'CTRM411_SEM2_2017', u'CTRM411_SEM2_2018', u'CTRM411_13_ROWO'])
[u'CTRM411_SEM2_2018', u'CTRM411_SEM2_2017', u'CTRM411', u'CONTRACT MANAGEMENT: CIVIL IV (MOD 1)', u'BTCET1', u'BT: ENGINEERING: CIVIL (TRANSPORTATION)', u'22', u'SEMESTER 2', u'I3', u'INDUMISO CAMPUS PART-TIME', u'A', u'50012166:ROWE OA', 19.0]
check 'CTRM411_SEM2_2018' 'CTRM411'
adding  CTRM411
requesting:  http://10.0.100.98:8000/bbinfo/matching_courses/CTRM411%25
r= <Response [200]>
matching classes= set([u'CTRM411_SEM2_2017', u'CTRM411_SEM2_2018', u'CTRM411_13_ROWO'])
[u'CTRM411_SEM2_2018', u'CTRM411_SEM2_2017', u'CTRM411', u'CONTRACT MANAGEMENT: CIVIL IV (MOD 1)', u'BTCEU1', u'BT: ENGINEERING: CIVIL (URBAN ENG)', u'22', u'SEMESTER 2', u'I3', u'INDUMISO CAMPUS PART-TIME', u'A', u'50012166:ROWE OA', 3.0]
check 'CTRM411_SEM2_2018' 'CTRM411'
adding  CTRM411
requesting:  http://10.0.100.98:8000/bbinfo/matching_courses/CTRM411%25
r= <Response [200]>
matching classes= set([u'CTRM411_SEM2_2017', u'CTRM411_SEM2_2018', u'CTRM411_13_ROWO'])
[u'CTRM411_SEM2_2018', u'CTRM411_SEM2_2017', u'CTRM411', u'CONTRACT MANAGEMENT: CIVIL IV (MOD 1)', u'BTCEW1', u'BT: ENGINEERING: CIVIL (WATER ENG)', u'22', u'SEMESTER 2', u'I3', u'INDUMISO CAMPUS PART-TIME', u'A', u'50012166:ROWE OA', 5.0]
check 'CTRM411_SEM2_2018' 'CTRM411'
adding  CTRM411
requesting:  http://10.0.100.98:8000/bbinfo/matching_courses/CTRM411%25
r= <Response [200]>
matching classes= set([u'CTRM411_SEM2_2017', u'CTRM411_SEM2_2018', u'CTRM411_13_ROWO'])
[u'', u'', u'', u'', u'', u'', u'', u'', u'', u'', u'', u'', u'']
check '' ''
[u'CTRM421_SEM2_2018', u'CTRM421_SEM2_2017', u'CTRM421', u'CONTRACT MANAGEMENT: CIVIL IV (MOD 2)', u'BTCEC1', u'BT: ENGINEERING: CIVIL (CONSTRUCT MAN)', u'22', u'SEMESTER 2', u'I3', u'INDUMISO CAMPUS PART-TIME', u'A', u'50012166:ROWE', 29.0]
check 'CTRM421_SEM2_2018' 'CTRM421'
adding  CTRM421
requesting:  http://10.0.100.98:8000/bbinfo/matching_courses/CTRM421%25
r= <Response [200]>
matching classes= set([u'CTRM421_SEM2_2017', u'CTRM421_13_ROWO', u'CTRM421_SEM2_2018', u'CTRM421_SEM1_2016'])
[u'CTRM421_SEM2_2018', u'CTRM421_SEM2_2017', u'CTRM421', u'CONTRACT MANAGEMENT: CIVIL IV (MOD 2)', u'BTCET1', u'BT: ENGINEERING: CIVIL (TRANSPORTATION)', u'22', u'SEMESTER 2', u'I3', u'INDUMISO CAMPUS PART-TIME', u'A', u'50012166:ROWE', 18.0]
check 'CTRM421_SEM2_2018' 'CTRM421'
adding  CTRM421
requesting:  http://10.0.100.98:8000/bbinfo/matching_courses/CTRM421%25
r= <Response [200]>
matching classes= set([u'CTRM421_SEM2_2017', u'CTRM421_13_ROWO', u'CTRM421_SEM2_2018', u'CTRM421_SEM1_2016'])
[u'CTRM421_SEM2_2018', u'CTRM421_SEM2_2017', u'CTRM421', u'CONTRACT MANAGEMENT: CIVIL IV (MOD 2)', u'BTCEU1', u'BT: ENGINEERING: CIVIL (URBAN ENG)', u'22', u'SEMESTER 2', u'I3', u'INDUMISO CAMPUS PART-TIME', u'A', u'50012166:ROWE', 3.0]
check 'CTRM421_SEM2_2018' 'CTRM421'
adding  CTRM421
requesting:  http://10.0.100.98:8000/bbinfo/matching_courses/CTRM421%25
r= <Response [200]>
matching classes= set([u'CTRM421_SEM2_2017', u'CTRM421_13_ROWO', u'CTRM421_SEM2_2018', u'CTRM421_SEM1_2016'])
[u'CTRM421_SEM2_2018', u'CTRM421_SEM2_2017', u'CTRM421', u'CONTRACT MANAGEMENT: CIVIL IV (MOD 2)', u'BTCEW1', u'BT: ENGINEERING: CIVIL (WATER ENG)', u'22', u'SEMESTER 2', u'I3', u'INDUMISO CAMPUS PART-TIME', u'A', u'50012166:ROWE', 5.0]
check 'CTRM421_SEM2_2018' 'CTRM421'
adding  CTRM421
requesting:  http://10.0.100.98:8000/bbinfo/matching_courses/CTRM421%25
r= <Response [200]>
matching classes= set([u'CTRM421_SEM2_2017', u'CTRM421_13_ROWO', u'CTRM421_SEM2_2018', u'CTRM421_SEM1_2016'])
[u'', u'', u'', u'', u'', u'', u'', u'', u'', u'', u'', u'', u'']
check '' ''
[u'HDLY411_SEM1_2018', u'HDLY411_SEM1_2017', u'HDLY411', u'HYDROLOGY IV (MOD 1)', u'BTCET1', u'BT: ENGINEERING: CIVIL (TRANSPORTATION)', u'21', u'SEMESTER 1', u'I3', u'INDUMISO CAMPUS PART-TIME', u'A', u'40009692:HAY S', 2.0]
check 'HDLY411_SEM1_2018' 'HDLY411'
processXLS: only for SEM2 [u'HDLY411_SEM1_2018', u'HDLY411_SEM1_2017', u'HDLY411', u'HYDROLOGY IV (MOD 1)', u'BTCET1', u'BT: ENGINEERING: CIVIL (TRANSPORTATION)', u'21', u'SEMESTER 1', u'I3', u'INDUMISO CAMPUS PART-TIME', u'A', u'40009692:HAY S', 2.0]
[u'HDLY411_SEM1_2018', u'HDLY411_SEM1_2017', u'HDLY411', u'HYDROLOGY IV (MOD 1)', u'BTCEU1', u'BT: ENGINEERING: CIVIL (URBAN ENG)', u'21', u'SEMESTER 1', u'I3', u'INDUMISO CAMPUS PART-TIME', u'A', u'40009692:HAY S', 19.0]
check 'HDLY411_SEM1_2018' 'HDLY411'
processXLS: only for SEM2 [u'HDLY411_SEM1_2018', u'HDLY411_SEM1_2017', u'HDLY411', u'HYDROLOGY IV (MOD 1)', u'BTCEU1', u'BT: ENGINEERING: CIVIL (URBAN ENG)', u'21', u'SEMESTER 1', u'I3', u'INDUMISO CAMPUS PART-TIME', u'A', u'40009692:HAY S', 19.0]
[u'HDLY411_SEM1_2018', u'HDLY411_SEM1_2017', u'HDLY411', u'HYDROLOGY IV (MOD 1)', u'BTCEW1', u'BT: ENGINEERING: CIVIL (WATER ENG)', u'21', u'SEMESTER 1', u'I3', u'INDUMISO CAMPUS PART-TIME', u'A', u'40009692:HAY S', 29.0]
check 'HDLY411_SEM1_2018' 'HDLY411'
processXLS: only for SEM2 [u'HDLY411_SEM1_2018', u'HDLY411_SEM1_2017', u'HDLY411', u'HYDROLOGY IV (MOD 1)', u'BTCEW1', u'BT: ENGINEERING: CIVIL (WATER ENG)', u'21', u'SEMESTER 1', u'I3', u'INDUMISO CAMPUS PART-TIME', u'A', u'40009692:HAY S', 29.0]
[u'', u'', u'', u'', u'', u'', u'', u'', u'', u'', u'', u'', u'']
check '' ''
[u'HDLY411_SEM2_2018', u'HDLY411_SEM2_2017', u'HDLY411', u'HYDROLOGY IV (MOD 1)', u'BTCEW1', u'BT: ENGINEERING: CIVIL (WATER ENG)', u'22', u'SEMESTER 2', u'I3', u'INDUMISO CAMPUS PART-TIME', u'A', u'40009692:HAY S', 5.0]
check 'HDLY411_SEM2_2018' 'HDLY411'
adding  HDLY411
requesting:  http://10.0.100.98:8000/bbinfo/matching_courses/HDLY411%25
r= <Response [200]>
matching classes= set([u'HDLY411_SEM1_2018', u'HDLY411_SEM2_2017', u'HDLY411_SEM2_2018', u'HDLY411_13_HAYS', u'HDLY411_SEM1_2017'])
[u'', u'', u'', u'', u'', u'', u'', u'', u'', u'', u'', u'', u'']
check '' ''
[u'HDLY421_SEM1_2018', u'HDLY421_SEM1_2017', u'HDLY421', u'HYDROLOGY IV (MOD 2)', u'BTCET1', u'BT: ENGINEERING: CIVIL (TRANSPORTATION)', u'21', u'SEMESTER 1', u'I3', u'INDUMISO CAMPUS PART-TIME', u'A', u'40009692:HAY S', 2.0]
check 'HDLY421_SEM1_2018' 'HDLY421'
processXLS: only for SEM2 [u'HDLY421_SEM1_2018', u'HDLY421_SEM1_2017', u'HDLY421', u'HYDROLOGY IV (MOD 2)', u'BTCET1', u'BT: ENGINEERING: CIVIL (TRANSPORTATION)', u'21', u'SEMESTER 1', u'I3', u'INDUMISO CAMPUS PART-TIME', u'A', u'40009692:HAY S', 2.0]
[u'HDLY421_SEM1_2018', u'HDLY421_SEM1_2017', u'HDLY421', u'HYDROLOGY IV (MOD 2)', u'BTCEU1', u'BT: ENGINEERING: CIVIL (URBAN ENG)', u'21', u'SEMESTER 1', u'I3', u'INDUMISO CAMPUS PART-TIME', u'A', u'40009692:HAY S', 18.0]
check 'HDLY421_SEM1_2018' 'HDLY421'
processXLS: only for SEM2 [u'HDLY421_SEM1_2018', u'HDLY421_SEM1_2017', u'HDLY421', u'HYDROLOGY IV (MOD 2)', u'BTCEU1', u'BT: ENGINEERING: CIVIL (URBAN ENG)', u'21', u'SEMESTER 1', u'I3', u'INDUMISO CAMPUS PART-TIME', u'A', u'40009692:HAY S', 18.0]
[u'HDLY421_SEM1_2018', u'HDLY421_SEM1_2017', u'HDLY421', u'HYDROLOGY IV (MOD 2)', u'BTCEW1', u'BT: ENGINEERING: CIVIL (WATER ENG)', u'21', u'SEMESTER 1', u'I3', u'INDUMISO CAMPUS PART-TIME', u'A', u'40009692:HAY S', 29.0]
check 'HDLY421_SEM1_2018' 'HDLY421'
processXLS: only for SEM2 [u'HDLY421_SEM1_2018', u'HDLY421_SEM1_2017', u'HDLY421', u'HYDROLOGY IV (MOD 2)', u'BTCEW1', u'BT: ENGINEERING: CIVIL (WATER ENG)', u'21', u'SEMESTER 1', u'I3', u'INDUMISO CAMPUS PART-TIME', u'A', u'40009692:HAY S', 29.0]
[u'', u'', u'', u'', u'', u'', u'', u'', u'', u'', u'', u'', u'']
check '' ''
[u'HDLY421_SEM2_2018', u'HDLY421_SEM2_2017', u'HDLY421', u'HYDROLOGY IV (MOD 2)', u'BTCEC1', u'BT: ENGINEERING: CIVIL (CONSTRUCT MAN)', u'22', u'SEMESTER 2', u'I3', u'INDUMISO CAMPUS PART-TIME', u'A', u'40009692:HAY S', 1.0]
check 'HDLY421_SEM2_2018' 'HDLY421'
adding  HDLY421
requesting:  http://10.0.100.98:8000/bbinfo/matching_courses/HDLY421%25
r= <Response [200]>
matching classes= set([u'HDLY421_13_HAYS', u'HDLY421_SEM1_2018', u'HDLY421_SEM2_2017', u'HDLY421_SEM2_2018', u'HDLY421_SEM1_2017'])
[u'HDLY421_SEM2_2018', u'HDLY421_SEM2_2017', u'HDLY421', u'HYDROLOGY IV (MOD 2)', u'BTCEU1', u'BT: ENGINEERING: CIVIL (URBAN ENG)', u'22', u'SEMESTER 2', u'I3', u'INDUMISO CAMPUS PART-TIME', u'A', u'40009692:HAY S', 2.0]
check 'HDLY421_SEM2_2018' 'HDLY421'
adding  HDLY421
requesting:  http://10.0.100.98:8000/bbinfo/matching_courses/HDLY421%25
r= <Response [200]>
matching classes= set([u'HDLY421_13_HAYS', u'HDLY421_SEM1_2018', u'HDLY421_SEM2_2017', u'HDLY421_SEM2_2018', u'HDLY421_SEM1_2017'])
[u'HDLY421_SEM2_2018', u'HDLY421_SEM2_2017', u'HDLY421', u'HYDROLOGY IV (MOD 2)', u'BTCEW1', u'BT: ENGINEERING: CIVIL (WATER ENG)', u'22', u'SEMESTER 2', u'I3', u'INDUMISO CAMPUS PART-TIME', u'A', u'40009692:HAY S', 9.0]
check 'HDLY421_SEM2_2018' 'HDLY421'
adding  HDLY421
requesting:  http://10.0.100.98:8000/bbinfo/matching_courses/HDLY421%25
r= <Response [200]>
matching classes= set([u'HDLY421_13_HAYS', u'HDLY421_SEM1_2018', u'HDLY421_SEM2_2017', u'HDLY421_SEM2_2018', u'HDLY421_SEM1_2017'])
[u'', u'', u'', u'', u'', u'', u'', u'', u'', u'', u'', u'', u'']
check '' ''
[u'PRCV421_SEM1_2018', u'PRCV421_SEM1_2017', u'PRCV421', u'PROJECT MANAGEMENT: CIVIL IV (MOD 2)', u'BTCEC1', u'BT: ENGINEERING: CIVIL (CONSTRUCT MAN)', u'21', u'SEMESTER 1', u'I3', u'INDUMISO CAMPUS PART-TIME', u'A', u'50012166:ROWE', 1.0]
check 'PRCV421_SEM1_2018' 'PRCV421'
processXLS: only for SEM2 [u'PRCV421_SEM1_2018', u'PRCV421_SEM1_2017', u'PRCV421', u'PROJECT MANAGEMENT: CIVIL IV (MOD 2)', u'BTCEC1', u'BT: ENGINEERING: CIVIL (CONSTRUCT MAN)', u'21', u'SEMESTER 1', u'I3', u'INDUMISO CAMPUS PART-TIME', u'A', u'50012166:ROWE', 1.0]
[u'PRCV421_SEM1_2018', u'PRCV421_SEM1_2017', u'PRCV421', u'PROJECT MANAGEMENT: CIVIL IV (MOD 2)', u'BTCEU1', u'BT: ENGINEERING: CIVIL (URBAN ENG)', u'21', u'SEMESTER 1', u'I3', u'INDUMISO CAMPUS PART-TIME', u'A', u'50012166:ROWE', 1.0]
check 'PRCV421_SEM1_2018' 'PRCV421'
processXLS: only for SEM2 [u'PRCV421_SEM1_2018', u'PRCV421_SEM1_2017', u'PRCV421', u'PROJECT MANAGEMENT: CIVIL IV (MOD 2)', u'BTCEU1', u'BT: ENGINEERING: CIVIL (URBAN ENG)', u'21', u'SEMESTER 1', u'I3', u'INDUMISO CAMPUS PART-TIME', u'A', u'50012166:ROWE', 1.0]
[u'', u'', u'', u'', u'', u'', u'', u'', u'', u'', u'', u'', u'']
check '' ''
[u'PVMT411_SEM1_2018', u'PVMT411_SEM1_2017', u'PVMT411', u'PAVEMENT TECHNOLOGY IV (MOD 1)', u'BTCEC1', u'BT: ENGINEERING: CIVIL (CONSTRUCT MAN)', u'21', u'SEMESTER 1', u'I3', u'INDUMISO CAMPUS PART-TIME', u'A', u'50001150:MCKUNE TW', 19.0]
check 'PVMT411_SEM1_2018' 'PVMT411'
processXLS: only for SEM2 [u'PVMT411_SEM1_2018', u'PVMT411_SEM1_2017', u'PVMT411', u'PAVEMENT TECHNOLOGY IV (MOD 1)', u'BTCEC1', u'BT: ENGINEERING: CIVIL (CONSTRUCT MAN)', u'21', u'SEMESTER 1', u'I3', u'INDUMISO CAMPUS PART-TIME', u'A', u'50001150:MCKUNE TW', 19.0]
[u'PVMT411_SEM1_2018', u'PVMT411_SEM1_2017', u'PVMT411', u'PAVEMENT TECHNOLOGY IV (MOD 1)', u'BTCET1', u'BT: ENGINEERING: CIVIL (TRANSPORTATION)', u'21', u'SEMESTER 1', u'I3', u'INDUMISO CAMPUS PART-TIME', u'A', u'50001150:MCKUNE TW', 37.0]
check 'PVMT411_SEM1_2018' 'PVMT411'
processXLS: only for SEM2 [u'PVMT411_SEM1_2018', u'PVMT411_SEM1_2017', u'PVMT411', u'PAVEMENT TECHNOLOGY IV (MOD 1)', u'BTCET1', u'BT: ENGINEERING: CIVIL (TRANSPORTATION)', u'21', u'SEMESTER 1', u'I3', u'INDUMISO CAMPUS PART-TIME', u'A', u'50001150:MCKUNE TW', 37.0]
[u'PVMT411_SEM1_2018', u'PVMT411_SEM1_2017', u'PVMT411', u'PAVEMENT TECHNOLOGY IV (MOD 1)', u'BTCEU1', u'BT: ENGINEERING: CIVIL (URBAN ENG)', u'21', u'SEMESTER 1', u'I3', u'INDUMISO CAMPUS PART-TIME', u'A', u'50001150:MCKUNE TW', 27.0]
check 'PVMT411_SEM1_2018' 'PVMT411'
processXLS: only for SEM2 [u'PVMT411_SEM1_2018', u'PVMT411_SEM1_2017', u'PVMT411', u'PAVEMENT TECHNOLOGY IV (MOD 1)', u'BTCEU1', u'BT: ENGINEERING: CIVIL (URBAN ENG)', u'21', u'SEMESTER 1', u'I3', u'INDUMISO CAMPUS PART-TIME', u'A', u'50001150:MCKUNE TW', 27.0]
[u'PVMT411_SEM1_2018', u'PVMT411_SEM1_2017', u'PVMT411', u'PAVEMENT TECHNOLOGY IV (MOD 1)', u'BTCEW1', u'BT: ENGINEERING: CIVIL (WATER ENG)', u'21', u'SEMESTER 1', u'I3', u'INDUMISO CAMPUS PART-TIME', u'A', u'50001150:MCKUNE TW', 29.0]
check 'PVMT411_SEM1_2018' 'PVMT411'
processXLS: only for SEM2 [u'PVMT411_SEM1_2018', u'PVMT411_SEM1_2017', u'PVMT411', u'PAVEMENT TECHNOLOGY IV (MOD 1)', u'BTCEW1', u'BT: ENGINEERING: CIVIL (WATER ENG)', u'21', u'SEMESTER 1', u'I3', u'INDUMISO CAMPUS PART-TIME', u'A', u'50001150:MCKUNE TW', 29.0]
[u'', u'', u'', u'', u'', u'', u'', u'', u'', u'', u'', u'', u'']
check '' ''
[u'PVMT421_SEM1_2018', u'PVMT421_SEM1_2017', u'PVMT421', u'PAVEMENT TECHNOLOGY IV (MOD 2)', u'BTCEC1', u'BT: ENGINEERING: CIVIL (CONSTRUCT MAN)', u'21', u'SEMESTER 1', u'I3', u'INDUMISO CAMPUS PART-TIME', u'A', u'50001150:MCKUNE TW', 17.0]
check 'PVMT421_SEM1_2018' 'PVMT421'
processXLS: only for SEM2 [u'PVMT421_SEM1_2018', u'PVMT421_SEM1_2017', u'PVMT421', u'PAVEMENT TECHNOLOGY IV (MOD 2)', u'BTCEC1', u'BT: ENGINEERING: CIVIL (CONSTRUCT MAN)', u'21', u'SEMESTER 1', u'I3', u'INDUMISO CAMPUS PART-TIME', u'A', u'50001150:MCKUNE TW', 17.0]
[u'PVMT421_SEM1_2018', u'PVMT421_SEM1_2017', u'PVMT421', u'PAVEMENT TECHNOLOGY IV (MOD 2)', u'BTCET1', u'BT: ENGINEERING: CIVIL (TRANSPORTATION)', u'21', u'SEMESTER 1', u'I3', u'INDUMISO CAMPUS PART-TIME', u'A', u'50001150:MCKUNE TW', 35.0]
check 'PVMT421_SEM1_2018' 'PVMT421'
processXLS: only for SEM2 [u'PVMT421_SEM1_2018', u'PVMT421_SEM1_2017', u'PVMT421', u'PAVEMENT TECHNOLOGY IV (MOD 2)', u'BTCET1', u'BT: ENGINEERING: CIVIL (TRANSPORTATION)', u'21', u'SEMESTER 1', u'I3', u'INDUMISO CAMPUS PART-TIME', u'A', u'50001150:MCKUNE TW', 35.0]
[u'PVMT421_SEM1_2018', u'PVMT421_SEM1_2017', u'PVMT421', u'PAVEMENT TECHNOLOGY IV (MOD 2)', u'BTCEU1', u'BT: ENGINEERING: CIVIL (URBAN ENG)', u'21', u'SEMESTER 1', u'I3', u'INDUMISO CAMPUS PART-TIME', u'A', u'50001150:MCKUNE TW', 25.0]
check 'PVMT421_SEM1_2018' 'PVMT421'
processXLS: only for SEM2 [u'PVMT421_SEM1_2018', u'PVMT421_SEM1_2017', u'PVMT421', u'PAVEMENT TECHNOLOGY IV (MOD 2)', u'BTCEU1', u'BT: ENGINEERING: CIVIL (URBAN ENG)', u'21', u'SEMESTER 1', u'I3', u'INDUMISO CAMPUS PART-TIME', u'A', u'50001150:MCKUNE TW', 25.0]
[u'PVMT421_SEM1_2018', u'PVMT421_SEM1_2017', u'PVMT421', u'PAVEMENT TECHNOLOGY IV (MOD 2)', u'BTCEW1', u'BT: ENGINEERING: CIVIL (WATER ENG)', u'21', u'SEMESTER 1', u'I3', u'INDUMISO CAMPUS PART-TIME', u'A', u'50001150:MCKUNE TW', 29.0]
check 'PVMT421_SEM1_2018' 'PVMT421'
processXLS: only for SEM2 [u'PVMT421_SEM1_2018', u'PVMT421_SEM1_2017', u'PVMT421', u'PAVEMENT TECHNOLOGY IV (MOD 2)', u'BTCEW1', u'BT: ENGINEERING: CIVIL (WATER ENG)', u'21', u'SEMESTER 1', u'I3', u'INDUMISO CAMPUS PART-TIME', u'A', u'50001150:MCKUNE TW', 29.0]
[u'', u'', u'', u'', u'', u'', u'', u'', u'', u'', u'', u'', u'']
check '' ''
[u'PVMT421_SEM2_2018', u'PVMT421_SEM2_2017', u'PVMT421', u'PAVEMENT TECHNOLOGY IV (MOD 2)', u'BTCEC1', u'BT: ENGINEERING: CIVIL (CONSTRUCT MAN)', u'22', u'SEMESTER 2', u'I3', u'INDUMISO CAMPUS PART-TIME', u'A', u'50001150:MCKUNE TW', 1.0]
check 'PVMT421_SEM2_2018' 'PVMT421'
adding  PVMT421
requesting:  http://10.0.100.98:8000/bbinfo/matching_courses/PVMT421%25
r= <Response [200]>
matching classes= set([u'PVMT421_13_MCKT', u'PVMT421_SEM1_2018', u'PVMT421_SEM2_2017', u'PVMT421_SEM2_2018', u'PVMT421_SEM1_2017'])
[u'PVMT421_SEM2_2018', u'PVMT421_SEM2_2017', u'PVMT421', u'PAVEMENT TECHNOLOGY IV (MOD 2)', u'BTCEU1', u'BT: ENGINEERING: CIVIL (URBAN ENG)', u'22', u'SEMESTER 2', u'I3', u'INDUMISO CAMPUS PART-TIME', u'A', u'50001150:MCKUNE TW', 2.0]
check 'PVMT421_SEM2_2018' 'PVMT421'
adding  PVMT421
requesting:  http://10.0.100.98:8000/bbinfo/matching_courses/PVMT421%25
r= <Response [200]>
matching classes= set([u'PVMT421_13_MCKT', u'PVMT421_SEM1_2018', u'PVMT421_SEM2_2017', u'PVMT421_SEM2_2018', u'PVMT421_SEM1_2017'])
[u'PVMT421_SEM2_2018', u'PVMT421_SEM2_2017', u'PVMT421', u'PAVEMENT TECHNOLOGY IV (MOD 2)', u'BTCEW1', u'BT: ENGINEERING: CIVIL (WATER ENG)', u'22', u'SEMESTER 2', u'I3', u'INDUMISO CAMPUS PART-TIME', u'A', u'50001150:MCKUNE TW', 1.0]
check 'PVMT421_SEM2_2018' 'PVMT421'
adding  PVMT421
requesting:  http://10.0.100.98:8000/bbinfo/matching_courses/PVMT421%25
r= <Response [200]>
matching classes= set([u'PVMT421_13_MCKT', u'PVMT421_SEM1_2018', u'PVMT421_SEM2_2017', u'PVMT421_SEM2_2018', u'PVMT421_SEM1_2017'])
[u'', u'', u'', u'', u'', u'', u'', u'', u'', u'', u'', u'', u'']
check '' ''
[u'RDMN421_SEM1_2018', u'RDMN421_SEM1_2017', u'RDMN421', u'RETICULATION DESIGN AND MANAGEMENT IV (MOD 2)', u'BTCEC1', u'BT: ENGINEERING: CIVIL (CONSTRUCT MAN)', u'21', u'SEMESTER 1', u'I3', u'INDUMISO CAMPUS PART-TIME', u'A', u'40009692:HAY', 2.0]
check 'RDMN421_SEM1_2018' 'RDMN421'
processXLS: only for SEM2 [u'RDMN421_SEM1_2018', u'RDMN421_SEM1_2017', u'RDMN421', u'RETICULATION DESIGN AND MANAGEMENT IV (MOD 2)', u'BTCEC1', u'BT: ENGINEERING: CIVIL (CONSTRUCT MAN)', u'21', u'SEMESTER 1', u'I3', u'INDUMISO CAMPUS PART-TIME', u'A', u'40009692:HAY', 2.0]
[u'RDMN421_SEM1_2018', u'RDMN421_SEM1_2017', u'RDMN421', u'RETICULATION DESIGN AND MANAGEMENT IV (MOD 2)', u'BTCET1', u'BT: ENGINEERING: CIVIL (TRANSPORTATION)', u'21', u'SEMESTER 1', u'I3', u'INDUMISO CAMPUS PART-TIME', u'A', u'40009692:HAY', 1.0]
check 'RDMN421_SEM1_2018' 'RDMN421'
processXLS: only for SEM2 [u'RDMN421_SEM1_2018', u'RDMN421_SEM1_2017', u'RDMN421', u'RETICULATION DESIGN AND MANAGEMENT IV (MOD 2)', u'BTCET1', u'BT: ENGINEERING: CIVIL (TRANSPORTATION)', u'21', u'SEMESTER 1', u'I3', u'INDUMISO CAMPUS PART-TIME', u'A', u'40009692:HAY', 1.0]
[u'RDMN421_SEM1_2018', u'RDMN421_SEM1_2017', u'RDMN421', u'RETICULATION DESIGN AND MANAGEMENT IV (MOD 2)', u'BTCEU1', u'BT: ENGINEERING: CIVIL (URBAN ENG)', u'21', u'SEMESTER 1', u'I3', u'INDUMISO CAMPUS PART-TIME', u'A', u'40009692:HAY', 1.0]
check 'RDMN421_SEM1_2018' 'RDMN421'
processXLS: only for SEM2 [u'RDMN421_SEM1_2018', u'RDMN421_SEM1_2017', u'RDMN421', u'RETICULATION DESIGN AND MANAGEMENT IV (MOD 2)', u'BTCEU1', u'BT: ENGINEERING: CIVIL (URBAN ENG)', u'21', u'SEMESTER 1', u'I3', u'INDUMISO CAMPUS PART-TIME', u'A', u'40009692:HAY', 1.0]
[u'', u'', u'', u'', u'', u'', u'', u'', u'', u'', u'', u'', u'']
check '' ''
[u'SLWM411_SEM2_2018', u'SLWM411_SEM2_2017', u'SLWM411', u'SOLID WASTE MANAGEMENT IV (MOD 1)', u'BTCEC1', u'BT: ENGINEERING: CIVIL (CONSTRUCT MAN)', u'22', u'SEMESTER 2', u'I3', u'INDUMISO CAMPUS PART-TIME', u'A', u'50002321:DE KOCK DD', 14.0]
check 'SLWM411_SEM2_2018' 'SLWM411'
adding  SLWM411
requesting:  http://10.0.100.98:8000/bbinfo/matching_courses/SLWM411%25
r= <Response [200]>
matching classes= set([u'SLWM411_SEM2_2018', u'SLWM411_13_MCKT', u'SLWM411_SEM2_2017'])
[u'SLWM411_SEM2_2018', u'SLWM411_SEM2_2017', u'SLWM411', u'SOLID WASTE MANAGEMENT IV (MOD 1)', u'BTCET1', u'BT: ENGINEERING: CIVIL (TRANSPORTATION)', u'22', u'SEMESTER 2', u'I3', u'INDUMISO CAMPUS PART-TIME', u'A', u'50002321:DE KOCK DD', 20.0]
check 'SLWM411_SEM2_2018' 'SLWM411'
adding  SLWM411
requesting:  http://10.0.100.98:8000/bbinfo/matching_courses/SLWM411%25
r= <Response [200]>
matching classes= set([u'SLWM411_SEM2_2018', u'SLWM411_13_MCKT', u'SLWM411_SEM2_2017'])
[u'SLWM411_SEM2_2018', u'SLWM411_SEM2_2017', u'SLWM411', u'SOLID WASTE MANAGEMENT IV (MOD 1)', u'BTCEU1', u'BT: ENGINEERING: CIVIL (URBAN ENG)', u'22', u'SEMESTER 2', u'I3', u'INDUMISO CAMPUS PART-TIME', u'A', u'50002321:DE KOCK DD', 41.0]
check 'SLWM411_SEM2_2018' 'SLWM411'
adding  SLWM411
requesting:  http://10.0.100.98:8000/bbinfo/matching_courses/SLWM411%25
r= <Response [200]>
matching classes= set([u'SLWM411_SEM2_2018', u'SLWM411_13_MCKT', u'SLWM411_SEM2_2017'])
[u'SLWM411_SEM2_2018', u'SLWM411_SEM2_2017', u'SLWM411', u'SOLID WASTE MANAGEMENT IV (MOD 1)', u'BTCEW1', u'BT: ENGINEERING: CIVIL (WATER ENG)', u'22', u'SEMESTER 2', u'I3', u'INDUMISO CAMPUS PART-TIME', u'A', u'50002321:DE KOCK DD', 38.0]
check 'SLWM411_SEM2_2018' 'SLWM411'
adding  SLWM411
requesting:  http://10.0.100.98:8000/bbinfo/matching_courses/SLWM411%25
r= <Response [200]>
matching classes= set([u'SLWM411_SEM2_2018', u'SLWM411_13_MCKT', u'SLWM411_SEM2_2017'])
[u'', u'', u'', u'', u'', u'', u'', u'', u'', u'', u'', u'', u'']
check '' ''
[u'SLWM421_SEM2_2018', u'SLWM421_SEM2_2017', u'SLWM421', u'SOLID WASTE MANAGEMENT IV (MOD 2)', u'BTCEC1', u'BT: ENGINEERING: CIVIL (CONSTRUCT MAN)', u'22', u'SEMESTER 2', u'I3', u'INDUMISO CAMPUS PART-TIME', u'A', u'50002321:DE KOCK DD', 13.0]
check 'SLWM421_SEM2_2018' 'SLWM421'
adding  SLWM421
requesting:  http://10.0.100.98:8000/bbinfo/matching_courses/SLWM421%25
r= <Response [200]>
matching classes= set([u'SLWM421_SEM2_2018', u'SLWM421_13_MCKT', u'SLWM421_SEM2_2017'])
[u'SLWM421_SEM2_2018', u'SLWM421_SEM2_2017', u'SLWM421', u'SOLID WASTE MANAGEMENT IV (MOD 2)', u'BTCET1', u'BT: ENGINEERING: CIVIL (TRANSPORTATION)', u'22', u'SEMESTER 2', u'I3', u'INDUMISO CAMPUS PART-TIME', u'A', u'50002321:DE KOCK DD', 20.0]
check 'SLWM421_SEM2_2018' 'SLWM421'
adding  SLWM421
requesting:  http://10.0.100.98:8000/bbinfo/matching_courses/SLWM421%25
r= <Response [200]>
matching classes= set([u'SLWM421_SEM2_2018', u'SLWM421_13_MCKT', u'SLWM421_SEM2_2017'])
[u'SLWM421_SEM2_2018', u'SLWM421_SEM2_2017', u'SLWM421', u'SOLID WASTE MANAGEMENT IV (MOD 2)', u'BTCEU1', u'BT: ENGINEERING: CIVIL (URBAN ENG)', u'22', u'SEMESTER 2', u'I3', u'INDUMISO CAMPUS PART-TIME', u'A', u'50002321:DE KOCK DD', 37.0]
check 'SLWM421_SEM2_2018' 'SLWM421'
adding  SLWM421
requesting:  http://10.0.100.98:8000/bbinfo/matching_courses/SLWM421%25
r= <Response [200]>
matching classes= set([u'SLWM421_SEM2_2018', u'SLWM421_13_MCKT', u'SLWM421_SEM2_2017'])
[u'SLWM421_SEM2_2018', u'SLWM421_SEM2_2017', u'SLWM421', u'SOLID WASTE MANAGEMENT IV (MOD 2)', u'BTCEW1', u'BT: ENGINEERING: CIVIL (WATER ENG)', u'22', u'SEMESTER 2', u'I3', u'INDUMISO CAMPUS PART-TIME', u'A', u'50002321:DE KOCK DD', 38.0]
check 'SLWM421_SEM2_2018' 'SLWM421'
adding  SLWM421
requesting:  http://10.0.100.98:8000/bbinfo/matching_courses/SLWM421%25
r= <Response [200]>
matching classes= set([u'SLWM421_SEM2_2018', u'SLWM421_13_MCKT', u'SLWM421_SEM2_2017'])
[u'', u'', u'', u'', u'', u'', u'', u'', u'', u'', u'', u'', u'']
check '' ''
[u'TFEN411_SEM1_2018', u'TFEN411_SEM1_2017', u'TFEN411', u'TRAFFIC ENGINEERING IV (MOD 1)', u'BTCEC1', u'BT: ENGINEERING: CIVIL (CONSTRUCT MAN)', u'21', u'SEMESTER 1', u'I3', u'INDUMISO CAMPUS PART-TIME', u'A', u'50002321:DE KOCK DD', 6.0]
check 'TFEN411_SEM1_2018' 'TFEN411'
processXLS: only for SEM2 [u'TFEN411_SEM1_2018', u'TFEN411_SEM1_2017', u'TFEN411', u'TRAFFIC ENGINEERING IV (MOD 1)', u'BTCEC1', u'BT: ENGINEERING: CIVIL (CONSTRUCT MAN)', u'21', u'SEMESTER 1', u'I3', u'INDUMISO CAMPUS PART-TIME', u'A', u'50002321:DE KOCK DD', 6.0]
[u'TFEN411_SEM1_2018', u'TFEN411_SEM1_2017', u'TFEN411', u'TRAFFIC ENGINEERING IV (MOD 1)', u'BTCET1', u'BT: ENGINEERING: CIVIL (TRANSPORTATION)', u'21', u'SEMESTER 1', u'I3', u'INDUMISO CAMPUS PART-TIME', u'A', u'50002321:DE KOCK DD', 36.0]
check 'TFEN411_SEM1_2018' 'TFEN411'
processXLS: only for SEM2 [u'TFEN411_SEM1_2018', u'TFEN411_SEM1_2017', u'TFEN411', u'TRAFFIC ENGINEERING IV (MOD 1)', u'BTCET1', u'BT: ENGINEERING: CIVIL (TRANSPORTATION)', u'21', u'SEMESTER 1', u'I3', u'INDUMISO CAMPUS PART-TIME', u'A', u'50002321:DE KOCK DD', 36.0]
[u'TFEN411_SEM1_2018', u'TFEN411_SEM1_2017', u'TFEN411', u'TRAFFIC ENGINEERING IV (MOD 1)', u'BTCEU1', u'BT: ENGINEERING: CIVIL (URBAN ENG)', u'21', u'SEMESTER 1', u'I3', u'INDUMISO CAMPUS PART-TIME', u'A', u'50002321:DE KOCK DD', 16.0]
check 'TFEN411_SEM1_2018' 'TFEN411'
processXLS: only for SEM2 [u'TFEN411_SEM1_2018', u'TFEN411_SEM1_2017', u'TFEN411', u'TRAFFIC ENGINEERING IV (MOD 1)', u'BTCEU1', u'BT: ENGINEERING: CIVIL (URBAN ENG)', u'21', u'SEMESTER 1', u'I3', u'INDUMISO CAMPUS PART-TIME', u'A', u'50002321:DE KOCK DD', 16.0]
[u'', u'', u'', u'', u'', u'', u'', u'', u'', u'', u'', u'', u'']
check '' ''
[u'TFEN421_SEM1_2018', u'TFEN421_SEM1_2017', u'TFEN421', u'TRAFFIC ENGINEERING IV (MOD 2)', u'BTCEC1', u'BT: ENGINEERING: CIVIL (CONSTRUCT MAN)', u'21', u'SEMESTER 1', u'I3', u'INDUMISO CAMPUS PART-TIME', u'A', u'50002321:DE KOCK DD', 6.0]
check 'TFEN421_SEM1_2018' 'TFEN421'
processXLS: only for SEM2 [u'TFEN421_SEM1_2018', u'TFEN421_SEM1_2017', u'TFEN421', u'TRAFFIC ENGINEERING IV (MOD 2)', u'BTCEC1', u'BT: ENGINEERING: CIVIL (CONSTRUCT MAN)', u'21', u'SEMESTER 1', u'I3', u'INDUMISO CAMPUS PART-TIME', u'A', u'50002321:DE KOCK DD', 6.0]
[u'TFEN421_SEM1_2018', u'TFEN421_SEM1_2017', u'TFEN421', u'TRAFFIC ENGINEERING IV (MOD 2)', u'BTCET1', u'BT: ENGINEERING: CIVIL (TRANSPORTATION)', u'21', u'SEMESTER 1', u'I3', u'INDUMISO CAMPUS PART-TIME', u'A', u'50002321:DE KOCK DD', 35.0]
check 'TFEN421_SEM1_2018' 'TFEN421'
processXLS: only for SEM2 [u'TFEN421_SEM1_2018', u'TFEN421_SEM1_2017', u'TFEN421', u'TRAFFIC ENGINEERING IV (MOD 2)', u'BTCET1', u'BT: ENGINEERING: CIVIL (TRANSPORTATION)', u'21', u'SEMESTER 1', u'I3', u'INDUMISO CAMPUS PART-TIME', u'A', u'50002321:DE KOCK DD', 35.0]
[u'TFEN421_SEM1_2018', u'TFEN421_SEM1_2017', u'TFEN421', u'TRAFFIC ENGINEERING IV (MOD 2)', u'BTCEU1', u'BT: ENGINEERING: CIVIL (URBAN ENG)', u'21', u'SEMESTER 1', u'I3', u'INDUMISO CAMPUS PART-TIME', u'A', u'50002321:DE KOCK DD', 16.0]
check 'TFEN421_SEM1_2018' 'TFEN421'
processXLS: only for SEM2 [u'TFEN421_SEM1_2018', u'TFEN421_SEM1_2017', u'TFEN421', u'TRAFFIC ENGINEERING IV (MOD 2)', u'BTCEU1', u'BT: ENGINEERING: CIVIL (URBAN ENG)', u'21', u'SEMESTER 1', u'I3', u'INDUMISO CAMPUS PART-TIME', u'A', u'50002321:DE KOCK DD', 16.0]
[u'', u'', u'', u'', u'', u'', u'', u'', u'', u'', u'', u'', u'']
check '' ''
[u'TRNP421_SEM1_2018', u'TRNP421_SEM1_2017', u'TRNP421', u'TRANSPORT PLANNING IV (MOD 2)', u'BTCEC1', u'BT: ENGINEERING: CIVIL (CONSTRUCT MAN)', u'21', u'SEMESTER 1', u'I3', u'INDUMISO CAMPUS PART-TIME', u'A', u'50002321:DE KOCK', 1.0]
check 'TRNP421_SEM1_2018' 'TRNP421'
processXLS: only for SEM2 [u'TRNP421_SEM1_2018', u'TRNP421_SEM1_2017', u'TRNP421', u'TRANSPORT PLANNING IV (MOD 2)', u'BTCEC1', u'BT: ENGINEERING: CIVIL (CONSTRUCT MAN)', u'21', u'SEMESTER 1', u'I3', u'INDUMISO CAMPUS PART-TIME', u'A', u'50002321:DE KOCK', 1.0]
[u'', u'', u'', u'', u'', u'', u'', u'', u'', u'', u'', u'', u'']
check '' ''
[u'UPLD421_SEM1_2018', u'UPLD421_SEM1_2017', u'UPLD421', u'URBAN PLANNING AND DESIGN IV (MOD 2)', u'BTCEC1', u'BT: ENGINEERING: CIVIL (CONSTRUCT MAN)', u'21', u'SEMESTER 1', u'I3', u'INDUMISO CAMPUS PART-TIME', u'A', u'50001150:MCKUNE', 1.0]
check 'UPLD421_SEM1_2018' 'UPLD421'
processXLS: only for SEM2 [u'UPLD421_SEM1_2018', u'UPLD421_SEM1_2017', u'UPLD421', u'URBAN PLANNING AND DESIGN IV (MOD 2)', u'BTCEC1', u'BT: ENGINEERING: CIVIL (CONSTRUCT MAN)', u'21', u'SEMESTER 1', u'I3', u'INDUMISO CAMPUS PART-TIME', u'A', u'50001150:MCKUNE', 1.0]
[u'UPLD421_SEM1_2018', u'UPLD421_SEM1_2017', u'UPLD421', u'URBAN PLANNING AND DESIGN IV (MOD 2)', u'BTCET1', u'BT: ENGINEERING: CIVIL (TRANSPORTATION)', u'21', u'SEMESTER 1', u'I3', u'INDUMISO CAMPUS PART-TIME', u'A', u'50001150:MCKUNE', 1.0]
check 'UPLD421_SEM1_2018' 'UPLD421'
processXLS: only for SEM2 [u'UPLD421_SEM1_2018', u'UPLD421_SEM1_2017', u'UPLD421', u'URBAN PLANNING AND DESIGN IV (MOD 2)', u'BTCET1', u'BT: ENGINEERING: CIVIL (TRANSPORTATION)', u'21', u'SEMESTER 1', u'I3', u'INDUMISO CAMPUS PART-TIME', u'A', u'50001150:MCKUNE', 1.0]
[u'UPLD421_SEM1_2018', u'UPLD421_SEM1_2017', u'UPLD421', u'URBAN PLANNING AND DESIGN IV (MOD 2)', u'BTCEU1', u'BT: ENGINEERING: CIVIL (URBAN ENG)', u'21', u'SEMESTER 1', u'I3', u'INDUMISO CAMPUS PART-TIME', u'A', u'50001150:MCKUNE', 3.0]
check 'UPLD421_SEM1_2018' 'UPLD421'
processXLS: only for SEM2 [u'UPLD421_SEM1_2018', u'UPLD421_SEM1_2017', u'UPLD421', u'URBAN PLANNING AND DESIGN IV (MOD 2)', u'BTCEU1', u'BT: ENGINEERING: CIVIL (URBAN ENG)', u'21', u'SEMESTER 1', u'I3', u'INDUMISO CAMPUS PART-TIME', u'A', u'50001150:MCKUNE', 3.0]
[u'', u'', u'', u'', u'', u'', u'', u'', u'', u'', u'', u'', u'']
check '' ''
[u'WSTT421_SEM1_2018', u'WSTT421_SEM1_2017', u'WSTT421', u'WASTE WATER TREATMENT TECHNOLOGY IV (MOD 2)', u'BTCEU1', u'BT: ENGINEERING: CIVIL (URBAN ENG)', u'21', u'SEMESTER 1', u'I3', u'INDUMISO CAMPUS PART-TIME', u'A', u'50001150:MCKUNE', 1.0]
check 'WSTT421_SEM1_2018' 'WSTT421'
processXLS: only for SEM2 [u'WSTT421_SEM1_2018', u'WSTT421_SEM1_2017', u'WSTT421', u'WASTE WATER TREATMENT TECHNOLOGY IV (MOD 2)', u'BTCEU1', u'BT: ENGINEERING: CIVIL (URBAN ENG)', u'21', u'SEMESTER 1', u'I3', u'INDUMISO CAMPUS PART-TIME', u'A', u'50001150:MCKUNE', 1.0]
[u'WSTT421_SEM1_2018', u'WSTT421_SEM1_2017', u'WSTT421', u'WASTE WATER TREATMENT TECHNOLOGY IV (MOD 2)', u'BTCEW1', u'BT: ENGINEERING: CIVIL (WATER ENG)', u'21', u'SEMESTER 1', u'I3', u'INDUMISO CAMPUS PART-TIME', u'A', u'50001150:MCKUNE', 1.0]
check 'WSTT421_SEM1_2018' 'WSTT421'
processXLS: only for SEM2 [u'WSTT421_SEM1_2018', u'WSTT421_SEM1_2017', u'WSTT421', u'WASTE WATER TREATMENT TECHNOLOGY IV (MOD 2)', u'BTCEW1', u'BT: ENGINEERING: CIVIL (WATER ENG)', u'21', u'SEMESTER 1', u'I3', u'INDUMISO CAMPUS PART-TIME', u'A', u'50001150:MCKUNE', 1.0]
[u'', u'', u'', u'', u'', u'', u'', u'', u'', u'', u'', u'', u'']
check '' ''
[u'WTRT411_SEM2_2018', u'WTRT411_SEM2_2017', u'WTRT411', u'WATER TREATMENT TECHNOLOGY IV (MOD 1)', u'BTCEC1', u'BT: ENGINEERING: CIVIL (CONSTRUCT MAN)', u'22', u'SEMESTER 2', u'I3', u'INDUMISO CAMPUS PART-TIME', u'A', u'40009692:HAY S', 2.0]
check 'WTRT411_SEM2_2018' 'WTRT411'
adding  WTRT411
requesting:  http://10.0.100.98:8000/bbinfo/matching_courses/WTRT411%25
r= <Response [200]>
matching classes= set([u'WTRT411_13_STEP', u'WTRT411_SEM2_2018', u'WTRT411_SEM2_2017'])
[u'WTRT411_SEM2_2018', u'WTRT411_SEM2_2017', u'WTRT411', u'WATER TREATMENT TECHNOLOGY IV (MOD 1)', u'BTCET1', u'BT: ENGINEERING: CIVIL (TRANSPORTATION)', u'22', u'SEMESTER 2', u'I3', u'INDUMISO CAMPUS PART-TIME', u'A', u'40009692:HAY S', 12.0]
check 'WTRT411_SEM2_2018' 'WTRT411'
adding  WTRT411
requesting:  http://10.0.100.98:8000/bbinfo/matching_courses/WTRT411%25
r= <Response [200]>
matching classes= set([u'WTRT411_13_STEP', u'WTRT411_SEM2_2018', u'WTRT411_SEM2_2017'])
[u'WTRT411_SEM2_2018', u'WTRT411_SEM2_2017', u'WTRT411', u'WATER TREATMENT TECHNOLOGY IV (MOD 1)', u'BTCEU1', u'BT: ENGINEERING: CIVIL (URBAN ENG)', u'22', u'SEMESTER 2', u'I3', u'INDUMISO CAMPUS PART-TIME', u'A', u'40009692:HAY S', 6.0]
check 'WTRT411_SEM2_2018' 'WTRT411'
adding  WTRT411
requesting:  http://10.0.100.98:8000/bbinfo/matching_courses/WTRT411%25
r= <Response [200]>
matching classes= set([u'WTRT411_13_STEP', u'WTRT411_SEM2_2018', u'WTRT411_SEM2_2017'])
[u'WTRT411_SEM2_2018', u'WTRT411_SEM2_2017', u'WTRT411', u'WATER TREATMENT TECHNOLOGY IV (MOD 1)', u'BTCEW1', u'BT: ENGINEERING: CIVIL (WATER ENG)', u'22', u'SEMESTER 2', u'I3', u'INDUMISO CAMPUS PART-TIME', u'A', u'40009692:HAY S', 51.0]
check 'WTRT411_SEM2_2018' 'WTRT411'
adding  WTRT411
requesting:  http://10.0.100.98:8000/bbinfo/matching_courses/WTRT411%25
r= <Response [200]>
matching classes= set([u'WTRT411_13_STEP', u'WTRT411_SEM2_2018', u'WTRT411_SEM2_2017'])
[u'', u'', u'', u'', u'', u'', u'', u'', u'', u'', u'', u'', u'']
check '' ''
[u'WTRT421_SEM2_2018', u'WTRT421_SEM2_2017', u'WTRT421', u'WATER TREATMENT TECHNOLOGY IV (MOD 2)', u'BTCEC1', u'BT: ENGINEERING: CIVIL (CONSTRUCT MAN)', u'22', u'SEMESTER 2', u'I3', u'INDUMISO CAMPUS PART-TIME', u'A', u'40009692:HAY', 2.0]
check 'WTRT421_SEM2_2018' 'WTRT421'
adding  WTRT421
requesting:  http://10.0.100.98:8000/bbinfo/matching_courses/WTRT421%25
r= <Response [200]>
matching classes= set([u'WTRT421_SEM2_2017', u'WTRT421_13_STEP', u'WTRT421_ALL_2016', u'WTRT421_SEM2_2018'])
[u'WTRT421_SEM2_2018', u'WTRT421_SEM2_2017', u'WTRT421', u'WATER TREATMENT TECHNOLOGY IV (MOD 2)', u'BTCET1', u'BT: ENGINEERING: CIVIL (TRANSPORTATION)', u'22', u'SEMESTER 2', u'I3', u'INDUMISO CAMPUS PART-TIME', u'A', u'40009692:HAY', 12.0]
check 'WTRT421_SEM2_2018' 'WTRT421'
adding  WTRT421
requesting:  http://10.0.100.98:8000/bbinfo/matching_courses/WTRT421%25
r= <Response [200]>
matching classes= set([u'WTRT421_SEM2_2017', u'WTRT421_13_STEP', u'WTRT421_ALL_2016', u'WTRT421_SEM2_2018'])
[u'WTRT421_SEM2_2018', u'WTRT421_SEM2_2017', u'WTRT421', u'WATER TREATMENT TECHNOLOGY IV (MOD 2)', u'BTCEU1', u'BT: ENGINEERING: CIVIL (URBAN ENG)', u'22', u'SEMESTER 2', u'I3', u'INDUMISO CAMPUS PART-TIME', u'A', u'40009692:HAY', 6.0]
check 'WTRT421_SEM2_2018' 'WTRT421'
adding  WTRT421
requesting:  http://10.0.100.98:8000/bbinfo/matching_courses/WTRT421%25
r= <Response [200]>
matching classes= set([u'WTRT421_SEM2_2017', u'WTRT421_13_STEP', u'WTRT421_ALL_2016', u'WTRT421_SEM2_2018'])
[u'WTRT421_SEM2_2018', u'WTRT421_SEM2_2017', u'WTRT421', u'WATER TREATMENT TECHNOLOGY IV (MOD 2)', u'BTCEW1', u'BT: ENGINEERING: CIVIL (WATER ENG)', u'22', u'SEMESTER 2', u'I3', u'INDUMISO CAMPUS PART-TIME', u'A', u'40009692:HAY', 51.0]
check 'WTRT421_SEM2_2018' 'WTRT421'
adding  WTRT421
requesting:  http://10.0.100.98:8000/bbinfo/matching_courses/WTRT421%25
r= <Response [200]>
matching classes= set([u'WTRT421_SEM2_2017', u'WTRT421_13_STEP', u'WTRT421_ALL_2016', u'WTRT421_SEM2_2018'])
[u'', u'', u'', u'', u'', u'', u'', u'', u'', u'', u'', u'', u'']
check '' ''
[u'RPCE511_YEAR_2018', u'RPCE511_YEAR_2017', u'RPCE511', u'RESEARCH PROJECT AND DISSERTATION (2ND REG)', u'MNCVE1', u'MASTER OF ENGINEERING (CIVIL)', u'P0', u'POST-GRAD ANNUAL REGISTRATIONS', u'I3', u'INDUMISO CAMPUS PART-TIME', u'A', u'50001150:MCKUNE', 8.0]
check 'RPCE511_YEAR_2018' 'RPCE511'
processXLS: only for SEM2 [u'RPCE511_YEAR_2018', u'RPCE511_YEAR_2017', u'RPCE511', u'RESEARCH PROJECT AND DISSERTATION (2ND REG)', u'MNCVE1', u'MASTER OF ENGINEERING (CIVIL)', u'P0', u'POST-GRAD ANNUAL REGISTRATIONS', u'I3', u'INDUMISO CAMPUS PART-TIME', u'A', u'50001150:MCKUNE', 8.0]
[u'', u'', u'', u'', u'', u'', u'', u'', u'', u'', u'', u'', u'']
check '' ''
[u'RPCE521_YEAR_2018', u'RPCE521_YEAR_2017', u'RPCE521', u'RESEARCH PROJECT AND DISSERTATION (3RD REG)', u'MNCVE1', u'MASTER OF ENGINEERING (CIVIL)', u'P0', u'POST-GRAD ANNUAL REGISTRATIONS', u'I3', u'INDUMISO CAMPUS PART-TIME', u'A', u'50001150:MCKUNE TW', 2.0]
check 'RPCE521_YEAR_2018' 'RPCE521'
processXLS: only for SEM2 [u'RPCE521_YEAR_2018', u'RPCE521_YEAR_2017', u'RPCE521', u'RESEARCH PROJECT AND DISSERTATION (3RD REG)', u'MNCVE1', u'MASTER OF ENGINEERING (CIVIL)', u'P0', u'POST-GRAD ANNUAL REGISTRATIONS', u'I3', u'INDUMISO CAMPUS PART-TIME', u'A', u'50001150:MCKUNE TW', 2.0]
[u'', u'', u'', u'', u'', u'', u'', u'', u'', u'', u'', u'', u'']
check '' ''
[u'RPCL521_YEAR_2018', u'RPCL521_YEAR_2017', u'RPCL521', u'RESEARCH PROJECT AND DISSERTATION (2ND REG)', u'MNCVE1', u'MASTER OF ENGINEERING (CIVIL)', u'P0', u'POST-GRAD ANNUAL REGISTRATIONS', u'I3', u'INDUMISO CAMPUS PART-TIME', u'A', u'50001150:MCKUNE TW', 8.0]
check 'RPCL521_YEAR_2018' 'RPCL521'
processXLS: only for SEM2 [u'RPCL521_YEAR_2018', u'RPCL521_YEAR_2017', u'RPCL521', u'RESEARCH PROJECT AND DISSERTATION (2ND REG)', u'MNCVE1', u'MASTER OF ENGINEERING (CIVIL)', u'P0', u'POST-GRAD ANNUAL REGISTRATIONS', u'I3', u'INDUMISO CAMPUS PART-TIME', u'A', u'50001150:MCKUNE TW', 8.0]
[u'', u'', u'', u'', u'', u'', u'', u'', u'', u'', u'', u'', u'']
check '' ''
[u'RPCL531_YEAR_2018', u'RPCL531_YEAR_2017', u'RPCL531', u'RESEARCH PROJECT AND DISSERTATION (3RD REG)', u'MNCVE1', u'MASTER OF ENGINEERING (CIVIL)', u'P0', u'POST-GRAD ANNUAL REGISTRATIONS', u'I3', u'INDUMISO CAMPUS PART-TIME', u'A', u'50001150:MCKUNE TW', 2.0]
check 'RPCL531_YEAR_2018' 'RPCL531'
processXLS: only for SEM2 [u'RPCL531_YEAR_2018', u'RPCL531_YEAR_2017', u'RPCL531', u'RESEARCH PROJECT AND DISSERTATION (3RD REG)', u'MNCVE1', u'MASTER OF ENGINEERING (CIVIL)', u'P0', u'POST-GRAD ANNUAL REGISTRATIONS', u'I3', u'INDUMISO CAMPUS PART-TIME', u'A', u'50001150:MCKUNE TW', 2.0]
[u'', u'', u'', u'', u'', u'', u'', u'', u'', u'', u'', u'', u'']
check '' ''
[u'RPCE601_YEAR_2018', u'RPCE601_YEAR_2017', u'RPCE601', u'RESEARCH PROJECT AND DISSERTATION (1ST REG)', u'DNCVE1', u'DOCTOR OF ENGINEERING (CIVIL)', u'P0', u'POST-GRAD ANNUAL REGISTRATIONS', u'I3', u'INDUMISO CAMPUS PART-TIME', u'A', u'50001150:MCKUNE', 1.0]
check 'RPCE601_YEAR_2018' 'RPCE601'
processXLS: only for SEM2 [u'RPCE601_YEAR_2018', u'RPCE601_YEAR_2017', u'RPCE601', u'RESEARCH PROJECT AND DISSERTATION (1ST REG)', u'DNCVE1', u'DOCTOR OF ENGINEERING (CIVIL)', u'P0', u'POST-GRAD ANNUAL REGISTRATIONS', u'I3', u'INDUMISO CAMPUS PART-TIME', u'A', u'50001150:MCKUNE', 1.0]
[u'', u'', u'', u'', u'', u'', u'', u'', u'', u'', u'', u'', u'']
check '' ''
[u'RPCE611_YEAR_2018', u'RPCE611_YEAR_2017', u'RPCE611', u'RESEARCH PROJECT AND DISSERTATION (2ND REG)', u'DNCVE1', u'DOCTOR OF ENGINEERING (CIVIL)', u'P0', u'POST-GRAD ANNUAL REGISTRATIONS', u'I3', u'INDUMISO CAMPUS PART-TIME', u'A', u'50001150:MCKUNE TW', 2.0]
check 'RPCE611_YEAR_2018' 'RPCE611'
processXLS: only for SEM2 [u'RPCE611_YEAR_2018', u'RPCE611_YEAR_2017', u'RPCE611', u'RESEARCH PROJECT AND DISSERTATION (2ND REG)', u'DNCVE1', u'DOCTOR OF ENGINEERING (CIVIL)', u'P0', u'POST-GRAD ANNUAL REGISTRATIONS', u'I3', u'INDUMISO CAMPUS PART-TIME', u'A', u'50001150:MCKUNE TW', 2.0]
[u'', u'', u'', u'', u'', u'', u'', u'', u'', u'', u'', u'', u'']
check '' ''
[u'RPCL611_YEAR_2018', u'RPCL611_YEAR_2017', u'RPCL611', u'RESEARCH PROJECT AND DISSERTATION (1ST REG)', u'DNCVE1', u'DOCTOR OF ENGINEERING (CIVIL)', u'P0', u'POST-GRAD ANNUAL REGISTRATIONS', u'I3', u'INDUMISO CAMPUS PART-TIME', u'A', u'50001150:MCKUNE TW', 2.0]
check 'RPCL611_YEAR_2018' 'RPCL611'
processXLS: only for SEM2 [u'RPCL611_YEAR_2018', u'RPCL611_YEAR_2017', u'RPCL611', u'RESEARCH PROJECT AND DISSERTATION (1ST REG)', u'DNCVE1', u'DOCTOR OF ENGINEERING (CIVIL)', u'P0', u'POST-GRAD ANNUAL REGISTRATIONS', u'I3', u'INDUMISO CAMPUS PART-TIME', u'A', u'50001150:MCKUNE TW', 2.0]
[u'', u'', u'', u'', u'', u'', u'', u'', u'', u'', u'', u'', u'']
check '' ''
[u'RPCL621_YEAR_2018', u'RPCL621_YEAR_2017', u'RPCL621', u'RESEARCH PROJECT AND DISSERTATION (2ND REG)', u'DNCVE1', u'DOCTOR OF ENGINEERING (CIVIL)', u'P0', u'POST-GRAD ANNUAL REGISTRATIONS', u'I3', u'INDUMISO CAMPUS PART-TIME', u'A', u'50001150:MCKUNE TW', 2.0]
check 'RPCL621_YEAR_2018' 'RPCL621'
processXLS: only for SEM2 [u'RPCL621_YEAR_2018', u'RPCL621_YEAR_2017', u'RPCL621', u'RESEARCH PROJECT AND DISSERTATION (2ND REG)', u'DNCVE1', u'DOCTOR OF ENGINEERING (CIVIL)', u'P0', u'POST-GRAD ANNUAL REGISTRATIONS', u'I3', u'INDUMISO CAMPUS PART-TIME', u'A', u'50001150:MCKUNE TW', 2.0]
[u'', u'', u'', u'', u'', u'', u'', u'', u'', u'', u'', u'', u'']
check '' ''
[u'HYDL411_SEM1_2018', u'HYDL411_SEM1_2017', u'HYDL411', u'HYDRAULICS IV', u'BTCEW1', u'BT: ENGINEERING: CIVIL (WATER ENG)', 13.0, u'POST-GRAD ANNUAL REGISTRATIONS', u'D1', u'INDUMISO CAMPUS PART-TIME', u'A', u'40009692:HAY', 1.0]
check 'HYDL411_SEM1_2018' 'HYDL411'
processXLS: only for SEM2 [u'HYDL411_SEM1_2018', u'HYDL411_SEM1_2017', u'HYDL411', u'HYDRAULICS IV', u'BTCEW1', u'BT: ENGINEERING: CIVIL (WATER ENG)', 13.0, u'POST-GRAD ANNUAL REGISTRATIONS', u'D1', u'INDUMISO CAMPUS PART-TIME', u'A', u'40009692:HAY', 1.0]
[u'', u'', u'', u'', u'', u'', u'', u'', u'', u'', u'', u'', u'']
check '' ''
[u'TRNT411_SEM1_2018', u'TRNT411_SEM1_2017', u'TRNT411', u'TRNT411: TRANSPORTATION TECHNOLOGY 2017', u'BTCVE1', u'BT: ENGINEERING: CIVIL (TRANSPORTATION)', u'21', u'POST-GRAD ANNUAL REGISTRATIONS', 13.0, u'INDUMISO CAMPUS PART-TIME', u'A', u'50002321:DE KOCK DD', 1.0]
check 'TRNT411_SEM1_2018' 'TRNT411'
processXLS: only for SEM2 [u'TRNT411_SEM1_2018', u'TRNT411_SEM1_2017', u'TRNT411', u'TRNT411: TRANSPORTATION TECHNOLOGY 2017', u'BTCVE1', u'BT: ENGINEERING: CIVIL (TRANSPORTATION)', u'21', u'POST-GRAD ANNUAL REGISTRATIONS', 13.0, u'INDUMISO CAMPUS PART-TIME', u'A', u'50002321:DE KOCK DD', 1.0]
[u'', u'', u'', u'', u'', u'', u'', u'', u'', u'', u'', u'', u'']
check '' ''
[u'===APPEND===', u'', u'', u'', u'', u'', u'', u'', u'', u'', u'', u'', u'']
check '===APPEND===' ''
[u'2017 NEW SUBJECTS  Blackboard Classrooms for Department: 3504 - CIVIL ENGINEERING(MIDLANDS)', u'', u'', u'', u'', u'', u'', u'', u'', u'', u'', u'', u'']
check '2017 NEW SUBJECTS  Blackboard Classrooms for Department: 3504 - CIVIL ENGINEERING(MIDLANDS)' ''
[u'', u'', u'', u'', u'', u'', u'', u'', u'', u'', u'', u'', u'']
check '' ''
[u'BB Classroom', u'Migrate Classroom', u'ITS Subject', u'', u'ITS Qualification', u'', u'Block', u'', u'Off Type', u'', u'Grp', u'Lecturer(s)', u'2016 Enrol']
check 'BB Classroom' 'ITS Subject'
[u'CEMT101_SEM1_2018', u'CEMT101_SEM1_2017', u'CEMT101', u'CIVIL ENGINEERING METHODS', u'DICVE1', u'DIP ENG TECH IN CIVIL ENGINEERING', u'21', u'SEMESTER 1', u'I1', u'INDUMISO CAMPUS FULL-TIME', u'A', u'50001150:McKune', 0.0]
check 'CEMT101_SEM1_2018' 'CEMT101'
processXLS: only for SEM2 [u'CEMT101_SEM1_2018', u'CEMT101_SEM1_2017', u'CEMT101', u'CIVIL ENGINEERING METHODS', u'DICVE1', u'DIP ENG TECH IN CIVIL ENGINEERING', u'21', u'SEMESTER 1', u'I1', u'INDUMISO CAMPUS FULL-TIME', u'A', u'50001150:McKune', 0.0]
[u'', u'', u'', u'', u'', u'', u'', u'', u'', u'', u'', u'', u'']
check '' ''
[u'CEMT101_SEM2_2018', u'CEMT101_SEM2_2017', u'CEMT101', u'CIVIL ENGINEERING METHODS', u'DICVE1', u'DIP ENG TECH IN CIVIL ENGINEERING', u'22', u'SEMESTER 2', u'I1', u'INDUMISO CAMPUS FULL-TIME', u'A', u'50001150:McKune', 0.0]
check 'CEMT101_SEM2_2018' 'CEMT101'
adding  CEMT101
requesting:  http://10.0.100.98:8000/bbinfo/matching_courses/CEMT101%25
r= <Response [200]>
matching classes= set([u'CEMT101_SEM1_2018', u'CEMT101_SEM2_2017', u'CEMT101_SEM2_2018', u'CEMT101_SEM1_2017'])
[u'', u'', u'', u'', u'', u'', u'', u'', u'', u'', u'', u'', u'']
check '' ''
[u'CIVM101_SEM1_2018', u'CIVM101_SEM1_2017', u'CIVM101', u'CIVIL MECHANICS I', u'DICVE1', u'DIP ENG TECH IN CIVIL ENGINEERING', u'21', u'SEMESTER 1', u'I1', u'INDUMISO CAMPUS FULL-TIME', u'A', u'50001150:McKune', 0.0]
check 'CIVM101_SEM1_2018' 'CIVM101'
processXLS: only for SEM2 [u'CIVM101_SEM1_2018', u'CIVM101_SEM1_2017', u'CIVM101', u'CIVIL MECHANICS I', u'DICVE1', u'DIP ENG TECH IN CIVIL ENGINEERING', u'21', u'SEMESTER 1', u'I1', u'INDUMISO CAMPUS FULL-TIME', u'A', u'50001150:McKune', 0.0]
[u'', u'', u'', u'', u'', u'', u'', u'', u'', u'', u'', u'', u'']
check '' ''
[u'CIVM101_SEM2_2018', u'CIVM101_SEM2_2017', u'CIVM101', u'CIVIL MECHANICS I', u'DICVE1', u'DIP ENG TECH IN CIVIL ENGINEERING', u'22', u'SEMESTER 2', u'I1', u'INDUMISO CAMPUS FULL-TIME', u'A', u'50001150:McKune', 0.0]
check 'CIVM101_SEM2_2018' 'CIVM101'
adding  CIVM101
requesting:  http://10.0.100.98:8000/bbinfo/matching_courses/CIVM101%25
r= <Response [200]>
matching classes= set([u'CIVM101_SEM1_2018', u'CIVM101_SEM2_2017', u'CIVM101_SEM2_2018', u'CIVM101_SEM1_2017'])
[u'', u'', u'', u'', u'', u'', u'', u'', u'', u'', u'', u'', u'']
check '' ''
[u'CMAA101_SEM1_2018', u'CMAA101_SEM1_2017', u'CMAA101', u'COMPUTER APPLICATIONS A', u'DICVE1', u'DIP ENG TECH IN CIVIL ENGINEERING', u'21', u'SEMESTER 1', u'I1', u'INDUMISO CAMPUS FULL-TIME', u'A', u'50001150:McKune', 0.0]
check 'CMAA101_SEM1_2018' 'CMAA101'
processXLS: only for SEM2 [u'CMAA101_SEM1_2018', u'CMAA101_SEM1_2017', u'CMAA101', u'COMPUTER APPLICATIONS A', u'DICVE1', u'DIP ENG TECH IN CIVIL ENGINEERING', u'21', u'SEMESTER 1', u'I1', u'INDUMISO CAMPUS FULL-TIME', u'A', u'50001150:McKune', 0.0]
[u'', u'', u'', u'', u'', u'', u'', u'', u'', u'', u'', u'', u'']
check '' ''
[u'CMAA101_SEM2_2018', u'CMAA101_SEM2_2017', u'CMAA101', u'COMPUTER APPLICATIONS A', u'DICVE1', u'DIP ENG TECH IN CIVIL ENGINEERING', u'22', u'SEMESTER 2', u'I1', u'INDUMISO CAMPUS FULL-TIME', u'A', u'50001150:McKune', 0.0]
check 'CMAA101_SEM2_2018' 'CMAA101'
adding  CMAA101
requesting:  http://10.0.100.98:8000/bbinfo/matching_courses/CMAA101%25
r= <Response [200]>
matching classes= set([u'CMAA101_SEM2_2017', u'CMAA101_SEM1_2017', u'CMAA101_SEM1_2018', u'CMAA101_SEM2_2018'])
[u'', u'', u'', u'', u'', u'', u'', u'', u'', u'', u'', u'', u'']
check '' ''
[u'CMAB101_SEM1_2018', u'CMAB101_SEM1_2017', u'CMAB101', u'COMPUTER APPLICATIONS B', u'DICVE1', u'DIP ENG TECH IN CIVIL ENGINEERING', u'21', u'SEMESTER 1', u'I1', u'INDUMISO CAMPUS FULL-TIME', u'A', u'50001150:McKune', 0.0]
check 'CMAB101_SEM1_2018' 'CMAB101'
processXLS: only for SEM2 [u'CMAB101_SEM1_2018', u'CMAB101_SEM1_2017', u'CMAB101', u'COMPUTER APPLICATIONS B', u'DICVE1', u'DIP ENG TECH IN CIVIL ENGINEERING', u'21', u'SEMESTER 1', u'I1', u'INDUMISO CAMPUS FULL-TIME', u'A', u'50001150:McKune', 0.0]
[u'', u'', u'', u'', u'', u'', u'', u'', u'', u'', u'', u'', u'']
check '' ''
[u'CMAB101_SEM2_2018', u'CMAB101_SEM2_2017', u'CMAB101', u'COMPUTER APPLICATIONS B', u'DICVE1', u'DIP ENG TECH IN CIVIL ENGINEERING', u'22', u'SEMESTER 2', u'I1', u'INDUMISO CAMPUS FULL-TIME', u'A', u'50001150:McKune', 0.0]
check 'CMAB101_SEM2_2018' 'CMAB101'
adding  CMAB101
requesting:  http://10.0.100.98:8000/bbinfo/matching_courses/CMAB101%25
r= <Response [200]>
matching classes= set([u'CMAB101_SEM2_2018', u'CMAB101_SEM1_2018', u'CMAB101_SEM1_2017', u'CMAB101_SEM2_2017'])
[u'', u'', u'', u'', u'', u'', u'', u'', u'', u'', u'', u'', u'']
check '' ''
[u'DICD101_SEM1_2018', u'DICD101_SEM1_2017', u'DICD101', u'DRAWING (INTRODUCTION TO CAD)', u'DICVE1', u'DIP ENG TECH IN CIVIL ENGINEERING', u'21', u'SEMESTER 1', u'I1', u'INDUMISO CAMPUS FULL-TIME', u'A', u'50001150:McKune', 0.0]
check 'DICD101_SEM1_2018' 'DICD101'
processXLS: only for SEM2 [u'DICD101_SEM1_2018', u'DICD101_SEM1_2017', u'DICD101', u'DRAWING (INTRODUCTION TO CAD)', u'DICVE1', u'DIP ENG TECH IN CIVIL ENGINEERING', u'21', u'SEMESTER 1', u'I1', u'INDUMISO CAMPUS FULL-TIME', u'A', u'50001150:McKune', 0.0]
[u'', u'', u'', u'', u'', u'', u'', u'', u'', u'', u'', u'', u'']
check '' ''
[u'DICD101_SEM2_2018', u'DICD101_SEM2_2017', u'DICD101', u'DRAWING (INTRODUCTION TO CAD)', u'DICVE1', u'DIP ENG TECH IN CIVIL ENGINEERING', u'22', u'SEMESTER 2', u'I1', u'INDUMISO CAMPUS FULL-TIME', u'A', u'50001150:McKune', 0.0]
check 'DICD101_SEM2_2018' 'DICD101'
adding  DICD101
requesting:  http://10.0.100.98:8000/bbinfo/matching_courses/DICD101%25
r= <Response [200]>
matching classes= set([u'DICD101_SEM2_2018', u'DICD101_SEM1_2017', u'DICD101_SEM1_2018', u'DICD101_SEM2_2017'])
[u'', u'', u'', u'', u'', u'', u'', u'', u'', u'', u'', u'', u'']
check '' ''
[u'DRAP101_SEM1_2018', u'DRAP101_SEM1_2017', u'DRAP101', u'DRAWING APPLICATIONS', u'DICVE1', u'DIP ENG TECH IN CIVIL ENGINEERING', u'21', u'SEMESTER 1', u'I1', u'INDUMISO CAMPUS FULL-TIME', u'A', u'50001150:McKune', 0.0]
check 'DRAP101_SEM1_2018' 'DRAP101'
processXLS: only for SEM2 [u'DRAP101_SEM1_2018', u'DRAP101_SEM1_2017', u'DRAP101', u'DRAWING APPLICATIONS', u'DICVE1', u'DIP ENG TECH IN CIVIL ENGINEERING', u'21', u'SEMESTER 1', u'I1', u'INDUMISO CAMPUS FULL-TIME', u'A', u'50001150:McKune', 0.0]
[u'', u'', u'', u'', u'', u'', u'', u'', u'', u'', u'', u'', u'']
check '' ''
[u'DRAP101_SEM2_2018', u'DRAP101_SEM2_2017', u'DRAP101', u'DRAWING APPLICATIONS', u'DICVE1', u'DIP ENG TECH IN CIVIL ENGINEERING', u'22', u'SEMESTER 2', u'I1', u'INDUMISO CAMPUS FULL-TIME', u'A', u'50001150:McKune', 0.0]
check 'DRAP101_SEM2_2018' 'DRAP101'
adding  DRAP101
requesting:  http://10.0.100.98:8000/bbinfo/matching_courses/DRAP101%25
r= <Response [200]>
matching classes= set([u'DRAP101_SEM1_2017', u'DRAP101_SEM2_2017', u'DRAP101_SEM2_2018', u'DRAP101_SEM1_2018'])
[u'', u'', u'', u'', u'', u'', u'', u'', u'', u'', u'', u'', u'']
check '' ''
[u'ICMT101_SEM1_2018', u'ICMT101_SEM1_2017', u'ICMT101', u'INTRODUCTION TO CONSTRUCTION MATERIALS', u'DICVE1', u'DIP ENG TECH IN CIVIL ENGINEERING', u'21', u'SEMESTER 1', u'I1', u'INDUMISO CAMPUS FULL-TIME', u'A', u'50001150:McKune', 0.0]
check 'ICMT101_SEM1_2018' 'ICMT101'
processXLS: only for SEM2 [u'ICMT101_SEM1_2018', u'ICMT101_SEM1_2017', u'ICMT101', u'INTRODUCTION TO CONSTRUCTION MATERIALS', u'DICVE1', u'DIP ENG TECH IN CIVIL ENGINEERING', u'21', u'SEMESTER 1', u'I1', u'INDUMISO CAMPUS FULL-TIME', u'A', u'50001150:McKune', 0.0]
[u'', u'', u'', u'', u'', u'', u'', u'', u'', u'', u'', u'', u'']
check '' ''
[u'ICMT101_SEM2_2018', u'ICMT101_SEM2_2017', u'ICMT101', u'INTRODUCTION TO CONSTRUCTION MATERIALS', u'DICVE1', u'DIP ENG TECH IN CIVIL ENGINEERING', u'22', u'SEMESTER 2', u'I1', u'INDUMISO CAMPUS FULL-TIME', u'A', u'50001150:McKune', 0.0]
check 'ICMT101_SEM2_2018' 'ICMT101'
adding  ICMT101
requesting:  http://10.0.100.98:8000/bbinfo/matching_courses/ICMT101%25
r= <Response [200]>
matching classes= set([u'ICMT101_SEM2_2018', u'ICMT101_SEM1_2017', u'ICMT101_SEM1_2018', u'ICMT101_SEM2_2017'])
[u'', u'', u'', u'', u'', u'', u'', u'', u'', u'', u'', u'', u'']
check '' ''
[u'CNTM201_SEM1_2018', u'CNTM201_SEM1_2017', u'CNTM201', u'CONTRACT MANAGEMENT', u'DICVE1', u'DIP ENG TECH IN CIVIL ENGINEERING', u'21', u'SEMESTER 1', u'I1', u'INDUMISO CAMPUS FULL-TIME', u'A', u'50001150:McKune', 0.0]
check 'CNTM201_SEM1_2018' 'CNTM201'
processXLS: only for SEM2 [u'CNTM201_SEM1_2018', u'CNTM201_SEM1_2017', u'CNTM201', u'CONTRACT MANAGEMENT', u'DICVE1', u'DIP ENG TECH IN CIVIL ENGINEERING', u'21', u'SEMESTER 1', u'I1', u'INDUMISO CAMPUS FULL-TIME', u'A', u'50001150:McKune', 0.0]
[u'', u'', u'', u'', u'', u'', u'', u'', u'', u'', u'', u'', u'']
check '' ''
[u'CNTM201_SEM2_2018', u'CNTM201_SEM2_2017', u'CNTM201', u'CONTRACT MANAGEMENT', u'DICVE1', u'DIP ENG TECH IN CIVIL ENGINEERING', u'22', u'SEMESTER 2', u'I1', u'INDUMISO CAMPUS FULL-TIME', u'A', u'50001150:McKune', 0.0]
check 'CNTM201_SEM2_2018' 'CNTM201'
adding  CNTM201
requesting:  http://10.0.100.98:8000/bbinfo/matching_courses/CNTM201%25
r= <Response [200]>
matching classes= set([u'CNTM201_SEM2_2018', u'CNTM201_SEM1_2017', u'CNTM201_SEM1_2018', u'CNTM201_SEM2_2017'])
[u'', u'', u'', u'', u'', u'', u'', u'', u'', u'', u'', u'', u'']
check '' ''
[u'CTAD201_SEM1_2018', u'CTAD201_SEM1_2017', u'CTAD201', u'CONTRACT ADMINISTRATION', u'DICVE1', u'DIP ENG TECH IN CIVIL ENGINEERING', u'21', u'SEMESTER 1', u'I1', u'INDUMISO CAMPUS FULL-TIME', u'A', u'50001150:McKune', 0.0]
check 'CTAD201_SEM1_2018' 'CTAD201'
processXLS: only for SEM2 [u'CTAD201_SEM1_2018', u'CTAD201_SEM1_2017', u'CTAD201', u'CONTRACT ADMINISTRATION', u'DICVE1', u'DIP ENG TECH IN CIVIL ENGINEERING', u'21', u'SEMESTER 1', u'I1', u'INDUMISO CAMPUS FULL-TIME', u'A', u'50001150:McKune', 0.0]
[u'', u'', u'', u'', u'', u'', u'', u'', u'', u'', u'', u'', u'']
check '' ''
[u'CTAD201_SEM2_2018', u'CTAD201_SEM2_2017', u'CTAD201', u'CONTRACT ADMINISTRATION', u'DICVE1', u'DIP ENG TECH IN CIVIL ENGINEERING', u'22', u'SEMESTER 2', u'I1', u'INDUMISO CAMPUS FULL-TIME', u'A', u'50001150:McKune', 0.0]
check 'CTAD201_SEM2_2018' 'CTAD201'
adding  CTAD201
requesting:  http://10.0.100.98:8000/bbinfo/matching_courses/CTAD201%25
r= <Response [200]>
matching classes= set([u'CTAD201_SEM2_2018', u'CTAD201_SEM1_2017', u'CTAD201_SEM1_2018', u'CTAD201_SEM2_2017'])
[u'', u'', u'', u'', u'', u'', u'', u'', u'', u'', u'', u'', u'']
check '' ''
[u'DSGP201_SEM1_2018', u'DSGP201_SEM1_2017', u'DSGP201', u'DESIGN PROJECT', u'DICVE1', u'DIP ENG TECH IN CIVIL ENGINEERING', u'21', u'SEMESTER 1', u'I1', u'INDUMISO CAMPUS FULL-TIME', u'A', u'50001150:McKune', 0.0]
check 'DSGP201_SEM1_2018' 'DSGP201'
processXLS: only for SEM2 [u'DSGP201_SEM1_2018', u'DSGP201_SEM1_2017', u'DSGP201', u'DESIGN PROJECT', u'DICVE1', u'DIP ENG TECH IN CIVIL ENGINEERING', u'21', u'SEMESTER 1', u'I1', u'INDUMISO CAMPUS FULL-TIME', u'A', u'50001150:McKune', 0.0]
[u'', u'', u'', u'', u'', u'', u'', u'', u'', u'', u'', u'', u'']
check '' ''
[u'DSGP201_SEM2_2018', u'DSGP201_SEM2_2017', u'DSGP201', u'DESIGN PROJECT', u'DICVE1', u'DIP ENG TECH IN CIVIL ENGINEERING', u'22', u'SEMESTER 2', u'I1', u'INDUMISO CAMPUS FULL-TIME', u'A', u'50001150:McKune', 0.0]
check 'DSGP201_SEM2_2018' 'DSGP201'
adding  DSGP201
requesting:  http://10.0.100.98:8000/bbinfo/matching_courses/DSGP201%25
r= <Response [200]>
matching classes= set([u'DSGP201_SEM2_2018', u'DSGP201_SEM1_2017', u'DSGP201_SEM1_2018', u'DSGP201_SEM2_2017'])
[u'', u'', u'', u'', u'', u'', u'', u'', u'', u'', u'', u'', u'']
check '' ''
[u'INSD201_SEM1_2018', u'INSD201_SEM1_2017', u'INSD201', u'INTRODUCTION TO STRUCTURAL DESIGN', u'DICVE1', u'DIP ENG TECH IN CIVIL ENGINEERING', u'21', u'SEMESTER 1', u'I1', u'INDUMISO CAMPUS FULL-TIME', u'A', u'50001150:McKune', 0.0]
check 'INSD201_SEM1_2018' 'INSD201'
processXLS: only for SEM2 [u'INSD201_SEM1_2018', u'INSD201_SEM1_2017', u'INSD201', u'INTRODUCTION TO STRUCTURAL DESIGN', u'DICVE1', u'DIP ENG TECH IN CIVIL ENGINEERING', u'21', u'SEMESTER 1', u'I1', u'INDUMISO CAMPUS FULL-TIME', u'A', u'50001150:McKune', 0.0]
[u'', u'', u'', u'', u'', u'', u'', u'', u'', u'', u'', u'', u'']
check '' ''
[u'INSD201_SEM2_2018', u'INSD201_SEM2_2017', u'INSD201', u'INTRODUCTION TO STRUCTURAL DESIGN', u'DICVE1', u'DIP ENG TECH IN CIVIL ENGINEERING', u'22', u'SEMESTER 2', u'I1', u'INDUMISO CAMPUS FULL-TIME', u'A', u'50001150:McKune', 0.0]
check 'INSD201_SEM2_2018' 'INSD201'
adding  INSD201
requesting:  http://10.0.100.98:8000/bbinfo/matching_courses/INSD201%25
r= <Response [200]>
matching classes= set([u'INSD201_SEM1_2017', u'INSD201_SEM2_2017', u'INSD201_SEM2_2018', u'INSD201_SEM1_2018'])
[u'', u'', u'', u'', u'', u'', u'', u'', u'', u'', u'', u'', u'']
check '' ''
[u'IWEA201_SEM1_2018', u'IWEA201_SEM1_2017', u'IWEA201', u'INTRODUCTION TO WATER ENGINEERING A', u'DICVE1', u'DIP ENG TECH IN CIVIL ENGINEERING', u'21', u'SEMESTER 1', u'I1', u'INDUMISO CAMPUS FULL-TIME', u'A', u'50001150:McKune', 0.0]
check 'IWEA201_SEM1_2018' 'IWEA201'
processXLS: only for SEM2 [u'IWEA201_SEM1_2018', u'IWEA201_SEM1_2017', u'IWEA201', u'INTRODUCTION TO WATER ENGINEERING A', u'DICVE1', u'DIP ENG TECH IN CIVIL ENGINEERING', u'21', u'SEMESTER 1', u'I1', u'INDUMISO CAMPUS FULL-TIME', u'A', u'50001150:McKune', 0.0]
[u'', u'', u'', u'', u'', u'', u'', u'', u'', u'', u'', u'', u'']
check '' ''
[u'IWEA201_SEM2_2018', u'IWEA201_SEM2_2017', u'IWEA201', u'INTRODUCTION TO WATER ENGINEERING A', u'DICVE1', u'DIP ENG TECH IN CIVIL ENGINEERING', u'22', u'SEMESTER 2', u'I1', u'INDUMISO CAMPUS FULL-TIME', u'A', u'50001150:McKune', 0.0]
check 'IWEA201_SEM2_2018' 'IWEA201'
adding  IWEA201
requesting:  http://10.0.100.98:8000/bbinfo/matching_courses/IWEA201%25
r= <Response [200]>
matching classes= set([u'IWEA201_SEM1_2018', u'IWEA201_SEM2_2017', u'IWEA201_SEM2_2018', u'IWEA201_SEM1_2017'])
[u'', u'', u'', u'', u'', u'', u'', u'', u'', u'', u'', u'', u'']
check '' ''
[u'IWEB201_SEM1_2018', u'IWEB201_SEM1_2017', u'IWEB201', u'INTRODUCTION TO WATER ENGINEERING B', u'DICVE1', u'DIP ENG TECH IN CIVIL ENGINEERING', u'21', u'SEMESTER 1', u'I1', u'INDUMISO CAMPUS FULL-TIME', u'A', u'50001150:McKune', 0.0]
check 'IWEB201_SEM1_2018' 'IWEB201'
processXLS: only for SEM2 [u'IWEB201_SEM1_2018', u'IWEB201_SEM1_2017', u'IWEB201', u'INTRODUCTION TO WATER ENGINEERING B', u'DICVE1', u'DIP ENG TECH IN CIVIL ENGINEERING', u'21', u'SEMESTER 1', u'I1', u'INDUMISO CAMPUS FULL-TIME', u'A', u'50001150:McKune', 0.0]
[u'', u'', u'', u'', u'', u'', u'', u'', u'', u'', u'', u'', u'']
check '' ''
[u'IWEB201_SEM2_2018', u'IWEB201_SEM2_2017', u'IWEB201', u'INTRODUCTION TO WATER ENGINEERING B', u'DICVE1', u'DIP ENG TECH IN CIVIL ENGINEERING', u'22', u'SEMESTER 2', u'I1', u'INDUMISO CAMPUS FULL-TIME', u'A', u'50001150:McKune', 0.0]
check 'IWEB201_SEM2_2018' 'IWEB201'
adding  IWEB201
requesting:  http://10.0.100.98:8000/bbinfo/matching_courses/IWEB201%25
r= <Response [200]>
matching classes= set([u'IWEB201_SEM2_2018', u'IWEB201_SEM1_2017', u'IWEB201_SEM1_2018', u'IWEB201_SEM2_2017'])
[u'', u'', u'', u'', u'', u'', u'', u'', u'', u'', u'', u'', u'']
check '' ''
[u'SLMA201_SEM1_2018', u'SLMA201_SEM1_2017', u'SLMA201', u'SOIL MECHANICS A', u'DICVE1', u'DIP ENG TECH IN CIVIL ENGINEERING', u'21', u'SEMESTER 1', u'I1', u'INDUMISO CAMPUS FULL-TIME', u'A', u'50001150:McKune', 0.0]
check 'SLMA201_SEM1_2018' 'SLMA201'
processXLS: only for SEM2 [u'SLMA201_SEM1_2018', u'SLMA201_SEM1_2017', u'SLMA201', u'SOIL MECHANICS A', u'DICVE1', u'DIP ENG TECH IN CIVIL ENGINEERING', u'21', u'SEMESTER 1', u'I1', u'INDUMISO CAMPUS FULL-TIME', u'A', u'50001150:McKune', 0.0]
[u'', u'', u'', u'', u'', u'', u'', u'', u'', u'', u'', u'', u'']
check '' ''
[u'SLMA201_SEM2_2018', u'SLMA201_SEM2_2017', u'SLMA201', u'SOIL MECHANICS A', u'DICVE1', u'DIP ENG TECH IN CIVIL ENGINEERING', u'22', u'SEMESTER 2', u'I1', u'INDUMISO CAMPUS FULL-TIME', u'A', u'50001150:McKune', 0.0]
check 'SLMA201_SEM2_2018' 'SLMA201'
adding  SLMA201
requesting:  http://10.0.100.98:8000/bbinfo/matching_courses/SLMA201%25
r= <Response [200]>
matching classes= set([u'SLMA201_SEM1_2018', u'SLMA201_SEM2_2018', u'SLMA201_SEM2_2017', u'SLMA201_SEM1_2017'])
[u'', u'', u'', u'', u'', u'', u'', u'', u'', u'', u'', u'', u'']
check '' ''
[u'SLMB201_SEM1_2018', u'SLMB201_SEM1_2017', u'SLMB201', u'SOIL MECHANICS B', u'DICVE1', u'DIP ENG TECH IN CIVIL ENGINEERING', u'21', u'SEMESTER 1', u'I1', u'INDUMISO CAMPUS FULL-TIME', u'A', u'50001150:McKune', 0.0]
check 'SLMB201_SEM1_2018' 'SLMB201'
processXLS: only for SEM2 [u'SLMB201_SEM1_2018', u'SLMB201_SEM1_2017', u'SLMB201', u'SOIL MECHANICS B', u'DICVE1', u'DIP ENG TECH IN CIVIL ENGINEERING', u'21', u'SEMESTER 1', u'I1', u'INDUMISO CAMPUS FULL-TIME', u'A', u'50001150:McKune', 0.0]
[u'', u'', u'', u'', u'', u'', u'', u'', u'', u'', u'', u'', u'']
check '' ''
[u'SLMB201_SEM2_2018', u'SLMB201_SEM2_2017', u'SLMB201', u'SOIL MECHANICS B', u'DICVE1', u'DIP ENG TECH IN CIVIL ENGINEERING', u'22', u'SEMESTER 2', u'I1', u'INDUMISO CAMPUS FULL-TIME', u'A', u'50001150:McKune', 0.0]
check 'SLMB201_SEM2_2018' 'SLMB201'
adding  SLMB201
requesting:  http://10.0.100.98:8000/bbinfo/matching_courses/SLMB201%25
r= <Response [200]>
matching classes= set([u'SLMB201_SEM2_2018', u'SLMB201_SEM1_2018', u'SLMB201_SEM1_2017', u'SLMB201_SEM2_2017'])
[u'', u'', u'', u'', u'', u'', u'', u'', u'', u'', u'', u'', u'']
check '' ''
[u'STDT201_SEM1_2018', u'STDT201_SEM1_2017', u'STDT201', u'STRUCTURAL DETAILING', u'DICVE1', u'DIP ENG TECH IN CIVIL ENGINEERING', u'21', u'SEMESTER 1', u'I1', u'INDUMISO CAMPUS FULL-TIME', u'A', u'50001150:McKune', 0.0]
check 'STDT201_SEM1_2018' 'STDT201'
processXLS: only for SEM2 [u'STDT201_SEM1_2018', u'STDT201_SEM1_2017', u'STDT201', u'STRUCTURAL DETAILING', u'DICVE1', u'DIP ENG TECH IN CIVIL ENGINEERING', u'21', u'SEMESTER 1', u'I1', u'INDUMISO CAMPUS FULL-TIME', u'A', u'50001150:McKune', 0.0]
[u'', u'', u'', u'', u'', u'', u'', u'', u'', u'', u'', u'', u'']
check '' ''
[u'STDT201_SEM2_2018', u'STDT201_SEM2_2017', u'STDT201', u'STRUCTURAL DETAILING', u'DICVE1', u'DIP ENG TECH IN CIVIL ENGINEERING', u'22', u'SEMESTER 2', u'I1', u'INDUMISO CAMPUS FULL-TIME', u'A', u'50001150:McKune', 0.0]
check 'STDT201_SEM2_2018' 'STDT201'
adding  STDT201
requesting:  http://10.0.100.98:8000/bbinfo/matching_courses/STDT201%25
r= <Response [200]>
matching classes= set([u'STDT201_SEM1_2018', u'STDT201_SEM2_2017', u'STDT201_SEM2_2018', u'STDT201_SEM1_2017'])
[u'', u'', u'', u'', u'', u'', u'', u'', u'', u'', u'', u'', u'']
check '' ''
[u'STME201_SEM1_2018', u'STME201_SEM1_2017', u'STME201', u'STRUCTURAL MECHANICS', u'DICVE1', u'DIP ENG TECH IN CIVIL ENGINEERING', u'21', u'SEMESTER 1', u'I1', u'INDUMISO CAMPUS FULL-TIME', u'A', u'50001150:McKune', 0.0]
check 'STME201_SEM1_2018' 'STME201'
processXLS: only for SEM2 [u'STME201_SEM1_2018', u'STME201_SEM1_2017', u'STME201', u'STRUCTURAL MECHANICS', u'DICVE1', u'DIP ENG TECH IN CIVIL ENGINEERING', u'21', u'SEMESTER 1', u'I1', u'INDUMISO CAMPUS FULL-TIME', u'A', u'50001150:McKune', 0.0]
[u'', u'', u'', u'', u'', u'', u'', u'', u'', u'', u'', u'', u'']
check '' ''
[u'STME201_SEM2_2018', u'STME201_SEM2_2017', u'STME201', u'STRUCTURAL MECHANICS', u'DICVE1', u'DIP ENG TECH IN CIVIL ENGINEERING', u'22', u'SEMESTER 2', u'I1', u'INDUMISO CAMPUS FULL-TIME', u'A', u'50001150:McKune', 0.0]
check 'STME201_SEM2_2018' 'STME201'
adding  STME201
requesting:  http://10.0.100.98:8000/bbinfo/matching_courses/STME201%25
r= <Response [200]>
matching classes= set([u'STME201_SEM2_2017', u'STME201_SEM1_2017', u'STME201_SEM1_2018', u'STME201_SEM2_2018'])
[u'', u'', u'', u'', u'', u'', u'', u'', u'', u'', u'', u'', u'']
check '' ''
[u'STRA201_SEM1_2018', u'STRA201_SEM1_2017', u'STRA201', u'STRUCTURAL ANALYSIS', u'DICVE1', u'DIP ENG TECH IN CIVIL ENGINEERING', u'21', u'SEMESTER 1', u'I1', u'INDUMISO CAMPUS FULL-TIME', u'A', u'50001150:McKune', 0.0]
check 'STRA201_SEM1_2018' 'STRA201'
processXLS: only for SEM2 [u'STRA201_SEM1_2018', u'STRA201_SEM1_2017', u'STRA201', u'STRUCTURAL ANALYSIS', u'DICVE1', u'DIP ENG TECH IN CIVIL ENGINEERING', u'21', u'SEMESTER 1', u'I1', u'INDUMISO CAMPUS FULL-TIME', u'A', u'50001150:McKune', 0.0]
[u'', u'', u'', u'', u'', u'', u'', u'', u'', u'', u'', u'', u'']
check '' ''
[u'STRA201_SEM2_2018', u'STRA201_SEM2_2017', u'STRA201', u'STRUCTURAL ANALYSIS', u'DICVE1', u'DIP ENG TECH IN CIVIL ENGINEERING', u'22', u'SEMESTER 2', u'I1', u'INDUMISO CAMPUS FULL-TIME', u'A', u'50001150:McKune', 0.0]
check 'STRA201_SEM2_2018' 'STRA201'
adding  STRA201
requesting:  http://10.0.100.98:8000/bbinfo/matching_courses/STRA201%25
r= <Response [200]>
matching classes= set([u'STRA201_SEM2_2018', u'STRA201_SEM1_2017', u'STRA201_SEM1_2018', u'STRA201_SEM2_2017'])
[u'', u'', u'', u'', u'', u'', u'', u'', u'', u'', u'', u'', u'']
check '' ''
[u'SVCE201_SEM1_2018', u'SVCE201_SEM1_2017', u'SVCE201', u'SURVEYING FOR CIVIL ENGINEERING', u'DICVE1', u'DIP ENG TECH IN CIVIL ENGINEERING', u'21', u'SEMESTER 1', u'I1', u'INDUMISO CAMPUS FULL-TIME', u'A', u'50001150:McKune', 0.0]
check 'SVCE201_SEM1_2018' 'SVCE201'
processXLS: only for SEM2 [u'SVCE201_SEM1_2018', u'SVCE201_SEM1_2017', u'SVCE201', u'SURVEYING FOR CIVIL ENGINEERING', u'DICVE1', u'DIP ENG TECH IN CIVIL ENGINEERING', u'21', u'SEMESTER 1', u'I1', u'INDUMISO CAMPUS FULL-TIME', u'A', u'50001150:McKune', 0.0]
[u'', u'', u'', u'', u'', u'', u'', u'', u'', u'', u'', u'', u'']
check '' ''
[u'SVCE201_SEM2_2018', u'SVCE201_SEM2_2017', u'SVCE201', u'SURVEYING FOR CIVIL ENGINEERING', u'DICVE1', u'DIP ENG TECH IN CIVIL ENGINEERING', u'22', u'SEMESTER 2', u'I1', u'INDUMISO CAMPUS FULL-TIME', u'A', u'50001150:McKune', 0.0]
check 'SVCE201_SEM2_2018' 'SVCE201'
adding  SVCE201
requesting:  http://10.0.100.98:8000/bbinfo/matching_courses/SVCE201%25
r= <Response [200]>
matching classes= set([u'SVCE201_SEM1_2018', u'SVCE201_SEM2_2018', u'SVCE201_SEM2_2017', u'SVCE201_SEM1_2017'])
[u'', u'', u'', u'', u'', u'', u'', u'', u'', u'', u'', u'', u'']
check '' ''
[u'TRNA201_SEM1_2018', u'TRNA201_SEM1_2017', u'TRNA201', u'TRANSPORT TECHNOLOGY A', u'DICVE1', u'DIP ENG TECH IN CIVIL ENGINEERING', u'21', u'SEMESTER 1', u'I1', u'INDUMISO CAMPUS FULL-TIME', u'A', u'50001150:McKune', 0.0]
check 'TRNA201_SEM1_2018' 'TRNA201'
processXLS: only for SEM2 [u'TRNA201_SEM1_2018', u'TRNA201_SEM1_2017', u'TRNA201', u'TRANSPORT TECHNOLOGY A', u'DICVE1', u'DIP ENG TECH IN CIVIL ENGINEERING', u'21', u'SEMESTER 1', u'I1', u'INDUMISO CAMPUS FULL-TIME', u'A', u'50001150:McKune', 0.0]
[u'', u'', u'', u'', u'', u'', u'', u'', u'', u'', u'', u'', u'']
check '' ''
[u'TRNA201_SEM2_2018', u'TRNA201_SEM2_2017', u'TRNA201', u'TRANSPORT TECHNOLOGY A', u'DICVE1', u'DIP ENG TECH IN CIVIL ENGINEERING', u'22', u'SEMESTER 2', u'I1', u'INDUMISO CAMPUS FULL-TIME', u'A', u'50001150:McKune', 0.0]
check 'TRNA201_SEM2_2018' 'TRNA201'
adding  TRNA201
requesting:  http://10.0.100.98:8000/bbinfo/matching_courses/TRNA201%25
r= <Response [200]>
matching classes= set([u'TRNA201_SEM1_2018', u'TRNA201_SEM2_2017', u'TRNA201_SEM2_2018', u'TRNA201_SEM1_2017'])
[u'', u'', u'', u'', u'', u'', u'', u'', u'', u'', u'', u'', u'']
check '' ''
[u'TRNB201_SEM1_2018', u'TRNB201_SEM1_2017', u'TRNB201', u'TRANSPORT TECHNOLOGY B', u'DICVE1', u'DIP ENG TECH IN CIVIL ENGINEERING', u'21', u'SEMESTER 1', u'I1', u'INDUMISO CAMPUS FULL-TIME', u'A', u'50001150:McKune', 0.0]
check 'TRNB201_SEM1_2018' 'TRNB201'
processXLS: only for SEM2 [u'TRNB201_SEM1_2018', u'TRNB201_SEM1_2017', u'TRNB201', u'TRANSPORT TECHNOLOGY B', u'DICVE1', u'DIP ENG TECH IN CIVIL ENGINEERING', u'21', u'SEMESTER 1', u'I1', u'INDUMISO CAMPUS FULL-TIME', u'A', u'50001150:McKune', 0.0]
[u'...', u'', u'', u'', u'', u'', u'', u'', u'', u'', u'', u'', u'']
check '...' ''
[u'New subjects for 2018', u'', u'', u'', u'', u'', u'', u'', u'', u'', u'', u'', u'']
check 'New subjects for 2018' ''
processXLS: finished processing workingSheets/data/BBC3504CivilEngineering(midlands)2017.xls
getWS: requesting:  http://10.0.100.98:8000/itsenrol/classlist/2018/22/CTRM411 rsp= <Response [200]>
getWS: requesting:  http://10.0.100.98:8000/bbinfo/classlist/CTRM411 rsp= <Response [200]>
getNewStudentsInSubject: ITS 44, BB 1 -> 44 new enrollments
getWS: requesting:  http://10.0.100.98:8000/itsenrol/classlist/2018/22/SRVC211 rsp= <Response [200]>
getWS: requesting:  http://10.0.100.98:8000/bbinfo/classlist/SRVC211 rsp= <Response [200]>
getNewStudentsInSubject: ITS 0, BB 77 -> 0 new enrollments
getWS: requesting:  http://10.0.100.98:8000/itsenrol/classlist/2018/22/DWIN201 rsp= <Response [200]>
getWS: requesting:  http://10.0.100.98:8000/bbinfo/classlist/DWIN201 rsp= <Response [200]>
getNewStudentsInSubject: ITS 0, BB 95 -> 0 new enrollments
getWS: requesting:  http://10.0.100.98:8000/itsenrol/classlist/2018/22/CPTR122 rsp= <Response [200]>
getWS: requesting:  http://10.0.100.98:8000/bbinfo/classlist/CPTR122 rsp= <Response [200]>
getNewStudentsInSubject: ITS 0, BB 18 -> 0 new enrollments
getWS: requesting:  http://10.0.100.98:8000/itsenrol/classlist/2018/22/MNCV221 rsp= <Response [200]>
getWS: requesting:  http://10.0.100.98:8000/bbinfo/classlist/MNCV221 rsp= <Response [200]>
getNewStudentsInSubject: ITS 2, BB 176 -> 1 new enrollments
getWS: requesting:  http://10.0.100.98:8000/itsenrol/classlist/2018/22/DCMT321 rsp= <Response [200]>
getWS: requesting:  http://10.0.100.98:8000/bbinfo/classlist/DCMT321 rsp= <Response [200]>
getNewStudentsInSubject: ITS 40, BB 200 -> 39 new enrollments
getWS: requesting:  http://10.0.100.98:8000/itsenrol/classlist/2018/22/STRA201 rsp= <Response [200]>
getWS: requesting:  http://10.0.100.98:8000/bbinfo/classlist/STRA201 rsp= <Response [200]>
getNewStudentsInSubject: ITS 49, BB 1 -> 49 new enrollments
getWS: requesting:  http://10.0.100.98:8000/itsenrol/classlist/2018/22/STAL321 rsp= <Response [200]>
getWS: requesting:  http://10.0.100.98:8000/bbinfo/classlist/STAL321 rsp= <Response [200]>
getNewStudentsInSubject: ITS 35, BB 214 -> 34 new enrollments
getWS: requesting:  http://10.0.100.98:8000/itsenrol/classlist/2018/22/CPSA122 rsp= <Response [200]>
getWS: requesting:  http://10.0.100.98:8000/bbinfo/classlist/CPSA122 rsp= <Response [200]>
getNewStudentsInSubject: ITS 44, BB 306 -> 44 new enrollments
getWS: requesting:  http://10.0.100.98:8000/itsenrol/classlist/2018/22/CMAA101 rsp= <Response [200]>
getWS: requesting:  http://10.0.100.98:8000/bbinfo/classlist/CMAA101 rsp= <Response [200]>
getNewStudentsInSubject: ITS 63, BB 335 -> 49 new enrollments
getWS: requesting:  http://10.0.100.98:8000/itsenrol/classlist/2018/22/HDLY421 rsp= <Response [200]>
getWS: requesting:  http://10.0.100.98:8000/bbinfo/classlist/HDLY421 rsp= <Response [200]>
getNewStudentsInSubject: ITS 7, BB 79 -> 6 new enrollments
getWS: requesting:  http://10.0.100.98:8000/itsenrol/classlist/2018/22/STDT201 rsp= <Response [200]>
getWS: requesting:  http://10.0.100.98:8000/bbinfo/classlist/STDT201 rsp= <Response [200]>
getNewStudentsInSubject: ITS 50, BB 1 -> 50 new enrollments
getWS: requesting:  http://10.0.100.98:8000/itsenrol/classlist/2018/22/AMCN101 rsp= <Response [200]>
getWS: requesting:  http://10.0.100.98:8000/bbinfo/classlist/AMCN101 rsp= <Response [200]>
getNewStudentsInSubject: ITS 0, BB 2 -> 0 new enrollments
getWS: requesting:  http://10.0.100.98:8000/itsenrol/classlist/2018/22/RCMS311 rsp= <Response [200]>
getWS: requesting:  http://10.0.100.98:8000/bbinfo/classlist/RCMS311 rsp= <Response [200]>
getNewStudentsInSubject: ITS 48, BB 204 -> 41 new enrollments
getWS: requesting:  http://10.0.100.98:8000/itsenrol/classlist/2018/22/INSD201 rsp= <Response [200]>
getWS: requesting:  http://10.0.100.98:8000/bbinfo/classlist/INSD201 rsp= <Response [200]>
getNewStudentsInSubject: ITS 38, BB 3 -> 38 new enrollments
getWS: requesting:  http://10.0.100.98:8000/itsenrol/classlist/2018/22/CMTD101 rsp= <Response [200]>
getWS: requesting:  http://10.0.100.98:8000/bbinfo/classlist/CMTD101 rsp= <Response [200]>
getNewStudentsInSubject: ITS 0, BB 139 -> 0 new enrollments
getWS: requesting:  http://10.0.100.98:8000/itsenrol/classlist/2018/22/FCMS10P rsp= <Response [200]>
getWS: requesting:  http://10.0.100.98:8000/bbinfo/classlist/FCMS10P rsp= <Response [200]>
getNewStudentsInSubject: ITS 44, BB 306 -> 44 new enrollments
getWS: requesting:  http://10.0.100.98:8000/itsenrol/classlist/2018/22/CNTM201 rsp= <Response [200]>
getWS: requesting:  http://10.0.100.98:8000/bbinfo/classlist/CNTM201 rsp= <Response [200]>
getNewStudentsInSubject: ITS 78, BB 89 -> 68 new enrollments
getWS: requesting:  http://10.0.100.98:8000/itsenrol/classlist/2018/22/IDRN221 rsp= <Response [200]>
getWS: requesting:  http://10.0.100.98:8000/bbinfo/classlist/IDRN221 rsp= <Response [200]>
getNewStudentsInSubject: ITS 0, BB 41 -> 0 new enrollments
getWS: requesting:  http://10.0.100.98:8000/itsenrol/classlist/2018/22/WTRE221 rsp= <Response [200]>
getWS: requesting:  http://10.0.100.98:8000/bbinfo/classlist/WTRE221 rsp= <Response [200]>
getNewStudentsInSubject: ITS 7, BB 237 -> 1 new enrollments
getWS: requesting:  http://10.0.100.98:8000/itsenrol/classlist/2018/22/SLMB201 rsp= <Response [200]>
getWS: requesting:  http://10.0.100.98:8000/bbinfo/classlist/SLMB201 rsp= <Response [200]>
getNewStudentsInSubject: ITS 0, BB 1 -> 0 new enrollments
getWS: requesting:  http://10.0.100.98:8000/itsenrol/classlist/2018/22/SSTM311 rsp= <Response [200]>
getWS: requesting:  http://10.0.100.98:8000/bbinfo/classlist/SSTM311 rsp= <Response [200]>
getNewStudentsInSubject: ITS 2, BB 231 -> 1 new enrollments
getWS: requesting:  http://10.0.100.98:8000/itsenrol/classlist/2018/22/WTRE321 rsp= <Response [200]>
getWS: requesting:  http://10.0.100.98:8000/bbinfo/classlist/WTRE321 rsp= <Response [200]>
getNewStudentsInSubject: ITS 67, BB 184 -> 57 new enrollments
getWS: requesting:  http://10.0.100.98:8000/itsenrol/classlist/2018/22/STAL221 rsp= <Response [200]>
getWS: requesting:  http://10.0.100.98:8000/bbinfo/classlist/STAL221 rsp= <Response [200]>
getNewStudentsInSubject: ITS 1, BB 180 -> 1 new enrollments
getWS: requesting:  http://10.0.100.98:8000/itsenrol/classlist/2018/22/SLMA201 rsp= <Response [200]>
getWS: requesting:  http://10.0.100.98:8000/bbinfo/classlist/SLMA201 rsp= <Response [200]>
getNewStudentsInSubject: ITS 69, BB 87 -> 61 new enrollments
getWS: requesting:  http://10.0.100.98:8000/itsenrol/classlist/2018/22/CNSM101 rsp= <Response [200]>
getWS: requesting:  http://10.0.100.98:8000/bbinfo/classlist/CNSM101 rsp= <Response [200]>
getNewStudentsInSubject: ITS 0, BB 1 -> 0 new enrollments
getWS: requesting:  http://10.0.100.98:8000/itsenrol/classlist/2018/22/THRS201 rsp= <Response [200]>
getWS: requesting:  http://10.0.100.98:8000/bbinfo/classlist/THRS201 rsp= <Response [200]>
getNewStudentsInSubject: ITS 0, BB 78 -> 0 new enrollments
getWS: requesting:  http://10.0.100.98:8000/itsenrol/classlist/2018/22/SRVY111 rsp= <Response [200]>
getWS: requesting:  http://10.0.100.98:8000/bbinfo/classlist/SRVY111 rsp= <Response [200]>
getNewStudentsInSubject: ITS 0, BB 1 -> 0 new enrollments
getWS: requesting:  http://10.0.100.98:8000/itsenrol/classlist/2018/22/TRNE221 rsp= <Response [200]>
getWS: requesting:  http://10.0.100.98:8000/bbinfo/classlist/TRNE221 rsp= <Response [200]>
getNewStudentsInSubject: ITS 0, BB 40 -> 0 new enrollments
getWS: requesting:  http://10.0.100.98:8000/itsenrol/classlist/2018/22/SLWM411 rsp= <Response [200]>
getWS: requesting:  http://10.0.100.98:8000/bbinfo/classlist/SLWM411 rsp= <Response [200]>
getNewStudentsInSubject: ITS 67, BB 1 -> 67 new enrollments
getWS: requesting:  http://10.0.100.98:8000/itsenrol/classlist/2018/22/FMTH10P rsp= <Response [200]>
getWS: requesting:  http://10.0.100.98:8000/bbinfo/classlist/FMTH10P rsp= <Response [200]>
getNewStudentsInSubject: ITS 44, BB 306 -> 44 new enrollments
getWS: requesting:  http://10.0.100.98:8000/itsenrol/classlist/2018/22/CMAB101 rsp= <Response [200]>
getWS: requesting:  http://10.0.100.98:8000/bbinfo/classlist/CMAB101 rsp= <Response [200]>
getNewStudentsInSubject: ITS 96, BB 344 -> 80 new enrollments
getWS: requesting:  http://10.0.100.98:8000/itsenrol/classlist/2018/22/MATH102 rsp= <Response [200]>
getWS: requesting:  http://10.0.100.98:8000/bbinfo/classlist/MATH102 rsp= <Response [200]>
getNewStudentsInSubject: ITS 0, BB 4 -> 0 new enrollments
getWS: requesting:  http://10.0.100.98:8000/itsenrol/classlist/2018/22/WTRT421 rsp= <Response [200]>
getWS: requesting:  http://10.0.100.98:8000/bbinfo/classlist/WTRT421 rsp= <Response [200]>
getNewStudentsInSubject: ITS 32, BB 1 -> 32 new enrollments
getWS: requesting:  http://10.0.100.98:8000/itsenrol/classlist/2018/22/TRNA201 rsp= <Response [200]>
getWS: requesting:  http://10.0.100.98:8000/bbinfo/classlist/TRNA201 rsp= <Response [200]>
getNewStudentsInSubject: ITS 75, BB 81 -> 65 new enrollments
getWS: requesting:  http://10.0.100.98:8000/itsenrol/classlist/2018/22/GTCE311 rsp= <Response [200]>
getWS: requesting:  http://10.0.100.98:8000/bbinfo/classlist/GTCE311 rsp= <Response [200]>
getNewStudentsInSubject: ITS 78, BB 202 -> 70 new enrollments
getWS: requesting:  http://10.0.100.98:8000/itsenrol/classlist/2018/22/CEMT101 rsp= <Response [200]>
getWS: requesting:  http://10.0.100.98:8000/bbinfo/classlist/CEMT101 rsp= <Response [200]>
getNewStudentsInSubject: ITS 152, BB 202 -> 137 new enrollments
getWS: requesting:  http://10.0.100.98:8000/itsenrol/classlist/2018/22/HDLY411 rsp= <Response [200]>
getWS: requesting:  http://10.0.100.98:8000/bbinfo/classlist/HDLY411 rsp= <Response [200]>
getNewStudentsInSubject: ITS 0, BB 78 -> 0 new enrollments
getWS: requesting:  http://10.0.100.98:8000/itsenrol/classlist/2018/22/FSCI10P rsp= <Response [200]>
getWS: requesting:  http://10.0.100.98:8000/bbinfo/classlist/FSCI10P rsp= <Response [200]>
getNewStudentsInSubject: ITS 44, BB 306 -> 44 new enrollments
getWS: requesting:  http://10.0.100.98:8000/itsenrol/classlist/2018/22/DICD101 rsp= <Response [200]>
getWS: requesting:  http://10.0.100.98:8000/bbinfo/classlist/DICD101 rsp= <Response [200]>
getNewStudentsInSubject: ITS 117, BB 199 -> 103 new enrollments
getWS: requesting:  http://10.0.100.98:8000/itsenrol/classlist/2018/22/SRVC221 rsp= <Response [200]>
getWS: requesting:  http://10.0.100.98:8000/bbinfo/classlist/SRVC221 rsp= <Response [200]>
getNewStudentsInSubject: ITS 0, BB 73 -> 0 new enrollments
getWS: requesting:  http://10.0.100.98:8000/itsenrol/classlist/2018/22/WTRE311 rsp= <Response [200]>
getWS: requesting:  http://10.0.100.98:8000/bbinfo/classlist/WTRE311 rsp= <Response [200]>
getNewStudentsInSubject: ITS 61, BB 175 -> 57 new enrollments
getWS: requesting:  http://10.0.100.98:8000/itsenrol/classlist/2018/22/DCMT311 rsp= <Response [200]>
getWS: requesting:  http://10.0.100.98:8000/bbinfo/classlist/DCMT311 rsp= <Response [200]>
getNewStudentsInSubject: ITS 48, BB 215 -> 39 new enrollments
getWS: requesting:  http://10.0.100.98:8000/itsenrol/classlist/2018/22/RCMS321 rsp= <Response [200]>
getWS: requesting:  http://10.0.100.98:8000/bbinfo/classlist/RCMS321 rsp= <Response [200]>
getNewStudentsInSubject: ITS 45, BB 199 -> 42 new enrollments
getWS: requesting:  http://10.0.100.98:8000/itsenrol/classlist/2018/22/MNCV101 rsp= <Response [200]>
getWS: requesting:  http://10.0.100.98:8000/bbinfo/classlist/MNCV101 rsp= <Response [200]>
getNewStudentsInSubject: ITS 0, BB 89 -> 0 new enrollments
getWS: requesting:  http://10.0.100.98:8000/itsenrol/classlist/2018/22/CTAD201 rsp= <Response [200]>
getWS: requesting:  http://10.0.100.98:8000/bbinfo/classlist/CTAD201 rsp= <Response [200]>
getNewStudentsInSubject: ITS 47, BB 1 -> 47 new enrollments
getWS: requesting:  http://10.0.100.98:8000/itsenrol/classlist/2018/22/CTRM421 rsp= <Response [200]>
getWS: requesting:  http://10.0.100.98:8000/bbinfo/classlist/CTRM421 rsp= <Response [200]>
getNewStudentsInSubject: ITS 41, BB 1 -> 41 new enrollments
getWS: requesting:  http://10.0.100.98:8000/itsenrol/classlist/2018/22/TRNE321 rsp= <Response [200]>
getWS: requesting:  http://10.0.100.98:8000/bbinfo/classlist/TRNE321 rsp= <Response [200]>
getNewStudentsInSubject: ITS 53, BB 208 -> 43 new enrollments
getWS: requesting:  http://10.0.100.98:8000/itsenrol/classlist/2018/22/MNCV211 rsp= <Response [200]>
getWS: requesting:  http://10.0.100.98:8000/bbinfo/classlist/MNCV211 rsp= <Response [200]>
getNewStudentsInSubject: ITS 1, BB 178 -> 1 new enrollments
getWS: requesting:  http://10.0.100.98:8000/itsenrol/classlist/2018/22/DEQM101 rsp= <Response [200]>
getWS: requesting:  http://10.0.100.98:8000/bbinfo/classlist/DEQM101 rsp= <Response [200]>
getNewStudentsInSubject: ITS 75, BB 340 -> 75 new enrollments
getWS: requesting:  http://10.0.100.98:8000/itsenrol/classlist/2018/22/TRNE311 rsp= <Response [200]>
getWS: requesting:  http://10.0.100.98:8000/bbinfo/classlist/TRNE311 rsp= <Response [200]>
getNewStudentsInSubject: ITS 69, BB 205 -> 44 new enrollments
getWS: requesting:  http://10.0.100.98:8000/itsenrol/classlist/2018/22/SVCE201 rsp= <Response [200]>
getWS: requesting:  http://10.0.100.98:8000/bbinfo/classlist/SVCE201 rsp= <Response [200]>
getNewStudentsInSubject: ITS 127, BB 139 -> 121 new enrollments
getWS: requesting:  http://10.0.100.98:8000/itsenrol/classlist/2018/22/SSTM321 rsp= <Response [200]>
getWS: requesting:  http://10.0.100.98:8000/bbinfo/classlist/SSTM321 rsp= <Response [200]>
getNewStudentsInSubject: ITS 1, BB 210 -> 1 new enrollments
getWS: requesting:  http://10.0.100.98:8000/itsenrol/classlist/2018/22/TRNE331 rsp= <Response [200]>
getWS: requesting:  http://10.0.100.98:8000/bbinfo/classlist/TRNE331 rsp= <Response [200]>
getNewStudentsInSubject: ITS 48, BB 197 -> 44 new enrollments
getWS: requesting:  http://10.0.100.98:8000/itsenrol/classlist/2018/22/CPSA112 rsp= <Response [200]>
getWS: requesting:  http://10.0.100.98:8000/bbinfo/classlist/CPSA112 rsp= <Response [200]>
getNewStudentsInSubject: ITS 44, BB 306 -> 44 new enrollments
getWS: requesting:  http://10.0.100.98:8000/itsenrol/classlist/2018/22/MATH202 rsp= <Response [200]>
getWS: requesting:  http://10.0.100.98:8000/bbinfo/classlist/MATH202 rsp= <Response [200]>
getNewStudentsInSubject: ITS 0, BB 113 -> 0 new enrollments
getWS: requesting:  http://10.0.100.98:8000/itsenrol/classlist/2018/22/CPTR112 rsp= <Response [200]>
getWS: requesting:  http://10.0.100.98:8000/bbinfo/classlist/CPTR112 rsp= <Response [200]>
getNewStudentsInSubject: ITS 0, BB 2 -> 0 new enrollments
getWS: requesting:  http://10.0.100.98:8000/itsenrol/classlist/2018/22/SLWM421 rsp= <Response [200]>
getWS: requesting:  http://10.0.100.98:8000/bbinfo/classlist/SLWM421 rsp= <Response [200]>
getNewStudentsInSubject: ITS 45, BB 1 -> 45 new enrollments
getWS: requesting:  http://10.0.100.98:8000/itsenrol/classlist/2018/22/CSTM421 rsp= <Response [200]>
getWS: requesting:  http://10.0.100.98:8000/bbinfo/classlist/CSTM421 rsp= <Response [200]>
getNewStudentsInSubject: ITS 66, BB 1 -> 66 new enrollments
getWS: requesting:  http://10.0.100.98:8000/itsenrol/classlist/2018/22/DRAP101 rsp= <Response [200]>
getWS: requesting:  http://10.0.100.98:8000/bbinfo/classlist/DRAP101 rsp= <Response [200]>
getNewStudentsInSubject: ITS 123, BB 405 -> 82 new enrollments
getWS: requesting:  http://10.0.100.98:8000/itsenrol/classlist/2018/22/CCTS101 rsp= <Response [200]>
getWS: requesting:  http://10.0.100.98:8000/bbinfo/classlist/CCTS101 rsp= <Response [200]>
getNewStudentsInSubject: ITS 0, BB 10 -> 0 new enrollments
getWS: requesting:  http://10.0.100.98:8000/itsenrol/classlist/2018/22/SRVY121 rsp= <Response [200]>
getWS: requesting:  http://10.0.100.98:8000/bbinfo/classlist/SRVY121 rsp= <Response [200]>
getNewStudentsInSubject: ITS 0, BB 1 -> 0 new enrollments
getWS: requesting:  http://10.0.100.98:8000/itsenrol/classlist/2018/22/GTCE201 rsp= <Response [200]>
getWS: requesting:  http://10.0.100.98:8000/bbinfo/classlist/GTCE201 rsp= <Response [200]>
getNewStudentsInSubject: ITS 3, BB 257 -> 1 new enrollments
getWS: requesting:  http://10.0.100.98:8000/itsenrol/classlist/2018/22/GTCE321 rsp= <Response [200]>
getWS: requesting:  http://10.0.100.98:8000/bbinfo/classlist/GTCE321 rsp= <Response [200]>
getNewStudentsInSubject: ITS 69, BB 176 -> 69 new enrollments
getWS: requesting:  http://10.0.100.98:8000/itsenrol/classlist/2018/22/WTRE211 rsp= <Response [200]>
getWS: requesting:  http://10.0.100.98:8000/bbinfo/classlist/WTRE211 rsp= <Response [200]>
getNewStudentsInSubject: ITS 3, BB 217 -> 1 new enrollments
getWS: requesting:  http://10.0.100.98:8000/itsenrol/classlist/2018/22/WTRE331 rsp= <Response [200]>
getWS: requesting:  http://10.0.100.98:8000/bbinfo/classlist/WTRE331 rsp= <Response [200]>
getNewStudentsInSubject: ITS 58, BB 177 -> 57 new enrollments
getWS: requesting:  http://10.0.100.98:8000/itsenrol/classlist/2018/22/TRNE211 rsp= <Response [200]>
getWS: requesting:  http://10.0.100.98:8000/bbinfo/classlist/TRNE211 rsp= <Response [200]>
getNewStudentsInSubject: ITS 1, BB 52 -> 0 new enrollments
getWS: requesting:  http://10.0.100.98:8000/itsenrol/classlist/2018/22/PVMT421 rsp= <Response [200]>
getWS: requesting:  http://10.0.100.98:8000/bbinfo/classlist/PVMT421 rsp= <Response [200]>
getNewStudentsInSubject: ITS 8, BB 153 -> 6 new enrollments
getWS: requesting:  http://10.0.100.98:8000/itsenrol/classlist/2018/22/ICMT101 rsp= <Response [200]>
getWS: requesting:  http://10.0.100.98:8000/bbinfo/classlist/ICMT101 rsp= <Response [200]>
getNewStudentsInSubject: ITS 107, BB 404 -> 82 new enrollments
getWS: requesting:  http://10.0.100.98:8000/itsenrol/classlist/2018/22/STAL211 rsp= <Response [200]>
getWS: requesting:  http://10.0.100.98:8000/bbinfo/classlist/STAL211 rsp= <Response [200]>
getNewStudentsInSubject: ITS 2, BB 202 -> 1 new enrollments
getWS: requesting:  http://10.0.100.98:8000/itsenrol/classlist/2018/22/DSGP201 rsp= <Response [200]>
getWS: requesting:  http://10.0.100.98:8000/bbinfo/classlist/DSGP201 rsp= <Response [200]>
getNewStudentsInSubject: ITS 28, BB 1 -> 28 new enrollments
getWS: requesting:  http://10.0.100.98:8000/itsenrol/classlist/2018/22/STME201 rsp= <Response [200]>
getWS: requesting:  http://10.0.100.98:8000/bbinfo/classlist/STME201 rsp= <Response [200]>
getNewStudentsInSubject: ITS 66, BB 87 -> 62 new enrollments
getWS: requesting:  http://10.0.100.98:8000/itsenrol/classlist/2018/22/WTRT411 rsp= <Response [200]>
getWS: requesting:  http://10.0.100.98:8000/bbinfo/classlist/WTRT411 rsp= <Response [200]>
getNewStudentsInSubject: ITS 33, BB 1 -> 33 new enrollments
getWS: requesting:  http://10.0.100.98:8000/itsenrol/classlist/2018/22/STAL311 rsp= <Response [200]>
getWS: requesting:  http://10.0.100.98:8000/bbinfo/classlist/STAL311 rsp= <Response [200]>
getNewStudentsInSubject: ITS 41, BB 228 -> 35 new enrollments
getWS: requesting:  http://10.0.100.98:8000/itsenrol/classlist/2018/22/CIVM101 rsp= <Response [200]>
getWS: requesting:  http://10.0.100.98:8000/bbinfo/classlist/CIVM101 rsp= <Response [200]>
getNewStudentsInSubject: ITS 126, BB 200 -> 120 new enrollments
getWS: requesting:  http://10.0.100.98:8000/itsenrol/classlist/2018/22/CSTM411 rsp= <Response [200]>
getWS: requesting:  http://10.0.100.98:8000/bbinfo/classlist/CSTM411 rsp= <Response [200]>
getNewStudentsInSubject: ITS 63, BB 1 -> 63 new enrollments
getWS: requesting:  http://10.0.100.98:8000/itsenrol/classlist/2018/22/IWEA201 rsp= <Response [200]>
getWS: requesting:  http://10.0.100.98:8000/bbinfo/classlist/IWEA201 rsp= <Response [200]>
getNewStudentsInSubject: ITS 92, BB 85 -> 76 new enrollments
getWS: requesting:  http://10.0.100.98:8000/itsenrol/classlist/2018/22/DWIN101 rsp= <Response [200]>
getWS: requesting:  http://10.0.100.98:8000/bbinfo/classlist/DWIN101 rsp= <Response [200]>
getNewStudentsInSubject: ITS 0, BB 1 -> 0 new enrollments
getWS: requesting:  http://10.0.100.98:8000/itsenrol/classlist/2018/22/IWEB201 rsp= <Response [200]>
getWS: requesting:  http://10.0.100.98:8000/bbinfo/classlist/IWEB201 rsp= <Response [200]>
getNewStudentsInSubject: ITS 35, BB 1 -> 35 new enrollments
main: Writing students...
main: Writing enrollments...
main: Finished processing workingSheets/data/BBC3504CivilEngineering(midlands)2017.xls
main: 79 subjects processed
main: 108 subject -> classroom maps
main: 594 students
main: 2731 student enrollments 0 errors
1.08user 0.22system 0:17.08elapsed 7%CPU (0avgtext+0avgdata 65776maxresident)k
152inputs+472outputs (0major+7547minor)pagefaults 0swaps
POSTING SNAPSHOTS to SIS endpoint
TEST RUN, NOT POSTING BBSTUDENTS
TEST RUN, NOT POSTIN BBENROL
copy snapshot files to saved output
=== department done ===
syncing logs...
Pushing logs from logs/20180723111852 to remote...
sending incremental file list
./
BBC3504CivilEngineering(midlands)2017.BBENROL.txt
BBC3504CivilEngineering(midlands)2017.BBSTUDENTS.txt
BBC3504CivilEngineering(midlands)2017.Enrolomat.txt
BBC3504CivilEngineering(midlands)2017.Postlog.txt

sent 403608 bytes  received 91 bytes  73399.82 bytes/sec
total size is 7204052  speedup is 17.85
logging to logs/20180723111852
=== generate newenrollments for BBC3505ElectricalPowerEngineering2017. ===
GENERATE SNAPSHOTS...
./BBCIncrementalEnrollerX2.py : generating enrolment files for subjects in  workingSheets/data/BBC3505ElectricalPowerEngineering2017.xls
processXLS: start spreadsheet workingSheets/data/BBC3505ElectricalPowerEngineering2017.xls
[u'2018 Blackboard Classrooms for Department: 3505 - ELECTRICAL POWER ENGINEERING', u'', u'', u'', u'', u'', u'', u'', u'', u'', u'', u'', u'']
check '2018 Blackboard Classrooms for Department: 3505 - ELECTRICAL POWER ENGINEERING' ''
[u'', u'', u'', u'', u'', u'', u'', u'', u'', u'', u'', u'', u'']
check '' ''
[u'BB Classroom', u'Migrate Classroom', u'ITS Subject', u'', u'ITS Qualification', u'', u'Block', u'', u'Off Type', u'', u'Grp', u'Lecturer(s)', u'2016 Enrol']
check 'BB Classroom' 'ITS Subject'
[u'', u'', u'', u'', u'', u'', u'', u'', u'', u'', u'', u'', u'']
check '' ''
[u'ENEQ101_SEM1_2018', u'ENEQ101_SEM1_2017', u'ENEQ101', u'ENGINEERING EQUIPMENT ISSUE', u'NDCME2', u'ND: ENGINEERING: CHEMICAL', u'21', u'SEMESTER 1', u'D1', u'Durban Campus Full-time', u'A', u'40011267:AKINDEJI K T;40011267:AKINDEJI K T', 1.0]
check 'ENEQ101_SEM1_2018' 'ENEQ101'
processXLS: only for SEM2 [u'ENEQ101_SEM1_2018', u'ENEQ101_SEM1_2017', u'ENEQ101', u'ENGINEERING EQUIPMENT ISSUE', u'NDCME2', u'ND: ENGINEERING: CHEMICAL', u'21', u'SEMESTER 1', u'D1', u'Durban Campus Full-time', u'A', u'40011267:AKINDEJI K T;40011267:AKINDEJI K T', 1.0]
[u'ENEQ101_SEM1_2018', u'ENEQ101_SEM1_2017', u'ENEQ101', u'ENGINEERING EQUIPMENT ISSUE', u'NDCSY2', u'ND: ENGINEERING: COMPUTER SYSTEMS', u'21', u'SEMESTER 1', u'D1', u'Durban Campus Full-time', u'A', u'40011267:AKINDEJI K T;40011267:AKINDEJI K T', 42.0]
check 'ENEQ101_SEM1_2018' 'ENEQ101'
processXLS: only for SEM2 [u'ENEQ101_SEM1_2018', u'ENEQ101_SEM1_2017', u'ENEQ101', u'ENGINEERING EQUIPMENT ISSUE', u'NDCSY2', u'ND: ENGINEERING: COMPUTER SYSTEMS', u'21', u'SEMESTER 1', u'D1', u'Durban Campus Full-time', u'A', u'40011267:AKINDEJI K T;40011267:AKINDEJI K T', 42.0]
[u'ENEQ101_SEM1_2018', u'ENEQ101_SEM1_2017', u'ENEQ101', u'ENGINEERING EQUIPMENT ISSUE', u'NDECM1', u'ND: ENGINEERING: ELECTRICAL (COMM)', u'21', u'SEMESTER 1', u'D1', u'Durban Campus Full-time', u'A', u'40011267:AKINDEJI K T;40011267:AKINDEJI K T', 3.0]
check 'ENEQ101_SEM1_2018' 'ENEQ101'
processXLS: only for SEM2 [u'ENEQ101_SEM1_2018', u'ENEQ101_SEM1_2017', u'ENEQ101', u'ENGINEERING EQUIPMENT ISSUE', u'NDECM1', u'ND: ENGINEERING: ELECTRICAL (COMM)', u'21', u'SEMESTER 1', u'D1', u'Durban Campus Full-time', u'A', u'40011267:AKINDEJI K T;40011267:AKINDEJI K T', 3.0]
[u'ENEQ101_SEM1_2018', u'ENEQ101_SEM1_2017', u'ENEQ101', u'ENGINEERING EQUIPMENT ISSUE', u'NDEIN1', u'ND: ENGINEERING: ELECTRICAL (INSTR)', u'21', u'SEMESTER 1', u'D1', u'Durban Campus Full-time', u'A', u'40011267:AKINDEJI K T;40011267:AKINDEJI K T', 6.0]
check 'ENEQ101_SEM1_2018' 'ENEQ101'
processXLS: only for SEM2 [u'ENEQ101_SEM1_2018', u'ENEQ101_SEM1_2017', u'ENEQ101', u'ENGINEERING EQUIPMENT ISSUE', u'NDEIN1', u'ND: ENGINEERING: ELECTRICAL (INSTR)', u'21', u'SEMESTER 1', u'D1', u'Durban Campus Full-time', u'A', u'40011267:AKINDEJI K T;40011267:AKINDEJI K T', 6.0]
[u'ENEQ101_SEM1_2018', u'ENEQ101_SEM1_2017', u'ENEQ101', u'ENGINEERING EQUIPMENT ISSUE', u'NDELC2', u'ND: ENGINEERING: ELECTRICAL (L/C)', u'21', u'SEMESTER 1', u'D1', u'Durban Campus Full-time', u'A', u'40011267:AKINDEJI K T;40011267:AKINDEJI K T', 157.0]
check 'ENEQ101_SEM1_2018' 'ENEQ101'
processXLS: only for SEM2 [u'ENEQ101_SEM1_2018', u'ENEQ101_SEM1_2017', u'ENEQ101', u'ENGINEERING EQUIPMENT ISSUE', u'NDELC2', u'ND: ENGINEERING: ELECTRICAL (L/C)', u'21', u'SEMESTER 1', u'D1', u'Durban Campus Full-time', u'A', u'40011267:AKINDEJI K T;40011267:AKINDEJI K T', 157.0]
[u'ENEQ101_SEM1_2018', u'ENEQ101_SEM1_2017', u'ENEQ101', u'ENGINEERING EQUIPMENT ISSUE', u'NDEPE2', u'ND: ENGINEERING: ELECTRICAL  (H/C)', u'21', u'SEMESTER 1', u'D1', u'Durban Campus Full-time', u'A', u'40011267:AKINDEJI K T;40011267:AKINDEJI K T', 108.0]
check 'ENEQ101_SEM1_2018' 'ENEQ101'
processXLS: only for SEM2 [u'ENEQ101_SEM1_2018', u'ENEQ101_SEM1_2017', u'ENEQ101', u'ENGINEERING EQUIPMENT ISSUE', u'NDEPE2', u'ND: ENGINEERING: ELECTRICAL  (H/C)', u'21', u'SEMESTER 1', u'D1', u'Durban Campus Full-time', u'A', u'40011267:AKINDEJI K T;40011267:AKINDEJI K T', 108.0]
[u'ENEQ101_SEM1_2018', u'ENEQ101_SEM1_2017', u'ENEQ101', u'ENGINEERING EQUIPMENT ISSUE', u'NDMCH2', u'ND: ENGINEERING: MECHANICAL', u'21', u'SEMESTER 1', u'D1', u'Durban Campus Full-time', u'A', u'40011267:AKINDEJI K T;40011267:AKINDEJI K T', 2.0]
check 'ENEQ101_SEM1_2018' 'ENEQ101'
processXLS: only for SEM2 [u'ENEQ101_SEM1_2018', u'ENEQ101_SEM1_2017', u'ENEQ101', u'ENGINEERING EQUIPMENT ISSUE', u'NDMCH2', u'ND: ENGINEERING: MECHANICAL', u'21', u'SEMESTER 1', u'D1', u'Durban Campus Full-time', u'A', u'40011267:AKINDEJI K T;40011267:AKINDEJI K T', 2.0]
[u'ENEQ101_SEM1_2018', u'ENEQ101_SEM1_2017', u'ENEQ101', u'ENGINEERING EQUIPMENT ISSUE', u'NODIP4', u'NON-DIPLOMA PURPOSE (ENG & BE)', u'21', u'SEMESTER 1', u'D7', u'DBN FULL-TIME NON-SUBSIDISED', u'A', u'40011267:AKINDEJI K T;40011267:AKINDEJI K T', 1.0]
check 'ENEQ101_SEM1_2018' 'ENEQ101'
processXLS: only for SEM2 [u'ENEQ101_SEM1_2018', u'ENEQ101_SEM1_2017', u'ENEQ101', u'ENGINEERING EQUIPMENT ISSUE', u'NODIP4', u'NON-DIPLOMA PURPOSE (ENG & BE)', u'21', u'SEMESTER 1', u'D7', u'DBN FULL-TIME NON-SUBSIDISED', u'A', u'40011267:AKINDEJI K T;40011267:AKINDEJI K T', 1.0]
[u'', u'', u'', u'', u'', u'', u'', u'', u'', u'', u'', u'', u'']
check '' ''
[u'ENEQ101_SEM2_2018', u'ENEQ101_SEM2_2017', u'ENEQ101', u'ENGINEERING EQUIPMENT ISSUE', u'NDCSY2', u'ND: ENGINEERING: COMPUTER SYSTEMS', u'22', u'SEMESTER 2', u'D1', u'Durban Campus Full-time', u'A', u'40011267:AKINDEJI K T;40011267:AKINDEJI K T', 1.0]
check 'ENEQ101_SEM2_2018' 'ENEQ101'
adding  ENEQ101
requesting:  http://10.0.100.98:8000/bbinfo/matching_courses/ENEQ101%25
r= <Response [200]>
matching classes= set([u'ENEQ101_13_GOVL', u'ENEQ101_SEM2_2018', u'ENEQ101_SEM1_2017', u'ENEQ101_SEM1_2018', u'ENEQ101_SEM2_2017'])
[u'ENEQ101_SEM2_2018', u'ENEQ101_SEM2_2017', u'ENEQ101', u'ENGINEERING EQUIPMENT ISSUE', u'NDELC2', u'ND: ENGINEERING: ELECTRICAL (L/C)', u'22', u'SEMESTER 2', u'D1', u'Durban Campus Full-time', u'A', u'40011267:AKINDEJI K T;40011267:AKINDEJI K T', 4.0]
check 'ENEQ101_SEM2_2018' 'ENEQ101'
adding  ENEQ101
requesting:  http://10.0.100.98:8000/bbinfo/matching_courses/ENEQ101%25
r= <Response [200]>
matching classes= set([u'ENEQ101_13_GOVL', u'ENEQ101_SEM2_2018', u'ENEQ101_SEM1_2017', u'ENEQ101_SEM1_2018', u'ENEQ101_SEM2_2017'])
[u'', u'', u'', u'', u'', u'', u'', u'', u'', u'', u'', u'', u'']
check '' ''
[u'ETEC101_SEM1_2018', u'ETEC101_SEM1_2017', u'ETEC101', u'ELECTROTECHNOLOGY I', u'NDIND2', u'ND: ENGINEERING: INDUSTRIAL', u'21', u'SEMESTER 1', u'D1', u'Durban Campus Full-time', u'A', u'50051198:CHETTY D', 76.0]
check 'ETEC101_SEM1_2018' 'ETEC101'
processXLS: only for SEM2 [u'ETEC101_SEM1_2018', u'ETEC101_SEM1_2017', u'ETEC101', u'ELECTROTECHNOLOGY I', u'NDIND2', u'ND: ENGINEERING: INDUSTRIAL', u'21', u'SEMESTER 1', u'D1', u'Durban Campus Full-time', u'A', u'50051198:CHETTY D', 76.0]
[u'ETEC101_SEM1_2018', u'ETEC101_SEM1_2017', u'ETEC101', u'ELECTROTECHNOLOGY I', u'NDMCH2', u'ND: ENGINEERING: MECHANICAL', u'21', u'SEMESTER 1', u'D1', u'Durban Campus Full-time', u'8', u'50051198:CHETTY D', 1.0]
check 'ETEC101_SEM1_2018' 'ETEC101'
processXLS: only for SEM2 [u'ETEC101_SEM1_2018', u'ETEC101_SEM1_2017', u'ETEC101', u'ELECTROTECHNOLOGY I', u'NDMCH2', u'ND: ENGINEERING: MECHANICAL', u'21', u'SEMESTER 1', u'D1', u'Durban Campus Full-time', u'8', u'50051198:CHETTY D', 1.0]
[u'ETEC101_SEM1_2018', u'ETEC101_SEM1_2017', u'ETEC101', u'ELECTROTECHNOLOGY I', u'NDMCH2', u'ND: ENGINEERING: MECHANICAL', u'21', u'SEMESTER 1', u'D1', u'Durban Campus Full-time', u'A', u'50051198:CHETTY D', 86.0]
check 'ETEC101_SEM1_2018' 'ETEC101'
processXLS: only for SEM2 [u'ETEC101_SEM1_2018', u'ETEC101_SEM1_2017', u'ETEC101', u'ELECTROTECHNOLOGY I', u'NDMCH2', u'ND: ENGINEERING: MECHANICAL', u'21', u'SEMESTER 1', u'D1', u'Durban Campus Full-time', u'A', u'50051198:CHETTY D', 86.0]
[u'ETEC101_SEM1_2018', u'ETEC101_SEM1_2017', u'ETEC101', u'ELECTROTECHNOLOGY I', u'NDMCM1', u'ND: ENGINEERING: MECHANICAL (MARITIME)', u'21', u'SEMESTER 1', u'D1', u'Durban Campus Full-time', u'A', u'50051198:CHETTY D', 1.0]
check 'ETEC101_SEM1_2018' 'ETEC101'
processXLS: only for SEM2 [u'ETEC101_SEM1_2018', u'ETEC101_SEM1_2017', u'ETEC101', u'ELECTROTECHNOLOGY I', u'NDMCM1', u'ND: ENGINEERING: MECHANICAL (MARITIME)', u'21', u'SEMESTER 1', u'D1', u'Durban Campus Full-time', u'A', u'50051198:CHETTY D', 1.0]
[u'', u'', u'', u'', u'', u'', u'', u'', u'', u'', u'', u'', u'']
check '' ''
[u'ETEC101_SEM2_2018', u'ETEC101_SEM2_2017', u'ETEC101', u'ELECTROTECHNOLOGY I', u'NDIND2', u'ND: ENGINEERING: INDUSTRIAL', u'22', u'SEMESTER 2', u'D1', u'Durban Campus Full-time', u'A', u'50051198:CHETTY D', 58.0]
check 'ETEC101_SEM2_2018' 'ETEC101'
adding  ETEC101
requesting:  http://10.0.100.98:8000/bbinfo/matching_courses/ETEC101%25
r= <Response [200]>
matching classes= set([u'ETEC101_SEM1_2018', u'ETEC101_13_CHED', u'ETEC101_SEM2_2017', u'ETEC101_SEM2_2018', u'ETEC101_SEM1_2017'])
[u'ETEC101_SEM2_2018', u'ETEC101_SEM2_2017', u'ETEC101', u'ELECTROTECHNOLOGY I', u'NDMCH2', u'ND: ENGINEERING: MECHANICAL', u'22', u'SEMESTER 2', u'D1', u'Durban Campus Full-time', u'A', u'50051198:CHETTY D', 71.0]
check 'ETEC101_SEM2_2018' 'ETEC101'
adding  ETEC101
requesting:  http://10.0.100.98:8000/bbinfo/matching_courses/ETEC101%25
r= <Response [200]>
matching classes= set([u'ETEC101_SEM1_2018', u'ETEC101_13_CHED', u'ETEC101_SEM2_2017', u'ETEC101_SEM2_2018', u'ETEC101_SEM1_2017'])
[u'ETEC101_SEM2_2018', u'ETEC101_SEM2_2017', u'ETEC101', u'ELECTROTECHNOLOGY I', u'NDMCM1', u'ND: ENGINEERING: MECHANICAL (MARITIME)', u'22', u'SEMESTER 2', u'D1', u'Durban Campus Full-time', u'A', u'50051198:CHETTY D', 1.0]
check 'ETEC101_SEM2_2018' 'ETEC101'
adding  ETEC101
requesting:  http://10.0.100.98:8000/bbinfo/matching_courses/ETEC101%25
r= <Response [200]>
matching classes= set([u'ETEC101_SEM1_2018', u'ETEC101_13_CHED', u'ETEC101_SEM2_2017', u'ETEC101_SEM2_2018', u'ETEC101_SEM1_2017'])
[u'', u'', u'', u'', u'', u'', u'', u'', u'', u'', u'', u'', u'']
check '' ''
[u'ETEM101_SEM1_2018', u'ETEM101_SEM1_2017', u'ETEM101', u'ELECTROTECHNOLOGY I (MARITIME)', u'NODIPM', u'NON-DIPLOMA PURPOSE (MARITIME)', u'21', u'SEMESTER 1', u'D7', u'DBN FULL-TIME NON-SUBSIDISED', u'A', u'50051198:CHETTY D', 2.0]
check 'ETEM101_SEM1_2018' 'ETEM101'
processXLS: only for SEM2 [u'ETEM101_SEM1_2018', u'ETEM101_SEM1_2017', u'ETEM101', u'ELECTROTECHNOLOGY I (MARITIME)', u'NODIPM', u'NON-DIPLOMA PURPOSE (MARITIME)', u'21', u'SEMESTER 1', u'D7', u'DBN FULL-TIME NON-SUBSIDISED', u'A', u'50051198:CHETTY D', 2.0]
[u'', u'', u'', u'', u'', u'', u'', u'', u'', u'', u'', u'', u'']
check '' ''
[u'MTCH101_SEM1_2018', u'MTCH101_SEM1_2017', u'MTCH101', u'MECHANICAL TECHNOLOGY I', u'NDEPE2', u'ND: ENGINEERING: ELECTRICAL  (H/C)', u'21', u'SEMESTER 1', u'D1', u'Durban Campus Full-time', u'A', u'40010741:OJO E E', 57.0]
check 'MTCH101_SEM1_2018' 'MTCH101'
processXLS: only for SEM2 [u'MTCH101_SEM1_2018', u'MTCH101_SEM1_2017', u'MTCH101', u'MECHANICAL TECHNOLOGY I', u'NDEPE2', u'ND: ENGINEERING: ELECTRICAL  (H/C)', u'21', u'SEMESTER 1', u'D1', u'Durban Campus Full-time', u'A', u'40010741:OJO E E', 57.0]
[u'', u'', u'', u'', u'', u'', u'', u'', u'', u'', u'', u'', u'']
check '' ''
[u'MTCH101_SEM2_2018', u'MTCH101_SEM2_2017', u'MTCH101', u'MECHANICAL TECHNOLOGY I', u'NDEPE2', u'ND: ENGINEERING: ELECTRICAL  (H/C)', u'22', u'SEMESTER 2', u'D1', u'Durban Campus Full-time', u'A', u'40010741:OJO E E', 46.0]
check 'MTCH101_SEM2_2018' 'MTCH101'
adding  MTCH101
requesting:  http://10.0.100.98:8000/bbinfo/matching_courses/MTCH101%25
r= <Response [200]>
matching classes= set([u'MTCH101_SEM2_2017', u'MTCH101_SEM1_2017', u'MTCH101_13_THOC', u'MTCH101_SEM1_2018', u'MTCH101_SEM2_2018'])
[u'', u'', u'', u'', u'', u'', u'', u'', u'', u'', u'', u'', u'']
check '' ''
[u'', u'', u'', u'', u'', u'', u'', u'', u'', u'', u'', u'', u'']
check '' ''
[u'ELEN202_SEM1_2018', u'ELEN202_SEM1_2017', u'ELEN202', u'ELECTRICAL ENGINEERING II', u'NDECM1', u'ND: ENGINEERING: ELECTRICAL (COMM)', u'21', u'SEMESTER 1', u'D1', u'Durban Campus Full-time', u'A', u'40009122:LOJI N', 9.0]
check 'ELEN202_SEM1_2018' 'ELEN202'
processXLS: only for SEM2 [u'ELEN202_SEM1_2018', u'ELEN202_SEM1_2017', u'ELEN202', u'ELECTRICAL ENGINEERING II', u'NDECM1', u'ND: ENGINEERING: ELECTRICAL (COMM)', u'21', u'SEMESTER 1', u'D1', u'Durban Campus Full-time', u'A', u'40009122:LOJI N', 9.0]
[u'ELEN202_SEM1_2018', u'ELEN202_SEM1_2017', u'ELEN202', u'ELECTRICAL ENGINEERING II', u'NDEIN1', u'ND: ENGINEERING: ELECTRICAL (INSTR)', u'21', u'SEMESTER 1', u'D1', u'Durban Campus Full-time', u'A', u'40009122:LOJI N', 13.0]
check 'ELEN202_SEM1_2018' 'ELEN202'
processXLS: only for SEM2 [u'ELEN202_SEM1_2018', u'ELEN202_SEM1_2017', u'ELEN202', u'ELECTRICAL ENGINEERING II', u'NDEIN1', u'ND: ENGINEERING: ELECTRICAL (INSTR)', u'21', u'SEMESTER 1', u'D1', u'Durban Campus Full-time', u'A', u'40009122:LOJI N', 13.0]
[u'ELEN202_SEM1_2018', u'ELEN202_SEM1_2017', u'ELEN202', u'ELECTRICAL ENGINEERING II', u'NDELC2', u'ND: ENGINEERING: ELECTRICAL (L/C)', u'21', u'SEMESTER 1', u'D1', u'Durban Campus Full-time', u'A', u'40009122:LOJI N', 62.0]
check 'ELEN202_SEM1_2018' 'ELEN202'
processXLS: only for SEM2 [u'ELEN202_SEM1_2018', u'ELEN202_SEM1_2017', u'ELEN202', u'ELECTRICAL ENGINEERING II', u'NDELC2', u'ND: ENGINEERING: ELECTRICAL (L/C)', u'21', u'SEMESTER 1', u'D1', u'Durban Campus Full-time', u'A', u'40009122:LOJI N', 62.0]
[u'ELEN202_SEM1_2018', u'ELEN202_SEM1_2017', u'ELEN202', u'ELECTRICAL ENGINEERING II', u'NDEPE2', u'ND: ENGINEERING: ELECTRICAL  (H/C)', u'21', u'SEMESTER 1', u'D1', u'Durban Campus Full-time', u'A', u'40009122:LOJI N', 60.0]
check 'ELEN202_SEM1_2018' 'ELEN202'
processXLS: only for SEM2 [u'ELEN202_SEM1_2018', u'ELEN202_SEM1_2017', u'ELEN202', u'ELECTRICAL ENGINEERING II', u'NDEPE2', u'ND: ENGINEERING: ELECTRICAL  (H/C)', u'21', u'SEMESTER 1', u'D1', u'Durban Campus Full-time', u'A', u'40009122:LOJI N', 60.0]
[u'', u'', u'', u'', u'', u'', u'', u'', u'', u'', u'', u'40009122:LOJI N', u'']
check '' ''
[u'ELEN202_SEM2_2018', u'ELEN202_SEM2_2017', u'ELEN202', u'ELECTRICAL ENGINEERING II', u'NDECM1', u'ND: ENGINEERING: ELECTRICAL (COMM)', u'22', u'SEMESTER 2', u'D1', u'Durban Campus Full-time', u'A', u'40009122:LOJI N', 2.0]
check 'ELEN202_SEM2_2018' 'ELEN202'
adding  ELEN202
requesting:  http://10.0.100.98:8000/bbinfo/matching_courses/ELEN202%25
r= <Response [200]>
matching classes= set([u'ELEN202_13_SOMO', u'ELEN202_SEM1_2018', u'ELEN202_SEM2_2018', u'ELEN202_12_A', u'ELEN202_SEM2_2017', u'ELEN202_SEM1_2017', u'ELEN202_13_AKIK'])
[u'ELEN202_SEM2_2018', u'ELEN202_SEM2_2017', u'ELEN202', u'ELECTRICAL ENGINEERING II', u'NDEIN1', u'ND: ENGINEERING: ELECTRICAL (INSTR)', u'22', u'SEMESTER 2', u'D1', u'Durban Campus Full-time', u'A', u'40009122:LOJI N', 4.0]
check 'ELEN202_SEM2_2018' 'ELEN202'
adding  ELEN202
requesting:  http://10.0.100.98:8000/bbinfo/matching_courses/ELEN202%25
r= <Response [200]>
matching classes= set([u'ELEN202_13_SOMO', u'ELEN202_SEM1_2018', u'ELEN202_SEM2_2018', u'ELEN202_12_A', u'ELEN202_SEM2_2017', u'ELEN202_SEM1_2017', u'ELEN202_13_AKIK'])
[u'ELEN202_SEM2_2018', u'ELEN202_SEM2_2017', u'ELEN202', u'ELECTRICAL ENGINEERING II', u'NDELC2', u'ND: ENGINEERING: ELECTRICAL (L/C)', u'22', u'SEMESTER 2', u'D1', u'Durban Campus Full-time', u'A', u'40009122:LOJI N', 71.0]
check 'ELEN202_SEM2_2018' 'ELEN202'
adding  ELEN202
requesting:  http://10.0.100.98:8000/bbinfo/matching_courses/ELEN202%25
r= <Response [200]>
matching classes= set([u'ELEN202_13_SOMO', u'ELEN202_SEM1_2018', u'ELEN202_SEM2_2018', u'ELEN202_12_A', u'ELEN202_SEM2_2017', u'ELEN202_SEM1_2017', u'ELEN202_13_AKIK'])
[u'ELEN202_SEM2_2018', u'ELEN202_SEM2_2017', u'ELEN202', u'ELECTRICAL ENGINEERING II', u'NDEPE2', u'ND: ENGINEERING: ELECTRICAL  (H/C)', u'22', u'SEMESTER 2', u'D1', u'Durban Campus Full-time', u'A', u'40009122:LOJI N', 83.0]
check 'ELEN202_SEM2_2018' 'ELEN202'
adding  ELEN202
requesting:  http://10.0.100.98:8000/bbinfo/matching_courses/ELEN202%25
r= <Response [200]>
matching classes= set([u'ELEN202_13_SOMO', u'ELEN202_SEM1_2018', u'ELEN202_SEM2_2018', u'ELEN202_12_A', u'ELEN202_SEM2_2017', u'ELEN202_SEM1_2017', u'ELEN202_13_AKIK'])
[u'', u'', u'', u'', u'', u'', u'', u'', u'', u'', u'', u'', u'']
check '' ''
[u'EMAH202_SEM1_2018', u'EMAH202_SEM1_2017', u'EMAH202', u'ELECTRICAL MACHINES II', u'NDEPE2', u'ND: ENGINEERING: ELECTRICAL  (H/C)', u'21', u'SEMESTER 1', u'D1', u'Durban Campus Full-time', u'A', u'40012538:DAVIDSON I E A;40012538:DAVIDSON I E A;40012538:DAVIDSON I E A', 94.0]
check 'EMAH202_SEM1_2018' 'EMAH202'
processXLS: only for SEM2 [u'EMAH202_SEM1_2018', u'EMAH202_SEM1_2017', u'EMAH202', u'ELECTRICAL MACHINES II', u'NDEPE2', u'ND: ENGINEERING: ELECTRICAL  (H/C)', u'21', u'SEMESTER 1', u'D1', u'Durban Campus Full-time', u'A', u'40012538:DAVIDSON I E A;40012538:DAVIDSON I E A;40012538:DAVIDSON I E A', 94.0]
[u'EMAH202_SEM1_2018', u'EMAH202_SEM1_2017', u'EMAH202', u'ELECTRICAL MACHINES II', u'NODIP4', u'NON-DIPLOMA PURPOSE (ENG & BE)', u'21', u'SEMESTER 1', u'D7', u'DBN FULL-TIME NON-SUBSIDISED', u'A', u'40012538:DAVIDSON I E A;40012538:DAVIDSON I E A;40012538:DAVIDSON I E A', 1.0]
check 'EMAH202_SEM1_2018' 'EMAH202'
processXLS: only for SEM2 [u'EMAH202_SEM1_2018', u'EMAH202_SEM1_2017', u'EMAH202', u'ELECTRICAL MACHINES II', u'NODIP4', u'NON-DIPLOMA PURPOSE (ENG & BE)', u'21', u'SEMESTER 1', u'D7', u'DBN FULL-TIME NON-SUBSIDISED', u'A', u'40012538:DAVIDSON I E A;40012538:DAVIDSON I E A;40012538:DAVIDSON I E A', 1.0]
[u'', u'', u'', u'', u'', u'', u'', u'', u'', u'', u'', u'', u'']
check '' ''
[u'EMAH202_SEM2_2018', u'EMAH202_SEM2_2017', u'EMAH202', u'ELECTRICAL MACHINES II', u'NDEPE2', u'ND: ENGINEERING: ELECTRICAL  (H/C)', u'22', u'SEMESTER 2', u'D1', u'Durban Campus Full-time', u'A', u'40012538:DAVIDSON I E A;40012538:DAVIDSON I E A;40012538:DAVIDSON I E A', 80.0]
check 'EMAH202_SEM2_2018' 'EMAH202'
adding  EMAH202
requesting:  http://10.0.100.98:8000/bbinfo/matching_courses/EMAH202%25
r= <Response [200]>
matching classes= set([u'EMAH202_SEM2_2018', u'EMAH202_13_SIRK', u'EMAH202_SEM1_2017', u'EMAH202_SEM1_2018', u'EMAH202_SEM2_2017'])
[u'EMAH202_SEM2_2018', u'EMAH202_SEM2_2017', u'EMAH202', u'ELECTRICAL MACHINES II', u'NODIP4', u'NON-DIPLOMA PURPOSE (ENG & BE)', u'22', u'SEMESTER 2', u'D7', u'DBN FULL-TIME NON-SUBSIDISED', u'A', u'40012538:DAVIDSON I E A;40012538:DAVIDSON I E A;40012538:DAVIDSON I E A', 2.0]
check 'EMAH202_SEM2_2018' 'EMAH202'
adding  EMAH202
requesting:  http://10.0.100.98:8000/bbinfo/matching_courses/EMAH202%25
r= <Response [200]>
matching classes= set([u'EMAH202_SEM2_2018', u'EMAH202_13_SIRK', u'EMAH202_SEM1_2017', u'EMAH202_SEM1_2018', u'EMAH202_SEM2_2017'])
[u'', u'', u'', u'', u'', u'', u'', u'', u'', u'', u'', u'', u'']
check '' ''
[u'ETEC202_SEM1_2018', u'ETEC202_SEM1_2017', u'ETEC202', u'ELECTROTECHNOLOGY II', u'NDMCM1', u'ND: ENGINEERING: MECHANICAL (MARITIME)', u'21', u'SEMESTER 1', u'D1', u'Durban Campus Full-time', u'A', u'40009122:LOJI N', 2.0]
check 'ETEC202_SEM1_2018' 'ETEC202'
processXLS: only for SEM2 [u'ETEC202_SEM1_2018', u'ETEC202_SEM1_2017', u'ETEC202', u'ELECTROTECHNOLOGY II', u'NDMCM1', u'ND: ENGINEERING: MECHANICAL (MARITIME)', u'21', u'SEMESTER 1', u'D1', u'Durban Campus Full-time', u'A', u'40009122:LOJI N', 2.0]
[u'ETEC202_SEM1_2018', u'ETEC202_SEM1_2017', u'ETEC202', u'ELECTROTECHNOLOGY II', u'NDMCT1', u'ND: ENGINEERING: MECHANICAL (M/TRONICS)', u'21', u'SEMESTER 1', u'D1', u'Durban Campus Full-time', u'A', u'40009122:LOJI N', 3.0]
check 'ETEC202_SEM1_2018' 'ETEC202'
processXLS: only for SEM2 [u'ETEC202_SEM1_2018', u'ETEC202_SEM1_2017', u'ETEC202', u'ELECTROTECHNOLOGY II', u'NDMCT1', u'ND: ENGINEERING: MECHANICAL (M/TRONICS)', u'21', u'SEMESTER 1', u'D1', u'Durban Campus Full-time', u'A', u'40009122:LOJI N', 3.0]
[u'ETEC202_SEM1_2018', u'ETEC202_SEM1_2017', u'ETEC202', u'ELECTROTECHNOLOGY II', u'NODIP4', u'NON-DIPLOMA PURPOSE (ENG & BE)', u'21', u'SEMESTER 1', u'D7', u'DBN FULL-TIME NON-SUBSIDISED', u'A', u'40009122:LOJI N', 6.0]
check 'ETEC202_SEM1_2018' 'ETEC202'
processXLS: only for SEM2 [u'ETEC202_SEM1_2018', u'ETEC202_SEM1_2017', u'ETEC202', u'ELECTROTECHNOLOGY II', u'NODIP4', u'NON-DIPLOMA PURPOSE (ENG & BE)', u'21', u'SEMESTER 1', u'D7', u'DBN FULL-TIME NON-SUBSIDISED', u'A', u'40009122:LOJI N', 6.0]
[u'', u'', u'', u'', u'', u'', u'', u'', u'', u'', u'', u'', u'']
check '' ''
[u'ETEC202_SEM2_2018', u'ETEC202_SEM2_2017', u'ETEC202', u'ELECTROTECHNOLOGY II', u'NODIP4', u'NON-DIPLOMA PURPOSE (ENG & BE)', u'22', u'SEMESTER 2', u'D7', u'DBN FULL-TIME NON-SUBSIDISED', u'A', u'40009122:LOJI N', 10.0]
check 'ETEC202_SEM2_2018' 'ETEC202'
adding  ETEC202
requesting:  http://10.0.100.98:8000/bbinfo/matching_courses/ETEC202%25
r= <Response [200]>
matching classes= set([u'ETEC202_SEM2_2018', u'ETEC202_SEM1_2018', u'ETEC202_SEM2_2017', u'ETEC202_13_SEPL', u'ETEC202_SEM1_2017'])
[u'', u'', u'', u'', u'', u'', u'', u'', u'', u'', u'', u'', u'']
check '' ''
[u'ETEM201_SEM1_2018', u'ETEM201_SEM1_2017', u'ETEM201', u'ELECTROTECHNOLOGY II (MARITIME)', u'NODIPM', u'NON-DIPLOMA PURPOSE (MARITIME)', u'21', u'SEMESTER 1', u'D7', u'DBN FULL-TIME NON-SUBSIDISED', u'A', u'40009122:LOJI N', 1.0]
check 'ETEM201_SEM1_2018' 'ETEM201'
processXLS: only for SEM2 [u'ETEM201_SEM1_2018', u'ETEM201_SEM1_2017', u'ETEM201', u'ELECTROTECHNOLOGY II (MARITIME)', u'NODIPM', u'NON-DIPLOMA PURPOSE (MARITIME)', u'21', u'SEMESTER 1', u'D7', u'DBN FULL-TIME NON-SUBSIDISED', u'A', u'40009122:LOJI N', 1.0]
[u'', u'', u'', u'', u'', u'', u'', u'', u'', u'', u'', u'', u'']
check '' ''
[u'IETS201_SEM1_2018', u'IETS201_SEM1_2017', u'IETS201', u'INDUSTRIAL ELECTRONICS II', u'NDECM1', u'ND: ENGINEERING: ELECTRICAL (COMM)', u'21', u'SEMESTER 1', u'D1', u'Durban Campus Full-time', u'A', u'40009102:LEOANEKA M C', 3.0]
check 'IETS201_SEM1_2018' 'IETS201'
processXLS: only for SEM2 [u'IETS201_SEM1_2018', u'IETS201_SEM1_2017', u'IETS201', u'INDUSTRIAL ELECTRONICS II', u'NDECM1', u'ND: ENGINEERING: ELECTRICAL (COMM)', u'21', u'SEMESTER 1', u'D1', u'Durban Campus Full-time', u'A', u'40009102:LEOANEKA M C', 3.0]
[u'IETS201_SEM1_2018', u'IETS201_SEM1_2017', u'IETS201', u'INDUSTRIAL ELECTRONICS II', u'NDELC2', u'ND: ENGINEERING: ELECTRICAL (L/C)', u'21', u'SEMESTER 1', u'D1', u'Durban Campus Full-time', u'A', u'40009102:LEOANEKA M C', 1.0]
check 'IETS201_SEM1_2018' 'IETS201'
processXLS: only for SEM2 [u'IETS201_SEM1_2018', u'IETS201_SEM1_2017', u'IETS201', u'INDUSTRIAL ELECTRONICS II', u'NDELC2', u'ND: ENGINEERING: ELECTRICAL (L/C)', u'21', u'SEMESTER 1', u'D1', u'Durban Campus Full-time', u'A', u'40009102:LEOANEKA M C', 1.0]
[u'IETS201_SEM1_2018', u'IETS201_SEM1_2017', u'IETS201', u'INDUSTRIAL ELECTRONICS II', u'NDEPE2', u'ND: ENGINEERING: ELECTRICAL  (H/C)', u'21', u'SEMESTER 1', u'D1', u'Durban Campus Full-time', u'A', u'40009102:LEOANEKA M C', 109.0]
check 'IETS201_SEM1_2018' 'IETS201'
processXLS: only for SEM2 [u'IETS201_SEM1_2018', u'IETS201_SEM1_2017', u'IETS201', u'INDUSTRIAL ELECTRONICS II', u'NDEPE2', u'ND: ENGINEERING: ELECTRICAL  (H/C)', u'21', u'SEMESTER 1', u'D1', u'Durban Campus Full-time', u'A', u'40009102:LEOANEKA M C', 109.0]
[u'', u'', u'', u'', u'', u'', u'', u'', u'', u'', u'', u'', u'']
check '' ''
[u'IETS201_SEM2_2018', u'IETS201_SEM2_2017', u'IETS201', u'INDUSTRIAL ELECTRONICS II', u'NDEPE2', u'ND: ENGINEERING: ELECTRICAL  (H/C)', u'22', u'SEMESTER 2', u'D1', u'Durban Campus Full-time', u'A', u'40009102:LEOANEKA M C', 94.0]
check 'IETS201_SEM2_2018' 'IETS201'
adding  IETS201
requesting:  http://10.0.100.98:8000/bbinfo/matching_courses/IETS201%25
r= <Response [200]>
matching classes= set([u'IETS201_13_NTSZ', u'IETS201_SEM2_2018', u'IETS201_SEM1_2017', u'IETS201_SEM1_2018', u'IETS201_SEM2_2017'])
[u'IETS201_SEM2_2018', u'IETS201_SEM2_2017', u'IETS201', u'INDUSTRIAL ELECTRONICS II', u'NDMCT1', u'ND: ENGINEERING: MECHANICAL (M/TRONICS)', u'22', u'SEMESTER 2', u'D1', u'Durban Campus Full-time', u'A', u'40009102:LEOANEKA M C', 1.0]
check 'IETS201_SEM2_2018' 'IETS201'
adding  IETS201
requesting:  http://10.0.100.98:8000/bbinfo/matching_courses/IETS201%25
r= <Response [200]>
matching classes= set([u'IETS201_13_NTSZ', u'IETS201_SEM2_2018', u'IETS201_SEM1_2017', u'IETS201_SEM1_2018', u'IETS201_SEM2_2017'])
[u'', u'', u'', u'', u'', u'', u'', u'', u'', u'', u'', u'', u'']
check '' ''
[u'MTCH201_SEM1_2018', u'MTCH201_SEM1_2017', u'MTCH201', u'MECHANICAL TECHNOLOGY II', u'NDEPE2', u'ND: ENGINEERING: ELECTRICAL  (H/C)', u'21', u'SEMESTER 1', u'D1', u'Durban Campus Full-time', u'A', u'40010741:OJO E E', 19.0]
check 'MTCH201_SEM1_2018' 'MTCH201'
processXLS: only for SEM2 [u'MTCH201_SEM1_2018', u'MTCH201_SEM1_2017', u'MTCH201', u'MECHANICAL TECHNOLOGY II', u'NDEPE2', u'ND: ENGINEERING: ELECTRICAL  (H/C)', u'21', u'SEMESTER 1', u'D1', u'Durban Campus Full-time', u'A', u'40010741:OJO E E', 19.0]
[u'', u'', u'', u'', u'', u'', u'', u'', u'', u'', u'', u'', u'']
check '' ''
[u'MTCH201_SEM2_2018', u'MTCH201_SEM2_2017', u'MTCH201', u'MECHANICAL TECHNOLOGY II', u'NDEPE2', u'ND: ENGINEERING: ELECTRICAL  (H/C)', u'22', u'SEMESTER 2', u'D1', u'Durban Campus Full-time', u'A', u'40010741:OJO E E', 42.0]
check 'MTCH201_SEM2_2018' 'MTCH201'
adding  MTCH201
requesting:  http://10.0.100.98:8000/bbinfo/matching_courses/MTCH201%25
r= <Response [200]>
matching classes= set([u'MTCH201_SEM2_2018', u'MTCH201_13_THOC', u'MTCH201_SEM2_2017', u'MTCH201_SEM1_2017', u'MTCH201_SEM1_2018'])
[u'', u'', u'', u'', u'', u'', u'', u'', u'', u'', u'', u'', u'']
check '' ''
[u'PRJT201_SEM1_2018', u'PRJT201_SEM1_2017', u'PRJT201', u'PROJECTS II', u'NDEPE2', u'ND: ENGINEERING: ELECTRICAL  (H/C)', u'21', u'SEMESTER 1', u'D1', u'Durban Campus Full-time', u'A', u'40009113:REDDY;', 61.0]
check 'PRJT201_SEM1_2018' 'PRJT201'
processXLS: only for SEM2 [u'PRJT201_SEM1_2018', u'PRJT201_SEM1_2017', u'PRJT201', u'PROJECTS II', u'NDEPE2', u'ND: ENGINEERING: ELECTRICAL  (H/C)', u'21', u'SEMESTER 1', u'D1', u'Durban Campus Full-time', u'A', u'40009113:REDDY;', 61.0]
[u'', u'', u'', u'', u'', u'', u'', u'', u'', u'', u'', u'', u'']
check '' ''
[u'PRJT201_SEM2_2018', u'PRJT201_SEM2_2017', u'PRJT201', u'PROJECTS II', u'NDEPE2', u'ND: ENGINEERING: ELECTRICAL  (H/C)', u'22', u'SEMESTER 2', u'D1', u'Durban Campus Full-time', u'A', u'40009113:REDDY;', 93.0]
check 'PRJT201_SEM2_2018' 'PRJT201'
adding  PRJT201
requesting:  http://10.0.100.98:8000/bbinfo/matching_courses/PRJT201%25
r= <Response [200]>
matching classes= set([u'PRJT201_SEM1_2017', u'PRJT201_SEM2_2017', u'PRJT201_SEM1_2018', u'PRJT201_SEM2_2018', u'PRJT201_13_ESTM'])
[u'', u'', u'', u'', u'', u'', u'', u'', u'', u'', u'', u'', u'']
check '' ''
[u'DSPJ301_SEM1_2018', u'DSPJ301_SEM1_2017', u'DSPJ301', u'DESIGN PROJECT III', u'NDEPE2', u'ND: ENGINEERING: ELECTRICAL  (H/C)', u'21', u'SEMESTER 1', u'D1', u'Durban Campus Full-time', u'A', u'40011267:AKINDEJI K T;40011267:AKINDEJI K T', 82.0]
check 'DSPJ301_SEM1_2018' 'DSPJ301'
processXLS: only for SEM2 [u'DSPJ301_SEM1_2018', u'DSPJ301_SEM1_2017', u'DSPJ301', u'DESIGN PROJECT III', u'NDEPE2', u'ND: ENGINEERING: ELECTRICAL  (H/C)', u'21', u'SEMESTER 1', u'D1', u'Durban Campus Full-time', u'A', u'40011267:AKINDEJI K T;40011267:AKINDEJI K T', 82.0]
[u'', u'', u'', u'', u'', u'', u'', u'', u'', u'', u'', u'', u'']
check '' ''
[u'DSPJ301_SEM2_2018', u'DSPJ301_SEM2_2017', u'DSPJ301', u'DESIGN PROJECT III', u'NDEPE2', u'ND: ENGINEERING: ELECTRICAL  (H/C)', u'22', u'SEMESTER 2', u'D1', u'Durban Campus Full-time', u'A', u'40011267:AKINDEJI K T;40011267:AKINDEJI K T', 83.0]
check 'DSPJ301_SEM2_2018' 'DSPJ301'
adding  DSPJ301
requesting:  http://10.0.100.98:8000/bbinfo/matching_courses/DSPJ301%25
r= <Response [200]>
matching classes= set([u'DSPJ301_SEM1_2018', u'DSPJ301_SEM2_2017', u'DSPJ301_SEM2_2018', u'DSPJ301_SEM1_2017'])
[u'', u'', u'', u'', u'', u'', u'', u'', u'', u'', u'', u'', u'']
check '' ''
[u'EDIS301_SEM1_2018', u'EDIS301_SEM1_2017', u'EDIS301', u'ELECTRICAL DISTRIBUTION III', u'NDEPE2', u'ND: ENGINEERING: ELECTRICAL  (H/C)', u'21', u'SEMESTER 1', u'D1', u'Durban Campus Full-time', u'A', u'40004966:LOJI K', 101.0]
check 'EDIS301_SEM1_2018' 'EDIS301'
processXLS: only for SEM2 [u'EDIS301_SEM1_2018', u'EDIS301_SEM1_2017', u'EDIS301', u'ELECTRICAL DISTRIBUTION III', u'NDEPE2', u'ND: ENGINEERING: ELECTRICAL  (H/C)', u'21', u'SEMESTER 1', u'D1', u'Durban Campus Full-time', u'A', u'40004966:LOJI K', 101.0]
[u'', u'', u'', u'', u'', u'', u'', u'', u'', u'', u'', u'', u'']
check '' ''
[u'EDIS301_SEM2_2018', u'EDIS301_SEM2_2017', u'EDIS301', u'ELECTRICAL DISTRIBUTION III', u'NDEPE2', u'ND: ENGINEERING: ELECTRICAL  (H/C)', u'22', u'SEMESTER 2', u'D1', u'Durban Campus Full-time', u'A', u'40004966:LOJI K', 123.0]
check 'EDIS301_SEM2_2018' 'EDIS301'
adding  EDIS301
requesting:  http://10.0.100.98:8000/bbinfo/matching_courses/EDIS301%25
r= <Response [200]>
matching classes= set([u'EDIS301_SEM1_2017', u'EDIS301_SEM2_2017', u'EDIS301_13_THOC', u'EDIS301_SEM2_2018', u'EDIS301_SEM1_2018'])
[u'', u'', u'', u'', u'', u'', u'', u'', u'', u'', u'', u'', u'']
check '' ''
[u'ELEN302_SEM1_2018', u'ELEN302_SEM1_2017', u'ELEN302', u'ELECTRICAL ENGINEERING III', u'NDEPE2', u'ND: ENGINEERING: ELECTRICAL  (H/C)', u'21', u'SEMESTER 1', u'D1', u'Durban Campus Full-time', u'A', u'40011267:AKINDEJI K T;40011267:AKINDEJI K T', 88.0]
check 'ELEN302_SEM1_2018' 'ELEN302'
processXLS: only for SEM2 [u'ELEN302_SEM1_2018', u'ELEN302_SEM1_2017', u'ELEN302', u'ELECTRICAL ENGINEERING III', u'NDEPE2', u'ND: ENGINEERING: ELECTRICAL  (H/C)', u'21', u'SEMESTER 1', u'D1', u'Durban Campus Full-time', u'A', u'40011267:AKINDEJI K T;40011267:AKINDEJI K T', 88.0]
[u'ELEN302_SEM1_2018', u'ELEN302_SEM1_2017', u'ELEN302', u'ELECTRICAL ENGINEERING III', u'NODIP4', u'NON-DIPLOMA PURPOSE (ENG & BE)', u'21', u'SEMESTER 1', u'D7', u'DBN FULL-TIME NON-SUBSIDISED', u'A', u'40011267:AKINDEJI K T;40011267:AKINDEJI K T', 1.0]
check 'ELEN302_SEM1_2018' 'ELEN302'
processXLS: only for SEM2 [u'ELEN302_SEM1_2018', u'ELEN302_SEM1_2017', u'ELEN302', u'ELECTRICAL ENGINEERING III', u'NODIP4', u'NON-DIPLOMA PURPOSE (ENG & BE)', u'21', u'SEMESTER 1', u'D7', u'DBN FULL-TIME NON-SUBSIDISED', u'A', u'40011267:AKINDEJI K T;40011267:AKINDEJI K T', 1.0]
[u'', u'', u'', u'', u'', u'', u'', u'', u'', u'', u'', u'', u'']
check '' ''
[u'ELEN302_SEM2_2018', u'ELEN302_SEM2_2017', u'ELEN302', u'ELECTRICAL ENGINEERING III', u'NDEPE2', u'ND: ENGINEERING: ELECTRICAL  (H/C)', u'22', u'SEMESTER 2', u'D1', u'Durban Campus Full-time', u'A', u'40011267:AKINDEJI K T;40011267:AKINDEJI K T', 73.0]
check 'ELEN302_SEM2_2018' 'ELEN302'
adding  ELEN302
requesting:  http://10.0.100.98:8000/bbinfo/matching_courses/ELEN302%25
r= <Response [200]>
matching classes= set([u'ELEN302_SEM2_2018', u'ELEN302_SEM1_2018', u'ELEN302_SEM1_2017', u'ELEN302_SEM2_2017', u'ELEN302_13_NTSZ'])
[u'ELEN302_SEM2_2018', u'ELEN302_SEM2_2017', u'ELEN302', u'ELECTRICAL ENGINEERING III', u'NODIP4', u'NON-DIPLOMA PURPOSE (ENG & BE)', u'22', u'SEMESTER 2', u'D7', u'DBN FULL-TIME NON-SUBSIDISED', u'A', u'40011267:AKINDEJI K T;40011267:AKINDEJI K T', 1.0]
check 'ELEN302_SEM2_2018' 'ELEN302'
adding  ELEN302
requesting:  http://10.0.100.98:8000/bbinfo/matching_courses/ELEN302%25
r= <Response [200]>
matching classes= set([u'ELEN302_SEM2_2018', u'ELEN302_SEM1_2018', u'ELEN302_SEM1_2017', u'ELEN302_SEM2_2017', u'ELEN302_13_NTSZ'])
[u'', u'', u'', u'', u'', u'', u'', u'', u'', u'', u'', u'', u'']
check '' ''
[u'EMAH302_SEM1_2018', u'EMAH302_SEM1_2017', u'EMAH302', u'ELECTRICAL MACHINES III', u'NDEPE2', u'ND: ENGINEERING: ELECTRICAL  (H/C)', u'21', u'SEMESTER 1', u'D1', u'Durban Campus Full-time', u'A', u'40012538:DAVIDSON I E A;40012538:DAVIDSON I E A;40012538:DAVIDSON I E A', 80.0]
check 'EMAH302_SEM1_2018' 'EMAH302'
processXLS: only for SEM2 [u'EMAH302_SEM1_2018', u'EMAH302_SEM1_2017', u'EMAH302', u'ELECTRICAL MACHINES III', u'NDEPE2', u'ND: ENGINEERING: ELECTRICAL  (H/C)', u'21', u'SEMESTER 1', u'D1', u'Durban Campus Full-time', u'A', u'40012538:DAVIDSON I E A;40012538:DAVIDSON I E A;40012538:DAVIDSON I E A', 80.0]
[u'', u'', u'', u'', u'', u'', u'', u'', u'', u'', u'', u'', u'']
check '' ''
[u'EMAH302_SEM2_2018', u'EMAH302_SEM2_2017', u'EMAH302', u'ELECTRICAL MACHINES III', u'NDEPE2', u'ND: ENGINEERING: ELECTRICAL  (H/C)', u'22', u'SEMESTER 2', u'D1', u'Durban Campus Full-time', u'A', u'40012538:DAVIDSON I E A;40012538:DAVIDSON I E A;40012538:DAVIDSON I E A', 108.0]
check 'EMAH302_SEM2_2018' 'EMAH302'
adding  EMAH302
requesting:  http://10.0.100.98:8000/bbinfo/matching_courses/EMAH302%25
r= <Response [200]>
matching classes= set([u'EMAH302_SEM1_2018', u'EMAH302_SEM2_2018', u'EMAH302_SEM2_2017', u'EMAH302_SEM1_2017', u'EMAH302_13_SIRK'])
[u'', u'', u'', u'', u'', u'', u'', u'', u'', u'', u'', u'', u'']
check '' ''
[u'EPRT301_SEM1_2018', u'EPRT301_SEM1_2017', u'EPRT301', u'ELECTRICAL PROTECTION III', u'NDEPE2', u'ND: ENGINEERING: ELECTRICAL  (H/C)', u'21', u'SEMESTER 1', u'D1', u'Durban Campus Full-time', u'A', u'40000382:ESTRICE M S', 99.0]
check 'EPRT301_SEM1_2018' 'EPRT301'
processXLS: only for SEM2 [u'EPRT301_SEM1_2018', u'EPRT301_SEM1_2017', u'EPRT301', u'ELECTRICAL PROTECTION III', u'NDEPE2', u'ND: ENGINEERING: ELECTRICAL  (H/C)', u'21', u'SEMESTER 1', u'D1', u'Durban Campus Full-time', u'A', u'40000382:ESTRICE M S', 99.0]
[u'', u'', u'', u'', u'', u'', u'', u'', u'', u'', u'', u'', u'']
check '' ''
[u'EPRT301_SEM2_2018', u'EPRT301_SEM2_2017', u'EPRT301', u'ELECTRICAL PROTECTION III', u'NDEPE2', u'ND: ENGINEERING: ELECTRICAL  (H/C)', u'22', u'SEMESTER 2', u'D1', u'Durban Campus Full-time', u'A', u'40000382:ESTRICE M S', 89.0]
check 'EPRT301_SEM2_2018' 'EPRT301'
adding  EPRT301
requesting:  http://10.0.100.98:8000/bbinfo/matching_courses/EPRT301%25
r= <Response [200]>
matching classes= set([u'EPRT301_SEM2_2018', u'EPRT301_SEM1_2017', u'EPRT301_SEM1_2018', u'EPRT301_SEM2_2017'])
[u'EPRT301_SEM2_2018', u'EPRT301_SEM2_2017', u'EPRT301', u'ELECTRICAL PROTECTION III', u'NODIP4', u'NON-DIPLOMA PURPOSE (ENG & BE)', u'22', u'SEMESTER 2', u'D7', u'DBN FULL-TIME NON-SUBSIDISED', u'A', u'40000382:ESTRICE M S', 1.0]
check 'EPRT301_SEM2_2018' 'EPRT301'
adding  EPRT301
requesting:  http://10.0.100.98:8000/bbinfo/matching_courses/EPRT301%25
r= <Response [200]>
matching classes= set([u'EPRT301_SEM2_2018', u'EPRT301_SEM1_2017', u'EPRT301_SEM1_2018', u'EPRT301_SEM2_2017'])
[u'', u'', u'', u'', u'', u'', u'', u'', u'', u'', u'', u'', u'']
check '' ''
[u'ETEC302_SEM2_2018', u'ETEC302_SEM2_2017', u'ETEC302', u'ELECTROTECHNOLOGY III', u'NDMCM1', u'ND: ENGINEERING: MECHANICAL (MARITIME)', u'22', u'SEMESTER 2', u'D1', u'Durban Campus Full-time', u'A', u'40011267:AKINDEJI K T;40011267:AKINDEJI K T', 2.0]
check 'ETEC302_SEM2_2018' 'ETEC302'
adding  ETEC302
requesting:  http://10.0.100.98:8000/bbinfo/matching_courses/ETEC302%25
r= <Response [200]>
matching classes= set([u'ETEC302_SEM2_2017', u'ETEC302_SEM2_2018'])
[u'', u'', u'', u'', u'', u'', u'', u'', u'', u'', u'', u'', u'']
check '' ''
[u'MTCH301_SEM1_2018', u'MTCH301_SEM1_2017', u'MTCH301', u'MECHANICAL TECHNOLOGY III', u'NDEPE2', u'ND: ENGINEERING: ELECTRICAL  (H/C)', u'21', u'SEMESTER 1', u'D1', u'Durban Campus Full-time', u'A', u'40010741:OJO E E', 11.0]
check 'MTCH301_SEM1_2018' 'MTCH301'
processXLS: only for SEM2 [u'MTCH301_SEM1_2018', u'MTCH301_SEM1_2017', u'MTCH301', u'MECHANICAL TECHNOLOGY III', u'NDEPE2', u'ND: ENGINEERING: ELECTRICAL  (H/C)', u'21', u'SEMESTER 1', u'D1', u'Durban Campus Full-time', u'A', u'40010741:OJO E E', 11.0]
[u'MTCH301_SEM1_2018', u'MTCH301_SEM1_2017', u'MTCH301', u'MECHANICAL TECHNOLOGY III', u'NODIP4', u'NON-DIPLOMA PURPOSE (ENG & BE)', u'21', u'SEMESTER 1', u'D7', u'DBN FULL-TIME NON-SUBSIDISED', u'A', u'40010741:OJO E E', 1.0]
check 'MTCH301_SEM1_2018' 'MTCH301'
processXLS: only for SEM2 [u'MTCH301_SEM1_2018', u'MTCH301_SEM1_2017', u'MTCH301', u'MECHANICAL TECHNOLOGY III', u'NODIP4', u'NON-DIPLOMA PURPOSE (ENG & BE)', u'21', u'SEMESTER 1', u'D7', u'DBN FULL-TIME NON-SUBSIDISED', u'A', u'40010741:OJO E E', 1.0]
[u'', u'', u'', u'', u'', u'', u'', u'', u'', u'', u'', u'', u'']
check '' ''
[u'MTCH301_SEM2_2018', u'MTCH301_SEM2_2017', u'MTCH301', u'MECHANICAL TECHNOLOGY III', u'NDEPE2', u'ND: ENGINEERING: ELECTRICAL  (H/C)', u'22', u'SEMESTER 2', u'D1', u'Durban Campus Full-time', u'A', u'40010741:OJO E E', 16.0]
check 'MTCH301_SEM2_2018' 'MTCH301'
adding  MTCH301
requesting:  http://10.0.100.98:8000/bbinfo/matching_courses/MTCH301%25
r= <Response [200]>
matching classes= set([u'MTCH301_SEM1_2017', u'MTCH301_SEM2_2018', u'MTCH301_13_THOC', u'MTCH301_SEM1_2018', u'MTCH301_SEM2_2017'])
[u'MTCH301_SEM2_2018', u'MTCH301_SEM2_2017', u'MTCH301', u'MECHANICAL TECHNOLOGY III', u'NODIP4', u'NON-DIPLOMA PURPOSE (ENG & BE)', u'22', u'SEMESTER 2', u'D7', u'DBN FULL-TIME NON-SUBSIDISED', u'A', u'40010741:OJO E E', 1.0]
check 'MTCH301_SEM2_2018' 'MTCH301'
adding  MTCH301
requesting:  http://10.0.100.98:8000/bbinfo/matching_courses/MTCH301%25
r= <Response [200]>
matching classes= set([u'MTCH301_SEM1_2017', u'MTCH301_SEM2_2018', u'MTCH301_13_THOC', u'MTCH301_SEM1_2018', u'MTCH301_SEM2_2017'])
[u'', u'', u'', u'', u'', u'', u'', u'', u'', u'', u'', u'', u'']
check '' ''
[u'PETR301_SEM1_2018', u'PETR301_SEM1_2017', u'PETR301', u'POWER ELECTRONICS III', u'BTMCH2', u'BT: ENGINEERING: MECHANICAL', u'21', u'SEMESTER 1', u'D1', u'Durban Campus Full-time', u'A', u'50000812:BUSSY ER', 1.0]
check 'PETR301_SEM1_2018' 'PETR301'
processXLS: only for SEM2 [u'PETR301_SEM1_2018', u'PETR301_SEM1_2017', u'PETR301', u'POWER ELECTRONICS III', u'BTMCH2', u'BT: ENGINEERING: MECHANICAL', u'21', u'SEMESTER 1', u'D1', u'Durban Campus Full-time', u'A', u'50000812:BUSSY ER', 1.0]
[u'PETR301_SEM1_2018', u'PETR301_SEM1_2017', u'PETR301', u'POWER ELECTRONICS III', u'NDEPE2', u'ND: ENGINEERING: ELECTRICAL  (H/C)', u'21', u'SEMESTER 1', u'D1', u'Durban Campus Full-time', u'A', u'50000812:BUSSY ER', 46.0]
check 'PETR301_SEM1_2018' 'PETR301'
processXLS: only for SEM2 [u'PETR301_SEM1_2018', u'PETR301_SEM1_2017', u'PETR301', u'POWER ELECTRONICS III', u'NDEPE2', u'ND: ENGINEERING: ELECTRICAL  (H/C)', u'21', u'SEMESTER 1', u'D1', u'Durban Campus Full-time', u'A', u'50000812:BUSSY ER', 46.0]
[u'', u'', u'', u'', u'', u'', u'', u'', u'', u'', u'', u'', u'']
check '' ''
[u'PETR301_SEM2_2018', u'PETR301_SEM2_2017', u'PETR301', u'POWER ELECTRONICS III', u'BTMCH2', u'BT: ENGINEERING: MECHANICAL', u'22', u'SEMESTER 2', u'D1', u'Durban Campus Full-time', u'A', u'50000812:BUSSY ER', 5.0]
check 'PETR301_SEM2_2018' 'PETR301'
adding  PETR301
requesting:  http://10.0.100.98:8000/bbinfo/matching_courses/PETR301%25
r= <Response [200]>
matching classes= set([u'PETR301_SEM1_2017', u'PETR301_13_BUSE', u'PETR301_SEM2_2018', u'PETR301_SEM2_2017', u'PETR301_SEM1_2018'])
[u'PETR301_SEM2_2018', u'PETR301_SEM2_2017', u'PETR301', u'POWER ELECTRONICS III', u'BTMCH2', u'BT: ENGINEERING: MECHANICAL', u'22', u'SEMESTER 2', u'D3', u'Durban Campus Part-time', u'A', u'50000812:BUSSY ER', 2.0]
check 'PETR301_SEM2_2018' 'PETR301'
adding  PETR301
requesting:  http://10.0.100.98:8000/bbinfo/matching_courses/PETR301%25
r= <Response [200]>
matching classes= set([u'PETR301_SEM1_2017', u'PETR301_13_BUSE', u'PETR301_SEM2_2018', u'PETR301_SEM2_2017', u'PETR301_SEM1_2018'])
[u'PETR301_SEM2_2018', u'PETR301_SEM2_2017', u'PETR301', u'POWER ELECTRONICS III', u'BTMCT1', u'BT: ENGINEERING: MECHANICAL (M/TRONICS)', u'22', u'SEMESTER 2', u'D3', u'Durban Campus Part-time', u'A', u'50000812:BUSSY ER', 1.0]
check 'PETR301_SEM2_2018' 'PETR301'
adding  PETR301
requesting:  http://10.0.100.98:8000/bbinfo/matching_courses/PETR301%25
r= <Response [200]>
matching classes= set([u'PETR301_SEM1_2017', u'PETR301_13_BUSE', u'PETR301_SEM2_2018', u'PETR301_SEM2_2017', u'PETR301_SEM1_2018'])
[u'PETR301_SEM2_2018', u'PETR301_SEM2_2017', u'PETR301', u'POWER ELECTRONICS III', u'NDEPE2', u'ND: ENGINEERING: ELECTRICAL  (H/C)', u'22', u'SEMESTER 2', u'D1', u'Durban Campus Full-time', u'A', u'50000812:BUSSY ER', 32.0]
check 'PETR301_SEM2_2018' 'PETR301'
adding  PETR301
requesting:  http://10.0.100.98:8000/bbinfo/matching_courses/PETR301%25
r= <Response [200]>
matching classes= set([u'PETR301_SEM1_2017', u'PETR301_13_BUSE', u'PETR301_SEM2_2018', u'PETR301_SEM2_2017', u'PETR301_SEM1_2018'])
[u'', u'', u'', u'', u'', u'', u'', u'', u'', u'', u'', u'', u'']
check '' ''
[u'CRTA401_SEM1_2018', u'CRTA401_SEM1_2017', u'CRTA401', u'CIRCUIT ANALYSIS IV', u'BTECM1', u'BT: ENGINEERING: ELECTRICAL (COMM)', u'21', u'SEMESTER 1', u'D3', u'Durban Campus Part-time', u'A', u'40011267:AKINDEJI K T;40011267:AKINDEJI K T', 17.0]
check 'CRTA401_SEM1_2018' 'CRTA401'
processXLS: only for SEM2 [u'CRTA401_SEM1_2018', u'CRTA401_SEM1_2017', u'CRTA401', u'CIRCUIT ANALYSIS IV', u'BTECM1', u'BT: ENGINEERING: ELECTRICAL (COMM)', u'21', u'SEMESTER 1', u'D3', u'Durban Campus Part-time', u'A', u'40011267:AKINDEJI K T;40011267:AKINDEJI K T', 17.0]
[u'CRTA401_SEM1_2018', u'CRTA401_SEM1_2017', u'CRTA401', u'CIRCUIT ANALYSIS IV', u'BTECS1', u'BT: ENGINEERING: ELECTRICAL (COMP SYS)', u'21', u'SEMESTER 1', u'D3', u'Durban Campus Part-time', u'A', u'40011267:AKINDEJI K T;40011267:AKINDEJI K T', 4.0]
check 'CRTA401_SEM1_2018' 'CRTA401'
processXLS: only for SEM2 [u'CRTA401_SEM1_2018', u'CRTA401_SEM1_2017', u'CRTA401', u'CIRCUIT ANALYSIS IV', u'BTECS1', u'BT: ENGINEERING: ELECTRICAL (COMP SYS)', u'21', u'SEMESTER 1', u'D3', u'Durban Campus Part-time', u'A', u'40011267:AKINDEJI K T;40011267:AKINDEJI K T', 4.0]
[u'CRTA401_SEM1_2018', u'CRTA401_SEM1_2017', u'CRTA401', u'CIRCUIT ANALYSIS IV', u'BTEPE1', u'BT: ENGINEERING: ELECTRICAL (H/C)', u'21', u'SEMESTER 1', u'D3', u'Durban Campus Part-time', u'A', u'40011267:AKINDEJI K T;40011267:AKINDEJI K T', 76.0]
check 'CRTA401_SEM1_2018' 'CRTA401'
processXLS: only for SEM2 [u'CRTA401_SEM1_2018', u'CRTA401_SEM1_2017', u'CRTA401', u'CIRCUIT ANALYSIS IV', u'BTEPE1', u'BT: ENGINEERING: ELECTRICAL (H/C)', u'21', u'SEMESTER 1', u'D3', u'Durban Campus Part-time', u'A', u'40011267:AKINDEJI K T;40011267:AKINDEJI K T', 76.0]
[u'', u'', u'', u'', u'', u'', u'', u'', u'', u'', u'', u'', u'']
check '' ''
[u'CRTA401_SEM2_2018', u'CRTA401_SEM2_2017', u'CRTA401', u'CIRCUIT ANALYSIS IV', u'BTECM1', u'BT: ENGINEERING: ELECTRICAL (COMM)', u'22', u'SEMESTER 2', u'D3', u'Durban Campus Part-time', u'A', u'40011267:AKINDEJI K T;40011267:AKINDEJI K T', 2.0]
check 'CRTA401_SEM2_2018' 'CRTA401'
adding  CRTA401
requesting:  http://10.0.100.98:8000/bbinfo/matching_courses/CRTA401%25
r= <Response [200]>
matching classes= set([u'CRTA401_SEM2_2018', u'CRTA401_SEM1_2018', u'CRTA401_13_LEOM', u'CRTA401_SEM1_2017', u'CRTA401_SEM2_2017'])
[u'CRTA401_SEM2_2018', u'CRTA401_SEM2_2017', u'CRTA401', u'CIRCUIT ANALYSIS IV', u'BTECS1', u'BT: ENGINEERING: ELECTRICAL (COMP SYS)', u'22', u'SEMESTER 2', u'D3', u'Durban Campus Part-time', u'A', u'40011267:AKINDEJI K T;40011267:AKINDEJI K T', 1.0]
check 'CRTA401_SEM2_2018' 'CRTA401'
adding  CRTA401
requesting:  http://10.0.100.98:8000/bbinfo/matching_courses/CRTA401%25
r= <Response [200]>
matching classes= set([u'CRTA401_SEM2_2018', u'CRTA401_SEM1_2018', u'CRTA401_13_LEOM', u'CRTA401_SEM1_2017', u'CRTA401_SEM2_2017'])
[u'CRTA401_SEM2_2018', u'CRTA401_SEM2_2017', u'CRTA401', u'CIRCUIT ANALYSIS IV', u'BTEPE1', u'BT: ENGINEERING: ELECTRICAL (H/C)', u'22', u'SEMESTER 2', u'D3', u'Durban Campus Part-time', u'A', u'40011267:AKINDEJI K T;40011267:AKINDEJI K T', 72.0]
check 'CRTA401_SEM2_2018' 'CRTA401'
adding  CRTA401
requesting:  http://10.0.100.98:8000/bbinfo/matching_courses/CRTA401%25
r= <Response [200]>
matching classes= set([u'CRTA401_SEM2_2018', u'CRTA401_SEM1_2018', u'CRTA401_13_LEOM', u'CRTA401_SEM1_2017', u'CRTA401_SEM2_2017'])
[u'', u'', u'', u'', u'', u'', u'', u'', u'', u'', u'', u'', u'']
check '' ''
[u'EMAH402_SEM1_2018', u'EMAH402_SEM1_2017', u'EMAH402', u'ELECTRICAL MACHINES IV', u'BTEPE1', u'BT: ENGINEERING: ELECTRICAL (H/C)', u'21', u'SEMESTER 1', u'D3', u'Durban Campus Part-time', u'A', u'40009102:LEOANEKA M C', 82.0]
check 'EMAH402_SEM1_2018' 'EMAH402'
processXLS: only for SEM2 [u'EMAH402_SEM1_2018', u'EMAH402_SEM1_2017', u'EMAH402', u'ELECTRICAL MACHINES IV', u'BTEPE1', u'BT: ENGINEERING: ELECTRICAL (H/C)', u'21', u'SEMESTER 1', u'D3', u'Durban Campus Part-time', u'A', u'40009102:LEOANEKA M C', 82.0]
[u'', u'', u'', u'', u'', u'', u'', u'', u'', u'', u'', u'', u'']
check '' ''
[u'EPRT401_SEM2_2018', u'EPRT401_SEM2_2017', u'EPRT401', u'ELECTRICAL PROTECTION IV', u'BTEPE1', u'BT: ENGINEERING: ELECTRICAL (H/C)', u'22', u'SEMESTER 2', u'D3', u'Durban Campus Part-time', u'A', u'40009102:LEOANEKA M C', 73.0]
check 'EPRT401_SEM2_2018' 'EPRT401'
adding  EPRT401
requesting:  http://10.0.100.98:8000/bbinfo/matching_courses/EPRT401%25
r= <Response [200]>
matching classes= set([u'EPRT401_13_LEOM', u'EPRT401_SEM2_2018', u'EPRT401_SEM2_2017'])
[u'', u'', u'', u'', u'', u'', u'', u'', u'', u'', u'', u'', u'']
check '' ''
[u'HVEN401_SEM1_2018', u'HVEN401_SEM1_2017', u'HVEN401', u'HIGH VOLTAGE ENGINEERING IV', u'BTEPE1', u'BT: ENGINEERING: ELECTRICAL (H/C)', 21.0, u'SEMESTER 1', u'D3', u'Durban Campus Part-time', u'A', u'50000812:BUSSY ER', u'']
check 'HVEN401_SEM1_2018' 'HVEN401'
processXLS: only for SEM2 [u'HVEN401_SEM1_2018', u'HVEN401_SEM1_2017', u'HVEN401', u'HIGH VOLTAGE ENGINEERING IV', u'BTEPE1', u'BT: ENGINEERING: ELECTRICAL (H/C)', 21.0, u'SEMESTER 1', u'D3', u'Durban Campus Part-time', u'A', u'50000812:BUSSY ER', u'']
[u'', u'', u'', u'', u'', u'', u'', u'', u'', u'', u'', u'', u'']
check '' ''
[u'HVEN401_SEM2_2018', u'HVEN401_SEM2_2017', u'HVEN401', u'HIGH VOLTAGE ENGINEERING IV', u'BTEPE1', u'BT: ENGINEERING: ELECTRICAL (H/C)', u'22', u'SEMESTER 2', u'D3', u'Durban Campus Part-time', u'A', u'50000812:BUSSY ER', 67.0]
check 'HVEN401_SEM2_2018' 'HVEN401'
adding  HVEN401
requesting:  http://10.0.100.98:8000/bbinfo/matching_courses/HVEN401%25
r= <Response [200]>
matching classes= set([u'HVEN401_SEM1_2018', u'HVEN401_SEM2_2017', u'HVEN401_SEM2_2018', u'HVEN401_13_BUSE', u'HVEN401_SEM1_2017'])
[u'', u'', u'', u'', u'', u'', u'', u'', u'', u'', u'', u'', u'']
check '' ''
[u'INPR401_SEM1_2018', u'INPR401_SEM1_2017', u'INPR401', u'INDUSTRIAL PROJECT IV (1ST REGISTRATION)', u'BTEPE1', u'BT: ENGINEERING: ELECTRICAL (H/C)', u'21', u'SEMESTER 1', u'D3', u'Durban Campus Part-time', u'A', u'50009294:WIMBUSH;', 30.0]
check 'INPR401_SEM1_2018' 'INPR401'
processXLS: only for SEM2 [u'INPR401_SEM1_2018', u'INPR401_SEM1_2017', u'INPR401', u'INDUSTRIAL PROJECT IV (1ST REGISTRATION)', u'BTEPE1', u'BT: ENGINEERING: ELECTRICAL (H/C)', u'21', u'SEMESTER 1', u'D3', u'Durban Campus Part-time', u'A', u'50009294:WIMBUSH;', 30.0]
[u'', u'', u'', u'', u'', u'', u'', u'', u'', u'', u'', u'', u'']
check '' ''
[u'INPR401_SEM2_2018', u'INPR401_SEM2_2017', u'INPR401', u'INDUSTRIAL PROJECT IV (1ST REGISTRATION)', u'BTEPE1', u'BT: ENGINEERING: ELECTRICAL (H/C)', u'22', u'SEMESTER 2', u'D3', u'Durban Campus Part-time', u'A', u'50009294:WIMBUSH;', 38.0]
check 'INPR401_SEM2_2018' 'INPR401'
adding  INPR401
requesting:  http://10.0.100.98:8000/bbinfo/matching_courses/INPR401%25
r= <Response [200]>
matching classes= set([u'INPR401_SEM1_2017', u'INPR401_13_AKIK', u'INPR401_SEM2_2017', u'INPR401_SEM2_2018', u'INPR401_SEM1_2018', u'INPR401_13_BUSE'])
[u'', u'', u'', u'', u'', u'', u'', u'', u'', u'', u'', u'', u'']
check '' ''
[u'INPR411_SEM1_2018', u'INPR411_SEM1_2017', u'INPR411', u'INDUSTRIAL PROJECT IV (2ND REGISTRATION)', u'BTEPE1', u'BT: ENGINEERING: ELECTRICAL (H/C)', u'21', u'SEMESTER 1', u'D3', u'Durban Campus Part-time', u'A', u'50009294:WIMBUSH;', 13.0]
check 'INPR411_SEM1_2018' 'INPR411'
processXLS: only for SEM2 [u'INPR411_SEM1_2018', u'INPR411_SEM1_2017', u'INPR411', u'INDUSTRIAL PROJECT IV (2ND REGISTRATION)', u'BTEPE1', u'BT: ENGINEERING: ELECTRICAL (H/C)', u'21', u'SEMESTER 1', u'D3', u'Durban Campus Part-time', u'A', u'50009294:WIMBUSH;', 13.0]
[u'', u'', u'', u'', u'', u'', u'', u'', u'', u'', u'', u'', u'']
check '' ''
[u'INPR411_SEM2_2018', u'INPR411_SEM2_2017', u'INPR411', u'INDUSTRIAL PROJECT IV (2ND REGISTRATION)', u'BTEPE1', u'BT: ENGINEERING: ELECTRICAL (H/C)', u'22', u'SEMESTER 2', u'D3', u'Durban Campus Part-time', u'A', u'50009294:WIMBUSH;', 24.0]
check 'INPR411_SEM2_2018' 'INPR411'
adding  INPR411
requesting:  http://10.0.100.98:8000/bbinfo/matching_courses/INPR411%25
r= <Response [200]>
matching classes= set([u'INPR411_SEM2_2018', u'INPR411_SEM1_2018', u'INPR411_SEM1_2017', u'INPR411_13_BUSE', u'INPR411_SEM2_2017'])
[u'', u'', u'', u'', u'', u'', u'', u'', u'', u'', u'', u'', u'']
check '' ''
[u'INPR421_SEM1_2018', u'INPR421_SEM1_2017', u'INPR421', u'INDUSTRIAL PROJECT IV (3RD REGISTRATION)', u'BTEPE1', u'BT: ENGINEERING: ELECTRICAL (H/C)', u'21', u'SEMESTER 1', u'D3', u'Durban Campus Part-time', u'A', u'50009294:WIMBUSH;', 2.0]
check 'INPR421_SEM1_2018' 'INPR421'
processXLS: only for SEM2 [u'INPR421_SEM1_2018', u'INPR421_SEM1_2017', u'INPR421', u'INDUSTRIAL PROJECT IV (3RD REGISTRATION)', u'BTEPE1', u'BT: ENGINEERING: ELECTRICAL (H/C)', u'21', u'SEMESTER 1', u'D3', u'Durban Campus Part-time', u'A', u'50009294:WIMBUSH;', 2.0]
[u'', u'', u'', u'', u'', u'', u'', u'', u'', u'', u'', u'', u'']
check '' ''
[u'INPR421_SEM2_2018', u'INPR421_SEM2_2017', u'INPR421', u'INDUSTRIAL PROJECT IV (3RD REGISTRATION)', u'BTEPE1', u'BT: ENGINEERING: ELECTRICAL (H/C)', u'22', u'SEMESTER 2', u'D3', u'Durban Campus Part-time', u'A', u'50009294:WIMBUSH;', 7.0]
check 'INPR421_SEM2_2018' 'INPR421'
adding  INPR421
requesting:  http://10.0.100.98:8000/bbinfo/matching_courses/INPR421%25
r= <Response [200]>
matching classes= set([u'INPR421_SEM2_2017', u'INPR421_SEM1_2017', u'INPR421_13_BUSE', u'INPR421_SEM1_2018', u'INPR421_SEM2_2018'])
[u'', u'', u'', u'', u'', u'', u'', u'', u'', u'', u'', u'', u'']
check '' ''
[u'PETR401_SEM1_2018', u'PETR401_SEM1_2017', u'PETR401', u'POWER ELECTRONICS IV', u'BTEPE1', u'BT: ENGINEERING: ELECTRICAL (H/C)', u'21', u'SEMESTER 1', u'D3', u'Durban Campus Part-time', u'A', u'50000812:BUSSY ER', 77.0]
check 'PETR401_SEM1_2018' 'PETR401'
processXLS: only for SEM2 [u'PETR401_SEM1_2018', u'PETR401_SEM1_2017', u'PETR401', u'POWER ELECTRONICS IV', u'BTEPE1', u'BT: ENGINEERING: ELECTRICAL (H/C)', u'21', u'SEMESTER 1', u'D3', u'Durban Campus Part-time', u'A', u'50000812:BUSSY ER', 77.0]
[u'', u'', u'', u'', u'', u'', u'', u'', u'', u'', u'', u'', u'']
check '' ''
[u'PETR401_SEM2_2018', u'PETR401_SEM2_2017', u'PETR401', u'POWER ELECTRONICS IV', u'BTEPE1', u'BT: ENGINEERING: ELECTRICAL (H/C)', u'22', u'SEMESTER 2', u'D3', u'Durban Campus Part-time', u'A', u'50000812:BUSSY ER', 70.0]
check 'PETR401_SEM2_2018' 'PETR401'
adding  PETR401
requesting:  http://10.0.100.98:8000/bbinfo/matching_courses/PETR401%25
r= <Response [200]>
matching classes= set([u'PETR401_SEM1_2018', u'PETR401_SEM2_2017', u'PETR401_SEM2_2018', u'PETR401_13_BUSE', u'PETR401_SEM1_2017'])
[u'PETR401_SEM2_2018', u'PETR401_SEM2_2017', u'PETR401', u'POWER ELECTRONICS IV', u'NODIP4', u'NON-DIPLOMA PURPOSE (ENG & BE)', u'22', u'SEMESTER 2', u'D7', u'DBN FULL-TIME NON-SUBSIDISED', u'A', u'50000812:BUSSY ER', 1.0]
check 'PETR401_SEM2_2018' 'PETR401'
adding  PETR401
requesting:  http://10.0.100.98:8000/bbinfo/matching_courses/PETR401%25
r= <Response [200]>
matching classes= set([u'PETR401_SEM1_2018', u'PETR401_SEM2_2017', u'PETR401_SEM2_2018', u'PETR401_13_BUSE', u'PETR401_SEM1_2017'])
[u'', u'', u'', u'', u'', u'', u'', u'', u'', u'', u'', u'', u'']
check '' ''
[u'', u'', u'', u'', u'', u'', u'', u'', u'', u'', u'', u'', u'']
check '' ''
[u'', u'', u'', u'', u'', u'', u'', u'', u'', u'', u'', u'', u'']
check '' ''
[u'PSYS401_SEM1_2018', u'PSYS401_SEM1_2017', u'PSYS401', u'POWER SYSTEMS IV', u'BTEPE1', u'BT: ENGINEERING: ELECTRICAL (H/C)', u'21', u'SEMESTER 1', u'D3', u'Durban Campus Part-time', u'A', u'50009294:WIMBUSH;', 54.0]
check 'PSYS401_SEM1_2018' 'PSYS401'
processXLS: only for SEM2 [u'PSYS401_SEM1_2018', u'PSYS401_SEM1_2017', u'PSYS401', u'POWER SYSTEMS IV', u'BTEPE1', u'BT: ENGINEERING: ELECTRICAL (H/C)', u'21', u'SEMESTER 1', u'D3', u'Durban Campus Part-time', u'A', u'50009294:WIMBUSH;', 54.0]
[u'', u'', u'', u'', u'', u'', u'', u'', u'', u'', u'', u'', u'']
check '' ''
[u'PSYS401_SEM2_2018', u'PSYS401_SEM2_2017', u'PSYS401', u'POWER SYSTEMS IV', u'BTEPE1', u'BT: ENGINEERING: ELECTRICAL (H/C)', u'22', u'SEMESTER 2', u'D3', u'Durban Campus Part-time', u'A', u'50009294:WIMBUSH;', 54.0]
check 'PSYS401_SEM2_2018' 'PSYS401'
adding  PSYS401
requesting:  http://10.0.100.98:8000/bbinfo/matching_courses/PSYS401%25
r= <Response [200]>
matching classes= set([u'PSYS401_SEM1_2018', u'PSYS401_SEM2_2017', u'PSYS401_13_NTSZ', u'PSYS401_SEM2_2018', u'PSYS401_SEM1_2017'])
[u'PSYS401_SEM2_2018', u'PSYS401_SEM2_2017', u'PSYS401', u'POWER SYSTEMS IV', u'NODIP4', u'NON-DIPLOMA PURPOSE (ENG & BE)', u'22', u'SEMESTER 2', u'D8', u'DBN PART-TIME NON-SUBSIDISED', u'A', u'50009294:WIMBUSH;', 1.0]
check 'PSYS401_SEM2_2018' 'PSYS401'
adding  PSYS401
requesting:  http://10.0.100.98:8000/bbinfo/matching_courses/PSYS401%25
r= <Response [200]>
matching classes= set([u'PSYS401_SEM1_2018', u'PSYS401_SEM2_2017', u'PSYS401_13_NTSZ', u'PSYS401_SEM2_2018', u'PSYS401_SEM1_2017'])
[u'', u'', u'', u'', u'', u'', u'', u'', u'', u'', u'', u'', u'']
check '' ''
[u'RPEL502_YEAR_2018', u'RPEL502_YEAR_2017', u'RPEL502', u'RESEARCH PROJECT & DISSERTATION (1ST REGISTRA', u'MNEPE1', u'MASTER OF ENGINEERING (ELECTRICAL POWER)', u'P0', u'POST-GRAD ANNUAL REGISTRATIONS', u'D1', u'Durban Campus Full-time', u'A', u'40010741:OJO E E', 3.0]
check 'RPEL502_YEAR_2018' 'RPEL502'
processXLS: only for SEM2 [u'RPEL502_YEAR_2018', u'RPEL502_YEAR_2017', u'RPEL502', u'RESEARCH PROJECT & DISSERTATION (1ST REGISTRA', u'MNEPE1', u'MASTER OF ENGINEERING (ELECTRICAL POWER)', u'P0', u'POST-GRAD ANNUAL REGISTRATIONS', u'D1', u'Durban Campus Full-time', u'A', u'40010741:OJO E E', 3.0]
[u'', u'', u'', u'', u'', u'', u'', u'', u'', u'', u'', u'', u'']
check '' ''
[u'RPEL512_YEAR_2018', u'RPEL512_YEAR_2017', u'RPEL512', u'RESEARCH PROJECT & DISSERTATION (2ND REGISTRA', u'MNEPE1', u'MASTER OF ENGINEERING (ELECTRICAL POWER)', u'P0', u'POST-GRAD ANNUAL REGISTRATIONS', u'D1', u'Durban Campus Full-time', u'A', u'40010741:OJO E E', 1.0]
check 'RPEL512_YEAR_2018' 'RPEL512'
processXLS: only for SEM2 [u'RPEL512_YEAR_2018', u'RPEL512_YEAR_2017', u'RPEL512', u'RESEARCH PROJECT & DISSERTATION (2ND REGISTRA', u'MNEPE1', u'MASTER OF ENGINEERING (ELECTRICAL POWER)', u'P0', u'POST-GRAD ANNUAL REGISTRATIONS', u'D1', u'Durban Campus Full-time', u'A', u'40010741:OJO E E', 1.0]
[u'', u'', u'', u'', u'', u'', u'', u'', u'', u'', u'', u'', u'']
check '' ''
[u'RPEL522_YEAR_2018', u'RPEL522_YEAR_2017', u'RPEL522', u'RESEARCH PROJECT & DISSERTATION (3RD REGISTRA', u'MNEPE1', u'MASTER OF ENGINEERING (ELECTRICAL POWER)', u'P0', u'POST-GRAD ANNUAL REGISTRATIONS', u'D1', u'Durban Campus Full-time', u'A', u'40010741:OJO E E', 1.0]
check 'RPEL522_YEAR_2018' 'RPEL522'
processXLS: only for SEM2 [u'RPEL522_YEAR_2018', u'RPEL522_YEAR_2017', u'RPEL522', u'RESEARCH PROJECT & DISSERTATION (3RD REGISTRA', u'MNEPE1', u'MASTER OF ENGINEERING (ELECTRICAL POWER)', u'P0', u'POST-GRAD ANNUAL REGISTRATIONS', u'D1', u'Durban Campus Full-time', u'A', u'40010741:OJO E E', 1.0]
[u'', u'', u'', u'', u'', u'', u'', u'', u'', u'', u'', u'', u'']
check '' ''
[u'RPEL532_YEAR_2018', u'RPEL532_YEAR_2017', u'RPEL532', u'RESEARCH PROJECT & DISSERTATION (4TH REGISTRA', u'MNEPE1', u'MASTER OF ENGINEERING (ELECTRICAL POWER)', u'P0', u'POST-GRAD ANNUAL REGISTRATIONS', u'D3', u'Durban Campus Part-time', u'A', u'40010741:OJO E E', 1.0]
check 'RPEL532_YEAR_2018' 'RPEL532'
processXLS: only for SEM2 [u'RPEL532_YEAR_2018', u'RPEL532_YEAR_2017', u'RPEL532', u'RESEARCH PROJECT & DISSERTATION (4TH REGISTRA', u'MNEPE1', u'MASTER OF ENGINEERING (ELECTRICAL POWER)', u'P0', u'POST-GRAD ANNUAL REGISTRATIONS', u'D3', u'Durban Campus Part-time', u'A', u'40010741:OJO E E', 1.0]
[u'', u'', u'', u'', u'', u'', u'', u'', u'', u'', u'', u'', u'']
check '' ''
[u'RPJE511_YEAR_2018', u'RPJE511_YEAR_2017', u'RPJE511', u'RESEARCH PROJECT & DISSERTATION (1ST REG)', u'MNEPE1', u'MASTER OF ENGINEERING (ELECTRICAL POWER)', u'P0', u'POST-GRAD ANNUAL REGISTRATIONS', u'D3', u'Durban Campus Part-time', u'A', u'40010741:OJO E E', 1.0]
check 'RPJE511_YEAR_2018' 'RPJE511'
processXLS: only for SEM2 [u'RPJE511_YEAR_2018', u'RPJE511_YEAR_2017', u'RPJE511', u'RESEARCH PROJECT & DISSERTATION (1ST REG)', u'MNEPE1', u'MASTER OF ENGINEERING (ELECTRICAL POWER)', u'P0', u'POST-GRAD ANNUAL REGISTRATIONS', u'D3', u'Durban Campus Part-time', u'A', u'40010741:OJO E E', 1.0]
[u'', u'', u'', u'', u'', u'', u'', u'', u'', u'', u'', u'', u'']
check '' ''
[u'RPJE531_YEAR_2018', u'RPJE531_YEAR_2017', u'RPJE531', u'RESEARCH PROJECT & DISSERTATION (3RD REG)', u'MNEPE1', u'MASTER OF ENGINEERING (ELECTRICAL POWER)', u'P0', u'POST-GRAD ANNUAL REGISTRATIONS', u'D1', u'Durban Campus Full-time', u'A', u'40010741:OJO E E', 6.0]
check 'RPJE531_YEAR_2018' 'RPJE531'
processXLS: only for SEM2 [u'RPJE531_YEAR_2018', u'RPJE531_YEAR_2017', u'RPJE531', u'RESEARCH PROJECT & DISSERTATION (3RD REG)', u'MNEPE1', u'MASTER OF ENGINEERING (ELECTRICAL POWER)', u'P0', u'POST-GRAD ANNUAL REGISTRATIONS', u'D1', u'Durban Campus Full-time', u'A', u'40010741:OJO E E', 6.0]
[u'', u'', u'', u'', u'', u'', u'', u'', u'', u'', u'', u'', u'']
check '' ''
[u'RPJE621_YEAR_2018', u'RPJE621_YEAR_2017', u'RPJE621', u'RESEARCH PROJECT & DISSERTATION (2ND REG)', u'DNEPE1', u'DOCTOR OF ENGINEERING (ELECTRICAL POWER)', u'P0', u'POST-GRAD ANNUAL REGISTRATIONS', u'D3', u'Durban Campus Part-time', u'A', u'40010741:OJO E E', 1.0]
check 'RPJE621_YEAR_2018' 'RPJE621'
processXLS: only for SEM2 [u'RPJE621_YEAR_2018', u'RPJE621_YEAR_2017', u'RPJE621', u'RESEARCH PROJECT & DISSERTATION (2ND REG)', u'DNEPE1', u'DOCTOR OF ENGINEERING (ELECTRICAL POWER)', u'P0', u'POST-GRAD ANNUAL REGISTRATIONS', u'D3', u'Durban Campus Part-time', u'A', u'40010741:OJO E E', 1.0]
[u'', u'', u'', u'', u'', u'', u'', u'', u'', u'', u'', u'', u'']
check '' ''
[u'RPEL712_YEAR_2018', u'RPEL712_YEAR_2017', u'RPEL712', u'RESEARCH PROJECT & DISSERTATION (2ND REG)', u'DNEPE1', u'DOCTOR OF ENGINEERING (ELECTRICAL POWER)', u'P0', u'POST-GRAD ANNUAL REGISTRATIONS', u'D3', u'Durban Campus Part-time', u'A', u'40010741:OJO E E', 1.0]
check 'RPEL712_YEAR_2018' 'RPEL712'
processXLS: only for SEM2 [u'RPEL712_YEAR_2018', u'RPEL712_YEAR_2017', u'RPEL712', u'RESEARCH PROJECT & DISSERTATION (2ND REG)', u'DNEPE1', u'DOCTOR OF ENGINEERING (ELECTRICAL POWER)', u'P0', u'POST-GRAD ANNUAL REGISTRATIONS', u'D3', u'Durban Campus Part-time', u'A', u'40010741:OJO E E', 1.0]
[u'...', u'', u'', u'', u'', u'', u'', u'', u'', u'', u'', u'', u'']
check '...' ''
[u'New subjects for 2018', u'', u'', u'', u'', u'', u'', u'', u'', u'', u'', u'', u'']
check 'New subjects for 2018' ''
[u'ILLM101_SEM2_2018', u'template_2018', u'ILLM101', u'ILLUMINATION', u'BNPWE1', u'B ENGINEERING TECHNOLOGY IN POWER ENG', u'22', u'SEM2', u'D1', u'OTNAME', u'A', u'50009294:WIMBUSH;', u'']
check 'ILLM101_SEM2_2018' 'ILLM101'
adding  ILLM101
requesting:  http://10.0.100.98:8000/bbinfo/matching_courses/ILLM101%25
r= <Response [200]>
matching classes= set([u'ILLM101_SEM2_2018'])
[u'EPRT101_SEM2_2018', u'template_2018', u'EPRT101', u'ELECTRICAL PROTECTION', u'BNPWE1', u'B ENGINEERING TECHNOLOGY IN POWER ENG', u'22', u'SEM2', u'D1', u'OTNAME', u'A', u'40000382:ESTRICE;', u'']
check 'EPRT101_SEM2_2018' 'EPRT101'
adding  EPRT101
requesting:  http://10.0.100.98:8000/bbinfo/matching_courses/EPRT101%25
r= <Response [200]>
matching classes= set([u'EPRT101_SEM2_2018'])
[u'CPIT101_SEM1_2018', u'template_2018', u'CPIT101', u'COMPUTING AND INFORMATION TECHNOLOGY', u'BNPWE1', u'B ENGINEERING TECHNOLOGY IN POWER ENG', u'21', u'SEM1', u'D1', u'OTNAME', u'A', u'40011267:AKINDEJI;', u'']
check 'CPIT101_SEM1_2018' 'CPIT101'
processXLS: only for SEM2 [u'CPIT101_SEM1_2018', u'template_2018', u'CPIT101', u'COMPUTING AND INFORMATION TECHNOLOGY', u'BNPWE1', u'B ENGINEERING TECHNOLOGY IN POWER ENG', u'21', u'SEM1', u'D1', u'OTNAME', u'A', u'40011267:AKINDEJI;', u'']
[u'CPIT101_SEM1_2018', u'template_2018', u'CPIT101', u'COMPUTING AND INFORMATION TECHNOLOGY', u'BNIND1', u'B ENGINEERING TECHNOLOGY IN IND ENG', u'21', u'SEM1', u'D1', u'OTNAME', u'A', u'40011267:AKINDEJI;', u'']
check 'CPIT101_SEM1_2018' 'CPIT101'
processXLS: only for SEM2 [u'CPIT101_SEM1_2018', u'template_2018', u'CPIT101', u'COMPUTING AND INFORMATION TECHNOLOGY', u'BNIND1', u'B ENGINEERING TECHNOLOGY IN IND ENG', u'21', u'SEM1', u'D1', u'OTNAME', u'A', u'40011267:AKINDEJI;', u'']
[u'CPIT101_SEM2_2018', u'template_2018', u'CPIT101', u'COMPUTING AND INFORMATION TECHNOLOGY', u'BNPWE1', u'B ENGINEERING TECHNOLOGY IN POWER ENG', u'22', u'SEM2', u'D1', u'OTNAME', u'A', u'40011267:AKINDEJI;', u'']
check 'CPIT101_SEM2_2018' 'CPIT101'
adding  CPIT101
requesting:  http://10.0.100.98:8000/bbinfo/matching_courses/CPIT101%25
r= <Response [200]>
matching classes= set([u'CPIT101_SEM1_2018', u'CPIT101_SEM2_2018'])
[u'CPIT101_SEM2_2018', u'template_2018', u'CPIT101', u'COMPUTING AND INFORMATION TECHNOLOGY', u'BNIND1', u'B ENGINEERING TECHNOLOGY IN IND ENG', u'22', u'SEM2', u'D1', u'OTNAME', u'A', u'40011267:AKINDEJI;', u'']
check 'CPIT101_SEM2_2018' 'CPIT101'
adding  CPIT101
requesting:  http://10.0.100.98:8000/bbinfo/matching_courses/CPIT101%25
r= <Response [200]>
matching classes= set([u'CPIT101_SEM1_2018', u'CPIT101_SEM2_2018'])
[u'MTCH302_SEM1_2018', u'template_2018', u'MTCH302', u'MECHANICAL TECHNOLOGY III', u'BNPWE1', u'B ENGINEERING TECHNOLOGY IN POWER ENG', u'21', u'SEM1', u'D1', u'OTNAME', u'A', u'40010741:OJO;', u'']
check 'MTCH302_SEM1_2018' 'MTCH302'
processXLS: only for SEM2 [u'MTCH302_SEM1_2018', u'template_2018', u'MTCH302', u'MECHANICAL TECHNOLOGY III', u'BNPWE1', u'B ENGINEERING TECHNOLOGY IN POWER ENG', u'21', u'SEM1', u'D1', u'OTNAME', u'A', u'40010741:OJO;', u'']
[u'PMGM101_SEM2_2018', u'template_2018', u'PMGM101', u'PRINCIPLES OF MANAGMENT', u'BNPWE1', u'B ENGINEERING TECHNOLOGY IN POWER ENG', u'22', u'SEM2', u'D1', u'OTNAME', u'A', u'40011267:AKINDEJI;', u'']
check 'PMGM101_SEM2_2018' 'PMGM101'
adding  PMGM101
requesting:  http://10.0.100.98:8000/bbinfo/matching_courses/PMGM101%25
r= <Response [200]>
matching classes= set([u'PMGM101_SEM2_2018'])
[u'ELEP101_SEM1_2018', u'template_2018', u'ELEP101', u'ELECTRICAL PRINCIPLES I', u'BNPWE1', u'B ENGINEERING TECHNOLOGY IN POWER ENG', u'21', u'SEM1', u'D1', u'OTNAME', u'A', u'50051198:CHETTY;', u'']
check 'ELEP101_SEM1_2018' 'ELEP101'
processXLS: only for SEM2 [u'ELEP101_SEM1_2018', u'template_2018', u'ELEP101', u'ELECTRICAL PRINCIPLES I', u'BNPWE1', u'B ENGINEERING TECHNOLOGY IN POWER ENG', u'21', u'SEM1', u'D1', u'OTNAME', u'A', u'50051198:CHETTY;', u'']
[u'ELEP101_SEM1_2018', u'template_2018', u'ELEP101', u'ELECTRICAL PRINCIPLES I', u'BNIND1', u'B ENGINEERING TECHNOLOGY IN IND ENG', u'21', u'SEM1', u'D1', u'OTNAME', u'A', u'50051198:CHETTY;', u'']
check 'ELEP101_SEM1_2018' 'ELEP101'
processXLS: only for SEM2 [u'ELEP101_SEM1_2018', u'template_2018', u'ELEP101', u'ELECTRICAL PRINCIPLES I', u'BNIND1', u'B ENGINEERING TECHNOLOGY IN IND ENG', u'21', u'SEM1', u'D1', u'OTNAME', u'A', u'50051198:CHETTY;', u'']
[u'ELEP101_SEM1_2018', u'template_2018', u'ELEP101', u'ELECTRICAL PRINCIPLES I', u'BNELC1', u'B ENG TECHNOLOGY IN ELECTRONIC ENG', u'21', u'SEM1', u'D1', u'OTNAME', u'A', u'50051198:CHETTY;', u'']
check 'ELEP101_SEM1_2018' 'ELEP101'
processXLS: only for SEM2 [u'ELEP101_SEM1_2018', u'template_2018', u'ELEP101', u'ELECTRICAL PRINCIPLES I', u'BNELC1', u'B ENG TECHNOLOGY IN ELECTRONIC ENG', u'21', u'SEM1', u'D1', u'OTNAME', u'A', u'50051198:CHETTY;', u'']
[u'ELEP101_SEM1_2018', u'template_2018', u'ELEP101', u'ELECTRICAL PRINCIPLES I', u'BNMCH1', u'B ENGINEERING TECHNOLOGY IN MECH ENG', u'21', u'SEM1', u'D1', u'OTNAME', u'A', u'50051198:CHETTY;', u'']
check 'ELEP101_SEM1_2018' 'ELEP101'
processXLS: only for SEM2 [u'ELEP101_SEM1_2018', u'template_2018', u'ELEP101', u'ELECTRICAL PRINCIPLES I', u'BNMCH1', u'B ENGINEERING TECHNOLOGY IN MECH ENG', u'21', u'SEM1', u'D1', u'OTNAME', u'A', u'50051198:CHETTY;', u'']
[u'ELEP101_SEM2_2018', u'template_2018', u'ELEP101', u'ELECTRICAL PRINCIPLES I', u'BNPWE1', u'B ENGINEERING TECHNOLOGY IN POWER ENG', u'22', u'SEM2', u'D1', u'OTNAME', u'A', u'50051198:CHETTY;', u'']
check 'ELEP101_SEM2_2018' 'ELEP101'
adding  ELEP101
requesting:  http://10.0.100.98:8000/bbinfo/matching_courses/ELEP101%25
r= <Response [200]>
matching classes= set([u'ELEP101_SEM1_2018', u'ELEP101_SEM2_2018'])
[u'ELEP101_SEM2_2018', u'template_2018', u'ELEP101', u'ELECTRICAL PRINCIPLES I', u'BNIND1', u'B ENGINEERING TECHNOLOGY IN IND ENG', u'22', u'SEM2', u'D1', u'OTNAME', u'A', u'50051198:CHETTY;', u'']
check 'ELEP101_SEM2_2018' 'ELEP101'
adding  ELEP101
requesting:  http://10.0.100.98:8000/bbinfo/matching_courses/ELEP101%25
r= <Response [200]>
matching classes= set([u'ELEP101_SEM1_2018', u'ELEP101_SEM2_2018'])
[u'ELEP101_SEM2_2018', u'template_2018', u'ELEP101', u'ELECTRICAL PRINCIPLES I', u'BNELC1', u'B ENG TECHNOLOGY IN ELECTRONIC ENG', u'22', u'SEM2', u'D1', u'OTNAME', u'A', u'50051198:CHETTY;', u'']
check 'ELEP101_SEM2_2018' 'ELEP101'
adding  ELEP101
requesting:  http://10.0.100.98:8000/bbinfo/matching_courses/ELEP101%25
r= <Response [200]>
matching classes= set([u'ELEP101_SEM1_2018', u'ELEP101_SEM2_2018'])
[u'ELEP101_SEM2_2018', u'template_2018', u'ELEP101', u'ELECTRICAL PRINCIPLES I', u'BNMCH1', u'B ENGINEERING TECHNOLOGY IN MECH ENG', u'22', u'SEM2', u'D1', u'OTNAME', u'A', u'50051198:CHETTY;', u'']
check 'ELEP101_SEM2_2018' 'ELEP101'
adding  ELEP101
requesting:  http://10.0.100.98:8000/bbinfo/matching_courses/ELEP101%25
r= <Response [200]>
matching classes= set([u'ELEP101_SEM1_2018', u'ELEP101_SEM2_2018'])
[u'EMCH101_SEM2_2018', u'template_2018', u'EMCH101', u'ELECTRICAL MACHINES I', u'BNPWE1', u'B ENGINEERING TECHNOLOGY IN POWER ENG', u'22', u'SEM2', u'D1', u'OTNAME', u'A', u'40012538:DAVIDSON;', u'']
check 'EMCH101_SEM2_2018' 'EMCH101'
adding  EMCH101
requesting:  http://10.0.100.98:8000/bbinfo/matching_courses/EMCH101%25
r= <Response [200]>
matching classes= set([u'EMCH101_SEM2_2018'])
[u'DSPJ101_SEM1_2018', u'template_2018', u'DSPJ101', u'DESIGN PROJECT I', u'BNPWE1', u'B ENGINEERING TECHNOLOGY IN POWER ENG', u'21', u'SEM1', u'D1', u'OTNAME', u'A', u'40011267:AKINDEJI;', u'']
check 'DSPJ101_SEM1_2018' 'DSPJ101'
processXLS: only for SEM2 [u'DSPJ101_SEM1_2018', u'template_2018', u'DSPJ101', u'DESIGN PROJECT I', u'BNPWE1', u'B ENGINEERING TECHNOLOGY IN POWER ENG', u'21', u'SEM1', u'D1', u'OTNAME', u'A', u'40011267:AKINDEJI;', u'']
[u'PWRS201_SEM1_2018', u'template_2018', u'PWRS201', u'POWER SYSTEMS II', u'BNPWE1', u'B ENGINEERING TECHNOLOGY IN POWER ENG', u'21', u'SEM1', u'D1', u'OTNAME', u'A', u'40011267:AKINDEJI;', u'']
check 'PWRS201_SEM1_2018' 'PWRS201'
processXLS: only for SEM2 [u'PWRS201_SEM1_2018', u'template_2018', u'PWRS201', u'POWER SYSTEMS II', u'BNPWE1', u'B ENGINEERING TECHNOLOGY IN POWER ENG', u'21', u'SEM1', u'D1', u'OTNAME', u'A', u'40011267:AKINDEJI;', u'']
[u'INCT101_SEM1_2018', u'template_2018', u'INCT101', u'INSTRUMENTATION AND CONTROL I', u'BNPWE1', u'B ENGINEERING TECHNOLOGY IN POWER ENG', u'21', u'SEM1', u'D1', u'OTNAME', u'A', u'40009102:LEOANEKA;', u'']
check 'INCT101_SEM1_2018' 'INCT101'
processXLS: only for SEM2 [u'INCT101_SEM1_2018', u'template_2018', u'INCT101', u'INSTRUMENTATION AND CONTROL I', u'BNPWE1', u'B ENGINEERING TECHNOLOGY IN POWER ENG', u'21', u'SEM1', u'D1', u'OTNAME', u'A', u'40009102:LEOANEKA;', u'']
[u'INCT101_SEM1_2018', u'template_2018', u'INCT101', u'INSTRUMENTATION AND CONTROL I', u'BNMCH1', u'B ENGINEERING TECHNOLOGY IN MECH ENG', u'21', u'SEM1', u'D1', u'OTNAME', u'A', u'40009102:LEOANEKA;', u'']
check 'INCT101_SEM1_2018' 'INCT101'
processXLS: only for SEM2 [u'INCT101_SEM1_2018', u'template_2018', u'INCT101', u'INSTRUMENTATION AND CONTROL I', u'BNMCH1', u'B ENGINEERING TECHNOLOGY IN MECH ENG', u'21', u'SEM1', u'D1', u'OTNAME', u'A', u'40009102:LEOANEKA;', u'']
[u'PRJS101_SEM1_2018', u'template_2018', u'PRJS101', u'PROJECTS I', u'BNPWE1', u'B ENGINEERING TECHNOLOGY IN POWER ENG', u'21', u'SEM1', u'D1', u'OTNAME', u'A', u'50001451:STOPS;', u'']
check 'PRJS101_SEM1_2018' 'PRJS101'
processXLS: only for SEM2 [u'PRJS101_SEM1_2018', u'template_2018', u'PRJS101', u'PROJECTS I', u'BNPWE1', u'B ENGINEERING TECHNOLOGY IN POWER ENG', u'21', u'SEM1', u'D1', u'OTNAME', u'A', u'50001451:STOPS;', u'']
[u'MTCH202_SEM2_2018', u'template_2018', u'MTCH202', u'MECHANICAL TECHNOLOGY II', u'BNPWE1', u'B ENGINEERING TECHNOLOGY IN POWER ENG', u'22', u'SEM2', u'D1', u'OTNAME', u'A', u'40010741:OJO;', u'']
check 'MTCH202_SEM2_2018' 'MTCH202'
adding  MTCH202
requesting:  http://10.0.100.98:8000/bbinfo/matching_courses/MTCH202%25
r= <Response [200]>
matching classes= set([u'MTCH202_SEM2_2018'])
[u'PWEL101_SEM1_2018', u'template_2018', u'PWEL101', u'POWER ELECTRONICS', u'BNPWE1', u'B ENGINEERING TECHNOLOGY IN POWER ENG', u'21', u'SEM1', u'D1', u'OTNAME', u'A', u'50000812:BUSSY;', u'']
check 'PWEL101_SEM1_2018' 'PWEL101'
processXLS: only for SEM2 [u'PWEL101_SEM1_2018', u'template_2018', u'PWEL101', u'POWER ELECTRONICS', u'BNPWE1', u'B ENGINEERING TECHNOLOGY IN POWER ENG', u'21', u'SEM1', u'D1', u'OTNAME', u'A', u'50000812:BUSSY;', u'']
[u'DSPJ201_SEM2_2018', u'template_2018', u'DSPJ201', u'DESIGN PROJECT II', u'BNPWE1', u'B ENGINEERING TECHNOLOGY IN POWER ENG', u'22', u'SEM2', u'D1', u'OTNAME', u'A', u'40011267:AKINDEJI;', u'']
check 'DSPJ201_SEM2_2018' 'DSPJ201'
adding  DSPJ201
requesting:  http://10.0.100.98:8000/bbinfo/matching_courses/DSPJ201%25
r= <Response [200]>
matching classes= set([u'DSPJ201_SEM2_2018'])
[u'RNES101_SEM2_2018', u'template_2018', u'RNES101', u'RENEWABLE ENERGY SYSTEMS', u'BNPWE1', u'B ENGINEERING TECHNOLOGY IN POWER ENG', u'22', u'SEM2', u'D1', u'OTNAME', u'A', u'40009122:LOJI;', u'']
check 'RNES101_SEM2_2018' 'RNES101'
adding  RNES101
requesting:  http://10.0.100.98:8000/bbinfo/matching_courses/RNES101%25
r= <Response [200]>
matching classes= set([u'RNES101_SEM2_2018'])
[u'ELTA101_SEM2_2018', u'template_2018', u'ELTA101', u'ELECTRICAL TECHNOLOGY APPLICATIONS', u'BNMCH1', u'B ENGINEERING TECHNOLOGY IN MECH ENG', u'22', u'SEM2', u'D1', u'OTNAME', u'A', u'50000812:BUSSY;', u'']
check 'ELTA101_SEM2_2018' 'ELTA101'
adding  ELTA101
requesting:  http://10.0.100.98:8000/bbinfo/matching_courses/ELTA101%25
r= <Response [200]>
matching classes= set([u'ELTA101_SEM2_2018'])
[u'MTCH102_SEM1_2018', u'template_2018', u'MTCH102', u'MECHANICAL TECHNOLOGY I', u'BNPWE1', u'B ENGINEERING TECHNOLOGY IN POWER ENG', u'21', u'SEM1', u'D1', u'OTNAME', u'A', u'40010741:OJO;', u'']
check 'MTCH102_SEM1_2018' 'MTCH102'
processXLS: only for SEM2 [u'MTCH102_SEM1_2018', u'template_2018', u'MTCH102', u'MECHANICAL TECHNOLOGY I', u'BNPWE1', u'B ENGINEERING TECHNOLOGY IN POWER ENG', u'21', u'SEM1', u'D1', u'OTNAME', u'A', u'40010741:OJO;', u'']
[u'PWRS101_SEM2_2018', u'template_2018', u'PWRS101', u'POWER SYSTEMS I', u'BNPWE1', u'B ENGINEERING TECHNOLOGY IN POWER ENG', u'22', u'SEM2', u'D1', u'OTNAME', u'A', u'40004966:LOJI;', u'']
check 'PWRS101_SEM2_2018' 'PWRS101'
adding  PWRS101
requesting:  http://10.0.100.98:8000/bbinfo/matching_courses/PWRS101%25
r= <Response [200]>
matching classes= set([u'PWRS101_SEM2_2018'])
[u'EAPP101_SEM1_2018', u'template_2018', u'EAPP101', u'ELECTRICAL APPLICATIONS', u'BNPWE1', u'B ENGINEERING TECHNOLOGY IN POWER ENG', u'21', u'SEM1', u'D1', u'OTNAME', u'A', u'40009113:REDDY', u'']
check 'EAPP101_SEM1_2018' 'EAPP101'
processXLS: only for SEM2 [u'EAPP101_SEM1_2018', u'template_2018', u'EAPP101', u'ELECTRICAL APPLICATIONS', u'BNPWE1', u'B ENGINEERING TECHNOLOGY IN POWER ENG', u'21', u'SEM1', u'D1', u'OTNAME', u'A', u'40009113:REDDY', u'']
[u'COMP201_SEM1_2018', u'template_2018', u'COMP201', u'COMPUTER PROGRAMMING II', u'BNPWE1', u'B ENGINEERING TECHNOLOGY IN POWER ENG', u'21', u'SEM1', u'D1', u'OTNAME', u'A', u'40011267:AKINDEJI;', u'']
check 'COMP201_SEM1_2018' 'COMP201'
processXLS: only for SEM2 [u'COMP201_SEM1_2018', u'template_2018', u'COMP201', u'COMPUTER PROGRAMMING II', u'BNPWE1', u'B ENGINEERING TECHNOLOGY IN POWER ENG', u'21', u'SEM1', u'D1', u'OTNAME', u'A', u'40011267:AKINDEJI;', u'']
[u'ELEP201_SEM1_2018', u'template_2018', u'ELEP201', u'ELECTRICAL PRINCIPLES II', u'BNPWE1', u'B ENGINEERING TECHNOLOGY IN POWER ENG', u'21', u'SEM1', u'D1', u'OTNAME', u'A', u'40009122:LOJI;', u'']
check 'ELEP201_SEM1_2018' 'ELEP201'
processXLS: only for SEM2 [u'ELEP201_SEM1_2018', u'template_2018', u'ELEP201', u'ELECTRICAL PRINCIPLES II', u'BNPWE1', u'B ENGINEERING TECHNOLOGY IN POWER ENG', u'21', u'SEM1', u'D1', u'OTNAME', u'A', u'40009122:LOJI;', u'']
[u'ELEP201_SEM1_2018', u'template_2018', u'ELEP201', u'ELECTRICAL PRINCIPLES II', u'BNELC1', u'B ENG TECHNOLOGY IN ELECTRONIC ENG', u'21', u'SEM1', u'D1', u'OTNAME', u'A', u'40009122:LOJI;', u'']
check 'ELEP201_SEM1_2018' 'ELEP201'
processXLS: only for SEM2 [u'ELEP201_SEM1_2018', u'template_2018', u'ELEP201', u'ELECTRICAL PRINCIPLES II', u'BNELC1', u'B ENG TECHNOLOGY IN ELECTRONIC ENG', u'21', u'SEM1', u'D1', u'OTNAME', u'A', u'40009122:LOJI;', u'']
[u'ELEP201_SEM1_2018', u'template_2018', u'ELEP201', u'ELECTRICAL PRINCIPLES II', u'BNMCH1', u'B ENGINEERING TECHNOLOGY IN MECH ENG', u'21', u'SEM1', u'D1', u'OTNAME', u'A', u'40009122:LOJI;', u'']
check 'ELEP201_SEM1_2018' 'ELEP201'
processXLS: only for SEM2 [u'ELEP201_SEM1_2018', u'template_2018', u'ELEP201', u'ELECTRICAL PRINCIPLES II', u'BNMCH1', u'B ENGINEERING TECHNOLOGY IN MECH ENG', u'21', u'SEM1', u'D1', u'OTNAME', u'A', u'40009122:LOJI;', u'']
[u'ELEP201_SEM2_2018', u'template_2018', u'ELEP201', u'ELECTRICAL PRINCIPLES II', u'BNPWE1', u'B ENGINEERING TECHNOLOGY IN POWER ENG', u'22', u'SEM2', u'D1', u'OTNAME', u'A', u'40009122:LOJI;', u'']
check 'ELEP201_SEM2_2018' 'ELEP201'
adding  ELEP201
requesting:  http://10.0.100.98:8000/bbinfo/matching_courses/ELEP201%25
r= <Response [200]>
matching classes= set([u'ELEP201_SEM2_2018', u'ELEP201_SEM1_2018'])
[u'ELEP201_SEM2_2018', u'template_2018', u'ELEP201', u'ELECTRICAL PRINCIPLES II', u'BNELC1', u'B ENG TECHNOLOGY IN ELECTRONIC ENG', u'22', u'SEM2', u'D1', u'OTNAME', u'A', u'40009122:LOJI;', u'']
check 'ELEP201_SEM2_2018' 'ELEP201'
adding  ELEP201
requesting:  http://10.0.100.98:8000/bbinfo/matching_courses/ELEP201%25
r= <Response [200]>
matching classes= set([u'ELEP201_SEM2_2018', u'ELEP201_SEM1_2018'])
[u'ELEP201_SEM2_2018', u'template_2018', u'ELEP201', u'ELECTRICAL PRINCIPLES II', u'BNMCH1', u'B ENGINEERING TECHNOLOGY IN MECH ENG', u'22', u'SEM2', u'D1', u'OTNAME', u'A', u'40009122:LOJI;', u'']
check 'ELEP201_SEM2_2018' 'ELEP201'
adding  ELEP201
requesting:  http://10.0.100.98:8000/bbinfo/matching_courses/ELEP201%25
r= <Response [200]>
matching classes= set([u'ELEP201_SEM2_2018', u'ELEP201_SEM1_2018'])
[u'UTEP101_SEM2_2018', u'template_2018', u'UTEP101', u'UTILISATION OF ELECTRICAL PLANT', u'BNPWE1', u'B ENGINEERING TECHNOLOGY IN POWER ENG', u'22', u'SEM2', u'D1', u'OTNAME', u'A', u'50009294:WIMBUSH;', u'']
check 'UTEP101_SEM2_2018' 'UTEP101'
adding  UTEP101
requesting:  http://10.0.100.98:8000/bbinfo/matching_courses/UTEP101%25
r= <Response [200]>
matching classes= set([u'UTEP101_SEM2_2018'])
[u'EVEN101_SEM2_2018', u'template_2018', u'EVEN101', u'ENVIRONMENTAL ENGINEERING', u'BNPWE1', u'B ENGINEERING TECHNOLOGY IN POWER ENG', u'22', u'SEM2', u'D1', u'OTNAME', u'A', u'40010741:OJO;', u'']
check 'EVEN101_SEM2_2018' 'EVEN101'
adding  EVEN101
requesting:  http://10.0.100.98:8000/bbinfo/matching_courses/EVEN101%25
r= <Response [200]>
matching classes= set([u'EVEN101_SEM2_2018'])
[u'EDRD101_SEM2_2018', u'template_2018', u'EDRD101', u'ENGINEERING DRAWING AND DESIGN', u'BNPWE1', u'B ENGINEERING TECHNOLOGY IN POWER ENG', u'22', u'SEM2', u'D1', u'OTNAME', u'A', u'40009113:REDDY;', u'']
check 'EDRD101_SEM2_2018' 'EDRD101'
adding  EDRD101
requesting:  http://10.0.100.98:8000/bbinfo/matching_courses/EDRD101%25
r= <Response [200]>
matching classes= set([u'EDRD101_SEM2_2018'])
[u'EMCH201_SEM1_2018', u'template_2018', u'EMCH201', u'ELECTRICAL MACHINES II', u'BNPWE1', u'B ENGINEERING TECHNOLOGY IN POWER ENG', u'21', u'SEM1', u'D1', u'OTNAME', u'A', u'40012538:DAVIDSON;', u'']
check 'EMCH201_SEM1_2018' 'EMCH201'
processXLS: only for SEM2 [u'EMCH201_SEM1_2018', u'template_2018', u'EMCH201', u'ELECTRICAL MACHINES II', u'BNPWE1', u'B ENGINEERING TECHNOLOGY IN POWER ENG', u'21', u'SEM1', u'D1', u'OTNAME', u'A', u'40012538:DAVIDSON;', u'']
processXLS: finished processing workingSheets/data/BBC3505ElectricalPowerEngineering2017.xls
getWS: requesting:  http://10.0.100.98:8000/itsenrol/classlist/2018/22/EVEN101 rsp= <Response [200]>
getWS: requesting:  http://10.0.100.98:8000/bbinfo/classlist/EVEN101 rsp= <Response [200]>
getNewStudentsInSubject: ITS 3, BB 1 -> 3 new enrollments
getWS: requesting:  http://10.0.100.98:8000/itsenrol/classlist/2018/22/MTCH202 rsp= <Response [200]>
getWS: requesting:  http://10.0.100.98:8000/bbinfo/classlist/MTCH202 rsp= <Response [200]>
getNewStudentsInSubject: ITS 0, BB 1 -> 0 new enrollments
getWS: requesting:  http://10.0.100.98:8000/itsenrol/classlist/2018/22/MTCH201 rsp= <Response [200]>
getWS: requesting:  http://10.0.100.98:8000/bbinfo/classlist/MTCH201 rsp= <Response [200]>
getNewStudentsInSubject: ITS 30, BB 110 -> 29 new enrollments
getWS: requesting:  http://10.0.100.98:8000/itsenrol/classlist/2018/22/IETS201 rsp= <Response [200]>
getWS: requesting:  http://10.0.100.98:8000/bbinfo/classlist/IETS201 rsp= <Response [200]>
getNewStudentsInSubject: ITS 39, BB 192 -> 31 new enrollments
getWS: requesting:  http://10.0.100.98:8000/itsenrol/classlist/2018/22/CRTA401 rsp= <Response [200]>
getWS: requesting:  http://10.0.100.98:8000/bbinfo/classlist/CRTA401 rsp= <Response [200]>
getNewStudentsInSubject: ITS 2, BB 286 -> 2 new enrollments
getWS: requesting:  http://10.0.100.98:8000/itsenrol/classlist/2018/22/ETEC101 rsp= <Response [200]>
getWS: requesting:  http://10.0.100.98:8000/bbinfo/classlist/ETEC101 rsp= <Response [200]>
getNewStudentsInSubject: ITS 14, BB 303 -> 9 new enrollments
getWS: requesting:  http://10.0.100.98:8000/itsenrol/classlist/2018/22/EPRT101 rsp= <Response [200]>
getWS: requesting:  http://10.0.100.98:8000/bbinfo/classlist/EPRT101 rsp= <Response [200]>
getNewStudentsInSubject: ITS 0, BB 1 -> 0 new enrollments
getWS: requesting:  http://10.0.100.98:8000/itsenrol/classlist/2018/22/ILLM101 rsp= <Response [200]>
getWS: requesting:  http://10.0.100.98:8000/bbinfo/classlist/ILLM101 rsp= <Response [200]>
getNewStudentsInSubject: ITS 0, BB 1 -> 0 new enrollments
getWS: requesting:  http://10.0.100.98:8000/itsenrol/classlist/2018/22/MTCH301 rsp= <Response [200]>
getWS: requesting:  http://10.0.100.98:8000/bbinfo/classlist/MTCH301 rsp= <Response [200]>
getNewStudentsInSubject: ITS 3, BB 54 -> 2 new enrollments
getWS: requesting:  http://10.0.100.98:8000/itsenrol/classlist/2018/22/ELEP101 rsp= <Response [200]>
getWS: requesting:  http://10.0.100.98:8000/bbinfo/classlist/ELEP101 rsp= <Response [200]>
getNewStudentsInSubject: ITS 220, BB 155 -> 206 new enrollments
getWS: requesting:  http://10.0.100.98:8000/itsenrol/classlist/2018/22/INPR401 rsp= <Response [200]>
getWS: requesting:  http://10.0.100.98:8000/bbinfo/classlist/INPR401 rsp= <Response [200]>
getNewStudentsInSubject: ITS 40, BB 141 -> 39 new enrollments
getWS: requesting:  http://10.0.100.98:8000/itsenrol/classlist/2018/22/ELEP201 rsp= <Response [200]>
getWS: requesting:  http://10.0.100.98:8000/bbinfo/classlist/ELEP201 rsp= <Response [200]>
getNewStudentsInSubject: ITS 72, BB 5 -> 72 new enrollments
getWS: requesting:  http://10.0.100.98:8000/itsenrol/classlist/2018/22/CPIT101 rsp= <Response [200]>
getWS: requesting:  http://10.0.100.98:8000/bbinfo/classlist/CPIT101 rsp= <Response [200]>
getNewStudentsInSubject: ITS 0, BB 104 -> 0 new enrollments
getWS: requesting:  http://10.0.100.98:8000/itsenrol/classlist/2018/22/PETR301 rsp= <Response [200]>
getWS: requesting:  http://10.0.100.98:8000/bbinfo/classlist/PETR301 rsp= <Response [200]>
getNewStudentsInSubject: ITS 22, BB 111 -> 19 new enrollments
getWS: requesting:  http://10.0.100.98:8000/itsenrol/classlist/2018/22/EPRT301 rsp= <Response [200]>
getWS: requesting:  http://10.0.100.98:8000/bbinfo/classlist/EPRT301 rsp= <Response [200]>
getNewStudentsInSubject: ITS 44, BB 171 -> 42 new enrollments
getWS: requesting:  http://10.0.100.98:8000/itsenrol/classlist/2018/22/EMAH302 rsp= <Response [200]>
getWS: requesting:  http://10.0.100.98:8000/bbinfo/classlist/EMAH302 rsp= <Response [200]>
getNewStudentsInSubject: ITS 43, BB 170 -> 40 new enrollments
getWS: requesting:  http://10.0.100.98:8000/itsenrol/classlist/2018/22/HVEN401 rsp= <Response [200]>
getWS: requesting:  http://10.0.100.98:8000/bbinfo/classlist/HVEN401 rsp= <Response [200]>
getNewStudentsInSubject: ITS 23, BB 80 -> 23 new enrollments
getWS: requesting:  http://10.0.100.98:8000/itsenrol/classlist/2018/22/EMAH202 rsp= <Response [200]>
getWS: requesting:  http://10.0.100.98:8000/bbinfo/classlist/EMAH202 rsp= <Response [200]>
getNewStudentsInSubject: ITS 25, BB 160 -> 21 new enrollments
getWS: requesting:  http://10.0.100.98:8000/itsenrol/classlist/2018/22/INPR421 rsp= <Response [200]>
getWS: requesting:  http://10.0.100.98:8000/bbinfo/classlist/INPR421 rsp= <Response [200]>
getNewStudentsInSubject: ITS 0, BB 10 -> 0 new enrollments
getWS: requesting:  http://10.0.100.98:8000/itsenrol/classlist/2018/22/ELEN302 rsp= <Response [200]>
getWS: requesting:  http://10.0.100.98:8000/bbinfo/classlist/ELEN302 rsp= <Response [200]>
getNewStudentsInSubject: ITS 24, BB 178 -> 22 new enrollments
getWS: requesting:  http://10.0.100.98:8000/itsenrol/classlist/2018/22/EPRT401 rsp= <Response [200]>
getWS: requesting:  http://10.0.100.98:8000/bbinfo/classlist/EPRT401 rsp= <Response [200]>
getNewStudentsInSubject: ITS 79, BB 1 -> 79 new enrollments
getWS: requesting:  http://10.0.100.98:8000/itsenrol/classlist/2018/22/DSPJ301 rsp= <Response [200]>
getWS: requesting:  http://10.0.100.98:8000/bbinfo/classlist/DSPJ301 rsp= <Response [200]>
getNewStudentsInSubject: ITS 45, BB 192 -> 44 new enrollments
getWS: requesting:  http://10.0.100.98:8000/itsenrol/classlist/2018/22/RNES101 rsp= <Response [200]>
getWS: requesting:  http://10.0.100.98:8000/bbinfo/classlist/RNES101 rsp= <Response [200]>
getNewStudentsInSubject: ITS 0, BB 1 -> 0 new enrollments
getWS: requesting:  http://10.0.100.98:8000/itsenrol/classlist/2018/22/DSPJ201 rsp= <Response [200]>
getWS: requesting:  http://10.0.100.98:8000/bbinfo/classlist/DSPJ201 rsp= <Response [200]>
getNewStudentsInSubject: ITS 0, BB 1 -> 0 new enrollments
getWS: requesting:  http://10.0.100.98:8000/itsenrol/classlist/2018/22/ENEQ101 rsp= <Response [200]>
getWS: requesting:  http://10.0.100.98:8000/bbinfo/classlist/ENEQ101 rsp= <Response [200]>
getNewStudentsInSubject: ITS 0, BB 597 -> 0 new enrollments
getWS: requesting:  http://10.0.100.98:8000/itsenrol/classlist/2018/22/EDIS301 rsp= <Response [200]>
getWS: requesting:  http://10.0.100.98:8000/bbinfo/classlist/EDIS301 rsp= <Response [200]>
getNewStudentsInSubject: ITS 51, BB 193 -> 41 new enrollments
getWS: requesting:  http://10.0.100.98:8000/itsenrol/classlist/2018/22/ELEN202 rsp= <Response [200]>
getWS: requesting:  http://10.0.100.98:8000/bbinfo/classlist/ELEN202 rsp= <Response [200]>
getNewStudentsInSubject: ITS 26, BB 304 -> 2 new enrollments
getWS: requesting:  http://10.0.100.98:8000/itsenrol/classlist/2018/22/EMCH101 rsp= <Response [200]>
getWS: requesting:  http://10.0.100.98:8000/bbinfo/classlist/EMCH101 rsp= <Response [200]>
getNewStudentsInSubject: ITS 1, BB 0 -> 1 new enrollments
getWS: requesting:  http://10.0.100.98:8000/itsenrol/classlist/2018/22/ELTA101 rsp= <Response [200]>
getWS: requesting:  http://10.0.100.98:8000/bbinfo/classlist/ELTA101 rsp= <Response [200]>
getNewStudentsInSubject: ITS 0, BB 1 -> 0 new enrollments
getWS: requesting:  http://10.0.100.98:8000/itsenrol/classlist/2018/22/PETR401 rsp= <Response [200]>
getWS: requesting:  http://10.0.100.98:8000/bbinfo/classlist/PETR401 rsp= <Response [200]>
getNewStudentsInSubject: ITS 0, BB 158 -> 0 new enrollments
getWS: requesting:  http://10.0.100.98:8000/itsenrol/classlist/2018/22/PRJT201 rsp= <Response [200]>
getWS: requesting:  http://10.0.100.98:8000/bbinfo/classlist/PRJT201 rsp= <Response [200]>
getNewStudentsInSubject: ITS 0, BB 129 -> 0 new enrollments
getWS: requesting:  http://10.0.100.98:8000/itsenrol/classlist/2018/22/PMGM101 rsp= <Response [200]>
getWS: requesting:  http://10.0.100.98:8000/bbinfo/classlist/PMGM101 rsp= <Response [200]>
getNewStudentsInSubject: ITS 1, BB 1 -> 1 new enrollments
getWS: requesting:  http://10.0.100.98:8000/itsenrol/classlist/2018/22/PWRS101 rsp= <Response [200]>
getWS: requesting:  http://10.0.100.98:8000/bbinfo/classlist/PWRS101 rsp= <Response [200]>
getNewStudentsInSubject: ITS 1, BB 1 -> 1 new enrollments
getWS: requesting:  http://10.0.100.98:8000/itsenrol/classlist/2018/22/EDRD101 rsp= <Response [200]>
getWS: requesting:  http://10.0.100.98:8000/bbinfo/classlist/EDRD101 rsp= <Response [200]>
getNewStudentsInSubject: ITS 1, BB 1 -> 1 new enrollments
getWS: requesting:  http://10.0.100.98:8000/itsenrol/classlist/2018/22/ETEC202 rsp= <Response [200]>
getWS: requesting:  http://10.0.100.98:8000/bbinfo/classlist/ETEC202 rsp= <Response [200]>
getNewStudentsInSubject: ITS 0, BB 19 -> 0 new enrollments
getWS: requesting:  http://10.0.100.98:8000/itsenrol/classlist/2018/22/PSYS401 rsp= <Response [200]>
getWS: requesting:  http://10.0.100.98:8000/bbinfo/classlist/PSYS401 rsp= <Response [200]>
getNewStudentsInSubject: ITS 57, BB 217 -> 55 new enrollments
getWS: requesting:  http://10.0.100.98:8000/itsenrol/classlist/2018/22/INPR411 rsp= <Response [200]>
getWS: requesting:  http://10.0.100.98:8000/bbinfo/classlist/INPR411 rsp= <Response [200]>
getNewStudentsInSubject: ITS 4, BB 31 -> 4 new enrollments
getWS: requesting:  http://10.0.100.98:8000/itsenrol/classlist/2018/22/UTEP101 rsp= <Response [200]>
getWS: requesting:  http://10.0.100.98:8000/bbinfo/classlist/UTEP101 rsp= <Response [200]>
getNewStudentsInSubject: ITS 0, BB 1 -> 0 new enrollments
getWS: requesting:  http://10.0.100.98:8000/itsenrol/classlist/2018/22/ETEC302 rsp= <Response [200]>
getWS: requesting:  http://10.0.100.98:8000/bbinfo/classlist/ETEC302 rsp= <Response [200]>
getNewStudentsInSubject: ITS 1, BB 1 -> 1 new enrollments
getWS: requesting:  http://10.0.100.98:8000/itsenrol/classlist/2018/22/MTCH101 rsp= <Response [200]>
getWS: requesting:  http://10.0.100.98:8000/bbinfo/classlist/MTCH101 rsp= <Response [200]>
getNewStudentsInSubject: ITS 16, BB 136 -> 13 new enrollments
main: Writing students...
main: Writing enrollments...
main: Finished processing workingSheets/data/BBC3505ElectricalPowerEngineering2017.xls
main: 40 subjects processed
main: 64 subject -> classroom maps
main: 498 students
main: 803 student enrollments 0 errors
0.59user 0.18system 0:07.84elapsed 9%CPU (0avgtext+0avgdata 64224maxresident)k
128inputs+208outputs (0major+7514minor)pagefaults 0swaps
POSTING SNAPSHOTS to SIS endpoint
TEST RUN, NOT POSTING BBSTUDENTS
TEST RUN, NOT POSTIN BBENROL
copy snapshot files to saved output
=== department done ===
syncing logs...
Pushing logs from logs/20180723111852 to remote...
sending incremental file list
./
BBC3505ElectricalPowerEngineering2017.BBENROL.txt
BBC3505ElectricalPowerEngineering2017.BBSTUDENTS.txt
BBC3505ElectricalPowerEngineering2017.Enrolomat.txt
BBC3505ElectricalPowerEngineering2017.Postlog.txt

sent 199139 bytes  received 91 bytes  36223.64 bytes/sec
total size is 7395119  speedup is 37.12
logging to logs/20180723111852
=== generate newenrollments for BBC3506ElectronicEngineering2017. ===
GENERATE SNAPSHOTS...
./BBCIncrementalEnrollerX2.py : generating enrolment files for subjects in  workingSheets/data/BBC3506ElectronicEngineering2017.xls
processXLS: start spreadsheet workingSheets/data/BBC3506ElectronicEngineering2017.xls
[u'2018 Blackboard Classrooms for Department: 3506 - ELECTRONIC ENGINEERING', u'', u'', u'', u'', u'', u'', u'', u'', u'', u'', u'', u'']
check '2018 Blackboard Classrooms for Department: 3506 - ELECTRONIC ENGINEERING' ''
[u'', u'', u'', u'', u'', u'', u'', u'', u'', u'', u'', u'', u'']
check '' ''
[u'BB Classroom', u'Migrate Classroom', u'ITS Subject', u'', u'ITS Qualification', u'', u'Block', u'', u'Off Type', u'', u'Grp', u'Lecturer(s)', u'2016 Enrol']
check 'BB Classroom' 'ITS Subject'
[u'CSEL101_SEM1_2018', u'CSEL101_SEM1_2017', u'CSEL101', u'COMPUTER SKILLS I', u'NDCME2', u'ND: ENGINEERING: CHEMICAL', u'21', u'SEMESTER 1', u'D1', u'Durban Campus Full-time', u'A', u'40000207:MOODLEY', 1.0]
check 'CSEL101_SEM1_2018' 'CSEL101'
processXLS: only for SEM2 [u'CSEL101_SEM1_2018', u'CSEL101_SEM1_2017', u'CSEL101', u'COMPUTER SKILLS I', u'NDCME2', u'ND: ENGINEERING: CHEMICAL', u'21', u'SEMESTER 1', u'D1', u'Durban Campus Full-time', u'A', u'40000207:MOODLEY', 1.0]
[u'CSEL101_SEM1_2018', u'CSEL101_SEM1_2017', u'CSEL101', u'COMPUTER SKILLS I', u'NDCSY2', u'ND: ENGINEERING: COMPUTER SYSTEMS', u'21', u'SEMESTER 1', u'D1', u'Durban Campus Full-time', u'A', u'40000207:MOODLEY', 42.0]
check 'CSEL101_SEM1_2018' 'CSEL101'
processXLS: only for SEM2 [u'CSEL101_SEM1_2018', u'CSEL101_SEM1_2017', u'CSEL101', u'COMPUTER SKILLS I', u'NDCSY2', u'ND: ENGINEERING: COMPUTER SYSTEMS', u'21', u'SEMESTER 1', u'D1', u'Durban Campus Full-time', u'A', u'40000207:MOODLEY', 42.0]
[u'CSEL101_SEM1_2018', u'CSEL101_SEM1_2017', u'CSEL101', u'COMPUTER SKILLS I', u'NDECM1', u'ND: ENGINEERING: ELECTRICAL (COMM)', u'21', u'SEMESTER 1', u'D1', u'Durban Campus Full-time', u'A', u'40000207:MOODLEY', 3.0]
check 'CSEL101_SEM1_2018' 'CSEL101'
processXLS: only for SEM2 [u'CSEL101_SEM1_2018', u'CSEL101_SEM1_2017', u'CSEL101', u'COMPUTER SKILLS I', u'NDECM1', u'ND: ENGINEERING: ELECTRICAL (COMM)', u'21', u'SEMESTER 1', u'D1', u'Durban Campus Full-time', u'A', u'40000207:MOODLEY', 3.0]
[u'CSEL101_SEM1_2018', u'CSEL101_SEM1_2017', u'CSEL101', u'COMPUTER SKILLS I', u'NDEIN1', u'ND: ENGINEERING: ELECTRICAL (INSTR)', u'21', u'SEMESTER 1', u'D1', u'Durban Campus Full-time', u'8', u'40000207:MOODLEY', 2.0]
check 'CSEL101_SEM1_2018' 'CSEL101'
processXLS: only for SEM2 [u'CSEL101_SEM1_2018', u'CSEL101_SEM1_2017', u'CSEL101', u'COMPUTER SKILLS I', u'NDEIN1', u'ND: ENGINEERING: ELECTRICAL (INSTR)', u'21', u'SEMESTER 1', u'D1', u'Durban Campus Full-time', u'8', u'40000207:MOODLEY', 2.0]
[u'CSEL101_SEM1_2018', u'CSEL101_SEM1_2017', u'CSEL101', u'COMPUTER SKILLS I', u'NDEIN1', u'ND: ENGINEERING: ELECTRICAL (INSTR)', u'21', u'SEMESTER 1', u'D1', u'Durban Campus Full-time', u'A', u'40000207:MOODLEY', 2.0]
check 'CSEL101_SEM1_2018' 'CSEL101'
processXLS: only for SEM2 [u'CSEL101_SEM1_2018', u'CSEL101_SEM1_2017', u'CSEL101', u'COMPUTER SKILLS I', u'NDEIN1', u'ND: ENGINEERING: ELECTRICAL (INSTR)', u'21', u'SEMESTER 1', u'D1', u'Durban Campus Full-time', u'A', u'40000207:MOODLEY', 2.0]
[u'CSEL101_SEM1_2018', u'CSEL101_SEM1_2017', u'CSEL101', u'COMPUTER SKILLS I', u'NDELC2', u'ND: ENGINEERING: ELECTRICAL (L/C)', u'21', u'SEMESTER 1', u'D1', u'Durban Campus Full-time', u'8', u'40000207:MOODLEY', 5.0]
check 'CSEL101_SEM1_2018' 'CSEL101'
processXLS: only for SEM2 [u'CSEL101_SEM1_2018', u'CSEL101_SEM1_2017', u'CSEL101', u'COMPUTER SKILLS I', u'NDELC2', u'ND: ENGINEERING: ELECTRICAL (L/C)', u'21', u'SEMESTER 1', u'D1', u'Durban Campus Full-time', u'8', u'40000207:MOODLEY', 5.0]
[u'CSEL101_SEM1_2018', u'CSEL101_SEM1_2017', u'CSEL101', u'COMPUTER SKILLS I', u'NDELC2', u'ND: ENGINEERING: ELECTRICAL (L/C)', u'21', u'SEMESTER 1', u'D1', u'Durban Campus Full-time', u'A', u'40000207:MOODLEY', 149.0]
check 'CSEL101_SEM1_2018' 'CSEL101'
processXLS: only for SEM2 [u'CSEL101_SEM1_2018', u'CSEL101_SEM1_2017', u'CSEL101', u'COMPUTER SKILLS I', u'NDELC2', u'ND: ENGINEERING: ELECTRICAL (L/C)', u'21', u'SEMESTER 1', u'D1', u'Durban Campus Full-time', u'A', u'40000207:MOODLEY', 149.0]
[u'CSEL101_SEM1_2018', u'CSEL101_SEM1_2017', u'CSEL101', u'COMPUTER SKILLS I', u'NDEPE2', u'ND: ENGINEERING: ELECTRICAL  (H/C)', u'21', u'SEMESTER 1', u'D1', u'Durban Campus Full-time', u'A', u'40000207:MOODLEY', 1.0]
check 'CSEL101_SEM1_2018' 'CSEL101'
processXLS: only for SEM2 [u'CSEL101_SEM1_2018', u'CSEL101_SEM1_2017', u'CSEL101', u'COMPUTER SKILLS I', u'NDEPE2', u'ND: ENGINEERING: ELECTRICAL  (H/C)', u'21', u'SEMESTER 1', u'D1', u'Durban Campus Full-time', u'A', u'40000207:MOODLEY', 1.0]
[u'CSEL101_SEM1_2018', u'CSEL101_SEM1_2017', u'CSEL101', u'COMPUTER SKILLS I', u'NDMCH2', u'ND: ENGINEERING: MECHANICAL', u'21', u'SEMESTER 1', u'D1', u'Durban Campus Full-time', u'A', u'40000207:MOODLEY', 1.0]
check 'CSEL101_SEM1_2018' 'CSEL101'
processXLS: only for SEM2 [u'CSEL101_SEM1_2018', u'CSEL101_SEM1_2017', u'CSEL101', u'COMPUTER SKILLS I', u'NDMCH2', u'ND: ENGINEERING: MECHANICAL', u'21', u'SEMESTER 1', u'D1', u'Durban Campus Full-time', u'A', u'40000207:MOODLEY', 1.0]
[u'', u'', u'', u'', u'', u'', u'', u'', u'', u'', u'', u'', u'']
check '' ''
[u'CSEL101_SEM2_2018', u'CSEL101_SEM2_2017', u'CSEL101', u'COMPUTER SKILLS I', u'NDCSY2', u'ND: ENGINEERING: COMPUTER SYSTEMS', u'22', u'SEMESTER 2', u'D1', u'Durban Campus Full-time', u'A', u'40000207:MOODLEY', 1.0]
check 'CSEL101_SEM2_2018' 'CSEL101'
adding  CSEL101
requesting:  http://10.0.100.98:8000/bbinfo/matching_courses/CSEL101%25
r= <Response [200]>
matching classes= set([u'CSEL101_SEM1_2017', u'CSEL101_SEM2_2017', u'CSEL101_SEM2_2018', u'CSEL101_SEM1_2018', u'CSEL101_13_MOOK', u'CSEL101_ALL_2016'])
[u'CSEL101_SEM2_2018', u'CSEL101_SEM2_2017', u'CSEL101', u'COMPUTER SKILLS I', u'NDECM1', u'ND: ENGINEERING: ELECTRICAL (COMM)', u'22', u'SEMESTER 2', u'D1', u'Durban Campus Full-time', u'8', u'40000207:MOODLEY', 1.0]
check 'CSEL101_SEM2_2018' 'CSEL101'
adding  CSEL101
requesting:  http://10.0.100.98:8000/bbinfo/matching_courses/CSEL101%25
r= <Response [200]>
matching classes= set([u'CSEL101_SEM1_2017', u'CSEL101_SEM2_2017', u'CSEL101_SEM2_2018', u'CSEL101_SEM1_2018', u'CSEL101_13_MOOK', u'CSEL101_ALL_2016'])
[u'CSEL101_SEM2_2018', u'CSEL101_SEM2_2017', u'CSEL101', u'COMPUTER SKILLS I', u'NDELC2', u'ND: ENGINEERING: ELECTRICAL (L/C)', u'22', u'SEMESTER 2', u'D1', u'Durban Campus Full-time', u'A', u'40000207:MOODLEY', 7.0]
check 'CSEL101_SEM2_2018' 'CSEL101'
adding  CSEL101
requesting:  http://10.0.100.98:8000/bbinfo/matching_courses/CSEL101%25
r= <Response [200]>
matching classes= set([u'CSEL101_SEM1_2017', u'CSEL101_SEM2_2017', u'CSEL101_SEM2_2018', u'CSEL101_SEM1_2018', u'CSEL101_13_MOOK', u'CSEL101_ALL_2016'])
[u'CSEL101_SEM2_2018', u'CSEL101_SEM2_2017', u'CSEL101', u'COMPUTER SKILLS I', u'NDELC2', u'ND: ENGINEERING: ELECTRICAL (L/C)', u'22', u'SEMESTER 2', u'D1', u'Durban Campus Full-time', u'8', u'40000207:MOODLEY', 3.0]
check 'CSEL101_SEM2_2018' 'CSEL101'
adding  CSEL101
requesting:  http://10.0.100.98:8000/bbinfo/matching_courses/CSEL101%25
r= <Response [200]>
matching classes= set([u'CSEL101_SEM1_2017', u'CSEL101_SEM2_2017', u'CSEL101_SEM2_2018', u'CSEL101_SEM1_2018', u'CSEL101_13_MOOK', u'CSEL101_ALL_2016'])
[u'', u'', u'', u'', u'', u'', u'', u'', u'', u'', u'', u'', u'']
check '' ''
[u'DSYS102_SEM1_2018', u'DSYS102_SEM1_2017', u'DSYS102', u'DIGITAL SYSTEMS I', u'NDCME2', u'ND: ENGINEERING: CHEMICAL', u'21', u'SEMESTER 1', u'D1', u'Durban Campus Full-time', u'A', u'40000585:BUDULA', 1.0]
check 'DSYS102_SEM1_2018' 'DSYS102'
processXLS: only for SEM2 [u'DSYS102_SEM1_2018', u'DSYS102_SEM1_2017', u'DSYS102', u'DIGITAL SYSTEMS I', u'NDCME2', u'ND: ENGINEERING: CHEMICAL', u'21', u'SEMESTER 1', u'D1', u'Durban Campus Full-time', u'A', u'40000585:BUDULA', 1.0]
[u'DSYS102_SEM1_2018', u'DSYS102_SEM1_2017', u'DSYS102', u'DIGITAL SYSTEMS I', u'NDCSY2', u'ND: ENGINEERING: COMPUTER SYSTEMS', u'21', u'SEMESTER 1', u'D1', u'Durban Campus Full-time', u'A', u'40000585:BUDULA', 47.0]
check 'DSYS102_SEM1_2018' 'DSYS102'
processXLS: only for SEM2 [u'DSYS102_SEM1_2018', u'DSYS102_SEM1_2017', u'DSYS102', u'DIGITAL SYSTEMS I', u'NDCSY2', u'ND: ENGINEERING: COMPUTER SYSTEMS', u'21', u'SEMESTER 1', u'D1', u'Durban Campus Full-time', u'A', u'40000585:BUDULA', 47.0]
[u'DSYS102_SEM1_2018', u'DSYS102_SEM1_2017', u'DSYS102', u'DIGITAL SYSTEMS I', u'NDCSY2', u'ND: ENGINEERING: COMPUTER SYSTEMS', u'21', u'SEMESTER 1', u'D1', u'Durban Campus Full-time', u'8', u'40000585:BUDULA', 1.0]
check 'DSYS102_SEM1_2018' 'DSYS102'
processXLS: only for SEM2 [u'DSYS102_SEM1_2018', u'DSYS102_SEM1_2017', u'DSYS102', u'DIGITAL SYSTEMS I', u'NDCSY2', u'ND: ENGINEERING: COMPUTER SYSTEMS', u'21', u'SEMESTER 1', u'D1', u'Durban Campus Full-time', u'8', u'40000585:BUDULA', 1.0]
[u'DSYS102_SEM1_2018', u'DSYS102_SEM1_2017', u'DSYS102', u'DIGITAL SYSTEMS I', u'NDECM1', u'ND: ENGINEERING: ELECTRICAL (COMM)', u'21', u'SEMESTER 1', u'D1', u'Durban Campus Full-time', u'A', u'40000585:BUDULA', 2.0]
check 'DSYS102_SEM1_2018' 'DSYS102'
processXLS: only for SEM2 [u'DSYS102_SEM1_2018', u'DSYS102_SEM1_2017', u'DSYS102', u'DIGITAL SYSTEMS I', u'NDECM1', u'ND: ENGINEERING: ELECTRICAL (COMM)', u'21', u'SEMESTER 1', u'D1', u'Durban Campus Full-time', u'A', u'40000585:BUDULA', 2.0]
[u'DSYS102_SEM1_2018', u'DSYS102_SEM1_2017', u'DSYS102', u'DIGITAL SYSTEMS I', u'NDEIN1', u'ND: ENGINEERING: ELECTRICAL (INSTR)', u'21', u'SEMESTER 1', u'D1', u'Durban Campus Full-time', u'A', u'40000585:BUDULA', 4.0]
check 'DSYS102_SEM1_2018' 'DSYS102'
processXLS: only for SEM2 [u'DSYS102_SEM1_2018', u'DSYS102_SEM1_2017', u'DSYS102', u'DIGITAL SYSTEMS I', u'NDEIN1', u'ND: ENGINEERING: ELECTRICAL (INSTR)', u'21', u'SEMESTER 1', u'D1', u'Durban Campus Full-time', u'A', u'40000585:BUDULA', 4.0]
[u'DSYS102_SEM1_2018', u'DSYS102_SEM1_2017', u'DSYS102', u'DIGITAL SYSTEMS I', u'NDEIN1', u'ND: ENGINEERING: ELECTRICAL (INSTR)', u'21', u'SEMESTER 1', u'D1', u'Durban Campus Full-time', u'8', u'40000585:BUDULA', 2.0]
check 'DSYS102_SEM1_2018' 'DSYS102'
processXLS: only for SEM2 [u'DSYS102_SEM1_2018', u'DSYS102_SEM1_2017', u'DSYS102', u'DIGITAL SYSTEMS I', u'NDEIN1', u'ND: ENGINEERING: ELECTRICAL (INSTR)', u'21', u'SEMESTER 1', u'D1', u'Durban Campus Full-time', u'8', u'40000585:BUDULA', 2.0]
[u'DSYS102_SEM1_2018', u'DSYS102_SEM1_2017', u'DSYS102', u'DIGITAL SYSTEMS I', u'NDELC2', u'ND: ENGINEERING: ELECTRICAL (L/C)', u'21', u'SEMESTER 1', u'D1', u'Durban Campus Full-time', u'8', u'40000585:BUDULA', 2.0]
check 'DSYS102_SEM1_2018' 'DSYS102'
processXLS: only for SEM2 [u'DSYS102_SEM1_2018', u'DSYS102_SEM1_2017', u'DSYS102', u'DIGITAL SYSTEMS I', u'NDELC2', u'ND: ENGINEERING: ELECTRICAL (L/C)', u'21', u'SEMESTER 1', u'D1', u'Durban Campus Full-time', u'8', u'40000585:BUDULA', 2.0]
[u'DSYS102_SEM1_2018', u'DSYS102_SEM1_2017', u'DSYS102', u'DIGITAL SYSTEMS I', u'NDELC2', u'ND: ENGINEERING: ELECTRICAL (L/C)', u'21', u'SEMESTER 1', u'D1', u'Durban Campus Full-time', u'A', u'40000585:BUDULA', 166.0]
check 'DSYS102_SEM1_2018' 'DSYS102'
processXLS: only for SEM2 [u'DSYS102_SEM1_2018', u'DSYS102_SEM1_2017', u'DSYS102', u'DIGITAL SYSTEMS I', u'NDELC2', u'ND: ENGINEERING: ELECTRICAL (L/C)', u'21', u'SEMESTER 1', u'D1', u'Durban Campus Full-time', u'A', u'40000585:BUDULA', 166.0]
[u'DSYS102_SEM1_2018', u'DSYS102_SEM1_2017', u'DSYS102', u'DIGITAL SYSTEMS I', u'NDEPE2', u'ND: ENGINEERING: ELECTRICAL  (H/C)', u'21', u'SEMESTER 1', u'D1', u'Durban Campus Full-time', u'8', u'40000585:BUDULA', 1.0]
check 'DSYS102_SEM1_2018' 'DSYS102'
processXLS: only for SEM2 [u'DSYS102_SEM1_2018', u'DSYS102_SEM1_2017', u'DSYS102', u'DIGITAL SYSTEMS I', u'NDEPE2', u'ND: ENGINEERING: ELECTRICAL  (H/C)', u'21', u'SEMESTER 1', u'D1', u'Durban Campus Full-time', u'8', u'40000585:BUDULA', 1.0]
[u'DSYS102_SEM1_2018', u'DSYS102_SEM1_2017', u'DSYS102', u'DIGITAL SYSTEMS I', u'NDEPE2', u'ND: ENGINEERING: ELECTRICAL  (H/C)', u'21', u'SEMESTER 1', u'D1', u'Durban Campus Full-time', u'A', u'40000585:BUDULA', 25.0]
check 'DSYS102_SEM1_2018' 'DSYS102'
processXLS: only for SEM2 [u'DSYS102_SEM1_2018', u'DSYS102_SEM1_2017', u'DSYS102', u'DIGITAL SYSTEMS I', u'NDEPE2', u'ND: ENGINEERING: ELECTRICAL  (H/C)', u'21', u'SEMESTER 1', u'D1', u'Durban Campus Full-time', u'A', u'40000585:BUDULA', 25.0]
[u'DSYS102_SEM1_2018', u'DSYS102_SEM1_2017', u'DSYS102', u'DIGITAL SYSTEMS I', u'NDMCH2', u'ND: ENGINEERING: MECHANICAL', u'21', u'SEMESTER 1', u'D1', u'Durban Campus Full-time', u'A', u'40000585:BUDULA', 1.0]
check 'DSYS102_SEM1_2018' 'DSYS102'
processXLS: only for SEM2 [u'DSYS102_SEM1_2018', u'DSYS102_SEM1_2017', u'DSYS102', u'DIGITAL SYSTEMS I', u'NDMCH2', u'ND: ENGINEERING: MECHANICAL', u'21', u'SEMESTER 1', u'D1', u'Durban Campus Full-time', u'A', u'40000585:BUDULA', 1.0]
[u'DSYS102_SEM1_2018', u'DSYS102_SEM1_2017', u'DSYS102', u'DIGITAL SYSTEMS I', u'NDMCT1', u'ND: ENGINEERING: MECHANICAL (M/TRONICS)', u'21', u'SEMESTER 1', u'D1', u'Durban Campus Full-time', u'A', u'40000585:BUDULA', 1.0]
check 'DSYS102_SEM1_2018' 'DSYS102'
processXLS: only for SEM2 [u'DSYS102_SEM1_2018', u'DSYS102_SEM1_2017', u'DSYS102', u'DIGITAL SYSTEMS I', u'NDMCT1', u'ND: ENGINEERING: MECHANICAL (M/TRONICS)', u'21', u'SEMESTER 1', u'D1', u'Durban Campus Full-time', u'A', u'40000585:BUDULA', 1.0]
[u'', u'', u'', u'', u'', u'', u'', u'', u'', u'', u'', u'', u'']
check '' ''
[u'DSYS102_SEM2_2018', u'DSYS102_SEM2_2017', u'DSYS102', u'DIGITAL SYSTEMS I', u'NDCSY2', u'ND: ENGINEERING: COMPUTER SYSTEMS', u'22', u'SEMESTER 2', u'D1', u'Durban Campus Full-time', u'A', u'40000585:BUDULA', 14.0]
check 'DSYS102_SEM2_2018' 'DSYS102'
adding  DSYS102
requesting:  http://10.0.100.98:8000/bbinfo/matching_courses/DSYS102%25
r= <Response [200]>
matching classes= set([u'DSYS102_SEM1_2018', u'DSYS102_SEM2_2018', u'DSYS102_SEM2_2017', u'DSYS102_SEM1_2017', u'DSYS102_13_BUDL', u'DSYS102_ALL_2016'])
[u'DSYS102_SEM2_2018', u'DSYS102_SEM2_2017', u'DSYS102', u'DIGITAL SYSTEMS I', u'NDECM1', u'ND: ENGINEERING: ELECTRICAL (COMM)', u'22', u'SEMESTER 2', u'D1', u'Durban Campus Full-time', u'A', u'40000585:BUDULA', 1.0]
check 'DSYS102_SEM2_2018' 'DSYS102'
adding  DSYS102
requesting:  http://10.0.100.98:8000/bbinfo/matching_courses/DSYS102%25
r= <Response [200]>
matching classes= set([u'DSYS102_SEM1_2018', u'DSYS102_SEM2_2018', u'DSYS102_SEM2_2017', u'DSYS102_SEM1_2017', u'DSYS102_13_BUDL', u'DSYS102_ALL_2016'])
[u'DSYS102_SEM2_2018', u'DSYS102_SEM2_2017', u'DSYS102', u'DIGITAL SYSTEMS I', u'NDELC2', u'ND: ENGINEERING: ELECTRICAL (L/C)', u'22', u'SEMESTER 2', u'D1', u'Durban Campus Full-time', u'A', u'40000585:BUDULA', 46.0]
check 'DSYS102_SEM2_2018' 'DSYS102'
adding  DSYS102
requesting:  http://10.0.100.98:8000/bbinfo/matching_courses/DSYS102%25
r= <Response [200]>
matching classes= set([u'DSYS102_SEM1_2018', u'DSYS102_SEM2_2018', u'DSYS102_SEM2_2017', u'DSYS102_SEM1_2017', u'DSYS102_13_BUDL', u'DSYS102_ALL_2016'])
[u'DSYS102_SEM2_2018', u'DSYS102_SEM2_2017', u'DSYS102', u'DIGITAL SYSTEMS I', u'NDEPE2', u'ND: ENGINEERING: ELECTRICAL  (H/C)', u'22', u'SEMESTER 2', u'D1', u'Durban Campus Full-time', u'A', u'40000585:BUDULA', 24.0]
check 'DSYS102_SEM2_2018' 'DSYS102'
adding  DSYS102
requesting:  http://10.0.100.98:8000/bbinfo/matching_courses/DSYS102%25
r= <Response [200]>
matching classes= set([u'DSYS102_SEM1_2018', u'DSYS102_SEM2_2018', u'DSYS102_SEM2_2017', u'DSYS102_SEM1_2017', u'DSYS102_13_BUDL', u'DSYS102_ALL_2016'])
[u'', u'', u'', u'', u'', u'', u'', u'', u'', u'', u'', u'', u'']
check '' ''
[u'ETRS101_SEM1_2018', u'ETRS101_SEM1_2017', u'ETRS101', u'ELECTRONICS I', u'NDCME2', u'ND: ENGINEERING: CHEMICAL', u'21', u'SEMESTER 1', u'D1', u'Durban Campus Full-time', u'A', u'40000202:ESSACK', 1.0]
check 'ETRS101_SEM1_2018' 'ETRS101'
processXLS: only for SEM2 [u'ETRS101_SEM1_2018', u'ETRS101_SEM1_2017', u'ETRS101', u'ELECTRONICS I', u'NDCME2', u'ND: ENGINEERING: CHEMICAL', u'21', u'SEMESTER 1', u'D1', u'Durban Campus Full-time', u'A', u'40000202:ESSACK', 1.0]
[u'ETRS101_SEM1_2018', u'ETRS101_SEM1_2017', u'ETRS101', u'ELECTRONICS I', u'NDCSY2', u'ND: ENGINEERING: COMPUTER SYSTEMS', u'21', u'SEMESTER 1', u'D1', u'Durban Campus Full-time', u'A', u'40000202:ESSACK', 45.0]
check 'ETRS101_SEM1_2018' 'ETRS101'
processXLS: only for SEM2 [u'ETRS101_SEM1_2018', u'ETRS101_SEM1_2017', u'ETRS101', u'ELECTRONICS I', u'NDCSY2', u'ND: ENGINEERING: COMPUTER SYSTEMS', u'21', u'SEMESTER 1', u'D1', u'Durban Campus Full-time', u'A', u'40000202:ESSACK', 45.0]
[u'ETRS101_SEM1_2018', u'ETRS101_SEM1_2017', u'ETRS101', u'ELECTRONICS I', u'NDECM1', u'ND: ENGINEERING: ELECTRICAL (COMM)', u'21', u'SEMESTER 1', u'D1', u'Durban Campus Full-time', u'A', u'40000202:ESSACK', 1.0]
check 'ETRS101_SEM1_2018' 'ETRS101'
processXLS: only for SEM2 [u'ETRS101_SEM1_2018', u'ETRS101_SEM1_2017', u'ETRS101', u'ELECTRONICS I', u'NDECM1', u'ND: ENGINEERING: ELECTRICAL (COMM)', u'21', u'SEMESTER 1', u'D1', u'Durban Campus Full-time', u'A', u'40000202:ESSACK', 1.0]
[u'ETRS101_SEM1_2018', u'ETRS101_SEM1_2017', u'ETRS101', u'ELECTRONICS I', u'NDEIN1', u'ND: ENGINEERING: ELECTRICAL (INSTR)', u'21', u'SEMESTER 1', u'D1', u'Durban Campus Full-time', u'A', u'40000202:ESSACK', 4.0]
check 'ETRS101_SEM1_2018' 'ETRS101'
processXLS: only for SEM2 [u'ETRS101_SEM1_2018', u'ETRS101_SEM1_2017', u'ETRS101', u'ELECTRONICS I', u'NDEIN1', u'ND: ENGINEERING: ELECTRICAL (INSTR)', u'21', u'SEMESTER 1', u'D1', u'Durban Campus Full-time', u'A', u'40000202:ESSACK', 4.0]
[u'ETRS101_SEM1_2018', u'ETRS101_SEM1_2017', u'ETRS101', u'ELECTRONICS I', u'NDEIN1', u'ND: ENGINEERING: ELECTRICAL (INSTR)', u'21', u'SEMESTER 1', u'D1', u'Durban Campus Full-time', u'8', u'40000202:ESSACK', 2.0]
check 'ETRS101_SEM1_2018' 'ETRS101'
processXLS: only for SEM2 [u'ETRS101_SEM1_2018', u'ETRS101_SEM1_2017', u'ETRS101', u'ELECTRONICS I', u'NDEIN1', u'ND: ENGINEERING: ELECTRICAL (INSTR)', u'21', u'SEMESTER 1', u'D1', u'Durban Campus Full-time', u'8', u'40000202:ESSACK', 2.0]
[u'ETRS101_SEM1_2018', u'ETRS101_SEM1_2017', u'ETRS101', u'ELECTRONICS I', u'NDELC2', u'ND: ENGINEERING: ELECTRICAL (L/C)', u'21', u'SEMESTER 1', u'D1', u'Durban Campus Full-time', u'8', u'40000202:ESSACK', 2.0]
check 'ETRS101_SEM1_2018' 'ETRS101'
processXLS: only for SEM2 [u'ETRS101_SEM1_2018', u'ETRS101_SEM1_2017', u'ETRS101', u'ELECTRONICS I', u'NDELC2', u'ND: ENGINEERING: ELECTRICAL (L/C)', u'21', u'SEMESTER 1', u'D1', u'Durban Campus Full-time', u'8', u'40000202:ESSACK', 2.0]
[u'ETRS101_SEM1_2018', u'ETRS101_SEM1_2017', u'ETRS101', u'ELECTRONICS I', u'NDELC2', u'ND: ENGINEERING: ELECTRICAL (L/C)', u'21', u'SEMESTER 1', u'D1', u'Durban Campus Full-time', u'A', u'40000202:ESSACK', 167.0]
check 'ETRS101_SEM1_2018' 'ETRS101'
processXLS: only for SEM2 [u'ETRS101_SEM1_2018', u'ETRS101_SEM1_2017', u'ETRS101', u'ELECTRONICS I', u'NDELC2', u'ND: ENGINEERING: ELECTRICAL (L/C)', u'21', u'SEMESTER 1', u'D1', u'Durban Campus Full-time', u'A', u'40000202:ESSACK', 167.0]
[u'ETRS101_SEM1_2018', u'ETRS101_SEM1_2017', u'ETRS101', u'ELECTRONICS I', u'NDEPE2', u'ND: ENGINEERING: ELECTRICAL  (H/C)', u'21', u'SEMESTER 1', u'D1', u'Durban Campus Full-time', u'8', u'40000202:ESSACK', 3.0]
check 'ETRS101_SEM1_2018' 'ETRS101'
processXLS: only for SEM2 [u'ETRS101_SEM1_2018', u'ETRS101_SEM1_2017', u'ETRS101', u'ELECTRONICS I', u'NDEPE2', u'ND: ENGINEERING: ELECTRICAL  (H/C)', u'21', u'SEMESTER 1', u'D1', u'Durban Campus Full-time', u'8', u'40000202:ESSACK', 3.0]
[u'ETRS101_SEM1_2018', u'ETRS101_SEM1_2017', u'ETRS101', u'ELECTRONICS I', u'NDEPE2', u'ND: ENGINEERING: ELECTRICAL  (H/C)', u'21', u'SEMESTER 1', u'D1', u'Durban Campus Full-time', u'A', u'40000202:ESSACK', 127.0]
check 'ETRS101_SEM1_2018' 'ETRS101'
processXLS: only for SEM2 [u'ETRS101_SEM1_2018', u'ETRS101_SEM1_2017', u'ETRS101', u'ELECTRONICS I', u'NDEPE2', u'ND: ENGINEERING: ELECTRICAL  (H/C)', u'21', u'SEMESTER 1', u'D1', u'Durban Campus Full-time', u'A', u'40000202:ESSACK', 127.0]
[u'ETRS101_SEM1_2018', u'ETRS101_SEM1_2017', u'ETRS101', u'ELECTRONICS I', u'NDMCH2', u'ND: ENGINEERING: MECHANICAL', u'21', u'SEMESTER 1', u'D1', u'Durban Campus Full-time', u'A', u'40000202:ESSACK', 2.0]
check 'ETRS101_SEM1_2018' 'ETRS101'
processXLS: only for SEM2 [u'ETRS101_SEM1_2018', u'ETRS101_SEM1_2017', u'ETRS101', u'ELECTRONICS I', u'NDMCH2', u'ND: ENGINEERING: MECHANICAL', u'21', u'SEMESTER 1', u'D1', u'Durban Campus Full-time', u'A', u'40000202:ESSACK', 2.0]
[u'', u'', u'', u'', u'', u'', u'', u'', u'', u'', u'', u'', u'']
check '' ''
[u'ETRS101_SEM2_2018', u'ETRS101_SEM2_2017', u'ETRS101', u'ELECTRONICS I', u'NDCSY2', u'ND: ENGINEERING: COMPUTER SYSTEMS', u'22', u'SEMESTER 2', u'D1', u'Durban Campus Full-time', u'A', u'40000202:ESSACK', 7.0]
check 'ETRS101_SEM2_2018' 'ETRS101'
adding  ETRS101
requesting:  http://10.0.100.98:8000/bbinfo/matching_courses/ETRS101%25
r= <Response [200]>
matching classes= set([u'ETRS101_SEM2_2017', u'ETRS101_13_ESSS', u'ETRS101_SEM1_2018', u'ETRS101_SEM2_2018', u'ETRS101_ALL_2016', u'ETRS101_SEM1_2017'])
[u'ETRS101_SEM2_2018', u'ETRS101_SEM2_2017', u'ETRS101', u'ELECTRONICS I', u'NDEIN1', u'ND: ENGINEERING: ELECTRICAL (INSTR)', u'22', u'SEMESTER 2', u'D1', u'Durban Campus Full-time', u'A', u'40000202:ESSACK', 1.0]
check 'ETRS101_SEM2_2018' 'ETRS101'
adding  ETRS101
requesting:  http://10.0.100.98:8000/bbinfo/matching_courses/ETRS101%25
r= <Response [200]>
matching classes= set([u'ETRS101_SEM2_2017', u'ETRS101_13_ESSS', u'ETRS101_SEM1_2018', u'ETRS101_SEM2_2018', u'ETRS101_ALL_2016', u'ETRS101_SEM1_2017'])
[u'ETRS101_SEM2_2018', u'ETRS101_SEM2_2017', u'ETRS101', u'ELECTRONICS I', u'NDELC2', u'ND: ENGINEERING: ELECTRICAL (L/C)', u'22', u'SEMESTER 2', u'D1', u'Durban Campus Full-time', u'A', u'40000202:ESSACK', 18.0]
check 'ETRS101_SEM2_2018' 'ETRS101'
adding  ETRS101
requesting:  http://10.0.100.98:8000/bbinfo/matching_courses/ETRS101%25
r= <Response [200]>
matching classes= set([u'ETRS101_SEM2_2017', u'ETRS101_13_ESSS', u'ETRS101_SEM1_2018', u'ETRS101_SEM2_2018', u'ETRS101_ALL_2016', u'ETRS101_SEM1_2017'])
[u'ETRS101_SEM2_2018', u'ETRS101_SEM2_2017', u'ETRS101', u'ELECTRONICS I', u'NDEPE2', u'ND: ENGINEERING: ELECTRICAL  (H/C)', u'22', u'SEMESTER 2', u'D1', u'Durban Campus Full-time', u'A', u'40000202:ESSACK', 13.0]
check 'ETRS101_SEM2_2018' 'ETRS101'
adding  ETRS101
requesting:  http://10.0.100.98:8000/bbinfo/matching_courses/ETRS101%25
r= <Response [200]>
matching classes= set([u'ETRS101_SEM2_2017', u'ETRS101_13_ESSS', u'ETRS101_SEM1_2018', u'ETRS101_SEM2_2018', u'ETRS101_ALL_2016', u'ETRS101_SEM1_2017'])
[u'', u'', u'', u'', u'', u'', u'', u'', u'', u'', u'', u'', u'']
check '' ''
[u'PROJ103_SEM1_2018', u'PROJ103_SEM1_2017', u'PROJ103', u'PROJECTS I', u'NDCSY2', u'ND: ENGINEERING: COMPUTER SYSTEMS', u'21', u'SEMESTER 1', u'D1', u'Durban Campus Full-time', u'A', u'50008720:PILLAY', 15.0]
check 'PROJ103_SEM1_2018' 'PROJ103'
processXLS: only for SEM2 [u'PROJ103_SEM1_2018', u'PROJ103_SEM1_2017', u'PROJ103', u'PROJECTS I', u'NDCSY2', u'ND: ENGINEERING: COMPUTER SYSTEMS', u'21', u'SEMESTER 1', u'D1', u'Durban Campus Full-time', u'A', u'50008720:PILLAY', 15.0]
[u'PROJ103_SEM1_2018', u'PROJ103_SEM1_2017', u'PROJ103', u'PROJECTS I', u'NDECM1', u'ND: ENGINEERING: ELECTRICAL (COMM)', u'21', u'SEMESTER 1', u'D1', u'Durban Campus Full-time', u'A', u'50008720:PILLAY', 8.0]
check 'PROJ103_SEM1_2018' 'PROJ103'
processXLS: only for SEM2 [u'PROJ103_SEM1_2018', u'PROJ103_SEM1_2017', u'PROJ103', u'PROJECTS I', u'NDECM1', u'ND: ENGINEERING: ELECTRICAL (COMM)', u'21', u'SEMESTER 1', u'D1', u'Durban Campus Full-time', u'A', u'50008720:PILLAY', 8.0]
[u'PROJ103_SEM1_2018', u'PROJ103_SEM1_2017', u'PROJ103', u'PROJECTS I', u'NDEIN1', u'ND: ENGINEERING: ELECTRICAL (INSTR)', u'21', u'SEMESTER 1', u'D1', u'Durban Campus Full-time', u'A', u'50008720:PILLAY', 13.0]
check 'PROJ103_SEM1_2018' 'PROJ103'
processXLS: only for SEM2 [u'PROJ103_SEM1_2018', u'PROJ103_SEM1_2017', u'PROJ103', u'PROJECTS I', u'NDEIN1', u'ND: ENGINEERING: ELECTRICAL (INSTR)', u'21', u'SEMESTER 1', u'D1', u'Durban Campus Full-time', u'A', u'50008720:PILLAY', 13.0]
[u'PROJ103_SEM1_2018', u'PROJ103_SEM1_2017', u'PROJ103', u'PROJECTS I', u'NDELC2', u'ND: ENGINEERING: ELECTRICAL (L/C)', u'21', u'SEMESTER 1', u'D1', u'Durban Campus Full-time', u'A', u'50008720:PILLAY', 62.0]
check 'PROJ103_SEM1_2018' 'PROJ103'
processXLS: only for SEM2 [u'PROJ103_SEM1_2018', u'PROJ103_SEM1_2017', u'PROJ103', u'PROJECTS I', u'NDELC2', u'ND: ENGINEERING: ELECTRICAL (L/C)', u'21', u'SEMESTER 1', u'D1', u'Durban Campus Full-time', u'A', u'50008720:PILLAY', 62.0]
[u'PROJ103_SEM1_2018', u'PROJ103_SEM1_2017', u'PROJ103', u'PROJECTS I', u'NDEPE2', u'ND: ENGINEERING: ELECTRICAL  (H/C)', u'21', u'SEMESTER 1', u'D1', u'Durban Campus Full-time', u'A', u'50008720:PILLAY', 1.0]
check 'PROJ103_SEM1_2018' 'PROJ103'
processXLS: only for SEM2 [u'PROJ103_SEM1_2018', u'PROJ103_SEM1_2017', u'PROJ103', u'PROJECTS I', u'NDEPE2', u'ND: ENGINEERING: ELECTRICAL  (H/C)', u'21', u'SEMESTER 1', u'D1', u'Durban Campus Full-time', u'A', u'50008720:PILLAY', 1.0]
[u'', u'', u'', u'', u'', u'', u'', u'', u'', u'', u'', u'', u'']
check '' ''
[u'PROJ103_SEM2_2018', u'PROJ103_SEM2_2017', u'PROJ103', u'PROJECTS I', u'NDCSY2', u'ND: ENGINEERING: COMPUTER SYSTEMS', u'22', u'SEMESTER 2', u'D1', u'Durban Campus Full-time', u'A', u'50008720:PILLAY', 26.0]
check 'PROJ103_SEM2_2018' 'PROJ103'
adding  PROJ103
requesting:  http://10.0.100.98:8000/bbinfo/matching_courses/PROJ103%25
r= <Response [200]>
matching classes= set([u'PROJ103_SEM2_2018', u'PROJ103_SEM1_2017', u'PROJ103_SEM1_2018', u'PROJ103_SEM2_2017', u'PROJ103_13_PILA', u'PROJ103_ALL_2016'])
[u'PROJ103_SEM2_2018', u'PROJ103_SEM2_2017', u'PROJ103', u'PROJECTS I', u'NDEIN1', u'ND: ENGINEERING: ELECTRICAL (INSTR)', u'22', u'SEMESTER 2', u'D1', u'Durban Campus Full-time', u'A', u'50008720:PILLAY', 3.0]
check 'PROJ103_SEM2_2018' 'PROJ103'
adding  PROJ103
requesting:  http://10.0.100.98:8000/bbinfo/matching_courses/PROJ103%25
r= <Response [200]>
matching classes= set([u'PROJ103_SEM2_2018', u'PROJ103_SEM1_2017', u'PROJ103_SEM1_2018', u'PROJ103_SEM2_2017', u'PROJ103_13_PILA', u'PROJ103_ALL_2016'])
[u'PROJ103_SEM2_2018', u'PROJ103_SEM2_2017', u'PROJ103', u'PROJECTS I', u'NDELC2', u'ND: ENGINEERING: ELECTRICAL (L/C)', u'22', u'SEMESTER 2', u'D1', u'Durban Campus Full-time', u'A', u'50008720:PILLAY', 105.0]
check 'PROJ103_SEM2_2018' 'PROJ103'
adding  PROJ103
requesting:  http://10.0.100.98:8000/bbinfo/matching_courses/PROJ103%25
r= <Response [200]>
matching classes= set([u'PROJ103_SEM2_2018', u'PROJ103_SEM1_2017', u'PROJ103_SEM1_2018', u'PROJ103_SEM2_2017', u'PROJ103_13_PILA', u'PROJ103_ALL_2016'])
[u'', u'', u'', u'', u'', u'', u'', u'', u'', u'', u'', u'', u'']
check '' ''
[u'PRSI101_SEM1_2018', u'PRSI101_SEM1_2017', u'PRSI101', u'PROCESS INSTRUMENTATION I', u'NDEIN1', u'ND: ENGINEERING: ELECTRICAL (INSTR)', u'21', u'SEMESTER 1', u'D1', u'Durban Campus Full-time', u'A', u'40000578:GOVENDER', 63.0]
check 'PRSI101_SEM1_2018' 'PRSI101'
processXLS: only for SEM2 [u'PRSI101_SEM1_2018', u'PRSI101_SEM1_2017', u'PRSI101', u'PROCESS INSTRUMENTATION I', u'NDEIN1', u'ND: ENGINEERING: ELECTRICAL (INSTR)', u'21', u'SEMESTER 1', u'D1', u'Durban Campus Full-time', u'A', u'40000578:GOVENDER', 63.0]
[u'PRSI101_SEM1_2018', u'PRSI101_SEM1_2017', u'PRSI101', u'PROCESS INSTRUMENTATION I', u'NDELC2', u'ND: ENGINEERING: ELECTRICAL (L/C)', u'21', u'SEMESTER 1', u'D1', u'Durban Campus Full-time', u'A', u'40000578:GOVENDER', 19.0]
check 'PRSI101_SEM1_2018' 'PRSI101'
processXLS: only for SEM2 [u'PRSI101_SEM1_2018', u'PRSI101_SEM1_2017', u'PRSI101', u'PROCESS INSTRUMENTATION I', u'NDELC2', u'ND: ENGINEERING: ELECTRICAL (L/C)', u'21', u'SEMESTER 1', u'D1', u'Durban Campus Full-time', u'A', u'40000578:GOVENDER', 19.0]
[u'PRSI101_SEM1_2018', u'PRSI101_SEM1_2017', u'PRSI101', u'PROCESS INSTRUMENTATION I', u'NDMCT1', u'ND: ENGINEERING: MECHANICAL (M/TRONICS)', u'21', u'SEMESTER 1', u'D1', u'Durban Campus Full-time', u'A', u'40000578:GOVENDER', 4.0]
check 'PRSI101_SEM1_2018' 'PRSI101'
processXLS: only for SEM2 [u'PRSI101_SEM1_2018', u'PRSI101_SEM1_2017', u'PRSI101', u'PROCESS INSTRUMENTATION I', u'NDMCT1', u'ND: ENGINEERING: MECHANICAL (M/TRONICS)', u'21', u'SEMESTER 1', u'D1', u'Durban Campus Full-time', u'A', u'40000578:GOVENDER', 4.0]
[u'', u'', u'', u'', u'', u'', u'', u'', u'', u'', u'', u'', u'']
check '' ''
[u'PRSI101_SEM2_2018', u'PRSI101_SEM2_2017', u'PRSI101', u'PROCESS INSTRUMENTATION I', u'NDECM1', u'ND: ENGINEERING: ELECTRICAL (COMM)', u'22', u'SEMESTER 2', u'D1', u'Durban Campus Full-time', u'A', u'40000578:GOVENDER', 1.0]
check 'PRSI101_SEM2_2018' 'PRSI101'
adding  PRSI101
requesting:  http://10.0.100.98:8000/bbinfo/matching_courses/PRSI101%25
r= <Response [200]>
matching classes= set([u'PRSI101_SEM2_2017', u'PRSI101_SEM1_2017', u'PRSI101_13_GOVP', u'PRSI101_SEM1_2018', u'PRSI101_SEM2_2018', u'PRSI101_ALL_2016'])
[u'PRSI101_SEM2_2018', u'PRSI101_SEM2_2017', u'PRSI101', u'PROCESS INSTRUMENTATION I', u'NDEIN1', u'ND: ENGINEERING: ELECTRICAL (INSTR)', u'22', u'SEMESTER 2', u'D1', u'Durban Campus Full-time', u'A', u'40000578:GOVENDER', 42.0]
check 'PRSI101_SEM2_2018' 'PRSI101'
adding  PRSI101
requesting:  http://10.0.100.98:8000/bbinfo/matching_courses/PRSI101%25
r= <Response [200]>
matching classes= set([u'PRSI101_SEM2_2017', u'PRSI101_SEM1_2017', u'PRSI101_13_GOVP', u'PRSI101_SEM1_2018', u'PRSI101_SEM2_2018', u'PRSI101_ALL_2016'])
[u'PRSI101_SEM2_2018', u'PRSI101_SEM2_2017', u'PRSI101', u'PROCESS INSTRUMENTATION I', u'NDELC2', u'ND: ENGINEERING: ELECTRICAL (L/C)', u'22', u'SEMESTER 2', u'D1', u'Durban Campus Full-time', u'A', u'40000578:GOVENDER', 33.0]
check 'PRSI101_SEM2_2018' 'PRSI101'
adding  PRSI101
requesting:  http://10.0.100.98:8000/bbinfo/matching_courses/PRSI101%25
r= <Response [200]>
matching classes= set([u'PRSI101_SEM2_2017', u'PRSI101_SEM1_2017', u'PRSI101_13_GOVP', u'PRSI101_SEM1_2018', u'PRSI101_SEM2_2018', u'PRSI101_ALL_2016'])
[u'PRSI101_SEM2_2018', u'PRSI101_SEM2_2017', u'PRSI101', u'PROCESS INSTRUMENTATION I', u'NDEPE2', u'ND: ENGINEERING: ELECTRICAL  (H/C)', u'22', u'SEMESTER 2', u'D1', u'Durban Campus Full-time', u'A', u'40000578:GOVENDER', 1.0]
check 'PRSI101_SEM2_2018' 'PRSI101'
adding  PRSI101
requesting:  http://10.0.100.98:8000/bbinfo/matching_courses/PRSI101%25
r= <Response [200]>
matching classes= set([u'PRSI101_SEM2_2017', u'PRSI101_SEM1_2017', u'PRSI101_13_GOVP', u'PRSI101_SEM1_2018', u'PRSI101_SEM2_2018', u'PRSI101_ALL_2016'])
[u'PRSI101_SEM2_2018', u'PRSI101_SEM2_2017', u'PRSI101', u'PROCESS INSTRUMENTATION I', u'NDMCT1', u'ND: ENGINEERING: MECHANICAL (M/TRONICS)', u'22', u'SEMESTER 2', u'D1', u'Durban Campus Full-time', u'A', u'40000578:GOVENDER', 4.0]
check 'PRSI101_SEM2_2018' 'PRSI101'
adding  PRSI101
requesting:  http://10.0.100.98:8000/bbinfo/matching_courses/PRSI101%25
r= <Response [200]>
matching classes= set([u'PRSI101_SEM2_2017', u'PRSI101_SEM1_2017', u'PRSI101_13_GOVP', u'PRSI101_SEM1_2018', u'PRSI101_SEM2_2018', u'PRSI101_ALL_2016'])
[u'', u'', u'', u'', u'', u'', u'', u'', u'', u'', u'', u'', u'']
check '' ''
[u'CSYS202_SEM1_2018', u'CSYS202_SEM1_2017', u'CSYS202', u'CONTROL SYSTEMS II', u'NDEIN1', u'ND: ENGINEERING: ELECTRICAL (INSTR)', u'21', u'SEMESTER 1', u'D1', u'Durban Campus Full-time', u'A', u'50000466:JANSE VAN VUUREN', 57.0]
check 'CSYS202_SEM1_2018' 'CSYS202'
processXLS: only for SEM2 [u'CSYS202_SEM1_2018', u'CSYS202_SEM1_2017', u'CSYS202', u'CONTROL SYSTEMS II', u'NDEIN1', u'ND: ENGINEERING: ELECTRICAL (INSTR)', u'21', u'SEMESTER 1', u'D1', u'Durban Campus Full-time', u'A', u'50000466:JANSE VAN VUUREN', 57.0]
[u'CSYS202_SEM1_2018', u'CSYS202_SEM1_2017', u'CSYS202', u'CONTROL SYSTEMS II', u'NDELC2', u'ND: ENGINEERING: ELECTRICAL (L/C)', u'21', u'SEMESTER 1', u'D1', u'Durban Campus Full-time', u'A', u'50000466:JANSE VAN VUUREN', 18.0]
check 'CSYS202_SEM1_2018' 'CSYS202'
processXLS: only for SEM2 [u'CSYS202_SEM1_2018', u'CSYS202_SEM1_2017', u'CSYS202', u'CONTROL SYSTEMS II', u'NDELC2', u'ND: ENGINEERING: ELECTRICAL (L/C)', u'21', u'SEMESTER 1', u'D1', u'Durban Campus Full-time', u'A', u'50000466:JANSE VAN VUUREN', 18.0]
[u'CSYS202_SEM1_2018', u'CSYS202_SEM1_2017', u'CSYS202', u'CONTROL SYSTEMS II', u'NDMCT1', u'ND: ENGINEERING: MECHANICAL (M/TRONICS)', u'21', u'SEMESTER 1', u'D1', u'Durban Campus Full-time', u'A', u'50000466:JANSE VAN VUUREN', 6.0]
check 'CSYS202_SEM1_2018' 'CSYS202'
processXLS: only for SEM2 [u'CSYS202_SEM1_2018', u'CSYS202_SEM1_2017', u'CSYS202', u'CONTROL SYSTEMS II', u'NDMCT1', u'ND: ENGINEERING: MECHANICAL (M/TRONICS)', u'21', u'SEMESTER 1', u'D1', u'Durban Campus Full-time', u'A', u'50000466:JANSE VAN VUUREN', 6.0]
[u'', u'', u'', u'', u'', u'', u'', u'', u'', u'', u'', u'', u'']
check '' ''
[u'CSYS202_SEM2_2018', u'CSYS202_SEM2_2017', u'CSYS202', u'CONTROL SYSTEMS II', u'NDECM1', u'ND: ENGINEERING: ELECTRICAL (COMM)', u'22', u'SEMESTER 2', u'D1', u'Durban Campus Full-time', u'A', u'50000466:JANSE VAN VUUREN', 1.0]
check 'CSYS202_SEM2_2018' 'CSYS202'
adding  CSYS202
requesting:  http://10.0.100.98:8000/bbinfo/matching_courses/CSYS202%25
r= <Response [200]>
matching classes= set([u'CSYS202_ALL_2016', u'CSYS202_SEM1_2017', u'CSYS202_SEM1_2018', u'CSYS202_SEM2_2018', u'CSYS202_SEM2_2017', u'CSYS202_13_JANG'])
[u'CSYS202_SEM2_2018', u'CSYS202_SEM2_2017', u'CSYS202', u'CONTROL SYSTEMS II', u'NDEIN1', u'ND: ENGINEERING: ELECTRICAL (INSTR)', u'22', u'SEMESTER 2', u'D1', u'Durban Campus Full-time', u'A', u'50000466:JANSE VAN VUUREN', 37.0]
check 'CSYS202_SEM2_2018' 'CSYS202'
adding  CSYS202
requesting:  http://10.0.100.98:8000/bbinfo/matching_courses/CSYS202%25
r= <Response [200]>
matching classes= set([u'CSYS202_ALL_2016', u'CSYS202_SEM1_2017', u'CSYS202_SEM1_2018', u'CSYS202_SEM2_2018', u'CSYS202_SEM2_2017', u'CSYS202_13_JANG'])
[u'CSYS202_SEM2_2018', u'CSYS202_SEM2_2017', u'CSYS202', u'CONTROL SYSTEMS II', u'NDELC2', u'ND: ENGINEERING: ELECTRICAL (L/C)', u'22', u'SEMESTER 2', u'D1', u'Durban Campus Full-time', u'A', u'50000466:JANSE VAN VUUREN', 31.0]
check 'CSYS202_SEM2_2018' 'CSYS202'
adding  CSYS202
requesting:  http://10.0.100.98:8000/bbinfo/matching_courses/CSYS202%25
r= <Response [200]>
matching classes= set([u'CSYS202_ALL_2016', u'CSYS202_SEM1_2017', u'CSYS202_SEM1_2018', u'CSYS202_SEM2_2018', u'CSYS202_SEM2_2017', u'CSYS202_13_JANG'])
[u'CSYS202_SEM2_2018', u'CSYS202_SEM2_2017', u'CSYS202', u'CONTROL SYSTEMS II', u'NDEPE2', u'ND: ENGINEERING: ELECTRICAL  (H/C)', u'22', u'SEMESTER 2', u'D1', u'Durban Campus Full-time', u'A', u'50000466:JANSE VAN VUUREN', 1.0]
check 'CSYS202_SEM2_2018' 'CSYS202'
adding  CSYS202
requesting:  http://10.0.100.98:8000/bbinfo/matching_courses/CSYS202%25
r= <Response [200]>
matching classes= set([u'CSYS202_ALL_2016', u'CSYS202_SEM1_2017', u'CSYS202_SEM1_2018', u'CSYS202_SEM2_2018', u'CSYS202_SEM2_2017', u'CSYS202_13_JANG'])
[u'CSYS202_SEM2_2018', u'CSYS202_SEM2_2017', u'CSYS202', u'CONTROL SYSTEMS II', u'NDMCT1', u'ND: ENGINEERING: MECHANICAL (M/TRONICS)', u'22', u'SEMESTER 2', u'D1', u'Durban Campus Full-time', u'A', u'50000466:JANSE VAN VUUREN', 6.0]
check 'CSYS202_SEM2_2018' 'CSYS202'
adding  CSYS202
requesting:  http://10.0.100.98:8000/bbinfo/matching_courses/CSYS202%25
r= <Response [200]>
matching classes= set([u'CSYS202_ALL_2016', u'CSYS202_SEM1_2017', u'CSYS202_SEM1_2018', u'CSYS202_SEM2_2018', u'CSYS202_SEM2_2017', u'CSYS202_13_JANG'])
[u'', u'', u'', u'', u'', u'', u'', u'', u'', u'', u'', u'', u'']
check '' ''
[u'DICM201_SEM1_2018', u'DICM201_SEM1_2017', u'DICM201', u'DIGITAL COMMUNICATION II', u'NDCSY2', u'ND: ENGINEERING: COMPUTER SYSTEMS', u'21', u'SEMESTER 1', u'D1', u'Durban Campus Full-time', u'A', u'40003851:SINGH', 13.0]
check 'DICM201_SEM1_2018' 'DICM201'
processXLS: only for SEM2 [u'DICM201_SEM1_2018', u'DICM201_SEM1_2017', u'DICM201', u'DIGITAL COMMUNICATION II', u'NDCSY2', u'ND: ENGINEERING: COMPUTER SYSTEMS', u'21', u'SEMESTER 1', u'D1', u'Durban Campus Full-time', u'A', u'40003851:SINGH', 13.0]
[u'', u'', u'', u'', u'', u'', u'', u'', u'', u'', u'', u'', u'']
check '' ''
[u'DICM201_SEM2_2018', u'DICM201_SEM2_2017', u'DICM201', u'DIGITAL COMMUNICATION II', u'NDCSY2', u'ND: ENGINEERING: COMPUTER SYSTEMS', u'22', u'SEMESTER 2', u'D1', u'Durban Campus Full-time', u'A', u'40003851:SINGH', 22.0]
check 'DICM201_SEM2_2018' 'DICM201'
adding  DICM201
requesting:  http://10.0.100.98:8000/bbinfo/matching_courses/DICM201%25
r= <Response [200]>
matching classes= set([u'DICM201_SEM1_2017', u'DICM201_SEM2_2017', u'DICM201_SEM2_2018', u'DICM201_SEM1_2018', u'DICM201_13_SINN', u'DICM201_ALL_2016'])
[u'DICM201_SEM2_2018', u'DICM201_SEM2_2017', u'DICM201', u'DIGITAL COMMUNICATION II', u'NODIP4', u'NON-DIPLOMA PURPOSE (ENG & BE)', u'22', u'SEMESTER 2', u'D7', u'DBN FULL-TIME NON-SUBSIDISED', u'A', u'40003851:SINGH', 1.0]
check 'DICM201_SEM2_2018' 'DICM201'
adding  DICM201
requesting:  http://10.0.100.98:8000/bbinfo/matching_courses/DICM201%25
r= <Response [200]>
matching classes= set([u'DICM201_SEM1_2017', u'DICM201_SEM2_2017', u'DICM201_SEM2_2018', u'DICM201_SEM1_2018', u'DICM201_13_SINN', u'DICM201_ALL_2016'])
[u'', u'', u'', u'', u'', u'', u'', u'', u'', u'', u'', u'', u'']
check '' ''
[u'DSYS202_SEM1_2018', u'DSYS202_SEM1_2017', u'DSYS202', u'DIGITAL SYSTEMS II', u'NDCSY2', u'ND: ENGINEERING: COMPUTER SYSTEMS', u'21', u'SEMESTER 1', u'D1', u'Durban Campus Full-time', u'A', u'40000208:MOOLLA', 12.0]
check 'DSYS202_SEM1_2018' 'DSYS202'
processXLS: only for SEM2 [u'DSYS202_SEM1_2018', u'DSYS202_SEM1_2017', u'DSYS202', u'DIGITAL SYSTEMS II', u'NDCSY2', u'ND: ENGINEERING: COMPUTER SYSTEMS', u'21', u'SEMESTER 1', u'D1', u'Durban Campus Full-time', u'A', u'40000208:MOOLLA', 12.0]
[u'DSYS202_SEM1_2018', u'DSYS202_SEM1_2017', u'DSYS202', u'DIGITAL SYSTEMS II', u'NDECM1', u'ND: ENGINEERING: ELECTRICAL (COMM)', u'21', u'SEMESTER 1', u'D1', u'Durban Campus Full-time', u'A', u'40000208:MOOLLA', 4.0]
check 'DSYS202_SEM1_2018' 'DSYS202'
processXLS: only for SEM2 [u'DSYS202_SEM1_2018', u'DSYS202_SEM1_2017', u'DSYS202', u'DIGITAL SYSTEMS II', u'NDECM1', u'ND: ENGINEERING: ELECTRICAL (COMM)', u'21', u'SEMESTER 1', u'D1', u'Durban Campus Full-time', u'A', u'40000208:MOOLLA', 4.0]
[u'DSYS202_SEM1_2018', u'DSYS202_SEM1_2017', u'DSYS202', u'DIGITAL SYSTEMS II', u'NDEIN1', u'ND: ENGINEERING: ELECTRICAL (INSTR)', u'21', u'SEMESTER 1', u'D1', u'Durban Campus Full-time', u'A', u'40000208:MOOLLA', 8.0]
check 'DSYS202_SEM1_2018' 'DSYS202'
processXLS: only for SEM2 [u'DSYS202_SEM1_2018', u'DSYS202_SEM1_2017', u'DSYS202', u'DIGITAL SYSTEMS II', u'NDEIN1', u'ND: ENGINEERING: ELECTRICAL (INSTR)', u'21', u'SEMESTER 1', u'D1', u'Durban Campus Full-time', u'A', u'40000208:MOOLLA', 8.0]
[u'DSYS202_SEM1_2018', u'DSYS202_SEM1_2017', u'DSYS202', u'DIGITAL SYSTEMS II', u'NDELC2', u'ND: ENGINEERING: ELECTRICAL (L/C)', u'21', u'SEMESTER 1', u'D1', u'Durban Campus Full-time', u'A', u'40000208:MOOLLA', 59.0]
check 'DSYS202_SEM1_2018' 'DSYS202'
processXLS: only for SEM2 [u'DSYS202_SEM1_2018', u'DSYS202_SEM1_2017', u'DSYS202', u'DIGITAL SYSTEMS II', u'NDELC2', u'ND: ENGINEERING: ELECTRICAL (L/C)', u'21', u'SEMESTER 1', u'D1', u'Durban Campus Full-time', u'A', u'40000208:MOOLLA', 59.0]
[u'DSYS202_SEM1_2018', u'DSYS202_SEM1_2017', u'DSYS202', u'DIGITAL SYSTEMS II', u'NDEPE2', u'ND: ENGINEERING: ELECTRICAL  (H/C)', u'21', u'SEMESTER 1', u'D1', u'Durban Campus Full-time', u'A', u'40000208:MOOLLA', 26.0]
check 'DSYS202_SEM1_2018' 'DSYS202'
processXLS: only for SEM2 [u'DSYS202_SEM1_2018', u'DSYS202_SEM1_2017', u'DSYS202', u'DIGITAL SYSTEMS II', u'NDEPE2', u'ND: ENGINEERING: ELECTRICAL  (H/C)', u'21', u'SEMESTER 1', u'D1', u'Durban Campus Full-time', u'A', u'40000208:MOOLLA', 26.0]
[u'DSYS202_SEM1_2018', u'DSYS202_SEM1_2017', u'DSYS202', u'DIGITAL SYSTEMS II', u'NODIP4', u'NON-DIPLOMA PURPOSE (ENG & BE)', u'21', u'SEMESTER 1', u'D7', u'DBN FULL-TIME NON-SUBSIDISED', u'A', u'40000208:MOOLLA', 1.0]
check 'DSYS202_SEM1_2018' 'DSYS202'
processXLS: only for SEM2 [u'DSYS202_SEM1_2018', u'DSYS202_SEM1_2017', u'DSYS202', u'DIGITAL SYSTEMS II', u'NODIP4', u'NON-DIPLOMA PURPOSE (ENG & BE)', u'21', u'SEMESTER 1', u'D7', u'DBN FULL-TIME NON-SUBSIDISED', u'A', u'40000208:MOOLLA', 1.0]
[u'', u'', u'', u'', u'', u'', u'', u'', u'', u'', u'', u'', u'']
check '' ''
[u'DSYS202_SEM2_2018', u'DSYS202_SEM2_2017', u'DSYS202', u'DIGITAL SYSTEMS II', u'NDCSY2', u'ND: ENGINEERING: COMPUTER SYSTEMS', u'22', u'SEMESTER 2', u'D1', u'Durban Campus Full-time', u'A', u'40000208:MOOLLA', 17.0]
check 'DSYS202_SEM2_2018' 'DSYS202'
adding  DSYS202
requesting:  http://10.0.100.98:8000/bbinfo/matching_courses/DSYS202%25
r= <Response [200]>
matching classes= set([u'DSYS202_SEM1_2018', u'DSYS202_SEM2_2018', u'DSYS202_13_MOOA', u'DSYS202_SEM2_2017', u'DSYS202_SEM1_2017', u'DSYS202_ALL_2016'])
[u'DSYS202_SEM2_2018', u'DSYS202_SEM2_2017', u'DSYS202', u'DIGITAL SYSTEMS II', u'NDECM1', u'ND: ENGINEERING: ELECTRICAL (COMM)', u'22', u'SEMESTER 2', u'D1', u'Durban Campus Full-time', u'A', u'40000208:MOOLLA', 1.0]
check 'DSYS202_SEM2_2018' 'DSYS202'
adding  DSYS202
requesting:  http://10.0.100.98:8000/bbinfo/matching_courses/DSYS202%25
r= <Response [200]>
matching classes= set([u'DSYS202_SEM1_2018', u'DSYS202_SEM2_2018', u'DSYS202_13_MOOA', u'DSYS202_SEM2_2017', u'DSYS202_SEM1_2017', u'DSYS202_ALL_2016'])
[u'DSYS202_SEM2_2018', u'DSYS202_SEM2_2017', u'DSYS202', u'DIGITAL SYSTEMS II', u'NDEIN1', u'ND: ENGINEERING: ELECTRICAL (INSTR)', u'22', u'SEMESTER 2', u'D1', u'Durban Campus Full-time', u'A', u'40000208:MOOLLA', 6.0]
check 'DSYS202_SEM2_2018' 'DSYS202'
adding  DSYS202
requesting:  http://10.0.100.98:8000/bbinfo/matching_courses/DSYS202%25
r= <Response [200]>
matching classes= set([u'DSYS202_SEM1_2018', u'DSYS202_SEM2_2018', u'DSYS202_13_MOOA', u'DSYS202_SEM2_2017', u'DSYS202_SEM1_2017', u'DSYS202_ALL_2016'])
[u'DSYS202_SEM2_2018', u'DSYS202_SEM2_2017', u'DSYS202', u'DIGITAL SYSTEMS II', u'NDELC2', u'ND: ENGINEERING: ELECTRICAL (L/C)', u'22', u'SEMESTER 2', u'D1', u'Durban Campus Full-time', u'A', u'40000208:MOOLLA', 80.0]
check 'DSYS202_SEM2_2018' 'DSYS202'
adding  DSYS202
requesting:  http://10.0.100.98:8000/bbinfo/matching_courses/DSYS202%25
r= <Response [200]>
matching classes= set([u'DSYS202_SEM1_2018', u'DSYS202_SEM2_2018', u'DSYS202_13_MOOA', u'DSYS202_SEM2_2017', u'DSYS202_SEM1_2017', u'DSYS202_ALL_2016'])
[u'DSYS202_SEM2_2018', u'DSYS202_SEM2_2017', u'DSYS202', u'DIGITAL SYSTEMS II', u'NDEPE2', u'ND: ENGINEERING: ELECTRICAL  (H/C)', u'22', u'SEMESTER 2', u'D1', u'Durban Campus Full-time', u'A', u'40000208:MOOLLA', 19.0]
check 'DSYS202_SEM2_2018' 'DSYS202'
adding  DSYS202
requesting:  http://10.0.100.98:8000/bbinfo/matching_courses/DSYS202%25
r= <Response [200]>
matching classes= set([u'DSYS202_SEM1_2018', u'DSYS202_SEM2_2018', u'DSYS202_13_MOOA', u'DSYS202_SEM2_2017', u'DSYS202_SEM1_2017', u'DSYS202_ALL_2016'])
[u'DSYS202_SEM2_2018', u'DSYS202_SEM2_2017', u'DSYS202', u'DIGITAL SYSTEMS II', u'NODIP4', u'NON-DIPLOMA PURPOSE (ENG & BE)', u'22', u'SEMESTER 2', u'D7', u'DBN FULL-TIME NON-SUBSIDISED', u'A', u'40000208:MOOLLA', 1.0]
check 'DSYS202_SEM2_2018' 'DSYS202'
adding  DSYS202
requesting:  http://10.0.100.98:8000/bbinfo/matching_courses/DSYS202%25
r= <Response [200]>
matching classes= set([u'DSYS202_SEM1_2018', u'DSYS202_SEM2_2018', u'DSYS202_13_MOOA', u'DSYS202_SEM2_2017', u'DSYS202_SEM1_2017', u'DSYS202_ALL_2016'])
[u'', u'', u'', u'', u'', u'', u'', u'', u'', u'', u'', u'', u'']
check '' ''
[u'ECOM202_SEM1_2018', u'ECOM202_SEM1_2017', u'ECOM202', u'ELECTRONIC COMMUNICATION II', u'NDECM1', u'ND: ENGINEERING: ELECTRICAL (COMM)', u'21', u'SEMESTER 1', u'D1', u'Durban Campus Full-time', u'A', u'40003502:NLEYA', 16.0]
check 'ECOM202_SEM1_2018' 'ECOM202'
processXLS: only for SEM2 [u'ECOM202_SEM1_2018', u'ECOM202_SEM1_2017', u'ECOM202', u'ELECTRONIC COMMUNICATION II', u'NDECM1', u'ND: ENGINEERING: ELECTRICAL (COMM)', u'21', u'SEMESTER 1', u'D1', u'Durban Campus Full-time', u'A', u'40003502:NLEYA', 16.0]
[u'ECOM202_SEM1_2018', u'ECOM202_SEM1_2017', u'ECOM202', u'ELECTRONIC COMMUNICATION II', u'NDEIN1', u'ND: ENGINEERING: ELECTRICAL (INSTR)', u'21', u'SEMESTER 1', u'D1', u'Durban Campus Full-time', u'A', u'40003502:NLEYA', 3.0]
check 'ECOM202_SEM1_2018' 'ECOM202'
processXLS: only for SEM2 [u'ECOM202_SEM1_2018', u'ECOM202_SEM1_2017', u'ECOM202', u'ELECTRONIC COMMUNICATION II', u'NDEIN1', u'ND: ENGINEERING: ELECTRICAL (INSTR)', u'21', u'SEMESTER 1', u'D1', u'Durban Campus Full-time', u'A', u'40003502:NLEYA', 3.0]
[u'ECOM202_SEM1_2018', u'ECOM202_SEM1_2017', u'ECOM202', u'ELECTRONIC COMMUNICATION II', u'NDELC2', u'ND: ENGINEERING: ELECTRICAL (L/C)', u'21', u'SEMESTER 1', u'D1', u'Durban Campus Full-time', u'A', u'40003502:NLEYA', 11.0]
check 'ECOM202_SEM1_2018' 'ECOM202'
processXLS: only for SEM2 [u'ECOM202_SEM1_2018', u'ECOM202_SEM1_2017', u'ECOM202', u'ELECTRONIC COMMUNICATION II', u'NDELC2', u'ND: ENGINEERING: ELECTRICAL (L/C)', u'21', u'SEMESTER 1', u'D1', u'Durban Campus Full-time', u'A', u'40003502:NLEYA', 11.0]
[u'', u'', u'', u'', u'', u'', u'', u'', u'', u'', u'', u'', u'']
check '' ''
[u'ECOM202_SEM2_2018', u'ECOM202_SEM2_2017', u'ECOM202', u'ELECTRONIC COMMUNICATION II', u'NDECM1', u'ND: ENGINEERING: ELECTRICAL (COMM)', u'22', u'SEMESTER 2', u'D1', u'Durban Campus Full-time', u'A', u'40003502:NLEYA', 12.0]
check 'ECOM202_SEM2_2018' 'ECOM202'
adding  ECOM202
requesting:  http://10.0.100.98:8000/bbinfo/matching_courses/ECOM202%25
r= <Response [200]>
matching classes= set([u'ECOM202_SEM2_2018', u'ECOM202_SEM1_2018', u'ECOM202_SEM2_2017', u'ECOM202_ALL_2016', u'ECOM202_13_CALD', u'ECOM202_SEM1_2017'])
[u'ECOM202_SEM2_2018', u'ECOM202_SEM2_2017', u'ECOM202', u'ELECTRONIC COMMUNICATION II', u'NDELC2', u'ND: ENGINEERING: ELECTRICAL (L/C)', u'22', u'SEMESTER 2', u'D1', u'Durban Campus Full-time', u'A', u'40003502:NLEYA', 10.0]
check 'ECOM202_SEM2_2018' 'ECOM202'
adding  ECOM202
requesting:  http://10.0.100.98:8000/bbinfo/matching_courses/ECOM202%25
r= <Response [200]>
matching classes= set([u'ECOM202_SEM2_2018', u'ECOM202_SEM1_2018', u'ECOM202_SEM2_2017', u'ECOM202_ALL_2016', u'ECOM202_13_CALD', u'ECOM202_SEM1_2017'])
[u'ECOM202_SEM2_2018', u'ECOM202_SEM2_2017', u'ECOM202', u'ELECTRONIC COMMUNICATION II', u'NODIP4', u'NON-DIPLOMA PURPOSE (ENG & BE)', u'22', u'SEMESTER 2', u'D7', u'DBN FULL-TIME NON-SUBSIDISED', u'A', u'40003502:NLEYA', 1.0]
check 'ECOM202_SEM2_2018' 'ECOM202'
adding  ECOM202
requesting:  http://10.0.100.98:8000/bbinfo/matching_courses/ECOM202%25
r= <Response [200]>
matching classes= set([u'ECOM202_SEM2_2018', u'ECOM202_SEM1_2018', u'ECOM202_SEM2_2017', u'ECOM202_ALL_2016', u'ECOM202_13_CALD', u'ECOM202_SEM1_2017'])
[u'', u'', u'', u'', u'', u'', u'', u'', u'', u'', u'', u'', u'']
check '' ''
[u'ETRS201_SEM1_2018', u'ETRS201_SEM1_2017', u'ETRS201', u'ELECTRONICS II', u'NDCSY2', u'ND: ENGINEERING: COMPUTER SYSTEMS', u'21', u'SEMESTER 1', u'D1', u'Durban Campus Full-time', u'A', u'40000018:BEERAJH', 16.0]
check 'ETRS201_SEM1_2018' 'ETRS201'
processXLS: only for SEM2 [u'ETRS201_SEM1_2018', u'ETRS201_SEM1_2017', u'ETRS201', u'ELECTRONICS II', u'NDCSY2', u'ND: ENGINEERING: COMPUTER SYSTEMS', u'21', u'SEMESTER 1', u'D1', u'Durban Campus Full-time', u'A', u'40000018:BEERAJH', 16.0]
[u'ETRS201_SEM1_2018', u'ETRS201_SEM1_2017', u'ETRS201', u'ELECTRONICS II', u'NDECM1', u'ND: ENGINEERING: ELECTRICAL (COMM)', u'21', u'SEMESTER 1', u'D1', u'Durban Campus Full-time', u'A', u'40000018:BEERAJH', 4.0]
check 'ETRS201_SEM1_2018' 'ETRS201'
processXLS: only for SEM2 [u'ETRS201_SEM1_2018', u'ETRS201_SEM1_2017', u'ETRS201', u'ELECTRONICS II', u'NDECM1', u'ND: ENGINEERING: ELECTRICAL (COMM)', u'21', u'SEMESTER 1', u'D1', u'Durban Campus Full-time', u'A', u'40000018:BEERAJH', 4.0]
[u'ETRS201_SEM1_2018', u'ETRS201_SEM1_2017', u'ETRS201', u'ELECTRONICS II', u'NDEIN1', u'ND: ENGINEERING: ELECTRICAL (INSTR)', u'21', u'SEMESTER 1', u'D1', u'Durban Campus Full-time', u'A', u'40000018:BEERAJH', 12.0]
check 'ETRS201_SEM1_2018' 'ETRS201'
processXLS: only for SEM2 [u'ETRS201_SEM1_2018', u'ETRS201_SEM1_2017', u'ETRS201', u'ELECTRONICS II', u'NDEIN1', u'ND: ENGINEERING: ELECTRICAL (INSTR)', u'21', u'SEMESTER 1', u'D1', u'Durban Campus Full-time', u'A', u'40000018:BEERAJH', 12.0]
[u'ETRS201_SEM1_2018', u'ETRS201_SEM1_2017', u'ETRS201', u'ELECTRONICS II', u'NDELC2', u'ND: ENGINEERING: ELECTRICAL (L/C)', u'21', u'SEMESTER 1', u'D1', u'Durban Campus Full-time', u'A', u'40000018:BEERAJH', 67.0]
check 'ETRS201_SEM1_2018' 'ETRS201'
processXLS: only for SEM2 [u'ETRS201_SEM1_2018', u'ETRS201_SEM1_2017', u'ETRS201', u'ELECTRONICS II', u'NDELC2', u'ND: ENGINEERING: ELECTRICAL (L/C)', u'21', u'SEMESTER 1', u'D1', u'Durban Campus Full-time', u'A', u'40000018:BEERAJH', 67.0]
[u'ETRS201_SEM1_2018', u'ETRS201_SEM1_2017', u'ETRS201', u'ELECTRONICS II', u'NDEPE2', u'ND: ENGINEERING: ELECTRICAL  (H/C)', u'21', u'SEMESTER 1', u'D1', u'Durban Campus Full-time', u'A', u'40000018:BEERAJH', 63.0]
check 'ETRS201_SEM1_2018' 'ETRS201'
processXLS: only for SEM2 [u'ETRS201_SEM1_2018', u'ETRS201_SEM1_2017', u'ETRS201', u'ELECTRONICS II', u'NDEPE2', u'ND: ENGINEERING: ELECTRICAL  (H/C)', u'21', u'SEMESTER 1', u'D1', u'Durban Campus Full-time', u'A', u'40000018:BEERAJH', 63.0]
[u'ETRS201_SEM1_2018', u'ETRS201_SEM1_2017', u'ETRS201', u'ELECTRONICS II', u'NODIP4', u'NON-DIPLOMA PURPOSE (ENG & BE)', u'21', u'SEMESTER 1', u'D7', u'DBN FULL-TIME NON-SUBSIDISED', u'A', u'40000018:BEERAJH', 2.0]
check 'ETRS201_SEM1_2018' 'ETRS201'
processXLS: only for SEM2 [u'ETRS201_SEM1_2018', u'ETRS201_SEM1_2017', u'ETRS201', u'ELECTRONICS II', u'NODIP4', u'NON-DIPLOMA PURPOSE (ENG & BE)', u'21', u'SEMESTER 1', u'D7', u'DBN FULL-TIME NON-SUBSIDISED', u'A', u'40000018:BEERAJH', 2.0]
[u'', u'', u'', u'', u'', u'', u'', u'', u'', u'', u'', u'', u'']
check '' ''
[u'ETRS201_SEM2_2018', u'ETRS201_SEM2_2017', u'ETRS201', u'ELECTRONICS II', u'NDCSY2', u'ND: ENGINEERING: COMPUTER SYSTEMS', u'22', u'SEMESTER 2', u'D1', u'Durban Campus Full-time', u'A', u'40000018:BEERAJH', 25.0]
check 'ETRS201_SEM2_2018' 'ETRS201'
adding  ETRS201
requesting:  http://10.0.100.98:8000/bbinfo/matching_courses/ETRS201%25
r= <Response [200]>
matching classes= set([u'ETRS201_13_BEEV', u'ETRS201_SEM2_2017', u'ETRS201_SEM1_2017', u'ETRS201_SEM1_2018', u'ETRS201_ALL_2016', u'ETRS201_SEM2_2018'])
[u'ETRS201_SEM2_2018', u'ETRS201_SEM2_2017', u'ETRS201', u'ELECTRONICS II', u'NDECM1', u'ND: ENGINEERING: ELECTRICAL (COMM)', u'22', u'SEMESTER 2', u'D1', u'Durban Campus Full-time', u'A', u'40000018:BEERAJH', 1.0]
check 'ETRS201_SEM2_2018' 'ETRS201'
adding  ETRS201
requesting:  http://10.0.100.98:8000/bbinfo/matching_courses/ETRS201%25
r= <Response [200]>
matching classes= set([u'ETRS201_13_BEEV', u'ETRS201_SEM2_2017', u'ETRS201_SEM1_2017', u'ETRS201_SEM1_2018', u'ETRS201_ALL_2016', u'ETRS201_SEM2_2018'])
[u'ETRS201_SEM2_2018', u'ETRS201_SEM2_2017', u'ETRS201', u'ELECTRONICS II', u'NDEIN1', u'ND: ENGINEERING: ELECTRICAL (INSTR)', u'22', u'SEMESTER 2', u'D1', u'Durban Campus Full-time', u'A', u'40000018:BEERAJH', 6.0]
check 'ETRS201_SEM2_2018' 'ETRS201'
adding  ETRS201
requesting:  http://10.0.100.98:8000/bbinfo/matching_courses/ETRS201%25
r= <Response [200]>
matching classes= set([u'ETRS201_13_BEEV', u'ETRS201_SEM2_2017', u'ETRS201_SEM1_2017', u'ETRS201_SEM1_2018', u'ETRS201_ALL_2016', u'ETRS201_SEM2_2018'])
[u'ETRS201_SEM2_2018', u'ETRS201_SEM2_2017', u'ETRS201', u'ELECTRONICS II', u'NDELC2', u'ND: ENGINEERING: ELECTRICAL (L/C)', u'22', u'SEMESTER 2', u'D1', u'Durban Campus Full-time', u'A', u'40000018:BEERAJH', 114.0]
check 'ETRS201_SEM2_2018' 'ETRS201'
adding  ETRS201
requesting:  http://10.0.100.98:8000/bbinfo/matching_courses/ETRS201%25
r= <Response [200]>
matching classes= set([u'ETRS201_13_BEEV', u'ETRS201_SEM2_2017', u'ETRS201_SEM1_2017', u'ETRS201_SEM1_2018', u'ETRS201_ALL_2016', u'ETRS201_SEM2_2018'])
[u'ETRS201_SEM2_2018', u'ETRS201_SEM2_2017', u'ETRS201', u'ELECTRONICS II', u'NDEPE2', u'ND: ENGINEERING: ELECTRICAL  (H/C)', u'22', u'SEMESTER 2', u'D1', u'Durban Campus Full-time', u'A', u'40000018:BEERAJH', 102.0]
check 'ETRS201_SEM2_2018' 'ETRS201'
adding  ETRS201
requesting:  http://10.0.100.98:8000/bbinfo/matching_courses/ETRS201%25
r= <Response [200]>
matching classes= set([u'ETRS201_13_BEEV', u'ETRS201_SEM2_2017', u'ETRS201_SEM1_2017', u'ETRS201_SEM1_2018', u'ETRS201_ALL_2016', u'ETRS201_SEM2_2018'])
[u'', u'', u'', u'', u'', u'', u'', u'', u'', u'', u'', u'', u'']
check '' ''
[u'NETS201_SEM1_2018', u'NETS201_SEM1_2017', u'NETS201', u'NETWORK SYSTEMS II', u'NDCSY2', u'ND: ENGINEERING: COMPUTER SYSTEMS', u'21', u'SEMESTER 1', u'D1', u'Durban Campus Full-time', u'A', u'50002220:HOWELLS;40003296:SEWSUNKER', 8.0]
check 'NETS201_SEM1_2018' 'NETS201'
processXLS: only for SEM2 [u'NETS201_SEM1_2018', u'NETS201_SEM1_2017', u'NETS201', u'NETWORK SYSTEMS II', u'NDCSY2', u'ND: ENGINEERING: COMPUTER SYSTEMS', u'21', u'SEMESTER 1', u'D1', u'Durban Campus Full-time', u'A', u'50002220:HOWELLS;40003296:SEWSUNKER', 8.0]
[u'NETS201_SEM1_2018', u'NETS201_SEM1_2017', u'NETS201', u'NETWORK SYSTEMS II', u'NDECM1', u'ND: ENGINEERING: ELECTRICAL (COMM)', u'21', u'SEMESTER 1', u'D1', u'Durban Campus Full-time', u'A', u'50002220:HOWELLS;40003296:SEWSUNKER', 13.0]
check 'NETS201_SEM1_2018' 'NETS201'
processXLS: only for SEM2 [u'NETS201_SEM1_2018', u'NETS201_SEM1_2017', u'NETS201', u'NETWORK SYSTEMS II', u'NDECM1', u'ND: ENGINEERING: ELECTRICAL (COMM)', u'21', u'SEMESTER 1', u'D1', u'Durban Campus Full-time', u'A', u'50002220:HOWELLS;40003296:SEWSUNKER', 13.0]
[u'NETS201_SEM1_2018', u'NETS201_SEM1_2017', u'NETS201', u'NETWORK SYSTEMS II', u'NDEIN1', u'ND: ENGINEERING: ELECTRICAL (INSTR)', u'21', u'SEMESTER 1', u'D1', u'Durban Campus Full-time', u'A', u'50002220:HOWELLS;40003296:SEWSUNKER', 62.0]
check 'NETS201_SEM1_2018' 'NETS201'
processXLS: only for SEM2 [u'NETS201_SEM1_2018', u'NETS201_SEM1_2017', u'NETS201', u'NETWORK SYSTEMS II', u'NDEIN1', u'ND: ENGINEERING: ELECTRICAL (INSTR)', u'21', u'SEMESTER 1', u'D1', u'Durban Campus Full-time', u'A', u'50002220:HOWELLS;40003296:SEWSUNKER', 62.0]
[u'NETS201_SEM1_2018', u'NETS201_SEM1_2017', u'NETS201', u'NETWORK SYSTEMS II', u'NDELC2', u'ND: ENGINEERING: ELECTRICAL (L/C)', u'21', u'SEMESTER 1', u'D1', u'Durban Campus Full-time', u'A', u'50002220:HOWELLS;40003296:SEWSUNKER', 6.0]
check 'NETS201_SEM1_2018' 'NETS201'
processXLS: only for SEM2 [u'NETS201_SEM1_2018', u'NETS201_SEM1_2017', u'NETS201', u'NETWORK SYSTEMS II', u'NDELC2', u'ND: ENGINEERING: ELECTRICAL (L/C)', u'21', u'SEMESTER 1', u'D1', u'Durban Campus Full-time', u'A', u'50002220:HOWELLS;40003296:SEWSUNKER', 6.0]
[u'', u'', u'', u'', u'', u'', u'', u'', u'', u'', u'', u'', u'']
check '' ''
[u'NETS201_SEM2_2018', u'NETS201_SEM2_2017', u'NETS201', u'NETWORK SYSTEMS II', u'NDCSY2', u'ND: ENGINEERING: COMPUTER SYSTEMS', u'22', u'SEMESTER 2', u'D1', u'Durban Campus Full-time', u'A', u'50002220:HOWELLS;40003296:SEWSUNKER', 9.0]
check 'NETS201_SEM2_2018' 'NETS201'
adding  NETS201
requesting:  http://10.0.100.98:8000/bbinfo/matching_courses/NETS201%25
r= <Response [200]>
matching classes= set([u'NETS201_13_HOWP', u'NETS201_ALL_2016', u'NETS201_SEM1_2017', u'NETS201_SEM2_2017', u'NETS201_SEM2_2018', u'NETS201_15', u'NETS201_SEM1_2018'])
[u'NETS201_SEM2_2018', u'NETS201_SEM2_2017', u'NETS201', u'NETWORK SYSTEMS II', u'NDECM1', u'ND: ENGINEERING: ELECTRICAL (COMM)', u'22', u'SEMESTER 2', u'D1', u'Durban Campus Full-time', u'A', u'50002220:HOWELLS;40003296:SEWSUNKER', 19.0]
check 'NETS201_SEM2_2018' 'NETS201'
adding  NETS201
requesting:  http://10.0.100.98:8000/bbinfo/matching_courses/NETS201%25
r= <Response [200]>
matching classes= set([u'NETS201_13_HOWP', u'NETS201_ALL_2016', u'NETS201_SEM1_2017', u'NETS201_SEM2_2017', u'NETS201_SEM2_2018', u'NETS201_15', u'NETS201_SEM1_2018'])
[u'NETS201_SEM2_2018', u'NETS201_SEM2_2017', u'NETS201', u'NETWORK SYSTEMS II', u'NDEIN1', u'ND: ENGINEERING: ELECTRICAL (INSTR)', u'22', u'SEMESTER 2', u'D1', u'Durban Campus Full-time', u'A', u'50002220:HOWELLS;40003296:SEWSUNKER', 55.0]
check 'NETS201_SEM2_2018' 'NETS201'
adding  NETS201
requesting:  http://10.0.100.98:8000/bbinfo/matching_courses/NETS201%25
r= <Response [200]>
matching classes= set([u'NETS201_13_HOWP', u'NETS201_ALL_2016', u'NETS201_SEM1_2017', u'NETS201_SEM2_2017', u'NETS201_SEM2_2018', u'NETS201_15', u'NETS201_SEM1_2018'])
[u'NETS201_SEM2_2018', u'NETS201_SEM2_2017', u'NETS201', u'NETWORK SYSTEMS II', u'NDELC2', u'ND: ENGINEERING: ELECTRICAL (L/C)', u'22', u'SEMESTER 2', u'D1', u'Durban Campus Full-time', u'A', u'50002220:HOWELLS;40003296:SEWSUNKER', 7.0]
check 'NETS201_SEM2_2018' 'NETS201'
adding  NETS201
requesting:  http://10.0.100.98:8000/bbinfo/matching_courses/NETS201%25
r= <Response [200]>
matching classes= set([u'NETS201_13_HOWP', u'NETS201_ALL_2016', u'NETS201_SEM1_2017', u'NETS201_SEM2_2017', u'NETS201_SEM2_2018', u'NETS201_15', u'NETS201_SEM1_2018'])
[u'NETS201_SEM2_2018', u'NETS201_SEM2_2017', u'NETS201', u'NETWORK SYSTEMS II', u'NODIP4', u'NON-DIPLOMA PURPOSE (ENG & BE)', u'22', u'SEMESTER 2', u'D7', u'DBN FULL-TIME NON-SUBSIDISED', u'A', u'50002220:HOWELLS;40003296:SEWSUNKER', 1.0]
check 'NETS201_SEM2_2018' 'NETS201'
adding  NETS201
requesting:  http://10.0.100.98:8000/bbinfo/matching_courses/NETS201%25
r= <Response [200]>
matching classes= set([u'NETS201_13_HOWP', u'NETS201_ALL_2016', u'NETS201_SEM1_2017', u'NETS201_SEM2_2017', u'NETS201_SEM2_2018', u'NETS201_15', u'NETS201_SEM1_2018'])
[u'', u'', u'', u'', u'', u'', u'', u'', u'', u'', u'', u'', u'']
check '' ''
[u'PROJ202_SEM1_2018', u'PROJ202_SEM1_2017', u'PROJ202', u'PROJECTS II', u'NDECM1', u'ND: ENGINEERING: ELECTRICAL (COMM)', u'21', u'SEMESTER 1', u'D1', u'Durban Campus Full-time', u'A', u'50008720:PILLAY', 15.0]
check 'PROJ202_SEM1_2018' 'PROJ202'
processXLS: only for SEM2 [u'PROJ202_SEM1_2018', u'PROJ202_SEM1_2017', u'PROJ202', u'PROJECTS II', u'NDECM1', u'ND: ENGINEERING: ELECTRICAL (COMM)', u'21', u'SEMESTER 1', u'D1', u'Durban Campus Full-time', u'A', u'50008720:PILLAY', 15.0]
[u'PROJ202_SEM1_2018', u'PROJ202_SEM1_2017', u'PROJ202', u'PROJECTS II', u'NDEIN1', u'ND: ENGINEERING: ELECTRICAL (INSTR)', u'21', u'SEMESTER 1', u'D1', u'Durban Campus Full-time', u'A', u'50008720:PILLAY', 3.0]
check 'PROJ202_SEM1_2018' 'PROJ202'
processXLS: only for SEM2 [u'PROJ202_SEM1_2018', u'PROJ202_SEM1_2017', u'PROJ202', u'PROJECTS II', u'NDEIN1', u'ND: ENGINEERING: ELECTRICAL (INSTR)', u'21', u'SEMESTER 1', u'D1', u'Durban Campus Full-time', u'A', u'50008720:PILLAY', 3.0]
[u'PROJ202_SEM1_2018', u'PROJ202_SEM1_2017', u'PROJ202', u'PROJECTS II', u'NDELC2', u'ND: ENGINEERING: ELECTRICAL (L/C)', u'21', u'SEMESTER 1', u'D1', u'Durban Campus Full-time', u'A', u'50008720:PILLAY', 11.0]
check 'PROJ202_SEM1_2018' 'PROJ202'
processXLS: only for SEM2 [u'PROJ202_SEM1_2018', u'PROJ202_SEM1_2017', u'PROJ202', u'PROJECTS II', u'NDELC2', u'ND: ENGINEERING: ELECTRICAL (L/C)', u'21', u'SEMESTER 1', u'D1', u'Durban Campus Full-time', u'A', u'50008720:PILLAY', 11.0]
[u'', u'', u'', u'', u'', u'', u'', u'', u'', u'', u'', u'', u'']
check '' ''
[u'PROJ202_SEM2_2018', u'PROJ202_SEM2_2017', u'PROJ202', u'PROJECTS II', u'NDCSY2', u'ND: ENGINEERING: COMPUTER SYSTEMS', u'22', u'SEMESTER 2', u'D1', u'Durban Campus Full-time', u'A', u'50008720:PILLAY', 1.0]
check 'PROJ202_SEM2_2018' 'PROJ202'
adding  PROJ202
requesting:  http://10.0.100.98:8000/bbinfo/matching_courses/PROJ202%25
r= <Response [200]>
matching classes= set([u'PROJ202_ALL_2016', u'PROJ202_SEM1_2017', u'PROJ202_SEM2_2017', u'PROJ202_13_PILA', u'PROJ202_SEM2_2018', u'PROJ202_SEM1_2018'])
[u'PROJ202_SEM2_2018', u'PROJ202_SEM2_2017', u'PROJ202', u'PROJECTS II', u'NDECM1', u'ND: ENGINEERING: ELECTRICAL (COMM)', u'22', u'SEMESTER 2', u'D1', u'Durban Campus Full-time', u'A', u'50008720:PILLAY', 11.0]
check 'PROJ202_SEM2_2018' 'PROJ202'
adding  PROJ202
requesting:  http://10.0.100.98:8000/bbinfo/matching_courses/PROJ202%25
r= <Response [200]>
matching classes= set([u'PROJ202_ALL_2016', u'PROJ202_SEM1_2017', u'PROJ202_SEM2_2017', u'PROJ202_13_PILA', u'PROJ202_SEM2_2018', u'PROJ202_SEM1_2018'])
[u'PROJ202_SEM2_2018', u'PROJ202_SEM2_2017', u'PROJ202', u'PROJECTS II', u'NDEIN1', u'ND: ENGINEERING: ELECTRICAL (INSTR)', u'22', u'SEMESTER 2', u'D1', u'Durban Campus Full-time', u'A', u'50008720:PILLAY', 1.0]
check 'PROJ202_SEM2_2018' 'PROJ202'
adding  PROJ202
requesting:  http://10.0.100.98:8000/bbinfo/matching_courses/PROJ202%25
r= <Response [200]>
matching classes= set([u'PROJ202_ALL_2016', u'PROJ202_SEM1_2017', u'PROJ202_SEM2_2017', u'PROJ202_13_PILA', u'PROJ202_SEM2_2018', u'PROJ202_SEM1_2018'])
[u'PROJ202_SEM2_2018', u'PROJ202_SEM2_2017', u'PROJ202', u'PROJECTS II', u'NDELC2', u'ND: ENGINEERING: ELECTRICAL (L/C)', u'22', u'SEMESTER 2', u'D1', u'Durban Campus Full-time', u'A', u'50008720:PILLAY', 12.0]
check 'PROJ202_SEM2_2018' 'PROJ202'
adding  PROJ202
requesting:  http://10.0.100.98:8000/bbinfo/matching_courses/PROJ202%25
r= <Response [200]>
matching classes= set([u'PROJ202_ALL_2016', u'PROJ202_SEM1_2017', u'PROJ202_SEM2_2017', u'PROJ202_13_PILA', u'PROJ202_SEM2_2018', u'PROJ202_SEM1_2018'])
[u'', u'', u'', u'', u'', u'', u'', u'', u'', u'', u'', u'', u'']
check '' ''
[u'PRSI201_SEM1_2018', u'PRSI201_SEM1_2017', u'PRSI201', u'PROCESS INSTRUMENTATION II', u'NDEIN1', u'ND: ENGINEERING: ELECTRICAL (INSTR)', u'21', u'SEMESTER 1', u'D1', u'Durban Campus Full-time', u'A', u'40002493:PILLAY;40003545:SEWDASS', 57.0]
check 'PRSI201_SEM1_2018' 'PRSI201'
processXLS: only for SEM2 [u'PRSI201_SEM1_2018', u'PRSI201_SEM1_2017', u'PRSI201', u'PROCESS INSTRUMENTATION II', u'NDEIN1', u'ND: ENGINEERING: ELECTRICAL (INSTR)', u'21', u'SEMESTER 1', u'D1', u'Durban Campus Full-time', u'A', u'40002493:PILLAY;40003545:SEWDASS', 57.0]
[u'PRSI201_SEM1_2018', u'PRSI201_SEM1_2017', u'PRSI201', u'PROCESS INSTRUMENTATION II', u'NDELC2', u'ND: ENGINEERING: ELECTRICAL (L/C)', u'21', u'SEMESTER 1', u'D1', u'Durban Campus Full-time', u'A', u'40002493:PILLAY;40003545:SEWDASS', 16.0]
check 'PRSI201_SEM1_2018' 'PRSI201'
processXLS: only for SEM2 [u'PRSI201_SEM1_2018', u'PRSI201_SEM1_2017', u'PRSI201', u'PROCESS INSTRUMENTATION II', u'NDELC2', u'ND: ENGINEERING: ELECTRICAL (L/C)', u'21', u'SEMESTER 1', u'D1', u'Durban Campus Full-time', u'A', u'40002493:PILLAY;40003545:SEWDASS', 16.0]
[u'PRSI201_SEM1_2018', u'PRSI201_SEM1_2017', u'PRSI201', u'PROCESS INSTRUMENTATION II', u'NDMCT1', u'ND: ENGINEERING: MECHANICAL (M/TRONICS)', u'21', u'SEMESTER 1', u'D1', u'Durban Campus Full-time', u'A', u'40002493:PILLAY;40003545:SEWDASS', 3.0]
check 'PRSI201_SEM1_2018' 'PRSI201'
processXLS: only for SEM2 [u'PRSI201_SEM1_2018', u'PRSI201_SEM1_2017', u'PRSI201', u'PROCESS INSTRUMENTATION II', u'NDMCT1', u'ND: ENGINEERING: MECHANICAL (M/TRONICS)', u'21', u'SEMESTER 1', u'D1', u'Durban Campus Full-time', u'A', u'40002493:PILLAY;40003545:SEWDASS', 3.0]
[u'', u'', u'', u'', u'', u'', u'', u'', u'', u'', u'', u'', u'']
check '' ''
[u'PRSI201_SEM2_2018', u'PRSI201_SEM2_2017', u'PRSI201', u'PROCESS INSTRUMENTATION II', u'NDECM1', u'ND: ENGINEERING: ELECTRICAL (COMM)', u'22', u'SEMESTER 2', u'D1', u'Durban Campus Full-time', u'A', u'40002493:PILLAY;40003545:SEWDASS', 1.0]
check 'PRSI201_SEM2_2018' 'PRSI201'
adding  PRSI201
requesting:  http://10.0.100.98:8000/bbinfo/matching_courses/PRSI201%25
r= <Response [200]>
matching classes= set([u'PRSI201_SEM2_2018', u'PRSI201_SEM1_2017', u'PRSI201_SEM1_2018', u'PRSI201_SEM2_2017', u'PRSI201_13_PILN', u'PRSI201_ALL_2016'])
[u'PRSI201_SEM2_2018', u'PRSI201_SEM2_2017', u'PRSI201', u'PROCESS INSTRUMENTATION II', u'NDEIN1', u'ND: ENGINEERING: ELECTRICAL (INSTR)', u'22', u'SEMESTER 2', u'D1', u'Durban Campus Full-time', u'A', u'40002493:PILLAY;40003545:SEWDASS', 42.0]
check 'PRSI201_SEM2_2018' 'PRSI201'
adding  PRSI201
requesting:  http://10.0.100.98:8000/bbinfo/matching_courses/PRSI201%25
r= <Response [200]>
matching classes= set([u'PRSI201_SEM2_2018', u'PRSI201_SEM1_2017', u'PRSI201_SEM1_2018', u'PRSI201_SEM2_2017', u'PRSI201_13_PILN', u'PRSI201_ALL_2016'])
[u'PRSI201_SEM2_2018', u'PRSI201_SEM2_2017', u'PRSI201', u'PROCESS INSTRUMENTATION II', u'NDELC2', u'ND: ENGINEERING: ELECTRICAL (L/C)', u'22', u'SEMESTER 2', u'D1', u'Durban Campus Full-time', u'A', u'40002493:PILLAY;40003545:SEWDASS', 31.0]
check 'PRSI201_SEM2_2018' 'PRSI201'
adding  PRSI201
requesting:  http://10.0.100.98:8000/bbinfo/matching_courses/PRSI201%25
r= <Response [200]>
matching classes= set([u'PRSI201_SEM2_2018', u'PRSI201_SEM1_2017', u'PRSI201_SEM1_2018', u'PRSI201_SEM2_2017', u'PRSI201_13_PILN', u'PRSI201_ALL_2016'])
[u'PRSI201_SEM2_2018', u'PRSI201_SEM2_2017', u'PRSI201', u'PROCESS INSTRUMENTATION II', u'NDEPE2', u'ND: ENGINEERING: ELECTRICAL  (H/C)', u'22', u'SEMESTER 2', u'D1', u'Durban Campus Full-time', u'A', u'40002493:PILLAY;40003545:SEWDASS', 1.0]
check 'PRSI201_SEM2_2018' 'PRSI201'
adding  PRSI201
requesting:  http://10.0.100.98:8000/bbinfo/matching_courses/PRSI201%25
r= <Response [200]>
matching classes= set([u'PRSI201_SEM2_2018', u'PRSI201_SEM1_2017', u'PRSI201_SEM1_2018', u'PRSI201_SEM2_2017', u'PRSI201_13_PILN', u'PRSI201_ALL_2016'])
[u'PRSI201_SEM2_2018', u'PRSI201_SEM2_2017', u'PRSI201', u'PROCESS INSTRUMENTATION II', u'NDMCT1', u'ND: ENGINEERING: MECHANICAL (M/TRONICS)', u'22', u'SEMESTER 2', u'D1', u'Durban Campus Full-time', u'A', u'40002493:PILLAY;40003545:SEWDASS', 3.0]
check 'PRSI201_SEM2_2018' 'PRSI201'
adding  PRSI201
requesting:  http://10.0.100.98:8000/bbinfo/matching_courses/PRSI201%25
r= <Response [200]>
matching classes= set([u'PRSI201_SEM2_2018', u'PRSI201_SEM1_2017', u'PRSI201_SEM1_2018', u'PRSI201_SEM2_2017', u'PRSI201_13_PILN', u'PRSI201_ALL_2016'])
[u'PRSI201_SEM2_2018', u'PRSI201_SEM2_2017', u'PRSI201', u'PROCESS INSTRUMENTATION II', u'NODIP4', u'NON-DIPLOMA PURPOSE (ENG & BE)', u'22', u'SEMESTER 2', u'D7', u'DBN FULL-TIME NON-SUBSIDISED', u'A', u'40002493:PILLAY;40003545:SEWDASS', 1.0]
check 'PRSI201_SEM2_2018' 'PRSI201'
adding  PRSI201
requesting:  http://10.0.100.98:8000/bbinfo/matching_courses/PRSI201%25
r= <Response [200]>
matching classes= set([u'PRSI201_SEM2_2018', u'PRSI201_SEM1_2017', u'PRSI201_SEM1_2018', u'PRSI201_SEM2_2017', u'PRSI201_13_PILN', u'PRSI201_ALL_2016'])
[u'', u'', u'', u'', u'', u'', u'', u'', u'', u'', u'', u'', u'']
check '' ''
[u'SDES202_SEM1_2018', u'SDES202_SEM1_2017', u'SDES202', u'SOFTWARE DESIGN II', u'NDECM1', u'ND: ENGINEERING: ELECTRICAL (COMM)', u'21', u'SEMESTER 1', u'D1', u'Durban Campus Full-time', u'A', u'50002220:HOWELLS;40003502:NLEYA', 19.0]
check 'SDES202_SEM1_2018' 'SDES202'
processXLS: only for SEM2 [u'SDES202_SEM1_2018', u'SDES202_SEM1_2017', u'SDES202', u'SOFTWARE DESIGN II', u'NDECM1', u'ND: ENGINEERING: ELECTRICAL (COMM)', u'21', u'SEMESTER 1', u'D1', u'Durban Campus Full-time', u'A', u'50002220:HOWELLS;40003502:NLEYA', 19.0]
[u'SDES202_SEM1_2018', u'SDES202_SEM1_2017', u'SDES202', u'SOFTWARE DESIGN II', u'NDEIN1', u'ND: ENGINEERING: ELECTRICAL (INSTR)', u'21', u'SEMESTER 1', u'D1', u'Durban Campus Full-time', u'A', u'50002220:HOWELLS;40003502:NLEYA', 38.0]
check 'SDES202_SEM1_2018' 'SDES202'
processXLS: only for SEM2 [u'SDES202_SEM1_2018', u'SDES202_SEM1_2017', u'SDES202', u'SOFTWARE DESIGN II', u'NDEIN1', u'ND: ENGINEERING: ELECTRICAL (INSTR)', u'21', u'SEMESTER 1', u'D1', u'Durban Campus Full-time', u'A', u'50002220:HOWELLS;40003502:NLEYA', 38.0]
[u'SDES202_SEM1_2018', u'SDES202_SEM1_2017', u'SDES202', u'SOFTWARE DESIGN II', u'NDELC2', u'ND: ENGINEERING: ELECTRICAL (L/C)', u'21', u'SEMESTER 1', u'D1', u'Durban Campus Full-time', u'A', u'50002220:HOWELLS;40003502:NLEYA', 4.0]
check 'SDES202_SEM1_2018' 'SDES202'
processXLS: only for SEM2 [u'SDES202_SEM1_2018', u'SDES202_SEM1_2017', u'SDES202', u'SOFTWARE DESIGN II', u'NDELC2', u'ND: ENGINEERING: ELECTRICAL (L/C)', u'21', u'SEMESTER 1', u'D1', u'Durban Campus Full-time', u'A', u'50002220:HOWELLS;40003502:NLEYA', 4.0]
[u'', u'', u'', u'', u'', u'', u'', u'', u'', u'', u'', u'', u'']
check '' ''
[u'SDES202_SEM2_2018', u'SDES202_SEM2_2017', u'SDES202', u'SOFTWARE DESIGN II', u'NDECM1', u'ND: ENGINEERING: ELECTRICAL (COMM)', u'22', u'SEMESTER 2', u'D1', u'Durban Campus Full-time', u'A', u'50002220:HOWELLS;40003502:NLEYA', 20.0]
check 'SDES202_SEM2_2018' 'SDES202'
adding  SDES202
requesting:  http://10.0.100.98:8000/bbinfo/matching_courses/SDES202%25
r= <Response [200]>
matching classes= set([u'SDES202_SEM1_2017', u'SDES202_SEM2_2017', u'SDES202_SEM2_2018', u'SDES202_Sem1_2018', u'SDES202_13_HOWP', u'SDES202_ALL_2016'])
[u'SDES202_SEM2_2018', u'SDES202_SEM2_2017', u'SDES202', u'SOFTWARE DESIGN II', u'NDEIN1', u'ND: ENGINEERING: ELECTRICAL (INSTR)', u'22', u'SEMESTER 2', u'D1', u'Durban Campus Full-time', u'A', u'50002220:HOWELLS;40003502:NLEYA', 55.0]
check 'SDES202_SEM2_2018' 'SDES202'
adding  SDES202
requesting:  http://10.0.100.98:8000/bbinfo/matching_courses/SDES202%25
r= <Response [200]>
matching classes= set([u'SDES202_SEM1_2017', u'SDES202_SEM2_2017', u'SDES202_SEM2_2018', u'SDES202_Sem1_2018', u'SDES202_13_HOWP', u'SDES202_ALL_2016'])
[u'SDES202_SEM2_2018', u'SDES202_SEM2_2017', u'SDES202', u'SOFTWARE DESIGN II', u'NDELC2', u'ND: ENGINEERING: ELECTRICAL (L/C)', u'22', u'SEMESTER 2', u'D1', u'Durban Campus Full-time', u'A', u'50002220:HOWELLS;40003502:NLEYA', 5.0]
check 'SDES202_SEM2_2018' 'SDES202'
adding  SDES202
requesting:  http://10.0.100.98:8000/bbinfo/matching_courses/SDES202%25
r= <Response [200]>
matching classes= set([u'SDES202_SEM1_2017', u'SDES202_SEM2_2017', u'SDES202_SEM2_2018', u'SDES202_Sem1_2018', u'SDES202_13_HOWP', u'SDES202_ALL_2016'])
[u'', u'', u'', u'', u'', u'', u'', u'', u'', u'', u'', u'', u'']
check '' ''
[u'CSYS302_SEM1_2018', u'CSYS302_SEM1_2017', u'CSYS302', u'CONTROL SYSTEMS III', u'NDEIN1', u'ND: ENGINEERING: ELECTRICAL (INSTR)', u'21', u'SEMESTER 1', u'D1', u'Durban Campus Full-time', u'A', u'50000466:JANSE VAN VUUREN', 89.0]
check 'CSYS302_SEM1_2018' 'CSYS302'
processXLS: only for SEM2 [u'CSYS302_SEM1_2018', u'CSYS302_SEM1_2017', u'CSYS302', u'CONTROL SYSTEMS III', u'NDEIN1', u'ND: ENGINEERING: ELECTRICAL (INSTR)', u'21', u'SEMESTER 1', u'D1', u'Durban Campus Full-time', u'A', u'50000466:JANSE VAN VUUREN', 89.0]
[u'CSYS302_SEM1_2018', u'CSYS302_SEM1_2017', u'CSYS302', u'CONTROL SYSTEMS III', u'NDELC2', u'ND: ENGINEERING: ELECTRICAL (L/C)', u'21', u'SEMESTER 1', u'D1', u'Durban Campus Full-time', u'A', u'50000466:JANSE VAN VUUREN', 3.0]
check 'CSYS302_SEM1_2018' 'CSYS302'
processXLS: only for SEM2 [u'CSYS302_SEM1_2018', u'CSYS302_SEM1_2017', u'CSYS302', u'CONTROL SYSTEMS III', u'NDELC2', u'ND: ENGINEERING: ELECTRICAL (L/C)', u'21', u'SEMESTER 1', u'D1', u'Durban Campus Full-time', u'A', u'50000466:JANSE VAN VUUREN', 3.0]
[u'CSYS302_SEM1_2018', u'CSYS302_SEM1_2017', u'CSYS302', u'CONTROL SYSTEMS III', u'NDMCT1', u'ND: ENGINEERING: MECHANICAL (M/TRONICS)', u'21', u'SEMESTER 1', u'D1', u'Durban Campus Full-time', u'A', u'50000466:JANSE VAN VUUREN', 3.0]
check 'CSYS302_SEM1_2018' 'CSYS302'
processXLS: only for SEM2 [u'CSYS302_SEM1_2018', u'CSYS302_SEM1_2017', u'CSYS302', u'CONTROL SYSTEMS III', u'NDMCT1', u'ND: ENGINEERING: MECHANICAL (M/TRONICS)', u'21', u'SEMESTER 1', u'D1', u'Durban Campus Full-time', u'A', u'50000466:JANSE VAN VUUREN', 3.0]
[u'', u'', u'', u'', u'', u'', u'', u'', u'', u'', u'', u'', u'']
check '' ''
[u'CSYS302_SEM2_2018', u'CSYS302_SEM2_2017', u'CSYS302', u'CONTROL SYSTEMS III', u'NDEIN1', u'ND: ENGINEERING: ELECTRICAL (INSTR)', u'22', u'SEMESTER 2', u'D1', u'Durban Campus Full-time', u'A', u'50000466:JANSE VAN VUUREN', 65.0]
check 'CSYS302_SEM2_2018' 'CSYS302'
adding  CSYS302
requesting:  http://10.0.100.98:8000/bbinfo/matching_courses/CSYS302%25
r= <Response [200]>
matching classes= set([u'CSYS302_SEM1_2017', u'CSYS302_SEM2_2017', u'CSYS302_SEM2_2018', u'CSYS302_SEM1_2018', u'CSYS302_13_JANG', u'CSYS302_ALL_2016'])
[u'CSYS302_SEM2_2018', u'CSYS302_SEM2_2017', u'CSYS302', u'CONTROL SYSTEMS III', u'NDELC2', u'ND: ENGINEERING: ELECTRICAL (L/C)', u'22', u'SEMESTER 2', u'D1', u'Durban Campus Full-time', u'A', u'50000466:JANSE VAN VUUREN', 2.0]
check 'CSYS302_SEM2_2018' 'CSYS302'
adding  CSYS302
requesting:  http://10.0.100.98:8000/bbinfo/matching_courses/CSYS302%25
r= <Response [200]>
matching classes= set([u'CSYS302_SEM1_2017', u'CSYS302_SEM2_2017', u'CSYS302_SEM2_2018', u'CSYS302_SEM1_2018', u'CSYS302_13_JANG', u'CSYS302_ALL_2016'])
[u'CSYS302_SEM2_2018', u'CSYS302_SEM2_2017', u'CSYS302', u'CONTROL SYSTEMS III', u'NDMCT1', u'ND: ENGINEERING: MECHANICAL (M/TRONICS)', u'22', u'SEMESTER 2', u'D1', u'Durban Campus Full-time', u'A', u'50000466:JANSE VAN VUUREN', 2.0]
check 'CSYS302_SEM2_2018' 'CSYS302'
adding  CSYS302
requesting:  http://10.0.100.98:8000/bbinfo/matching_courses/CSYS302%25
r= <Response [200]>
matching classes= set([u'CSYS302_SEM1_2017', u'CSYS302_SEM2_2017', u'CSYS302_SEM2_2018', u'CSYS302_SEM1_2018', u'CSYS302_13_JANG', u'CSYS302_ALL_2016'])
[u'', u'', u'', u'', u'', u'', u'', u'', u'', u'', u'', u'', u'']
check '' ''
[u'DEPJ301_SEM1_2018', u'DEPJ301_SEM1_2017', u'DEPJ301', u'DESIGN PROJECT III', u'NDCSY2', u'ND: ENGINEERING: COMPUTER SYSTEMS', u'21', u'SEMESTER 1', u'D1', u'Durban Campus Full-time', u'A', u'40010083:REDDY', 16.0]
check 'DEPJ301_SEM1_2018' 'DEPJ301'
processXLS: only for SEM2 [u'DEPJ301_SEM1_2018', u'DEPJ301_SEM1_2017', u'DEPJ301', u'DESIGN PROJECT III', u'NDCSY2', u'ND: ENGINEERING: COMPUTER SYSTEMS', u'21', u'SEMESTER 1', u'D1', u'Durban Campus Full-time', u'A', u'40010083:REDDY', 16.0]
[u'', u'', u'', u'', u'', u'', u'', u'', u'', u'', u'', u'', u'']
check '' ''
[u'DEPJ301_SEM2_2018', u'DEPJ301_SEM2_2017', u'DEPJ301', u'DESIGN PROJECT III', u'NDCSY2', u'ND: ENGINEERING: COMPUTER SYSTEMS', u'22', u'SEMESTER 2', u'D1', u'Durban Campus Full-time', u'A', u'40010083:REDDY', 17.0]
check 'DEPJ301_SEM2_2018' 'DEPJ301'
adding  DEPJ301
requesting:  http://10.0.100.98:8000/bbinfo/matching_courses/DEPJ301%25
r= <Response [200]>
matching classes= set([u'DEPJ301_ALL_2016', u'DEPJ301_SEM2_2018', u'DEPJ301_SEM1_2018', u'DEPJ301_SEM1_2017', u'DEPJ301_SEM2_2017', u'DEPJ301_13_GOVL'])
[u'', u'', u'', u'', u'', u'', u'', u'', u'', u'', u'', u'', u'']
check '' ''
[u'DPRJ301_SEM1_2018', u'DPRJ301_SEM1_2017', u'DPRJ301', u'DESIGN PROJECT III', u'NDECM1', u'ND: ENGINEERING: ELECTRICAL (COMM)', u'21', u'SEMESTER 1', u'D1', u'Durban Campus Full-time', u'A', u'40000578:GOVENDER;40003545:SEWDASS', 18.0]
check 'DPRJ301_SEM1_2018' 'DPRJ301'
processXLS: only for SEM2 [u'DPRJ301_SEM1_2018', u'DPRJ301_SEM1_2017', u'DPRJ301', u'DESIGN PROJECT III', u'NDECM1', u'ND: ENGINEERING: ELECTRICAL (COMM)', u'21', u'SEMESTER 1', u'D1', u'Durban Campus Full-time', u'A', u'40000578:GOVENDER;40003545:SEWDASS', 18.0]
[u'DPRJ301_SEM1_2018', u'DPRJ301_SEM1_2017', u'DPRJ301', u'DESIGN PROJECT III', u'NDEIN1', u'ND: ENGINEERING: ELECTRICAL (INSTR)', u'21', u'SEMESTER 1', u'D1', u'Durban Campus Full-time', u'A', u'40000578:GOVENDER;40003545:SEWDASS', 62.0]
check 'DPRJ301_SEM1_2018' 'DPRJ301'
processXLS: only for SEM2 [u'DPRJ301_SEM1_2018', u'DPRJ301_SEM1_2017', u'DPRJ301', u'DESIGN PROJECT III', u'NDEIN1', u'ND: ENGINEERING: ELECTRICAL (INSTR)', u'21', u'SEMESTER 1', u'D1', u'Durban Campus Full-time', u'A', u'40000578:GOVENDER;40003545:SEWDASS', 62.0]
[u'DPRJ301_SEM1_2018', u'DPRJ301_SEM1_2017', u'DPRJ301', u'DESIGN PROJECT III', u'NDELC2', u'ND: ENGINEERING: ELECTRICAL (L/C)', u'21', u'SEMESTER 1', u'D1', u'Durban Campus Full-time', u'A', u'40000578:GOVENDER;40003545:SEWDASS', 2.0]
check 'DPRJ301_SEM1_2018' 'DPRJ301'
processXLS: only for SEM2 [u'DPRJ301_SEM1_2018', u'DPRJ301_SEM1_2017', u'DPRJ301', u'DESIGN PROJECT III', u'NDELC2', u'ND: ENGINEERING: ELECTRICAL (L/C)', u'21', u'SEMESTER 1', u'D1', u'Durban Campus Full-time', u'A', u'40000578:GOVENDER;40003545:SEWDASS', 2.0]
[u'', u'', u'', u'', u'', u'', u'', u'', u'', u'', u'', u'', u'']
check '' ''
[u'DPRJ301_SEM2_2018', u'DPRJ301_SEM2_2017', u'DPRJ301', u'DESIGN PROJECT III', u'NDECM1', u'ND: ENGINEERING: ELECTRICAL (COMM)', u'22', u'SEMESTER 2', u'D1', u'Durban Campus Full-time', u'A', u'40000578:GOVENDER;40003545:SEWDASS', 23.0]
check 'DPRJ301_SEM2_2018' 'DPRJ301'
adding  DPRJ301
requesting:  http://10.0.100.98:8000/bbinfo/matching_courses/DPRJ301%25
r= <Response [200]>
matching classes= set([u'DPRJ301_ALL_2016', u'DPRJ301_13_GOVP', u'DPRJ301_SEM1_2018', u'DPRJ301_SEM2_2018', u'DPRJ301_SEM2_2017', u'DPRJ301_SEM1_2017'])
[u'DPRJ301_SEM2_2018', u'DPRJ301_SEM2_2017', u'DPRJ301', u'DESIGN PROJECT III', u'NDEIN1', u'ND: ENGINEERING: ELECTRICAL (INSTR)', u'22', u'SEMESTER 2', u'D1', u'Durban Campus Full-time', u'A', u'40000578:GOVENDER;40003545:SEWDASS', 61.0]
check 'DPRJ301_SEM2_2018' 'DPRJ301'
adding  DPRJ301
requesting:  http://10.0.100.98:8000/bbinfo/matching_courses/DPRJ301%25
r= <Response [200]>
matching classes= set([u'DPRJ301_ALL_2016', u'DPRJ301_13_GOVP', u'DPRJ301_SEM1_2018', u'DPRJ301_SEM2_2018', u'DPRJ301_SEM2_2017', u'DPRJ301_SEM1_2017'])
[u'DPRJ301_SEM2_2018', u'DPRJ301_SEM2_2017', u'DPRJ301', u'DESIGN PROJECT III', u'NDELC2', u'ND: ENGINEERING: ELECTRICAL (L/C)', u'22', u'SEMESTER 2', u'D1', u'Durban Campus Full-time', u'A', u'40000578:GOVENDER;40003545:SEWDASS', 3.0]
check 'DPRJ301_SEM2_2018' 'DPRJ301'
adding  DPRJ301
requesting:  http://10.0.100.98:8000/bbinfo/matching_courses/DPRJ301%25
r= <Response [200]>
matching classes= set([u'DPRJ301_ALL_2016', u'DPRJ301_13_GOVP', u'DPRJ301_SEM1_2018', u'DPRJ301_SEM2_2018', u'DPRJ301_SEM2_2017', u'DPRJ301_SEM1_2017'])
[u'', u'', u'', u'', u'', u'', u'', u'', u'', u'', u'', u'', u'']
check '' ''
[u'DSYS303_SEM1_2018', u'DSYS303_SEM1_2017', u'DSYS303', u'DIGITAL SYSTEMS III', u'NDCSY2', u'ND: ENGINEERING: COMPUTER SYSTEMS', u'21', u'SEMESTER 1', u'D1', u'Durban Campus Full-time', u'A', u'40000198:BERA', 15.0]
check 'DSYS303_SEM1_2018' 'DSYS303'
processXLS: only for SEM2 [u'DSYS303_SEM1_2018', u'DSYS303_SEM1_2017', u'DSYS303', u'DIGITAL SYSTEMS III', u'NDCSY2', u'ND: ENGINEERING: COMPUTER SYSTEMS', u'21', u'SEMESTER 1', u'D1', u'Durban Campus Full-time', u'A', u'40000198:BERA', 15.0]
[u'DSYS303_SEM1_2018', u'DSYS303_SEM1_2017', u'DSYS303', u'DIGITAL SYSTEMS III', u'NDECM1', u'ND: ENGINEERING: ELECTRICAL (COMM)', u'21', u'SEMESTER 1', u'D1', u'Durban Campus Full-time', u'A', u'40000198:BERA', 22.0]
check 'DSYS303_SEM1_2018' 'DSYS303'
processXLS: only for SEM2 [u'DSYS303_SEM1_2018', u'DSYS303_SEM1_2017', u'DSYS303', u'DIGITAL SYSTEMS III', u'NDECM1', u'ND: ENGINEERING: ELECTRICAL (COMM)', u'21', u'SEMESTER 1', u'D1', u'Durban Campus Full-time', u'A', u'40000198:BERA', 22.0]
[u'DSYS303_SEM1_2018', u'DSYS303_SEM1_2017', u'DSYS303', u'DIGITAL SYSTEMS III', u'NDEIN1', u'ND: ENGINEERING: ELECTRICAL (INSTR)', u'21', u'SEMESTER 1', u'D1', u'Durban Campus Full-time', u'A', u'40000198:BERA', 61.0]
check 'DSYS303_SEM1_2018' 'DSYS303'
processXLS: only for SEM2 [u'DSYS303_SEM1_2018', u'DSYS303_SEM1_2017', u'DSYS303', u'DIGITAL SYSTEMS III', u'NDEIN1', u'ND: ENGINEERING: ELECTRICAL (INSTR)', u'21', u'SEMESTER 1', u'D1', u'Durban Campus Full-time', u'A', u'40000198:BERA', 61.0]
[u'DSYS303_SEM1_2018', u'DSYS303_SEM1_2017', u'DSYS303', u'DIGITAL SYSTEMS III', u'NDELC2', u'ND: ENGINEERING: ELECTRICAL (L/C)', u'21', u'SEMESTER 1', u'D1', u'Durban Campus Full-time', u'A', u'40000198:BERA', 37.0]
check 'DSYS303_SEM1_2018' 'DSYS303'
processXLS: only for SEM2 [u'DSYS303_SEM1_2018', u'DSYS303_SEM1_2017', u'DSYS303', u'DIGITAL SYSTEMS III', u'NDELC2', u'ND: ENGINEERING: ELECTRICAL (L/C)', u'21', u'SEMESTER 1', u'D1', u'Durban Campus Full-time', u'A', u'40000198:BERA', 37.0]
[u'', u'', u'', u'', u'', u'', u'', u'', u'', u'', u'', u'', u'']
check '' ''
[u'DSYS303_SEM2_2018', u'DSYS303_SEM2_2017', u'DSYS303', u'DIGITAL SYSTEMS III', u'NDCSY2', u'ND: ENGINEERING: COMPUTER SYSTEMS', u'22', u'SEMESTER 2', u'D1', u'Durban Campus Full-time', u'A', u'40000198:BERA', 14.0]
check 'DSYS303_SEM2_2018' 'DSYS303'
adding  DSYS303
requesting:  http://10.0.100.98:8000/bbinfo/matching_courses/DSYS303%25
r= <Response [200]>
matching classes= set([u'DSYS303_SEM2_2017', u'DSYS303_13_BERM', u'DSYS303_SEM1_2017', u'DSYS303_SEM1_2018', u'DSYS303_ALL_2016', u'DSYS303_SEM2_2018'])
[u'DSYS303_SEM2_2018', u'DSYS303_SEM2_2017', u'DSYS303', u'DIGITAL SYSTEMS III', u'NDECM1', u'ND: ENGINEERING: ELECTRICAL (COMM)', u'22', u'SEMESTER 2', u'D1', u'Durban Campus Full-time', u'A', u'40000198:BERA', 13.0]
check 'DSYS303_SEM2_2018' 'DSYS303'
adding  DSYS303
requesting:  http://10.0.100.98:8000/bbinfo/matching_courses/DSYS303%25
r= <Response [200]>
matching classes= set([u'DSYS303_SEM2_2017', u'DSYS303_13_BERM', u'DSYS303_SEM1_2017', u'DSYS303_SEM1_2018', u'DSYS303_ALL_2016', u'DSYS303_SEM2_2018'])
[u'DSYS303_SEM2_2018', u'DSYS303_SEM2_2017', u'DSYS303', u'DIGITAL SYSTEMS III', u'NDEIN1', u'ND: ENGINEERING: ELECTRICAL (INSTR)', u'22', u'SEMESTER 2', u'D1', u'Durban Campus Full-time', u'A', u'40000198:BERA', 18.0]
check 'DSYS303_SEM2_2018' 'DSYS303'
adding  DSYS303
requesting:  http://10.0.100.98:8000/bbinfo/matching_courses/DSYS303%25
r= <Response [200]>
matching classes= set([u'DSYS303_SEM2_2017', u'DSYS303_13_BERM', u'DSYS303_SEM1_2017', u'DSYS303_SEM1_2018', u'DSYS303_ALL_2016', u'DSYS303_SEM2_2018'])
[u'DSYS303_SEM2_2018', u'DSYS303_SEM2_2017', u'DSYS303', u'DIGITAL SYSTEMS III', u'NDELC2', u'ND: ENGINEERING: ELECTRICAL (L/C)', u'22', u'SEMESTER 2', u'D1', u'Durban Campus Full-time', u'A', u'40000198:BERA', 50.0]
check 'DSYS303_SEM2_2018' 'DSYS303'
adding  DSYS303
requesting:  http://10.0.100.98:8000/bbinfo/matching_courses/DSYS303%25
r= <Response [200]>
matching classes= set([u'DSYS303_SEM2_2017', u'DSYS303_13_BERM', u'DSYS303_SEM1_2017', u'DSYS303_SEM1_2018', u'DSYS303_ALL_2016', u'DSYS303_SEM2_2018'])
[u'DSYS303_SEM2_2018', u'DSYS303_SEM2_2017', u'DSYS303', u'DIGITAL SYSTEMS III', u'NDEPE2', u'ND: ENGINEERING: ELECTRICAL  (H/C)', u'22', u'SEMESTER 2', u'D1', u'Durban Campus Full-time', u'A', u'40000198:BERA', 1.0]
check 'DSYS303_SEM2_2018' 'DSYS303'
adding  DSYS303
requesting:  http://10.0.100.98:8000/bbinfo/matching_courses/DSYS303%25
r= <Response [200]>
matching classes= set([u'DSYS303_SEM2_2017', u'DSYS303_13_BERM', u'DSYS303_SEM1_2017', u'DSYS303_SEM1_2018', u'DSYS303_ALL_2016', u'DSYS303_SEM2_2018'])
[u'DSYS303_SEM2_2018', u'DSYS303_SEM2_2017', u'DSYS303', u'DIGITAL SYSTEMS III', u'NODIP4', u'NON-DIPLOMA PURPOSE (ENG & BE)', u'22', u'SEMESTER 2', u'D7', u'DBN FULL-TIME NON-SUBSIDISED', u'A', u'40000198:BERA', 1.0]
check 'DSYS303_SEM2_2018' 'DSYS303'
adding  DSYS303
requesting:  http://10.0.100.98:8000/bbinfo/matching_courses/DSYS303%25
r= <Response [200]>
matching classes= set([u'DSYS303_SEM2_2017', u'DSYS303_13_BERM', u'DSYS303_SEM1_2017', u'DSYS303_SEM1_2018', u'DSYS303_ALL_2016', u'DSYS303_SEM2_2018'])
[u'', u'', u'', u'', u'', u'', u'', u'', u'', u'', u'', u'', u'']
check '' ''
[u'ETMS301_SEM1_2018', u'ETMS301_SEM1_2017', u'ETMS301', u'ELECTRONIC MEASUREMENTS III', u'NDELC2', u'ND: ENGINEERING: ELECTRICAL (L/C)', u'21', u'SEMESTER 1', u'D1', u'Durban Campus Full-time', u'A', u'40000209:SALIGRAM B', 1.0]
check 'ETMS301_SEM1_2018' 'ETMS301'
processXLS: only for SEM2 [u'ETMS301_SEM1_2018', u'ETMS301_SEM1_2017', u'ETMS301', u'ELECTRONIC MEASUREMENTS III', u'NDELC2', u'ND: ENGINEERING: ELECTRICAL (L/C)', u'21', u'SEMESTER 1', u'D1', u'Durban Campus Full-time', u'A', u'40000209:SALIGRAM B', 1.0]
[u'', u'', u'', u'', u'', u'', u'', u'', u'', u'', u'', u'', u'']
check '' ''
[u'ETRS301_SEM1_2018', u'ETRS301_SEM1_2017', u'ETRS301', u'ELECTRONICS III', u'NDECM1', u'ND: ENGINEERING: ELECTRICAL (COMM)', u'21', u'SEMESTER 1', u'D1', u'Durban Campus Full-time', u'A', u'40000202:ESSACK;40000209:SALIGRAM;50000466:JANSE VAN VUUREN', 11.0]
check 'ETRS301_SEM1_2018' 'ETRS301'
processXLS: only for SEM2 [u'ETRS301_SEM1_2018', u'ETRS301_SEM1_2017', u'ETRS301', u'ELECTRONICS III', u'NDECM1', u'ND: ENGINEERING: ELECTRICAL (COMM)', u'21', u'SEMESTER 1', u'D1', u'Durban Campus Full-time', u'A', u'40000202:ESSACK;40000209:SALIGRAM;50000466:JANSE VAN VUUREN', 11.0]
[u'ETRS301_SEM1_2018', u'ETRS301_SEM1_2017', u'ETRS301', u'ELECTRONICS III', u'NDEIN1', u'ND: ENGINEERING: ELECTRICAL (INSTR)', u'21', u'SEMESTER 1', u'D1', u'Durban Campus Full-time', u'A', u'40000202:ESSACK;40000209:SALIGRAM;50000466:JANSE VAN VUUREN', 4.0]
check 'ETRS301_SEM1_2018' 'ETRS301'
processXLS: only for SEM2 [u'ETRS301_SEM1_2018', u'ETRS301_SEM1_2017', u'ETRS301', u'ELECTRONICS III', u'NDEIN1', u'ND: ENGINEERING: ELECTRICAL (INSTR)', u'21', u'SEMESTER 1', u'D1', u'Durban Campus Full-time', u'A', u'40000202:ESSACK;40000209:SALIGRAM;50000466:JANSE VAN VUUREN', 4.0]
[u'ETRS301_SEM1_2018', u'ETRS301_SEM1_2017', u'ETRS301', u'ELECTRONICS III', u'NDELC2', u'ND: ENGINEERING: ELECTRICAL (L/C)', u'21', u'SEMESTER 1', u'D1', u'Durban Campus Full-time', u'A', u'40000202:ESSACK;40000209:SALIGRAM;50000466:JANSE VAN VUUREN', 10.0]
check 'ETRS301_SEM1_2018' 'ETRS301'
processXLS: only for SEM2 [u'ETRS301_SEM1_2018', u'ETRS301_SEM1_2017', u'ETRS301', u'ELECTRONICS III', u'NDELC2', u'ND: ENGINEERING: ELECTRICAL (L/C)', u'21', u'SEMESTER 1', u'D1', u'Durban Campus Full-time', u'A', u'40000202:ESSACK;40000209:SALIGRAM;50000466:JANSE VAN VUUREN', 10.0]
[u'', u'', u'', u'', u'', u'', u'', u'', u'', u'', u'', u'', u'']
check '' ''
[u'ETRS301_SEM2_2018', u'ETRS301_SEM2_2017', u'ETRS301', u'ELECTRONICS III', u'NDECM1', u'ND: ENGINEERING: ELECTRICAL (COMM)', u'22', u'SEMESTER 2', u'D1', u'Durban Campus Full-time', u'A', u'40000202:ESSACK;40000209:SALIGRAM;50000466:JANSE VAN VUUREN', 10.0]
check 'ETRS301_SEM2_2018' 'ETRS301'
adding  ETRS301
requesting:  http://10.0.100.98:8000/bbinfo/matching_courses/ETRS301%25
r= <Response [200]>
matching classes= set([u'ETRS301_13_SALB', u'ETRS301_SEM1_2018', u'ETRS301_SEM2_2017', u'ETRS301_ALL_2016', u'ETRS301_SEM2_2018', u'ETRS301_SEM1_2017'])
[u'ETRS301_SEM2_2018', u'ETRS301_SEM2_2017', u'ETRS301', u'ELECTRONICS III', u'NDELC2', u'ND: ENGINEERING: ELECTRICAL (L/C)', u'22', u'SEMESTER 2', u'D1', u'Durban Campus Full-time', u'A', u'40000202:ESSACK;40000209:SALIGRAM;50000466:JANSE VAN VUUREN', 11.0]
check 'ETRS301_SEM2_2018' 'ETRS301'
adding  ETRS301
requesting:  http://10.0.100.98:8000/bbinfo/matching_courses/ETRS301%25
r= <Response [200]>
matching classes= set([u'ETRS301_13_SALB', u'ETRS301_SEM1_2018', u'ETRS301_SEM2_2017', u'ETRS301_ALL_2016', u'ETRS301_SEM2_2018', u'ETRS301_SEM1_2017'])
[u'ETRS301_SEM2_2018', u'ETRS301_SEM2_2017', u'ETRS301', u'ELECTRONICS III', u'NODIP4', u'NON-DIPLOMA PURPOSE (ENG & BE)', u'22', u'SEMESTER 2', u'D7', u'DBN FULL-TIME NON-SUBSIDISED', u'A', u'40000202:ESSACK;40000209:SALIGRAM;50000466:JANSE VAN VUUREN', 1.0]
check 'ETRS301_SEM2_2018' 'ETRS301'
adding  ETRS301
requesting:  http://10.0.100.98:8000/bbinfo/matching_courses/ETRS301%25
r= <Response [200]>
matching classes= set([u'ETRS301_13_SALB', u'ETRS301_SEM1_2018', u'ETRS301_SEM2_2017', u'ETRS301_ALL_2016', u'ETRS301_SEM2_2018', u'ETRS301_SEM1_2017'])
[u'', u'', u'', u'', u'', u'', u'', u'', u'', u'', u'', u'', u'']
check '' ''
[u'LODS301_SEM1_2018', u'LODS301_SEM1_2017', u'LODS301', u'LOGIC DESIGN III', u'NDCSY2', u'ND: ENGINEERING: COMPUTER SYSTEMS', u'21', u'SEMESTER 1', u'D1', u'Durban Campus Full-time', u'A', u'40000198:BERA', 17.0]
check 'LODS301_SEM1_2018' 'LODS301'
processXLS: only for SEM2 [u'LODS301_SEM1_2018', u'LODS301_SEM1_2017', u'LODS301', u'LOGIC DESIGN III', u'NDCSY2', u'ND: ENGINEERING: COMPUTER SYSTEMS', u'21', u'SEMESTER 1', u'D1', u'Durban Campus Full-time', u'A', u'40000198:BERA', 17.0]
[u'', u'', u'', u'', u'', u'', u'', u'', u'', u'', u'', u'', u'']
check '' ''
[u'LODS301_SEM2_2018', u'LODS301_SEM2_2017', u'LODS301', u'LOGIC DESIGN III', u'NDCSY2', u'ND: ENGINEERING: COMPUTER SYSTEMS', u'22', u'SEMESTER 2', u'D1', u'Durban Campus Full-time', u'A', u'40000198:BERA', 16.0]
check 'LODS301_SEM2_2018' 'LODS301'
adding  LODS301
requesting:  http://10.0.100.98:8000/bbinfo/matching_courses/LODS301%25
r= <Response [200]>
matching classes= set([u'LODS301_ALL_2016', u'LODS301_SEM1_2018', u'LODS301_SEM2_2018', u'LODS301_SEM2_2017', u'LODS301_SEM1_2017', u'LODS301_13_BERM'])
[u'', u'', u'', u'', u'', u'', u'', u'', u'', u'', u'', u'', u'']
check '' ''
[u'METR301_SEM1_2018', u'METR301_SEM1_2017', u'METR301', u'METROLOGY III', u'NDELC2', u'ND: ENGINEERING: ELECTRICAL (L/C)', u'21', u'SEMESTER 1', u'D1', u'Durban Campus Full-time', u'8', u'40000209:SALIGRAM B', 1.0]
check 'METR301_SEM1_2018' 'METR301'
processXLS: only for SEM2 [u'METR301_SEM1_2018', u'METR301_SEM1_2017', u'METR301', u'METROLOGY III', u'NDELC2', u'ND: ENGINEERING: ELECTRICAL (L/C)', u'21', u'SEMESTER 1', u'D1', u'Durban Campus Full-time', u'8', u'40000209:SALIGRAM B', 1.0]
[u'', u'', u'', u'', u'', u'', u'', u'', u'', u'', u'', u'', u'']
check '' ''
[u'MPRO302_SEM1_2018', u'MPRO302_SEM1_2017', u'MPRO302', u'MICROPROCESSORS III', u'NDCSY2', u'ND: ENGINEERING: COMPUTER SYSTEMS', u'21', u'SEMESTER 1', u'D1', u'Durban Campus Full-time', u'A', u'40003851:SINGH', 13.0]
check 'MPRO302_SEM1_2018' 'MPRO302'
processXLS: only for SEM2 [u'MPRO302_SEM1_2018', u'MPRO302_SEM1_2017', u'MPRO302', u'MICROPROCESSORS III', u'NDCSY2', u'ND: ENGINEERING: COMPUTER SYSTEMS', u'21', u'SEMESTER 1', u'D1', u'Durban Campus Full-time', u'A', u'40003851:SINGH', 13.0]
[u'', u'', u'', u'', u'', u'', u'', u'', u'', u'', u'', u'', u'']
check '' ''
[u'MPRO302_SEM2_2018', u'MPRO302_SEM2_2017', u'MPRO302', u'MICROPROCESSORS III', u'NDCSY2', u'ND: ENGINEERING: COMPUTER SYSTEMS', u'22', u'SEMESTER 2', u'D1', u'Durban Campus Full-time', u'A', u'40003851:SINGH', 12.0]
check 'MPRO302_SEM2_2018' 'MPRO302'
adding  MPRO302
requesting:  http://10.0.100.98:8000/bbinfo/matching_courses/MPRO302%25
r= <Response [200]>
matching classes= set([u'MPRO302_ALL_2016', u'MPRO302_SEM1_2017', u'MPRO302_SEM2_2017', u'MPRO302_13_SINN', u'MPRO302_SEM1_2018', u'MPRO302_SEM2_2018'])
[u'', u'', u'', u'', u'', u'', u'', u'', u'', u'', u'', u'', u'']
check '' ''
[u'MWCS301_SEM1_2018', u'MWCS301_SEM1_2017', u'MWCS301', u'MICROWAVE COMMUNICATION III', u'NDECM1', u'ND: ENGINEERING: ELECTRICAL (COMM)', u'21', u'SEMESTER 1', u'D1', u'Durban Campus Full-time', u'A', u'50000881:MACPHERSON', 21.0]
check 'MWCS301_SEM1_2018' 'MWCS301'
processXLS: only for SEM2 [u'MWCS301_SEM1_2018', u'MWCS301_SEM1_2017', u'MWCS301', u'MICROWAVE COMMUNICATION III', u'NDECM1', u'ND: ENGINEERING: ELECTRICAL (COMM)', u'21', u'SEMESTER 1', u'D1', u'Durban Campus Full-time', u'A', u'50000881:MACPHERSON', 21.0]
[u'MWCS301_SEM1_2018', u'MWCS301_SEM1_2017', u'MWCS301', u'MICROWAVE COMMUNICATION III', u'NDELC2', u'ND: ENGINEERING: ELECTRICAL (L/C)', u'21', u'SEMESTER 1', u'D1', u'Durban Campus Full-time', u'A', u'50000881:MACPHERSON', 2.0]
check 'MWCS301_SEM1_2018' 'MWCS301'
processXLS: only for SEM2 [u'MWCS301_SEM1_2018', u'MWCS301_SEM1_2017', u'MWCS301', u'MICROWAVE COMMUNICATION III', u'NDELC2', u'ND: ENGINEERING: ELECTRICAL (L/C)', u'21', u'SEMESTER 1', u'D1', u'Durban Campus Full-time', u'A', u'50000881:MACPHERSON', 2.0]
[u'', u'', u'', u'', u'', u'', u'', u'', u'', u'', u'', u'', u'']
check '' ''
[u'MWCS301_SEM2_2018', u'MWCS301_SEM2_2017', u'MWCS301', u'MICROWAVE COMMUNICATION III', u'NDECM1', u'ND: ENGINEERING: ELECTRICAL (COMM)', u'22', u'SEMESTER 2', u'D1', u'Durban Campus Full-time', u'A', u'50000881:MACPHERSON', 20.0]
check 'MWCS301_SEM2_2018' 'MWCS301'
adding  MWCS301
requesting:  http://10.0.100.98:8000/bbinfo/matching_courses/MWCS301%25
r= <Response [200]>
matching classes= set([u'MWCS301_SEM1_2018', u'MWCS301_13_MACS', u'MWCS301_SEM2_2017', u'MWCS301_ALL_2016', u'MWCS301_SEM2_2018', u'MWCS301_SEM1_2017'])
[u'MWCS301_SEM2_2018', u'MWCS301_SEM2_2017', u'MWCS301', u'MICROWAVE COMMUNICATION III', u'NDELC2', u'ND: ENGINEERING: ELECTRICAL (L/C)', u'22', u'SEMESTER 2', u'D1', u'Durban Campus Full-time', u'A', u'50000881:MACPHERSON', 4.0]
check 'MWCS301_SEM2_2018' 'MWCS301'
adding  MWCS301
requesting:  http://10.0.100.98:8000/bbinfo/matching_courses/MWCS301%25
r= <Response [200]>
matching classes= set([u'MWCS301_SEM1_2018', u'MWCS301_13_MACS', u'MWCS301_SEM2_2017', u'MWCS301_ALL_2016', u'MWCS301_SEM2_2018', u'MWCS301_SEM1_2017'])
[u'', u'', u'', u'', u'', u'', u'', u'', u'', u'', u'', u'', u'']
check '' ''
[u'NETS301_SEM1_2018', u'NETS301_SEM1_2017', u'NETS301', u'NETWORK SYSTEMS III', u'NDCSY2', u'ND: ENGINEERING: COMPUTER SYSTEMS', u'21', u'SEMESTER 1', u'D1', u'Durban Campus Full-time', u'A', u'40003296:SEWSUNKER', 15.0]
check 'NETS301_SEM1_2018' 'NETS301'
processXLS: only for SEM2 [u'NETS301_SEM1_2018', u'NETS301_SEM1_2017', u'NETS301', u'NETWORK SYSTEMS III', u'NDCSY2', u'ND: ENGINEERING: COMPUTER SYSTEMS', u'21', u'SEMESTER 1', u'D1', u'Durban Campus Full-time', u'A', u'40003296:SEWSUNKER', 15.0]
[u'', u'', u'', u'', u'', u'', u'', u'', u'', u'', u'', u'', u'']
check '' ''
[u'NETS301_SEM2_2018', u'NETS301_SEM2_2017', u'NETS301', u'NETWORK SYSTEMS III', u'NDCSY2', u'ND: ENGINEERING: COMPUTER SYSTEMS', u'22', u'SEMESTER 2', u'D1', u'Durban Campus Full-time', u'A', u'40003296:SEWSUNKER', 8.0]
check 'NETS301_SEM2_2018' 'NETS301'
adding  NETS301
requesting:  http://10.0.100.98:8000/bbinfo/matching_courses/NETS301%25
r= <Response [200]>
matching classes= set([u'NETS301_15', u'NETS301_ALL_2016', u'NETS301_13_GUNS', u'NETS301_SEM1_2018', u'NETS301_SEM2_2018', u'NETS301_SEM2_2017', u'NETS301_SEM1_2017'])
[u'NETS301_SEM2_2018', u'NETS301_SEM2_2017', u'NETS301', u'NETWORK SYSTEMS III', u'NODIP4', u'NON-DIPLOMA PURPOSE (ENG & BE)', u'22', u'SEMESTER 2', u'D7', u'DBN FULL-TIME NON-SUBSIDISED', u'A', u'40003296:SEWSUNKER', 1.0]
check 'NETS301_SEM2_2018' 'NETS301'
adding  NETS301
requesting:  http://10.0.100.98:8000/bbinfo/matching_courses/NETS301%25
r= <Response [200]>
matching classes= set([u'NETS301_15', u'NETS301_ALL_2016', u'NETS301_13_GUNS', u'NETS301_SEM1_2018', u'NETS301_SEM2_2018', u'NETS301_SEM2_2017', u'NETS301_SEM1_2017'])
[u'', u'', u'', u'', u'', u'', u'', u'', u'', u'', u'', u'', u'']
check '' ''
[u'PRSI301_SEM1_2018', u'PRSI301_SEM1_2017', u'PRSI301', u'PROCESS INSTRUMENTATION III', u'BTMCH2', u'BT: ENGINEERING: MECHANICAL', u'21', u'SEMESTER 1', u'D1', u'Durban Campus Full-time', u'A', u'40002493:PILLAY', 7.0]
check 'PRSI301_SEM1_2018' 'PRSI301'
processXLS: only for SEM2 [u'PRSI301_SEM1_2018', u'PRSI301_SEM1_2017', u'PRSI301', u'PROCESS INSTRUMENTATION III', u'BTMCH2', u'BT: ENGINEERING: MECHANICAL', u'21', u'SEMESTER 1', u'D1', u'Durban Campus Full-time', u'A', u'40002493:PILLAY', 7.0]
[u'PRSI301_SEM1_2018', u'PRSI301_SEM1_2017', u'PRSI301', u'PROCESS INSTRUMENTATION III', u'BTMCH2', u'BT: ENGINEERING: MECHANICAL', u'21', u'SEMESTER 1', u'D3', u'Durban Campus Part-time', u'A', u'40002493:PILLAY', 2.0]
check 'PRSI301_SEM1_2018' 'PRSI301'
processXLS: only for SEM2 [u'PRSI301_SEM1_2018', u'PRSI301_SEM1_2017', u'PRSI301', u'PROCESS INSTRUMENTATION III', u'BTMCH2', u'BT: ENGINEERING: MECHANICAL', u'21', u'SEMESTER 1', u'D3', u'Durban Campus Part-time', u'A', u'40002493:PILLAY', 2.0]
[u'PRSI301_SEM1_2018', u'PRSI301_SEM1_2017', u'PRSI301', u'PROCESS INSTRUMENTATION III', u'NDEIN1', u'ND: ENGINEERING: ELECTRICAL (INSTR)', u'21', u'SEMESTER 1', u'D1', u'Durban Campus Full-time', u'A', u'40002493:PILLAY', 67.0]
check 'PRSI301_SEM1_2018' 'PRSI301'
processXLS: only for SEM2 [u'PRSI301_SEM1_2018', u'PRSI301_SEM1_2017', u'PRSI301', u'PROCESS INSTRUMENTATION III', u'NDEIN1', u'ND: ENGINEERING: ELECTRICAL (INSTR)', u'21', u'SEMESTER 1', u'D1', u'Durban Campus Full-time', u'A', u'40002493:PILLAY', 67.0]
[u'PRSI301_SEM1_2018', u'PRSI301_SEM1_2017', u'PRSI301', u'PROCESS INSTRUMENTATION III', u'NDELC2', u'ND: ENGINEERING: ELECTRICAL (L/C)', u'21', u'SEMESTER 1', u'D1', u'Durban Campus Full-time', u'A', u'40002493:PILLAY', 4.0]
check 'PRSI301_SEM1_2018' 'PRSI301'
processXLS: only for SEM2 [u'PRSI301_SEM1_2018', u'PRSI301_SEM1_2017', u'PRSI301', u'PROCESS INSTRUMENTATION III', u'NDELC2', u'ND: ENGINEERING: ELECTRICAL (L/C)', u'21', u'SEMESTER 1', u'D1', u'Durban Campus Full-time', u'A', u'40002493:PILLAY', 4.0]
[u'', u'', u'', u'', u'', u'', u'', u'', u'', u'', u'', u'', u'']
check '' ''
[u'PRSI301_SEM2_2018', u'PRSI301_SEM2_2017', u'PRSI301', u'PROCESS INSTRUMENTATION III', u'BTMCH2', u'BT: ENGINEERING: MECHANICAL', u'22', u'SEMESTER 2', u'D1', u'Durban Campus Full-time', u'A', u'40002493:PILLAY', 1.0]
check 'PRSI301_SEM2_2018' 'PRSI301'
adding  PRSI301
requesting:  http://10.0.100.98:8000/bbinfo/matching_courses/PRSI301%25
r= <Response [200]>
matching classes= set([u'PRSI301_ALL_2016', u'PRSI301_SEM2_2018', u'PRSI301_SEM1_2018', u'PRSI301_13_REIC', u'PRSI301_SEM1_2017', u'PRSI301_SEM2_2017'])
[u'PRSI301_SEM2_2018', u'PRSI301_SEM2_2017', u'PRSI301', u'PROCESS INSTRUMENTATION III', u'NDEIN1', u'ND: ENGINEERING: ELECTRICAL (INSTR)', u'22', u'SEMESTER 2', u'D1', u'Durban Campus Full-time', u'A', u'40002493:PILLAY', 49.0]
check 'PRSI301_SEM2_2018' 'PRSI301'
adding  PRSI301
requesting:  http://10.0.100.98:8000/bbinfo/matching_courses/PRSI301%25
r= <Response [200]>
matching classes= set([u'PRSI301_ALL_2016', u'PRSI301_SEM2_2018', u'PRSI301_SEM1_2018', u'PRSI301_13_REIC', u'PRSI301_SEM1_2017', u'PRSI301_SEM2_2017'])
[u'PRSI301_SEM2_2018', u'PRSI301_SEM2_2017', u'PRSI301', u'PROCESS INSTRUMENTATION III', u'NDELC2', u'ND: ENGINEERING: ELECTRICAL (L/C)', u'22', u'SEMESTER 2', u'D1', u'Durban Campus Full-time', u'A', u'40002493:PILLAY', 2.0]
check 'PRSI301_SEM2_2018' 'PRSI301'
adding  PRSI301
requesting:  http://10.0.100.98:8000/bbinfo/matching_courses/PRSI301%25
r= <Response [200]>
matching classes= set([u'PRSI301_ALL_2016', u'PRSI301_SEM2_2018', u'PRSI301_SEM1_2018', u'PRSI301_13_REIC', u'PRSI301_SEM1_2017', u'PRSI301_SEM2_2017'])
[u'', u'', u'', u'', u'', u'', u'', u'', u'', u'', u'', u'', u'']
check '' ''
[u'RENS301_SEM1_2018', u'RENS301_SEM1_2017', u'RENS301', u'RADIO ENGINEERING III', u'NDECM1', u'ND: ENGINEERING: ELECTRICAL (COMM)', u'21', u'SEMESTER 1', u'D1', u'Durban Campus Full-time', u'A', u'40010083:REDDY', 16.0]
check 'RENS301_SEM1_2018' 'RENS301'
processXLS: only for SEM2 [u'RENS301_SEM1_2018', u'RENS301_SEM1_2017', u'RENS301', u'RADIO ENGINEERING III', u'NDECM1', u'ND: ENGINEERING: ELECTRICAL (COMM)', u'21', u'SEMESTER 1', u'D1', u'Durban Campus Full-time', u'A', u'40010083:REDDY', 16.0]
[u'RENS301_SEM1_2018', u'RENS301_SEM1_2017', u'RENS301', u'RADIO ENGINEERING III', u'NDELC2', u'ND: ENGINEERING: ELECTRICAL (L/C)', u'21', u'SEMESTER 1', u'D1', u'Durban Campus Full-time', u'A', u'40010083:REDDY', 3.0]
check 'RENS301_SEM1_2018' 'RENS301'
processXLS: only for SEM2 [u'RENS301_SEM1_2018', u'RENS301_SEM1_2017', u'RENS301', u'RADIO ENGINEERING III', u'NDELC2', u'ND: ENGINEERING: ELECTRICAL (L/C)', u'21', u'SEMESTER 1', u'D1', u'Durban Campus Full-time', u'A', u'40010083:REDDY', 3.0]
[u'', u'', u'', u'', u'', u'', u'', u'', u'', u'', u'', u'', u'']
check '' ''
[u'RENS301_SEM2_2018', u'RENS301_SEM2_2017', u'RENS301', u'RADIO ENGINEERING III', u'NDECM1', u'ND: ENGINEERING: ELECTRICAL (COMM)', u'22', u'SEMESTER 2', u'D1', u'Durban Campus Full-time', u'A', u'40010083:REDDY', 16.0]
check 'RENS301_SEM2_2018' 'RENS301'
adding  RENS301
requesting:  http://10.0.100.98:8000/bbinfo/matching_courses/RENS301%25
r= <Response [200]>
matching classes= set([u'RENS301_13_REDS', u'RENS301_ALL_2016', u'RENS301_SEM2_2018', u'RENS301_SEM1_2018', u'RENS301_SEM1_2017', u'RENS301_SEM2_2017'])
[u'RENS301_SEM2_2018', u'RENS301_SEM2_2017', u'RENS301', u'RADIO ENGINEERING III', u'NDELC2', u'ND: ENGINEERING: ELECTRICAL (L/C)', u'22', u'SEMESTER 2', u'D1', u'Durban Campus Full-time', u'A', u'40010083:REDDY', 3.0]
check 'RENS301_SEM2_2018' 'RENS301'
adding  RENS301
requesting:  http://10.0.100.98:8000/bbinfo/matching_courses/RENS301%25
r= <Response [200]>
matching classes= set([u'RENS301_13_REDS', u'RENS301_ALL_2016', u'RENS301_SEM2_2018', u'RENS301_SEM1_2018', u'RENS301_SEM1_2017', u'RENS301_SEM2_2017'])
[u'', u'', u'', u'', u'', u'', u'', u'', u'', u'', u'', u'', u'']
check '' ''
[u'TELV301_SEM1_2018', u'TELV301_SEM1_2017', u'TELV301', u'TELEVISION III', u'NDELC2', u'ND: ENGINEERING: ELECTRICAL (L/C)', u'21', u'SEMESTER 1', u'D1', u'Durban Campus Full-time', u'A', u'40000207:MOODLEY K S', 1.0]
check 'TELV301_SEM1_2018' 'TELV301'
processXLS: only for SEM2 [u'TELV301_SEM1_2018', u'TELV301_SEM1_2017', u'TELV301', u'TELEVISION III', u'NDELC2', u'ND: ENGINEERING: ELECTRICAL (L/C)', u'21', u'SEMESTER 1', u'D1', u'Durban Campus Full-time', u'A', u'40000207:MOODLEY K S', 1.0]
[u'', u'', u'', u'', u'', u'', u'', u'', u'', u'', u'', u'', u'']
check '' ''
[u'TELV301_SEM2_2018', u'TELV301_SEM2_2017', u'TELV301', u'TELEVISION III', u'NDECM1', u'ND: ENGINEERING: ELECTRICAL (COMM)', u'22', u'SEMESTER 2', u'D1', u'Durban Campus Full-time', u'A', u'40000207:MOODLEY K S', 2.0]
check 'TELV301_SEM2_2018' 'TELV301'
adding  TELV301
requesting:  http://10.0.100.98:8000/bbinfo/matching_courses/TELV301%25
r= <Response [200]>
matching classes= set([u'TELV301_SEM1_2017', u'TELV301_SEM2_2017', u'TELV301_13_MOOK', u'TELV301_SEM2_2018', u'TELV301_SEM1_2018'])
[u'', u'', u'', u'', u'', u'', u'', u'', u'', u'', u'', u'', u'']
check '' ''
[u'CSYS402_SEM2_2018', u'CSYS402_SEM2_2017', u'CSYS402', u'CONTROL SYSTEMS IV', u'BTEIN1', u'BT: ENGINEERING: ELECTRICAL (INSTR)', u'22', u'SEMESTER 2', u'D3', u'Durban Campus Part-time', u'A', u'50000466:JANSE VAN VUUREN', 52.0]
check 'CSYS402_SEM2_2018' 'CSYS402'
adding  CSYS402
requesting:  http://10.0.100.98:8000/bbinfo/matching_courses/CSYS402%25
r= <Response [200]>
matching classes= set([u'CSYS402_SEM2_2017', u'CSYS402_SEM2_2016', u'CSYS402_SEM2_2018', u'CSYS402_13_JANG'])
[u'CSYS402_SEM2_2018', u'CSYS402_SEM2_2017', u'CSYS402', u'CONTROL SYSTEMS IV', u'BTMCH2', u'BT: ENGINEERING: MECHANICAL', u'22', u'SEMESTER 2', u'D1', u'Durban Campus Full-time', u'A', u'50000466:JANSE VAN VUUREN', 7.0]
check 'CSYS402_SEM2_2018' 'CSYS402'
adding  CSYS402
requesting:  http://10.0.100.98:8000/bbinfo/matching_courses/CSYS402%25
r= <Response [200]>
matching classes= set([u'CSYS402_SEM2_2017', u'CSYS402_SEM2_2016', u'CSYS402_SEM2_2018', u'CSYS402_13_JANG'])
[u'CSYS402_SEM2_2018', u'CSYS402_SEM2_2017', u'CSYS402', u'CONTROL SYSTEMS IV', u'BTMCH2', u'BT: ENGINEERING: MECHANICAL', u'22', u'SEMESTER 2', u'D3', u'Durban Campus Part-time', u'A', u'50000466:JANSE VAN VUUREN', 6.0]
check 'CSYS402_SEM2_2018' 'CSYS402'
adding  CSYS402
requesting:  http://10.0.100.98:8000/bbinfo/matching_courses/CSYS402%25
r= <Response [200]>
matching classes= set([u'CSYS402_SEM2_2017', u'CSYS402_SEM2_2016', u'CSYS402_SEM2_2018', u'CSYS402_13_JANG'])
[u'CSYS402_SEM2_2018', u'CSYS402_SEM2_2017', u'CSYS402', u'CONTROL SYSTEMS IV', u'BTMCT1', u'BT: ENGINEERING: MECHANICAL (M/TRONICS)', u'22', u'SEMESTER 2', u'D3', u'Durban Campus Part-time', u'A', u'50000466:JANSE VAN VUUREN', 1.0]
check 'CSYS402_SEM2_2018' 'CSYS402'
adding  CSYS402
requesting:  http://10.0.100.98:8000/bbinfo/matching_courses/CSYS402%25
r= <Response [200]>
matching classes= set([u'CSYS402_SEM2_2017', u'CSYS402_SEM2_2016', u'CSYS402_SEM2_2018', u'CSYS402_13_JANG'])
[u'CSYS402_SEM2_2018', u'CSYS402_SEM2_2017', u'CSYS402', u'CONTROL SYSTEMS IV', u'NODIP4', u'NON-DIPLOMA PURPOSE (ENG & BE)', u'22', u'SEMESTER 2', u'D7', u'DBN FULL-TIME NON-SUBSIDISED', u'A', u'50000466:JANSE VAN VUUREN', 1.0]
check 'CSYS402_SEM2_2018' 'CSYS402'
adding  CSYS402
requesting:  http://10.0.100.98:8000/bbinfo/matching_courses/CSYS402%25
r= <Response [200]>
matching classes= set([u'CSYS402_SEM2_2017', u'CSYS402_SEM2_2016', u'CSYS402_SEM2_2018', u'CSYS402_13_JANG'])
[u'', u'', u'', u'', u'', u'', u'', u'', u'', u'', u'', u'', u'']
check '' ''
[u'DSPR401_SEM1_2018', u'DSPR401_SEM1_2017', u'DSPR401', u'DIGITAL SIGNAL PROCESSING IV', u'BTECM1', u'BT: ENGINEERING: ELECTRICAL (COMM)', u'21', u'SEMESTER 1', u'D3', u'Durban Campus Part-time', u'A', u'40002167:MOORGAS', 13.0]
check 'DSPR401_SEM1_2018' 'DSPR401'
processXLS: only for SEM2 [u'DSPR401_SEM1_2018', u'DSPR401_SEM1_2017', u'DSPR401', u'DIGITAL SIGNAL PROCESSING IV', u'BTECM1', u'BT: ENGINEERING: ELECTRICAL (COMM)', u'21', u'SEMESTER 1', u'D3', u'Durban Campus Part-time', u'A', u'40002167:MOORGAS', 13.0]
[u'DSPR401_SEM1_2018', u'DSPR401_SEM1_2017', u'DSPR401', u'DIGITAL SIGNAL PROCESSING IV', u'BTECS1', u'BT: ENGINEERING: ELECTRICAL (COMP SYS)', u'21', u'SEMESTER 1', u'D3', u'Durban Campus Part-time', u'A', u'40002167:MOORGAS', 11.0]
check 'DSPR401_SEM1_2018' 'DSPR401'
processXLS: only for SEM2 [u'DSPR401_SEM1_2018', u'DSPR401_SEM1_2017', u'DSPR401', u'DIGITAL SIGNAL PROCESSING IV', u'BTECS1', u'BT: ENGINEERING: ELECTRICAL (COMP SYS)', u'21', u'SEMESTER 1', u'D3', u'Durban Campus Part-time', u'A', u'40002167:MOORGAS', 11.0]
[u'DSPR401_SEM1_2018', u'DSPR401_SEM1_2017', u'DSPR401', u'DIGITAL SIGNAL PROCESSING IV', u'BTEIN1', u'BT: ENGINEERING: ELECTRICAL (INSTR)', u'21', u'SEMESTER 1', u'D3', u'Durban Campus Part-time', u'A', u'40002167:MOORGAS', 36.0]
check 'DSPR401_SEM1_2018' 'DSPR401'
processXLS: only for SEM2 [u'DSPR401_SEM1_2018', u'DSPR401_SEM1_2017', u'DSPR401', u'DIGITAL SIGNAL PROCESSING IV', u'BTEIN1', u'BT: ENGINEERING: ELECTRICAL (INSTR)', u'21', u'SEMESTER 1', u'D3', u'Durban Campus Part-time', u'A', u'40002167:MOORGAS', 36.0]
[u'', u'', u'', u'', u'', u'', u'', u'', u'', u'', u'', u'', u'']
check '' ''
[u'DSPR401_SEM2_2018', u'DSPR401_SEM2_2017', u'DSPR401', u'DIGITAL SIGNAL PROCESSING IV', u'BTECM1', u'BT: ENGINEERING: ELECTRICAL (COMM)', u'22', u'SEMESTER 2', u'D3', u'Durban Campus Part-time', u'A', u'40002167:MOORGAS', 23.0]
check 'DSPR401_SEM2_2018' 'DSPR401'
adding  DSPR401
requesting:  http://10.0.100.98:8000/bbinfo/matching_courses/DSPR401%25
r= <Response [200]>
matching classes= set([u'DSPR401_SEM1_2018', u'DSPR401_SEM2_2018', u'DSPR401_SEM2_2017', u'DSPR401_SEM1_2017', u'DSPR401_13_MOOK', u'DSPR401_ALL_2016'])
[u'DSPR401_SEM2_2018', u'DSPR401_SEM2_2017', u'DSPR401', u'DIGITAL SIGNAL PROCESSING IV', u'BTECS1', u'BT: ENGINEERING: ELECTRICAL (COMP SYS)', u'22', u'SEMESTER 2', u'D3', u'Durban Campus Part-time', u'A', u'40002167:MOORGAS', 5.0]
check 'DSPR401_SEM2_2018' 'DSPR401'
adding  DSPR401
requesting:  http://10.0.100.98:8000/bbinfo/matching_courses/DSPR401%25
r= <Response [200]>
matching classes= set([u'DSPR401_SEM1_2018', u'DSPR401_SEM2_2018', u'DSPR401_SEM2_2017', u'DSPR401_SEM1_2017', u'DSPR401_13_MOOK', u'DSPR401_ALL_2016'])
[u'DSPR401_SEM2_2018', u'DSPR401_SEM2_2017', u'DSPR401', u'DIGITAL SIGNAL PROCESSING IV', u'BTEIN1', u'BT: ENGINEERING: ELECTRICAL (INSTR)', u'22', u'SEMESTER 2', u'D3', u'Durban Campus Part-time', u'A', u'40002167:MOORGAS', 28.0]
check 'DSPR401_SEM2_2018' 'DSPR401'
adding  DSPR401
requesting:  http://10.0.100.98:8000/bbinfo/matching_courses/DSPR401%25
r= <Response [200]>
matching classes= set([u'DSPR401_SEM1_2018', u'DSPR401_SEM2_2018', u'DSPR401_SEM2_2017', u'DSPR401_SEM1_2017', u'DSPR401_13_MOOK', u'DSPR401_ALL_2016'])
[u'DSPR401_SEM2_2018', u'DSPR401_SEM2_2017', u'DSPR401', u'DIGITAL SIGNAL PROCESSING IV', u'NODIP4', u'NON-DIPLOMA PURPOSE (ENG & BE)', u'22', u'SEMESTER 2', u'D7', u'DBN FULL-TIME NON-SUBSIDISED', u'A', u'40002167:MOORGAS', 1.0]
check 'DSPR401_SEM2_2018' 'DSPR401'
adding  DSPR401
requesting:  http://10.0.100.98:8000/bbinfo/matching_courses/DSPR401%25
r= <Response [200]>
matching classes= set([u'DSPR401_SEM1_2018', u'DSPR401_SEM2_2018', u'DSPR401_SEM2_2017', u'DSPR401_SEM1_2017', u'DSPR401_13_MOOK', u'DSPR401_ALL_2016'])
[u'', u'', u'', u'', u'', u'', u'', u'', u'', u'', u'', u'', u'']
check '' ''
[u'ECMS401_SEM1_2018', u'ECMS401_SEM1_2017', u'ECMS401', u'ELECTRONIC COMMUNICATION SYSTEMS IV', u'BTECM1', u'BT: ENGINEERING: ELECTRICAL (COMM)', u'21', u'SEMESTER 1', u'D3', u'Durban Campus Part-time', u'A', u'40010929:SOKOYA', 35.0]
check 'ECMS401_SEM1_2018' 'ECMS401'
processXLS: only for SEM2 [u'ECMS401_SEM1_2018', u'ECMS401_SEM1_2017', u'ECMS401', u'ELECTRONIC COMMUNICATION SYSTEMS IV', u'BTECM1', u'BT: ENGINEERING: ELECTRICAL (COMM)', u'21', u'SEMESTER 1', u'D3', u'Durban Campus Part-time', u'A', u'40010929:SOKOYA', 35.0]
[u'', u'', u'', u'', u'', u'', u'', u'', u'', u'', u'', u'', u'']
check '' ''
[u'ECOM402_SEM2_2018', u'ECOM402_SEM2_2017', u'ECOM402', u'ELECTRONIC COMMUNICATION IV', u'BTECM1', u'BT: ENGINEERING: ELECTRICAL (COMM)', u'22', u'SEMESTER 2', u'D3', u'Durban Campus Part-time', u'A', u'40010929:SOKOYA', 28.0]
check 'ECOM402_SEM2_2018' 'ECOM402'
adding  ECOM402
requesting:  http://10.0.100.98:8000/bbinfo/matching_courses/ECOM402%25
r= <Response [200]>
matching classes= set([u'ECOM402_SEM2_2017', u'ECOM402_SEM2_2016', u'ECOM402_SEM2_2018', u'ECOM402_13_CALD'])
[u'', u'', u'', u'', u'', u'', u'', u'', u'', u'', u'', u'', u'']
check '' ''
[u'EMGT402_SEM1_2018', u'EMGT402_SEM1_2017', u'EMGT402', u'ENGINEERING MANAGEMENT IV', u'BTECM1', u'BT: ENGINEERING: ELECTRICAL (COMM)', u'21', u'SEMESTER 1', u'D3', u'Durban Campus Part-time', u'A', u'40010929:SOKOYA', 24.0]
check 'EMGT402_SEM1_2018' 'EMGT402'
processXLS: only for SEM2 [u'EMGT402_SEM1_2018', u'EMGT402_SEM1_2017', u'EMGT402', u'ENGINEERING MANAGEMENT IV', u'BTECM1', u'BT: ENGINEERING: ELECTRICAL (COMM)', u'21', u'SEMESTER 1', u'D3', u'Durban Campus Part-time', u'A', u'40010929:SOKOYA', 24.0]
[u'EMGT402_SEM1_2018', u'EMGT402_SEM1_2017', u'EMGT402', u'ENGINEERING MANAGEMENT IV', u'BTECS1', u'BT: ENGINEERING: ELECTRICAL (COMP SYS)', u'21', u'SEMESTER 1', u'D3', u'Durban Campus Part-time', u'A', u'40010929:SOKOYA', 8.0]
check 'EMGT402_SEM1_2018' 'EMGT402'
processXLS: only for SEM2 [u'EMGT402_SEM1_2018', u'EMGT402_SEM1_2017', u'EMGT402', u'ENGINEERING MANAGEMENT IV', u'BTECS1', u'BT: ENGINEERING: ELECTRICAL (COMP SYS)', u'21', u'SEMESTER 1', u'D3', u'Durban Campus Part-time', u'A', u'40010929:SOKOYA', 8.0]
[u'EMGT402_SEM1_2018', u'EMGT402_SEM1_2017', u'EMGT402', u'ENGINEERING MANAGEMENT IV', u'BTEIN1', u'BT: ENGINEERING: ELECTRICAL (INSTR)', u'21', u'SEMESTER 1', u'D3', u'Durban Campus Part-time', u'A', u'40010929:SOKOYA', 47.0]
check 'EMGT402_SEM1_2018' 'EMGT402'
processXLS: only for SEM2 [u'EMGT402_SEM1_2018', u'EMGT402_SEM1_2017', u'EMGT402', u'ENGINEERING MANAGEMENT IV', u'BTEIN1', u'BT: ENGINEERING: ELECTRICAL (INSTR)', u'21', u'SEMESTER 1', u'D3', u'Durban Campus Part-time', u'A', u'40010929:SOKOYA', 47.0]
[u'EMGT402_SEM1_2018', u'EMGT402_SEM1_2017', u'EMGT402', u'ENGINEERING MANAGEMENT IV', u'BTEPE1', u'BT: ENGINEERING: ELECTRICAL (H/C)', u'21', u'SEMESTER 1', u'D3', u'Durban Campus Part-time', u'A', u'40010929:SOKOYA', 33.0]
check 'EMGT402_SEM1_2018' 'EMGT402'
processXLS: only for SEM2 [u'EMGT402_SEM1_2018', u'EMGT402_SEM1_2017', u'EMGT402', u'ENGINEERING MANAGEMENT IV', u'BTEPE1', u'BT: ENGINEERING: ELECTRICAL (H/C)', u'21', u'SEMESTER 1', u'D3', u'Durban Campus Part-time', u'A', u'40010929:SOKOYA', 33.0]
[u'', u'', u'', u'', u'', u'', u'', u'', u'', u'', u'', u'', u'']
check '' ''
[u'EMGT402_SEM2_2018', u'EMGT402_SEM2_2017', u'EMGT402', u'ENGINEERING MANAGEMENT IV', u'BTECM1', u'BT: ENGINEERING: ELECTRICAL (COMM)', u'22', u'SEMESTER 2', u'D3', u'Durban Campus Part-time', u'A', u'40010929:SOKOYA', 23.0]
check 'EMGT402_SEM2_2018' 'EMGT402'
adding  EMGT402
requesting:  http://10.0.100.98:8000/bbinfo/matching_courses/EMGT402%25
r= <Response [200]>
matching classes= set([u'EMGT402_SEM1_2017', u'EMGT402_SEM2_2017', u'EMGT402_13_GOVL', u'EMGT402_SEM2_2018', u'EMGT402_SEM1_2018', u'EMGT402_ALL_2016'])
[u'EMGT402_SEM2_2018', u'EMGT402_SEM2_2017', u'EMGT402', u'ENGINEERING MANAGEMENT IV', u'BTECS1', u'BT: ENGINEERING: ELECTRICAL (COMP SYS)', u'22', u'SEMESTER 2', u'D3', u'Durban Campus Part-time', u'A', u'40010929:SOKOYA', 2.0]
check 'EMGT402_SEM2_2018' 'EMGT402'
adding  EMGT402
requesting:  http://10.0.100.98:8000/bbinfo/matching_courses/EMGT402%25
r= <Response [200]>
matching classes= set([u'EMGT402_SEM1_2017', u'EMGT402_SEM2_2017', u'EMGT402_13_GOVL', u'EMGT402_SEM2_2018', u'EMGT402_SEM1_2018', u'EMGT402_ALL_2016'])
[u'EMGT402_SEM2_2018', u'EMGT402_SEM2_2017', u'EMGT402', u'ENGINEERING MANAGEMENT IV', u'BTEIN1', u'BT: ENGINEERING: ELECTRICAL (INSTR)', u'22', u'SEMESTER 2', u'D3', u'Durban Campus Part-time', u'A', u'40010929:SOKOYA', 21.0]
check 'EMGT402_SEM2_2018' 'EMGT402'
adding  EMGT402
requesting:  http://10.0.100.98:8000/bbinfo/matching_courses/EMGT402%25
r= <Response [200]>
matching classes= set([u'EMGT402_SEM1_2017', u'EMGT402_SEM2_2017', u'EMGT402_13_GOVL', u'EMGT402_SEM2_2018', u'EMGT402_SEM1_2018', u'EMGT402_ALL_2016'])
[u'EMGT402_SEM2_2018', u'EMGT402_SEM2_2017', u'EMGT402', u'ENGINEERING MANAGEMENT IV', u'BTEPE1', u'BT: ENGINEERING: ELECTRICAL (H/C)', u'22', u'SEMESTER 2', u'D3', u'Durban Campus Part-time', u'A', u'40010929:SOKOYA', 40.0]
check 'EMGT402_SEM2_2018' 'EMGT402'
adding  EMGT402
requesting:  http://10.0.100.98:8000/bbinfo/matching_courses/EMGT402%25
r= <Response [200]>
matching classes= set([u'EMGT402_SEM1_2017', u'EMGT402_SEM2_2017', u'EMGT402_13_GOVL', u'EMGT402_SEM2_2018', u'EMGT402_SEM1_2018', u'EMGT402_ALL_2016'])
[u'', u'', u'', u'', u'', u'', u'', u'', u'', u'', u'', u'', u'']
check '' ''
[u'ETRS401_SEM2_2018', u'ETRS401_SEM2_2017', u'ETRS401', u'ELECTRONICS IV', u'BTEIN1', u'BT: ENGINEERING: ELECTRICAL (INSTR)', u'22', u'SEMESTER 2', u'D1', u'Durban Campus Full-time', u'A', u'40002167:Moorgas', 1.0]
check 'ETRS401_SEM2_2018' 'ETRS401'
adding  ETRS401
requesting:  http://10.0.100.98:8000/bbinfo/matching_courses/ETRS401%25
r= <Response [200]>
matching classes= set([u'ETRS401_SEM2_2017', u'ETRS401_SEM2_2018'])
[u'', u'', u'', u'', u'', u'', u'', u'', u'', u'', u'', u'', u'']
check '' ''
[u'IPRJ401_SEM1_2018', u'IPRJ401_SEM1_2017', u'IPRJ401', u'INDUSTRIAL PROJECT IV', u'BTECM1', u'BT: ENGINEERING: ELECTRICAL (COMM)', u'21', u'SEMESTER 1', u'D3', u'Durban Campus Part-time', u'A', u'40000578:GOVENDER', 9.0]
check 'IPRJ401_SEM1_2018' 'IPRJ401'
processXLS: only for SEM2 [u'IPRJ401_SEM1_2018', u'IPRJ401_SEM1_2017', u'IPRJ401', u'INDUSTRIAL PROJECT IV', u'BTECM1', u'BT: ENGINEERING: ELECTRICAL (COMM)', u'21', u'SEMESTER 1', u'D3', u'Durban Campus Part-time', u'A', u'40000578:GOVENDER', 9.0]
[u'IPRJ401_SEM1_2018', u'IPRJ401_SEM1_2017', u'IPRJ401', u'INDUSTRIAL PROJECT IV', u'BTECS1', u'BT: ENGINEERING: ELECTRICAL (COMP SYS)', u'21', u'SEMESTER 1', u'D3', u'Durban Campus Part-time', u'A', u'40000578:GOVENDER', 8.0]
check 'IPRJ401_SEM1_2018' 'IPRJ401'
processXLS: only for SEM2 [u'IPRJ401_SEM1_2018', u'IPRJ401_SEM1_2017', u'IPRJ401', u'INDUSTRIAL PROJECT IV', u'BTECS1', u'BT: ENGINEERING: ELECTRICAL (COMP SYS)', u'21', u'SEMESTER 1', u'D3', u'Durban Campus Part-time', u'A', u'40000578:GOVENDER', 8.0]
[u'IPRJ401_SEM1_2018', u'IPRJ401_SEM1_2017', u'IPRJ401', u'INDUSTRIAL PROJECT IV', u'BTEIN1', u'BT: ENGINEERING: ELECTRICAL (INSTR)', u'21', u'SEMESTER 1', u'D3', u'Durban Campus Part-time', u'A', u'40000578:GOVENDER', 18.0]
check 'IPRJ401_SEM1_2018' 'IPRJ401'
processXLS: only for SEM2 [u'IPRJ401_SEM1_2018', u'IPRJ401_SEM1_2017', u'IPRJ401', u'INDUSTRIAL PROJECT IV', u'BTEIN1', u'BT: ENGINEERING: ELECTRICAL (INSTR)', u'21', u'SEMESTER 1', u'D3', u'Durban Campus Part-time', u'A', u'40000578:GOVENDER', 18.0]
[u'', u'', u'', u'', u'', u'', u'', u'', u'', u'', u'', u'', u'']
check '' ''
[u'IPRJ401_SEM2_2018', u'IPRJ401_SEM2_2017', u'IPRJ401', u'INDUSTRIAL PROJECT IV', u'BTECM1', u'BT: ENGINEERING: ELECTRICAL (COMM)', u'22', u'SEMESTER 2', u'D3', u'Durban Campus Part-time', u'A', u'40000578:GOVENDER', 18.0]
check 'IPRJ401_SEM2_2018' 'IPRJ401'
adding  IPRJ401
requesting:  http://10.0.100.98:8000/bbinfo/matching_courses/IPRJ401%25
r= <Response [200]>
matching classes= set([u'IPRJ401_SEM1_2018', u'IPRJ401_SEM2_2017', u'IPRJ401_ALL_2016', u'IPRJ401_13_REIC', u'IPRJ401_SEM2_2018', u'IPRJ401_SEM1_2017'])
[u'IPRJ401_SEM2_2018', u'IPRJ401_SEM2_2017', u'IPRJ401', u'INDUSTRIAL PROJECT IV', u'BTECS1', u'BT: ENGINEERING: ELECTRICAL (COMP SYS)', u'22', u'SEMESTER 2', u'D3', u'Durban Campus Part-time', u'A', u'40000578:GOVENDER', 3.0]
check 'IPRJ401_SEM2_2018' 'IPRJ401'
adding  IPRJ401
requesting:  http://10.0.100.98:8000/bbinfo/matching_courses/IPRJ401%25
r= <Response [200]>
matching classes= set([u'IPRJ401_SEM1_2018', u'IPRJ401_SEM2_2017', u'IPRJ401_ALL_2016', u'IPRJ401_13_REIC', u'IPRJ401_SEM2_2018', u'IPRJ401_SEM1_2017'])
[u'IPRJ401_SEM2_2018', u'IPRJ401_SEM2_2017', u'IPRJ401', u'INDUSTRIAL PROJECT IV', u'BTEIN1', u'BT: ENGINEERING: ELECTRICAL (INSTR)', u'22', u'SEMESTER 2', u'D3', u'Durban Campus Part-time', u'A', u'40000578:GOVENDER', 20.0]
check 'IPRJ401_SEM2_2018' 'IPRJ401'
adding  IPRJ401
requesting:  http://10.0.100.98:8000/bbinfo/matching_courses/IPRJ401%25
r= <Response [200]>
matching classes= set([u'IPRJ401_SEM1_2018', u'IPRJ401_SEM2_2017', u'IPRJ401_ALL_2016', u'IPRJ401_13_REIC', u'IPRJ401_SEM2_2018', u'IPRJ401_SEM1_2017'])
[u'IPRJ401_SEM2_2018', u'IPRJ401_SEM2_2017', u'IPRJ401', u'INDUSTRIAL PROJECT IV', u'BTELC1', u'BT: ENGINEERING: ELECTRICAL (L/C)', u'22', u'SEMESTER 2', u'D3', u'Durban Campus Part-time', u'A', u'40000578:GOVENDER', 1.0]
check 'IPRJ401_SEM2_2018' 'IPRJ401'
adding  IPRJ401
requesting:  http://10.0.100.98:8000/bbinfo/matching_courses/IPRJ401%25
r= <Response [200]>
matching classes= set([u'IPRJ401_SEM1_2018', u'IPRJ401_SEM2_2017', u'IPRJ401_ALL_2016', u'IPRJ401_13_REIC', u'IPRJ401_SEM2_2018', u'IPRJ401_SEM1_2017'])
[u'', u'', u'', u'', u'', u'', u'', u'', u'', u'', u'', u'', u'']
check '' ''
[u'IPRJ411_SEM1_2018', u'IPRJ411_SEM1_2017', u'IPRJ411', u'INDUSTRIAL PROJECT IV (2ND REGISTRATION)', u'BTECM1', u'BT: ENGINEERING: ELECTRICAL (COMM)', u'21', u'SEMESTER 1', u'D3', u'Durban Campus Part-time', u'A', u'40003851:SINGH', 7.0]
check 'IPRJ411_SEM1_2018' 'IPRJ411'
processXLS: only for SEM2 [u'IPRJ411_SEM1_2018', u'IPRJ411_SEM1_2017', u'IPRJ411', u'INDUSTRIAL PROJECT IV (2ND REGISTRATION)', u'BTECM1', u'BT: ENGINEERING: ELECTRICAL (COMM)', u'21', u'SEMESTER 1', u'D3', u'Durban Campus Part-time', u'A', u'40003851:SINGH', 7.0]
[u'IPRJ411_SEM1_2018', u'IPRJ411_SEM1_2017', u'IPRJ411', u'INDUSTRIAL PROJECT IV (2ND REGISTRATION)', u'BTECS1', u'BT: ENGINEERING: ELECTRICAL (COMP SYS)', u'21', u'SEMESTER 1', u'D3', u'Durban Campus Part-time', u'A', u'40003851:SINGH', 1.0]
check 'IPRJ411_SEM1_2018' 'IPRJ411'
processXLS: only for SEM2 [u'IPRJ411_SEM1_2018', u'IPRJ411_SEM1_2017', u'IPRJ411', u'INDUSTRIAL PROJECT IV (2ND REGISTRATION)', u'BTECS1', u'BT: ENGINEERING: ELECTRICAL (COMP SYS)', u'21', u'SEMESTER 1', u'D3', u'Durban Campus Part-time', u'A', u'40003851:SINGH', 1.0]
[u'IPRJ411_SEM1_2018', u'IPRJ411_SEM1_2017', u'IPRJ411', u'INDUSTRIAL PROJECT IV (2ND REGISTRATION)', u'BTEIN1', u'BT: ENGINEERING: ELECTRICAL (INSTR)', u'21', u'SEMESTER 1', u'D3', u'Durban Campus Part-time', u'A', u'40003851:SINGH', 10.0]
check 'IPRJ411_SEM1_2018' 'IPRJ411'
processXLS: only for SEM2 [u'IPRJ411_SEM1_2018', u'IPRJ411_SEM1_2017', u'IPRJ411', u'INDUSTRIAL PROJECT IV (2ND REGISTRATION)', u'BTEIN1', u'BT: ENGINEERING: ELECTRICAL (INSTR)', u'21', u'SEMESTER 1', u'D3', u'Durban Campus Part-time', u'A', u'40003851:SINGH', 10.0]
[u'', u'', u'', u'', u'', u'', u'', u'', u'', u'', u'', u'', u'']
check '' ''
[u'IPRJ411_SEM2_2018', u'IPRJ411_SEM2_2017', u'IPRJ411', u'INDUSTRIAL PROJECT IV (2ND REGISTRATION)', u'BTECM1', u'BT: ENGINEERING: ELECTRICAL (COMM)', u'22', u'SEMESTER 2', u'D3', u'Durban Campus Part-time', u'A', u'40003851:SINGH', 5.0]
check 'IPRJ411_SEM2_2018' 'IPRJ411'
adding  IPRJ411
requesting:  http://10.0.100.98:8000/bbinfo/matching_courses/IPRJ411%25
r= <Response [200]>
matching classes= set([u'IPRJ411_ALL_2016', u'IPRJ411_SEM2_2018', u'IPRJ411_SEM1_2018', u'IPRJ411_SEM1_2017', u'IPRJ411_SEM2_2017', u'IPRJ411_13_REIC'])
[u'IPRJ411_SEM2_2018', u'IPRJ411_SEM2_2017', u'IPRJ411', u'INDUSTRIAL PROJECT IV (2ND REGISTRATION)', u'BTEIN1', u'BT: ENGINEERING: ELECTRICAL (INSTR)', u'22', u'SEMESTER 2', u'D3', u'Durban Campus Part-time', u'A', u'40003851:SINGH', 8.0]
check 'IPRJ411_SEM2_2018' 'IPRJ411'
adding  IPRJ411
requesting:  http://10.0.100.98:8000/bbinfo/matching_courses/IPRJ411%25
r= <Response [200]>
matching classes= set([u'IPRJ411_ALL_2016', u'IPRJ411_SEM2_2018', u'IPRJ411_SEM1_2018', u'IPRJ411_SEM1_2017', u'IPRJ411_SEM2_2017', u'IPRJ411_13_REIC'])
[u'', u'', u'', u'', u'', u'', u'', u'', u'', u'', u'', u'', u'']
check '' ''
[u'IPRJ421_SEM1_2018', u'IPRJ421_SEM1_2017', u'IPRJ421', u'INDUSTRIAL PROJECT IV (3RD REGISTRATION)', u'BTECM1', u'BT: ENGINEERING: ELECTRICAL (COMM)', u'21', u'SEMESTER 1', u'D3', u'Durban Campus Part-time', u'A', u'40010929:SOKOYA', 2.0]
check 'IPRJ421_SEM1_2018' 'IPRJ421'
processXLS: only for SEM2 [u'IPRJ421_SEM1_2018', u'IPRJ421_SEM1_2017', u'IPRJ421', u'INDUSTRIAL PROJECT IV (3RD REGISTRATION)', u'BTECM1', u'BT: ENGINEERING: ELECTRICAL (COMM)', u'21', u'SEMESTER 1', u'D3', u'Durban Campus Part-time', u'A', u'40010929:SOKOYA', 2.0]
[u'IPRJ421_SEM1_2018', u'IPRJ421_SEM1_2017', u'IPRJ421', u'INDUSTRIAL PROJECT IV (3RD REGISTRATION)', u'BTEIN1', u'BT: ENGINEERING: ELECTRICAL (INSTR)', u'21', u'SEMESTER 1', u'D3', u'Durban Campus Part-time', u'A', u'40010929:SOKOYA', 2.0]
check 'IPRJ421_SEM1_2018' 'IPRJ421'
processXLS: only for SEM2 [u'IPRJ421_SEM1_2018', u'IPRJ421_SEM1_2017', u'IPRJ421', u'INDUSTRIAL PROJECT IV (3RD REGISTRATION)', u'BTEIN1', u'BT: ENGINEERING: ELECTRICAL (INSTR)', u'21', u'SEMESTER 1', u'D3', u'Durban Campus Part-time', u'A', u'40010929:SOKOYA', 2.0]
[u'', u'', u'', u'', u'', u'', u'', u'', u'', u'', u'', u'', u'']
check '' ''
[u'IPRJ421_SEM2_2018', u'IPRJ421_SEM2_2017', u'IPRJ421', u'INDUSTRIAL PROJECT IV (3RD REGISTRATION)', u'BTECM1', u'BT: ENGINEERING: ELECTRICAL (COMM)', u'22', u'SEMESTER 2', u'D3', u'Durban Campus Part-time', u'A', u'40010929:SOKOYA', 4.0]
check 'IPRJ421_SEM2_2018' 'IPRJ421'
adding  IPRJ421
requesting:  http://10.0.100.98:8000/bbinfo/matching_courses/IPRJ421%25
r= <Response [200]>
matching classes= set([u'IPRJ421_13_REIC', u'IPRJ421_SEM1_2018', u'IPRJ421_SEM2_2018', u'IPRJ421_SEM2_2017', u'IPRJ421_SEM1_2017', u'IPRJ421_ALL_2016'])
[u'IPRJ421_SEM2_2018', u'IPRJ421_SEM2_2017', u'IPRJ421', u'INDUSTRIAL PROJECT IV (3RD REGISTRATION)', u'BTEIN1', u'BT: ENGINEERING: ELECTRICAL (INSTR)', u'22', u'SEMESTER 2', u'D3', u'Durban Campus Part-time', u'A', u'40010929:SOKOYA', 3.0]
check 'IPRJ421_SEM2_2018' 'IPRJ421'
adding  IPRJ421
requesting:  http://10.0.100.98:8000/bbinfo/matching_courses/IPRJ421%25
r= <Response [200]>
matching classes= set([u'IPRJ421_13_REIC', u'IPRJ421_SEM1_2018', u'IPRJ421_SEM2_2018', u'IPRJ421_SEM2_2017', u'IPRJ421_SEM1_2017', u'IPRJ421_ALL_2016'])
[u'', u'', u'', u'', u'', u'', u'', u'', u'', u'', u'', u'', u'']
check '' ''
[u'MCSY401_SEM1_2018', u'MCSY401_SEM1_2017', u'MCSY401', u'MICROCONTROLLER SYSTEMS IV', u'BTECM1', u'BT: ENGINEERING: ELECTRICAL (COMM)', u'21', u'SEMESTER 1', u'D3', u'Durban Campus Part-time', u'A', u'40003296:SEWSUNKER', 27.0]
check 'MCSY401_SEM1_2018' 'MCSY401'
processXLS: only for SEM2 [u'MCSY401_SEM1_2018', u'MCSY401_SEM1_2017', u'MCSY401', u'MICROCONTROLLER SYSTEMS IV', u'BTECM1', u'BT: ENGINEERING: ELECTRICAL (COMM)', u'21', u'SEMESTER 1', u'D3', u'Durban Campus Part-time', u'A', u'40003296:SEWSUNKER', 27.0]
[u'MCSY401_SEM1_2018', u'MCSY401_SEM1_2017', u'MCSY401', u'MICROCONTROLLER SYSTEMS IV', u'BTECS1', u'BT: ENGINEERING: ELECTRICAL (COMP SYS)', u'21', u'SEMESTER 1', u'D3', u'Durban Campus Part-time', u'A', u'40003296:SEWSUNKER', 7.0]
check 'MCSY401_SEM1_2018' 'MCSY401'
processXLS: only for SEM2 [u'MCSY401_SEM1_2018', u'MCSY401_SEM1_2017', u'MCSY401', u'MICROCONTROLLER SYSTEMS IV', u'BTECS1', u'BT: ENGINEERING: ELECTRICAL (COMP SYS)', u'21', u'SEMESTER 1', u'D3', u'Durban Campus Part-time', u'A', u'40003296:SEWSUNKER', 7.0]
[u'MCSY401_SEM1_2018', u'MCSY401_SEM1_2017', u'MCSY401', u'MICROCONTROLLER SYSTEMS IV', u'BTEIN1', u'BT: ENGINEERING: ELECTRICAL (INSTR)', u'21', u'SEMESTER 1', u'D3', u'Durban Campus Part-time', u'A', u'40003296:SEWSUNKER', 46.0]
check 'MCSY401_SEM1_2018' 'MCSY401'
processXLS: only for SEM2 [u'MCSY401_SEM1_2018', u'MCSY401_SEM1_2017', u'MCSY401', u'MICROCONTROLLER SYSTEMS IV', u'BTEIN1', u'BT: ENGINEERING: ELECTRICAL (INSTR)', u'21', u'SEMESTER 1', u'D3', u'Durban Campus Part-time', u'A', u'40003296:SEWSUNKER', 46.0]
[u'', u'', u'', u'', u'', u'', u'', u'', u'', u'', u'', u'', u'']
check '' ''
[u'MCSY401_SEM2_2018', u'MCSY401_SEM2_2017', u'MCSY401', u'MICROCONTROLLER SYSTEMS IV', u'BTECM1', u'BT: ENGINEERING: ELECTRICAL (COMM)', u'22', u'SEMESTER 2', u'D3', u'Durban Campus Part-time', u'A', u'40003296:SEWSUNKER', 24.0]
check 'MCSY401_SEM2_2018' 'MCSY401'
adding  MCSY401
requesting:  http://10.0.100.98:8000/bbinfo/matching_courses/MCSY401%25
r= <Response [200]>
matching classes= set([u'MCSY401_SEM2_2017', u'MCSY401_SEM2_2018', u'MCSY401_SEM1_2018', u'MCSY401_13_MOOK', u'MCSY401_ALL_2016', u'MCSY401_15', u'MCSY401_SEM1_2017'])
[u'MCSY401_SEM2_2018', u'MCSY401_SEM2_2017', u'MCSY401', u'MICROCONTROLLER SYSTEMS IV', u'BTECS1', u'BT: ENGINEERING: ELECTRICAL (COMP SYS)', u'22', u'SEMESTER 2', u'D3', u'Durban Campus Part-time', u'A', u'40003296:SEWSUNKER', 3.0]
check 'MCSY401_SEM2_2018' 'MCSY401'
adding  MCSY401
requesting:  http://10.0.100.98:8000/bbinfo/matching_courses/MCSY401%25
r= <Response [200]>
matching classes= set([u'MCSY401_SEM2_2017', u'MCSY401_SEM2_2018', u'MCSY401_SEM1_2018', u'MCSY401_13_MOOK', u'MCSY401_ALL_2016', u'MCSY401_15', u'MCSY401_SEM1_2017'])
[u'MCSY401_SEM2_2018', u'MCSY401_SEM2_2017', u'MCSY401', u'MICROCONTROLLER SYSTEMS IV', u'BTEIN1', u'BT: ENGINEERING: ELECTRICAL (INSTR)', u'22', u'SEMESTER 2', u'D3', u'Durban Campus Part-time', u'A', u'40003296:SEWSUNKER', 19.0]
check 'MCSY401_SEM2_2018' 'MCSY401'
adding  MCSY401
requesting:  http://10.0.100.98:8000/bbinfo/matching_courses/MCSY401%25
r= <Response [200]>
matching classes= set([u'MCSY401_SEM2_2017', u'MCSY401_SEM2_2018', u'MCSY401_SEM1_2018', u'MCSY401_13_MOOK', u'MCSY401_ALL_2016', u'MCSY401_15', u'MCSY401_SEM1_2017'])
[u'', u'', u'', u'', u'', u'', u'', u'', u'', u'', u'', u'', u'']
check '' ''
[u'MCWE401_SEM1_2018', u'MCWE401_SEM1_2017', u'MCWE401', u'MICROWAVE ENGINEERING IV', u'BTECM1', u'BT: ENGINEERING: ELECTRICAL (COMM)', u'21', u'SEMESTER 1', u'D3', u'Durban Campus Part-time', u'A', u'50000881:MACPHERSON', 22.0]
check 'MCWE401_SEM1_2018' 'MCWE401'
processXLS: only for SEM2 [u'MCWE401_SEM1_2018', u'MCWE401_SEM1_2017', u'MCWE401', u'MICROWAVE ENGINEERING IV', u'BTECM1', u'BT: ENGINEERING: ELECTRICAL (COMM)', u'21', u'SEMESTER 1', u'D3', u'Durban Campus Part-time', u'A', u'50000881:MACPHERSON', 22.0]
[u'', u'', u'', u'', u'', u'', u'', u'', u'', u'', u'', u'', u'']
check '' ''
[u'PRCT401_SEM1_2018', u'PRCT401_SEM1_2017', u'PRCT401', u'PROCESS CONTROL IV', u'BTEIN1', u'BT: ENGINEERING: ELECTRICAL (INSTR)', u'21', u'SEMESTER 1', u'D3', u'Durban Campus Part-time', u'A', u'50000835:REINECKE', 58.0]
check 'PRCT401_SEM1_2018' 'PRCT401'
processXLS: only for SEM2 [u'PRCT401_SEM1_2018', u'PRCT401_SEM1_2017', u'PRCT401', u'PROCESS CONTROL IV', u'BTEIN1', u'BT: ENGINEERING: ELECTRICAL (INSTR)', u'21', u'SEMESTER 1', u'D3', u'Durban Campus Part-time', u'A', u'50000835:REINECKE', 58.0]
[u'', u'', u'', u'', u'', u'', u'', u'', u'', u'', u'', u'', u'']
check '' ''
[u'PRSI401_SEM2_2018', u'PRSI401_SEM2_2017', u'PRSI401', u'PROCESS INSTRUMENTATION IV', u'BTEIN1', u'BT: ENGINEERING: ELECTRICAL (INSTR)', u'22', u'SEMESTER 2', u'D3', u'Durban Campus Part-time', u'A', u'50000835:REINECKE', 53.0]
check 'PRSI401_SEM2_2018' 'PRSI401'
adding  PRSI401
requesting:  http://10.0.100.98:8000/bbinfo/matching_courses/PRSI401%25
r= <Response [200]>
matching classes= set([u'PRSI401_13_REIC', u'PRSI401_SEM2_2018', u'PRSI401_SEM2_2016', u'PRSI401_SEM2_2017'])
[u'', u'', u'', u'', u'', u'', u'', u'', u'', u'', u'', u'', u'']
check '' ''
[u'RPEE511_YEAR_2018', u'RPEE511_YEAR_2017', u'RPEE511', u'RESEARCH PROJECT AND DISSERTATION (1ST REG)', u'MNELC1', u'MASTER OF ENGINEERING (ELECTRONIC)', u'P0', u'POST-GRAD ANNUAL REGISTRATIONS', u'D1', u'Durban Campus Full-time', u'A', u'40002167:Moorgas', 1.0]
check 'RPEE511_YEAR_2018' 'RPEE511'
processXLS: only for SEM2 [u'RPEE511_YEAR_2018', u'RPEE511_YEAR_2017', u'RPEE511', u'RESEARCH PROJECT AND DISSERTATION (1ST REG)', u'MNELC1', u'MASTER OF ENGINEERING (ELECTRONIC)', u'P0', u'POST-GRAD ANNUAL REGISTRATIONS', u'D1', u'Durban Campus Full-time', u'A', u'40002167:Moorgas', 1.0]
[u'', u'', u'', u'', u'', u'', u'', u'', u'', u'', u'', u'', u'']
check '' ''
[u'RPEE521_YEAR_2018', u'RPEE521_YEAR_2017', u'RPEE521', u'RESEARCH PROJECT AND DISSERTATION (2ND REG)', u'MNELC1', u'MASTER OF ENGINEERING (ELECTRONIC)', u'P0', u'POST-GRAD ANNUAL REGISTRATIONS', u'D1', u'Durban Campus Full-time', u'A', u'40002167:Moorgas', 2.0]
check 'RPEE521_YEAR_2018' 'RPEE521'
processXLS: only for SEM2 [u'RPEE521_YEAR_2018', u'RPEE521_YEAR_2017', u'RPEE521', u'RESEARCH PROJECT AND DISSERTATION (2ND REG)', u'MNELC1', u'MASTER OF ENGINEERING (ELECTRONIC)', u'P0', u'POST-GRAD ANNUAL REGISTRATIONS', u'D1', u'Durban Campus Full-time', u'A', u'40002167:Moorgas', 2.0]
[u'', u'', u'', u'', u'', u'', u'', u'', u'', u'', u'', u'', u'']
check '' ''
[u'RPEE531_YEAR_2018', u'RPEE531_YEAR_2017', u'RPEE531', u'RESEARCH PROJECT AND DISSERTATION (3RD REG)', u'MNELC1', u'MASTER OF ENGINEERING (ELECTRONIC)', u'P0', u'POST-GRAD ANNUAL REGISTRATIONS', u'D1', u'Durban Campus Full-time', u'A', u'40002167:Moorgas', 6.0]
check 'RPEE531_YEAR_2018' 'RPEE531'
processXLS: only for SEM2 [u'RPEE531_YEAR_2018', u'RPEE531_YEAR_2017', u'RPEE531', u'RESEARCH PROJECT AND DISSERTATION (3RD REG)', u'MNELC1', u'MASTER OF ENGINEERING (ELECTRONIC)', u'P0', u'POST-GRAD ANNUAL REGISTRATIONS', u'D1', u'Durban Campus Full-time', u'A', u'40002167:Moorgas', 6.0]
[u'', u'', u'', u'', u'', u'', u'', u'', u'', u'', u'', u'', u'']
check '' ''
[u'RPET512_YEAR_2018', u'RPET512_YEAR_2017', u'RPET512', u'RESEARCH PROJECT AND DISSERTATION (1ST REGIST', u'MNELC1', u'MASTER OF ENGINEERING (ELECTRONIC)', u'P0', u'POST-GRAD ANNUAL REGISTRATIONS', u'D1', u'Durban Campus Full-time', u'A', u'40000578:GOVENDER', 2.0]
check 'RPET512_YEAR_2018' 'RPET512'
processXLS: only for SEM2 [u'RPET512_YEAR_2018', u'RPET512_YEAR_2017', u'RPET512', u'RESEARCH PROJECT AND DISSERTATION (1ST REGIST', u'MNELC1', u'MASTER OF ENGINEERING (ELECTRONIC)', u'P0', u'POST-GRAD ANNUAL REGISTRATIONS', u'D1', u'Durban Campus Full-time', u'A', u'40000578:GOVENDER', 2.0]
[u'', u'', u'', u'', u'', u'', u'', u'', u'', u'', u'', u'', u'']
check '' ''
[u'RPET522_YEAR_2018', u'RPET522_YEAR_2017', u'RPET522', u'RESEARCH PROJECT AND DISSERTATION (SUCCESSIVE', u'MNELC1', u'MASTER OF ENGINEERING (ELECTRONIC)', u'P0', u'POST-GRAD ANNUAL REGISTRATIONS', u'D1', u'Durban Campus Full-time', u'A', u'40000578:GOVENDER', 3.0]
check 'RPET522_YEAR_2018' 'RPET522'
processXLS: only for SEM2 [u'RPET522_YEAR_2018', u'RPET522_YEAR_2017', u'RPET522', u'RESEARCH PROJECT AND DISSERTATION (SUCCESSIVE', u'MNELC1', u'MASTER OF ENGINEERING (ELECTRONIC)', u'P0', u'POST-GRAD ANNUAL REGISTRATIONS', u'D1', u'Durban Campus Full-time', u'A', u'40000578:GOVENDER', 3.0]
[u'RPET522_YEAR_2018', u'RPET522_YEAR_2017', u'RPET522', u'RESEARCH PROJECT AND DISSERTATION (SUCCESSIVE', u'MNELC1', u'MASTER OF ENGINEERING (ELECTRONIC)', u'P0', u'POST-GRAD ANNUAL REGISTRATIONS', u'D3', u'Durban Campus Part-time', u'A', u'40000578:GOVENDER', 4.0]
check 'RPET522_YEAR_2018' 'RPET522'
processXLS: only for SEM2 [u'RPET522_YEAR_2018', u'RPET522_YEAR_2017', u'RPET522', u'RESEARCH PROJECT AND DISSERTATION (SUCCESSIVE', u'MNELC1', u'MASTER OF ENGINEERING (ELECTRONIC)', u'P0', u'POST-GRAD ANNUAL REGISTRATIONS', u'D3', u'Durban Campus Part-time', u'A', u'40000578:GOVENDER', 4.0]
[u'', u'', u'', u'', u'', u'', u'', u'', u'', u'', u'', u'', u'']
check '' ''
[u'RPEE611_YEAR_2018', u'RPEE611_YEAR_2017', u'RPEE611', u'RESEARCH PROJECT AND DISSERTATION (IST REG)', u'DNELC1', u'DOCTOR OF ENGINEERING (L/C)', u'P0', u'POST-GRAD ANNUAL REGISTRATIONS', u'D1', u'Durban Campus Full-time', u'A', u'40000578:GOVENDER P', 1.0]
check 'RPEE611_YEAR_2018' 'RPEE611'
processXLS: only for SEM2 [u'RPEE611_YEAR_2018', u'RPEE611_YEAR_2017', u'RPEE611', u'RESEARCH PROJECT AND DISSERTATION (IST REG)', u'DNELC1', u'DOCTOR OF ENGINEERING (L/C)', u'P0', u'POST-GRAD ANNUAL REGISTRATIONS', u'D1', u'Durban Campus Full-time', u'A', u'40000578:GOVENDER P', 1.0]
[u'', u'', u'', u'', u'', u'', u'', u'', u'', u'', u'', u'', u'']
check '' ''
[u'RPEE621_YEAR_2018', u'RPEE621_YEAR_2017', u'RPEE621', u'RESEARCH PROJECT AND DISSERTATION (2ND REG)', u'DNELC1', u'DOCTOR OF ENGINEERING (L/C)', u'P0', u'POST-GRAD ANNUAL REGISTRATIONS', u'D1', u'Durban Campus Full-time', u'A', u'40000578:GOVENDER P', 1.0]
check 'RPEE621_YEAR_2018' 'RPEE621'
processXLS: only for SEM2 [u'RPEE621_YEAR_2018', u'RPEE621_YEAR_2017', u'RPEE621', u'RESEARCH PROJECT AND DISSERTATION (2ND REG)', u'DNELC1', u'DOCTOR OF ENGINEERING (L/C)', u'P0', u'POST-GRAD ANNUAL REGISTRATIONS', u'D1', u'Durban Campus Full-time', u'A', u'40000578:GOVENDER P', 1.0]
[u'', u'', u'', u'', u'', u'', u'', u'', u'', u'', u'', u'', u'']
check '' ''
[u'RPET722_YEAR_2018', u'RPET722_YEAR_2017', u'RPET722', u'RESEARCH PROJECT AND DISSERTATION (2ND REG)', u'DNELC1', u'DOCTOR OF ENGINEERING (L/C)', u'P0', u'POST-GRAD ANNUAL REGISTRATIONS', u'D1', u'Durban Campus Full-time', u'A', u'40000578:GOVENDER', 1.0]
check 'RPET722_YEAR_2018' 'RPET722'
processXLS: only for SEM2 [u'RPET722_YEAR_2018', u'RPET722_YEAR_2017', u'RPET722', u'RESEARCH PROJECT AND DISSERTATION (2ND REG)', u'DNELC1', u'DOCTOR OF ENGINEERING (L/C)', u'P0', u'POST-GRAD ANNUAL REGISTRATIONS', u'D1', u'Durban Campus Full-time', u'A', u'40000578:GOVENDER', 1.0]
[u'', u'', u'', u'', u'', u'', u'', u'', u'', u'', u'', u'', u'']
check '' ''
[u'RPET732_YEAR_2018', u'RPET732_YEAR_2017', u'RPET732', u'RESEARCH PROJECT AND DISSERTATION (3RD REG)', u'DNELC1', u'DOCTOR OF ENGINEERING (L/C)', u'P0', u'POST-GRAD ANNUAL REGISTRATIONS', u'D3', u'Durban Campus Part-time', u'A', u'40000578:GOVENDER', 2.0]
check 'RPET732_YEAR_2018' 'RPET732'
processXLS: only for SEM2 [u'RPET732_YEAR_2018', u'RPET732_YEAR_2017', u'RPET732', u'RESEARCH PROJECT AND DISSERTATION (3RD REG)', u'DNELC1', u'DOCTOR OF ENGINEERING (L/C)', u'P0', u'POST-GRAD ANNUAL REGISTRATIONS', u'D3', u'Durban Campus Part-time', u'A', u'40000578:GOVENDER', 2.0]
[u'...', u'', u'', u'', u'', u'', u'', u'', u'', u'', u'', u'', u'']
check '...' ''
[u'New subjects for 2018', u'', u'', u'', u'', u'', u'', u'', u'', u'', u'', u'', u'']
check 'New subjects for 2018' ''
[u'DGTE102_SEM2_2018', u'template_2018', u'DGTE102', u'DIGITAL ELECTRONICS I', u'BNMCH1', u'B ENGINEERING TECHNOLOGY IN MECH ENG', u'22', u'SEM2', u'D1', u'OTNAME', u'A', u'40002167:MOORGAS;', u'']
check 'DGTE102_SEM2_2018' 'DGTE102'
adding  DGTE102
requesting:  http://10.0.100.98:8000/bbinfo/matching_courses/DGTE102%25
r= <Response [200]>
matching classes= set([u'DGTE102_SEM2_2018'])
[u'ANLE101_SEM1_2018', u'template_2018', u'ANLE101', u'ANALOGUE ELECTRONICS I', u'BNPWE1', u'B ENGINEERING TECHNOLOGY IN POWER ENG', u'21', u'SEM1', u'D1', u'OTNAME', u'A', u'40000202:ESSACK;', u'']
check 'ANLE101_SEM1_2018' 'ANLE101'
processXLS: only for SEM2 [u'ANLE101_SEM1_2018', u'template_2018', u'ANLE101', u'ANALOGUE ELECTRONICS I', u'BNPWE1', u'B ENGINEERING TECHNOLOGY IN POWER ENG', u'21', u'SEM1', u'D1', u'OTNAME', u'A', u'40000202:ESSACK;', u'']
[u'ANLE101_SEM1_2018', u'template_2018', u'ANLE101', u'ANALOGUE ELECTRONICS I', u'BNMCH1', u'B ENGINEERING TECHNOLOGY IN MECH ENG', u'21', u'SEM1', u'D1', u'OTNAME', u'A', u'40000202:ESSACK;', u'']
check 'ANLE101_SEM1_2018' 'ANLE101'
processXLS: only for SEM2 [u'ANLE101_SEM1_2018', u'template_2018', u'ANLE101', u'ANALOGUE ELECTRONICS I', u'BNMCH1', u'B ENGINEERING TECHNOLOGY IN MECH ENG', u'21', u'SEM1', u'D1', u'OTNAME', u'A', u'40000202:ESSACK;', u'']
[u'ANLE101_SEM2_2018', u'template_2018', u'ANLE101', u'ANALOGUE ELECTRONICS I', u'BNPWE1', u'B ENGINEERING TECHNOLOGY IN POWER ENG', u'22', u'SEM2', u'D1', u'OTNAME', u'A', u'40000202:ESSACK;', u'']
check 'ANLE101_SEM2_2018' 'ANLE101'
adding  ANLE101
requesting:  http://10.0.100.98:8000/bbinfo/matching_courses/ANLE101%25
r= <Response [200]>
matching classes= set([u'ANLE101_SEM1_2018', u'ANLE101_SEM2_2018'])
[u'ANLE101_SEM2_2018', u'template_2018', u'ANLE101', u'ANALOGUE ELECTRONICS I', u'BNMCH1', u'B ENGINEERING TECHNOLOGY IN MECH ENG', u'22', u'SEM2', u'D1', u'OTNAME', u'A', u'40000202:ESSACK;', u'']
check 'ANLE101_SEM2_2018' 'ANLE101'
adding  ANLE101
requesting:  http://10.0.100.98:8000/bbinfo/matching_courses/ANLE101%25
r= <Response [200]>
matching classes= set([u'ANLE101_SEM1_2018', u'ANLE101_SEM2_2018'])
[u'FCMC201_SEM1_2018', u'template_2018', u'FCMC201', u'FUNDAMENTALS OF COMMUNICATION II', u'BNELC1', u'B ENG TECHNOLOGY IN ELECTRONIC ENG', u'21', u'SEM1', u'D1', u'OTNAME', u'A', u'40010083:REDDY;', u'']
check 'FCMC201_SEM1_2018' 'FCMC201'
processXLS: only for SEM2 [u'FCMC201_SEM1_2018', u'template_2018', u'FCMC201', u'FUNDAMENTALS OF COMMUNICATION II', u'BNELC1', u'B ENG TECHNOLOGY IN ELECTRONIC ENG', u'21', u'SEM1', u'D1', u'OTNAME', u'A', u'40010083:REDDY;', u'']
[u'ECDS201_SEM1_2018', u'template_2018', u'ECDS201', u'ELECTRONIC CIRCUIT DESIGN II', u'BNELC1', u'B ENG TECHNOLOGY IN ELECTRONIC ENG', u'21', u'SEM1', u'D1', u'OTNAME', u'A', u'50008720:PILLAY;', u'']
check 'ECDS201_SEM1_2018' 'ECDS201'
processXLS: only for SEM2 [u'ECDS201_SEM1_2018', u'template_2018', u'ECDS201', u'ELECTRONIC CIRCUIT DESIGN II', u'BNELC1', u'B ENG TECHNOLOGY IN ELECTRONIC ENG', u'21', u'SEM1', u'D1', u'OTNAME', u'A', u'50008720:PILLAY;', u'']
[u'CPTP201_SEM1_2018', u'template_2018', u'CPTP201', u'COMPUTER PROGRAMMING II', u'BNELC1', u'B ENG TECHNOLOGY IN ELECTRONIC ENG', u'21', u'SEM1', u'D1', u'OTNAME', u'A', u'50002220:HOWELLS;', u'']
check 'CPTP201_SEM1_2018' 'CPTP201'
processXLS: only for SEM2 [u'CPTP201_SEM1_2018', u'template_2018', u'CPTP201', u'COMPUTER PROGRAMMING II', u'BNELC1', u'B ENG TECHNOLOGY IN ELECTRONIC ENG', u'21', u'SEM1', u'D1', u'OTNAME', u'A', u'50002220:HOWELLS;', u'']
[u'MCRD201_SEM1_2018', u'template_2018', u'MCRD201', u'MICROSYSTEMS DESIGN II', u'BNELC1', u'B ENG TECHNOLOGY IN ELECTRONIC ENG', u'21', u'SEM1', u'D1', u'OTNAME', u'A', u'40003296:SEWSUNKER;', u'']
check 'MCRD201_SEM1_2018' 'MCRD201'
processXLS: only for SEM2 [u'MCRD201_SEM1_2018', u'template_2018', u'MCRD201', u'MICROSYSTEMS DESIGN II', u'BNELC1', u'B ENG TECHNOLOGY IN ELECTRONIC ENG', u'21', u'SEM1', u'D1', u'OTNAME', u'A', u'40003296:SEWSUNKER;', u'']
[u'FCNS201_SEM2_2018', u'template_2018', u'FCNS201', u'FUNDAMENTALS OF CONTROL SYSTEMS II', u'BNELC1', u'B ENG TECHNOLOGY IN ELECTRONIC ENG', u'22', u'SEM2', u'D1', u'OTNAME', u'A', u'40003545:SEWDASS;', u'']
check 'FCNS201_SEM2_2018' 'FCNS201'
adding  FCNS201
requesting:  http://10.0.100.98:8000/bbinfo/matching_courses/FCNS201%25
r= <Response [200]>
matching classes= set([u'FCNS201_SEM2_2018'])
[u'FNTW201_SEM2_2018', u'template_2018', u'FNTW201', u'FUNDAMENTALS OF NETWORKS II', u'BNELC1', u'B ENG TECHNOLOGY IN ELECTRONIC ENG', u'22', u'SEM2', u'D1', u'OTNAME', u'A', u'40003296:SEWSUNKER;', u'']
check 'FNTW201_SEM2_2018' 'FNTW201'
adding  FNTW201
requesting:  http://10.0.100.98:8000/bbinfo/matching_courses/FNTW201%25
r= <Response [200]>
matching classes= set([u'FNTW201_SEM2_2018'])
[u'ECDS301_SEM2_2018', u'template_2018', u'ECDS301', u'ELECTRONIC CIRCUIT DESIGN III', u'BNELC1', u'B ENG TECHNOLOGY IN ELECTRONIC ENG', u'22', u'SEM2', u'D1', u'OTNAME', u'A', u'50008720:PILLAY;', u'']
check 'ECDS301_SEM2_2018' 'ECDS301'
adding  ECDS301
requesting:  http://10.0.100.98:8000/bbinfo/matching_courses/ECDS301%25
r= <Response [200]>
matching classes= set([u'ECDS301_SEM2_2018'])
[u'MCRD301_SEM2_2018', u'template_2018', u'MCRD301', u'MICROSYSTEMS DESIGN III', u'BNELC1', u'B ENG TECHNOLOGY IN ELECTRONIC ENG', u'22', u'SEM2', u'D1', u'OTNAME', u'A', u'40003851:SINGH;', u'']
check 'MCRD301_SEM2_2018' 'MCRD301'
adding  MCRD301
requesting:  http://10.0.100.98:8000/bbinfo/matching_courses/MCRD301%25
r= <Response [200]>
matching classes= set([u'MCRD301_SEM2_2018'])
[u'DSPA301_SEM1_2018', u'template_2018', u'DSPA301', u'DIGITAL SIGNAL PROCESSING IIIA', u'BNELC1', u'B ENG TECHNOLOGY IN ELECTRONIC ENG', u'21', u'SEM1', u'D1', u'OTNAME', u'A', u'40002167:MOORGAS;', u'']
check 'DSPA301_SEM1_2018' 'DSPA301'
processXLS: only for SEM2 [u'DSPA301_SEM1_2018', u'template_2018', u'DSPA301', u'DIGITAL SIGNAL PROCESSING IIIA', u'BNELC1', u'B ENG TECHNOLOGY IN ELECTRONIC ENG', u'21', u'SEM1', u'D1', u'OTNAME', u'A', u'40002167:MOORGAS;', u'']
[u'EDPA301_SEM1_2018', u'template_2018', u'EDPA301', u'ELECTRONIC DESIGN PROJECT IIIA', u'BNELC1', u'B ENG TECHNOLOGY IN ELECTRONIC ENG', u'21', u'SEM1', u'D1', u'OTNAME', u'A', u'40010929:SOKOYA;50000466:JANSE VAN VUUREN;', u'']
check 'EDPA301_SEM1_2018' 'EDPA301'
processXLS: only for SEM2 [u'EDPA301_SEM1_2018', u'template_2018', u'EDPA301', u'ELECTRONIC DESIGN PROJECT IIIA', u'BNELC1', u'B ENG TECHNOLOGY IN ELECTRONIC ENG', u'21', u'SEM1', u'D1', u'OTNAME', u'A', u'40010929:SOKOYA;50000466:JANSE VAN VUUREN;', u'']
[u'PJCT101_SEM1_2018', u'template_2018', u'PJCT101', u'PROJECT MANAGEMENT', u'BNELC1', u'B ENG TECHNOLOGY IN ELECTRONIC ENG', u'21', u'SEM1', u'D1', u'OTNAME', u'A', u'40010929:SOKOYA;', u'']
check 'PJCT101_SEM1_2018' 'PJCT101'
processXLS: only for SEM2 [u'PJCT101_SEM1_2018', u'template_2018', u'PJCT101', u'PROJECT MANAGEMENT', u'BNELC1', u'B ENG TECHNOLOGY IN ELECTRONIC ENG', u'21', u'SEM1', u'D1', u'OTNAME', u'A', u'40010929:SOKOYA;', u'']
[u'CSYA301_SEM1_2018', u'template_2018', u'CSYA301', u'CONTROL SYSTEMS IIIA', u'BNELC1', u'B ENG TECHNOLOGY IN ELECTRONIC ENG', u'21', u'SEM1', u'D1', u'OTNAME', u'A', u'50000466:JANSE VAN VUUREN;', u'']
check 'CSYA301_SEM1_2018' 'CSYA301'
processXLS: only for SEM2 [u'CSYA301_SEM1_2018', u'template_2018', u'CSYA301', u'CONTROL SYSTEMS IIIA', u'BNELC1', u'B ENG TECHNOLOGY IN ELECTRONIC ENG', u'21', u'SEM1', u'D1', u'OTNAME', u'A', u'50000466:JANSE VAN VUUREN;', u'']
[u'PCSA301_SEM1_2018', u'template_2018', u'PCSA301', u'PROCESS CONTROL SYSTEMS IIIA', u'BNELC1', u'B ENG TECHNOLOGY IN ELECTRONIC ENG', u'21', u'SEM1', u'D1', u'OTNAME', u'A', u'40002167:MOORGAS;', u'']
check 'PCSA301_SEM1_2018' 'PCSA301'
processXLS: only for SEM2 [u'PCSA301_SEM1_2018', u'template_2018', u'PCSA301', u'PROCESS CONTROL SYSTEMS IIIA', u'BNELC1', u'B ENG TECHNOLOGY IN ELECTRONIC ENG', u'21', u'SEM1', u'D1', u'OTNAME', u'A', u'40002167:MOORGAS;', u'']
[u'CNWA301_SEM1_2018', u'template_2018', u'CNWA301', u'COMMUNICATIONS AND NETWORKS IIIA', u'BNELC1', u'B ENG TECHNOLOGY IN ELECTRONIC ENG', u'21', u'SEM1', u'D1', u'OTNAME', u'A', u'40003502:NLEYA;', u'']
check 'CNWA301_SEM1_2018' 'CNWA301'
processXLS: only for SEM2 [u'CNWA301_SEM1_2018', u'template_2018', u'CNWA301', u'COMMUNICATIONS AND NETWORKS IIIA', u'BNELC1', u'B ENG TECHNOLOGY IN ELECTRONIC ENG', u'21', u'SEM1', u'D1', u'OTNAME', u'A', u'40003502:NLEYA;', u'']
[u'RFEA301_SEM1_2018', u'template_2018', u'RFEA301', u'RF ENGINEERING IIIA', u'BNELC1', u'B ENG TECHNOLOGY IN ELECTRONIC ENG', u'21', u'SEM1', u'D1', u'OTNAME', u'A', u'50000881:MACPHERSON;', u'']
check 'RFEA301_SEM1_2018' 'RFEA301'
processXLS: only for SEM2 [u'RFEA301_SEM1_2018', u'template_2018', u'RFEA301', u'RF ENGINEERING IIIA', u'BNELC1', u'B ENG TECHNOLOGY IN ELECTRONIC ENG', u'21', u'SEM1', u'D1', u'OTNAME', u'A', u'50000881:MACPHERSON;', u'']
[u'EMSA301_SEM1_2018', u'template_2018', u'EMSA301', u'EMBEDDED SYSTEMS IIIA', u'BNELC1', u'B ENG TECHNOLOGY IN ELECTRONIC ENG', u'21', u'SEM1', u'D1', u'OTNAME', u'A', u'40000198:BERA;', u'']
check 'EMSA301_SEM1_2018' 'EMSA301'
processXLS: only for SEM2 [u'EMSA301_SEM1_2018', u'template_2018', u'EMSA301', u'EMBEDDED SYSTEMS IIIA', u'BNELC1', u'B ENG TECHNOLOGY IN ELECTRONIC ENG', u'21', u'SEM1', u'D1', u'OTNAME', u'A', u'40000198:BERA;', u'']
[u'DSPB301_SEM2_2018', u'template_2018', u'DSPB301', u'DIGITAL SIGNAL PROCESSING IIIB', u'BNELC1', u'B ENG TECHNOLOGY IN ELECTRONIC ENG', u'22', u'SEM2', u'D1', u'OTNAME', u'A', u'40002167:MOORGAS;', u'']
check 'DSPB301_SEM2_2018' 'DSPB301'
adding  DSPB301
requesting:  http://10.0.100.98:8000/bbinfo/matching_courses/DSPB301%25
r= <Response [200]>
matching classes= set([u'DSPB301_SEM2_2018'])
[u'EDPB301_SEM2_2018', u'template_2018', u'EDPB301', u'ELECTRONIC DESIGN PROJECT IIIB', u'BNELC1', u'B ENG TECHNOLOGY IN ELECTRONIC ENG', u'22', u'SEM2', u'D1', u'OTNAME', u'A', u'40010929:SOKOYA;50000466:JANSE VAN VUUREN;', u'']
check 'EDPB301_SEM2_2018' 'EDPB301'
adding  EDPB301
requesting:  http://10.0.100.98:8000/bbinfo/matching_courses/EDPB301%25
r= <Response [200]>
matching classes= set([u'EDPB301_SEM2_2018'])
[u'ANLA101_SEM1_2018', u'template_2018', u'ANLA101', u'ANALOGUE ELECTRONICS IA', u'BNELC1', u'B ENG TECHNOLOGY IN ELECTRONIC ENG', u'21', u'SEM1', u'D1', u'OTNAME', u'A', u'40000202:ESSACK;40000018:BEERAJH;', u'']
check 'ANLA101_SEM1_2018' 'ANLA101'
processXLS: only for SEM2 [u'ANLA101_SEM1_2018', u'template_2018', u'ANLA101', u'ANALOGUE ELECTRONICS IA', u'BNELC1', u'B ENG TECHNOLOGY IN ELECTRONIC ENG', u'21', u'SEM1', u'D1', u'OTNAME', u'A', u'40000202:ESSACK;40000018:BEERAJH;', u'']
[u'ANLB101_SEM2_2018', u'template_2018', u'ANLB101', u'ANALOGUE ELECTRONICS IB', u'BNELC1', u'B ENG TECHNOLOGY IN ELECTRONIC ENG', u'22', u'SEM2', u'D1', u'OTNAME', u'A', u'40000202:ESSACK;40000018:BEERAJH;', u'']
check 'ANLB101_SEM2_2018' 'ANLB101'
adding  ANLB101
requesting:  http://10.0.100.98:8000/bbinfo/matching_courses/ANLB101%25
r= <Response [200]>
matching classes= set([u'ANLB101_SEM2_2018'])
[u'DGEA101_SEM1_2018', u'template_2018', u'DGEA101', u'DIGITAL ELECTRONICS IA', u'BNELC1', u'B ENG TECHNOLOGY IN ELECTRONIC ENG', u'21', u'SEM1', u'D1', u'OTNAME', u'A', u'40000585:BUDULA;40000208:MOOLLA;', u'']
check 'DGEA101_SEM1_2018' 'DGEA101'
processXLS: only for SEM2 [u'DGEA101_SEM1_2018', u'template_2018', u'DGEA101', u'DIGITAL ELECTRONICS IA', u'BNELC1', u'B ENG TECHNOLOGY IN ELECTRONIC ENG', u'21', u'SEM1', u'D1', u'OTNAME', u'A', u'40000585:BUDULA;40000208:MOOLLA;', u'']
[u'DGEB101_SEM2_2018', u'template_2018', u'DGEB101', u'DIGITAL ELECTRONICS IB', u'BNELC1', u'B ENG TECHNOLOGY IN ELECTRONIC ENG', u'22', u'SEM2', u'D1', u'OTNAME', u'A', u'40000585:BUDULA;40000208:MOOLLA;', u'']
check 'DGEB101_SEM2_2018' 'DGEB101'
adding  DGEB101
requesting:  http://10.0.100.98:8000/bbinfo/matching_courses/DGEB101%25
r= <Response [200]>
matching classes= set([u'DGEB101_SEM2_2018'])
[u'CPUT101_SEM1_2018', u'template_2018', u'CPUT101', u'COMPUTER AND IT', u'BNELC1', u'B ENG TECHNOLOGY IN ELECTRONIC ENG', u'21', u'SEM1', u'D1', u'OTNAME', u'A', u'40003851:SINGH;', u'']
check 'CPUT101_SEM1_2018' 'CPUT101'
processXLS: only for SEM2 [u'CPUT101_SEM1_2018', u'template_2018', u'CPUT101', u'COMPUTER AND IT', u'BNELC1', u'B ENG TECHNOLOGY IN ELECTRONIC ENG', u'21', u'SEM1', u'D1', u'OTNAME', u'A', u'40003851:SINGH;', u'']
[u'ELMS101_SEM1_2018', u'template_2018', u'ELMS101', u'ELECTRONIC MEASUREMENT', u'BNELC1', u'B ENG TECHNOLOGY IN ELECTRONIC ENG', u'21', u'SEM1', u'D1', u'OTNAME', u'A', u'40000209:SALIGRAM;', u'']
check 'ELMS101_SEM1_2018' 'ELMS101'
processXLS: only for SEM2 [u'ELMS101_SEM1_2018', u'template_2018', u'ELMS101', u'ELECTRONIC MEASUREMENT', u'BNELC1', u'B ENG TECHNOLOGY IN ELECTRONIC ENG', u'21', u'SEM1', u'D1', u'OTNAME', u'A', u'40000209:SALIGRAM;', u'']
[u'DGTE101_SEM2_2018', u'template_2018', u'DGTE101', u'DIGITAL ELECTRONICS I', u'BNPWE1', u'B ENGINEERING TECHNOLOGY IN POWER ENG', u'22', u'SEM2', u'D1', u'OTNAME', u'A', u'40000585:BUDULA;', u'']
check 'DGTE101_SEM2_2018' 'DGTE101'
adding  DGTE101
requesting:  http://10.0.100.98:8000/bbinfo/matching_courses/DGTE101%25
r= <Response [200]>
matching classes= set([u'DGTE101_SEM2_2018'])
[u'PRIM101_SEM2_2018', u'template_2018', u'PRIM101', u'PRINCIPLES OF MANAGEMENT', u'BNELC1', u'B ENG TECHNOLOGY IN ELECTRONIC ENG', u'22', u'SEM2', u'D1', u'OTNAME', u'A', u'40010929:SOKOYA;', u'']
check 'PRIM101_SEM2_2018' 'PRIM101'
adding  PRIM101
requesting:  http://10.0.100.98:8000/bbinfo/matching_courses/PRIM101%25
r= <Response [200]>
matching classes= set([u'PRIM101_SEM2_2018'])
[u'PINB301_SEM2_2018', u'template_2018', u'PINB301', u'PROCESS INSTRUMENTATION IIIB', u'BNELC1', u'B ENG TECHNOLOGY IN ELECTRONIC ENG', u'22', u'SEM2', u'D1', u'OTNAME', u'A', u'40002493:PILLAY;', u'']
check 'PINB301_SEM2_2018' 'PINB301'
adding  PINB301
requesting:  http://10.0.100.98:8000/bbinfo/matching_courses/PINB301%25
r= <Response [200]>
matching classes= set([u'PINB301_SEM2_2018'])
[u'CSYB301_SEM2_2018', u'template_2018', u'CSYB301', u'CONTROL SYSTEMS IIIB', u'BNELC1', u'B ENG TECHNOLOGY IN ELECTRONIC ENG', u'22', u'SEM2', u'D1', u'OTNAME', u'A', u'50000466:JANSE VAN VUUREN;', u'']
check 'CSYB301_SEM2_2018' 'CSYB301'
adding  CSYB301
requesting:  http://10.0.100.98:8000/bbinfo/matching_courses/CSYB301%25
r= <Response [200]>
matching classes= set([u'CSYB301_SEM2_2018'])
[u'PCSB301_SEM2_2018', u'template_2018', u'PCSB301', u'PROCESS CONTROL SYSTEMS IIIB', u'BNELC1', u'B ENG TECHNOLOGY IN ELECTRONIC ENG', u'22', u'SEM2', u'D1', u'OTNAME', u'A', u'40002167:MOORGAS;', u'']
check 'PCSB301_SEM2_2018' 'PCSB301'
adding  PCSB301
requesting:  http://10.0.100.98:8000/bbinfo/matching_courses/PCSB301%25
r= <Response [200]>
matching classes= set([u'PCSB301_SEM2_2018'])
[u'CNWB301_SEM2_2018', u'template_2018', u'CNWB301', u'COMMUNICATIONS AND NETWORKS IIIB', u'BNELC1', u'B ENG TECHNOLOGY IN ELECTRONIC ENG', u'22', u'SEM2', u'D1', u'OTNAME', u'A', u'40003502:NLEYA;', u'']
check 'CNWB301_SEM2_2018' 'CNWB301'
adding  CNWB301
requesting:  http://10.0.100.98:8000/bbinfo/matching_courses/CNWB301%25
r= <Response [200]>
matching classes= set([u'CNWB301_SEM2_2018'])
[u'RFEB301_SEM2_2018', u'template_2018', u'RFEB301', u'RF ENGINEERING IIIB', u'BNELC1', u'B ENG TECHNOLOGY IN ELECTRONIC ENG', u'22', u'SEM2', u'D1', u'OTNAME', u'A', u'50000881:MACPHERSON;', u'']
check 'RFEB301_SEM2_2018' 'RFEB301'
adding  RFEB301
requesting:  http://10.0.100.98:8000/bbinfo/matching_courses/RFEB301%25
r= <Response [200]>
matching classes= set([u'RFEB301_SEM2_2018'])
[u'EMSB301_SEM2_2018', u'template_2018', u'EMSB301', u'EMBEDDED SYSTEMS IIIB', u'BNELC1', u'B ENG TECHNOLOGY IN ELECTRONIC ENG', u'22', u'SEM2', u'D1', u'OTNAME', u'A', u'40000198:BERA;', u'']
check 'EMSB301_SEM2_2018' 'EMSB301'
adding  EMSB301
requesting:  http://10.0.100.98:8000/bbinfo/matching_courses/EMSB301%25
r= <Response [200]>
matching classes= set([u'EMSB301_SEM2_2018'])
processXLS: finished processing workingSheets/data/BBC3506ElectronicEngineering2017.xls
getWS: requesting:  http://10.0.100.98:8000/itsenrol/classlist/2018/22/CSEL101 rsp= <Response [200]>
getWS: requesting:  http://10.0.100.98:8000/bbinfo/classlist/CSEL101 rsp= <Response [200]>
getNewStudentsInSubject: ITS 0, BB 195 -> 0 new enrollments
getWS: requesting:  http://10.0.100.98:8000/itsenrol/classlist/2018/22/DSYS202 rsp= <Response [200]>
getWS: requesting:  http://10.0.100.98:8000/bbinfo/classlist/DSYS202 rsp= <Response [200]>
getNewStudentsInSubject: ITS 3, BB 230 -> 3 new enrollments
getWS: requesting:  http://10.0.100.98:8000/itsenrol/classlist/2018/22/DEPJ301 rsp= <Response [200]>
getWS: requesting:  http://10.0.100.98:8000/bbinfo/classlist/DEPJ301 rsp= <Response [200]>
getNewStudentsInSubject: ITS 23, BB 37 -> 21 new enrollments
getWS: requesting:  http://10.0.100.98:8000/itsenrol/classlist/2018/22/IPRJ421 rsp= <Response [200]>
getWS: requesting:  http://10.0.100.98:8000/bbinfo/classlist/IPRJ421 rsp= <Response [200]>
getNewStudentsInSubject: ITS 7, BB 50 -> 7 new enrollments
getWS: requesting:  http://10.0.100.98:8000/itsenrol/classlist/2018/22/TELV301 rsp= <Response [200]>
getWS: requesting:  http://10.0.100.98:8000/bbinfo/classlist/TELV301 rsp= <Response [200]>
getNewStudentsInSubject: ITS 0, BB 1 -> 0 new enrollments
getWS: requesting:  http://10.0.100.98:8000/itsenrol/classlist/2018/22/PRSI101 rsp= <Response [200]>
getWS: requesting:  http://10.0.100.98:8000/bbinfo/classlist/PRSI101 rsp= <Response [200]>
getNewStudentsInSubject: ITS 32, BB 164 -> 31 new enrollments
getWS: requesting:  http://10.0.100.98:8000/itsenrol/classlist/2018/22/CNWB301 rsp= <Response [200]>
getWS: requesting:  http://10.0.100.98:8000/bbinfo/classlist/CNWB301 rsp= <Response [200]>
getNewStudentsInSubject: ITS 0, BB 1 -> 0 new enrollments
getWS: requesting:  http://10.0.100.98:8000/itsenrol/classlist/2018/22/CSYS202 rsp= <Response [200]>
getWS: requesting:  http://10.0.100.98:8000/bbinfo/classlist/CSYS202 rsp= <Response [200]>
getNewStudentsInSubject: ITS 40, BB 158 -> 31 new enrollments
getWS: requesting:  http://10.0.100.98:8000/itsenrol/classlist/2018/22/PRSI201 rsp= <Response [200]>
getWS: requesting:  http://10.0.100.98:8000/bbinfo/classlist/PRSI201 rsp= <Response [200]>
getNewStudentsInSubject: ITS 39, BB 149 -> 33 new enrollments
getWS: requesting:  http://10.0.100.98:8000/itsenrol/classlist/2018/22/DSYS303 rsp= <Response [200]>
getWS: requesting:  http://10.0.100.98:8000/bbinfo/classlist/DSYS303 rsp= <Response [200]>
getNewStudentsInSubject: ITS 56, BB 269 -> 34 new enrollments
getWS: requesting:  http://10.0.100.98:8000/itsenrol/classlist/2018/22/CSYS302 rsp= <Response [200]>
getWS: requesting:  http://10.0.100.98:8000/bbinfo/classlist/CSYS302 rsp= <Response [200]>
getNewStudentsInSubject: ITS 51, BB 153 -> 34 new enrollments
getWS: requesting:  http://10.0.100.98:8000/itsenrol/classlist/2018/22/PRSI301 rsp= <Response [200]>
getWS: requesting:  http://10.0.100.98:8000/bbinfo/classlist/PRSI301 rsp= <Response [200]>
getNewStudentsInSubject: ITS 47, BB 148 -> 40 new enrollments
getWS: requesting:  http://10.0.100.98:8000/itsenrol/classlist/2018/22/DSPR401 rsp= <Response [200]>
getWS: requesting:  http://10.0.100.98:8000/bbinfo/classlist/DSPR401 rsp= <Response [200]>
getNewStudentsInSubject: ITS 36, BB 144 -> 27 new enrollments
getWS: requesting:  http://10.0.100.98:8000/itsenrol/classlist/2018/22/EDPB301 rsp= <Response [200]>
getWS: requesting:  http://10.0.100.98:8000/bbinfo/classlist/EDPB301 rsp= <Response [200]>
getNewStudentsInSubject: ITS 0, BB 2 -> 0 new enrollments
getWS: requesting:  http://10.0.100.98:8000/itsenrol/classlist/2018/22/DSYS102 rsp= <Response [200]>
getWS: requesting:  http://10.0.100.98:8000/bbinfo/classlist/DSYS102 rsp= <Response [200]>
getNewStudentsInSubject: ITS 15, BB 256 -> 13 new enrollments
getWS: requesting:  http://10.0.100.98:8000/itsenrol/classlist/2018/22/ETRS401 rsp= <Response [200]>
getWS: requesting:  http://10.0.100.98:8000/bbinfo/classlist/ETRS401 rsp= <Response [200]>
getNewStudentsInSubject: ITS 0, BB 1 -> 0 new enrollments
getWS: requesting:  http://10.0.100.98:8000/itsenrol/classlist/2018/22/CSYB301 rsp= <Response [200]>
getWS: requesting:  http://10.0.100.98:8000/bbinfo/classlist/CSYB301 rsp= <Response [200]>
getNewStudentsInSubject: ITS 0, BB 1 -> 0 new enrollments
getWS: requesting:  http://10.0.100.98:8000/itsenrol/classlist/2018/22/PINB301 rsp= <Response [200]>
getWS: requesting:  http://10.0.100.98:8000/bbinfo/classlist/PINB301 rsp= <Response [200]>
getNewStudentsInSubject: ITS 0, BB 1 -> 0 new enrollments
getWS: requesting:  http://10.0.100.98:8000/itsenrol/classlist/2018/22/MWCS301 rsp= <Response [200]>
getWS: requesting:  http://10.0.100.98:8000/bbinfo/classlist/MWCS301 rsp= <Response [200]>
getNewStudentsInSubject: ITS 5, BB 12 -> 5 new enrollments
getWS: requesting:  http://10.0.100.98:8000/itsenrol/classlist/2018/22/IPRJ411 rsp= <Response [200]>
getWS: requesting:  http://10.0.100.98:8000/bbinfo/classlist/IPRJ411 rsp= <Response [200]>
getNewStudentsInSubject: ITS 12, BB 83 -> 10 new enrollments
getWS: requesting:  http://10.0.100.98:8000/itsenrol/classlist/2018/22/DPRJ301 rsp= <Response [200]>
getWS: requesting:  http://10.0.100.98:8000/bbinfo/classlist/DPRJ301 rsp= <Response [200]>
getNewStudentsInSubject: ITS 50, BB 175 -> 40 new enrollments
getWS: requesting:  http://10.0.100.98:8000/itsenrol/classlist/2018/22/PROJ103 rsp= <Response [200]>
getWS: requesting:  http://10.0.100.98:8000/bbinfo/classlist/PROJ103 rsp= <Response [200]>
getNewStudentsInSubject: ITS 6, BB 211 -> 1 new enrollments
getWS: requesting:  http://10.0.100.98:8000/itsenrol/classlist/2018/22/MCRD301 rsp= <Response [200]>
getWS: requesting:  http://10.0.100.98:8000/bbinfo/classlist/MCRD301 rsp= <Response [200]>
getNewStudentsInSubject: ITS 0, BB 1 -> 0 new enrollments
getWS: requesting:  http://10.0.100.98:8000/itsenrol/classlist/2018/22/LODS301 rsp= <Response [200]>
getWS: requesting:  http://10.0.100.98:8000/bbinfo/classlist/LODS301 rsp= <Response [200]>
getNewStudentsInSubject: ITS 17, BB 34 -> 16 new enrollments
getWS: requesting:  http://10.0.100.98:8000/itsenrol/classlist/2018/22/PRIM101 rsp= <Response [200]>
getWS: requesting:  http://10.0.100.98:8000/bbinfo/classlist/PRIM101 rsp= <Response [200]>
getNewStudentsInSubject: ITS 0, BB 1 -> 0 new enrollments
getWS: requesting:  http://10.0.100.98:8000/itsenrol/classlist/2018/22/DGEB101 rsp= <Response [200]>
getWS: requesting:  http://10.0.100.98:8000/bbinfo/classlist/DGEB101 rsp= <Response [200]>
getNewStudentsInSubject: ITS 73, BB 2 -> 73 new enrollments
getWS: requesting:  http://10.0.100.98:8000/itsenrol/classlist/2018/22/NETS301 rsp= <Response [200]>
getWS: requesting:  http://10.0.100.98:8000/bbinfo/classlist/NETS301 rsp= <Response [200]>
getNewStudentsInSubject: ITS 17, BB 33 -> 17 new enrollments
getWS: requesting:  http://10.0.100.98:8000/itsenrol/classlist/2018/22/PRSI401 rsp= <Response [200]>
getWS: requesting:  http://10.0.100.98:8000/bbinfo/classlist/PRSI401 rsp= <Response [200]>
getNewStudentsInSubject: ITS 43, BB 1 -> 43 new enrollments
getWS: requesting:  http://10.0.100.98:8000/itsenrol/classlist/2018/22/EMSB301 rsp= <Response [200]>
getWS: requesting:  http://10.0.100.98:8000/bbinfo/classlist/EMSB301 rsp= <Response [200]>
getNewStudentsInSubject: ITS 0, BB 1 -> 0 new enrollments
getWS: requesting:  http://10.0.100.98:8000/itsenrol/classlist/2018/22/CSYS402 rsp= <Response [200]>
getWS: requesting:  http://10.0.100.98:8000/bbinfo/classlist/CSYS402 rsp= <Response [200]>
getNewStudentsInSubject: ITS 49, BB 1 -> 49 new enrollments
getWS: requesting:  http://10.0.100.98:8000/itsenrol/classlist/2018/22/FCNS201 rsp= <Response [200]>
getWS: requesting:  http://10.0.100.98:8000/bbinfo/classlist/FCNS201 rsp= <Response [200]>
getNewStudentsInSubject: ITS 0, BB 1 -> 0 new enrollments
getWS: requesting:  http://10.0.100.98:8000/itsenrol/classlist/2018/22/FNTW201 rsp= <Response [200]>
getWS: requesting:  http://10.0.100.98:8000/bbinfo/classlist/FNTW201 rsp= <Response [200]>
getNewStudentsInSubject: ITS 0, BB 1 -> 0 new enrollments
getWS: requesting:  http://10.0.100.98:8000/itsenrol/classlist/2018/22/PROJ202 rsp= <Response [200]>
getWS: requesting:  http://10.0.100.98:8000/bbinfo/classlist/PROJ202 rsp= <Response [200]>
getNewStudentsInSubject: ITS 12, BB 34 -> 10 new enrollments
getWS: requesting:  http://10.0.100.98:8000/itsenrol/classlist/2018/22/ETRS101 rsp= <Response [200]>
getWS: requesting:  http://10.0.100.98:8000/bbinfo/classlist/ETRS101 rsp= <Response [200]>
getNewStudentsInSubject: ITS 0, BB 305 -> 0 new enrollments
getWS: requesting:  http://10.0.100.98:8000/itsenrol/classlist/2018/22/DGTE102 rsp= <Response [200]>
getWS: requesting:  http://10.0.100.98:8000/bbinfo/classlist/DGTE102 rsp= <Response [200]>
getNewStudentsInSubject: ITS 0, BB 1 -> 0 new enrollments
getWS: requesting:  http://10.0.100.98:8000/itsenrol/classlist/2018/22/ETRS301 rsp= <Response [200]>
getWS: requesting:  http://10.0.100.98:8000/bbinfo/classlist/ETRS301 rsp= <Response [200]>
getNewStudentsInSubject: ITS 6, BB 32 -> 6 new enrollments
getWS: requesting:  http://10.0.100.98:8000/itsenrol/classlist/2018/22/RFEB301 rsp= <Response [200]>
getWS: requesting:  http://10.0.100.98:8000/bbinfo/classlist/RFEB301 rsp= <Response [200]>
getNewStudentsInSubject: ITS 0, BB 1 -> 0 new enrollments
getWS: requesting:  http://10.0.100.98:8000/itsenrol/classlist/2018/22/DSPB301 rsp= <Response [200]>
getWS: requesting:  http://10.0.100.98:8000/bbinfo/classlist/DSPB301 rsp= <Response [200]>
getNewStudentsInSubject: ITS 0, BB 1 -> 0 new enrollments
getWS: requesting:  http://10.0.100.98:8000/itsenrol/classlist/2018/22/ANLE101 rsp= <Response [200]>
getWS: requesting:  http://10.0.100.98:8000/bbinfo/classlist/ANLE101 rsp= <Response [200]>
getNewStudentsInSubject: ITS 80, BB 5 -> 80 new enrollments
getWS: requesting:  http://10.0.100.98:8000/itsenrol/classlist/2018/22/EMGT402 rsp= <Response [200]>
getWS: requesting:  http://10.0.100.98:8000/bbinfo/classlist/EMGT402 rsp= <Response [200]>
getNewStudentsInSubject: ITS 92, BB 347 -> 86 new enrollments
getWS: requesting:  http://10.0.100.98:8000/itsenrol/classlist/2018/22/MCSY401 rsp= <Response [200]>
getWS: requesting:  http://10.0.100.98:8000/bbinfo/classlist/MCSY401 rsp= <Response [200]>
getNewStudentsInSubject: ITS 20, BB 168 -> 20 new enrollments
getWS: requesting:  http://10.0.100.98:8000/itsenrol/classlist/2018/22/RENS301 rsp= <Response [200]>
getWS: requesting:  http://10.0.100.98:8000/bbinfo/classlist/RENS301 rsp= <Response [200]>
getNewStudentsInSubject: ITS 7, BB 33 -> 7 new enrollments
getWS: requesting:  http://10.0.100.98:8000/itsenrol/classlist/2018/22/SDES202 rsp= <Response [200]>
getWS: requesting:  http://10.0.100.98:8000/bbinfo/classlist/SDES202 rsp= <Response [200]>
getNewStudentsInSubject: ITS 60, BB 2 -> 60 new enrollments
getWS: requesting:  http://10.0.100.98:8000/itsenrol/classlist/2018/22/ECOM202 rsp= <Response [200]>
getWS: requesting:  http://10.0.100.98:8000/bbinfo/classlist/ECOM202 rsp= <Response [200]>
getNewStudentsInSubject: ITS 6, BB 30 -> 5 new enrollments
getWS: requesting:  http://10.0.100.98:8000/itsenrol/classlist/2018/22/DGTE101 rsp= <Response [200]>
getWS: requesting:  http://10.0.100.98:8000/bbinfo/classlist/DGTE101 rsp= <Response [200]>
getNewStudentsInSubject: ITS 82, BB 1 -> 82 new enrollments
getWS: requesting:  http://10.0.100.98:8000/itsenrol/classlist/2018/22/NETS201 rsp= <Response [200]>
getWS: requesting:  http://10.0.100.98:8000/bbinfo/classlist/NETS201 rsp= <Response [200]>
getNewStudentsInSubject: ITS 56, BB 230 -> 52 new enrollments
getWS: requesting:  http://10.0.100.98:8000/itsenrol/classlist/2018/22/ECOM402 rsp= <Response [200]>
getWS: requesting:  http://10.0.100.98:8000/bbinfo/classlist/ECOM402 rsp= <Response [200]>
getNewStudentsInSubject: ITS 20, BB 1 -> 20 new enrollments
getWS: requesting:  http://10.0.100.98:8000/itsenrol/classlist/2018/22/ECDS301 rsp= <Response [200]>
getWS: requesting:  http://10.0.100.98:8000/bbinfo/classlist/ECDS301 rsp= <Response [200]>
getNewStudentsInSubject: ITS 0, BB 1 -> 0 new enrollments
getWS: requesting:  http://10.0.100.98:8000/itsenrol/classlist/2018/22/MPRO302 rsp= <Response [200]>
getWS: requesting:  http://10.0.100.98:8000/bbinfo/classlist/MPRO302 rsp= <Response [200]>
getNewStudentsInSubject: ITS 15, BB 31 -> 14 new enrollments
getWS: requesting:  http://10.0.100.98:8000/itsenrol/classlist/2018/22/IPRJ401 rsp= <Response [200]>
getWS: requesting:  http://10.0.100.98:8000/bbinfo/classlist/IPRJ401 rsp= <Response [200]>
getNewStudentsInSubject: ITS 15, BB 118 -> 12 new enrollments
getWS: requesting:  http://10.0.100.98:8000/itsenrol/classlist/2018/22/DICM201 rsp= <Response [200]>
getWS: requesting:  http://10.0.100.98:8000/bbinfo/classlist/DICM201 rsp= <Response [200]>
getNewStudentsInSubject: ITS 0, BB 49 -> 0 new enrollments
getWS: requesting:  http://10.0.100.98:8000/itsenrol/classlist/2018/22/PCSB301 rsp= <Response [200]>
getWS: requesting:  http://10.0.100.98:8000/bbinfo/classlist/PCSB301 rsp= <Response [200]>
getNewStudentsInSubject: ITS 0, BB 1 -> 0 new enrollments
getWS: requesting:  http://10.0.100.98:8000/itsenrol/classlist/2018/22/ETRS201 rsp= <Response [200]>
getWS: requesting:  http://10.0.100.98:8000/bbinfo/classlist/ETRS201 rsp= <Response [200]>
getNewStudentsInSubject: ITS 19, BB 328 -> 3 new enrollments
getWS: requesting:  http://10.0.100.98:8000/itsenrol/classlist/2018/22/ANLB101 rsp= <Response [200]>
getWS: requesting:  http://10.0.100.98:8000/bbinfo/classlist/ANLB101 rsp= <Response [200]>
getNewStudentsInSubject: ITS 42, BB 2 -> 42 new enrollments
main: Writing students...
main: Writing enrollments...
main: Finished processing workingSheets/data/BBC3506ElectronicEngineering2017.xls
main: 54 subjects processed
main: 133 subject -> classroom maps
main: 515 students
main: 1027 student enrollments 0 errors
0.84user 0.18system 0:10.58elapsed 9%CPU (0avgtext+0avgdata 62672maxresident)k
152inputs+248outputs (0major+7413minor)pagefaults 0swaps
POSTING SNAPSHOTS to SIS endpoint
TEST RUN, NOT POSTING BBSTUDENTS
TEST RUN, NOT POSTIN BBENROL
copy snapshot files to saved output
=== department done ===
syncing logs...
Pushing logs from logs/20180723111852 to remote...
sending incremental file list
./
BBC3506ElectronicEngineering2017.BBENROL.txt
BBC3506ElectronicEngineering2017.BBSTUDENTS.txt
BBC3506ElectronicEngineering2017.Enrolomat.txt
BBC3506ElectronicEngineering2017.Postlog.txt

sent 292138 bytes  received 91 bytes  53132.55 bytes/sec
total size is 7678964  speedup is 26.28
logging to logs/20180723111852
=== generate newenrollments for BBC3507IndustrialEngineering2017. ===
GENERATE SNAPSHOTS...
./BBCIncrementalEnrollerX2.py : generating enrolment files for subjects in  workingSheets/data/BBC3507IndustrialEngineering2017.xls
processXLS: start spreadsheet workingSheets/data/BBC3507IndustrialEngineering2017.xls
[u'2018 Blackboard Classrooms for Department: 3507 - INDUSTRIAL ENGINEERING', u'', u'', u'', u'', u'', u'', u'', u'', u'', u'', u'', u'']
check '2018 Blackboard Classrooms for Department: 3507 - INDUSTRIAL ENGINEERING' ''
[u'', u'', u'', u'', u'', u'', u'', u'', u'', u'', u'', u'', u'']
check '' ''
[u'BB Classroom', u'Migrate Classroom', u'ITS Subject', u'', u'ITS Qualification', u'', u'Block', u'', u'Off Type', u'', u'Grp', u'Lecturer(s)', u'2016 Enrol']
check 'BB Classroom' 'ITS Subject'
[u'CADN102_SEM1_2018', u'CADN102_SEM1_2017', u'CADN102', u'COMPUTER AIDED DRAUGHTING I', u'NDIND2', u'ND: ENGINEERING: INDUSTRIAL', 21.0, u'SEMESTER 1', u'D1', u'Durban Campus Full-time', u'A', u'40004696:PANCHA', u'`']
check 'CADN102_SEM1_2018' 'CADN102'
processXLS: only for SEM2 [u'CADN102_SEM1_2018', u'CADN102_SEM1_2017', u'CADN102', u'COMPUTER AIDED DRAUGHTING I', u'NDIND2', u'ND: ENGINEERING: INDUSTRIAL', 21.0, u'SEMESTER 1', u'D1', u'Durban Campus Full-time', u'A', u'40004696:PANCHA', u'`']
[u'', u'', u'', u'', u'', u'', u'', u'', u'', u'', u'', u'', u'']
check '' ''
[u'CADN102_SEM2_2018', u'CADN102_SEM2_2017', u'CADN102', u'COMPUTER AIDED DRAUGHTING I', u'NDIND2', u'ND: ENGINEERING: INDUSTRIAL', u'22', u'SEMESTER 2', u'D1', u'Durban Campus Full-time', u'A', u'40004696:PANCHA', 51.0]
check 'CADN102_SEM2_2018' 'CADN102'
adding  CADN102
requesting:  http://10.0.100.98:8000/bbinfo/matching_courses/CADN102%25
r= <Response [200]>
matching classes= set([u'CADN102_ALL_2016', u'CADN102_13_PANU', u'CADN102_SEM1_2018', u'CADN102_SEM2_2018', u'CADN102_SEM2_2017', u'CADN102_SEM1_2017'])
[u'', u'', u'', u'', u'', u'', u'', u'', u'', u'', u'', u'', u'']
check '' ''
[u'EWOR103_SEM1_2018', u'EWOR103_SEM1_2017', u'EWOR103', u'ENGINEERING WORK STUDY I', u'NDIND2', u'ND: ENGINEERING: INDUSTRIAL', u'21', u'SEMESTER 1', u'D1', u'Durban Campus Full-time', u'A', u'40008907:DEWA', 34.0]
check 'EWOR103_SEM1_2018' 'EWOR103'
processXLS: only for SEM2 [u'EWOR103_SEM1_2018', u'EWOR103_SEM1_2017', u'EWOR103', u'ENGINEERING WORK STUDY I', u'NDIND2', u'ND: ENGINEERING: INDUSTRIAL', u'21', u'SEMESTER 1', u'D1', u'Durban Campus Full-time', u'A', u'40008907:DEWA', 34.0]
[u'', u'', u'', u'', u'', u'', u'', u'', u'', u'', u'', u'', u'']
check '' ''
[u'', u'', u'', u'', u'', u'', u'', u'', u'', u'', u'', u'', u'']
check '' ''
[u'EWOR103_SEM2_2018', u'EWOR103_SEM2_2017', u'EWOR103', u'ENGINEERING WORK STUDY I', u'NDIND2', u'ND: ENGINEERING: INDUSTRIAL', u'22', u'SEMESTER 2', u'D1', u'Durban Campus Full-time', u'A', u'40008907:DEWA', 51.0]
check 'EWOR103_SEM2_2018' 'EWOR103'
adding  EWOR103
requesting:  http://10.0.100.98:8000/bbinfo/matching_courses/EWOR103%25
r= <Response [200]>
matching classes= set([u'EWOR103_SEM1_2017', u'EWOR103_SEM2_2017', u'EWOR103_SEM2_2018', u'EWOR103_SEM1_2018', u'EWOR103_13_DEWM', u'EWOR103_ALL_2016'])
[u'', u'', u'', u'', u'', u'', u'', u'', u'', u'', u'', u'', u'']
check '' ''
[u'MCHD101_SEM1_2018', u'MCHD101_SEM1_2017', u'MCHD101', u'MECHANICAL ENGINEERING DRAWING I', u'NDIND2', u'ND: ENGINEERING: INDUSTRIAL', u'21', u'SEMESTER 1', u'D1', u'Durban Campus Full-time', u'A', u'40004696:PANCHA', 64.0]
check 'MCHD101_SEM1_2018' 'MCHD101'
processXLS: only for SEM2 [u'MCHD101_SEM1_2018', u'MCHD101_SEM1_2017', u'MCHD101', u'MECHANICAL ENGINEERING DRAWING I', u'NDIND2', u'ND: ENGINEERING: INDUSTRIAL', u'21', u'SEMESTER 1', u'D1', u'Durban Campus Full-time', u'A', u'40004696:PANCHA', 64.0]
[u'', u'', u'', u'', u'', u'', u'', u'', u'', u'', u'', u'', u'']
check '' ''
[u'MCHD101_SEM2_2018', u'MCHD101_SEM2_2017', u'MCHD101', u'MECHANICAL ENGINEERING DRAWING I', u'NDIND2', u'ND: ENGINEERING: INDUSTRIAL', u'22', u'SEMESTER 2', u'D1', u'Durban Campus Full-time', u'A', u'40004696:PANCHA', 34.0]
check 'MCHD101_SEM2_2018' 'MCHD101'
adding  MCHD101
requesting:  http://10.0.100.98:8000/bbinfo/matching_courses/MCHD101%25
r= <Response [200]>
matching classes= set([u'MCHD101_SEM1_2017', u'MCHD101_SEM2_2017', u'MCHD101_SEM2_2018', u'MCHD101_SEM1_2018', u'MCHD101_ALL_2016', u'MCHD101_13_PANU'])
[u'', u'', u'', u'', u'', u'', u'', u'', u'', u'', u'', u'', u'']
check '' ''
[u'PEIN102_SEM1_2018', u'PEIN102_SEM2_2017', u'PEIN102', u'PRODUCTION ENGINEERING: INDUSTRIAL I', u'NDIND2', u'ND: ENGINEERING: INDUSTRIAL', u'21', u'SEMESTER 1', u'D1', u'Durban Campus Full-time', u'A', u'40003881:JACKSON', 46.0]
check 'PEIN102_SEM1_2018' 'PEIN102'
processXLS: only for SEM2 [u'PEIN102_SEM1_2018', u'PEIN102_SEM2_2017', u'PEIN102', u'PRODUCTION ENGINEERING: INDUSTRIAL I', u'NDIND2', u'ND: ENGINEERING: INDUSTRIAL', u'21', u'SEMESTER 1', u'D1', u'Durban Campus Full-time', u'A', u'40003881:JACKSON', 46.0]
[u'', u'', u'', u'', u'', u'', u'', u'', u'', u'', u'', u'', u'']
check '' ''
[u'PEIN102_SEM2_2018', u'PEIN102_SEM2_2017', u'PEIN102', u'PRODUCTION ENGINEERING: INDUSTRIAL I', u'NDIND2', u'ND: ENGINEERING: INDUSTRIAL', 21.0, u'SEMESTER 2', u'D1', u'Durban Campus Full-time', u'A', u'40004696:PANCHA', 47.0]
check 'PEIN102_SEM2_2018' 'PEIN102'
processXLS: only for SEM2 [u'PEIN102_SEM2_2018', u'PEIN102_SEM2_2017', u'PEIN102', u'PRODUCTION ENGINEERING: INDUSTRIAL I', u'NDIND2', u'ND: ENGINEERING: INDUSTRIAL', 21.0, u'SEMESTER 2', u'D1', u'Durban Campus Full-time', u'A', u'40004696:PANCHA', 47.0]
[u'', u'', u'', u'', u'', u'', u'', u'', u'', u'', u'', u'', u'']
check '' ''
[u'QAST101_SEM2_2018', u'QAST101_SEM2_2017', u'QAST101', u'QUALITY ASSURANCE AND STATISTICS I', u'NDPPT2', u'ND:  PULP AND PAPER TECHNOLOGY', u'22', u'SEMESTER 2', u'D1', u'Durban Campus Full-time', u'A', u'40010235: PADIA', 29.0]
check 'QAST101_SEM2_2018' 'QAST101'
adding  QAST101
requesting:  http://10.0.100.98:8000/bbinfo/matching_courses/QAST101%25
r= <Response [200]>
matching classes= set([u'QAST101_SEM2_2018', u'QAST101_13_THOC', u'QAST101_SEM2_2016', u'QAST101_SEM2_2017'])
[u'', u'', u'', u'', u'', u'', u'', u'', u'', u'', u'', u'', u'']
check '' ''
[u'QTES101_SEM1_2018', u'QTES101_SEM2_2017', u'QTES101', u'QUALITATIVE TECHNIQUES I', u'NDIND2', u'ND: ENGINEERING: INDUSTRIAL', u'21', u'SEMESTER 1', u'D1', u'Durban Campus Full-time', u'A', u'40003313:LOURENS', 31.0]
check 'QTES101_SEM1_2018' 'QTES101'
processXLS: only for SEM2 [u'QTES101_SEM1_2018', u'QTES101_SEM2_2017', u'QTES101', u'QUALITATIVE TECHNIQUES I', u'NDIND2', u'ND: ENGINEERING: INDUSTRIAL', u'21', u'SEMESTER 1', u'D1', u'Durban Campus Full-time', u'A', u'40003313:LOURENS', 31.0]
[u'', u'', u'', u'', u'', u'', u'', u'', u'', u'', u'', u'', u'']
check '' ''
[u'QTES101_SEM2_2018', u'QTES101_SEM2_2017', u'QTES101', u'QUALITATIVE TECHNIQUES I', u'NDIND2', u'ND: ENGINEERING: INDUSTRIAL', u'22', u'SEMESTER 2', u'D1', u'Durban Campus Full-time', u'A', u'40003313:LOURENS', 57.0]
check 'QTES101_SEM2_2018' 'QTES101'
adding  QTES101
requesting:  http://10.0.100.98:8000/bbinfo/matching_courses/QTES101%25
r= <Response [200]>
matching classes= set([u'QTES101_SEM2_2017', u'QTES101_SEM2_2018', u'QTES101_13_LOUC', u'QTES101_SEM1_2018', u'QTES101_ALL_2016', u'QTES101_SEM1_2017'])
[u'', u'', u'', u'', u'', u'', u'', u'', u'', u'', u'', u'', u'']
check '' ''
[u'COST201_SEM1_2018', u'COST201_SEM1_2017', u'COST201', u'COSTING II', u'NDIND2', u'ND: ENGINEERING: INDUSTRIAL', u'21', u'SEMESTER 1', u'D1', u'Durban Campus Full-time', u'A', u'40010144:KALIDEEN;40003314:NAICKER;40010129:PARSAD', 43.0]
check 'COST201_SEM1_2018' 'COST201'
processXLS: only for SEM2 [u'COST201_SEM1_2018', u'COST201_SEM1_2017', u'COST201', u'COSTING II', u'NDIND2', u'ND: ENGINEERING: INDUSTRIAL', u'21', u'SEMESTER 1', u'D1', u'Durban Campus Full-time', u'A', u'40010144:KALIDEEN;40003314:NAICKER;40010129:PARSAD', 43.0]
[u'', u'', u'', u'', u'', u'', u'', u'', u'', u'', u'', u'', u'']
check '' ''
[u'COST201_SEM2_2018', u'COST201_SEM2_2017', u'COST201', u'COSTING II', u'NDIND2', u'ND: ENGINEERING: INDUSTRIAL', u'22', u'SEMESTER 2', u'D1', u'Durban Campus Full-time', u'A', u'', 48.0]
check 'COST201_SEM2_2018' 'COST201'
adding  COST201
requesting:  http://10.0.100.98:8000/bbinfo/matching_courses/COST201%25
r= <Response [200]>
matching classes= set([u'COST201_SEM1_2018', u'COST201_SEM2_2018', u'COST201_13_NAIA', u'COST201_SEM2_2017', u'COST201_SEM1_2017', u'COST201_ALL_2016'])
[u'', u'', u'', u'', u'', u'', u'', u'', u'', u'', u'', u'', u'']
check '' ''
[u'EWOR203_SEM1_2018', u'EWOR203_SEM2_2017', u'EWOR203', u'ENGINEERING WORK STUDY II', u'NDIND2', u'ND: ENGINEERING: INDUSTRIAL', u'21', u'SEMESTER 1', u'D1', u'Durban Campus Full-time', u'A', u'40003313:LOURENS', 41.0]
check 'EWOR203_SEM1_2018' 'EWOR203'
processXLS: only for SEM2 [u'EWOR203_SEM1_2018', u'EWOR203_SEM2_2017', u'EWOR203', u'ENGINEERING WORK STUDY II', u'NDIND2', u'ND: ENGINEERING: INDUSTRIAL', u'21', u'SEMESTER 1', u'D1', u'Durban Campus Full-time', u'A', u'40003313:LOURENS', 41.0]
[u'', u'', u'', u'', u'', u'', u'', u'', u'', u'', u'', u'', u'']
check '' ''
[u'EWOR203_SEM2_2018', u'EWOR203_SEM2_2017', u'EWOR203', u'ENGINEERING WORK STUDY II', u'NDIND2', u'ND: ENGINEERING: INDUSTRIAL', u'22', u'SEMESTER 2', u'D1', u'Durban Campus Full-time', u'A', u'40003313:LOURENS', 29.0]
check 'EWOR203_SEM2_2018' 'EWOR203'
adding  EWOR203
requesting:  http://10.0.100.98:8000/bbinfo/matching_courses/EWOR203%25
r= <Response [200]>
matching classes= set([u'EWOR203_13_LOUC', u'EWOR203_SEM1_2017', u'EWOR203_SEM1_2018', u'EWOR203_SEM2_2018', u'EWOR203_SEM2_2017', u'EWOR203_ALL_2016'])
[u'', u'', u'', u'', u'', u'', u'', u'', u'', u'', u'', u'', u'']
check '' ''
[u'FLYH201_SEM1_2018', u'FLYH201_SEM2_2017', u'FLYH201', u'FACILITY LAY-OUT & MATERIALS HANDLING II', u'NDIND2', u'ND: ENGINEERING: INDUSTRIAL', u'21', u'SEMESTER 1', u'D1', u'Durban Campus Full-time', u'A', u'40003881:JACKSON', 45.0]
check 'FLYH201_SEM1_2018' 'FLYH201'
processXLS: only for SEM2 [u'FLYH201_SEM1_2018', u'FLYH201_SEM2_2017', u'FLYH201', u'FACILITY LAY-OUT & MATERIALS HANDLING II', u'NDIND2', u'ND: ENGINEERING: INDUSTRIAL', u'21', u'SEMESTER 1', u'D1', u'Durban Campus Full-time', u'A', u'40003881:JACKSON', 45.0]
[u'', u'', u'', u'', u'', u'', u'', u'', u'', u'', u'', u'', u'']
check '' ''
[u'FLYH201_SEM2_2018', u'FLYH201_SEM2_2017', u'FLYH201', u'FACILITY LAY-OUT & MATERIALS HANDLING II', u'NDIND2', u'ND: ENGINEERING: INDUSTRIAL', u'22', u'SEMESTER 2', u'D1', u'Durban Campus Full-time', u'A', u'40003881:JACKSON', 30.0]
check 'FLYH201_SEM2_2018' 'FLYH201'
adding  FLYH201
requesting:  http://10.0.100.98:8000/bbinfo/matching_courses/FLYH201%25
r= <Response [200]>
matching classes= set([u'Flyh201_15', u'FLYH201_13_JACH', u'FLYH201_ALL_2016', u'FLYH201_SEM2_2018', u'FLYH201_2015', u'FLYH201_SEM1_2018', u'FLYH201_SEM1_2017', u'FLYH201_SEM2_2017'])
[u'', u'', u'', u'', u'', u'', u'', u'', u'', u'', u'', u'', u'']
check '' ''
[u'MREL201_SEM1_2018', u'MREL201_SEM1_2017', u'MREL201', u'MANUFACTURING RELATIONS II', u'NDIND2', u'ND: ENGINEERING: INDUSTRIAL', u'21', u'SEMESTER 1', u'D1', u'Durban Campus Full-time', u'A', u'40010235: PADIA', 33.0]
check 'MREL201_SEM1_2018' 'MREL201'
processXLS: only for SEM2 [u'MREL201_SEM1_2018', u'MREL201_SEM1_2017', u'MREL201', u'MANUFACTURING RELATIONS II', u'NDIND2', u'ND: ENGINEERING: INDUSTRIAL', u'21', u'SEMESTER 1', u'D1', u'Durban Campus Full-time', u'A', u'40010235: PADIA', 33.0]
[u'', u'', u'', u'', u'', u'', u'', u'', u'', u'', u'', u'', u'']
check '' ''
[u'MREL201_SEM2_2018', u'MREL201_SEM2_2017', u'MREL201', u'MANUFACTURING RELATIONS II', u'NDIND2', u'ND: ENGINEERING: INDUSTRIAL', u'22', u'SEMESTER 2', u'D1', u'Durban Campus Full-time', u'A', u'40010235: PADIA', 32.0]
check 'MREL201_SEM2_2018' 'MREL201'
adding  MREL201
requesting:  http://10.0.100.98:8000/bbinfo/matching_courses/MREL201%25
r= <Response [200]>
matching classes= set([u'MREL201_ALL_2016', u'MREL201_13_JACH', u'MREL201_SEM1_2018', u'MREL201_SEM2_2018', u'MREL201_SEM2_2017', u'MREL201_SEM1_2017'])
[u'', u'', u'', u'', u'', u'', u'', u'', u'', u'', u'', u'', u'']
check '' ''
[u'PEIN202_SEM1_2018', u'PEIN202_SEM1_2017', u'PEIN202', u'PRODUCTION ENGINEERING : INDUSTRIAL II', u'NDIND2', u'ND: ENGINEERING: INDUSTRIAL', u'21', u'SEMESTER 1', u'D1', u'Durban Campus Full-time', u'A', u'40008907:DEWA', 30.0]
check 'PEIN202_SEM1_2018' 'PEIN202'
processXLS: only for SEM2 [u'PEIN202_SEM1_2018', u'PEIN202_SEM1_2017', u'PEIN202', u'PRODUCTION ENGINEERING : INDUSTRIAL II', u'NDIND2', u'ND: ENGINEERING: INDUSTRIAL', u'21', u'SEMESTER 1', u'D1', u'Durban Campus Full-time', u'A', u'40008907:DEWA', 30.0]
[u'', u'', u'', u'', u'', u'', u'', u'', u'', u'', u'', u'', u'']
check '' ''
[u'PEIN202_SEM2_2018', u'PEIN202_SEM2_2017', u'PEIN202', u'PRODUCTION ENGINEERING : INDUSTRIAL II', u'NDIND2', u'ND: ENGINEERING: INDUSTRIAL', u'22', u'SEMESTER 2', u'D1', u'Durban Campus Full-time', u'A', u'40008907:DEWA', 37.0]
check 'PEIN202_SEM2_2018' 'PEIN202'
adding  PEIN202
requesting:  http://10.0.100.98:8000/bbinfo/matching_courses/PEIN202%25
r= <Response [200]>
matching classes= set([u'PEIN202_SEM1_2018', u'PEIN202_SEM2_2017', u'PEIN202_ALL_2016', u'PEIN202_13_DEWM', u'PEIN202_SEM2_2018', u'PEIN202_SEM1_2017'])
[u'', u'', u'', u'', u'', u'', u'', u'', u'', u'', u'', u'', u'']
check '' ''
[u'QASS201_SEM1_2018', u'QASS201_SEM1_2017', u'QASS201', u'QUALITY ASSURANCE II', u'NDIND2', u'ND: ENGINEERING: INDUSTRIAL', u'21', u'SEMESTER 1', u'D1', u'Durban Campus Full-time', u'A', u'40010235: PADIA', 34.0]
check 'QASS201_SEM1_2018' 'QASS201'
processXLS: only for SEM2 [u'QASS201_SEM1_2018', u'QASS201_SEM1_2017', u'QASS201', u'QUALITY ASSURANCE II', u'NDIND2', u'ND: ENGINEERING: INDUSTRIAL', u'21', u'SEMESTER 1', u'D1', u'Durban Campus Full-time', u'A', u'40010235: PADIA', 34.0]
[u'', u'', u'', u'', u'', u'', u'', u'', u'', u'', u'', u'', u'']
check '' ''
[u'QASS201_SEM2_2018', u'QASS201_SEM2_2017', u'QASS201', u'QUALITY ASSURANCE II', u'NDIND2', u'ND: ENGINEERING: INDUSTRIAL', u'22', u'SEMESTER 2', u'D1', u'Durban Campus Full-time', u'A', u'40010235: PADIA', 30.0]
check 'QASS201_SEM2_2018' 'QASS201'
adding  QASS201
requesting:  http://10.0.100.98:8000/bbinfo/matching_courses/QASS201%25
r= <Response [200]>
matching classes= set([u'QASS201_ALL_2016', u'QASS201_13_NAIA', u'QASS201_SEM1_2017', u'QASS201_SEM2_2017', u'QASS201_SEM2_2018', u'QASS201_SEM1_2018'])
[u'', u'', u'', u'', u'', u'', u'', u'', u'', u'', u'', u'', u'']
check '' ''
[u'AUMA301_SEM1_2018', u'AUMA301_SEM2_2017', u'AUMA301', u'AUTOMATION III', u'NDIND2', u'ND: ENGINEERING: INDUSTRIAL', u'21', u'SEMESTER 1', u'D1', u'Durban Campus Full-time', u'A', u'40003313:LOURENS', 33.0]
check 'AUMA301_SEM1_2018' 'AUMA301'
processXLS: only for SEM2 [u'AUMA301_SEM1_2018', u'AUMA301_SEM2_2017', u'AUMA301', u'AUTOMATION III', u'NDIND2', u'ND: ENGINEERING: INDUSTRIAL', u'21', u'SEMESTER 1', u'D1', u'Durban Campus Full-time', u'A', u'40003313:LOURENS', 33.0]
[u'', u'', u'', u'', u'', u'', u'', u'', u'', u'', u'', u'', u'']
check '' ''
[u'AUMA301_SEM2_2018', u'AUMA301_SEM2_2017', u'AUMA301', u'AUTOMATION III', u'NDIND2', u'ND: ENGINEERING: INDUSTRIAL', u'22', u'SEMESTER 2', u'D1', u'Durban Campus Full-time', u'A', u'40003313:LOURENS', 45.0]
check 'AUMA301_SEM2_2018' 'AUMA301'
adding  AUMA301
requesting:  http://10.0.100.98:8000/bbinfo/matching_courses/AUMA301%25
r= <Response [200]>
matching classes= set([u'AUMA301_SEM1_2018', u'AUMA301_SEM2_2018', u'AUMA301_SEM2_2017', u'AUMA301_SEM1_2017', u'AUMA301_13_LOUC', u'AUMA301_ALL_2016'])
[u'', u'', u'', u'', u'', u'', u'', u'', u'', u'', u'', u'', u'']
check '' ''
[u'EWOR302_SEM1_2018', u'EWOR302_SEM1_2017', u'EWOR302', u'ENGINEERING WORK STUDY III', u'NDIND2', u'ND: ENGINEERING: INDUSTRIAL', u'21', u'SEMESTER 1', u'D1', u'Durban Campus Full-time', u'A', u'40000398:SINGH', 29.0]
check 'EWOR302_SEM1_2018' 'EWOR302'
processXLS: only for SEM2 [u'EWOR302_SEM1_2018', u'EWOR302_SEM1_2017', u'EWOR302', u'ENGINEERING WORK STUDY III', u'NDIND2', u'ND: ENGINEERING: INDUSTRIAL', u'21', u'SEMESTER 1', u'D1', u'Durban Campus Full-time', u'A', u'40000398:SINGH', 29.0]
[u'', u'', u'', u'', u'', u'', u'', u'', u'', u'', u'', u'', u'']
check '' ''
[u'EWOR302_SEM2_2018', u'EWOR302_SEM2_2017', u'EWOR302', u'ENGINEERING WORK STUDY III', u'NDIND2', u'ND: ENGINEERING: INDUSTRIAL', u'22', u'SEMESTER 2', u'D1', u'Durban Campus Full-time', u'A', u'40000398:SINGH', 36.0]
check 'EWOR302_SEM2_2018' 'EWOR302'
adding  EWOR302
requesting:  http://10.0.100.98:8000/bbinfo/matching_courses/EWOR302%25
r= <Response [200]>
matching classes= set([u'EWOR302_SEM1_2018', u'EWOR302_SEM2_2017', u'EWOR302_ALL_2016', u'EWOR302_13_SINR', u'EWOR302_SEM2_2018', u'EWOR302_SEM1_2017'])
[u'', u'', u'', u'', u'', u'', u'', u'', u'', u'', u'', u'', u'']
check '' ''
[u'ILEA301_SEM1_2018', u'ILEA301_SEM1_2017', u'ILEA301', u'INDUSTRIAL LEADERSHIP III', u'NDIND2', u'ND: ENGINEERING: INDUSTRIAL', u'21', u'SEMESTER 1', u'D1', u'Durban Campus Full-time', u'A', u'40003314:NAICKER', 23.0]
check 'ILEA301_SEM1_2018' 'ILEA301'
processXLS: only for SEM2 [u'ILEA301_SEM1_2018', u'ILEA301_SEM1_2017', u'ILEA301', u'INDUSTRIAL LEADERSHIP III', u'NDIND2', u'ND: ENGINEERING: INDUSTRIAL', u'21', u'SEMESTER 1', u'D1', u'Durban Campus Full-time', u'A', u'40003314:NAICKER', 23.0]
[u'', u'', u'', u'', u'', u'', u'', u'', u'', u'', u'', u'', u'']
check '' ''
[u'ILEA301_SEM2_2018', u'ILEA301_SEM2_2017', u'ILEA301', u'INDUSTRIAL LEADERSHIP III', u'NDIND2', u'ND: ENGINEERING: INDUSTRIAL', u'22', u'SEMESTER 2', u'D1', u'Durban Campus Full-time', u'A', u'40000524:SIBISI;40003314:NAICKER', 40.0]
check 'ILEA301_SEM2_2018' 'ILEA301'
adding  ILEA301
requesting:  http://10.0.100.98:8000/bbinfo/matching_courses/ILEA301%25
r= <Response [200]>
matching classes= set([u'ILEA301_SEM2_2018', u'ILEA301_SEM1_2017', u'ILEA301_SEM1_2018', u'ILEA301_SEM2_2017', u'ILEA301_13_JACH', u'ILEA301_ALL_2016'])
[u'', u'', u'', u'', u'', u'', u'', u'', u'', u'', u'', u'', u'']
check '' ''
[u'INDA303_SEM1_2018', u'INDA303_SEM1_2017', u'INDA303', u'INDUSTRIAL ACCOUNTING III', u'NDIND2', u'ND: ENGINEERING: INDUSTRIAL', u'21', u'SEMESTER 1', u'D1', u'Durban Campus Full-time', u'A', u'40004696:PANCHA;40010144:KALIDEEN', 34.0]
check 'INDA303_SEM1_2018' 'INDA303'
processXLS: only for SEM2 [u'INDA303_SEM1_2018', u'INDA303_SEM1_2017', u'INDA303', u'INDUSTRIAL ACCOUNTING III', u'NDIND2', u'ND: ENGINEERING: INDUSTRIAL', u'21', u'SEMESTER 1', u'D1', u'Durban Campus Full-time', u'A', u'40004696:PANCHA;40010144:KALIDEEN', 34.0]
[u'', u'', u'', u'', u'', u'', u'', u'', u'', u'', u'', u'', u'']
check '' ''
[u'INDA303_SEM2_2018', u'INDA303_SEM2_2017', u'INDA303', u'INDUSTRIAL ACCOUNTING III', u'NDIND2', u'ND: ENGINEERING: INDUSTRIAL', u'22', u'SEMESTER 2', u'D1', u'Durban Campus Full-time', u'A', u'40004696:PANCHA;40010144:KALIDEEN', 37.0]
check 'INDA303_SEM2_2018' 'INDA303'
adding  INDA303
requesting:  http://10.0.100.98:8000/bbinfo/matching_courses/INDA303%25
r= <Response [200]>
matching classes= set([u'INDA303_ALL_2016', u'INDA303_SEM2_2018', u'INDA303_SEM1_2018', u'INDA303_SEM1_2017', u'INDA303_SEM2_2017', u'INDA303_13_PANU'])
[u'', u'', u'', u'', u'', u'', u'', u'', u'', u'', u'', u'', u'']
check '' ''
[u'OPRS303_SEM1_2018', u'OPRS303_SEM1_2017', u'OPRS303', u'OPERATIONAL RESEARCH III', u'NDIND2', u'ND: ENGINEERING: INDUSTRIAL', u'21', u'SEMESTER 1', u'D1', u'Durban Campus Full-time', u'A', u'40003314:NAICKER;40010129:PARSAD', 33.0]
check 'OPRS303_SEM1_2018' 'OPRS303'
processXLS: only for SEM2 [u'OPRS303_SEM1_2018', u'OPRS303_SEM1_2017', u'OPRS303', u'OPERATIONAL RESEARCH III', u'NDIND2', u'ND: ENGINEERING: INDUSTRIAL', u'21', u'SEMESTER 1', u'D1', u'Durban Campus Full-time', u'A', u'40003314:NAICKER;40010129:PARSAD', 33.0]
[u'', u'', u'', u'', u'', u'', u'', u'', u'', u'', u'', u'', u'']
check '' ''
[u'OPRS303_SEM2_2018', u'OPRS303_SEM2_2017', u'OPRS303', u'OPERATIONAL RESEARCH III', u'NDIND2', u'ND: ENGINEERING: INDUSTRIAL', u'22', u'SEMESTER 2', u'D1', u'Durban Campus Full-time', u'A', u'40003314:NAICKER;40010129:PARSAD', 29.0]
check 'OPRS303_SEM2_2018' 'OPRS303'
adding  OPRS303
requesting:  http://10.0.100.98:8000/bbinfo/matching_courses/OPRS303%25
r= <Response [200]>
matching classes= set([u'OPRS303_SEM1_2017', u'OPRS303_SEM1_2018', u'OPRS303_13_NAIA', u'OPRS303_SEM2_2018', u'OPRS303_SEM2_2017', u'OPRS303_ALL_2016'])
[u'', u'', u'', u'', u'', u'', u'', u'', u'', u'', u'', u'', u'']
check '' ''
[u'ENTR401_SEM1_2018', u'ENTR401_SEM1_2017', u'ENTR401', u'ENTREPRENEURSHIP IV', u'BTIND1', u'BT: ENGINEERING: INDUSTRIAL', u'21', u'SEMESTER 1', u'D1', u'Durban Campus Full-time', u'A', u'40003881:JACKSON', 28.0]
check 'ENTR401_SEM1_2018' 'ENTR401'
processXLS: only for SEM2 [u'ENTR401_SEM1_2018', u'ENTR401_SEM1_2017', u'ENTR401', u'ENTREPRENEURSHIP IV', u'BTIND1', u'BT: ENGINEERING: INDUSTRIAL', u'21', u'SEMESTER 1', u'D1', u'Durban Campus Full-time', u'A', u'40003881:JACKSON', 28.0]
[u'ENTR401_SEM1_2018', u'ENTR401_SEM1_2017', u'ENTR401', u'ENTREPRENEURSHIP IV', u'BTIND1', u'BT: ENGINEERING: INDUSTRIAL', u'21', u'SEMESTER 1', u'D3', u'Durban Campus Part-time', u'A', u'40003881:JACKSON', 24.0]
check 'ENTR401_SEM1_2018' 'ENTR401'
processXLS: only for SEM2 [u'ENTR401_SEM1_2018', u'ENTR401_SEM1_2017', u'ENTR401', u'ENTREPRENEURSHIP IV', u'BTIND1', u'BT: ENGINEERING: INDUSTRIAL', u'21', u'SEMESTER 1', u'D3', u'Durban Campus Part-time', u'A', u'40003881:JACKSON', 24.0]
[u'', u'', u'', u'', u'', u'', u'', u'', u'', u'', u'', u'', u'']
check '' ''
[u'INSY401_SEM1_2018', u'INSY401_SEM1_2017', u'INSY401', u'INFORMATION SYSTEMS IV', u'BTIND1', u'BT: ENGINEERING: INDUSTRIAL', u'21', u'SEMESTER 1', u'D1', u'Durban Campus Full-time', u'A', u'40000398:SINGH', 29.0]
check 'INSY401_SEM1_2018' 'INSY401'
processXLS: only for SEM2 [u'INSY401_SEM1_2018', u'INSY401_SEM1_2017', u'INSY401', u'INFORMATION SYSTEMS IV', u'BTIND1', u'BT: ENGINEERING: INDUSTRIAL', u'21', u'SEMESTER 1', u'D1', u'Durban Campus Full-time', u'A', u'40000398:SINGH', 29.0]
[u'INSY401_SEM1_2018', u'INSY401_SEM1_2017', u'INSY401', u'INFORMATION SYSTEMS IV', u'BTIND1', u'BT: ENGINEERING: INDUSTRIAL', u'21', u'SEMESTER 1', u'D3', u'Durban Campus Part-time', u'A', u'40000398:SINGH', 24.0]
check 'INSY401_SEM1_2018' 'INSY401'
processXLS: only for SEM2 [u'INSY401_SEM1_2018', u'INSY401_SEM1_2017', u'INSY401', u'INFORMATION SYSTEMS IV', u'BTIND1', u'BT: ENGINEERING: INDUSTRIAL', u'21', u'SEMESTER 1', u'D3', u'Durban Campus Part-time', u'A', u'40000398:SINGH', 24.0]
[u'', u'', u'', u'', u'', u'', u'', u'', u'', u'', u'', u'', u'']
check '' ''
[u'LENG401_SEM2_2018', u'LENG401_SEM2_2017', u'LENG401', u'LOGISTICS ENGINEERING IV', u'BTIND1', u'BT: ENGINEERING: INDUSTRIAL', u'22', u'SEMESTER 2', u'D1', u'Durban Campus Full-time', u'A', u'40002881:Jackson;40003881:JACKSON', 22.0]
check 'LENG401_SEM2_2018' 'LENG401'
adding  LENG401
requesting:  http://10.0.100.98:8000/bbinfo/matching_courses/LENG401%25
r= <Response [200]>
matching classes= set([u'LENG401_15', u'LENG401_15_Orig', u'LENG401_SEM2_2018', u'LENG401_13_DEWM', u'LENG401_SEM2_2016', u'LENG401_SEM2_2017'])
[u'LENG401_SEM2_2018', u'LENG401_SEM2_2017', u'LENG401', u'LOGISTICS ENGINEERING IV', u'BTIND1', u'BT: ENGINEERING: INDUSTRIAL', u'22', u'SEMESTER 2', u'D3', u'Durban Campus Part-time', u'A', u'40002881:Jackson;40003881:JACKSON', 16.0]
check 'LENG401_SEM2_2018' 'LENG401'
adding  LENG401
requesting:  http://10.0.100.98:8000/bbinfo/matching_courses/LENG401%25
r= <Response [200]>
matching classes= set([u'LENG401_15', u'LENG401_15_Orig', u'LENG401_SEM2_2018', u'LENG401_13_DEWM', u'LENG401_SEM2_2016', u'LENG401_SEM2_2017'])
[u'LENG401_SEM2_2018', u'LENG401_SEM2_2017', u'LENG401', u'LOGISTICS ENGINEERING IV', u'BTMCH2', u'BT: ENGINEERING: MECHANICAL', u'22', u'SEMESTER 2', u'D1', u'Durban Campus Full-time', u'A', u'40002881:Jackson;40003881:JACKSON', 5.0]
check 'LENG401_SEM2_2018' 'LENG401'
adding  LENG401
requesting:  http://10.0.100.98:8000/bbinfo/matching_courses/LENG401%25
r= <Response [200]>
matching classes= set([u'LENG401_15', u'LENG401_15_Orig', u'LENG401_SEM2_2018', u'LENG401_13_DEWM', u'LENG401_SEM2_2016', u'LENG401_SEM2_2017'])
[u'', u'', u'', u'', u'', u'', u'', u'', u'', u'', u'', u'', u'']
check '' ''
[u'PJEN401_SEM1_2018', u'PJEN401_SEM1_2017', u'PJEN401', u'PROJECT ENGINEERING IV', u'BTIND1', u'BT: ENGINEERING: INDUSTRIAL', u'21', u'SEMESTER 1', u'D1', u'Durban Campus Full-time', u'A', u'40000398:SINGH', 29.0]
check 'PJEN401_SEM1_2018' 'PJEN401'
processXLS: only for SEM2 [u'PJEN401_SEM1_2018', u'PJEN401_SEM1_2017', u'PJEN401', u'PROJECT ENGINEERING IV', u'BTIND1', u'BT: ENGINEERING: INDUSTRIAL', u'21', u'SEMESTER 1', u'D1', u'Durban Campus Full-time', u'A', u'40000398:SINGH', 29.0]
[u'PJEN401_SEM1_2018', u'PJEN401_SEM1_2017', u'PJEN401', u'PROJECT ENGINEERING IV', u'BTIND1', u'BT: ENGINEERING: INDUSTRIAL', u'21', u'SEMESTER 1', u'D3', u'Durban Campus Part-time', u'A', u'40000398:SINGH', 21.0]
check 'PJEN401_SEM1_2018' 'PJEN401'
processXLS: only for SEM2 [u'PJEN401_SEM1_2018', u'PJEN401_SEM1_2017', u'PJEN401', u'PROJECT ENGINEERING IV', u'BTIND1', u'BT: ENGINEERING: INDUSTRIAL', u'21', u'SEMESTER 1', u'D3', u'Durban Campus Part-time', u'A', u'40000398:SINGH', 21.0]
[u'', u'', u'', u'', u'', u'', u'', u'', u'', u'', u'', u'', u'']
check '' ''
[u'PJRE401_SEM2_2018', u'PJRE401_SEM2_2017', u'PJRE401', u'PROJECT RESEARCH IV', u'BTIND1', u'BT: ENGINEERING: INDUSTRIAL', u'22', u'SEMESTER 2', u'D1', u'Durban Campus Full-time', u'A', u'40000398:SINGH', 25.0]
check 'PJRE401_SEM2_2018' 'PJRE401'
adding  PJRE401
requesting:  http://10.0.100.98:8000/bbinfo/matching_courses/PJRE401%25
r= <Response [200]>
matching classes= set([u'PJRE401_SEM2_2018', u'PJRE401_13_SINR', u'PJRE401_SEM2_2017', u'PJRE401_SEM2_2016'])
[u'PJRE401_SEM2_2018', u'PJRE401_SEM2_2017', u'PJRE401', u'PROJECT RESEARCH IV', u'BTIND1', u'BT: ENGINEERING: INDUSTRIAL', u'22', u'SEMESTER 2', u'D3', u'Durban Campus Part-time', u'A', u'40000398:SINGH', 21.0]
check 'PJRE401_SEM2_2018' 'PJRE401'
adding  PJRE401
requesting:  http://10.0.100.98:8000/bbinfo/matching_courses/PJRE401%25
r= <Response [200]>
matching classes= set([u'PJRE401_SEM2_2018', u'PJRE401_13_SINR', u'PJRE401_SEM2_2017', u'PJRE401_SEM2_2016'])
[u'', u'', u'', u'', u'', u'', u'', u'', u'', u'', u'', u'', u'']
check '' ''
[u'PTEH401_SEM1_2018', u'PTEH401_SEM1_2017', u'PTEH401', u'PRODUCTION TECHNOLOGY IV', u'BTIND1', u'BT: ENGINEERING: INDUSTRIAL', u'21', u'SEMESTER 1', u'D1', u'Durban Campus Full-time', u'A', u'40008907:DEWA', 29.0]
check 'PTEH401_SEM1_2018' 'PTEH401'
processXLS: only for SEM2 [u'PTEH401_SEM1_2018', u'PTEH401_SEM1_2017', u'PTEH401', u'PRODUCTION TECHNOLOGY IV', u'BTIND1', u'BT: ENGINEERING: INDUSTRIAL', u'21', u'SEMESTER 1', u'D1', u'Durban Campus Full-time', u'A', u'40008907:DEWA', 29.0]
[u'PTEH401_SEM1_2018', u'PTEH401_SEM1_2017', u'PTEH401', u'PRODUCTION TECHNOLOGY IV', u'BTIND1', u'BT: ENGINEERING: INDUSTRIAL', u'21', u'SEMESTER 1', u'D3', u'Durban Campus Part-time', u'A', u'40008907:DEWA', 15.0]
check 'PTEH401_SEM1_2018' 'PTEH401'
processXLS: only for SEM2 [u'PTEH401_SEM1_2018', u'PTEH401_SEM1_2017', u'PTEH401', u'PRODUCTION TECHNOLOGY IV', u'BTIND1', u'BT: ENGINEERING: INDUSTRIAL', u'21', u'SEMESTER 1', u'D3', u'Durban Campus Part-time', u'A', u'40008907:DEWA', 15.0]
[u'', u'', u'', u'', u'', u'', u'', u'', u'', u'', u'', u'', u'']
check '' ''
[u'QASS401_SEM2_2018', u'QASS401_SEM2_2017', u'QASS401', u'QUALITY ASSURANCE IV', u'BTIND1', u'BT: ENGINEERING: INDUSTRIAL', u'22', u'SEMESTER 2', u'D1', u'Durban Campus Full-time', u'A', u'40000398:SINGH', 20.0]
check 'QASS401_SEM2_2018' 'QASS401'
adding  QASS401
requesting:  http://10.0.100.98:8000/bbinfo/matching_courses/QASS401%25
r= <Response [200]>
matching classes= set([u'QASS401_SEM2_2018', u'QASS401_13_SINR', u'QASS401_SEM2_2016', u'QASS401_SEM2_2017'])
[u'QASS401_SEM2_2018', u'QASS401_SEM2_2017', u'QASS401', u'QUALITY ASSURANCE IV', u'BTIND1', u'BT: ENGINEERING: INDUSTRIAL', u'22', u'SEMESTER 2', u'D3', u'Durban Campus Part-time', u'A', u'40000398:SINGH', 15.0]
check 'QASS401_SEM2_2018' 'QASS401'
adding  QASS401
requesting:  http://10.0.100.98:8000/bbinfo/matching_courses/QASS401%25
r= <Response [200]>
matching classes= set([u'QASS401_SEM2_2018', u'QASS401_13_SINR', u'QASS401_SEM2_2016', u'QASS401_SEM2_2017'])
[u'', u'', u'', u'', u'', u'', u'', u'', u'', u'', u'', u'', u'']
check '' ''
[u'SDYS402_SEM2_2018', u'SDYS402_SEM2_2017', u'SDYS402', u'SYSTEMS DYNAMICS IV', u'BTIND1', u'BT: ENGINEERING: INDUSTRIAL', u'22', u'SEMESTER 2', u'D1', u'Durban Campus Full-time', u'A', u'40003314:NAICKER;pregan:Naidoo', 23.0]
check 'SDYS402_SEM2_2018' 'SDYS402'
adding  SDYS402
requesting:  http://10.0.100.98:8000/bbinfo/matching_courses/SDYS402%25
r= <Response [200]>
matching classes= set([u'SDYS402_SEM2_2016', u'SDYS402_SEM2_2017', u'SDYS402_SEM2_2018'])
[u'SDYS402_SEM2_2018', u'SDYS402_SEM2_2017', u'SDYS402', u'SYSTEMS DYNAMICS IV', u'BTIND1', u'BT: ENGINEERING: INDUSTRIAL', u'22', u'SEMESTER 2', u'D3', u'Durban Campus Part-time', u'A', u'40003314:NAICKER;pregan:Naidoo', 17.0]
check 'SDYS402_SEM2_2018' 'SDYS402'
adding  SDYS402
requesting:  http://10.0.100.98:8000/bbinfo/matching_courses/SDYS402%25
r= <Response [200]>
matching classes= set([u'SDYS402_SEM2_2016', u'SDYS402_SEM2_2017', u'SDYS402_SEM2_2018'])
[u'', u'', u'', u'', u'', u'', u'', u'', u'', u'', u'', u'', u'']
check '' ''
[u'TSIN511_YEAR_2018', u'TSIN511_YEAR_2017', u'TSIN511', u'THESIS (1ST REGISTRATION)', u'MNIND1', u'MASTER OF ENGINEERING (INDUSTRIAL)', u'P0', u'POST-GRAD ANNUAL REGISTRATIONS', u'D1', u'Durban Campus Full-time', u'A', u'40000268:KANNY K', 4.0]
check 'TSIN511_YEAR_2018' 'TSIN511'
processXLS: only for SEM2 [u'TSIN511_YEAR_2018', u'TSIN511_YEAR_2017', u'TSIN511', u'THESIS (1ST REGISTRATION)', u'MNIND1', u'MASTER OF ENGINEERING (INDUSTRIAL)', u'P0', u'POST-GRAD ANNUAL REGISTRATIONS', u'D1', u'Durban Campus Full-time', u'A', u'40000268:KANNY K', 4.0]
[u'TSIN511_YEAR_2018', u'TSIN511_YEAR_2017', u'TSIN511', u'THESIS (1ST REGISTRATION)', u'MNIND1', u'MASTER OF ENGINEERING (INDUSTRIAL)', u'P0', u'POST-GRAD ANNUAL REGISTRATIONS', u'D3', u'Durban Campus Part-time', u'A', u'40000268:KANNY K', 1.0]
check 'TSIN511_YEAR_2018' 'TSIN511'
processXLS: only for SEM2 [u'TSIN511_YEAR_2018', u'TSIN511_YEAR_2017', u'TSIN511', u'THESIS (1ST REGISTRATION)', u'MNIND1', u'MASTER OF ENGINEERING (INDUSTRIAL)', u'P0', u'POST-GRAD ANNUAL REGISTRATIONS', u'D3', u'Durban Campus Part-time', u'A', u'40000268:KANNY K', 1.0]
[u'', u'', u'', u'', u'', u'', u'', u'', u'', u'', u'', u'', u'']
check '' ''
[u'TSIN531_YEAR_2018', u'TSIN531_YEAR_2017', u'TSIN531', u'THESIS (3RD REGISTRATION)', u'MNIND1', u'MASTER OF ENGINEERING (INDUSTRIAL)', u'P0', u'POST-GRAD ANNUAL REGISTRATIONS', u'D1', u'Durban Campus Full-time', u'A', u'40000268:KANNY K', 1.0]
check 'TSIN531_YEAR_2018' 'TSIN531'
processXLS: only for SEM2 [u'TSIN531_YEAR_2018', u'TSIN531_YEAR_2017', u'TSIN531', u'THESIS (3RD REGISTRATION)', u'MNIND1', u'MASTER OF ENGINEERING (INDUSTRIAL)', u'P0', u'POST-GRAD ANNUAL REGISTRATIONS', u'D1', u'Durban Campus Full-time', u'A', u'40000268:KANNY K', 1.0]
[u'', u'', u'', u'', u'', u'', u'', u'', u'', u'', u'', u'', u'']
check '' ''
[u'RSIN611_YEAR_2018', u'RSIN611_YEAR_2017', u'RSIN611', u'RESEARCH PROJECT (1ST REGISTRATION)', u'DNIND1', u'DOCTOR OF ENGINEERING (INDUSTRIAL)', u'P0', u'POST-GRAD ANNUAL REGISTRATIONS', u'D1', u'Durban Campus Full-time', u'A', u'50002450:DUFFY KJ', 1.0]
check 'RSIN611_YEAR_2018' 'RSIN611'
processXLS: only for SEM2 [u'RSIN611_YEAR_2018', u'RSIN611_YEAR_2017', u'RSIN611', u'RESEARCH PROJECT (1ST REGISTRATION)', u'DNIND1', u'DOCTOR OF ENGINEERING (INDUSTRIAL)', u'P0', u'POST-GRAD ANNUAL REGISTRATIONS', u'D1', u'Durban Campus Full-time', u'A', u'50002450:DUFFY KJ', 1.0]
[u'', u'', u'', u'', u'', u'', u'', u'', u'', u'', u'', u'', u'']
check '' ''
[u'RSIN621_YEAR_2018', u'RSIN621_YEAR_2017', u'RSIN621', u'RESEARCH PROJECT (2ND REGISTRATION)', u'DNIND1', u'DOCTOR OF ENGINEERING (INDUSTRIAL)', u'P0', u'POST-GRAD ANNUAL REGISTRATIONS', u'D1', u'Durban Campus Full-time', u'A', u'50002450:DUFFY KJ', 1.0]
check 'RSIN621_YEAR_2018' 'RSIN621'
processXLS: only for SEM2 [u'RSIN621_YEAR_2018', u'RSIN621_YEAR_2017', u'RSIN621', u'RESEARCH PROJECT (2ND REGISTRATION)', u'DNIND1', u'DOCTOR OF ENGINEERING (INDUSTRIAL)', u'P0', u'POST-GRAD ANNUAL REGISTRATIONS', u'D1', u'Durban Campus Full-time', u'A', u'50002450:DUFFY KJ', 1.0]
[u'', u'', u'', u'', u'', u'', u'', u'', u'', u'', u'', u'', u'']
check '' ''
[u'RSPI611_YEAR_2018', u'RSPI611_YEAR_2017', u'RSPI611', u'RESEARCH PROJECT (1ST REGISTRATION)', u'DNIND1', u'DOCTOR OF ENGINEERING (INDUSTRIAL)', u'P0', u'POST-GRAD ANNUAL REGISTRATIONS', u'D1', u'Durban Campus Full-time', u'A', u'50002450:DUFFY KJ', 1.0]
check 'RSPI611_YEAR_2018' 'RSPI611'
processXLS: only for SEM2 [u'RSPI611_YEAR_2018', u'RSPI611_YEAR_2017', u'RSPI611', u'RESEARCH PROJECT (1ST REGISTRATION)', u'DNIND1', u'DOCTOR OF ENGINEERING (INDUSTRIAL)', u'P0', u'POST-GRAD ANNUAL REGISTRATIONS', u'D1', u'Durban Campus Full-time', u'A', u'50002450:DUFFY KJ', 1.0]
[u'', u'', u'', u'', u'', u'', u'', u'', u'', u'', u'', u'', u'']
check '' ''
[u'RSPI621_YEAR_2018', u'RSPI621_YEAR_2017', u'RSPI621', u'RESEARCH PROJECT (2ND REGISTRATION)', u'DNIND1', u'DOCTOR OF ENGINEERING (INDUSTRIAL)', u'P0', u'POST-GRAD ANNUAL REGISTRATIONS', u'D1', u'Durban Campus Full-time', u'A', u'50002450:DUFFY KJ', 1.0]
check 'RSPI621_YEAR_2018' 'RSPI621'
processXLS: only for SEM2 [u'RSPI621_YEAR_2018', u'RSPI621_YEAR_2017', u'RSPI621', u'RESEARCH PROJECT (2ND REGISTRATION)', u'DNIND1', u'DOCTOR OF ENGINEERING (INDUSTRIAL)', u'P0', u'POST-GRAD ANNUAL REGISTRATIONS', u'D1', u'Durban Campus Full-time', u'A', u'50002450:DUFFY KJ', 1.0]
[u'', u'', u'', u'', u'', u'', u'', u'', u'', u'', u'', u'', u'']
check '' ''
[u'RSPI631_YEAR_2018', u'RSPI631_YEAR_2017', u'RSPI631', u'RESEARCH PROJECT (3RD REGISTRATION)', u'DNIND1', u'DOCTOR OF ENGINEERING (INDUSTRIAL)', u'P0', u'POST-GRAD ANNUAL REGISTRATIONS', u'D3', u'Durban Campus Part-time', u'A', u'50002450:DUFFY KJ', 1.0]
check 'RSPI631_YEAR_2018' 'RSPI631'
processXLS: only for SEM2 [u'RSPI631_YEAR_2018', u'RSPI631_YEAR_2017', u'RSPI631', u'RESEARCH PROJECT (3RD REGISTRATION)', u'DNIND1', u'DOCTOR OF ENGINEERING (INDUSTRIAL)', u'P0', u'POST-GRAD ANNUAL REGISTRATIONS', u'D3', u'Durban Campus Part-time', u'A', u'50002450:DUFFY KJ', 1.0]
[u'', u'', u'', u'', u'', u'', u'', u'', u'', u'', u'', u'', u'']
check '' ''
[u'TSIS601_YEAR_2018', u'TSIS601_YEAR_2017', u'TSIS601', u'THESIS (1ST REGISTRATION)', u'MNIND1', u'MASTER OF ENGINEERING (INDUSTRIAL)', u'P0', u'POST-GRAD ANNUAL REGISTRATIONS', u'D1', u'Durban Campus Full-time', u'A', u'40000268:KANNY K', 1.0]
check 'TSIS601_YEAR_2018' 'TSIS601'
processXLS: only for SEM2 [u'TSIS601_YEAR_2018', u'TSIS601_YEAR_2017', u'TSIS601', u'THESIS (1ST REGISTRATION)', u'MNIND1', u'MASTER OF ENGINEERING (INDUSTRIAL)', u'P0', u'POST-GRAD ANNUAL REGISTRATIONS', u'D1', u'Durban Campus Full-time', u'A', u'40000268:KANNY K', 1.0]
[u'', u'', u'', u'', u'', u'', u'', u'', u'', u'', u'', u'', u'']
check '' ''
[u'TSIS611_YEAR_2018', u'TSIS611_YEAR_2017', u'TSIS611', u'THESIS (2ND REGISTRATION)', u'MNIND1', u'MASTER OF ENGINEERING (INDUSTRIAL)', u'P0', u'POST-GRAD ANNUAL REGISTRATIONS', u'D1', u'Durban Campus Full-time', u'A', u'40000268:KANNY K', 3.0]
check 'TSIS611_YEAR_2018' 'TSIS611'
processXLS: only for SEM2 [u'TSIS611_YEAR_2018', u'TSIS611_YEAR_2017', u'TSIS611', u'THESIS (2ND REGISTRATION)', u'MNIND1', u'MASTER OF ENGINEERING (INDUSTRIAL)', u'P0', u'POST-GRAD ANNUAL REGISTRATIONS', u'D1', u'Durban Campus Full-time', u'A', u'40000268:KANNY K', 3.0]
[u'TSIS611_YEAR_2018', u'TSIS611_YEAR_2017', u'TSIS611', u'THESIS (2ND REGISTRATION)', u'MNIND1', u'MASTER OF ENGINEERING (INDUSTRIAL)', u'P0', u'POST-GRAD ANNUAL REGISTRATIONS', u'D3', u'Durban Campus Part-time', u'A', u'40000268:KANNY K', 1.0]
check 'TSIS611_YEAR_2018' 'TSIS611'
processXLS: only for SEM2 [u'TSIS611_YEAR_2018', u'TSIS611_YEAR_2017', u'TSIS611', u'THESIS (2ND REGISTRATION)', u'MNIND1', u'MASTER OF ENGINEERING (INDUSTRIAL)', u'P0', u'POST-GRAD ANNUAL REGISTRATIONS', u'D3', u'Durban Campus Part-time', u'A', u'40000268:KANNY K', 1.0]
[u'...', u'', u'', u'', u'', u'', u'', u'', u'', u'', u'', u'', u'']
check '...' ''
[u'New subjects for 2018', u'', u'', u'', u'', u'', u'', u'', u'', u'', u'', u'', u'']
check 'New subjects for 2018' ''
[u'', u'', u'', u'', u'', u'', u'', u'', u'', u'', u'', u'', u'']
check '' ''
[u'TCLT101_SEM1_2018', u'template_2018', u'TCLT101', u'TECHNICAL LITERACY', u'BNIND1', u'B ENGINEERING TECHNOLOGY IN IND ENG', 21.0, u'SEM1', u'D1', u'Durban Campus Part-time', u'A', u'40003881:JACKSON;', u'']
check 'TCLT101_SEM1_2018' 'TCLT101'
processXLS: only for SEM2 [u'TCLT101_SEM1_2018', u'template_2018', u'TCLT101', u'TECHNICAL LITERACY', u'BNIND1', u'B ENGINEERING TECHNOLOGY IN IND ENG', 21.0, u'SEM1', u'D1', u'Durban Campus Part-time', u'A', u'40003881:JACKSON;', u'']
[u'FAEN101_SEM2_2018', u'template_2018', u'FAEN101', u'FINANCIAL ACCOUNTING FOR ENGINEERS', u'BNIND1', u'B ENGINEERING TECHNOLOGY IN IND ENG', 22.0, u'SEM2', u'D1', u'Durban Campus Part-time', u'A', u'40004696:PANCHA;40000398:SINGH', u'']
check 'FAEN101_SEM2_2018' 'FAEN101'
processXLS: only for SEM2 [u'FAEN101_SEM2_2018', u'template_2018', u'FAEN101', u'FINANCIAL ACCOUNTING FOR ENGINEERS', u'BNIND1', u'B ENGINEERING TECHNOLOGY IN IND ENG', 22.0, u'SEM2', u'D1', u'Durban Campus Part-time', u'A', u'40004696:PANCHA;40000398:SINGH', u'']
[u'STST101_SEM1_2018', u'template_2018', u'STS101', u'STATISTICS', u'BNIND1', u'B ENGINEERING TECHNOLOGY IN IND ENG', 21.0, u'SEM1', u'D1', u'Durban Campus Part-time', u'A', u'40003313:LOURENS;40008907:DEWA', u'']
check 'STST101_SEM1_2018' 'STS101'
[u'ICAD101_SEM1_2018', u'template_2018', u'ICAD101', u'INDUSTRIAL DRAWING AND CAD', u'BNIND1', u'B ENGINEERING TECHNOLOGY IN IND ENG', 21.0, u'SEM1', u'D1', u'Durban Campus Part-time', u'A', u'40004696:PANCHA;40000398:SINGH', u'']
check 'ICAD101_SEM1_2018' 'ICAD101'
processXLS: only for SEM2 [u'ICAD101_SEM1_2018', u'template_2018', u'ICAD101', u'INDUSTRIAL DRAWING AND CAD', u'BNIND1', u'B ENGINEERING TECHNOLOGY IN IND ENG', 21.0, u'SEM1', u'D1', u'Durban Campus Part-time', u'A', u'40004696:PANCHA;40000398:SINGH', u'']
processXLS: finished processing workingSheets/data/BBC3507IndustrialEngineering2017.xls
getWS: requesting:  http://10.0.100.98:8000/itsenrol/classlist/2018/22/EWOR103 rsp= <Response [200]>
getWS: requesting:  http://10.0.100.98:8000/bbinfo/classlist/EWOR103 rsp= <Response [200]>
getNewStudentsInSubject: ITS 0, BB 108 -> 0 new enrollments
getWS: requesting:  http://10.0.100.98:8000/itsenrol/classlist/2018/22/PEIN202 rsp= <Response [200]>
getWS: requesting:  http://10.0.100.98:8000/bbinfo/classlist/PEIN202 rsp= <Response [200]>
getNewStudentsInSubject: ITS 4, BB 148 -> 2 new enrollments
getWS: requesting:  http://10.0.100.98:8000/itsenrol/classlist/2018/22/OPRS303 rsp= <Response [200]>
getWS: requesting:  http://10.0.100.98:8000/bbinfo/classlist/OPRS303 rsp= <Response [200]>
getNewStudentsInSubject: ITS 45, BB 109 -> 45 new enrollments
getWS: requesting:  http://10.0.100.98:8000/itsenrol/classlist/2018/22/QAST101 rsp= <Response [200]>
getWS: requesting:  http://10.0.100.98:8000/bbinfo/classlist/QAST101 rsp= <Response [200]>
getNewStudentsInSubject: ITS 46, BB 1 -> 46 new enrollments
getWS: requesting:  http://10.0.100.98:8000/itsenrol/classlist/2018/22/LENG401 rsp= <Response [200]>
getWS: requesting:  http://10.0.100.98:8000/bbinfo/classlist/LENG401 rsp= <Response [200]>
getNewStudentsInSubject: ITS 41, BB 2 -> 41 new enrollments
getWS: requesting:  http://10.0.100.98:8000/itsenrol/classlist/2018/22/COST201 rsp= <Response [200]>
getWS: requesting:  http://10.0.100.98:8000/bbinfo/classlist/COST201 rsp= <Response [200]>
getNewStudentsInSubject: ITS 6, BB 152 -> 6 new enrollments
getWS: requesting:  http://10.0.100.98:8000/itsenrol/classlist/2018/22/AUMA301 rsp= <Response [200]>
getWS: requesting:  http://10.0.100.98:8000/bbinfo/classlist/AUMA301 rsp= <Response [200]>
getNewStudentsInSubject: ITS 42, BB 110 -> 42 new enrollments
getWS: requesting:  http://10.0.100.98:8000/itsenrol/classlist/2018/22/INDA303 rsp= <Response [200]>
getWS: requesting:  http://10.0.100.98:8000/bbinfo/classlist/INDA303 rsp= <Response [200]>
getNewStudentsInSubject: ITS 47, BB 117 -> 47 new enrollments
getWS: requesting:  http://10.0.100.98:8000/itsenrol/classlist/2018/22/MREL201 rsp= <Response [200]>
getWS: requesting:  http://10.0.100.98:8000/bbinfo/classlist/MREL201 rsp= <Response [200]>
getNewStudentsInSubject: ITS 13, BB 140 -> 9 new enrollments
getWS: requesting:  http://10.0.100.98:8000/itsenrol/classlist/2018/22/QASS201 rsp= <Response [200]>
getWS: requesting:  http://10.0.100.98:8000/bbinfo/classlist/QASS201 rsp= <Response [200]>
getNewStudentsInSubject: ITS 40, BB 106 -> 40 new enrollments
getWS: requesting:  http://10.0.100.98:8000/itsenrol/classlist/2018/22/QASS401 rsp= <Response [200]>
getWS: requesting:  http://10.0.100.98:8000/bbinfo/classlist/QASS401 rsp= <Response [200]>
getNewStudentsInSubject: ITS 35, BB 1 -> 35 new enrollments
getWS: requesting:  http://10.0.100.98:8000/itsenrol/classlist/2018/22/CADN102 rsp= <Response [200]>
getWS: requesting:  http://10.0.100.98:8000/bbinfo/classlist/CADN102 rsp= <Response [200]>
getNewStudentsInSubject: ITS 1, BB 28 -> 0 new enrollments
getWS: requesting:  http://10.0.100.98:8000/itsenrol/classlist/2018/22/EWOR302 rsp= <Response [200]>
getWS: requesting:  http://10.0.100.98:8000/bbinfo/classlist/EWOR302 rsp= <Response [200]>
getNewStudentsInSubject: ITS 37, BB 114 -> 37 new enrollments
getWS: requesting:  http://10.0.100.98:8000/itsenrol/classlist/2018/22/ILEA301 rsp= <Response [200]>
getWS: requesting:  http://10.0.100.98:8000/bbinfo/classlist/ILEA301 rsp= <Response [200]>
getNewStudentsInSubject: ITS 45, BB 102 -> 43 new enrollments
getWS: requesting:  http://10.0.100.98:8000/itsenrol/classlist/2018/22/MCHD101 rsp= <Response [200]>
getWS: requesting:  http://10.0.100.98:8000/bbinfo/classlist/MCHD101 rsp= <Response [200]>
getNewStudentsInSubject: ITS 0, BB 95 -> 0 new enrollments
getWS: requesting:  http://10.0.100.98:8000/itsenrol/classlist/2018/22/PJRE401 rsp= <Response [200]>
getWS: requesting:  http://10.0.100.98:8000/bbinfo/classlist/PJRE401 rsp= <Response [200]>
getNewStudentsInSubject: ITS 33, BB 1 -> 33 new enrollments
getWS: requesting:  http://10.0.100.98:8000/itsenrol/classlist/2018/22/SDYS402 rsp= <Response [200]>
getWS: requesting:  http://10.0.100.98:8000/bbinfo/classlist/SDYS402 rsp= <Response [200]>
getNewStudentsInSubject: ITS 32, BB 1 -> 32 new enrollments
getWS: requesting:  http://10.0.100.98:8000/itsenrol/classlist/2018/22/EWOR203 rsp= <Response [200]>
getWS: requesting:  http://10.0.100.98:8000/bbinfo/classlist/EWOR203 rsp= <Response [200]>
getNewStudentsInSubject: ITS 16, BB 134 -> 15 new enrollments
getWS: requesting:  http://10.0.100.98:8000/itsenrol/classlist/2018/22/QTES101 rsp= <Response [200]>
getWS: requesting:  http://10.0.100.98:8000/bbinfo/classlist/QTES101 rsp= <Response [200]>
getNewStudentsInSubject: ITS 1, BB 112 -> 0 new enrollments
getWS: requesting:  http://10.0.100.98:8000/itsenrol/classlist/2018/22/FLYH201 rsp= <Response [200]>
getWS: requesting:  http://10.0.100.98:8000/bbinfo/classlist/FLYH201 rsp= <Response [200]>
getNewStudentsInSubject: ITS 17, BB 136 -> 12 new enrollments
main: Writing students...
main: Writing enrollments...
main: Finished processing workingSheets/data/BBC3507IndustrialEngineering2017.xls
main: 20 subjects processed
main: 25 subject -> classroom maps
main: 149 students
main: 485 student enrollments 0 errors
0.36user 0.12system 0:03.94elapsed 12%CPU (0avgtext+0avgdata 58464maxresident)k
0inputs+96outputs (0major+7145minor)pagefaults 0swaps
POSTING SNAPSHOTS to SIS endpoint
TEST RUN, NOT POSTING BBSTUDENTS
TEST RUN, NOT POSTIN BBENROL
copy snapshot files to saved output
=== department done ===
syncing logs...
Pushing logs from logs/20180723111852 to remote...
sending incremental file list
./
BBC3507IndustrialEngineering2017.BBENROL.txt
BBC3507IndustrialEngineering2017.BBSTUDENTS.txt
BBC3507IndustrialEngineering2017.Enrolomat.txt
BBC3507IndustrialEngineering2017.Postlog.txt

sent 99410 bytes  received 91 bytes  22111.33 bytes/sec
total size is 7769902  speedup is 78.09
logging to logs/20180723111852
=== generate newenrollments for BBC3508MechanicalEngineering2017. ===
GENERATE SNAPSHOTS...
./BBCIncrementalEnrollerX2.py : generating enrolment files for subjects in  workingSheets/data/BBC3508MechanicalEngineering2017.xls
processXLS: start spreadsheet workingSheets/data/BBC3508MechanicalEngineering2017.xls
[u'2018 Blackboard Classrooms for Department: 3508 - MECHANICAL ENGINEERING', u'', u'', u'', u'', u'', u'', u'', u'', u'', u'', u'', u'']
check '2018 Blackboard Classrooms for Department: 3508 - MECHANICAL ENGINEERING' ''
[u'', u'', u'', u'', u'', u'', u'', u'', u'', u'', u'', u'', u'']
check '' ''
[u'BB Classroom', u'Migrate Classroom', u'ITS Subject', u'', u'ITS Qualification', u'', u'Block', u'', u'Off Type', u'', u'Grp', u'Lecturer(s)', u'2016 Enrol']
check 'BB Classroom' 'ITS Subject'
[u'CADG101_SEM1_2018', u'CADG101_SEM1_2017', u'CADG101', u'COMPUTER AIDED DRAUGHTING I', u'NDMCH2', u'ND: ENGINEERING: MECHANICAL', u'21', u'SEMESTER 1', u'D1', u'Durban Campus Full-time', u'A', u'40003511:MACHOLO;50002380:GRAHAM;50001422:BENNETT', 80.0]
check 'CADG101_SEM1_2018' 'CADG101'
processXLS: only for SEM2 [u'CADG101_SEM1_2018', u'CADG101_SEM1_2017', u'CADG101', u'COMPUTER AIDED DRAUGHTING I', u'NDMCH2', u'ND: ENGINEERING: MECHANICAL', u'21', u'SEMESTER 1', u'D1', u'Durban Campus Full-time', u'A', u'40003511:MACHOLO;50002380:GRAHAM;50001422:BENNETT', 80.0]
[u'', u'', u'', u'', u'', u'', u'', u'', u'', u'', u'', u'', u'']
check '' ''
[u'CADG101_SEM2_2018', u'CADG101_SEM2_2017', u'CADG101', u'COMPUTER AIDED DRAUGHTING I', u'NDMCH2', u'ND: ENGINEERING: MECHANICAL', u'22', u'SEMESTER 2', u'D1', u'Durban Campus Full-time', u'A', u'40003511:MACHOLO;50002380:GRAHAM;50001422:BENNETT', 66.0]
check 'CADG101_SEM2_2018' 'CADG101'
adding  CADG101
requesting:  http://10.0.100.98:8000/bbinfo/matching_courses/CADG101%25
r= <Response [200]>
matching classes= set([u'CADG101_SEM1_2018', u'CADG101_ALL_2016', u'CADG101_SEM1_2017', u'CADG101_SEM2_2017', u'CADG101_SEM2_2018', u'CADG101_13_BEND'])
[u'CADG101_SEM2_2018', u'CADG101_SEM2_2017', u'CADG101', u'COMPUTER AIDED DRAUGHTING I', u'NDMCH2', u'ND: ENGINEERING: MECHANICAL', u'22', u'SEMESTER 2', u'D1', u'Durban Campus Full-time', u'8', u'40003511:MACHOLO;50002380:GRAHAM;50001422:BENNETT', 1.0]
check 'CADG101_SEM2_2018' 'CADG101'
adding  CADG101
requesting:  http://10.0.100.98:8000/bbinfo/matching_courses/CADG101%25
r= <Response [200]>
matching classes= set([u'CADG101_SEM1_2018', u'CADG101_ALL_2016', u'CADG101_SEM1_2017', u'CADG101_SEM2_2017', u'CADG101_SEM2_2018', u'CADG101_13_BEND'])
[u'', u'', u'', u'', u'', u'', u'', u'', u'', u'', u'', u'', u'']
check '' ''
[u'EMSC102_SEM1_2018', u'EMSC102_SEM1_2017', u'EMSC102', u'ENGINEERING MATERIALS AND SCIENCE I', u'NDMCH2', u'ND: ENGINEERING: MECHANICAL', u'21', u'SEMESTER 1', u'D1', u'Durban Campus Full-time', u'A', u'40000659:RANJIT', 146.0]
check 'EMSC102_SEM1_2018' 'EMSC102'
processXLS: only for SEM2 [u'EMSC102_SEM1_2018', u'EMSC102_SEM1_2017', u'EMSC102', u'ENGINEERING MATERIALS AND SCIENCE I', u'NDMCH2', u'ND: ENGINEERING: MECHANICAL', u'21', u'SEMESTER 1', u'D1', u'Durban Campus Full-time', u'A', u'40000659:RANJIT', 146.0]
[u'', u'', u'', u'', u'', u'', u'', u'', u'', u'', u'', u'', u'']
check '' ''
[u'EMSC102_SEM2_2018', u'EMSC102_SEM2_2017', u'EMSC102', u'ENGINEERING MATERIALS AND SCIENCE I', u'NDMCH2', u'ND: ENGINEERING: MECHANICAL', u'22', u'SEMESTER 2', u'D1', u'Durban Campus Full-time', u'A', u'40000659:RANJIT', 40.0]
check 'EMSC102_SEM2_2018' 'EMSC102'
adding  EMSC102
requesting:  http://10.0.100.98:8000/bbinfo/matching_courses/EMSC102%25
r= <Response [200]>
matching classes= set([u'EMSC102_13_RANR', u'EMSC102_ALL_2016', u'EMSC102_SEM2_2018', u'EMSC102_SEM1_2018', u'EMSC102_SEM1_2017', u'EMSC102_SEM2_2017'])
[u'', u'', u'', u'', u'', u'', u'', u'', u'', u'', u'', u'', u'']
check '' ''
[u'MCHN101_SEM1_2018', u'MCHN101_SEM1_2017', u'MCHN101', u'MECHANICS I', u'NDIND2', u'ND: ENGINEERING: INDUSTRIAL', u'21', u'SEMESTER 1', u'D1', u'Durban Campus Full-time', u'A', u'40000985:PIENAAR;40010719:NWAMBA', 72.0]
check 'MCHN101_SEM1_2018' 'MCHN101'
processXLS: only for SEM2 [u'MCHN101_SEM1_2018', u'MCHN101_SEM1_2017', u'MCHN101', u'MECHANICS I', u'NDIND2', u'ND: ENGINEERING: INDUSTRIAL', u'21', u'SEMESTER 1', u'D1', u'Durban Campus Full-time', u'A', u'40000985:PIENAAR;40010719:NWAMBA', 72.0]
[u'', u'', u'', u'', u'', u'', u'', u'', u'', u'', u'', u'', u'']
check '' ''
[u'MCHN101_SEM2_2018', u'MCHN101_SEM2_2017', u'MCHN101', u'MECHANICS I', u'NDIND2', u'ND: ENGINEERING: INDUSTRIAL', u'22', u'SEMESTER 2', u'D1', u'Durban Campus Full-time', u'A', u'40000985:PIENAAR;40010719:NWAMBA', 54.0]
check 'MCHN101_SEM2_2018' 'MCHN101'
adding  MCHN101
requesting:  http://10.0.100.98:8000/bbinfo/matching_courses/MCHN101%25
r= <Response [200]>
matching classes= set([u'MCHN101_15_THUB', u'MCHN101_SEM1_2018', u'MCHN101_SEM2_2018', u'MCHN101_SEM2_2017', u'MCHN101_SEM1_2017', u'MCHN101_15', u'MCHN101_13_GOVS', u'MCHN101_ALL_2016'])
[u'', u'', u'', u'', u'', u'', u'', u'', u'', u'', u'', u'', u'']
check '' ''
[u'MECH101_SEM1_2018', u'MECH101_SEM1_2017', u'MECH101', u'MECHANICS I', u'NDEPE2', u'ND: ENGINEERING: ELECTRICAL  (H/C)', u'21', u'SEMESTER 1', u'D1', u'Durban Campus Full-time', u'A', u'40003299:MOUTLANA;40000985:PIENAAR;40011085:MOHAN', 45.0]
check 'MECH101_SEM1_2018' 'MECH101'
processXLS: only for SEM2 [u'MECH101_SEM1_2018', u'MECH101_SEM1_2017', u'MECH101', u'MECHANICS I', u'NDEPE2', u'ND: ENGINEERING: ELECTRICAL  (H/C)', u'21', u'SEMESTER 1', u'D1', u'Durban Campus Full-time', u'A', u'40003299:MOUTLANA;40000985:PIENAAR;40011085:MOHAN', 45.0]
[u'MECH101_SEM1_2018', u'MECH101_SEM1_2017', u'MECH101', u'MECHANICS I', u'NDMCH2', u'ND: ENGINEERING: MECHANICAL', u'21', u'SEMESTER 1', u'D1', u'Durban Campus Full-time', u'A', u'40003299:MOUTLANA;40000985:PIENAAR;40011085:MOHAN', 147.0]
check 'MECH101_SEM1_2018' 'MECH101'
processXLS: only for SEM2 [u'MECH101_SEM1_2018', u'MECH101_SEM1_2017', u'MECH101', u'MECHANICS I', u'NDMCH2', u'ND: ENGINEERING: MECHANICAL', u'21', u'SEMESTER 1', u'D1', u'Durban Campus Full-time', u'A', u'40003299:MOUTLANA;40000985:PIENAAR;40011085:MOHAN', 147.0]
[u'MECH101_SEM1_2018', u'MECH101_SEM1_2017', u'MECH101', u'MECHANICS I', u'NDMCM1', u'ND: ENGINEERING: MECHANICAL (MARITIME)', u'21', u'SEMESTER 1', u'D1', u'Durban Campus Full-time', u'A', u'40003299:MOUTLANA;40000985:PIENAAR;40011085:MOHAN', 1.0]
check 'MECH101_SEM1_2018' 'MECH101'
processXLS: only for SEM2 [u'MECH101_SEM1_2018', u'MECH101_SEM1_2017', u'MECH101', u'MECHANICS I', u'NDMCM1', u'ND: ENGINEERING: MECHANICAL (MARITIME)', u'21', u'SEMESTER 1', u'D1', u'Durban Campus Full-time', u'A', u'40003299:MOUTLANA;40000985:PIENAAR;40011085:MOHAN', 1.0]
[u'MECH101_SEM1_2018', u'MECH101_SEM1_2017', u'MECH101', u'MECHANICS I', u'NODIP4', u'NON-DIPLOMA PURPOSE (ENG & BE)', u'21', u'SEMESTER 1', u'D7', u'DBN FULL-TIME NON-SUBSIDISED', u'A', u'40003299:MOUTLANA;40000985:PIENAAR;40011085:MOHAN', 1.0]
check 'MECH101_SEM1_2018' 'MECH101'
processXLS: only for SEM2 [u'MECH101_SEM1_2018', u'MECH101_SEM1_2017', u'MECH101', u'MECHANICS I', u'NODIP4', u'NON-DIPLOMA PURPOSE (ENG & BE)', u'21', u'SEMESTER 1', u'D7', u'DBN FULL-TIME NON-SUBSIDISED', u'A', u'40003299:MOUTLANA;40000985:PIENAAR;40011085:MOHAN', 1.0]
[u'', u'', u'', u'', u'', u'', u'', u'', u'', u'', u'', u'', u'']
check '' ''
[u'MECH101_SEM2_2018', u'MECH101_SEM2_2017', u'MECH101', u'MECHANICS I', u'NDEPE2', u'ND: ENGINEERING: ELECTRICAL  (H/C)', u'22', u'SEMESTER 2', u'D1', u'Durban Campus Full-time', u'A', u'40003299:MOUTLANA;40000985:PIENAAR;40011085:MOHAN', 83.0]
check 'MECH101_SEM2_2018' 'MECH101'
adding  MECH101
requesting:  http://10.0.100.98:8000/bbinfo/matching_courses/MECH101%25
r= <Response [200]>
matching classes= set([u'MECH101_SEM1_2018', u'MECH101_SEM2_2018', u'MECH101_13_MOUM', u'MECH101_SEM2_2017', u'MECH101_SEM1_2017', u'MECH101_13_GOVS', u'MECH101_ALL_2016'])
[u'MECH101_SEM2_2018', u'MECH101_SEM2_2017', u'MECH101', u'MECHANICS I', u'NDMCH2', u'ND: ENGINEERING: MECHANICAL', u'22', u'SEMESTER 2', u'D1', u'Durban Campus Full-time', u'A', u'40003299:MOUTLANA;40000985:PIENAAR;40011085:MOHAN', 33.0]
check 'MECH101_SEM2_2018' 'MECH101'
adding  MECH101
requesting:  http://10.0.100.98:8000/bbinfo/matching_courses/MECH101%25
r= <Response [200]>
matching classes= set([u'MECH101_SEM1_2018', u'MECH101_SEM2_2018', u'MECH101_13_MOUM', u'MECH101_SEM2_2017', u'MECH101_SEM1_2017', u'MECH101_13_GOVS', u'MECH101_ALL_2016'])
[u'MECH101_SEM2_2018', u'MECH101_SEM2_2017', u'MECH101', u'MECHANICS I', u'NODIP4', u'NON-DIPLOMA PURPOSE (ENG & BE)', u'22', u'SEMESTER 2', u'D7', u'DBN FULL-TIME NON-SUBSIDISED', u'A', u'40003299:MOUTLANA;40000985:PIENAAR;40011085:MOHAN', 1.0]
check 'MECH101_SEM2_2018' 'MECH101'
adding  MECH101
requesting:  http://10.0.100.98:8000/bbinfo/matching_courses/MECH101%25
r= <Response [200]>
matching classes= set([u'MECH101_SEM1_2018', u'MECH101_SEM2_2018', u'MECH101_13_MOUM', u'MECH101_SEM2_2017', u'MECH101_SEM1_2017', u'MECH101_13_GOVS', u'MECH101_ALL_2016'])
[u'', u'', u'', u'', u'', u'', u'', u'', u'', u'', u'', u'', u'']
check '' ''
[u'MEDM101_SEM1_2018', u'MEDM101_SEM1_2017', u'MEDM101', u'MECHANICAL ENGINEERING DRAWING I (MARITIME)', u'NODIPM', u'NON-DIPLOMA PURPOSE (MARITIME)', u'21', u'SEMESTER 1', u'D7', u'DBN FULL-TIME NON-SUBSIDISED', u'A', u'50001422:BENNETT', 1.0]
check 'MEDM101_SEM1_2018' 'MEDM101'
processXLS: only for SEM2 [u'MEDM101_SEM1_2018', u'MEDM101_SEM1_2017', u'MEDM101', u'MECHANICAL ENGINEERING DRAWING I (MARITIME)', u'NODIPM', u'NON-DIPLOMA PURPOSE (MARITIME)', u'21', u'SEMESTER 1', u'D7', u'DBN FULL-TIME NON-SUBSIDISED', u'A', u'50001422:BENNETT', 1.0]
[u'', u'', u'', u'', u'', u'', u'', u'', u'', u'', u'', u'', u'']
check '' ''
[u'MEDR101_SEM1_2018', u'MEDR101_SEM1_2017', u'MEDR101', u'MECHANICAL ENGINEERING DRAWING I', u'NDMCH2', u'ND: ENGINEERING: MECHANICAL', u'21', u'SEMESTER 1', u'D1', u'Durban Campus Full-time', u'A', u'50001422:BENNETT', 120.0]
check 'MEDR101_SEM1_2018' 'MEDR101'
processXLS: only for SEM2 [u'MEDR101_SEM1_2018', u'MEDR101_SEM1_2017', u'MEDR101', u'MECHANICAL ENGINEERING DRAWING I', u'NDMCH2', u'ND: ENGINEERING: MECHANICAL', u'21', u'SEMESTER 1', u'D1', u'Durban Campus Full-time', u'A', u'50001422:BENNETT', 120.0]
[u'', u'', u'', u'', u'', u'', u'', u'', u'', u'', u'', u'', u'']
check '' ''
[u'MEDR101_SEM2_2018', u'MEDR101_SEM2_2017', u'MEDR101', u'MECHANICAL ENGINEERING DRAWING I', u'NDMCH2', u'ND: ENGINEERING: MECHANICAL', u'22', u'SEMESTER 2', u'D1', u'Durban Campus Full-time', u'A', u'50001422:BENNETT', 3.0]
check 'MEDR101_SEM2_2018' 'MEDR101'
adding  MEDR101
requesting:  http://10.0.100.98:8000/bbinfo/matching_courses/MEDR101%25
r= <Response [200]>
matching classes= set([u'MEDR101_13_BEND', u'MEDR101_SEM1_2018', u'MEDR101_SEM2_2017', u'MEDR101_ALL_2016', u'MEDR101_SEM2_2018', u'MEDR101_SEM1_2017'])
[u'MEDR101_SEM2_2018', u'MEDR101_SEM2_2017', u'MEDR101', u'MECHANICAL ENGINEERING DRAWING I', u'NODIP4', u'NON-DIPLOMA PURPOSE (ENG & BE)', u'22', u'SEMESTER 2', u'D7', u'DBN FULL-TIME NON-SUBSIDISED', u'A', u'50001422:BENNETT', 1.0]
check 'MEDR101_SEM2_2018' 'MEDR101'
adding  MEDR101
requesting:  http://10.0.100.98:8000/bbinfo/matching_courses/MEDR101%25
r= <Response [200]>
matching classes= set([u'MEDR101_13_BEND', u'MEDR101_SEM1_2018', u'MEDR101_SEM2_2017', u'MEDR101_ALL_2016', u'MEDR101_SEM2_2018', u'MEDR101_SEM1_2017'])
[u'', u'', u'', u'', u'', u'', u'', u'', u'', u'', u'', u'', u'']
check '' ''
[u'MMEN102_SEM1_2018', u'MMEN102_SEM1_2017', u'MMEN102', u'MECHANICAL MANUFACTURING ENGINEERING I', u'NDMCH2', u'ND: ENGINEERING: MECHANICAL', u'21', u'SEMESTER 1', u'D1', u'Durban Campus Full-time', u'A', u'40007697:MWANGI', 127.0]
check 'MMEN102_SEM1_2018' 'MMEN102'
processXLS: only for SEM2 [u'MMEN102_SEM1_2018', u'MMEN102_SEM1_2017', u'MMEN102', u'MECHANICAL MANUFACTURING ENGINEERING I', u'NDMCH2', u'ND: ENGINEERING: MECHANICAL', u'21', u'SEMESTER 1', u'D1', u'Durban Campus Full-time', u'A', u'40007697:MWANGI', 127.0]
[u'', u'', u'', u'', u'', u'', u'', u'', u'', u'', u'', u'', u'']
check '' ''
[u'MMEN102_SEM2_2018', u'MMEN102_SEM2_2017', u'MMEN102', u'MECHANICAL MANUFACTURING ENGINEERING I', u'NDMCH2', u'ND: ENGINEERING: MECHANICAL', u'22', u'SEMESTER 2', u'D1', u'Durban Campus Full-time', u'A', u'40007697:MWANGI', 12.0]
check 'MMEN102_SEM2_2018' 'MMEN102'
adding  MMEN102
requesting:  http://10.0.100.98:8000/bbinfo/matching_courses/MMEN102%25
r= <Response [200]>
matching classes= set([u'MMEN102_SEM1_2018', u'MMEN102_SEM2_2018', u'MMEN102_12_A', u'MMEN102_SEM2_2017', u'MMEN102_SEM1_2017', u'MMEN102_13_MWAF', u'MMEN102_ALL_2016'])
[u'', u'', u'', u'', u'', u'', u'', u'', u'', u'', u'', u'', u'']
check '' ''
[u'MMFE101_SEM1_2018', u'MMFE101_SEM1_2017', u'MMFE101', u'MECHANICAL MANUFACTURING ENGINEERING I', u'NDIND2', u'ND: ENGINEERING: INDUSTRIAL', u'21', u'SEMESTER 1', u'D1', u'Durban Campus Full-time', u'A', u'40007697:MWANGI', 56.0]
check 'MMFE101_SEM1_2018' 'MMFE101'
processXLS: only for SEM2 [u'MMFE101_SEM1_2018', u'MMFE101_SEM1_2017', u'MMFE101', u'MECHANICAL MANUFACTURING ENGINEERING I', u'NDIND2', u'ND: ENGINEERING: INDUSTRIAL', u'21', u'SEMESTER 1', u'D1', u'Durban Campus Full-time', u'A', u'40007697:MWANGI', 56.0]
[u'', u'', u'', u'', u'', u'', u'', u'', u'', u'', u'', u'', u'']
check '' ''
[u'MMFE101_SEM2_2018', u'MMFE101_SEM2_2017', u'MMFE101', u'MECHANICAL MANUFACTURING ENGINEERING I', u'NDIND2', u'ND: ENGINEERING: INDUSTRIAL', u'22', u'SEMESTER 2', u'D1', u'Durban Campus Full-time', u'A', u'40007697:MWANGI', 36.0]
check 'MMFE101_SEM2_2018' 'MMFE101'
adding  MMFE101
requesting:  http://10.0.100.98:8000/bbinfo/matching_courses/MMFE101%25
r= <Response [200]>
matching classes= set([u'MMFE101_SEM1_2017', u'MMFE101_SEM2_2017', u'MMFE101_SEM2_2018', u'MMFE101_SEM1_2018', u'MMFE101_ALL_2016', u'MMFE101_13_MWAF'])
[u'', u'', u'', u'', u'', u'', u'', u'', u'', u'', u'', u'', u'']
check '' ''
[u'FMEC202_SEM1_2018', u'FMEC202_SEM1_2017', u'FMEC202', u'FLUID MECHANICS II', u'NDMCH2', u'ND: ENGINEERING: MECHANICAL', u'21', u'SEMESTER 1', u'D1', u'Durban Campus Full-time', u'A', u'40007250:VAN WYK', 135.0]
check 'FMEC202_SEM1_2018' 'FMEC202'
processXLS: only for SEM2 [u'FMEC202_SEM1_2018', u'FMEC202_SEM1_2017', u'FMEC202', u'FLUID MECHANICS II', u'NDMCH2', u'ND: ENGINEERING: MECHANICAL', u'21', u'SEMESTER 1', u'D1', u'Durban Campus Full-time', u'A', u'40007250:VAN WYK', 135.0]
[u'FMEC202_SEM1_2018', u'FMEC202_SEM1_2017', u'FMEC202', u'FLUID MECHANICS II', u'NDMCM1', u'ND: ENGINEERING: MECHANICAL (MARITIME)', u'21', u'SEMESTER 1', u'D1', u'Durban Campus Full-time', u'A', u'40007250:VAN WYK', 2.0]
check 'FMEC202_SEM1_2018' 'FMEC202'
processXLS: only for SEM2 [u'FMEC202_SEM1_2018', u'FMEC202_SEM1_2017', u'FMEC202', u'FLUID MECHANICS II', u'NDMCM1', u'ND: ENGINEERING: MECHANICAL (MARITIME)', u'21', u'SEMESTER 1', u'D1', u'Durban Campus Full-time', u'A', u'40007250:VAN WYK', 2.0]
[u'FMEC202_SEM1_2018', u'FMEC202_SEM1_2017', u'FMEC202', u'FLUID MECHANICS II', u'NDMCT1', u'ND: ENGINEERING: MECHANICAL (M/TRONICS)', u'21', u'SEMESTER 1', u'D1', u'Durban Campus Full-time', u'A', u'40007250:VAN WYK', 4.0]
check 'FMEC202_SEM1_2018' 'FMEC202'
processXLS: only for SEM2 [u'FMEC202_SEM1_2018', u'FMEC202_SEM1_2017', u'FMEC202', u'FLUID MECHANICS II', u'NDMCT1', u'ND: ENGINEERING: MECHANICAL (M/TRONICS)', u'21', u'SEMESTER 1', u'D1', u'Durban Campus Full-time', u'A', u'40007250:VAN WYK', 4.0]
[u'FMEC202_SEM1_2018', u'FMEC202_SEM1_2017', u'FMEC202', u'FLUID MECHANICS II', u'NODIP4', u'NON-DIPLOMA PURPOSE (ENG & BE)', u'21', u'SEMESTER 1', u'D7', u'DBN FULL-TIME NON-SUBSIDISED', u'A', u'40007250:VAN WYK', 1.0]
check 'FMEC202_SEM1_2018' 'FMEC202'
processXLS: only for SEM2 [u'FMEC202_SEM1_2018', u'FMEC202_SEM1_2017', u'FMEC202', u'FLUID MECHANICS II', u'NODIP4', u'NON-DIPLOMA PURPOSE (ENG & BE)', u'21', u'SEMESTER 1', u'D7', u'DBN FULL-TIME NON-SUBSIDISED', u'A', u'40007250:VAN WYK', 1.0]
[u'', u'', u'', u'', u'', u'', u'', u'', u'', u'', u'', u'', u'']
check '' ''
[u'FMEC202_SEM2_2018', u'FMEC202_SEM2_2017', u'FMEC202', u'FLUID MECHANICS II', u'NDMCH2', u'ND: ENGINEERING: MECHANICAL', u'22', u'SEMESTER 2', u'D1', u'Durban Campus Full-time', u'A', u'40007250:VAN WYK', 182.0]
check 'FMEC202_SEM2_2018' 'FMEC202'
adding  FMEC202
requesting:  http://10.0.100.98:8000/bbinfo/matching_courses/FMEC202%25
r= <Response [200]>
matching classes= set([u'FMEC202_SEM1_2018', u'FMEC202_ALL_2016', u'FMEC202_SEM1_2017', u'FMEC202_13_VAND', u'FMEC202_SEM2_2017', u'FMEC202_SEM2_2018'])
[u'FMEC202_SEM2_2018', u'FMEC202_SEM2_2017', u'FMEC202', u'FLUID MECHANICS II', u'NDMCM1', u'ND: ENGINEERING: MECHANICAL (MARITIME)', u'22', u'SEMESTER 2', u'D1', u'Durban Campus Full-time', u'A', u'40007250:VAN WYK', 1.0]
check 'FMEC202_SEM2_2018' 'FMEC202'
adding  FMEC202
requesting:  http://10.0.100.98:8000/bbinfo/matching_courses/FMEC202%25
r= <Response [200]>
matching classes= set([u'FMEC202_SEM1_2018', u'FMEC202_ALL_2016', u'FMEC202_SEM1_2017', u'FMEC202_13_VAND', u'FMEC202_SEM2_2017', u'FMEC202_SEM2_2018'])
[u'FMEC202_SEM2_2018', u'FMEC202_SEM2_2017', u'FMEC202', u'FLUID MECHANICS II', u'NDMCT1', u'ND: ENGINEERING: MECHANICAL (M/TRONICS)', u'22', u'SEMESTER 2', u'D1', u'Durban Campus Full-time', u'A', u'40007250:VAN WYK', 2.0]
check 'FMEC202_SEM2_2018' 'FMEC202'
adding  FMEC202
requesting:  http://10.0.100.98:8000/bbinfo/matching_courses/FMEC202%25
r= <Response [200]>
matching classes= set([u'FMEC202_SEM1_2018', u'FMEC202_ALL_2016', u'FMEC202_SEM1_2017', u'FMEC202_13_VAND', u'FMEC202_SEM2_2017', u'FMEC202_SEM2_2018'])
[u'', u'', u'', u'', u'', u'', u'', u'', u'', u'', u'', u'', u'']
check '' ''
[u'MEDS201_SEM1_2018', u'MEDS201_SEM1_2017', u'MEDS201', u'MECHANICAL ENGINEERING DESIGN II', u'NDMCH2', u'ND: ENGINEERING: MECHANICAL', u'21', u'SEMESTER 1', u'D1', u'Durban Campus Full-time', u'A', u'40003513:GOVENDER', 109.0]
check 'MEDS201_SEM1_2018' 'MEDS201'
processXLS: only for SEM2 [u'MEDS201_SEM1_2018', u'MEDS201_SEM1_2017', u'MEDS201', u'MECHANICAL ENGINEERING DESIGN II', u'NDMCH2', u'ND: ENGINEERING: MECHANICAL', u'21', u'SEMESTER 1', u'D1', u'Durban Campus Full-time', u'A', u'40003513:GOVENDER', 109.0]
[u'MEDS201_SEM1_2018', u'MEDS201_SEM1_2017', u'MEDS201', u'MECHANICAL ENGINEERING DESIGN II', u'NDMCT1', u'ND: ENGINEERING: MECHANICAL (M/TRONICS)', u'21', u'SEMESTER 1', u'D1', u'Durban Campus Full-time', u'A', u'40003513:GOVENDER', 3.0]
check 'MEDS201_SEM1_2018' 'MEDS201'
processXLS: only for SEM2 [u'MEDS201_SEM1_2018', u'MEDS201_SEM1_2017', u'MEDS201', u'MECHANICAL ENGINEERING DESIGN II', u'NDMCT1', u'ND: ENGINEERING: MECHANICAL (M/TRONICS)', u'21', u'SEMESTER 1', u'D1', u'Durban Campus Full-time', u'A', u'40003513:GOVENDER', 3.0]
[u'', u'', u'', u'', u'', u'', u'', u'', u'', u'', u'', u'', u'']
check '' ''
[u'MEDS201_SEM2_2018', u'MEDS201_SEM2_2017', u'MEDS201', u'MECHANICAL ENGINEERING DESIGN II', u'NDMCH2', u'ND: ENGINEERING: MECHANICAL', u'22', u'SEMESTER 2', u'D1', u'Durban Campus Full-time', u'A', u'40003513:GOVENDER', 120.0]
check 'MEDS201_SEM2_2018' 'MEDS201'
adding  MEDS201
requesting:  http://10.0.100.98:8000/bbinfo/matching_courses/MEDS201%25
r= <Response [200]>
matching classes= set([u'MEDS201_SEM1_2018', u'MEDS201_SEM2_2017', u'MEDS201_ALL_2016', u'MEDS201_SEM2_2018', u'MEDS201_SEM1_2017', u'MEDS201_13_MOUM'])
[u'', u'', u'', u'', u'', u'', u'', u'', u'', u'', u'', u'', u'']
check '' ''
[u'MMAC202_SEM1_2018', u'MMAC202_SEM1_2017', u'MMAC202', u'MECHANICS OF MACHINES II', u'NDMCH2', u'ND: ENGINEERING: MECHANICAL', u'21', u'SEMESTER 1', u'D1', u'Durban Campus Full-time', u'A', u'40003513:GOVENDER;40013386:RASH', 110.0]
check 'MMAC202_SEM1_2018' 'MMAC202'
processXLS: only for SEM2 [u'MMAC202_SEM1_2018', u'MMAC202_SEM1_2017', u'MMAC202', u'MECHANICS OF MACHINES II', u'NDMCH2', u'ND: ENGINEERING: MECHANICAL', u'21', u'SEMESTER 1', u'D1', u'Durban Campus Full-time', u'A', u'40003513:GOVENDER;40013386:RASH', 110.0]
[u'MMAC202_SEM1_2018', u'MMAC202_SEM1_2017', u'MMAC202', u'MECHANICS OF MACHINES II', u'NDMCM1', u'ND: ENGINEERING: MECHANICAL (MARITIME)', u'21', u'SEMESTER 1', u'D1', u'Durban Campus Full-time', u'A', u'40003513:GOVENDER;40013386:RASH', 2.0]
check 'MMAC202_SEM1_2018' 'MMAC202'
processXLS: only for SEM2 [u'MMAC202_SEM1_2018', u'MMAC202_SEM1_2017', u'MMAC202', u'MECHANICS OF MACHINES II', u'NDMCM1', u'ND: ENGINEERING: MECHANICAL (MARITIME)', u'21', u'SEMESTER 1', u'D1', u'Durban Campus Full-time', u'A', u'40003513:GOVENDER;40013386:RASH', 2.0]
[u'MMAC202_SEM1_2018', u'MMAC202_SEM1_2017', u'MMAC202', u'MECHANICS OF MACHINES II', u'NDMCT1', u'ND: ENGINEERING: MECHANICAL (M/TRONICS)', u'21', u'SEMESTER 1', u'D1', u'Durban Campus Full-time', u'A', u'40003513:GOVENDER;40013386:RASH', 7.0]
check 'MMAC202_SEM1_2018' 'MMAC202'
processXLS: only for SEM2 [u'MMAC202_SEM1_2018', u'MMAC202_SEM1_2017', u'MMAC202', u'MECHANICS OF MACHINES II', u'NDMCT1', u'ND: ENGINEERING: MECHANICAL (M/TRONICS)', u'21', u'SEMESTER 1', u'D1', u'Durban Campus Full-time', u'A', u'40003513:GOVENDER;40013386:RASH', 7.0]
[u'', u'', u'', u'', u'', u'', u'', u'', u'', u'', u'', u'', u'']
check '' ''
[u'MMAC202_SEM2_2018', u'MMAC202_SEM2_2017', u'MMAC202', u'MECHANICS OF MACHINES II', u'NDMCH2', u'ND: ENGINEERING: MECHANICAL', u'22', u'SEMESTER 2', u'D1', u'Durban Campus Full-time', u'A', u'40003513:GOVENDER;40013386:RASH', 139.0]
check 'MMAC202_SEM2_2018' 'MMAC202'
adding  MMAC202
requesting:  http://10.0.100.98:8000/bbinfo/matching_courses/MMAC202%25
r= <Response [200]>
matching classes= set([u'MMAC202_SEM2_2017', u'MMAC202_SEM1_2017', u'MMAC202_13_GOVS', u'MMAC202_SEM1_2018', u'MMAC202_SEM2_2018', u'MMAC202_ALL_2016'])
[u'MMAC202_SEM2_2018', u'MMAC202_SEM2_2017', u'MMAC202', u'MECHANICS OF MACHINES II', u'NDMCM1', u'ND: ENGINEERING: MECHANICAL (MARITIME)', u'22', u'SEMESTER 2', u'D1', u'Durban Campus Full-time', u'A', u'40003513:GOVENDER;40013386:RASH', 1.0]
check 'MMAC202_SEM2_2018' 'MMAC202'
adding  MMAC202
requesting:  http://10.0.100.98:8000/bbinfo/matching_courses/MMAC202%25
r= <Response [200]>
matching classes= set([u'MMAC202_SEM2_2017', u'MMAC202_SEM1_2017', u'MMAC202_13_GOVS', u'MMAC202_SEM1_2018', u'MMAC202_SEM2_2018', u'MMAC202_ALL_2016'])
[u'MMAC202_SEM2_2018', u'MMAC202_SEM2_2017', u'MMAC202', u'MECHANICS OF MACHINES II', u'NDMCT1', u'ND: ENGINEERING: MECHANICAL (M/TRONICS)', u'22', u'SEMESTER 2', u'D1', u'Durban Campus Full-time', u'A', u'40003513:GOVENDER;40013386:RASH', 1.0]
check 'MMAC202_SEM2_2018' 'MMAC202'
adding  MMAC202
requesting:  http://10.0.100.98:8000/bbinfo/matching_courses/MMAC202%25
r= <Response [200]>
matching classes= set([u'MMAC202_SEM2_2017', u'MMAC202_SEM1_2017', u'MMAC202_13_GOVS', u'MMAC202_SEM1_2018', u'MMAC202_SEM2_2018', u'MMAC202_ALL_2016'])
[u'', u'', u'', u'', u'', u'', u'', u'', u'', u'', u'', u'', u'']
check '' ''
[u'MMAM201_SEM1_2018', u'MMAM201_SEM1_2017', u'MMAM201', u'MECHANICS OF MACHINES II (MARITIME)', u'NODIPM', u'NON-DIPLOMA PURPOSE (MARITIME)', u'21', u'SEMESTER 1', u'D7', u'DBN FULL-TIME NON-SUBSIDISED', u'A', u'40003513:GOVENDER', 1.0]
check 'MMAM201_SEM1_2018' 'MMAM201'
processXLS: only for SEM2 [u'MMAM201_SEM1_2018', u'MMAM201_SEM1_2017', u'MMAM201', u'MECHANICS OF MACHINES II (MARITIME)', u'NODIPM', u'NON-DIPLOMA PURPOSE (MARITIME)', u'21', u'SEMESTER 1', u'D7', u'DBN FULL-TIME NON-SUBSIDISED', u'A', u'40003513:GOVENDER', 1.0]
[u'', u'', u'', u'', u'', u'', u'', u'', u'', u'', u'', u'', u'']
check '' ''
[u'MMFE201_SEM1_2018', u'MMFE201_SEM1_2017', u'MMFE201', u'MECHANICAL MANUFACTURING ENGINEERING II', u'NDIND2', u'ND: ENGINEERING: INDUSTRIAL', u'21', u'SEMESTER 1', u'D1', u'Durban Campus Full-time', u'A', u'40000659:RANJIT', 46.0]
check 'MMFE201_SEM1_2018' 'MMFE201'
processXLS: only for SEM2 [u'MMFE201_SEM1_2018', u'MMFE201_SEM1_2017', u'MMFE201', u'MECHANICAL MANUFACTURING ENGINEERING II', u'NDIND2', u'ND: ENGINEERING: INDUSTRIAL', u'21', u'SEMESTER 1', u'D1', u'Durban Campus Full-time', u'A', u'40000659:RANJIT', 46.0]
[u'', u'', u'', u'', u'', u'', u'', u'', u'', u'', u'', u'', u'']
check '' ''
[u'MMFE201_SEM2_2018', u'MMFE201_SEM2_2017', u'MMFE201', u'MECHANICAL MANUFACTURING ENGINEERING II', u'NDIND2', u'ND: ENGINEERING: INDUSTRIAL', u'22', u'SEMESTER 2', u'D1', u'Durban Campus Full-time', u'A', u'40000659:RANJIT', 49.0]
check 'MMFE201_SEM2_2018' 'MMFE201'
adding  MMFE201
requesting:  http://10.0.100.98:8000/bbinfo/matching_courses/MMFE201%25
r= <Response [200]>
matching classes= set([u'MMFE201_SEM1_2017', u'MMFE201_SEM1_2018', u'MMFE201_13_RANR', u'MMFE201_SEM2_2018', u'MMFE201_SEM2_2017', u'MMFE201_ALL_2016'])
[u'', u'', u'', u'', u'', u'', u'', u'', u'', u'', u'', u'', u'']
check '' ''
[u'SMAT202_SEM1_2018', u'SMAT202_SEM1_2017', u'SMAT202', u'STRENGTH OF MATERIALS II', u'NDEPE2', u'ND: ENGINEERING: ELECTRICAL  (H/C)', u'21', u'SEMESTER 1', u'D1', u'Durban Campus Full-time', u'A', u'40007697:MWANGI', 3.0]
check 'SMAT202_SEM1_2018' 'SMAT202'
processXLS: only for SEM2 [u'SMAT202_SEM1_2018', u'SMAT202_SEM1_2017', u'SMAT202', u'STRENGTH OF MATERIALS II', u'NDEPE2', u'ND: ENGINEERING: ELECTRICAL  (H/C)', u'21', u'SEMESTER 1', u'D1', u'Durban Campus Full-time', u'A', u'40007697:MWANGI', 3.0]
[u'SMAT202_SEM1_2018', u'SMAT202_SEM1_2017', u'SMAT202', u'STRENGTH OF MATERIALS II', u'NDMCH2', u'ND: ENGINEERING: MECHANICAL', u'21', u'SEMESTER 1', u'D1', u'Durban Campus Full-time', u'A', u'40007697:MWANGI', 97.0]
check 'SMAT202_SEM1_2018' 'SMAT202'
processXLS: only for SEM2 [u'SMAT202_SEM1_2018', u'SMAT202_SEM1_2017', u'SMAT202', u'STRENGTH OF MATERIALS II', u'NDMCH2', u'ND: ENGINEERING: MECHANICAL', u'21', u'SEMESTER 1', u'D1', u'Durban Campus Full-time', u'A', u'40007697:MWANGI', 97.0]
[u'SMAT202_SEM1_2018', u'SMAT202_SEM1_2017', u'SMAT202', u'STRENGTH OF MATERIALS II', u'NDMCM1', u'ND: ENGINEERING: MECHANICAL (MARITIME)', u'21', u'SEMESTER 1', u'D1', u'Durban Campus Full-time', u'A', u'40007697:MWANGI', 1.0]
check 'SMAT202_SEM1_2018' 'SMAT202'
processXLS: only for SEM2 [u'SMAT202_SEM1_2018', u'SMAT202_SEM1_2017', u'SMAT202', u'STRENGTH OF MATERIALS II', u'NDMCM1', u'ND: ENGINEERING: MECHANICAL (MARITIME)', u'21', u'SEMESTER 1', u'D1', u'Durban Campus Full-time', u'A', u'40007697:MWANGI', 1.0]
[u'SMAT202_SEM1_2018', u'SMAT202_SEM1_2017', u'SMAT202', u'STRENGTH OF MATERIALS II', u'NODIP4', u'NON-DIPLOMA PURPOSE (ENG & BE)', u'21', u'SEMESTER 1', u'D7', u'DBN FULL-TIME NON-SUBSIDISED', u'A', u'40007697:MWANGI', 5.0]
check 'SMAT202_SEM1_2018' 'SMAT202'
processXLS: only for SEM2 [u'SMAT202_SEM1_2018', u'SMAT202_SEM1_2017', u'SMAT202', u'STRENGTH OF MATERIALS II', u'NODIP4', u'NON-DIPLOMA PURPOSE (ENG & BE)', u'21', u'SEMESTER 1', u'D7', u'DBN FULL-TIME NON-SUBSIDISED', u'A', u'40007697:MWANGI', 5.0]
[u'', u'', u'', u'', u'', u'', u'', u'', u'', u'', u'', u'', u'']
check '' ''
[u'SMAT202_SEM2_2018', u'SMAT202_SEM2_2017', u'SMAT202', u'STRENGTH OF MATERIALS II', u'NDEPE2', u'ND: ENGINEERING: ELECTRICAL  (H/C)', u'22', u'SEMESTER 2', u'D1', u'Durban Campus Full-time', u'A', u'40007697:MWANGI', 2.0]
check 'SMAT202_SEM2_2018' 'SMAT202'
adding  SMAT202
requesting:  http://10.0.100.98:8000/bbinfo/matching_courses/SMAT202%25
r= <Response [200]>
matching classes= set([u'SMAT202_SEM2_2018', u'SMAT202_SEM1_2017', u'SMAT202_SEM1_2018', u'SMAT202_SEM2_2017', u'SMAT202_13_MACT', u'SMAT202_ALL_2016'])
[u'SMAT202_SEM2_2018', u'SMAT202_SEM2_2017', u'SMAT202', u'STRENGTH OF MATERIALS II', u'NDMCH2', u'ND: ENGINEERING: MECHANICAL', u'22', u'SEMESTER 2', u'D1', u'Durban Campus Full-time', u'A', u'40007697:MWANGI', 106.0]
check 'SMAT202_SEM2_2018' 'SMAT202'
adding  SMAT202
requesting:  http://10.0.100.98:8000/bbinfo/matching_courses/SMAT202%25
r= <Response [200]>
matching classes= set([u'SMAT202_SEM2_2018', u'SMAT202_SEM1_2017', u'SMAT202_SEM1_2018', u'SMAT202_SEM2_2017', u'SMAT202_13_MACT', u'SMAT202_ALL_2016'])
[u'SMAT202_SEM2_2018', u'SMAT202_SEM2_2017', u'SMAT202', u'STRENGTH OF MATERIALS II', u'NODIP4', u'NON-DIPLOMA PURPOSE (ENG & BE)', u'22', u'SEMESTER 2', u'D7', u'DBN FULL-TIME NON-SUBSIDISED', u'A', u'40007697:MWANGI', 2.0]
check 'SMAT202_SEM2_2018' 'SMAT202'
adding  SMAT202
requesting:  http://10.0.100.98:8000/bbinfo/matching_courses/SMAT202%25
r= <Response [200]>
matching classes= set([u'SMAT202_SEM2_2018', u'SMAT202_SEM1_2017', u'SMAT202_SEM1_2018', u'SMAT202_SEM2_2017', u'SMAT202_13_MACT', u'SMAT202_ALL_2016'])
[u'', u'', u'', u'', u'', u'', u'', u'', u'', u'', u'', u'', u'']
check '' ''
[u'THMM201_SEM1_2018', u'THMM201_SEM1_2017', u'THMM201', u'THERMODYNAMICS II (MARITIME)', u'NODIPM', u'NON-DIPLOMA PURPOSE (MARITIME)', u'21', u'SEMESTER 1', u'D7', u'DBN FULL-TIME NON-SUBSIDISED', u'A', u'40003511:MACHOLO', 2.0]
check 'THMM201_SEM1_2018' 'THMM201'
processXLS: only for SEM2 [u'THMM201_SEM1_2018', u'THMM201_SEM1_2017', u'THMM201', u'THERMODYNAMICS II (MARITIME)', u'NODIPM', u'NON-DIPLOMA PURPOSE (MARITIME)', u'21', u'SEMESTER 1', u'D7', u'DBN FULL-TIME NON-SUBSIDISED', u'A', u'40003511:MACHOLO', 2.0]
[u'', u'', u'', u'', u'', u'', u'', u'', u'', u'', u'', u'', u'']
check '' ''
[u'THRM201_SEM1_2018', u'THRM201_SEM1_2017', u'THRM201', u'THERMODYNAMICS II', u'NDMCH2', u'ND: ENGINEERING: MECHANICAL', u'21', u'SEMESTER 1', u'D1', u'Durban Campus Full-time', u'A', u'40003511:MACHOLO', 142.0]
check 'THRM201_SEM1_2018' 'THRM201'
processXLS: only for SEM2 [u'THRM201_SEM1_2018', u'THRM201_SEM1_2017', u'THRM201', u'THERMODYNAMICS II', u'NDMCH2', u'ND: ENGINEERING: MECHANICAL', u'21', u'SEMESTER 1', u'D1', u'Durban Campus Full-time', u'A', u'40003511:MACHOLO', 142.0]
[u'THRM201_SEM1_2018', u'THRM201_SEM1_2017', u'THRM201', u'THERMODYNAMICS II', u'NDMCM1', u'ND: ENGINEERING: MECHANICAL (MARITIME)', u'21', u'SEMESTER 1', u'D1', u'Durban Campus Full-time', u'A', u'40003511:MACHOLO', 1.0]
check 'THRM201_SEM1_2018' 'THRM201'
processXLS: only for SEM2 [u'THRM201_SEM1_2018', u'THRM201_SEM1_2017', u'THRM201', u'THERMODYNAMICS II', u'NDMCM1', u'ND: ENGINEERING: MECHANICAL (MARITIME)', u'21', u'SEMESTER 1', u'D1', u'Durban Campus Full-time', u'A', u'40003511:MACHOLO', 1.0]
[u'', u'', u'', u'', u'', u'', u'', u'', u'', u'', u'', u'', u'']
check '' ''
[u'THRM201_SEM2_2018', u'THRM201_SEM2_2017', u'THRM201', u'THERMODYNAMICS II', u'NDMCH2', u'ND: ENGINEERING: MECHANICAL', u'22', u'SEMESTER 2', u'D1', u'Durban Campus Full-time', u'A', u'40003511:MACHOLO', 158.0]
check 'THRM201_SEM2_2018' 'THRM201'
adding  THRM201
requesting:  http://10.0.100.98:8000/bbinfo/matching_courses/THRM201%25
r= <Response [200]>
matching classes= set([u'THRM201_ALL_2016', u'THRM201_SEM1_2018', u'THRM201_SEM2_2018', u'THRM201_13_MACT', u'THRM201_SEM2_2017', u'THRM201_SEM1_2017'])
[u'', u'', u'', u'', u'', u'', u'', u'', u'', u'', u'', u'', u'']
check '' ''
[u'APSM301_SEM1_2018', u'APSM301_SEM1_2017', u'APSM301', u'APPLIED STRENGTH OF MATERIALS III', u'NDMCH2', u'ND: ENGINEERING: MECHANICAL', u'21', u'SEMESTER 1', u'D1', u'Durban Campus Full-time', u'A', u'50002384:TABAKOV', 101.0]
check 'APSM301_SEM1_2018' 'APSM301'
processXLS: only for SEM2 [u'APSM301_SEM1_2018', u'APSM301_SEM1_2017', u'APSM301', u'APPLIED STRENGTH OF MATERIALS III', u'NDMCH2', u'ND: ENGINEERING: MECHANICAL', u'21', u'SEMESTER 1', u'D1', u'Durban Campus Full-time', u'A', u'50002384:TABAKOV', 101.0]
[u'APSM301_SEM1_2018', u'APSM301_SEM1_2017', u'APSM301', u'APPLIED STRENGTH OF MATERIALS III', u'NODIP4', u'NON-DIPLOMA PURPOSE (ENG & BE)', u'21', u'SEMESTER 1', u'D7', u'DBN FULL-TIME NON-SUBSIDISED', u'A', u'50002384:TABAKOV', 4.0]
check 'APSM301_SEM1_2018' 'APSM301'
processXLS: only for SEM2 [u'APSM301_SEM1_2018', u'APSM301_SEM1_2017', u'APSM301', u'APPLIED STRENGTH OF MATERIALS III', u'NODIP4', u'NON-DIPLOMA PURPOSE (ENG & BE)', u'21', u'SEMESTER 1', u'D7', u'DBN FULL-TIME NON-SUBSIDISED', u'A', u'50002384:TABAKOV', 4.0]
[u'', u'', u'', u'', u'', u'', u'', u'', u'', u'', u'', u'', u'']
check '' ''
[u'APSM301_SEM2_2018', u'APSM301_SEM2_2017', u'APSM301', u'APPLIED STRENGTH OF MATERIALS III', u'NDMCH2', u'ND: ENGINEERING: MECHANICAL', u'22', u'SEMESTER 2', u'D1', u'Durban Campus Full-time', u'A', u'50002384:TABAKOV', 86.0]
check 'APSM301_SEM2_2018' 'APSM301'
adding  APSM301
requesting:  http://10.0.100.98:8000/bbinfo/matching_courses/APSM301%25
r= <Response [200]>
matching classes= set([u'APSM301_SEM1_2017', u'APSM301_SEM2_2017', u'APSM301_SEM2_2018', u'APSM301_SEM1_2018', u'APSM301_13_TABP', u'APSM301_ALL_2016'])
[u'APSM301_SEM2_2018', u'APSM301_SEM2_2017', u'APSM301', u'APPLIED STRENGTH OF MATERIALS III', u'NODIP4', u'NON-DIPLOMA PURPOSE (ENG & BE)', u'22', u'SEMESTER 2', u'D7', u'DBN FULL-TIME NON-SUBSIDISED', u'A', u'50002384:TABAKOV', 5.0]
check 'APSM301_SEM2_2018' 'APSM301'
adding  APSM301
requesting:  http://10.0.100.98:8000/bbinfo/matching_courses/APSM301%25
r= <Response [200]>
matching classes= set([u'APSM301_SEM1_2017', u'APSM301_SEM2_2017', u'APSM301_SEM2_2018', u'APSM301_SEM1_2018', u'APSM301_13_TABP', u'APSM301_ALL_2016'])
[u'', u'', u'', u'', u'', u'', u'', u'', u'', u'', u'', u'', u'']
check '' ''
[u'FMEC302_SEM1_2018', u'FMEC302_SEM1_2017', u'FMEC302', u'FLUID MECHANICS III', u'NDMCH2', u'ND: ENGINEERING: MECHANICAL', u'21', u'SEMESTER 1', u'D1', u'Durban Campus Full-time', u'A', u'40007250:VAN WYK', 84.0]
check 'FMEC302_SEM1_2018' 'FMEC302'
processXLS: only for SEM2 [u'FMEC302_SEM1_2018', u'FMEC302_SEM1_2017', u'FMEC302', u'FLUID MECHANICS III', u'NDMCH2', u'ND: ENGINEERING: MECHANICAL', u'21', u'SEMESTER 1', u'D1', u'Durban Campus Full-time', u'A', u'40007250:VAN WYK', 84.0]
[u'FMEC302_SEM1_2018', u'FMEC302_SEM1_2017', u'FMEC302', u'FLUID MECHANICS III', u'NDMCM1', u'ND: ENGINEERING: MECHANICAL (MARITIME)', u'21', u'SEMESTER 1', u'D1', u'Durban Campus Full-time', u'A', u'40007250:VAN WYK', 2.0]
check 'FMEC302_SEM1_2018' 'FMEC302'
processXLS: only for SEM2 [u'FMEC302_SEM1_2018', u'FMEC302_SEM1_2017', u'FMEC302', u'FLUID MECHANICS III', u'NDMCM1', u'ND: ENGINEERING: MECHANICAL (MARITIME)', u'21', u'SEMESTER 1', u'D1', u'Durban Campus Full-time', u'A', u'40007250:VAN WYK', 2.0]
[u'FMEC302_SEM1_2018', u'FMEC302_SEM1_2017', u'FMEC302', u'FLUID MECHANICS III', u'NDMCT1', u'ND: ENGINEERING: MECHANICAL (M/TRONICS)', u'21', u'SEMESTER 1', u'D1', u'Durban Campus Full-time', u'A', u'40007250:VAN WYK', 4.0]
check 'FMEC302_SEM1_2018' 'FMEC302'
processXLS: only for SEM2 [u'FMEC302_SEM1_2018', u'FMEC302_SEM1_2017', u'FMEC302', u'FLUID MECHANICS III', u'NDMCT1', u'ND: ENGINEERING: MECHANICAL (M/TRONICS)', u'21', u'SEMESTER 1', u'D1', u'Durban Campus Full-time', u'A', u'40007250:VAN WYK', 4.0]
[u'FMEC302_SEM1_2018', u'FMEC302_SEM1_2017', u'FMEC302', u'FLUID MECHANICS III', u'NODIP4', u'NON-DIPLOMA PURPOSE (ENG & BE)', u'21', u'SEMESTER 1', u'D7', u'DBN FULL-TIME NON-SUBSIDISED', u'A', u'40007250:VAN WYK', 1.0]
check 'FMEC302_SEM1_2018' 'FMEC302'
processXLS: only for SEM2 [u'FMEC302_SEM1_2018', u'FMEC302_SEM1_2017', u'FMEC302', u'FLUID MECHANICS III', u'NODIP4', u'NON-DIPLOMA PURPOSE (ENG & BE)', u'21', u'SEMESTER 1', u'D7', u'DBN FULL-TIME NON-SUBSIDISED', u'A', u'40007250:VAN WYK', 1.0]
[u'', u'', u'', u'', u'', u'', u'', u'', u'', u'', u'', u'', u'']
check '' ''
[u'FMEC302_SEM2_2018', u'FMEC302_SEM2_2017', u'FMEC302', u'FLUID MECHANICS III', u'NDMCH2', u'ND: ENGINEERING: MECHANICAL', u'22', u'SEMESTER 2', u'D1', u'Durban Campus Full-time', u'A', u'40007250:VAN WYK', 73.0]
check 'FMEC302_SEM2_2018' 'FMEC302'
adding  FMEC302
requesting:  http://10.0.100.98:8000/bbinfo/matching_courses/FMEC302%25
r= <Response [200]>
matching classes= set([u'FMEC302_ALL_2016', u'FMEC302_SEM1_2017', u'FMEC302_13_VAND', u'FMEC302_SEM2_2017', u'FMEC302_SEM2_2018', u'FMEC302_SEM1_2018'])
[u'FMEC302_SEM2_2018', u'FMEC302_SEM2_2017', u'FMEC302', u'FLUID MECHANICS III', u'NDMCT1', u'ND: ENGINEERING: MECHANICAL (M/TRONICS)', u'22', u'SEMESTER 2', u'D1', u'Durban Campus Full-time', u'A', u'40007250:VAN WYK', 1.0]
check 'FMEC302_SEM2_2018' 'FMEC302'
adding  FMEC302
requesting:  http://10.0.100.98:8000/bbinfo/matching_courses/FMEC302%25
r= <Response [200]>
matching classes= set([u'FMEC302_ALL_2016', u'FMEC302_SEM1_2017', u'FMEC302_13_VAND', u'FMEC302_SEM2_2017', u'FMEC302_SEM2_2018', u'FMEC302_SEM1_2018'])
[u'FMEC302_SEM2_2018', u'FMEC302_SEM2_2017', u'FMEC302', u'FLUID MECHANICS III', u'NODIP4', u'NON-DIPLOMA PURPOSE (ENG & BE)', u'22', u'SEMESTER 2', u'D7', u'DBN FULL-TIME NON-SUBSIDISED', u'A', u'40007250:VAN WYK', 1.0]
check 'FMEC302_SEM2_2018' 'FMEC302'
adding  FMEC302
requesting:  http://10.0.100.98:8000/bbinfo/matching_courses/FMEC302%25
r= <Response [200]>
matching classes= set([u'FMEC302_ALL_2016', u'FMEC302_SEM1_2017', u'FMEC302_13_VAND', u'FMEC302_SEM2_2017', u'FMEC302_SEM2_2018', u'FMEC302_SEM1_2018'])
[u'', u'', u'', u'', u'', u'', u'', u'', u'', u'', u'', u'', u'']
check '' ''
[u'HMAC301_SEM1_2018', u'HMAC301_SEM1_2017', u'HMAC301', u'HYDRAULIC MACHINES III', u'NDMCH2', u'ND: ENGINEERING: MECHANICAL', u'21', u'SEMESTER 1', u'D1', u'Durban Campus Full-time', u'A', u'50002380:GRAHAM', 66.0]
check 'HMAC301_SEM1_2018' 'HMAC301'
processXLS: only for SEM2 [u'HMAC301_SEM1_2018', u'HMAC301_SEM1_2017', u'HMAC301', u'HYDRAULIC MACHINES III', u'NDMCH2', u'ND: ENGINEERING: MECHANICAL', u'21', u'SEMESTER 1', u'D1', u'Durban Campus Full-time', u'A', u'50002380:GRAHAM', 66.0]
[u'HMAC301_SEM1_2018', u'HMAC301_SEM1_2017', u'HMAC301', u'HYDRAULIC MACHINES III', u'NDMCT1', u'ND: ENGINEERING: MECHANICAL (M/TRONICS)', u'21', u'SEMESTER 1', u'D1', u'Durban Campus Full-time', u'A', u'50002380:GRAHAM', 3.0]
check 'HMAC301_SEM1_2018' 'HMAC301'
processXLS: only for SEM2 [u'HMAC301_SEM1_2018', u'HMAC301_SEM1_2017', u'HMAC301', u'HYDRAULIC MACHINES III', u'NDMCT1', u'ND: ENGINEERING: MECHANICAL (M/TRONICS)', u'21', u'SEMESTER 1', u'D1', u'Durban Campus Full-time', u'A', u'50002380:GRAHAM', 3.0]
[u'HMAC301_SEM1_2018', u'HMAC301_SEM1_2017', u'HMAC301', u'HYDRAULIC MACHINES III', u'NODIP4', u'NON-DIPLOMA PURPOSE (ENG & BE)', u'21', u'SEMESTER 1', u'D7', u'DBN FULL-TIME NON-SUBSIDISED', u'A', u'50002380:GRAHAM', 2.0]
check 'HMAC301_SEM1_2018' 'HMAC301'
processXLS: only for SEM2 [u'HMAC301_SEM1_2018', u'HMAC301_SEM1_2017', u'HMAC301', u'HYDRAULIC MACHINES III', u'NODIP4', u'NON-DIPLOMA PURPOSE (ENG & BE)', u'21', u'SEMESTER 1', u'D7', u'DBN FULL-TIME NON-SUBSIDISED', u'A', u'50002380:GRAHAM', 2.0]
[u'', u'', u'', u'', u'', u'', u'', u'', u'', u'', u'', u'', u'']
check '' ''
[u'HMAC301_SEM2_2018', u'HMAC301_SEM2_2017', u'HMAC301', u'HYDRAULIC MACHINES III', u'NDMCH2', u'ND: ENGINEERING: MECHANICAL', u'22', u'SEMESTER 2', u'D1', u'Durban Campus Full-time', u'A', u'50002380:GRAHAM', 67.0]
check 'HMAC301_SEM2_2018' 'HMAC301'
adding  HMAC301
requesting:  http://10.0.100.98:8000/bbinfo/matching_courses/HMAC301%25
r= <Response [200]>
matching classes= set([u'HMAC301_SEM2_2017', u'HMAC301_SEM2_2018', u'HMAC301_SEM1_2018', u'HMAC301_13_GRAB', u'HMAC301_ALL_2016', u'HMAC301_SEM1_2017'])
[u'HMAC301_SEM2_2018', u'HMAC301_SEM2_2017', u'HMAC301', u'HYDRAULIC MACHINES III', u'NDMCM1', u'ND: ENGINEERING: MECHANICAL (MARITIME)', u'22', u'SEMESTER 2', u'D1', u'Durban Campus Full-time', u'A', u'50002380:GRAHAM', 2.0]
check 'HMAC301_SEM2_2018' 'HMAC301'
adding  HMAC301
requesting:  http://10.0.100.98:8000/bbinfo/matching_courses/HMAC301%25
r= <Response [200]>
matching classes= set([u'HMAC301_SEM2_2017', u'HMAC301_SEM2_2018', u'HMAC301_SEM1_2018', u'HMAC301_13_GRAB', u'HMAC301_ALL_2016', u'HMAC301_SEM1_2017'])
[u'HMAC301_SEM2_2018', u'HMAC301_SEM2_2017', u'HMAC301', u'HYDRAULIC MACHINES III', u'NDMCT1', u'ND: ENGINEERING: MECHANICAL (M/TRONICS)', u'22', u'SEMESTER 2', u'D1', u'Durban Campus Full-time', u'A', u'50002380:GRAHAM', 2.0]
check 'HMAC301_SEM2_2018' 'HMAC301'
adding  HMAC301
requesting:  http://10.0.100.98:8000/bbinfo/matching_courses/HMAC301%25
r= <Response [200]>
matching classes= set([u'HMAC301_SEM2_2017', u'HMAC301_SEM2_2018', u'HMAC301_SEM1_2018', u'HMAC301_13_GRAB', u'HMAC301_ALL_2016', u'HMAC301_SEM1_2017'])
[u'HMAC301_SEM2_2018', u'HMAC301_SEM2_2017', u'HMAC301', u'HYDRAULIC MACHINES III', u'NODIP4', u'NON-DIPLOMA PURPOSE (ENG & BE)', u'22', u'SEMESTER 2', u'D7', u'DBN FULL-TIME NON-SUBSIDISED', u'A', u'50002380:GRAHAM', 2.0]
check 'HMAC301_SEM2_2018' 'HMAC301'
adding  HMAC301
requesting:  http://10.0.100.98:8000/bbinfo/matching_courses/HMAC301%25
r= <Response [200]>
matching classes= set([u'HMAC301_SEM2_2017', u'HMAC301_SEM2_2018', u'HMAC301_SEM1_2018', u'HMAC301_13_GRAB', u'HMAC301_ALL_2016', u'HMAC301_SEM1_2017'])
[u'', u'', u'', u'', u'', u'', u'', u'', u'', u'', u'', u'', u'']
check '' ''
[u'MDES302_SEM1_2018', u'MDES302_SEM1_2017', u'MDES302', u'MACHINE DESIGN III', u'NDMCH2', u'ND: ENGINEERING: MECHANICAL', u'21', u'SEMESTER 1', u'D1', u'Durban Campus Full-time', u'A', u'40010719:NWAMBA', 91.0]
check 'MDES302_SEM1_2018' 'MDES302'
processXLS: only for SEM2 [u'MDES302_SEM1_2018', u'MDES302_SEM1_2017', u'MDES302', u'MACHINE DESIGN III', u'NDMCH2', u'ND: ENGINEERING: MECHANICAL', u'21', u'SEMESTER 1', u'D1', u'Durban Campus Full-time', u'A', u'40010719:NWAMBA', 91.0]
[u'MDES302_SEM1_2018', u'MDES302_SEM1_2017', u'MDES302', u'MACHINE DESIGN III', u'NDMCT1', u'ND: ENGINEERING: MECHANICAL (M/TRONICS)', u'21', u'SEMESTER 1', u'D1', u'Durban Campus Full-time', u'A', u'40010719:NWAMBA', 2.0]
check 'MDES302_SEM1_2018' 'MDES302'
processXLS: only for SEM2 [u'MDES302_SEM1_2018', u'MDES302_SEM1_2017', u'MDES302', u'MACHINE DESIGN III', u'NDMCT1', u'ND: ENGINEERING: MECHANICAL (M/TRONICS)', u'21', u'SEMESTER 1', u'D1', u'Durban Campus Full-time', u'A', u'40010719:NWAMBA', 2.0]
[u'MDES302_SEM1_2018', u'MDES302_SEM1_2017', u'MDES302', u'MACHINE DESIGN III', u'NODIP4', u'NON-DIPLOMA PURPOSE (ENG & BE)', u'21', u'SEMESTER 1', u'D7', u'DBN FULL-TIME NON-SUBSIDISED', u'A', u'40010719:NWAMBA', 9.0]
check 'MDES302_SEM1_2018' 'MDES302'
processXLS: only for SEM2 [u'MDES302_SEM1_2018', u'MDES302_SEM1_2017', u'MDES302', u'MACHINE DESIGN III', u'NODIP4', u'NON-DIPLOMA PURPOSE (ENG & BE)', u'21', u'SEMESTER 1', u'D7', u'DBN FULL-TIME NON-SUBSIDISED', u'A', u'40010719:NWAMBA', 9.0]
[u'', u'', u'', u'', u'', u'', u'', u'', u'', u'', u'', u'', u'']
check '' ''
[u'MDES302_SEM2_2018', u'MDES302_SEM2_2017', u'MDES302', u'MACHINE DESIGN III', u'NDMCH2', u'ND: ENGINEERING: MECHANICAL', u'22', u'SEMESTER 2', u'D1', u'Durban Campus Full-time', u'A', u'40010719:NWAMBA', 96.0]
check 'MDES302_SEM2_2018' 'MDES302'
adding  MDES302
requesting:  http://10.0.100.98:8000/bbinfo/matching_courses/MDES302%25
r= <Response [200]>
matching classes= set([u'MDES302_15', u'MDES302_13_KANK', u'MDES302_SEM1_2018', u'MDES302_SEM2_2017', u'MDES302_ALL_2016', u'MDES302_SEM2_2018', u'MDES302_SEM1_2017'])
[u'MDES302_SEM2_2018', u'MDES302_SEM2_2017', u'MDES302', u'MACHINE DESIGN III', u'NDMCT1', u'ND: ENGINEERING: MECHANICAL (M/TRONICS)', u'22', u'SEMESTER 2', u'D1', u'Durban Campus Full-time', u'A', u'40010719:NWAMBA', 3.0]
check 'MDES302_SEM2_2018' 'MDES302'
adding  MDES302
requesting:  http://10.0.100.98:8000/bbinfo/matching_courses/MDES302%25
r= <Response [200]>
matching classes= set([u'MDES302_15', u'MDES302_13_KANK', u'MDES302_SEM1_2018', u'MDES302_SEM2_2017', u'MDES302_ALL_2016', u'MDES302_SEM2_2018', u'MDES302_SEM1_2017'])
[u'MDES302_SEM2_2018', u'MDES302_SEM2_2017', u'MDES302', u'MACHINE DESIGN III', u'NODIP4', u'NON-DIPLOMA PURPOSE (ENG & BE)', u'22', u'SEMESTER 2', u'D7', u'DBN FULL-TIME NON-SUBSIDISED', u'A', u'40010719:NWAMBA', 2.0]
check 'MDES302_SEM2_2018' 'MDES302'
adding  MDES302
requesting:  http://10.0.100.98:8000/bbinfo/matching_courses/MDES302%25
r= <Response [200]>
matching classes= set([u'MDES302_15', u'MDES302_13_KANK', u'MDES302_SEM1_2018', u'MDES302_SEM2_2017', u'MDES302_ALL_2016', u'MDES302_SEM2_2018', u'MDES302_SEM1_2017'])
[u'', u'', u'', u'', u'', u'', u'', u'', u'', u'', u'', u'', u'']
check '' ''
[u'MEDS301_SEM1_2018', u'MEDS301_SEM1_2017', u'MEDS301', u'MECHANICAL ENGINEERING DESIGN III', u'NDMCH2', u'ND: ENGINEERING: MECHANICAL', u'21', u'SEMESTER 1', u'D1', u'Durban Campus Full-time', u'A', u'50001025:THURBON', 84.0]
check 'MEDS301_SEM1_2018' 'MEDS301'
processXLS: only for SEM2 [u'MEDS301_SEM1_2018', u'MEDS301_SEM1_2017', u'MEDS301', u'MECHANICAL ENGINEERING DESIGN III', u'NDMCH2', u'ND: ENGINEERING: MECHANICAL', u'21', u'SEMESTER 1', u'D1', u'Durban Campus Full-time', u'A', u'50001025:THURBON', 84.0]
[u'MEDS301_SEM1_2018', u'MEDS301_SEM1_2017', u'MEDS301', u'MECHANICAL ENGINEERING DESIGN III', u'NDMCT1', u'ND: ENGINEERING: MECHANICAL (M/TRONICS)', u'21', u'SEMESTER 1', u'D1', u'Durban Campus Full-time', u'A', u'50001025:THURBON', 4.0]
check 'MEDS301_SEM1_2018' 'MEDS301'
processXLS: only for SEM2 [u'MEDS301_SEM1_2018', u'MEDS301_SEM1_2017', u'MEDS301', u'MECHANICAL ENGINEERING DESIGN III', u'NDMCT1', u'ND: ENGINEERING: MECHANICAL (M/TRONICS)', u'21', u'SEMESTER 1', u'D1', u'Durban Campus Full-time', u'A', u'50001025:THURBON', 4.0]
[u'MEDS301_SEM1_2018', u'MEDS301_SEM1_2017', u'MEDS301', u'MECHANICAL ENGINEERING DESIGN III', u'NODIP4', u'NON-DIPLOMA PURPOSE (ENG & BE)', u'21', u'SEMESTER 1', u'D7', u'DBN FULL-TIME NON-SUBSIDISED', u'A', u'50001025:THURBON', 2.0]
check 'MEDS301_SEM1_2018' 'MEDS301'
processXLS: only for SEM2 [u'MEDS301_SEM1_2018', u'MEDS301_SEM1_2017', u'MEDS301', u'MECHANICAL ENGINEERING DESIGN III', u'NODIP4', u'NON-DIPLOMA PURPOSE (ENG & BE)', u'21', u'SEMESTER 1', u'D7', u'DBN FULL-TIME NON-SUBSIDISED', u'A', u'50001025:THURBON', 2.0]
[u'', u'', u'', u'', u'', u'', u'', u'', u'', u'', u'', u'', u'']
check '' ''
[u'MEDS301_SEM2_2018', u'MEDS301_SEM2_2017', u'MEDS301', u'MECHANICAL ENGINEERING DESIGN III', u'NDMCH2', u'ND: ENGINEERING: MECHANICAL', u'22', u'SEMESTER 2', u'D1', u'Durban Campus Full-time', u'A', u'50001025:THURBON', 71.0]
check 'MEDS301_SEM2_2018' 'MEDS301'
adding  MEDS301
requesting:  http://10.0.100.98:8000/bbinfo/matching_courses/MEDS301%25
r= <Response [200]>
matching classes= set([u'MEDS301_SEM2_2017', u'MEDS301_SEM1_2017', u'MEDS301_SEM1_2018', u'MEDS301_ALL_2016', u'MEDS301_SEM2_2018', u'MEDS301_13_GUGN'])
[u'MEDS301_SEM2_2018', u'MEDS301_SEM2_2017', u'MEDS301', u'MECHANICAL ENGINEERING DESIGN III', u'NDMCT1', u'ND: ENGINEERING: MECHANICAL (M/TRONICS)', u'22', u'SEMESTER 2', u'D1', u'Durban Campus Full-time', u'A', u'50001025:THURBON', 2.0]
check 'MEDS301_SEM2_2018' 'MEDS301'
adding  MEDS301
requesting:  http://10.0.100.98:8000/bbinfo/matching_courses/MEDS301%25
r= <Response [200]>
matching classes= set([u'MEDS301_SEM2_2017', u'MEDS301_SEM1_2017', u'MEDS301_SEM1_2018', u'MEDS301_ALL_2016', u'MEDS301_SEM2_2018', u'MEDS301_13_GUGN'])
[u'', u'', u'', u'', u'', u'', u'', u'', u'', u'', u'', u'', u'']
check '' ''
[u'MMAC302_SEM1_2018', u'MMAC302_SEM1_2017', u'MMAC302', u'MECHANICS OF MACHINES III', u'NDMCH2', u'ND: ENGINEERING: MECHANICAL', u'21', u'SEMESTER 1', u'D1', u'Durban Campus Full-time', u'A', u'50001025:THURBON', 87.0]
check 'MMAC302_SEM1_2018' 'MMAC302'
processXLS: only for SEM2 [u'MMAC302_SEM1_2018', u'MMAC302_SEM1_2017', u'MMAC302', u'MECHANICS OF MACHINES III', u'NDMCH2', u'ND: ENGINEERING: MECHANICAL', u'21', u'SEMESTER 1', u'D1', u'Durban Campus Full-time', u'A', u'50001025:THURBON', 87.0]
[u'MMAC302_SEM1_2018', u'MMAC302_SEM1_2017', u'MMAC302', u'MECHANICS OF MACHINES III', u'NDMCT1', u'ND: ENGINEERING: MECHANICAL (M/TRONICS)', u'21', u'SEMESTER 1', u'D1', u'Durban Campus Full-time', u'A', u'50001025:THURBON', 1.0]
check 'MMAC302_SEM1_2018' 'MMAC302'
processXLS: only for SEM2 [u'MMAC302_SEM1_2018', u'MMAC302_SEM1_2017', u'MMAC302', u'MECHANICS OF MACHINES III', u'NDMCT1', u'ND: ENGINEERING: MECHANICAL (M/TRONICS)', u'21', u'SEMESTER 1', u'D1', u'Durban Campus Full-time', u'A', u'50001025:THURBON', 1.0]
[u'', u'', u'', u'', u'', u'', u'', u'', u'', u'', u'', u'', u'']
check '' ''
[u'MMAC302_SEM2_2018', u'MMAC302_SEM2_2017', u'MMAC302', u'MECHANICS OF MACHINES III', u'NDMCH2', u'ND: ENGINEERING: MECHANICAL', u'22', u'SEMESTER 2', u'D1', u'Durban Campus Full-time', u'A', u'50001025:THURBON', 68.0]
check 'MMAC302_SEM2_2018' 'MMAC302'
adding  MMAC302
requesting:  http://10.0.100.98:8000/bbinfo/matching_courses/MMAC302%25
r= <Response [200]>
matching classes= set([u'MMAC302_ALL_2016', u'MMAC302_SEM2_2018', u'MMAC302_SEM1_2018', u'MMAC302_SEM1_2017', u'MMAC302_SEM2_2017', u'MMAC302_13_BISD'])
[u'MMAC302_SEM2_2018', u'MMAC302_SEM2_2017', u'MMAC302', u'MECHANICS OF MACHINES III', u'NDMCM1', u'ND: ENGINEERING: MECHANICAL (MARITIME)', u'22', u'SEMESTER 2', u'D1', u'Durban Campus Full-time', u'A', u'50001025:THURBON', 1.0]
check 'MMAC302_SEM2_2018' 'MMAC302'
adding  MMAC302
requesting:  http://10.0.100.98:8000/bbinfo/matching_courses/MMAC302%25
r= <Response [200]>
matching classes= set([u'MMAC302_ALL_2016', u'MMAC302_SEM2_2018', u'MMAC302_SEM1_2018', u'MMAC302_SEM1_2017', u'MMAC302_SEM2_2017', u'MMAC302_13_BISD'])
[u'MMAC302_SEM2_2018', u'MMAC302_SEM2_2017', u'MMAC302', u'MECHANICS OF MACHINES III', u'NDMCT1', u'ND: ENGINEERING: MECHANICAL (M/TRONICS)', u'22', u'SEMESTER 2', u'D1', u'Durban Campus Full-time', u'A', u'50001025:THURBON', 5.0]
check 'MMAC302_SEM2_2018' 'MMAC302'
adding  MMAC302
requesting:  http://10.0.100.98:8000/bbinfo/matching_courses/MMAC302%25
r= <Response [200]>
matching classes= set([u'MMAC302_ALL_2016', u'MMAC302_SEM2_2018', u'MMAC302_SEM1_2018', u'MMAC302_SEM1_2017', u'MMAC302_SEM2_2017', u'MMAC302_13_BISD'])
[u'', u'', u'', u'', u'', u'', u'', u'', u'', u'', u'', u'', u'']
check '' ''
[u'MMAM301_SEM1_2018', u'MMAM301_SEM1_2017', u'MMAM301', u'MECHANICS OF MACHINES III (MARITIME)', u'NODIPM', u'NON-DIPLOMA PURPOSE (MARITIME)', u'21', u'SEMESTER 1', u'D7', u'DBN FULL-TIME NON-SUBSIDISED', u'A', u'50001025:Thurbon', 2.0]
check 'MMAM301_SEM1_2018' 'MMAM301'
processXLS: only for SEM2 [u'MMAM301_SEM1_2018', u'MMAM301_SEM1_2017', u'MMAM301', u'MECHANICS OF MACHINES III (MARITIME)', u'NODIPM', u'NON-DIPLOMA PURPOSE (MARITIME)', u'21', u'SEMESTER 1', u'D7', u'DBN FULL-TIME NON-SUBSIDISED', u'A', u'50001025:Thurbon', 2.0]
[u'', u'', u'', u'', u'', u'', u'', u'', u'', u'', u'', u'', u'']
check '' ''
[u'SMAM301_SEM1_2018', u'SMAM301_SEM1_2017', u'SMAM301', u'STRENGTH OF MATERIALS III (MARITIME)', u'NODIPM', u'NON-DIPLOMA PURPOSE (MARITIME)', u'21', u'SEMESTER 1', u'D7', u'DBN FULL-TIME NON-SUBSIDISED', u'A', u'50001025:Thurbon', 2.0]
check 'SMAM301_SEM1_2018' 'SMAM301'
processXLS: only for SEM2 [u'SMAM301_SEM1_2018', u'SMAM301_SEM1_2017', u'SMAM301', u'STRENGTH OF MATERIALS III (MARITIME)', u'NODIPM', u'NON-DIPLOMA PURPOSE (MARITIME)', u'21', u'SEMESTER 1', u'D7', u'DBN FULL-TIME NON-SUBSIDISED', u'A', u'50001025:Thurbon', 2.0]
[u'', u'', u'', u'', u'', u'', u'', u'', u'', u'', u'', u'', u'']
check '' ''
[u'SMAT302_SEM1_2018', u'SMAT302_SEM1_2017', u'SMAT302', u'STRENGTH OF MATERIALS III', u'NDEPE2', u'ND: ENGINEERING: ELECTRICAL  (H/C)', u'21', u'SEMESTER 1', u'D1', u'Durban Campus Full-time', u'A', u'50002232:RADEBE', 3.0]
check 'SMAT302_SEM1_2018' 'SMAT302'
processXLS: only for SEM2 [u'SMAT302_SEM1_2018', u'SMAT302_SEM1_2017', u'SMAT302', u'STRENGTH OF MATERIALS III', u'NDEPE2', u'ND: ENGINEERING: ELECTRICAL  (H/C)', u'21', u'SEMESTER 1', u'D1', u'Durban Campus Full-time', u'A', u'50002232:RADEBE', 3.0]
[u'SMAT302_SEM1_2018', u'SMAT302_SEM1_2017', u'SMAT302', u'STRENGTH OF MATERIALS III', u'NDMCH2', u'ND: ENGINEERING: MECHANICAL', u'21', u'SEMESTER 1', u'D1', u'Durban Campus Full-time', u'A', u'50002232:RADEBE', 112.0]
check 'SMAT302_SEM1_2018' 'SMAT302'
processXLS: only for SEM2 [u'SMAT302_SEM1_2018', u'SMAT302_SEM1_2017', u'SMAT302', u'STRENGTH OF MATERIALS III', u'NDMCH2', u'ND: ENGINEERING: MECHANICAL', u'21', u'SEMESTER 1', u'D1', u'Durban Campus Full-time', u'A', u'50002232:RADEBE', 112.0]
[u'SMAT302_SEM1_2018', u'SMAT302_SEM1_2017', u'SMAT302', u'STRENGTH OF MATERIALS III', u'NDMCM1', u'ND: ENGINEERING: MECHANICAL (MARITIME)', u'21', u'SEMESTER 1', u'D1', u'Durban Campus Full-time', u'A', u'50002232:RADEBE', 1.0]
check 'SMAT302_SEM1_2018' 'SMAT302'
processXLS: only for SEM2 [u'SMAT302_SEM1_2018', u'SMAT302_SEM1_2017', u'SMAT302', u'STRENGTH OF MATERIALS III', u'NDMCM1', u'ND: ENGINEERING: MECHANICAL (MARITIME)', u'21', u'SEMESTER 1', u'D1', u'Durban Campus Full-time', u'A', u'50002232:RADEBE', 1.0]
[u'SMAT302_SEM1_2018', u'SMAT302_SEM1_2017', u'SMAT302', u'STRENGTH OF MATERIALS III', u'NODIP4', u'NON-DIPLOMA PURPOSE (ENG & BE)', u'21', u'SEMESTER 1', u'D7', u'DBN FULL-TIME NON-SUBSIDISED', u'A', u'50002232:RADEBE', 1.0]
check 'SMAT302_SEM1_2018' 'SMAT302'
processXLS: only for SEM2 [u'SMAT302_SEM1_2018', u'SMAT302_SEM1_2017', u'SMAT302', u'STRENGTH OF MATERIALS III', u'NODIP4', u'NON-DIPLOMA PURPOSE (ENG & BE)', u'21', u'SEMESTER 1', u'D7', u'DBN FULL-TIME NON-SUBSIDISED', u'A', u'50002232:RADEBE', 1.0]
[u'', u'', u'', u'', u'', u'', u'', u'', u'', u'', u'', u'', u'']
check '' ''
[u'SMAT302_SEM2_2018', u'SMAT302_SEM2_2017', u'SMAT302', u'STRENGTH OF MATERIALS III', u'NDMCH2', u'ND: ENGINEERING: MECHANICAL', u'22', u'SEMESTER 2', u'D1', u'Durban Campus Full-time', u'A', u'50002232:RADEBE', 126.0]
check 'SMAT302_SEM2_2018' 'SMAT302'
adding  SMAT302
requesting:  http://10.0.100.98:8000/bbinfo/matching_courses/SMAT302%25
r= <Response [200]>
matching classes= set([u'SMAT302_SEM2_2018', u'SMAT302_SEM1_2018', u'SMAT302_SEM1_2017', u'SMAT302_SEM2_2017', u'SMAT302_ALL_2016', u'SMAT302_13_RADI'])
[u'SMAT302_SEM2_2018', u'SMAT302_SEM2_2017', u'SMAT302', u'STRENGTH OF MATERIALS III', u'NDMCM1', u'ND: ENGINEERING: MECHANICAL (MARITIME)', u'22', u'SEMESTER 2', u'D1', u'Durban Campus Full-time', u'A', u'50002232:RADEBE', 1.0]
check 'SMAT302_SEM2_2018' 'SMAT302'
adding  SMAT302
requesting:  http://10.0.100.98:8000/bbinfo/matching_courses/SMAT302%25
r= <Response [200]>
matching classes= set([u'SMAT302_SEM2_2018', u'SMAT302_SEM1_2018', u'SMAT302_SEM1_2017', u'SMAT302_SEM2_2017', u'SMAT302_ALL_2016', u'SMAT302_13_RADI'])
[u'SMAT302_SEM2_2018', u'SMAT302_SEM2_2017', u'SMAT302', u'STRENGTH OF MATERIALS III', u'NODIP4', u'NON-DIPLOMA PURPOSE (ENG & BE)', u'22', u'SEMESTER 2', u'D7', u'DBN FULL-TIME NON-SUBSIDISED', u'A', u'50002232:RADEBE', 2.0]
check 'SMAT302_SEM2_2018' 'SMAT302'
adding  SMAT302
requesting:  http://10.0.100.98:8000/bbinfo/matching_courses/SMAT302%25
r= <Response [200]>
matching classes= set([u'SMAT302_SEM2_2018', u'SMAT302_SEM1_2018', u'SMAT302_SEM1_2017', u'SMAT302_SEM2_2017', u'SMAT302_ALL_2016', u'SMAT302_13_RADI'])
[u'', u'', u'', u'', u'', u'', u'', u'', u'', u'', u'', u'', u'']
check '' ''
[u'SPLT302_SEM1_2018', u'SPLT302_SEM1_2017', u'SPLT302', u'STEAM PLANT III', u'NDMCH2', u'ND: ENGINEERING: MECHANICAL', u'21', u'SEMESTER 1', u'D1', u'Durban Campus Full-time', u'A', u'50001025:THURBON', 48.0]
check 'SPLT302_SEM1_2018' 'SPLT302'
processXLS: only for SEM2 [u'SPLT302_SEM1_2018', u'SPLT302_SEM1_2017', u'SPLT302', u'STEAM PLANT III', u'NDMCH2', u'ND: ENGINEERING: MECHANICAL', u'21', u'SEMESTER 1', u'D1', u'Durban Campus Full-time', u'A', u'50001025:THURBON', 48.0]
[u'SPLT302_SEM1_2018', u'SPLT302_SEM1_2017', u'SPLT302', u'STEAM PLANT III', u'NODIP4', u'NON-DIPLOMA PURPOSE (ENG & BE)', u'21', u'SEMESTER 1', u'D7', u'DBN FULL-TIME NON-SUBSIDISED', u'A', u'50001025:THURBON', 3.0]
check 'SPLT302_SEM1_2018' 'SPLT302'
processXLS: only for SEM2 [u'SPLT302_SEM1_2018', u'SPLT302_SEM1_2017', u'SPLT302', u'STEAM PLANT III', u'NODIP4', u'NON-DIPLOMA PURPOSE (ENG & BE)', u'21', u'SEMESTER 1', u'D7', u'DBN FULL-TIME NON-SUBSIDISED', u'A', u'50001025:THURBON', 3.0]
[u'', u'', u'', u'', u'', u'', u'', u'', u'', u'', u'', u'', u'']
check '' ''
[u'SPLT302_SEM2_2018', u'SPLT302_SEM2_2017', u'SPLT302', u'STEAM PLANT III', u'NDMCH2', u'ND: ENGINEERING: MECHANICAL', u'22', u'SEMESTER 2', u'D1', u'Durban Campus Full-time', u'A', u'50001025:THURBON', 54.0]
check 'SPLT302_SEM2_2018' 'SPLT302'
adding  SPLT302
requesting:  http://10.0.100.98:8000/bbinfo/matching_courses/SPLT302%25
r= <Response [200]>
matching classes= set([u'SPLT302_SEM1_2018', u'SPLT302_SEM2_2018', u'SPLT302_SEM2_2017', u'SPLT302_SEM1_2017', u'SPLT302_13_THUG', u'SPLT302_ALL_2016'])
[u'SPLT302_SEM2_2018', u'SPLT302_SEM2_2017', u'SPLT302', u'STEAM PLANT III', u'NDMCM1', u'ND: ENGINEERING: MECHANICAL (MARITIME)', u'22', u'SEMESTER 2', u'D1', u'Durban Campus Full-time', u'A', u'50001025:THURBON', 2.0]
check 'SPLT302_SEM2_2018' 'SPLT302'
adding  SPLT302
requesting:  http://10.0.100.98:8000/bbinfo/matching_courses/SPLT302%25
r= <Response [200]>
matching classes= set([u'SPLT302_SEM1_2018', u'SPLT302_SEM2_2018', u'SPLT302_SEM2_2017', u'SPLT302_SEM1_2017', u'SPLT302_13_THUG', u'SPLT302_ALL_2016'])
[u'', u'', u'', u'', u'', u'', u'', u'', u'', u'', u'', u'', u'']
check '' ''
[u'THMC301_SEM1_2018', u'THMC301_SEM1_2017', u'THMC301', u'THEORY OF MACHINES III', u'NDMCH2', u'ND: ENGINEERING: MECHANICAL', u'21', u'SEMESTER 1', u'D1', u'Durban Campus Full-time', u'A', u'50001025:THURBON', 59.0]
check 'THMC301_SEM1_2018' 'THMC301'
processXLS: only for SEM2 [u'THMC301_SEM1_2018', u'THMC301_SEM1_2017', u'THMC301', u'THEORY OF MACHINES III', u'NDMCH2', u'ND: ENGINEERING: MECHANICAL', u'21', u'SEMESTER 1', u'D1', u'Durban Campus Full-time', u'A', u'50001025:THURBON', 59.0]
[u'THMC301_SEM1_2018', u'THMC301_SEM1_2017', u'THMC301', u'THEORY OF MACHINES III', u'NDMCT1', u'ND: ENGINEERING: MECHANICAL (M/TRONICS)', u'21', u'SEMESTER 1', u'D1', u'Durban Campus Full-time', u'A', u'50001025:THURBON', 3.0]
check 'THMC301_SEM1_2018' 'THMC301'
processXLS: only for SEM2 [u'THMC301_SEM1_2018', u'THMC301_SEM1_2017', u'THMC301', u'THEORY OF MACHINES III', u'NDMCT1', u'ND: ENGINEERING: MECHANICAL (M/TRONICS)', u'21', u'SEMESTER 1', u'D1', u'Durban Campus Full-time', u'A', u'50001025:THURBON', 3.0]
[u'THMC301_SEM1_2018', u'THMC301_SEM1_2017', u'THMC301', u'THEORY OF MACHINES III', u'NODIP4', u'NON-DIPLOMA PURPOSE (ENG & BE)', u'21', u'SEMESTER 1', u'D7', u'DBN FULL-TIME NON-SUBSIDISED', u'A', u'50001025:THURBON', 2.0]
check 'THMC301_SEM1_2018' 'THMC301'
processXLS: only for SEM2 [u'THMC301_SEM1_2018', u'THMC301_SEM1_2017', u'THMC301', u'THEORY OF MACHINES III', u'NODIP4', u'NON-DIPLOMA PURPOSE (ENG & BE)', u'21', u'SEMESTER 1', u'D7', u'DBN FULL-TIME NON-SUBSIDISED', u'A', u'50001025:THURBON', 2.0]
[u'', u'', u'', u'', u'', u'', u'', u'', u'', u'', u'', u'', u'']
check '' ''
[u'THMC301_SEM2_2018', u'THMC301_SEM2_2017', u'THMC301', u'THEORY OF MACHINES III', u'NDMCH2', u'ND: ENGINEERING: MECHANICAL', u'22', u'SEMESTER 2', u'D1', u'Durban Campus Full-time', u'A', u'50001025:THURBON', 85.0]
check 'THMC301_SEM2_2018' 'THMC301'
adding  THMC301
requesting:  http://10.0.100.98:8000/bbinfo/matching_courses/THMC301%25
r= <Response [200]>
matching classes= set([u'THMC301_ALL_2016', u'THMC301_SEM1_2017', u'THMC301_SEM2_2017', u'THMC301_13_BISD', u'THMC301_SEM1_2018', u'THMC301_SEM2_2018'])
[u'THMC301_SEM2_2018', u'THMC301_SEM2_2017', u'THMC301', u'THEORY OF MACHINES III', u'NDMCT1', u'ND: ENGINEERING: MECHANICAL (M/TRONICS)', u'22', u'SEMESTER 2', u'D1', u'Durban Campus Full-time', u'A', u'50001025:THURBON', 1.0]
check 'THMC301_SEM2_2018' 'THMC301'
adding  THMC301
requesting:  http://10.0.100.98:8000/bbinfo/matching_courses/THMC301%25
r= <Response [200]>
matching classes= set([u'THMC301_ALL_2016', u'THMC301_SEM1_2017', u'THMC301_SEM2_2017', u'THMC301_13_BISD', u'THMC301_SEM1_2018', u'THMC301_SEM2_2018'])
[u'', u'', u'', u'', u'', u'', u'', u'', u'', u'', u'', u'', u'']
check '' ''
[u'THMM301_SEM1_2018', u'THMM301_SEM1_2017', u'THMM301', u'THERMODYNAMICS III (MARITIME)', u'NODIPM', u'NON-DIPLOMA PURPOSE (MARITIME)', u'21', u'SEMESTER 1', u'D7', u'DBN FULL-TIME NON-SUBSIDISED', u'A', u'40003511:MACHOLO T C', 1.0]
check 'THMM301_SEM1_2018' 'THMM301'
processXLS: only for SEM2 [u'THMM301_SEM1_2018', u'THMM301_SEM1_2017', u'THMM301', u'THERMODYNAMICS III (MARITIME)', u'NODIPM', u'NON-DIPLOMA PURPOSE (MARITIME)', u'21', u'SEMESTER 1', u'D7', u'DBN FULL-TIME NON-SUBSIDISED', u'A', u'40003511:MACHOLO T C', 1.0]
[u'', u'', u'', u'', u'', u'', u'', u'', u'', u'', u'', u'', u'']
check '' ''
[u'THRM301_SEM1_2018', u'THRM301_SEM1_2017', u'THRM301', u'THERMODYNAMICS III', u'NDMCH2', u'ND: ENGINEERING: MECHANICAL', u'21', u'SEMESTER 1', u'D1', u'Durban Campus Full-time', u'A', u'40003511:MACHOLO', 63.0]
check 'THRM301_SEM1_2018' 'THRM301'
processXLS: only for SEM2 [u'THRM301_SEM1_2018', u'THRM301_SEM1_2017', u'THRM301', u'THERMODYNAMICS III', u'NDMCH2', u'ND: ENGINEERING: MECHANICAL', u'21', u'SEMESTER 1', u'D1', u'Durban Campus Full-time', u'A', u'40003511:MACHOLO', 63.0]
[u'THRM301_SEM1_2018', u'THRM301_SEM1_2017', u'THRM301', u'THERMODYNAMICS III', u'NDMCM1', u'ND: ENGINEERING: MECHANICAL (MARITIME)', u'21', u'SEMESTER 1', u'D1', u'Durban Campus Full-time', u'A', u'40003511:MACHOLO', 2.0]
check 'THRM301_SEM1_2018' 'THRM301'
processXLS: only for SEM2 [u'THRM301_SEM1_2018', u'THRM301_SEM1_2017', u'THRM301', u'THERMODYNAMICS III', u'NDMCM1', u'ND: ENGINEERING: MECHANICAL (MARITIME)', u'21', u'SEMESTER 1', u'D1', u'Durban Campus Full-time', u'A', u'40003511:MACHOLO', 2.0]
[u'THRM301_SEM1_2018', u'THRM301_SEM1_2017', u'THRM301', u'THERMODYNAMICS III', u'NODIP4', u'NON-DIPLOMA PURPOSE (ENG & BE)', u'21', u'SEMESTER 1', u'D7', u'DBN FULL-TIME NON-SUBSIDISED', u'A', u'40003511:MACHOLO', 1.0]
check 'THRM301_SEM1_2018' 'THRM301'
processXLS: only for SEM2 [u'THRM301_SEM1_2018', u'THRM301_SEM1_2017', u'THRM301', u'THERMODYNAMICS III', u'NODIP4', u'NON-DIPLOMA PURPOSE (ENG & BE)', u'21', u'SEMESTER 1', u'D7', u'DBN FULL-TIME NON-SUBSIDISED', u'A', u'40003511:MACHOLO', 1.0]
[u'', u'', u'', u'', u'', u'', u'', u'', u'', u'', u'', u'', u'']
check '' ''
[u'THRM301_SEM2_2018', u'THRM301_SEM2_2017', u'THRM301', u'THERMODYNAMICS III', u'NDMCH2', u'ND: ENGINEERING: MECHANICAL', u'22', u'SEMESTER 2', u'D1', u'Durban Campus Full-time', u'A', u'40003511:MACHOLO', 75.0]
check 'THRM301_SEM2_2018' 'THRM301'
adding  THRM301
requesting:  http://10.0.100.98:8000/bbinfo/matching_courses/THRM301%25
r= <Response [200]>
matching classes= set([u'THRM301_13_THUG', u'THRM301_ALL_2016', u'THRM301_SEM1_2017', u'THRM301_SEM2_2017', u'THRM301_SEM2_2018', u'THRM301_SEM1_2018'])
[u'THRM301_SEM2_2018', u'THRM301_SEM2_2017', u'THRM301', u'THERMODYNAMICS III', u'NDMCM1', u'ND: ENGINEERING: MECHANICAL (MARITIME)', u'22', u'SEMESTER 2', u'D1', u'Durban Campus Full-time', u'A', u'40003511:MACHOLO', 1.0]
check 'THRM301_SEM2_2018' 'THRM301'
adding  THRM301
requesting:  http://10.0.100.98:8000/bbinfo/matching_courses/THRM301%25
r= <Response [200]>
matching classes= set([u'THRM301_13_THUG', u'THRM301_ALL_2016', u'THRM301_SEM1_2017', u'THRM301_SEM2_2017', u'THRM301_SEM2_2018', u'THRM301_SEM1_2018'])
[u'THRM301_SEM2_2018', u'THRM301_SEM2_2017', u'THRM301', u'THERMODYNAMICS III', u'NODIP4', u'NON-DIPLOMA PURPOSE (ENG & BE)', u'22', u'SEMESTER 2', u'D7', u'DBN FULL-TIME NON-SUBSIDISED', u'A', u'40003511:MACHOLO', 2.0]
check 'THRM301_SEM2_2018' 'THRM301'
adding  THRM301
requesting:  http://10.0.100.98:8000/bbinfo/matching_courses/THRM301%25
r= <Response [200]>
matching classes= set([u'THRM301_13_THUG', u'THRM301_ALL_2016', u'THRM301_SEM1_2017', u'THRM301_SEM2_2017', u'THRM301_SEM2_2018', u'THRM301_SEM1_2018'])
[u'', u'', u'', u'', u'', u'', u'', u'', u'', u'', u'', u'', u'']
check '' ''
[u'ACTL401_SEM2_2018', u'ACTL401_SEM2_2017', u'ACTL401', u'AUTOMATIC CONTROL IV', u'BTMCH2', u'BT: ENGINEERING: MECHANICAL', u'22', u'SEMESTER 2', u'D1', u'Durban Campus Full-time', u'A', u'40000578:GOVENDER', 25.0]
check 'ACTL401_SEM2_2018' 'ACTL401'
adding  ACTL401
requesting:  http://10.0.100.98:8000/bbinfo/matching_courses/ACTL401%25
r= <Response [200]>
matching classes= set([u'ACTL401_13_GOVP', u'ACTL401_SEM2_2016', u'ACTL401_SEM2_2017', u'ACTL401_SEM2_2018'])
[u'ACTL401_SEM2_2018', u'ACTL401_SEM2_2017', u'ACTL401', u'AUTOMATIC CONTROL IV', u'BTMCH2', u'BT: ENGINEERING: MECHANICAL', u'22', u'SEMESTER 2', u'D3', u'Durban Campus Part-time', u'A', u'40000578:GOVENDER', 54.0]
check 'ACTL401_SEM2_2018' 'ACTL401'
adding  ACTL401
requesting:  http://10.0.100.98:8000/bbinfo/matching_courses/ACTL401%25
r= <Response [200]>
matching classes= set([u'ACTL401_13_GOVP', u'ACTL401_SEM2_2016', u'ACTL401_SEM2_2017', u'ACTL401_SEM2_2018'])
[u'ACTL401_SEM2_2018', u'ACTL401_SEM2_2017', u'ACTL401', u'AUTOMATIC CONTROL IV', u'NODIP4', u'NON-DIPLOMA PURPOSE (ENG & BE)', u'22', u'SEMESTER 2', u'D7', u'DBN FULL-TIME NON-SUBSIDISED', u'A', u'40000578:GOVENDER', 1.0]
check 'ACTL401_SEM2_2018' 'ACTL401'
adding  ACTL401
requesting:  http://10.0.100.98:8000/bbinfo/matching_courses/ACTL401%25
r= <Response [200]>
matching classes= set([u'ACTL401_13_GOVP', u'ACTL401_SEM2_2016', u'ACTL401_SEM2_2017', u'ACTL401_SEM2_2018'])
[u'', u'', u'', u'', u'', u'', u'', u'', u'', u'', u'', u'', u'']
check '' ''
[u'EDPR401_YEAR_2018', u'EDPR401_YEAR_2017', u'EDPR401', u'ENGINEERING DESIGN PROJECT IV', u'BTMCH1', u'BT: ENGINEERING: MECHANICAL', u'11', u'YEAR', u'D3', u'Durban Campus Part-time', u'A', u'50008778:JONSON', 1.0]
check 'EDPR401_YEAR_2018' 'EDPR401'
processXLS: only for SEM2 [u'EDPR401_YEAR_2018', u'EDPR401_YEAR_2017', u'EDPR401', u'ENGINEERING DESIGN PROJECT IV', u'BTMCH1', u'BT: ENGINEERING: MECHANICAL', u'11', u'YEAR', u'D3', u'Durban Campus Part-time', u'A', u'50008778:JONSON', 1.0]
[u'EDPR401_YEAR_2018', u'EDPR401_YEAR_2017', u'EDPR401', u'ENGINEERING DESIGN PROJECT IV', u'BTMCH2', u'BT: ENGINEERING: MECHANICAL', u'11', u'YEAR', u'D1', u'Durban Campus Full-time', u'A', u'50008778:JONSON', 57.0]
check 'EDPR401_YEAR_2018' 'EDPR401'
processXLS: only for SEM2 [u'EDPR401_YEAR_2018', u'EDPR401_YEAR_2017', u'EDPR401', u'ENGINEERING DESIGN PROJECT IV', u'BTMCH2', u'BT: ENGINEERING: MECHANICAL', u'11', u'YEAR', u'D1', u'Durban Campus Full-time', u'A', u'50008778:JONSON', 57.0]
[u'EDPR401_YEAR_2018', u'EDPR401_YEAR_2017', u'EDPR401', u'ENGINEERING DESIGN PROJECT IV', u'BTMCH2', u'BT: ENGINEERING: MECHANICAL', u'11', u'YEAR', u'D3', u'Durban Campus Part-time', u'A', u'50008778:JONSON', 29.0]
check 'EDPR401_YEAR_2018' 'EDPR401'
processXLS: only for SEM2 [u'EDPR401_YEAR_2018', u'EDPR401_YEAR_2017', u'EDPR401', u'ENGINEERING DESIGN PROJECT IV', u'BTMCH2', u'BT: ENGINEERING: MECHANICAL', u'11', u'YEAR', u'D3', u'Durban Campus Part-time', u'A', u'50008778:JONSON', 29.0]
[u'', u'', u'', u'', u'', u'', u'', u'', u'', u'', u'', u'', u'']
check '' ''
[u'EDPR401_SEM1_2018', u'EDPR401_SEM1_2017', u'EDPR401', u'ENGINEERING DESIGN PROJECT IV', u'BTMCH2', u'BT: ENGINEERING: MECHANICAL', u'21', u'SEMESTER 1', u'D1', u'Durban Campus Full-time', u'A', u'50008778:JONSON', 1.0]
check 'EDPR401_SEM1_2018' 'EDPR401'
processXLS: only for SEM2 [u'EDPR401_SEM1_2018', u'EDPR401_SEM1_2017', u'EDPR401', u'ENGINEERING DESIGN PROJECT IV', u'BTMCH2', u'BT: ENGINEERING: MECHANICAL', u'21', u'SEMESTER 1', u'D1', u'Durban Campus Full-time', u'A', u'50008778:JONSON', 1.0]
[u'', u'', u'', u'', u'', u'', u'', u'', u'', u'', u'', u'', u'']
check '' ''
[u'EMSC402_SEM1_2018', u'EMSC402_SEM1_2017', u'EMSC402', u'ENGINEERING MATERIALS AND SCIENCE IV', u'BTMCH1', u'BT: ENGINEERING: MECHANICAL', u'21', u'SEMESTER 1', u'D3', u'Durban Campus Part-time', u'A', u'50001471:WALKER', 2.0]
check 'EMSC402_SEM1_2018' 'EMSC402'
processXLS: only for SEM2 [u'EMSC402_SEM1_2018', u'EMSC402_SEM1_2017', u'EMSC402', u'ENGINEERING MATERIALS AND SCIENCE IV', u'BTMCH1', u'BT: ENGINEERING: MECHANICAL', u'21', u'SEMESTER 1', u'D3', u'Durban Campus Part-time', u'A', u'50001471:WALKER', 2.0]
[u'EMSC402_SEM1_2018', u'EMSC402_SEM1_2017', u'EMSC402', u'ENGINEERING MATERIALS AND SCIENCE IV', u'BTMCH2', u'BT: ENGINEERING: MECHANICAL', u'21', u'SEMESTER 1', u'D1', u'Durban Campus Full-time', u'A', u'50001471:WALKER', 34.0]
check 'EMSC402_SEM1_2018' 'EMSC402'
processXLS: only for SEM2 [u'EMSC402_SEM1_2018', u'EMSC402_SEM1_2017', u'EMSC402', u'ENGINEERING MATERIALS AND SCIENCE IV', u'BTMCH2', u'BT: ENGINEERING: MECHANICAL', u'21', u'SEMESTER 1', u'D1', u'Durban Campus Full-time', u'A', u'50001471:WALKER', 34.0]
[u'EMSC402_SEM1_2018', u'EMSC402_SEM1_2017', u'EMSC402', u'ENGINEERING MATERIALS AND SCIENCE IV', u'BTMCH2', u'BT: ENGINEERING: MECHANICAL', u'21', u'SEMESTER 1', u'D3', u'Durban Campus Part-time', u'A', u'50001471:WALKER', 34.0]
check 'EMSC402_SEM1_2018' 'EMSC402'
processXLS: only for SEM2 [u'EMSC402_SEM1_2018', u'EMSC402_SEM1_2017', u'EMSC402', u'ENGINEERING MATERIALS AND SCIENCE IV', u'BTMCH2', u'BT: ENGINEERING: MECHANICAL', u'21', u'SEMESTER 1', u'D3', u'Durban Campus Part-time', u'A', u'50001471:WALKER', 34.0]
[u'', u'', u'', u'', u'', u'', u'', u'', u'', u'', u'', u'', u'']
check '' ''
[u'FMEC402_SEM1_2018', u'FMEC402_SEM1_2017', u'FMEC402', u'FLUID MECHANICS IV', u'BTMCH1', u'BT: ENGINEERING: MECHANICAL', u'21', u'SEMESTER 1', u'D3', u'Durban Campus Part-time', u'A', u'40010719:NWAMBA', 2.0]
check 'FMEC402_SEM1_2018' 'FMEC402'
processXLS: only for SEM2 [u'FMEC402_SEM1_2018', u'FMEC402_SEM1_2017', u'FMEC402', u'FLUID MECHANICS IV', u'BTMCH1', u'BT: ENGINEERING: MECHANICAL', u'21', u'SEMESTER 1', u'D3', u'Durban Campus Part-time', u'A', u'40010719:NWAMBA', 2.0]
[u'FMEC402_SEM1_2018', u'FMEC402_SEM1_2017', u'FMEC402', u'FLUID MECHANICS IV', u'BTMCH2', u'BT: ENGINEERING: MECHANICAL', u'21', u'SEMESTER 1', u'D1', u'Durban Campus Full-time', u'A', u'40010719:NWAMBA', 51.0]
check 'FMEC402_SEM1_2018' 'FMEC402'
processXLS: only for SEM2 [u'FMEC402_SEM1_2018', u'FMEC402_SEM1_2017', u'FMEC402', u'FLUID MECHANICS IV', u'BTMCH2', u'BT: ENGINEERING: MECHANICAL', u'21', u'SEMESTER 1', u'D1', u'Durban Campus Full-time', u'A', u'40010719:NWAMBA', 51.0]
[u'FMEC402_SEM1_2018', u'FMEC402_SEM1_2017', u'FMEC402', u'FLUID MECHANICS IV', u'BTMCH2', u'BT: ENGINEERING: MECHANICAL', u'21', u'SEMESTER 1', u'D3', u'Durban Campus Part-time', u'A', u'40010719:NWAMBA', 45.0]
check 'FMEC402_SEM1_2018' 'FMEC402'
processXLS: only for SEM2 [u'FMEC402_SEM1_2018', u'FMEC402_SEM1_2017', u'FMEC402', u'FLUID MECHANICS IV', u'BTMCH2', u'BT: ENGINEERING: MECHANICAL', u'21', u'SEMESTER 1', u'D3', u'Durban Campus Part-time', u'A', u'40010719:NWAMBA', 45.0]
[u'', u'', u'', u'', u'', u'', u'', u'', u'', u'', u'', u'', u'']
check '' ''
[u'MMAC402_SEM2_2018', u'MMAC402_SEM2_2017', u'MMAC402', u'MECHANICS OF MACHINES IV', u'BTMCH2', u'BT: ENGINEERING: MECHANICAL', u'22', u'SEMESTER 2', u'D1', u'Durban Campus Full-time', u'A', u'50008778:JONSON', 32.0]
check 'MMAC402_SEM2_2018' 'MMAC402'
adding  MMAC402
requesting:  http://10.0.100.98:8000/bbinfo/matching_courses/MMAC402%25
r= <Response [200]>
matching classes= set([u'MMAC402_ALL_2016', u'MMAC402_SEM2_2017', u'MMAC402_13_JONJ', u'MMAC402_SEM2_2018'])
[u'MMAC402_SEM2_2018', u'MMAC402_SEM2_2017', u'MMAC402', u'MECHANICS OF MACHINES IV', u'BTMCH2', u'BT: ENGINEERING: MECHANICAL', u'22', u'SEMESTER 2', u'D3', u'Durban Campus Part-time', u'A', u'50008778:JONSON', 59.0]
check 'MMAC402_SEM2_2018' 'MMAC402'
adding  MMAC402
requesting:  http://10.0.100.98:8000/bbinfo/matching_courses/MMAC402%25
r= <Response [200]>
matching classes= set([u'MMAC402_ALL_2016', u'MMAC402_SEM2_2017', u'MMAC402_13_JONJ', u'MMAC402_SEM2_2018'])
[u'MMAC402_SEM2_2018', u'MMAC402_SEM2_2017', u'MMAC402', u'MECHANICS OF MACHINES IV', u'BTMCT1', u'BT: ENGINEERING: MECHANICAL (M/TRONICS)', u'22', u'SEMESTER 2', u'D3', u'Durban Campus Part-time', u'A', u'50008778:JONSON', 1.0]
check 'MMAC402_SEM2_2018' 'MMAC402'
adding  MMAC402
requesting:  http://10.0.100.98:8000/bbinfo/matching_courses/MMAC402%25
r= <Response [200]>
matching classes= set([u'MMAC402_ALL_2016', u'MMAC402_SEM2_2017', u'MMAC402_13_JONJ', u'MMAC402_SEM2_2018'])
[u'', u'', u'', u'', u'', u'', u'', u'', u'', u'', u'', u'', u'']
check '' ''
[u'SANL401_SEM2_2018', u'SANL401_SEM2_2017', u'SANL401', u'STRESS ANALYSIS IV', u'BTMCH2', u'BT: ENGINEERING: MECHANICAL', u'22', u'SEMESTER 2', u'D1', u'Durban Campus Full-time', u'A', u'50001471:WALKER', 22.0]
check 'SANL401_SEM2_2018' 'SANL401'
adding  SANL401
requesting:  http://10.0.100.98:8000/bbinfo/matching_courses/SANL401%25
r= <Response [200]>
matching classes= set([u'SANL401_ALL_2016', u'SANL401_SEM2_2018', u'SANL401_SEM2_2017', u'SANL401_13_WALM'])
[u'SANL401_SEM2_2018', u'SANL401_SEM2_2017', u'SANL401', u'STRESS ANALYSIS IV', u'BTMCH2', u'BT: ENGINEERING: MECHANICAL', u'22', u'SEMESTER 2', u'D3', u'Durban Campus Part-time', u'A', u'50001471:WALKER', 32.0]
check 'SANL401_SEM2_2018' 'SANL401'
adding  SANL401
requesting:  http://10.0.100.98:8000/bbinfo/matching_courses/SANL401%25
r= <Response [200]>
matching classes= set([u'SANL401_ALL_2016', u'SANL401_SEM2_2018', u'SANL401_SEM2_2017', u'SANL401_13_WALM'])
[u'SANL401_SEM2_2018', u'SANL401_SEM2_2017', u'SANL401', u'STRESS ANALYSIS IV', u'NODIP4', u'NON-DIPLOMA PURPOSE (ENG & BE)', u'22', u'SEMESTER 2', u'D7', u'DBN FULL-TIME NON-SUBSIDISED', u'A', u'50001471:WALKER', 1.0]
check 'SANL401_SEM2_2018' 'SANL401'
adding  SANL401
requesting:  http://10.0.100.98:8000/bbinfo/matching_courses/SANL401%25
r= <Response [200]>
matching classes= set([u'SANL401_ALL_2016', u'SANL401_SEM2_2018', u'SANL401_SEM2_2017', u'SANL401_13_WALM'])
[u'', u'', u'', u'', u'', u'', u'', u'', u'', u'', u'', u'', u'']
check '' ''
[u'SMAT402_SEM1_2018', u'SMAT402_SEM1_2017', u'SMAT402', u'STRENGTH OF MATERIALS IV', u'BTMCH1', u'BT: ENGINEERING: MECHANICAL', u'21', u'SEMESTER 1', u'D3', u'Durban Campus Part-time', u'A', u'50002384:TABAKOV', 1.0]
check 'SMAT402_SEM1_2018' 'SMAT402'
processXLS: only for SEM2 [u'SMAT402_SEM1_2018', u'SMAT402_SEM1_2017', u'SMAT402', u'STRENGTH OF MATERIALS IV', u'BTMCH1', u'BT: ENGINEERING: MECHANICAL', u'21', u'SEMESTER 1', u'D3', u'Durban Campus Part-time', u'A', u'50002384:TABAKOV', 1.0]
[u'SMAT402_SEM1_2018', u'SMAT402_SEM1_2017', u'SMAT402', u'STRENGTH OF MATERIALS IV', u'BTMCH2', u'BT: ENGINEERING: MECHANICAL', u'21', u'SEMESTER 1', u'D1', u'Durban Campus Full-time', u'A', u'50002384:TABAKOV', 59.0]
check 'SMAT402_SEM1_2018' 'SMAT402'
processXLS: only for SEM2 [u'SMAT402_SEM1_2018', u'SMAT402_SEM1_2017', u'SMAT402', u'STRENGTH OF MATERIALS IV', u'BTMCH2', u'BT: ENGINEERING: MECHANICAL', u'21', u'SEMESTER 1', u'D1', u'Durban Campus Full-time', u'A', u'50002384:TABAKOV', 59.0]
[u'SMAT402_SEM1_2018', u'SMAT402_SEM1_2017', u'SMAT402', u'STRENGTH OF MATERIALS IV', u'BTMCH2', u'BT: ENGINEERING: MECHANICAL', u'21', u'SEMESTER 1', u'D3', u'Durban Campus Part-time', u'A', u'50002384:TABAKOV', 69.0]
check 'SMAT402_SEM1_2018' 'SMAT402'
processXLS: only for SEM2 [u'SMAT402_SEM1_2018', u'SMAT402_SEM1_2017', u'SMAT402', u'STRENGTH OF MATERIALS IV', u'BTMCH2', u'BT: ENGINEERING: MECHANICAL', u'21', u'SEMESTER 1', u'D3', u'Durban Campus Part-time', u'A', u'50002384:TABAKOV', 69.0]
[u'SMAT402_SEM1_2018', u'SMAT402_SEM1_2017', u'SMAT402', u'STRENGTH OF MATERIALS IV', u'NODIP4', u'NON-DIPLOMA PURPOSE (ENG & BE)', u'21', u'SEMESTER 1', u'D7', u'DBN FULL-TIME NON-SUBSIDISED', u'A', u'50002384:TABAKOV', 3.0]
check 'SMAT402_SEM1_2018' 'SMAT402'
processXLS: only for SEM2 [u'SMAT402_SEM1_2018', u'SMAT402_SEM1_2017', u'SMAT402', u'STRENGTH OF MATERIALS IV', u'NODIP4', u'NON-DIPLOMA PURPOSE (ENG & BE)', u'21', u'SEMESTER 1', u'D7', u'DBN FULL-TIME NON-SUBSIDISED', u'A', u'50002384:TABAKOV', 3.0]
[u'', u'', u'', u'', u'', u'', u'', u'', u'', u'', u'', u'', u'']
check '' ''
[u'THRM401_SEM2_2018', u'THRM401_SEM2_2017', u'THRM401', u'THERMODYNAMICS IV', u'BTMCH2', u'BT: ENGINEERING: MECHANICAL', u'22', u'SEMESTER 2', u'D1', u'Durban Campus Full-time', u'A', u'50002380:GRAHAM BR', 18.0]
check 'THRM401_SEM2_2018' 'THRM401'
adding  THRM401
requesting:  http://10.0.100.98:8000/bbinfo/matching_courses/THRM401%25
r= <Response [200]>
matching classes= set([u'THRM401_SEM2_2018', u'THRM401_SEM2_2017'])
[u'THRM401_SEM2_2018', u'THRM401_SEM2_2017', u'THRM401', u'THERMODYNAMICS IV', u'BTMCH2', u'BT: ENGINEERING: MECHANICAL', u'22', u'SEMESTER 2', u'D3', u'Durban Campus Part-time', u'A', u'50002380:GRAHAM BR', 18.0]
check 'THRM401_SEM2_2018' 'THRM401'
adding  THRM401
requesting:  http://10.0.100.98:8000/bbinfo/matching_courses/THRM401%25
r= <Response [200]>
matching classes= set([u'THRM401_SEM2_2018', u'THRM401_SEM2_2017'])
[u'', u'', u'', u'', u'', u'', u'', u'', u'', u'', u'', u'', u'']
check '' ''
[u'TMAC402_SEM2_2018', u'TMAC402_SEM2_2017', u'TMAC402', u'TURBO MACHINES IV', u'BTMCH2', u'BT: ENGINEERING: MECHANICAL', u'22', u'SEMESTER 2', u'D1', u'Durban Campus Full-time', u'A', u'40010719:NWAMBA', 35.0]
check 'TMAC402_SEM2_2018' 'TMAC402'
adding  TMAC402
requesting:  http://10.0.100.98:8000/bbinfo/matching_courses/TMAC402%25
r= <Response [200]>
matching classes= set([u'TMAC402_SEM2_2018', u'TMAC402_SEM2_2017', u'TMAC402_13_VAND', u'TMAC402_SEM2_2016', u'TMAC402_14_NWAJ'])
[u'TMAC402_SEM2_2018', u'TMAC402_SEM2_2017', u'TMAC402', u'TURBO MACHINES IV', u'BTMCH2', u'BT: ENGINEERING: MECHANICAL', u'22', u'SEMESTER 2', u'D3', u'Durban Campus Part-time', u'A', u'40010719:NWAMBA', 47.0]
check 'TMAC402_SEM2_2018' 'TMAC402'
adding  TMAC402
requesting:  http://10.0.100.98:8000/bbinfo/matching_courses/TMAC402%25
r= <Response [200]>
matching classes= set([u'TMAC402_SEM2_2018', u'TMAC402_SEM2_2017', u'TMAC402_13_VAND', u'TMAC402_SEM2_2016', u'TMAC402_14_NWAJ'])
[u'TMAC402_SEM2_2018', u'TMAC402_SEM2_2017', u'TMAC402', u'TURBO MACHINES IV', u'BTMCT1', u'BT: ENGINEERING: MECHANICAL (M/TRONICS)', u'22', u'SEMESTER 2', u'D3', u'Durban Campus Part-time', u'A', u'40010719:NWAMBA', 1.0]
check 'TMAC402_SEM2_2018' 'TMAC402'
adding  TMAC402
requesting:  http://10.0.100.98:8000/bbinfo/matching_courses/TMAC402%25
r= <Response [200]>
matching classes= set([u'TMAC402_SEM2_2018', u'TMAC402_SEM2_2017', u'TMAC402_13_VAND', u'TMAC402_SEM2_2016', u'TMAC402_14_NWAJ'])
[u'', u'', u'', u'', u'', u'', u'', u'', u'', u'', u'', u'', u'']
check '' ''
[u'RPEM502_YEAR_2018', u'RPEM502_YEAR_2017', u'RPEM502', u'RESEARCH PROJECT AND DISSERTATION (YR 1 : FUL', u'MNMCH1', u'MASTER OF ENGINEERING (MECHANICAL)', u'P0', u'POST-GRAD ANNUAL REGISTRATIONS', u'D1', u'Durban Campus Full-time', u'A', u'50001471:WALKER', 2.0]
check 'RPEM502_YEAR_2018' 'RPEM502'
processXLS: only for SEM2 [u'RPEM502_YEAR_2018', u'RPEM502_YEAR_2017', u'RPEM502', u'RESEARCH PROJECT AND DISSERTATION (YR 1 : FUL', u'MNMCH1', u'MASTER OF ENGINEERING (MECHANICAL)', u'P0', u'POST-GRAD ANNUAL REGISTRATIONS', u'D1', u'Durban Campus Full-time', u'A', u'50001471:WALKER', 2.0]
[u'', u'', u'', u'', u'', u'', u'', u'', u'', u'', u'', u'', u'']
check '' ''
[u'RPEM522_YEAR_2018', u'RPEM522_YEAR_2017', u'RPEM522', u'RESEARCH PROJECT AND DISSERTATION (SUCCESSIVE', u'MNMCH1', u'MASTER OF ENGINEERING (MECHANICAL)', u'P0', u'POST-GRAD ANNUAL REGISTRATIONS', u'D1', u'Durban Campus Full-time', u'A', u'50001471:WALKER', 3.0]
check 'RPEM522_YEAR_2018' 'RPEM522'
processXLS: only for SEM2 [u'RPEM522_YEAR_2018', u'RPEM522_YEAR_2017', u'RPEM522', u'RESEARCH PROJECT AND DISSERTATION (SUCCESSIVE', u'MNMCH1', u'MASTER OF ENGINEERING (MECHANICAL)', u'P0', u'POST-GRAD ANNUAL REGISTRATIONS', u'D1', u'Durban Campus Full-time', u'A', u'50001471:WALKER', 3.0]
[u'RPEM522_YEAR_2018', u'RPEM522_YEAR_2017', u'RPEM522', u'RESEARCH PROJECT AND DISSERTATION (SUCCESSIVE', u'MNMCH1', u'MASTER OF ENGINEERING (MECHANICAL)', u'P0', u'POST-GRAD ANNUAL REGISTRATIONS', u'D3', u'Durban Campus Part-time', u'A', u'50001471:WALKER', 2.0]
check 'RPEM522_YEAR_2018' 'RPEM522'
processXLS: only for SEM2 [u'RPEM522_YEAR_2018', u'RPEM522_YEAR_2017', u'RPEM522', u'RESEARCH PROJECT AND DISSERTATION (SUCCESSIVE', u'MNMCH1', u'MASTER OF ENGINEERING (MECHANICAL)', u'P0', u'POST-GRAD ANNUAL REGISTRATIONS', u'D3', u'Durban Campus Part-time', u'A', u'50001471:WALKER', 2.0]
[u'', u'', u'', u'', u'', u'', u'', u'', u'', u'', u'', u'', u'']
check '' ''
[u'RPME511_YEAR_2018', u'RPME511_YEAR_2017', u'RPME511', u'RESEARCH PROJECT AND DISSERTATION (IST REG)', u'MNMCH1', u'MASTER OF ENGINEERING (MECHANICAL)', u'P0', u'POST-GRAD ANNUAL REGISTRATIONS', u'D1', u'Durban Campus Full-time', u'A', u'50001471:WALKER M', 1.0]
check 'RPME511_YEAR_2018' 'RPME511'
processXLS: only for SEM2 [u'RPME511_YEAR_2018', u'RPME511_YEAR_2017', u'RPME511', u'RESEARCH PROJECT AND DISSERTATION (IST REG)', u'MNMCH1', u'MASTER OF ENGINEERING (MECHANICAL)', u'P0', u'POST-GRAD ANNUAL REGISTRATIONS', u'D1', u'Durban Campus Full-time', u'A', u'50001471:WALKER M', 1.0]
[u'RPME511_YEAR_2018', u'RPME511_YEAR_2017', u'RPME511', u'RESEARCH PROJECT AND DISSERTATION (IST REG)', u'MNMCH1', u'MASTER OF ENGINEERING (MECHANICAL)', u'P0', u'POST-GRAD ANNUAL REGISTRATIONS', u'D3', u'Durban Campus Part-time', u'A', u'50001471:WALKER M', 1.0]
check 'RPME511_YEAR_2018' 'RPME511'
processXLS: only for SEM2 [u'RPME511_YEAR_2018', u'RPME511_YEAR_2017', u'RPME511', u'RESEARCH PROJECT AND DISSERTATION (IST REG)', u'MNMCH1', u'MASTER OF ENGINEERING (MECHANICAL)', u'P0', u'POST-GRAD ANNUAL REGISTRATIONS', u'D3', u'Durban Campus Part-time', u'A', u'50001471:WALKER M', 1.0]
[u'', u'', u'', u'', u'', u'', u'', u'', u'', u'', u'', u'', u'']
check '' ''
[u'RPME531_YEAR_2018', u'RPME531_YEAR_2017', u'RPME531', u'RESEARCH PROJECT AND DISSERTATION (3RD REG)', u'MNMCH1', u'MASTER OF ENGINEERING (MECHANICAL)', u'P0', u'POST-GRAD ANNUAL REGISTRATIONS', u'D1', u'Durban Campus Full-time', u'A', u'50001471:WALKER M', 3.0]
check 'RPME531_YEAR_2018' 'RPME531'
processXLS: only for SEM2 [u'RPME531_YEAR_2018', u'RPME531_YEAR_2017', u'RPME531', u'RESEARCH PROJECT AND DISSERTATION (3RD REG)', u'MNMCH1', u'MASTER OF ENGINEERING (MECHANICAL)', u'P0', u'POST-GRAD ANNUAL REGISTRATIONS', u'D1', u'Durban Campus Full-time', u'A', u'50001471:WALKER M', 3.0]
[u'RPME531_YEAR_2018', u'RPME531_YEAR_2017', u'RPME531', u'RESEARCH PROJECT AND DISSERTATION (3RD REG)', u'MNMCH1', u'MASTER OF ENGINEERING (MECHANICAL)', u'P0', u'POST-GRAD ANNUAL REGISTRATIONS', u'D3', u'Durban Campus Part-time', u'A', u'50001471:WALKER M', 1.0]
check 'RPME531_YEAR_2018' 'RPME531'
processXLS: only for SEM2 [u'RPME531_YEAR_2018', u'RPME531_YEAR_2017', u'RPME531', u'RESEARCH PROJECT AND DISSERTATION (3RD REG)', u'MNMCH1', u'MASTER OF ENGINEERING (MECHANICAL)', u'P0', u'POST-GRAD ANNUAL REGISTRATIONS', u'D3', u'Durban Campus Part-time', u'A', u'50001471:WALKER M', 1.0]
[u'', u'', u'', u'', u'', u'', u'', u'', u'', u'', u'', u'', u'']
check '' ''
[u'RPME611_YEAR_2018', u'RPME611_YEAR_2017', u'RPME611', u'RESEARCH PROJECT AND DISSERTATION (1ST REG)', u'DNMCH1', u'DOCTOR OF ENGINEERING (MECHANICAL)', u'P0', u'POST-GRAD ANNUAL REGISTRATIONS', u'D1', u'Durban Campus Full-time', u'A', u'50001025:Thurbon', 3.0]
check 'RPME611_YEAR_2018' 'RPME611'
processXLS: only for SEM2 [u'RPME611_YEAR_2018', u'RPME611_YEAR_2017', u'RPME611', u'RESEARCH PROJECT AND DISSERTATION (1ST REG)', u'DNMCH1', u'DOCTOR OF ENGINEERING (MECHANICAL)', u'P0', u'POST-GRAD ANNUAL REGISTRATIONS', u'D1', u'Durban Campus Full-time', u'A', u'50001025:Thurbon', 3.0]
[u'RPME611_YEAR_2018', u'RPME611_YEAR_2017', u'RPME611', u'RESEARCH PROJECT AND DISSERTATION (1ST REG)', u'DNMCH1', u'DOCTOR OF ENGINEERING (MECHANICAL)', u'P0', u'POST-GRAD ANNUAL REGISTRATIONS', u'D3', u'Durban Campus Part-time', u'A', u'50001025:Thurbon', 1.0]
check 'RPME611_YEAR_2018' 'RPME611'
processXLS: only for SEM2 [u'RPME611_YEAR_2018', u'RPME611_YEAR_2017', u'RPME611', u'RESEARCH PROJECT AND DISSERTATION (1ST REG)', u'DNMCH1', u'DOCTOR OF ENGINEERING (MECHANICAL)', u'P0', u'POST-GRAD ANNUAL REGISTRATIONS', u'D3', u'Durban Campus Part-time', u'A', u'50001025:Thurbon', 1.0]
[u'', u'', u'', u'', u'', u'', u'', u'', u'', u'', u'', u'', u'']
check '' ''
[u'RPME631_YEAR_2018', u'RPME631_YEAR_2017', u'RPME631', u'RESEARCH PROJECT AND DISSERTATION (3RD REG)', u'DNMCH1', u'DOCTOR OF ENGINEERING (MECHANICAL)', u'P0', u'POST-GRAD ANNUAL REGISTRATIONS', u'D1', u'Durban Campus Full-time', u'A', u'50001025:Thurbon', 3.0]
check 'RPME631_YEAR_2018' 'RPME631'
processXLS: only for SEM2 [u'RPME631_YEAR_2018', u'RPME631_YEAR_2017', u'RPME631', u'RESEARCH PROJECT AND DISSERTATION (3RD REG)', u'DNMCH1', u'DOCTOR OF ENGINEERING (MECHANICAL)', u'P0', u'POST-GRAD ANNUAL REGISTRATIONS', u'D1', u'Durban Campus Full-time', u'A', u'50001025:Thurbon', 3.0]
[u'', u'', u'', u'', u'', u'', u'', u'', u'', u'', u'', u'', u'']
check '' ''
[u'RPEM712_YEAR_2018', u'RPEM712_YEAR_2017', u'RPEM712', u'RESEARCH PROJECT AND DISSERTATION (1ST REG)', u'DNMCH1', u'DOCTOR OF ENGINEERING (MECHANICAL)', u'P0', u'POST-GRAD ANNUAL REGISTRATIONS', u'D1', u'Durban Campus Full-time', u'A', u'50001025:THURBON', 1.0]
check 'RPEM712_YEAR_2018' 'RPEM712'
processXLS: only for SEM2 [u'RPEM712_YEAR_2018', u'RPEM712_YEAR_2017', u'RPEM712', u'RESEARCH PROJECT AND DISSERTATION (1ST REG)', u'DNMCH1', u'DOCTOR OF ENGINEERING (MECHANICAL)', u'P0', u'POST-GRAD ANNUAL REGISTRATIONS', u'D1', u'Durban Campus Full-time', u'A', u'50001025:THURBON', 1.0]
[u'RPEM712_YEAR_2018', u'RPEM712_YEAR_2017', u'RPEM712', u'RESEARCH PROJECT AND DISSERTATION (1ST REG)', u'DNMCH1', u'DOCTOR OF ENGINEERING (MECHANICAL)', u'P0', u'POST-GRAD ANNUAL REGISTRATIONS', u'D3', u'Durban Campus Part-time', u'A', u'50001025:THURBON', 1.0]
check 'RPEM712_YEAR_2018' 'RPEM712'
processXLS: only for SEM2 [u'RPEM712_YEAR_2018', u'RPEM712_YEAR_2017', u'RPEM712', u'RESEARCH PROJECT AND DISSERTATION (1ST REG)', u'DNMCH1', u'DOCTOR OF ENGINEERING (MECHANICAL)', u'P0', u'POST-GRAD ANNUAL REGISTRATIONS', u'D3', u'Durban Campus Part-time', u'A', u'50001025:THURBON', 1.0]
[u'', u'', u'', u'', u'', u'', u'', u'', u'', u'', u'', u'', u'']
check '' ''
[u'RPEM732_YEAR_2018', u'RPEM732_YEAR_2017', u'RPEM732', u'RES PROJECT & DISSERTATION (SUCCESSIVE YRS)', u'DNMCH1', u'DOCTOR OF ENGINEERING (MECHANICAL)', u'P0', u'POST-GRAD ANNUAL REGISTRATIONS', u'D1', u'Durban Campus Full-time', u'A', u'50001025:THURBON', 1.0]
check 'RPEM732_YEAR_2018' 'RPEM732'
processXLS: only for SEM2 [u'RPEM732_YEAR_2018', u'RPEM732_YEAR_2017', u'RPEM732', u'RES PROJECT & DISSERTATION (SUCCESSIVE YRS)', u'DNMCH1', u'DOCTOR OF ENGINEERING (MECHANICAL)', u'P0', u'POST-GRAD ANNUAL REGISTRATIONS', u'D1', u'Durban Campus Full-time', u'A', u'50001025:THURBON', 1.0]
[u'RPEM732_YEAR_2018', u'RPEM732_YEAR_2017', u'RPEM732', u'RES PROJECT & DISSERTATION (SUCCESSIVE YRS)', u'DTMCH1', u'DT: ENGINEERING: MECHANICAL', u'P0', u'POST-GRAD ANNUAL REGISTRATIONS', u'D3', u'Durban Campus Part-time', u'A', u'50001025:THURBON', 1.0]
check 'RPEM732_YEAR_2018' 'RPEM732'
processXLS: only for SEM2 [u'RPEM732_YEAR_2018', u'RPEM732_YEAR_2017', u'RPEM732', u'RES PROJECT & DISSERTATION (SUCCESSIVE YRS)', u'DTMCH1', u'DT: ENGINEERING: MECHANICAL', u'P0', u'POST-GRAD ANNUAL REGISTRATIONS', u'D3', u'Durban Campus Part-time', u'A', u'50001025:THURBON', 1.0]
[u'...', u'', u'', u'', u'', u'', u'', u'', u'', u'', u'', u'', u'']
check '...' ''
[u'New subjects for 2018', u'', u'', u'', u'', u'', u'', u'', u'', u'', u'', u'', u'']
check 'New subjects for 2018' ''
[u'SMTL201_SEM2_2018', u'template_2018', u'SMTL201', u'STRENGTH OF MATERIALS II', u'BNMCH1', u'B ENGINEERING TECHNOLOGY IN MECH ENG', u'22', u'SEM2', u'D1', u'OTNAME', u'A', u'50002380:GRAHAM;', u'']
check 'SMTL201_SEM2_2018' 'SMTL201'
adding  SMTL201
requesting:  http://10.0.100.98:8000/bbinfo/matching_courses/SMTL201%25
r= <Response [200]>
matching classes= set([u'SMTL201_SEM2_2018'])
[u'DESG201_SEM2_2018', u'template_2018', u'DESG201', u'DESIGN II', u'BNMCH1', u'B ENGINEERING TECHNOLOGY IN MECH ENG', u'22', u'SEM2', u'D1', u'OTNAME', u'A', u'50002380:GRAHAM;', u'']
check 'DESG201_SEM2_2018' 'DESG201'
adding  DESG201
requesting:  http://10.0.100.98:8000/bbinfo/matching_courses/DESG201%25
r= <Response [200]>
matching classes= set([u'DESG201_SEM2_2018'])
[u'THRM202_SEM2_2018', u'template_2018', u'THRM202', u'THERMODYNAMICS II', u'BNMCH1', u'B ENGINEERING TECHNOLOGY IN MECH ENG', u'22', u'SEM2', u'D1', u'OTNAME', u'A', u'50002380:GRAHAM;', u'']
check 'THRM202_SEM2_2018' 'THRM202'
adding  THRM202
requesting:  http://10.0.100.98:8000/bbinfo/matching_courses/THRM202%25
r= <Response [200]>
matching classes= set([u'THRM202_SEM2_2018'])
[u'THFL101_SEM2_2018', u'template_2018', u'THFL101', u'THERMOFLUIDS I', u'BNMCH1', u'B ENGINEERING TECHNOLOGY IN MECH ENG', u'22', u'SEM2', u'D1', u'OTNAME', u'A', u'50002380:GRAHAM;', u'']
check 'THFL101_SEM2_2018' 'THFL101'
adding  THFL101
requesting:  http://10.0.100.98:8000/bbinfo/matching_courses/THFL101%25
r= <Response [200]>
matching classes= set([u'THFL101_SEM2_2018'])
[u'SMTL101_SEM2_2018', u'template_2018', u'SMTL101', u'STRENGTH OF MATERIALS I', u'BNMCH1', u'B ENGINEERING TECHNOLOGY IN MECH ENG', u'22', u'SEM2', u'D1', u'OTNAME', u'A', u'50002380:GRAHAM;', u'']
check 'SMTL101_SEM2_2018' 'SMTL101'
adding  SMTL101
requesting:  http://10.0.100.98:8000/bbinfo/matching_courses/SMTL101%25
r= <Response [200]>
matching classes= set([u'SMTL101_SEM2_2018'])
[u'CADR101_SEM1_2018', u'template_2018', u'CADR101', u'COMPUTER AIDED DRAUGHTING', u'BNMCH1', u'B ENGINEERING TECHNOLOGY IN MECH ENG', u'21', u'SEM1', u'D1', u'OTNAME', u'A', u'50002380:GRAHAM;', u'']
check 'CADR101_SEM1_2018' 'CADR101'
processXLS: only for SEM2 [u'CADR101_SEM1_2018', u'template_2018', u'CADR101', u'COMPUTER AIDED DRAUGHTING', u'BNMCH1', u'B ENGINEERING TECHNOLOGY IN MECH ENG', u'21', u'SEM1', u'D1', u'OTNAME', u'A', u'50002380:GRAHAM;', u'']
[u'FLDM201_SEM1_2018', u'template_2018', u'FLDM201', u'FLUID MECHANICS II', u'BNMCH1', u'B ENGINEERING TECHNOLOGY IN MECH ENG', u'21', u'SEM1', u'D1', u'OTNAME', u'A', u'50002380:GRAHAM;', u'']
check 'FLDM201_SEM1_2018' 'FLDM201'
processXLS: only for SEM2 [u'FLDM201_SEM1_2018', u'template_2018', u'FLDM201', u'FLUID MECHANICS II', u'BNMCH1', u'B ENGINEERING TECHNOLOGY IN MECH ENG', u'21', u'SEM1', u'D1', u'OTNAME', u'A', u'50002380:GRAHAM;', u'']
[u'MTLS101_SEM1_2018', u'template_2018', u'MTLS101', u'MATERIALS SCIENCE', u'BNMCH1', u'B ENGINEERING TECHNOLOGY IN MECH ENG', u'21', u'SEM1', u'D1', u'OTNAME', u'A', u'50002380:GRAHAM;', u'']
check 'MTLS101_SEM1_2018' 'MTLS101'
processXLS: only for SEM2 [u'MTLS101_SEM1_2018', u'template_2018', u'MTLS101', u'MATERIALS SCIENCE', u'BNMCH1', u'B ENGINEERING TECHNOLOGY IN MECH ENG', u'21', u'SEM1', u'D1', u'OTNAME', u'A', u'50002380:GRAHAM;', u'']
[u'STMT102_SEM1_2018', u'template_2018', u'STMT102', u'STRENGTH OF MATERIALS I', u'BNIND1', u'B ENGINEERING TECHNOLOGY IN IND ENG', u'21', u'SEM1', u'D1', u'OTNAME', u'A', u'', u'']
check 'STMT102_SEM1_2018' 'STMT102'
processXLS: only for SEM2 [u'STMT102_SEM1_2018', u'template_2018', u'STMT102', u'STRENGTH OF MATERIALS I', u'BNIND1', u'B ENGINEERING TECHNOLOGY IN IND ENG', u'21', u'SEM1', u'D1', u'OTNAME', u'A', u'', u'']
[u'MNFE101_SEM2_2018', u'template_2018', u'MNFE101', u'MANUFACTURING ENGINEERING I', u'BNIND1', u'B ENGINEERING TECHNOLOGY IN IND ENG', u'22', u'SEM2', u'D1', u'OTNAME', u'A', u'', u'']
check 'MNFE101_SEM2_2018' 'MNFE101'
adding  MNFE101
requesting:  http://10.0.100.98:8000/bbinfo/matching_courses/MNFE101%25
r= <Response [200]>
matching classes= set([u'MNFE101_SEM2_2018'])
[u'IDES101_SEM1_2018', u'template_2018', u'IDES101', u'INDUSTRIAL DESIGN I', u'BNIND1', u'B ENGINEERING TECHNOLOGY IN IND ENG', u'21', u'SEM1', u'D1', u'OTNAME', u'A', u'', u'']
check 'IDES101_SEM1_2018' 'IDES101'
processXLS: only for SEM2 [u'IDES101_SEM1_2018', u'template_2018', u'IDES101', u'INDUSTRIAL DESIGN I', u'BNIND1', u'B ENGINEERING TECHNOLOGY IN IND ENG', u'21', u'SEM1', u'D1', u'OTNAME', u'A', u'', u'']
[u'MCHM101_SEM2_2018', u'template_2018', u'MCHM101', u'MECHANICS OF MACHINES I', u'BNPWE1', u'B ENGINEERING TECHNOLOGY IN POWER ENG', u'22', u'SEM2', u'D1', u'OTNAME', u'A', u'40011267:AKINDEJI;', u'']
check 'MCHM101_SEM2_2018' 'MCHM101'
adding  MCHM101
requesting:  http://10.0.100.98:8000/bbinfo/matching_courses/MCHM101%25
r= <Response [200]>
matching classes= set([u'MCHM101_SEM2_2018'])
[u'IDES201_SEM2_2018', u'template_2018', u'IDES201', u'INDUSTRIAL DESIGN II', u'BNIND1', u'B ENGINEERING TECHNOLOGY IN IND ENG', u'22', u'SEM2', u'D1', u'OTNAME', u'A', u'', u'']
check 'IDES201_SEM2_2018' 'IDES201'
adding  IDES201
requesting:  http://10.0.100.98:8000/bbinfo/matching_courses/IDES201%25
r= <Response [200]>
matching classes= set([u'IDES201_SEM2_2018'])
[u'DESG301_SEM1_2018', u'template_2018', u'DESG301', u'DESIGN III', u'BNMCH1', u'B ENGINEERING TECHNOLOGY IN MECH ENG', u'21', u'SEM1', u'D1', u'OTNAME', u'A', u'50002380:GRAHAM;', u'']
check 'DESG301_SEM1_2018' 'DESG301'
processXLS: only for SEM2 [u'DESG301_SEM1_2018', u'template_2018', u'DESG301', u'DESIGN III', u'BNMCH1', u'B ENGINEERING TECHNOLOGY IN MECH ENG', u'21', u'SEM1', u'D1', u'OTNAME', u'A', u'50002380:GRAHAM;', u'']
[u'SMTL301_SEM1_2018', u'template_2018', u'SMTL301', u'STRENGTH OF MATERIALS III', u'BNMCH1', u'B ENGINEERING TECHNOLOGY IN MECH ENG', u'21', u'SEM1', u'D1', u'OTNAME', u'A', u'50002380:GRAHAM;', u'']
check 'SMTL301_SEM1_2018' 'SMTL301'
processXLS: only for SEM2 [u'SMTL301_SEM1_2018', u'template_2018', u'SMTL301', u'STRENGTH OF MATERIALS III', u'BNMCH1', u'B ENGINEERING TECHNOLOGY IN MECH ENG', u'21', u'SEM1', u'D1', u'OTNAME', u'A', u'50002380:GRAHAM;', u'']
[u'MCHM301_SEM1_2018', u'template_2018', u'MCHM301', u'MECHANICS OF MACHINES III', u'BNMCH1', u'B ENGINEERING TECHNOLOGY IN MECH ENG', u'21', u'SEM1', u'D1', u'OTNAME', u'A', u'50002380:GRAHAM;', u'']
check 'MCHM301_SEM1_2018' 'MCHM301'
processXLS: only for SEM2 [u'MCHM301_SEM1_2018', u'template_2018', u'MCHM301', u'MECHANICS OF MACHINES III', u'BNMCH1', u'B ENGINEERING TECHNOLOGY IN MECH ENG', u'21', u'SEM1', u'D1', u'OTNAME', u'A', u'50002380:GRAHAM;', u'']
[u'THRM302_SEM1_2018', u'template_2018', u'THRM302', u'THERMODYNAMICS III', u'BNMCH1', u'B ENGINEERING TECHNOLOGY IN MECH ENG', u'21', u'SEM1', u'D1', u'OTNAME', u'A', u'50002380:GRAHAM;', u'']
check 'THRM302_SEM1_2018' 'THRM302'
processXLS: only for SEM2 [u'THRM302_SEM1_2018', u'template_2018', u'THRM302', u'THERMODYNAMICS III', u'BNMCH1', u'B ENGINEERING TECHNOLOGY IN MECH ENG', u'21', u'SEM1', u'D1', u'OTNAME', u'A', u'50002380:GRAHAM;', u'']
[u'FLDM301_SEM1_2018', u'template_2018', u'FLDM301', u'FLUID MECHANICS III', u'BNMCH1', u'B ENGINEERING TECHNOLOGY IN MECH ENG', u'21', u'SEM1', u'D1', u'OTNAME', u'A', u'50002380:GRAHAM;', u'']
check 'FLDM301_SEM1_2018' 'FLDM301'
processXLS: only for SEM2 [u'FLDM301_SEM1_2018', u'template_2018', u'FLDM301', u'FLUID MECHANICS III', u'BNMCH1', u'B ENGINEERING TECHNOLOGY IN MECH ENG', u'21', u'SEM1', u'D1', u'OTNAME', u'A', u'50002380:GRAHAM;', u'']
[u'AMNF101_SEM2_2018', u'template_2018', u'AMNF101', u'ADVANCED MECHANICAL MANUFACTURING', u'BNMCH1', u'B ENGINEERING TECHNOLOGY IN MECH ENG', u'22', u'SEM2', u'D1', u'OTNAME', u'A', u'50002380:GRAHAM;', u'']
check 'AMNF101_SEM2_2018' 'AMNF101'
adding  AMNF101
requesting:  http://10.0.100.98:8000/bbinfo/matching_courses/AMNF101%25
r= <Response [200]>
matching classes= set([u'AMNF101_SEM2_2018'])
[u'STMT101_SEM1_2018', u'template_2018', u'STMT101', u'STRENGTH OF MATERIALS I', u'BNPWE1', u'B ENGINEERING TECHNOLOGY IN POWER ENG', u'21', u'SEM1', u'D1', u'OTNAME', u'A', u'40011267:AKINDEJI;', u'']
check 'STMT101_SEM1_2018' 'STMT101'
processXLS: only for SEM2 [u'STMT101_SEM1_2018', u'template_2018', u'STMT101', u'STRENGTH OF MATERIALS I', u'BNPWE1', u'B ENGINEERING TECHNOLOGY IN POWER ENG', u'21', u'SEM1', u'D1', u'OTNAME', u'A', u'40011267:AKINDEJI;', u'']
[u'MCHM102_SEM1_2018', u'template_2018', u'MCHM102', u'MECHANICS OF MACHINES I', u'BNIND1', u'B ENGINEERING TECHNOLOGY IN IND ENG', u'21', u'SEM1', u'D1', u'OTNAME', u'A', u'', u'']
check 'MCHM102_SEM1_2018' 'MCHM102'
processXLS: only for SEM2 [u'MCHM102_SEM1_2018', u'template_2018', u'MCHM102', u'MECHANICS OF MACHINES I', u'BNIND1', u'B ENGINEERING TECHNOLOGY IN IND ENG', u'21', u'SEM1', u'D1', u'OTNAME', u'A', u'', u'']
[u'MCHM102_SEM1_2018', u'template_2018', u'MCHM102', u'MECHANICS OF MACHINES I', u'BNMCH1', u'B ENGINEERING TECHNOLOGY IN MECH ENG', u'21', u'SEM1', u'D1', u'OTNAME', u'A', u'', u'']
check 'MCHM102_SEM1_2018' 'MCHM102'
processXLS: only for SEM2 [u'MCHM102_SEM1_2018', u'template_2018', u'MCHM102', u'MECHANICS OF MACHINES I', u'BNMCH1', u'B ENGINEERING TECHNOLOGY IN MECH ENG', u'21', u'SEM1', u'D1', u'OTNAME', u'A', u'', u'']
[u'MCHM102_SEM2_2018', u'template_2018', u'MCHM102', u'MECHANICS OF MACHINES I', u'BNIND1', u'B ENGINEERING TECHNOLOGY IN IND ENG', u'22', u'SEM2', u'D1', u'OTNAME', u'A', u'', u'']
check 'MCHM102_SEM2_2018' 'MCHM102'
adding  MCHM102
requesting:  http://10.0.100.98:8000/bbinfo/matching_courses/MCHM102%25
r= <Response [200]>
matching classes= set([u'MCHM102_SEM2_2018', u'MCHM102_SEM1_2018'])
[u'MCHM102_SEM2_2018', u'template_2018', u'MCHM102', u'MECHANICS OF MACHINES I', u'BNMCH1', u'B ENGINEERING TECHNOLOGY IN MECH ENG', u'22', u'SEM2', u'D1', u'OTNAME', u'A', u'', u'']
check 'MCHM102_SEM2_2018' 'MCHM102'
adding  MCHM102
requesting:  http://10.0.100.98:8000/bbinfo/matching_courses/MCHM102%25
r= <Response [200]>
matching classes= set([u'MCHM102_SEM2_2018', u'MCHM102_SEM1_2018'])
[u'CMIT101_SEM1_2018', u'template_2018', u'CMIT101', u'COMPUTING AND IT', u'BNMCH1', u'B ENGINEERING TECHNOLOGY IN MECH ENG', u'21', u'SEM1', u'D1', u'OTNAME', u'A', u'50002380:GRAHAM;', u'']
check 'CMIT101_SEM1_2018' 'CMIT101'
processXLS: only for SEM2 [u'CMIT101_SEM1_2018', u'template_2018', u'CMIT101', u'COMPUTING AND IT', u'BNMCH1', u'B ENGINEERING TECHNOLOGY IN MECH ENG', u'21', u'SEM1', u'D1', u'OTNAME', u'A', u'50002380:GRAHAM;', u'']
[u'DESG101_SEM1_2018', u'template_2018', u'DESG101', u'DESIGN I', u'BNMCH1', u'B ENGINEERING TECHNOLOGY IN MECH ENG', u'21', u'SEM1', u'D1', u'OTNAME', u'A', u'50002380:GRAHAM;', u'']
check 'DESG101_SEM1_2018' 'DESG101'
processXLS: only for SEM2 [u'DESG101_SEM1_2018', u'template_2018', u'DESG101', u'DESIGN I', u'BNMCH1', u'B ENGINEERING TECHNOLOGY IN MECH ENG', u'21', u'SEM1', u'D1', u'OTNAME', u'A', u'50002380:GRAHAM;', u'']
[u'PROM101_SEM2_2018', u'template_2018', u'PROM101', u'PROJECT MANAGEMENT', u'BNMCH1', u'B ENGINEERING TECHNOLOGY IN MECH ENG', u'22', u'SEM2', u'D1', u'OTNAME', u'A', u'50002380:GRAHAM;', u'']
check 'PROM101_SEM2_2018' 'PROM101'
adding  PROM101
requesting:  http://10.0.100.98:8000/bbinfo/matching_courses/PROM101%25
r= <Response [200]>
matching classes= set([u'PROM101_SEM2_2018'])
[u'PMNT101_SEM2_2018', u'template_2018', u'PMNT101', u'PRINCIPLES OF MANAGEMENT', u'BNMCH1', u'B ENGINEERING TECHNOLOGY IN MECH ENG', u'22', u'SEM2', u'D1', u'OTNAME', u'A', u'50002380:GRAHAM;', u'']
check 'PMNT101_SEM2_2018' 'PMNT101'
adding  PMNT101
requesting:  http://10.0.100.98:8000/bbinfo/matching_courses/PMNT101%25
r= <Response [200]>
matching classes= set([u'PMNT101_SEM2_2018'])
[u'EVLE101_SEM2_2018', u'template_2018', u'EVLE101', u'ENVIRONMENTAL ENGINEERING', u'BNMCH1', u'B ENGINEERING TECHNOLOGY IN MECH ENG', u'22', u'SEM2', u'D1', u'OTNAME', u'A', u'50002380:GRAHAM;', u'']
check 'EVLE101_SEM2_2018' 'EVLE101'
adding  EVLE101
requesting:  http://10.0.100.98:8000/bbinfo/matching_courses/EVLE101%25
r= <Response [200]>
matching classes= set([u'EVLE101_SEM2_2018'])
[u'CDSP101_SEM2_2018', u'template_2018', u'CDSP101', u'CAPSTONE DESIGN PROJECT', u'BNMCH1', u'B ENGINEERING TECHNOLOGY IN MECH ENG', u'22', u'SEM2', u'D1', u'OTNAME', u'A', u'50002380:GRAHAM;', u'']
check 'CDSP101_SEM2_2018' 'CDSP101'
adding  CDSP101
requesting:  http://10.0.100.98:8000/bbinfo/matching_courses/CDSP101%25
r= <Response [200]>
matching classes= set([u'CDSP101_SEM2_2018'])
[u'NMRM101_SEM2_2018', u'template_2018', u'NMRM101', u'NUMERICAL METHODS', u'BNMCH1', u'B ENGINEERING TECHNOLOGY IN MECH ENG', u'22', u'SEM2', u'D1', u'OTNAME', u'A', u'50002380:GRAHAM;', u'']
check 'NMRM101_SEM2_2018' 'NMRM101'
adding  NMRM101
requesting:  http://10.0.100.98:8000/bbinfo/matching_courses/NMRM101%25
r= <Response [200]>
matching classes= set([u'NMRM101_SEM2_2018'])
processXLS: finished processing workingSheets/data/BBC3508MechanicalEngineering2017.xls
getWS: requesting:  http://10.0.100.98:8000/itsenrol/classlist/2018/22/MECH101 rsp= <Response [200]>
getWS: requesting:  http://10.0.100.98:8000/bbinfo/classlist/MECH101 rsp= <Response [200]>
getNewStudentsInSubject: ITS 6, BB 256 -> 5 new enrollments
getWS: requesting:  http://10.0.100.98:8000/itsenrol/classlist/2018/22/SPLT302 rsp= <Response [200]>
getWS: requesting:  http://10.0.100.98:8000/bbinfo/classlist/SPLT302 rsp= <Response [200]>
getNewStudentsInSubject: ITS 49, BB 148 -> 41 new enrollments
getWS: requesting:  http://10.0.100.98:8000/itsenrol/classlist/2018/22/EMSC102 rsp= <Response [200]>
getWS: requesting:  http://10.0.100.98:8000/bbinfo/classlist/EMSC102 rsp= <Response [200]>
getNewStudentsInSubject: ITS 0, BB 140 -> 0 new enrollments
getWS: requesting:  http://10.0.100.98:8000/itsenrol/classlist/2018/22/MMEN102 rsp= <Response [200]>
getWS: requesting:  http://10.0.100.98:8000/bbinfo/classlist/MMEN102 rsp= <Response [200]>
getNewStudentsInSubject: ITS 0, BB 128 -> 0 new enrollments
getWS: requesting:  http://10.0.100.98:8000/itsenrol/classlist/2018/22/MMAC202 rsp= <Response [200]>
getWS: requesting:  http://10.0.100.98:8000/bbinfo/classlist/MMAC202 rsp= <Response [200]>
getNewStudentsInSubject: ITS 2, BB 138 -> 1 new enrollments
getWS: requesting:  http://10.0.100.98:8000/itsenrol/classlist/2018/22/CADG101 rsp= <Response [200]>
getWS: requesting:  http://10.0.100.98:8000/bbinfo/classlist/CADG101 rsp= <Response [200]>
getNewStudentsInSubject: ITS 18, BB 188 -> 15 new enrollments
getWS: requesting:  http://10.0.100.98:8000/itsenrol/classlist/2018/22/MEDS201 rsp= <Response [200]>
getWS: requesting:  http://10.0.100.98:8000/bbinfo/classlist/MEDS201 rsp= <Response [200]>
getNewStudentsInSubject: ITS 10, BB 131 -> 1 new enrollments
getWS: requesting:  http://10.0.100.98:8000/itsenrol/classlist/2018/22/EVLE101 rsp= <Response [200]>
getWS: requesting:  http://10.0.100.98:8000/bbinfo/classlist/EVLE101 rsp= <Response [200]>
getNewStudentsInSubject: ITS 0, BB 1 -> 0 new enrollments
getWS: requesting:  http://10.0.100.98:8000/itsenrol/classlist/2018/22/AMNF101 rsp= <Response [200]>
getWS: requesting:  http://10.0.100.98:8000/bbinfo/classlist/AMNF101 rsp= <Response [200]>
getNewStudentsInSubject: ITS 0, BB 1 -> 0 new enrollments
getWS: requesting:  http://10.0.100.98:8000/itsenrol/classlist/2018/22/CDSP101 rsp= <Response [200]>
getWS: requesting:  http://10.0.100.98:8000/bbinfo/classlist/CDSP101 rsp= <Response [200]>
getNewStudentsInSubject: ITS 0, BB 1 -> 0 new enrollments
getWS: requesting:  http://10.0.100.98:8000/itsenrol/classlist/2018/22/TMAC402 rsp= <Response [200]>
getWS: requesting:  http://10.0.100.98:8000/bbinfo/classlist/TMAC402 rsp= <Response [200]>
getNewStudentsInSubject: ITS 68, BB 1 -> 68 new enrollments
getWS: requesting:  http://10.0.100.98:8000/itsenrol/classlist/2018/22/FMEC302 rsp= <Response [200]>
getWS: requesting:  http://10.0.100.98:8000/bbinfo/classlist/FMEC302 rsp= <Response [200]>
getNewStudentsInSubject: ITS 25, BB 200 -> 24 new enrollments
getWS: requesting:  http://10.0.100.98:8000/itsenrol/classlist/2018/22/MEDS301 rsp= <Response [200]>
getWS: requesting:  http://10.0.100.98:8000/bbinfo/classlist/MEDS301 rsp= <Response [200]>
getNewStudentsInSubject: ITS 20, BB 192 -> 20 new enrollments
getWS: requesting:  http://10.0.100.98:8000/itsenrol/classlist/2018/22/FMEC202 rsp= <Response [200]>
getWS: requesting:  http://10.0.100.98:8000/bbinfo/classlist/FMEC202 rsp= <Response [200]>
getNewStudentsInSubject: ITS 4, BB 188 -> 1 new enrollments
getWS: requesting:  http://10.0.100.98:8000/itsenrol/classlist/2018/22/THRM401 rsp= <Response [200]>
getWS: requesting:  http://10.0.100.98:8000/bbinfo/classlist/THRM401 rsp= <Response [200]>
getNewStudentsInSubject: ITS 32, BB 1 -> 32 new enrollments
getWS: requesting:  http://10.0.100.98:8000/itsenrol/classlist/2018/22/SMTL101 rsp= <Response [200]>
getWS: requesting:  http://10.0.100.98:8000/bbinfo/classlist/SMTL101 rsp= <Response [200]>
getNewStudentsInSubject: ITS 95, BB 1 -> 95 new enrollments
getWS: requesting:  http://10.0.100.98:8000/itsenrol/classlist/2018/22/SMAT202 rsp= <Response [200]>
getWS: requesting:  http://10.0.100.98:8000/bbinfo/classlist/SMAT202 rsp= <Response [200]>
getNewStudentsInSubject: ITS 2, BB 194 -> 2 new enrollments
getWS: requesting:  http://10.0.100.98:8000/itsenrol/classlist/2018/22/SMTL201 rsp= <Response [200]>
getWS: requesting:  http://10.0.100.98:8000/bbinfo/classlist/SMTL201 rsp= <Response [200]>
getNewStudentsInSubject: ITS 0, BB 1 -> 0 new enrollments
getWS: requesting:  http://10.0.100.98:8000/itsenrol/classlist/2018/22/MMAC402 rsp= <Response [200]>
getWS: requesting:  http://10.0.100.98:8000/bbinfo/classlist/MMAC402 rsp= <Response [200]>
getNewStudentsInSubject: ITS 75, BB 1 -> 75 new enrollments
getWS: requesting:  http://10.0.100.98:8000/itsenrol/classlist/2018/22/IDES201 rsp= <Response [200]>
getWS: requesting:  http://10.0.100.98:8000/bbinfo/classlist/IDES201 rsp= <Response [200]>
getNewStudentsInSubject: ITS 0, BB 0 -> 0 new enrollments
getWS: requesting:  http://10.0.100.98:8000/itsenrol/classlist/2018/22/MMFE101 rsp= <Response [200]>
getWS: requesting:  http://10.0.100.98:8000/bbinfo/classlist/MMFE101 rsp= <Response [200]>
getNewStudentsInSubject: ITS 0, BB 92 -> 0 new enrollments
getWS: requesting:  http://10.0.100.98:8000/itsenrol/classlist/2018/22/DESG201 rsp= <Response [200]>
getWS: requesting:  http://10.0.100.98:8000/bbinfo/classlist/DESG201 rsp= <Response [200]>
getNewStudentsInSubject: ITS 0, BB 1 -> 0 new enrollments
getWS: requesting:  http://10.0.100.98:8000/itsenrol/classlist/2018/22/MDES302 rsp= <Response [200]>
getWS: requesting:  http://10.0.100.98:8000/bbinfo/classlist/MDES302 rsp= <Response [200]>
getNewStudentsInSubject: ITS 40, BB 201 -> 40 new enrollments
getWS: requesting:  http://10.0.100.98:8000/itsenrol/classlist/2018/22/NMRM101 rsp= <Response [200]>
getWS: requesting:  http://10.0.100.98:8000/bbinfo/classlist/NMRM101 rsp= <Response [200]>
getNewStudentsInSubject: ITS 0, BB 1 -> 0 new enrollments
getWS: requesting:  http://10.0.100.98:8000/itsenrol/classlist/2018/22/THFL101 rsp= <Response [200]>
getWS: requesting:  http://10.0.100.98:8000/bbinfo/classlist/THFL101 rsp= <Response [200]>
getNewStudentsInSubject: ITS 95, BB 1 -> 95 new enrollments
getWS: requesting:  http://10.0.100.98:8000/itsenrol/classlist/2018/22/PMNT101 rsp= <Response [200]>
getWS: requesting:  http://10.0.100.98:8000/bbinfo/classlist/PMNT101 rsp= <Response [200]>
getNewStudentsInSubject: ITS 0, BB 1 -> 0 new enrollments
getWS: requesting:  http://10.0.100.98:8000/itsenrol/classlist/2018/22/THRM301 rsp= <Response [200]>
getWS: requesting:  http://10.0.100.98:8000/bbinfo/classlist/THRM301 rsp= <Response [200]>
getNewStudentsInSubject: ITS 21, BB 212 -> 14 new enrollments
getWS: requesting:  http://10.0.100.98:8000/itsenrol/classlist/2018/22/MEDR101 rsp= <Response [200]>
getWS: requesting:  http://10.0.100.98:8000/bbinfo/classlist/MEDR101 rsp= <Response [200]>
getNewStudentsInSubject: ITS 0, BB 124 -> 0 new enrollments
getWS: requesting:  http://10.0.100.98:8000/itsenrol/classlist/2018/22/THRM201 rsp= <Response [200]>
getWS: requesting:  http://10.0.100.98:8000/bbinfo/classlist/THRM201 rsp= <Response [200]>
getNewStudentsInSubject: ITS 3, BB 196 -> 1 new enrollments
getWS: requesting:  http://10.0.100.98:8000/itsenrol/classlist/2018/22/THRM202 rsp= <Response [200]>
getWS: requesting:  http://10.0.100.98:8000/bbinfo/classlist/THRM202 rsp= <Response [200]>
getNewStudentsInSubject: ITS 0, BB 1 -> 0 new enrollments
getWS: requesting:  http://10.0.100.98:8000/itsenrol/classlist/2018/22/APSM301 rsp= <Response [200]>
getWS: requesting:  http://10.0.100.98:8000/bbinfo/classlist/APSM301 rsp= <Response [200]>
getNewStudentsInSubject: ITS 38, BB 184 -> 29 new enrollments
getWS: requesting:  http://10.0.100.98:8000/itsenrol/classlist/2018/22/HMAC301 rsp= <Response [200]>
getWS: requesting:  http://10.0.100.98:8000/bbinfo/classlist/HMAC301 rsp= <Response [200]>
getNewStudentsInSubject: ITS 8, BB 162 -> 4 new enrollments
getWS: requesting:  http://10.0.100.98:8000/itsenrol/classlist/2018/22/ACTL401 rsp= <Response [200]>
getWS: requesting:  http://10.0.100.98:8000/bbinfo/classlist/ACTL401 rsp= <Response [200]>
getNewStudentsInSubject: ITS 81, BB 1 -> 81 new enrollments
getWS: requesting:  http://10.0.100.98:8000/itsenrol/classlist/2018/22/MCHM101 rsp= <Response [200]>
getWS: requesting:  http://10.0.100.98:8000/bbinfo/classlist/MCHM101 rsp= <Response [200]>
getNewStudentsInSubject: ITS 56, BB 1 -> 56 new enrollments
getWS: requesting:  http://10.0.100.98:8000/itsenrol/classlist/2018/22/MCHM102 rsp= <Response [200]>
getWS: requesting:  http://10.0.100.98:8000/bbinfo/classlist/MCHM102 rsp= <Response [200]>
getNewStudentsInSubject: ITS 93, BB 0 -> 93 new enrollments
getWS: requesting:  http://10.0.100.98:8000/itsenrol/classlist/2018/22/MCHN101 rsp= <Response [200]>
getWS: requesting:  http://10.0.100.98:8000/bbinfo/classlist/MCHN101 rsp= <Response [200]>
getNewStudentsInSubject: ITS 0, BB 117 -> 0 new enrollments
getWS: requesting:  http://10.0.100.98:8000/itsenrol/classlist/2018/22/PROM101 rsp= <Response [200]>
getWS: requesting:  http://10.0.100.98:8000/bbinfo/classlist/PROM101 rsp= <Response [200]>
getNewStudentsInSubject: ITS 0, BB 1 -> 0 new enrollments
getWS: requesting:  http://10.0.100.98:8000/itsenrol/classlist/2018/22/SMAT302 rsp= <Response [200]>
getWS: requesting:  http://10.0.100.98:8000/bbinfo/classlist/SMAT302 rsp= <Response [200]>
getNewStudentsInSubject: ITS 41, BB 218 -> 33 new enrollments
getWS: requesting:  http://10.0.100.98:8000/itsenrol/classlist/2018/22/MMAC302 rsp= <Response [200]>
getWS: requesting:  http://10.0.100.98:8000/bbinfo/classlist/MMAC302 rsp= <Response [200]>
getNewStudentsInSubject: ITS 27, BB 226 -> 20 new enrollments
getWS: requesting:  http://10.0.100.98:8000/itsenrol/classlist/2018/22/SANL401 rsp= <Response [200]>
getWS: requesting:  http://10.0.100.98:8000/bbinfo/classlist/SANL401 rsp= <Response [200]>
getNewStudentsInSubject: ITS 36, BB 1 -> 36 new enrollments
getWS: requesting:  http://10.0.100.98:8000/itsenrol/classlist/2018/22/MNFE101 rsp= <Response [200]>
getWS: requesting:  http://10.0.100.98:8000/bbinfo/classlist/MNFE101 rsp= <Response [200]>
getNewStudentsInSubject: ITS 0, BB 0 -> 0 new enrollments
getWS: requesting:  http://10.0.100.98:8000/itsenrol/classlist/2018/22/MMFE201 rsp= <Response [200]>
getWS: requesting:  http://10.0.100.98:8000/bbinfo/classlist/MMFE201 rsp= <Response [200]>
getNewStudentsInSubject: ITS 0, BB 117 -> 0 new enrollments
getWS: requesting:  http://10.0.100.98:8000/itsenrol/classlist/2018/22/THMC301 rsp= <Response [200]>
getWS: requesting:  http://10.0.100.98:8000/bbinfo/classlist/THMC301 rsp= <Response [200]>
getNewStudentsInSubject: ITS 53, BB 207 -> 40 new enrollments
main: Writing students...
main: Writing enrollments...
main: Finished processing workingSheets/data/BBC3508MechanicalEngineering2017.xls
main: 43 subjects processed
main: 80 subject -> classroom maps
main: 357 students
main: 922 student enrollments 0 errors
0.66user 0.15system 0:08.24elapsed 9%CPU (0avgtext+0avgdata 59568maxresident)k
112inputs+200outputs (0major+7217minor)pagefaults 0swaps
POSTING SNAPSHOTS to SIS endpoint
TEST RUN, NOT POSTING BBSTUDENTS
TEST RUN, NOT POSTIN BBENROL
copy snapshot files to saved output
=== department done ===
syncing logs...
Pushing logs from logs/20180723111852 to remote...
sending incremental file list
./
BBC3508MechanicalEngineering2017.BBENROL.txt
BBC3508MechanicalEngineering2017.BBSTUDENTS.txt
BBC3508MechanicalEngineering2017.Enrolomat.txt
BBC3508MechanicalEngineering2017.Postlog.txt

sent 215451 bytes  received 91 bytes  39189.45 bytes/sec
total size is 7976659  speedup is 37.01
logging to logs/20180723111852
=== generate newenrollments for BBC3509TownRegionalPlanning2017. ===
GENERATE SNAPSHOTS...
./BBCIncrementalEnrollerX2.py : generating enrolment files for subjects in  workingSheets/data/BBC3509TownRegionalPlanning2017.xls
processXLS: start spreadsheet workingSheets/data/BBC3509TownRegionalPlanning2017.xls
[u'2018 Blackboard Classrooms for Department: 3509 - TOWN & REGIONAL PLANNING', u'', u'', u'', u'', u'', u'', u'', u'', u'', u'', u'', u'']
check '2018 Blackboard Classrooms for Department: 3509 - TOWN & REGIONAL PLANNING' ''
[u'', u'', u'', u'', u'', u'', u'', u'', u'', u'', u'', u'', u'']
check '' ''
[u'BB Classroom', u'Migrate Classroom', u'ITS Subject', u'', u'ITS Qualification', u'', u'Block', u'', u'Off Type', u'', u'Grp', u'Lecturer(s)', u'2016 Enrol']
check 'BB Classroom' 'ITS Subject'
[u'', u'', u'', u'', u'', u'', u'', u'', u'', u'', u'', u'', u'']
check '' ''
[u'', u'', u'', u'', u'', u'', u'', u'', u'', u'', u'', u'', u'']
check '' ''
[u'EEQP101_YEAR_2018', u'EEQP101_YEAR_2017', u'EEQP101', u'ENGINEERING EQUIPMENT ISSUE', u'BTTRP1', u'BBE:  URBAN AND REGIONAL PLANNING', u'11', u'YEAR', u'D1', u'Durban Campus Full-time', u'A', u'40014266: NGUBANE', 70.0]
check 'EEQP101_YEAR_2018' 'EEQP101'
processXLS: only for SEM2 [u'EEQP101_YEAR_2018', u'EEQP101_YEAR_2017', u'EEQP101', u'ENGINEERING EQUIPMENT ISSUE', u'BTTRP1', u'BBE:  URBAN AND REGIONAL PLANNING', u'11', u'YEAR', u'D1', u'Durban Campus Full-time', u'A', u'40014266: NGUBANE', 70.0]
[u'', u'', u'', u'', u'', u'', u'', u'', u'', u'', u'', u'', u'']
check '' ''
[u'EEQP101_YEAR_2018', u'EEQP101_YEAR_2017', u'EEQP101', u'ENGINEERING EQUIPMENT ISSUE', u'BTTRP1', u'BT: TOWN AND REGIONAL PLANNING', u'11', u'YEAR', u'D1', u'Durban Campus Full-time', u'A', u'40003301:FOSTER', 0.0]
check 'EEQP101_YEAR_2018' 'EEQP101'
processXLS: only for SEM2 [u'EEQP101_YEAR_2018', u'EEQP101_YEAR_2017', u'EEQP101', u'ENGINEERING EQUIPMENT ISSUE', u'BTTRP1', u'BT: TOWN AND REGIONAL PLANNING', u'11', u'YEAR', u'D1', u'Durban Campus Full-time', u'A', u'40003301:FOSTER', 0.0]
[u'', u'', u'', u'', u'', u'', u'', u'', u'', u'', u'', u'', u'']
check '' ''
[u'EEQP101_YEAR_2018', u'EEQP101_YEAR_2017', u'EEQP101', u'ENGINEERING EQUIPMENT ISSUE', u'NDTRP2', u'ND: TOWN AND REGIONAL PLANNING', u'11', u'YEAR', u'D1', u'Durban Campus Full-time', u'A', u'40001859:HANSMANN', 0.0]
check 'EEQP101_YEAR_2018' 'EEQP101'
processXLS: only for SEM2 [u'EEQP101_YEAR_2018', u'EEQP101_YEAR_2017', u'EEQP101', u'ENGINEERING EQUIPMENT ISSUE', u'NDTRP2', u'ND: TOWN AND REGIONAL PLANNING', u'11', u'YEAR', u'D1', u'Durban Campus Full-time', u'A', u'40001859:HANSMANN', 0.0]
[u'', u'', u'', u'', u'', u'', u'', u'', u'', u'', u'', u'', u'']
check '' ''
[u'MANA103_YEAR_2018', u'MANA103_YEAR_2017', u'MANA103', u'MANAGEMENT', u'BTTRP1', u'BT: TOWN AND REGIONAL PLANNING', u'11', u'YEAR', u'D1', u'Durban Campus Full-time', u'A', u'40003301:FOSTER; 40002486: VONRIESEN', 47.0]
check 'MANA103_YEAR_2018' 'MANA103'
processXLS: only for SEM2 [u'MANA103_YEAR_2018', u'MANA103_YEAR_2017', u'MANA103', u'MANAGEMENT', u'BTTRP1', u'BT: TOWN AND REGIONAL PLANNING', u'11', u'YEAR', u'D1', u'Durban Campus Full-time', u'A', u'40003301:FOSTER; 40002486: VONRIESEN', 47.0]
[u'', u'', u'', u'', u'', u'', u'', u'', u'', u'', u'', u'', u'']
check '' ''
[u'LEPO201_SEM2_2018', u'LEPO201_SEM2_2017', u'LEPO201', u'LEGAL PROCEDURES II', u'NDTRP2', u'ND: TOWN AND REGIONAL PLANNING', u'22', u'SEMESTER 2', u'D1', u'Durban Campus Full-time', u'A', u'40002486: VONRIESEN', 54.0]
check 'LEPO201_SEM2_2018' 'LEPO201'
adding  LEPO201
requesting:  http://10.0.100.98:8000/bbinfo/matching_courses/LEPO201%25
r= <Response [200]>
matching classes= set([u'LEPO201_SEM2_2018', u'LEPO201_13_HANR', u'LEPO201_SEM2_2016', u'LEPO201_SEM2_2017'])
[u'', u'', u'', u'', u'', u'', u'', u'', u'', u'', u'', u'', u'']
check '' ''
[u'CAPP301_YEAR_2018', u'CAPP301_YEAR_2017', u'CAPP301', u'COMPUTER APPLICATIONS III', u'NDTRP2', u'ND: TOWN AND REGIONAL PLANNING', u'11', u'YEAR', u'D1', u'Durban Campus Full-time', u'A', u'40001041:McCARTHY', 54.0]
check 'CAPP301_YEAR_2018' 'CAPP301'
processXLS: only for SEM2 [u'CAPP301_YEAR_2018', u'CAPP301_YEAR_2017', u'CAPP301', u'COMPUTER APPLICATIONS III', u'NDTRP2', u'ND: TOWN AND REGIONAL PLANNING', u'11', u'YEAR', u'D1', u'Durban Campus Full-time', u'A', u'40001041:McCARTHY', 54.0]
[u'', u'', u'', u'', u'', u'', u'', u'', u'', u'', u'', u'', u'']
check '' ''
[u'DEVP301_YEAR_2018', u'DEVP301_YEAR_2017', u'DEVP301', u'DEVELOPMENT PLANNING III', u'NDTRP2', u'ND: TOWN AND REGIONAL PLANNING', u'11', u'YEAR', u'D1', u'Durban Campus Full-time', u'A', u'40000344:LINCOLN', 61.0]
check 'DEVP301_YEAR_2018' 'DEVP301'
processXLS: only for SEM2 [u'DEVP301_YEAR_2018', u'DEVP301_YEAR_2017', u'DEVP301', u'DEVELOPMENT PLANNING III', u'NDTRP2', u'ND: TOWN AND REGIONAL PLANNING', u'11', u'YEAR', u'D1', u'Durban Campus Full-time', u'A', u'40000344:LINCOLN', 61.0]
[u'', u'', u'', u'', u'', u'', u'', u'', u'', u'', u'', u'', u'']
check '' ''
[u'PLDE301_YEAR_2018', u'PLDE301_YEAR_2017', u'PLDE301', u'PLANNING DESIGN III', u'NDTRP2', u'ND: TOWN AND REGIONAL PLANNING', u'11', u'YEAR', u'D1', u'Durban Campus Full-time', u'A', u'40001859:HANSMANN', 55.0]
check 'PLDE301_YEAR_2018' 'PLDE301'
processXLS: only for SEM2 [u'PLDE301_YEAR_2018', u'PLDE301_YEAR_2017', u'PLDE301', u'PLANNING DESIGN III', u'NDTRP2', u'ND: TOWN AND REGIONAL PLANNING', u'11', u'YEAR', u'D1', u'Durban Campus Full-time', u'A', u'40001859:HANSMANN', 55.0]
[u'', u'', u'', u'', u'', u'', u'', u'', u'', u'', u'', u'', u'']
check '' ''
[u'CRPL401_YEAR_2018', u'CRPL401_YEAR_2017', u'CRPL401', u'CITY AND REGIONAL PLANNING IV', u'BTTRP1', u'BT: TOWN AND REGIONAL PLANNING', u'11', u'YEAR', u'D1', u'Durban Campus Full-time', u'A', u'40003301:FOSTER', 48.0]
check 'CRPL401_YEAR_2018' 'CRPL401'
processXLS: only for SEM2 [u'CRPL401_YEAR_2018', u'CRPL401_YEAR_2017', u'CRPL401', u'CITY AND REGIONAL PLANNING IV', u'BTTRP1', u'BT: TOWN AND REGIONAL PLANNING', u'11', u'YEAR', u'D1', u'Durban Campus Full-time', u'A', u'40003301:FOSTER', 48.0]
[u'', u'', u'', u'', u'', u'', u'', u'', u'', u'', u'', u'', u'']
check '' ''
[u'CSTU401_YEAR_2018', u'CSTU401_YEAR_2017', u'CSTU401', u'COMMUNITY STUDIES IV', u'BTTRP1', u'BT: TOWN AND REGIONAL PLANNING', u'11', u'YEAR', u'D1', u'Durban Campus Full-time', u'A', u'40011580: GODFREY MUSVOTO', 47.0]
check 'CSTU401_YEAR_2018' 'CSTU401'
processXLS: only for SEM2 [u'CSTU401_YEAR_2018', u'CSTU401_YEAR_2017', u'CSTU401', u'COMMUNITY STUDIES IV', u'BTTRP1', u'BT: TOWN AND REGIONAL PLANNING', u'11', u'YEAR', u'D1', u'Durban Campus Full-time', u'A', u'40011580: GODFREY MUSVOTO', 47.0]
[u'', u'', u'', u'', u'', u'', u'', u'', u'', u'', u'', u'', u'']
check '' ''
[u'ENVS401_YEAR_2018', u'ENVS401_YEAR_2017', u'ENVS401', u'ENVIROMENTAL STUDIES IV', u'BTTRP1', u'BT: TOWN AND REGIONAL PLANNING', u'11', u'YEAR', u'D1', u'Durban Campus Full-time', u'A', u'40002486: VONRIESEN', 40.0]
check 'ENVS401_YEAR_2018' 'ENVS401'
processXLS: only for SEM2 [u'ENVS401_YEAR_2018', u'ENVS401_YEAR_2017', u'ENVS401', u'ENVIROMENTAL STUDIES IV', u'BTTRP1', u'BT: TOWN AND REGIONAL PLANNING', u'11', u'YEAR', u'D1', u'Durban Campus Full-time', u'A', u'40002486: VONRIESEN', 40.0]
[u'', u'', u'', u'', u'', u'', u'', u'', u'', u'', u'', u'', u'']
check '' ''
[u'GISS401_YEAR_2018', u'GISS401_YEAR_2017', u'GISS401', u'GEOGRAPHIC INFORMATION SYSTEMS IV', u'BTTRP1', u'BT: TOWN AND REGIONAL PLANNING', u'11', u'YEAR', u'D1', u'Durban Campus Full-time', u'A', u'40014266: NGUBANE; 40002486: VONRIESEN', 38.0]
check 'GISS401_YEAR_2018' 'GISS401'
processXLS: only for SEM2 [u'GISS401_YEAR_2018', u'GISS401_YEAR_2017', u'GISS401', u'GEOGRAPHIC INFORMATION SYSTEMS IV', u'BTTRP1', u'BT: TOWN AND REGIONAL PLANNING', u'11', u'YEAR', u'D1', u'Durban Campus Full-time', u'A', u'40014266: NGUBANE; 40002486: VONRIESEN', 38.0]
[u'', u'', u'', u'', u'', u'', u'', u'', u'', u'', u'', u'', u'']
check '' ''
[u'PLDE401_YEAR_2018', u'PLDE401_YEAR_2017', u'PLDE401', u'PLANNING DESIGN IV', u'BTTRP1', u'BT: TOWN AND REGIONAL PLANNING', u'11', u'YEAR', u'D1', u'Durban Campus Full-time', u'A', u'40000614:GORDON', 38.0]
check 'PLDE401_YEAR_2018' 'PLDE401'
processXLS: only for SEM2 [u'PLDE401_YEAR_2018', u'PLDE401_YEAR_2017', u'PLDE401', u'PLANNING DESIGN IV', u'BTTRP1', u'BT: TOWN AND REGIONAL PLANNING', u'11', u'YEAR', u'D1', u'Durban Campus Full-time', u'A', u'40000614:GORDON', 38.0]
[u'', u'', u'', u'', u'', u'', u'', u'', u'', u'', u'', u'', u'']
check '' ''
[u'PPPW201_YEAR_2018', u'PPPW201_YEAR_2017', u'PPPW201', u'PLANNING PRACTICE AND PROJECT WORK', u'NDTRP2', u'ND: TOWN AND REGIONAL PLANNING', u'11', u'YEAR', u'D1', u'Durban Campus Full-time', u'A', u'40001859:HANSMANN', 1.0]
check 'PPPW201_YEAR_2018' 'PPPW201'
processXLS: only for SEM2 [u'PPPW201_YEAR_2018', u'PPPW201_YEAR_2017', u'PPPW201', u'PLANNING PRACTICE AND PROJECT WORK', u'NDTRP2', u'ND: TOWN AND REGIONAL PLANNING', u'11', u'YEAR', u'D1', u'Durban Campus Full-time', u'A', u'40001859:HANSMANN', 1.0]
[u'', u'', u'', u'', u'', u'', u'', u'', u'', u'', u'', u'', u'']
check '' ''
[u'RSTR511_YEAR_2018', u'RSTR511_YEAR_2017', u'RSTR511', u'RESEARCH PROJECT & DISSERTATION (1ST REG)', u'MBTRP1', u'MASTER OF THE BUILT ENVIRONMENT (TRP)', u'P0', u'POST-GRAD ANNUAL REGISTRATIONS', u'D1', u'Durban Campus Full-time', u'A', u'40011580: GODFREY MUSVOTO', 1.0]
check 'RSTR511_YEAR_2018' 'RSTR511'
processXLS: only for SEM2 [u'RSTR511_YEAR_2018', u'RSTR511_YEAR_2017', u'RSTR511', u'RESEARCH PROJECT & DISSERTATION (1ST REG)', u'MBTRP1', u'MASTER OF THE BUILT ENVIRONMENT (TRP)', u'P0', u'POST-GRAD ANNUAL REGISTRATIONS', u'D1', u'Durban Campus Full-time', u'A', u'40011580: GODFREY MUSVOTO', 1.0]
[u'', u'', u'', u'', u'', u'', u'', u'', u'', u'', u'', u'', u'']
check '' ''
[u'UPTP101_SEM2_2018', u'UPTP101_SEM2_2017', u'UPTP101', u'UPTP101: URBAN PLANNING THEORY AND PRACTICE 2017', u'BBURP1', u'BBE:  URBAN AND REGIONAL PLANNING', u'22', u'SEMESTER 2', u'D1', u'Durban Campus Full-time', u'A', u'40003301:FOSTER', 1.0]
check 'UPTP101_SEM2_2018' 'UPTP101'
adding  UPTP101
requesting:  http://10.0.100.98:8000/bbinfo/matching_courses/UPTP101%25
r= <Response [200]>
matching classes= set([u'UPTP101_SEM2_2018', u'UPTP101_SEM2_2017'])
[u'', u'', u'', u'', u'', u'', u'', u'', u'', u'', u'', u'', u'']
check '' ''
[u'===APPEND===', u'', u'', u'', u'', u'', u'', u'', u'', u'', u'', u'', u'']
check '===APPEND===' ''
[u'', u'', u'', u'', u'', u'', u'', u'', u'', u'', u'', u'', u'']
check '' ''
[u'', u'', u'', u'', u'', u'', u'', u'', u'', u'', u'', u'', u'']
check '' ''
[u'2017 NEW SUBJECTS  Blackboard Classrooms for Department: 3509 - TOWN & REGIONAL PLANNING', u'', u'', u'', u'', u'', u'', u'', u'', u'', u'', u'', u'']
check '2017 NEW SUBJECTS  Blackboard Classrooms for Department: 3509 - TOWN & REGIONAL PLANNING' ''
[u'', u'', u'', u'', u'', u'', u'', u'', u'', u'', u'', u'', u'']
check '' ''
[u'BB Classroom', u'Migrate Classroom', u'ITS Subject', u'', u'ITS Qualification', u'', u'Block', u'', u'Off Type', u'', u'Grp', u'Lecturer(s)', u'2016 Enrol']
check 'BB Classroom' 'ITS Subject'
[u'', u'', u'', u'', u'', u'', u'', u'', u'', u'', u'', u'', u'']
check '' ''
[u'PLDS111_SEM1_2018', u'PLDS111_SEM1_2017', u'PLDS111', u'PLANNING DESIGN IA', u'BBURP1', u'BBE:  URBAN AND REGIONAL PLANNING', u'21', u'SEMESTER 1', u'D1', u'Durban Campus Full-time', u'A', u'40014266: NGUBANE; 40001041:McCARTHY', 0.0]
check 'PLDS111_SEM1_2018' 'PLDS111'
processXLS: only for SEM2 [u'PLDS111_SEM1_2018', u'PLDS111_SEM1_2017', u'PLDS111', u'PLANNING DESIGN IA', u'BBURP1', u'BBE:  URBAN AND REGIONAL PLANNING', u'21', u'SEMESTER 1', u'D1', u'Durban Campus Full-time', u'A', u'40014266: NGUBANE; 40001041:McCARTHY', 0.0]
[u'', u'', u'', u'', u'', u'', u'', u'', u'', u'', u'', u'', u'']
check '' ''
[u'PLDS121_SEM2_2018', u'PLDS121_SEM2_2017', u'PLDS121', u'PLANNING DESIGN IB', u'BBURP1', u'BBE:  URBAN AND REGIONAL PLANNING', u'22', u'SEMESTER 2', u'D1', u'Durban Campus Full-time', u'A', u'40014266: NGUBANE; 40001041:McCARTHY', 0.0]
check 'PLDS121_SEM2_2018' 'PLDS121'
adding  PLDS121
requesting:  http://10.0.100.98:8000/bbinfo/matching_courses/PLDS121%25
r= <Response [200]>
matching classes= set([u'PLDS121_SEM2_2018', u'PLDS121_SEM2_2017'])
[u'', u'', u'', u'', u'', u'', u'', u'', u'', u'', u'', u'', u'']
check '' ''
[u'SSRV101_SEM1_2018', u'SSRV101_SEM1_2017', u'SSRV101', u'SITE SURVEYING I', u'BBURP1', u'BBE:  URBAN AND REGIONAL PLANNING', u'21', u'SEMESTER 1', u'D1', u'Durban Campus Full-time', u'A', u'40003343: JUDO SAANE', 0.0]
check 'SSRV101_SEM1_2018' 'SSRV101'
processXLS: only for SEM2 [u'SSRV101_SEM1_2018', u'SSRV101_SEM1_2017', u'SSRV101', u'SITE SURVEYING I', u'BBURP1', u'BBE:  URBAN AND REGIONAL PLANNING', u'21', u'SEMESTER 1', u'D1', u'Durban Campus Full-time', u'A', u'40003343: JUDO SAANE', 0.0]
[u'', u'', u'', u'', u'', u'', u'', u'', u'', u'', u'', u'', u'']
check '' ''
[u'STHS101_SEM1_2018', u'STHS101_SEM1_2017', u'STHS101', u'SETTLEMENT HISTORY I', u'BBURP1', u'BBE:  URBAN AND REGIONAL PLANNING', u'21', u'SEMESTER 1', u'D1', u'Durban Campus Full-time', u'A', u'40011580: GODFREY MUSVOTO', 0.0]
check 'STHS101_SEM1_2018' 'STHS101'
processXLS: only for SEM2 [u'STHS101_SEM1_2018', u'STHS101_SEM1_2017', u'STHS101', u'SETTLEMENT HISTORY I', u'BBURP1', u'BBE:  URBAN AND REGIONAL PLANNING', u'21', u'SEMESTER 1', u'D1', u'Durban Campus Full-time', u'A', u'40011580: GODFREY MUSVOTO', 0.0]
[u'', u'', u'', u'', u'', u'', u'', u'', u'', u'', u'', u'', u'']
check '' ''
[u'UPTH201_SEM1_2018', u'UPTH201_SEM1_2017', u'UPTH201', u'URBAN PLANNING THEORY II', u'BBURP1', u'BBE:  URBAN AND REGIONAL PLANNING', u'21', u'SEMESTER 1', u'D1', u'Durban Campus Full-time', u'A', u'40003301:FOSTER', 0.0]
check 'UPTH201_SEM1_2018' 'UPTH201'
processXLS: only for SEM2 [u'UPTH201_SEM1_2018', u'UPTH201_SEM1_2017', u'UPTH201', u'URBAN PLANNING THEORY II', u'BBURP1', u'BBE:  URBAN AND REGIONAL PLANNING', u'21', u'SEMESTER 1', u'D1', u'Durban Campus Full-time', u'A', u'40003301:FOSTER', 0.0]
[u'', u'', u'', u'', u'', u'', u'', u'', u'', u'', u'', u'', u'']
check '' ''
[u'', u'', u'ACDL101', u'ACADEMIC LITERACY', u'BBURP1', u'BBE:  URBAN AND REGIONAL PLANNING', u'21', u'SEMESTER 1', u'D1', u'Durban Campus Full-time', u'A', u'40011580: GODFREY MUSVOTO; 40002486: VONRIESEN', u'']
check '' 'ACDL101'
[u'...', u'', u'', u'', u'', u'', u'', u'', u'', u'', u'', u'', u'']
check '...' ''
[u'New subjects for 2018', u'', u'', u'', u'', u'', u'', u'', u'', u'', u'', u'', u'']
check 'New subjects for 2018' ''
[u'PLDS111', u'template_2018', u'PLDS111', u'Planning Design 101', u'', u'BBE:  URBAN AND REGIONAL PLANNING', 21.0, u'Semester 1', u'D1', u'Durban Campus Full-time', u'A', u'40000614:GORDON;40001041:McCARTHY', u'']
check 'PLDS111' 'PLDS111'
processXLS: only for SEM2 [u'PLDS111', u'template_2018', u'PLDS111', u'Planning Design 101', u'', u'BBE:  URBAN AND REGIONAL PLANNING', 21.0, u'Semester 1', u'D1', u'Durban Campus Full-time', u'A', u'40000614:GORDON;40001041:McCARTHY', u'']
[u'', u'', u'', u'', u'', u'', u'', u'', u'', u'', u'', u'', u'']
check '' ''
[u'SSRV101', u'template_2018', u'SSRV101', u'Site Surveying 101', u'', u'BBE:  URBAN AND REGIONAL PLANNING', 21.0, u'Semester 1', u'D3', u'Durban Campus Full-time', u'A', u'40004652: RAMPERSAD', u'']
check 'SSRV101' 'SSRV101'
processXLS: only for SEM2 [u'SSRV101', u'template_2018', u'SSRV101', u'Site Surveying 101', u'', u'BBE:  URBAN AND REGIONAL PLANNING', 21.0, u'Semester 1', u'D3', u'Durban Campus Full-time', u'A', u'40004652: RAMPERSAD', u'']
[u'', u'', u'', u'', u'', u'', u'', u'', u'', u'', u'', u'', u'']
check '' ''
[u'STBE101', u'template_2018', u'STBE101', u'Statistics for the Built Environment 101', u'', u'BBE:  URBAN AND REGIONAL PLANNING', 21.0, u'Semester 1', u'D4', u'Durban Campus Full-time', u'A', u'40003854: ANISHA SINGH', u'']
check 'STBE101' 'STBE101'
processXLS: only for SEM2 [u'STBE101', u'template_2018', u'STBE101', u'Statistics for the Built Environment 101', u'', u'BBE:  URBAN AND REGIONAL PLANNING', 21.0, u'Semester 1', u'D4', u'Durban Campus Full-time', u'A', u'40003854: ANISHA SINGH', u'']
[u'', u'', u'', u'', u'', u'', u'', u'', u'', u'', u'', u'', u'']
check '' ''
[u'ACDL101', u'template_2018', u'ACDL101', u'Academic Literacy  101', u'', u'BBE:  URBAN AND REGIONAL PLANNING', 21.0, u'Semester 1', u'D5', u'Durban Campus Full-time', u'A', u'40002486: VONRIESEN;40011580: GODFREY MUSVOTO', u'']
check 'ACDL101' 'ACDL101'
processXLS: only for SEM2 [u'ACDL101', u'template_2018', u'ACDL101', u'Academic Literacy  101', u'', u'BBE:  URBAN AND REGIONAL PLANNING', 21.0, u'Semester 1', u'D5', u'Durban Campus Full-time', u'A', u'40002486: VONRIESEN;40011580: GODFREY MUSVOTO', u'']
[u'', u'', u'', u'', u'', u'', u'', u'', u'', u'', u'', u'', u'']
check '' ''
[u'STHS101', u'template_2018', u'STHS101', u'Settlement History 101 ', u'', u'BBE:  URBAN AND REGIONAL PLANNING', 21.0, u'Semester 1', u'D6', u'Durban Campus Full-time', u'A', u'40011580: GODFREY MUSVOTO', u'']
check 'STHS101' 'STHS101'
processXLS: only for SEM2 [u'STHS101', u'template_2018', u'STHS101', u'Settlement History 101 ', u'', u'BBE:  URBAN AND REGIONAL PLANNING', 21.0, u'Semester 1', u'D6', u'Durban Campus Full-time', u'A', u'40011580: GODFREY MUSVOTO', u'']
[u'', u'', u'', u'', u'', u'', u'', u'', u'', u'', u'', u'', u'']
check '' ''
[u'PLDS211_SEM2_2018', u'template_2018', u'PLDS211', u'Planning Design 102', u'', u'BBE:  URBAN AND REGIONAL PLANNING', 22.0, u'Semester 2', u'D8', u'Durban Campus Full-time', u'A', u'40000614: GORDON; 40001041:McCARTHY', u'']
check 'PLDS211_SEM2_2018' 'PLDS211'
processXLS: only for SEM2 [u'PLDS211_SEM2_2018', u'template_2018', u'PLDS211', u'Planning Design 102', u'', u'BBE:  URBAN AND REGIONAL PLANNING', 22.0, u'Semester 2', u'D8', u'Durban Campus Full-time', u'A', u'40000614: GORDON; 40001041:McCARTHY', u'']
[u'', u'', u'', u'', u'', u'', u'', u'', u'', u'', u'', u'', u'']
check '' ''
[u'UPTP101_SEM2_2018', u'template_2018', u'UPTP101', u'Urban Planning Theory and Practice 102 ', u'', u'BBE:  URBAN AND REGIONAL PLANNING', 22.0, u'Semester 2', u'D10', u'Durban Campus Full-time', u'A', u'40011580: GODFREY MUSVOTO', u'']
check 'UPTP101_SEM2_2018' 'UPTP101'
processXLS: only for SEM2 [u'UPTP101_SEM2_2018', u'template_2018', u'UPTP101', u'Urban Planning Theory and Practice 102 ', u'', u'BBE:  URBAN AND REGIONAL PLANNING', 22.0, u'Semester 2', u'D10', u'Durban Campus Full-time', u'A', u'40011580: GODFREY MUSVOTO', u'']
[u'', u'', u'', u'', u'', u'', u'', u'', u'', u'', u'', u'', u'']
check '' ''
[u'CMCL101_SEM2_2018', u'template_2018', u'CMCL101', u'Communication Literacy 102', u'', u'BBE:  URBAN AND REGIONAL PLANNING', 22.0, u'Semester 2', u'D11', u'Durban Campus Full-time', u'A', u'40000614: GORDON', u'']
check 'CMCL101_SEM2_2018' 'CMCL101'
processXLS: only for SEM2 [u'CMCL101_SEM2_2018', u'template_2018', u'CMCL101', u'Communication Literacy 102', u'', u'BBE:  URBAN AND REGIONAL PLANNING', 22.0, u'Semester 2', u'D11', u'Durban Campus Full-time', u'A', u'40000614: GORDON', u'']
[u'', u'', u'', u'', u'', u'', u'', u'', u'', u'', u'', u'', u'']
check '' ''
[u'CSTN101_SEM2_2018', u'template_2018', u'CSTN101', u'Cornerstone 101', u'', u'BBE:  URBAN AND REGIONAL PLANNING', 22.0, u'Semester 2', u'D12', u'Durban Campus Full-time', u'A', u'40000614: GORDON', u'']
check 'CSTN101_SEM2_2018' 'CSTN101'
processXLS: only for SEM2 [u'CSTN101_SEM2_2018', u'template_2018', u'CSTN101', u'Cornerstone 101', u'', u'BBE:  URBAN AND REGIONAL PLANNING', 22.0, u'Semester 2', u'D12', u'Durban Campus Full-time', u'A', u'40000614: GORDON', u'']
[u'', u'', u'', u'', u'', u'', u'', u'', u'', u'', u'', u'', u'']
check '' ''
[u'SERS101_SEM2_2018', u'template_2018', u'SERS101', u'Sustainable Earth Studies ', u'', u'BBE:  URBAN AND REGIONAL PLANNING', 22.0, u'Semester 2', u'D13', u'Durban Campus Full-time', u'A', u'40000614: GORDON', u'']
check 'SERS101_SEM2_2018' 'SERS101'
processXLS: only for SEM2 [u'SERS101_SEM2_2018', u'template_2018', u'SERS101', u'Sustainable Earth Studies ', u'', u'BBE:  URBAN AND REGIONAL PLANNING', 22.0, u'Semester 2', u'D13', u'Durban Campus Full-time', u'A', u'40000614: GORDON', u'']
[u'', u'', u'', u'', u'', u'', u'', u'', u'', u'', u'', u'', u'']
check '' ''
[u'PLDS211', u'template_2018', u'PLDS211', u'Planning Design 201', u'', u'BBE:  URBAN AND REGIONAL PLANNING', 21.0, u'Semester 3', u'D15', u'Durban Campus Full-time', u'A', u'40000614: GORDON', u'']
check 'PLDS211' 'PLDS211'
processXLS: only for SEM2 [u'PLDS211', u'template_2018', u'PLDS211', u'Planning Design 201', u'', u'BBE:  URBAN AND REGIONAL PLANNING', 21.0, u'Semester 3', u'D15', u'Durban Campus Full-time', u'A', u'40000614: GORDON', u'']
[u'', u'', u'', u'', u'', u'', u'', u'', u'', u'', u'', u'', u'']
check '' ''
[u'UPTH201', u'template_2018', u'UPTH201', u'Urban Planning Theory 201  ', u'', u'BBE:  URBAN AND REGIONAL PLANNING', 21.0, u'Semester 3', u'D16', u'Durban Campus Full-time', u'A', u'40011580: GODFREY MUSVOTO', u'']
check 'UPTH201' 'UPTH201'
processXLS: only for SEM2 [u'UPTH201', u'template_2018', u'UPTH201', u'Urban Planning Theory 201  ', u'', u'BBE:  URBAN AND REGIONAL PLANNING', 21.0, u'Semester 3', u'D16', u'Durban Campus Full-time', u'A', u'40011580: GODFREY MUSVOTO', u'']
[u'', u'', u'', u'', u'', u'', u'', u'', u'', u'', u'', u'', u'']
check '' ''
[u'MPPM101', u'template_2018', u'MPPM101', u'Management Principles and Project Management 201', u'', u'BBE:  URBAN AND REGIONAL PLANNING', 21.0, u'Semester 3', u'D17', u'Durban Campus Full-time', u'A', u'40002486: VONRIESEN', u'']
check 'MPPM101' 'MPPM101'
processXLS: only for SEM2 [u'MPPM101', u'template_2018', u'MPPM101', u'Management Principles and Project Management 201', u'', u'BBE:  URBAN AND REGIONAL PLANNING', 21.0, u'Semester 3', u'D17', u'Durban Campus Full-time', u'A', u'40002486: VONRIESEN', u'']
[u'', u'', u'', u'', u'', u'', u'', u'', u'', u'', u'', u'', u'']
check '' ''
[u'RMDS201', u'template_2018', u'RMDS201', u'Research Methods 201', u'', u'BBE:  URBAN AND REGIONAL PLANNING', 21.0, u'Semester 3', u'D18', u'Durban Campus Full-time', u'A', u'40003301:FOSTER', u'']
check 'RMDS201' 'RMDS201'
processXLS: only for SEM2 [u'RMDS201', u'template_2018', u'RMDS201', u'Research Methods 201', u'', u'BBE:  URBAN AND REGIONAL PLANNING', 21.0, u'Semester 3', u'D18', u'Durban Campus Full-time', u'A', u'40003301:FOSTER', u'']
[u'', u'', u'', u'', u'', u'', u'', u'', u'', u'', u'', u'', u'']
check '' ''
[u'IPLW101', u'template_2018', u'IPLW101', u'Introduction to Principles of Law 201', u'', u'BBE:  URBAN AND REGIONAL PLANNING', 21.0, u'Semester 3', u'D19', u'Durban Campus Full-time', u'A', u'40000614: GORDON', u'']
check 'IPLW101' 'IPLW101'
processXLS: only for SEM2 [u'IPLW101', u'template_2018', u'IPLW101', u'Introduction to Principles of Law 201', u'', u'BBE:  URBAN AND REGIONAL PLANNING', 21.0, u'Semester 3', u'D19', u'Durban Campus Full-time', u'A', u'40000614: GORDON', u'']
[u'', u'', u'', u'', u'', u'', u'', u'', u'', u'', u'', u'', u'']
check '' ''
[u'GENV101', u'template_2018', u'GENV101', u'The Global Environment', u'', u'BBE:  URBAN AND REGIONAL PLANNING', 21.0, u'Semester 3', u'D20', u'Durban Campus Full-time', u'A', u'40000614: GORDON', u'']
check 'GENV101' 'GENV101'
processXLS: only for SEM2 [u'GENV101', u'template_2018', u'GENV101', u'The Global Environment', u'', u'BBE:  URBAN AND REGIONAL PLANNING', 21.0, u'Semester 3', u'D20', u'Durban Campus Full-time', u'A', u'40000614: GORDON', u'']
[u'', u'', u'', u'', u'', u'', u'', u'', u'', u'', u'', u'', u'']
check '' ''
[u'PLDS221_SEM2_2018', u'template_2018', u'PLDS221', u'Planning Design 202', u'', u'BBE:  URBAN AND REGIONAL PLANNING', 22.0, u'Semester 2', u'D22', u'Durban Campus Full-time', u'A', u'40000614: GORDON', u'']
check 'PLDS221_SEM2_2018' 'PLDS221'
processXLS: only for SEM2 [u'PLDS221_SEM2_2018', u'template_2018', u'PLDS221', u'Planning Design 202', u'', u'BBE:  URBAN AND REGIONAL PLANNING', 22.0, u'Semester 2', u'D22', u'Durban Campus Full-time', u'A', u'40000614: GORDON', u'']
[u'', u'', u'', u'', u'', u'', u'', u'', u'', u'', u'', u'', u'']
check '' ''
[u'EVMT101_SEM2_2018', u'template_2018', u'EVMT101', u'Environmental Management and Techniques 202', u'', u'BBE:  URBAN AND REGIONAL PLANNING', 22.0, u'Semester 2', u'D23', u'Durban Campus Full-time', u'A', u'40000344:LINCOLN; 40001859:HANSMANN;', u'']
check 'EVMT101_SEM2_2018' 'EVMT101'
processXLS: only for SEM2 [u'EVMT101_SEM2_2018', u'template_2018', u'EVMT101', u'Environmental Management and Techniques 202', u'', u'BBE:  URBAN AND REGIONAL PLANNING', 22.0, u'Semester 2', u'D23', u'Durban Campus Full-time', u'A', u'40000344:LINCOLN; 40001859:HANSMANN;', u'']
[u'', u'', u'', u'', u'', u'', u'', u'', u'', u'', u'', u'', u'']
check '' ''
[u'RDVP101_SEM2_2018', u'template_2018', u'RDVP101', u'Regional Development and Planning 202', u'', u'BBE:  URBAN AND REGIONAL PLANNING', 22.0, u'Semester 2', u'D24', u'Durban Campus Full-time', u'A', u'40002486: VONRIESEN', u'']
check 'RDVP101_SEM2_2018' 'RDVP101'
processXLS: only for SEM2 [u'RDVP101_SEM2_2018', u'template_2018', u'RDVP101', u'Regional Development and Planning 202', u'', u'BBE:  URBAN AND REGIONAL PLANNING', 22.0, u'Semester 2', u'D24', u'Durban Campus Full-time', u'A', u'40002486: VONRIESEN', u'']
[u'', u'', u'', u'', u'', u'', u'', u'', u'', u'', u'', u'', u'']
check '' ''
[u'GISY201_SEM2_2018', u'template_2018', u'GISY201', u'Geographic Information Systems 201', u'', u'BBE:  URBAN AND REGIONAL PLANNING', 22.0, u'Semester 2', u'D25', u'Durban Campus Full-time', u'A', u'40014266: NGUBANE', u'']
check 'GISY201_SEM2_2018' 'GISY201'
processXLS: only for SEM2 [u'GISY201_SEM2_2018', u'template_2018', u'GISY201', u'Geographic Information Systems 201', u'', u'BBE:  URBAN AND REGIONAL PLANNING', 22.0, u'Semester 2', u'D25', u'Durban Campus Full-time', u'A', u'40014266: NGUBANE', u'']
[u'', u'', u'', u'', u'', u'', u'', u'', u'', u'', u'', u'', u'']
check '' ''
[u'ECBE101_SEM2_2018', u'template_2018', u'ECBE101', u'Economics for the Built Environment 201', u'', u'BBE:  URBAN AND REGIONAL PLANNING', 22.0, u'Semester 2', u'D26', u'Durban Campus Full-time', u'A', u'40000344:LINCOLN', u'']
check 'ECBE101_SEM2_2018' 'ECBE101'
processXLS: only for SEM2 [u'ECBE101_SEM2_2018', u'template_2018', u'ECBE101', u'Economics for the Built Environment 201', u'', u'BBE:  URBAN AND REGIONAL PLANNING', 22.0, u'Semester 2', u'D26', u'Durban Campus Full-time', u'A', u'40000344:LINCOLN', u'']
[u'', u'', u'', u'', u'', u'', u'', u'', u'', u'', u'', u'', u'']
check '' ''
[u'SSCY101_SEM2_2018', u'template_2018', u'SSCY101', u'Sociology and Society ', u'', u'BBE:  URBAN AND REGIONAL PLANNING', 22.0, u'Semester 2', u'D27', u'Durban Campus Full-time', u'A', u'40000614: GORDON', u'']
check 'SSCY101_SEM2_2018' 'SSCY101'
processXLS: only for SEM2 [u'SSCY101_SEM2_2018', u'template_2018', u'SSCY101', u'Sociology and Society ', u'', u'BBE:  URBAN AND REGIONAL PLANNING', 22.0, u'Semester 2', u'D27', u'Durban Campus Full-time', u'A', u'40000614: GORDON', u'']
processXLS: finished processing workingSheets/data/BBC3509TownRegionalPlanning2017.xls
getWS: requesting:  http://10.0.100.98:8000/itsenrol/classlist/2018/22/PLDS121 rsp= <Response [200]>
getWS: requesting:  http://10.0.100.98:8000/bbinfo/classlist/PLDS121 rsp= <Response [200]>
getNewStudentsInSubject: ITS 50, BB 2 -> 50 new enrollments
getWS: requesting:  http://10.0.100.98:8000/itsenrol/classlist/2018/22/UPTP101 rsp= <Response [200]>
getWS: requesting:  http://10.0.100.98:8000/bbinfo/classlist/UPTP101 rsp= <Response [200]>
getNewStudentsInSubject: ITS 60, BB 1 -> 60 new enrollments
getWS: requesting:  http://10.0.100.98:8000/itsenrol/classlist/2018/22/LEPO201 rsp= <Response [200]>
getWS: requesting:  http://10.0.100.98:8000/bbinfo/classlist/LEPO201 rsp= <Response [200]>
getNewStudentsInSubject: ITS 34, BB 1 -> 34 new enrollments
main: Writing students...
main: Writing enrollments...
main: Finished processing workingSheets/data/BBC3509TownRegionalPlanning2017.xls
main: 3 subjects processed
main: 3 subject -> classroom maps
main: 101 students
main: 144 student enrollments 0 errors
0.20user 0.08system 0:00.88elapsed 32%CPU (0avgtext+0avgdata 58256maxresident)k
0inputs+48outputs (0major+7133minor)pagefaults 0swaps
POSTING SNAPSHOTS to SIS endpoint
TEST RUN, NOT POSTING BBSTUDENTS
TEST RUN, NOT POSTIN BBENROL
copy snapshot files to saved output
=== department done ===
syncing logs...
Pushing logs from logs/20180723111852 to remote...
sending incremental file list
./
BBC3509TownRegionalPlanning2017.BBENROL.txt
BBC3509TownRegionalPlanning2017.BBSTUDENTS.txt
BBC3509TownRegionalPlanning2017.Enrolomat.txt
BBC3509TownRegionalPlanning2017.Postlog.txt

sent 57345 bytes  received 91 bytes  12763.56 bytes/sec
total size is 8025159  speedup is 139.72
logging to logs/20180723111852
=== generate newenrollments for BBC3510ArchitectTechnology2017. ===
GENERATE SNAPSHOTS...
./BBCIncrementalEnrollerX2.py : generating enrolment files for subjects in  workingSheets/data/BBC3510ArchitectTechnology2017.xls
processXLS: start spreadsheet workingSheets/data/BBC3510ArchitectTechnology2017.xls
[u'2018 Blackboard Classrooms for Department: 3510 - ARCHITECT TECHNOLOGY', u'', u'', u'', u'', u'', u'', u'', u'', u'', u'', u'', u'']
check '2018 Blackboard Classrooms for Department: 3510 - ARCHITECT TECHNOLOGY' ''
[u'', u'', u'', u'', u'', u'', u'', u'', u'', u'', u'', u'', u'']
check '' ''
[u'BB Classroom', u'Migrate Classroom', u'ITS Subject', u'', u'ITS Qualification', u'', u'Block', u'', u'Off Type', u'', u'Grp', u'Lecturer(s)', u'2016 Enrol']
check 'BB Classroom' 'ITS Subject'
[u'ABSA101_YEAR_2018', u'ABSA101_YEAR_2017', u'ABSA101', u'APPLIED BUILDING SCIENCE I', u'NDARC3', u'ND: ARCHITECTURAL TECHNOLOGY', u'11', u'YEAR', u'D1', u'Durban Campus Full-time', u'A', u'40012185:DU PLESSIS', 104.0]
check 'ABSA101_YEAR_2018' 'ABSA101'
processXLS: only for SEM2 [u'ABSA101_YEAR_2018', u'ABSA101_YEAR_2017', u'ABSA101', u'APPLIED BUILDING SCIENCE I', u'NDARC3', u'ND: ARCHITECTURAL TECHNOLOGY', u'11', u'YEAR', u'D1', u'Durban Campus Full-time', u'A', u'40012185:DU PLESSIS', 104.0]
[u'', u'', u'', u'', u'', u'', u'', u'', u'', u'', u'', u'', u'']
check '' ''
[u'CAPP102_SEM1_2018', u'CAPP102_SEM1_2017', u'CAPP102', u'COMPUTER APPLICATIONS I', u'NDARC3', u'ND: ARCHITECTURAL TECHNOLOGY', u'21', u'SEMESTER 1', u'D1', u'Durban Campus Full-time', u'A', u'40012185:DU PLESSIS', 102.0]
check 'CAPP102_SEM1_2018' 'CAPP102'
processXLS: only for SEM2 [u'CAPP102_SEM1_2018', u'CAPP102_SEM1_2017', u'CAPP102', u'COMPUTER APPLICATIONS I', u'NDARC3', u'ND: ARCHITECTURAL TECHNOLOGY', u'21', u'SEMESTER 1', u'D1', u'Durban Campus Full-time', u'A', u'40012185:DU PLESSIS', 102.0]
[u'', u'', u'', u'', u'', u'', u'', u'', u'', u'', u'', u'', u'']
check '' ''
[u'CDET102_YEAR_2018', u'CDET102_YEAR_2017', u'CDET102', u'CONSTRUCTION AND DETAILING I', u'NDARC3', u'ND: ARCHITECTURAL TECHNOLOGY', u'11', u'YEAR', u'D1', u'Durban Campus Full-time', u'A', u'40013351:VAN SOELEN', 104.0]
check 'CDET102_YEAR_2018' 'CDET102'
processXLS: only for SEM2 [u'CDET102_YEAR_2018', u'CDET102_YEAR_2017', u'CDET102', u'CONSTRUCTION AND DETAILING I', u'NDARC3', u'ND: ARCHITECTURAL TECHNOLOGY', u'11', u'YEAR', u'D1', u'Durban Campus Full-time', u'A', u'40013351:VAN SOELEN', 104.0]
[u'', u'', u'', u'', u'', u'', u'', u'', u'', u'', u'', u'', u'']
check '' ''
[u'EXAR101_SEM1_2018', u'EXAR101_SEM1_2017', u'EXAR101', u'EXPERIENTIAL LEARNING', u'NDARC3', u'ND: ARCHITECTURAL TECHNOLOGY', u'21', u'SEMESTER 1', u'D1', u'Durban Campus Full-time', u'A', u'40006085:Moahloli', 2.0]
check 'EXAR101_SEM1_2018' 'EXAR101'
processXLS: only for SEM2 [u'EXAR101_SEM1_2018', u'EXAR101_SEM1_2017', u'EXAR101', u'EXPERIENTIAL LEARNING', u'NDARC3', u'ND: ARCHITECTURAL TECHNOLOGY', u'21', u'SEMESTER 1', u'D1', u'Durban Campus Full-time', u'A', u'40006085:Moahloli', 2.0]
[u'', u'', u'', u'', u'', u'', u'', u'', u'', u'', u'', u'', u'']
check '' ''
[u'HAAR101_YEAR_2018', u'HAAR101_YEAR_2017', u'HAAR101', u'HISTORY AND APPRECIATION OF ARCHITECTURE I', u'NDARC3', u'ND: ARCHITECTURAL TECHNOLOGY', u'11', u'YEAR', u'D1', u'Durban Campus Full-time', u'A', u'40013946:MATANGANA', 104.0]
check 'HAAR101_YEAR_2018' 'HAAR101'
processXLS: only for SEM2 [u'HAAR101_YEAR_2018', u'HAAR101_YEAR_2017', u'HAAR101', u'HISTORY AND APPRECIATION OF ARCHITECTURE I', u'NDARC3', u'ND: ARCHITECTURAL TECHNOLOGY', u'11', u'YEAR', u'D1', u'Durban Campus Full-time', u'A', u'40013946:MATANGANA', 104.0]
[u'', u'', u'', u'', u'', u'', u'', u'', u'', u'', u'', u'', u'']
check '' ''
[u'PRSN101_YEAR_2018', u'PRSN101_YEAR_2017', u'PRSN101', u'PRESENTATION I', u'NDARC3', u'ND: ARCHITECTURAL TECHNOLOGY', u'11', u'YEAR', u'D1', u'Durban Campus Full-time', u'A', u'40013351:VAN SOELEN;40000424:ORIE', 111.0]
check 'PRSN101_YEAR_2018' 'PRSN101'
processXLS: only for SEM2 [u'PRSN101_YEAR_2018', u'PRSN101_YEAR_2017', u'PRSN101', u'PRESENTATION I', u'NDARC3', u'ND: ARCHITECTURAL TECHNOLOGY', u'11', u'YEAR', u'D1', u'Durban Campus Full-time', u'A', u'40013351:VAN SOELEN;40000424:ORIE', 111.0]
[u'', u'', u'', u'', u'', u'', u'', u'', u'', u'', u'', u'', u'']
check '' ''
[u'SWRK102_YEAR_2018', u'SWRK102_YEAR_2017', u'SWRK102', u'STUDIO WORK I', u'NDARC3', u'ND: ARCHITECTURAL TECHNOLOGY', u'11', u'YEAR', u'D1', u'Durban Campus Full-time', u'A', u'40012185:DU PLESSIS;40000424:ORIE', 30.0]
check 'SWRK102_YEAR_2018' 'SWRK102'
processXLS: only for SEM2 [u'SWRK102_YEAR_2018', u'SWRK102_YEAR_2017', u'SWRK102', u'STUDIO WORK I', u'NDARC3', u'ND: ARCHITECTURAL TECHNOLOGY', u'11', u'YEAR', u'D1', u'Durban Campus Full-time', u'A', u'40012185:DU PLESSIS;40000424:ORIE', 30.0]
[u'', u'', u'', u'', u'', u'', u'', u'', u'', u'', u'', u'', u'']
check '' ''
[u'CDET202_SEM1_2018', u'CDET202_SEM1_2017', u'CDET202', u'CONSTRUCTION AND DETAILING II', u'NDARC3', u'ND: ARCHITECTURAL TECHNOLOGY', u'21', u'SEMESTER 1', u'D1', u'Durban Campus Full-time', u'A', u'40001041:McCARTHY', 47.0]
check 'CDET202_SEM1_2018' 'CDET202'
processXLS: only for SEM2 [u'CDET202_SEM1_2018', u'CDET202_SEM1_2017', u'CDET202', u'CONSTRUCTION AND DETAILING II', u'NDARC3', u'ND: ARCHITECTURAL TECHNOLOGY', u'21', u'SEMESTER 1', u'D1', u'Durban Campus Full-time', u'A', u'40001041:McCARTHY', 47.0]
[u'', u'', u'', u'', u'', u'', u'', u'', u'', u'', u'', u'', u'']
check '' ''
[u'CDET202_SEM2_2018', u'CDET202_SEM2_2017', u'CDET202', u'CONSTRUCTION AND DETAILING II', u'NDARC3', u'ND: ARCHITECTURAL TECHNOLOGY', u'22', u'SEMESTER 2', u'D1', u'Durban Campus Full-time', u'A', u'40001041:McCARTHY', 37.0]
check 'CDET202_SEM2_2018' 'CDET202'
adding  CDET202
requesting:  http://10.0.100.98:8000/bbinfo/matching_courses/CDET202%25
r= <Response [200]>
matching classes= set([u'CDET202_ALL_2016', u'CDET202_SEM2_2017', u'CDET202_SEM1_2017', u'CDET202_13_THOC', u'CDET202_SEM1_2018', u'CDET202_SEM2_2018', u'CDET202_15'])
[u'', u'', u'', u'', u'', u'', u'', u'', u'', u'', u'', u'', u'']
check '' ''
[u'HAAR201_SEM1_2018', u'HAAR201_SEM1_2017', u'HAAR201', u'HISTORY AND APPRECIATION OF ARCHITECTURE II', u'NDARC3', u'ND: ARCHITECTURAL TECHNOLOGY', u'21', u'SEMESTER 1', u'D1', u'Durban Campus Full-time', u'A', u'40011749:Brunner;40012185:DU PLESSIS', 49.0]
check 'HAAR201_SEM1_2018' 'HAAR201'
processXLS: only for SEM2 [u'HAAR201_SEM1_2018', u'HAAR201_SEM1_2017', u'HAAR201', u'HISTORY AND APPRECIATION OF ARCHITECTURE II', u'NDARC3', u'ND: ARCHITECTURAL TECHNOLOGY', u'21', u'SEMESTER 1', u'D1', u'Durban Campus Full-time', u'A', u'40011749:Brunner;40012185:DU PLESSIS', 49.0]
[u'', u'', u'', u'', u'', u'', u'', u'', u'', u'', u'', u'', u'']
check '' ''
[u'HAAR201_SEM2_2018', u'HAAR201_SEM2_2017', u'HAAR201', u'HISTORY AND APPRECIATION OF ARCHITECTURE II', u'NDARC3', u'ND: ARCHITECTURAL TECHNOLOGY', u'22', u'SEMESTER 2', u'D1', u'Durban Campus Full-time', u'A', u'40011749:Brunner;40012185:DU PLESSIS', 37.0]
check 'HAAR201_SEM2_2018' 'HAAR201'
adding  HAAR201
requesting:  http://10.0.100.98:8000/bbinfo/matching_courses/HAAR201%25
r= <Response [200]>
matching classes= set([u'HAAR201_SEM1_2017', u'HAAR201_13_GILW', u'HAAR201_SEM2_2018', u'HAAR201_SEM1_2018', u'HAAR201_15', u'HAAR201_ALL_2016', u'HAAR201_SEM2_2017'])
[u'', u'', u'', u'', u'', u'', u'', u'', u'', u'', u'', u'', u'']
check '' ''
[u'PSTD201_SEM1_2018', u'PSTD201_SEM1_2017', u'PSTD201', u'PRACTICAL STUDIES II', u'NDARC3', u'ND: ARCHITECTURAL TECHNOLOGY', u'21', u'SEMESTER 1', u'D1', u'Durban Campus Full-time', u'A', u'40012185:DU PLESSIS;40000424:ORIE', 45.0]
check 'PSTD201_SEM1_2018' 'PSTD201'
processXLS: only for SEM2 [u'PSTD201_SEM1_2018', u'PSTD201_SEM1_2017', u'PSTD201', u'PRACTICAL STUDIES II', u'NDARC3', u'ND: ARCHITECTURAL TECHNOLOGY', u'21', u'SEMESTER 1', u'D1', u'Durban Campus Full-time', u'A', u'40012185:DU PLESSIS;40000424:ORIE', 45.0]
[u'', u'', u'', u'', u'', u'', u'', u'', u'', u'', u'', u'', u'']
check '' ''
[u'PSTD201_SEM2_2018', u'PSTD201_SEM2_2017', u'PSTD201', u'PRACTICAL STUDIES II', u'NDARC3', u'ND: ARCHITECTURAL TECHNOLOGY', u'22', u'SEMESTER 2', u'D1', u'Durban Campus Full-time', u'A', u'40012185:DU PLESSIS;40000424:ORIE', 33.0]
check 'PSTD201_SEM2_2018' 'PSTD201'
adding  PSTD201
requesting:  http://10.0.100.98:8000/bbinfo/matching_courses/PSTD201%25
r= <Response [200]>
matching classes= set([u'PSTD201_SEM1_2018', u'PSTD201_SEM2_2018', u'PSTD201_SEM2_2017', u'PSTD201_SEM1_2017', u'PSTD201_13_THOC', u'PSTD201_ALL_2016'])
[u'', u'', u'', u'', u'', u'', u'', u'', u'', u'', u'', u'', u'']
check '' ''
[u'SWRK202_SEM1_2018', u'SWRK202_SEM1_2017', u'SWRK202', u'STUDIO WORK II', u'NDARC3', u'ND: ARCHITECTURAL TECHNOLOGY', u'21', u'SEMESTER 1', u'D1', u'Durban Campus Full-time', u'A', u'40012185:DU PLESSIS', 47.0]
check 'SWRK202_SEM1_2018' 'SWRK202'
processXLS: only for SEM2 [u'SWRK202_SEM1_2018', u'SWRK202_SEM1_2017', u'SWRK202', u'STUDIO WORK II', u'NDARC3', u'ND: ARCHITECTURAL TECHNOLOGY', u'21', u'SEMESTER 1', u'D1', u'Durban Campus Full-time', u'A', u'40012185:DU PLESSIS', 47.0]
[u'', u'', u'', u'', u'', u'', u'', u'', u'', u'', u'', u'', u'']
check '' ''
[u'SWRK202_SEM2_2018', u'SWRK202_SEM2_2017', u'SWRK202', u'STUDIO WORK II', u'NDARC3', u'ND: ARCHITECTURAL TECHNOLOGY', u'22', u'SEMESTER 2', u'D1', u'Durban Campus Full-time', u'A', u'40012185:DU PLESSIS', 34.0]
check 'SWRK202_SEM2_2018' 'SWRK202'
adding  SWRK202
requesting:  http://10.0.100.98:8000/bbinfo/matching_courses/SWRK202%25
r= <Response [200]>
matching classes= set([u'SWRK202_SEM2_2018', u'SWRK202_13_THOC', u'SWRK202_SEM1_2018', u'SWRK202_SEM1_2017', u'SWRK202_SEM2_2017', u'SWRK202_ALL_2016'])
[u'', u'', u'', u'', u'', u'', u'', u'', u'', u'', u'', u'', u'']
check '' ''
[u'THDN201_SEM1_2018', u'THDN201_SEM1_2017', u'THDN201', u'THEORY OF DESIGN II', u'NDARC3', u'ND: ARCHITECTURAL TECHNOLOGY', u'21', u'SEMESTER 1', u'D1', u'Durban Campus Full-time', u'A', u'40011749:Brunner;40012185:DU PLESSIS', 45.0]
check 'THDN201_SEM1_2018' 'THDN201'
processXLS: only for SEM2 [u'THDN201_SEM1_2018', u'THDN201_SEM1_2017', u'THDN201', u'THEORY OF DESIGN II', u'NDARC3', u'ND: ARCHITECTURAL TECHNOLOGY', u'21', u'SEMESTER 1', u'D1', u'Durban Campus Full-time', u'A', u'40011749:Brunner;40012185:DU PLESSIS', 45.0]
[u'', u'', u'', u'', u'', u'', u'', u'', u'', u'', u'', u'', u'']
check '' ''
[u'THDN201_SEM2_2018', u'THDN201_SEM2_2017', u'THDN201', u'THEORY OF DESIGN II', u'NDARC3', u'ND: ARCHITECTURAL TECHNOLOGY', u'22', u'SEMESTER 2', u'D1', u'Durban Campus Full-time', u'A', u'40011749:Brunner;40012185:DU PLESSIS', 40.0]
check 'THDN201_SEM2_2018' 'THDN201'
adding  THDN201
requesting:  http://10.0.100.98:8000/bbinfo/matching_courses/THDN201%25
r= <Response [200]>
matching classes= set([u'THDN201_SEM2_2018', u'THDN201_14_WHED', u'THDN201_ALL_2016', u'THDN201_15', u'THDN201_SEM1_2017', u'THDN201_13_GILW', u'THDN201_SEM1_2018', u'THDN201_SEM2_2017'])
[u'', u'', u'', u'', u'', u'', u'', u'', u'', u'', u'', u'', u'']
check '' ''
[u'BSER302_YEAR_2018', u'BSER302_YEAR_2017', u'BSER302', u'BUILDING SERVICES III', u'NDARC3', u'ND: ARCHITECTURAL TECHNOLOGY', u'11', u'YEAR', u'D1', u'Durban Campus Full-time', u'A', u'40000410:DA COSTA', 69.0]
check 'BSER302_YEAR_2018' 'BSER302'
processXLS: only for SEM2 [u'BSER302_YEAR_2018', u'BSER302_YEAR_2017', u'BSER302', u'BUILDING SERVICES III', u'NDARC3', u'ND: ARCHITECTURAL TECHNOLOGY', u'11', u'YEAR', u'D1', u'Durban Campus Full-time', u'A', u'40000410:DA COSTA', 69.0]
[u'', u'', u'', u'', u'', u'', u'', u'', u'', u'', u'', u'', u'']
check '' ''
[u'CADG311_SEM2_2018', u'CADG311_SEM2_2017', u'CADG311', u'COMPUTER AIDED DRAUGHTING III (PART A)', u'NDARC3', u'ND: ARCHITECTURAL TECHNOLOGY', u'22', u'SEMESTER 2', u'D1', u'Durban Campus Full-time', u'A', u'40012185:DU PLESSIS', 3.0]
check 'CADG311_SEM2_2018' 'CADG311'
adding  CADG311
requesting:  http://10.0.100.98:8000/bbinfo/matching_courses/CADG311%25
r= <Response [200]>
matching classes= set([u'CADG311_SEM2_2017', u'CADG311_SEM1_2017', u'CADG311_ALL_2016', u'CADG311_SEM2_2018', u'CADG311_13_THOC'])
[u'', u'', u'', u'', u'', u'', u'', u'', u'', u'', u'', u'', u'']
check '' ''
[u'CADG321_SEM1_2018', u'CADG321_SEM1_2017', u'CADG321', u'COMPUTER AIDED DRAUGHTING III (PART B)', u'NDARC3', u'ND: ARCHITECTURAL TECHNOLOGY', u'21', u'SEMESTER 1', u'D1', u'Durban Campus Full-time', u'A', u'40012185:DU PLESSIS', 47.0]
check 'CADG321_SEM1_2018' 'CADG321'
processXLS: only for SEM2 [u'CADG321_SEM1_2018', u'CADG321_SEM1_2017', u'CADG321', u'COMPUTER AIDED DRAUGHTING III (PART B)', u'NDARC3', u'ND: ARCHITECTURAL TECHNOLOGY', u'21', u'SEMESTER 1', u'D1', u'Durban Campus Full-time', u'A', u'40012185:DU PLESSIS', 47.0]
[u'', u'', u'', u'', u'', u'', u'', u'', u'', u'', u'', u'', u'']
check '' ''
[u'CADG321_SEM2_2018', u'CADG321_SEM2_2017', u'CADG321', u'COMPUTER AIDED DRAUGHTING III (PART B)', u'NDARC3', u'ND: ARCHITECTURAL TECHNOLOGY', u'22', u'SEMESTER 2', u'D1', u'Durban Campus Full-time', u'A', u'40012185:DU PLESSIS', 34.0]
check 'CADG321_SEM2_2018' 'CADG321'
adding  CADG321
requesting:  http://10.0.100.98:8000/bbinfo/matching_courses/CADG321%25
r= <Response [200]>
matching classes= set([u'CADG321_ALL_2016', u'CADG321_13_THOC', u'CADG321_SEM1_2018', u'CADG321_15_BELM', u'CADG321_SEM2_2018', u'CADG321_SEM2_2017', u'CADG321_SEM1_2017'])
[u'', u'', u'', u'', u'', u'', u'', u'', u'', u'', u'', u'', u'']
check '' ''
[u'CDET302_YEAR_2018', u'CDET302_YEAR_2017', u'CDET302', u'CONSTRUCTION AND DETAILING III', u'NDARC3', u'ND: ARCHITECTURAL TECHNOLOGY', u'11', u'YEAR', u'D1', u'Durban Campus Full-time', u'A', u'40000410:DA COSTA', 66.0]
check 'CDET302_YEAR_2018' 'CDET302'
processXLS: only for SEM2 [u'CDET302_YEAR_2018', u'CDET302_YEAR_2017', u'CDET302', u'CONSTRUCTION AND DETAILING III', u'NDARC3', u'ND: ARCHITECTURAL TECHNOLOGY', u'11', u'YEAR', u'D1', u'Durban Campus Full-time', u'A', u'40000410:DA COSTA', 66.0]
[u'', u'', u'', u'', u'', u'', u'', u'', u'', u'', u'', u'', u'']
check '' ''
[u'HAAR301_YEAR_2018', u'HAAR301_YEAR_2017', u'HAAR301', u'HISTORY AND APPRECIATION OF ARCHITECTURE III', u'NDARC3', u'ND: ARCHITECTURAL TECHNOLOGY', u'11', u'YEAR', u'D1', u'Durban Campus Full-time', u'A', u'40012185:DU PLESSIS', 67.0]
check 'HAAR301_YEAR_2018' 'HAAR301'
processXLS: only for SEM2 [u'HAAR301_YEAR_2018', u'HAAR301_YEAR_2017', u'HAAR301', u'HISTORY AND APPRECIATION OF ARCHITECTURE III', u'NDARC3', u'ND: ARCHITECTURAL TECHNOLOGY', u'11', u'YEAR', u'D1', u'Durban Campus Full-time', u'A', u'40012185:DU PLESSIS', 67.0]
[u'', u'', u'', u'', u'', u'', u'', u'', u'', u'', u'', u'', u'']
check '' ''
[u'OPRA301_YEAR_2018', u'OPRA301_YEAR_2017', u'OPRA301', u'OFFICE PRACTICE III', u'NDARC3', u'ND: ARCHITECTURAL TECHNOLOGY', u'11', u'YEAR', u'D1', u'Durban Campus Full-time', u'A', u'40012185:DU PLESSIS', 58.0]
check 'OPRA301_YEAR_2018' 'OPRA301'
processXLS: only for SEM2 [u'OPRA301_YEAR_2018', u'OPRA301_YEAR_2017', u'OPRA301', u'OFFICE PRACTICE III', u'NDARC3', u'ND: ARCHITECTURAL TECHNOLOGY', u'11', u'YEAR', u'D1', u'Durban Campus Full-time', u'A', u'40012185:DU PLESSIS', 58.0]
[u'', u'', u'', u'', u'', u'', u'', u'', u'', u'', u'', u'', u'']
check '' ''
[u'PADE301_YEAR_2018', u'PADE301_YEAR_2017', u'PADE301', u'PRINCIPLES OF ARCHITECTURAL DESIGN III', u'NDARC3', u'ND: ARCHITECTURAL TECHNOLOGY', u'11', u'YEAR', u'D1', u'Durban Campus Full-time', u'A', u'40006085:Moahloli', 72.0]
check 'PADE301_YEAR_2018' 'PADE301'
processXLS: only for SEM2 [u'PADE301_YEAR_2018', u'PADE301_YEAR_2017', u'PADE301', u'PRINCIPLES OF ARCHITECTURAL DESIGN III', u'NDARC3', u'ND: ARCHITECTURAL TECHNOLOGY', u'11', u'YEAR', u'D1', u'Durban Campus Full-time', u'A', u'40006085:Moahloli', 72.0]
[u'', u'', u'', u'', u'', u'', u'', u'', u'', u'', u'', u'', u'']
check '' ''
[u'SVLD301_YEAR_2018', u'SVLD301_YEAR_2017', u'SVLD301', u'SURVEY AND LANDSCAPING III', u'NDARC3', u'ND: ARCHITECTURAL TECHNOLOGY', u'11', u'YEAR', u'D1', u'Durban Campus Full-time', u'A', u'40012185:DU PLESSIS', 63.0]
check 'SVLD301_YEAR_2018' 'SVLD301'
processXLS: only for SEM2 [u'SVLD301_YEAR_2018', u'SVLD301_YEAR_2017', u'SVLD301', u'SURVEY AND LANDSCAPING III', u'NDARC3', u'ND: ARCHITECTURAL TECHNOLOGY', u'11', u'YEAR', u'D1', u'Durban Campus Full-time', u'A', u'40012185:DU PLESSIS', 63.0]
[u'', u'', u'', u'', u'', u'', u'', u'', u'', u'', u'', u'', u'']
check '' ''
[u'SWRK302_YEAR_2018', u'SWRK302_YEAR_2017', u'SWRK302', u'STUDIO WORK III', u'NDARC3', u'ND: ARCHITECTURAL TECHNOLOGY', u'11', u'YEAR', u'D1', u'Durban Campus Full-time', u'A', u'40012185:DU PLESSIS', 72.0]
check 'SWRK302_YEAR_2018' 'SWRK302'
processXLS: only for SEM2 [u'SWRK302_YEAR_2018', u'SWRK302_YEAR_2017', u'SWRK302', u'STUDIO WORK III', u'NDARC3', u'ND: ARCHITECTURAL TECHNOLOGY', u'11', u'YEAR', u'D1', u'Durban Campus Full-time', u'A', u'40012185:DU PLESSIS', 72.0]
[u'', u'', u'', u'', u'', u'', u'', u'', u'', u'', u'', u'', u'']
check '' ''
[u'THDN301_YEAR_2018', u'THDN301_YEAR_2017', u'THDN301', u'THEORY OF DESIGN III', u'NDARC3', u'ND: ARCHITECTURAL TECHNOLOGY', u'11', u'YEAR', u'D1', u'Durban Campus Full-time', u'A', u'40012185:DU PLESSIS', 64.0]
check 'THDN301_YEAR_2018' 'THDN301'
processXLS: only for SEM2 [u'THDN301_YEAR_2018', u'THDN301_YEAR_2017', u'THDN301', u'THEORY OF DESIGN III', u'NDARC3', u'ND: ARCHITECTURAL TECHNOLOGY', u'11', u'YEAR', u'D1', u'Durban Campus Full-time', u'A', u'40012185:DU PLESSIS', 64.0]
[u'', u'', u'', u'', u'', u'', u'', u'', u'', u'', u'', u'', u'']
check '' ''
[u'ADES401_YEAR_2018', u'ADES401_YEAR_2017', u'ADES401', u'APPLIED DESIGN IV', u'BTARC1', u'BT: ARCHITECTURAL TECHNOLOGY', u'11', u'YEAR', u'D1', u'Durban Campus Full-time', u'A', u'40012185:DU PLESSIS', 31.0]
check 'ADES401_YEAR_2018' 'ADES401'
processXLS: only for SEM2 [u'ADES401_YEAR_2018', u'ADES401_YEAR_2017', u'ADES401', u'APPLIED DESIGN IV', u'BTARC1', u'BT: ARCHITECTURAL TECHNOLOGY', u'11', u'YEAR', u'D1', u'Durban Campus Full-time', u'A', u'40012185:DU PLESSIS', 31.0]
[u'ADES401_YEAR_2018', u'ADES401_YEAR_2017', u'ADES401', u'APPLIED DESIGN IV', u'BTARC1', u'BT: ARCHITECTURAL TECHNOLOGY', u'11', u'YEAR', u'D3', u'Durban Campus Part-time', u'A', u'40012185:DU PLESSIS', 38.0]
check 'ADES401_YEAR_2018' 'ADES401'
processXLS: only for SEM2 [u'ADES401_YEAR_2018', u'ADES401_YEAR_2017', u'ADES401', u'APPLIED DESIGN IV', u'BTARC1', u'BT: ARCHITECTURAL TECHNOLOGY', u'11', u'YEAR', u'D3', u'Durban Campus Part-time', u'A', u'40012185:DU PLESSIS', 38.0]
[u'', u'', u'', u'', u'', u'', u'', u'', u'', u'', u'', u'', u'']
check '' ''
[u'HOUS402_YEAR_2018', u'HOUS402_YEAR_2017', u'HOUS402', u'HOUSING IV', u'BTARC1', u'BT: ARCHITECTURAL TECHNOLOGY', u'11', u'YEAR', u'D1', u'Durban Campus Full-time', u'A', u'40012185:DU PLESSIS', 30.0]
check 'HOUS402_YEAR_2018' 'HOUS402'
processXLS: only for SEM2 [u'HOUS402_YEAR_2018', u'HOUS402_YEAR_2017', u'HOUS402', u'HOUSING IV', u'BTARC1', u'BT: ARCHITECTURAL TECHNOLOGY', u'11', u'YEAR', u'D1', u'Durban Campus Full-time', u'A', u'40012185:DU PLESSIS', 30.0]
[u'HOUS402_YEAR_2018', u'HOUS402_YEAR_2017', u'HOUS402', u'HOUSING IV', u'BTARC1', u'BT: ARCHITECTURAL TECHNOLOGY', u'11', u'YEAR', u'D3', u'Durban Campus Part-time', u'A', u'40012185:DU PLESSIS', 25.0]
check 'HOUS402_YEAR_2018' 'HOUS402'
processXLS: only for SEM2 [u'HOUS402_YEAR_2018', u'HOUS402_YEAR_2017', u'HOUS402', u'HOUSING IV', u'BTARC1', u'BT: ARCHITECTURAL TECHNOLOGY', u'11', u'YEAR', u'D3', u'Durban Campus Part-time', u'A', u'40012185:DU PLESSIS', 25.0]
[u'', u'', u'', u'', u'', u'', u'', u'', u'', u'', u'', u'', u'']
check '' ''
[u'OPRA401_YEAR_2018', u'OPRA401_YEAR_2017', u'OPRA401', u'OFFICE PRACTICE IV', u'BTARC1', u'BT: ARCHITECTURAL TECHNOLOGY', u'11', u'YEAR', u'D1', u'Durban Campus Full-time', u'A', u'40012185:DU PLESSIS', 29.0]
check 'OPRA401_YEAR_2018' 'OPRA401'
processXLS: only for SEM2 [u'OPRA401_YEAR_2018', u'OPRA401_YEAR_2017', u'OPRA401', u'OFFICE PRACTICE IV', u'BTARC1', u'BT: ARCHITECTURAL TECHNOLOGY', u'11', u'YEAR', u'D1', u'Durban Campus Full-time', u'A', u'40012185:DU PLESSIS', 29.0]
[u'OPRA401_YEAR_2018', u'OPRA401_YEAR_2017', u'OPRA401', u'OFFICE PRACTICE IV', u'BTARC1', u'BT: ARCHITECTURAL TECHNOLOGY', u'11', u'YEAR', u'D3', u'Durban Campus Part-time', u'A', u'40012185:DU PLESSIS', 24.0]
check 'OPRA401_YEAR_2018' 'OPRA401'
processXLS: only for SEM2 [u'OPRA401_YEAR_2018', u'OPRA401_YEAR_2017', u'OPRA401', u'OFFICE PRACTICE IV', u'BTARC1', u'BT: ARCHITECTURAL TECHNOLOGY', u'11', u'YEAR', u'D3', u'Durban Campus Part-time', u'A', u'40012185:DU PLESSIS', 24.0]
[u'', u'', u'', u'', u'', u'', u'', u'', u'', u'', u'', u'', u'']
check '' ''
[u'PUDN401_YEAR_2018', u'PUDN401_YEAR_2017', u'PUDN401', u'PRINCIPLES OF URBAN DESIGN IV', u'BTARC1', u'BT: ARCHITECTURAL TECHNOLOGY', u'11', u'YEAR', u'D1', u'Durban Campus Full-time', u'A', u'40012185:DU PLESSIS', 31.0]
check 'PUDN401_YEAR_2018' 'PUDN401'
processXLS: only for SEM2 [u'PUDN401_YEAR_2018', u'PUDN401_YEAR_2017', u'PUDN401', u'PRINCIPLES OF URBAN DESIGN IV', u'BTARC1', u'BT: ARCHITECTURAL TECHNOLOGY', u'11', u'YEAR', u'D1', u'Durban Campus Full-time', u'A', u'40012185:DU PLESSIS', 31.0]
[u'PUDN401_YEAR_2018', u'PUDN401_YEAR_2017', u'PUDN401', u'PRINCIPLES OF URBAN DESIGN IV', u'BTARC1', u'BT: ARCHITECTURAL TECHNOLOGY', u'11', u'YEAR', u'D3', u'Durban Campus Part-time', u'A', u'40012185:DU PLESSIS', 29.0]
check 'PUDN401_YEAR_2018' 'PUDN401'
processXLS: only for SEM2 [u'PUDN401_YEAR_2018', u'PUDN401_YEAR_2017', u'PUDN401', u'PRINCIPLES OF URBAN DESIGN IV', u'BTARC1', u'BT: ARCHITECTURAL TECHNOLOGY', u'11', u'YEAR', u'D3', u'Durban Campus Part-time', u'A', u'40012185:DU PLESSIS', 29.0]
[u'', u'', u'', u'', u'', u'', u'', u'', u'', u'', u'', u'', u'']
check '' ''
[u'STRU401_YEAR_2018', u'STRU401_YEAR_2017', u'STRU401', u'STRUCTURES IV', u'BTARC1', u'BT: ARCHITECTURAL TECHNOLOGY', u'11', u'YEAR', u'D1', u'Durban Campus Full-time', u'A', u'40012185:DU PLESSIS', 30.0]
check 'STRU401_YEAR_2018' 'STRU401'
processXLS: only for SEM2 [u'STRU401_YEAR_2018', u'STRU401_YEAR_2017', u'STRU401', u'STRUCTURES IV', u'BTARC1', u'BT: ARCHITECTURAL TECHNOLOGY', u'11', u'YEAR', u'D1', u'Durban Campus Full-time', u'A', u'40012185:DU PLESSIS', 30.0]
[u'STRU401_YEAR_2018', u'STRU401_YEAR_2017', u'STRU401', u'STRUCTURES IV', u'BTARC1', u'BT: ARCHITECTURAL TECHNOLOGY', u'11', u'YEAR', u'D3', u'Durban Campus Part-time', u'A', u'40012185:DU PLESSIS', 34.0]
check 'STRU401_YEAR_2018' 'STRU401'
processXLS: only for SEM2 [u'STRU401_YEAR_2018', u'STRU401_YEAR_2017', u'STRU401', u'STRUCTURES IV', u'BTARC1', u'BT: ARCHITECTURAL TECHNOLOGY', u'11', u'YEAR', u'D3', u'Durban Campus Part-time', u'A', u'40012185:DU PLESSIS', 34.0]
[u'', u'', u'', u'', u'', u'', u'', u'', u'', u'', u'', u'', u'']
check '' ''
[u'THDN401_YEAR_2018', u'THDN401_YEAR_2017', u'THDN401', u'THEORY OF DESIGN IV', u'BTARC1', u'BT: ARCHITECTURAL TECHNOLOGY', u'11', u'YEAR', u'D1', u'Durban Campus Full-time', u'A', u'40012185:DU PLESSIS', 31.0]
check 'THDN401_YEAR_2018' 'THDN401'
processXLS: only for SEM2 [u'THDN401_YEAR_2018', u'THDN401_YEAR_2017', u'THDN401', u'THEORY OF DESIGN IV', u'BTARC1', u'BT: ARCHITECTURAL TECHNOLOGY', u'11', u'YEAR', u'D1', u'Durban Campus Full-time', u'A', u'40012185:DU PLESSIS', 31.0]
[u'THDN401_YEAR_2018', u'THDN401_YEAR_2017', u'THDN401', u'THEORY OF DESIGN IV', u'BTARC1', u'BT: ARCHITECTURAL TECHNOLOGY', u'11', u'YEAR', u'D3', u'Durban Campus Part-time', u'A', u'40012185:DU PLESSIS', 27.0]
check 'THDN401_YEAR_2018' 'THDN401'
processXLS: only for SEM2 [u'THDN401_YEAR_2018', u'THDN401_YEAR_2017', u'THDN401', u'THEORY OF DESIGN IV', u'BTARC1', u'BT: ARCHITECTURAL TECHNOLOGY', u'11', u'YEAR', u'D3', u'Durban Campus Part-time', u'A', u'40012185:DU PLESSIS', 27.0]
[u'...', u'', u'', u'', u'', u'', u'', u'', u'', u'', u'', u'', u'']
check '...' ''
[u'New subjects for 2018', u'', u'', u'', u'', u'', u'', u'', u'', u'', u'', u'', u'']
check 'New subjects for 2018' ''
[u'PSCA102_SEM1_2018', u'template_2018', u'PSCA102', u'PHYSICS IA', u'BBARC1', u'BACHELOR OF BE IN ARCHITECTURE', u'21', u'SEM1', u'D1', u'OTNAME', u'A', u'40012185:DU PLESSIS;', u'']
check 'PSCA102_SEM1_2018' 'PSCA102'
processXLS: only for SEM2 [u'PSCA102_SEM1_2018', u'template_2018', u'PSCA102', u'PHYSICS IA', u'BBARC1', u'BACHELOR OF BE IN ARCHITECTURE', u'21', u'SEM1', u'D1', u'OTNAME', u'A', u'40012185:DU PLESSIS;', u'']
[u'PSCB102_SEM2_2018', u'template_2018', u'PSCB102', u'PHYSICS IB (MECHANICS)', u'BBARC1', u'BACHELOR OF BE IN ARCHITECTURE', u'22', u'SEM2', u'D1', u'OTNAME', u'A', u'40012185:DU PLESSIS;', u'']
check 'PSCB102_SEM2_2018' 'PSCB102'
adding  PSCB102
requesting:  http://10.0.100.98:8000/bbinfo/matching_courses/PSCB102%25
r= <Response [200]>
matching classes= set([u'PSCB102_SEM2_2018'])
[u'ADNA101_SEM1_2018', u'template_2018', u'ADNA101', u'ARCHITECTURAL DESIGN IA', u'BBARC1', u'BACHELOR OF BE IN ARCHITECTURE', u'21', u'SEM1', u'D1', u'OTNAME', u'A', u'40012185:DU PLESSIS;40000424:ORIE', u'']
check 'ADNA101_SEM1_2018' 'ADNA101'
processXLS: only for SEM2 [u'ADNA101_SEM1_2018', u'template_2018', u'ADNA101', u'ARCHITECTURAL DESIGN IA', u'BBARC1', u'BACHELOR OF BE IN ARCHITECTURE', u'21', u'SEM1', u'D1', u'OTNAME', u'A', u'40012185:DU PLESSIS;40000424:ORIE', u'']
[u'CNTA102_SEM1_2018', u'template_2018', u'CNTA102', u'CONSTRUCTION TECHNOLOGY IA', u'BBARC1', u'BACHELOR OF BE IN ARCHITECTURE', u'21', u'SEM1', u'D1', u'OTNAME', u'A', u'40013351:VAN SOELEN', u'']
check 'CNTA102_SEM1_2018' 'CNTA102'
processXLS: only for SEM2 [u'CNTA102_SEM1_2018', u'template_2018', u'CNTA102', u'CONSTRUCTION TECHNOLOGY IA', u'BBARC1', u'BACHELOR OF BE IN ARCHITECTURE', u'21', u'SEM1', u'D1', u'OTNAME', u'A', u'40013351:VAN SOELEN', u'']
[u'STLH101_SEM1_2018', u'template_2018', u'STLH101', u'SETTLEMENT HISTORY I', u'BBARC1', u'BACHELOR OF BE IN ARCHITECTURE', u'21', u'SEM1', u'D1', u'OTNAME', u'A', u'40013946:MATANGANA', u'']
check 'STLH101_SEM1_2018' 'STLH101'
processXLS: only for SEM2 [u'STLH101_SEM1_2018', u'template_2018', u'STLH101', u'SETTLEMENT HISTORY I', u'BBARC1', u'BACHELOR OF BE IN ARCHITECTURE', u'21', u'SEM1', u'D1', u'OTNAME', u'A', u'40013946:MATANGANA', u'']
[u'ADNB101_SEM2_2018', u'template_2018', u'ADNB101', u'ARCHITECTURAL DESIGN IB', u'BBARC1', u'BACHELOR OF BE IN ARCHITECTURE', u'22', u'SEM2', u'D1', u'OTNAME', u'A', u'40013351:VAN SOELEN', u'']
check 'ADNB101_SEM2_2018' 'ADNB101'
adding  ADNB101
requesting:  http://10.0.100.98:8000/bbinfo/matching_courses/ADNB101%25
r= <Response [200]>
matching classes= set([u'ADNB101_SEM2_2018'])
[u'ACLA101_SEM1_2018', u'template_2018', u'ACLA101', u'ACADEMIC LITERACY IA', u'BBARC1', u'BACHELOR OF BE IN ARCHITECTURE', u'21', u'SEM1', u'D1', u'OTNAME', u'A', u'40013351:VAN SOELEN', u'']
check 'ACLA101_SEM1_2018' 'ACLA101'
processXLS: only for SEM2 [u'ACLA101_SEM1_2018', u'template_2018', u'ACLA101', u'ACADEMIC LITERACY IA', u'BBARC1', u'BACHELOR OF BE IN ARCHITECTURE', u'21', u'SEM1', u'D1', u'OTNAME', u'A', u'40013351:VAN SOELEN', u'']
[u'ACLB101_SEM2_2018', u'template_2018', u'ACLB101', u'ACADEMIC LITERACY IB', u'BBARC1', u'BACHELOR OF BE IN ARCHITECTURE', u'22', u'SEM2', u'D1', u'OTNAME', u'A', u'40012185:DU PLESSIS;', u'']
check 'ACLB101_SEM2_2018' 'ACLB101'
adding  ACLB101
requesting:  http://10.0.100.98:8000/bbinfo/matching_courses/ACLB101%25
r= <Response [200]>
matching classes= set([u'ACLB101_SEM2_2018'])
[u'CNTB102_SEM2_2018', u'template_2018', u'CNTB102', u'CONSTRUCTION TECHNOLOGY IB', u'BBARC1', u'BACHELOR OF BE IN ARCHITECTURE', u'22', u'SEM2', u'D1', u'OTNAME', u'A', u'40012185:DU PLESSIS;40000424:ORIE', u'']
check 'CNTB102_SEM2_2018' 'CNTB102'
adding  CNTB102
requesting:  http://10.0.100.98:8000/bbinfo/matching_courses/CNTB102%25
r= <Response [200]>
matching classes= set([u'CNTB102_SEM2_2018'])
[u'HTDS101_SEM2_2018', u'template_2018', u'HTDS101', u'HISTORY AND THEORY OF DESIGN I', u'BBARC1', u'BACHELOR OF BE IN ARCHITECTURE', u'22', u'SEM2', u'D1', u'OTNAME', u'A', u'40013946:MATANGANA', u'']
check 'HTDS101_SEM2_2018' 'HTDS101'
adding  HTDS101
requesting:  http://10.0.100.98:8000/bbinfo/matching_courses/HTDS101%25
r= <Response [200]>
matching classes= set([u'HTDS101_SEM2_2018'])
[u'MTBE101_SEM2_2018', u'template_2018', u'MTBE101', u'MATHEMATICS FOR THE BUILT ENVIRONMENT', u'BBARC1', u'BACHELOR OF BE IN ARCHITECTURE', u'22', u'SEM2', u'D1', u'OTNAME', u'A', u'40012185:DU PLESSIS;', u'']
check 'MTBE101_SEM2_2018' 'MTBE101'
adding  MTBE101
requesting:  http://10.0.100.98:8000/bbinfo/matching_courses/MTBE101%25
r= <Response [200]>
matching classes= set([u'MTBE101_SEM1_2018', u'MTBE101_SEM2_2018'])
processXLS: finished processing workingSheets/data/BBC3510ArchitectTechnology2017.xls
getWS: requesting:  http://10.0.100.98:8000/itsenrol/classlist/2018/22/HAAR201 rsp= <Response [200]>
getWS: requesting:  http://10.0.100.98:8000/bbinfo/classlist/HAAR201 rsp= <Response [200]>
getNewStudentsInSubject: ITS 23, BB 67 -> 18 new enrollments
getWS: requesting:  http://10.0.100.98:8000/itsenrol/classlist/2018/22/CDET202 rsp= <Response [200]>
getWS: requesting:  http://10.0.100.98:8000/bbinfo/classlist/CDET202 rsp= <Response [200]>
getNewStudentsInSubject: ITS 21, BB 143 -> 16 new enrollments
getWS: requesting:  http://10.0.100.98:8000/itsenrol/classlist/2018/22/PSTD201 rsp= <Response [200]>
getWS: requesting:  http://10.0.100.98:8000/bbinfo/classlist/PSTD201 rsp= <Response [200]>
getNewStudentsInSubject: ITS 19, BB 136 -> 16 new enrollments
getWS: requesting:  http://10.0.100.98:8000/itsenrol/classlist/2018/22/THDN201 rsp= <Response [200]>
getWS: requesting:  http://10.0.100.98:8000/bbinfo/classlist/THDN201 rsp= <Response [200]>
getNewStudentsInSubject: ITS 22, BB 63 -> 17 new enrollments
getWS: requesting:  http://10.0.100.98:8000/itsenrol/classlist/2018/22/CNTB102 rsp= <Response [200]>
getWS: requesting:  http://10.0.100.98:8000/bbinfo/classlist/CNTB102 rsp= <Response [200]>
getNewStudentsInSubject: ITS 54, BB 2 -> 54 new enrollments
getWS: requesting:  http://10.0.100.98:8000/itsenrol/classlist/2018/22/PSCB102 rsp= <Response [200]>
getWS: requesting:  http://10.0.100.98:8000/bbinfo/classlist/PSCB102 rsp= <Response [200]>
getNewStudentsInSubject: ITS 0, BB 1 -> 0 new enrollments
getWS: requesting:  http://10.0.100.98:8000/itsenrol/classlist/2018/22/ADNB101 rsp= <Response [200]>
getWS: requesting:  http://10.0.100.98:8000/bbinfo/classlist/ADNB101 rsp= <Response [200]>
getNewStudentsInSubject: ITS 54, BB 1 -> 54 new enrollments
getWS: requesting:  http://10.0.100.98:8000/itsenrol/classlist/2018/22/CADG321 rsp= <Response [200]>
getWS: requesting:  http://10.0.100.98:8000/bbinfo/classlist/CADG321 rsp= <Response [200]>
getNewStudentsInSubject: ITS 20, BB 141 -> 16 new enrollments
getWS: requesting:  http://10.0.100.98:8000/itsenrol/classlist/2018/22/MTBE101 rsp= <Response [200]>
getWS: requesting:  http://10.0.100.98:8000/bbinfo/classlist/MTBE101 rsp= <Response [200]>
getNewStudentsInSubject: ITS 58, BB 59 -> 58 new enrollments
getWS: requesting:  http://10.0.100.98:8000/itsenrol/classlist/2018/22/HTDS101 rsp= <Response [200]>
getWS: requesting:  http://10.0.100.98:8000/bbinfo/classlist/HTDS101 rsp= <Response [200]>
getNewStudentsInSubject: ITS 58, BB 1 -> 58 new enrollments
getWS: requesting:  http://10.0.100.98:8000/itsenrol/classlist/2018/22/SWRK202 rsp= <Response [200]>
getWS: requesting:  http://10.0.100.98:8000/bbinfo/classlist/SWRK202 rsp= <Response [200]>
getNewStudentsInSubject: ITS 23, BB 140 -> 16 new enrollments
getWS: requesting:  http://10.0.100.98:8000/itsenrol/classlist/2018/22/CADG311 rsp= <Response [200]>
getWS: requesting:  http://10.0.100.98:8000/bbinfo/classlist/CADG311 rsp= <Response [200]>
getNewStudentsInSubject: ITS 0, BB 1 -> 0 new enrollments
getWS: requesting:  http://10.0.100.98:8000/itsenrol/classlist/2018/22/ACLB101 rsp= <Response [200]>
getWS: requesting:  http://10.0.100.98:8000/bbinfo/classlist/ACLB101 rsp= <Response [200]>
getNewStudentsInSubject: ITS 55, BB 1 -> 55 new enrollments
main: Writing students...
main: Writing enrollments...
main: Finished processing workingSheets/data/BBC3510ArchitectTechnology2017.xls
main: 13 subjects processed
main: 13 subject -> classroom maps
main: 76 students
main: 378 student enrollments 0 errors
0.30user 0.10system 0:02.76elapsed 14%CPU (0avgtext+0avgdata 58400maxresident)k
80inputs+64outputs (1major+7139minor)pagefaults 0swaps
POSTING SNAPSHOTS to SIS endpoint
TEST RUN, NOT POSTING BBSTUDENTS
TEST RUN, NOT POSTIN BBENROL
copy snapshot files to saved output
=== department done ===
syncing logs...
Pushing logs from logs/20180723111852 to remote...
sending incremental file list
./
BBC3510ArchitectTechnology2017.BBENROL.txt
BBC3510ArchitectTechnology2017.BBSTUDENTS.txt
BBC3510ArchitectTechnology2017.Enrolomat.txt
BBC3510ArchitectTechnology2017.Postlog.txt

sent 73664 bytes  received 91 bytes  13410.00 bytes/sec
total size is 8089777  speedup is 109.68
logging to logs/20180723111852
=== generate newenrollments for BBC3601CommunityHealthStudies2017. ===
GENERATE SNAPSHOTS...
./BBCIncrementalEnrollerX2.py : generating enrolment files for subjects in  workingSheets/data/BBC3601CommunityHealthStudies2017.xls
processXLS: start spreadsheet workingSheets/data/BBC3601CommunityHealthStudies2017.xls
[u'2018 Blackboard Classrooms for Department: 3601 - COMMUNITY HEALTH STUDIES', u'', u'', u'', u'', u'', u'', u'', u'', u'', u'', u'', u'']
check '2018 Blackboard Classrooms for Department: 3601 - COMMUNITY HEALTH STUDIES' ''
[u'', u'', u'', u'', u'', u'', u'', u'', u'', u'', u'', u'', u'']
check '' ''
[u'BB Classroom', u'Migrate Classroom', u'ITS Subject', u'', u'ITS Qualification', u'', u'Block', u'', u'Off Type', u'', u'Grp', u'Lecturer(s)', u'2016 Enrol']
check 'BB Classroom' 'ITS Subject'
[u'BCHM101_SEM2_2018', u'BCHM101_SEM2_2017', u'BCHM101', u'BIOCHEMISTRY I', u'BHEVH1', u'BH:  ENVIRONMENTAL HEALTH', u'22', u'SEMESTER 2', u'D1', u'Durban Campus Full-time', u'A', u'50002493:REDDY', 26.0]
check 'BCHM101_SEM2_2018' 'BCHM101'
adding  BCHM101
requesting:  http://10.0.100.98:8000/bbinfo/matching_courses/BCHM101%25
r= <Response [200]>
matching classes= set([u'BCHM101_SEM2_2018', u'BCHM101_SEM2_2017', u'BCHM101_YEAR_2016'])
[u'', u'', u'', u'', u'', u'', u'', u'', u'', u'', u'', u'', u'']
check '' ''
[u'BHVM101_SEM2_2018', u'BHVM101_SEM2_2017', u'BHVM101', u'BEHAVIOUR MANAGEMENT I', u'BCCYC1', u'BC:  CHILD AND YOUTH CARE', u'22', u'SEMESTER 2', u'D1', u'Durban Campus Full-time', u'A', u'50002529-WINFIELD ', 4.0]
check 'BHVM101_SEM2_2018' 'BHVM101'
adding  BHVM101
requesting:  http://10.0.100.98:8000/bbinfo/matching_courses/BHVM101%25
r= <Response [200]>
matching classes= set([u'BHVM101_SEM2_2016', u'BHVM101_SEM2_2017', u'BHVM101_SEM2_2018'])
[u'BHVM101_SEM2_2018', u'BHVM101_SEM2_2017', u'BHVM101', u'BEHAVIOUR MANAGEMENT I', u'BCCYC2', u'BC:  CHILD AND YOUTH CARE', u'22', u'SEMESTER 2', u'D1', u'Durban Campus Full-time', u'A', u'50002529-WINFIELD ', 37.0]
check 'BHVM101_SEM2_2018' 'BHVM101'
adding  BHVM101
requesting:  http://10.0.100.98:8000/bbinfo/matching_courses/BHVM101%25
r= <Response [200]>
matching classes= set([u'BHVM101_SEM2_2016', u'BHVM101_SEM2_2017', u'BHVM101_SEM2_2018'])
[u'', u'', u'', u'', u'', u'', u'', u'', u'', u'', u'', u'', u'']
check '' ''
[u'CCWA101_SEM1_2018', u'CCWA101_SEM1_2017', u'CCWA101', u'CHILD AND YOUTH CARE WORK IA', u'BCCYC1', u'BC:  CHILD AND YOUTH CARE', u'21', u'SEMESTER 1', u'D1', u'Durban Campus Full-time', u'A', u'40004052:HLENGWA', 6.0]
check 'CCWA101_SEM1_2018' 'CCWA101'
processXLS: only for SEM2 [u'CCWA101_SEM1_2018', u'CCWA101_SEM1_2017', u'CCWA101', u'CHILD AND YOUTH CARE WORK IA', u'BCCYC1', u'BC:  CHILD AND YOUTH CARE', u'21', u'SEMESTER 1', u'D1', u'Durban Campus Full-time', u'A', u'40004052:HLENGWA', 6.0]
[u'CCWA101_SEM1_2018', u'CCWA101_SEM1_2017', u'CCWA101', u'CHILD AND YOUTH CARE WORK IA', u'BCCYC2', u'BC:  CHILD AND YOUTH CARE', u'21', u'SEMESTER 1', u'D1', u'Durban Campus Full-time', u'A', u'40004052:HLENGWA', 39.0]
check 'CCWA101_SEM1_2018' 'CCWA101'
processXLS: only for SEM2 [u'CCWA101_SEM1_2018', u'CCWA101_SEM1_2017', u'CCWA101', u'CHILD AND YOUTH CARE WORK IA', u'BCCYC2', u'BC:  CHILD AND YOUTH CARE', u'21', u'SEMESTER 1', u'D1', u'Durban Campus Full-time', u'A', u'40004052:HLENGWA', 39.0]
[u'', u'', u'', u'', u'', u'', u'', u'', u'', u'', u'', u'', u'']
check '' ''
[u'CCWB101_SEM2_2018', u'CCWB101_SEM2_2017', u'CCWB101', u'CHILD AND YOUTH CARE WORK IB', u'BCCYC1', u'BC:  CHILD AND YOUTH CARE', u'22', u'SEMESTER 2', u'D1', u'Durban Campus Full-time', u'A', u'40004052:HLENGWA', 1.0]
check 'CCWB101_SEM2_2018' 'CCWB101'
adding  CCWB101
requesting:  http://10.0.100.98:8000/bbinfo/matching_courses/CCWB101%25
r= <Response [200]>
matching classes= set([u'CCWB101_SEM2_2016', u'CCWB101_SEM2_2017', u'CCWB101_SEM2_2018'])
[u'CCWB101_SEM2_2018', u'CCWB101_SEM2_2017', u'CCWB101', u'CHILD AND YOUTH CARE WORK IB', u'BCCYC2', u'BC:  CHILD AND YOUTH CARE', u'22', u'SEMESTER 2', u'D1', u'Durban Campus Full-time', u'A', u'40004052:HLENGWA', 37.0]
check 'CCWB101_SEM2_2018' 'CCWB101'
adding  CCWB101
requesting:  http://10.0.100.98:8000/bbinfo/matching_courses/CCWB101%25
r= <Response [200]>
matching classes= set([u'CCWB101_SEM2_2016', u'CCWB101_SEM2_2017', u'CCWB101_SEM2_2018'])
[u'', u'', u'', u'', u'', u'', u'', u'', u'', u'', u'', u'', u'']
check '' ''
[u'CCYC101_SEM1_2018', u'CCYC101_SEM1_2017', u'CCYC101', u'COMM FOR CHILD AND YOUTH CARE WORKERS', u'BCCYC2', u'BC:  CHILD AND YOUTH CARE', u'21', u'SEMESTER 1', u'D1', u'Durban Campus Full-time', u'A', u'40009866:SILUMA', 39.0]
check 'CCYC101_SEM1_2018' 'CCYC101'
processXLS: only for SEM2 [u'CCYC101_SEM1_2018', u'CCYC101_SEM1_2017', u'CCYC101', u'COMM FOR CHILD AND YOUTH CARE WORKERS', u'BCCYC2', u'BC:  CHILD AND YOUTH CARE', u'21', u'SEMESTER 1', u'D1', u'Durban Campus Full-time', u'A', u'40009866:SILUMA', 39.0]
[u'', u'', u'', u'', u'', u'', u'', u'', u'', u'', u'', u'', u'']
check '' ''
[u'CDEV102_YEAR_2018', u'CDEV102_YEAR_2017', u'CDEV102', u'COMMUNITY DEVELOPMENT I', u'NDEVH1', u'ND: ENVIRONMENTAL HEALTH', u'11', u'YEAR', u'D1', u'Durban Campus Full-time', u'A', u'40008086:MDLOZINI G;40010088:GHUMAN S', 1.0]
check 'CDEV102_YEAR_2018' 'CDEV102'
processXLS: only for SEM2 [u'CDEV102_YEAR_2018', u'CDEV102_YEAR_2017', u'CDEV102', u'COMMUNITY DEVELOPMENT I', u'NDEVH1', u'ND: ENVIRONMENTAL HEALTH', u'11', u'YEAR', u'D1', u'Durban Campus Full-time', u'A', u'40008086:MDLOZINI G;40010088:GHUMAN S', 1.0]
[u'', u'', u'', u'', u'', u'', u'', u'', u'', u'', u'', u'', u'']
check '' ''
[u'CDVF101_YEAR_2018', u'CDVF101_YEAR_2017', u'CDVF101', u'COMMUNITY DEVELOPMENT FACILITATION I', u'NDCYC2', u'ND: CHILD AND YOUTH DEVELOPMENT (CYC)', u'11', u'YEAR', u'D1', u'Durban Campus Full-time', u'A', u'40008087:SINGH', 1.0]
check 'CDVF101_YEAR_2018' 'CDVF101'
processXLS: only for SEM2 [u'CDVF101_YEAR_2018', u'CDVF101_YEAR_2017', u'CDVF101', u'COMMUNITY DEVELOPMENT FACILITATION I', u'NDCYC2', u'ND: CHILD AND YOUTH DEVELOPMENT (CYC)', u'11', u'YEAR', u'D1', u'Durban Campus Full-time', u'A', u'40008087:SINGH', 1.0]
[u'', u'', u'', u'', u'', u'', u'', u'', u'', u'', u'', u'', u'']
check '' ''
[u'CSIC101_SEM1_2018', u'CSIC101_SEM1_2017', u'CSIC101', u'CONTEMP SOC ISSUES IN SA CYC WORK', u'BCCYC1', u'BC:  CHILD AND YOUTH CARE', u'21', u'SEMESTER 1', u'D1', u'Durban Campus Full-time', u'A', u'50002529-WINFIELD ', 26.0]
check 'CSIC101_SEM1_2018' 'CSIC101'
processXLS: only for SEM2 [u'CSIC101_SEM1_2018', u'CSIC101_SEM1_2017', u'CSIC101', u'CONTEMP SOC ISSUES IN SA CYC WORK', u'BCCYC1', u'BC:  CHILD AND YOUTH CARE', u'21', u'SEMESTER 1', u'D1', u'Durban Campus Full-time', u'A', u'50002529-WINFIELD ', 26.0]
[u'', u'', u'', u'', u'', u'', u'', u'', u'', u'', u'', u'', u'']
check '' ''
[u'CYAD101_YEAR_2018', u'CYAD101_YEAR_2017', u'CYAD101', u'CYC/YW ADMINISTRATION AND MANAGEMENT I', u'NDCYC2', u'ND: CHILD AND YOUTH DEVELOPMENT (CYC)', u'11', u'YEAR', u'D1', u'Durban Campus Full-time', u'A', u'40008087:SINGH', 38.0]
check 'CYAD101_YEAR_2018' 'CYAD101'
processXLS: only for SEM2 [u'CYAD101_YEAR_2018', u'CYAD101_YEAR_2017', u'CYAD101', u'CYC/YW ADMINISTRATION AND MANAGEMENT I', u'NDCYC2', u'ND: CHILD AND YOUTH DEVELOPMENT (CYC)', u'11', u'YEAR', u'D1', u'Durban Campus Full-time', u'A', u'40008087:SINGH', 38.0]
[u'CYAD101_YEAR_2018', u'CYAD101_YEAR_2017', u'CYAD101', u'CYC/YW ADMINISTRATION AND MANAGEMENT I', u'NDCYF2', u'ND: CHILD & YOUTH DEVELOPMENT (4 YEARS)', u'11', u'YEAR', u'D1', u'Durban Campus Full-time', u'A', u'40008087:SINGH', 9.0]
check 'CYAD101_YEAR_2018' 'CYAD101'
processXLS: only for SEM2 [u'CYAD101_YEAR_2018', u'CYAD101_YEAR_2017', u'CYAD101', u'CYC/YW ADMINISTRATION AND MANAGEMENT I', u'NDCYF2', u'ND: CHILD & YOUTH DEVELOPMENT (4 YEARS)', u'11', u'YEAR', u'D1', u'Durban Campus Full-time', u'A', u'40008087:SINGH', 9.0]
[u'', u'', u'', u'', u'', u'', u'', u'', u'', u'', u'', u'', u'']
check '' ''
[u'CYCP102_SEM2_2018', u'CYCP102_SEM2_2017', u'CYCP102', u'CHILD AND YOUTH CARE WORK PRACTICE I', u'BCCYC1', u'BC:  CHILD AND YOUTH CARE', u'22', u'SEMESTER 2', u'D1', u'Durban Campus Full-time', u'A', u'50009552:DEWAN', 2.0]
check 'CYCP102_SEM2_2018' 'CYCP102'
adding  CYCP102
requesting:  http://10.0.100.98:8000/bbinfo/matching_courses/CYCP102%25
r= <Response [200]>
matching classes= set([u'CYCP102_SEM2_2018', u'CYCP102_SEM2_2017', u'CYCP102_SEM2_2016'])
[u'CYCP102_SEM2_2018', u'CYCP102_SEM2_2017', u'CYCP102', u'CHILD AND YOUTH CARE WORK PRACTICE I', u'BCCYC2', u'BC:  CHILD AND YOUTH CARE', u'22', u'SEMESTER 2', u'D1', u'Durban Campus Full-time', u'A', u'50009552:DEWAN', 37.0]
check 'CYCP102_SEM2_2018' 'CYCP102'
adding  CYCP102
requesting:  http://10.0.100.98:8000/bbinfo/matching_courses/CYCP102%25
r= <Response [200]>
matching classes= set([u'CYCP102_SEM2_2018', u'CYCP102_SEM2_2017', u'CYCP102_SEM2_2016'])
[u'', u'', u'', u'', u'', u'', u'', u'', u'', u'', u'', u'', u'']
check '' ''
[u'ENVP101_YEAR_2018', u'ENVP101_YEAR_2017', u'ENVP101', u'ENVIRONMENTAL PLANNING I', u'NDEVH1', u'ND: ENVIRONMENTAL HEALTH', u'11', u'YEAR', u'D1', u'Durban Campus Full-time', u'A', u'40008086:MDLOZINI G;50002280:BARRATT GJ', 1.0]
check 'ENVP101_YEAR_2018' 'ENVP101'
processXLS: only for SEM2 [u'ENVP101_YEAR_2018', u'ENVP101_YEAR_2017', u'ENVP101', u'ENVIRONMENTAL PLANNING I', u'NDEVH1', u'ND: ENVIRONMENTAL HEALTH', u'11', u'YEAR', u'D1', u'Durban Campus Full-time', u'A', u'40008086:MDLOZINI G;50002280:BARRATT GJ', 1.0]
[u'', u'', u'', u'', u'', u'', u'', u'', u'', u'', u'', u'', u'']
check '' ''
[u'FNEH101_SEM1_2018', u'FNEH101_SEM1_2017', u'FNEH101', u'FUNDAMENTAL ENVIRONMENTAL HEALTH', u'BHEVH1', u'BH:  ENVIRONMENTAL HEALTH', u'21', u'SEMESTER 1', u'D1', u'Durban Campus Full-time', u'A', u'50009334:KISTNASAMY', 31.0]
check 'FNEH101_SEM1_2018' 'FNEH101'
processXLS: only for SEM2 [u'FNEH101_SEM1_2018', u'FNEH101_SEM1_2017', u'FNEH101', u'FUNDAMENTAL ENVIRONMENTAL HEALTH', u'BHEVH1', u'BH:  ENVIRONMENTAL HEALTH', u'21', u'SEMESTER 1', u'D1', u'Durban Campus Full-time', u'A', u'50009334:KISTNASAMY', 31.0]
[u'', u'', u'', u'', u'', u'', u'', u'', u'', u'', u'', u'', u'']
check '' ''
[u'HDVA101_SEM1_2018', u'HDVA101_SEM1_2017', u'HDVA101', u'HUMAN DEVELOPMENT IA', u'BCCYC2', u'BC:  CHILD AND YOUTH CARE', u'21', u'SEMESTER 1', u'D1', u'Durban Campus Full-time', u'A', u'50009552:DEWAN;40008087:SINGH', 39.0]
check 'HDVA101_SEM1_2018' 'HDVA101'
processXLS: only for SEM2 [u'HDVA101_SEM1_2018', u'HDVA101_SEM1_2017', u'HDVA101', u'HUMAN DEVELOPMENT IA', u'BCCYC2', u'BC:  CHILD AND YOUTH CARE', u'21', u'SEMESTER 1', u'D1', u'Durban Campus Full-time', u'A', u'50009552:DEWAN;40008087:SINGH', 39.0]
[u'', u'', u'', u'', u'', u'', u'', u'', u'', u'', u'', u'', u'']
check '' ''
[u'HDVB101_SEM2_2018', u'HDVB101_SEM2_2017', u'HDVB101', u'HUMAN DEVELOPMENT IB', u'BCCYC2', u'BC:  CHILD AND YOUTH CARE', u'22', u'SEMESTER 2', u'D1', u'Durban Campus Full-time', u'A', u'40009866:SILUMA', 37.0]
check 'HDVB101_SEM2_2018' 'HDVB101'
adding  HDVB101
requesting:  http://10.0.100.98:8000/bbinfo/matching_courses/HDVB101%25
r= <Response [200]>
matching classes= set([u'HDVB101_SEM2_2017', u'HDVB101_SEM2_2016', u'HDVB101_SEM2_2018'])
[u'', u'', u'', u'', u'', u'', u'', u'', u'', u'', u'', u'', u'']
check '' ''
[u'PPRD101_SEM1_2018', u'PPRD101_SEM1_2017', u'PPRD101', u'PERSONAL AND PROFESSIONAL DEVELOPMENT I', u'BCCYC1', u'BC:  CHILD AND YOUTH CARE', u'21', u'SEMESTER 1', u'D1', u'Durban Campus Full-time', u'A', u'40009866:SILUMA', 1.0]
check 'PPRD101_SEM1_2018' 'PPRD101'
processXLS: only for SEM2 [u'PPRD101_SEM1_2018', u'PPRD101_SEM1_2017', u'PPRD101', u'PERSONAL AND PROFESSIONAL DEVELOPMENT I', u'BCCYC1', u'BC:  CHILD AND YOUTH CARE', u'21', u'SEMESTER 1', u'D1', u'Durban Campus Full-time', u'A', u'40009866:SILUMA', 1.0]
[u'PPRD101_SEM1_2018', u'PPRD101_SEM1_2017', u'PPRD101', u'PERSONAL AND PROFESSIONAL DEVELOPMENT I', u'BCCYC2', u'BC:  CHILD AND YOUTH CARE', u'21', u'SEMESTER 1', u'D1', u'Durban Campus Full-time', u'A', u'40009866:SILUMA', 39.0]
check 'PPRD101_SEM1_2018' 'PPRD101'
processXLS: only for SEM2 [u'PPRD101_SEM1_2018', u'PPRD101_SEM1_2017', u'PPRD101', u'PERSONAL AND PROFESSIONAL DEVELOPMENT I', u'BCCYC2', u'BC:  CHILD AND YOUTH CARE', u'21', u'SEMESTER 1', u'D1', u'Durban Campus Full-time', u'A', u'40009866:SILUMA', 39.0]
[u'', u'', u'', u'', u'', u'', u'', u'', u'', u'', u'', u'', u'']
check '' ''
[u'RMGY105_YEAR_2018', u'RMGY105_YEAR_2017', u'RMGY105', u'RESEARCH METHODOLOGY', u'BTEVH1', u'BT: ENVIRONMENTAL HEALTH', u'11', u'YEAR', u'D1', u'Durban Campus Full-time', u'A', u'50002493:REDDY', 10.0]
check 'RMGY105_YEAR_2018' 'RMGY105'
processXLS: only for SEM2 [u'RMGY105_YEAR_2018', u'RMGY105_YEAR_2017', u'RMGY105', u'RESEARCH METHODOLOGY', u'BTEVH1', u'BT: ENVIRONMENTAL HEALTH', u'11', u'YEAR', u'D1', u'Durban Campus Full-time', u'A', u'50002493:REDDY', 10.0]
[u'', u'', u'', u'', u'', u'', u'', u'', u'', u'', u'', u'', u'']
check '' ''
[u'YJSP101_YEAR_2018', u'YJSP101_YEAR_2017', u'YJSP101', u'YOUTH JUSTICE AND PROBATION I', u'NDCYC2', u'ND: CHILD AND YOUTH DEVELOPMENT (CYC)', u'11', u'YEAR', u'D1', u'Durban Campus Full-time', u'A', u'50002529-WINFIELD', 35.0]
check 'YJSP101_YEAR_2018' 'YJSP101'
processXLS: only for SEM2 [u'YJSP101_YEAR_2018', u'YJSP101_YEAR_2017', u'YJSP101', u'YOUTH JUSTICE AND PROBATION I', u'NDCYC2', u'ND: CHILD AND YOUTH DEVELOPMENT (CYC)', u'11', u'YEAR', u'D1', u'Durban Campus Full-time', u'A', u'50002529-WINFIELD', 35.0]
[u'YJSP101_YEAR_2018', u'YJSP101_YEAR_2017', u'YJSP101', u'YOUTH JUSTICE AND PROBATION I', u'NDCYF2', u'ND: CHILD & YOUTH DEVELOPMENT (4 YEARS)', u'11', u'YEAR', u'D1', u'Durban Campus Full-time', u'A', u'50002529-WINFIELD', 9.0]
check 'YJSP101_YEAR_2018' 'YJSP101'
processXLS: only for SEM2 [u'YJSP101_YEAR_2018', u'YJSP101_YEAR_2017', u'YJSP101', u'YOUTH JUSTICE AND PROBATION I', u'NDCYF2', u'ND: CHILD & YOUTH DEVELOPMENT (4 YEARS)', u'11', u'YEAR', u'D1', u'Durban Campus Full-time', u'A', u'50002529-WINFIELD', 9.0]
[u'', u'', u'', u'', u'', u'', u'', u'', u'', u'', u'', u'', u'']
check '' ''
[u'APDV201_YEAR_2018', u'APDV201_YEAR_2017', u'APDV201', u'APPLIED DEVELOPMENT FOR CYC/YW II', u'NDCYC2', u'ND: CHILD AND YOUTH DEVELOPMENT (CYC)', u'11', u'YEAR', u'D1', u'Durban Campus Full-time', u'A', u'50009552:DEWAN;40008087:SINGH', 3.0]
check 'APDV201_YEAR_2018' 'APDV201'
processXLS: only for SEM2 [u'APDV201_YEAR_2018', u'APDV201_YEAR_2017', u'APDV201', u'APPLIED DEVELOPMENT FOR CYC/YW II', u'NDCYC2', u'ND: CHILD AND YOUTH DEVELOPMENT (CYC)', u'11', u'YEAR', u'D1', u'Durban Campus Full-time', u'A', u'50009552:DEWAN;40008087:SINGH', 3.0]
[u'', u'', u'', u'', u'', u'', u'', u'', u'', u'', u'', u'', u'']
check '' ''
[u'BHVM201_SEM2_2018', u'BHVM201_SEM2_2017', u'BHVM201', u'BEHAVIOUR MANAGEMENT II', u'BCCYC1', u'BC:  CHILD AND YOUTH CARE', u'22', u'SEMESTER 2', u'D1', u'Durban Campus Full-time', u'A', u'50002529:WINFIELD', 21.0]
check 'BHVM201_SEM2_2018' 'BHVM201'
adding  BHVM201
requesting:  http://10.0.100.98:8000/bbinfo/matching_courses/BHVM201%25
r= <Response [200]>
matching classes= set([u'BHVM201_SEM2_2018', u'BHVM201_SEM2_2017'])
[u'BHVM201_SEM2_2018', u'BHVM201_SEM2_2017', u'BHVM201', u'BEHAVIOUR MANAGEMENT II', u'BCCYC2', u'BC:  CHILD AND YOUTH CARE', 22.0, u'SEMESTER 2', u'D1', u'Durban Campus Full-time', u'A', u'50002529-WINFIELD', u'']
check 'BHVM201_SEM2_2018' 'BHVM201'
processXLS: only for SEM2 [u'BHVM201_SEM2_2018', u'BHVM201_SEM2_2017', u'BHVM201', u'BEHAVIOUR MANAGEMENT II', u'BCCYC2', u'BC:  CHILD AND YOUTH CARE', 22.0, u'SEMESTER 2', u'D1', u'Durban Campus Full-time', u'A', u'50002529-WINFIELD', u'']
[u'CAMN201_YEAR_2018', u'CAMN201_YEAR_2017', u'CAMN201', u'CYC/YW ADMINISTRATION AND MANAGEMENT II', u'BTCYC2', u'BT: CHILD AND YOUTH DEVELOPMENT (CYC)', u'11', u'YEAR', u'D1', u'Durban Campus Full-time', u'A', u'40008087:SINGH', 14.0]
check 'CAMN201_YEAR_2018' 'CAMN201'
processXLS: only for SEM2 [u'CAMN201_YEAR_2018', u'CAMN201_YEAR_2017', u'CAMN201', u'CYC/YW ADMINISTRATION AND MANAGEMENT II', u'BTCYC2', u'BT: CHILD AND YOUTH DEVELOPMENT (CYC)', u'11', u'YEAR', u'D1', u'Durban Campus Full-time', u'A', u'40008087:SINGH', 14.0]
[u'CAMN201_YEAR_2018', u'CAMN201_YEAR_2017', u'CAMN201', u'CYC/YW ADMINISTRATION AND MANAGEMENT II', u'BTCYC2', u'BT: CHILD AND YOUTH DEVELOPMENT (CYC)', u'11', u'YEAR', u'D3', u'Durban Campus Part-time', u'A', u'40008087:SINGH', 3.0]
check 'CAMN201_YEAR_2018' 'CAMN201'
processXLS: only for SEM2 [u'CAMN201_YEAR_2018', u'CAMN201_YEAR_2017', u'CAMN201', u'CYC/YW ADMINISTRATION AND MANAGEMENT II', u'BTCYC2', u'BT: CHILD AND YOUTH DEVELOPMENT (CYC)', u'11', u'YEAR', u'D3', u'Durban Campus Part-time', u'A', u'40008087:SINGH', 3.0]
[u'', u'', u'', u'', u'', u'', u'', u'', u'', u'', u'', u'', u'']
check '' ''
[u'CCWB201_SEM2_2018', u'CCWB201_SEM2_2017', u'CCWB201', u'CHILD AND YOUTH CARE WORK IIB', u'BCCYC1', u'BC:  CHILD AND YOUTH CARE', u'22', u'SEMESTER 2', u'D1', u'Durban Campus Full-time', u'A', u'40004052:HLENGWA', 25.0]
check 'CCWB201_SEM2_2018' 'CCWB201'
adding  CCWB201
requesting:  http://10.0.100.98:8000/bbinfo/matching_courses/CCWB201%25
r= <Response [200]>
matching classes= set([u'CCWB201_SEM2_2018', u'CCWB201_SEM2_2017'])
[u'', u'', u'', u'', u'', u'', u'', u'', u'', u'', u'', u'', u'']
check '' ''
[u'CDEV202_YEAR_2018', u'CDEV202_YEAR_2017', u'CDEV202', u'COMMUNITY DEVELOPMENT II', u'NDEVH1', u'ND: ENVIRONMENTAL HEALTH', u'11', u'YEAR', u'D1', u'Durban Campus Full-time', u'A', u'40011080:GABELA', 30.0]
check 'CDEV202_YEAR_2018' 'CDEV202'
processXLS: only for SEM2 [u'CDEV202_YEAR_2018', u'CDEV202_YEAR_2017', u'CDEV202', u'COMMUNITY DEVELOPMENT II', u'NDEVH1', u'ND: ENVIRONMENTAL HEALTH', u'11', u'YEAR', u'D1', u'Durban Campus Full-time', u'A', u'40011080:GABELA', 30.0]
[u'CDEV202_YEAR_2018', u'CDEV202_YEAR_2017', u'CDEV202', u'COMMUNITY DEVELOPMENT II', u'NODIP5', u'NON-DIPLOMA PURPOSE (HLTH SC)', u'11', u'YEAR', u'D7', u'DBN FULL-TIME NON-SUBSIDISED', u'A', u'40011080:GABELA', 1.0]
check 'CDEV202_YEAR_2018' 'CDEV202'
processXLS: only for SEM2 [u'CDEV202_YEAR_2018', u'CDEV202_YEAR_2017', u'CDEV202', u'COMMUNITY DEVELOPMENT II', u'NODIP5', u'NON-DIPLOMA PURPOSE (HLTH SC)', u'11', u'YEAR', u'D7', u'DBN FULL-TIME NON-SUBSIDISED', u'A', u'40011080:GABELA', 1.0]
[u'', u'', u'', u'', u'', u'', u'', u'', u'', u'', u'', u'', u'']
check '' ''
[u'CYCP201_YEAR_2018', u'CYCP201_YEAR_2017', u'CYCP201', u'CHILD AND YOUTH CARE PRACTICE II', u'NDCYF2', u'ND: CHILD & YOUTH DEVELOPMENT (4 YEARS)', u'11', u'YEAR', u'D1', u'Durban Campus Full-time', u'A', u'40008087:SINGH;40004052:HLENGWA', 1.0]
check 'CYCP201_YEAR_2018' 'CYCP201'
processXLS: only for SEM2 [u'CYCP201_YEAR_2018', u'CYCP201_YEAR_2017', u'CYCP201', u'CHILD AND YOUTH CARE PRACTICE II', u'NDCYF2', u'ND: CHILD & YOUTH DEVELOPMENT (4 YEARS)', u'11', u'YEAR', u'D1', u'Durban Campus Full-time', u'A', u'40008087:SINGH;40004052:HLENGWA', 1.0]
[u'', u'', u'', u'', u'', u'', u'', u'', u'', u'', u'', u'', u'']
check '' ''
[u'EPID204_YEAR_2018', u'EPID204_YEAR_2017', u'EPID204', u'EPIDEMIOLOGY II', u'NDEVH1', u'ND: ENVIRONMENTAL HEALTH', u'11', u'YEAR', u'D1', u'Durban Campus Full-time', u'A', u'40008086:MDLOZINI', 32.0]
check 'EPID204_YEAR_2018' 'EPID204'
processXLS: only for SEM2 [u'EPID204_YEAR_2018', u'EPID204_YEAR_2017', u'EPID204', u'EPIDEMIOLOGY II', u'NDEVH1', u'ND: ENVIRONMENTAL HEALTH', u'11', u'YEAR', u'D1', u'Durban Campus Full-time', u'A', u'40008086:MDLOZINI', 32.0]
[u'EPID204_YEAR_2018', u'EPID204_YEAR_2017', u'EPID204', u'EPIDEMIOLOGY II', u'NODIP5', u'NON-DIPLOMA PURPOSE (HLTH SC)', u'11', u'YEAR', u'D7', u'DBN FULL-TIME NON-SUBSIDISED', u'A', u'40008086:MDLOZINI', 1.0]
check 'EPID204_YEAR_2018' 'EPID204'
processXLS: only for SEM2 [u'EPID204_YEAR_2018', u'EPID204_YEAR_2017', u'EPID204', u'EPIDEMIOLOGY II', u'NODIP5', u'NON-DIPLOMA PURPOSE (HLTH SC)', u'11', u'YEAR', u'D7', u'DBN FULL-TIME NON-SUBSIDISED', u'A', u'40008086:MDLOZINI', 1.0]
[u'', u'', u'', u'', u'', u'', u'', u'', u'', u'', u'', u'', u'']
check '' ''
[u'EPWW201_YEAR_2018', u'EPWW201_YEAR_2017', u'EPWW201', u'ENVIRONMENTAL POLLUTION:WASTE & WATER II', u'NDEVH1', u'ND: ENVIRONMENTAL HEALTH', u'11', u'YEAR', u'D1', u'Durban Campus Full-time', u'A', u'40008086:MDLOZINI', 38.0]
check 'EPWW201_YEAR_2018' 'EPWW201'
processXLS: only for SEM2 [u'EPWW201_YEAR_2018', u'EPWW201_YEAR_2017', u'EPWW201', u'ENVIRONMENTAL POLLUTION:WASTE & WATER II', u'NDEVH1', u'ND: ENVIRONMENTAL HEALTH', u'11', u'YEAR', u'D1', u'Durban Campus Full-time', u'A', u'40008086:MDLOZINI', 38.0]
[u'', u'', u'', u'', u'', u'', u'', u'', u'', u'', u'', u'', u'']
check '' ''
[u'FDMH201_YEAR_2018', u'FDMH201_YEAR_2017', u'FDMH201', u'FOOD AND MEAT HYGIENE II', u'NDEVH1', u'ND: ENVIRONMENTAL HEALTH', u'11', u'YEAR', u'D1', u'Durban Campus Full-time', u'A', u'40007593:DALASILE', 30.0]
check 'FDMH201_YEAR_2018' 'FDMH201'
processXLS: only for SEM2 [u'FDMH201_YEAR_2018', u'FDMH201_YEAR_2017', u'FDMH201', u'FOOD AND MEAT HYGIENE II', u'NDEVH1', u'ND: ENVIRONMENTAL HEALTH', u'11', u'YEAR', u'D1', u'Durban Campus Full-time', u'A', u'40007593:DALASILE', 30.0]
[u'', u'', u'', u'', u'', u'', u'', u'', u'', u'', u'', u'', u'']
check '' ''
[u'HDVA201_SEM1_2018', u'HDVA201_SEM1_2017', u'HDVA201', u'HUMAN DEVELOPMENT IIA', u'BCCYC1', u'BC:  CHILD AND YOUTH CARE', u'21', u'SEMESTER 1', u'D1', u'Durban Campus Full-time', u'A', u'50009552:DEWAN', 26.0]
check 'HDVA201_SEM1_2018' 'HDVA201'
processXLS: only for SEM2 [u'HDVA201_SEM1_2018', u'HDVA201_SEM1_2017', u'HDVA201', u'HUMAN DEVELOPMENT IIA', u'BCCYC1', u'BC:  CHILD AND YOUTH CARE', u'21', u'SEMESTER 1', u'D1', u'Durban Campus Full-time', u'A', u'50009552:DEWAN', 26.0]
[u'', u'', u'', u'', u'', u'', u'', u'', u'', u'', u'', u'', u'']
check '' ''
[u'HDVB201_SEM2_2018', u'HDVB201_SEM2_2017', u'HDVB201', u'HUMAN DEVELOPMENT IIB', u'BCCYC1', u'BC:  CHILD AND YOUTH CARE', u'22', u'SEMESTER 2', u'D1', u'Durban Campus Full-time', u'A', u'50009552:DEWAN', 26.0]
check 'HDVB201_SEM2_2018' 'HDVB201'
adding  HDVB201
requesting:  http://10.0.100.98:8000/bbinfo/matching_courses/HDVB201%25
r= <Response [200]>
matching classes= set([u'HDVB201_ALL_2016', u'HDVB201_SEM2_2018', u'HDVB201_SEM2_2017'])
[u'', u'', u'', u'', u'', u'', u'', u'', u'', u'', u'', u'', u'']
check '' ''
[u'OCHS201_YEAR_2018', u'OCHS201_YEAR_2017', u'OCHS201', u'OCCUPATIONAL HEALTH AND SAFETY II', u'NDEVH1', u'ND: ENVIRONMENTAL HEALTH', u'11', u'YEAR', u'D1', u'Durban Campus Full-time', u'A', u'40003019:NIRANJAN', 35.0]
check 'OCHS201_YEAR_2018' 'OCHS201'
processXLS: only for SEM2 [u'OCHS201_YEAR_2018', u'OCHS201_YEAR_2017', u'OCHS201', u'OCCUPATIONAL HEALTH AND SAFETY II', u'NDEVH1', u'ND: ENVIRONMENTAL HEALTH', u'11', u'YEAR', u'D1', u'Durban Campus Full-time', u'A', u'40003019:NIRANJAN', 35.0]
[u'OCHS201_YEAR_2018', u'OCHS201_YEAR_2017', u'OCHS201', u'OCCUPATIONAL HEALTH AND SAFETY II', u'NODIP5', u'NON-DIPLOMA PURPOSE (HLTH SC)', u'11', u'YEAR', u'D7', u'DBN FULL-TIME NON-SUBSIDISED', u'A', u'40003019:NIRANJAN', 1.0]
check 'OCHS201_YEAR_2018' 'OCHS201'
processXLS: only for SEM2 [u'OCHS201_YEAR_2018', u'OCHS201_YEAR_2017', u'OCHS201', u'OCCUPATIONAL HEALTH AND SAFETY II', u'NODIP5', u'NON-DIPLOMA PURPOSE (HLTH SC)', u'11', u'YEAR', u'D7', u'DBN FULL-TIME NON-SUBSIDISED', u'A', u'40003019:NIRANJAN', 1.0]
[u'', u'', u'', u'', u'', u'', u'', u'', u'', u'', u'', u'', u'']
check '' ''
[u'PPRD201_SEM1_2018', u'PPRD201_SEM1_2017', u'PPRD201', u'PERSONAL AND PROFESSIONAL DEVELOPMENT II', u'BCCYC1', u'BC:  CHILD AND YOUTH CARE', u'21', u'SEMESTER 1', u'D1', u'Durban Campus Full-time', u'A', u'40009866:SILUMA', 26.0]
check 'PPRD201_SEM1_2018' 'PPRD201'
processXLS: only for SEM2 [u'PPRD201_SEM1_2018', u'PPRD201_SEM1_2017', u'PPRD201', u'PERSONAL AND PROFESSIONAL DEVELOPMENT II', u'BCCYC1', u'BC:  CHILD AND YOUTH CARE', u'21', u'SEMESTER 1', u'D1', u'Durban Campus Full-time', u'A', u'40009866:SILUMA', 26.0]
[u'', u'', u'', u'', u'', u'', u'', u'', u'', u'', u'', u'', u'']
check '' ''
[u'SPYL201_YEAR_2018', u'SPYL201_YEAR_2017', u'SPYL201', u'SOCIAL PSYCHOLOGY', u'NDCYC2', u'ND: CHILD AND YOUTH DEVELOPMENT (CYC)', u'11', u'YEAR', u'D1', u'Durban Campus Full-time', u'A', u'40008087:SINGH', 4.0]
check 'SPYL201_YEAR_2018' 'SPYL201'
processXLS: only for SEM2 [u'SPYL201_YEAR_2018', u'SPYL201_YEAR_2017', u'SPYL201', u'SOCIAL PSYCHOLOGY', u'NDCYC2', u'ND: CHILD AND YOUTH DEVELOPMENT (CYC)', u'11', u'YEAR', u'D1', u'Durban Campus Full-time', u'A', u'40008087:SINGH', 4.0]
[u'', u'', u'', u'', u'', u'', u'', u'', u'', u'', u'', u'', u'']
check '' ''
[u'YJSP201_YEAR_2018', u'YJSP201_YEAR_2017', u'YJSP201', u'YOUTH JUSTICE AND PROBATION II', u'BTCYC2', u'BT: CHILD AND YOUTH DEVELOPMENT (CYC)', u'11', u'YEAR', u'D1', u'Durban Campus Full-time', u'A', u'40009866:SILUMA', 14.0]
check 'YJSP201_YEAR_2018' 'YJSP201'
processXLS: only for SEM2 [u'YJSP201_YEAR_2018', u'YJSP201_YEAR_2017', u'YJSP201', u'YOUTH JUSTICE AND PROBATION II', u'BTCYC2', u'BT: CHILD AND YOUTH DEVELOPMENT (CYC)', u'11', u'YEAR', u'D1', u'Durban Campus Full-time', u'A', u'40009866:SILUMA', 14.0]
[u'YJSP201_YEAR_2018', u'YJSP201_YEAR_2017', u'YJSP201', u'YOUTH JUSTICE AND PROBATION II', u'BTCYC2', u'BT: CHILD AND YOUTH DEVELOPMENT (CYC)', u'11', u'YEAR', u'D3', u'Durban Campus Part-time', u'A', u'40009866:SILUMA', 3.0]
check 'YJSP201_YEAR_2018' 'YJSP201'
processXLS: only for SEM2 [u'YJSP201_YEAR_2018', u'YJSP201_YEAR_2017', u'YJSP201', u'YOUTH JUSTICE AND PROBATION II', u'BTCYC2', u'BT: CHILD AND YOUTH DEVELOPMENT (CYC)', u'11', u'YEAR', u'D3', u'Durban Campus Part-time', u'A', u'40009866:SILUMA', 3.0]
[u'', u'', u'', u'', u'', u'', u'', u'', u'', u'', u'', u'', u'']
check '' ''
[u'APDV301_YEAR_2018', u'APDV301_YEAR_2017', u'APDV301', u'APPLIED DEVELOPMENT FOR CYC & YW III', u'NDCYC2', u'ND: CHILD AND YOUTH DEVELOPMENT (CYC)', u'11', u'YEAR', u'D1', u'Durban Campus Full-time', u'A', u'40008087:SINGH', 35.0]
check 'APDV301_YEAR_2018' 'APDV301'
processXLS: only for SEM2 [u'APDV301_YEAR_2018', u'APDV301_YEAR_2017', u'APDV301', u'APPLIED DEVELOPMENT FOR CYC & YW III', u'NDCYC2', u'ND: CHILD AND YOUTH DEVELOPMENT (CYC)', u'11', u'YEAR', u'D1', u'Durban Campus Full-time', u'A', u'40008087:SINGH', 35.0]
[u'APDV301_YEAR_2018', u'APDV301_YEAR_2017', u'APDV301', u'APPLIED DEVELOPMENT FOR CYC & YW III', u'NDCYF2', u'ND: CHILD & YOUTH DEVELOPMENT (4 YEARS)', u'11', u'YEAR', u'D1', u'Durban Campus Full-time', u'A', u'40008087:SINGH', 9.0]
check 'APDV301_YEAR_2018' 'APDV301'
processXLS: only for SEM2 [u'APDV301_YEAR_2018', u'APDV301_YEAR_2017', u'APDV301', u'APPLIED DEVELOPMENT FOR CYC & YW III', u'NDCYF2', u'ND: CHILD & YOUTH DEVELOPMENT (4 YEARS)', u'11', u'YEAR', u'D1', u'Durban Campus Full-time', u'A', u'40008087:SINGH', 9.0]
[u'', u'', u'', u'', u'', u'', u'', u'', u'', u'', u'', u'', u'']
check '' ''
[u'CYCP301_YEAR_2018', u'CYCP301_YEAR_2017', u'CYCP301', u'CHILD AND YOUTH CARE PRACTICE III', u'NDCYC2', u'ND: CHILD AND YOUTH DEVELOPMENT (CYC)', u'11', u'YEAR', u'D1', u'Durban Campus Full-time', u'A', u'40009866:SILUMA', 35.0]
check 'CYCP301_YEAR_2018' 'CYCP301'
processXLS: only for SEM2 [u'CYCP301_YEAR_2018', u'CYCP301_YEAR_2017', u'CYCP301', u'CHILD AND YOUTH CARE PRACTICE III', u'NDCYC2', u'ND: CHILD AND YOUTH DEVELOPMENT (CYC)', u'11', u'YEAR', u'D1', u'Durban Campus Full-time', u'A', u'40009866:SILUMA', 35.0]
[u'CYCP301_YEAR_2018', u'CYCP301_YEAR_2017', u'CYCP301', u'CHILD AND YOUTH CARE PRACTICE III', u'NDCYF2', u'ND: CHILD & YOUTH DEVELOPMENT (4 YEARS)', u'11', u'YEAR', u'D1', u'Durban Campus Full-time', u'A', u'40009866:SILUMA', 9.0]
check 'CYCP301_YEAR_2018' 'CYCP301'
processXLS: only for SEM2 [u'CYCP301_YEAR_2018', u'CYCP301_YEAR_2017', u'CYCP301', u'CHILD AND YOUTH CARE PRACTICE III', u'NDCYF2', u'ND: CHILD & YOUTH DEVELOPMENT (4 YEARS)', u'11', u'YEAR', u'D1', u'Durban Campus Full-time', u'A', u'40009866:SILUMA', 9.0]
[u'', u'', u'', u'', u'', u'', u'', u'', u'', u'', u'', u'', u'']
check '' ''
[u'CYTC301_YEAR_2018', u'CYTC301_YEAR_2017', u'CYTC301', u'CHILD AND YOUTH CARE III', u'NDCYC2', u'ND: CHILD AND YOUTH DEVELOPMENT (CYC)', u'11', u'YEAR', u'D1', u'Durban Campus Full-time', u'A', u'50002529-WINFIELD', 38.0]
check 'CYTC301_YEAR_2018' 'CYTC301'
processXLS: only for SEM2 [u'CYTC301_YEAR_2018', u'CYTC301_YEAR_2017', u'CYTC301', u'CHILD AND YOUTH CARE III', u'NDCYC2', u'ND: CHILD AND YOUTH DEVELOPMENT (CYC)', u'11', u'YEAR', u'D1', u'Durban Campus Full-time', u'A', u'50002529-WINFIELD', 38.0]
[u'CYTC301_YEAR_2018', u'CYTC301_YEAR_2017', u'CYTC301', u'CHILD AND YOUTH CARE III', u'NDCYF2', u'ND: CHILD & YOUTH DEVELOPMENT (4 YEARS)', u'11', u'YEAR', u'D1', u'Durban Campus Full-time', u'A', u'50002529-WINFIELD', 9.0]
check 'CYTC301_YEAR_2018' 'CYTC301'
processXLS: only for SEM2 [u'CYTC301_YEAR_2018', u'CYTC301_YEAR_2017', u'CYTC301', u'CHILD AND YOUTH CARE III', u'NDCYF2', u'ND: CHILD & YOUTH DEVELOPMENT (4 YEARS)', u'11', u'YEAR', u'D1', u'Durban Campus Full-time', u'A', u'50002529-WINFIELD', 9.0]
[u'', u'', u'', u'', u'', u'', u'', u'', u'', u'', u'', u'', u'']
check '' ''
[u'EPAN301_YEAR_2018', u'EPAN301_YEAR_2017', u'EPAN301', u'ENVIRONMENTAL POLLUTION:AIR & NOISE III', u'NDEVH1', u'ND: ENVIRONMENTAL HEALTH', u'11', u'YEAR', u'D1', u'Durban Campus Full-time', u'A', u'40011080:GABELA', 25.0]
check 'EPAN301_YEAR_2018' 'EPAN301'
processXLS: only for SEM2 [u'EPAN301_YEAR_2018', u'EPAN301_YEAR_2017', u'EPAN301', u'ENVIRONMENTAL POLLUTION:AIR & NOISE III', u'NDEVH1', u'ND: ENVIRONMENTAL HEALTH', u'11', u'YEAR', u'D1', u'Durban Campus Full-time', u'A', u'40011080:GABELA', 25.0]
[u'', u'', u'', u'', u'', u'', u'', u'', u'', u'', u'', u'', u'']
check '' ''
[u'EPID302_YEAR_2018', u'EPID302_YEAR_2017', u'EPID302', u'EPIDEMIOLOGY III', u'NDEVH1', u'ND: ENVIRONMENTAL HEALTH', u'11', u'YEAR', u'D1', u'Durban Campus Full-time', u'A', u'50009334:KISTNASAMY', 27.0]
check 'EPID302_YEAR_2018' 'EPID302'
processXLS: only for SEM2 [u'EPID302_YEAR_2018', u'EPID302_YEAR_2017', u'EPID302', u'EPIDEMIOLOGY III', u'NDEVH1', u'ND: ENVIRONMENTAL HEALTH', u'11', u'YEAR', u'D1', u'Durban Campus Full-time', u'A', u'50009334:KISTNASAMY', 27.0]
[u'', u'', u'', u'', u'', u'', u'', u'', u'', u'', u'', u'', u'']
check '' ''
[u'FDMH301_YEAR_2018', u'FDMH301_YEAR_2017', u'FDMH301', u'FOOD AND MEAT HYGIENE III', u'NDEVH1', u'ND: ENVIRONMENTAL HEALTH', u'11', u'YEAR', u'D1', u'Durban Campus Full-time', u'A', u'40007593:DALASILE', 28.0]
check 'FDMH301_YEAR_2018' 'FDMH301'
processXLS: only for SEM2 [u'FDMH301_YEAR_2018', u'FDMH301_YEAR_2017', u'FDMH301', u'FOOD AND MEAT HYGIENE III', u'NDEVH1', u'ND: ENVIRONMENTAL HEALTH', u'11', u'YEAR', u'D1', u'Durban Campus Full-time', u'A', u'40007593:DALASILE', 28.0]
[u'', u'', u'', u'', u'', u'', u'', u'', u'', u'', u'', u'', u'']
check '' ''
[u'MNPR301_YEAR_2018', u'MNPR301_YEAR_2017', u'MNPR301', u'MANAGEMENT PRACTICE III', u'NDEVH1', u'ND: ENVIRONMENTAL HEALTH', u'11', u'YEAR', u'D1', u'Durban Campus Full-time', u'A', u'40010088:GHUMAN', 30.0]
check 'MNPR301_YEAR_2018' 'MNPR301'
processXLS: only for SEM2 [u'MNPR301_YEAR_2018', u'MNPR301_YEAR_2017', u'MNPR301', u'MANAGEMENT PRACTICE III', u'NDEVH1', u'ND: ENVIRONMENTAL HEALTH', u'11', u'YEAR', u'D1', u'Durban Campus Full-time', u'A', u'40010088:GHUMAN', 30.0]
[u'', u'', u'', u'', u'', u'', u'', u'', u'', u'', u'', u'', u'']
check '' ''
[u'OHSF301_YEAR_2018', u'OHSF301_YEAR_2017', u'OHSF301', u'OCCUPATIONAL HEALTH AND SAFETY III', u'NDEVH1', u'ND: ENVIRONMENTAL HEALTH', u'11', u'YEAR', u'D1', u'Durban Campus Full-time', u'A', u'40003019:NIRANJAN', 29.0]
check 'OHSF301_YEAR_2018' 'OHSF301'
processXLS: only for SEM2 [u'OHSF301_YEAR_2018', u'OHSF301_YEAR_2017', u'OHSF301', u'OCCUPATIONAL HEALTH AND SAFETY III', u'NDEVH1', u'ND: ENVIRONMENTAL HEALTH', u'11', u'YEAR', u'D1', u'Durban Campus Full-time', u'A', u'40003019:NIRANJAN', 29.0]
[u'', u'', u'', u'', u'', u'', u'', u'', u'', u'', u'', u'', u'']
check '' ''
[u'APDV401_YEAR_2018', u'APDV401_YEAR_2017', u'APDV401', u'APPLIED DEVELOPMENT FOR CYC & YW IV', u'BTCYC2', u'BT: CHILD AND YOUTH DEVELOPMENT (CYC)', u'11', u'YEAR', u'D1', u'Durban Campus Full-time', u'A', u'40000656:BHAGWAN', 14.0]
check 'APDV401_YEAR_2018' 'APDV401'
processXLS: only for SEM2 [u'APDV401_YEAR_2018', u'APDV401_YEAR_2017', u'APDV401', u'APPLIED DEVELOPMENT FOR CYC & YW IV', u'BTCYC2', u'BT: CHILD AND YOUTH DEVELOPMENT (CYC)', u'11', u'YEAR', u'D1', u'Durban Campus Full-time', u'A', u'40000656:BHAGWAN', 14.0]
[u'APDV401_YEAR_2018', u'APDV401_YEAR_2017', u'APDV401', u'APPLIED DEVELOPMENT FOR CYC & YW IV', u'BTCYC2', u'BT: CHILD AND YOUTH DEVELOPMENT (CYC)', u'11', u'YEAR', u'D3', u'Durban Campus Part-time', u'A', u'40000656:BHAGWAN', 3.0]
check 'APDV401_YEAR_2018' 'APDV401'
processXLS: only for SEM2 [u'APDV401_YEAR_2018', u'APDV401_YEAR_2017', u'APDV401', u'APPLIED DEVELOPMENT FOR CYC & YW IV', u'BTCYC2', u'BT: CHILD AND YOUTH DEVELOPMENT (CYC)', u'11', u'YEAR', u'D3', u'Durban Campus Part-time', u'A', u'40000656:BHAGWAN', 3.0]
[u'', u'', u'', u'', u'', u'', u'', u'', u'', u'', u'', u'', u'']
check '' ''
[u'APOL401_YEAR_2018', u'APOL401_YEAR_2017', u'APOL401', u'AIR POLLUTION IV', u'BTEVH1', u'BT: ENVIRONMENTAL HEALTH', u'11', u'YEAR', u'D1', u'Durban Campus Full-time', u'A', u'40011080:GABELA', 6.0]
check 'APOL401_YEAR_2018' 'APOL401'
processXLS: only for SEM2 [u'APOL401_YEAR_2018', u'APOL401_YEAR_2017', u'APOL401', u'AIR POLLUTION IV', u'BTEVH1', u'BT: ENVIRONMENTAL HEALTH', u'11', u'YEAR', u'D1', u'Durban Campus Full-time', u'A', u'40011080:GABELA', 6.0]
[u'APOL401_YEAR_2018', u'APOL401_YEAR_2017', u'APOL401', u'AIR POLLUTION IV', u'BTEVH1', u'BT: ENVIRONMENTAL HEALTH', u'11', u'YEAR', u'D3', u'Durban Campus Part-time', u'A', u'40011080:GABELA', 5.0]
check 'APOL401_YEAR_2018' 'APOL401'
processXLS: only for SEM2 [u'APOL401_YEAR_2018', u'APOL401_YEAR_2017', u'APOL401', u'AIR POLLUTION IV', u'BTEVH1', u'BT: ENVIRONMENTAL HEALTH', u'11', u'YEAR', u'D3', u'Durban Campus Part-time', u'A', u'40011080:GABELA', 5.0]
[u'', u'', u'', u'', u'', u'', u'', u'', u'', u'', u'', u'', u'']
check '' ''
[u'CYCR401_YEAR_2018', u'CYCR401_YEAR_2017', u'CYCR401', u'CHILD AND YOUTH CARE RESEARCH AND PRACTICE', u'BTCYC2', u'BT: CHILD AND YOUTH DEVELOPMENT (CYC)', u'11', u'YEAR', u'D1', u'Durban Campus Full-time', u'A', u'40000656:BHAGWAN', 15.0]
check 'CYCR401_YEAR_2018' 'CYCR401'
processXLS: only for SEM2 [u'CYCR401_YEAR_2018', u'CYCR401_YEAR_2017', u'CYCR401', u'CHILD AND YOUTH CARE RESEARCH AND PRACTICE', u'BTCYC2', u'BT: CHILD AND YOUTH DEVELOPMENT (CYC)', u'11', u'YEAR', u'D1', u'Durban Campus Full-time', u'A', u'40000656:BHAGWAN', 15.0]
[u'CYCR401_YEAR_2018', u'CYCR401_YEAR_2017', u'CYCR401', u'CHILD AND YOUTH CARE RESEARCH AND PRACTICE', u'BTCYC2', u'BT: CHILD AND YOUTH DEVELOPMENT (CYC)', u'11', u'YEAR', u'D3', u'Durban Campus Part-time', u'A', u'40000656:BHAGWAN', 8.0]
check 'CYCR401_YEAR_2018' 'CYCR401'
processXLS: only for SEM2 [u'CYCR401_YEAR_2018', u'CYCR401_YEAR_2017', u'CYCR401', u'CHILD AND YOUTH CARE RESEARCH AND PRACTICE', u'BTCYC2', u'BT: CHILD AND YOUTH DEVELOPMENT (CYC)', u'11', u'YEAR', u'D3', u'Durban Campus Part-time', u'A', u'40000656:BHAGWAN', 8.0]
[u'', u'', u'', u'', u'', u'', u'', u'', u'', u'', u'', u'', u'']
check '' ''
[u'CYTC401_YEAR_2018', u'CYTC401_YEAR_2017', u'CYTC401', u'CHILD AND YOUTH CARE IV', u'BTCYC2', u'BT: CHILD AND YOUTH DEVELOPMENT (CYC)', u'11', u'YEAR', u'D1', u'Durban Campus Full-time', u'A', u'50002529-WINFIELD', 14.0]
check 'CYTC401_YEAR_2018' 'CYTC401'
processXLS: only for SEM2 [u'CYTC401_YEAR_2018', u'CYTC401_YEAR_2017', u'CYTC401', u'CHILD AND YOUTH CARE IV', u'BTCYC2', u'BT: CHILD AND YOUTH DEVELOPMENT (CYC)', u'11', u'YEAR', u'D1', u'Durban Campus Full-time', u'A', u'50002529-WINFIELD', 14.0]
[u'CYTC401_YEAR_2018', u'CYTC401_YEAR_2017', u'CYTC401', u'CHILD AND YOUTH CARE IV', u'BTCYC2', u'BT: CHILD AND YOUTH DEVELOPMENT (CYC)', u'11', u'YEAR', u'D3', u'Durban Campus Part-time', u'A', u'50002529-WINFIELD', 3.0]
check 'CYTC401_YEAR_2018' 'CYTC401'
processXLS: only for SEM2 [u'CYTC401_YEAR_2018', u'CYTC401_YEAR_2017', u'CYTC401', u'CHILD AND YOUTH CARE IV', u'BTCYC2', u'BT: CHILD AND YOUTH DEVELOPMENT (CYC)', u'11', u'YEAR', u'D3', u'Durban Campus Part-time', u'A', u'50002529-WINFIELD', 3.0]
[u'', u'', u'', u'', u'', u'', u'', u'', u'', u'', u'', u'', u'']
check '' ''
[u'EEPI402_YEAR_2018', u'EEPI402_YEAR_2017', u'EEPI402', u'ENVIRONMENTAL EPIDEMIOLOGY IV', u'BTEVH1', u'BT: ENVIRONMENTAL HEALTH', u'11', u'YEAR', u'D1', u'Durban Campus Full-time', u'A', u'50009334:KISTNASAMY', 1.0]
check 'EEPI402_YEAR_2018' 'EEPI402'
processXLS: only for SEM2 [u'EEPI402_YEAR_2018', u'EEPI402_YEAR_2017', u'EEPI402', u'ENVIRONMENTAL EPIDEMIOLOGY IV', u'BTEVH1', u'BT: ENVIRONMENTAL HEALTH', u'11', u'YEAR', u'D1', u'Durban Campus Full-time', u'A', u'50009334:KISTNASAMY', 1.0]
[u'EEPI402_YEAR_2018', u'EEPI402_YEAR_2017', u'EEPI402', u'ENVIRONMENTAL EPIDEMIOLOGY IV', u'BTEVH1', u'BT: ENVIRONMENTAL HEALTH', u'11', u'YEAR', u'D3', u'Durban Campus Part-time', u'A', u'50009334:KISTNASAMY', 11.0]
check 'EEPI402_YEAR_2018' 'EEPI402'
processXLS: only for SEM2 [u'EEPI402_YEAR_2018', u'EEPI402_YEAR_2017', u'EEPI402', u'ENVIRONMENTAL EPIDEMIOLOGY IV', u'BTEVH1', u'BT: ENVIRONMENTAL HEALTH', u'11', u'YEAR', u'D3', u'Durban Campus Part-time', u'A', u'50009334:KISTNASAMY', 11.0]
[u'', u'', u'', u'', u'', u'', u'', u'', u'', u'', u'', u'', u'']
check '' ''
[u'FHYG402_YEAR_2018', u'FHYG402_YEAR_2017', u'FHYG402', u'FOOD HYGIENE IV', u'BTEVH1', u'BT: ENVIRONMENTAL HEALTH', u'11', u'YEAR', u'D1', u'Durban Campus Full-time', u'A', u'40007593:DALASILE', 4.0]
check 'FHYG402_YEAR_2018' 'FHYG402'
processXLS: only for SEM2 [u'FHYG402_YEAR_2018', u'FHYG402_YEAR_2017', u'FHYG402', u'FOOD HYGIENE IV', u'BTEVH1', u'BT: ENVIRONMENTAL HEALTH', u'11', u'YEAR', u'D1', u'Durban Campus Full-time', u'A', u'40007593:DALASILE', 4.0]
[u'FHYG402_YEAR_2018', u'FHYG402_YEAR_2017', u'FHYG402', u'FOOD HYGIENE IV', u'BTEVH1', u'BT: ENVIRONMENTAL HEALTH', u'11', u'YEAR', u'D3', u'Durban Campus Part-time', u'A', u'40007593:DALASILE', 13.0]
check 'FHYG402_YEAR_2018' 'FHYG402'
processXLS: only for SEM2 [u'FHYG402_YEAR_2018', u'FHYG402_YEAR_2017', u'FHYG402', u'FOOD HYGIENE IV', u'BTEVH1', u'BT: ENVIRONMENTAL HEALTH', u'11', u'YEAR', u'D3', u'Durban Campus Part-time', u'A', u'40007593:DALASILE', 13.0]
[u'', u'', u'', u'', u'', u'', u'', u'', u'', u'', u'', u'', u'']
check '' ''
[u'MANP401_YEAR_2018', u'MANP401_YEAR_2017', u'MANP401', u'MANAGEMENT PRACTICE IV', u'BTEVH1', u'BT: ENVIRONMENTAL HEALTH', u'11', u'YEAR', u'D1', u'Durban Campus Full-time', u'A', u'40010088:GHUMAN', 11.0]
check 'MANP401_YEAR_2018' 'MANP401'
processXLS: only for SEM2 [u'MANP401_YEAR_2018', u'MANP401_YEAR_2017', u'MANP401', u'MANAGEMENT PRACTICE IV', u'BTEVH1', u'BT: ENVIRONMENTAL HEALTH', u'11', u'YEAR', u'D1', u'Durban Campus Full-time', u'A', u'40010088:GHUMAN', 11.0]
[u'MANP401_YEAR_2018', u'MANP401_YEAR_2017', u'MANP401', u'MANAGEMENT PRACTICE IV', u'BTEVH1', u'BT: ENVIRONMENTAL HEALTH', u'11', u'YEAR', u'D3', u'Durban Campus Part-time', u'A', u'40010088:GHUMAN', 17.0]
check 'MANP401_YEAR_2018' 'MANP401'
processXLS: only for SEM2 [u'MANP401_YEAR_2018', u'MANP401_YEAR_2017', u'MANP401', u'MANAGEMENT PRACTICE IV', u'BTEVH1', u'BT: ENVIRONMENTAL HEALTH', u'11', u'YEAR', u'D3', u'Durban Campus Part-time', u'A', u'40010088:GHUMAN', 17.0]
[u'', u'', u'', u'', u'', u'', u'', u'', u'', u'', u'', u'', u'']
check '' ''
[u'OHSF401_YEAR_2018', u'OHSF401_YEAR_2017', u'OHSF401', u'OCCUPATIONAL HEALTH AND SAFETY IV', u'BTEVH1', u'BT: ENVIRONMENTAL HEALTH', u'11', u'YEAR', u'D1', u'Durban Campus Full-time', u'A', u'40003019:NIRANJAN', 9.0]
check 'OHSF401_YEAR_2018' 'OHSF401'
processXLS: only for SEM2 [u'OHSF401_YEAR_2018', u'OHSF401_YEAR_2017', u'OHSF401', u'OCCUPATIONAL HEALTH AND SAFETY IV', u'BTEVH1', u'BT: ENVIRONMENTAL HEALTH', u'11', u'YEAR', u'D1', u'Durban Campus Full-time', u'A', u'40003019:NIRANJAN', 9.0]
[u'OHSF401_YEAR_2018', u'OHSF401_YEAR_2017', u'OHSF401', u'OCCUPATIONAL HEALTH AND SAFETY IV', u'BTEVH1', u'BT: ENVIRONMENTAL HEALTH', u'11', u'YEAR', u'D3', u'Durban Campus Part-time', u'A', u'40003019:NIRANJAN', 10.0]
check 'OHSF401_YEAR_2018' 'OHSF401'
processXLS: only for SEM2 [u'OHSF401_YEAR_2018', u'OHSF401_YEAR_2017', u'OHSF401', u'OCCUPATIONAL HEALTH AND SAFETY IV', u'BTEVH1', u'BT: ENVIRONMENTAL HEALTH', u'11', u'YEAR', u'D3', u'Durban Campus Part-time', u'A', u'40003019:NIRANJAN', 10.0]
[u'', u'', u'', u'', u'', u'', u'', u'', u'', u'', u'', u'', u'']
check '' ''
[u'WMGT401_YEAR_2018', u'WMGT401_YEAR_2017', u'WMGT401', u'WASTE MANAGEMENT IV', u'BTEVH1', u'BT: ENVIRONMENTAL HEALTH', u'11', u'YEAR', u'D1', u'Durban Campus Full-time', u'A', u'40011080:GABELA', 2.0]
check 'WMGT401_YEAR_2018' 'WMGT401'
processXLS: only for SEM2 [u'WMGT401_YEAR_2018', u'WMGT401_YEAR_2017', u'WMGT401', u'WASTE MANAGEMENT IV', u'BTEVH1', u'BT: ENVIRONMENTAL HEALTH', u'11', u'YEAR', u'D1', u'Durban Campus Full-time', u'A', u'40011080:GABELA', 2.0]
[u'WMGT401_YEAR_2018', u'WMGT401_YEAR_2017', u'WMGT401', u'WASTE MANAGEMENT IV', u'BTEVH1', u'BT: ENVIRONMENTAL HEALTH', u'11', u'YEAR', u'D3', u'Durban Campus Part-time', u'A', u'40011080:GABELA', 11.0]
check 'WMGT401_YEAR_2018' 'WMGT401'
processXLS: only for SEM2 [u'WMGT401_YEAR_2018', u'WMGT401_YEAR_2017', u'WMGT401', u'WASTE MANAGEMENT IV', u'BTEVH1', u'BT: ENVIRONMENTAL HEALTH', u'11', u'YEAR', u'D3', u'Durban Campus Part-time', u'A', u'40011080:GABELA', 11.0]
[u'', u'', u'', u'', u'', u'', u'', u'', u'', u'', u'', u'', u'']
check '' ''
[u'OHSF101_SEM1_2018', u'OHSF101_SEM1_2017', u'OHSF101', u'OHSF101: OCCUPATIONAL HEALTH AND SAFETY I 2017', u'BHEVH1', u'BT: ENVIRONMENTAL HEALTH', u'21', u'SEMESTER 1', u'D1', u'Durban Campus Full-time', u'', u'40003019:NIRANJAN', 1.0]
check 'OHSF101_SEM1_2018' 'OHSF101'
processXLS: only for SEM2 [u'OHSF101_SEM1_2018', u'OHSF101_SEM1_2017', u'OHSF101', u'OHSF101: OCCUPATIONAL HEALTH AND SAFETY I 2017', u'BHEVH1', u'BT: ENVIRONMENTAL HEALTH', u'21', u'SEMESTER 1', u'D1', u'Durban Campus Full-time', u'', u'40003019:NIRANJAN', 1.0]
[u'', u'', u'', u'', u'', u'', u'', u'', u'', u'', u'', u'', u'']
check '' ''
[u'RPLH511_YEAR_2018', u'RPLH511_YEAR_2017', u'RPLH511', u'RESEARCH PROJECT AND DISSERTATION (1ST REGIST', u'MHEVH1', u'MH:  ENVIRONMENTAL HEALTH', u'P0', u'POST-GRAD ANNUAL REGISTRATIONS', u'D1', u'Durban Campus Full-time', u'A', u'50002493:REDDY', 6.0]
check 'RPLH511_YEAR_2018' 'RPLH511'
processXLS: only for SEM2 [u'RPLH511_YEAR_2018', u'RPLH511_YEAR_2017', u'RPLH511', u'RESEARCH PROJECT AND DISSERTATION (1ST REGIST', u'MHEVH1', u'MH:  ENVIRONMENTAL HEALTH', u'P0', u'POST-GRAD ANNUAL REGISTRATIONS', u'D1', u'Durban Campus Full-time', u'A', u'50002493:REDDY', 6.0]
[u'', u'', u'', u'', u'', u'', u'', u'', u'', u'', u'', u'', u'']
check '' ''
[u'RMEH101_SEM2_2018', u'RMEH101_SEM2_2017', u'BCHM101', u'RESEARCH METHODOLOGY I', u'BHEVH1', u'BH:  ENVIRONMENTAL HEALTH', u'22', u'SEMESTER 2', u'D1', u'Durban Campus Full-time', u'A', u'50002493:REDDY', 26.0]
check 'RMEH101_SEM2_2018' 'BCHM101'
[u'', u'', u'', u'', u'', u'', u'', u'', u'', u'', u'', u'', u'']
check '' ''
[u'CHCR101_SEM1_2018', u'CHCR101_SEM1_2017', u'CHCR101', u'COMMUNITY HEALTH CARE AND RESEARCH 1', u'GENED', u'FACULTY GENED', u'11', u'SEMESTER 1', u'D1', u'Durban Campus Full-time', u'A', u'50002493:REDDY', 70.0]
check 'CHCR101_SEM1_2018' 'CHCR101'
processXLS: only for SEM2 [u'CHCR101_SEM1_2018', u'CHCR101_SEM1_2017', u'CHCR101', u'COMMUNITY HEALTH CARE AND RESEARCH 1', u'GENED', u'FACULTY GENED', u'11', u'SEMESTER 1', u'D1', u'Durban Campus Full-time', u'A', u'50002493:REDDY', 70.0]
[u'', u'', u'', u'', u'', u'', u'', u'', u'', u'', u'', u'', u'']
check '' ''
[u'BHVM301_SEM2_2018', u'BHVM301_SEM2_2017', u'BHVM301', u'BEHAVIOUR MANAGEMENT III', u'BCCYC1', u'BC: CHILD AND YOUTH CARE', u'22', u'SEMESTER 2', u'D1', u'Durban Campus Full-time', u'A', u'50002529-WINFIELD', u'']
check 'BHVM301_SEM2_2018' 'BHVM301'
adding  BHVM301
requesting:  http://10.0.100.98:8000/bbinfo/matching_courses/BHVM301%25
r= <Response [200]>
matching classes= set([u'BHVM301_SEM2_2018', u'BHVM301_SEM2_2017'])
[u'', u'', u'', u'', u'', u'', u'', u'', u'', u'', u'', u'', u'']
check '' ''
[u'CCWF101_SEM1_2018', u'CCWF101_SEM1_2017', u'CCWF101', u'CHILD AND YOUTH CARE WORK WITH FAMILIES AND COMMUNITIES', u'BCCYC1', u'BC: CHILD AND YOUTH CARE', u'21', u'SEMESTER 1', u'D1 Durban CAMPUS Full-time', u'', u'A', u'40000656:BHAGWAN', u'']
check 'CCWF101_SEM1_2018' 'CCWF101'
processXLS: only for SEM2 [u'CCWF101_SEM1_2018', u'CCWF101_SEM1_2017', u'CCWF101', u'CHILD AND YOUTH CARE WORK WITH FAMILIES AND COMMUNITIES', u'BCCYC1', u'BC: CHILD AND YOUTH CARE', u'21', u'SEMESTER 1', u'D1 Durban CAMPUS Full-time', u'', u'A', u'40000656:BHAGWAN', u'']
[u'', u'', u'', u'', u'', u'', u'', u'', u'', u'', u'', u'', u'']
check '' ''
[u'HDVB301_SEM2_2018', u'HDVB301_SEM2_2017', u'HDVB301', u'HUMAN DEVELOPMENT IIIB', u'BCCYC1', u'BC: CHILD AND YOUTH CARE', u'22', u'SEMESTER 2', u'D1', u'Durban Campus Full-time', u'A', u'50009552:DEWAN', 1.0]
check 'HDVB301_SEM2_2018' 'HDVB301'
adding  HDVB301
requesting:  http://10.0.100.98:8000/bbinfo/matching_courses/HDVB301%25
r= <Response [200]>
matching classes= set([u'HDVB301_SEM2_2018', u'HDVB301_SEM2_2017'])
[u'', u'', u'', u'', u'', u'', u'', u'', u'', u'', u'', u'', u'']
check '' ''
[u'HDVA301_SEM1_2018', u'HDVA301_SEM1_2017', u'HDVA301', u'HUMAN DEVELOPMENT IIIA', u'BCCYC1', u'BC: CHILD AND YOUTH CARE', u'21', u'SEMESTER 1', u'D1 Durban CAMPUS Full-time', u'', u'A', u'50009552:DEWAN', 1.0]
check 'HDVA301_SEM1_2018' 'HDVA301'
processXLS: only for SEM2 [u'HDVA301_SEM1_2018', u'HDVA301_SEM1_2017', u'HDVA301', u'HUMAN DEVELOPMENT IIIA', u'BCCYC1', u'BC: CHILD AND YOUTH CARE', u'21', u'SEMESTER 1', u'D1 Durban CAMPUS Full-time', u'', u'A', u'50009552:DEWAN', 1.0]
[u'', u'', u'', u'', u'', u'', u'', u'', u'', u'', u'', u'', u'']
check '' ''
[u'PLBE101_SEM1_2018', u'PLBE101_SEM1_2017', u'PLBE101', u'PLBE101: PLANNING FOR BUILT ENVIRONMENT 2017', u'BHEVH1', u'BT: ENVIRONMENTAL HEALTH', u'21', u'SEMESTER 1', u'D1', u'Durban Campus Full-time', u'A', u'40011080:GABELA', 1.0]
check 'PLBE101_SEM1_2018' 'PLBE101'
processXLS: only for SEM2 [u'PLBE101_SEM1_2018', u'PLBE101_SEM1_2017', u'PLBE101', u'PLBE101: PLANNING FOR BUILT ENVIRONMENT 2017', u'BHEVH1', u'BT: ENVIRONMENTAL HEALTH', u'21', u'SEMESTER 1', u'D1', u'Durban Campus Full-time', u'A', u'40011080:GABELA', 1.0]
[u'...', u'', u'', u'', u'', u'', u'', u'', u'', u'', u'', u'', u'']
check '...' ''
[u'New subjects for 2018', u'NEW SUBJECTS 2018', u'', u'', u'', u'', u'', u'', u'', u'', u'', u'', u'']
check 'New subjects for 2018' ''
[u'EPDM101_SEM2_2018', u'template_2018', u'EPDM101', u'EPDM101: EPIDEMIOLOGY I', u'BHEVH1', u'BT: ENVIRONMENTAL HEALTH', 22.0, u'SEMESTER 2', u'D1', u'Durban Campus Full-time', u'A', u'40011080:GABELA', u'']
check 'EPDM101_SEM2_2018' 'EPDM101'
processXLS: only for SEM2 [u'EPDM101_SEM2_2018', u'template_2018', u'EPDM101', u'EPDM101: EPIDEMIOLOGY I', u'BHEVH1', u'BT: ENVIRONMENTAL HEALTH', 22.0, u'SEMESTER 2', u'D1', u'Durban Campus Full-time', u'A', u'40011080:GABELA', u'']
[u'', u'', u'', u'', u'', u'', u'', u'', u'', u'', u'', u'', u'']
check '' ''
[u'ENPL201_SEM1_2018', u'ENPL201_SEM1_2018', u'ENPL201', u'ENPL201: ENVIRONMENTAL POLLUTION II', u'BHEVH1', u'BT: ENVIRONMENTAL HEALTH', u'21', u'SEMESTER 1', u'D1', u'Durban Campus Full-time', u'A', u'40011080:GABELA', u'']
check 'ENPL201_SEM1_2018' 'ENPL201'
processXLS: only for SEM2 [u'ENPL201_SEM1_2018', u'ENPL201_SEM1_2018', u'ENPL201', u'ENPL201: ENVIRONMENTAL POLLUTION II', u'BHEVH1', u'BT: ENVIRONMENTAL HEALTH', u'21', u'SEMESTER 1', u'D1', u'Durban Campus Full-time', u'A', u'40011080:GABELA', u'']
[u'', u'', u'', u'', u'', u'', u'', u'', u'', u'', u'', u'', u'']
check '' ''
[u'HINM101_SEM2_2018', u'template_2018', u'HINM101', u'HINM101: HEALTH INFORMATION MANAGEMENT', u'BHEVH1', u'BT: ENVIRONMENTAL HEALTH', 22.0, u'SEMESTER 2', u'D1', u'Durban Campus Full-time', u'A', u'40011080:GABELA', u'']
check 'HINM101_SEM2_2018' 'HINM101'
processXLS: only for SEM2 [u'HINM101_SEM2_2018', u'template_2018', u'HINM101', u'HINM101: HEALTH INFORMATION MANAGEMENT', u'BHEVH1', u'BT: ENVIRONMENTAL HEALTH', 22.0, u'SEMESTER 2', u'D1', u'Durban Campus Full-time', u'A', u'40011080:GABELA', u'']
[u'', u'', u'', u'', u'', u'', u'', u'', u'', u'', u'', u'', u'']
check '' ''
[u'FHYG101_SEM1_2018', u'FHYG101_SEM1_2018', u'FHYG101', u'FHYG101: FOOD HYGIENE I', u'BHEVH1', u'BT: ENVIRONMENTAL HEALTH', u'21', u'SEMESTER 1', u'D1', u'Durban Campus Full-time', u'A', u'40007593:DALASILE', u'']
check 'FHYG101_SEM1_2018' 'FHYG101'
processXLS: only for SEM2 [u'FHYG101_SEM1_2018', u'FHYG101_SEM1_2018', u'FHYG101', u'FHYG101: FOOD HYGIENE I', u'BHEVH1', u'BT: ENVIRONMENTAL HEALTH', u'21', u'SEMESTER 1', u'D1', u'Durban Campus Full-time', u'A', u'40007593:DALASILE', u'']
[u'', u'', u'', u'', u'', u'', u'', u'', u'', u'', u'', u'', u'']
check '' ''
[u'FHYG201_SEM2_2018', u'template_2018', u'FHYG201', u'FHYG201: FOOD HYGIENE II', u'BHEVH1', u'BT: ENVIRONMENTAL HEALTH', 22.0, u'SEMESTER 2', u'D1', u'Durban Campus Full-time', u'A', u'40007593:DALASILE', u'']
check 'FHYG201_SEM2_2018' 'FHYG201'
processXLS: only for SEM2 [u'FHYG201_SEM2_2018', u'template_2018', u'FHYG201', u'FHYG201: FOOD HYGIENE II', u'BHEVH1', u'BT: ENVIRONMENTAL HEALTH', 22.0, u'SEMESTER 2', u'D1', u'Durban Campus Full-time', u'A', u'40007593:DALASILE', u'']
[u'', u'', u'', u'', u'', u'', u'', u'', u'', u'', u'', u'', u'']
check '' ''
[u'OHSF201_SEM1_2018', u'OHSF201_SEM1_2018', u'OHSF201', u'OHSF201: OCCUPATIONAL HEALTH AND SAFETY II', u'BHEVH1', u'BT: ENVIRONMENTAL HEALTH', u'21', u'SEMESTER 1', u'D1', u'Durban Campus Full-time', u'A', u'40003019:NIRANJAN', u'']
check 'OHSF201_SEM1_2018' 'OHSF201'
processXLS: only for SEM2 [u'OHSF201_SEM1_2018', u'OHSF201_SEM1_2018', u'OHSF201', u'OHSF201: OCCUPATIONAL HEALTH AND SAFETY II', u'BHEVH1', u'BT: ENVIRONMENTAL HEALTH', u'21', u'SEMESTER 1', u'D1', u'Durban Campus Full-time', u'A', u'40003019:NIRANJAN', u'']
[u'', u'', u'', u'', u'', u'', u'', u'', u'', u'', u'', u'', u'']
check '' ''
[u'ELLP101_SEM1_2018', u'ELLP101_SEM1_2018', u'ELLP101', u'ELLP101: ENVIRON. LAW & LEGAL PROCESSES', u'BHEVH1', u'BT: ENVIRONMENTAL HEALTH', u'21', u'SEMESTER 1', u'D1', u'Durban Campus Full-time', u'A', u'40003019:NIRANJAN', u'']
check 'ELLP101_SEM1_2018' 'ELLP101'
processXLS: only for SEM2 [u'ELLP101_SEM1_2018', u'ELLP101_SEM1_2018', u'ELLP101', u'ELLP101: ENVIRON. LAW & LEGAL PROCESSES', u'BHEVH1', u'BT: ENVIRONMENTAL HEALTH', u'21', u'SEMESTER 1', u'D1', u'Durban Campus Full-time', u'A', u'40003019:NIRANJAN', u'']
[u'', u'', u'', u'', u'', u'', u'', u'', u'', u'', u'', u'', u'']
check '' ''
[u'RMGY105_YEAR_2018', u'RMGY105_YEAR_2018', u'RMGY105', u'RESEARCH METHODOLOGY', u'BTEVH1', u'BT: ENVIRONMENTAL HEALTH', u'11', u'YEAR', u'D1', u'Durban Campus Full-time', u'A', u'50002493:REDDY', u'']
check 'RMGY105_YEAR_2018' 'RMGY105'
processXLS: only for SEM2 [u'RMGY105_YEAR_2018', u'RMGY105_YEAR_2018', u'RMGY105', u'RESEARCH METHODOLOGY', u'BTEVH1', u'BT: ENVIRONMENTAL HEALTH', u'11', u'YEAR', u'D1', u'Durban Campus Full-time', u'A', u'50002493:REDDY', u'']
[u'', u'', u'', u'', u'', u'', u'', u'', u'', u'', u'', u'', u'']
check '' ''
[u'RMGY105_YEAR_2018', u'RMGY105_YEAR_2018', u'RMGY105', u'RESEARCH METHODOLOGY', u'BTEVH1', u'BT: ENVIRONMENTAL HEALTH', u'11', u'YEAR', u'D3', u'Durban Campus Part-time', u'A', u'50002493:REDDY', u'']
check 'RMGY105_YEAR_2018' 'RMGY105'
processXLS: only for SEM2 [u'RMGY105_YEAR_2018', u'RMGY105_YEAR_2018', u'RMGY105', u'RESEARCH METHODOLOGY', u'BTEVH1', u'BT: ENVIRONMENTAL HEALTH', u'11', u'YEAR', u'D3', u'Durban Campus Part-time', u'A', u'50002493:REDDY', u'']
[u'', u'', u'', u'', u'', u'', u'', u'', u'', u'', u'', u'', u'']
check '' ''
[u'RMEH201_SEM2_2018', u'template_2018', u'RMEH201', u'RMEH201: RESEARCH METHODOLOGY II', u'BHEVH1', u'BT: ENVIRONMENTAL HEALTH', 22.0, u'SEMESTER 2', u'D1', u'Durban Campus Full-time', u'A', u'50002493:REDDY', u'']
check 'RMEH201_SEM2_2018' 'RMEH201'
processXLS: only for SEM2 [u'RMEH201_SEM2_2018', u'template_2018', u'RMEH201', u'RMEH201: RESEARCH METHODOLOGY II', u'BHEVH1', u'BT: ENVIRONMENTAL HEALTH', 22.0, u'SEMESTER 2', u'D1', u'Durban Campus Full-time', u'A', u'50002493:REDDY', u'']
[u'', u'', u'', u'', u'', u'', u'', u'', u'', u'', u'', u'', u'']
check '' ''
[u'ENPL301_SEM1_2018', u'ENPL101_SEM1_2018', u'ENPL101', u'ENPL101: ENVIRONMENTAL POLLUTION I', u'BHEVH1', u'BT: ENVIRONMENTAL HEALTH', u'21', u'SEMESTER 1', u'D1', u'Durban Campus Full-time', u'A', u'40010088:GHUMAN', u'']
check 'ENPL301_SEM1_2018' 'ENPL101'
[u'', u'', u'', u'', u'', u'', u'', u'', u'', u'', u'', u'', u'']
check '' ''
[u'SOAN101_SEM2_2018', u'template_2018', u'SOAN101', u'SOAN101: SOCIOLOGY & ANTHROPOLOGY 1', u'BHEVH1', u'BT: ENVIRONMENTAL HEALTH', 22.0, u'SEMESTER 2', u'D1', u'Durban Campus Full-time', u'A', u'40010088:GHUMAN', u'']
check 'SOAN101_SEM2_2018' 'SOAN101'
processXLS: only for SEM2 [u'SOAN101_SEM2_2018', u'template_2018', u'SOAN101', u'SOAN101: SOCIOLOGY & ANTHROPOLOGY 1', u'BHEVH1', u'BT: ENVIRONMENTAL HEALTH', 22.0, u'SEMESTER 2', u'D1', u'Durban Campus Full-time', u'A', u'40010088:GHUMAN', u'']
[u'', u'', u'', u'', u'', u'', u'', u'', u'', u'', u'', u'', u'']
check '' ''
[u'EHMA101_SEM1_2018', u'EHMA101_SEM1_2018', u'EHMA101', u'EHMA101: EH MANAGEMENT & ADMIN 1', u'BHEVH1', u'BT: ENVIRONMENTAL HEALTH', 21.0, u'SEMESTER 1', u'D1', u'Durban Campus Full-time', u'A', u'40010088:GHUMAN', u'']
check 'EHMA101_SEM1_2018' 'EHMA101'
processXLS: only for SEM2 [u'EHMA101_SEM1_2018', u'EHMA101_SEM1_2018', u'EHMA101', u'EHMA101: EH MANAGEMENT & ADMIN 1', u'BHEVH1', u'BT: ENVIRONMENTAL HEALTH', 21.0, u'SEMESTER 1', u'D1', u'Durban Campus Full-time', u'A', u'40010088:GHUMAN', u'']
[u'', u'', u'', u'', u'', u'', u'', u'', u'', u'', u'', u'', u'']
check '' ''
[u'EPDM201_SEM2_2018', u'template_2018', u'EPDM201', u'EPDM201: EPIDEMIOLOGY II', u'BHEVH1', u'BT: ENVIRONMENTAL HEALTH', 22.0, u'SEMESTER 2', u'D1', u'Durban Campus Full-time', u'A', u'40010088:GHUMAN', u'']
check 'EPDM201_SEM2_2018' 'EPDM201'
processXLS: only for SEM2 [u'EPDM201_SEM2_2018', u'template_2018', u'EPDM201', u'EPDM201: EPIDEMIOLOGY II', u'BHEVH1', u'BT: ENVIRONMENTAL HEALTH', 22.0, u'SEMESTER 2', u'D1', u'Durban Campus Full-time', u'A', u'40010088:GHUMAN', u'']
[u'', u'', u'', u'', u'', u'', u'', u'', u'', u'', u'', u'', u'']
check '' ''
[u'HDVA401_SEM1_2018', u'HDVA401_SEM1_2018', u'HDVA401', u'HDVA401: HUMAN DEVELOPMENT IV', u'BCCYC1', u'BC: CHILD AND YOUTH CARE', u'21', u'SEMESTER 1', u'D1 Durban CAMPUS Full-time', u'', u'A', u'50009552:DEWAN', u'']
check 'HDVA401_SEM1_2018' 'HDVA401'
processXLS: only for SEM2 [u'HDVA401_SEM1_2018', u'HDVA401_SEM1_2018', u'HDVA401', u'HDVA401: HUMAN DEVELOPMENT IV', u'BCCYC1', u'BC: CHILD AND YOUTH CARE', u'21', u'SEMESTER 1', u'D1 Durban CAMPUS Full-time', u'', u'A', u'50009552:DEWAN', u'']
[u'', u'', u'', u'', u'', u'', u'', u'', u'', u'', u'', u'', u'']
check '' ''
[u'HDVB401_SEM1_2018', u'template_2018', u'HDVB401', u'HDVB401: HUMAN DEVELOPMENT IV', u'BCCYC1', u'BC: CHILD AND YOUTH CARE', u'21', u'SEMESTER 1', u'D1 Durban CAMPUS Full-time', u'', u'A', u'50009552:DEWAN', u'']
check 'HDVB401_SEM1_2018' 'HDVB401'
processXLS: only for SEM2 [u'HDVB401_SEM1_2018', u'template_2018', u'HDVB401', u'HDVB401: HUMAN DEVELOPMENT IV', u'BCCYC1', u'BC: CHILD AND YOUTH CARE', u'21', u'SEMESTER 1', u'D1 Durban CAMPUS Full-time', u'', u'A', u'50009552:DEWAN', u'']
[u'', u'', u'', u'', u'', u'', u'', u'', u'', u'', u'', u'', u'']
check '' ''
[u'LSCI101_SEM2_2018', u'template_2018', u'LSCI101', u'LSCI: LIFE-SPACE CRISIS INTERVENTION', u'BCCYC1', u'BC:  CHILD AND YOUTH CARE', 22.0, u'SEMESTER 2', u'D1', u'Durban Campus Full-time', u'A', u'50002529-WINFIELD ', u'']
check 'LSCI101_SEM2_2018' 'LSCI101'
processXLS: only for SEM2 [u'LSCI101_SEM2_2018', u'template_2018', u'LSCI101', u'LSCI: LIFE-SPACE CRISIS INTERVENTION', u'BCCYC1', u'BC:  CHILD AND YOUTH CARE', 22.0, u'SEMESTER 2', u'D1', u'Durban Campus Full-time', u'A', u'50002529-WINFIELD ', u'']
[u'', u'', u'', u'', u'', u'', u'', u'', u'', u'', u'', u'', u'']
check '' ''
[u'LPCW101_SEM2_2018', u'template_2018', u'LPCW101', u'LPCW101: LEGISLATION & POLICY FOR CHILD & YOUTH CARE WORKERS', u'BCCYC1', u'BC:  CHILD AND YOUTH CARE', 22.0, u'SEMESTER 2', u'D1', u'Durban Campus Full-time', u'A', u'50002529-WINFIELD ', u'']
check 'LPCW101_SEM2_2018' 'LPCW101'
processXLS: only for SEM2 [u'LPCW101_SEM2_2018', u'template_2018', u'LPCW101', u'LPCW101: LEGISLATION & POLICY FOR CHILD & YOUTH CARE WORKERS', u'BCCYC1', u'BC:  CHILD AND YOUTH CARE', 22.0, u'SEMESTER 2', u'D1', u'Durban Campus Full-time', u'A', u'50002529-WINFIELD ', u'']
[u'', u'', u'', u'', u'', u'', u'', u'', u'', u'', u'', u'', u'']
check '' ''
[u'CCWF101_SEM1_2018', u'CNSL101_SEM1_2018', u'CNSL101', u'CNSL101: COUNSELING', u'BCCYC1', u'BC: CHILD AND YOUTH CARE', u'21', u'SEMESTER 1', u'D1 Durban CAMPUS Full-time', u'', u'A', u'40000656:BHAGWAN', u'']
check 'CCWF101_SEM1_2018' 'CNSL101'
[u'', u'', u'', u'', u'', u'', u'', u'', u'', u'', u'', u'', u'']
check '' ''
[u'RSMY101_SEM2_2018', u'template_2018', u'RSMY101', u'RSMY101: RESEARCH METHODOLOGY', u'BCCYC1', u'BC: CHILD AND YOUTH CARE', 22.0, u'SEMESTER 2', u'D1 Durban CAMPUS Full-time', u'', u'A', u'40000656:BHAGWAN', u'']
check 'RSMY101_SEM2_2018' 'RSMY101'
processXLS: only for SEM2 [u'RSMY101_SEM2_2018', u'template_2018', u'RSMY101', u'RSMY101: RESEARCH METHODOLOGY', u'BCCYC1', u'BC: CHILD AND YOUTH CARE', 22.0, u'SEMESTER 2', u'D1 Durban CAMPUS Full-time', u'', u'A', u'40000656:BHAGWAN', u'']
[u'', u'', u'', u'', u'', u'', u'', u'', u'', u'', u'', u'', u'']
check '' ''
[u'CCWA101_SEM1_2018', u'CCWA201_SEM1_2018', u'CCWA201', u'CCWA201: CHILD AND YOUTH CARE WORK IIA', u'BCCYC1', u'BC:  CHILD AND YOUTH CARE', u'21', u'SEMESTER 1', u'D1', u'Durban Campus Full-time', u'A', u'40004052:HLENGWA', u'']
check 'CCWA101_SEM1_2018' 'CCWA201'
[u'', u'', u'', u'', u'', u'', u'', u'', u'', u'', u'', u'', u'']
check '' ''
[u'CCWB201_SEM2_2018', u'template_2018', u'CCWB201', u'CCWB201: CHILD AND YOUTH CARE WORK IIA', u'BCCYC1', u'BC:  CHILD AND YOUTH CARE', 22.0, u'SEMESTER 2', u'D1', u'Durban Campus Full-time', u'A', u'40004052:HLENGWA', u'']
check 'CCWB201_SEM2_2018' 'CCWB201'
processXLS: only for SEM2 [u'CCWB201_SEM2_2018', u'template_2018', u'CCWB201', u'CCWB201: CHILD AND YOUTH CARE WORK IIA', u'BCCYC1', u'BC:  CHILD AND YOUTH CARE', 22.0, u'SEMESTER 2', u'D1', u'Durban Campus Full-time', u'A', u'40004052:HLENGWA', u'']
[u'', u'', u'', u'', u'', u'', u'', u'', u'', u'', u'', u'', u'']
check '' ''
[u'CYCP202_SEM2_2018', u'template_2018', u'CYCP202', u'CYCP202: CHILD AND YOUTH CARE WORK PRACTICE II', u'BCCYC1', u'BC:  CHILD AND YOUTH CARE', 22.0, u'SEMESTER 2', u'D1', u'Durban Campus Full-time', u'A', u'40004052:HLENGWA', u'']
check 'CYCP202_SEM2_2018' 'CYCP202'
processXLS: only for SEM2 [u'CYCP202_SEM2_2018', u'template_2018', u'CYCP202', u'CYCP202: CHILD AND YOUTH CARE WORK PRACTICE II', u'BCCYC1', u'BC:  CHILD AND YOUTH CARE', 22.0, u'SEMESTER 2', u'D1', u'Durban Campus Full-time', u'A', u'40004052:HLENGWA', u'']
[u'', u'', u'', u'', u'', u'', u'', u'', u'', u'', u'', u'', u'']
check '' ''
[u'CCWA101_SEM1_2018', u'CCWA301_SEM1_2018', u'CCWA301', u'CCWA301: CHILD AND YOUTH CARE WORK IIIA', u'BCCYC1', u'BC:  CHILD AND YOUTH CARE', 21.0, u'SEMESTER 1', u'D1', u'Durban Campus Full-time', u'A', u'40004052:HLENGWA', u'']
check 'CCWA101_SEM1_2018' 'CCWA301'
[u'', u'', u'', u'', u'', u'', u'', u'', u'', u'', u'', u'', u'']
check '' ''
[u'CCWB301_SEM2_2018', u'template_2018', u'CCWB301', u'CCWB301: CHILD AND YOUTH CARE WORK IIIB', u'BCCYC1', u'BC:  CHILD AND YOUTH CARE', 22.0, u'SEMESTER 2', u'D1', u'Durban Campus Full-time', u'A', u'40004052:HLENGWA', u'']
check 'CCWB301_SEM2_2018' 'CCWB301'
processXLS: only for SEM2 [u'CCWB301_SEM2_2018', u'template_2018', u'CCWB301', u'CCWB301: CHILD AND YOUTH CARE WORK IIIB', u'BCCYC1', u'BC:  CHILD AND YOUTH CARE', 22.0, u'SEMESTER 2', u'D1', u'Durban Campus Full-time', u'A', u'40004052:HLENGWA', u'']
[u'', u'', u'', u'', u'', u'', u'', u'', u'', u'', u'', u'', u'']
check '' ''
[u'CYCP302_SEM2_2018', u'template_2018', u'CYCP302', u'CYCP302: CHILD AND YOUTH CARE WORK PRACTICE III', u'BCCYC1', u'BC:  CHILD AND YOUTH CARE', 22.0, u'SEMESTER 2', u'D1', u'Durban Campus Full-time', u'A', u'40009866:SILUMA', u'']
check 'CYCP302_SEM2_2018' 'CYCP302'
processXLS: only for SEM2 [u'CYCP302_SEM2_2018', u'template_2018', u'CYCP302', u'CYCP302: CHILD AND YOUTH CARE WORK PRACTICE III', u'BCCYC1', u'BC:  CHILD AND YOUTH CARE', 22.0, u'SEMESTER 2', u'D1', u'Durban Campus Full-time', u'A', u'40009866:SILUMA', u'']
[u'', u'', u'', u'', u'', u'', u'', u'', u'', u'', u'', u'', u'']
check '' ''
[u'HDVA201_SEM1_2018', u'HDVA201_SEM1_2017', u'HDVA201', u'HDVA201: HUMAN DEVELOPMENT IIA', u'BCCYC2', u'BC:  CHILD AND YOUTH CARE', u'21', u'SEMESTER 1', u'D1', u'Durban Campus Full-time', u'A', u'50009552:DEWAN', 26.0]
check 'HDVA201_SEM1_2018' 'HDVA201'
processXLS: only for SEM2 [u'HDVA201_SEM1_2018', u'HDVA201_SEM1_2017', u'HDVA201', u'HDVA201: HUMAN DEVELOPMENT IIA', u'BCCYC2', u'BC:  CHILD AND YOUTH CARE', u'21', u'SEMESTER 1', u'D1', u'Durban Campus Full-time', u'A', u'50009552:DEWAN', 26.0]
[u'', u'', u'', u'', u'', u'', u'', u'', u'', u'', u'', u'', u'']
check '' ''
[u'HDVB201_SEM2_2018', u'HDVB201_SEM2_2017', u'HDVB201', u'HDVB201: HUMAN DEVELOPMENT IIB', u'BCCYC2', u'BC:  CHILD AND YOUTH CARE', u'22', u'SEMESTER 2', u'D1', u'Durban Campus Full-time', u'A', u'50009552:DEWAN', 26.0]
check 'HDVB201_SEM2_2018' 'HDVB201'
adding  HDVB201
requesting:  http://10.0.100.98:8000/bbinfo/matching_courses/HDVB201%25
r= <Response [200]>
matching classes= set([u'HDVB201_ALL_2016', u'HDVB201_SEM2_2018', u'HDVB201_SEM2_2017'])
[u'', u'', u'', u'', u'', u'', u'', u'', u'', u'', u'', u'', u'']
check '' ''
[u'HDVB301_SEM2_2018', u'template_2018', u'HDVB301', u'HDVB301: HUMAN DEVELOPMENT IIIB', u'BCCYC2', u'BC: CHILD AND YOUTH CARE', u'22', u'SEMESTER 2', u'D1', u'Durban Campus Full-time', u'A', u'50009552:DEWAN', 1.0]
check 'HDVB301_SEM2_2018' 'HDVB301'
adding  HDVB301
requesting:  http://10.0.100.98:8000/bbinfo/matching_courses/HDVB301%25
r= <Response [200]>
matching classes= set([u'HDVB301_SEM2_2018', u'HDVB301_SEM2_2017'])
[u'', u'', u'', u'', u'', u'', u'', u'', u'', u'', u'', u'', u'']
check '' ''
[u'HDVA301_SEM1_2018', u'template_2018', u'HDVA301', u'HDVA301: HUMAN DEVELOPMENT IIIA', u'BCCYC2', u'BC: CHILD AND YOUTH CARE', u'21', u'SEMESTER 1', u'D1 Durban CAMPUS Full-time', u'', u'A', u'50009552:DEWAN', 1.0]
check 'HDVA301_SEM1_2018' 'HDVA301'
processXLS: only for SEM2 [u'HDVA301_SEM1_2018', u'template_2018', u'HDVA301', u'HDVA301: HUMAN DEVELOPMENT IIIA', u'BCCYC2', u'BC: CHILD AND YOUTH CARE', u'21', u'SEMESTER 1', u'D1 Durban CAMPUS Full-time', u'', u'A', u'50009552:DEWAN', 1.0]
[u'', u'', u'', u'', u'', u'', u'', u'', u'', u'', u'', u'', u'']
check '' ''
[u'RPDV101_SEM1_2018', u'RPDV101_SEM1_2018', u'RPDV101', u'RPDV101: RESEARCH PROPOSAL DEVELOPMENT', u'BCCYC1', u'BC: CHILD AND YOUTH CARE', 21.0, u'SEMESTER 1', u'D1', u'Durban Campus Full-time', u'A', u'40000656:BHAGWAN', u'']
check 'RPDV101_SEM1_2018' 'RPDV101'
processXLS: only for SEM2 [u'RPDV101_SEM1_2018', u'RPDV101_SEM1_2018', u'RPDV101', u'RPDV101: RESEARCH PROPOSAL DEVELOPMENT', u'BCCYC1', u'BC: CHILD AND YOUTH CARE', 21.0, u'SEMESTER 1', u'D1', u'Durban Campus Full-time', u'A', u'40000656:BHAGWAN', u'']
[u'', u'', u'', u'', u'', u'', u'', u'', u'', u'', u'', u'', u'']
check '' ''
[u'RPCY101_SEM2_2018', u'template_2018', u'RPCY101', u'RPCY101: RESEARCH PROJECT', u'BCCYC1', u'BC: CHILD AND YOUTH CARE', 22.0, u'SEMESTER 2', u'D1', u'Durban Campus Full-time', u'A', u'40000656:BHAGWAN', u'']
check 'RPCY101_SEM2_2018' 'RPCY101'
processXLS: only for SEM2 [u'RPCY101_SEM2_2018', u'template_2018', u'RPCY101', u'RPCY101: RESEARCH PROJECT', u'BCCYC1', u'BC: CHILD AND YOUTH CARE', 22.0, u'SEMESTER 2', u'D1', u'Durban Campus Full-time', u'A', u'40000656:BHAGWAN', u'']
processXLS: finished processing workingSheets/data/BBC3601CommunityHealthStudies2017.xls
getWS: requesting:  http://10.0.100.98:8000/itsenrol/classlist/2018/22/HDVB101 rsp= <Response [200]>
getWS: requesting:  http://10.0.100.98:8000/bbinfo/classlist/HDVB101 rsp= <Response [200]>
getNewStudentsInSubject: ITS 37, BB 1 -> 37 new enrollments
getWS: requesting:  http://10.0.100.98:8000/itsenrol/classlist/2018/22/BHVM201 rsp= <Response [200]>
getWS: requesting:  http://10.0.100.98:8000/bbinfo/classlist/BHVM201 rsp= <Response [200]>
getNewStudentsInSubject: ITS 42, BB 1 -> 42 new enrollments
getWS: requesting:  http://10.0.100.98:8000/itsenrol/classlist/2018/22/HDVB201 rsp= <Response [200]>
getWS: requesting:  http://10.0.100.98:8000/bbinfo/classlist/HDVB201 rsp= <Response [200]>
getNewStudentsInSubject: ITS 39, BB 1 -> 39 new enrollments
getWS: requesting:  http://10.0.100.98:8000/itsenrol/classlist/2018/22/BHVM101 rsp= <Response [200]>
getWS: requesting:  http://10.0.100.98:8000/bbinfo/classlist/BHVM101 rsp= <Response [200]>
getNewStudentsInSubject: ITS 42, BB 1 -> 42 new enrollments
getWS: requesting:  http://10.0.100.98:8000/itsenrol/classlist/2018/22/BCHM101 rsp= <Response [200]>
getWS: requesting:  http://10.0.100.98:8000/bbinfo/classlist/BCHM101 rsp= <Response [200]>
getNewStudentsInSubject: ITS 27, BB 1 -> 27 new enrollments
getWS: requesting:  http://10.0.100.98:8000/itsenrol/classlist/2018/22/CCWB101 rsp= <Response [200]>
getWS: requesting:  http://10.0.100.98:8000/bbinfo/classlist/CCWB101 rsp= <Response [200]>
getNewStudentsInSubject: ITS 38, BB 1 -> 38 new enrollments
getWS: requesting:  http://10.0.100.98:8000/itsenrol/classlist/2018/22/HDVB301 rsp= <Response [200]>
getWS: requesting:  http://10.0.100.98:8000/bbinfo/classlist/HDVB301 rsp= <Response [200]>
getNewStudentsInSubject: ITS 32, BB 1 -> 32 new enrollments
getWS: requesting:  http://10.0.100.98:8000/itsenrol/classlist/2018/22/CCWB201 rsp= <Response [200]>
getWS: requesting:  http://10.0.100.98:8000/bbinfo/classlist/CCWB201 rsp= <Response [200]>
getNewStudentsInSubject: ITS 37, BB 1 -> 37 new enrollments
getWS: requesting:  http://10.0.100.98:8000/itsenrol/classlist/2018/22/BHVM301 rsp= <Response [200]>
getWS: requesting:  http://10.0.100.98:8000/bbinfo/classlist/BHVM301 rsp= <Response [200]>
getNewStudentsInSubject: ITS 3, BB 30 -> 2 new enrollments
getWS: requesting:  http://10.0.100.98:8000/itsenrol/classlist/2018/22/CYCP102 rsp= <Response [200]>
getWS: requesting:  http://10.0.100.98:8000/bbinfo/classlist/CYCP102 rsp= <Response [200]>
getNewStudentsInSubject: ITS 37, BB 1 -> 37 new enrollments
main: Writing students...
main: Writing enrollments...
main: Finished processing workingSheets/data/BBC3601CommunityHealthStudies2017.xls
main: 10 subjects processed
main: 15 subject -> classroom maps
main: 138 students
main: 333 student enrollments 0 errors
0.29user 0.09system 0:02.32elapsed 16%CPU (0avgtext+0avgdata 58384maxresident)k
0inputs+80outputs (0major+7146minor)pagefaults 0swaps
POSTING SNAPSHOTS to SIS endpoint
TEST RUN, NOT POSTING BBSTUDENTS
TEST RUN, NOT POSTIN BBENROL
copy snapshot files to saved output
=== department done ===
syncing logs...
Pushing logs from logs/20180723111852 to remote...
sending incremental file list
./
BBC3601CommunityHealthStudies2017.BBENROL.txt
BBC3601CommunityHealthStudies2017.BBSTUDENTS.txt
BBC3601CommunityHealthStudies2017.Enrolomat.txt
BBC3601CommunityHealthStudies2017.Postlog.txt

sent 112512 bytes  received 91 bytes  25022.89 bytes/sec
total size is 8193026  speedup is 72.76
logging to logs/20180723111852
=== generate newenrollments for BBC3602Homeopathy2017. ===
GENERATE SNAPSHOTS...
./BBCIncrementalEnrollerX2.py : generating enrolment files for subjects in  workingSheets/data/BBC3602Homeopathy2017.xls
processXLS: start spreadsheet workingSheets/data/BBC3602Homeopathy2017.xls
[u'2018 Blackboard Classrooms for Department: 3602 - HOMEOPATHY', u'', u'', u'', u'', u'', u'', u'', u'', u'', u'', u'', u'']
check '2018 Blackboard Classrooms for Department: 3602 - HOMEOPATHY' ''
[u'', u'', u'', u'', u'', u'', u'', u'', u'', u'', u'', u'', u'']
check '' ''
[u'BB Classroom', u'Migrate Classroom', u'ITS Subject', u'', u'ITS Qualification', u'', u'Block', u'', u'Off Type', u'', u'Grp', u'Lecturer(s)', u'2016 Enrol']
check 'BB Classroom' 'ITS Subject'
[u'ALIN101_YEAR_2018', u'ALIN101_YEAR_2017', u'ALIN101', u'ACADEMIC LITERACY AND INFORMATION I', u'BHHMF1', u'BH:  HOMOEOPATHY (5 YEARS)', u'11', u'YEAR', u'D1', u'Durban Campus Full-time', u'A', u'50011842:NGOBESE', 4.0]
check 'ALIN101_YEAR_2018' 'ALIN101'
processXLS: only for SEM2 [u'ALIN101_YEAR_2018', u'ALIN101_YEAR_2017', u'ALIN101', u'ACADEMIC LITERACY AND INFORMATION I', u'BHHMF1', u'BH:  HOMOEOPATHY (5 YEARS)', u'11', u'YEAR', u'D1', u'Durban Campus Full-time', u'A', u'50011842:NGOBESE', 4.0]
[u'', u'', u'', u'', u'', u'', u'', u'', u'', u'', u'', u'', u'']
check '' ''
[u'MMED102_YEAR_2018', u'MMED102_YEAR_2017', u'MMED102', u'MATERIA MEDICA I', u'BHHMF1', u'BH:  HOMOEOPATHY (5 YEARS)', u'11', u'YEAR', u'D1', u'Durban Campus Full-time', u'A', u'50002009:ROSS', 4.0]
check 'MMED102_YEAR_2018' 'MMED102'
processXLS: only for SEM2 [u'MMED102_YEAR_2018', u'MMED102_YEAR_2017', u'MMED102', u'MATERIA MEDICA I', u'BHHMF1', u'BH:  HOMOEOPATHY (5 YEARS)', u'11', u'YEAR', u'D1', u'Durban Campus Full-time', u'A', u'50002009:ROSS', 4.0]
[u'MMED102_YEAR_2018', u'MMED102_YEAR_2017', u'MMED102', u'MATERIA MEDICA I', u'BHHOM1', u'BH:  HOMOEOPATHY', u'11', u'YEAR', u'D1', u'Durban Campus Full-time', u'A', u'50002009:ROSS', 29.0]
check 'MMED102_YEAR_2018' 'MMED102'
processXLS: only for SEM2 [u'MMED102_YEAR_2018', u'MMED102_YEAR_2017', u'MMED102', u'MATERIA MEDICA I', u'BHHOM1', u'BH:  HOMOEOPATHY', u'11', u'YEAR', u'D1', u'Durban Campus Full-time', u'A', u'50002009:ROSS', 29.0]
[u'', u'', u'', u'', u'', u'', u'', u'', u'', u'', u'', u'', u'']
check '' ''
[u'PSLY101_YEAR_2018', u'PSLY101_YEAR_2017', u'PSLY101', u'PSYCHOLOGY', u'BHHOM1', u'BH:  HOMOEOPATHY', u'11', u'YEAR', u'D1', u'Durban Campus Full-time', u'A', u'40011053:ESSACK', 18.0]
check 'PSLY101_YEAR_2018' 'PSLY101'
processXLS: only for SEM2 [u'PSLY101_YEAR_2018', u'PSLY101_YEAR_2017', u'PSLY101', u'PSYCHOLOGY', u'BHHOM1', u'BH:  HOMOEOPATHY', u'11', u'YEAR', u'D1', u'Durban Campus Full-time', u'A', u'40011053:ESSACK', 18.0]
[u'', u'', u'', u'', u'', u'', u'', u'', u'', u'', u'', u'', u'']
check '' ''
[u'RMHO102_YEAR_2018', u'RMHO102_YEAR_2017', u'RMHO102', u'RESEARCH METHODS AND TECHNIQUES I', u'BTHOM1', u'BT: HOMOEOPATHY', u'11', u'YEAR', u'D1', u'Durban Campus Full-time', u'A', u'50009409:NAUDE', 7.0]
check 'RMHO102_YEAR_2018' 'RMHO102'
processXLS: only for SEM2 [u'RMHO102_YEAR_2018', u'RMHO102_YEAR_2017', u'RMHO102', u'RESEARCH METHODS AND TECHNIQUES I', u'BTHOM1', u'BT: HOMOEOPATHY', u'11', u'YEAR', u'D1', u'Durban Campus Full-time', u'A', u'50009409:NAUDE', 7.0]
[u'', u'', u'', u'', u'', u'', u'', u'', u'', u'', u'', u'', u'']
check '' ''
[u'ALIN201_YEAR_2018', u'ALIN201_YEAR_2017', u'ALIN201', u'ACADEMIC LITERACY AND INFORMATION II', u'BHHMF1', u'BH:  HOMOEOPATHY (5 YEARS)', u'11', u'YEAR', u'D1', u'Durban Campus Full-time', u'A', u'50011842:NGOBESE', 5.0]
check 'ALIN201_YEAR_2018' 'ALIN201'
processXLS: only for SEM2 [u'ALIN201_YEAR_2018', u'ALIN201_YEAR_2017', u'ALIN201', u'ACADEMIC LITERACY AND INFORMATION II', u'BHHMF1', u'BH:  HOMOEOPATHY (5 YEARS)', u'11', u'YEAR', u'D1', u'Durban Campus Full-time', u'A', u'50011842:NGOBESE', 5.0]
[u'', u'', u'', u'', u'', u'', u'', u'', u'', u'', u'', u'', u'']
check '' ''
[u'MMED202_YEAR_2018', u'MMED202_YEAR_2017', u'MMED202', u'MATERIA MEDICA II', u'BHHMF1', u'BH:  HOMOEOPATHY (5 YEARS)', u'11', u'YEAR', u'D1', u'Durban Campus Full-time', u'A', u'40003602:COUCHMAN', 5.0]
check 'MMED202_YEAR_2018' 'MMED202'
processXLS: only for SEM2 [u'MMED202_YEAR_2018', u'MMED202_YEAR_2017', u'MMED202', u'MATERIA MEDICA II', u'BHHMF1', u'BH:  HOMOEOPATHY (5 YEARS)', u'11', u'YEAR', u'D1', u'Durban Campus Full-time', u'A', u'40003602:COUCHMAN', 5.0]
[u'MMED202_YEAR_2018', u'MMED202_YEAR_2017', u'MMED202', u'MATERIA MEDICA II', u'BHHOM1', u'BH:  HOMOEOPATHY', u'11', u'YEAR', u'D1', u'Durban Campus Full-time', u'A', u'40003602:COUCHMAN', 16.0]
check 'MMED202_YEAR_2018' 'MMED202'
processXLS: only for SEM2 [u'MMED202_YEAR_2018', u'MMED202_YEAR_2017', u'MMED202', u'MATERIA MEDICA II', u'BHHOM1', u'BH:  HOMOEOPATHY', u'11', u'YEAR', u'D1', u'Durban Campus Full-time', u'A', u'40003602:COUCHMAN', 16.0]
[u'', u'', u'', u'', u'', u'', u'', u'', u'', u'', u'', u'', u'']
check '' ''
[u'PPDV201_SEM2_2018', u'PPDV201_SEM2_2017', u'PPDV201', u'PERSONAL AND PROFESSIONAL DEVELOPMENT II', u'BHHOM1', u'BH:  HOMOEOPATHY', u'22', u'SEMESTER 2', u'D1', u'Durban Campus Full-time', u'A', u'40013214:ORTELL - PIERCE J S;40013214:ORTELL - PIERCE J S;40013214:ORTELL - PIERCE J S;40013214:ORTELL - PIERCE J S', 18.0]
check 'PPDV201_SEM2_2018' 'PPDV201'
adding  PPDV201
requesting:  http://10.0.100.98:8000/bbinfo/matching_courses/PPDV201%25
r= <Response [200]>
matching classes= set([u'PPDV201_SEM2_2017', u'PPDV201_SEM2_2018'])
[u'', u'', u'', u'', u'', u'', u'', u'', u'', u'', u'', u'', u'']
check '' ''
[u'PSYP201_YEAR_2018', u'PSYP201_YEAR_2017', u'PSYP201', u'PSYCHOPATHOLOGY II', u'NDHMF1', u'ND: HOMOEOPATHY (4 YEARS)', u'11', u'YEAR', u'D1', u'Durban Campus Full-time', u'A', u'40011053:ESSACK', 3.0]
check 'PSYP201_YEAR_2018' 'PSYP201'
processXLS: only for SEM2 [u'PSYP201_YEAR_2018', u'PSYP201_YEAR_2017', u'PSYP201', u'PSYCHOPATHOLOGY II', u'NDHMF1', u'ND: HOMOEOPATHY (4 YEARS)', u'11', u'YEAR', u'D1', u'Durban Campus Full-time', u'A', u'40011053:ESSACK', 3.0]
[u'PSYP201_YEAR_2018', u'PSYP201_YEAR_2017', u'PSYP201', u'PSYCHOPATHOLOGY II', u'NDHOM1', u'ND: HOMOEOPATHY', u'11', u'YEAR', u'D1', u'Durban Campus Full-time', u'A', u'40011053:ESSACK', 24.0]
check 'PSYP201_YEAR_2018' 'PSYP201'
processXLS: only for SEM2 [u'PSYP201_YEAR_2018', u'PSYP201_YEAR_2017', u'PSYP201', u'PSYCHOPATHOLOGY II', u'NDHOM1', u'ND: HOMOEOPATHY', u'11', u'YEAR', u'D1', u'Durban Campus Full-time', u'A', u'40011053:ESSACK', 24.0]
[u'', u'', u'', u'', u'', u'', u'', u'', u'', u'', u'', u'', u'']
check '' ''
[u'ACTH302_YEAR_2018', u'ACTH302_YEAR_2017', u'ACTH302', u'AUXILIARY THERAPEUTICS III', u'NDHMF1', u'ND: HOMOEOPATHY (4 YEARS)', u'11', u'YEAR', u'D1', u'Durban Campus Full-time', u'A', u'50009409:NAUDE', 2.0]
check 'ACTH302_YEAR_2018' 'ACTH302'
processXLS: only for SEM2 [u'ACTH302_YEAR_2018', u'ACTH302_YEAR_2017', u'ACTH302', u'AUXILIARY THERAPEUTICS III', u'NDHMF1', u'ND: HOMOEOPATHY (4 YEARS)', u'11', u'YEAR', u'D1', u'Durban Campus Full-time', u'A', u'50009409:NAUDE', 2.0]
[u'ACTH302_YEAR_2018', u'ACTH302_YEAR_2017', u'ACTH302', u'AUXILIARY THERAPEUTICS III', u'NDHOM1', u'ND: HOMOEOPATHY', u'11', u'YEAR', u'D1', u'Durban Campus Full-time', u'A', u'50009409:NAUDE', 20.0]
check 'ACTH302_YEAR_2018' 'ACTH302'
processXLS: only for SEM2 [u'ACTH302_YEAR_2018', u'ACTH302_YEAR_2017', u'ACTH302', u'AUXILIARY THERAPEUTICS III', u'NDHOM1', u'ND: HOMOEOPATHY', u'11', u'YEAR', u'D1', u'Durban Campus Full-time', u'A', u'50009409:NAUDE', 20.0]
[u'', u'', u'', u'', u'', u'', u'', u'', u'', u'', u'', u'', u'']
check '' ''
[u'DIAG301_YEAR_2018', u'DIAG301_YEAR_2017', u'DIAG301', u'DIAGNOSTICS III', u'NDHMF1', u'ND: HOMOEOPATHY (4 YEARS)', u'11', u'YEAR', u'D1', u'Durban Campus Full-time', u'A', u'40003602:COUCHMAN;50009409:NAUDE', 2.0]
check 'DIAG301_YEAR_2018' 'DIAG301'
processXLS: only for SEM2 [u'DIAG301_YEAR_2018', u'DIAG301_YEAR_2017', u'DIAG301', u'DIAGNOSTICS III', u'NDHMF1', u'ND: HOMOEOPATHY (4 YEARS)', u'11', u'YEAR', u'D1', u'Durban Campus Full-time', u'A', u'40003602:COUCHMAN;50009409:NAUDE', 2.0]
[u'DIAG301_YEAR_2018', u'DIAG301_YEAR_2017', u'DIAG301', u'DIAGNOSTICS III', u'NDHOM1', u'ND: HOMOEOPATHY', u'11', u'YEAR', u'D1', u'Durban Campus Full-time', u'A', u'40003602:COUCHMAN;50009409:NAUDE', 22.0]
check 'DIAG301_YEAR_2018' 'DIAG301'
processXLS: only for SEM2 [u'DIAG301_YEAR_2018', u'DIAG301_YEAR_2017', u'DIAG301', u'DIAGNOSTICS III', u'NDHOM1', u'ND: HOMOEOPATHY', u'11', u'YEAR', u'D1', u'Durban Campus Full-time', u'A', u'40003602:COUCHMAN;50009409:NAUDE', 22.0]
[u'', u'', u'', u'', u'', u'', u'', u'', u'', u'', u'', u'', u'']
check '' ''
[u'MMED301_YEAR_2018', u'MMED301_YEAR_2017', u'MMED301', u'MATERIA MEDICA III', u'NDHMF1', u'ND: HOMOEOPATHY (4 YEARS)', u'11', u'YEAR', u'D1', u'Durban Campus Full-time', u'A', u'50009643:HALL;50009646:MAHARAJ;50011842:NGOBESE', 2.0]
check 'MMED301_YEAR_2018' 'MMED301'
processXLS: only for SEM2 [u'MMED301_YEAR_2018', u'MMED301_YEAR_2017', u'MMED301', u'MATERIA MEDICA III', u'NDHMF1', u'ND: HOMOEOPATHY (4 YEARS)', u'11', u'YEAR', u'D1', u'Durban Campus Full-time', u'A', u'50009643:HALL;50009646:MAHARAJ;50011842:NGOBESE', 2.0]
[u'MMED301_YEAR_2018', u'MMED301_YEAR_2017', u'MMED301', u'MATERIA MEDICA III', u'NDHOM1', u'ND: HOMOEOPATHY', u'11', u'YEAR', u'D1', u'Durban Campus Full-time', u'A', u'50009643:HALL;50009646:MAHARAJ;50011842:NGOBESE', 23.0]
check 'MMED301_YEAR_2018' 'MMED301'
processXLS: only for SEM2 [u'MMED301_YEAR_2018', u'MMED301_YEAR_2017', u'MMED301', u'MATERIA MEDICA III', u'NDHOM1', u'ND: HOMOEOPATHY', u'11', u'YEAR', u'D1', u'Durban Campus Full-time', u'A', u'50009643:HALL;50009646:MAHARAJ;50011842:NGOBESE', 23.0]
[u'', u'', u'', u'', u'', u'', u'', u'', u'', u'', u'', u'', u'']
check '' ''
[u'CHOM401_YEAR_2018', u'CHOM401_YEAR_2017', u'CHOM401', u'CLINICAL HOMOEOPATHY IV', u'BTHOM1', u'BT: HOMOEOPATHY', u'11', u'YEAR', u'D1', u'Durban Campus Full-time', u'A', u'40003602:COUCHMAN;50011842:NGOBESE', 7.0]
check 'CHOM401_YEAR_2018' 'CHOM401'
processXLS: only for SEM2 [u'CHOM401_YEAR_2018', u'CHOM401_YEAR_2017', u'CHOM401', u'CLINICAL HOMOEOPATHY IV', u'BTHOM1', u'BT: HOMOEOPATHY', u'11', u'YEAR', u'D1', u'Durban Campus Full-time', u'A', u'40003602:COUCHMAN;50011842:NGOBESE', 7.0]
[u'', u'', u'', u'', u'', u'', u'', u'', u'', u'', u'', u'', u'']
check '' ''
[u'DIAG401_YEAR_2018', u'DIAG401_YEAR_2017', u'DIAG401', u'DIAGNOSTICS IV', u'BTHOM1', u'BT: HOMOEOPATHY', u'11', u'YEAR', u'D1', u'Durban Campus Full-time', u'A', u'50009646:MAHARAJ;50011842:NGOBESE', 7.0]
check 'DIAG401_YEAR_2018' 'DIAG401'
processXLS: only for SEM2 [u'DIAG401_YEAR_2018', u'DIAG401_YEAR_2017', u'DIAG401', u'DIAGNOSTICS IV', u'BTHOM1', u'BT: HOMOEOPATHY', u'11', u'YEAR', u'D1', u'Durban Campus Full-time', u'A', u'50009646:MAHARAJ;50011842:NGOBESE', 7.0]
[u'', u'', u'', u'', u'', u'', u'', u'', u'', u'', u'', u'', u'']
check '' ''
[u'HPHM401_YEAR_2018', u'HPHM401_YEAR_2017', u'HPHM401', u'HOMOEOPHARMACEUTICS IV', u'BTHOM1', u'BT: HOMOEOPATHY', u'11', u'YEAR', u'D1', u'Durban Campus Full-time', u'A', u'50002009:ROSS; 40013400: WULFSOHN', 7.0]
check 'HPHM401_YEAR_2018' 'HPHM401'
processXLS: only for SEM2 [u'HPHM401_YEAR_2018', u'HPHM401_YEAR_2017', u'HPHM401', u'HOMOEOPHARMACEUTICS IV', u'BTHOM1', u'BT: HOMOEOPATHY', u'11', u'YEAR', u'D1', u'Durban Campus Full-time', u'A', u'50002009:ROSS; 40013400: WULFSOHN', 7.0]
[u'', u'', u'', u'', u'', u'', u'', u'', u'', u'', u'', u'', u'']
check '' ''
[u'HPHM101_YEAR_2018', u'HPHM401_YEAR_2017', u'HPHM101', u'Homoeopathic Pharmacy', u'BHHOM1', u'BH: HOMOEOPATHY', u'11', u'YEAR', u'D1', u'Durban Campus Full-time', u'A', u'50002009:ROSS;  40013400: WULFSOHN', 0.0]
check 'HPHM101_YEAR_2018' 'HPHM101'
processXLS: only for SEM2 [u'HPHM101_YEAR_2018', u'HPHM401_YEAR_2017', u'HPHM101', u'Homoeopathic Pharmacy', u'BHHOM1', u'BH: HOMOEOPATHY', u'11', u'YEAR', u'D1', u'Durban Campus Full-time', u'A', u'50002009:ROSS;  40013400: WULFSOHN', 0.0]
[u'', u'', u'', u'', u'', u'', u'', u'', u'', u'', u'', u'', u'']
check '' ''
[u'MMED401_YEAR_2018', u'MMED401_YEAR_2017', u'MMED401', u'MATERIA MEDICA IV', u'BTHOM1', u'BT: HOMOEOPATHY', u'11', u'YEAR', u'D1', u'Durban Campus Full-time', u'A', u'50009646:MAHARAJ;50011842:NGOBESE', 7.0]
check 'MMED401_YEAR_2018' 'MMED401'
processXLS: only for SEM2 [u'MMED401_YEAR_2018', u'MMED401_YEAR_2017', u'MMED401', u'MATERIA MEDICA IV', u'BTHOM1', u'BT: HOMOEOPATHY', u'11', u'YEAR', u'D1', u'Durban Campus Full-time', u'A', u'50009646:MAHARAJ;50011842:NGOBESE', 7.0]
[u'', u'', u'', u'', u'', u'', u'', u'', u'', u'', u'', u'', u'']
check '' ''
[u'CHOM502_YEAR_2018', u'CHOM502_YEAR_2017', u'CHOM502', u'CLINICAL HOMOEOPATHY V', u'MTHOM1', u'MT: HOMOEOPATHY', u'P0', u'POST-GRAD ANNUAL REGISTRATIONS', u'D1', u'Durban Campus Full-time', u'A', u'50009643:HALL;50009409:NAUDE', 22.0]
check 'CHOM502_YEAR_2018' 'CHOM502'
processXLS: only for SEM2 [u'CHOM502_YEAR_2018', u'CHOM502_YEAR_2017', u'CHOM502', u'CLINICAL HOMOEOPATHY V', u'MTHOM1', u'MT: HOMOEOPATHY', u'P0', u'POST-GRAD ANNUAL REGISTRATIONS', u'D1', u'Durban Campus Full-time', u'A', u'50009643:HALL;50009409:NAUDE', 22.0]
[u'', u'', u'', u'', u'', u'', u'', u'', u'', u'', u'', u'', u'']
check '' ''
[u'MMED502_YEAR_2018', u'MMED502_YEAR_2017', u'MMED502', u'MATERIA MEDICA V', u'MTHOM1', u'MT: HOMOEOPATHY', u'P0', u'POST-GRAD ANNUAL REGISTRATIONS', u'D1', u'Durban Campus Full-time', u'A', u'50002009:ROSS;50011842:NGOBESE', 12.0]
check 'MMED502_YEAR_2018' 'MMED502'
processXLS: only for SEM2 [u'MMED502_YEAR_2018', u'MMED502_YEAR_2017', u'MMED502', u'MATERIA MEDICA V', u'MTHOM1', u'MT: HOMOEOPATHY', u'P0', u'POST-GRAD ANNUAL REGISTRATIONS', u'D1', u'Durban Campus Full-time', u'A', u'50002009:ROSS;50011842:NGOBESE', 12.0]
[u'', u'', u'', u'', u'', u'', u'', u'', u'', u'', u'', u'', u'']
check '' ''
[u'PMJP501_YEAR_2018', u'PMJP501_YEAR_2017', u'PMJP501', u'PRACTICE MANAGEMENT AND JURISPRUDENCE V', u'MTHOM1', u'MT: HOMOEOPATHY', u'P0', u'POST-GRAD ANNUAL REGISTRATIONS', u'D1', u'Durban Campus Full-time', u'A', u'50009409:NAUDE', 11.0]
check 'PMJP501_YEAR_2018' 'PMJP501'
processXLS: only for SEM2 [u'PMJP501_YEAR_2018', u'PMJP501_YEAR_2017', u'PMJP501', u'PRACTICE MANAGEMENT AND JURISPRUDENCE V', u'MTHOM1', u'MT: HOMOEOPATHY', u'P0', u'POST-GRAD ANNUAL REGISTRATIONS', u'D1', u'Durban Campus Full-time', u'A', u'50009409:NAUDE', 11.0]
[u'', u'', u'', u'', u'', u'', u'', u'', u'', u'', u'', u'', u'']
check '' ''
[u'RPLY512_YEAR_2018', u'RPLY512_YEAR_2017', u'RPLY512', u'RESEARCH PROJECT AND DISSERTATION (1ST REGIST', u'MTHOM1', u'MT: HOMOEOPATHY', u'P0', u'POST-GRAD ANNUAL REGISTRATIONS', u'D1', u'Durban Campus Full-time', u'A', u'50009409:NAUDE', 9.0]
check 'RPLY512_YEAR_2018' 'RPLY512'
processXLS: only for SEM2 [u'RPLY512_YEAR_2018', u'RPLY512_YEAR_2017', u'RPLY512', u'RESEARCH PROJECT AND DISSERTATION (1ST REGIST', u'MTHOM1', u'MT: HOMOEOPATHY', u'P0', u'POST-GRAD ANNUAL REGISTRATIONS', u'D1', u'Durban Campus Full-time', u'A', u'50009409:NAUDE', 9.0]
[u'', u'', u'', u'', u'', u'', u'', u'', u'', u'', u'', u'', u'']
check '' ''
[u'RPLY522_YEAR_2018', u'RPLY522_YEAR_2017', u'RPLY522', u'RESEARCH PROJECT AND DISSERTATION (SUCCESSIVE', u'MTHOM1', u'MT: HOMOEOPATHY', u'P0', u'POST-GRAD ANNUAL REGISTRATIONS', u'D1', u'Durban Campus Full-time', u'A', u'50009409:NAUDE', 38.0]
check 'RPLY522_YEAR_2018' 'RPLY522'
processXLS: only for SEM2 [u'RPLY522_YEAR_2018', u'RPLY522_YEAR_2017', u'RPLY522', u'RESEARCH PROJECT AND DISSERTATION (SUCCESSIVE', u'MTHOM1', u'MT: HOMOEOPATHY', u'P0', u'POST-GRAD ANNUAL REGISTRATIONS', u'D1', u'Durban Campus Full-time', u'A', u'50009409:NAUDE', 38.0]
[u'', u'', u'', u'', u'', u'', u'', u'', u'', u'', u'', u'', u'']
check '' ''
[u'CLEN101_YEAR_2018', u'CLEN101_YEAR_2017', u'CLEN101', u'CLEN101: CLINICAL ENT 2017', u'BHHOM1', u'BHSC: HOMEOPATHY', u'11', u'YEAR', u'D1', u'Durban Campus Full-time', u'A', u'40003602:COUCHMAN', 1.0]
check 'CLEN101_YEAR_2018' 'CLEN101'
processXLS: only for SEM2 [u'CLEN101_YEAR_2018', u'CLEN101_YEAR_2017', u'CLEN101', u'CLEN101: CLINICAL ENT 2017', u'BHHOM1', u'BHSC: HOMEOPATHY', u'11', u'YEAR', u'D1', u'Durban Campus Full-time', u'A', u'40003602:COUCHMAN', 1.0]
[u'', u'', u'', u'', u'', u'', u'', u'', u'', u'', u'', u'', u'']
check '' ''
[u'CMHM101_YEAR_2018', u'CMHM101_YEAR_2017', u'CMHM101', u'CMHM101: CLINICAL MUSCULOSKELETAL AND HAEMATOLOGY 2017', u'BHHOM1', u'BHSC: HOMEOPATHY', u'11', u'YEAR', u'D1', u'Durban Campus Full-time', u'A', u'40003602:COUCHMAN', 1.0]
check 'CMHM101_YEAR_2018' 'CMHM101'
processXLS: only for SEM2 [u'CMHM101_YEAR_2018', u'CMHM101_YEAR_2017', u'CMHM101', u'CMHM101: CLINICAL MUSCULOSKELETAL AND HAEMATOLOGY 2017', u'BHHOM1', u'BHSC: HOMEOPATHY', u'11', u'YEAR', u'D1', u'Durban Campus Full-time', u'A', u'40003602:COUCHMAN', 1.0]
[u'', u'', u'', u'', u'', u'', u'', u'', u'', u'', u'', u'', u'']
check '' ''
[u'CDRM101_YEAR_2018', u'CDRM101_YEAR_2017', u'CDRM101', u'CDRM101: CLINICAL DERMATOLOGY 2017', u'BHHOM1', u'BHSC: HOMEOPATHY', u'11', u'YEAR', u'D1', u'Durban Campus Full-time', u'A', u'50009409:NAUDE', 1.0]
check 'CDRM101_YEAR_2018' 'CDRM101'
processXLS: only for SEM2 [u'CDRM101_YEAR_2018', u'CDRM101_YEAR_2017', u'CDRM101', u'CDRM101: CLINICAL DERMATOLOGY 2017', u'BHHOM1', u'BHSC: HOMEOPATHY', u'11', u'YEAR', u'D1', u'Durban Campus Full-time', u'A', u'50009409:NAUDE', 1.0]
[u'', u'', u'', u'', u'', u'', u'', u'', u'', u'', u'', u'', u'']
check '' ''
[u'ADJT101_YEAR_2018', u'ADJT101_YEAR_2017', u'ADJT101', u'ADJT: ADJUNCTIVE THERAPIES 2017', u'BHHOM1', u'BHSC: HOMEOPATHY', u'11', u'YEAR', u'D1', u'Durban Campus Full-time', u'A', u'50009409:NAUDE', 1.0]
check 'ADJT101_YEAR_2018' 'ADJT101'
processXLS: only for SEM2 [u'ADJT101_YEAR_2018', u'ADJT101_YEAR_2017', u'ADJT101', u'ADJT: ADJUNCTIVE THERAPIES 2017', u'BHHOM1', u'BHSC: HOMEOPATHY', u'11', u'YEAR', u'D1', u'Durban Campus Full-time', u'A', u'50009409:NAUDE', 1.0]
[u'', u'', u'', u'', u'', u'', u'', u'', u'', u'', u'', u'', u'']
check '' ''
[u'PHYC102_YEAR_2018', u'PHYC102_YEAR_2017', u'PHYC102', u'PHYC102: PHARMACOLOGY 2017', u'BHHOM1', u'BHSC: HOMEOPATHY', u'11', u'YEAR', u'D1', u'Durban Campus Full-time', u'A', u'50002457:THANDAR', 1.0]
check 'PHYC102_YEAR_2018' 'PHYC102'
processXLS: only for SEM2 [u'PHYC102_YEAR_2018', u'PHYC102_YEAR_2017', u'PHYC102', u'PHYC102: PHARMACOLOGY 2017', u'BHHOM1', u'BHSC: HOMEOPATHY', u'11', u'YEAR', u'D1', u'Durban Campus Full-time', u'A', u'50002457:THANDAR', 1.0]
[u'', u'', u'', u'', u'', u'', u'', u'', u'', u'', u'', u'', u'']
check '' ''
[u'CLPR101_YEAR_2018', u'CLPR101_YEAR_2017', u'CLPR101', u'CLPR101: CLINICAL PRACTICE I 2017', u'BHHOM1', u'BHSC: HOMEOPATHY', u'11', u'YEAR', u'D1', u'Durban Campus Full-time', u'A', u'40003602:COUCHMAN', 1.0]
check 'CLPR101_YEAR_2018' 'CLPR101'
processXLS: only for SEM2 [u'CLPR101_YEAR_2018', u'CLPR101_YEAR_2017', u'CLPR101', u'CLPR101: CLINICAL PRACTICE I 2017', u'BHHOM1', u'BHSC: HOMEOPATHY', u'11', u'YEAR', u'D1', u'Durban Campus Full-time', u'A', u'40003602:COUCHMAN', 1.0]
[u'...', u'', u'', u'', u'', u'', u'', u'', u'', u'', u'', u'', u'']
check '...' ''
[u'New subjects for 2018', u'', u'', u'', u'', u'', u'', u'', u'', u'', u'', u'', u'']
check 'New subjects for 2018' ''
processXLS: finished processing workingSheets/data/BBC3602Homeopathy2017.xls
getWS: requesting:  http://10.0.100.98:8000/itsenrol/classlist/2018/22/PPDV201 rsp= <Response [200]>
getWS: requesting:  http://10.0.100.98:8000/bbinfo/classlist/PPDV201 rsp= <Response [200]>
getNewStudentsInSubject: ITS 22, BB 1 -> 22 new enrollments
main: Writing students...
main: Writing enrollments...
main: Finished processing workingSheets/data/BBC3602Homeopathy2017.xls
main: 1 subjects processed
main: 1 subject -> classroom maps
main: 22 students
main: 22 student enrollments 0 errors
0.16user 0.10system 0:00.51elapsed 51%CPU (0avgtext+0avgdata 57824maxresident)k
64inputs+16outputs (1major+7102minor)pagefaults 0swaps
POSTING SNAPSHOTS to SIS endpoint
TEST RUN, NOT POSTING BBSTUDENTS
TEST RUN, NOT POSTIN BBENROL
copy snapshot files to saved output
=== department done ===
syncing logs...
Pushing logs from logs/20180723111852 to remote...
sending incremental file list
./
BBC3602Homeopathy2017.BBENROL.txt
BBC3602Homeopathy2017.BBSTUDENTS.txt
BBC3602Homeopathy2017.Enrolomat.txt
BBC3602Homeopathy2017.Postlog.txt

sent 33409 bytes  received 91 bytes  3941.18 bytes/sec
total size is 8217019  speedup is 245.28
logging to logs/20180723111852
=== generate newenrollments for BBC3603ChiropracticAndSomatology2017. ===
GENERATE SNAPSHOTS...
./BBCIncrementalEnrollerX2.py : generating enrolment files for subjects in  workingSheets/data/BBC3603ChiropracticAndSomatology2017.xls
processXLS: start spreadsheet workingSheets/data/BBC3603ChiropracticAndSomatology2017.xls
[u'2018 Blackboard Classrooms for Department: 3603 - CHIROPRACTIC AND SOMATOLOGY', u'2017 Blackboard Classrooms for Department: 3603 - CHIROPRACTIC AND SOMATOLOGY', u'', u'', u'', u'', u'', u'', u'', u'', u'', u'', u'']
check '2018 Blackboard Classrooms for Department: 3603 - CHIROPRACTIC AND SOMATOLOGY' ''
[u'', u'', u'', u'', u'', u'', u'', u'', u'', u'', u'', u'', u'']
check '' ''
[u'BB Classroom', u'BB Classroom', u'ITS Subject', u'', u'ITS Qualification', u'', u'Block', u'', u'Off Type', u'', u'Grp', u'Lecturer(s)', u'2016 Enrol']
check 'BB Classroom' 'ITS Subject'
[u'ANTY132_YEAR_2018', u'ANTY132_YEAR_2017', u'ANTY132', u'ANATOMY I (TOPOGRAPHIC & RADIOGRAPHIC ANAT)', u'NDCHF1', u'ND: CHIROPRACTIC (4 YEARS)', u'11', u'YEAR', u'D1', u'Durban Campus Full-time', u'A', u'40004547:TWALA', 1.0]
check 'ANTY132_YEAR_2018' 'ANTY132'
processXLS: only for SEM2 [u'ANTY132_YEAR_2018', u'ANTY132_YEAR_2017', u'ANTY132', u'ANATOMY I (TOPOGRAPHIC & RADIOGRAPHIC ANAT)', u'NDCHF1', u'ND: CHIROPRACTIC (4 YEARS)', u'11', u'YEAR', u'D1', u'Durban Campus Full-time', u'A', u'40004547:TWALA', 1.0]
[u'ANTY132_YEAR_2018', u'ANTY132_YEAR_2017', u'ANTY132', u'ANATOMY I (TOPOGRAPHIC & RADIOGRAPHIC ANAT)', u'NDCHR1', u'ND: CHIROPRACTIC', u'11', u'YEAR', u'D1', u'Durban Campus Full-time', u'A', u'40004547:TWALA', 33.0]
check 'ANTY132_YEAR_2018' 'ANTY132'
processXLS: only for SEM2 [u'ANTY132_YEAR_2018', u'ANTY132_YEAR_2017', u'ANTY132', u'ANATOMY I (TOPOGRAPHIC & RADIOGRAPHIC ANAT)', u'NDCHR1', u'ND: CHIROPRACTIC', u'11', u'YEAR', u'D1', u'Durban Campus Full-time', u'A', u'40004547:TWALA', 33.0]
[u'', u'', u'', u'', u'', u'', u'', u'', u'', u'', u'', u'', u'']
check '' ''
[u'ASTH101_YEAR_2018', u'ASTH101_YEAR_2017', u'ASTH101', u'AESTHETICS I', u'NDSMF1', u'ND: SOMATOLOGY (4 YEARS)', u'11', u'YEAR', u'D1', u'Durban Campus Full-time', u'A', u'40009816:MAKGOBOLE', 29.0]
check 'ASTH101_YEAR_2018' 'ASTH101'
processXLS: only for SEM2 [u'ASTH101_YEAR_2018', u'ASTH101_YEAR_2017', u'ASTH101', u'AESTHETICS I', u'NDSMF1', u'ND: SOMATOLOGY (4 YEARS)', u'11', u'YEAR', u'D1', u'Durban Campus Full-time', u'A', u'40009816:MAKGOBOLE', 29.0]
[u'ASTH101_YEAR_2018', u'ASTH101_YEAR_2017', u'ASTH101', u'AESTHETICS I', u'NDSOM1', u'ND: SOMATOLOGY', u'11', u'YEAR', u'D1', u'Durban Campus Full-time', u'A', u'40009816:MAKGOBOLE', 44.0]
check 'ASTH101_YEAR_2018' 'ASTH101'
processXLS: only for SEM2 [u'ASTH101_YEAR_2018', u'ASTH101_YEAR_2017', u'ASTH101', u'AESTHETICS I', u'NDSOM1', u'ND: SOMATOLOGY', u'11', u'YEAR', u'D1', u'Durban Campus Full-time', u'A', u'40009816:MAKGOBOLE', 44.0]
[u'', u'', u'', u'', u'', u'', u'', u'', u'', u'', u'', u'', u'']
check '' ''
[u'BIOT101_YEAR_2018', u'BIOT101_YEAR_2017', u'BIOT101', u'BIOTICS I', u'NDSMF1', u'ND: SOMATOLOGY (4 YEARS)', u'11', u'YEAR', u'D1', u'Durban Campus Full-time', u'A', u'40009816:MAKGOBOLE', 22.0]
check 'BIOT101_YEAR_2018' 'BIOT101'
processXLS: only for SEM2 [u'BIOT101_YEAR_2018', u'BIOT101_YEAR_2017', u'BIOT101', u'BIOTICS I', u'NDSMF1', u'ND: SOMATOLOGY (4 YEARS)', u'11', u'YEAR', u'D1', u'Durban Campus Full-time', u'A', u'40009816:MAKGOBOLE', 22.0]
[u'BIOT101_YEAR_2018', u'BIOT101_YEAR_2017', u'BIOT101', u'BIOTICS I', u'NDSOM1', u'ND: SOMATOLOGY', u'11', u'YEAR', u'D1', u'Durban Campus Full-time', u'A', u'40009816:MAKGOBOLE', 44.0]
check 'BIOT101_YEAR_2018' 'BIOT101'
processXLS: only for SEM2 [u'BIOT101_YEAR_2018', u'BIOT101_YEAR_2017', u'BIOT101', u'BIOTICS I', u'NDSOM1', u'ND: SOMATOLOGY', u'11', u'YEAR', u'D1', u'Durban Campus Full-time', u'A', u'40009816:MAKGOBOLE', 44.0]
[u'', u'', u'', u'', u'', u'', u'', u'', u'', u'', u'', u'', u'']
check '' ''
[u'BPRA102_YEAR_2018', u'BPRA102_YEAR_2017', u'BPRA102', u'BUSINESS PRACTICE I', u'NDSMF1', u'ND: SOMATOLOGY (4 YEARS)', u'11', u'YEAR', u'D1', u'Durban Campus Full-time', u'A', u'50012004:NKWANYANA', 11.0]
check 'BPRA102_YEAR_2018' 'BPRA102'
processXLS: only for SEM2 [u'BPRA102_YEAR_2018', u'BPRA102_YEAR_2017', u'BPRA102', u'BUSINESS PRACTICE I', u'NDSMF1', u'ND: SOMATOLOGY (4 YEARS)', u'11', u'YEAR', u'D1', u'Durban Campus Full-time', u'A', u'50012004:NKWANYANA', 11.0]
[u'BPRA102_YEAR_2018', u'BPRA102_YEAR_2017', u'BPRA102', u'BUSINESS PRACTICE I', u'NDSOM1', u'ND: SOMATOLOGY', u'11', u'YEAR', u'D1', u'Durban Campus Full-time', u'A', u'50012004:NKWANYANA', 38.0]
check 'BPRA102_YEAR_2018' 'BPRA102'
processXLS: only for SEM2 [u'BPRA102_YEAR_2018', u'BPRA102_YEAR_2017', u'BPRA102', u'BUSINESS PRACTICE I', u'NDSOM1', u'ND: SOMATOLOGY', u'11', u'YEAR', u'D1', u'Durban Campus Full-time', u'A', u'50012004:NKWANYANA', 38.0]
[u'', u'', u'', u'', u'', u'', u'', u'', u'', u'', u'', u'', u'']
check '' ''
[u'CHPP101_YEAR_2018', u'CHPP101_YEAR_2017', u'CHPP101', u'CHIROPRACTIC PRINCIPLES AND PRACTICE I', u'NDCHF1', u'ND: CHIROPRACTIC (4 YEARS)', u'11', u'YEAR', u'D1', u'Durban Campus Full-time', u'A', u'50008903:KORPORAAL', 1.0]
check 'CHPP101_YEAR_2018' 'CHPP101'
processXLS: only for SEM2 [u'CHPP101_YEAR_2018', u'CHPP101_YEAR_2017', u'CHPP101', u'CHIROPRACTIC PRINCIPLES AND PRACTICE I', u'NDCHF1', u'ND: CHIROPRACTIC (4 YEARS)', u'11', u'YEAR', u'D1', u'Durban Campus Full-time', u'A', u'50008903:KORPORAAL', 1.0]
[u'', u'', u'', u'', u'', u'', u'', u'', u'', u'', u'', u'', u'']
check '' ''
[u'CMSK102_YEAR_2018', u'CMSK102_YEAR_2017', u'CMSK102', u'COMMUNICATION SKILLS I', u'NDSMF1', u'ND: SOMATOLOGY (4 YEARS)', u'11', u'YEAR', u'D1', u'Durban Campus Full-time', u'A', u'50002066:BORG', 29.0]
check 'CMSK102_YEAR_2018' 'CMSK102'
processXLS: only for SEM2 [u'CMSK102_YEAR_2018', u'CMSK102_YEAR_2017', u'CMSK102', u'COMMUNICATION SKILLS I', u'NDSMF1', u'ND: SOMATOLOGY (4 YEARS)', u'11', u'YEAR', u'D1', u'Durban Campus Full-time', u'A', u'50002066:BORG', 29.0]
[u'CMSK102_YEAR_2018', u'CMSK102_YEAR_2017', u'CMSK102', u'COMMUNICATION SKILLS I', u'NDSOM1', u'ND: SOMATOLOGY', u'11', u'YEAR', u'D1', u'Durban Campus Full-time', u'A', u'50002066:BORG', 44.0]
check 'CMSK102_YEAR_2018' 'CMSK102'
processXLS: only for SEM2 [u'CMSK102_YEAR_2018', u'CMSK102_YEAR_2017', u'CMSK102', u'COMMUNICATION SKILLS I', u'NDSOM1', u'ND: SOMATOLOGY', u'11', u'YEAR', u'D1', u'Durban Campus Full-time', u'A', u'50002066:BORG', 44.0]
[u'', u'', u'', u'', u'', u'', u'', u'', u'', u'', u'', u'', u'']
check '' ''
[u'PHIL111_SEM1_2018', u'PHIL111_SEM1_2017', u'PHIL111', u'PHILOSOPHY (MODULE 1)', u'NDCHF1', u'ND: CHIROPRACTIC (4 YEARS)', u'21', u'SEMESTER 1', u'D1', u'Durban Campus Full-time', u'A', u'50008903:KORPORAAL', 1.0]
check 'PHIL111_SEM1_2018' 'PHIL111'
processXLS: only for SEM2 [u'PHIL111_SEM1_2018', u'PHIL111_SEM1_2017', u'PHIL111', u'PHILOSOPHY (MODULE 1)', u'NDCHF1', u'ND: CHIROPRACTIC (4 YEARS)', u'21', u'SEMESTER 1', u'D1', u'Durban Campus Full-time', u'A', u'50008903:KORPORAAL', 1.0]
[u'PHIL111_SEM1_2018', u'PHIL111_SEM1_2017', u'PHIL111', u'PHILOSOPHY (MODULE 1)', u'NDCHR1', u'ND: CHIROPRACTIC', u'21', u'SEMESTER 1', u'D1', u'Durban Campus Full-time', u'A', u'50008903:KORPORAAL', 31.0]
check 'PHIL111_SEM1_2018' 'PHIL111'
processXLS: only for SEM2 [u'PHIL111_SEM1_2018', u'PHIL111_SEM1_2017', u'PHIL111', u'PHILOSOPHY (MODULE 1)', u'NDCHR1', u'ND: CHIROPRACTIC', u'21', u'SEMESTER 1', u'D1', u'Durban Campus Full-time', u'A', u'50008903:KORPORAAL', 31.0]
[u'', u'', u'', u'', u'', u'', u'', u'', u'', u'', u'', u'', u'']
check '' ''
[u'PHIL121_SEM2_2018', u'PHIL121_SEM2_2017', u'PHIL121', u'PHILOSOPHY (MODULE 2)', u'NDCHF1', u'ND: CHIROPRACTIC (4 YEARS)', u'22', u'SEMESTER 2', u'D1', u'Durban Campus Full-time', u'A', u'40003653:VARATHARAJULLU', 1.0]
check 'PHIL121_SEM2_2018' 'PHIL121'
adding  PHIL121
requesting:  http://10.0.100.98:8000/bbinfo/matching_courses/PHIL121%25
r= <Response [200]>
matching classes= set([u'PHIL121_SEM2_2016', u'PHIL121_SEM2_2017', u'PHIL121_SEM2_2018'])
[u'PHIL121_SEM2_2018', u'PHIL121_SEM2_2017', u'PHIL121', u'PHILOSOPHY (MODULE 2)', u'NDCHR1', u'ND: CHIROPRACTIC', u'22', u'SEMESTER 2', u'D1', u'Durban Campus Full-time', u'A', u'40003653:VARATHARAJULLU', 27.0]
check 'PHIL121_SEM2_2018' 'PHIL121'
adding  PHIL121
requesting:  http://10.0.100.98:8000/bbinfo/matching_courses/PHIL121%25
r= <Response [200]>
matching classes= set([u'PHIL121_SEM2_2016', u'PHIL121_SEM2_2017', u'PHIL121_SEM2_2018'])
[u'', u'', u'', u'', u'', u'', u'', u'', u'', u'', u'', u'', u'']
check '' ''
[u'RMCH102_YEAR_2018', u'RMCH102_YEAR_2017', u'RMCH102', u'RESEARCH METHODS AND TECHNIQUES I', u'BTCHR1', u'BT: CHIROPRACTIC', u'11', u'YEAR', u'D1', u'Durban Campus Full-time', u'A', u'40007192:O CONNOR', 20.0]
check 'RMCH102_YEAR_2018' 'RMCH102'
processXLS: only for SEM2 [u'RMCH102_YEAR_2018', u'RMCH102_YEAR_2017', u'RMCH102', u'RESEARCH METHODS AND TECHNIQUES I', u'BTCHR1', u'BT: CHIROPRACTIC', u'11', u'YEAR', u'D1', u'Durban Campus Full-time', u'A', u'40007192:O CONNOR', 20.0]
[u'', u'', u'', u'', u'', u'', u'', u'', u'', u'', u'', u'', u'']
check '' ''
[u'SCLS101_SEM2_2018', u'SCLS101_SEM2_2017', u'SCLS101', u'SOCIAL STUDIES I', u'NDHMF1', u'ND: HOMOEOPATHY (4 YEARS)', u'22', u'SEMESTER 2', u'D1', u'Durban Campus Full-time', u'A', u'50008903:KORPORAAL CM', 3.0]
check 'SCLS101_SEM2_2018' 'SCLS101'
adding  SCLS101
requesting:  http://10.0.100.98:8000/bbinfo/matching_courses/SCLS101%25
r= <Response [200]>
matching classes= set([u'SCLS101_SEM2_2018', u'SCLS101_SEM2_2016', u'SCLS101_13_KORC', u'SCLS101_SEM2_2017'])
[u'SCLS101_SEM2_2018', u'SCLS101_SEM2_2017', u'SCLS101', u'SOCIAL STUDIES I', u'NDHOM1', u'ND: HOMOEOPATHY', u'22', u'SEMESTER 2', u'D1', u'Durban Campus Full-time', u'A', u'50008903:KORPORAAL CM', 3.0]
check 'SCLS101_SEM2_2018' 'SCLS101'
adding  SCLS101
requesting:  http://10.0.100.98:8000/bbinfo/matching_courses/SCLS101%25
r= <Response [200]>
matching classes= set([u'SCLS101_SEM2_2018', u'SCLS101_SEM2_2016', u'SCLS101_13_KORC', u'SCLS101_SEM2_2017'])
[u'', u'', u'', u'', u'', u'', u'', u'', u'', u'', u'', u'', u'']
check '' ''
[u'SLST101_SEM2_2018', u'SLST101_SEM2_2017', u'SLST101', u'SOCIAL STUDIES I', u'NDCHF1', u'ND: CHIROPRACTIC (4 YEARS)', u'22', u'SEMESTER 2', u'D1', u'Durban Campus Full-time', u'A', u'50008903:KORPORAAL CM', 3.0]
check 'SLST101_SEM2_2018' 'SLST101'
adding  SLST101
requesting:  http://10.0.100.98:8000/bbinfo/matching_courses/SLST101%25
r= <Response [200]>
matching classes= set([u'SLST101_SEM2_2018', u'SLST101_13_KORC', u'SLST101_SEM2_2017', u'SLST101_SEM2_2016'])
[u'SLST101_SEM2_2018', u'SLST101_SEM2_2017', u'SLST101', u'SOCIAL STUDIES I', u'NDCHR1', u'ND: CHIROPRACTIC', u'22', u'SEMESTER 2', u'D1', u'Durban Campus Full-time', u'A', u'50008903:KORPORAAL CM', 19.0]
check 'SLST101_SEM2_2018' 'SLST101'
adding  SLST101
requesting:  http://10.0.100.98:8000/bbinfo/matching_courses/SLST101%25
r= <Response [200]>
matching classes= set([u'SLST101_SEM2_2018', u'SLST101_13_KORC', u'SLST101_SEM2_2017', u'SLST101_SEM2_2016'])
[u'', u'', u'', u'', u'', u'', u'', u'', u'', u'', u'', u'', u'']
check '' ''
[u'SMTQ101_YEAR_2018', u'SMTQ101_YEAR_2017', u'SMTQ101', u'SOMA TECHNIQUES I', u'NDSMF1', u'ND: SOMATOLOGY (4 YEARS)', u'11', u'YEAR', u'D1', u'Durban Campus Full-time', u'A', u'40009816:MAKGOBOLE: 50012004: NKWANYANA', 22.0]
check 'SMTQ101_YEAR_2018' 'SMTQ101'
processXLS: only for SEM2 [u'SMTQ101_YEAR_2018', u'SMTQ101_YEAR_2017', u'SMTQ101', u'SOMA TECHNIQUES I', u'NDSMF1', u'ND: SOMATOLOGY (4 YEARS)', u'11', u'YEAR', u'D1', u'Durban Campus Full-time', u'A', u'40009816:MAKGOBOLE: 50012004: NKWANYANA', 22.0]
[u'SMTQ101_YEAR_2018', u'SMTQ101_YEAR_2017', u'SMTQ101', u'SOMA TECHNIQUES I', u'NDSOM1', u'ND: SOMATOLOGY', u'11', u'YEAR', u'D1', u'Durban Campus Full-time', u'A', u'40009816:MAKGOBOLE: 50012004: NKWANYANA', 44.0]
check 'SMTQ101_YEAR_2018' 'SMTQ101'
processXLS: only for SEM2 [u'SMTQ101_YEAR_2018', u'SMTQ101_YEAR_2017', u'SMTQ101', u'SOMA TECHNIQUES I', u'NDSOM1', u'ND: SOMATOLOGY', u'11', u'YEAR', u'D1', u'Durban Campus Full-time', u'A', u'40009816:MAKGOBOLE: 50012004: NKWANYANA', 44.0]
[u'', u'', u'', u'', u'', u'', u'', u'', u'', u'', u'', u'', u'']
check '' ''
[u'SPCH101_YEAR_2018', u'SPCH101_YEAR_2017', u'SPCH101', u'SOCIO-PSYCHOLOGY I', u'NDSMF1', u'ND: SOMATOLOGY (4 YEARS)', u'11', u'YEAR', u'D1', u'Durban Campus Full-time', u'A', u'40007260:RAMMANHOR', 10.0]
check 'SPCH101_YEAR_2018' 'SPCH101'
processXLS: only for SEM2 [u'SPCH101_YEAR_2018', u'SPCH101_YEAR_2017', u'SPCH101', u'SOCIO-PSYCHOLOGY I', u'NDSMF1', u'ND: SOMATOLOGY (4 YEARS)', u'11', u'YEAR', u'D1', u'Durban Campus Full-time', u'A', u'40007260:RAMMANHOR', 10.0]
[u'SPCH101_YEAR_2018', u'SPCH101_YEAR_2017', u'SPCH101', u'SOCIO-PSYCHOLOGY I', u'NDSOM1', u'ND: SOMATOLOGY', u'11', u'YEAR', u'D1', u'Durban Campus Full-time', u'A', u'40007260:RAMMANHOR', 35.0]
check 'SPCH101_YEAR_2018' 'SPCH101'
processXLS: only for SEM2 [u'SPCH101_YEAR_2018', u'SPCH101_YEAR_2017', u'SPCH101', u'SOCIO-PSYCHOLOGY I', u'NDSOM1', u'ND: SOMATOLOGY', u'11', u'YEAR', u'D1', u'Durban Campus Full-time', u'A', u'40007260:RAMMANHOR', 35.0]
[u'', u'', u'', u'', u'', u'', u'', u'', u'', u'', u'', u'', u'']
check '' ''
[u'WELL111_YEAR_2018', u'WELL111_YEAR_2017', u'WELL111', u'WELLNESS (MODULE 1)', u'NDSMF1', u'ND: SOMATOLOGY (4 YEARS)', u'11', u'YEAR', u'D1', u'Durban Campus Full-time', u'A', u'40010946:OPPEL', 29.0]
check 'WELL111_YEAR_2018' 'WELL111'
processXLS: only for SEM2 [u'WELL111_YEAR_2018', u'WELL111_YEAR_2017', u'WELL111', u'WELLNESS (MODULE 1)', u'NDSMF1', u'ND: SOMATOLOGY (4 YEARS)', u'11', u'YEAR', u'D1', u'Durban Campus Full-time', u'A', u'40010946:OPPEL', 29.0]
[u'', u'', u'', u'', u'', u'', u'', u'', u'', u'', u'', u'', u'']
check '' ''
[u'WELL121_YEAR_2018', u'WELL121_YEAR_2017', u'WELL121', u'WELLNESS (MODULE 2)', u'NDSMF1', u'ND: SOMATOLOGY (4 YEARS)', u'11', u'YEAR', u'D1', u'Durban Campus Full-time', u'A', u'40009816:MAKGOBOLE', 22.0]
check 'WELL121_YEAR_2018' 'WELL121'
processXLS: only for SEM2 [u'WELL121_YEAR_2018', u'WELL121_YEAR_2017', u'WELL121', u'WELLNESS (MODULE 2)', u'NDSMF1', u'ND: SOMATOLOGY (4 YEARS)', u'11', u'YEAR', u'D1', u'Durban Campus Full-time', u'A', u'40009816:MAKGOBOLE', 22.0]
[u'', u'', u'', u'', u'', u'', u'', u'', u'', u'', u'', u'', u'']
check '' ''
[u'ANAT232_YEAR_2018', u'ANAT232_YEAR_2017', u'ANAT232', u'ANATOMY II (TOPOGRAPHIC & RADIOGRAPHIC ANAT)', u'NDCHF1', u'ND: CHIROPRACTIC (4 YEARS)', u'11', u'YEAR', u'D1', u'Durban Campus Full-time', u'A', u'40004547:TWALA', 5.0]
check 'ANAT232_YEAR_2018' 'ANAT232'
processXLS: only for SEM2 [u'ANAT232_YEAR_2018', u'ANAT232_YEAR_2017', u'ANAT232', u'ANATOMY II (TOPOGRAPHIC & RADIOGRAPHIC ANAT)', u'NDCHF1', u'ND: CHIROPRACTIC (4 YEARS)', u'11', u'YEAR', u'D1', u'Durban Campus Full-time', u'A', u'40004547:TWALA', 5.0]
[u'ANAT232_YEAR_2018', u'ANAT232_YEAR_2017', u'ANAT232', u'ANATOMY II (TOPOGRAPHIC & RADIOGRAPHIC ANAT)', u'NDCHR1', u'ND: CHIROPRACTIC', u'11', u'YEAR', u'D1', u'Durban Campus Full-time', u'A', u'40004547:TWALA', 22.0]
check 'ANAT232_YEAR_2018' 'ANAT232'
processXLS: only for SEM2 [u'ANAT232_YEAR_2018', u'ANAT232_YEAR_2017', u'ANAT232', u'ANATOMY II (TOPOGRAPHIC & RADIOGRAPHIC ANAT)', u'NDCHR1', u'ND: CHIROPRACTIC', u'11', u'YEAR', u'D1', u'Durban Campus Full-time', u'A', u'40004547:TWALA', 22.0]
[u'', u'', u'', u'', u'', u'', u'', u'', u'', u'', u'', u'', u'']
check '' ''
[u'BIOT201_YEAR_2018', u'BIOT201_YEAR_2017', u'BIOT201', u'BIOTICS II', u'NDSMF1', u'ND: SOMATOLOGY (4 YEARS)', u'11', u'YEAR', u'D1', u'Durban Campus Full-time', u'A', u'40007260:RAMMANHOR', 9.0]
check 'BIOT201_YEAR_2018' 'BIOT201'
processXLS: only for SEM2 [u'BIOT201_YEAR_2018', u'BIOT201_YEAR_2017', u'BIOT201', u'BIOTICS II', u'NDSMF1', u'ND: SOMATOLOGY (4 YEARS)', u'11', u'YEAR', u'D1', u'Durban Campus Full-time', u'A', u'40007260:RAMMANHOR', 9.0]
[u'BIOT201_YEAR_2018', u'BIOT201_YEAR_2017', u'BIOT201', u'BIOTICS II', u'NDSOM1', u'ND: SOMATOLOGY', u'11', u'YEAR', u'D1', u'Durban Campus Full-time', u'A', u'40007260:RAMMANHOR', 39.0]
check 'BIOT201_YEAR_2018' 'BIOT201'
processXLS: only for SEM2 [u'BIOT201_YEAR_2018', u'BIOT201_YEAR_2017', u'BIOT201', u'BIOTICS II', u'NDSOM1', u'ND: SOMATOLOGY', u'11', u'YEAR', u'D1', u'Durban Campus Full-time', u'A', u'40007260:RAMMANHOR', 39.0]
[u'', u'', u'', u'', u'', u'', u'', u'', u'', u'', u'', u'', u'']
check '' ''
[u'', u'', u'', u'BEAUTY PRACTICE TECHNOLOGY  III', u'NDSOM1', u'ND: SOMATOLOGY (4 YEARS)', u'ET', u'YEAR', u'D1', u'Durban Campus Full-time', u'A', u'40007260:RAMMANHOR', 9.0]
check '' ''
[u'', u'', u'', u'BEAUTY PRACTICE TECHNOLOGY  III', u'NDSMF1', u'ND: SOMATOLOGY', u'ET', u'YEAR', u'D1', u'Durban Campus Full-time', u'A', u'40007260:RAMMANHOR', 39.0]
check '' ''
[u'', u'', u'', u'', u'', u'', u'', u'', u'', u'', u'', u'', u'']
check '' ''
[u'BPRA201_YEAR_2018', u'BPRA201_YEAR_2017', u'BPRA201', u'BUSINESS PRACTICE II', u'NDSMF1', u'ND: SOMATOLOGY (4 YEARS)', u'11', u'YEAR', u'D1', u'Durban Campus Full-time', u'A', u'50002066:BORG', 9.0]
check 'BPRA201_YEAR_2018' 'BPRA201'
processXLS: only for SEM2 [u'BPRA201_YEAR_2018', u'BPRA201_YEAR_2017', u'BPRA201', u'BUSINESS PRACTICE II', u'NDSMF1', u'ND: SOMATOLOGY (4 YEARS)', u'11', u'YEAR', u'D1', u'Durban Campus Full-time', u'A', u'50002066:BORG', 9.0]
[u'BPRA201_YEAR_2018', u'BPRA201_YEAR_2017', u'BPRA201', u'BUSINESS PRACTICE II', u'NDSOM1', u'ND: SOMATOLOGY', u'11', u'YEAR', u'D1', u'Durban Campus Full-time', u'A', u'50002066:BORG', 28.0]
check 'BPRA201_YEAR_2018' 'BPRA201'
processXLS: only for SEM2 [u'BPRA201_YEAR_2018', u'BPRA201_YEAR_2017', u'BPRA201', u'BUSINESS PRACTICE II', u'NDSOM1', u'ND: SOMATOLOGY', u'11', u'YEAR', u'D1', u'Durban Campus Full-time', u'A', u'50002066:BORG', 28.0]
[u'', u'', u'', u'', u'', u'', u'', u'', u'', u'', u'', u'', u'']
check '' ''
[u'CHPP201_YEAR_2018', u'CHPP201_YEAR_2017', u'CHPP201', u'CHIROPRACTIC PRINCIPLES AND PRACTICE II', u'NDCHF1', u'ND: CHIROPRACTIC (4 YEARS)', u'11', u'YEAR', u'D1', u'Durban Campus Full-time', u'A', u'50008903:KORPORAAL', 5.0]
check 'CHPP201_YEAR_2018' 'CHPP201'
processXLS: only for SEM2 [u'CHPP201_YEAR_2018', u'CHPP201_YEAR_2017', u'CHPP201', u'CHIROPRACTIC PRINCIPLES AND PRACTICE II', u'NDCHF1', u'ND: CHIROPRACTIC (4 YEARS)', u'11', u'YEAR', u'D1', u'Durban Campus Full-time', u'A', u'50008903:KORPORAAL', 5.0]
[u'', u'', u'', u'', u'', u'', u'', u'', u'', u'', u'', u'', u'']
check '' ''
[u'PPTH201_YEAR_2018', u'PPTH201_YEAR_2017', u'PPTH201', u'PSYCHOPATHOLOGY II', u'NDCHF1', u'ND: CHIROPRACTIC (4 YEARS)', u'11', u'YEAR', u'D1', u'Durban Campus Full-time', u'A', u'50008903:KORPORAAL CM', 2.0]
check 'PPTH201_YEAR_2018' 'PPTH201'
processXLS: only for SEM2 [u'PPTH201_YEAR_2018', u'PPTH201_YEAR_2017', u'PPTH201', u'PSYCHOPATHOLOGY II', u'NDCHF1', u'ND: CHIROPRACTIC (4 YEARS)', u'11', u'YEAR', u'D1', u'Durban Campus Full-time', u'A', u'50008903:KORPORAAL CM', 2.0]
[u'PPTH201_YEAR_2018', u'PPTH201_YEAR_2017', u'PPTH201', u'PSYCHOPATHOLOGY II', u'NDCHR1', u'ND: CHIROPRACTIC', u'11', u'YEAR', u'D1', u'Durban Campus Full-time', u'A', u'50008903:KORPORAAL CM', 31.0]
check 'PPTH201_YEAR_2018' 'PPTH201'
processXLS: only for SEM2 [u'PPTH201_YEAR_2018', u'PPTH201_YEAR_2017', u'PPTH201', u'PSYCHOPATHOLOGY II', u'NDCHR1', u'ND: CHIROPRACTIC', u'11', u'YEAR', u'D1', u'Durban Campus Full-time', u'A', u'50008903:KORPORAAL CM', 31.0]
[u'', u'', u'', u'', u'', u'', u'', u'', u'', u'', u'', u'', u'']
check '' ''
[u'RMTN201_YEAR_2018', u'RMTN201_YEAR_2017', u'RMTN201', u'RESEARCH METHODOLOGY:NATURAL SCIENCES', u'BTSOM1', u'BT: SOMATOLOGY', u'11', u'YEAR', u'D3', u'Durban Campus Part-time', u'A', u'50002066:BORG', 5.0]
check 'RMTN201_YEAR_2018' 'RMTN201'
processXLS: only for SEM2 [u'RMTN201_YEAR_2018', u'RMTN201_YEAR_2017', u'RMTN201', u'RESEARCH METHODOLOGY:NATURAL SCIENCES', u'BTSOM1', u'BT: SOMATOLOGY', u'11', u'YEAR', u'D3', u'Durban Campus Part-time', u'A', u'50002066:BORG', 5.0]
[u'', u'', u'', u'', u'', u'', u'', u'', u'', u'', u'', u'', u'']
check '' ''
[u'SMTP201_YEAR_2018', u'SMTP201_YEAR_2017', u'SMTP201', u'SOMA TECHNIQUES PROJECT II', u'NDSMF1', u'ND: SOMATOLOGY (4 YEARS)', u'11', u'YEAR', u'D1', u'Durban Campus Full-time', u'A', u'50002066:BORG', 8.0]
check 'SMTP201_YEAR_2018' 'SMTP201'
processXLS: only for SEM2 [u'SMTP201_YEAR_2018', u'SMTP201_YEAR_2017', u'SMTP201', u'SOMA TECHNIQUES PROJECT II', u'NDSMF1', u'ND: SOMATOLOGY (4 YEARS)', u'11', u'YEAR', u'D1', u'Durban Campus Full-time', u'A', u'50002066:BORG', 8.0]
[u'SMTP201_YEAR_2018', u'SMTP201_YEAR_2017', u'SMTP201', u'SOMA TECHNIQUES PROJECT II', u'NDSOM1', u'ND: SOMATOLOGY', u'11', u'YEAR', u'D1', u'Durban Campus Full-time', u'A', u'50002066:BORG', 26.0]
check 'SMTP201_YEAR_2018' 'SMTP201'
processXLS: only for SEM2 [u'SMTP201_YEAR_2018', u'SMTP201_YEAR_2017', u'SMTP201', u'SOMA TECHNIQUES PROJECT II', u'NDSOM1', u'ND: SOMATOLOGY', u'11', u'YEAR', u'D1', u'Durban Campus Full-time', u'A', u'50002066:BORG', 26.0]
[u'', u'', u'', u'', u'', u'', u'', u'', u'', u'', u'', u'', u'']
check '' ''
[u'SMTQ201_YEAR_2018', u'SMTQ201_YEAR_2017', u'SMTQ201', u'SOMA TECHNIQUES II', u'NDSMF1', u'ND: SOMATOLOGY (4 YEARS)', u'11', u'YEAR', u'D1', u'Durban Campus Full-time', u'A', u'40007260:RAMMANHOR;50012004:NKWANYANA', 9.0]
check 'SMTQ201_YEAR_2018' 'SMTQ201'
processXLS: only for SEM2 [u'SMTQ201_YEAR_2018', u'SMTQ201_YEAR_2017', u'SMTQ201', u'SOMA TECHNIQUES II', u'NDSMF1', u'ND: SOMATOLOGY (4 YEARS)', u'11', u'YEAR', u'D1', u'Durban Campus Full-time', u'A', u'40007260:RAMMANHOR;50012004:NKWANYANA', 9.0]
[u'SMTQ201_YEAR_2018', u'SMTQ201_YEAR_2017', u'SMTQ201', u'SOMA TECHNIQUES II', u'NDSOM1', u'ND: SOMATOLOGY', u'11', u'YEAR', u'D1', u'Durban Campus Full-time', u'A', u'40007260:RAMMANHOR;50012004:NKWANYANA', 35.0]
check 'SMTQ201_YEAR_2018' 'SMTQ201'
processXLS: only for SEM2 [u'SMTQ201_YEAR_2018', u'SMTQ201_YEAR_2017', u'SMTQ201', u'SOMA TECHNIQUES II', u'NDSOM1', u'ND: SOMATOLOGY', u'11', u'YEAR', u'D1', u'Durban Campus Full-time', u'A', u'40007260:RAMMANHOR;50012004:NKWANYANA', 35.0]
[u'', u'', u'', u'', u'', u'', u'', u'', u'', u'', u'', u'', u'']
check '' ''
[u'SPCH201_YEAR_2018', u'SPCH201_YEAR_2017', u'SPCH201', u'SOCIO-PSYCHOLOGY II', u'NDSOM1', u'ND: SOMATOLOGY', u'11', u'YEAR', u'D1', u'Durban Campus Full-time', u'A', u'50002066:BORG', 13.0]
check 'SPCH201_YEAR_2018' 'SPCH201'
processXLS: only for SEM2 [u'SPCH201_YEAR_2018', u'SPCH201_YEAR_2017', u'SPCH201', u'SOCIO-PSYCHOLOGY II', u'NDSOM1', u'ND: SOMATOLOGY', u'11', u'YEAR', u'D1', u'Durban Campus Full-time', u'A', u'50002066:BORG', 13.0]
[u'', u'', u'', u'', u'', u'', u'', u'', u'', u'', u'', u'', u'']
check '' ''
[u'AUXT301_YEAR_2018', u'AUXT301_YEAR_2017', u'AUXT301', u'AUXILIARY THERAPEUTICS III', u'NDCHF1', u'ND: CHIROPRACTIC (4 YEARS)', u'11', u'YEAR', u'D1', u'Durban Campus Full-time', u'A', u'40003653:VARATHARAJULLU', 2.0]
check 'AUXT301_YEAR_2018' 'AUXT301'
processXLS: only for SEM2 [u'AUXT301_YEAR_2018', u'AUXT301_YEAR_2017', u'AUXT301', u'AUXILIARY THERAPEUTICS III', u'NDCHF1', u'ND: CHIROPRACTIC (4 YEARS)', u'11', u'YEAR', u'D1', u'Durban Campus Full-time', u'A', u'40003653:VARATHARAJULLU', 2.0]
[u'AUXT301_YEAR_2018', u'AUXT301_YEAR_2017', u'AUXT301', u'AUXILIARY THERAPEUTICS III', u'NDCHR1', u'ND: CHIROPRACTIC', u'11', u'YEAR', u'D1', u'Durban Campus Full-time', u'A', u'40003653:VARATHARAJULLU', 31.0]
check 'AUXT301_YEAR_2018' 'AUXT301'
processXLS: only for SEM2 [u'AUXT301_YEAR_2018', u'AUXT301_YEAR_2017', u'AUXT301', u'AUXILIARY THERAPEUTICS III', u'NDCHR1', u'ND: CHIROPRACTIC', u'11', u'YEAR', u'D1', u'Durban Campus Full-time', u'A', u'40003653:VARATHARAJULLU', 31.0]
[u'', u'', u'', u'', u'', u'', u'', u'', u'', u'', u'', u'', u'']
check '' ''
[u'BIOT301_YEAR_2018', u'BIOT301_YEAR_2017', u'BIOT301', u'BIOTICS III', u'NDSMF1', u'ND: SOMATOLOGY (4 YEARS)', u'11', u'YEAR', u'D1', u'Durban Campus Full-time', u'A', u'50002066:BORG', 11.0]
check 'BIOT301_YEAR_2018' 'BIOT301'
processXLS: only for SEM2 [u'BIOT301_YEAR_2018', u'BIOT301_YEAR_2017', u'BIOT301', u'BIOTICS III', u'NDSMF1', u'ND: SOMATOLOGY (4 YEARS)', u'11', u'YEAR', u'D1', u'Durban Campus Full-time', u'A', u'50002066:BORG', 11.0]
[u'BIOT301_YEAR_2018', u'BIOT301_YEAR_2017', u'BIOT301', u'BIOTICS III', u'NDSOM1', u'ND: SOMATOLOGY', u'11', u'YEAR', u'D1', u'Durban Campus Full-time', u'A', u'50002066:BORG', 27.0]
check 'BIOT301_YEAR_2018' 'BIOT301'
processXLS: only for SEM2 [u'BIOT301_YEAR_2018', u'BIOT301_YEAR_2017', u'BIOT301', u'BIOTICS III', u'NDSOM1', u'ND: SOMATOLOGY', u'11', u'YEAR', u'D1', u'Durban Campus Full-time', u'A', u'50002066:BORG', 27.0]
[u'', u'', u'', u'', u'', u'', u'', u'', u'', u'', u'', u'', u'']
check '' ''
[u'CHPP311_YEAR_2018', u'CHPP311_YEAR_2017', u'CHPP311', u'CHIROPRACTIC PRINCIPLES AND PRACTICE', u'NDCHF1', u'ND: CHIROPRACTIC (4 YEARS)', u'11', u'YEAR', u'D1', u'Durban Campus Full-time', u'A', u'50008903:KORPORAAL', 2.0]
check 'CHPP311_YEAR_2018' 'CHPP311'
processXLS: only for SEM2 [u'CHPP311_YEAR_2018', u'CHPP311_YEAR_2017', u'CHPP311', u'CHIROPRACTIC PRINCIPLES AND PRACTICE', u'NDCHF1', u'ND: CHIROPRACTIC (4 YEARS)', u'11', u'YEAR', u'D1', u'Durban Campus Full-time', u'A', u'50008903:KORPORAAL', 2.0]
[u'CHPP311_YEAR_2018', u'CHPP311_YEAR_2017', u'CHPP311', u'CHIROPRACTIC PRINCIPLES AND PRACTICE', u'NDCHR1', u'ND: CHIROPRACTIC', u'11', u'YEAR', u'D1', u'Durban Campus Full-time', u'A', u'50008903:KORPORAAL', 37.0]
check 'CHPP311_YEAR_2018' 'CHPP311'
processXLS: only for SEM2 [u'CHPP311_YEAR_2018', u'CHPP311_YEAR_2017', u'CHPP311', u'CHIROPRACTIC PRINCIPLES AND PRACTICE', u'NDCHR1', u'ND: CHIROPRACTIC', u'11', u'YEAR', u'D1', u'Durban Campus Full-time', u'A', u'50008903:KORPORAAL', 37.0]
[u'', u'', u'', u'', u'', u'', u'', u'', u'', u'', u'', u'', u'']
check '' ''
[u'DIGN301_YEAR_2018', u'DIGN301_YEAR_2017', u'DIGN301', u'DIAGNOSTICS III', u'NDCHF1', u'ND: CHIROPRACTIC (4 YEARS)', u'11', u'YEAR', u'D1', u'Durban Campus Full-time', u'A', u'40010342:ABDUL-RASHEED;50008903:KORPORAAL', 1.0]
check 'DIGN301_YEAR_2018' 'DIGN301'
processXLS: only for SEM2 [u'DIGN301_YEAR_2018', u'DIGN301_YEAR_2017', u'DIGN301', u'DIAGNOSTICS III', u'NDCHF1', u'ND: CHIROPRACTIC (4 YEARS)', u'11', u'YEAR', u'D1', u'Durban Campus Full-time', u'A', u'40010342:ABDUL-RASHEED;50008903:KORPORAAL', 1.0]
[u'DIGN301_YEAR_2018', u'DIGN301_YEAR_2017', u'DIGN301', u'DIAGNOSTICS III', u'NDCHR1', u'ND: CHIROPRACTIC', u'11', u'YEAR', u'D1', u'Durban Campus Full-time', u'A', u'40010342:ABDUL-RASHEED;50008903:KORPORAAL', 28.0]
check 'DIGN301_YEAR_2018' 'DIGN301'
processXLS: only for SEM2 [u'DIGN301_YEAR_2018', u'DIGN301_YEAR_2017', u'DIGN301', u'DIAGNOSTICS III', u'NDCHR1', u'ND: CHIROPRACTIC', u'11', u'YEAR', u'D1', u'Durban Campus Full-time', u'A', u'40010342:ABDUL-RASHEED;50008903:KORPORAAL', 28.0]
[u'', u'', u'', u'', u'', u'', u'', u'', u'', u'', u'', u'', u'']
check '' ''
[u'SMTQ301_YEAR_2018', u'SMTQ301_YEAR_2017', u'SMTQ301', u'SOMA TECHNIQUES III', u'NDSMF1', u'ND: SOMATOLOGY (4 YEARS)', u'11', u'YEAR', u'D1', u'Durban Campus Full-time', u'A', u' 50002066:BORG: 40007260: RAMMANHOR', 9.0]
check 'SMTQ301_YEAR_2018' 'SMTQ301'
processXLS: only for SEM2 [u'SMTQ301_YEAR_2018', u'SMTQ301_YEAR_2017', u'SMTQ301', u'SOMA TECHNIQUES III', u'NDSMF1', u'ND: SOMATOLOGY (4 YEARS)', u'11', u'YEAR', u'D1', u'Durban Campus Full-time', u'A', u' 50002066:BORG: 40007260: RAMMANHOR', 9.0]
[u'SMTQ301_YEAR_2018', u'SMTQ301_YEAR_2017', u'SMTQ301', u'SOMA TECHNIQUES III', u'NDSOM1', u'ND: SOMATOLOGY', u'11', u'YEAR', u'D1', u'Durban Campus Full-time', u'A', u'50002066:BORG: 4000760 RAMMANHOR', 26.0]
check 'SMTQ301_YEAR_2018' 'SMTQ301'
processXLS: only for SEM2 [u'SMTQ301_YEAR_2018', u'SMTQ301_YEAR_2017', u'SMTQ301', u'SOMA TECHNIQUES III', u'NDSOM1', u'ND: SOMATOLOGY', u'11', u'YEAR', u'D1', u'Durban Campus Full-time', u'A', u'50002066:BORG: 4000760 RAMMANHOR', 26.0]
[u'', u'', u'', u'', u'', u'', u'', u'', u'', u'', u'', u'', u'']
check '' ''
[u'BIOT401_YEAR_2018', u'BIOT401_YEAR_2017', u'BIOT401', u'BIOTICS IV', u'BTSOM1', u'BT: SOMATOLOGY', u'11', u'YEAR', u'D3', u'Durban Campus Part-time', u'A', u'50012004:NKWANYANA', 5.0]
check 'BIOT401_YEAR_2018' 'BIOT401'
processXLS: only for SEM2 [u'BIOT401_YEAR_2018', u'BIOT401_YEAR_2017', u'BIOT401', u'BIOTICS IV', u'BTSOM1', u'BT: SOMATOLOGY', u'11', u'YEAR', u'D3', u'Durban Campus Part-time', u'A', u'50012004:NKWANYANA', 5.0]
[u'', u'', u'', u'', u'', u'', u'', u'', u'', u'', u'', u'', u'']
check '' ''
[u'CBKI402_YEAR_2018', u'CBKI402_YEAR_2017', u'CBKI402', u'CLINICAL BIOMECHANICS AND KINESIOLOGY IV', u'BTCHR1', u'BT: CHIROPRACTIC', u'11', u'YEAR', u'D1', u'Durban Campus Full-time', u'A', u'50002564:DOCRAT', 21.0]
check 'CBKI402_YEAR_2018' 'CBKI402'
processXLS: only for SEM2 [u'CBKI402_YEAR_2018', u'CBKI402_YEAR_2017', u'CBKI402', u'CLINICAL BIOMECHANICS AND KINESIOLOGY IV', u'BTCHR1', u'BT: CHIROPRACTIC', u'11', u'YEAR', u'D1', u'Durban Campus Full-time', u'A', u'50002564:DOCRAT', 21.0]
[u'', u'', u'', u'', u'', u'', u'', u'', u'', u'', u'', u'', u'']
check '' ''
[u'CHPP401_YEAR_2018', u'CHPP401_YEAR_2017', u'CHPP401', u'CHIROPRACTIC PRINCIPLES & PRACTICE IV', u'BTCHR1', u'BT: CHIROPRACTIC', u'11', u'YEAR', u'D1', u'Durban Campus Full-time', u'A', u'50008903:KORPORAAL', 22.0]
check 'CHPP401_YEAR_2018' 'CHPP401'
processXLS: only for SEM2 [u'CHPP401_YEAR_2018', u'CHPP401_YEAR_2017', u'CHPP401', u'CHIROPRACTIC PRINCIPLES & PRACTICE IV', u'BTCHR1', u'BT: CHIROPRACTIC', u'11', u'YEAR', u'D1', u'Durban Campus Full-time', u'A', u'50008903:KORPORAAL', 22.0]
[u'', u'', u'', u'', u'', u'', u'', u'', u'', u'', u'', u'', u'']
check '' ''
[u'CLCH401_YEAR_2018', u'CLCH401_YEAR_2017', u'CLCH401', u'CLINICAL CHIROPRACTIC IV', u'BTCHR1', u'BT: CHIROPRACTIC', u'11', u'YEAR', u'D1', u'Durban Campus Full-time', u'A', u'50002564:DOCRAT', 20.0]
check 'CLCH401_YEAR_2018' 'CLCH401'
processXLS: only for SEM2 [u'CLCH401_YEAR_2018', u'CLCH401_YEAR_2017', u'CLCH401', u'CLINICAL CHIROPRACTIC IV', u'BTCHR1', u'BT: CHIROPRACTIC', u'11', u'YEAR', u'D1', u'Durban Campus Full-time', u'A', u'50002564:DOCRAT', 20.0]
[u'', u'', u'', u'', u'', u'', u'', u'', u'', u'', u'', u'', u'']
check '' ''
[u'DIGN401_YEAR_2018', u'DIGN401_YEAR_2017', u'DIGN401', u'DIAGNOSTICS IV', u'BTCHR1', u'BT: CHIROPRACTIC', u'11', u'YEAR', u'D1', u'Durban Campus Full-time', u'A', u'50008903:KORPORAAL', 22.0]
check 'DIGN401_YEAR_2018' 'DIGN401'
processXLS: only for SEM2 [u'DIGN401_YEAR_2018', u'DIGN401_YEAR_2017', u'DIGN401', u'DIAGNOSTICS IV', u'BTCHR1', u'BT: CHIROPRACTIC', u'11', u'YEAR', u'D1', u'Durban Campus Full-time', u'A', u'50008903:KORPORAAL', 22.0]
[u'', u'', u'', u'', u'', u'', u'', u'', u'', u'', u'', u'', u'']
check '' ''
[u'RDLG401_YEAR_2018', u'RDLG401_YEAR_2017', u'RDLG401', u'RADIOLOGY IV', u'BTCHR1', u'BT: CHIROPRACTIC', u'11', u'YEAR', u'D1', u'Durban Campus Full-time', u'A', u'40010342:ABDUL-RASHEED;40004547:TWALA;50002517:SUNDER;40010295:KISMATH', 20.0]
check 'RDLG401_YEAR_2018' 'RDLG401'
processXLS: only for SEM2 [u'RDLG401_YEAR_2018', u'RDLG401_YEAR_2017', u'RDLG401', u'RADIOLOGY IV', u'BTCHR1', u'BT: CHIROPRACTIC', u'11', u'YEAR', u'D1', u'Durban Campus Full-time', u'A', u'40010342:ABDUL-RASHEED;40004547:TWALA;50002517:SUNDER;40010295:KISMATH', 20.0]
[u'', u'', u'', u'', u'', u'', u'', u'', u'', u'', u'', u'', u'']
check '' ''
[u'SMTP401_YEAR_2018', u'SMTP401_YEAR_2017', u'SMTP401', u'SOMATOLOGY PROJECT IV', u'BTSOM1', u'BT: SOMATOLOGY', u'11', u'YEAR', u'D3', u'Durban Campus Part-time', u'A', u'50002066:BORG', 7.0]
check 'SMTP401_YEAR_2018' 'SMTP401'
processXLS: only for SEM2 [u'SMTP401_YEAR_2018', u'SMTP401_YEAR_2017', u'SMTP401', u'SOMATOLOGY PROJECT IV', u'BTSOM1', u'BT: SOMATOLOGY', u'11', u'YEAR', u'D3', u'Durban Campus Part-time', u'A', u'50002066:BORG', 7.0]
[u'', u'', u'', u'', u'', u'', u'', u'', u'', u'', u'', u'', u'']
check '' ''
[u'SMTQ401_YEAR_2018', u'SMTQ401_YEAR_2017', u'SMTQ401', u'SOMA TECHNIQUES IV', u'BTSOM1', u'BT: SOMATOLOGY', u'11', u'YEAR', u'D3', u'Durban Campus Part-time', u'A', u'40007260:RAMMANHOR;50002066:BORG; 50012004: NKWANYANA', 5.0]
check 'SMTQ401_YEAR_2018' 'SMTQ401'
processXLS: only for SEM2 [u'SMTQ401_YEAR_2018', u'SMTQ401_YEAR_2017', u'SMTQ401', u'SOMA TECHNIQUES IV', u'BTSOM1', u'BT: SOMATOLOGY', u'11', u'YEAR', u'D3', u'Durban Campus Part-time', u'A', u'40007260:RAMMANHOR;50002066:BORG; 50012004: NKWANYANA', 5.0]
[u'', u'', u'', u'', u'', u'', u'', u'', u'', u'', u'', u'', u'']
check '' ''
[u'CBKI501_YEAR_2018', u'CBKI501_YEAR_2017', u'CBKI501', u'CLINICAL BIOMECHANICS AND KINESIOLOGY V', u'MTCHR1', u'MT: CHIROPRACTIC', u'P0', u'POST-GRAD ANNUAL REGISTRATIONS', u'D1', u'Durban Campus Full-time', u'A', u'50008903:KORPORAAL', 23.0]
check 'CBKI501_YEAR_2018' 'CBKI501'
processXLS: only for SEM2 [u'CBKI501_YEAR_2018', u'CBKI501_YEAR_2017', u'CBKI501', u'CLINICAL BIOMECHANICS AND KINESIOLOGY V', u'MTCHR1', u'MT: CHIROPRACTIC', u'P0', u'POST-GRAD ANNUAL REGISTRATIONS', u'D1', u'Durban Campus Full-time', u'A', u'50008903:KORPORAAL', 23.0]
[u'', u'', u'', u'', u'', u'', u'', u'', u'', u'', u'', u'', u'']
check '' ''
[u'CHPP501_YEAR_2018', u'CHPP501_YEAR_2017', u'CHPP501', u'CHIROPRACTIC PRINCIPLES AND PRACTICE V', u'MTCHR1', u'MT: CHIROPRACTIC', u'P0', u'POST-GRAD ANNUAL REGISTRATIONS', u'D1', u'Durban Campus Full-time', u'A', u'50008903:KORPORAAL', 23.0]
check 'CHPP501_YEAR_2018' 'CHPP501'
processXLS: only for SEM2 [u'CHPP501_YEAR_2018', u'CHPP501_YEAR_2017', u'CHPP501', u'CHIROPRACTIC PRINCIPLES AND PRACTICE V', u'MTCHR1', u'MT: CHIROPRACTIC', u'P0', u'POST-GRAD ANNUAL REGISTRATIONS', u'D1', u'Durban Campus Full-time', u'A', u'50008903:KORPORAAL', 23.0]
[u'', u'', u'', u'', u'', u'', u'', u'', u'', u'', u'', u'', u'']
check '' ''
[u'CLCH501_YEAR_2018', u'CLCH501_YEAR_2017', u'CLCH501', u'CLINICAL CHIROPRACTIC V', u'MTCHR1', u'MT: CHIROPRACTIC', u'P0', u'POST-GRAD ANNUAL REGISTRATIONS', u'D1', u'Durban Campus Full-time', u'A', u'50008903:KORPORAAL', 36.0]
check 'CLCH501_YEAR_2018' 'CLCH501'
processXLS: only for SEM2 [u'CLCH501_YEAR_2018', u'CLCH501_YEAR_2017', u'CLCH501', u'CLINICAL CHIROPRACTIC V', u'MTCHR1', u'MT: CHIROPRACTIC', u'P0', u'POST-GRAD ANNUAL REGISTRATIONS', u'D1', u'Durban Campus Full-time', u'A', u'50008903:KORPORAAL', 36.0]
[u'', u'', u'', u'', u'', u'', u'', u'', u'', u'', u'', u'', u'']
check '' ''
[u'RPLB511_YEAR_2018', u'RPLB511_YEAR_2017', u'RPLB511', u'RESEARCH PROJECT (SECOND REGISTRATION)', u'MHSOM1', u'MH:  SOMATOLOGY', u'P0', u'POST-GRAD ANNUAL REGISTRATIONS', u'D1', u'Durban Campus Full-time', u'A', u' 50002066:BORG: 50012004: NKWANYANA', 1.0]
check 'RPLB511_YEAR_2018' 'RPLB511'
processXLS: only for SEM2 [u'RPLB511_YEAR_2018', u'RPLB511_YEAR_2017', u'RPLB511', u'RESEARCH PROJECT (SECOND REGISTRATION)', u'MHSOM1', u'MH:  SOMATOLOGY', u'P0', u'POST-GRAD ANNUAL REGISTRATIONS', u'D1', u'Durban Campus Full-time', u'A', u' 50002066:BORG: 50012004: NKWANYANA', 1.0]
[u'RPLB511_YEAR_2018', u'RPLB511_YEAR_2017', u'RPLB511', u'RESEARCH PROJECT (SECOND REGISTRATION)', u'MHSOM1', u'MH:  SOMATOLOGY', u'P0', u'POST-GRAD ANNUAL REGISTRATIONS', u'D3', u'Durban Campus Part-time', u'A', u' 50002066:BORG: 50012004: NKWANYANA', 5.0]
check 'RPLB511_YEAR_2018' 'RPLB511'
processXLS: only for SEM2 [u'RPLB511_YEAR_2018', u'RPLB511_YEAR_2017', u'RPLB511', u'RESEARCH PROJECT (SECOND REGISTRATION)', u'MHSOM1', u'MH:  SOMATOLOGY', u'P0', u'POST-GRAD ANNUAL REGISTRATIONS', u'D3', u'Durban Campus Part-time', u'A', u' 50002066:BORG: 50012004: NKWANYANA', 5.0]
[u'', u'', u'', u'', u'', u'', u'', u'', u'', u'', u'', u'', u'']
check '' ''
[u'RPLB521_YEAR_2018', u'RPLB521_YEAR_2017', u'RPLB521', u'RESEARCH PROJECT (THIRD REGISTRATION)', u'MHSOM1', u'MH:  SOMATOLOGY', u'P0', u'POST-GRAD ANNUAL REGISTRATIONS', u'D3', u'Durban Campus Part-time', u'A', u' 50002066:BORG: 50012004: NKWANYANA', 1.0]
check 'RPLB521_YEAR_2018' 'RPLB521'
processXLS: only for SEM2 [u'RPLB521_YEAR_2018', u'RPLB521_YEAR_2017', u'RPLB521', u'RESEARCH PROJECT (THIRD REGISTRATION)', u'MHSOM1', u'MH:  SOMATOLOGY', u'P0', u'POST-GRAD ANNUAL REGISTRATIONS', u'D3', u'Durban Campus Part-time', u'A', u' 50002066:BORG: 50012004: NKWANYANA', 1.0]
[u'', u'', u'', u'', u'', u'', u'', u'', u'', u'', u'', u'', u'']
check '' ''
[u'RPLX512_YEAR_2018', u'RPLX512_YEAR_2017', u'RPLX512', u'RESEARCH PROJECT AND DISSERTATION (1ST REGIST', u'MTCHR1', u'MT: CHIROPRACTIC', u'P0', u'POST-GRAD ANNUAL REGISTRATIONS', u'D1', u'Durban Campus Full-time', u'A', u'40007192:O CONNOR', 22.0]
check 'RPLX512_YEAR_2018' 'RPLX512'
processXLS: only for SEM2 [u'RPLX512_YEAR_2018', u'RPLX512_YEAR_2017', u'RPLX512', u'RESEARCH PROJECT AND DISSERTATION (1ST REGIST', u'MTCHR1', u'MT: CHIROPRACTIC', u'P0', u'POST-GRAD ANNUAL REGISTRATIONS', u'D1', u'Durban Campus Full-time', u'A', u'40007192:O CONNOR', 22.0]
[u'', u'', u'', u'', u'', u'', u'', u'', u'', u'', u'', u'', u'']
check '' ''
[u'RPLX522_YEAR_2018', u'RPLX522_YEAR_2017', u'RPLX522', u'RESEARCH PROJECT AND DISSERTATION (SUCCESSIVE', u'MTCHR1', u'MT: CHIROPRACTIC', u'P0', u'POST-GRAD ANNUAL REGISTRATIONS', u'D1', u'Durban Campus Full-time', u'A', u'40007192:O CONNOR', 57.0]
check 'RPLX522_YEAR_2018' 'RPLX522'
processXLS: only for SEM2 [u'RPLX522_YEAR_2018', u'RPLX522_YEAR_2017', u'RPLX522', u'RESEARCH PROJECT AND DISSERTATION (SUCCESSIVE', u'MTCHR1', u'MT: CHIROPRACTIC', u'P0', u'POST-GRAD ANNUAL REGISTRATIONS', u'D1', u'Durban Campus Full-time', u'A', u'40007192:O CONNOR', 57.0]
[u'', u'', u'', u'', u'', u'', u'', u'', u'', u'', u'', u'', u'']
check '' ''
[u'RSPS521_YEAR_2018', u'RSPS521_YEAR_2017', u'RSPS521', u'RESEARCH PROJECT (2ND REGISTRATION)', u'MHSOM1', u'MH:  SOMATOLOGY', u'P0', u'POST-GRAD ANNUAL REGISTRATIONS', u'D3', u'Durban Campus Part-time', u'A', u'50002564:Docrat', 6.0]
check 'RSPS521_YEAR_2018' 'RSPS521'
processXLS: only for SEM2 [u'RSPS521_YEAR_2018', u'RSPS521_YEAR_2017', u'RSPS521', u'RESEARCH PROJECT (2ND REGISTRATION)', u'MHSOM1', u'MH:  SOMATOLOGY', u'P0', u'POST-GRAD ANNUAL REGISTRATIONS', u'D3', u'Durban Campus Part-time', u'A', u'50002564:Docrat', 6.0]
[u'', u'', u'', u'', u'', u'', u'', u'', u'', u'', u'', u'', u'']
check '' ''
[u'RSPS531_YEAR_2018', u'RSPS531_YEAR_2017', u'RSPS531', u'RESEARCH PROJECT (3RD REGISTRATION)', u'MHSOM1', u'MH:  SOMATOLOGY', u'P0', u'POST-GRAD ANNUAL REGISTRATIONS', u'D3', u'Durban Campus Part-time', u'A', u'50002564:Docrat', 1.0]
check 'RSPS531_YEAR_2018' 'RSPS531'
processXLS: only for SEM2 [u'RSPS531_YEAR_2018', u'RSPS531_YEAR_2017', u'RSPS531', u'RESEARCH PROJECT (3RD REGISTRATION)', u'MHSOM1', u'MH:  SOMATOLOGY', u'P0', u'POST-GRAD ANNUAL REGISTRATIONS', u'D3', u'Durban Campus Part-time', u'A', u'50002564:Docrat', 1.0]
[u'...', u'...', u'', u'', u'', u'', u'', u'', u'', u'', u'', u'', u'']
check '...' ''
[u'New subjects for 2018', u'New subjects for 2017', u'', u'', u'', u'', u'', u'', u'', u'', u'', u'', u'']
check 'New subjects for 2018' ''
[u'AESP101_SEM1_2018', u'AESP101_SEM1_2017', u'AESP101', u'AESTHETIC PRACTICES I', u'DISMF1', u'DIPLOMA IN SOMATOLOGY (4 YEARS)', u'21', u'SEM1', u'D1', u'OTNAME', u'A', u'', u'']
check 'AESP101_SEM1_2018' 'AESP101'
processXLS: only for SEM2 [u'AESP101_SEM1_2018', u'AESP101_SEM1_2017', u'AESP101', u'AESTHETIC PRACTICES I', u'DISMF1', u'DIPLOMA IN SOMATOLOGY (4 YEARS)', u'21', u'SEM1', u'D1', u'OTNAME', u'A', u'', u'']
[u'AESP201_SEM1_2018', u'AESP201_SEM1_2017', u'AESP201', u'AESTHETIC PRACTICES II', u'DISMF1', u'DIPLOMA IN SOMATOLOGY (4 YEARS)', u'21', u'SEM1', u'D1', u'OTNAME', u'A', u'40009816:MAKGOBOLE', u'']
check 'AESP201_SEM1_2018' 'AESP201'
processXLS: only for SEM2 [u'AESP201_SEM1_2018', u'AESP201_SEM1_2017', u'AESP201', u'AESTHETIC PRACTICES II', u'DISMF1', u'DIPLOMA IN SOMATOLOGY (4 YEARS)', u'21', u'SEM1', u'D1', u'OTNAME', u'A', u'40009816:MAKGOBOLE', u'']
[u'CMAW101_SEM1_2018', u'CMAW101_SEM1_2017', u'CMAW101', u'COMMUNICATION AND ACADEMIC WRITING', u'DISMF1', u'DIPLOMA IN SOMATOLOGY (4 YEARS)', u'21', u'SEM1', u'D1', u'OTNAME', u'A', u'40009816:MAKGOBOLE', u'']
check 'CMAW101_SEM1_2018' 'CMAW101'
processXLS: only for SEM2 [u'CMAW101_SEM1_2018', u'CMAW101_SEM1_2017', u'CMAW101', u'COMMUNICATION AND ACADEMIC WRITING', u'DISMF1', u'DIPLOMA IN SOMATOLOGY (4 YEARS)', u'21', u'SEM1', u'D1', u'OTNAME', u'A', u'40009816:MAKGOBOLE', u'']
[u'CPTH101_SEM1_2018', u'CPTH101_SEM1_2017', u'CPTH101', u'COMPLEMENTARY THERAPY I', u'DISMF1', u'DIPLOMA IN SOMATOLOGY (4 YEARS)', u'21', u'SEM1', u'D1', u'OTNAME', u'A', u'50002066:BORG;', u'']
check 'CPTH101_SEM1_2018' 'CPTH101'
processXLS: only for SEM2 [u'CPTH101_SEM1_2018', u'CPTH101_SEM1_2017', u'CPTH101', u'COMPLEMENTARY THERAPY I', u'DISMF1', u'DIPLOMA IN SOMATOLOGY (4 YEARS)', u'21', u'SEM1', u'D1', u'OTNAME', u'A', u'50002066:BORG;', u'']
[u'CPTH201_SEM2_2018', u'CPTH201_SEM2_2017', u'CPTH201', u'COMPLEMENTARY THERAPY II', u'DISMF1', u'DIPLOMA IN SOMATOLOGY (4 YEARS)', u'22', u'SEM2', u'D1', u'OTNAME', u'A', u'50002066:BORG;', u'']
check 'CPTH201_SEM2_2018' 'CPTH201'
adding  CPTH201
requesting:  http://10.0.100.98:8000/bbinfo/matching_courses/CPTH201%25
r= <Response [200]>
matching classes= set([])
ERROR:  Bb classroom CPTH201_SEM2_2018 does not exist 
[u'ENPS101_SEM2_2018', u'ENPS101_SEM2_2017', u'ENPS101', u'ENTREPRENEURSHIP I', u'DISMF1', u'DIPLOMA IN SOMATOLOGY (4 YEARS)', u'22', u'SEM2', u'D1', u'OTNAME', u'A', u'50012004:NKWANYANA', u'']
check 'ENPS101_SEM2_2018' 'ENPS101'
adding  ENPS101
requesting:  http://10.0.100.98:8000/bbinfo/matching_courses/ENPS101%25
r= <Response [200]>
matching classes= set([u'ENPS101_SEM1_2018'])
ERROR:  Bb classroom ENPS101_SEM2_2018 does not exist 
[u'ENPS101_SEM1_2018', u'ENPS101_SEM1_2017', u'ENPS101', u'ENTREPRENEURSHIP I', u'DISMF1', u'DIPLOMA IN SOMATOLOGY (4 YEARS)', u'21', u'SEM1', u'D1', u'OTNAME', u'A', u'50012004:NKWANYANA', u'']
check 'ENPS101_SEM1_2018' 'ENPS101'
processXLS: only for SEM2 [u'ENPS101_SEM1_2018', u'ENPS101_SEM1_2017', u'ENPS101', u'ENTREPRENEURSHIP I', u'DISMF1', u'DIPLOMA IN SOMATOLOGY (4 YEARS)', u'21', u'SEM1', u'D1', u'OTNAME', u'A', u'50012004:NKWANYANA', u'']
[u'ENPS201_SEM1_2018', u'ENPS201_SEM1_2017', u'ENPS201', u'ENTREPRENEURSHIP II', u'DISMF1', u'DIPLOMA IN SOMATOLOGY (4 YEARS)', u'21', u'SEM1', u'D1', u'OTNAME', u'A', u'50012004:NKWANYANA', u'']
check 'ENPS201_SEM1_2018' 'ENPS201'
processXLS: only for SEM2 [u'ENPS201_SEM1_2018', u'ENPS201_SEM1_2017', u'ENPS201', u'ENTREPRENEURSHIP II', u'DISMF1', u'DIPLOMA IN SOMATOLOGY (4 YEARS)', u'21', u'SEM1', u'D1', u'OTNAME', u'A', u'50012004:NKWANYANA', u'']
[u'ENPS301_SEM1_2018', u'ENPS301_SEM1_2017', u'ENPS301', u'ENTREPRENEURSHIP III', u'DISMF1', u'DIPLOMA IN SOMATOLOGY (4 YEARS)', u'21', u'SEM1', u'D1', u'OTNAME', u'A', u'50012004:NKWANYANA', u'']
check 'ENPS301_SEM1_2018' 'ENPS301'
processXLS: only for SEM2 [u'ENPS301_SEM1_2018', u'ENPS301_SEM1_2017', u'ENPS301', u'ENTREPRENEURSHIP III', u'DISMF1', u'DIPLOMA IN SOMATOLOGY (4 YEARS)', u'21', u'SEM1', u'D1', u'OTNAME', u'A', u'50012004:NKWANYANA', u'']
[u'SCLA101_SEM1_2018', u'SCLA101_SEM1_2017', u'SCLA101', u'SOMATIC CLINICAL PRACTICE IA', u'DISMF1', u'DIPLOMA IN SOMATOLOGY (4 YEARS)', u'21', u'SEM1', u'D1', u'OTNAME', u'A', u'50002066:BORG;', u'']
check 'SCLA101_SEM1_2018' 'SCLA101'
processXLS: only for SEM2 [u'SCLA101_SEM1_2018', u'SCLA101_SEM1_2017', u'SCLA101', u'SOMATIC CLINICAL PRACTICE IA', u'DISMF1', u'DIPLOMA IN SOMATOLOGY (4 YEARS)', u'21', u'SEM1', u'D1', u'OTNAME', u'A', u'50002066:BORG;', u'']
[u'SCLB101_SEM2_2018', u'SCLB101_SEM2_2017', u'SCLB101', u'SOMATIC CLINICAL PRACTICE IB', u'DISMF1', u'DIPLOMA IN SOMATOLOGY (4 YEARS)', u'22', u'SEM2', u'D1', u'OTNAME', u'A', u'50002066:BORG;', u'']
check 'SCLB101_SEM2_2018' 'SCLB101'
adding  SCLB101
requesting:  http://10.0.100.98:8000/bbinfo/matching_courses/SCLB101%25
r= <Response [200]>
matching classes= set([])
ERROR:  Bb classroom SCLB101_SEM2_2018 does not exist 
[u'SCLB201_SEM2_2018', u'SCLB201_SEM2_2017', u'SCLB201', u'SOMATIC CLINICAL PRACTICE IIB', u'DISMF1', u'DIPLOMA IN SOMATOLOGY (4 YEARS)', u'22', u'SEM2', u'D1', u'OTNAME', u'A', u'50002066:BORG;', u'']
check 'SCLB201_SEM2_2018' 'SCLB201'
adding  SCLB201
requesting:  http://10.0.100.98:8000/bbinfo/matching_courses/SCLB201%25
r= <Response [200]>
matching classes= set([])
ERROR:  Bb classroom SCLB201_SEM2_2018 does not exist 
[u'SCPS101_SEM1_2018', u'SCPS101_SEM1_2017', u'SCPS101', u'SOCIO-PSYCHOLOGY I', u'DISMF1', u'DIPLOMA IN SOMATOLOGY (4 YEARS)', u'21', u'SEM1', u'D1', u'OTNAME', u'A', u'50002066:BORG;', u'']
check 'SCPS101_SEM1_2018' 'SCPS101'
processXLS: only for SEM2 [u'SCPS101_SEM1_2018', u'SCPS101_SEM1_2017', u'SCPS101', u'SOCIO-PSYCHOLOGY I', u'DISMF1', u'DIPLOMA IN SOMATOLOGY (4 YEARS)', u'21', u'SEM1', u'D1', u'OTNAME', u'A', u'50002066:BORG;', u'']
[u'SCPS201_SEM2_2018', u'SCPS201_SEM2_2017', u'SCPS201', u'SOCIO-PSYCHOLOGY II', u'DISMF1', u'DIPLOMA IN SOMATOLOGY (4 YEARS)', u'22', u'SEM2', u'D1', u'OTNAME', u'A', u'50002066:BORG;', u'']
check 'SCPS201_SEM2_2018' 'SCPS201'
adding  SCPS201
requesting:  http://10.0.100.98:8000/bbinfo/matching_courses/SCPS201%25
r= <Response [200]>
matching classes= set([])
ERROR:  Bb classroom SCPS201_SEM2_2018 does not exist 
[u'SMTB101_SEM2_2018', u'SMTB101_SEM2_2017', u'SMTB101', u'SOMATIC THERAPY I:  BODY', u'DISMF1', u'DIPLOMA IN SOMATOLOGY (4 YEARS)', u'22', u'SEM2', u'D1', u'OTNAME', u'A', u'40009816:MAKGOBOLE', u'']
check 'SMTB101_SEM2_2018' 'SMTB101'
adding  SMTB101
requesting:  http://10.0.100.98:8000/bbinfo/matching_courses/SMTB101%25
r= <Response [200]>
matching classes= set([u'SMTB101_SEM1_2018'])
ERROR:  Bb classroom SMTB101_SEM2_2018 does not exist 
[u'SMTB101_SEM1_2018', u'SMTB101_SEM1_2017', u'SMTB101', u'SOMATIC THERAPY I:  BODY', u'DISMF1', u'DIPLOMA IN SOMATOLOGY (4 YEARS)', u'21', u'SEM1', u'D1', u'OTNAME', u'A', u'40009816:MAKGOBOLE', u'']
check 'SMTB101_SEM1_2018' 'SMTB101'
processXLS: only for SEM2 [u'SMTB101_SEM1_2018', u'SMTB101_SEM1_2017', u'SMTB101', u'SOMATIC THERAPY I:  BODY', u'DISMF1', u'DIPLOMA IN SOMATOLOGY (4 YEARS)', u'21', u'SEM1', u'D1', u'OTNAME', u'A', u'40009816:MAKGOBOLE', u'']
[u'SMTB201_SEM2_2018', u'SMTB201_SEM2_2017', u'SMTB201', u'SOMATIC THERAPY II:  BODY', u'DISMF1', u'DIPLOMA IN SOMATOLOGY (4 YEARS)', u'22', u'SEM2', u'D1', u'OTNAME', u'A', u'40007260:RAMMANHOR;', u'']
check 'SMTB201_SEM2_2018' 'SMTB201'
adding  SMTB201
requesting:  http://10.0.100.98:8000/bbinfo/matching_courses/SMTB201%25
r= <Response [200]>
matching classes= set([])
ERROR:  Bb classroom SMTB201_SEM2_2018 does not exist 
[u'SMTF101_SEM2_2018', u'SMTF101_SEM2_2017', u'SMTF101', u'SOMATIC THERAPY I:  FACE', u'DISMF1', u'DIPLOMA IN SOMATOLOGY (4 YEARS)', u'22', u'SEM2', u'D1', u'OTNAME', u'A', u'50012004:NKWANYANA;', u'']
check 'SMTF101_SEM2_2018' 'SMTF101'
adding  SMTF101
requesting:  http://10.0.100.98:8000/bbinfo/matching_courses/SMTF101%25
r= <Response [200]>
matching classes= set([u'SMTF101_SEM1_2018'])
ERROR:  Bb classroom SMTF101_SEM2_2018 does not exist 
[u'SMTF101_SEM1_2018', u'SMTF101_SEM1_2017', u'SMTF101', u'SOMATIC THERAPY I:  FACE', u'DISMF1', u'DIPLOMA IN SOMATOLOGY (4 YEARS)', u'21', u'SEM1', u'D1', u'OTNAME', u'A', u'50012004:NKWANYANA;', u'']
check 'SMTF101_SEM1_2018' 'SMTF101'
processXLS: only for SEM2 [u'SMTF101_SEM1_2018', u'SMTF101_SEM1_2017', u'SMTF101', u'SOMATIC THERAPY I:  FACE', u'DISMF1', u'DIPLOMA IN SOMATOLOGY (4 YEARS)', u'21', u'SEM1', u'D1', u'OTNAME', u'A', u'50012004:NKWANYANA;', u'']
[u'SMTF201_SEM1_2018', u'SMTF201_SEM1_2017', u'SMTF201', u'SOMATIC THERAPY II:  FACE', u'DISMF1', u'DIPLOMA IN SOMATOLOGY (4 YEARS)', u'21', u'SEM1', u'D1', u'OTNAME', u'A', u'50012004:NKWANYANA;', u'']
check 'SMTF201_SEM1_2018' 'SMTF201'
processXLS: only for SEM2 [u'SMTF201_SEM1_2018', u'SMTF201_SEM1_2017', u'SMTF201', u'SOMATIC THERAPY II:  FACE', u'DISMF1', u'DIPLOMA IN SOMATOLOGY (4 YEARS)', u'21', u'SEM1', u'D1', u'OTNAME', u'A', u'50012004:NKWANYANA;', u'']
[u'WLNA101_SEM1_2018', u'WLNA101_SEM1_2017', u'WLNA101', u'WELLNESS IA', u'DISMF1', u'DIPLOMA IN SOMATOLOGY (4 YEARS)', u'21', u'SEM1', u'D1', u'OTNAME', u'A', u'40010946:OPPEL;', u'']
check 'WLNA101_SEM1_2018' 'WLNA101'
processXLS: only for SEM2 [u'WLNA101_SEM1_2018', u'WLNA101_SEM1_2017', u'WLNA101', u'WELLNESS IA', u'DISMF1', u'DIPLOMA IN SOMATOLOGY (4 YEARS)', u'21', u'SEM1', u'D1', u'OTNAME', u'A', u'40010946:OPPEL;', u'']
[u'WLNA201_SEM1_2018', u'WLNA201_SEM1_2017', u'WLNA201', u'WELLNESS IIA', u'DISMF1', u'DIPLOMA IN SOMATOLOGY (4 YEARS)', u'21', u'SEM1', u'D1', u'OTNAME', u'A', u'40010946:OPPEL;', u'']
check 'WLNA201_SEM1_2018' 'WLNA201'
processXLS: only for SEM2 [u'WLNA201_SEM1_2018', u'WLNA201_SEM1_2017', u'WLNA201', u'WELLNESS IIA', u'DISMF1', u'DIPLOMA IN SOMATOLOGY (4 YEARS)', u'21', u'SEM1', u'D1', u'OTNAME', u'A', u'40010946:OPPEL;', u'']
[u'WLNB101_SEM2_2018', u'WLNB101_SEM2_2017', u'WLNB101', u'WELLNESS IB', u'DISMF1', u'DIPLOMA IN SOMATOLOGY (4 YEARS)', u'22', u'SEM2', u'D1', u'OTNAME', u'A', u'40010946:OPPEL;', u'']
check 'WLNB101_SEM2_2018' 'WLNB101'
adding  WLNB101
requesting:  http://10.0.100.98:8000/bbinfo/matching_courses/WLNB101%25
r= <Response [200]>
matching classes= set([])
ERROR:  Bb classroom WLNB101_SEM2_2018 does not exist 
[u'WLNB201_SEM2_2018', u'WLNB201_SEM2_2017', u'WLNB201', u'WELLNESS IIB', u'DISMF1', u'DIPLOMA IN SOMATOLOGY (4 YEARS)', u'22', u'SEM2', u'D1', u'OTNAME', u'A', u'40010946:OPPEL;', u'']
check 'WLNB201_SEM2_2018' 'WLNB201'
adding  WLNB201
requesting:  http://10.0.100.98:8000/bbinfo/matching_courses/WLNB201%25
r= <Response [200]>
matching classes= set([])
ERROR:  Bb classroom WLNB201_SEM2_2018 does not exist 
[u'WLTH101_SEM2_2018', u'WLTH101_SEM2_2017', u'WLTH101', u'WELLNESS THERAPY I', u'DISMF1', u'DIPLOMA IN SOMATOLOGY (4 YEARS)', u'22', u'SEM2', u'D1', u'OTNAME', u'A', u'40010077:GANESH', u'']
check 'WLTH101_SEM2_2018' 'WLTH101'
adding  WLTH101
requesting:  http://10.0.100.98:8000/bbinfo/matching_courses/WLTH101%25
r= <Response [200]>
matching classes= set([])
ERROR:  Bb classroom WLTH101_SEM2_2018 does not exist 
[u'AESP101_SEM1_2018', u'AESP101_SEM1_2017', u'AESP101', u'AESTHETIC PRACTICES I', u'DISOM1', u'DIPLOMA IN SOMATOLOGY', u'21', u'SEM1', u'D1', u'OTNAME', u'A', u'40009816:MAKGOBOLE', u'']
check 'AESP101_SEM1_2018' 'AESP101'
processXLS: only for SEM2 [u'AESP101_SEM1_2018', u'AESP101_SEM1_2017', u'AESP101', u'AESTHETIC PRACTICES I', u'DISOM1', u'DIPLOMA IN SOMATOLOGY', u'21', u'SEM1', u'D1', u'OTNAME', u'A', u'40009816:MAKGOBOLE', u'']
[u'AESP201_SEM2_2018', u'AESP201_SEM2_2017', u'AESP201', u'AESTHETIC PRACTICES II', u'DISOM1', u'DIPLOMA IN SOMATOLOGY', u'22', u'SEM2', u'D1', u'OTNAME', u'A', u'40009816:MAKGOBOLE', u'']
check 'AESP201_SEM2_2018' 'AESP201'
adding  AESP201
requesting:  http://10.0.100.98:8000/bbinfo/matching_courses/AESP201%25
r= <Response [200]>
matching classes= set([u'AESP201_SEM1_2018'])
ERROR:  Bb classroom AESP201_SEM2_2018 does not exist 
[u'AESP201_SEM1_2018', u'AESP201_SEM1_2017', u'AESP201', u'AESTHETIC PRACTICES II', u'DISOM1', u'DIPLOMA IN SOMATOLOGY', u'21', u'SEM1', u'D1', u'OTNAME', u'A', u'40009816:MAKGOBOLE', u'']
check 'AESP201_SEM1_2018' 'AESP201'
processXLS: only for SEM2 [u'AESP201_SEM1_2018', u'AESP201_SEM1_2017', u'AESP201', u'AESTHETIC PRACTICES II', u'DISOM1', u'DIPLOMA IN SOMATOLOGY', u'21', u'SEM1', u'D1', u'OTNAME', u'A', u'40009816:MAKGOBOLE', u'']
[u'CMAW101_SEM1_2018', u'CMAW101_SEM1_2017', u'CMAW101', u'COMMUNICATION AND ACADEMIC WRITING', u'DISOM1', u'DIPLOMA IN SOMATOLOGY', u'21', u'SEM1', u'D1', u'OTNAME', u'A', u'50002066:BORG;', u'']
check 'CMAW101_SEM1_2018' 'CMAW101'
processXLS: only for SEM2 [u'CMAW101_SEM1_2018', u'CMAW101_SEM1_2017', u'CMAW101', u'COMMUNICATION AND ACADEMIC WRITING', u'DISOM1', u'DIPLOMA IN SOMATOLOGY', u'21', u'SEM1', u'D1', u'OTNAME', u'A', u'50002066:BORG;', u'']
[u'CPTH101_SEM1_2018', u'CPTH101_SEM1_2017', u'CPTH101', u'COMPLEMENTARY THERAPY I', u'DISOM1', u'DIPLOMA IN SOMATOLOGY', u'21', u'SEM1', u'D1', u'OTNAME', u'A', u'50002066:BORG;', u'']
check 'CPTH101_SEM1_2018' 'CPTH101'
processXLS: only for SEM2 [u'CPTH101_SEM1_2018', u'CPTH101_SEM1_2017', u'CPTH101', u'COMPLEMENTARY THERAPY I', u'DISOM1', u'DIPLOMA IN SOMATOLOGY', u'21', u'SEM1', u'D1', u'OTNAME', u'A', u'50002066:BORG;', u'']
[u'CPTH201_SEM2_2018', u'CPTH201_SEM2_2017', u'CPTH201', u'COMPLEMENTARY THERAPY II', u'DISOM1', u'DIPLOMA IN SOMATOLOGY', u'22', u'SEM2', u'D1', u'OTNAME', u'A', u'50002066:BORG;', u'']
check 'CPTH201_SEM2_2018' 'CPTH201'
adding  CPTH201
requesting:  http://10.0.100.98:8000/bbinfo/matching_courses/CPTH201%25
r= <Response [200]>
matching classes= set([])
ERROR:  Bb classroom CPTH201_SEM2_2018 does not exist 
[u'ENPS101_SEM2_2018', u'ENPS101_SEM2_2017', u'ENPS101', u'ENTREPRENEURSHIP I', u'DISOM1', u'DIPLOMA IN SOMATOLOGY', u'22', u'SEM2', u'D1', u'OTNAME', u'A', u'50012004:NKWANYANA;', u'']
check 'ENPS101_SEM2_2018' 'ENPS101'
adding  ENPS101
requesting:  http://10.0.100.98:8000/bbinfo/matching_courses/ENPS101%25
r= <Response [200]>
matching classes= set([u'ENPS101_SEM1_2018'])
ERROR:  Bb classroom ENPS101_SEM2_2018 does not exist 
[u'ENPS101_SEM1_2018', u'ENPS101_SEM1_2017', u'ENPS101', u'ENTREPRENEURSHIP I', u'DISOM1', u'DIPLOMA IN SOMATOLOGY', u'21', u'SEM1', u'D1', u'OTNAME', u'A', u'50012004:NKWANYANA;', u'']
check 'ENPS101_SEM1_2018' 'ENPS101'
processXLS: only for SEM2 [u'ENPS101_SEM1_2018', u'ENPS101_SEM1_2017', u'ENPS101', u'ENTREPRENEURSHIP I', u'DISOM1', u'DIPLOMA IN SOMATOLOGY', u'21', u'SEM1', u'D1', u'OTNAME', u'A', u'50012004:NKWANYANA;', u'']
[u'ENPS201_SEM1_2018', u'ENPS201_SEM1_2017', u'ENPS201', u'ENTREPRENEURSHIP II', u'DISOM1', u'DIPLOMA IN SOMATOLOGY', u'21', u'SEM1', u'D1', u'OTNAME', u'A', u'50012004:NKWANYANA;', u'']
check 'ENPS201_SEM1_2018' 'ENPS201'
processXLS: only for SEM2 [u'ENPS201_SEM1_2018', u'ENPS201_SEM1_2017', u'ENPS201', u'ENTREPRENEURSHIP II', u'DISOM1', u'DIPLOMA IN SOMATOLOGY', u'21', u'SEM1', u'D1', u'OTNAME', u'A', u'50012004:NKWANYANA;', u'']
[u'ENPS301_SEM1_2018', u'ENPS301_SEM1_2017', u'ENPS301', u'ENTREPRENEURSHIP III', u'DISOM1', u'DIPLOMA IN SOMATOLOGY', u'21', u'SEM1', u'D1', u'OTNAME', u'A', u'50002066:BORG;', u'']
check 'ENPS301_SEM1_2018' 'ENPS301'
processXLS: only for SEM2 [u'ENPS301_SEM1_2018', u'ENPS301_SEM1_2017', u'ENPS301', u'ENTREPRENEURSHIP III', u'DISOM1', u'DIPLOMA IN SOMATOLOGY', u'21', u'SEM1', u'D1', u'OTNAME', u'A', u'50002066:BORG;', u'']
[u'SCLA101_SEM1_2018', u'SCLA101_SEM1_2017', u'SCLA101', u'SOMATIC CLINICAL PRACTICE IA', u'DISOM1', u'DIPLOMA IN SOMATOLOGY', u'21', u'SEM1', u'D1', u'OTNAME', u'A', u'40007260:RAMMANHOR;', u'']
check 'SCLA101_SEM1_2018' 'SCLA101'
processXLS: only for SEM2 [u'SCLA101_SEM1_2018', u'SCLA101_SEM1_2017', u'SCLA101', u'SOMATIC CLINICAL PRACTICE IA', u'DISOM1', u'DIPLOMA IN SOMATOLOGY', u'21', u'SEM1', u'D1', u'OTNAME', u'A', u'40007260:RAMMANHOR;', u'']
[u'SCLB101_SEM2_2018', u'SCLB101_SEM2_2017', u'SCLB101', u'SOMATIC CLINICAL PRACTICE IB', u'DISOM1', u'DIPLOMA IN SOMATOLOGY', u'22', u'SEM2', u'D1', u'OTNAME', u'A', u'40007260:RAMMANHOR;', u'']
check 'SCLB101_SEM2_2018' 'SCLB101'
adding  SCLB101
requesting:  http://10.0.100.98:8000/bbinfo/matching_courses/SCLB101%25
r= <Response [200]>
matching classes= set([])
ERROR:  Bb classroom SCLB101_SEM2_2018 does not exist 
[u'SCLB201_SEM2_2018', u'SCLB201_SEM2_2017', u'SCLB201', u'SOMATIC CLINICAL PRACTICE IIA', u'DISOM1', u'DIPLOMA IN SOMATOLOGY', u'22', u'SEM2', u'D1', u'OTNAME', u'A', u'50002066:BORG;', u'']
check 'SCLB201_SEM2_2018' 'SCLB201'
adding  SCLB201
requesting:  http://10.0.100.98:8000/bbinfo/matching_courses/SCLB201%25
r= <Response [200]>
matching classes= set([])
ERROR:  Bb classroom SCLB201_SEM2_2018 does not exist 
[u'SCLB201_SEM2_2018', u'SCLB201_SEM2_2017', u'SCLB201', u'SOMATIC CLINICAL PRACTICE IIB', u'DISOM1', u'DIPLOMA IN SOMATOLOGY', u'22', u'SEM2', u'D1', u'OTNAME', u'A', u'50002066:BORG;', u'']
check 'SCLB201_SEM2_2018' 'SCLB201'
adding  SCLB201
requesting:  http://10.0.100.98:8000/bbinfo/matching_courses/SCLB201%25
r= <Response [200]>
matching classes= set([])
ERROR:  Bb classroom SCLB201_SEM2_2018 does not exist 
[u'SCPS101_SEM1_2018', u'SCPS101_SEM1_2017', u'SCPS101', u'SOCIO-PSYCHOLOGY I', u'DISOM1', u'DIPLOMA IN SOMATOLOGY', u'21', u'SEM1', u'D1', u'OTNAME', u'A', u'40007260:RAMMANHOR;', u'']
check 'SCPS101_SEM1_2018' 'SCPS101'
processXLS: only for SEM2 [u'SCPS101_SEM1_2018', u'SCPS101_SEM1_2017', u'SCPS101', u'SOCIO-PSYCHOLOGY I', u'DISOM1', u'DIPLOMA IN SOMATOLOGY', u'21', u'SEM1', u'D1', u'OTNAME', u'A', u'40007260:RAMMANHOR;', u'']
[u'SCPS201_SEM2_2018', u'SCPS201_SEM2_2017', u'SCPS201', u'SOCIO-PSYCHOLOGY II', u'DISOM1', u'DIPLOMA IN SOMATOLOGY', u'22', u'SEM2', u'D1', u'OTNAME', u'A', u'50002066:BORG;', u'']
check 'SCPS201_SEM2_2018' 'SCPS201'
adding  SCPS201
requesting:  http://10.0.100.98:8000/bbinfo/matching_courses/SCPS201%25
r= <Response [200]>
matching classes= set([])
ERROR:  Bb classroom SCPS201_SEM2_2018 does not exist 
[u'SMTB101_SEM2_2018', u'SMTB101_SEM2_2017', u'SMTB101', u'SOMATIC THERAPY I:  BODY', u'DISOM1', u'DIPLOMA IN SOMATOLOGY', u'22', u'SEM2', u'D1', u'OTNAME', u'A', u'40009816:MAKGOBOLE', u'']
check 'SMTB101_SEM2_2018' 'SMTB101'
adding  SMTB101
requesting:  http://10.0.100.98:8000/bbinfo/matching_courses/SMTB101%25
r= <Response [200]>
matching classes= set([u'SMTB101_SEM1_2018'])
ERROR:  Bb classroom SMTB101_SEM2_2018 does not exist 
[u'SMTB101_SEM1_2018', u'SMTB101_SEM1_2017', u'SMTB101', u'SOMATIC THERAPY I:  BODY', u'DISOM1', u'DIPLOMA IN SOMATOLOGY', u'21', u'SEM1', u'D1', u'OTNAME', u'A', u'40009816:MAKGOBOLE', u'']
check 'SMTB101_SEM1_2018' 'SMTB101'
processXLS: only for SEM2 [u'SMTB101_SEM1_2018', u'SMTB101_SEM1_2017', u'SMTB101', u'SOMATIC THERAPY I:  BODY', u'DISOM1', u'DIPLOMA IN SOMATOLOGY', u'21', u'SEM1', u'D1', u'OTNAME', u'A', u'40009816:MAKGOBOLE', u'']
[u'SMTB201_SEM2_2018', u'SMTB201_SEM2_2017', u'SMTB201', u'SOMATIC THERAPY II:  BODY', u'DISOM1', u'DIPLOMA IN SOMATOLOGY', u'22', u'SEM2', u'D1', u'OTNAME', u'A', u'40007260:RAMMANHOR;', u'']
check 'SMTB201_SEM2_2018' 'SMTB201'
adding  SMTB201
requesting:  http://10.0.100.98:8000/bbinfo/matching_courses/SMTB201%25
r= <Response [200]>
matching classes= set([])
ERROR:  Bb classroom SMTB201_SEM2_2018 does not exist 
[u'SMTF201_SEM1_2018', u'SMTF201_SEM1_2017', u'SMTF201', u'SOMATIC THERAPY II:  FACE', u'DISOM1', u'DIPLOMA IN SOMATOLOGY', u'21', u'SEM1', u'D1', u'OTNAME', u'A', u'50012004:NKWANYANA;', u'']
check 'SMTF201_SEM1_2018' 'SMTF201'
processXLS: only for SEM2 [u'SMTF201_SEM1_2018', u'SMTF201_SEM1_2017', u'SMTF201', u'SOMATIC THERAPY II:  FACE', u'DISOM1', u'DIPLOMA IN SOMATOLOGY', u'21', u'SEM1', u'D1', u'OTNAME', u'A', u'50012004:NKWANYANA;', u'']
[u'SMTF101_SEM2_2018', u'SMTF101_SEM2_2017', u'SMTF101', u'SOMATIC THERAPY I:  FACE', u'DISOM1', u'DIPLOMA IN SOMATOLOGY', u'22', u'SEM2', u'D1', u'OTNAME', u'A', u'50012004:NKWANYANA;', u'']
check 'SMTF101_SEM2_2018' 'SMTF101'
adding  SMTF101
requesting:  http://10.0.100.98:8000/bbinfo/matching_courses/SMTF101%25
r= <Response [200]>
matching classes= set([u'SMTF101_SEM1_2018'])
ERROR:  Bb classroom SMTF101_SEM2_2018 does not exist 
[u'SMTF101_SEM1_2018', u'SMTF101_SEM1_2017', u'SMTF101', u'SOMATIC THERAPY I:  FACE', u'DISOM1', u'DIPLOMA IN SOMATOLOGY', u'21', u'SEM1', u'D1', u'OTNAME', u'A', u'50012004:NKWANYANA;', u'']
check 'SMTF101_SEM1_2018' 'SMTF101'
processXLS: only for SEM2 [u'SMTF101_SEM1_2018', u'SMTF101_SEM1_2017', u'SMTF101', u'SOMATIC THERAPY I:  FACE', u'DISOM1', u'DIPLOMA IN SOMATOLOGY', u'21', u'SEM1', u'D1', u'OTNAME', u'A', u'50012004:NKWANYANA;', u'']
[u'SMTF101_SEM1_2018', u'SMTF101_SEM1_2017', u'SMTF101', u'SOMATIC THERAPY III : BODY', u'DISOM1', u'DIPLOMA IN SOMATOLOGY', u'21', u'SEM1', u'D1', u'OTNAME', u'A', u'40007260:RAMMANHOR;', u'']
check 'SMTF101_SEM1_2018' 'SMTF101'
processXLS: only for SEM2 [u'SMTF101_SEM1_2018', u'SMTF101_SEM1_2017', u'SMTF101', u'SOMATIC THERAPY III : BODY', u'DISOM1', u'DIPLOMA IN SOMATOLOGY', u'21', u'SEM1', u'D1', u'OTNAME', u'A', u'40007260:RAMMANHOR;', u'']
[u'WLTH101_SEM2_2018', u'WLTH101_SEM2_2017', u'WLTH101', u'WELLNESS THERAPY I', u'DISOM1', u'DIPLOMA IN SOMATOLOGY', u'22', u'SEM2', u'D1', u'OTNAME', u'A', u'40010077:GANESH', u'']
check 'WLTH101_SEM2_2018' 'WLTH101'
adding  WLTH101
requesting:  http://10.0.100.98:8000/bbinfo/matching_courses/WLTH101%25
r= <Response [200]>
matching classes= set([])
ERROR:  Bb classroom WLTH101_SEM2_2018 does not exist 
processXLS: finished processing workingSheets/data/BBC3603ChiropracticAndSomatology2017.xls
getWS: requesting:  http://10.0.100.98:8000/itsenrol/classlist/2018/22/ENPS101 rsp= <Response [200]>
WARN: subject ENPS101 has no students, no Bb classrooms
getWS: requesting:  http://10.0.100.98:8000/itsenrol/classlist/2018/22/SCLB101 rsp= <Response [200]>
WARN: subject SCLB101 has no students, no Bb classrooms
getWS: requesting:  http://10.0.100.98:8000/itsenrol/classlist/2018/22/PHIL121 rsp= <Response [200]>
getWS: requesting:  http://10.0.100.98:8000/bbinfo/classlist/PHIL121 rsp= <Response [200]>
getNewStudentsInSubject: ITS 32, BB 1 -> 32 new enrollments
getWS: requesting:  http://10.0.100.98:8000/itsenrol/classlist/2018/22/SMTF101 rsp= <Response [200]>
WARN: subject SMTF101 has no students, no Bb classrooms
getWS: requesting:  http://10.0.100.98:8000/itsenrol/classlist/2018/22/WLTH101 rsp= <Response [200]>
WARN: subject WLTH101 has no students, no Bb classrooms
getWS: requesting:  http://10.0.100.98:8000/itsenrol/classlist/2018/22/SCLB201 rsp= <Response [200]>
WARN: subject SCLB201 has no students, no Bb classrooms
getWS: requesting:  http://10.0.100.98:8000/itsenrol/classlist/2018/22/WLNB201 rsp= <Response [200]>
WARN: subject WLNB201 has no students, no Bb classrooms
getWS: requesting:  http://10.0.100.98:8000/itsenrol/classlist/2018/22/SLST101 rsp= <Response [200]>
getWS: requesting:  http://10.0.100.98:8000/bbinfo/classlist/SLST101 rsp= <Response [200]>
getNewStudentsInSubject: ITS 23, BB 1 -> 23 new enrollments
getWS: requesting:  http://10.0.100.98:8000/itsenrol/classlist/2018/22/WLNB101 rsp= <Response [200]>
WARN: subject WLNB101 has no students, no Bb classrooms
getWS: requesting:  http://10.0.100.98:8000/itsenrol/classlist/2018/22/SMTB101 rsp= <Response [200]>
ERROR: subject SMTB101 has 62 students but no Bb classrooms
getWS: requesting:  http://10.0.100.98:8000/itsenrol/classlist/2018/22/CPTH201 rsp= <Response [200]>
WARN: subject CPTH201 has no students, no Bb classrooms
getWS: requesting:  http://10.0.100.98:8000/itsenrol/classlist/2018/22/SCPS201 rsp= <Response [200]>
WARN: subject SCPS201 has no students, no Bb classrooms
getWS: requesting:  http://10.0.100.98:8000/itsenrol/classlist/2018/22/SCLS101 rsp= <Response [200]>
getWS: requesting:  http://10.0.100.98:8000/bbinfo/classlist/SCLS101 rsp= <Response [200]>
getNewStudentsInSubject: ITS 0, BB 1 -> 0 new enrollments
getWS: requesting:  http://10.0.100.98:8000/itsenrol/classlist/2018/22/SMTB201 rsp= <Response [200]>
WARN: subject SMTB201 has no students, no Bb classrooms
getWS: requesting:  http://10.0.100.98:8000/itsenrol/classlist/2018/22/AESP201 rsp= <Response [200]>
WARN: subject AESP201 has no students, no Bb classrooms
main: Writing students...
main: Writing enrollments...
main: Finished processing workingSheets/data/BBC3603ChiropracticAndSomatology2017.xls
main: 15 subjects processed
main: 6 subject -> classroom maps
main: 54 students
main: 55 student enrollments 12 errors
ERROR: subject ENPS101 has no students, no Bb classrooms
ERROR: subject SCLB101 has no students, no Bb classrooms
ERROR: subject SMTF101 has no students, no Bb classrooms
ERROR: subject WLTH101 has no students, no Bb classrooms
ERROR: subject SCLB201 has no students, no Bb classrooms
ERROR: subject WLNB201 has no students, no Bb classrooms
ERROR: subject WLNB101 has no students, no Bb classrooms
ERROR: subject SMTB101 has 62 students but no Bb classrooms
ERROR: subject CPTH201 has no students, no Bb classrooms
ERROR: subject SCPS201 has no students, no Bb classrooms
ERROR: subject SMTB201 has no students, no Bb classrooms
ERROR: subject AESP201 has no students, no Bb classrooms
0.28user 0.12system 0:01.92elapsed 20%CPU (0avgtext+0avgdata 58112maxresident)k
120inputs+24outputs (0major+7064minor)pagefaults 0swaps
POSTING SNAPSHOTS to SIS endpoint
TEST RUN, NOT POSTING BBSTUDENTS
TEST RUN, NOT POSTIN BBENROL
copy snapshot files to saved output
=== department done ===
syncing logs...
Pushing logs from logs/20180723111852 to remote...
sending incremental file list
./
BBC3603ChiropracticAndSomatology2017.BBENROL.txt
BBC3603ChiropracticAndSomatology2017.BBSTUDENTS.txt
BBC3603ChiropracticAndSomatology2017.Enrolomat.txt
BBC3603ChiropracticAndSomatology2017.Postlog.txt

sent 83138 bytes  received 91 bytes  8760.95 bytes/sec
total size is 8290517  speedup is 99.61
logging to logs/20180723111852
=== generate newenrollments for BBC3604EmergMedicalCareRescue2017. ===
GENERATE SNAPSHOTS...
./BBCIncrementalEnrollerX2.py : generating enrolment files for subjects in  workingSheets/data/BBC3604EmergMedicalCareRescue2017.xls
processXLS: start spreadsheet workingSheets/data/BBC3604EmergMedicalCareRescue2017.xls
[u'2018 Blackboard Classrooms for Department: 3604 - EMERG MEDICAL CARE & RESCUE', u'', u'', u'', u'', u'', u'', u'', u'', u'', u'', u'', u'']
check '2018 Blackboard Classrooms for Department: 3604 - EMERG MEDICAL CARE & RESCUE' ''
[u'', u'', u'', u'', u'', u'', u'', u'', u'', u'', u'', u'', u'']
check '' ''
[u'BB Classroom', u'Migrate Classroom', u'ITS Subject', u'', u'ITS Qualification', u'', u'Block', u'', u'Off Type', u'', u'Grp', u'Lecturer(s)', u'2016 Enrol']
check 'BB Classroom' 'ITS Subject'
[u'BLSP101_YEAR_2018', u'BLSP101_YEAR_2017', u'BLSP101', u'BASIC LIFE SUPPORT', u'BHHOM1', u'BH:  HOMOEOPATHY', u'11', u'YEAR', u'D1', u'Durban Campus Full-time', u'A', u'50001183:VISAGIE JE', 18.0]
check 'BLSP101_YEAR_2018' 'BLSP101'
processXLS: only for SEM2 [u'BLSP101_YEAR_2018', u'BLSP101_YEAR_2017', u'BLSP101', u'BASIC LIFE SUPPORT', u'BHHOM1', u'BH:  HOMOEOPATHY', u'11', u'YEAR', u'D1', u'Durban Campus Full-time', u'A', u'50001183:VISAGIE JE', 18.0]
[u'', u'', u'', u'', u'', u'', u'', u'', u'', u'', u'', u'', u'']
check '' ''
[u'CNLP101_YEAR_2018', u'CNLP101_YEAR_2017', u'CNLP101', u'CLINICAL PRACTICE I', u'BHEMC1', u'BH: EMERGENCY MEDICAL CARE', u'11', u'YEAR', u'D1', u'Durban Campus Full-time', u'A', u'50002503:NAGURAN', 28.0]
check 'CNLP101_YEAR_2018' 'CNLP101'
processXLS: only for SEM2 [u'CNLP101_YEAR_2018', u'CNLP101_YEAR_2017', u'CNLP101', u'CLINICAL PRACTICE I', u'BHEMC1', u'BH: EMERGENCY MEDICAL CARE', u'11', u'YEAR', u'D1', u'Durban Campus Full-time', u'A', u'50002503:NAGURAN', 28.0]
[u'', u'', u'', u'', u'', u'', u'', u'', u'', u'', u'', u'', u'']
check '' ''
[u'EDTC101_YEAR_2018', u'EDTC101_YEAR_2017', u'EDTC101', u'EDUCATIONAL TECHNIQUES I', u'BTEMC2', u'BT: EMERGENCY MEDICAL CARE', u'11', u'YEAR', u'D3', u'Durban Campus Part-time', u'A', u'40013214:ORTELL-PIERCE;40006076:WILLIAMS', 29.0]
check 'EDTC101_YEAR_2018' 'EDTC101'
processXLS: only for SEM2 [u'EDTC101_YEAR_2018', u'EDTC101_YEAR_2017', u'EDTC101', u'EDUCATIONAL TECHNIQUES I', u'BTEMC2', u'BT: EMERGENCY MEDICAL CARE', u'11', u'YEAR', u'D3', u'Durban Campus Part-time', u'A', u'40013214:ORTELL-PIERCE;40006076:WILLIAMS', 29.0]
[u'', u'', u'', u'', u'', u'', u'', u'', u'', u'', u'', u'', u'']
check '' ''
[u'EMCA101_YEAR_2018', u'EMCA101_YEAR_2017', u'EMCA101', u'EMERGENCY MEDICAL CARE IA', u'BHEMC1', u'BH: EMERGENCY MEDICAL CARE', u'11', u'YEAR', u'D1', u'Durban Campus Full-time', u'A', u'50002503:NAGURAN', 26.0]
check 'EMCA101_YEAR_2018' 'EMCA101'
processXLS: only for SEM2 [u'EMCA101_YEAR_2018', u'EMCA101_YEAR_2017', u'EMCA101', u'EMERGENCY MEDICAL CARE IA', u'BHEMC1', u'BH: EMERGENCY MEDICAL CARE', u'11', u'YEAR', u'D1', u'Durban Campus Full-time', u'A', u'50002503:NAGURAN', 26.0]
[u'', u'', u'', u'', u'', u'', u'', u'', u'', u'', u'', u'', u'']
check '' ''
[u'EMCB101_YEAR_2018', u'EMCB101_YEAR_2017', u'EMCB101', u'EMERGENCY MEDICAL CARE IB', u'BHEMC1', u'BH: EMERGENCY MEDICAL CARE', u'11', u'YEAR', u'D1', u'Durban Campus Full-time', u'A', u'50002503:NAGURAN', 27.0]
check 'EMCB101_YEAR_2018' 'EMCB101'
processXLS: only for SEM2 [u'EMCB101_YEAR_2018', u'EMCB101_YEAR_2017', u'EMCB101', u'EMERGENCY MEDICAL CARE IB', u'BHEMC1', u'BH: EMERGENCY MEDICAL CARE', u'11', u'YEAR', u'D1', u'Durban Campus Full-time', u'A', u'50002503:NAGURAN', 27.0]
[u'', u'', u'', u'', u'', u'', u'', u'', u'', u'', u'', u'', u'']
check '' ''
[u'FDPP101_YEAR_2018', u'FDPP101_YEAR_2017', u'FDPP101', u'FOUNDATIONS OF PROFESSIONAL PRACTICE I', u'BHEMC1', u'BH: EMERGENCY MEDICAL CARE', u'11', u'YEAR', u'D1', u'Durban Campus Full-time', u'A', u'50002503:NAGURAN', 24.0]
check 'FDPP101_YEAR_2018' 'FDPP101'
processXLS: only for SEM2 [u'FDPP101_YEAR_2018', u'FDPP101_YEAR_2017', u'FDPP101', u'FOUNDATIONS OF PROFESSIONAL PRACTICE I', u'BHEMC1', u'BH: EMERGENCY MEDICAL CARE', u'11', u'YEAR', u'D1', u'Durban Campus Full-time', u'A', u'50002503:NAGURAN', 24.0]
[u'', u'', u'', u'', u'', u'', u'', u'', u'', u'', u'', u'', u'']
check '' ''
[u'MRSA101_YEAR_2018', u'MRSA101_YEAR_2017', u'MRSA101', u'MEDICAL RESCUE IA', u'BHEMC1', u'BH: EMERGENCY MEDICAL CARE', u'11', u'YEAR', u'D1', u'Durban Campus Full-time', u'A', u'50002503:NAGURAN', 23.0]
check 'MRSA101_YEAR_2018' 'MRSA101'
processXLS: only for SEM2 [u'MRSA101_YEAR_2018', u'MRSA101_YEAR_2017', u'MRSA101', u'MEDICAL RESCUE IA', u'BHEMC1', u'BH: EMERGENCY MEDICAL CARE', u'11', u'YEAR', u'D1', u'Durban Campus Full-time', u'A', u'50002503:NAGURAN', 23.0]
[u'', u'', u'', u'', u'', u'', u'', u'', u'', u'', u'', u'', u'']
check '' ''
[u'MRSB101_YEAR_2018', u'MRSB101_YEAR_2017', u'MRSB101', u'MEDICAL RESCUE IB', u'BHEMC1', u'BH: EMERGENCY MEDICAL CARE', u'11', u'YEAR', u'D1', u'Durban Campus Full-time', u'A', u'50002503:NAGURAN', 23.0]
check 'MRSB101_YEAR_2018' 'MRSB101'
processXLS: only for SEM2 [u'MRSB101_YEAR_2018', u'MRSB101_YEAR_2017', u'MRSB101', u'MEDICAL RESCUE IB', u'BHEMC1', u'BH: EMERGENCY MEDICAL CARE', u'11', u'YEAR', u'D1', u'Durban Campus Full-time', u'A', u'50002503:NAGURAN', 23.0]
[u'', u'', u'', u'', u'', u'', u'', u'', u'', u'', u'', u'', u'']
check '' ''
[u'RSMG101_YEAR_2018', u'RSMG101_YEAR_2017', u'RSMG101', u'RESEARCH METHODOLOGY', u'BTEMC2', u'BT: EMERGENCY MEDICAL CARE', u'11', u'YEAR', u'D3', u'Durban Campus Part-time', u'A', u'40006076:WILLIAMS', 29.0]
check 'RSMG101_YEAR_2018' 'RSMG101'
processXLS: only for SEM2 [u'RSMG101_YEAR_2018', u'RSMG101_YEAR_2017', u'RSMG101', u'RESEARCH METHODOLOGY', u'BTEMC2', u'BT: EMERGENCY MEDICAL CARE', u'11', u'YEAR', u'D3', u'Durban Campus Part-time', u'A', u'40006076:WILLIAMS', 29.0]
[u'', u'', u'', u'', u'', u'', u'', u'', u'', u'', u'', u'', u'']
check '' ''
[u'RSMG102_YEAR_2018', u'RSMG102_YEAR_2017', u'RSMG102', u'RESEARCH METHODOLOGY I', u'BHEMC1', u'BH: EMERGENCY MEDICAL CARE', u'11', u'YEAR', u'D1', u'Durban Campus Full-time', u'A', u'40012434:Sobuwa', 24.0]
check 'RSMG102_YEAR_2018' 'RSMG102'
processXLS: only for SEM2 [u'RSMG102_YEAR_2018', u'RSMG102_YEAR_2017', u'RSMG102', u'RESEARCH METHODOLOGY I', u'BHEMC1', u'BH: EMERGENCY MEDICAL CARE', u'11', u'YEAR', u'D1', u'Durban Campus Full-time', u'A', u'40012434:Sobuwa', 24.0]
[u'', u'', u'', u'', u'', u'', u'', u'', u'', u'', u'', u'', u'']
check '' ''
[u'CNLP201_YEAR_2018', u'CNLP201_YEAR_2017', u'CNLP201', u'CLINICAL PRACTICE II', u'BHEMC1', u'BH: EMERGENCY MEDICAL CARE', u'11', u'YEAR', u'D1', u'Durban Campus Full-time', u'A', u'40012434:Sobuwa', 28.0]
check 'CNLP201_YEAR_2018' 'CNLP201'
processXLS: only for SEM2 [u'CNLP201_YEAR_2018', u'CNLP201_YEAR_2017', u'CNLP201', u'CLINICAL PRACTICE II', u'BHEMC1', u'BH: EMERGENCY MEDICAL CARE', u'11', u'YEAR', u'D1', u'Durban Campus Full-time', u'A', u'40012434:Sobuwa', 28.0]
[u'', u'', u'', u'', u'', u'', u'', u'', u'', u'', u'', u'', u'']
check '' ''
[u'EMCA201_YEAR_2018', u'EMCA201_YEAR_2017', u'EMCA201', u'EMERGENCY MEDICAL CARE IIA', u'BHEMC1', u'BH: EMERGENCY MEDICAL CARE', u'11', u'YEAR', u'D1', u'Durban Campus Full-time', u'A', u'40012434:Sobuwa', 27.0]
check 'EMCA201_YEAR_2018' 'EMCA201'
processXLS: only for SEM2 [u'EMCA201_YEAR_2018', u'EMCA201_YEAR_2017', u'EMCA201', u'EMERGENCY MEDICAL CARE IIA', u'BHEMC1', u'BH: EMERGENCY MEDICAL CARE', u'11', u'YEAR', u'D1', u'Durban Campus Full-time', u'A', u'40012434:Sobuwa', 27.0]
[u'', u'', u'', u'', u'', u'', u'', u'', u'', u'', u'', u'', u'']
check '' ''
[u'EMCB201_YEAR_2018', u'EMCB201_YEAR_2017', u'EMCB201', u'EMERGENCY MEDICAL CARE IIB', u'BHEMC1', u'BH: EMERGENCY MEDICAL CARE', u'11', u'YEAR', u'D1', u'Durban Campus Full-time', u'A', u'40012434:Sobuwa', 27.0]
check 'EMCB201_YEAR_2018' 'EMCB201'
processXLS: only for SEM2 [u'EMCB201_YEAR_2018', u'EMCB201_YEAR_2017', u'EMCB201', u'EMERGENCY MEDICAL CARE IIB', u'BHEMC1', u'BH: EMERGENCY MEDICAL CARE', u'11', u'YEAR', u'D1', u'Durban Campus Full-time', u'A', u'40012434:Sobuwa', 27.0]
[u'', u'', u'', u'', u'', u'', u'', u'', u'', u'', u'', u'', u'']
check '' ''
[u'MRSA201_YEAR_2018', u'MRSA201_YEAR_2017', u'MRSA201', u'MEDICAL RESCUE IIA', u'BHEMC1', u'BH: EMERGENCY MEDICAL CARE', u'11', u'YEAR', u'D1', u'Durban Campus Full-time', u'A', u'40012434:Sobuwa', 29.0]
check 'MRSA201_YEAR_2018' 'MRSA201'
processXLS: only for SEM2 [u'MRSA201_YEAR_2018', u'MRSA201_YEAR_2017', u'MRSA201', u'MEDICAL RESCUE IIA', u'BHEMC1', u'BH: EMERGENCY MEDICAL CARE', u'11', u'YEAR', u'D1', u'Durban Campus Full-time', u'A', u'40012434:Sobuwa', 29.0]
[u'', u'', u'', u'', u'', u'', u'', u'', u'', u'', u'', u'', u'']
check '' ''
[u'MRSB201_YEAR_2018', u'MRSB201_YEAR_2017', u'MRSB201', u'MEDICAL RESCUE IIB', u'BHEMC1', u'BH: EMERGENCY MEDICAL CARE', u'11', u'YEAR', u'D1', u'Durban Campus Full-time', u'A', u'40012434:Sobuwa', 29.0]
check 'MRSB201_YEAR_2018' 'MRSB201'
processXLS: only for SEM2 [u'MRSB201_YEAR_2018', u'MRSB201_YEAR_2017', u'MRSB201', u'MEDICAL RESCUE IIB', u'BHEMC1', u'BH: EMERGENCY MEDICAL CARE', u'11', u'YEAR', u'D1', u'Durban Campus Full-time', u'A', u'40012434:Sobuwa', 29.0]
[u'', u'', u'', u'', u'', u'', u'', u'', u'', u'', u'', u'', u'']
check '' ''
[u'CNLP301_YEAR_2018', u'CNLP301_YEAR_2017', u'CNLP301', u'CLINICAL PRACTICE III', u'BHEMC1', u'BH: EMERGENCY MEDICAL CARE', u'11', u'YEAR', u'D1', u'Durban Campus Full-time', u'A', u'40012434:Sobuwa', 25.0]
check 'CNLP301_YEAR_2018' 'CNLP301'
processXLS: only for SEM2 [u'CNLP301_YEAR_2018', u'CNLP301_YEAR_2017', u'CNLP301', u'CLINICAL PRACTICE III', u'BHEMC1', u'BH: EMERGENCY MEDICAL CARE', u'11', u'YEAR', u'D1', u'Durban Campus Full-time', u'A', u'40012434:Sobuwa', 25.0]
[u'', u'', u'', u'', u'', u'', u'', u'', u'', u'', u'', u'', u'']
check '' ''
[u'EMCA301_YEAR_2018', u'EMCA301_YEAR_2017', u'EMCA301', u'EMERGENCY MEDICAL CARE IIIA', u'BHEMC1', u'BH: EMERGENCY MEDICAL CARE', u'11', u'YEAR', u'D1', u'Durban Campus Full-time', u'A', u'40012434:Sobuwa', 25.0]
check 'EMCA301_YEAR_2018' 'EMCA301'
processXLS: only for SEM2 [u'EMCA301_YEAR_2018', u'EMCA301_YEAR_2017', u'EMCA301', u'EMERGENCY MEDICAL CARE IIIA', u'BHEMC1', u'BH: EMERGENCY MEDICAL CARE', u'11', u'YEAR', u'D1', u'Durban Campus Full-time', u'A', u'40012434:Sobuwa', 25.0]
[u'', u'', u'', u'', u'', u'', u'', u'', u'', u'', u'', u'', u'']
check '' ''
[u'EMCB301_YEAR_2018', u'EMCB301_YEAR_2017', u'EMCB301', u'EMERGENCY MEDICAL CARE IIIB', u'BHEMC1', u'BH: EMERGENCY MEDICAL CARE', u'11', u'YEAR', u'D1', u'Durban Campus Full-time', u'A', u'40012434:Sobuwa', 25.0]
check 'EMCB301_YEAR_2018' 'EMCB301'
processXLS: only for SEM2 [u'EMCB301_YEAR_2018', u'EMCB301_YEAR_2017', u'EMCB301', u'EMERGENCY MEDICAL CARE IIIB', u'BHEMC1', u'BH: EMERGENCY MEDICAL CARE', u'11', u'YEAR', u'D1', u'Durban Campus Full-time', u'A', u'40012434:Sobuwa', 25.0]
[u'', u'', u'', u'', u'', u'', u'', u'', u'', u'', u'', u'', u'']
check '' ''
[u'MRSA301_YEAR_2018', u'MRSA301_YEAR_2017', u'MRSA301', u'MEDICAL RESCUE IIIA', u'BHEMC1', u'BH: EMERGENCY MEDICAL CARE', u'11', u'YEAR', u'D1', u'Durban Campus Full-time', u'A', u'40012434:Sobuwa', 24.0]
check 'MRSA301_YEAR_2018' 'MRSA301'
processXLS: only for SEM2 [u'MRSA301_YEAR_2018', u'MRSA301_YEAR_2017', u'MRSA301', u'MEDICAL RESCUE IIIA', u'BHEMC1', u'BH: EMERGENCY MEDICAL CARE', u'11', u'YEAR', u'D1', u'Durban Campus Full-time', u'A', u'40012434:Sobuwa', 24.0]
[u'', u'', u'', u'', u'', u'', u'', u'', u'', u'', u'', u'', u'']
check '' ''
[u'MRSB301_YEAR_2018', u'MRSB301_YEAR_2017', u'MRSB301', u'MEDICAL RESCUE IIIB', u'BHEMC1', u'BH: EMERGENCY MEDICAL CARE', u'11', u'YEAR', u'D1', u'Durban Campus Full-time', u'A', u'40012434:Sobuwa', 24.0]
check 'MRSB301_YEAR_2018' 'MRSB301'
processXLS: only for SEM2 [u'MRSB301_YEAR_2018', u'MRSB301_YEAR_2017', u'MRSB301', u'MEDICAL RESCUE IIIB', u'BHEMC1', u'BH: EMERGENCY MEDICAL CARE', u'11', u'YEAR', u'D1', u'Durban Campus Full-time', u'A', u'40012434:Sobuwa', 24.0]
[u'', u'', u'', u'', u'', u'', u'', u'', u'', u'', u'', u'', u'']
check '' ''
[u'CNLP401_YEAR_2018', u'CNLP401_YEAR_2017', u'CNLP401', u'CLINICAL PRACTICE IV', u'BHEMC1', u'BH: EMERGENCY MEDICAL CARE', u'11', u'YEAR', u'D1', u'Durban Campus Full-time', u'A', u'40012434:Sobuwa', 22.0]
check 'CNLP401_YEAR_2018' 'CNLP401'
processXLS: only for SEM2 [u'CNLP401_YEAR_2018', u'CNLP401_YEAR_2017', u'CNLP401', u'CLINICAL PRACTICE IV', u'BHEMC1', u'BH: EMERGENCY MEDICAL CARE', u'11', u'YEAR', u'D1', u'Durban Campus Full-time', u'A', u'40012434:Sobuwa', 22.0]
[u'', u'', u'', u'', u'', u'', u'', u'', u'', u'', u'', u'', u'']
check '' ''
[u'EMCA402_YEAR_2018', u'EMCA402_YEAR_2017', u'EMCA402', u'EMERGENCY MEDICAL CARE IVA', u'BHEMC1', u'BH: EMERGENCY MEDICAL CARE', u'11', u'YEAR', u'D1', u'Durban Campus Full-time', u'A', u'40012434:Sobuwa', 23.0]
check 'EMCA402_YEAR_2018' 'EMCA402'
processXLS: only for SEM2 [u'EMCA402_YEAR_2018', u'EMCA402_YEAR_2017', u'EMCA402', u'EMERGENCY MEDICAL CARE IVA', u'BHEMC1', u'BH: EMERGENCY MEDICAL CARE', u'11', u'YEAR', u'D1', u'Durban Campus Full-time', u'A', u'40012434:Sobuwa', 23.0]
[u'', u'', u'', u'', u'', u'', u'', u'', u'', u'', u'', u'', u'']
check '' ''
[u'EMCB402_YEAR_2018', u'EMCB402_YEAR_2017', u'EMCB402', u'EMERGENCY MEDICAL CARE IVB', u'BHEMC1', u'BH: EMERGENCY MEDICAL CARE', u'11', u'YEAR', u'D1', u'Durban Campus Full-time', u'A', u'40012434:Sobuwa', 22.0]
check 'EMCB402_YEAR_2018' 'EMCB402'
processXLS: only for SEM2 [u'EMCB402_YEAR_2018', u'EMCB402_YEAR_2017', u'EMCB402', u'EMERGENCY MEDICAL CARE IVB', u'BHEMC1', u'BH: EMERGENCY MEDICAL CARE', u'11', u'YEAR', u'D1', u'Durban Campus Full-time', u'A', u'40012434:Sobuwa', 22.0]
[u'', u'', u'', u'', u'', u'', u'', u'', u'', u'', u'', u'', u'']
check '' ''
[u'RPJT402_YEAR_2018', u'RPJT402_YEAR_2017', u'RPJT402', u'RESEARCH PROJECT IV', u'BHEMC1', u'BH: EMERGENCY MEDICAL CARE', u'11', u'YEAR', u'D1', u'Durban Campus Full-time', u'A', u'40012434:Sobuwa', 21.0]
check 'RPJT402_YEAR_2018' 'RPJT402'
processXLS: only for SEM2 [u'RPJT402_YEAR_2018', u'RPJT402_YEAR_2017', u'RPJT402', u'RESEARCH PROJECT IV', u'BHEMC1', u'BH: EMERGENCY MEDICAL CARE', u'11', u'YEAR', u'D1', u'Durban Campus Full-time', u'A', u'40012434:Sobuwa', 21.0]
[u'', u'', u'', u'', u'', u'', u'', u'', u'', u'', u'', u'', u'']
check '' ''
[u'RRES401_YEAR_2018', u'RRES401_YEAR_2017', u'RRES401', u'RESCUE RESEARCH IV', u'BTEMC2', u'BT: EMERGENCY MEDICAL CARE', u'11', u'YEAR', u'D3', u'Durban Campus Part-time', u'A', u'40006076:WILLIAMS', 2.0]
check 'RRES401_YEAR_2018' 'RRES401'
processXLS: only for SEM2 [u'RRES401_YEAR_2018', u'RRES401_YEAR_2017', u'RRES401', u'RESCUE RESEARCH IV', u'BTEMC2', u'BT: EMERGENCY MEDICAL CARE', u'11', u'YEAR', u'D3', u'Durban Campus Part-time', u'A', u'40006076:WILLIAMS', 2.0]
[u'', u'', u'', u'', u'', u'', u'', u'', u'', u'', u'', u'', u'']
check '' ''
[u'RPJT501_YEAR_2018', u'RPJT501_YEAR_2017', u'RPJT501', u'RESEARCH PROJECT (1ST REGISTRATION)', u'MHEMC1', u'MH:  EMERGENCY MEDICAL CARE', u'P0', u'POST-GRAD ANNUAL REGISTRATIONS', u'D3', u'Durban Campus Part-time', u'A', u'40012434:Sobuwa', 3.0]
check 'RPJT501_YEAR_2018' 'RPJT501'
processXLS: only for SEM2 [u'RPJT501_YEAR_2018', u'RPJT501_YEAR_2017', u'RPJT501', u'RESEARCH PROJECT (1ST REGISTRATION)', u'MHEMC1', u'MH:  EMERGENCY MEDICAL CARE', u'P0', u'POST-GRAD ANNUAL REGISTRATIONS', u'D3', u'Durban Campus Part-time', u'A', u'40012434:Sobuwa', 3.0]
[u'', u'', u'', u'', u'', u'', u'', u'', u'', u'', u'', u'', u'']
check '' ''
[u'RPJT511_YEAR_2018', u'RPJT511_YEAR_2017', u'RPJT511', u'RESEARCH PROJECT (2ND REGISTRATION)', u'MHEMC1', u'MH:  EMERGENCY MEDICAL CARE', u'P0', u'POST-GRAD ANNUAL REGISTRATIONS', u'D3', u'Durban Campus Part-time', u'A', u'40012434:Sobuwa', 4.0]
check 'RPJT511_YEAR_2018' 'RPJT511'
processXLS: only for SEM2 [u'RPJT511_YEAR_2018', u'RPJT511_YEAR_2017', u'RPJT511', u'RESEARCH PROJECT (2ND REGISTRATION)', u'MHEMC1', u'MH:  EMERGENCY MEDICAL CARE', u'P0', u'POST-GRAD ANNUAL REGISTRATIONS', u'D3', u'Durban Campus Part-time', u'A', u'40012434:Sobuwa', 4.0]
[u'', u'', u'', u'', u'', u'', u'', u'', u'', u'', u'', u'', u'']
check '' ''
[u'RPJT521_YEAR_2018', u'RPJT521_YEAR_2017', u'RPJT521', u'RESEARCH PROJECT (3RD REGISTRATION)', u'MHEMC1', u'MH:  EMERGENCY MEDICAL CARE', u'P0', u'POST-GRAD ANNUAL REGISTRATIONS', u'D3', u'Durban Campus Part-time', u'A', u'40012434:Sobuwa', 5.0]
check 'RPJT521_YEAR_2018' 'RPJT521'
processXLS: only for SEM2 [u'RPJT521_YEAR_2018', u'RPJT521_YEAR_2017', u'RPJT521', u'RESEARCH PROJECT (3RD REGISTRATION)', u'MHEMC1', u'MH:  EMERGENCY MEDICAL CARE', u'P0', u'POST-GRAD ANNUAL REGISTRATIONS', u'D3', u'Durban Campus Part-time', u'A', u'40012434:Sobuwa', 5.0]
[u'', u'', u'', u'', u'', u'', u'', u'', u'', u'', u'', u'', u'']
check '' ''
[u'RPTE621_YEAR_2018', u'RPTE621_YEAR_2017', u'RPTE621', u'RESEARCH PROJECT AND THESIS (2ND REG)', u'DPEMC1', u'DP:  EMERGENCY MEDICAL CARE', u'P0', u'POST-GRAD ANNUAL REGISTRATIONS', u'D3', u'Durban Campus Part-time', u'A', u'40012434:Sobuwa', 1.0]
check 'RPTE621_YEAR_2018' 'RPTE621'
processXLS: only for SEM2 [u'RPTE621_YEAR_2018', u'RPTE621_YEAR_2017', u'RPTE621', u'RESEARCH PROJECT AND THESIS (2ND REG)', u'DPEMC1', u'DP:  EMERGENCY MEDICAL CARE', u'P0', u'POST-GRAD ANNUAL REGISTRATIONS', u'D3', u'Durban Campus Part-time', u'A', u'40012434:Sobuwa', 1.0]
[u'', u'', u'', u'', u'', u'', u'', u'', u'', u'', u'', u'', u'']
check '' ''
[u'RPTE631_YEAR_2018', u'RPTE631_YEAR_2017', u'RPTE631', u'RESEARCH PROJECT AND THESIS (3RD REG)', u'DPEMC1', u'DP:  EMERGENCY MEDICAL CARE', u'P0', u'POST-GRAD ANNUAL REGISTRATIONS', u'D3', u'Durban Campus Part-time', u'A', u'50009704:Naidoo', 2.0]
check 'RPTE631_YEAR_2018' 'RPTE631'
processXLS: only for SEM2 [u'RPTE631_YEAR_2018', u'RPTE631_YEAR_2017', u'RPTE631', u'RESEARCH PROJECT AND THESIS (3RD REG)', u'DPEMC1', u'DP:  EMERGENCY MEDICAL CARE', u'P0', u'POST-GRAD ANNUAL REGISTRATIONS', u'D3', u'Durban Campus Part-time', u'A', u'50009704:Naidoo', 2.0]
[u'...', u'', u'', u'', u'', u'', u'', u'', u'', u'', u'', u'', u'']
check '...' ''
[u'New subjects for 2018', u'', u'', u'', u'', u'', u'', u'', u'', u'', u'', u'', u'']
check 'New subjects for 2018' ''
[u'PHYP301_SEM1_2018', u'template_2018', u'PHYP301', u'PHYSICAL PREPAREDNESS III', u'BHEMC3', u'BH:  EMERGENCY MEDICAL CARE', u'21', u'SEM1', u'D1', u'OTNAME', u'A', u'50031087:MEYERS;', u'']
check 'PHYP301_SEM1_2018' 'PHYP301'
processXLS: only for SEM2 [u'PHYP301_SEM1_2018', u'template_2018', u'PHYP301', u'PHYSICAL PREPAREDNESS III', u'BHEMC3', u'BH:  EMERGENCY MEDICAL CARE', u'21', u'SEM1', u'D1', u'OTNAME', u'A', u'50031087:MEYERS;', u'']
[u'ERTA401_SEM1_2018', u'template_2018', u'ERTA401', u'EMERGENCY MEDICAL CARE THEORY IVA', u'BHEMC3', u'BH:  EMERGENCY MEDICAL CARE', u'21', u'SEM1', u'D1', u'OTNAME', u'A', u'50031087:MEYERS;', u'']
check 'ERTA401_SEM1_2018' 'ERTA401'
processXLS: only for SEM2 [u'ERTA401_SEM1_2018', u'template_2018', u'ERTA401', u'EMERGENCY MEDICAL CARE THEORY IVA', u'BHEMC3', u'BH:  EMERGENCY MEDICAL CARE', u'21', u'SEM1', u'D1', u'OTNAME', u'A', u'50031087:MEYERS;', u'']
[u'ERTB401_SEM2_2018', u'template_2018', u'ERTB401', u'EMERGENCY MEDICAL CARE THEORY IVB', u'BHEMC3', u'BH:  EMERGENCY MEDICAL CARE', u'22', u'SEM2', u'D1', u'OTNAME', u'A', u'50031087:MEYERS;', u'']
check 'ERTB401_SEM2_2018' 'ERTB401'
adding  ERTB401
requesting:  http://10.0.100.98:8000/bbinfo/matching_courses/ERTB401%25
r= <Response [200]>
matching classes= set([u'ERTB401_SEM2_2018'])
[u'ERPA401_SEM1_2018', u'template_2018', u'ERPA401', u'EMERGENCY MEDICAL CARE PRACTICAL IVA', u'BHEMC3', u'BH:  EMERGENCY MEDICAL CARE', u'21', u'SEM1', u'D1', u'OTNAME', u'A', u'50031087:MEYERS;', u'']
check 'ERPA401_SEM1_2018' 'ERPA401'
processXLS: only for SEM2 [u'ERPA401_SEM1_2018', u'template_2018', u'ERPA401', u'EMERGENCY MEDICAL CARE PRACTICAL IVA', u'BHEMC3', u'BH:  EMERGENCY MEDICAL CARE', u'21', u'SEM1', u'D1', u'OTNAME', u'A', u'50031087:MEYERS;', u'']
[u'ERPB401_SEM2_2018', u'template_2018', u'ERPB401', u'EMERGENCY MEDICAL CARE PRACTICAL IVB', u'BHEMC3', u'BH:  EMERGENCY MEDICAL CARE', u'22', u'SEM2', u'D1', u'OTNAME', u'A', u'50031087:MEYERS;', u'']
check 'ERPB401_SEM2_2018' 'ERPB401'
adding  ERPB401
requesting:  http://10.0.100.98:8000/bbinfo/matching_courses/ERPB401%25
r= <Response [200]>
matching classes= set([u'ERPB401_SEM2_2018'])
[u'CLPA401_SEM1_2018', u'template_2018', u'CLPA401', u'CLINICAL PRACTICE IVA', u'BHEMC3', u'BH:  EMERGENCY MEDICAL CARE', u'21', u'SEM1', u'D1', u'OTNAME', u'A', u'50031087:MEYERS;', u'']
check 'CLPA401_SEM1_2018' 'CLPA401'
processXLS: only for SEM2 [u'CLPA401_SEM1_2018', u'template_2018', u'CLPA401', u'CLINICAL PRACTICE IVA', u'BHEMC3', u'BH:  EMERGENCY MEDICAL CARE', u'21', u'SEM1', u'D1', u'OTNAME', u'A', u'50031087:MEYERS;', u'']
[u'CLPB401_SEM2_2018', u'template_2018', u'CLPB401', u'CLINICAL PRACTICE IVB', u'BHEMC3', u'BH:  EMERGENCY MEDICAL CARE', u'22', u'SEM2', u'D1', u'OTNAME', u'A', u'50031087:MEYERS;', u'']
check 'CLPB401_SEM2_2018' 'CLPB401'
adding  CLPB401
requesting:  http://10.0.100.98:8000/bbinfo/matching_courses/CLPB401%25
r= <Response [200]>
matching classes= set([u'CLPB401_SEM2_2018'])
[u'MDRA301_SEM1_2018', u'template_2018', u'MDRA301', u'MEDICAL RESCUE IIIA', u'BHEMC3', u'BH:  EMERGENCY MEDICAL CARE', u'21', u'SEM1', u'D1', u'OTNAME', u'A', u'50031087:MEYERS;', u'']
check 'MDRA301_SEM1_2018' 'MDRA301'
processXLS: only for SEM2 [u'MDRA301_SEM1_2018', u'template_2018', u'MDRA301', u'MEDICAL RESCUE IIIA', u'BHEMC3', u'BH:  EMERGENCY MEDICAL CARE', u'21', u'SEM1', u'D1', u'OTNAME', u'A', u'50031087:MEYERS;', u'']
[u'MDRB301_SEM1_2018', u'template_2018', u'MDRB301', u'MEDICAL RESCUE IIIB', u'BHEMC3', u'BH:  EMERGENCY MEDICAL CARE', u'21', u'SEM1', u'D1', u'OTNAME', u'A', u'50031087:MEYERS;', u'']
check 'MDRB301_SEM1_2018' 'MDRB301'
processXLS: only for SEM2 [u'MDRB301_SEM1_2018', u'template_2018', u'MDRB301', u'MEDICAL RESCUE IIIB', u'BHEMC3', u'BH:  EMERGENCY MEDICAL CARE', u'21', u'SEM1', u'D1', u'OTNAME', u'A', u'50031087:MEYERS;', u'']
[u'MDRC301_SEM2_2018', u'template_2018', u'MDRC301', u'MEDICAL RESCUE IIIC', u'BHEMC3', u'BH:  EMERGENCY MEDICAL CARE', u'22', u'SEM2', u'D1', u'OTNAME', u'A', u'50031087:MEYERS;', u'']
check 'MDRC301_SEM2_2018' 'MDRC301'
adding  MDRC301
requesting:  http://10.0.100.98:8000/bbinfo/matching_courses/MDRC301%25
r= <Response [200]>
matching classes= set([u'MDRC301_SEM2_2018'])
[u'MDRD301_SEM2_2018', u'template_2018', u'MDRD301', u'MEDICAL RESCUE IIID', u'BHEMC3', u'BH:  EMERGENCY MEDICAL CARE', u'22', u'SEM2', u'D1', u'OTNAME', u'A', u'50031087:MEYERS;', u'']
check 'MDRD301_SEM2_2018' 'MDRD301'
adding  MDRD301
requesting:  http://10.0.100.98:8000/bbinfo/matching_courses/MDRD301%25
r= <Response [200]>
matching classes= set([u'MDRD301_SEM2_2018'])
[u'PHLC101_SEM1_2018', u'template_2018', u'PHLC101', u'PRIMARY HEALTH CARE I', u'BHEMC3', u'BH:  EMERGENCY MEDICAL CARE', u'21', u'SEM1', u'D1', u'OTNAME', u'A', u'50031087:MEYERS;', u'']
check 'PHLC101_SEM1_2018' 'PHLC101'
processXLS: only for SEM2 [u'PHLC101_SEM1_2018', u'template_2018', u'PHLC101', u'PRIMARY HEALTH CARE I', u'BHEMC3', u'BH:  EMERGENCY MEDICAL CARE', u'21', u'SEM1', u'D1', u'OTNAME', u'A', u'50031087:MEYERS;', u'']
[u'PHYP401_SEM1_2018', u'template_2018', u'PHYP401', u'PYSICAL PREPAREDNESS IV', u'BHEMC3', u'BH:  EMERGENCY MEDICAL CARE', u'21', u'SEM1', u'D1', u'OTNAME', u'A', u'50031087:MEYERS;', u'']
check 'PHYP401_SEM1_2018' 'PHYP401'
processXLS: only for SEM2 [u'PHYP401_SEM1_2018', u'template_2018', u'PHYP401', u'PYSICAL PREPAREDNESS IV', u'BHEMC3', u'BH:  EMERGENCY MEDICAL CARE', u'21', u'SEM1', u'D1', u'OTNAME', u'A', u'50031087:MEYERS;', u'']
[u'EMCP101_SEM2_2018', u'template_2018', u'EMCP101', u'EMERGENCY MEDICAL CARE PRACTICAL I', u'BHEMC3', u'BH:  EMERGENCY MEDICAL CARE', u'22', u'SEM2', u'D1', u'OTNAME', u'A', u'50031087:MEYERS;', u'']
check 'EMCP101_SEM2_2018' 'EMCP101'
adding  EMCP101
requesting:  http://10.0.100.98:8000/bbinfo/matching_courses/EMCP101%25
r= <Response [200]>
matching classes= set([u'EMCP101_SEM2_2018'])
[u'EMCT101_SEM2_2018', u'template_2018', u'EMCT101', u'EMERGENCY MEDICAL CARE THEORY I', u'BHEMC3', u'BH:  EMERGENCY MEDICAL CARE', u'22', u'SEM2', u'D1', u'OTNAME', u'A', u'50031087:MEYERS;', u'']
check 'EMCT101_SEM2_2018' 'EMCT101'
adding  EMCT101
requesting:  http://10.0.100.98:8000/bbinfo/matching_courses/EMCT101%25
r= <Response [200]>
matching classes= set([u'EMCT101_SEM2_2018'])
[u'ERTA201_SEM1_2018', u'template_2018', u'ERTA201', u'EMERGENCY MEDICAL CARE THEORY IIA', u'BHEMC3', u'BH:  EMERGENCY MEDICAL CARE', u'21', u'SEM1', u'D1', u'OTNAME', u'A', u'50031087:MEYERS;', u'']
check 'ERTA201_SEM1_2018' 'ERTA201'
processXLS: only for SEM2 [u'ERTA201_SEM1_2018', u'template_2018', u'ERTA201', u'EMERGENCY MEDICAL CARE THEORY IIA', u'BHEMC3', u'BH:  EMERGENCY MEDICAL CARE', u'21', u'SEM1', u'D1', u'OTNAME', u'A', u'50031087:MEYERS;', u'']
[u'ERTB201_SEM2_2018', u'template_2018', u'ERTB201', u'EMERGENCY MEDICAL CARE THEORY IIB', u'BHEMC3', u'BH:  EMERGENCY MEDICAL CARE', u'22', u'SEM2', u'D1', u'OTNAME', u'A', u'50031087:MEYERS;', u'']
check 'ERTB201_SEM2_2018' 'ERTB201'
adding  ERTB201
requesting:  http://10.0.100.98:8000/bbinfo/matching_courses/ERTB201%25
r= <Response [200]>
matching classes= set([u'ERTB201_SEM2_2018'])
[u'ERPA201_SEM1_2018', u'template_2018', u'ERPA201', u'EMERGENCY MEDICAL CARE PRACTICAL IIA', u'BHEMC3', u'BH:  EMERGENCY MEDICAL CARE', u'21', u'SEM1', u'D1', u'OTNAME', u'A', u'50031087:MEYERS;', u'']
check 'ERPA201_SEM1_2018' 'ERPA201'
processXLS: only for SEM2 [u'ERPA201_SEM1_2018', u'template_2018', u'ERPA201', u'EMERGENCY MEDICAL CARE PRACTICAL IIA', u'BHEMC3', u'BH:  EMERGENCY MEDICAL CARE', u'21', u'SEM1', u'D1', u'OTNAME', u'A', u'50031087:MEYERS;', u'']
[u'ERPB201_SEM2_2018', u'template_2018', u'ERPB201', u'EMERGENCY MEDICAL CARE PRACTICAL IIB', u'BHEMC3', u'BH:  EMERGENCY MEDICAL CARE', u'22', u'SEM2', u'D1', u'OTNAME', u'A', u'50031087:MEYERS;', u'']
check 'ERPB201_SEM2_2018' 'ERPB201'
adding  ERPB201
requesting:  http://10.0.100.98:8000/bbinfo/matching_courses/ERPB201%25
r= <Response [200]>
matching classes= set([u'ERPB201_SEM2_2018'])
[u'MDRA101_SEM1_2018', u'template_2018', u'MDRA101', u'MEDICAL RESCUE IA', u'BHEMC3', u'BH:  EMERGENCY MEDICAL CARE', u'21', u'SEM1', u'D1', u'OTNAME', u'A', u'50031087:MEYERS;', u'']
check 'MDRA101_SEM1_2018' 'MDRA101'
processXLS: only for SEM2 [u'MDRA101_SEM1_2018', u'template_2018', u'MDRA101', u'MEDICAL RESCUE IA', u'BHEMC3', u'BH:  EMERGENCY MEDICAL CARE', u'21', u'SEM1', u'D1', u'OTNAME', u'A', u'50031087:MEYERS;', u'']
[u'MDRB101_SEM1_2018', u'template_2018', u'MDRB101', u'MEDICAL RESCUE IB', u'BHEMC3', u'BH:  EMERGENCY MEDICAL CARE', u'21', u'SEM1', u'D1', u'OTNAME', u'A', u'50031087:MEYERS;', u'']
check 'MDRB101_SEM1_2018' 'MDRB101'
processXLS: only for SEM2 [u'MDRB101_SEM1_2018', u'template_2018', u'MDRB101', u'MEDICAL RESCUE IB', u'BHEMC3', u'BH:  EMERGENCY MEDICAL CARE', u'21', u'SEM1', u'D1', u'OTNAME', u'A', u'50031087:MEYERS;', u'']
[u'MDRC101_SEM2_2018', u'template_2018', u'MDRC101', u'MEDICAL RESCUE IC', u'BHEMC3', u'BH:  EMERGENCY MEDICAL CARE', u'22', u'SEM2', u'D1', u'OTNAME', u'A', u'50031087:MEYERS;', u'']
check 'MDRC101_SEM2_2018' 'MDRC101'
adding  MDRC101
requesting:  http://10.0.100.98:8000/bbinfo/matching_courses/MDRC101%25
r= <Response [200]>
matching classes= set([u'MDRC101_SEM2_2018'])
[u'MDRD101_SEM2_2018', u'template_2018', u'MDRD101', u'MEDICAL RESCUE ID', u'BHEMC3', u'BH:  EMERGENCY MEDICAL CARE', u'22', u'SEM2', u'D1', u'OTNAME', u'A', u'50031087:MEYERS;', u'']
check 'MDRD101_SEM2_2018' 'MDRD101'
adding  MDRD101
requesting:  http://10.0.100.98:8000/bbinfo/matching_courses/MDRD101%25
r= <Response [200]>
matching classes= set([u'MDRD101_SEM2_2018'])
[u'PHYP201_SEM1_2018', u'template_2018', u'PHYP201', u'PHYSICAL PREPAREDNESS II', u'BHEMC3', u'BH:  EMERGENCY MEDICAL CARE', u'21', u'SEM1', u'D1', u'OTNAME', u'A', u'50031087:MEYERS;', u'']
check 'PHYP201_SEM1_2018' 'PHYP201'
processXLS: only for SEM2 [u'PHYP201_SEM1_2018', u'template_2018', u'PHYP201', u'PHYSICAL PREPAREDNESS II', u'BHEMC3', u'BH:  EMERGENCY MEDICAL CARE', u'21', u'SEM1', u'D1', u'OTNAME', u'A', u'50031087:MEYERS;', u'']
[u'ERTA301_SEM1_2018', u'template_2018', u'ERTA301', u'EMERGENCY MEDICAL CARE THEORY IIIA', u'BHEMC3', u'BH:  EMERGENCY MEDICAL CARE', u'21', u'SEM1', u'D1', u'OTNAME', u'A', u'50031087:MEYERS;', u'']
check 'ERTA301_SEM1_2018' 'ERTA301'
processXLS: only for SEM2 [u'ERTA301_SEM1_2018', u'template_2018', u'ERTA301', u'EMERGENCY MEDICAL CARE THEORY IIIA', u'BHEMC3', u'BH:  EMERGENCY MEDICAL CARE', u'21', u'SEM1', u'D1', u'OTNAME', u'A', u'50031087:MEYERS;', u'']
[u'ERTB301_SEM2_2018', u'template_2018', u'ERTB301', u'EMERGENCY MEDICAL CARE THEORY IIIB', u'BHEMC3', u'BH:  EMERGENCY MEDICAL CARE', u'22', u'SEM2', u'D1', u'OTNAME', u'A', u'50031087:MEYERS;', u'']
check 'ERTB301_SEM2_2018' 'ERTB301'
adding  ERTB301
requesting:  http://10.0.100.98:8000/bbinfo/matching_courses/ERTB301%25
r= <Response [200]>
matching classes= set([u'ERTB301_SEM2_2018'])
[u'ERPA301_SEM1_2018', u'template_2018', u'ERPA301', u'EMERGENCY MEDICAL CARE PRACTICAL IIIA', u'BHEMC3', u'BH:  EMERGENCY MEDICAL CARE', u'21', u'SEM1', u'D1', u'OTNAME', u'A', u'50031087:MEYERS;', u'']
check 'ERPA301_SEM1_2018' 'ERPA301'
processXLS: only for SEM2 [u'ERPA301_SEM1_2018', u'template_2018', u'ERPA301', u'EMERGENCY MEDICAL CARE PRACTICAL IIIA', u'BHEMC3', u'BH:  EMERGENCY MEDICAL CARE', u'21', u'SEM1', u'D1', u'OTNAME', u'A', u'50031087:MEYERS;', u'']
[u'ERPB301_SEM2_2018', u'template_2018', u'ERPB301', u'EMERGENCY MEDICAL CARE PRACTICAL IIIB', u'BHEMC3', u'BH:  EMERGENCY MEDICAL CARE', u'22', u'SEM2', u'D1', u'OTNAME', u'A', u'50031087:MEYERS;', u'']
check 'ERPB301_SEM2_2018' 'ERPB301'
adding  ERPB301
requesting:  http://10.0.100.98:8000/bbinfo/matching_courses/ERPB301%25
r= <Response [200]>
matching classes= set([u'ERPB301_SEM2_2018'])
[u'MDRA201_SEM1_2018', u'template_2018', u'MDRA201', u'MEDICAL RESCUE IIA', u'BHEMC3', u'BH:  EMERGENCY MEDICAL CARE', u'21', u'SEM1', u'D1', u'OTNAME', u'A', u'50031087:MEYERS;', u'']
check 'MDRA201_SEM1_2018' 'MDRA201'
processXLS: only for SEM2 [u'MDRA201_SEM1_2018', u'template_2018', u'MDRA201', u'MEDICAL RESCUE IIA', u'BHEMC3', u'BH:  EMERGENCY MEDICAL CARE', u'21', u'SEM1', u'D1', u'OTNAME', u'A', u'50031087:MEYERS;', u'']
[u'MDRB201_SEM1_2018', u'template_2018', u'MDRB201', u'MEDICAL RESCUE IIB', u'BHEMC3', u'BH:  EMERGENCY MEDICAL CARE', u'21', u'SEM1', u'D1', u'OTNAME', u'A', u'50031087:MEYERS;', u'']
check 'MDRB201_SEM1_2018' 'MDRB201'
processXLS: only for SEM2 [u'MDRB201_SEM1_2018', u'template_2018', u'MDRB201', u'MEDICAL RESCUE IIB', u'BHEMC3', u'BH:  EMERGENCY MEDICAL CARE', u'21', u'SEM1', u'D1', u'OTNAME', u'A', u'50031087:MEYERS;', u'']
[u'MDRC201_SEM2_2018', u'template_2018', u'MDRC201', u'MEDICAL RESCUE IIC', u'BHEMC3', u'BH:  EMERGENCY MEDICAL CARE', u'22', u'SEM2', u'D1', u'OTNAME', u'A', u'50031087:MEYERS;', u'']
check 'MDRC201_SEM2_2018' 'MDRC201'
adding  MDRC201
requesting:  http://10.0.100.98:8000/bbinfo/matching_courses/MDRC201%25
r= <Response [200]>
matching classes= set([u'MDRC201_SEM2_2018'])
[u'MDRD201_SEM2_2018', u'template_2018', u'MDRD201', u'MEDICAL RESCUE IID', u'BHEMC3', u'BH:  EMERGENCY MEDICAL CARE', u'22', u'SEM2', u'D1', u'OTNAME', u'A', u'50031087:MEYERS;', u'']
check 'MDRD201_SEM2_2018' 'MDRD201'
adding  MDRD201
requesting:  http://10.0.100.98:8000/bbinfo/matching_courses/MDRD201%25
r= <Response [200]>
matching classes= set([u'MDRD201_SEM2_2018'])
processXLS: finished processing workingSheets/data/BBC3604EmergMedicalCareRescue2017.xls
getWS: requesting:  http://10.0.100.98:8000/itsenrol/classlist/2018/22/ERPB301 rsp= <Response [200]>
getWS: requesting:  http://10.0.100.98:8000/bbinfo/classlist/ERPB301 rsp= <Response [200]>
getNewStudentsInSubject: ITS 0, BB 1 -> 0 new enrollments
getWS: requesting:  http://10.0.100.98:8000/itsenrol/classlist/2018/22/MDRC201 rsp= <Response [200]>
getWS: requesting:  http://10.0.100.98:8000/bbinfo/classlist/MDRC201 rsp= <Response [200]>
getNewStudentsInSubject: ITS 0, BB 1 -> 0 new enrollments
getWS: requesting:  http://10.0.100.98:8000/itsenrol/classlist/2018/22/ERTB301 rsp= <Response [200]>
getWS: requesting:  http://10.0.100.98:8000/bbinfo/classlist/ERTB301 rsp= <Response [200]>
getNewStudentsInSubject: ITS 0, BB 1 -> 0 new enrollments
getWS: requesting:  http://10.0.100.98:8000/itsenrol/classlist/2018/22/EMCT101 rsp= <Response [200]>
getWS: requesting:  http://10.0.100.98:8000/bbinfo/classlist/EMCT101 rsp= <Response [200]>
getNewStudentsInSubject: ITS 25, BB 1 -> 25 new enrollments
getWS: requesting:  http://10.0.100.98:8000/itsenrol/classlist/2018/22/ERPB201 rsp= <Response [200]>
getWS: requesting:  http://10.0.100.98:8000/bbinfo/classlist/ERPB201 rsp= <Response [200]>
getNewStudentsInSubject: ITS 0, BB 1 -> 0 new enrollments
getWS: requesting:  http://10.0.100.98:8000/itsenrol/classlist/2018/22/EMCP101 rsp= <Response [200]>
getWS: requesting:  http://10.0.100.98:8000/bbinfo/classlist/EMCP101 rsp= <Response [200]>
getNewStudentsInSubject: ITS 25, BB 1 -> 25 new enrollments
getWS: requesting:  http://10.0.100.98:8000/itsenrol/classlist/2018/22/MDRC301 rsp= <Response [200]>
getWS: requesting:  http://10.0.100.98:8000/bbinfo/classlist/MDRC301 rsp= <Response [200]>
getNewStudentsInSubject: ITS 0, BB 1 -> 0 new enrollments
getWS: requesting:  http://10.0.100.98:8000/itsenrol/classlist/2018/22/ERTB201 rsp= <Response [200]>
getWS: requesting:  http://10.0.100.98:8000/bbinfo/classlist/ERTB201 rsp= <Response [200]>
getNewStudentsInSubject: ITS 0, BB 1 -> 0 new enrollments
getWS: requesting:  http://10.0.100.98:8000/itsenrol/classlist/2018/22/MDRD201 rsp= <Response [200]>
getWS: requesting:  http://10.0.100.98:8000/bbinfo/classlist/MDRD201 rsp= <Response [200]>
getNewStudentsInSubject: ITS 0, BB 1 -> 0 new enrollments
getWS: requesting:  http://10.0.100.98:8000/itsenrol/classlist/2018/22/CLPB401 rsp= <Response [200]>
getWS: requesting:  http://10.0.100.98:8000/bbinfo/classlist/CLPB401 rsp= <Response [200]>
getNewStudentsInSubject: ITS 0, BB 1 -> 0 new enrollments
getWS: requesting:  http://10.0.100.98:8000/itsenrol/classlist/2018/22/MDRD101 rsp= <Response [200]>
getWS: requesting:  http://10.0.100.98:8000/bbinfo/classlist/MDRD101 rsp= <Response [200]>
getNewStudentsInSubject: ITS 0, BB 1 -> 0 new enrollments
getWS: requesting:  http://10.0.100.98:8000/itsenrol/classlist/2018/22/MDRC101 rsp= <Response [200]>
getWS: requesting:  http://10.0.100.98:8000/bbinfo/classlist/MDRC101 rsp= <Response [200]>
getNewStudentsInSubject: ITS 0, BB 1 -> 0 new enrollments
getWS: requesting:  http://10.0.100.98:8000/itsenrol/classlist/2018/22/ERTB401 rsp= <Response [200]>
getWS: requesting:  http://10.0.100.98:8000/bbinfo/classlist/ERTB401 rsp= <Response [200]>
getNewStudentsInSubject: ITS 0, BB 1 -> 0 new enrollments
getWS: requesting:  http://10.0.100.98:8000/itsenrol/classlist/2018/22/MDRD301 rsp= <Response [200]>
getWS: requesting:  http://10.0.100.98:8000/bbinfo/classlist/MDRD301 rsp= <Response [200]>
getNewStudentsInSubject: ITS 0, BB 1 -> 0 new enrollments
getWS: requesting:  http://10.0.100.98:8000/itsenrol/classlist/2018/22/ERPB401 rsp= <Response [200]>
getWS: requesting:  http://10.0.100.98:8000/bbinfo/classlist/ERPB401 rsp= <Response [200]>
getNewStudentsInSubject: ITS 0, BB 1 -> 0 new enrollments
main: Writing students...
main: Writing enrollments...
main: Finished processing workingSheets/data/BBC3604EmergMedicalCareRescue2017.xls
main: 15 subjects processed
main: 15 subject -> classroom maps
main: 25 students
main: 50 student enrollments 0 errors
0.26user 0.12system 0:02.15elapsed 17%CPU (0avgtext+0avgdata 57280maxresident)k
48inputs+16outputs (0major+7065minor)pagefaults 0swaps
POSTING SNAPSHOTS to SIS endpoint
TEST RUN, NOT POSTING BBSTUDENTS
TEST RUN, NOT POSTIN BBENROL
copy snapshot files to saved output
=== department done ===
syncing logs...
Pushing logs from logs/20180723111852 to remote...
sending incremental file list
./
BBC3604EmergMedicalCareRescue2017.BBENROL.txt
BBC3604EmergMedicalCareRescue2017.BBSTUDENTS.txt
BBC3604EmergMedicalCareRescue2017.Enrolomat.txt
BBC3604EmergMedicalCareRescue2017.Postlog.txt

sent 51789 bytes  received 91 bytes  14822.86 bytes/sec
total size is 8332457  speedup is 160.61
logging to logs/20180723111852
=== generate newenrollments for BBC3605Radiography2017. ===
GENERATE SNAPSHOTS...
./BBCIncrementalEnrollerX2.py : generating enrolment files for subjects in  workingSheets/data/BBC3605Radiography2017.xls
processXLS: start spreadsheet workingSheets/data/BBC3605Radiography2017.xls
[u'2018 Blackboard Classrooms for Department: 3605 - RADIOGRAPHY', u'', u'', u'', u'', u'', u'', u'', u'', u'', u'', u'', u'', u'', u'']
check '2018 Blackboard Classrooms for Department: 3605 - RADIOGRAPHY' ''
[u'', u'', u'', u'', u'', u'', u'', u'', u'', u'', u'', u'', u'', u'', u'']
check '' ''
[u'BB Classroom', u'Migrate Classroom', u'ITS Subject', u'', u'ITS Qualification', u'', u'Block', u'', u'Off Type', u'', u'Grp', u'Lecturer(s)', u'2016 Enrol', 2017.0, 2018.0]
check 'BB Classroom' 'ITS Subject'
[u'', u'', u'', u'', u'', u'', u'', u'', u'', u'', u'', u'', u'', u'', u'']
check '' ''
[u'DGIS101_SEM2_2018', u'DGIS101_SEM2_2017', u'DGIS101', u'DIAGNOSTIC IMAGING SCIENCES I', u'BHDRD1', u'BHSC IN DIAGNOSTIC RADIOGRAPHY', u'22', u'SEMESTER 2', u'D1', u'Durban Campus Full-time', u'A', u'40013363:ACKAH;50002517:SUNDER', 45.0, 62.0, u'']
check 'DGIS101_SEM2_2018' 'DGIS101'
adding  DGIS101
requesting:  http://10.0.100.98:8000/bbinfo/matching_courses/DGIS101%25
r= <Response [200]>
matching classes= set([u'DGIS101_SEM2_2018', u'DGIS101_SEM2_2017', u'DGIS101_ALL_2016'])
[u'', u'', u'', u'', u'', u'', u'', u'', u'', u'', u'', u'', u'', u'', u'']
check '' ''
[u'DGIS201_SEM2_2018', u'DGIS201_SEM2_2017', u'DGIS201', u'DIAGNOSTIC IMAGING SCIENCES II', u'BHDRD1', u'BHSC IN DIAGNOSTIC RADIOGRAPHY', u'22', u'SEMESTER 2', u'D1', u'Durban Campus Full-time', u'A', u'50002059: MOTAUNG', u' ', 62.0, u'']
check 'DGIS201_SEM2_2018' 'DGIS201'
adding  DGIS201
requesting:  http://10.0.100.98:8000/bbinfo/matching_courses/DGIS201%25
r= <Response [200]>
matching classes= set([u'DGIS201_SEM2_2017', u'DGIS201_SEM2_2018'])
[u'', u'', u'', u'', u'', u'', u'', u'', u'', u'', u'', u'', u'', u'', u'']
check '' ''
[u'DGIS301_SEM1', u'TEMPLATE_2018', u'DGIS301', u'DIAGNOSTIC ', u'BHDRD1', u'BHSC IN DIAGNOSTIC RADIOGRAPHY', 21.0, u'SEMESTER 1', u'D1', u'Durban Campus Full-time', u'A', u'50002059: MOTAUNG', u'', u'', u'']
check 'DGIS301_SEM1' 'DGIS301'
processXLS: only for SEM2 [u'DGIS301_SEM1', u'TEMPLATE_2018', u'DGIS301', u'DIAGNOSTIC ', u'BHDRD1', u'BHSC IN DIAGNOSTIC RADIOGRAPHY', 21.0, u'SEMESTER 1', u'D1', u'Durban Campus Full-time', u'A', u'50002059: MOTAUNG', u'', u'', u'']
[u'', u'', u'', u'', u'', u'', u'', u'', u'', u'', u'', u'', u'', u'', u'']
check '' ''
[u'DPPA101_SEM1_2018', u'DPPA101_SEM1_2017', u'DPPA101', u'DIAGNOSTIC PRAC & PROCEDURES IA', u'BHDRD1', u'BHSC IN DIAGNOSTIC RADIOGRAPHY', u'21', u'SEMESTER 1', u'D1', u'Durban Campus Full-time', u'A', u'40013363:ACKAH ', 49.0, 62.0, u'']
check 'DPPA101_SEM1_2018' 'DPPA101'
processXLS: only for SEM2 [u'DPPA101_SEM1_2018', u'DPPA101_SEM1_2017', u'DPPA101', u'DIAGNOSTIC PRAC & PROCEDURES IA', u'BHDRD1', u'BHSC IN DIAGNOSTIC RADIOGRAPHY', u'21', u'SEMESTER 1', u'D1', u'Durban Campus Full-time', u'A', u'40013363:ACKAH ', 49.0, 62.0, u'']
[u'DPPB101_SEM2_2018', u'DPPB101_SEM2_2017', u'DPPB101', u'DIAGNOSTIC PRAC & PROCEDURES IB', u'BHDRD1', u'BHSC IN DIAGNOSTIC RADIOGRAPHY', u'22', u'SEMESTER 2', u'D1', u'Durban Campus Full-time', u'A', u'40013363:ACKAH ', 45.0, 62.0, u'']
check 'DPPB101_SEM2_2018' 'DPPB101'
adding  DPPB101
requesting:  http://10.0.100.98:8000/bbinfo/matching_courses/DPPB101%25
r= <Response [200]>
matching classes= set([u'DPPB101_SEM2_2017', u'DPPB101_SEM2_2018'])
[u'', u'', u'', u'', u'', u'', u'', u'', u'', u'', u'', u' ', u'', u'', u'']
check '' ''
[u'DPPA201_SEM1_2018', u'DPPA201_SEM1_2017', u'DPPA201', u'DIAGNOSTIC PRAC & PROCEDURES IIA', u'BHDRD1', u'BHSC IN DIAGNOSTIC RADIOGRAPHY', u'21', u'SEMESTER 1', u'D1', u'Durban Campus Full-time', u'A', u'40014033: MADLALA', u' ', 62.0, u'']
check 'DPPA201_SEM1_2018' 'DPPA201'
processXLS: only for SEM2 [u'DPPA201_SEM1_2018', u'DPPA201_SEM1_2017', u'DPPA201', u'DIAGNOSTIC PRAC & PROCEDURES IIA', u'BHDRD1', u'BHSC IN DIAGNOSTIC RADIOGRAPHY', u'21', u'SEMESTER 1', u'D1', u'Durban Campus Full-time', u'A', u'40014033: MADLALA', u' ', 62.0, u'']
[u'DPPB201_SEM2_2018', u'DPPB201_SEM2_2017', u'DPPB201', u'DIAGNOSTIC PRAC & PROCEDURES IIB', u'BHDRD1', u'BHSC IN DIAGNOSTIC RADIOGRAPHY', u'22', u'SEMESTER 2', u'D1', u'Durban Campus Full-time', u'A', u'40014033: MADLALA', u' ', 62.0, u'']
check 'DPPB201_SEM2_2018' 'DPPB201'
adding  DPPB201
requesting:  http://10.0.100.98:8000/bbinfo/matching_courses/DPPB201%25
r= <Response [200]>
matching classes= set([u'DPPB201_SEM2_2018', u'DPPB201_SEM2_2017'])
[u'', u'', u'', u'', u'', u'', u'', u'', u'', u'', u'', u'', u'', u'', u'']
check '' ''
[u'DPPA301_SEM1_2018', u'TEMPLATE_2018', u'DPPA301', u'DIAGNOSTIC PRAC & PROCEDURES IIA', u'BHDRD1', u'BHSC IN DIAGNOSTIC RADIOGRAPHY', u'21', u'SEMESTER 1', u'D1', u'Durban Campus Full-time', u'A', u' : KHOZA', u' ', 62.0, u'']
check 'DPPA301_SEM1_2018' 'DPPA301'
processXLS: only for SEM2 [u'DPPA301_SEM1_2018', u'TEMPLATE_2018', u'DPPA301', u'DIAGNOSTIC PRAC & PROCEDURES IIA', u'BHDRD1', u'BHSC IN DIAGNOSTIC RADIOGRAPHY', u'21', u'SEMESTER 1', u'D1', u'Durban Campus Full-time', u'A', u' : KHOZA', u' ', 62.0, u'']
[u'DPPB301_SEM2_2018', u'TEMPLATE_2018', u'DPPB301', u'DIAGNOSTIC PRAC & PROCEDURES IIB', u'BHDRD1', u'BHSC IN DIAGNOSTIC RADIOGRAPHY', u'22', u'SEMESTER 2', u'D1', u'Durban Campus Full-time', u'A', u' : KHOZA', u' ', 62.0, u'']
check 'DPPB301_SEM2_2018' 'DPPB301'
adding  DPPB301
requesting:  http://10.0.100.98:8000/bbinfo/matching_courses/DPPB301%25
r= <Response [200]>
matching classes= set([u'DPPB301_SEM2_2018'])
[u'', u'', u'', u'', u'', u'', u'', u'', u'', u'', u'', u'', u'', u'', u'']
check '' ''
[u'GNLP101_SEM1_2018', u'GNLP101_SEM1_2017', u'GNLP101', u'GENERAL PATHOLOGY', u'BHDRD1', u'BHSC IN DIAGNOSTIC RADIOGRAPHY', u'21', u'SEMESTER 1', u'D1', u'Durban Campus Full-time', u'A', u'40013363:ACKAH;50002517:SUNDER', u' ', 45.0, u'']
check 'GNLP101_SEM1_2018' 'GNLP101'
processXLS: only for SEM2 [u'GNLP101_SEM1_2018', u'GNLP101_SEM1_2017', u'GNLP101', u'GENERAL PATHOLOGY', u'BHDRD1', u'BHSC IN DIAGNOSTIC RADIOGRAPHY', u'21', u'SEMESTER 1', u'D1', u'Durban Campus Full-time', u'A', u'40013363:ACKAH;50002517:SUNDER', u' ', 45.0, u'']
[u'GNLP101_SEM1_2018', u'GNLP101_SEM1_2017', u'GNLP101', u'GENERAL PATHOLOGY', u'BHDSN1', u'BHSC IN DIAGNOSTIC SONOGRAPHY', u'21', u'SEMESTER 1', u'D1', u'Durban Campus Full-time', u'A', u'40013363:ACKAH;50002517:SUNDER', u' ', 6.0, u'']
check 'GNLP101_SEM1_2018' 'GNLP101'
processXLS: only for SEM2 [u'GNLP101_SEM1_2018', u'GNLP101_SEM1_2017', u'GNLP101', u'GENERAL PATHOLOGY', u'BHDSN1', u'BHSC IN DIAGNOSTIC SONOGRAPHY', u'21', u'SEMESTER 1', u'D1', u'Durban Campus Full-time', u'A', u'40013363:ACKAH;50002517:SUNDER', u' ', 6.0, u'']
[u'GNLP101_SEM1_2018', u'GNLP101_SEM1_2017', u'GNLP101', u'GENERAL PATHOLOGY', u'BHNMD1', u'BHSC IN NUCLEAR MEDICINE', u'21', u'SEMESTER 1', u'D1', u'Durban Campus Full-time', u'A', u'40013363:ACKAH;50002517:SUNDER', u' ', 6.0, u'']
check 'GNLP101_SEM1_2018' 'GNLP101'
processXLS: only for SEM2 [u'GNLP101_SEM1_2018', u'GNLP101_SEM1_2017', u'GNLP101', u'GENERAL PATHOLOGY', u'BHNMD1', u'BHSC IN NUCLEAR MEDICINE', u'21', u'SEMESTER 1', u'D1', u'Durban Campus Full-time', u'A', u'40013363:ACKAH;50002517:SUNDER', u' ', 6.0, u'']
[u'GNLP101_SEM1_2018', u'GNLP101_SEM1_2017', u'GNLP101', u'GENERAL PATHOLOGY', u'BHRDT1', u'BHSC IN RADIOTHERAPY', u'21', u'SEMESTER 1', u'D1', u'Durban Campus Full-time', u'A', u'40013363:ACKAH;50002517:SUNDER', u' ', 9.0, u'']
check 'GNLP101_SEM1_2018' 'GNLP101'
processXLS: only for SEM2 [u'GNLP101_SEM1_2018', u'GNLP101_SEM1_2017', u'GNLP101', u'GENERAL PATHOLOGY', u'BHRDT1', u'BHSC IN RADIOTHERAPY', u'21', u'SEMESTER 1', u'D1', u'Durban Campus Full-time', u'A', u'40013363:ACKAH;50002517:SUNDER', u' ', 9.0, u'']
[u'', u'', u'', u'', u'', u'', u'', u'', u'', u'', u'', u'', u'', u'', u'']
check '' ''
[u'HSRS101_SEM2_2018', u'HSRS101_SEM2_2017', u'HSRS101', u'HEALTH SCIENCES RESEARCH I', u'BHDRD1', u'BHSC IN DIAGNOSTIC RADIOGRAPHY', 22.0, u'SEMESTER 1', u'D1', u'Durban Campus Full-time', u'A', u'50002517: SUNDER; ', u' ', 45.0, u'']
check 'HSRS101_SEM2_2018' 'HSRS101'
processXLS: only for SEM2 [u'HSRS101_SEM2_2018', u'HSRS101_SEM2_2017', u'HSRS101', u'HEALTH SCIENCES RESEARCH I', u'BHDRD1', u'BHSC IN DIAGNOSTIC RADIOGRAPHY', 22.0, u'SEMESTER 1', u'D1', u'Durban Campus Full-time', u'A', u'50002517: SUNDER; ', u' ', 45.0, u'']
[u'HSRS101_SEM2_2018', u'HSRS101_SEM2_2017', u'HSRS101', u'HEALTH SCIENCES RESEARCH I', u'BHDSN1', u'BHSC IN DIAGNOSTIC SONOGRAPHY', 22.0, u'SEMESTER 1', u'D1', u'Durban Campus Full-time', u'A', u'50002517: SUNDER; ', u' ', 6.0, u'']
check 'HSRS101_SEM2_2018' 'HSRS101'
processXLS: only for SEM2 [u'HSRS101_SEM2_2018', u'HSRS101_SEM2_2017', u'HSRS101', u'HEALTH SCIENCES RESEARCH I', u'BHDSN1', u'BHSC IN DIAGNOSTIC SONOGRAPHY', 22.0, u'SEMESTER 1', u'D1', u'Durban Campus Full-time', u'A', u'50002517: SUNDER; ', u' ', 6.0, u'']
[u'HSRS101_SEM2_2018', u'HSRS101_SEM2_2017', u'HSRS101', u'HEALTH SCIENCES RESEARCH I', u'BHNMD1', u'BHSC IN NUCLEAR MEDICINE', 22.0, u'SEMESTER 1', u'D1', u'Durban Campus Full-time', u'A', u'50002517: SUNDER; ', u' ', 6.0, u'']
check 'HSRS101_SEM2_2018' 'HSRS101'
processXLS: only for SEM2 [u'HSRS101_SEM2_2018', u'HSRS101_SEM2_2017', u'HSRS101', u'HEALTH SCIENCES RESEARCH I', u'BHNMD1', u'BHSC IN NUCLEAR MEDICINE', 22.0, u'SEMESTER 1', u'D1', u'Durban Campus Full-time', u'A', u'50002517: SUNDER; ', u' ', 6.0, u'']
[u'HSRS101_SEM2_2018', u'HSRS101_SEM2_2017', u'HSRS101', u'HEALTH SCIENCES RESEARCH I', u'BHRDT1', u'BHSC IN RADIOTHERAPY', 22.0, u'SEMESTER 1', u'D1', u'Durban Campus Full-time', u'A', u'50002517: SUNDER; ', u' ', 9.0, u'']
check 'HSRS101_SEM2_2018' 'HSRS101'
processXLS: only for SEM2 [u'HSRS101_SEM2_2018', u'HSRS101_SEM2_2017', u'HSRS101', u'HEALTH SCIENCES RESEARCH I', u'BHRDT1', u'BHSC IN RADIOTHERAPY', 22.0, u'SEMESTER 1', u'D1', u'Durban Campus Full-time', u'A', u'50002517: SUNDER; ', u' ', 9.0, u'']
[u'', u'', u'', u'', u'', u'', u'', u'', u'', u'', u'', u'', u'', u'', u'']
check '' ''
[u'HSRS201_SEM2_2018', u'TEMPLATE_2018', u'HSRS201', u'HEALTH SCIENCES RESEARCH I', u'BHDRD1', u'BHSC IN DIAGNOSTIC RADIOGRAPHY', 22.0, u'SEMESTER 2', u'D1', u'Durban Campus Full-time', u'A', u'50002059: MOTAUNG', u' ', 45.0, u'']
check 'HSRS201_SEM2_2018' 'HSRS201'
processXLS: only for SEM2 [u'HSRS201_SEM2_2018', u'TEMPLATE_2018', u'HSRS201', u'HEALTH SCIENCES RESEARCH I', u'BHDRD1', u'BHSC IN DIAGNOSTIC RADIOGRAPHY', 22.0, u'SEMESTER 2', u'D1', u'Durban Campus Full-time', u'A', u'50002059: MOTAUNG', u' ', 45.0, u'']
[u'HSRS201_SEM2_2018', u'TEMPLATE_2018', u'HSRS201', u'HEALTH SCIENCES RESEARCH I', u'BHDSN1', u'BHSC IN DIAGNOSTIC SONOGRAPHY', 22.0, u'SEMESTER 2', u'D1', u'Durban Campus Full-time', u'A', u'50002059: MOTAUNG', u' ', 6.0, u'']
check 'HSRS201_SEM2_2018' 'HSRS201'
processXLS: only for SEM2 [u'HSRS201_SEM2_2018', u'TEMPLATE_2018', u'HSRS201', u'HEALTH SCIENCES RESEARCH I', u'BHDSN1', u'BHSC IN DIAGNOSTIC SONOGRAPHY', 22.0, u'SEMESTER 2', u'D1', u'Durban Campus Full-time', u'A', u'50002059: MOTAUNG', u' ', 6.0, u'']
[u'HSRS201_SEM2_2018', u'TEMPLATE_2018', u'HSRS201', u'HEALTH SCIENCES RESEARCH I', u'BHNMD1', u'BHSC IN NUCLEAR MEDICINE', 22.0, u'SEMESTER 2', u'D1', u'Durban Campus Full-time', u'A', u'50002059: MOTAUNG', u' ', 6.0, u'']
check 'HSRS201_SEM2_2018' 'HSRS201'
processXLS: only for SEM2 [u'HSRS201_SEM2_2018', u'TEMPLATE_2018', u'HSRS201', u'HEALTH SCIENCES RESEARCH I', u'BHNMD1', u'BHSC IN NUCLEAR MEDICINE', 22.0, u'SEMESTER 2', u'D1', u'Durban Campus Full-time', u'A', u'50002059: MOTAUNG', u' ', 6.0, u'']
[u'HSRS201_SEM2_2018', u'TEMPLATE_2018', u'HSRS201', u'HEALTH SCIENCES RESEARCH I', u'BHRDT1', u'BHSC IN RADIOTHERAPY', 22.0, u'SEMESTER 2', u'D1', u'Durban Campus Full-time', u'A', u'50002059: MOTAUNG', u' ', 9.0, u'']
check 'HSRS201_SEM2_2018' 'HSRS201'
processXLS: only for SEM2 [u'HSRS201_SEM2_2018', u'TEMPLATE_2018', u'HSRS201', u'HEALTH SCIENCES RESEARCH I', u'BHRDT1', u'BHSC IN RADIOTHERAPY', 22.0, u'SEMESTER 2', u'D1', u'Durban Campus Full-time', u'A', u'50002059: MOTAUNG', u' ', 9.0, u'']
[u'', u'TEMPLATE_2018', u'', u'', u'', u'', u'', u'', u'', u'', u'', u'', u'', u'', u'']
check '' ''
[u'MNHP101_SEM1_2018', u'TEMPLATE_2018', u'MNHP101', u'HEALTH SCIENCES RESEARCH I', u'BHDRD1', u'BHSC IN DIAGNOSTIC RADIOGRAPHY', 21.0, u'SEMESTER 1', u'D1', u'Durban Campus Full-time', u'A', u'50002059: MOTAUNG', u' ', 45.0, u'']
check 'MNHP101_SEM1_2018' 'MNHP101'
processXLS: only for SEM2 [u'MNHP101_SEM1_2018', u'TEMPLATE_2018', u'MNHP101', u'HEALTH SCIENCES RESEARCH I', u'BHDRD1', u'BHSC IN DIAGNOSTIC RADIOGRAPHY', 21.0, u'SEMESTER 1', u'D1', u'Durban Campus Full-time', u'A', u'50002059: MOTAUNG', u' ', 45.0, u'']
[u'MNHP101_SEM1_2018', u'TEMPLATE_2018', u'MNHP101', u'HEALTH SCIENCES RESEARCH I', u'BHDSN1', u'BHSC IN DIAGNOSTIC SONOGRAPHY', 21.0, u'SEMESTER 1', u'D1', u'Durban Campus Full-time', u'A', u'50002059: MOTAUNG', u' ', 6.0, u'']
check 'MNHP101_SEM1_2018' 'MNHP101'
processXLS: only for SEM2 [u'MNHP101_SEM1_2018', u'TEMPLATE_2018', u'MNHP101', u'HEALTH SCIENCES RESEARCH I', u'BHDSN1', u'BHSC IN DIAGNOSTIC SONOGRAPHY', 21.0, u'SEMESTER 1', u'D1', u'Durban Campus Full-time', u'A', u'50002059: MOTAUNG', u' ', 6.0, u'']
[u'MNHP101_SEM1_2018', u'TEMPLATE_2018', u'MNHP101', u'HEALTH SCIENCES RESEARCH I', u'BHNMD1', u'BHSC IN NUCLEAR MEDICINE', 21.0, u'SEMESTER 1', u'D1', u'Durban Campus Full-time', u'A', u'50002059: MOTAUNG', u' ', 6.0, u'']
check 'MNHP101_SEM1_2018' 'MNHP101'
processXLS: only for SEM2 [u'MNHP101_SEM1_2018', u'TEMPLATE_2018', u'MNHP101', u'HEALTH SCIENCES RESEARCH I', u'BHNMD1', u'BHSC IN NUCLEAR MEDICINE', 21.0, u'SEMESTER 1', u'D1', u'Durban Campus Full-time', u'A', u'50002059: MOTAUNG', u' ', 6.0, u'']
[u'MNHP101_SEM1_2018', u'TEMPLATE_2018', u'MNHP101', u'HEALTH SCIENCES RESEARCH I', u'BHRDT1', u'BHSC IN RADIOTHERAPY', 21.0, u'SEMESTER 1', u'D1', u'Durban Campus Full-time', u'A', u'50002059: MOTAUNG', u' ', 9.0, u'']
check 'MNHP101_SEM1_2018' 'MNHP101'
processXLS: only for SEM2 [u'MNHP101_SEM1_2018', u'TEMPLATE_2018', u'MNHP101', u'HEALTH SCIENCES RESEARCH I', u'BHRDT1', u'BHSC IN RADIOTHERAPY', 21.0, u'SEMESTER 1', u'D1', u'Durban Campus Full-time', u'A', u'50002059: MOTAUNG', u' ', 9.0, u'']
[u'', u'', u'', u'', u'', u'', u'', u'', u'', u'', u'', u'', u'', u'', u'']
check '' ''
[u'NMIS101_SEM2_2018', u'NMIS101_SEM2_2017', u'NMIS101', u'NUCLEAR MEDICINE IMAGING SCIENCES I', u'BHNMD1', u'BHSC IN NUCLEAR MEDICINE', u'22', u'SEMESTER 2', u'D1', u'Durban Campus Full-time', u'A', u'40014516: MOHABIR; 50001294:NAIDOO', 7.0, u'NO STUDENT', u'']
check 'NMIS101_SEM2_2018' 'NMIS101'
adding  NMIS101
requesting:  http://10.0.100.98:8000/bbinfo/matching_courses/NMIS101%25
r= <Response [200]>
matching classes= set([u'NMIS101_ALL_2016', u'NMIS101_SEM2_2018', u'NMIS101_SEM2_2017'])
[u'', u'', u'', u'', u'', u'', u'', u'', u'', u'', u'', u'', u'', u'', u'']
check '' ''
[u'NMIS201_SEM2_2018', u'NMIS201_SEM2_2017', u'NMIS201', u'NUCLEAR MEDICINE IMAGING SCIENCES II', u'BHNMD1', u'BHSC IN NUCLEAR MEDICINE', u'22', u'SEMESTER 2', u'D1', u'Durban Campus Full-time', u'A', u'40014516: MOHABIR; 50001294:NAIDOO', 7.0, 6.0, u'']
check 'NMIS201_SEM2_2018' 'NMIS201'
adding  NMIS201
requesting:  http://10.0.100.98:8000/bbinfo/matching_courses/NMIS201%25
r= <Response [200]>
matching classes= set([u'NMIS201_SEM2_2018', u'NMIS201_SEM2_2017'])
[u'', u'', u'', u'', u'', u'', u'', u'', u'', u'', u'', u'', u'', u'', u'']
check '' ''
[u'NMIS301_SEM1_2018', u'TEMPLATE_2018', u'NMIS301', u'NUCLEAR MEDICINE IMAGING SCIENCES II', u'BHNMD1', u'BHSC IN NUCLEAR MEDICINE', 21.0, u'SEMESTER 1', u'D1', u'Durban Campus Full-time', u'A', u'50001294:NAIDOO', 7.0, 6.0, u'']
check 'NMIS301_SEM1_2018' 'NMIS301'
processXLS: only for SEM2 [u'NMIS301_SEM1_2018', u'TEMPLATE_2018', u'NMIS301', u'NUCLEAR MEDICINE IMAGING SCIENCES II', u'BHNMD1', u'BHSC IN NUCLEAR MEDICINE', 21.0, u'SEMESTER 1', u'D1', u'Durban Campus Full-time', u'A', u'50001294:NAIDOO', 7.0, 6.0, u'']
[u'', u'', u'', u'', u'', u'', u'', u'', u'', u'', u'', u'', u'', u'', u'']
check '' ''
[u'NMPA101_SEM1_2018', u'NMPA101_SEM1_2017', u'NMPA101', u'NUCLEAR MEDICINE PRAC & PROC IA', u'BHNMD1', u'BHSC IN NUCLEAR MEDICINE', u'21', u'SEMESTER 1', u'D1', u'Durban Campus Full-time', u'A', u'40014237: KHAN; 50001294:NAIDOO', 7.0, 1.0, u'']
check 'NMPA101_SEM1_2018' 'NMPA101'
processXLS: only for SEM2 [u'NMPA101_SEM1_2018', u'NMPA101_SEM1_2017', u'NMPA101', u'NUCLEAR MEDICINE PRAC & PROC IA', u'BHNMD1', u'BHSC IN NUCLEAR MEDICINE', u'21', u'SEMESTER 1', u'D1', u'Durban Campus Full-time', u'A', u'40014237: KHAN; 50001294:NAIDOO', 7.0, 1.0, u'']
[u'NMPB101_SEM2_2018', u'NMPB101_SEM2_2017', u'NMPB101', u'NUCLEAR MEDICINE PRAC & PROC IB', u'BHNMD1', u'BHSC IN NUCLEAR MEDICINE', u'22', u'SEMESTER 2', u'D1', u'Durban Campus Full-time', u'A', u'40014237: KHAN; 50001294:NAIDOO', 7.0, 1.0, u'']
check 'NMPB101_SEM2_2018' 'NMPB101'
adding  NMPB101
requesting:  http://10.0.100.98:8000/bbinfo/matching_courses/NMPB101%25
r= <Response [200]>
matching classes= set([u'NMPB101_ALL_2016', u'NMPB101_SEM2_2018', u'NMPB101_SEM2_2017'])
[u'', u'', u'', u'', u'', u'', u'', u'', u'', u'', u'', u'', u'', u'', u'']
check '' ''
[u'NMPA201_SEM1_2018', u'NMPA201_SEM1_2017', u'NMPA201', u'NUCLEAR MEDICINE PRAC & PROC IIA', u'BHNMD1', u'BHSC IN NUCLEAR MEDICINE', u'21', u'SEMESTER 1', u'D1', u'Durban Campus Full-time', u'A', u'40014237: KHAN; 50001294:NAIDOO', 7.0, 6.0, u'']
check 'NMPA201_SEM1_2018' 'NMPA201'
processXLS: only for SEM2 [u'NMPA201_SEM1_2018', u'NMPA201_SEM1_2017', u'NMPA201', u'NUCLEAR MEDICINE PRAC & PROC IIA', u'BHNMD1', u'BHSC IN NUCLEAR MEDICINE', u'21', u'SEMESTER 1', u'D1', u'Durban Campus Full-time', u'A', u'40014237: KHAN; 50001294:NAIDOO', 7.0, 6.0, u'']
[u'NMPB201_SEM2_2018', u'NMPB201_SEM2_2017', u'NMPB201', u'NUCLEAR MEDICINE PRAC & PROC IIB', u'BHNMD1', u'BHSC IN NUCLEAR MEDICINE', u'22', u'SEMESTER 2', u'D1', u'Durban Campus Full-time', u'A', u'40014237: KHAN; 50001294:NAIDOO', 7.0, 6.0, u'']
check 'NMPB201_SEM2_2018' 'NMPB201'
adding  NMPB201
requesting:  http://10.0.100.98:8000/bbinfo/matching_courses/NMPB201%25
r= <Response [200]>
matching classes= set([u'NMPB201_SEM2_2017', u'NMPB201_SEM2_2018'])
[u'', u'', u'', u'', u'', u'', u'', u'', u'', u'', u'', u'', u'', u'', u'']
check '' ''
[u'NMPA301_SEM1_2018', u'TEMPLATE_2018', u'NMPA301', u'NUCLEAR MEDICINE PRAC & PROC IIA', u'BHNMD1', u'BHSC IN NUCLEAR MEDICINE', u'21', u'SEMESTER 1', u'D1', u'Durban Campus Full-time', u'A', u'40014237: KHAN; 50001294:NAIDOO', 7.0, 6.0, u'']
check 'NMPA301_SEM1_2018' 'NMPA301'
processXLS: only for SEM2 [u'NMPA301_SEM1_2018', u'TEMPLATE_2018', u'NMPA301', u'NUCLEAR MEDICINE PRAC & PROC IIA', u'BHNMD1', u'BHSC IN NUCLEAR MEDICINE', u'21', u'SEMESTER 1', u'D1', u'Durban Campus Full-time', u'A', u'40014237: KHAN; 50001294:NAIDOO', 7.0, 6.0, u'']
[u'NMPB301_SEM2_2018', u'TEMPLATE_2018', u'NMPB301', u'NUCLEAR MEDICINE PRAC & PROC IIB', u'BHNMD1', u'BHSC IN NUCLEAR MEDICINE', u'22', u'SEMESTER 2', u'D1', u'Durban Campus Full-time', u'A', u'40014237: KHAN; 50001294:NAIDOO', 7.0, 6.0, u'']
check 'NMPB301_SEM2_2018' 'NMPB301'
adding  NMPB301
requesting:  http://10.0.100.98:8000/bbinfo/matching_courses/NMPB301%25
r= <Response [200]>
matching classes= set([u'NMPB301_SEM2_2018'])
[u'', u'', u'', u'', u'', u'', u'', u'', u'', u'', u'', u'', u'', u'', u'']
check '' ''
[u'PPRM101_SEM2_2018', u'TEMPLATE_2018', u'PPRM101', u'PROF PRAC AND MANAGEMENT I', u'BHDRD1', u'BHSC IN DIAGNOSTIC RADIOGRAPHY', 22.0, u'SEMESTER 2', u'D1', u'Durban Campus Full-time', u'A', u'40013363:ACKAH', 49.0, 62.0, u'']
check 'PPRM101_SEM2_2018' 'PPRM101'
processXLS: only for SEM2 [u'PPRM101_SEM2_2018', u'TEMPLATE_2018', u'PPRM101', u'PROF PRAC AND MANAGEMENT I', u'BHDRD1', u'BHSC IN DIAGNOSTIC RADIOGRAPHY', 22.0, u'SEMESTER 2', u'D1', u'Durban Campus Full-time', u'A', u'40013363:ACKAH', 49.0, 62.0, u'']
[u'PPRM101_SEM2_2018', u'TEMPLATE_2018', u'PPRM101', u'PROF PRAC AND MANAGEMENT I', u'BHDSN1', u'BHSC IN DIAGNOSTIC SONOGRAPHY', 22.0, u'SEMESTER 2', u'D1', u'Durban Campus Full-time', u'A', u'40013363:ACKAH', 7.0, 0.0, u'']
check 'PPRM101_SEM2_2018' 'PPRM101'
processXLS: only for SEM2 [u'PPRM101_SEM2_2018', u'TEMPLATE_2018', u'PPRM101', u'PROF PRAC AND MANAGEMENT I', u'BHDSN1', u'BHSC IN DIAGNOSTIC SONOGRAPHY', 22.0, u'SEMESTER 2', u'D1', u'Durban Campus Full-time', u'A', u'40013363:ACKAH', 7.0, 0.0, u'']
[u'PPRM101_SEM2_2018', u'PPRM101_SEM1_2017', u'PPRM101', u'PROF PRAC AND MANAGEMENT I', u'BHNMD1', u'BHSC IN NUCLEAR MEDICINE', 22.0, u'SEMESTER 1', u'D1', u'Durban Campus Full-time', u'A', u'40013363:ACKAH', 7.0, 0.0, u'']
check 'PPRM101_SEM2_2018' 'PPRM101'
processXLS: only for SEM2 [u'PPRM101_SEM2_2018', u'PPRM101_SEM1_2017', u'PPRM101', u'PROF PRAC AND MANAGEMENT I', u'BHNMD1', u'BHSC IN NUCLEAR MEDICINE', 22.0, u'SEMESTER 1', u'D1', u'Durban Campus Full-time', u'A', u'40013363:ACKAH', 7.0, 0.0, u'']
[u'PPRM101_SEM2_2018', u'PPRM101_SEM1_2017', u'PPRM101', u'PROF PRAC AND MANAGEMENT I', u'BHRDT1', u'BHSC IN RADIOTHERAPY', 22.0, u'SEMESTER 1', u'D1', u'Durban Campus Full-time', u'A', u'40013363:ACKAH', 10.0, 0.0, u'']
check 'PPRM101_SEM2_2018' 'PPRM101'
processXLS: only for SEM2 [u'PPRM101_SEM2_2018', u'PPRM101_SEM1_2017', u'PPRM101', u'PROF PRAC AND MANAGEMENT I', u'BHRDT1', u'BHSC IN RADIOTHERAPY', 22.0, u'SEMESTER 1', u'D1', u'Durban Campus Full-time', u'A', u'40013363:ACKAH', 10.0, 0.0, u'']
[u'', u'', u'', u'', u'', u'', u'', u'', u'', u'', u'', u'', u'', u'', u'']
check '' ''
[u'PPRM201_SEM1_2018', u'PPRM201_SEM1_2017', u'PPRM201', u'PROF PRAC AND MANAGEMENT II', u'BHDRD1', u'BHSC IN DIAGNOSTIC RADIOGRAPHY', u'21', u'SEMESTER 1', u'D1', u'Durban Campus Full-time', u'A', u'40013363:ACKAH', 49.0, 45.0, u'']
check 'PPRM201_SEM1_2018' 'PPRM201'
processXLS: only for SEM2 [u'PPRM201_SEM1_2018', u'PPRM201_SEM1_2017', u'PPRM201', u'PROF PRAC AND MANAGEMENT II', u'BHDRD1', u'BHSC IN DIAGNOSTIC RADIOGRAPHY', u'21', u'SEMESTER 1', u'D1', u'Durban Campus Full-time', u'A', u'40013363:ACKAH', 49.0, 45.0, u'']
[u'PPRM201_SEM1_2018', u'PPRM201_SEM1_2017', u'PPRM201', u'PROF PRAC AND MANAGEMENT II', u'BHDSN1', u'BHSC IN DIAGNOSTIC SONOGRAPHY', u'21', u'SEMESTER 1', u'D1', u'Durban Campus Full-time', u'A', u'40013363:ACKAH', 7.0, 6.0, u'']
check 'PPRM201_SEM1_2018' 'PPRM201'
processXLS: only for SEM2 [u'PPRM201_SEM1_2018', u'PPRM201_SEM1_2017', u'PPRM201', u'PROF PRAC AND MANAGEMENT II', u'BHDSN1', u'BHSC IN DIAGNOSTIC SONOGRAPHY', u'21', u'SEMESTER 1', u'D1', u'Durban Campus Full-time', u'A', u'40013363:ACKAH', 7.0, 6.0, u'']
[u'PPRM201_SEM1_2018', u'PPRM201_SEM1_2017', u'PPRM201', u'PROF PRAC AND MANAGEMENT II', u'BHNMD1', u'BHSC IN NUCLEAR MEDICINE', u'21', u'SEMESTER 1', u'D1', u'Durban Campus Full-time', u'A', u'40013363:ACKAH', 7.0, 6.0, u'']
check 'PPRM201_SEM1_2018' 'PPRM201'
processXLS: only for SEM2 [u'PPRM201_SEM1_2018', u'PPRM201_SEM1_2017', u'PPRM201', u'PROF PRAC AND MANAGEMENT II', u'BHNMD1', u'BHSC IN NUCLEAR MEDICINE', u'21', u'SEMESTER 1', u'D1', u'Durban Campus Full-time', u'A', u'40013363:ACKAH', 7.0, 6.0, u'']
[u'PPRM201_SEM1_2018', u'PPRM201_SEM1_2017', u'PPRM201', u'PROF PRAC AND MANAGEMENT II', u'BHRDT1', u'BHSC IN RADIOTHERAPY', u'21', u'SEMESTER 1', u'D1', u'Durban Campus Full-time', u'A', u'40013363:ACKAH', 10.0, 9.0, u'']
check 'PPRM201_SEM1_2018' 'PPRM201'
processXLS: only for SEM2 [u'PPRM201_SEM1_2018', u'PPRM201_SEM1_2017', u'PPRM201', u'PROF PRAC AND MANAGEMENT II', u'BHRDT1', u'BHSC IN RADIOTHERAPY', u'21', u'SEMESTER 1', u'D1', u'Durban Campus Full-time', u'A', u'40013363:ACKAH', 10.0, 9.0, u'']
[u'', u'', u'', u'', u'', u'', u'', u'', u'', u'', u'', u'', u'', u'', u'']
check '' ''
[u'PPRM301_SEM1_2018', u'TEMPLATE_2018', u'PPRM301', u'PROF PRAC AND MANAGEMENT II', u'BHDRD1', u'BHSC IN DIAGNOSTIC RADIOGRAPHY', u'21', u'SEMESTER 1', u'D1', u'Durban Campus Full-time', u'A', u'50002517: SUNDER', 49.0, 45.0, u'']
check 'PPRM301_SEM1_2018' 'PPRM301'
processXLS: only for SEM2 [u'PPRM301_SEM1_2018', u'TEMPLATE_2018', u'PPRM301', u'PROF PRAC AND MANAGEMENT II', u'BHDRD1', u'BHSC IN DIAGNOSTIC RADIOGRAPHY', u'21', u'SEMESTER 1', u'D1', u'Durban Campus Full-time', u'A', u'50002517: SUNDER', 49.0, 45.0, u'']
[u'PPRM301_SEM1_2018', u'TEMPLATE_2018', u'PPRM301', u'PROF PRAC AND MANAGEMENT II', u'BHDSN1', u'BHSC IN DIAGNOSTIC SONOGRAPHY', u'21', u'SEMESTER 1', u'D1', u'Durban Campus Full-time', u'A', u'50002517: SUNDER', 7.0, 6.0, u'']
check 'PPRM301_SEM1_2018' 'PPRM301'
processXLS: only for SEM2 [u'PPRM301_SEM1_2018', u'TEMPLATE_2018', u'PPRM301', u'PROF PRAC AND MANAGEMENT II', u'BHDSN1', u'BHSC IN DIAGNOSTIC SONOGRAPHY', u'21', u'SEMESTER 1', u'D1', u'Durban Campus Full-time', u'A', u'50002517: SUNDER', 7.0, 6.0, u'']
[u'PPRM301_SEM1_2018', u'TEMPLATE_2018', u'PPRM301', u'PROF PRAC AND MANAGEMENT II', u'BHNMD1', u'BHSC IN NUCLEAR MEDICINE', u'21', u'SEMESTER 1', u'D1', u'Durban Campus Full-time', u'A', u'50002517: SUNDER', 7.0, 6.0, u'']
check 'PPRM301_SEM1_2018' 'PPRM301'
processXLS: only for SEM2 [u'PPRM301_SEM1_2018', u'TEMPLATE_2018', u'PPRM301', u'PROF PRAC AND MANAGEMENT II', u'BHNMD1', u'BHSC IN NUCLEAR MEDICINE', u'21', u'SEMESTER 1', u'D1', u'Durban Campus Full-time', u'A', u'50002517: SUNDER', 7.0, 6.0, u'']
[u'PPRM301_SEM1_2018', u'TEMPLATE_2018', u'PPRM301', u'PROF PRAC AND MANAGEMENT II', u'BHRDT1', u'BHSC IN RADIOTHERAPY', u'21', u'SEMESTER 1', u'D1', u'Durban Campus Full-time', u'A', u'50002517: SUNDER', 10.0, 9.0, u'']
check 'PPRM301_SEM1_2018' 'PPRM301'
processXLS: only for SEM2 [u'PPRM301_SEM1_2018', u'TEMPLATE_2018', u'PPRM301', u'PROF PRAC AND MANAGEMENT II', u'BHRDT1', u'BHSC IN RADIOTHERAPY', u'21', u'SEMESTER 1', u'D1', u'Durban Campus Full-time', u'A', u'50002517: SUNDER', 10.0, 9.0, u'']
[u'', u'', u'', u'', u'', u'', u'', u'', u'', u'', u'', u'', u'', u'', u'']
check '' ''
[u'RPPA101_SEM1_2018', u'RPPA101_SEM1_2017', u'RPPA101', u'RADIOTHERAPY PRAC & PROC IA', u'BHRDT1', u'BHSC IN RADIOTHERAPY', u'21', u'SEMESTER 1', u'D1', u'Durban Campus Full-time', u'A', u'40010881: NKOSI (NOMNGA) ', 10.0, 0.0, u'']
check 'RPPA101_SEM1_2018' 'RPPA101'
processXLS: only for SEM2 [u'RPPA101_SEM1_2018', u'RPPA101_SEM1_2017', u'RPPA101', u'RADIOTHERAPY PRAC & PROC IA', u'BHRDT1', u'BHSC IN RADIOTHERAPY', u'21', u'SEMESTER 1', u'D1', u'Durban Campus Full-time', u'A', u'40010881: NKOSI (NOMNGA) ', 10.0, 0.0, u'']
[u'RPPB101_SEM2_2018', u'RPPB101_SEM2_2017', u'RPPB101', u'RADIOTHERAPY PRAC & PROC IB', u'BHRDT1', u'BHSC IN RADIOTHERAPY', u'22', u'SEMESTER 2', u'D1', u'Durban Campus Full-time', u'A', u'40010881: NKOSI (NOMNGA) ', 10.0, 0.0, u'']
check 'RPPB101_SEM2_2018' 'RPPB101'
adding  RPPB101
requesting:  http://10.0.100.98:8000/bbinfo/matching_courses/RPPB101%25
r= <Response [200]>
matching classes= set([u'RPPB101_SEM2_2017', u'RPPB101_SEM2_2018'])
[u'', u'', u'', u'', u'', u'', u'', u'', u'', u'', u'', u'', u'', u'', u'']
check '' ''
[u'RPPA201_SEM1_2018', u'RPPA201_SEM1_2017', u'RPPA201', u'RADIOTHERAPY PRAC & PROC IIA', u'BHRDT1', u'BHSC IN RADIOTHERAPY', u'21', u'SEMESTER 1', u'D1', u'Durban Campus Full-time', u'A', u'40010881: NKOSI (NOMNGA) ', u' ', 9.0, u'']
check 'RPPA201_SEM1_2018' 'RPPA201'
processXLS: only for SEM2 [u'RPPA201_SEM1_2018', u'RPPA201_SEM1_2017', u'RPPA201', u'RADIOTHERAPY PRAC & PROC IIA', u'BHRDT1', u'BHSC IN RADIOTHERAPY', u'21', u'SEMESTER 1', u'D1', u'Durban Campus Full-time', u'A', u'40010881: NKOSI (NOMNGA) ', u' ', 9.0, u'']
[u'RPPB201_SEM2_2018', u'RPPB201_SEM2_2017', u'RPPB201', u'RADIOTHERAPY PRAC & PROC IIB', u'BHRDT1', u'BHSC IN RADIOTHERAPY', u'22', u'SEMESTER 2', u'D1', u'Durban Campus Full-time', u'A', u'40010881: NKOSI (NOMNGA) ', u' ', 9.0, u'']
check 'RPPB201_SEM2_2018' 'RPPB201'
adding  RPPB201
requesting:  http://10.0.100.98:8000/bbinfo/matching_courses/RPPB201%25
r= <Response [200]>
matching classes= set([u'RPPB201_SEM2_2018', u'RPPB201_SEM2_2017'])
[u'', u'', u'', u'', u'', u'', u'', u'', u'', u'', u'', u'', u'', u'', u'']
check '' ''
[u'RPPA301_SEM1_2018', u'TEMPLATE_2018', u'RPPA301', u'RADIOTHERAPY PRAC & PROC IIA', u'BHRDT1', u'BHSC IN RADIOTHERAPY', u'21', u'SEMESTER 1', u'D1', u'Durban Campus Full-time', u'A', u'40010881: NKOSI (NOMNGA) ', u' ', 9.0, u'']
check 'RPPA301_SEM1_2018' 'RPPA301'
processXLS: only for SEM2 [u'RPPA301_SEM1_2018', u'TEMPLATE_2018', u'RPPA301', u'RADIOTHERAPY PRAC & PROC IIA', u'BHRDT1', u'BHSC IN RADIOTHERAPY', u'21', u'SEMESTER 1', u'D1', u'Durban Campus Full-time', u'A', u'40010881: NKOSI (NOMNGA) ', u' ', 9.0, u'']
[u'RPPB301_SEM2_2018', u'TEMPLATE_2018', u'RPPB301', u'RADIOTHERAPY PRAC & PROC IIB', u'BHRDT1', u'BHSC IN RADIOTHERAPY', u'22', u'SEMESTER 2', u'D1', u'Durban Campus Full-time', u'A', u'40010881: NKOSI (NOMNGA) ', u' ', 9.0, u'']
check 'RPPB301_SEM2_2018' 'RPPB301'
adding  RPPB301
requesting:  http://10.0.100.98:8000/bbinfo/matching_courses/RPPB301%25
r= <Response [200]>
matching classes= set([u'RPPB301_SEM2_2018'])
[u'', u'', u'', u'', u'', u'', u'', u'', u'', u'', u'', u'', u'', u'', u'']
check '' ''
[u'RTSC101_SEM2_2018', u'RTSC101_SEM2_2017', u'RTSC101', u'RADIATION TREATMENT SCIENCES I', u'BHRDT1', u'BHSC IN RADIOTHERAPY', u'22', u'SEMESTER 2', u'D1', u'Durban Campus Full-time', u'A', u'40010881: NKOSI (NOMNGA) ', 10.0, 1.0, u'']
check 'RTSC101_SEM2_2018' 'RTSC101'
adding  RTSC101
requesting:  http://10.0.100.98:8000/bbinfo/matching_courses/RTSC101%25
r= <Response [200]>
matching classes= set([u'RTSC101_SEM2_2017', u'RTSC101_SEM2_2018'])
[u'', u'', u'', u'', u'', u'', u'', u'', u'', u'', u'', u'', u'', u'', u'']
check '' ''
[u'RTSC201_SEM2_2018', u'RTSC201_SEM2_2017', u'RTSC201', u'RADIATION TREATMENT SCIENCES II', u'BHRDT1', u'BHSC IN RADIOTHERAPY', u'22', u'SEMESTER 2', u'D1', u'Durban Campus Full-time', u'A', u'40007701:LEBEOA; 40010881: NKOSI (NOMNGA) ', 10.0, u'', u'']
check 'RTSC201_SEM2_2018' 'RTSC201'
adding  RTSC201
requesting:  http://10.0.100.98:8000/bbinfo/matching_courses/RTSC201%25
r= <Response [200]>
matching classes= set([u'RTSC201_SEM2_2018', u'RTSC201_SEM2_2017'])
[u'', u'', u'', u'', u'', u'', u'', u'', u'', u'', u'', u'', u'', u'', u'']
check '' ''
[u'RTSC301_SEM1_2018', u'TEMPLATE_2018', u'RTSC301', u'RADIATION TREATMENT SCIENCES II', u'BHRDT1', u'BHSC IN RADIOTHERAPY', 21.0, u'SEMESTER 1', u'D1', u'Durban Campus Full-time', u'A', u'40010128: MDLETSHE; 40010881: NKOSI (NOMNGA) ', 10.0, u'', u'']
check 'RTSC301_SEM1_2018' 'RTSC301'
processXLS: only for SEM2 [u'RTSC301_SEM1_2018', u'TEMPLATE_2018', u'RTSC301', u'RADIATION TREATMENT SCIENCES II', u'BHRDT1', u'BHSC IN RADIOTHERAPY', 21.0, u'SEMESTER 1', u'D1', u'Durban Campus Full-time', u'A', u'40010128: MDLETSHE; 40010881: NKOSI (NOMNGA) ', 10.0, u'', u'']
[u'', u'', u'', u'', u'', u'', u'', u'', u'', u'', u'', u'', u'', u'', u'']
check '' ''
[u'UIMS101_SEM2_2018', u'UIMS101_SEM2_2017', u'UIMS101', u'ULTRASOUND IMAGING SCIENCES I', u'BHDSN1', u'BHSC IN DIAGNOSTIC SONOGRAPHY', u'22', u'SEMESTER 2', u'D1', u'Durban Campus Full-time', u'A', u'50001933:DLUDLA; 50002517: SUNDER', 7.0, 1.0, u'']
check 'UIMS101_SEM2_2018' 'UIMS101'
adding  UIMS101
requesting:  http://10.0.100.98:8000/bbinfo/matching_courses/UIMS101%25
r= <Response [200]>
matching classes= set([u'UIMS101_SEM2_2017', u'UIMS101_SEM2_2018'])
[u'', u'', u'', u'', u'', u'', u'', u'', u'', u'', u'', u'', u'', u'', u'']
check '' ''
[u'UIMS201_SEM2_2018', u'UIMS201_SEM2_2017', u'UIMS201', u'ULTRASOUND IMAGING SCIENCES II', u'BHDSN1', u'BHSC IN DIAGNOSTIC SONOGRAPHY', u'22', u'SEMESTER 2', u'D1', u'Durban Campus Full-time', u'A', u'50001933:DLUDLA', 7.0, 6.0, u'']
check 'UIMS201_SEM2_2018' 'UIMS201'
adding  UIMS201
requesting:  http://10.0.100.98:8000/bbinfo/matching_courses/UIMS201%25
r= <Response [200]>
matching classes= set([u'UIMS201_SEM2_2018', u'UIMS201_SEM2_2017'])
[u'', u'', u'', u'', u'', u'', u'', u'', u'', u'', u'', u'', u'', u'', u'']
check '' ''
[u'UIMS301_SEM1_2018', u'TEMPLATE_2018', u'UIMS301', u'ULTRASOUND IMAGING SCIENCES II', u'BHDSN1', u'BHSC IN DIAGNOSTIC SONOGRAPHY', 21.0, u'SEMESTER 1', u'D1', u'Durban Campus Full-time', u'A', u'50001933:DLUDLA', 7.0, 6.0, u'']
check 'UIMS301_SEM1_2018' 'UIMS301'
processXLS: only for SEM2 [u'UIMS301_SEM1_2018', u'TEMPLATE_2018', u'UIMS301', u'ULTRASOUND IMAGING SCIENCES II', u'BHDSN1', u'BHSC IN DIAGNOSTIC SONOGRAPHY', 21.0, u'SEMESTER 1', u'D1', u'Durban Campus Full-time', u'A', u'50001933:DLUDLA', 7.0, 6.0, u'']
[u'', u'', u'', u'', u'', u'', u'', u'', u'', u'', u'', u'', u'', u'', u'']
check '' ''
[u'UPPA101_SEM1_2018', u'UPPA101_SEM1_2017', u'UPPA101', u'ULTRASOUND PRACTICE AND PROCEDURES IA', u'BHDSN1', u'BHSC IN DIAGNOSTIC SONOGRAPHY', u'21', u'SEMESTER 1', u'D1', u'Durban Campus Full-time', u'A', u'50001933:DLUDLA; 50002517: SUNDER', 7.0, 1.0, u'']
check 'UPPA101_SEM1_2018' 'UPPA101'
processXLS: only for SEM2 [u'UPPA101_SEM1_2018', u'UPPA101_SEM1_2017', u'UPPA101', u'ULTRASOUND PRACTICE AND PROCEDURES IA', u'BHDSN1', u'BHSC IN DIAGNOSTIC SONOGRAPHY', u'21', u'SEMESTER 1', u'D1', u'Durban Campus Full-time', u'A', u'50001933:DLUDLA; 50002517: SUNDER', 7.0, 1.0, u'']
[u'UPPB101_SEM2_2018', u'UPPB101_SEM2_2017', u'UPPB101', u'ULTRASOUND PRACTICE AND PROCEDURES IB', u'BHDSN1', u'BHSC IN DIAGNOSTIC SONOGRAPHY', u'22', u'SEMESTER 2', u'D1', u'Durban Campus Full-time', u'A', u'50001933:DLUDLA; 50002517: SUNDER', 7.0, 1.0, u'']
check 'UPPB101_SEM2_2018' 'UPPB101'
adding  UPPB101
requesting:  http://10.0.100.98:8000/bbinfo/matching_courses/UPPB101%25
r= <Response [200]>
matching classes= set([u'UPPB101_SEM2_2018', u'UPPB101_SEM2_2017'])
[u'UPPB101_SEM2_2018', u'UPPB101_SEM2_2017', u'UPPB101', u'ULTRASOUND PRACTICE AND PROCEDURES IB', u'NODIP5', u'NON-DIPLOMA PURPOSE (HLTH SC)', u'22', u'SEMESTER 2', u'D7', u'DBN FULL-TIME NON-SUBSIDISED', u'A', u'50001933:DLUDLA', 8.0, u'', u'']
check 'UPPB101_SEM2_2018' 'UPPB101'
adding  UPPB101
requesting:  http://10.0.100.98:8000/bbinfo/matching_courses/UPPB101%25
r= <Response [200]>
matching classes= set([u'UPPB101_SEM2_2018', u'UPPB101_SEM2_2017'])
[u'', u'', u'', u'', u'', u'', u'', u'', u'', u'', u'', u'', u'', u'', u'']
check '' ''
[u'UPPA201_SEM1_2018', u'UPPA201_SEM1_2017', u'UPPA201', u'ULTRASOUND PRACTICE AND PROCEDURES IIA', u'BHDSN1', u'BHSC IN DIAGNOSTIC SONOGRAPHY', u'21', u'SEMESTER 1', u'D1', u'Durban Campus Full-time', u'A', u'50001933:DLUDLA; 50002517: SUNDER', 7.0, 6.0, u'']
check 'UPPA201_SEM1_2018' 'UPPA201'
processXLS: only for SEM2 [u'UPPA201_SEM1_2018', u'UPPA201_SEM1_2017', u'UPPA201', u'ULTRASOUND PRACTICE AND PROCEDURES IIA', u'BHDSN1', u'BHSC IN DIAGNOSTIC SONOGRAPHY', u'21', u'SEMESTER 1', u'D1', u'Durban Campus Full-time', u'A', u'50001933:DLUDLA; 50002517: SUNDER', 7.0, 6.0, u'']
[u'UPPB201_SEM2_2018', u'UPPB201_SEM2_2017', u'UPPB201', u'ULTRASOUND PRACTICE AND PROCEDURES IIB', u'BHDSN1', u'BHSC IN DIAGNOSTIC SONOGRAPHY', u'22', u'SEMESTER 2', u'D1', u'Durban Campus Full-time', u'A', u'50001933:DLUDLA; 50002517: SUNDER', 7.0, 6.0, u'']
check 'UPPB201_SEM2_2018' 'UPPB201'
adding  UPPB201
requesting:  http://10.0.100.98:8000/bbinfo/matching_courses/UPPB201%25
r= <Response [200]>
matching classes= set([u'UPPB201_SEM2_2017', u'UPPB201_SEM2_2018'])
[u'', u'', u'', u'', u'', u'', u'', u'', u'', u'', u'', u'', u'', u'', u'']
check '' ''
[u'UPPA301_SEM1_2018', u'TEMPLATE_2018', u'UPPA301', u'ULTRASOUND PRACTICE AND PROCEDURES IIA', u'BHDSN1', u'BHSC IN DIAGNOSTIC SONOGRAPHY', u'21', u'SEMESTER 1', u'D1', u'Durban Campus Full-time', u'A', u'50001933:DLUDLA', 7.0, 6.0, u'']
check 'UPPA301_SEM1_2018' 'UPPA301'
processXLS: only for SEM2 [u'UPPA301_SEM1_2018', u'TEMPLATE_2018', u'UPPA301', u'ULTRASOUND PRACTICE AND PROCEDURES IIA', u'BHDSN1', u'BHSC IN DIAGNOSTIC SONOGRAPHY', u'21', u'SEMESTER 1', u'D1', u'Durban Campus Full-time', u'A', u'50001933:DLUDLA', 7.0, 6.0, u'']
[u'UPPB301_SEM2_2018', u'TEMPLATE_2018', u'UPPB301', u'ULTRASOUND PRACTICE AND PROCEDURES IIB', u'BHDSN1', u'BHSC IN DIAGNOSTIC SONOGRAPHY', u'22', u'SEMESTER 2', u'D1', u'Durban Campus Full-time', u'A', u'50001933:DLUDLA', 7.0, 6.0, u'']
check 'UPPB301_SEM2_2018' 'UPPB301'
adding  UPPB301
requesting:  http://10.0.100.98:8000/bbinfo/matching_courses/UPPB301%25
r= <Response [200]>
matching classes= set([u'UPPB301_SEM2_2018'])
[u'', u'', u'', u'', u'', u'', u'', u'', u'', u'', u'', u'', u'', u'', u'']
check '' ''
[u'RMTQ203_YEAR_2018', u'RMTQ203_YEAR_2017', u'RMTQ203', u'RESEARCH METHODS AND TECHNIQUES', u'BTRDD1', u'BT: RADIOGRAPHY: DIAGNOSTIC', u'11', u'YEAR', u'D3', u'Durban Campus Part-time', u'A', u'50008867:SWINDON;50002517:SUNDER', 39.0, 42.0, u'']
check 'RMTQ203_YEAR_2018' 'RMTQ203'
processXLS: only for SEM2 [u'RMTQ203_YEAR_2018', u'RMTQ203_YEAR_2017', u'RMTQ203', u'RESEARCH METHODS AND TECHNIQUES', u'BTRDD1', u'BT: RADIOGRAPHY: DIAGNOSTIC', u'11', u'YEAR', u'D3', u'Durban Campus Part-time', u'A', u'50008867:SWINDON;50002517:SUNDER', 39.0, 42.0, u'']
[u'RMTQ203_YEAR_2018', u'RMTQ203_YEAR_2017', u'RMTQ203', u'RESEARCH METHODS AND TECHNIQUES', u'BTRDN1', u'BT: RADIOGRAPHY: NUCLEAR MEDICINE', u'11', u'YEAR', u'D3', u'Durban Campus Part-time', u'A', u'50008867:SWINDON;50002517:SUNDER', 2.0, 0.0, u'']
check 'RMTQ203_YEAR_2018' 'RMTQ203'
processXLS: only for SEM2 [u'RMTQ203_YEAR_2018', u'RMTQ203_YEAR_2017', u'RMTQ203', u'RESEARCH METHODS AND TECHNIQUES', u'BTRDN1', u'BT: RADIOGRAPHY: NUCLEAR MEDICINE', u'11', u'YEAR', u'D3', u'Durban Campus Part-time', u'A', u'50008867:SWINDON;50002517:SUNDER', 2.0, 0.0, u'']
[u'RMTQ203_YEAR_2018', u'RMTQ203_YEAR_2017', u'RMTQ203', u'RESEARCH METHODS AND TECHNIQUES', u'BTRDT1', u'BT: RADIOGRAPHY: THERAPY', u'11', u'YEAR', u'D3', u'Durban Campus Part-time', u'A', u'50008867:SWINDON;50002517:SUNDER', 5.0, 8.0, u'']
check 'RMTQ203_YEAR_2018' 'RMTQ203'
processXLS: only for SEM2 [u'RMTQ203_YEAR_2018', u'RMTQ203_YEAR_2017', u'RMTQ203', u'RESEARCH METHODS AND TECHNIQUES', u'BTRDT1', u'BT: RADIOGRAPHY: THERAPY', u'11', u'YEAR', u'D3', u'Durban Campus Part-time', u'A', u'50008867:SWINDON;50002517:SUNDER', 5.0, 8.0, u'']
[u'RMTQ203_YEAR_2018', u'RMTQ203_YEAR_2017', u'RMTQ203', u'RESEARCH METHODS AND TECHNIQUES', u'BTRDU1', u'BT: RADIOGRAPHY: ULTRASOUND', u'11', u'YEAR', u'D3', u'Durban Campus Part-time', u'A', u'50008867:SWINDON;50002517:SUNDER', 8.0, 10.0, u'']
check 'RMTQ203_YEAR_2018' 'RMTQ203'
processXLS: only for SEM2 [u'RMTQ203_YEAR_2018', u'RMTQ203_YEAR_2017', u'RMTQ203', u'RESEARCH METHODS AND TECHNIQUES', u'BTRDU1', u'BT: RADIOGRAPHY: ULTRASOUND', u'11', u'YEAR', u'D3', u'Durban Campus Part-time', u'A', u'50008867:SWINDON;50002517:SUNDER', 8.0, 10.0, u'']
[u'', u'', u'', u'', u'', u'', u'', u'', u'', u'', u'', u'', u'', u'', u'']
check '' ''
[u'RPAT201_YEAR_2018', u'RPAT201_YEAR_2017', u'RPAT201', u'RADIOGRAPHIC PATHOLOGY II', u'NDRDD1', u'ND: RADIOGRAPHY: DIAGNOSTIC', u'11', u'YEAR', u'D1', u'Durban Campus Full-time', u'A', u'40011633:NOTHLING', 52.0, 5.0, u'']
check 'RPAT201_YEAR_2018' 'RPAT201'
processXLS: only for SEM2 [u'RPAT201_YEAR_2018', u'RPAT201_YEAR_2017', u'RPAT201', u'RADIOGRAPHIC PATHOLOGY II', u'NDRDD1', u'ND: RADIOGRAPHY: DIAGNOSTIC', u'11', u'YEAR', u'D1', u'Durban Campus Full-time', u'A', u'40011633:NOTHLING', 52.0, 5.0, u'']
[u'RPAT201_YEAR_2018', u'RPAT201_YEAR_2017', u'RPAT201', u'RADIOGRAPHIC PATHOLOGY II', u'NDRDT1', u'ND: RADIOGRAPHY: THERAPY', u'11', u'YEAR', u'D1', u'Durban Campus Full-time', u'A', u'40011633:NOTHLING', 2.0, 1.0, u'']
check 'RPAT201_YEAR_2018' 'RPAT201'
processXLS: only for SEM2 [u'RPAT201_YEAR_2018', u'RPAT201_YEAR_2017', u'RPAT201', u'RADIOGRAPHIC PATHOLOGY II', u'NDRDT1', u'ND: RADIOGRAPHY: THERAPY', u'11', u'YEAR', u'D1', u'Durban Campus Full-time', u'A', u'40011633:NOTHLING', 2.0, 1.0, u'']
[u'RPAT201_YEAR_2018', u'RPAT201_YEAR_2017', u'RPAT201', u'RADIOGRAPHIC PATHOLOGY II', u'NDRDU1', u'ND: RADIOGRAPHY: ULTRASOUND', u'11', u'YEAR', u'D1', u'Durban Campus Full-time', u'A', u'40011633:NOTHLING', 15.0, 1.0, u'']
check 'RPAT201_YEAR_2018' 'RPAT201'
processXLS: only for SEM2 [u'RPAT201_YEAR_2018', u'RPAT201_YEAR_2017', u'RPAT201', u'RADIOGRAPHIC PATHOLOGY II', u'NDRDU1', u'ND: RADIOGRAPHY: ULTRASOUND', u'11', u'YEAR', u'D1', u'Durban Campus Full-time', u'A', u'40011633:NOTHLING', 15.0, 1.0, u'']
[u'', u'', u'', u'', u'', u'', u'', u'', u'', u'', u'', u'', u'', u'', u'']
check '' ''
[u'RPRD201_YEAR_2018', u'RPRD201_YEAR_2017', u'RPRD201', u'RADIOGRAPHIC PRACTICE II (D)', u'NDRDD1', u'ND: RADIOGRAPHY: DIAGNOSTIC', u'11', u'YEAR', u'D1', u'Durban Campus Full-time', u'A', u'40014033: MADLALA', 52.0, u'', u'']
check 'RPRD201_YEAR_2018' 'RPRD201'
processXLS: only for SEM2 [u'RPRD201_YEAR_2018', u'RPRD201_YEAR_2017', u'RPRD201', u'RADIOGRAPHIC PRACTICE II (D)', u'NDRDD1', u'ND: RADIOGRAPHY: DIAGNOSTIC', u'11', u'YEAR', u'D1', u'Durban Campus Full-time', u'A', u'40014033: MADLALA', 52.0, u'', u'']
[u'', u'', u'', u'', u'', u'', u'', u'', u'', u'', u'', u'', u'', u'', u'']
check '' ''
[u'RPRT201_YEAR_2018', u'RPRT201_YEAR_2017', u'RPRT201', u'RADIOGRAPHIC PRACTICE II (T)', u'NDRDT1', u'ND: RADIOGRAPHY: THERAPY', u'11', u'YEAR', u'D1', u'Durban Campus Full-time', u'A', u'40010295:KISMATH', 2.0, 1.0, u'']
check 'RPRT201_YEAR_2018' 'RPRT201'
processXLS: only for SEM2 [u'RPRT201_YEAR_2018', u'RPRT201_YEAR_2017', u'RPRT201', u'RADIOGRAPHIC PRACTICE II (T)', u'NDRDT1', u'ND: RADIOGRAPHY: THERAPY', u'11', u'YEAR', u'D1', u'Durban Campus Full-time', u'A', u'40010295:KISMATH', 2.0, 1.0, u'']
[u'', u'', u'', u'', u'', u'', u'', u'', u'', u'', u'', u'', u'', u'', u'']
check '' ''
[u'RPRU201_YEAR_2018', u'RPRU201_YEAR_2017', u'RPRU201', u'RADIOGRAPHIC PRACTICE II (US)', u'NDRDU1', u'ND: RADIOGRAPHY: ULTRASOUND', u'11', u'YEAR', u'D1', u'Durban Campus Full-time', u'A', u'50001933:DLUDLA', 15.0, u'', u'']
check 'RPRU201_YEAR_2018' 'RPRU201'
processXLS: only for SEM2 [u'RPRU201_YEAR_2018', u'RPRU201_YEAR_2017', u'RPRU201', u'RADIOGRAPHIC PRACTICE II (US)', u'NDRDU1', u'ND: RADIOGRAPHY: ULTRASOUND', u'11', u'YEAR', u'D1', u'Durban Campus Full-time', u'A', u'50001933:DLUDLA', 15.0, u'', u'']
[u'', u'', u'', u'', u'', u'', u'', u'', u'', u'', u'', u'', u'', u'', u'']
check '' ''
[u'RSCI201_YEAR_2018', u'RSCI201_YEAR_2017', u'RSCI201', u'RADIATION SCIENCE II', u'NDRDD1', u'ND: RADIOGRAPHY: DIAGNOSTIC', u'11', u'YEAR', u'D1', u'Durban Campus Full-time', u'A', u'50002059:Motaung', 52.0, 5.0, u'']
check 'RSCI201_YEAR_2018' 'RSCI201'
processXLS: only for SEM2 [u'RSCI201_YEAR_2018', u'RSCI201_YEAR_2017', u'RSCI201', u'RADIATION SCIENCE II', u'NDRDD1', u'ND: RADIOGRAPHY: DIAGNOSTIC', u'11', u'YEAR', u'D1', u'Durban Campus Full-time', u'A', u'50002059:Motaung', 52.0, 5.0, u'']
[u'RSCI201_YEAR_2018', u'RSCI201_YEAR_2017', u'RSCI201', u'RADIATION SCIENCE II', u'NDRDT1', u'ND: RADIOGRAPHY: THERAPY', u'11', u'YEAR', u'D1', u'Durban Campus Full-time', u'A', u'50002059:Motaung', 2.0, 1.0, u'']
check 'RSCI201_YEAR_2018' 'RSCI201'
processXLS: only for SEM2 [u'RSCI201_YEAR_2018', u'RSCI201_YEAR_2017', u'RSCI201', u'RADIATION SCIENCE II', u'NDRDT1', u'ND: RADIOGRAPHY: THERAPY', u'11', u'YEAR', u'D1', u'Durban Campus Full-time', u'A', u'50002059:Motaung', 2.0, 1.0, u'']
[u'RSCI201_YEAR_2018', u'RSCI201_YEAR_2017', u'RSCI201', u'RADIATION SCIENCE II', u'NDRDU1', u'ND: RADIOGRAPHY: ULTRASOUND', u'11', u'YEAR', u'D1', u'Durban Campus Full-time', u'A', u'50002059:Motaung', 15.0, u'', u'']
check 'RSCI201_YEAR_2018' 'RSCI201'
processXLS: only for SEM2 [u'RSCI201_YEAR_2018', u'RSCI201_YEAR_2017', u'RSCI201', u'RADIATION SCIENCE II', u'NDRDU1', u'ND: RADIOGRAPHY: ULTRASOUND', u'11', u'YEAR', u'D1', u'Durban Campus Full-time', u'A', u'50002059:Motaung', 15.0, u'', u'']
[u'', u'', u'', u'', u'', u'', u'', u'', u'', u'', u'', u'', u'', u'', u'']
check '' ''
[u'APST301_YEAR_2018', u'APST301_YEAR_2017', u'APST301', u'APPLIED PSYCHOLOGY III(T)', u'NDRDT1', u'ND: RADIOGRAPHY: THERAPY', u'11', u'YEAR', u'D1', u'Durban Campus Full-time', u'A', u'40010295:KISMATH; 40010881: NKOSI (NOMNGA) ', 3.0, 2.0, u'']
check 'APST301_YEAR_2018' 'APST301'
processXLS: only for SEM2 [u'APST301_YEAR_2018', u'APST301_YEAR_2017', u'APST301', u'APPLIED PSYCHOLOGY III(T)', u'NDRDT1', u'ND: RADIOGRAPHY: THERAPY', u'11', u'YEAR', u'D1', u'Durban Campus Full-time', u'A', u'40010295:KISMATH; 40010881: NKOSI (NOMNGA) ', 3.0, 2.0, u'']
[u'', u'', u'', u'', u'', u'', u'', u'', u'', u'', u'', u'', u'', u'', u'']
check '' ''
[u'CHPP321_YEAR_2018', u'CHPP321_YEAR_2017', u'CHPP321', u'CHIROPRACTIC PRINC & PRAC - RADIOGRAPHY', u'NDCHR1', u'ND: CHIROPRACTIC', u'11', u'YEAR', u'D1', u'Durban Campus Full-time', u'A', u'40012459:SHAIK; 40010295:KISMATH', 26.0, 30.0, u'']
check 'CHPP321_YEAR_2018' 'CHPP321'
processXLS: only for SEM2 [u'CHPP321_YEAR_2018', u'CHPP321_YEAR_2017', u'CHPP321', u'CHIROPRACTIC PRINC & PRAC - RADIOGRAPHY', u'NDCHR1', u'ND: CHIROPRACTIC', u'11', u'YEAR', u'D1', u'Durban Campus Full-time', u'A', u'40012459:SHAIK; 40010295:KISMATH', 26.0, 30.0, u'']
[u'', u'', u'', u'', u'', u'', u'', u'', u'', u'', u'', u'', u'', u'', u'']
check '' ''
[u'RBIO301_YEAR_2018', u'RBIO301_YEAR_2017', u'RBIO301', u'RADIOBIOLOGY III(T)', u'NDRDT1', u'ND: RADIOGRAPHY: THERAPY', u'11', u'YEAR', u'D1', u'Durban Campus Full-time', u'A', u'40013790:BHENGU; 40010295: KISMATH', 3.0, u'', u'']
check 'RBIO301_YEAR_2018' 'RBIO301'
processXLS: only for SEM2 [u'RBIO301_YEAR_2018', u'RBIO301_YEAR_2017', u'RBIO301', u'RADIOBIOLOGY III(T)', u'NDRDT1', u'ND: RADIOGRAPHY: THERAPY', u'11', u'YEAR', u'D1', u'Durban Campus Full-time', u'A', u'40013790:BHENGU; 40010295: KISMATH', 3.0, u'', u'']
[u'', u'', u'', u'', u'', u'', u'', u'', u'', u'', u'', u'', u'', u'', u'']
check '' ''
[u'RMGT301_YEAR_2018', u'RMGT301_YEAR_2017', u'RMGT301', u'RADIOGRAPHIC MANAGEMENT III(D)', u'NDRDD1', u'ND: RADIOGRAPHY: DIAGNOSTIC', u'11', u'YEAR', u'D1', u'Durban Campus Full-time', u'A', u'50002059: MOTAUNG', 53.0, 52.0, u'']
check 'RMGT301_YEAR_2018' 'RMGT301'
processXLS: only for SEM2 [u'RMGT301_YEAR_2018', u'RMGT301_YEAR_2017', u'RMGT301', u'RADIOGRAPHIC MANAGEMENT III(D)', u'NDRDD1', u'ND: RADIOGRAPHY: DIAGNOSTIC', u'11', u'YEAR', u'D1', u'Durban Campus Full-time', u'A', u'50002059: MOTAUNG', 53.0, 52.0, u'']
[u'', u'', u'', u'', u'', u'', u'', u'', u'', u'', u'', u'', u'', u'', u'']
check '' ''
[u'RPRD301_YEAR_2018', u'RPRD301_YEAR_2017', u'RPRD301', u'RADIOGRAPHIC PRACTICE III(D)', u'NDRDD1', u'ND: RADIOGRAPHY: DIAGNOSTIC', u'11', u'YEAR', u'D1', u'Durban Campus Full-time', u'A', u'40014034: KHOZA', 55.0, 52.0, u'']
check 'RPRD301_YEAR_2018' 'RPRD301'
processXLS: only for SEM2 [u'RPRD301_YEAR_2018', u'RPRD301_YEAR_2017', u'RPRD301', u'RADIOGRAPHIC PRACTICE III(D)', u'NDRDD1', u'ND: RADIOGRAPHY: DIAGNOSTIC', u'11', u'YEAR', u'D1', u'Durban Campus Full-time', u'A', u'40014034: KHOZA', 55.0, 52.0, u'']
[u'', u'', u'', u'', u'', u'', u'', u'', u'', u'', u'', u'', u'', u'', u'']
check '' ''
[u'RPRT301_YEAR_2018', u'RPRT301_YEAR_2017', u'RPRT301', u'RADIOGRAPHIC PRACTICE III(T)', u'NDRDT1', u'ND: RADIOGRAPHY: THERAPY', u'11', u'YEAR', u'D1', u'Durban Campus Full-time', u'A', u'40010295:KISMATH; 40010881: NKOSI (NOMNGA) ', 3.0, 2.0, u'']
check 'RPRT301_YEAR_2018' 'RPRT301'
processXLS: only for SEM2 [u'RPRT301_YEAR_2018', u'RPRT301_YEAR_2017', u'RPRT301', u'RADIOGRAPHIC PRACTICE III(T)', u'NDRDT1', u'ND: RADIOGRAPHY: THERAPY', u'11', u'YEAR', u'D1', u'Durban Campus Full-time', u'A', u'40010295:KISMATH; 40010881: NKOSI (NOMNGA) ', 3.0, 2.0, u'']
[u'', u'', u'', u'', u'', u'', u'', u'', u'', u'', u'', u'', u'', u'', u'']
check '' ''
[u'RPRU301_YEAR_2018', u'RPRU301_YEAR_2017', u'RPRU301', u'RADIOGRAPHIC PRACTICE III(US)', u'NDRDU1', u'ND: RADIOGRAPHY: ULTRASOUND', u'11', u'YEAR', u'D1', u'Durban Campus Full-time', u'A', u'40012469: KHULUSE', 18.0, 15.0, u'']
check 'RPRU301_YEAR_2018' 'RPRU301'
processXLS: only for SEM2 [u'RPRU301_YEAR_2018', u'RPRU301_YEAR_2017', u'RPRU301', u'RADIOGRAPHIC PRACTICE III(US)', u'NDRDU1', u'ND: RADIOGRAPHY: ULTRASOUND', u'11', u'YEAR', u'D1', u'Durban Campus Full-time', u'A', u'40012469: KHULUSE', 18.0, 15.0, u'']
[u'', u'', u'', u'', u'', u'', u'', u'', u'', u'', u'', u'', u'', u'', u'']
check '' ''
[u'RSCD301_YEAR_2018', u'RSCD301_YEAR_2017', u'RSCD301', u'RADIATION SCIENCE III(D)', u'NDRDD1', u'ND: RADIOGRAPHY: DIAGNOSTIC', u'11', u'YEAR', u'D1', u'Durban Campus Full-time', u'A', u'50002059: MOTAUNG', 53.0, 52.0, u'']
check 'RSCD301_YEAR_2018' 'RSCD301'
processXLS: only for SEM2 [u'RSCD301_YEAR_2018', u'RSCD301_YEAR_2017', u'RSCD301', u'RADIATION SCIENCE III(D)', u'NDRDD1', u'ND: RADIOGRAPHY: DIAGNOSTIC', u'11', u'YEAR', u'D1', u'Durban Campus Full-time', u'A', u'50002059: MOTAUNG', 53.0, 52.0, u'']
[u'', u'', u'', u'', u'', u'', u'', u'', u'', u'', u'', u'', u'', u'', u'']
check '' ''
[u'RSCT301_YEAR_2018', u'RSCT301_YEAR_2017', u'RSCT301', u'RADIATION SCIENCE III(T)', u'NDRDT1', u'ND: RADIOGRAPHY: THERAPY', u'11', u'YEAR', u'D1', u'Durban Campus Full-time', u'A', u'40007701:LEBEOA; 40010295: KISMATH', 3.0, 2.0, u'']
check 'RSCT301_YEAR_2018' 'RSCT301'
processXLS: only for SEM2 [u'RSCT301_YEAR_2018', u'RSCT301_YEAR_2017', u'RSCT301', u'RADIATION SCIENCE III(T)', u'NDRDT1', u'ND: RADIOGRAPHY: THERAPY', u'11', u'YEAR', u'D1', u'Durban Campus Full-time', u'A', u'40007701:LEBEOA; 40010295: KISMATH', 3.0, 2.0, u'']
[u'', u'', u'', u'', u'', u'', u'', u'', u'', u'', u'', u'', u'', u'', u'']
check '' ''
[u'UPEQ301_YEAR_2018', u'UPEQ301_YEAR_2017', u'UPEQ301', u'ULTRASOUND PHYSICS AND EQUIPMENT III(US)', u'NDRDU1', u'ND: RADIOGRAPHY: ULTRASOUND', u'11', u'YEAR', u'D1', u'Durban Campus Full-time', u'A', u'40012469: KHULUSE', 18.0, 15.0, u'']
check 'UPEQ301_YEAR_2018' 'UPEQ301'
processXLS: only for SEM2 [u'UPEQ301_YEAR_2018', u'UPEQ301_YEAR_2017', u'UPEQ301', u'ULTRASOUND PHYSICS AND EQUIPMENT III(US)', u'NDRDU1', u'ND: RADIOGRAPHY: ULTRASOUND', u'11', u'YEAR', u'D1', u'Durban Campus Full-time', u'A', u'40012469: KHULUSE', 18.0, 15.0, u'']
[u'', u'', u'', u'', u'', u'', u'', u'', u'', u'', u'', u'', u'', u'', u'']
check '' ''
[u'RPRD401_YEAR_2018', u'RPRD401_YEAR_2017', u'RPRD401', u'RADIOGRAPHIC PRACTICE IV(D)', u'BTRDD1', u'BT: RADIOGRAPHY: DIAGNOSTIC', u'11', u'YEAR', u'D3', u'Durban Campus Part-time', u'A', u'40014033: MADLALA; 50002517:SUNDER', 28.0, 45.0, u'']
check 'RPRD401_YEAR_2018' 'RPRD401'
processXLS: only for SEM2 [u'RPRD401_YEAR_2018', u'RPRD401_YEAR_2017', u'RPRD401', u'RADIOGRAPHIC PRACTICE IV(D)', u'BTRDD1', u'BT: RADIOGRAPHY: DIAGNOSTIC', u'11', u'YEAR', u'D3', u'Durban Campus Part-time', u'A', u'40014033: MADLALA; 50002517:SUNDER', 28.0, 45.0, u'']
[u'', u'', u'', u'', u'', u'', u'', u'', u'', u'', u'', u'', u'', u'', u'']
check '' ''
[u'RPRN401_YEAR_2018', u'RPRN401_YEAR_2017', u'RPRN401', u'RADIOGRAPHIC PRACTICE IV(NM)', u'BTRDN1', u'BT: RADIOGRAPHY: NUCLEAR MEDICINE', u'11', u'YEAR', u'D3', u'Durban Campus Part-time', u'A', u'50001294:NAIDOO', 4.0, 0.0, u'']
check 'RPRN401_YEAR_2018' 'RPRN401'
processXLS: only for SEM2 [u'RPRN401_YEAR_2018', u'RPRN401_YEAR_2017', u'RPRN401', u'RADIOGRAPHIC PRACTICE IV(NM)', u'BTRDN1', u'BT: RADIOGRAPHY: NUCLEAR MEDICINE', u'11', u'YEAR', u'D3', u'Durban Campus Part-time', u'A', u'50001294:NAIDOO', 4.0, 0.0, u'']
[u'', u'', u'', u'', u'', u'', u'', u'', u'', u'', u'', u'', u'', u'', u'']
check '' ''
[u'RPRT401_YEAR_2018', u'RPRT401_YEAR_2017', u'RPRT401', u'RADIOGRAPHIC PRACTICE IV(T)', u'BTRDT1', u'BT: RADIOGRAPHY: THERAPY', u'11', u'YEAR', u'D3', u'Durban Campus Part-time', u'A', u'40010881: NKOSI (NOMNGA) ', 8.0, 8.0, u'']
check 'RPRT401_YEAR_2018' 'RPRT401'
processXLS: only for SEM2 [u'RPRT401_YEAR_2018', u'RPRT401_YEAR_2017', u'RPRT401', u'RADIOGRAPHIC PRACTICE IV(T)', u'BTRDT1', u'BT: RADIOGRAPHY: THERAPY', u'11', u'YEAR', u'D3', u'Durban Campus Part-time', u'A', u'40010881: NKOSI (NOMNGA) ', 8.0, 8.0, u'']
[u'', u'', u'', u'', u'', u'', u'', u'', u'', u'', u'', u'', u'', u'', u'']
check '' ''
[u'RPRU401_YEAR_2018', u'RPRU401_YEAR_2017', u'RPRU401', u'RADIOGRAPHIC PRACTICE IV(US)', u'BTRDU1', u'BT: RADIOGRAPHY: ULTRASOUND', u'11', u'YEAR', u'D3', u'Durban Campus Part-time', u'A', u'50001933:DLUDLA', 7.0, 10.0, u'']
check 'RPRU401_YEAR_2018' 'RPRU401'
processXLS: only for SEM2 [u'RPRU401_YEAR_2018', u'RPRU401_YEAR_2017', u'RPRU401', u'RADIOGRAPHIC PRACTICE IV(US)', u'BTRDU1', u'BT: RADIOGRAPHY: ULTRASOUND', u'11', u'YEAR', u'D3', u'Durban Campus Part-time', u'A', u'50001933:DLUDLA', 7.0, 10.0, u'']
[u'', u'', u'', u'', u'', u'', u'', u'', u'', u'', u'', u'', u'', u'', u'']
check '' ''
[u'RPDR511_YEAR_2018', u'RPDR511_YEAR_2017', u'RPDR511', u'RESEARCH PROJECT AND DISSERTATION (1ST REGIST', u'MHRAD1', u'MH:  RADIOGRAPHY', u'P0', u'POST-GRAD ANNUAL REGISTRATIONS', u'D3', u'Durban Campus Part-time', u'A', u'50002517: SUNDER', 7.0, u'', u'']
check 'RPDR511_YEAR_2018' 'RPDR511'
processXLS: only for SEM2 [u'RPDR511_YEAR_2018', u'RPDR511_YEAR_2017', u'RPDR511', u'RESEARCH PROJECT AND DISSERTATION (1ST REGIST', u'MHRAD1', u'MH:  RADIOGRAPHY', u'P0', u'POST-GRAD ANNUAL REGISTRATIONS', u'D3', u'Durban Campus Part-time', u'A', u'50002517: SUNDER', 7.0, u'', u'']
[u'RPDR521_YEAR_2018', u'RPDR521_YEAR_2017', u'RPDR521', u'RESEARCH PROJECT AND DISSERTATION (2ND REGIST', u'MHRAD1', u'MH:  RADIOGRAPHY', u'P0', u'POST-GRAD ANNUAL REGISTRATIONS', u'D3', u'Durban Campus Part-time', u'A', u'50002517: SUNDER', 1.0, u'', u'']
check 'RPDR521_YEAR_2018' 'RPDR521'
processXLS: only for SEM2 [u'RPDR521_YEAR_2018', u'RPDR521_YEAR_2017', u'RPDR521', u'RESEARCH PROJECT AND DISSERTATION (2ND REGIST', u'MHRAD1', u'MH:  RADIOGRAPHY', u'P0', u'POST-GRAD ANNUAL REGISTRATIONS', u'D3', u'Durban Campus Part-time', u'A', u'50002517: SUNDER', 1.0, u'', u'']
[u'RPDR531_YEAR_2018', u'RPDR531_YEAR_2017', u'RPDR531', u'RESEARCH PROJECT AND DISSERTATION (SUCCESSIVE', u'MHRAD1', u'MH:  RADIOGRAPHY', u'P0', u'POST-GRAD ANNUAL REGISTRATIONS', u'D3', u'Durban Campus Part-time', u'A', u'50002517: SUNDER', 2.0, u'', u'']
check 'RPDR531_YEAR_2018' 'RPDR531'
processXLS: only for SEM2 [u'RPDR531_YEAR_2018', u'RPDR531_YEAR_2017', u'RPDR531', u'RESEARCH PROJECT AND DISSERTATION (SUCCESSIVE', u'MHRAD1', u'MH:  RADIOGRAPHY', u'P0', u'POST-GRAD ANNUAL REGISTRATIONS', u'D3', u'Durban Campus Part-time', u'A', u'50002517: SUNDER', 2.0, u'', u'']
[u'', u'', u'', u'', u'', u'', u'', u'', u'', u'', u'', u'', u'', u'', u'']
check '' ''
[u'RPJR511_YEAR_2018', u'RPJR511_YEAR_2017', u'RPJR511', u'RESEARCH PROJECT AND DISSERTATION (1ST REG)', u'MHRAD1', u'MH:  RADIOGRAPHY', u'P0', u'POST-GRAD ANNUAL REGISTRATIONS', u'D3', u'Durban Campus Part-time', u'A', u'50002517: SUNDER', 7.0, u'', u'']
check 'RPJR511_YEAR_2018' 'RPJR511'
processXLS: only for SEM2 [u'RPJR511_YEAR_2018', u'RPJR511_YEAR_2017', u'RPJR511', u'RESEARCH PROJECT AND DISSERTATION (1ST REG)', u'MHRAD1', u'MH:  RADIOGRAPHY', u'P0', u'POST-GRAD ANNUAL REGISTRATIONS', u'D3', u'Durban Campus Part-time', u'A', u'50002517: SUNDER', 7.0, u'', u'']
[u'RPJR521_YEAR_2018', u'RPJR521_YEAR_2017', u'RPJR521', u'RESEARCH PROJECT AND DISSERTATION (2ND REG)', u'MHRAD1', u'MH:  RADIOGRAPHY', u'P0', u'POST-GRAD ANNUAL REGISTRATIONS', u'D3', u'Durban Campus Part-time', u'A', u'50002517: SUNDER', 1.0, u'', u'']
check 'RPJR521_YEAR_2018' 'RPJR521'
processXLS: only for SEM2 [u'RPJR521_YEAR_2018', u'RPJR521_YEAR_2017', u'RPJR521', u'RESEARCH PROJECT AND DISSERTATION (2ND REG)', u'MHRAD1', u'MH:  RADIOGRAPHY', u'P0', u'POST-GRAD ANNUAL REGISTRATIONS', u'D3', u'Durban Campus Part-time', u'A', u'50002517: SUNDER', 1.0, u'', u'']
[u'RPJR531_YEAR_2018', u'RPJR531_YEAR_2017', u'RPJR531', u'RESEARCH PROJECT AND DISSERTATION (3RD REG)', u'MHRAD1', u'MH:  RADIOGRAPHY', u'P0', u'POST-GRAD ANNUAL REGISTRATIONS', u'D3', u'Durban Campus Part-time', u'A', u'50002517: SUNDER', 2.0, u'', u'']
check 'RPJR531_YEAR_2018' 'RPJR531'
processXLS: only for SEM2 [u'RPJR531_YEAR_2018', u'RPJR531_YEAR_2017', u'RPJR531', u'RESEARCH PROJECT AND DISSERTATION (3RD REG)', u'MHRAD1', u'MH:  RADIOGRAPHY', u'P0', u'POST-GRAD ANNUAL REGISTRATIONS', u'D3', u'Durban Campus Part-time', u'A', u'50002517: SUNDER', 2.0, u'', u'']
[u'...', u'', u'', u'', u'', u'', u'', u'', u'', u'', u'', u'', u'', u'', u'']
check '...' ''
[u'New subjects for 2018', u'', u'', u'', u'', u'', u'', u'', u'', u'', u'', u'', u'', u'', u'']
check 'New subjects for 2018' ''
processXLS: finished processing workingSheets/data/BBC3605Radiography2017.xls
getWS: requesting:  http://10.0.100.98:8000/itsenrol/classlist/2018/22/NMPB101 rsp= <Response [200]>
getWS: requesting:  http://10.0.100.98:8000/bbinfo/classlist/NMPB101 rsp= <Response [200]>
getNewStudentsInSubject: ITS 0, BB 1 -> 0 new enrollments
getWS: requesting:  http://10.0.100.98:8000/itsenrol/classlist/2018/22/NMIS101 rsp= <Response [200]>
getWS: requesting:  http://10.0.100.98:8000/bbinfo/classlist/NMIS101 rsp= <Response [200]>
getNewStudentsInSubject: ITS 0, BB 1 -> 0 new enrollments
getWS: requesting:  http://10.0.100.98:8000/itsenrol/classlist/2018/22/RPPB101 rsp= <Response [200]>
getWS: requesting:  http://10.0.100.98:8000/bbinfo/classlist/RPPB101 rsp= <Response [200]>
getNewStudentsInSubject: ITS 0, BB 1 -> 0 new enrollments
getWS: requesting:  http://10.0.100.98:8000/itsenrol/classlist/2018/22/UIMS101 rsp= <Response [200]>
getWS: requesting:  http://10.0.100.98:8000/bbinfo/classlist/UIMS101 rsp= <Response [200]>
getNewStudentsInSubject: ITS 12, BB 2 -> 12 new enrollments
getWS: requesting:  http://10.0.100.98:8000/itsenrol/classlist/2018/22/DPPB301 rsp= <Response [200]>
getWS: requesting:  http://10.0.100.98:8000/bbinfo/classlist/DPPB301 rsp= <Response [200]>
getNewStudentsInSubject: ITS 34, BB 0 -> 34 new enrollments
getWS: requesting:  http://10.0.100.98:8000/itsenrol/classlist/2018/22/RPPB201 rsp= <Response [200]>
getWS: requesting:  http://10.0.100.98:8000/bbinfo/classlist/RPPB201 rsp= <Response [200]>
getNewStudentsInSubject: ITS 1, BB 1 -> 1 new enrollments
getWS: requesting:  http://10.0.100.98:8000/itsenrol/classlist/2018/22/UPPB301 rsp= <Response [200]>
getWS: requesting:  http://10.0.100.98:8000/bbinfo/classlist/UPPB301 rsp= <Response [200]>
getNewStudentsInSubject: ITS 5, BB 1 -> 5 new enrollments
getWS: requesting:  http://10.0.100.98:8000/itsenrol/classlist/2018/22/RTSC101 rsp= <Response [200]>
getWS: requesting:  http://10.0.100.98:8000/bbinfo/classlist/RTSC101 rsp= <Response [200]>
getNewStudentsInSubject: ITS 0, BB 1 -> 0 new enrollments
getWS: requesting:  http://10.0.100.98:8000/itsenrol/classlist/2018/22/DGIS201 rsp= <Response [200]>
getWS: requesting:  http://10.0.100.98:8000/bbinfo/classlist/DGIS201 rsp= <Response [200]>
getNewStudentsInSubject: ITS 53, BB 1 -> 53 new enrollments
getWS: requesting:  http://10.0.100.98:8000/itsenrol/classlist/2018/22/UIMS201 rsp= <Response [200]>
getWS: requesting:  http://10.0.100.98:8000/bbinfo/classlist/UIMS201 rsp= <Response [200]>
getNewStudentsInSubject: ITS 1, BB 1 -> 1 new enrollments
getWS: requesting:  http://10.0.100.98:8000/itsenrol/classlist/2018/22/RTSC201 rsp= <Response [200]>
getWS: requesting:  http://10.0.100.98:8000/bbinfo/classlist/RTSC201 rsp= <Response [200]>
getNewStudentsInSubject: ITS 1, BB 1 -> 1 new enrollments
getWS: requesting:  http://10.0.100.98:8000/itsenrol/classlist/2018/22/RPPB301 rsp= <Response [200]>
getWS: requesting:  http://10.0.100.98:8000/bbinfo/classlist/RPPB301 rsp= <Response [200]>
getNewStudentsInSubject: ITS 7, BB 1 -> 7 new enrollments
getWS: requesting:  http://10.0.100.98:8000/itsenrol/classlist/2018/22/NMPB301 rsp= <Response [200]>
getWS: requesting:  http://10.0.100.98:8000/bbinfo/classlist/NMPB301 rsp= <Response [200]>
getNewStudentsInSubject: ITS 6, BB 1 -> 6 new enrollments
getWS: requesting:  http://10.0.100.98:8000/itsenrol/classlist/2018/22/UPPB201 rsp= <Response [200]>
getWS: requesting:  http://10.0.100.98:8000/bbinfo/classlist/UPPB201 rsp= <Response [200]>
getNewStudentsInSubject: ITS 1, BB 2 -> 1 new enrollments
getWS: requesting:  http://10.0.100.98:8000/itsenrol/classlist/2018/22/DPPB101 rsp= <Response [200]>
getWS: requesting:  http://10.0.100.98:8000/bbinfo/classlist/DPPB101 rsp= <Response [200]>
getNewStudentsInSubject: ITS 35, BB 1 -> 35 new enrollments
getWS: requesting:  http://10.0.100.98:8000/itsenrol/classlist/2018/22/DGIS101 rsp= <Response [200]>
getWS: requesting:  http://10.0.100.98:8000/bbinfo/classlist/DGIS101 rsp= <Response [200]>
getNewStudentsInSubject: ITS 35, BB 2 -> 35 new enrollments
getWS: requesting:  http://10.0.100.98:8000/itsenrol/classlist/2018/22/UPPB101 rsp= <Response [200]>
getWS: requesting:  http://10.0.100.98:8000/bbinfo/classlist/UPPB101 rsp= <Response [200]>
getNewStudentsInSubject: ITS 12, BB 2 -> 12 new enrollments
getWS: requesting:  http://10.0.100.98:8000/itsenrol/classlist/2018/22/NMIS201 rsp= <Response [200]>
getWS: requesting:  http://10.0.100.98:8000/bbinfo/classlist/NMIS201 rsp= <Response [200]>
getNewStudentsInSubject: ITS 1, BB 1 -> 1 new enrollments
getWS: requesting:  http://10.0.100.98:8000/itsenrol/classlist/2018/22/NMPB201 rsp= <Response [200]>
getWS: requesting:  http://10.0.100.98:8000/bbinfo/classlist/NMPB201 rsp= <Response [200]>
getNewStudentsInSubject: ITS 0, BB 1 -> 0 new enrollments
getWS: requesting:  http://10.0.100.98:8000/itsenrol/classlist/2018/22/DPPB201 rsp= <Response [200]>
getWS: requesting:  http://10.0.100.98:8000/bbinfo/classlist/DPPB201 rsp= <Response [200]>
getNewStudentsInSubject: ITS 45, BB 1 -> 45 new enrollments
main: Writing students...
main: Writing enrollments...
main: Finished processing workingSheets/data/BBC3605Radiography2017.xls
main: 20 subjects processed
main: 21 subject -> classroom maps
main: 155 students
main: 249 student enrollments 0 errors
0.34user 0.10system 0:03.25elapsed 13%CPU (0avgtext+0avgdata 58208maxresident)k
0inputs+64outputs (0major+7129minor)pagefaults 0swaps
POSTING SNAPSHOTS to SIS endpoint
TEST RUN, NOT POSTING BBSTUDENTS
TEST RUN, NOT POSTIN BBENROL
copy snapshot files to saved output
=== department done ===
syncing logs...
Pushing logs from logs/20180723111852 to remote...
sending incremental file list
./
BBC3605Radiography2017.BBENROL.txt
BBC3605Radiography2017.BBSTUDENTS.txt
BBC3605Radiography2017.Enrolomat.txt
BBC3605Radiography2017.Postlog.txt

sent 104096 bytes  received 91 bytes  23152.67 bytes/sec
total size is 8426539  speedup is 80.88
logging to logs/20180723111852
=== generate newenrollments for BBC3606DentalSciences2017. ===
GENERATE SNAPSHOTS...
./BBCIncrementalEnrollerX2.py : generating enrolment files for subjects in  workingSheets/data/BBC3606DentalSciences2017.xls
processXLS: start spreadsheet workingSheets/data/BBC3606DentalSciences2017.xls
[u'2018 Blackboard Classrooms for Department: 3606 - DENTAL SCIENCES', u'', u'', u'', u'', u'', u'', u'', u'', u'', u'', u'', u'']
check '2018 Blackboard Classrooms for Department: 3606 - DENTAL SCIENCES' ''
[u'', u'', u'', u'', u'', u'', u'', u'', u'', u'', u'', u'', u'']
check '' ''
[u'BB Classroom', u'Migrate Classroom', u'ITS Subject', u'', u'ITS Qualification', u'', u'Block', u'', u'Off Type', u'', u'Grp', u'Lecturer(s)', u'2016 Enrol']
check 'BB Classroom' 'ITS Subject'
[u'APDT101_YEAR_2018', u'APDT101_YEAR_2017', u'APDT101', u'APPLIED DENTAL TECHNOLOGY I', u'NDDNT1', u'ND: DENTAL TECHNOLOGY', u'11', u'YEAR', u'D1', u'Durban Campus Full-time', u'A', u'40008566:ZONDI', 9.0]
check 'APDT101_YEAR_2018' 'APDT101'
processXLS: only for SEM2 [u'APDT101_YEAR_2018', u'APDT101_YEAR_2017', u'APDT101', u'APPLIED DENTAL TECHNOLOGY I', u'NDDNT1', u'ND: DENTAL TECHNOLOGY', u'11', u'YEAR', u'D1', u'Durban Campus Full-time', u'A', u'40008566:ZONDI', 9.0]
[u'APDT101_YEAR_2018', u'APDT101_YEAR_2017', u'APDT101', u'APPLIED DENTAL TECHNOLOGY I', u'NDDTF1', u'ND: DENTAL TECHNOLOGY (4 YEARS)', u'11', u'YEAR', u'D1', u'Durban Campus Full-time', u'A', u'40008566:ZONDI', 17.0]
check 'APDT101_YEAR_2018' 'APDT101'
processXLS: only for SEM2 [u'APDT101_YEAR_2018', u'APDT101_YEAR_2017', u'APDT101', u'APPLIED DENTAL TECHNOLOGY I', u'NDDTF1', u'ND: DENTAL TECHNOLOGY (4 YEARS)', u'11', u'YEAR', u'D1', u'Durban Campus Full-time', u'A', u'40008566:ZONDI', 17.0]
[u'', u'', u'', u'', u'', u'', u'', u'', u'', u'', u'', u'', u'']
check '' ''
[u'DCLT101_YEAR_2018', u'DCLT101_YEAR_2017', u'DCLT101', u'DENTAL COMPUTER LITERACY', u'NDDTF1', u'ND: DENTAL TECHNOLOGY (4 YEARS)', u'11', u'YEAR', u'D1', u'Durban Campus Full-time', u'A', u'50001294:NAIDOO', 25.0]
check 'DCLT101_YEAR_2018' 'DCLT101'
processXLS: only for SEM2 [u'DCLT101_YEAR_2018', u'DCLT101_YEAR_2017', u'DCLT101', u'DENTAL COMPUTER LITERACY', u'NDDTF1', u'ND: DENTAL TECHNOLOGY (4 YEARS)', u'11', u'YEAR', u'D1', u'Durban Campus Full-time', u'A', u'50001294:NAIDOO', 25.0]
[u'', u'', u'', u'', u'', u'', u'', u'', u'', u'', u'', u'', u'']
check '' ''
[u'DDRC101_YEAR_2018', u'DDRC101_YEAR_2017', u'DDRC101', u'DENTAL DRAWINGS AND CARVINGS', u'NDDTF1', u'ND: DENTAL TECHNOLOGY (4 YEARS)', u'11', u'YEAR', u'D1', u'Durban Campus Full-time', u'A', u'40010523:NIXON', 24.0]
check 'DDRC101_YEAR_2018' 'DDRC101'
processXLS: only for SEM2 [u'DDRC101_YEAR_2018', u'DDRC101_YEAR_2017', u'DDRC101', u'DENTAL DRAWINGS AND CARVINGS', u'NDDTF1', u'ND: DENTAL TECHNOLOGY (4 YEARS)', u'11', u'YEAR', u'D1', u'Durban Campus Full-time', u'A', u'40010523:NIXON', 24.0]
[u'', u'', u'', u'', u'', u'', u'', u'', u'', u'', u'', u'', u'']
check '' ''
[u'DEAP102_YEAR_2018', u'DEAP102_YEAR_2017', u'DEAP102', u'DENTAL ASSISTING PRACTICAL I', u'NCDNA1', u'NC: DENTAL ASSISTING', u'11', u'YEAR', u'D1', u'Durban Campus Full-time', u'A', u'40009661:Radebe', 63.0]
check 'DEAP102_YEAR_2018' 'DEAP102'
processXLS: only for SEM2 [u'DEAP102_YEAR_2018', u'DEAP102_YEAR_2017', u'DEAP102', u'DENTAL ASSISTING PRACTICAL I', u'NCDNA1', u'NC: DENTAL ASSISTING', u'11', u'YEAR', u'D1', u'Durban Campus Full-time', u'A', u'40009661:Radebe', 63.0]
[u'DEAP102_YEAR_2018', u'DEAP102_YEAR_2017', u'DEAP102', u'DENTAL ASSISTING PRACTICAL I', u'NCDNA1', u'NC: DENTAL ASSISTING', u'11', u'YEAR', u'D3', u'Durban Campus Part-time', u'A', u'40009661:Radebe', 14.0]
check 'DEAP102_YEAR_2018' 'DEAP102'
processXLS: only for SEM2 [u'DEAP102_YEAR_2018', u'DEAP102_YEAR_2017', u'DEAP102', u'DENTAL ASSISTING PRACTICAL I', u'NCDNA1', u'NC: DENTAL ASSISTING', u'11', u'YEAR', u'D3', u'Durban Campus Part-time', u'A', u'40009661:Radebe', 14.0]
[u'', u'', u'', u'', u'', u'', u'', u'', u'', u'', u'', u'', u'']
check '' ''
[u'DEAT101_YEAR_2018', u'DEAT101_YEAR_2017', u'DEAT101', u'DENTAL ASSISTING THEORY I', u'NCDNA1', u'NC: DENTAL ASSISTING', u'11', u'YEAR', u'D1', u'Durban Campus Full-time', u'A', u'40009661:Radebe', 66.0]
check 'DEAT101_YEAR_2018' 'DEAT101'
processXLS: only for SEM2 [u'DEAT101_YEAR_2018', u'DEAT101_YEAR_2017', u'DEAT101', u'DENTAL ASSISTING THEORY I', u'NCDNA1', u'NC: DENTAL ASSISTING', u'11', u'YEAR', u'D1', u'Durban Campus Full-time', u'A', u'40009661:Radebe', 66.0]
[u'DEAT101_YEAR_2018', u'DEAT101_YEAR_2017', u'DEAT101', u'DENTAL ASSISTING THEORY I', u'NCDNA1', u'NC: DENTAL ASSISTING', u'11', u'YEAR', u'D3', u'Durban Campus Part-time', u'A', u'40009661:Radebe', 14.0]
check 'DEAT101_YEAR_2018' 'DEAT101'
processXLS: only for SEM2 [u'DEAT101_YEAR_2018', u'DEAT101_YEAR_2017', u'DEAT101', u'DENTAL ASSISTING THEORY I', u'NCDNA1', u'NC: DENTAL ASSISTING', u'11', u'YEAR', u'D3', u'Durban Campus Part-time', u'A', u'40009661:Radebe', 14.0]
[u'', u'', u'', u'', u'', u'', u'', u'', u'', u'', u'', u'', u'']
check '' ''
[u'DEPM102_YEAR_2018', u'DEPM102_YEAR_2017', u'DEPM102', u'DENTAL PRACTICE MANAGEMENT I', u'NCDNA1', u'NC: DENTAL ASSISTING', u'11', u'YEAR', u'D1', u'Durban Campus Full-time', u'A', u'40009661:Radebe', 63.0]
check 'DEPM102_YEAR_2018' 'DEPM102'
processXLS: only for SEM2 [u'DEPM102_YEAR_2018', u'DEPM102_YEAR_2017', u'DEPM102', u'DENTAL PRACTICE MANAGEMENT I', u'NCDNA1', u'NC: DENTAL ASSISTING', u'11', u'YEAR', u'D1', u'Durban Campus Full-time', u'A', u'40009661:Radebe', 63.0]
[u'', u'', u'', u'', u'', u'', u'', u'', u'', u'', u'', u'', u'']
check '' ''
[u'DMSC102_YEAR_2018', u'DMSC102_YEAR_2017', u'DMSC102', u'DENTAL MATERIALS SCIENCE I', u'NDDNT1', u'ND: DENTAL TECHNOLOGY', u'11', u'YEAR', u'D1', u'Durban Campus Full-time', u'A', u'40008566:ZONDI', 9.0]
check 'DMSC102_YEAR_2018' 'DMSC102'
processXLS: only for SEM2 [u'DMSC102_YEAR_2018', u'DMSC102_YEAR_2017', u'DMSC102', u'DENTAL MATERIALS SCIENCE I', u'NDDNT1', u'ND: DENTAL TECHNOLOGY', u'11', u'YEAR', u'D1', u'Durban Campus Full-time', u'A', u'40008566:ZONDI', 9.0]
[u'DMSC102_YEAR_2018', u'DMSC102_YEAR_2017', u'DMSC102', u'DENTAL MATERIALS SCIENCE I', u'NDDTF1', u'ND: DENTAL TECHNOLOGY (4 YEARS)', u'11', u'YEAR', u'D1', u'Durban Campus Full-time', u'A', u'40008566:ZONDI', 17.0]
check 'DMSC102_YEAR_2018' 'DMSC102'
processXLS: only for SEM2 [u'DMSC102_YEAR_2018', u'DMSC102_YEAR_2017', u'DMSC102', u'DENTAL MATERIALS SCIENCE I', u'NDDTF1', u'ND: DENTAL TECHNOLOGY (4 YEARS)', u'11', u'YEAR', u'D1', u'Durban Campus Full-time', u'A', u'40008566:ZONDI', 17.0]
[u'', u'', u'', u'', u'', u'', u'', u'', u'', u'', u'', u'', u'']
check '' ''
[u'DTTH101_YEAR_2018', u'DTTH101_YEAR_2017', u'DTTH101', u'DENTAL TECHNOLOGY THEORY I', u'NDDNT1', u'ND: DENTAL TECHNOLOGY', u'11', u'YEAR', u'D1', u'Durban Campus Full-time', u'A', u'40008566:ZONDI', 9.0]
check 'DTTH101_YEAR_2018' 'DTTH101'
processXLS: only for SEM2 [u'DTTH101_YEAR_2018', u'DTTH101_YEAR_2017', u'DTTH101', u'DENTAL TECHNOLOGY THEORY I', u'NDDNT1', u'ND: DENTAL TECHNOLOGY', u'11', u'YEAR', u'D1', u'Durban Campus Full-time', u'A', u'40008566:ZONDI', 9.0]
[u'DTTH101_YEAR_2018', u'DTTH101_YEAR_2017', u'DTTH101', u'DENTAL TECHNOLOGY THEORY I', u'NDDTF1', u'ND: DENTAL TECHNOLOGY (4 YEARS)', u'11', u'YEAR', u'D1', u'Durban Campus Full-time', u'A', u'40008566:ZONDI', 16.0]
check 'DTTH101_YEAR_2018' 'DTTH101'
processXLS: only for SEM2 [u'DTTH101_YEAR_2018', u'DTTH101_YEAR_2017', u'DTTH101', u'DENTAL TECHNOLOGY THEORY I', u'NDDTF1', u'ND: DENTAL TECHNOLOGY (4 YEARS)', u'11', u'YEAR', u'D1', u'Durban Campus Full-time', u'A', u'40008566:ZONDI', 16.0]
[u'', u'', u'', u'', u'', u'', u'', u'', u'', u'', u'', u'', u'']
check '' ''
[u'IADT112_YEAR_2018', u'IADT112_YEAR_2017', u'IADT112', u'INTRO TO APP DENTAL TECHNOLOGY (YEAR 1)', u'NDDTF1', u'ND: DENTAL TECHNOLOGY (4 YEARS)', u'11', u'YEAR', u'D1', u'Durban Campus Full-time', u'A', u'50001294:NAIDOO', 24.0]
check 'IADT112_YEAR_2018' 'IADT112'
processXLS: only for SEM2 [u'IADT112_YEAR_2018', u'IADT112_YEAR_2017', u'IADT112', u'INTRO TO APP DENTAL TECHNOLOGY (YEAR 1)', u'NDDTF1', u'ND: DENTAL TECHNOLOGY (4 YEARS)', u'11', u'YEAR', u'D1', u'Durban Campus Full-time', u'A', u'50001294:NAIDOO', 24.0]
[u'', u'', u'', u'', u'', u'', u'', u'', u'', u'', u'', u'', u'']
check '' ''
[u'IADT122_YEAR_2018', u'IADT122_YEAR_2017', u'IADT122', u'INTRO TO APP DENTAL TECHNOLOGY (YEAR 2)', u'NDDTF1', u'ND: DENTAL TECHNOLOGY (4 YEARS)', u'11', u'YEAR', u'D1', u'Durban Campus Full-time', u'A', u'50001294:NAIDOO', 15.0]
check 'IADT122_YEAR_2018' 'IADT122'
processXLS: only for SEM2 [u'IADT122_YEAR_2018', u'IADT122_YEAR_2017', u'IADT122', u'INTRO TO APP DENTAL TECHNOLOGY (YEAR 2)', u'NDDTF1', u'ND: DENTAL TECHNOLOGY (4 YEARS)', u'11', u'YEAR', u'D1', u'Durban Campus Full-time', u'A', u'50001294:NAIDOO', 15.0]
[u'', u'', u'', u'', u'', u'', u'', u'', u'', u'', u'', u'', u'']
check '' ''
[u'JURI111_SEM1_2018', u'JURI111_SEM1_2017', u'JURI111', u'JURISPRUDENCE I (MODULE 1)', u'NDDNT1', u'ND: DENTAL TECHNOLOGY', u'21', u'SEMESTER 1', u'D1', u'Durban Campus Full-time', u'A', u'40010498:GUMBI', 14.0]
check 'JURI111_SEM1_2018' 'JURI111'
processXLS: only for SEM2 [u'JURI111_SEM1_2018', u'JURI111_SEM1_2017', u'JURI111', u'JURISPRUDENCE I (MODULE 1)', u'NDDNT1', u'ND: DENTAL TECHNOLOGY', u'21', u'SEMESTER 1', u'D1', u'Durban Campus Full-time', u'A', u'40010498:GUMBI', 14.0]
[u'JURI111_SEM1_2018', u'JURI111_SEM1_2017', u'JURI111', u'JURISPRUDENCE I (MODULE 1)', u'NDDTF1', u'ND: DENTAL TECHNOLOGY (4 YEARS)', u'21', u'SEMESTER 1', u'D1', u'Durban Campus Full-time', u'A', u'40010498:GUMBI', 22.0]
check 'JURI111_SEM1_2018' 'JURI111'
processXLS: only for SEM2 [u'JURI111_SEM1_2018', u'JURI111_SEM1_2017', u'JURI111', u'JURISPRUDENCE I (MODULE 1)', u'NDDTF1', u'ND: DENTAL TECHNOLOGY (4 YEARS)', u'21', u'SEMESTER 1', u'D1', u'Durban Campus Full-time', u'A', u'40010498:GUMBI', 22.0]
[u'', u'', u'', u'', u'', u'', u'', u'', u'', u'', u'', u'', u'']
check '' ''
[u'JURI121_SEM2_2018', u'JURI121_SEM2_2017', u'JURI121', u'JURISPRUDENCE I (MODULE 2)', u'NDDNT1', u'ND: DENTAL TECHNOLOGY', u'22', u'SEMESTER 2', u'D1', u'Durban Campus Full-time', u'A', u'40010498:GUMBI', 14.0]
check 'JURI121_SEM2_2018' 'JURI121'
adding  JURI121
requesting:  http://10.0.100.98:8000/bbinfo/matching_courses/JURI121%25
r= <Response [200]>
matching classes= set([u'JURI121_SEM2_2017', u'JURI121_SEM2_2016', u'JURI121_13_VAHA', u'JURI121_13_PILT', u'JURI121_SEM2_2018'])
[u'JURI121_SEM2_2018', u'JURI121_SEM2_2017', u'JURI121', u'JURISPRUDENCE I (MODULE 2)', u'NDDTF1', u'ND: DENTAL TECHNOLOGY (4 YEARS)', u'22', u'SEMESTER 2', u'D1', u'Durban Campus Full-time', u'A', u'40010498:GUMBI', 21.0]
check 'JURI121_SEM2_2018' 'JURI121'
adding  JURI121
requesting:  http://10.0.100.98:8000/bbinfo/matching_courses/JURI121%25
r= <Response [200]>
matching classes= set([u'JURI121_SEM2_2017', u'JURI121_SEM2_2016', u'JURI121_13_VAHA', u'JURI121_13_PILT', u'JURI121_SEM2_2018'])
[u'', u'', u'', u'', u'', u'', u'', u'', u'', u'', u'', u'', u'']
check '' ''
[u'OANA101_YEAR_2018', u'OANA101_YEAR_2017', u'OANA101', u'ORAL ANATOMY I', u'NDDNT1', u'ND: DENTAL TECHNOLOGY', u'11', u'YEAR', u'D1', u'Durban Campus Full-time', u'A', u'40008566:ZONDI', 12.0]
check 'OANA101_YEAR_2018' 'OANA101'
processXLS: only for SEM2 [u'OANA101_YEAR_2018', u'OANA101_YEAR_2017', u'OANA101', u'ORAL ANATOMY I', u'NDDNT1', u'ND: DENTAL TECHNOLOGY', u'11', u'YEAR', u'D1', u'Durban Campus Full-time', u'A', u'40008566:ZONDI', 12.0]
[u'OANA101_YEAR_2018', u'OANA101_YEAR_2017', u'OANA101', u'ORAL ANATOMY I', u'NDDTF1', u'ND: DENTAL TECHNOLOGY (4 YEARS)', u'11', u'YEAR', u'D1', u'Durban Campus Full-time', u'A', u'40008566:ZONDI', 25.0]
check 'OANA101_YEAR_2018' 'OANA101'
processXLS: only for SEM2 [u'OANA101_YEAR_2018', u'OANA101_YEAR_2017', u'OANA101', u'ORAL ANATOMY I', u'NDDTF1', u'ND: DENTAL TECHNOLOGY (4 YEARS)', u'11', u'YEAR', u'D1', u'Durban Campus Full-time', u'A', u'40008566:ZONDI', 25.0]
[u'', u'', u'', u'', u'', u'', u'', u'', u'', u'', u'', u'', u'']
check '' ''
[u'OAPT101_YEAR_2018', u'OAPT101_YEAR_2017', u'OAPT101', u'ORAL ANATOMY & PATHOLOGY I', u'NCDNA1', u'NC: DENTAL ASSISTING', u'11', u'YEAR', u'D1', u'Durban Campus Full-time', u'A', u'40009661:Radebe', 65.0]
check 'OAPT101_YEAR_2018' 'OAPT101'
processXLS: only for SEM2 [u'OAPT101_YEAR_2018', u'OAPT101_YEAR_2017', u'OAPT101', u'ORAL ANATOMY & PATHOLOGY I', u'NCDNA1', u'NC: DENTAL ASSISTING', u'11', u'YEAR', u'D1', u'Durban Campus Full-time', u'A', u'40009661:Radebe', 65.0]
[u'', u'', u'', u'', u'', u'', u'', u'', u'', u'', u'', u'', u'']
check '' ''
[u'RMDT101_YEAR_2018', u'RMDT101_YEAR_2017', u'RMDT101', u'RESEARCH METHODS AND TECHNIQUES I', u'BTDNT1', u'BT: DENTAL TECHNOLOGY', u'11', u'YEAR', u'D1', u'Durban Campus Full-time', u'A', u'50002414:VAHED', 10.0]
check 'RMDT101_YEAR_2018' 'RMDT101'
processXLS: only for SEM2 [u'RMDT101_YEAR_2018', u'RMDT101_YEAR_2017', u'RMDT101', u'RESEARCH METHODS AND TECHNIQUES I', u'BTDNT1', u'BT: DENTAL TECHNOLOGY', u'11', u'YEAR', u'D1', u'Durban Campus Full-time', u'A', u'50002414:VAHED', 10.0]
[u'', u'', u'', u'', u'', u'', u'', u'', u'', u'', u'', u'', u'']
check '' ''
[u'TMOR101_YEAR_2018', u'TMOR101_YEAR_2017', u'TMOR101', u'TOOTH MORPHOLOGY I', u'NDDNT1', u'ND: DENTAL TECHNOLOGY', u'11', u'YEAR', u'D1', u'Durban Campus Full-time', u'A', u'50002414:VAHED', 9.0]
check 'TMOR101_YEAR_2018' 'TMOR101'
processXLS: only for SEM2 [u'TMOR101_YEAR_2018', u'TMOR101_YEAR_2017', u'TMOR101', u'TOOTH MORPHOLOGY I', u'NDDNT1', u'ND: DENTAL TECHNOLOGY', u'11', u'YEAR', u'D1', u'Durban Campus Full-time', u'A', u'50002414:VAHED', 9.0]
[u'TMOR101_YEAR_2018', u'TMOR101_YEAR_2017', u'TMOR101', u'TOOTH MORPHOLOGY I', u'NDDTF1', u'ND: DENTAL TECHNOLOGY (4 YEARS)', u'11', u'YEAR', u'D1', u'Durban Campus Full-time', u'A', u'50002414:VAHED', 31.0]
check 'TMOR101_YEAR_2018' 'TMOR101'
processXLS: only for SEM2 [u'TMOR101_YEAR_2018', u'TMOR101_YEAR_2017', u'TMOR101', u'TOOTH MORPHOLOGY I', u'NDDTF1', u'ND: DENTAL TECHNOLOGY (4 YEARS)', u'11', u'YEAR', u'D1', u'Durban Campus Full-time', u'A', u'50002414:VAHED', 31.0]
[u'', u'', u'', u'', u'', u'', u'', u'', u'', u'', u'', u'', u'']
check '' ''
[u'APDT201_YEAR_2018', u'APDT201_YEAR_2017', u'APDT201', u'APPLIED DENTAL TECHNOLOGY II', u'NDDNT1', u'ND: DENTAL TECHNOLOGY', u'11', u'YEAR', u'D1', u'Durban Campus Full-time', u'A', u'40008413:RATTAN; 50002414:VAHED; 40010498:GUMBI', 14.0]
check 'APDT201_YEAR_2018' 'APDT201'
processXLS: only for SEM2 [u'APDT201_YEAR_2018', u'APDT201_YEAR_2017', u'APDT201', u'APPLIED DENTAL TECHNOLOGY II', u'NDDNT1', u'ND: DENTAL TECHNOLOGY', u'11', u'YEAR', u'D1', u'Durban Campus Full-time', u'A', u'40008413:RATTAN; 50002414:VAHED; 40010498:GUMBI', 14.0]
[u'APDT201_YEAR_2018', u'APDT201_YEAR_2017', u'APDT201', u'APPLIED DENTAL TECHNOLOGY II', u'NDDTF1', u'ND: DENTAL TECHNOLOGY (4 YEARS)', u'11', u'YEAR', u'D1', u'Durban Campus Full-time', u'A', u'40008413:RATTAN; 50002414:VAHED; 40010498:GUMBI', 18.0]
check 'APDT201_YEAR_2018' 'APDT201'
processXLS: only for SEM2 [u'APDT201_YEAR_2018', u'APDT201_YEAR_2017', u'APDT201', u'APPLIED DENTAL TECHNOLOGY II', u'NDDTF1', u'ND: DENTAL TECHNOLOGY (4 YEARS)', u'11', u'YEAR', u'D1', u'Durban Campus Full-time', u'A', u'40008413:RATTAN; 50002414:VAHED; 40010498:GUMBI', 18.0]
[u'', u'', u'', u'', u'', u'', u'', u'', u'', u'', u'', u'', u'']
check '' ''
[u'BPRD201_YEAR_2018', u'BPRD201_YEAR_2017', u'BPRD201', u'BUSINESS PRACTICE II', u'BTDNT1', u'BT: DENTAL TECHNOLOGY', u'11', u'YEAR', u'D1', u'Durban Campus Full-time', u'A', u'50000915:BASS', 10.0]
check 'BPRD201_YEAR_2018' 'BPRD201'
processXLS: only for SEM2 [u'BPRD201_YEAR_2018', u'BPRD201_YEAR_2017', u'BPRD201', u'BUSINESS PRACTICE II', u'BTDNT1', u'BT: DENTAL TECHNOLOGY', u'11', u'YEAR', u'D1', u'Durban Campus Full-time', u'A', u'50000915:BASS', 10.0]
[u'', u'', u'', u'', u'', u'', u'', u'', u'', u'', u'', u'', u'']
check '' ''
[u'DMSC211_SEM1_2018', u'DMSC211_SEM1_2017', u'DMSC211', u'DENTAL MATERIALS SCIENCE II (MODULE 1)', u'NDDNT1', u'ND: DENTAL TECHNOLOGY', u'21', u'SEMESTER 1', u'D1', u'Durban Campus Full-time', u'A', u'50001294:NAIDOO', 12.0]
check 'DMSC211_SEM1_2018' 'DMSC211'
processXLS: only for SEM2 [u'DMSC211_SEM1_2018', u'DMSC211_SEM1_2017', u'DMSC211', u'DENTAL MATERIALS SCIENCE II (MODULE 1)', u'NDDNT1', u'ND: DENTAL TECHNOLOGY', u'21', u'SEMESTER 1', u'D1', u'Durban Campus Full-time', u'A', u'50001294:NAIDOO', 12.0]
[u'DMSC211_SEM1_2018', u'DMSC211_SEM1_2017', u'DMSC211', u'DENTAL MATERIALS SCIENCE II (MODULE 1)', u'NDDTF1', u'ND: DENTAL TECHNOLOGY (4 YEARS)', u'21', u'SEMESTER 1', u'D1', u'Durban Campus Full-time', u'A', u'50001294:NAIDOO', 17.0]
check 'DMSC211_SEM1_2018' 'DMSC211'
processXLS: only for SEM2 [u'DMSC211_SEM1_2018', u'DMSC211_SEM1_2017', u'DMSC211', u'DENTAL MATERIALS SCIENCE II (MODULE 1)', u'NDDTF1', u'ND: DENTAL TECHNOLOGY (4 YEARS)', u'21', u'SEMESTER 1', u'D1', u'Durban Campus Full-time', u'A', u'50001294:NAIDOO', 17.0]
[u'', u'', u'', u'', u'', u'', u'', u'', u'', u'', u'', u'', u'']
check '' ''
[u'DMSC221_SEM2_2018', u'DMSC221_SEM2_2017', u'DMSC221', u'DENTAL MATERIALS SCIENCE II (MODULE 2)', u'NDDNT1', u'ND: DENTAL TECHNOLOGY', u'22', u'SEMESTER 2', u'D1', u'Durban Campus Full-time', u'A', u'50001294:NAIDOO', 7.0]
check 'DMSC221_SEM2_2018' 'DMSC221'
adding  DMSC221
requesting:  http://10.0.100.98:8000/bbinfo/matching_courses/DMSC221%25
r= <Response [200]>
matching classes= set([u'DMSC221_13_NGOY', u'DMSC221_SEM2_2018', u'DMSC221_SEM2_2017', u'DMSC221_SEM2_2016'])
[u'DMSC221_SEM2_2018', u'DMSC221_SEM2_2017', u'DMSC221', u'DENTAL MATERIALS SCIENCE II (MODULE 2)', u'NDDTF1', u'ND: DENTAL TECHNOLOGY (4 YEARS)', u'22', u'SEMESTER 2', u'D1', u'Durban Campus Full-time', u'A', u'50001294:NAIDOO', 12.0]
check 'DMSC221_SEM2_2018' 'DMSC221'
adding  DMSC221
requesting:  http://10.0.100.98:8000/bbinfo/matching_courses/DMSC221%25
r= <Response [200]>
matching classes= set([u'DMSC221_13_NGOY', u'DMSC221_SEM2_2018', u'DMSC221_SEM2_2017', u'DMSC221_SEM2_2016'])
[u'', u'', u'', u'', u'', u'', u'', u'', u'', u'', u'', u'', u'']
check '' ''
[u'DTTH211_YEAR_2018', u'DTTH211_YEAR_2017', u'DTTH211', u'DENTAL TECHNOLOGY THEORY II (CROWN/BRIDGE/ORT', u'NDDNT1', u'ND: DENTAL TECHNOLOGY', u'11', u'YEAR', u'D1', u'Durban Campus Full-time', u'A', u'40008413:RATTAN', 13.0]
check 'DTTH211_YEAR_2018' 'DTTH211'
processXLS: only for SEM2 [u'DTTH211_YEAR_2018', u'DTTH211_YEAR_2017', u'DTTH211', u'DENTAL TECHNOLOGY THEORY II (CROWN/BRIDGE/ORT', u'NDDNT1', u'ND: DENTAL TECHNOLOGY', u'11', u'YEAR', u'D1', u'Durban Campus Full-time', u'A', u'40008413:RATTAN', 13.0]
[u'DTTH211_YEAR_2018', u'DTTH211_YEAR_2017', u'DTTH211', u'DENTAL TECHNOLOGY THEORY II (CROWN/BRIDGE/ORT', u'NDDTF1', u'ND: DENTAL TECHNOLOGY (4 YEARS)', u'11', u'YEAR', u'D1', u'Durban Campus Full-time', u'A', u'40008413:RATTANne', 17.0]
check 'DTTH211_YEAR_2018' 'DTTH211'
processXLS: only for SEM2 [u'DTTH211_YEAR_2018', u'DTTH211_YEAR_2017', u'DTTH211', u'DENTAL TECHNOLOGY THEORY II (CROWN/BRIDGE/ORT', u'NDDTF1', u'ND: DENTAL TECHNOLOGY (4 YEARS)', u'11', u'YEAR', u'D1', u'Durban Campus Full-time', u'A', u'40008413:RATTANne', 17.0]
[u'', u'', u'', u'', u'', u'', u'', u'', u'', u'', u'', u'', u'']
check '' ''
[u'DTTH221_YEAR_2018', u'DTTH221_YEAR_2017', u'DTTH221', u'DENTAL TECHNOLOGY THEORY II (CHROME/PROSTH)', u'NDDNT1', u'ND: DENTAL TECHNOLOGY', u'11', u'YEAR', u'D1', u'Durban Campus Full-time', u'A', u'40010498:GUMBI;50002414:VAHED', 13.0]
check 'DTTH221_YEAR_2018' 'DTTH221'
processXLS: only for SEM2 [u'DTTH221_YEAR_2018', u'DTTH221_YEAR_2017', u'DTTH221', u'DENTAL TECHNOLOGY THEORY II (CHROME/PROSTH)', u'NDDNT1', u'ND: DENTAL TECHNOLOGY', u'11', u'YEAR', u'D1', u'Durban Campus Full-time', u'A', u'40010498:GUMBI;50002414:VAHED', 13.0]
[u'DTTH221_YEAR_2018', u'DTTH221_YEAR_2017', u'DTTH221', u'DENTAL TECHNOLOGY THEORY II (CHROME/PROSTH)', u'NDDTF1', u'ND: DENTAL TECHNOLOGY (4 YEARS)', u'11', u'YEAR', u'D1', u'Durban Campus Full-time', u'A', u'40010498:GUMBI;50002414:VAHED', 17.0]
check 'DTTH221_YEAR_2018' 'DTTH221'
processXLS: only for SEM2 [u'DTTH221_YEAR_2018', u'DTTH221_YEAR_2017', u'DTTH221', u'DENTAL TECHNOLOGY THEORY II (CHROME/PROSTH)', u'NDDTF1', u'ND: DENTAL TECHNOLOGY (4 YEARS)', u'11', u'YEAR', u'D1', u'Durban Campus Full-time', u'A', u'40010498:GUMBI;50002414:VAHED', 17.0]
[u'', u'', u'', u'', u'', u'', u'', u'', u'', u'', u'', u'', u'']
check '' ''
[u'APDT301_YEAR_2018', u'APDT301_YEAR_2017', u'APDT301', u'APPLIED DENTAL TECHNOLOGY III', u'NDDNT1', u'ND: DENTAL TECHNOLOGY', u'11', u'YEAR', u'D1', u'Durban Campus Full-time', u'A', u'40008413:RATTAN;40010498:GUMBI', 2.0]
check 'APDT301_YEAR_2018' 'APDT301'
processXLS: only for SEM2 [u'APDT301_YEAR_2018', u'APDT301_YEAR_2017', u'APDT301', u'APPLIED DENTAL TECHNOLOGY III', u'NDDNT1', u'ND: DENTAL TECHNOLOGY', u'11', u'YEAR', u'D1', u'Durban Campus Full-time', u'A', u'40008413:RATTAN;40010498:GUMBI', 2.0]
[u'APDT301_YEAR_2018', u'APDT301_YEAR_2017', u'APDT301', u'APPLIED DENTAL TECHNOLOGY III', u'NDDTF1', u'ND: DENTAL TECHNOLOGY (4 YEARS)', u'11', u'YEAR', u'D1', u'Durban Campus Full-time', u'A', u'40008413:RATTAN;40010498:GUMBI', 15.0]
check 'APDT301_YEAR_2018' 'APDT301'
processXLS: only for SEM2 [u'APDT301_YEAR_2018', u'APDT301_YEAR_2017', u'APDT301', u'APPLIED DENTAL TECHNOLOGY III', u'NDDTF1', u'ND: DENTAL TECHNOLOGY (4 YEARS)', u'11', u'YEAR', u'D1', u'Durban Campus Full-time', u'A', u'40008413:RATTAN;40010498:GUMBI', 15.0]
[u'', u'', u'', u'', u'', u'', u'', u'', u'', u'', u'', u'', u'']
check '' ''
[u'DMSC301_YEAR_2018', u'DMSC301_YEAR_2017', u'DMSC301', u'DENTAL MATERIALS SCIENCE III', u'NDDNT1', u'ND: DENTAL TECHNOLOGY', u'11', u'YEAR', u'D1', u'Durban Campus Full-time', u'A', u'40008413:RATTAN', 2.0]
check 'DMSC301_YEAR_2018' 'DMSC301'
processXLS: only for SEM2 [u'DMSC301_YEAR_2018', u'DMSC301_YEAR_2017', u'DMSC301', u'DENTAL MATERIALS SCIENCE III', u'NDDNT1', u'ND: DENTAL TECHNOLOGY', u'11', u'YEAR', u'D1', u'Durban Campus Full-time', u'A', u'40008413:RATTAN', 2.0]
[u'DMSC301_YEAR_2018', u'DMSC301_YEAR_2017', u'DMSC301', u'DENTAL MATERIALS SCIENCE III', u'NDDTF1', u'ND: DENTAL TECHNOLOGY (4 YEARS)', u'11', u'YEAR', u'D1', u'Durban Campus Full-time', u'A', u'40008413:RATTAN', 15.0]
check 'DMSC301_YEAR_2018' 'DMSC301'
processXLS: only for SEM2 [u'DMSC301_YEAR_2018', u'DMSC301_YEAR_2017', u'DMSC301', u'DENTAL MATERIALS SCIENCE III', u'NDDTF1', u'ND: DENTAL TECHNOLOGY (4 YEARS)', u'11', u'YEAR', u'D1', u'Durban Campus Full-time', u'A', u'40008413:RATTAN', 15.0]
[u'', u'', u'', u'', u'', u'', u'', u'', u'', u'', u'', u'', u'']
check '' ''
[u'DTTH311_YEAR_2018', u'DTTH311_YEAR_2017', u'DTTH311', u'DENTAL TECH THEORY III (CROWN AND BRIDGE AND', u'NDDNT1', u'ND: DENTAL TECHNOLOGY', u'11', u'YEAR', u'D1', u'Durban Campus Full-time', u'A', u'40008413:RATTAN', 2.0]
check 'DTTH311_YEAR_2018' 'DTTH311'
processXLS: only for SEM2 [u'DTTH311_YEAR_2018', u'DTTH311_YEAR_2017', u'DTTH311', u'DENTAL TECH THEORY III (CROWN AND BRIDGE AND', u'NDDNT1', u'ND: DENTAL TECHNOLOGY', u'11', u'YEAR', u'D1', u'Durban Campus Full-time', u'A', u'40008413:RATTAN', 2.0]
[u'DTTH311_YEAR_2018', u'DTTH311_YEAR_2017', u'DTTH311', u'DENTAL TECH THEORY III (CROWN AND BRIDGE AND', u'NDDTF1', u'ND: DENTAL TECHNOLOGY (4 YEARS)', u'11', u'YEAR', u'D1', u'Durban Campus Full-time', u'A', u'40008413:RATTAN', 15.0]
check 'DTTH311_YEAR_2018' 'DTTH311'
processXLS: only for SEM2 [u'DTTH311_YEAR_2018', u'DTTH311_YEAR_2017', u'DTTH311', u'DENTAL TECH THEORY III (CROWN AND BRIDGE AND', u'NDDTF1', u'ND: DENTAL TECHNOLOGY (4 YEARS)', u'11', u'YEAR', u'D1', u'Durban Campus Full-time', u'A', u'40008413:RATTAN', 15.0]
[u'', u'', u'', u'', u'', u'', u'', u'', u'', u'', u'', u'', u'']
check '' ''
[u'DTTH321_YEAR_2018', u'DTTH321_YEAR_2017', u'DTTH321', u'DENTAL TECH THEORY III (CHROME AND PROSTHETIC', u'NDDNT1', u'ND: DENTAL TECHNOLOGY', u'11', u'YEAR', u'D1', u'Durban Campus Full-time', u'A', u'40010498:GUMBI', 2.0]
check 'DTTH321_YEAR_2018' 'DTTH321'
processXLS: only for SEM2 [u'DTTH321_YEAR_2018', u'DTTH321_YEAR_2017', u'DTTH321', u'DENTAL TECH THEORY III (CHROME AND PROSTHETIC', u'NDDNT1', u'ND: DENTAL TECHNOLOGY', u'11', u'YEAR', u'D1', u'Durban Campus Full-time', u'A', u'40010498:GUMBI', 2.0]
[u'DTTH321_YEAR_2018', u'DTTH321_YEAR_2017', u'DTTH321', u'DENTAL TECH THEORY III (CHROME AND PROSTHETIC', u'NDDTF1', u'ND: DENTAL TECHNOLOGY (4 YEARS)', u'11', u'YEAR', u'D1', u'Durban Campus Full-time', u'A', u'40010498:GUMBI', 15.0]
check 'DTTH321_YEAR_2018' 'DTTH321'
processXLS: only for SEM2 [u'DTTH321_YEAR_2018', u'DTTH321_YEAR_2017', u'DTTH321', u'DENTAL TECH THEORY III (CHROME AND PROSTHETIC', u'NDDTF1', u'ND: DENTAL TECHNOLOGY (4 YEARS)', u'11', u'YEAR', u'D1', u'Durban Campus Full-time', u'A', u'40010498:GUMBI', 15.0]
[u'', u'', u'', u'', u'', u'', u'', u'', u'', u'', u'', u'', u'']
check '' ''
[u'DMSC411_YEAR_2018', u'DMSC411_YEAR_2017', u'DMSC411', u'MATERIALS SCIENCE IV (MODULE 1)', u'BTDNT1', u'BT: DENTAL TECHNOLOGY', u'11', u'YEAR', u'D1', u'Durban Campus Full-time', u'A', u'50002414:VAHED', 10.0]
check 'DMSC411_YEAR_2018' 'DMSC411'
processXLS: only for SEM2 [u'DMSC411_YEAR_2018', u'DMSC411_YEAR_2017', u'DMSC411', u'MATERIALS SCIENCE IV (MODULE 1)', u'BTDNT1', u'BT: DENTAL TECHNOLOGY', u'11', u'YEAR', u'D1', u'Durban Campus Full-time', u'A', u'50002414:VAHED', 10.0]
[u'', u'', u'', u'', u'', u'', u'', u'', u'', u'', u'', u'', u'']
check '' ''
[u'DMSC421_YEAR_2018', u'DMSC421_YEAR_2017', u'DMSC421', u'MATERIALS SCIENCE IV (RESEARCH REPORT)', u'BTDNT1', u'BT: DENTAL TECHNOLOGY', u'11', u'YEAR', u'D1', u'Durban Campus Full-time', u'A', u'50002414:VAHED A', 10.0]
check 'DMSC421_YEAR_2018' 'DMSC421'
processXLS: only for SEM2 [u'DMSC421_YEAR_2018', u'DMSC421_YEAR_2017', u'DMSC421', u'MATERIALS SCIENCE IV (RESEARCH REPORT)', u'BTDNT1', u'BT: DENTAL TECHNOLOGY', u'11', u'YEAR', u'D1', u'Durban Campus Full-time', u'A', u'50002414:VAHED A', 10.0]
[u'', u'', u'', u'', u'', u'', u'', u'', u'', u'', u'', u'', u'']
check '' ''
[u'DTTH411_YEAR_2018', u'DTTH411_YEAR_2017', u'DTTH411', u'DENTAL TECHNOLOGY IV (CROWN AND BRIDGE AND OR', u'BTDNT1', u'BT: DENTAL TECHNOLOGY', u'11', u'YEAR', u'D1', u'Durban Campus Full-time', u'A', u'40008413:RATTAN', 9.0]
check 'DTTH411_YEAR_2018' 'DTTH411'
processXLS: only for SEM2 [u'DTTH411_YEAR_2018', u'DTTH411_YEAR_2017', u'DTTH411', u'DENTAL TECHNOLOGY IV (CROWN AND BRIDGE AND OR', u'BTDNT1', u'BT: DENTAL TECHNOLOGY', u'11', u'YEAR', u'D1', u'Durban Campus Full-time', u'A', u'40008413:RATTAN', 9.0]
[u'', u'', u'', u'', u'', u'', u'', u'', u'', u'', u'', u'', u'']
check '' ''
[u'DTTH421_YEAR_2018', u'DTTH421_YEAR_2017', u'DTTH421', u'DENTAL TECHNONOLY IV (CHROME AND PROSTHETICS)', u'BTDNT1', u'BT: DENTAL TECHNOLOGY', u'11', u'YEAR', u'D1', u'Durban Campus Full-time', u'A', u'40010498:GUMBI', 9.0]
check 'DTTH421_YEAR_2018' 'DTTH421'
processXLS: only for SEM2 [u'DTTH421_YEAR_2018', u'DTTH421_YEAR_2017', u'DTTH421', u'DENTAL TECHNONOLY IV (CHROME AND PROSTHETICS)', u'BTDNT1', u'BT: DENTAL TECHNOLOGY', u'11', u'YEAR', u'D1', u'Durban Campus Full-time', u'A', u'40010498:GUMBI', 9.0]
[u'', u'', u'', u'', u'', u'', u'', u'', u'', u'', u'', u'', u'']
check '' ''
[u'DTTH431_YEAR_2018', u'DTTH431_YEAR_2017', u'DTTH431', u'DENTAL TECHNOLOGY IV (PRACTICAL)', u'BTDNT1', u'BT: DENTAL TECHNOLOGY', u'11', u'YEAR', u'D1', u'Durban Campus Full-time', u'A', u'40008413:RATTAN;40010498:GUMBI', 9.0]
check 'DTTH431_YEAR_2018' 'DTTH431'
processXLS: only for SEM2 [u'DTTH431_YEAR_2018', u'DTTH431_YEAR_2017', u'DTTH431', u'DENTAL TECHNOLOGY IV (PRACTICAL)', u'BTDNT1', u'BT: DENTAL TECHNOLOGY', u'11', u'YEAR', u'D1', u'Durban Campus Full-time', u'A', u'40008413:RATTAN;40010498:GUMBI', 9.0]
[u'', u'', u'', u'', u'', u'', u'', u'', u'', u'', u'', u'', u'']
check '' ''
[u'RPDN511_YEAR_2018', u'RPDN511_YEAR_2017', u'RPDN511', u'RESEARCH PROJECT AND DISSERTATION (1ST REG)', u'MHDNT1', u'MH:  DENTAL TECHNOLOGY', u'P0', u'POST-GRAD ANNUAL REGISTRATIONS', u'D3', u'Durban Campus Part-time', u'A', u'50001294:NAIDOO', 1.0]
check 'RPDN511_YEAR_2018' 'RPDN511'
processXLS: only for SEM2 [u'RPDN511_YEAR_2018', u'RPDN511_YEAR_2017', u'RPDN511', u'RESEARCH PROJECT AND DISSERTATION (1ST REG)', u'MHDNT1', u'MH:  DENTAL TECHNOLOGY', u'P0', u'POST-GRAD ANNUAL REGISTRATIONS', u'D3', u'Durban Campus Part-time', u'A', u'50001294:NAIDOO', 1.0]
[u'', u'', u'', u'', u'', u'', u'', u'', u'', u'', u'', u'', u'']
check '' ''
[u'RPDN521_YEAR_2018', u'RPDN521_YEAR_2017', u'RPDN521', u'RESEARCH PROJECT AND DISSERTATION (2ND REG)', u'MHDNT1', u'MH:  DENTAL TECHNOLOGY', u'P0', u'POST-GRAD ANNUAL REGISTRATIONS', u'D1', u'Durban Campus Full-time', u'A', u'50001294:NAIDOO', 2.0]
check 'RPDN521_YEAR_2018' 'RPDN521'
processXLS: only for SEM2 [u'RPDN521_YEAR_2018', u'RPDN521_YEAR_2017', u'RPDN521', u'RESEARCH PROJECT AND DISSERTATION (2ND REG)', u'MHDNT1', u'MH:  DENTAL TECHNOLOGY', u'P0', u'POST-GRAD ANNUAL REGISTRATIONS', u'D1', u'Durban Campus Full-time', u'A', u'50001294:NAIDOO', 2.0]
[u'', u'', u'', u'', u'', u'', u'', u'', u'', u'', u'', u'', u'']
check '' ''
[u'RPDN531_YEAR_2018', u'RPDN531_YEAR_2017', u'RPDN531', u'RESEARCH PROJECT AND DISSERTATION (3RD REG)', u'MHDNT1', u'MH:  DENTAL TECHNOLOGY', u'P0', u'POST-GRAD ANNUAL REGISTRATIONS', u'D1', u'Durban Campus Full-time', u'A', u'50001294:NAIDOO', 2.0]
check 'RPDN531_YEAR_2018' 'RPDN531'
processXLS: only for SEM2 [u'RPDN531_YEAR_2018', u'RPDN531_YEAR_2017', u'RPDN531', u'RESEARCH PROJECT AND DISSERTATION (3RD REG)', u'MHDNT1', u'MH:  DENTAL TECHNOLOGY', u'P0', u'POST-GRAD ANNUAL REGISTRATIONS', u'D1', u'Durban Campus Full-time', u'A', u'50001294:NAIDOO', 2.0]
[u'RPDN531_YEAR_2018', u'RPDN531_YEAR_2017', u'RPDN531', u'RESEARCH PROJECT AND DISSERTATION (3RD REG)', u'MHDNT1', u'MH:  DENTAL TECHNOLOGY', u'P0', u'POST-GRAD ANNUAL REGISTRATIONS', u'D3', u'Durban Campus Part-time', u'A', u'50001294:NAIDOO', 4.0]
check 'RPDN531_YEAR_2018' 'RPDN531'
processXLS: only for SEM2 [u'RPDN531_YEAR_2018', u'RPDN531_YEAR_2017', u'RPDN531', u'RESEARCH PROJECT AND DISSERTATION (3RD REG)', u'MHDNT1', u'MH:  DENTAL TECHNOLOGY', u'P0', u'POST-GRAD ANNUAL REGISTRATIONS', u'D3', u'Durban Campus Part-time', u'A', u'50001294:NAIDOO', 4.0]
[u'', u'', u'', u'', u'', u'', u'', u'', u'', u'', u'', u'', u'']
check '' ''
[u'RPLD512_YEAR_2018', u'RPLD512_YEAR_2017', u'RPLD512', u'RESEARCH PROJECT AND DISSERTATION (1ST REGIST', u'MHDNT1', u'MH:  DENTAL TECHNOLOGY', u'P0', u'POST-GRAD ANNUAL REGISTRATIONS', u'D3', u'Durban Campus Part-time', u'A', u'50001294:NAIDOO', 1.0]
check 'RPLD512_YEAR_2018' 'RPLD512'
processXLS: only for SEM2 [u'RPLD512_YEAR_2018', u'RPLD512_YEAR_2017', u'RPLD512', u'RESEARCH PROJECT AND DISSERTATION (1ST REGIST', u'MHDNT1', u'MH:  DENTAL TECHNOLOGY', u'P0', u'POST-GRAD ANNUAL REGISTRATIONS', u'D3', u'Durban Campus Part-time', u'A', u'50001294:NAIDOO', 1.0]
[u'', u'', u'', u'', u'', u'', u'', u'', u'', u'', u'', u'', u'']
check '' ''
[u'RPLD522_YEAR_2018', u'RPLD522_YEAR_2017', u'RPLD522', u'RESEARCH PROJECT AND DISSERTATION (SUCCESSIVE', u'MHDNT1', u'MH:  DENTAL TECHNOLOGY', u'P0', u'POST-GRAD ANNUAL REGISTRATIONS', u'D1', u'Durban Campus Full-time', u'A', u'50001294:NAIDOO', 5.0]
check 'RPLD522_YEAR_2018' 'RPLD522'
processXLS: only for SEM2 [u'RPLD522_YEAR_2018', u'RPLD522_YEAR_2017', u'RPLD522', u'RESEARCH PROJECT AND DISSERTATION (SUCCESSIVE', u'MHDNT1', u'MH:  DENTAL TECHNOLOGY', u'P0', u'POST-GRAD ANNUAL REGISTRATIONS', u'D1', u'Durban Campus Full-time', u'A', u'50001294:NAIDOO', 5.0]
[u'RPLD522_YEAR_2018', u'RPLD522_YEAR_2017', u'RPLD522', u'RESEARCH PROJECT AND DISSERTATION (SUCCESSIVE', u'MHDNT1', u'MH:  DENTAL TECHNOLOGY', u'P0', u'POST-GRAD ANNUAL REGISTRATIONS', u'D3', u'Durban Campus Part-time', u'A', u'50001294:NAIDOO', 3.0]
check 'RPLD522_YEAR_2018' 'RPLD522'
processXLS: only for SEM2 [u'RPLD522_YEAR_2018', u'RPLD522_YEAR_2017', u'RPLD522', u'RESEARCH PROJECT AND DISSERTATION (SUCCESSIVE', u'MHDNT1', u'MH:  DENTAL TECHNOLOGY', u'P0', u'POST-GRAD ANNUAL REGISTRATIONS', u'D3', u'Durban Campus Part-time', u'A', u'50001294:NAIDOO', 3.0]
[u'', u'', u'', u'', u'', u'', u'', u'', u'', u'', u'', u'', u'']
check '' ''
[u'RPDN611_YEAR_2018', u'RPDN611_YEAR_2017', u'RPDN611', u'RESEARCH PROJECT AND DISSERTATION (1ST REG)', u'DRDNT1', u'DOCTOR OF DENTAL TECHNOLOGY', u'P0', u'POST-GRAD ANNUAL REGISTRATIONS', u'D1', u'Durban Campus Full-time', u'A', u'50001294:NAIDOO', 1.0]
check 'RPDN611_YEAR_2018' 'RPDN611'
processXLS: only for SEM2 [u'RPDN611_YEAR_2018', u'RPDN611_YEAR_2017', u'RPDN611', u'RESEARCH PROJECT AND DISSERTATION (1ST REG)', u'DRDNT1', u'DOCTOR OF DENTAL TECHNOLOGY', u'P0', u'POST-GRAD ANNUAL REGISTRATIONS', u'D1', u'Durban Campus Full-time', u'A', u'50001294:NAIDOO', 1.0]
[u'===APPEND===', u'', u'', u'', u'', u'', u'', u'', u'', u'', u'', u'', u'']
check '===APPEND===' ''
[u'2017 NEW SUBJECTS  Blackboard Classrooms for Department: 3606 - DENTAL SCIENCES', u'', u'', u'', u'', u'', u'', u'', u'', u'', u'', u'', u'']
check '2017 NEW SUBJECTS  Blackboard Classrooms for Department: 3606 - DENTAL SCIENCES' ''
[u'', u'', u'', u'', u'', u'', u'', u'', u'', u'', u'', u'', u'']
check '' ''
[u'BB Classroom', u'Migrate Classroom', u'ITS Subject', u'', u'ITS Qualification', u'', u'Block', u'', u'Off Type', u'', u'Grp', u'Lecturer(s)', u'2016 Enrol']
check 'BB Classroom' 'ITS Subject'
[u'', u'', u'', u'', u'', u'', u'', u'', u'', u'', u'', u'', u'']
check '' ''
[u'DACP101_SEM2_2018', u'DACP101_SEM2_2017', u'DACP101', u'DENTAL ASSISTING CLINICAL PRACTICE', u'HCDNA1', u'HIGHER CERTIFICATE IN DENTAL ASSISTING', u'22', u'SEMESTER 2', u'D1', u'Durban Campus Full-time', u'A', u'40009661: GAREEB', 0.0]
check 'DACP101_SEM2_2018' 'DACP101'
adding  DACP101
requesting:  http://10.0.100.98:8000/bbinfo/matching_courses/DACP101%25
r= <Response [200]>
matching classes= set([u'DACP101_SEM2_2017', u'DACP101_SEM2_2018'])
[u'DACP101_SEM2_2018', u'DACP101_SEM2_2017', u'DACP101', u'DENTAL ASSISTING CLINICAL PRACTICE', u'HCDNA1', u'HIGHER CERTIFICATE IN DENTAL ASSISTING', u'22', u'SEMESTER 2', u'D3', u'Durban Campus Part-time', u'A', u'40009661: GAREEB', 0.0]
check 'DACP101_SEM2_2018' 'DACP101'
adding  DACP101
requesting:  http://10.0.100.98:8000/bbinfo/matching_courses/DACP101%25
r= <Response [200]>
matching classes= set([u'DACP101_SEM2_2017', u'DACP101_SEM2_2018'])
[u'', u'', u'', u'', u'', u'', u'', u'', u'', u'', u'', u'', u'']
check '' ''
[u'DAPA101_SEM1_2018', u'DAPA101_SEM1_2017', u'DAPA101', u'DENTAL ASSISTING PRACTICAL IA', u'HCDNA1', u'HIGHER CERTIFICATE IN DENTAL ASSISTING', u'21', u'SEMESTER 1', u'D1', u'Durban Campus Full-time', u'A', u'40009661: GAREEB; 40009661: RADEBE; 40003434: NAIR', 0.0]
check 'DAPA101_SEM1_2018' 'DAPA101'
processXLS: only for SEM2 [u'DAPA101_SEM1_2018', u'DAPA101_SEM1_2017', u'DAPA101', u'DENTAL ASSISTING PRACTICAL IA', u'HCDNA1', u'HIGHER CERTIFICATE IN DENTAL ASSISTING', u'21', u'SEMESTER 1', u'D1', u'Durban Campus Full-time', u'A', u'40009661: GAREEB; 40009661: RADEBE; 40003434: NAIR', 0.0]
[u'DAPA101_SEM1_2018', u'DAPA101_SEM1_2017', u'DAPA101', u'DENTAL ASSISTING PRACTICAL IA', u'HCDNA1', u'HIGHER CERTIFICATE IN DENTAL ASSISTING', u'21', u'SEMESTER 1', u'D3', u'Durban Campus Part-time', u'A', u'40009661: GAREEB; 40009661: RADEBE; 40003434: NAIR', 0.0]
check 'DAPA101_SEM1_2018' 'DAPA101'
processXLS: only for SEM2 [u'DAPA101_SEM1_2018', u'DAPA101_SEM1_2017', u'DAPA101', u'DENTAL ASSISTING PRACTICAL IA', u'HCDNA1', u'HIGHER CERTIFICATE IN DENTAL ASSISTING', u'21', u'SEMESTER 1', u'D3', u'Durban Campus Part-time', u'A', u'40009661: GAREEB; 40009661: RADEBE; 40003434: NAIR', 0.0]
[u'', u'', u'', u'', u'', u'', u'', u'', u'', u'', u'', u'', u'']
check '' ''
[u'DAPB101_SEM2_2018', u'DAPB101_SEM2_2017', u'DAPB101', u'DENTAL ASSISTING PRACTICAL IB', u'HCDNA1', u'HIGHER CERTIFICATE IN DENTAL ASSISTING', u'22', u'SEMESTER 2', u'D1', u'Durban Campus Full-time', u'A', u'40009661: GAREEB; 40009661: RADEBE; 40003434: NAIR', 0.0]
check 'DAPB101_SEM2_2018' 'DAPB101'
adding  DAPB101
requesting:  http://10.0.100.98:8000/bbinfo/matching_courses/DAPB101%25
r= <Response [200]>
matching classes= set([u'DAPB101_SEM2_2017', u'DAPB101_SEM2_2018'])
[u'DAPB101_SEM2_2018', u'DAPB101_SEM2_2017', u'DAPB101', u'DENTAL ASSISTING PRACTICAL IB', u'HCDNA1', u'HIGHER CERTIFICATE IN DENTAL ASSISTING', u'22', u'SEMESTER 2', u'D3', u'Durban Campus Part-time', u'A', u'40009661: GAREEB; 40009661: RADEBE; 40003434: NAIR', 0.0]
check 'DAPB101_SEM2_2018' 'DAPB101'
adding  DAPB101
requesting:  http://10.0.100.98:8000/bbinfo/matching_courses/DAPB101%25
r= <Response [200]>
matching classes= set([u'DAPB101_SEM2_2017', u'DAPB101_SEM2_2018'])
[u'', u'', u'', u'', u'', u'', u'', u'', u'', u'', u'', u'', u'']
check '' ''
[u'DATA101_SEM1_2018', u'DATA101_SEM1_2017', u'DATA101', u'DENTAL ASSISTING THEORY IA', u'HCDNA1', u'HIGHER CERTIFICATE IN DENTAL ASSISTING', u'21', u'SEMESTER 1', u'D1', u'Durban Campus Full-time', u'A', u'40009661: GAREEB; 40009661: RADEBE; 40003434: NAIR', 0.0]
check 'DATA101_SEM1_2018' 'DATA101'
processXLS: only for SEM2 [u'DATA101_SEM1_2018', u'DATA101_SEM1_2017', u'DATA101', u'DENTAL ASSISTING THEORY IA', u'HCDNA1', u'HIGHER CERTIFICATE IN DENTAL ASSISTING', u'21', u'SEMESTER 1', u'D1', u'Durban Campus Full-time', u'A', u'40009661: GAREEB; 40009661: RADEBE; 40003434: NAIR', 0.0]
[u'DATA101_SEM1_2018', u'DATA101_SEM1_2017', u'DATA101', u'DENTAL ASSISTING THEORY IA', u'HCDNA1', u'HIGHER CERTIFICATE IN DENTAL ASSISTING', u'21', u'SEMESTER 1', u'D3', u'Durban Campus Part-time', u'A', u'40009661: GAREEB; 40009661: RADEBE; 40003434: NAIR', 0.0]
check 'DATA101_SEM1_2018' 'DATA101'
processXLS: only for SEM2 [u'DATA101_SEM1_2018', u'DATA101_SEM1_2017', u'DATA101', u'DENTAL ASSISTING THEORY IA', u'HCDNA1', u'HIGHER CERTIFICATE IN DENTAL ASSISTING', u'21', u'SEMESTER 1', u'D3', u'Durban Campus Part-time', u'A', u'40009661: GAREEB; 40009661: RADEBE; 40003434: NAIR', 0.0]
[u'', u'', u'', u'', u'', u'', u'', u'', u'', u'', u'', u'', u'']
check '' ''
[u'DATB101_SEM2_2018', u'DATB101_SEM2_2017', u'DATB101', u'DENTAL ASSISTING THEORY IB', u'HCDNA1', u'HIGHER CERTIFICATE IN DENTAL ASSISTING', u'22', u'SEMESTER 2', u'D1', u'Durban Campus Full-time', u'A', u'40009661: GAREEB; 40009661: RADEBE; 40003434: NAIR', 0.0]
check 'DATB101_SEM2_2018' 'DATB101'
adding  DATB101
requesting:  http://10.0.100.98:8000/bbinfo/matching_courses/DATB101%25
r= <Response [200]>
matching classes= set([u'DATB101_SEM2_2018', u'DATB101_SEM2_2017'])
[u'DATB101_SEM2_2018', u'DATB101_SEM2_2017', u'DATB101', u'DENTAL ASSISTING THEORY IB', u'HCDNA1', u'HIGHER CERTIFICATE IN DENTAL ASSISTING', u'22', u'SEMESTER 2', u'D3', u'Durban Campus Part-time', u'A', u'40009661: GAREEB; 40009661: RADEBE; 40003434: NAIR', 0.0]
check 'DATB101_SEM2_2018' 'DATB101'
adding  DATB101
requesting:  http://10.0.100.98:8000/bbinfo/matching_courses/DATB101%25
r= <Response [200]>
matching classes= set([u'DATB101_SEM2_2018', u'DATB101_SEM2_2017'])
[u'', u'', u'', u'', u'', u'', u'', u'', u'', u'', u'', u'', u'']
check '' ''
[u'DNPM101_SEM1_2018', u'DNPM101_SEM1_2017', u'DNPM101', u'DENTAL PRACTICE MANAGEMENT', u'HCDNA1', u'HIGHER CERTIFICATE IN DENTAL ASSISTING', u'21', u'SEMESTER 1', u'D1', u'Durban Campus Full-time', u'A', u'40009661: RADEBE; 40003434: NAIR', 0.0]
check 'DNPM101_SEM1_2018' 'DNPM101'
processXLS: only for SEM2 [u'DNPM101_SEM1_2018', u'DNPM101_SEM1_2017', u'DNPM101', u'DENTAL PRACTICE MANAGEMENT', u'HCDNA1', u'HIGHER CERTIFICATE IN DENTAL ASSISTING', u'21', u'SEMESTER 1', u'D1', u'Durban Campus Full-time', u'A', u'40009661: RADEBE; 40003434: NAIR', 0.0]
[u'DNPM101_SEM1_2018', u'DNPM101_SEM1_2017', u'DNPM101', u'DENTAL PRACTICE MANAGEMENT', u'HCDNA1', u'HIGHER CERTIFICATE IN DENTAL ASSISTING', u'21', u'SEMESTER 1', u'D3', u'Durban Campus Part-time', u'A', u'40009661: RADEBE; 40003434: NAIR', 0.0]
check 'DNPM101_SEM1_2018' 'DNPM101'
processXLS: only for SEM2 [u'DNPM101_SEM1_2018', u'DNPM101_SEM1_2017', u'DNPM101', u'DENTAL PRACTICE MANAGEMENT', u'HCDNA1', u'HIGHER CERTIFICATE IN DENTAL ASSISTING', u'21', u'SEMESTER 1', u'D3', u'Durban Campus Part-time', u'A', u'40009661: RADEBE; 40003434: NAIR', 0.0]
[u'', u'', u'', u'', u'', u'', u'', u'', u'', u'', u'', u'', u'']
check '' ''
[u'OAPA101_SEM1_2018', u'OAPA101_SEM1_2017', u'OAPA101', u'ORAL ANATOMY AND PATHOLOGY IA', u'HCDNA1', u'HIGHER CERTIFICATE IN DENTAL ASSISTING', u'21', u'SEMESTER 1', u'D1', u'Durban Campus Full-time', u'A', u'40009661: RADEBE', 0.0]
check 'OAPA101_SEM1_2018' 'OAPA101'
processXLS: only for SEM2 [u'OAPA101_SEM1_2018', u'OAPA101_SEM1_2017', u'OAPA101', u'ORAL ANATOMY AND PATHOLOGY IA', u'HCDNA1', u'HIGHER CERTIFICATE IN DENTAL ASSISTING', u'21', u'SEMESTER 1', u'D1', u'Durban Campus Full-time', u'A', u'40009661: RADEBE', 0.0]
[u'OAPA101_SEM1_2018', u'OAPA101_SEM1_2017', u'OAPA101', u'ORAL ANATOMY AND PATHOLOGY IA', u'HCDNA1', u'HIGHER CERTIFICATE IN DENTAL ASSISTING', u'21', u'SEMESTER 1', u'D3', u'Durban Campus Part-time', u'A', u'40009661: RADEBE', 0.0]
check 'OAPA101_SEM1_2018' 'OAPA101'
processXLS: only for SEM2 [u'OAPA101_SEM1_2018', u'OAPA101_SEM1_2017', u'OAPA101', u'ORAL ANATOMY AND PATHOLOGY IA', u'HCDNA1', u'HIGHER CERTIFICATE IN DENTAL ASSISTING', u'21', u'SEMESTER 1', u'D3', u'Durban Campus Part-time', u'A', u'40009661: RADEBE', 0.0]
[u'', u'', u'', u'', u'', u'', u'', u'', u'', u'', u'', u'', u'']
check '' ''
[u'OAPB101_SEM2_2018', u'OAPB101_SEM2_2017', u'OAPB101', u'ORAL ANATOMY AND PATHOLOGY IB', u'HCDNA1', u'HIGHER CERTIFICATE IN DENTAL ASSISTING', u'22', u'SEMESTER 2', u'D1', u'Durban Campus Full-time', u'A', u'40009661: RADEBE', 0.0]
check 'OAPB101_SEM2_2018' 'OAPB101'
adding  OAPB101
requesting:  http://10.0.100.98:8000/bbinfo/matching_courses/OAPB101%25
r= <Response [200]>
matching classes= set([u'OAPB101_SEM2_2017', u'OAPB101_SEM2_2018'])
[u'OAPB101_SEM2_2018', u'OAPB101_SEM2_2017', u'OAPB101', u'ORAL ANATOMY AND PATHOLOGY IB', u'HCDNA1', u'HIGHER CERTIFICATE IN DENTAL ASSISTING', u'22', u'SEMESTER 2', u'D3', u'Durban Campus Part-time', u'A', u'40009661: RADEBE', 0.0]
check 'OAPB101_SEM2_2018' 'OAPB101'
adding  OAPB101
requesting:  http://10.0.100.98:8000/bbinfo/matching_courses/OAPB101%25
r= <Response [200]>
matching classes= set([u'OAPB101_SEM2_2017', u'OAPB101_SEM2_2018'])
[u'', u'', u'', u'', u'', u'', u'', u'', u'', u'', u'', u'', u'']
check '' ''
[u'PHDA101_SEM2_2018', u'PHDA101_SEM2_2017', u'PHDA101', u'PHARMACOLOGY FOR DENTAL ASSISTING', u'HCDNA1', u'HIGHER CERTIFICATE IN DENTAL ASSISTING', u'22', u'SEMESTER 2', u'D1', u'Durban Campus Full-time', u'A', u'50002457: THANDAR', 0.0]
check 'PHDA101_SEM2_2018' 'PHDA101'
adding  PHDA101
requesting:  http://10.0.100.98:8000/bbinfo/matching_courses/PHDA101%25
r= <Response [200]>
matching classes= set([u'PHDA101_SEM2_2018', u'PHDA101_SEM2_2017'])
[u'PHDA101_SEM2_2018', u'PHDA101_SEM2_2017', u'PHDA101', u'PHARMACOLOGY FOR DENTAL ASSISTING', u'HCDNA1', u'HIGHER CERTIFICATE IN DENTAL ASSISTING', u'22', u'SEMESTER 2', u'D3', u'Durban Campus Part-time', u'A', u'50002457: THANDAR', 0.0]
check 'PHDA101_SEM2_2018' 'PHDA101'
adding  PHDA101
requesting:  http://10.0.100.98:8000/bbinfo/matching_courses/PHDA101%25
r= <Response [200]>
matching classes= set([u'PHDA101_SEM2_2018', u'PHDA101_SEM2_2017'])
[u'...', u'', u'', u'', u'', u'', u'', u'', u'', u'', u'', u'', u'']
check '...' ''
[u'New subjects for 2018', u'', u'', u'', u'', u'', u'', u'', u'', u'', u'', u'', u'']
check 'New subjects for 2018' ''
[u'PHCD111_SEM1_2018', u'TEMPLATE_2018', u'PHCD111', u'PHYSICS&CHEMISTRY (MOD1) (CHEMISTRY)', u'NDDNT1', u'ND: DENTAL TECHNOLOGY', 21.0, u'SEMSTER 1', u'D1', u'Durban Campus Full-time', u'A', u'50001294:NAIDOO', 25.0]
check 'PHCD111_SEM1_2018' 'PHCD111'
processXLS: only for SEM2 [u'PHCD111_SEM1_2018', u'TEMPLATE_2018', u'PHCD111', u'PHYSICS&CHEMISTRY (MOD1) (CHEMISTRY)', u'NDDNT1', u'ND: DENTAL TECHNOLOGY', 21.0, u'SEMSTER 1', u'D1', u'Durban Campus Full-time', u'A', u'50001294:NAIDOO', 25.0]
[u'PHCD121_SEM2_2018', u'TEMPLATE_2018', u'PHCD121', u'PHYSICS&CHEMISTRY (MOD2) (PHYSICS)', u'NDDNT1', u'ND: DENTAL TECHNOLOGY', 22.0, u'SEMSTER 2', u'D1', u'Durban Campus Full-time', u'A', u'50001294:NAIDOO', 25.0]
check 'PHCD121_SEM2_2018' 'PHCD121'
processXLS: only for SEM2 [u'PHCD121_SEM2_2018', u'TEMPLATE_2018', u'PHCD121', u'PHYSICS&CHEMISTRY (MOD2) (PHYSICS)', u'NDDNT1', u'ND: DENTAL TECHNOLOGY', 22.0, u'SEMSTER 2', u'D1', u'Durban Campus Full-time', u'A', u'50001294:NAIDOO', 25.0]
[u'', u'', u'', u'', u'', u'', u'', u'', u'', u'', u'', u'', u'']
check '' ''
[u'BPRD101_YEAR_2018', u'TEMPLATE_2018', u'BPRD101', u'BUSINESS PRACTICE', u'NDDNT1', u'ND: DENTAL TECHNOLOGY', 11.0, u'YEAR', u'D1', u'Durban Campus Full-time', u'A', u'50001294:NAIDOO', 25.0]
check 'BPRD101_YEAR_2018' 'BPRD101'
processXLS: only for SEM2 [u'BPRD101_YEAR_2018', u'TEMPLATE_2018', u'BPRD101', u'BUSINESS PRACTICE', u'NDDNT1', u'ND: DENTAL TECHNOLOGY', 11.0, u'YEAR', u'D1', u'Durban Campus Full-time', u'A', u'50001294:NAIDOO', 25.0]
[u'BPRD101_YEAR_2018', u'TEMPLATE_2018', u'BPRD101', u'BUSINESS PRACTICE', u'NDDTF1', u'ND: DENTAL TECHNOLOGY (4 YEARS)', 11.0, u'YEAR', u'D1', u'Durban Campus Full-time', u'A', u'50001294:NAIDOO', 25.0]
check 'BPRD101_YEAR_2018' 'BPRD101'
processXLS: only for SEM2 [u'BPRD101_YEAR_2018', u'TEMPLATE_2018', u'BPRD101', u'BUSINESS PRACTICE', u'NDDTF1', u'ND: DENTAL TECHNOLOGY (4 YEARS)', 11.0, u'YEAR', u'D1', u'Durban Campus Full-time', u'A', u'50001294:NAIDOO', 25.0]
[u'', u'', u'', u'', u'', u'', u'', u'', u'', u'', u'', u'', u'']
check '' ''
[u'CMCA101_YEAR_2018', u'TEMPLATE_2018', u'CMCA101', u'COMMUNICATION', u'NDDNT1', u'ND: DENTAL TECHNOLOGY', 11.0, u'YEAR', u'D1', u'Durban Campus Full-time', u'A', u'50001294:NAIDOO', 25.0]
check 'CMCA101_YEAR_2018' 'CMCA101'
processXLS: only for SEM2 [u'CMCA101_YEAR_2018', u'TEMPLATE_2018', u'CMCA101', u'COMMUNICATION', u'NDDNT1', u'ND: DENTAL TECHNOLOGY', 11.0, u'YEAR', u'D1', u'Durban Campus Full-time', u'A', u'50001294:NAIDOO', 25.0]
[u'CMCA101_YEAR_2018', u'TEMPLATE_2018', u'CMCA101', u'COMMUNICATION', u'NDDTF1', u'ND: DENTAL TECHNOLOGY (4 YEARS)', 11.0, u'YEAR', u'D1', u'Durban Campus Full-time', u'A', u'50001294:NAIDOO', 25.0]
check 'CMCA101_YEAR_2018' 'CMCA101'
processXLS: only for SEM2 [u'CMCA101_YEAR_2018', u'TEMPLATE_2018', u'CMCA101', u'COMMUNICATION', u'NDDTF1', u'ND: DENTAL TECHNOLOGY (4 YEARS)', 11.0, u'YEAR', u'D1', u'Durban Campus Full-time', u'A', u'50001294:NAIDOO', 25.0]
processXLS: finished processing workingSheets/data/BBC3606DentalSciences2017.xls
getWS: requesting:  http://10.0.100.98:8000/itsenrol/classlist/2018/22/DAPB101 rsp= <Response [200]>
getWS: requesting:  http://10.0.100.98:8000/bbinfo/classlist/DAPB101 rsp= <Response [200]>
getNewStudentsInSubject: ITS 56, BB 2 -> 56 new enrollments
getWS: requesting:  http://10.0.100.98:8000/itsenrol/classlist/2018/22/OAPB101 rsp= <Response [200]>
getWS: requesting:  http://10.0.100.98:8000/bbinfo/classlist/OAPB101 rsp= <Response [200]>
getNewStudentsInSubject: ITS 56, BB 1 -> 56 new enrollments
getWS: requesting:  http://10.0.100.98:8000/itsenrol/classlist/2018/22/DATB101 rsp= <Response [200]>
getWS: requesting:  http://10.0.100.98:8000/bbinfo/classlist/DATB101 rsp= <Response [200]>
getNewStudentsInSubject: ITS 56, BB 2 -> 56 new enrollments
getWS: requesting:  http://10.0.100.98:8000/itsenrol/classlist/2018/22/PHDA101 rsp= <Response [200]>
getWS: requesting:  http://10.0.100.98:8000/bbinfo/classlist/PHDA101 rsp= <Response [200]>
getNewStudentsInSubject: ITS 0, BB 73 -> 0 new enrollments
getWS: requesting:  http://10.0.100.98:8000/itsenrol/classlist/2018/22/DACP101 rsp= <Response [200]>
getWS: requesting:  http://10.0.100.98:8000/bbinfo/classlist/DACP101 rsp= <Response [200]>
getNewStudentsInSubject: ITS 56, BB 1 -> 56 new enrollments
getWS: requesting:  http://10.0.100.98:8000/itsenrol/classlist/2018/22/DMSC221 rsp= <Response [200]>
getWS: requesting:  http://10.0.100.98:8000/bbinfo/classlist/DMSC221 rsp= <Response [200]>
getNewStudentsInSubject: ITS 9, BB 1 -> 9 new enrollments
getWS: requesting:  http://10.0.100.98:8000/itsenrol/classlist/2018/22/JURI121 rsp= <Response [200]>
getWS: requesting:  http://10.0.100.98:8000/bbinfo/classlist/JURI121 rsp= <Response [200]>
getNewStudentsInSubject: ITS 5, BB 1 -> 5 new enrollments
main: Writing students...
main: Writing enrollments...
main: Finished processing workingSheets/data/BBC3606DentalSciences2017.xls
main: 7 subjects processed
main: 14 subject -> classroom maps
main: 65 students
main: 238 student enrollments 0 errors
0.25user 0.11system 0:01.64elapsed 22%CPU (0avgtext+0avgdata 58256maxresident)k
104inputs+48outputs (0major+7133minor)pagefaults 0swaps
POSTING SNAPSHOTS to SIS endpoint
TEST RUN, NOT POSTING BBSTUDENTS
TEST RUN, NOT POSTIN BBENROL
copy snapshot files to saved output
=== department done ===
syncing logs...
Pushing logs from logs/20180723111852 to remote...
sending incremental file list
./
BBC3606DentalSciences2017.BBENROL.txt
BBC3606DentalSciences2017.BBSTUDENTS.txt
BBC3606DentalSciences2017.Enrolomat.txt
BBC3606DentalSciences2017.Postlog.txt

sent 81281 bytes  received 91 bytes  18082.67 bytes/sec
total size is 8497631  speedup is 104.43
logging to logs/20180723111852
=== generate newenrollments for BBC3607BiomedClinicalTechnology2017. ===
GENERATE SNAPSHOTS...
./BBCIncrementalEnrollerX2.py : generating enrolment files for subjects in  workingSheets/data/BBC3607BiomedClinicalTechnology2017.xls
processXLS: start spreadsheet workingSheets/data/BBC3607BiomedClinicalTechnology2017.xls
[u'2018 Blackboard Classrooms for Department: 3607 - BIOMED & CLINICAL TECHNOLOGY', u'', u'', u'', u'', u'', u'', u'', u'', u'', u'', u'', u'']
check '2018 Blackboard Classrooms for Department: 3607 - BIOMED & CLINICAL TECHNOLOGY' ''
[u'', u'', u'', u'', u'', u'', u'', u'', u'', u'', u'', u'', u'']
check '' ''
[u'BB Classroom', u'Migrate Classroom', u'ITS Subject', u'', u'ITS Qualification', u'', u'Block', u'', u'Off Type', u'', u'Grp', u'Lecturer(s)', u'2016 Enrol']
check 'BB Classroom' 'ITS Subject'
[u'CEPA101_SEM1_2018', u'CEPA101_SEM1_2017', u'CEPA101', u'CELLULAR PATHOLOGY I', u'NDBMF1', u'ND: BIOMEDICAL TECHNOLOGY (4 YEARS)', u'21', u'SEMESTER 1', u'D1', u'Durban Campus Full-time', u'A', u'40009874:SYDNEY', 7.0]
check 'CEPA101_SEM1_2018' 'CEPA101'
processXLS: only for SEM2 [u'CEPA101_SEM1_2018', u'CEPA101_SEM1_2017', u'CEPA101', u'CELLULAR PATHOLOGY I', u'NDBMF1', u'ND: BIOMEDICAL TECHNOLOGY (4 YEARS)', u'21', u'SEMESTER 1', u'D1', u'Durban Campus Full-time', u'A', u'40009874:SYDNEY', 7.0]
[u'CEPA101_SEM1_2018', u'CEPA101_SEM1_2017', u'CEPA101', u'CELLULAR PATHOLOGY I', u'NDBMT1', u'ND: BIOMEDICAL TECHNOLOGY', u'21', u'SEMESTER 1', u'D1', u'Durban Campus Full-time', u'A', u'40009874:SYDNEY', 21.0]
check 'CEPA101_SEM1_2018' 'CEPA101'
processXLS: only for SEM2 [u'CEPA101_SEM1_2018', u'CEPA101_SEM1_2017', u'CEPA101', u'CELLULAR PATHOLOGY I', u'NDBMT1', u'ND: BIOMEDICAL TECHNOLOGY', u'21', u'SEMESTER 1', u'D1', u'Durban Campus Full-time', u'A', u'40009874:SYDNEY', 21.0]
[u'', u'', u'', u'', u'', u'', u'', u'', u'', u'', u'', u'', u'']
check '' ''
[u'CHMY101_SEM2_2018', u'CHMY101_SEM2_2017', u'CHMY101', u'CHEMISTRY I', u'NDBMF1', u'ND: BIOMEDICAL TECHNOLOGY (4 YEARS)', u'22', u'SEMESTER 2', u'D1', u'Durban Campus Full-time', u'A', u'40008428:PRAKASCHANDRA', 8.0]
check 'CHMY101_SEM2_2018' 'CHMY101'
adding  CHMY101
requesting:  http://10.0.100.98:8000/bbinfo/matching_courses/CHMY101%25
r= <Response [200]>
matching classes= set([u'CHMY101_SEM2_2018', u'CHMY101_SEM2_2017', u'CHMY101_SEM2_2016', u'CHMY101_13_KASJ'])
[u'', u'', u'', u'', u'', u'', u'', u'', u'', u'', u'', u'', u'']
check '' ''
[u'CLRP101_YEAR_2018', u'CLRP101_YEAR_2017', u'CLRP101', u'CLINICAL TECHNOLOGY RESEARCH PROJECT', u'BTCLT2', u'BT: CLINICAL TECHNOLOGY', u'11', u'YEAR', u'D1', u'Durban Campus Full-time', u'A', u'40000470:MOHAPI', 3.0]
check 'CLRP101_YEAR_2018' 'CLRP101'
processXLS: only for SEM2 [u'CLRP101_YEAR_2018', u'CLRP101_YEAR_2017', u'CLRP101', u'CLINICAL TECHNOLOGY RESEARCH PROJECT', u'BTCLT2', u'BT: CLINICAL TECHNOLOGY', u'11', u'YEAR', u'D1', u'Durban Campus Full-time', u'A', u'40000470:MOHAPI', 3.0]
[u'CLRP101_YEAR_2018', u'CLRP101_YEAR_2017', u'CLRP101', u'CLINICAL TECHNOLOGY RESEARCH PROJECT', u'BTCLT2', u'BT: CLINICAL TECHNOLOGY', u'11', u'YEAR', u'D3', u'Durban Campus Part-time', u'A', u'40000470:MOHAPI', 30.0]
check 'CLRP101_YEAR_2018' 'CLRP101'
processXLS: only for SEM2 [u'CLRP101_YEAR_2018', u'CLRP101_YEAR_2017', u'CLRP101', u'CLINICAL TECHNOLOGY RESEARCH PROJECT', u'BTCLT2', u'BT: CLINICAL TECHNOLOGY', u'11', u'YEAR', u'D3', u'Durban Campus Part-time', u'A', u'40000470:MOHAPI', 30.0]
[u'', u'', u'', u'', u'', u'', u'', u'', u'', u'', u'', u'', u'']
check '' ''
[u'CPAT101_SEM1_2018', u'CPAT101_SEM1_2017', u'CPAT101', u'CHEMICAL PATHOLOGY I', u'NDBMF1', u'ND: BIOMEDICAL TECHNOLOGY (4 YEARS)', u'21', u'SEMESTER 1', u'D1', u'Durban Campus Full-time', u'A', u'40000847:GOVENDER', 6.0]
check 'CPAT101_SEM1_2018' 'CPAT101'
processXLS: only for SEM2 [u'CPAT101_SEM1_2018', u'CPAT101_SEM1_2017', u'CPAT101', u'CHEMICAL PATHOLOGY I', u'NDBMF1', u'ND: BIOMEDICAL TECHNOLOGY (4 YEARS)', u'21', u'SEMESTER 1', u'D1', u'Durban Campus Full-time', u'A', u'40000847:GOVENDER', 6.0]
[u'CPAT101_SEM1_2018', u'CPAT101_SEM1_2017', u'CPAT101', u'CHEMICAL PATHOLOGY I', u'NDBMT1', u'ND: BIOMEDICAL TECHNOLOGY', u'21', u'SEMESTER 1', u'D1', u'Durban Campus Full-time', u'A', u'40000847:GOVENDER', 23.0]
check 'CPAT101_SEM1_2018' 'CPAT101'
processXLS: only for SEM2 [u'CPAT101_SEM1_2018', u'CPAT101_SEM1_2017', u'CPAT101', u'CHEMICAL PATHOLOGY I', u'NDBMT1', u'ND: BIOMEDICAL TECHNOLOGY', u'21', u'SEMESTER 1', u'D1', u'Durban Campus Full-time', u'A', u'40000847:GOVENDER', 23.0]
[u'', u'', u'', u'', u'', u'', u'', u'', u'', u'', u'', u'', u'']
check '' ''
[u'FBAP101_SEM1_2018', u'FBAP101_SEM1_2017', u'FBAP101', u'FOUNDATION BIOMEDICAL APPARATUS', u'NDCLF2', u'ND: CLINICAL TECHNOLOGY (4 YEARS)', u'21', u'SEMESTER 1', u'D1', u'Durban Campus Full-time', u'A', u'40008428:PRAKASCHANDRA', 10.0]
check 'FBAP101_SEM1_2018' 'FBAP101'
processXLS: only for SEM2 [u'FBAP101_SEM1_2018', u'FBAP101_SEM1_2017', u'FBAP101', u'FOUNDATION BIOMEDICAL APPARATUS', u'NDCLF2', u'ND: CLINICAL TECHNOLOGY (4 YEARS)', u'21', u'SEMESTER 1', u'D1', u'Durban Campus Full-time', u'A', u'40008428:PRAKASCHANDRA', 10.0]
[u'', u'', u'', u'', u'', u'', u'', u'', u'', u'', u'', u'', u'']
check '' ''
[u'FBIO101_SEM1_2018', u'FBIO101_SEM1_2017', u'FBIO101', u'FOUNDATION BIOCHEMISTRY', u'NDBMF1', u'ND: BIOMEDICAL TECHNOLOGY (4 YEARS)', u'21', u'SEMESTER 1', u'D1', u'Durban Campus Full-time', u'A', u'40003792:MBATHA', 9.0]
check 'FBIO101_SEM1_2018' 'FBIO101'
processXLS: only for SEM2 [u'FBIO101_SEM1_2018', u'FBIO101_SEM1_2017', u'FBIO101', u'FOUNDATION BIOCHEMISTRY', u'NDBMF1', u'ND: BIOMEDICAL TECHNOLOGY (4 YEARS)', u'21', u'SEMESTER 1', u'D1', u'Durban Campus Full-time', u'A', u'40003792:MBATHA', 9.0]
[u'', u'', u'', u'', u'', u'', u'', u'', u'', u'', u'', u'', u'']
check '' ''
[u'', u'', u'', u'', u'', u'', u'', u'', u'', u'', u'', u'', u'']
check '' ''
[u'', u'', u'', u'', u'', u'', u'', u'', u'', u'', u'', u'', u'']
check '' ''
[u'', u'', u'', u'', u'', u'', u'', u'', u'', u'', u'', u'', u'']
check '' ''
[u'', u'', u'', u'', u'', u'', u'', u'', u'', u'', u'', u'', u'']
check '' ''
[u'FIMM101_SEM1_2018', u'FIMM101_SEM1_2017', u'FIMM101', u'FOUNDATION IMMUNOLOGY', u'NDBMF1', u'ND: BIOMEDICAL TECHNOLOGY (4 YEARS)', u'21', u'SEMESTER 1', u'D1', u'Durban Campus Full-time', u'A', u'40010343:FOGG;40009874:SYDNEY', 9.0]
check 'FIMM101_SEM1_2018' 'FIMM101'
processXLS: only for SEM2 [u'FIMM101_SEM1_2018', u'FIMM101_SEM1_2017', u'FIMM101', u'FOUNDATION IMMUNOLOGY', u'NDBMF1', u'ND: BIOMEDICAL TECHNOLOGY (4 YEARS)', u'21', u'SEMESTER 1', u'D1', u'Durban Campus Full-time', u'A', u'40010343:FOGG;40009874:SYDNEY', 9.0]
[u'', u'', u'', u'', u'', u'', u'', u'', u'', u'', u'', u'', u'']
check '' ''
[u'FLBT101_SEM1_2018', u'FLBT101_SEM1_2017', u'FLBT101', u'LABORATORY TECHNIQUES', u'NDBMF1', u'ND: BIOMEDICAL TECHNOLOGY (4 YEARS)', u'21', u'SEMESTER 1', u'D1', u'Durban Campus Full-time', u'A', u'40000914:NDLOVU', 9.0]
check 'FLBT101_SEM1_2018' 'FLBT101'
processXLS: only for SEM2 [u'FLBT101_SEM1_2018', u'FLBT101_SEM1_2017', u'FLBT101', u'LABORATORY TECHNIQUES', u'NDBMF1', u'ND: BIOMEDICAL TECHNOLOGY (4 YEARS)', u'21', u'SEMESTER 1', u'D1', u'Durban Campus Full-time', u'A', u'40000914:NDLOVU', 9.0]
[u'', u'', u'', u'', u'', u'', u'', u'', u'', u'', u'', u'', u'']
check '' ''
[u'FOSP101_SEM2_2018', u'FOSP101_SEM2_2017', u'FOSP101', u'FOUNDATION ORGANS & SYSTEMS PATHOPHYSIOLOGY', u'NDCLF2', u'ND: CLINICAL TECHNOLOGY (4 YEARS)', u'22', u'SEMESTER 2', u'D1', u'Durban Campus Full-time', u'A', u'40008428:PRAKASCHANDRA', 9.0]
check 'FOSP101_SEM2_2018' 'FOSP101'
adding  FOSP101
requesting:  http://10.0.100.98:8000/bbinfo/matching_courses/FOSP101%25
r= <Response [200]>
matching classes= set([u'FOSP101_SEM2_2017', u'FOSP101_SEM2_2016', u'FOSP101_SEM2_2018'])
[u'', u'', u'', u'', u'', u'', u'', u'', u'', u'', u'', u'', u'']
check '' ''
[u'', u'', u'', u'', u'', u'', u'', u'', u'', u'', u'', u'', u'']
check '' ''
[u'', u'', u'', u'', u'', u'', u'', u'', u'', u'', u'', u'', u'']
check '' ''
[u'', u'', u'', u'', u'', u'', u'', u'', u'', u'', u'', u'', u'']
check '' ''
[u'', u'', u'', u'', u'', u'', u'', u'', u'', u'', u'', u'', u'']
check '' ''
[u'', u'', u'', u'', u'', u'', u'', u'', u'', u'', u'', u'', u'']
check '' ''
[u'', u'', u'', u'', u'', u'', u'', u'', u'', u'', u'', u'', u'']
check '' ''
[u'IMET101_YEAR_2018', u'IMET101_YEAR_2017', u'IMET101', u'INTRODUCTION TO MEDICAL TECH', u'NDBMF1', u'ND: BIOMEDICAL TECHNOLOGY (4 YEARS)', u'11', u'YEAR', u'D1', u'Durban Campus Full-time', u'A', u'40003792:MBATHA', 11.0]
check 'IMET101_YEAR_2018' 'IMET101'
processXLS: only for SEM2 [u'IMET101_YEAR_2018', u'IMET101_YEAR_2017', u'IMET101', u'INTRODUCTION TO MEDICAL TECH', u'NDBMF1', u'ND: BIOMEDICAL TECHNOLOGY (4 YEARS)', u'11', u'YEAR', u'D1', u'Durban Campus Full-time', u'A', u'40003792:MBATHA', 11.0]
[u'IMET101_YEAR_2018', u'IMET101_YEAR_2017', u'IMET101', u'INTRODUCTION TO MEDICAL TECH', u'NDBMT1', u'ND: BIOMEDICAL TECHNOLOGY', u'11', u'YEAR', u'D1', u'Durban Campus Full-time', u'A', u'40003792:MBATHA', 34.0]
check 'IMET101_YEAR_2018' 'IMET101'
processXLS: only for SEM2 [u'IMET101_YEAR_2018', u'IMET101_YEAR_2017', u'IMET101', u'INTRODUCTION TO MEDICAL TECH', u'NDBMT1', u'ND: BIOMEDICAL TECHNOLOGY', u'11', u'YEAR', u'D1', u'Durban Campus Full-time', u'A', u'40003792:MBATHA', 34.0]
[u'', u'', u'', u'', u'', u'', u'', u'', u'', u'', u'', u'', u'']
check '' ''
[u'MCGY101_SEM1_2018', u'MCGY101_SEM1_2017', u'MCGY101', u'MICROBIOLOGY I', u'NDBMF1', u'ND: BIOMEDICAL TECHNOLOGY (4 YEARS)', u'21', u'SEMESTER 1', u'D1', u'Durban Campus Full-time', u'A', u'40000914:NDLOVU', 7.0]
check 'MCGY101_SEM1_2018' 'MCGY101'
processXLS: only for SEM2 [u'MCGY101_SEM1_2018', u'MCGY101_SEM1_2017', u'MCGY101', u'MICROBIOLOGY I', u'NDBMF1', u'ND: BIOMEDICAL TECHNOLOGY (4 YEARS)', u'21', u'SEMESTER 1', u'D1', u'Durban Campus Full-time', u'A', u'40000914:NDLOVU', 7.0]
[u'MCGY101_SEM1_2018', u'MCGY101_SEM1_2017', u'MCGY101', u'MICROBIOLOGY I', u'NDBMT1', u'ND: BIOMEDICAL TECHNOLOGY', u'21', u'SEMESTER 1', u'D1', u'Durban Campus Full-time', u'A', u'40000914:NDLOVU', 23.0]
check 'MCGY101_SEM1_2018' 'MCGY101'
processXLS: only for SEM2 [u'MCGY101_SEM1_2018', u'MCGY101_SEM1_2017', u'MCGY101', u'MICROBIOLOGY I', u'NDBMT1', u'ND: BIOMEDICAL TECHNOLOGY', u'21', u'SEMESTER 1', u'D1', u'Durban Campus Full-time', u'A', u'40000914:NDLOVU', 23.0]
[u'', u'', u'', u'', u'', u'', u'', u'', u'', u'', u'', u'', u'']
check '' ''
[u'PYDN101_SEM1_2018', u'PYDN101_SEM1_2017', u'PYDN101', u'PSYCHODYNAMICS I', u'NDCLF2', u'ND: CLINICAL TECHNOLOGY (4 YEARS)', u'21', u'SEMESTER 1', u'D1', u'Durban Campus Full-time', u'A', u'40000470:MOHAPI', 11.0]
check 'PYDN101_SEM1_2018' 'PYDN101'
processXLS: only for SEM2 [u'PYDN101_SEM1_2018', u'PYDN101_SEM1_2017', u'PYDN101', u'PSYCHODYNAMICS I', u'NDCLF2', u'ND: CLINICAL TECHNOLOGY (4 YEARS)', u'21', u'SEMESTER 1', u'D1', u'Durban Campus Full-time', u'A', u'40000470:MOHAPI', 11.0]
[u'PYDN101_SEM1_2018', u'PYDN101_SEM1_2017', u'PYDN101', u'PSYCHODYNAMICS I', u'NDCLT1', u'ND: CLINICAL TECHNOLOGY', u'21', u'SEMESTER 1', u'D1', u'Durban Campus Full-time', u'A', u'40000470:MOHAPI', 32.0]
check 'PYDN101_SEM1_2018' 'PYDN101'
processXLS: only for SEM2 [u'PYDN101_SEM1_2018', u'PYDN101_SEM1_2017', u'PYDN101', u'PSYCHODYNAMICS I', u'NDCLT1', u'ND: CLINICAL TECHNOLOGY', u'21', u'SEMESTER 1', u'D1', u'Durban Campus Full-time', u'A', u'40000470:MOHAPI', 32.0]
[u'', u'', u'', u'', u'', u'', u'', u'', u'', u'', u'', u'', u'']
check '' ''
[u'RMDY101_SEM1_2018', u'RMDY101_SEM1_2017', u'RMDY101', u'RESEARCH METHODOLOGY', u'BTCLT2', u'BT: CLINICAL TECHNOLOGY', u'21', u'SEMESTER 1', u'D1', u'Durban Campus Full-time', u'A', u'40000470:MOHAPI', 3.0]
check 'RMDY101_SEM1_2018' 'RMDY101'
processXLS: only for SEM2 [u'RMDY101_SEM1_2018', u'RMDY101_SEM1_2017', u'RMDY101', u'RESEARCH METHODOLOGY', u'BTCLT2', u'BT: CLINICAL TECHNOLOGY', u'21', u'SEMESTER 1', u'D1', u'Durban Campus Full-time', u'A', u'40000470:MOHAPI', 3.0]
[u'RMDY101_SEM1_2018', u'RMDY101_SEM1_2017', u'RMDY101', u'RESEARCH METHODOLOGY', u'BTCLT2', u'BT: CLINICAL TECHNOLOGY', u'21', u'SEMESTER 1', u'D3', u'Durban Campus Part-time', u'A', u'40000470:MOHAPI', 37.0]
check 'RMDY101_SEM1_2018' 'RMDY101'
processXLS: only for SEM2 [u'RMDY101_SEM1_2018', u'RMDY101_SEM1_2017', u'RMDY101', u'RESEARCH METHODOLOGY', u'BTCLT2', u'BT: CLINICAL TECHNOLOGY', u'21', u'SEMESTER 1', u'D3', u'Durban Campus Part-time', u'A', u'40000470:MOHAPI', 37.0]
[u'', u'', u'', u'', u'', u'', u'', u'', u'', u'', u'', u'', u'']
check '' ''
[u'RPBM101_YEAR_2018', u'RPBM101_YEAR_2017', u'RPBM101', u'RESEARCH PROJECT', u'BTBMT2', u'BT: BIOMEDICAL TECHNOLOGY', u'11', u'YEAR', u'D3', u'Durban Campus Part-time', u'A', u'40008428:PRAKASCHANDRA D R', 22.0]
check 'RPBM101_YEAR_2018' 'RPBM101'
processXLS: only for SEM2 [u'RPBM101_YEAR_2018', u'RPBM101_YEAR_2017', u'RPBM101', u'RESEARCH PROJECT', u'BTBMT2', u'BT: BIOMEDICAL TECHNOLOGY', u'11', u'YEAR', u'D3', u'Durban Campus Part-time', u'A', u'40008428:PRAKASCHANDRA D R', 22.0]
[u'', u'', u'', u'', u'', u'', u'', u'', u'', u'', u'', u'', u'']
check '' ''
[u'BAPO201_YEAR_2018', u'BAPO201_YEAR_2017', u'BAPO201', u'BIOMEDICAL APPARATUS & PROCEDURES II', u'NDCLF2', u'ND: CLINICAL TECHNOLOGY (4 YEARS)', u'11', u'YEAR', u'D1', u'Durban Campus Full-time', u'A', u'40003596:MEMELA', 10.0]
check 'BAPO201_YEAR_2018' 'BAPO201'
processXLS: only for SEM2 [u'BAPO201_YEAR_2018', u'BAPO201_YEAR_2017', u'BAPO201', u'BIOMEDICAL APPARATUS & PROCEDURES II', u'NDCLF2', u'ND: CLINICAL TECHNOLOGY (4 YEARS)', u'11', u'YEAR', u'D1', u'Durban Campus Full-time', u'A', u'40003596:MEMELA', 10.0]
[u'BAPO201_YEAR_2018', u'BAPO201_YEAR_2017', u'BAPO201', u'BIOMEDICAL APPARATUS & PROCEDURES II', u'NDCLT1', u'ND: CLINICAL TECHNOLOGY', u'11', u'YEAR', u'D1', u'Durban Campus Full-time', u'A', u'40003596:MEMELA', 35.0]
check 'BAPO201_YEAR_2018' 'BAPO201'
processXLS: only for SEM2 [u'BAPO201_YEAR_2018', u'BAPO201_YEAR_2017', u'BAPO201', u'BIOMEDICAL APPARATUS & PROCEDURES II', u'NDCLT1', u'ND: CLINICAL TECHNOLOGY', u'11', u'YEAR', u'D1', u'Durban Campus Full-time', u'A', u'40003596:MEMELA', 35.0]
[u'', u'', u'', u'', u'', u'', u'', u'', u'', u'', u'', u'', u'']
check '' ''
[u'BIOA202_SEM2_2018', u'BIOA202_SEM2_2017', u'BIOA202', u'BIOCHEMISTRY II', u'NDBMF1', u'ND: BIOMEDICAL TECHNOLOGY (4 YEARS)', u'22', u'SEMESTER 2', u'D1', u'Durban Campus Full-time', u'A', u'40003792:MTSHALI', 9.0]
check 'BIOA202_SEM2_2018' 'BIOA202'
adding  BIOA202
requesting:  http://10.0.100.98:8000/bbinfo/matching_courses/BIOA202%25
r= <Response [200]>
matching classes= set([u'BIOA202_13_MTSJ', u'BIOA202_SEM2_2016', u'BIOA202_SEM2_2017', u'BIOA202_SEM2_2018'])
[u'BIOA202_SEM2_2018', u'BIOA202_SEM2_2017', u'BIOA202', u'BIOCHEMISTRY II', u'NDBMT1', u'ND: BIOMEDICAL TECHNOLOGY', u'22', u'SEMESTER 2', u'D1', u'Durban Campus Full-time', u'A', u'40003792:MTSHALI', 32.0]
check 'BIOA202_SEM2_2018' 'BIOA202'
adding  BIOA202
requesting:  http://10.0.100.98:8000/bbinfo/matching_courses/BIOA202%25
r= <Response [200]>
matching classes= set([u'BIOA202_13_MTSJ', u'BIOA202_SEM2_2016', u'BIOA202_SEM2_2017', u'BIOA202_SEM2_2018'])
[u'', u'', u'', u'', u'', u'', u'', u'', u'', u'', u'', u'', u'']
check '' ''
[u'BLTT201_SEM1_2018', u'BLTT201_SEM1_2017', u'BLTT201', u'BLOOD TRANSFUSION TECH', u'NDBMF1', u'ND: BIOMEDICAL TECHNOLOGY (4 YEARS)', u'21', u'SEMESTER 1', u'D1', u'Durban Campus Full-time', u'A', u'40010343:FOGG', 6.0]
check 'BLTT201_SEM1_2018' 'BLTT201'
processXLS: only for SEM2 [u'BLTT201_SEM1_2018', u'BLTT201_SEM1_2017', u'BLTT201', u'BLOOD TRANSFUSION TECH', u'NDBMF1', u'ND: BIOMEDICAL TECHNOLOGY (4 YEARS)', u'21', u'SEMESTER 1', u'D1', u'Durban Campus Full-time', u'A', u'40010343:FOGG', 6.0]
[u'BLTT201_SEM1_2018', u'BLTT201_SEM1_2017', u'BLTT201', u'BLOOD TRANSFUSION TECH', u'NDBMT1', u'ND: BIOMEDICAL TECHNOLOGY', u'21', u'SEMESTER 1', u'D1', u'Durban Campus Full-time', u'A', u'40010343:FOGG', 23.0]
check 'BLTT201_SEM1_2018' 'BLTT201'
processXLS: only for SEM2 [u'BLTT201_SEM1_2018', u'BLTT201_SEM1_2017', u'BLTT201', u'BLOOD TRANSFUSION TECH', u'NDBMT1', u'ND: BIOMEDICAL TECHNOLOGY', u'21', u'SEMESTER 1', u'D1', u'Durban Campus Full-time', u'A', u'40010343:FOGG', 23.0]
[u'', u'', u'', u'', u'', u'', u'', u'', u'', u'', u'', u'', u'']
check '' ''
[u'CEPA201_SEM2_2018', u'CEPA201_SEM2_2017', u'CEPA201', u'CELLULAR PATHOLOGY II', u'NDBMF1', u'ND: BIOMEDICAL TECHNOLOGY (4 YEARS)', u'22', u'SEMESTER 2', u'D1', u'Durban Campus Full-time', u'A', u'40000604:PILLAY', 8.0]
check 'CEPA201_SEM2_2018' 'CEPA201'
adding  CEPA201
requesting:  http://10.0.100.98:8000/bbinfo/matching_courses/CEPA201%25
r= <Response [200]>
matching classes= set([u'CEPA201_SEM2_2017', u'CEPA201_SEM2_2016', u'CEPA201_13_PILP', u'CEPA201_SEM2_2018'])
[u'CEPA201_SEM2_2018', u'CEPA201_SEM2_2017', u'CEPA201', u'CELLULAR PATHOLOGY II', u'NDBMT1', u'ND: BIOMEDICAL TECHNOLOGY', u'22', u'SEMESTER 2', u'D1', u'Durban Campus Full-time', u'A', u'40000604:PILLAY', 22.0]
check 'CEPA201_SEM2_2018' 'CEPA201'
adding  CEPA201
requesting:  http://10.0.100.98:8000/bbinfo/matching_courses/CEPA201%25
r= <Response [200]>
matching classes= set([u'CEPA201_SEM2_2017', u'CEPA201_SEM2_2016', u'CEPA201_13_PILP', u'CEPA201_SEM2_2018'])
[u'', u'', u'', u'', u'', u'', u'', u'', u'', u'', u'', u'', u'']
check '' ''
[u'CPAT202_SEM2_2018', u'CPAT202_SEM2_2017', u'CPAT202', u'CHEMICAL PATHOLOGY II', u'NDBMF1', u'ND: BIOMEDICAL TECHNOLOGY (4 YEARS)', u'22', u'SEMESTER 2', u'D1', u'Durban Campus Full-time', u'A', u'40000847:GOVENDER', 8.0]
check 'CPAT202_SEM2_2018' 'CPAT202'
adding  CPAT202
requesting:  http://10.0.100.98:8000/bbinfo/matching_courses/CPAT202%25
r= <Response [200]>
matching classes= set([u'CPAT202_SEM2_2018', u'CPAT202_SEM2_2017', u'CPAT202_15', u'CPAT202_SEM2_2016', u'CPAT202_13_GOVD'])
[u'CPAT202_SEM2_2018', u'CPAT202_SEM2_2017', u'CPAT202', u'CHEMICAL PATHOLOGY II', u'NDBMT1', u'ND: BIOMEDICAL TECHNOLOGY', u'22', u'SEMESTER 2', u'D1', u'Durban Campus Full-time', u'A', u'40000847:GOVENDER', 19.0]
check 'CPAT202_SEM2_2018' 'CPAT202'
adding  CPAT202
requesting:  http://10.0.100.98:8000/bbinfo/matching_courses/CPAT202%25
r= <Response [200]>
matching classes= set([u'CPAT202_SEM2_2018', u'CPAT202_SEM2_2017', u'CPAT202_15', u'CPAT202_SEM2_2016', u'CPAT202_13_GOVD'])
[u'', u'', u'', u'', u'', u'', u'', u'', u'', u'', u'', u'', u'']
check '' ''
[u'HAEM203_SEM2_2018', u'HAEM203_SEM2_2017', u'HAEM203', u'HAEMATOLOGY II', u'NDBMF1', u'ND: BIOMEDICAL TECHNOLOGY (4 YEARS)', u'22', u'SEMESTER 2', u'D1', u'Durban Campus Full-time', u'A', u'40000690:MKHIZE', 9.0]
check 'HAEM203_SEM2_2018' 'HAEM203'
adding  HAEM203
requesting:  http://10.0.100.98:8000/bbinfo/matching_courses/HAEM203%25
r= <Response [200]>
matching classes= set([u'HAEM203_SEM2_2017', u'HAEM203_13_MKHB', u'HAEM203_SEM2_2016', u'HAEM203_SEM2_2018'])
[u'HAEM203_SEM2_2018', u'HAEM203_SEM2_2017', u'HAEM203', u'HAEMATOLOGY II', u'NDBMT1', u'ND: BIOMEDICAL TECHNOLOGY', u'22', u'SEMESTER 2', u'D1', u'Durban Campus Full-time', u'A', u'40000690:MKHIZE', 22.0]
check 'HAEM203_SEM2_2018' 'HAEM203'
adding  HAEM203
requesting:  http://10.0.100.98:8000/bbinfo/matching_courses/HAEM203%25
r= <Response [200]>
matching classes= set([u'HAEM203_SEM2_2017', u'HAEM203_13_MKHB', u'HAEM203_SEM2_2016', u'HAEM203_SEM2_2018'])
[u'', u'', u'', u'', u'', u'', u'', u'', u'', u'', u'', u'', u'']
check '' ''
[u'IMMU202_SEM2_2018', u'IMMU202_SEM2_2017', u'IMMU202', u'IMMUNOLOGY II', u'NDBMF1', u'ND: BIOMEDICAL TECHNOLOGY (4 YEARS)', u'22', u'SEMESTER 2', u'D1', u'Durban Campus Full-time', u'A', u'40009874:SYDNEY', 9.0]
check 'IMMU202_SEM2_2018' 'IMMU202'
adding  IMMU202
requesting:  http://10.0.100.98:8000/bbinfo/matching_courses/IMMU202%25
r= <Response [200]>
matching classes= set([u'IMMU202_13_FOGP', u'IMMU202_15_SYDC', u'IMMU202_SEM2_2018', u'IMMU202_SEM2_2017', u'IMMU202_SEM2_2016'])
[u'IMMU202_SEM2_2018', u'IMMU202_SEM2_2017', u'IMMU202', u'IMMUNOLOGY II', u'NDBMT1', u'ND: BIOMEDICAL TECHNOLOGY', u'22', u'SEMESTER 2', u'D1', u'Durban Campus Full-time', u'A', u'40009874:SYDNEY', 30.0]
check 'IMMU202_SEM2_2018' 'IMMU202'
adding  IMMU202
requesting:  http://10.0.100.98:8000/bbinfo/matching_courses/IMMU202%25
r= <Response [200]>
matching classes= set([u'IMMU202_13_FOGP', u'IMMU202_15_SYDC', u'IMMU202_SEM2_2018', u'IMMU202_SEM2_2017', u'IMMU202_SEM2_2016'])
[u'', u'', u'', u'', u'', u'', u'', u'', u'', u'', u'', u'', u'']
check '' ''
[u'LABM201_SEM1_2018', u'LABM201_SEM1_2017', u'LABM201', u'LABORATORY MANAGEMENT', u'BTBMT2', u'BT: BIOMEDICAL TECHNOLOGY', u'21', u'SEMESTER 1', u'D3', u'Durban Campus Part-time', u'A', u'40000604:PILLAY', 20.0]
check 'LABM201_SEM1_2018' 'LABM201'
processXLS: only for SEM2 [u'LABM201_SEM1_2018', u'LABM201_SEM1_2017', u'LABM201', u'LABORATORY MANAGEMENT', u'BTBMT2', u'BT: BIOMEDICAL TECHNOLOGY', u'21', u'SEMESTER 1', u'D3', u'Durban Campus Part-time', u'A', u'40000604:PILLAY', 20.0]
[u'', u'', u'', u'', u'', u'', u'', u'', u'', u'', u'', u'', u'']
check '' ''
[u'MCGY203_SEM2_2018', u'MCGY203_SEM2_2017', u'MCGY203', u'MICROBIOLOGY II', u'NDBMF1', u'ND: BIOMEDICAL TECHNOLOGY (4 YEARS)', u'22', u'SEMESTER 2', u'D1', u'Durban Campus Full-time', u'A', u'40000914:NDLOVU', 9.0]
check 'MCGY203_SEM2_2018' 'MCGY203'
adding  MCGY203
requesting:  http://10.0.100.98:8000/bbinfo/matching_courses/MCGY203%25
r= <Response [200]>
matching classes= set([u'MCGY203_SEM2_2018', u'MCGY203_SEM2_2016', u'MCGY203_13_NDLT', u'MCGY203_SEM2_2017'])
[u'MCGY203_SEM2_2018', u'MCGY203_SEM2_2017', u'MCGY203', u'MICROBIOLOGY II', u'NDBMT1', u'ND: BIOMEDICAL TECHNOLOGY', u'22', u'SEMESTER 2', u'D1', u'Durban Campus Full-time', u'A', u'40000914:NDLOVU', 23.0]
check 'MCGY203_SEM2_2018' 'MCGY203'
adding  MCGY203
requesting:  http://10.0.100.98:8000/bbinfo/matching_courses/MCGY203%25
r= <Response [200]>
matching classes= set([u'MCGY203_SEM2_2018', u'MCGY203_SEM2_2016', u'MCGY203_13_NDLT', u'MCGY203_SEM2_2017'])
[u'', u'', u'', u'', u'', u'', u'', u'', u'', u'', u'', u'', u'']
check '' ''
[u'OSPP201_YEAR_2018', u'OSPP201_YEAR_2017', u'OSPP201', u'ORGAN & SYSTEM PATHOPHYSIOLOGY II', u'NDCLF2', u'ND: CLINICAL TECHNOLOGY (4 YEARS)', u'11', u'YEAR', u'D1', u'Durban Campus Full-time', u'A', u'40006488:BENJAMIN', 10.0]
check 'OSPP201_YEAR_2018' 'OSPP201'
processXLS: only for SEM2 [u'OSPP201_YEAR_2018', u'OSPP201_YEAR_2017', u'OSPP201', u'ORGAN & SYSTEM PATHOPHYSIOLOGY II', u'NDCLF2', u'ND: CLINICAL TECHNOLOGY (4 YEARS)', u'11', u'YEAR', u'D1', u'Durban Campus Full-time', u'A', u'40006488:BENJAMIN', 10.0]
[u'OSPP201_YEAR_2018', u'OSPP201_YEAR_2017', u'OSPP201', u'ORGAN & SYSTEM PATHOPHYSIOLOGY II', u'NDCLT1', u'ND: CLINICAL TECHNOLOGY', u'11', u'YEAR', u'D1', u'Durban Campus Full-time', u'A', u'40006488:BENJAMIN', 36.0]
check 'OSPP201_YEAR_2018' 'OSPP201'
processXLS: only for SEM2 [u'OSPP201_YEAR_2018', u'OSPP201_YEAR_2017', u'OSPP201', u'ORGAN & SYSTEM PATHOPHYSIOLOGY II', u'NDCLT1', u'ND: CLINICAL TECHNOLOGY', u'11', u'YEAR', u'D1', u'Durban Campus Full-time', u'A', u'40006488:BENJAMIN', 36.0]
[u'', u'', u'', u'', u'', u'', u'', u'', u'', u'', u'', u'', u'']
check '' ''
[u'PAPH201_SEM2_2018', u'PAPH201_SEM2_2017', u'PAPH201', u'PATHOPHYSIOLOGY II', u'NDBMF1', u'ND: BIOMEDICAL TECHNOLOGY (4 YEARS)', u'22', u'SEMESTER 2', u'D1', u'Durban Campus Full-time', u'A', u'40000914:NDLOVU', 9.0]
check 'PAPH201_SEM2_2018' 'PAPH201'
adding  PAPH201
requesting:  http://10.0.100.98:8000/bbinfo/matching_courses/PAPH201%25
r= <Response [200]>
matching classes= set([u'PAPH201_SEM2_2018', u'PAPH201_13_NDLT', u'PAPH201_SEM2_2017', u'PAPH201_SEM2_2016'])
[u'PAPH201_SEM2_2018', u'PAPH201_SEM2_2017', u'PAPH201', u'PATHOPHYSIOLOGY II', u'NDBMT1', u'ND: BIOMEDICAL TECHNOLOGY', u'22', u'SEMESTER 2', u'D1', u'Durban Campus Full-time', u'A', u'40000914:NDLOVU', 35.0]
check 'PAPH201_SEM2_2018' 'PAPH201'
adding  PAPH201
requesting:  http://10.0.100.98:8000/bbinfo/matching_courses/PAPH201%25
r= <Response [200]>
matching classes= set([u'PAPH201_SEM2_2018', u'PAPH201_13_NDLT', u'PAPH201_SEM2_2017', u'PAPH201_SEM2_2016'])
[u'', u'', u'', u'', u'', u'', u'', u'', u'', u'', u'', u'', u'']
check '' ''
[u'RMNC201_SEM1_2018', u'RMNC201_SEM1_2017', u'RMNC201', u'RESEARCH METHODOLOGY:NATURAL SCIENCES', u'BTCLT1', u'BT: CLINICAL TECHNOLOGY', u'21', u'SEMESTER 1', u'D3', u'Durban Campus Part-time', u'A', u'40000470:MOHAPI', 2.0]
check 'RMNC201_SEM1_2018' 'RMNC201'
processXLS: only for SEM2 [u'RMNC201_SEM1_2018', u'RMNC201_SEM1_2017', u'RMNC201', u'RESEARCH METHODOLOGY:NATURAL SCIENCES', u'BTCLT1', u'BT: CLINICAL TECHNOLOGY', u'21', u'SEMESTER 1', u'D3', u'Durban Campus Part-time', u'A', u'40000470:MOHAPI', 2.0]
[u'', u'', u'', u'', u'', u'', u'', u'', u'', u'', u'', u'', u'']
check '' ''
[u'RMTQ201_SEM1_2018', u'RMTQ201_SEM1_2017', u'RMTQ201', u'RESEARCH METHODS & TECHNIQUES', u'BTBMT2', u'BT: BIOMEDICAL TECHNOLOGY', u'21', u'SEMESTER 1', u'D3', u'Durban Campus Part-time', u'A', u'40000690:MKHIZE', 39.0]
check 'RMTQ201_SEM1_2018' 'RMTQ201'
processXLS: only for SEM2 [u'RMTQ201_SEM1_2018', u'RMTQ201_SEM1_2017', u'RMTQ201', u'RESEARCH METHODS & TECHNIQUES', u'BTBMT2', u'BT: BIOMEDICAL TECHNOLOGY', u'21', u'SEMESTER 1', u'D3', u'Durban Campus Part-time', u'A', u'40000690:MKHIZE', 39.0]
[u'', u'', u'', u'', u'', u'', u'', u'', u'', u'', u'', u'', u'']
check '' ''
[u'CACP301_YEAR_2018', u'CACP301_YEAR_2017', u'CACP301', u'CARDIOLOGY:CLINICAL PRACTICE III', u'NDCLF2', u'ND: CLINICAL TECHNOLOGY (4 YEARS)', u'11', u'YEAR', u'D1', u'Durban Campus Full-time', u'A', u'40008428:PRAKASCHANDRA', 2.0]
check 'CACP301_YEAR_2018' 'CACP301'
processXLS: only for SEM2 [u'CACP301_YEAR_2018', u'CACP301_YEAR_2017', u'CACP301', u'CARDIOLOGY:CLINICAL PRACTICE III', u'NDCLF2', u'ND: CLINICAL TECHNOLOGY (4 YEARS)', u'11', u'YEAR', u'D1', u'Durban Campus Full-time', u'A', u'40008428:PRAKASCHANDRA', 2.0]
[u'CACP301_YEAR_2018', u'CACP301_YEAR_2017', u'CACP301', u'CARDIOLOGY:CLINICAL PRACTICE III', u'NDCLT1', u'ND: CLINICAL TECHNOLOGY', u'11', u'YEAR', u'D1', u'Durban Campus Full-time', u'A', u'40008428:PRAKASCHANDRA', 10.0]
check 'CACP301_YEAR_2018' 'CACP301'
processXLS: only for SEM2 [u'CACP301_YEAR_2018', u'CACP301_YEAR_2017', u'CACP301', u'CARDIOLOGY:CLINICAL PRACTICE III', u'NDCLT1', u'ND: CLINICAL TECHNOLOGY', u'11', u'YEAR', u'D1', u'Durban Campus Full-time', u'A', u'40008428:PRAKASCHANDRA', 10.0]
[u'CACP301_YEAR_2018', u'CACP301_YEAR_2017', u'CACP301', u'CARDIOLOGY:CLINICAL PRACTICE III', u'NODIP5', u'NON-DIPLOMA PURPOSE (HLTH SC)', u'11', u'YEAR', u'D7', u'DBN FULL-TIME NON-SUBSIDISED', u'A', u'40008428:PRAKASCHANDRA', 2.0]
check 'CACP301_YEAR_2018' 'CACP301'
processXLS: only for SEM2 [u'CACP301_YEAR_2018', u'CACP301_YEAR_2017', u'CACP301', u'CARDIOLOGY:CLINICAL PRACTICE III', u'NODIP5', u'NON-DIPLOMA PURPOSE (HLTH SC)', u'11', u'YEAR', u'D7', u'DBN FULL-TIME NON-SUBSIDISED', u'A', u'40008428:PRAKASCHANDRA', 2.0]
[u'', u'', u'', u'', u'', u'', u'', u'', u'', u'', u'', u'', u'']
check '' ''
[u'CBAP301_YEAR_2018', u'CBAP301_YEAR_2017', u'CBAP301', u'CARDIOLOGY:BIOMEDICAL APPARATUS III', u'NDCLF2', u'ND: CLINICAL TECHNOLOGY (4 YEARS)', u'11', u'YEAR', u'D1', u'Durban Campus Full-time', u'A', u'40008428:PRAKASCHANDRA', 2.0]
check 'CBAP301_YEAR_2018' 'CBAP301'
processXLS: only for SEM2 [u'CBAP301_YEAR_2018', u'CBAP301_YEAR_2017', u'CBAP301', u'CARDIOLOGY:BIOMEDICAL APPARATUS III', u'NDCLF2', u'ND: CLINICAL TECHNOLOGY (4 YEARS)', u'11', u'YEAR', u'D1', u'Durban Campus Full-time', u'A', u'40008428:PRAKASCHANDRA', 2.0]
[u'CBAP301_YEAR_2018', u'CBAP301_YEAR_2017', u'CBAP301', u'CARDIOLOGY:BIOMEDICAL APPARATUS III', u'NDCLT1', u'ND: CLINICAL TECHNOLOGY', u'11', u'YEAR', u'D1', u'Durban Campus Full-time', u'A', u'40008428:PRAKASCHANDRA', 10.0]
check 'CBAP301_YEAR_2018' 'CBAP301'
processXLS: only for SEM2 [u'CBAP301_YEAR_2018', u'CBAP301_YEAR_2017', u'CBAP301', u'CARDIOLOGY:BIOMEDICAL APPARATUS III', u'NDCLT1', u'ND: CLINICAL TECHNOLOGY', u'11', u'YEAR', u'D1', u'Durban Campus Full-time', u'A', u'40008428:PRAKASCHANDRA', 10.0]
[u'CBAP301_YEAR_2018', u'CBAP301_YEAR_2017', u'CBAP301', u'CARDIOLOGY:BIOMEDICAL APPARATUS III', u'NODIP5', u'NON-DIPLOMA PURPOSE (HLTH SC)', u'11', u'YEAR', u'D7', u'DBN FULL-TIME NON-SUBSIDISED', u'A', u'40008428:PRAKASCHANDRA', 2.0]
check 'CBAP301_YEAR_2018' 'CBAP301'
processXLS: only for SEM2 [u'CBAP301_YEAR_2018', u'CBAP301_YEAR_2017', u'CBAP301', u'CARDIOLOGY:BIOMEDICAL APPARATUS III', u'NODIP5', u'NON-DIPLOMA PURPOSE (HLTH SC)', u'11', u'YEAR', u'D7', u'DBN FULL-TIME NON-SUBSIDISED', u'A', u'40008428:PRAKASCHANDRA', 2.0]
[u'', u'', u'', u'', u'', u'', u'', u'', u'', u'', u'', u'', u'']
check '' ''
[u'CCBA301_YEAR_2018', u'CCBA301_YEAR_2017', u'CCBA301', u'CRITICAL CARE:BIOMEDICAL APPARATUS III', u'NDCLF2', u'ND: CLINICAL TECHNOLOGY (4 YEARS)', u'11', u'YEAR', u'D1', u'Durban Campus Full-time', u'A', u'40003596:MEMELA', 1.0]
check 'CCBA301_YEAR_2018' 'CCBA301'
processXLS: only for SEM2 [u'CCBA301_YEAR_2018', u'CCBA301_YEAR_2017', u'CCBA301', u'CRITICAL CARE:BIOMEDICAL APPARATUS III', u'NDCLF2', u'ND: CLINICAL TECHNOLOGY (4 YEARS)', u'11', u'YEAR', u'D1', u'Durban Campus Full-time', u'A', u'40003596:MEMELA', 1.0]
[u'CCBA301_YEAR_2018', u'CCBA301_YEAR_2017', u'CCBA301', u'CRITICAL CARE:BIOMEDICAL APPARATUS III', u'NDCLT1', u'ND: CLINICAL TECHNOLOGY', u'11', u'YEAR', u'D1', u'Durban Campus Full-time', u'A', u'40003596:MEMELA', 1.0]
check 'CCBA301_YEAR_2018' 'CCBA301'
processXLS: only for SEM2 [u'CCBA301_YEAR_2018', u'CCBA301_YEAR_2017', u'CCBA301', u'CRITICAL CARE:BIOMEDICAL APPARATUS III', u'NDCLT1', u'ND: CLINICAL TECHNOLOGY', u'11', u'YEAR', u'D1', u'Durban Campus Full-time', u'A', u'40003596:MEMELA', 1.0]
[u'', u'', u'', u'', u'', u'', u'', u'', u'', u'', u'', u'', u'']
check '' ''
[u'CCCP301_YEAR_2018', u'CCCP301_YEAR_2017', u'CCCP301', u'CRITICAL CARE:CLINICAL PRACTICE III', u'NDCLF2', u'ND: CLINICAL TECHNOLOGY (4 YEARS)', u'11', u'YEAR', u'D1', u'Durban Campus Full-time', u'A', u'40003596:MEMELA', 1.0]
check 'CCCP301_YEAR_2018' 'CCCP301'
processXLS: only for SEM2 [u'CCCP301_YEAR_2018', u'CCCP301_YEAR_2017', u'CCCP301', u'CRITICAL CARE:CLINICAL PRACTICE III', u'NDCLF2', u'ND: CLINICAL TECHNOLOGY (4 YEARS)', u'11', u'YEAR', u'D1', u'Durban Campus Full-time', u'A', u'40003596:MEMELA', 1.0]
[u'CCCP301_YEAR_2018', u'CCCP301_YEAR_2017', u'CCCP301', u'CRITICAL CARE:CLINICAL PRACTICE III', u'NDCLT1', u'ND: CLINICAL TECHNOLOGY', u'11', u'YEAR', u'D1', u'Durban Campus Full-time', u'A', u'40003596:MEMELA', 1.0]
check 'CCCP301_YEAR_2018' 'CCCP301'
processXLS: only for SEM2 [u'CCCP301_YEAR_2018', u'CCCP301_YEAR_2017', u'CCCP301', u'CRITICAL CARE:CLINICAL PRACTICE III', u'NDCLT1', u'ND: CLINICAL TECHNOLOGY', u'11', u'YEAR', u'D1', u'Durban Campus Full-time', u'A', u'40003596:MEMELA', 1.0]
[u'', u'', u'', u'', u'', u'', u'', u'', u'', u'', u'', u'', u'']
check '' ''
[u'CCTP301_YEAR_2018', u'CCTP301_YEAR_2017', u'CCTP301', u'CARDIOLOGY:CLINICAL TECHNOLOGY PRACTICE III', u'NDCLF2', u'ND: CLINICAL TECHNOLOGY (4 YEARS)', u'11', u'YEAR', u'D1', u'Durban Campus Full-time', u'A', u'40008428:PRAKASCHANDRA', 2.0]
check 'CCTP301_YEAR_2018' 'CCTP301'
processXLS: only for SEM2 [u'CCTP301_YEAR_2018', u'CCTP301_YEAR_2017', u'CCTP301', u'CARDIOLOGY:CLINICAL TECHNOLOGY PRACTICE III', u'NDCLF2', u'ND: CLINICAL TECHNOLOGY (4 YEARS)', u'11', u'YEAR', u'D1', u'Durban Campus Full-time', u'A', u'40008428:PRAKASCHANDRA', 2.0]
[u'CCTP301_YEAR_2018', u'CCTP301_YEAR_2017', u'CCTP301', u'CARDIOLOGY:CLINICAL TECHNOLOGY PRACTICE III', u'NDCLT1', u'ND: CLINICAL TECHNOLOGY', u'11', u'YEAR', u'D1', u'Durban Campus Full-time', u'A', u'40008428:PRAKASCHANDRA', 10.0]
check 'CCTP301_YEAR_2018' 'CCTP301'
processXLS: only for SEM2 [u'CCTP301_YEAR_2018', u'CCTP301_YEAR_2017', u'CCTP301', u'CARDIOLOGY:CLINICAL TECHNOLOGY PRACTICE III', u'NDCLT1', u'ND: CLINICAL TECHNOLOGY', u'11', u'YEAR', u'D1', u'Durban Campus Full-time', u'A', u'40008428:PRAKASCHANDRA', 10.0]
[u'CCTP301_YEAR_2018', u'CCTP301_YEAR_2017', u'CCTP301', u'CARDIOLOGY:CLINICAL TECHNOLOGY PRACTICE III', u'NODIP5', u'NON-DIPLOMA PURPOSE (HLTH SC)', u'11', u'YEAR', u'D7', u'DBN FULL-TIME NON-SUBSIDISED', u'A', u'40008428:PRAKASCHANDRA', 2.0]
check 'CCTP301_YEAR_2018' 'CCTP301'
processXLS: only for SEM2 [u'CCTP301_YEAR_2018', u'CCTP301_YEAR_2017', u'CCTP301', u'CARDIOLOGY:CLINICAL TECHNOLOGY PRACTICE III', u'NODIP5', u'NON-DIPLOMA PURPOSE (HLTH SC)', u'11', u'YEAR', u'D7', u'DBN FULL-TIME NON-SUBSIDISED', u'A', u'40008428:PRAKASCHANDRA', 2.0]
[u'', u'', u'', u'', u'', u'', u'', u'', u'', u'', u'', u'', u'']
check '' ''
[u'CEPA301_SEM1_2018', u'CEPA301_SEM1_2017', u'CEPA301', u'CELLULAR PATHOLOGY III', u'NDBMF1', u'ND: BIOMEDICAL TECHNOLOGY (4 YEARS)', u'21', u'SEMESTER 1', u'D1', u'Durban Campus Full-time', u'A', u'40000604:PILLAY', 9.0]
check 'CEPA301_SEM1_2018' 'CEPA301'
processXLS: only for SEM2 [u'CEPA301_SEM1_2018', u'CEPA301_SEM1_2017', u'CEPA301', u'CELLULAR PATHOLOGY III', u'NDBMF1', u'ND: BIOMEDICAL TECHNOLOGY (4 YEARS)', u'21', u'SEMESTER 1', u'D1', u'Durban Campus Full-time', u'A', u'40000604:PILLAY', 9.0]
[u'CEPA301_SEM1_2018', u'CEPA301_SEM1_2017', u'CEPA301', u'CELLULAR PATHOLOGY III', u'NDBMT1', u'ND: BIOMEDICAL TECHNOLOGY', u'21', u'SEMESTER 1', u'D1', u'Durban Campus Full-time', u'A', u'40000604:PILLAY', 32.0]
check 'CEPA301_SEM1_2018' 'CEPA301'
processXLS: only for SEM2 [u'CEPA301_SEM1_2018', u'CEPA301_SEM1_2017', u'CEPA301', u'CELLULAR PATHOLOGY III', u'NDBMT1', u'ND: BIOMEDICAL TECHNOLOGY', u'21', u'SEMESTER 1', u'D1', u'Durban Campus Full-time', u'A', u'40000604:PILLAY', 32.0]
[u'', u'', u'', u'', u'', u'', u'', u'', u'', u'', u'', u'', u'']
check '' ''
[u'CPAT303_SEM1_2018', u'CPAT303_SEM1_2017', u'CPAT303', u'CHEMICAL PATHOLOGY III', u'NDBMF1', u'ND: BIOMEDICAL TECHNOLOGY (4 YEARS)', u'21', u'SEMESTER 1', u'D1', u'Durban Campus Full-time', u'A', u'40000847:GOVENDER', 9.0]
check 'CPAT303_SEM1_2018' 'CPAT303'
processXLS: only for SEM2 [u'CPAT303_SEM1_2018', u'CPAT303_SEM1_2017', u'CPAT303', u'CHEMICAL PATHOLOGY III', u'NDBMF1', u'ND: BIOMEDICAL TECHNOLOGY (4 YEARS)', u'21', u'SEMESTER 1', u'D1', u'Durban Campus Full-time', u'A', u'40000847:GOVENDER', 9.0]
[u'CPAT303_SEM1_2018', u'CPAT303_SEM1_2017', u'CPAT303', u'CHEMICAL PATHOLOGY III', u'NDBMT1', u'ND: BIOMEDICAL TECHNOLOGY', u'21', u'SEMESTER 1', u'D1', u'Durban Campus Full-time', u'A', u'40000847:GOVENDER', 34.0]
check 'CPAT303_SEM1_2018' 'CPAT303'
processXLS: only for SEM2 [u'CPAT303_SEM1_2018', u'CPAT303_SEM1_2017', u'CPAT303', u'CHEMICAL PATHOLOGY III', u'NDBMT1', u'ND: BIOMEDICAL TECHNOLOGY', u'21', u'SEMESTER 1', u'D1', u'Durban Campus Full-time', u'A', u'40000847:GOVENDER', 34.0]
[u'', u'', u'', u'', u'', u'', u'', u'', u'', u'', u'', u'', u'']
check '' ''
[u'CTPR301_YEAR_2018', u'CTPR301_YEAR_2017', u'CTPR301', u'CRITICAL CARE:CLINICAL TECH PRACTICE III', u'NDCLF2', u'ND: CLINICAL TECHNOLOGY (4 YEARS)', u'11', u'YEAR', u'D1', u'Durban Campus Full-time', u'A', u'40003596:MEMELA M E', 1.0]
check 'CTPR301_YEAR_2018' 'CTPR301'
processXLS: only for SEM2 [u'CTPR301_YEAR_2018', u'CTPR301_YEAR_2017', u'CTPR301', u'CRITICAL CARE:CLINICAL TECH PRACTICE III', u'NDCLF2', u'ND: CLINICAL TECHNOLOGY (4 YEARS)', u'11', u'YEAR', u'D1', u'Durban Campus Full-time', u'A', u'40003596:MEMELA M E', 1.0]
[u'CTPR301_YEAR_2018', u'CTPR301_YEAR_2017', u'CTPR301', u'CRITICAL CARE:CLINICAL TECH PRACTICE III', u'NDCLT1', u'ND: CLINICAL TECHNOLOGY', u'11', u'YEAR', u'D1', u'Durban Campus Full-time', u'A', u'40003596:MEMELA M E', 1.0]
check 'CTPR301_YEAR_2018' 'CTPR301'
processXLS: only for SEM2 [u'CTPR301_YEAR_2018', u'CTPR301_YEAR_2017', u'CTPR301', u'CRITICAL CARE:CLINICAL TECH PRACTICE III', u'NDCLT1', u'ND: CLINICAL TECHNOLOGY', u'11', u'YEAR', u'D1', u'Durban Campus Full-time', u'A', u'40003596:MEMELA M E', 1.0]
[u'', u'', u'', u'', u'', u'', u'', u'', u'', u'', u'', u'', u'']
check '' ''
[u'HAEM303_SEM1_2018', u'HAEM303_SEM1_2017', u'HAEM303', u'HAEMATOLOGY III', u'NDBMF1', u'ND: BIOMEDICAL TECHNOLOGY (4 YEARS)', u'21', u'SEMESTER 1', u'D1', u'Durban Campus Full-time', u'A', u'40000690:MKHIZE', 8.0]
check 'HAEM303_SEM1_2018' 'HAEM303'
processXLS: only for SEM2 [u'HAEM303_SEM1_2018', u'HAEM303_SEM1_2017', u'HAEM303', u'HAEMATOLOGY III', u'NDBMF1', u'ND: BIOMEDICAL TECHNOLOGY (4 YEARS)', u'21', u'SEMESTER 1', u'D1', u'Durban Campus Full-time', u'A', u'40000690:MKHIZE', 8.0]
[u'HAEM303_SEM1_2018', u'HAEM303_SEM1_2017', u'HAEM303', u'HAEMATOLOGY III', u'NDBMT1', u'ND: BIOMEDICAL TECHNOLOGY', u'21', u'SEMESTER 1', u'D1', u'Durban Campus Full-time', u'A', u'40000690:MKHIZE', 37.0]
check 'HAEM303_SEM1_2018' 'HAEM303'
processXLS: only for SEM2 [u'HAEM303_SEM1_2018', u'HAEM303_SEM1_2017', u'HAEM303', u'HAEMATOLOGY III', u'NDBMT1', u'ND: BIOMEDICAL TECHNOLOGY', u'21', u'SEMESTER 1', u'D1', u'Durban Campus Full-time', u'A', u'40000690:MKHIZE', 37.0]
[u'', u'', u'', u'', u'', u'', u'', u'', u'', u'', u'', u'', u'']
check '' ''
[u'MCGY301_SEM1_2018', u'MCGY301_SEM1_2017', u'MCGY301', u'MICROBIOLOGY III', u'NDBMF1', u'ND: BIOMEDICAL TECHNOLOGY (4 YEARS)', u'21', u'SEMESTER 1', u'D1', u'Durban Campus Full-time', u'A', u'40000914:NDLOVU', 8.0]
check 'MCGY301_SEM1_2018' 'MCGY301'
processXLS: only for SEM2 [u'MCGY301_SEM1_2018', u'MCGY301_SEM1_2017', u'MCGY301', u'MICROBIOLOGY III', u'NDBMF1', u'ND: BIOMEDICAL TECHNOLOGY (4 YEARS)', u'21', u'SEMESTER 1', u'D1', u'Durban Campus Full-time', u'A', u'40000914:NDLOVU', 8.0]
[u'MCGY301_SEM1_2018', u'MCGY301_SEM1_2017', u'MCGY301', u'MICROBIOLOGY III', u'NDBMT1', u'ND: BIOMEDICAL TECHNOLOGY', u'21', u'SEMESTER 1', u'D1', u'Durban Campus Full-time', u'A', u'40000914:NDLOVU', 34.0]
check 'MCGY301_SEM1_2018' 'MCGY301'
processXLS: only for SEM2 [u'MCGY301_SEM1_2018', u'MCGY301_SEM1_2017', u'MCGY301', u'MICROBIOLOGY III', u'NDBMT1', u'ND: BIOMEDICAL TECHNOLOGY', u'21', u'SEMESTER 1', u'D1', u'Durban Campus Full-time', u'A', u'40000914:NDLOVU', 34.0]
[u'', u'', u'', u'', u'', u'', u'', u'', u'', u'', u'', u'', u'']
check '' ''
[u'NCLI301_YEAR_2018', u'NCLI301_YEAR_2017', u'NCLI301', u'NEPHROLOGY:CLINICAL PRACTICE III', u'NDCLF2', u'ND: CLINICAL TECHNOLOGY (4 YEARS)', u'11', u'YEAR', u'D1', u'Durban Campus Full-time', u'A', u'40006488:BENJAMIN', 3.0]
check 'NCLI301_YEAR_2018' 'NCLI301'
processXLS: only for SEM2 [u'NCLI301_YEAR_2018', u'NCLI301_YEAR_2017', u'NCLI301', u'NEPHROLOGY:CLINICAL PRACTICE III', u'NDCLF2', u'ND: CLINICAL TECHNOLOGY (4 YEARS)', u'11', u'YEAR', u'D1', u'Durban Campus Full-time', u'A', u'40006488:BENJAMIN', 3.0]
[u'NCLI301_YEAR_2018', u'NCLI301_YEAR_2017', u'NCLI301', u'NEPHROLOGY:CLINICAL PRACTICE III', u'NDCLT1', u'ND: CLINICAL TECHNOLOGY', u'11', u'YEAR', u'D1', u'Durban Campus Full-time', u'A', u'40006488:BENJAMIN', 14.0]
check 'NCLI301_YEAR_2018' 'NCLI301'
processXLS: only for SEM2 [u'NCLI301_YEAR_2018', u'NCLI301_YEAR_2017', u'NCLI301', u'NEPHROLOGY:CLINICAL PRACTICE III', u'NDCLT1', u'ND: CLINICAL TECHNOLOGY', u'11', u'YEAR', u'D1', u'Durban Campus Full-time', u'A', u'40006488:BENJAMIN', 14.0]
[u'NCLI301_YEAR_2018', u'NCLI301_YEAR_2017', u'NCLI301', u'NEPHROLOGY:CLINICAL PRACTICE III', u'NODIP5', u'NON-DIPLOMA PURPOSE (HLTH SC)', u'11', u'YEAR', u'D7', u'DBN FULL-TIME NON-SUBSIDISED', u'A', u'40006488:BENJAMIN', 1.0]
check 'NCLI301_YEAR_2018' 'NCLI301'
processXLS: only for SEM2 [u'NCLI301_YEAR_2018', u'NCLI301_YEAR_2017', u'NCLI301', u'NEPHROLOGY:CLINICAL PRACTICE III', u'NODIP5', u'NON-DIPLOMA PURPOSE (HLTH SC)', u'11', u'YEAR', u'D7', u'DBN FULL-TIME NON-SUBSIDISED', u'A', u'40006488:BENJAMIN', 1.0]
[u'', u'', u'', u'', u'', u'', u'', u'', u'', u'', u'', u'', u'']
check '' ''
[u'NCTP301_YEAR_2018', u'NCTP301_YEAR_2017', u'NCTP301', u'NEPHROLOGY:CLINICAL TECHNOLOGY PRACTICE III', u'NDCLF2', u'ND: CLINICAL TECHNOLOGY (4 YEARS)', u'11', u'YEAR', u'D1', u'Durban Campus Full-time', u'A', u'40006488:BENJAMIN', 3.0]
check 'NCTP301_YEAR_2018' 'NCTP301'
processXLS: only for SEM2 [u'NCTP301_YEAR_2018', u'NCTP301_YEAR_2017', u'NCTP301', u'NEPHROLOGY:CLINICAL TECHNOLOGY PRACTICE III', u'NDCLF2', u'ND: CLINICAL TECHNOLOGY (4 YEARS)', u'11', u'YEAR', u'D1', u'Durban Campus Full-time', u'A', u'40006488:BENJAMIN', 3.0]
[u'NCTP301_YEAR_2018', u'NCTP301_YEAR_2017', u'NCTP301', u'NEPHROLOGY:CLINICAL TECHNOLOGY PRACTICE III', u'NDCLT1', u'ND: CLINICAL TECHNOLOGY', u'11', u'YEAR', u'D1', u'Durban Campus Full-time', u'A', u'40006488:BENJAMIN', 14.0]
check 'NCTP301_YEAR_2018' 'NCTP301'
processXLS: only for SEM2 [u'NCTP301_YEAR_2018', u'NCTP301_YEAR_2017', u'NCTP301', u'NEPHROLOGY:CLINICAL TECHNOLOGY PRACTICE III', u'NDCLT1', u'ND: CLINICAL TECHNOLOGY', u'11', u'YEAR', u'D1', u'Durban Campus Full-time', u'A', u'40006488:BENJAMIN', 14.0]
[u'NCTP301_YEAR_2018', u'NCTP301_YEAR_2017', u'NCTP301', u'NEPHROLOGY:CLINICAL TECHNOLOGY PRACTICE III', u'NODIP5', u'NON-DIPLOMA PURPOSE (HLTH SC)', u'11', u'YEAR', u'D7', u'DBN FULL-TIME NON-SUBSIDISED', u'A', u'40006488:BENJAMIN', 1.0]
check 'NCTP301_YEAR_2018' 'NCTP301'
processXLS: only for SEM2 [u'NCTP301_YEAR_2018', u'NCTP301_YEAR_2017', u'NCTP301', u'NEPHROLOGY:CLINICAL TECHNOLOGY PRACTICE III', u'NODIP5', u'NON-DIPLOMA PURPOSE (HLTH SC)', u'11', u'YEAR', u'D7', u'DBN FULL-TIME NON-SUBSIDISED', u'A', u'40006488:BENJAMIN', 1.0]
[u'', u'', u'', u'', u'', u'', u'', u'', u'', u'', u'', u'', u'']
check '' ''
[u'NEAP301_YEAR_2018', u'NEAP301_YEAR_2017', u'NEAP301', u'NEPHROLOGY:BIOMEDICAL APPARATUS III', u'NDCLF2', u'ND: CLINICAL TECHNOLOGY (4 YEARS)', u'11', u'YEAR', u'D1', u'Durban Campus Full-time', u'A', u'40006488:BENJAMIN', 3.0]
check 'NEAP301_YEAR_2018' 'NEAP301'
processXLS: only for SEM2 [u'NEAP301_YEAR_2018', u'NEAP301_YEAR_2017', u'NEAP301', u'NEPHROLOGY:BIOMEDICAL APPARATUS III', u'NDCLF2', u'ND: CLINICAL TECHNOLOGY (4 YEARS)', u'11', u'YEAR', u'D1', u'Durban Campus Full-time', u'A', u'40006488:BENJAMIN', 3.0]
[u'NEAP301_YEAR_2018', u'NEAP301_YEAR_2017', u'NEAP301', u'NEPHROLOGY:BIOMEDICAL APPARATUS III', u'NDCLT1', u'ND: CLINICAL TECHNOLOGY', u'11', u'YEAR', u'D1', u'Durban Campus Full-time', u'A', u'40006488:BENJAMIN', 14.0]
check 'NEAP301_YEAR_2018' 'NEAP301'
processXLS: only for SEM2 [u'NEAP301_YEAR_2018', u'NEAP301_YEAR_2017', u'NEAP301', u'NEPHROLOGY:BIOMEDICAL APPARATUS III', u'NDCLT1', u'ND: CLINICAL TECHNOLOGY', u'11', u'YEAR', u'D1', u'Durban Campus Full-time', u'A', u'40006488:BENJAMIN', 14.0]
[u'NEAP301_YEAR_2018', u'NEAP301_YEAR_2017', u'NEAP301', u'NEPHROLOGY:BIOMEDICAL APPARATUS III', u'NODIP5', u'NON-DIPLOMA PURPOSE (HLTH SC)', u'11', u'YEAR', u'D7', u'DBN FULL-TIME NON-SUBSIDISED', u'A', u'40006488:BENJAMIN', 1.0]
check 'NEAP301_YEAR_2018' 'NEAP301'
processXLS: only for SEM2 [u'NEAP301_YEAR_2018', u'NEAP301_YEAR_2017', u'NEAP301', u'NEPHROLOGY:BIOMEDICAL APPARATUS III', u'NODIP5', u'NON-DIPLOMA PURPOSE (HLTH SC)', u'11', u'YEAR', u'D7', u'DBN FULL-TIME NON-SUBSIDISED', u'A', u'40006488:BENJAMIN', 1.0]
[u'', u'', u'', u'', u'', u'', u'', u'', u'', u'', u'', u'', u'']
check '' ''
[u'PBAP301_YEAR_2018', u'PBAP301_YEAR_2017', u'PBAP301', u'PULMONOLOGY:BIOMEDICAL APPARATUS III', u'NDCLT1', u'ND: CLINICAL TECHNOLOGY', u'11', u'YEAR', u'D1', u'Durban Campus Full-time', u'A', u'40000470:MOHAPI M J', 2.0]
check 'PBAP301_YEAR_2018' 'PBAP301'
processXLS: only for SEM2 [u'PBAP301_YEAR_2018', u'PBAP301_YEAR_2017', u'PBAP301', u'PULMONOLOGY:BIOMEDICAL APPARATUS III', u'NDCLT1', u'ND: CLINICAL TECHNOLOGY', u'11', u'YEAR', u'D1', u'Durban Campus Full-time', u'A', u'40000470:MOHAPI M J', 2.0]
[u'', u'', u'', u'', u'', u'', u'', u'', u'', u'', u'', u'', u'']
check '' ''
[u'PCLP301_YEAR_2018', u'PCLP301_YEAR_2017', u'PCLP301', u'PULMONOLOGY:CLINICAL PRACTICE III', u'NDCLT1', u'ND: CLINICAL TECHNOLOGY', u'11', u'YEAR', u'D1', u'Durban Campus Full-time', u'A', u'40000470:MOHAPI M J', 2.0]
check 'PCLP301_YEAR_2018' 'PCLP301'
processXLS: only for SEM2 [u'PCLP301_YEAR_2018', u'PCLP301_YEAR_2017', u'PCLP301', u'PULMONOLOGY:CLINICAL PRACTICE III', u'NDCLT1', u'ND: CLINICAL TECHNOLOGY', u'11', u'YEAR', u'D1', u'Durban Campus Full-time', u'A', u'40000470:MOHAPI M J', 2.0]
[u'', u'', u'', u'', u'', u'', u'', u'', u'', u'', u'', u'', u'']
check '' ''
[u'PTPR301_YEAR_2018', u'PTPR301_YEAR_2017', u'PTPR301', u'PULMONOLOGY:CLINICAL TECHNOLOGY PRACTICE III', u'NDCLT1', u'ND: CLINICAL TECHNOLOGY', u'11', u'YEAR', u'D1', u'Durban Campus Full-time', u'A', u'40000470:MOHAPI M J', 2.0]
check 'PTPR301_YEAR_2018' 'PTPR301'
processXLS: only for SEM2 [u'PTPR301_YEAR_2018', u'PTPR301_YEAR_2017', u'PTPR301', u'PULMONOLOGY:CLINICAL TECHNOLOGY PRACTICE III', u'NDCLT1', u'ND: CLINICAL TECHNOLOGY', u'11', u'YEAR', u'D1', u'Durban Campus Full-time', u'A', u'40000470:MOHAPI M J', 2.0]
[u'', u'', u'', u'', u'', u'', u'', u'', u'', u'', u'', u'', u'']
check '' ''
[u'RBAP301_YEAR_2018', u'RBAP301_YEAR_2017', u'RBAP301', u'REPRODUCTION:BIOMEDICAL APPARATUS III', u'NDCLT1', u'ND: CLINICAL TECHNOLOGY', u'11', u'YEAR', u'D1', u'Durban Campus Full-time', u'A', u'40000470:MOHAPI', 2.0]
check 'RBAP301_YEAR_2018' 'RBAP301'
processXLS: only for SEM2 [u'RBAP301_YEAR_2018', u'RBAP301_YEAR_2017', u'RBAP301', u'REPRODUCTION:BIOMEDICAL APPARATUS III', u'NDCLT1', u'ND: CLINICAL TECHNOLOGY', u'11', u'YEAR', u'D1', u'Durban Campus Full-time', u'A', u'40000470:MOHAPI', 2.0]
[u'', u'', u'', u'', u'', u'', u'', u'', u'', u'', u'', u'', u'']
check '' ''
[u'RCPR301_YEAR_2018', u'RCPR301_YEAR_2017', u'RCPR301', u'REPRODUCTION:CLINICAL PRACTICE III', u'NDCLT1', u'ND: CLINICAL TECHNOLOGY', u'11', u'YEAR', u'D1', u'Durban Campus Full-time', u'A', u'40000470:MOHAPI', 2.0]
check 'RCPR301_YEAR_2018' 'RCPR301'
processXLS: only for SEM2 [u'RCPR301_YEAR_2018', u'RCPR301_YEAR_2017', u'RCPR301', u'REPRODUCTION:CLINICAL PRACTICE III', u'NDCLT1', u'ND: CLINICAL TECHNOLOGY', u'11', u'YEAR', u'D1', u'Durban Campus Full-time', u'A', u'40000470:MOHAPI', 2.0]
[u'', u'', u'', u'', u'', u'', u'', u'', u'', u'', u'', u'', u'']
check '' ''
[u'RTPR301_YEAR_2018', u'RTPR301_YEAR_2017', u'RTPR301', u'REPRODUCTION:CLINICAL TECHNOLOGY PRACTICE III', u'NDCLT1', u'ND: CLINICAL TECHNOLOGY', u'11', u'YEAR', u'D1', u'Durban Campus Full-time', u'A', u'40000470:MOHAPI', 2.0]
check 'RTPR301_YEAR_2018' 'RTPR301'
processXLS: only for SEM2 [u'RTPR301_YEAR_2018', u'RTPR301_YEAR_2017', u'RTPR301', u'REPRODUCTION:CLINICAL TECHNOLOGY PRACTICE III', u'NDCLT1', u'ND: CLINICAL TECHNOLOGY', u'11', u'YEAR', u'D1', u'Durban Campus Full-time', u'A', u'40000470:MOHAPI', 2.0]
[u'', u'', u'', u'', u'', u'', u'', u'', u'', u'', u'', u'', u'']
check '' ''
[u'ACDT401_YEAR_2018', u'ACDT401_YEAR_2017', u'ACDT401', u'ADVANCED CARDIAC TECHNOLOGY', u'BTCLT2', u'BT: CLINICAL TECHNOLOGY', u'11', u'YEAR', u'D1', u'Durban Campus Full-time', u'A', u'40008428:PRAKASCHANDRA', 2.0]
check 'ACDT401_YEAR_2018' 'ACDT401'
processXLS: only for SEM2 [u'ACDT401_YEAR_2018', u'ACDT401_YEAR_2017', u'ACDT401', u'ADVANCED CARDIAC TECHNOLOGY', u'BTCLT2', u'BT: CLINICAL TECHNOLOGY', u'11', u'YEAR', u'D1', u'Durban Campus Full-time', u'A', u'40008428:PRAKASCHANDRA', 2.0]
[u'ACDT401_YEAR_2018', u'ACDT401_YEAR_2017', u'ACDT401', u'ADVANCED CARDIAC TECHNOLOGY', u'BTCLT2', u'BT: CLINICAL TECHNOLOGY', u'11', u'YEAR', u'D3', u'Durban Campus Part-time', u'A', u'40008428:PRAKASCHANDRA', 8.0]
check 'ACDT401_YEAR_2018' 'ACDT401'
processXLS: only for SEM2 [u'ACDT401_YEAR_2018', u'ACDT401_YEAR_2017', u'ACDT401', u'ADVANCED CARDIAC TECHNOLOGY', u'BTCLT2', u'BT: CLINICAL TECHNOLOGY', u'11', u'YEAR', u'D3', u'Durban Campus Part-time', u'A', u'40008428:PRAKASCHANDRA', 8.0]
[u'', u'', u'', u'', u'', u'', u'', u'', u'', u'', u'', u'', u'']
check '' ''
[u'ACRT401_YEAR_2018', u'ACRT401_YEAR_2017', u'ACRT401', u'ADVANCED CRITICAL CARE TECHNOLOGY', u'BTCLT2', u'BT: CLINICAL TECHNOLOGY', u'11', u'YEAR', u'D3', u'Durban Campus Part-time', u'A', u'40003596:MEMELA M E', 2.0]
check 'ACRT401_YEAR_2018' 'ACRT401'
processXLS: only for SEM2 [u'ACRT401_YEAR_2018', u'ACRT401_YEAR_2017', u'ACRT401', u'ADVANCED CRITICAL CARE TECHNOLOGY', u'BTCLT2', u'BT: CLINICAL TECHNOLOGY', u'11', u'YEAR', u'D3', u'Durban Campus Part-time', u'A', u'40003596:MEMELA M E', 2.0]
[u'', u'', u'', u'', u'', u'', u'', u'', u'', u'', u'', u'', u'']
check '' ''
[u'ANPT401_YEAR_2018', u'ANPT401_YEAR_2017', u'ANPT401', u'ADVANCED NEUROPHYSIOLOGIC TECHNOLOGY', u'BTCLT2', u'BT: CLINICAL TECHNOLOGY', u'11', u'YEAR', u'D3', u'Durban Campus Part-time', u'A', u'40000470:MOHAPI M J', 3.0]
check 'ANPT401_YEAR_2018' 'ANPT401'
processXLS: only for SEM2 [u'ANPT401_YEAR_2018', u'ANPT401_YEAR_2017', u'ANPT401', u'ADVANCED NEUROPHYSIOLOGIC TECHNOLOGY', u'BTCLT2', u'BT: CLINICAL TECHNOLOGY', u'11', u'YEAR', u'D3', u'Durban Campus Part-time', u'A', u'40000470:MOHAPI M J', 3.0]
[u'', u'', u'', u'', u'', u'', u'', u'', u'', u'', u'', u'', u'']
check '' ''
[u'APFT401_YEAR_2018', u'APFT401_YEAR_2017', u'APFT401', u'ADVANCED PERFUSION TECHNOLOGY', u'BTCLT2', u'BT: CLINICAL TECHNOLOGY', u'11', u'YEAR', u'D1', u'Durban Campus Full-time', u'A', u'40000470:MOHAPI', 1.0]
check 'APFT401_YEAR_2018' 'APFT401'
processXLS: only for SEM2 [u'APFT401_YEAR_2018', u'APFT401_YEAR_2017', u'APFT401', u'ADVANCED PERFUSION TECHNOLOGY', u'BTCLT2', u'BT: CLINICAL TECHNOLOGY', u'11', u'YEAR', u'D1', u'Durban Campus Full-time', u'A', u'40000470:MOHAPI', 1.0]
[u'APFT401_YEAR_2018', u'APFT401_YEAR_2017', u'APFT401', u'ADVANCED PERFUSION TECHNOLOGY', u'BTCLT2', u'BT: CLINICAL TECHNOLOGY', u'11', u'YEAR', u'D3', u'Durban Campus Part-time', u'A', u'40000470:MOHAPI', 5.0]
check 'APFT401_YEAR_2018' 'APFT401'
processXLS: only for SEM2 [u'APFT401_YEAR_2018', u'APFT401_YEAR_2017', u'APFT401', u'ADVANCED PERFUSION TECHNOLOGY', u'BTCLT2', u'BT: CLINICAL TECHNOLOGY', u'11', u'YEAR', u'D3', u'Durban Campus Part-time', u'A', u'40000470:MOHAPI', 5.0]
[u'', u'', u'', u'', u'', u'', u'', u'', u'', u'', u'', u'', u'']
check '' ''
[u'ARNT401_YEAR_2018', u'ARNT401_YEAR_2017', u'ARNT401', u'ADVANCED RENAL TECHNOLOGY', u'BTCLT2', u'BT: CLINICAL TECHNOLOGY', u'11', u'YEAR', u'D3', u'Durban Campus Part-time', u'A', u'40006488:BENJAMIN', 10.0]
check 'ARNT401_YEAR_2018' 'ARNT401'
processXLS: only for SEM2 [u'ARNT401_YEAR_2018', u'ARNT401_YEAR_2017', u'ARNT401', u'ADVANCED RENAL TECHNOLOGY', u'BTCLT2', u'BT: CLINICAL TECHNOLOGY', u'11', u'YEAR', u'D3', u'Durban Campus Part-time', u'A', u'40006488:BENJAMIN', 10.0]
[u'', u'', u'', u'', u'', u'', u'', u'', u'', u'', u'', u'', u'']
check '' ''
[u'ARPT401_YEAR_2018', u'ARPT401_YEAR_2017', u'ARPT401', u'ADVANCED REPRODUCTIVE TECHNOLOGY', u'BTCLT2', u'BT: CLINICAL TECHNOLOGY', u'11', u'YEAR', u'D3', u'Durban Campus Part-time', u'A', u'40000470:MOHAPI', 2.0]
check 'ARPT401_YEAR_2018' 'ARPT401'
processXLS: only for SEM2 [u'ARPT401_YEAR_2018', u'ARPT401_YEAR_2017', u'ARPT401', u'ADVANCED REPRODUCTIVE TECHNOLOGY', u'BTCLT2', u'BT: CLINICAL TECHNOLOGY', u'11', u'YEAR', u'D3', u'Durban Campus Part-time', u'A', u'40000470:MOHAPI', 2.0]
[u'', u'', u'', u'', u'', u'', u'', u'', u'', u'', u'', u'', u'']
check '' ''
[u'CARD401_YEAR_2018', u'CARD401_YEAR_2017', u'CARD401', u'CARDIOLOGY IV', u'BTCLT1', u'BT: CLINICAL TECHNOLOGY', u'11', u'YEAR', u'D3', u'Durban Campus Part-time', u'A', u'40008428:PRAKASCHANDRA', 2.0]
check 'CARD401_YEAR_2018' 'CARD401'
processXLS: only for SEM2 [u'CARD401_YEAR_2018', u'CARD401_YEAR_2017', u'CARD401', u'CARDIOLOGY IV', u'BTCLT1', u'BT: CLINICAL TECHNOLOGY', u'11', u'YEAR', u'D3', u'Durban Campus Part-time', u'A', u'40008428:PRAKASCHANDRA', 2.0]
[u'', u'', u'', u'', u'', u'', u'', u'', u'', u'', u'', u'', u'']
check '' ''
[u'CCAR401_YEAR_2018', u'CCAR401_YEAR_2017', u'CCAR401', u'CRITICAL CARE IV', u'BTCLT1', u'BT: CLINICAL TECHNOLOGY', u'11', u'YEAR', u'D3', u'Durban Campus Part-time', u'A', u'40003596:MEMELA', 1.0]
check 'CCAR401_YEAR_2018' 'CCAR401'
processXLS: only for SEM2 [u'CCAR401_YEAR_2018', u'CCAR401_YEAR_2017', u'CCAR401', u'CRITICAL CARE IV', u'BTCLT1', u'BT: CLINICAL TECHNOLOGY', u'11', u'YEAR', u'D3', u'Durban Campus Part-time', u'A', u'40003596:MEMELA', 1.0]
[u'', u'', u'', u'', u'', u'', u'', u'', u'', u'', u'', u'', u'']
check '' ''
[u'IPAT401_YEAR_2018', u'IPAT401_YEAR_2017', u'IPAT401', u'INTEGRATED PATHOPHYSIOLOGY IV', u'BTBMT2', u'BT: BIOMEDICAL TECHNOLOGY', u'11', u'YEAR', u'D3', u'Durban Campus Part-time', u'A', u'40003792:MBATHA', 20.0]
check 'IPAT401_YEAR_2018' 'IPAT401'
processXLS: only for SEM2 [u'IPAT401_YEAR_2018', u'IPAT401_YEAR_2017', u'IPAT401', u'INTEGRATED PATHOPHYSIOLOGY IV', u'BTBMT2', u'BT: BIOMEDICAL TECHNOLOGY', u'11', u'YEAR', u'D3', u'Durban Campus Part-time', u'A', u'40003792:MBATHA', 20.0]
[u'', u'', u'', u'', u'', u'', u'', u'', u'', u'', u'', u'', u'']
check '' ''
[u'MOLE401_YEAR_2018', u'MOLE401_YEAR_2017', u'MOLE401', u'MOLECULAR BIOLOGY IV', u'BTBMT2', u'BT: BIOMEDICAL TECHNOLOGY', u'11', u'YEAR', u'D3', u'Durban Campus Part-time', u'A', u'40009874:SYDNEY', 39.0]
check 'MOLE401_YEAR_2018' 'MOLE401'
processXLS: only for SEM2 [u'MOLE401_YEAR_2018', u'MOLE401_YEAR_2017', u'MOLE401', u'MOLECULAR BIOLOGY IV', u'BTBMT2', u'BT: BIOMEDICAL TECHNOLOGY', u'11', u'YEAR', u'D3', u'Durban Campus Part-time', u'A', u'40009874:SYDNEY', 39.0]
[u'', u'', u'', u'', u'', u'', u'', u'', u'', u'', u'', u'', u'']
check '' ''
[u'NERO401_YEAR_2018', u'NERO401_YEAR_2017', u'NERO401', u'NEPHROLOGY IV', u'BTCLT1', u'BT: CLINICAL TECHNOLOGY', u'11', u'YEAR', u'D1', u'Durban Campus Full-time', u'A', u'40006488:BENJAMIN', 1.0]
check 'NERO401_YEAR_2018' 'NERO401'
processXLS: only for SEM2 [u'NERO401_YEAR_2018', u'NERO401_YEAR_2017', u'NERO401', u'NEPHROLOGY IV', u'BTCLT1', u'BT: CLINICAL TECHNOLOGY', u'11', u'YEAR', u'D1', u'Durban Campus Full-time', u'A', u'40006488:BENJAMIN', 1.0]
[u'NERO401_YEAR_2018', u'NERO401_YEAR_2017', u'NERO401', u'NEPHROLOGY IV', u'BTCLT1', u'BT: CLINICAL TECHNOLOGY', u'11', u'YEAR', u'D3', u'Durban Campus Part-time', u'A', u'40006488:BENJAMIN', 4.0]
check 'NERO401_YEAR_2018' 'NERO401'
processXLS: only for SEM2 [u'NERO401_YEAR_2018', u'NERO401_YEAR_2017', u'NERO401', u'NEPHROLOGY IV', u'BTCLT1', u'BT: CLINICAL TECHNOLOGY', u'11', u'YEAR', u'D3', u'Durban Campus Part-time', u'A', u'40006488:BENJAMIN', 4.0]
[u'', u'', u'', u'', u'', u'', u'', u'', u'', u'', u'', u'', u'']
check '' ''
[u'NPHY401_YEAR_2018', u'NPHY401_YEAR_2017', u'NPHY401', u'NEUROPHYSIOLOGY IV', u'BTCLT1', u'BT: CLINICAL TECHNOLOGY', u'11', u'YEAR', u'D3', u'Durban Campus Part-time', u'A', u'40000470:MOHAPI', 1.0]
check 'NPHY401_YEAR_2018' 'NPHY401'
processXLS: only for SEM2 [u'NPHY401_YEAR_2018', u'NPHY401_YEAR_2017', u'NPHY401', u'NEUROPHYSIOLOGY IV', u'BTCLT1', u'BT: CLINICAL TECHNOLOGY', u'11', u'YEAR', u'D3', u'Durban Campus Part-time', u'A', u'40000470:MOHAPI', 1.0]
[u'', u'', u'', u'', u'', u'', u'', u'', u'', u'', u'', u'', u'']
check '' ''
[u'THBT511_YEAR_2018', u'THBT511_YEAR_2017', u'THBT511', u'THESIS (1ST REGISTRATION)', u'MHCLT1', u'MH:  CLINICAL TECHNOLOGY', u'P0', u'POST-GRAD ANNUAL REGISTRATIONS', u'D3', u'Durban Campus Part-time', u'A', u'40008428:Prakaschandra', 7.0]
check 'THBT511_YEAR_2018' 'THBT511'
processXLS: only for SEM2 [u'THBT511_YEAR_2018', u'THBT511_YEAR_2017', u'THBT511', u'THESIS (1ST REGISTRATION)', u'MHCLT1', u'MH:  CLINICAL TECHNOLOGY', u'P0', u'POST-GRAD ANNUAL REGISTRATIONS', u'D3', u'Durban Campus Part-time', u'A', u'40008428:Prakaschandra', 7.0]
[u'THBT511_YEAR_2018', u'THBT511_YEAR_2017', u'THBT511', u'THESIS (1ST REGISTRATION)', u'MHMLS1', u'MH:  MEDICAL LABORATORY SCIENCE', u'P0', u'POST-GRAD ANNUAL REGISTRATIONS', u'D3', u'Durban Campus Part-time', u'A', u'40008428:Prakaschandra', 5.0]
check 'THBT511_YEAR_2018' 'THBT511'
processXLS: only for SEM2 [u'THBT511_YEAR_2018', u'THBT511_YEAR_2017', u'THBT511', u'THESIS (1ST REGISTRATION)', u'MHMLS1', u'MH:  MEDICAL LABORATORY SCIENCE', u'P0', u'POST-GRAD ANNUAL REGISTRATIONS', u'D3', u'Durban Campus Part-time', u'A', u'40008428:Prakaschandra', 5.0]
[u'', u'', u'', u'', u'', u'', u'', u'', u'', u'', u'', u'', u'']
check '' ''
[u'THBT521_YEAR_2018', u'THBT521_YEAR_2017', u'THBT521', u'THESIS (2ND REGISTRATION)', u'MHCLT1', u'MH:  CLINICAL TECHNOLOGY', u'P0', u'POST-GRAD ANNUAL REGISTRATIONS', u'D3', u'Durban Campus Part-time', u'A', u'40008428:Prakaschandra', 1.0]
check 'THBT521_YEAR_2018' 'THBT521'
processXLS: only for SEM2 [u'THBT521_YEAR_2018', u'THBT521_YEAR_2017', u'THBT521', u'THESIS (2ND REGISTRATION)', u'MHCLT1', u'MH:  CLINICAL TECHNOLOGY', u'P0', u'POST-GRAD ANNUAL REGISTRATIONS', u'D3', u'Durban Campus Part-time', u'A', u'40008428:Prakaschandra', 1.0]
[u'THBT521_YEAR_2018', u'THBT521_YEAR_2017', u'THBT521', u'THESIS (2ND REGISTRATION)', u'MHMLS1', u'MH:  MEDICAL LABORATORY SCIENCE', u'P0', u'POST-GRAD ANNUAL REGISTRATIONS', u'D3', u'Durban Campus Part-time', u'A', u'40008428:Prakaschandra', 4.0]
check 'THBT521_YEAR_2018' 'THBT521'
processXLS: only for SEM2 [u'THBT521_YEAR_2018', u'THBT521_YEAR_2017', u'THBT521', u'THESIS (2ND REGISTRATION)', u'MHMLS1', u'MH:  MEDICAL LABORATORY SCIENCE', u'P0', u'POST-GRAD ANNUAL REGISTRATIONS', u'D3', u'Durban Campus Part-time', u'A', u'40008428:Prakaschandra', 4.0]
[u'', u'', u'', u'', u'', u'', u'', u'', u'', u'', u'', u'', u'']
check '' ''
[u'THBT531_YEAR_2018', u'THBT531_YEAR_2017', u'THBT531', u'THESIS (3RD REGISTRATION)', u'MHCLT1', u'MH:  CLINICAL TECHNOLOGY', u'P0', u'POST-GRAD ANNUAL REGISTRATIONS', u'D3', u'Durban Campus Part-time', u'A', u'40008428:Prakaschandra', 2.0]
check 'THBT531_YEAR_2018' 'THBT531'
processXLS: only for SEM2 [u'THBT531_YEAR_2018', u'THBT531_YEAR_2017', u'THBT531', u'THESIS (3RD REGISTRATION)', u'MHCLT1', u'MH:  CLINICAL TECHNOLOGY', u'P0', u'POST-GRAD ANNUAL REGISTRATIONS', u'D3', u'Durban Campus Part-time', u'A', u'40008428:Prakaschandra', 2.0]
[u'', u'', u'', u'', u'', u'', u'', u'', u'', u'', u'', u'', u'']
check '' ''
[u'ARPD611_YEAR_2018', u'ARPD611_YEAR_2017', u'ARPD611', u'ADV RESEARCH PROJECT & DISSERTATION (1ST REG)', u'DRMCS1', u'DOCTOR OF MEDICAL CLINICAL SCIENCES', u'P0', u'POST-GRAD ANNUAL REGISTRATIONS', u'D3', u'Durban Campus Part-time', u'A', u'40008428:Prakaschandra', 1.0]
check 'ARPD611_YEAR_2018' 'ARPD611'
processXLS: only for SEM2 [u'ARPD611_YEAR_2018', u'ARPD611_YEAR_2017', u'ARPD611', u'ADV RESEARCH PROJECT & DISSERTATION (1ST REG)', u'DRMCS1', u'DOCTOR OF MEDICAL CLINICAL SCIENCES', u'P0', u'POST-GRAD ANNUAL REGISTRATIONS', u'D3', u'Durban Campus Part-time', u'A', u'40008428:Prakaschandra', 1.0]
[u'', u'', u'', u'', u'', u'', u'', u'', u'', u'', u'', u'', u'']
check '' ''
[u'RDBM611_YEAR_2018', u'RDBM611_YEAR_2017', u'RDBM611', u'RESEARCH PROJECT & DISS (1ST REG)', u'DRMLS1', u'DOCTOR OF MEDICAL LABORATORY SCIENCE', u'P0', u'POST-GRAD ANNUAL REGISTRATIONS', u'D3', u'Durban Campus Part-time', u'A', u'40008428:Prakaschandra', 1.0]
check 'RDBM611_YEAR_2018' 'RDBM611'
processXLS: only for SEM2 [u'RDBM611_YEAR_2018', u'RDBM611_YEAR_2017', u'RDBM611', u'RESEARCH PROJECT & DISS (1ST REG)', u'DRMLS1', u'DOCTOR OF MEDICAL LABORATORY SCIENCE', u'P0', u'POST-GRAD ANNUAL REGISTRATIONS', u'D3', u'Durban Campus Part-time', u'A', u'40008428:Prakaschandra', 1.0]
[u'', u'', u'', u'', u'', u'', u'', u'', u'', u'', u'', u'', u'']
check '' ''
[u'RDBM631_YEAR_2018', u'RDBM631_YEAR_2017', u'RDBM631', u'RESEARCH PROJECT & DISS (3RD REG)', u'DRMLS1', u'DOCTOR OF MEDICAL LABORATORY SCIENCE', u'P0', u'POST-GRAD ANNUAL REGISTRATIONS', u'D3', u'Durban Campus Part-time', u'A', u'40008428:Prakaschandra', 1.0]
check 'RDBM631_YEAR_2018' 'RDBM631'
processXLS: only for SEM2 [u'RDBM631_YEAR_2018', u'RDBM631_YEAR_2017', u'RDBM631', u'RESEARCH PROJECT & DISS (3RD REG)', u'DRMLS1', u'DOCTOR OF MEDICAL LABORATORY SCIENCE', u'P0', u'POST-GRAD ANNUAL REGISTRATIONS', u'D3', u'Durban Campus Part-time', u'A', u'40008428:Prakaschandra', 1.0]
[u'', u'', u'', u'', u'', u'', u'', u'', u'', u'', u'', u'', u'']
check '' ''
[u'RSBM611_YEAR_2018', u'RSBM611_YEAR_2017', u'RSBM611', u'RESEARCH PROJECT & DISS (1ST REG)', u'DRMLS1', u'DOCTOR OF MEDICAL LABORATORY SCIENCE', u'P0', u'POST-GRAD ANNUAL REGISTRATIONS', u'D3', u'Durban Campus Part-time', u'A', u'40000690:MKHIZE B T', 1.0]
check 'RSBM611_YEAR_2018' 'RSBM611'
processXLS: only for SEM2 [u'RSBM611_YEAR_2018', u'RSBM611_YEAR_2017', u'RSBM611', u'RESEARCH PROJECT & DISS (1ST REG)', u'DRMLS1', u'DOCTOR OF MEDICAL LABORATORY SCIENCE', u'P0', u'POST-GRAD ANNUAL REGISTRATIONS', u'D3', u'Durban Campus Part-time', u'A', u'40000690:MKHIZE B T', 1.0]
[u'', u'', u'', u'', u'', u'', u'', u'', u'', u'', u'', u'', u'']
check '' ''
[u'RSBM621_YEAR_2018', u'RSBM621_YEAR_2017', u'RSBM621', u'RESEARCH PROJECT & DISS (2ND REG)', u'DRMLS1', u'DOCTOR OF MEDICAL LABORATORY SCIENCE', u'P0', u'POST-GRAD ANNUAL REGISTRATIONS', u'D3', u'Durban Campus Part-time', u'A', u'40000690:MKHIZE B T', 1.0]
check 'RSBM621_YEAR_2018' 'RSBM621'
processXLS: only for SEM2 [u'RSBM621_YEAR_2018', u'RSBM621_YEAR_2017', u'RSBM621', u'RESEARCH PROJECT & DISS (2ND REG)', u'DRMLS1', u'DOCTOR OF MEDICAL LABORATORY SCIENCE', u'P0', u'POST-GRAD ANNUAL REGISTRATIONS', u'D3', u'Durban Campus Part-time', u'A', u'40000690:MKHIZE B T', 1.0]
[u'', u'', u'', u'', u'', u'', u'', u'', u'', u'', u'', u'', u'']
check '' ''
[u'THEI601_YEAR_2018', u'THEI601_YEAR_2017', u'THEI601', u'THESIS (1ST REGISTRATION)', u'MHMLS1', u'MH:  MEDICAL LABORATORY SCIENCE', u'P0', u'POST-GRAD ANNUAL REGISTRATIONS', u'D3', u'Durban Campus Part-time', u'A', u'40000690:MKHIZE', 3.0]
check 'THEI601_YEAR_2018' 'THEI601'
processXLS: only for SEM2 [u'THEI601_YEAR_2018', u'THEI601_YEAR_2017', u'THEI601', u'THESIS (1ST REGISTRATION)', u'MHMLS1', u'MH:  MEDICAL LABORATORY SCIENCE', u'P0', u'POST-GRAD ANNUAL REGISTRATIONS', u'D3', u'Durban Campus Part-time', u'A', u'40000690:MKHIZE', 3.0]
[u'', u'', u'', u'', u'', u'', u'', u'', u'', u'', u'', u'', u'']
check '' ''
[u'THEI611_YEAR_2018', u'THEI611_YEAR_2017', u'THEI611', u'THESIS (2ND REGISTRATION)', u'MHMLS1', u'MH:  MEDICAL LABORATORY SCIENCE', u'P0', u'POST-GRAD ANNUAL REGISTRATIONS', u'D3', u'Durban Campus Part-time', u'A', u'40000690:MKHIZE B T', 4.0]
check 'THEI611_YEAR_2018' 'THEI611'
processXLS: only for SEM2 [u'THEI611_YEAR_2018', u'THEI611_YEAR_2017', u'THEI611', u'THESIS (2ND REGISTRATION)', u'MHMLS1', u'MH:  MEDICAL LABORATORY SCIENCE', u'P0', u'POST-GRAD ANNUAL REGISTRATIONS', u'D3', u'Durban Campus Part-time', u'A', u'40000690:MKHIZE B T', 4.0]
[u'', u'', u'', u'', u'', u'', u'', u'', u'', u'', u'', u'', u'']
check '' ''
[u'THSI601_YEAR_2018', u'THSI601_YEAR_2017', u'THSI601', u'THESIS', u'MHCLT1', u'MH:  CLINICAL TECHNOLOGY', u'P0', u'POST-GRAD ANNUAL REGISTRATIONS', u'D3', u'Durban Campus Part-time', u'A', u'40008428:PRAKASCHANDRA', 7.0]
check 'THSI601_YEAR_2018' 'THSI601'
processXLS: only for SEM2 [u'THSI601_YEAR_2018', u'THSI601_YEAR_2017', u'THSI601', u'THESIS', u'MHCLT1', u'MH:  CLINICAL TECHNOLOGY', u'P0', u'POST-GRAD ANNUAL REGISTRATIONS', u'D3', u'Durban Campus Part-time', u'A', u'40008428:PRAKASCHANDRA', 7.0]
[u'', u'', u'', u'', u'', u'', u'', u'', u'', u'', u'', u'', u'']
check '' ''
[u'THSI611_YEAR_2018', u'THSI611_YEAR_2017', u'THSI611', u'THESIS (2ND REGISTRATION)', u'MHCLT1', u'MH:  CLINICAL TECHNOLOGY', u'P0', u'POST-GRAD ANNUAL REGISTRATIONS', u'D3', u'Durban Campus Part-time', u'A', u'40008428:PRAKASCHANDRA', 1.0]
check 'THSI611_YEAR_2018' 'THSI611'
processXLS: only for SEM2 [u'THSI611_YEAR_2018', u'THSI611_YEAR_2017', u'THSI611', u'THESIS (2ND REGISTRATION)', u'MHCLT1', u'MH:  CLINICAL TECHNOLOGY', u'P0', u'POST-GRAD ANNUAL REGISTRATIONS', u'D3', u'Durban Campus Part-time', u'A', u'40008428:PRAKASCHANDRA', 1.0]
[u'', u'', u'', u'', u'', u'', u'', u'', u'', u'', u'', u'', u'']
check '' ''
[u'THSI621_YEAR_2018', u'THSI621_YEAR_2017', u'THSI621', u'THESIS (3RD REGISTRATION)', u'MHCLT1', u'MH:  CLINICAL TECHNOLOGY', u'P0', u'POST-GRAD ANNUAL REGISTRATIONS', u'D3', u'Durban Campus Part-time', u'A', u'40008428:PRAKASCHANDRA', 2.0]
check 'THSI621_YEAR_2018' 'THSI621'
processXLS: only for SEM2 [u'THSI621_YEAR_2018', u'THSI621_YEAR_2017', u'THSI621', u'THESIS (3RD REGISTRATION)', u'MHCLT1', u'MH:  CLINICAL TECHNOLOGY', u'P0', u'POST-GRAD ANNUAL REGISTRATIONS', u'D3', u'Durban Campus Part-time', u'A', u'40008428:PRAKASCHANDRA', 2.0]
[u'', u'', u'', u'', u'', u'', u'', u'', u'', u'', u'', u'', u'']
check '' ''
[u'ARED711_YEAR_2018', u'ARED711_YEAR_2017', u'ARED711', u'ADV RESEARCH PROJECT & DISSERTATION (1ST REG)', u'DRMCS1', u'DOCTOR OF MEDICAL CLINICAL SCIENCES', u'P0', u'POST-GRAD ANNUAL REGISTRATIONS', u'D3', u'Durban Campus Part-time', u'A', u'40008428:PRAKASCHANDRA', 1.0]
check 'ARED711_YEAR_2018' 'ARED711'
processXLS: only for SEM2 [u'ARED711_YEAR_2018', u'ARED711_YEAR_2017', u'ARED711', u'ADV RESEARCH PROJECT & DISSERTATION (1ST REG)', u'DRMCS1', u'DOCTOR OF MEDICAL CLINICAL SCIENCES', u'P0', u'POST-GRAD ANNUAL REGISTRATIONS', u'D3', u'Durban Campus Part-time', u'A', u'40008428:PRAKASCHANDRA', 1.0]
[u'', u'', u'', u'', u'', u'', u'', u'', u'', u'', u'', u'', u'']
check '' ''
[u'PYSL101_SEM1_2018', u'PYSL101_SEM1_2017', u'PYSL101', u'PYSL101: PHYSIOLOGY I 2017', u'BHCLT1', u'BH: CLINICAL TECHNOLOGY', 21.0, u'SEMESTER1', u'D1', u'Durban Campus Part-time', u'A', u'50000810:WALTERS', 1.0]
check 'PYSL101_SEM1_2018' 'PYSL101'
processXLS: only for SEM2 [u'PYSL101_SEM1_2018', u'PYSL101_SEM1_2017', u'PYSL101', u'PYSL101: PHYSIOLOGY I 2017', u'BHCLT1', u'BH: CLINICAL TECHNOLOGY', 21.0, u'SEMESTER1', u'D1', u'Durban Campus Part-time', u'A', u'50000810:WALTERS', 1.0]
[u'', u'', u'', u'', u'', u'', u'', u'', u'', u'', u'', u'', u'']
check '' ''
[u'ITCT101_SEM2_2018', u'ITCT101_SEM2_2017', u'ITCT101', u'ITCT101: INSTRUMENTATION & TECHNIQUES FOR CLINICAL TECHNOLOGY I 2017', u'BHCLT1', u'BH: CLINICAL TECHNOLOGY', 22.0, u'SEMESTER 2', u'D1', u'Durban Campus Full-time', u'A', u'40003596:MEMELA', 1.0]
check 'ITCT101_SEM2_2018' 'ITCT101'
processXLS: only for SEM2 [u'ITCT101_SEM2_2018', u'ITCT101_SEM2_2017', u'ITCT101', u'ITCT101: INSTRUMENTATION & TECHNIQUES FOR CLINICAL TECHNOLOGY I 2017', u'BHCLT1', u'BH: CLINICAL TECHNOLOGY', 22.0, u'SEMESTER 2', u'D1', u'Durban Campus Full-time', u'A', u'40003596:MEMELA', 1.0]
[u'', u'', u'', u'', u'', u'', u'', u'', u'', u'', u'', u'', u'']
check '' ''
[u'PAPH201_SEM2_2018', u'PAPH201_SEM2_2017', u'PAPH201', u'PAPH201: PATHOPHYSIOLOGY II 2017', u'NDBMT1', u'ND: BIOMEDICAL TECHNOLOGY', 22.0, u'SEMESTER 2', u'D1', u'Durban Campus Full-time', u'A', u'40000914:NDLOVU', 1.0]
check 'PAPH201_SEM2_2018' 'PAPH201'
processXLS: only for SEM2 [u'PAPH201_SEM2_2018', u'PAPH201_SEM2_2017', u'PAPH201', u'PAPH201: PATHOPHYSIOLOGY II 2017', u'NDBMT1', u'ND: BIOMEDICAL TECHNOLOGY', 22.0, u'SEMESTER 2', u'D1', u'Durban Campus Full-time', u'A', u'40000914:NDLOVU', 1.0]
[u'', u'', u'', u'', u'', u'', u'', u'', u'', u'', u'', u'', u'']
check '' ''
[u'PTPY101_SEM2_2018', u'PTPY101_SEM2_2017', u'PTPY101', u'PTPY101: PATHOPHYSIOLOGY I 2017', u'BTCLT1', u'BT: CLINICAL TECHNOLOGY', 22.0, u'SEMESTER 2', u'D1', u'Durban Campus Part-time', u'A', u'40008428:PRAKASCHANDRA', 1.0]
check 'PTPY101_SEM2_2018' 'PTPY101'
processXLS: only for SEM2 [u'PTPY101_SEM2_2018', u'PTPY101_SEM2_2017', u'PTPY101', u'PTPY101: PATHOPHYSIOLOGY I 2017', u'BTCLT1', u'BT: CLINICAL TECHNOLOGY', 22.0, u'SEMESTER 2', u'D1', u'Durban Campus Part-time', u'A', u'40008428:PRAKASCHANDRA', 1.0]
[u'...', u'', u'', u'', u'', u'', u'', u'', u'', u'', u'', u'', u'']
check '...' ''
[u'New subjects for 2018', u'', u'', u'', u'', u'', u'', u'', u'', u'', u'', u'', u'']
check 'New subjects for 2018' ''
[u'CBIO101_SEM2_2018', u'template_2018', u'CBIO101', u'CELL BIOLOGY', u'BHMLS1', u'BH IN MEDICAL LABORATORY SCIENCE', u'22', u'SEM2', u'D1', u'OTNAME', u'A', 40003792.0, u'']
check 'CBIO101_SEM2_2018' 'CBIO101'
adding  CBIO101
requesting:  http://10.0.100.98:8000/bbinfo/matching_courses/CBIO101%25
r= <Response [200]>
matching classes= set([u'CBIO101_SEM2_2018'])
[u'CLCA301_SEM1_2018', u'template_2018', u'CLCA301', u'CLIN LAB PRAC II:  CLINICAL CHEM IIIA', u'BHMLS1', u'BH IN MEDICAL LABORATORY SCIENCE', u'21', u'SEM1', u'D1', u'OTNAME', u'A', u'', u'']
check 'CLCA301_SEM1_2018' 'CLCA301'
processXLS: only for SEM2 [u'CLCA301_SEM1_2018', u'template_2018', u'CLCA301', u'CLIN LAB PRAC II:  CLINICAL CHEM IIIA', u'BHMLS1', u'BH IN MEDICAL LABORATORY SCIENCE', u'21', u'SEM1', u'D1', u'OTNAME', u'A', u'', u'']
[u'CLCB301_SEM2_2018', u'template_2018', u'CLCB301', u'CLIN LAB PRAC II:  CLINICAL CHEM IIIB', u'BHMLS1', u'BH IN MEDICAL LABORATORY SCIENCE', u'22', u'SEM2', u'D1', u'OTNAME', u'A', u'', u'']
check 'CLCB301_SEM2_2018' 'CLCB301'
adding  CLCB301
requesting:  http://10.0.100.98:8000/bbinfo/matching_courses/CLCB301%25
r= <Response [200]>
matching classes= set([u'CLCB301_SEM2_2018'])
[u'CLCM101_SEM1_2018', u'template_2018', u'CLCM101', u'CLINICAL CHEMISTRY I', u'BHMLS1', u'BH IN MEDICAL LABORATORY SCIENCE', u'21', u'SEM1', u'D1', u'OTNAME', u'A', u'', u'']
check 'CLCM101_SEM1_2018' 'CLCM101'
processXLS: only for SEM2 [u'CLCM101_SEM1_2018', u'template_2018', u'CLCM101', u'CLINICAL CHEMISTRY I', u'BHMLS1', u'BH IN MEDICAL LABORATORY SCIENCE', u'21', u'SEM1', u'D1', u'OTNAME', u'A', u'', u'']
[u'CLCM201_SEM1_2018', u'template_2018', u'CLCM201', u'CLINICAL CHEMISTRY II', u'BHMLS1', u'BH IN MEDICAL LABORATORY SCIENCE', u'21', u'SEM1', u'D1', u'OTNAME', u'A', u'', u'']
check 'CLCM201_SEM1_2018' 'CLCM201'
processXLS: only for SEM2 [u'CLCM201_SEM1_2018', u'template_2018', u'CLCM201', u'CLINICAL CHEMISTRY II', u'BHMLS1', u'BH IN MEDICAL LABORATORY SCIENCE', u'21', u'SEM1', u'D1', u'OTNAME', u'A', u'', u'']
[u'CLLP101_SEM2_2018', u'template_2018', u'CLLP101', u'CLINICAL LABORATORY PRACTICE I', u'BHMLS1', u'BH IN MEDICAL LABORATORY SCIENCE', u'22', u'SEM2', u'D1', u'OTNAME', u'A', u'', u'']
check 'CLLP101_SEM2_2018' 'CLLP101'
adding  CLLP101
requesting:  http://10.0.100.98:8000/bbinfo/matching_courses/CLLP101%25
r= <Response [200]>
matching classes= set([u'CLLP101_SEM2_2018'])
[u'CPHA101_SEM1_2018', u'template_2018', u'CPHA101', u'CLIN LAB PRAC II: CLIN PATH MOD A', u'BHMLS1', u'BH IN MEDICAL LABORATORY SCIENCE', u'21', u'SEM1', u'D1', u'OTNAME', u'A', u'', u'']
check 'CPHA101_SEM1_2018' 'CPHA101'
processXLS: only for SEM2 [u'CPHA101_SEM1_2018', u'template_2018', u'CPHA101', u'CLIN LAB PRAC II: CLIN PATH MOD A', u'BHMLS1', u'BH IN MEDICAL LABORATORY SCIENCE', u'21', u'SEM1', u'D1', u'OTNAME', u'A', u'', u'']
[u'CPHB101_SEM2_2018', u'template_2018', u'CPHB101', u'CLIN LAB PRAC II: CLIN PATH MOD B', u'BHMLS1', u'BH IN MEDICAL LABORATORY SCIENCE', u'22', u'SEM2', u'D1', u'OTNAME', u'A', u'', u'']
check 'CPHB101_SEM2_2018' 'CPHB101'
adding  CPHB101
requesting:  http://10.0.100.98:8000/bbinfo/matching_courses/CPHB101%25
r= <Response [200]>
matching classes= set([u'CPHB101_SEM2_2018'])
[u'CYTA301_SEM1_2018', u'template_2018', u'CYTA301', u'CLIN LAB PRAC II:  CYTOLOGY IIIA', u'BHMLS1', u'BH IN MEDICAL LABORATORY SCIENCE', u'21', u'SEM1', u'D1', u'OTNAME', u'A', u'', u'']
check 'CYTA301_SEM1_2018' 'CYTA301'
processXLS: only for SEM2 [u'CYTA301_SEM1_2018', u'template_2018', u'CYTA301', u'CLIN LAB PRAC II:  CYTOLOGY IIIA', u'BHMLS1', u'BH IN MEDICAL LABORATORY SCIENCE', u'21', u'SEM1', u'D1', u'OTNAME', u'A', u'', u'']
[u'CYTB301_SEM2_2018', u'template_2018', u'CYTB301', u'CLIN LAB PRAC II:  CYTOLOGY IIIB', u'BHMLS1', u'BH IN MEDICAL LABORATORY SCIENCE', u'22', u'SEM2', u'D1', u'OTNAME', u'A', u'', u'']
check 'CYTB301_SEM2_2018' 'CYTB301'
adding  CYTB301
requesting:  http://10.0.100.98:8000/bbinfo/matching_courses/CYTB301%25
r= <Response [200]>
matching classes= set([u'CYTB301_SEM2_2018'])
[u'CYTL101_SEM2_2018', u'template_2018', u'CYTL101', u'CYTOLOGY I', u'BHMLS1', u'BH IN MEDICAL LABORATORY SCIENCE', u'22', u'SEM2', u'D1', u'OTNAME', u'A', u'', u'']
check 'CYTL101_SEM2_2018' 'CYTL101'
adding  CYTL101
requesting:  http://10.0.100.98:8000/bbinfo/matching_courses/CYTL101%25
r= <Response [200]>
matching classes= set([u'CYTL101_SEM2_2018'])
[u'CYTL201_SEM1_2018', u'template_2018', u'CYTL201', u'CYTOLOGY II', u'BHMLS1', u'BH IN MEDICAL LABORATORY SCIENCE', u'21', u'SEM1', u'D1', u'OTNAME', u'A', u'', u'']
check 'CYTL201_SEM1_2018' 'CYTL201'
processXLS: only for SEM2 [u'CYTL201_SEM1_2018', u'template_2018', u'CYTL201', u'CYTOLOGY II', u'BHMLS1', u'BH IN MEDICAL LABORATORY SCIENCE', u'21', u'SEM1', u'D1', u'OTNAME', u'A', u'', u'']
[u'FMLS101_SEM1_2018', u'template_2018', u'FMLS101', u'FUNDAMENTALS OF MED LAB SCIENCE', u'BHMLS1', u'BH IN MEDICAL LABORATORY SCIENCE', u'21', u'SEM1', u'D1', u'OTNAME', u'A', 40003792.0, u'']
check 'FMLS101_SEM1_2018' 'FMLS101'
processXLS: only for SEM2 [u'FMLS101_SEM1_2018', u'template_2018', u'FMLS101', u'FUNDAMENTALS OF MED LAB SCIENCE', u'BHMLS1', u'BH IN MEDICAL LABORATORY SCIENCE', u'21', u'SEM1', u'D1', u'OTNAME', u'A', 40003792.0, u'']
[u'FPTH101_SEM1_2018', u'template_2018', u'FPTH101', u'FUNDAMENTALS OF PATHOLOGY', u'BHMLS1', u'BH IN MEDICAL LABORATORY SCIENCE', u'21', u'SEM1', u'D1', u'OTNAME', u'A', u'', u'']
check 'FPTH101_SEM1_2018' 'FPTH101'
processXLS: only for SEM2 [u'FPTH101_SEM1_2018', u'template_2018', u'FPTH101', u'FUNDAMENTALS OF PATHOLOGY', u'BHMLS1', u'BH IN MEDICAL LABORATORY SCIENCE', u'21', u'SEM1', u'D1', u'OTNAME', u'A', u'', u'']
[u'HISA201_SEM1_2018', u'template_2018', u'HISA201', u'CLIN LAB PRAC II:  HISTOPATHOLOGY IIA', u'BHMLS1', u'BH IN MEDICAL LABORATORY SCIENCE', u'21', u'SEM1', u'D1', u'OTNAME', u'A', u'', u'']
check 'HISA201_SEM1_2018' 'HISA201'
processXLS: only for SEM2 [u'HISA201_SEM1_2018', u'template_2018', u'HISA201', u'CLIN LAB PRAC II:  HISTOPATHOLOGY IIA', u'BHMLS1', u'BH IN MEDICAL LABORATORY SCIENCE', u'21', u'SEM1', u'D1', u'OTNAME', u'A', u'', u'']
[u'HISB201_SEM2_2018', u'template_2018', u'HISB201', u'CLIN LAB PRAC II:  HISTOPATHOLOGY IIB', u'BHMLS1', u'BH IN MEDICAL LABORATORY SCIENCE', u'22', u'SEM2', u'D1', u'OTNAME', u'A', u'', u'']
check 'HISB201_SEM2_2018' 'HISB201'
adding  HISB201
requesting:  http://10.0.100.98:8000/bbinfo/matching_courses/HISB201%25
r= <Response [200]>
matching classes= set([u'HISB201_SEM2_2018'])
[u'HMTA301_SEM1_2018', u'template_2018', u'HMTA301', u'CLIN LAB PRACT II:  HAEMATOLOGY IIIA', u'BHMLS1', u'BH IN MEDICAL LABORATORY SCIENCE', u'21', u'SEM1', u'D1', u'OTNAME', u'A', u'', u'']
check 'HMTA301_SEM1_2018' 'HMTA301'
processXLS: only for SEM2 [u'HMTA301_SEM1_2018', u'template_2018', u'HMTA301', u'CLIN LAB PRACT II:  HAEMATOLOGY IIIA', u'BHMLS1', u'BH IN MEDICAL LABORATORY SCIENCE', u'21', u'SEM1', u'D1', u'OTNAME', u'A', u'', u'']
[u'HMTB301_SEM2_2018', u'template_2018', u'HMTB301', u'CLIN LAB PRAC II:  HAEMATOLOGY IIIB', u'BHMLS1', u'BH IN MEDICAL LABORATORY SCIENCE', u'22', u'SEM2', u'D1', u'OTNAME', u'A', u'', u'']
check 'HMTB301_SEM2_2018' 'HMTB301'
adding  HMTB301
requesting:  http://10.0.100.98:8000/bbinfo/matching_courses/HMTB301%25
r= <Response [200]>
matching classes= set([u'HMTB301_SEM2_2018'])
[u'HMTL101_SEM2_2018', u'template_2018', u'HMTL101', u'HAEMATOLOGY I', u'BHMLS1', u'BH IN MEDICAL LABORATORY SCIENCE', u'22', u'SEM2', u'D1', u'OTNAME', u'A', u'', u'']
check 'HMTL101_SEM2_2018' 'HMTL101'
adding  HMTL101
requesting:  http://10.0.100.98:8000/bbinfo/matching_courses/HMTL101%25
r= <Response [200]>
matching classes= set([u'HMTL101_SEM2_2018'])
[u'HMTL201_SEM1_2018', u'template_2018', u'HMTL201', u'HAEMATOLOGY II', u'BHMLS1', u'BH IN MEDICAL LABORATORY SCIENCE', u'21', u'SEM1', u'D1', u'OTNAME', u'A', u'', u'']
check 'HMTL201_SEM1_2018' 'HMTL201'
processXLS: only for SEM2 [u'HMTL201_SEM1_2018', u'template_2018', u'HMTL201', u'HAEMATOLOGY II', u'BHMLS1', u'BH IN MEDICAL LABORATORY SCIENCE', u'21', u'SEM1', u'D1', u'OTNAME', u'A', u'', u'']
[u'HPTH101_SEM2_2018', u'template_2018', u'HPTH101', u'HISTOPATHOLOGY I', u'BHMLS1', u'BH IN MEDICAL LABORATORY SCIENCE', u'22', u'SEM2', u'D1', u'OTNAME', u'A', u'', u'']
check 'HPTH101_SEM2_2018' 'HPTH101'
adding  HPTH101
requesting:  http://10.0.100.98:8000/bbinfo/matching_courses/HPTH101%25
r= <Response [200]>
matching classes= set([u'HPTH101_SEM2_2018'])
[u'IHMA201_SEM1_2018', u'template_2018', u'IHMA201', u'CLIN LAB PRAC II:  IMMUNOHAEMATOLOGY IIA', u'BHMLS1', u'BH IN MEDICAL LABORATORY SCIENCE', u'21', u'SEM1', u'D1', u'OTNAME', u'A', u'', u'']
check 'IHMA201_SEM1_2018' 'IHMA201'
processXLS: only for SEM2 [u'IHMA201_SEM1_2018', u'template_2018', u'IHMA201', u'CLIN LAB PRAC II:  IMMUNOHAEMATOLOGY IIA', u'BHMLS1', u'BH IN MEDICAL LABORATORY SCIENCE', u'21', u'SEM1', u'D1', u'OTNAME', u'A', u'', u'']
[u'IHMB201_SEM2_2018', u'template_2018', u'IHMB201', u'CLIN LAB PRAC II:  IMMUNOHAEMATOLOGY IIB', u'BHMLS1', u'BH IN MEDICAL LABORATORY SCIENCE', u'22', u'SEM2', u'D1', u'OTNAME', u'A', u'', u'']
check 'IHMB201_SEM2_2018' 'IHMB201'
adding  IHMB201
requesting:  http://10.0.100.98:8000/bbinfo/matching_courses/IHMB201%25
r= <Response [200]>
matching classes= set([u'IHMB201_SEM2_2018'])
[u'IMHT101_SEM1_2018', u'template_2018', u'IMHT101', u'IMMUNOHAEMATOLOGY I', u'BHMLS1', u'BH IN MEDICAL LABORATORY SCIENCE', u'21', u'SEM1', u'D1', u'OTNAME', u'A', u'', u'']
check 'IMHT101_SEM1_2018' 'IMHT101'
processXLS: only for SEM2 [u'IMHT101_SEM1_2018', u'template_2018', u'IMHT101', u'IMMUNOHAEMATOLOGY I', u'BHMLS1', u'BH IN MEDICAL LABORATORY SCIENCE', u'21', u'SEM1', u'D1', u'OTNAME', u'A', u'', u'']
[u'IMLG101_SEM2_2018', u'template_2018', u'IMLG101', u'IMMUNOLOGY', u'BHMLS1', u'BH IN MEDICAL LABORATORY SCIENCE', u'22', u'SEM2', u'D1', u'OTNAME', u'A', 40009874.0, u'']
check 'IMLG101_SEM2_2018' 'IMLG101'
adding  IMLG101
requesting:  http://10.0.100.98:8000/bbinfo/matching_courses/IMLG101%25
r= <Response [200]>
matching classes= set([u'IMLG101_SEM2_2018'])
[u'IPPA101_SEM1_2018', u'template_2018', u'IPPA101', u'INTEGRATED PATHOPHYSIOLOGY MODULE A', u'BHMLS1', u'BH IN MEDICAL LABORATORY SCIENCE', u'21', u'SEM1', u'D1', u'OTNAME', u'A', u'', u'']
check 'IPPA101_SEM1_2018' 'IPPA101'
processXLS: only for SEM2 [u'IPPA101_SEM1_2018', u'template_2018', u'IPPA101', u'INTEGRATED PATHOPHYSIOLOGY MODULE A', u'BHMLS1', u'BH IN MEDICAL LABORATORY SCIENCE', u'21', u'SEM1', u'D1', u'OTNAME', u'A', u'', u'']
[u'IPPB101_SEM2_2018', u'template_2018', u'IPPB101', u'INTEGRATED PATHOPHYSIOLOGY MODULE B', u'BHMLS1', u'BH IN MEDICAL LABORATORY SCIENCE', u'22', u'SEM2', u'D1', u'OTNAME', u'A', u'', u'']
check 'IPPB101_SEM2_2018' 'IPPB101'
adding  IPPB101
requesting:  http://10.0.100.98:8000/bbinfo/matching_courses/IPPB101%25
r= <Response [200]>
matching classes= set([u'IPPB101_SEM2_2018'])
[u'LBTM101_SEM1_2018', u'template_2018', u'LBTM101', u'LABORATORY MANAGEMENT', u'BHMLS1', u'BH IN MEDICAL LABORATORY SCIENCE', u'21', u'SEM1', u'D1', u'OTNAME', u'A', u'', u'']
check 'LBTM101_SEM1_2018' 'LBTM101'
processXLS: only for SEM2 [u'LBTM101_SEM1_2018', u'template_2018', u'LBTM101', u'LABORATORY MANAGEMENT', u'BHMLS1', u'BH IN MEDICAL LABORATORY SCIENCE', u'21', u'SEM1', u'D1', u'OTNAME', u'A', u'', u'']
[u'MDMA201_SEM2_2018', u'template_2018', u'MDMA201', u'MEDICAL MICROBIOLOGY IIA', u'BHMLS1', u'BH IN MEDICAL LABORATORY SCIENCE', u'22', u'SEM2', u'D1', u'OTNAME', u'A', u'', u'']
check 'MDMA201_SEM2_2018' 'MDMA201'
adding  MDMA201
requesting:  http://10.0.100.98:8000/bbinfo/matching_courses/MDMA201%25
r= <Response [200]>
matching classes= set([u'MDMA201_SEM2_2018'])
[u'MDMA301_SEM1_2018', u'template_2018', u'MDMA301', u'CLIN LAB PRAC II:  MED MICRO IIIA', u'BHMLS1', u'BH IN MEDICAL LABORATORY SCIENCE', u'21', u'SEM1', u'D1', u'OTNAME', u'A', u'', u'']
check 'MDMA301_SEM1_2018' 'MDMA301'
processXLS: only for SEM2 [u'MDMA301_SEM1_2018', u'template_2018', u'MDMA301', u'CLIN LAB PRAC II:  MED MICRO IIIA', u'BHMLS1', u'BH IN MEDICAL LABORATORY SCIENCE', u'21', u'SEM1', u'D1', u'OTNAME', u'A', u'', u'']
[u'MDMB201_SEM1_2018', u'template_2018', u'MDMB201', u'MEDICAL MICROBIOLOGY IIB', u'BHMLS1', u'BH IN MEDICAL LABORATORY SCIENCE', u'21', u'SEM1', u'D1', u'OTNAME', u'A', u'', u'']
check 'MDMB201_SEM1_2018' 'MDMB201'
processXLS: only for SEM2 [u'MDMB201_SEM1_2018', u'template_2018', u'MDMB201', u'MEDICAL MICROBIOLOGY IIB', u'BHMLS1', u'BH IN MEDICAL LABORATORY SCIENCE', u'21', u'SEM1', u'D1', u'OTNAME', u'A', u'', u'']
[u'MDMB301_SEM2_2018', u'template_2018', u'MDMB301', u'CLIN LAB PRAC II:  MED MICRO IIIB', u'BHMLS1', u'BH IN MEDICAL LABORATORY SCIENCE', u'22', u'SEM2', u'D1', u'OTNAME', u'A', u'', u'']
check 'MDMB301_SEM2_2018' 'MDMB301'
adding  MDMB301
requesting:  http://10.0.100.98:8000/bbinfo/matching_courses/MDMB301%25
r= <Response [200]>
matching classes= set([u'MDMB301_SEM2_2018'])
[u'MLCB101_SEM1_2018', u'template_2018', u'MLCB101', u'MOLECULAR BIOLOGY ', u'BHMLS1', u'BH IN MEDICAL LABORATORY SCIENCE', u'21', u'SEM1', u'D1', u'OTNAME', u'A', u'', u'']
check 'MLCB101_SEM1_2018' 'MLCB101'
processXLS: only for SEM2 [u'MLCB101_SEM1_2018', u'template_2018', u'MLCB101', u'MOLECULAR BIOLOGY ', u'BHMLS1', u'BH IN MEDICAL LABORATORY SCIENCE', u'21', u'SEM1', u'D1', u'OTNAME', u'A', u'', u'']
[u'MMCR101_SEM1_2018', u'template_2018', u'MMCR101', u'MEDICAL MICROBIOLOGY I', u'BHMLS1', u'BH IN MEDICAL LABORATORY SCIENCE', u'21', u'SEM1', u'D1', u'OTNAME', u'A', u'', u'']
check 'MMCR101_SEM1_2018' 'MMCR101'
processXLS: only for SEM2 [u'MMCR101_SEM1_2018', u'template_2018', u'MMCR101', u'MEDICAL MICROBIOLOGY I', u'BHMLS1', u'BH IN MEDICAL LABORATORY SCIENCE', u'21', u'SEM1', u'D1', u'OTNAME', u'A', u'', u'']
[u'PMTG101_SEM2_2018', u'template_2018', u'PMTG101', u'PRINCIPLES OF MANAGEMENT', u'BHMLS1', u'BH IN MEDICAL LABORATORY SCIENCE', u'22', u'SEM2', u'D1', u'OTNAME', u'A', u'', u'']
check 'PMTG101_SEM2_2018' 'PMTG101'
adding  PMTG101
requesting:  http://10.0.100.98:8000/bbinfo/matching_courses/PMTG101%25
r= <Response [200]>
matching classes= set([u'PMTG101_SEM2_2018'])
[u'PRRS101_SEM2_2018', u'template_2018', u'PRRS101', u'PRINCIPLES OF RESEARCH', u'BHMLS1', u'BH IN MEDICAL LABORATORY SCIENCE', u'22', u'SEM2', u'D1', u'OTNAME', u'A', u'', u'']
check 'PRRS101_SEM2_2018' 'PRRS101'
adding  PRRS101
requesting:  http://10.0.100.98:8000/bbinfo/matching_courses/PRRS101%25
r= <Response [200]>
matching classes= set([u'PRRS101_SEM2_2018'])
[u'SYSP101_SEM2_2018', u'template_2018', u'SYSP101', u'SYSTEMIC PATHOPHYSIOLOGY', u'BHMLS1', u'BH IN MEDICAL LABORATORY SCIENCE', u'22', u'SEM2', u'D1', u'OTNAME', u'A', u'', u'']
check 'SYSP101_SEM2_2018' 'SYSP101'
adding  SYSP101
requesting:  http://10.0.100.98:8000/bbinfo/matching_courses/SYSP101%25
r= <Response [200]>
matching classes= set([u'SYSP101_SEM2_2018'])
[u'New subjects for 2018', u'', u'', u'', u'', u'', u'', u'', u'', u'', u'', u'', u'']
check 'New subjects for 2018' ''
[u'AAPA101_Sem1 2018', u'template_2018', u'AAPA101', u'AAPA101: APPLIED ANATOMY AND PHYSIOLOGY IA 2018', u'BHCLT1', u'BH: CLINICAL TECHNOLOGY', 21.0, u'Sem1', u'D1', u'Durban', u'A', u'40006488:BENJAMIN', u'']
check 'AAPA101_Sem1 2018' 'AAPA101'
processXLS: only for SEM2 [u'AAPA101_Sem1 2018', u'template_2018', u'AAPA101', u'AAPA101: APPLIED ANATOMY AND PHYSIOLOGY IA 2018', u'BHCLT1', u'BH: CLINICAL TECHNOLOGY', 21.0, u'Sem1', u'D1', u'Durban', u'A', u'40006488:BENJAMIN', u'']
[u'RMTD101_Sem1 2018', u'template_2018', u'RMTD101', u'RMTD101: Research Methodology', u'BHCLT1', u'BH: CLINICAL TECHNOLOGY', 22.0, u'Sem2', u'D1', u'DURBAN', u'A', u'40000470:MOHAPI M J', u'']
check 'RMTD101_Sem1 2018' 'RMTD101'
processXLS: only for SEM2 [u'RMTD101_Sem1 2018', u'template_2018', u'RMTD101', u'RMTD101: Research Methodology', u'BHCLT1', u'BH: CLINICAL TECHNOLOGY', 22.0, u'Sem2', u'D1', u'DURBAN', u'A', u'40000470:MOHAPI M J', u'']
[u'ITCT201_Sem1 2018', u'template_2018', u'ITCT201', u'ITCT201:INSTR & TECH FOR CLIN TECH II 2018', u'BHCLT1', u'BH: CLINICAL TECHNOLOGY', 21.0, u'Sem1', u'D1', u'Durban', u'A', u'40003596:MEMELA', u'']
check 'ITCT201_Sem1 2018' 'ITCT201'
processXLS: only for SEM2 [u'ITCT201_Sem1 2018', u'template_2018', u'ITCT201', u'ITCT201:INSTR & TECH FOR CLIN TECH II 2018', u'BHCLT1', u'BH: CLINICAL TECHNOLOGY', 21.0, u'Sem1', u'D1', u'Durban', u'A', u'40003596:MEMELA', u'']
[u'AAPB101_SEM2 2018', u'template_2018', u'AAPB101_SEM2 2018', u'AAPB101 APPLIED ANATOMY AND PHYSIOLOGY IB 2018', u'', u'BH: CLINICAL TECHNOLOGY', 22.0, u'SEM2', u'D1', u'DURBAN', u'A', u'40006488:BENJAMIN', u'']
check 'AAPB101_SEM2 2018' 'AAPB101_SEM2 2018'
processXLS: only for SEM2 [u'AAPB101_SEM2 2018', u'template_2018', u'AAPB101_SEM2 2018', u'AAPB101 APPLIED ANATOMY AND PHYSIOLOGY IB 2018', u'', u'BH: CLINICAL TECHNOLOGY', 22.0, u'SEM2', u'D1', u'DURBAN', u'A', u'40006488:BENJAMIN', u'']
[u'CLTP101_SEM2 2018', u'template_2018', u'CLTP101', u'CLTP101 CLINICAL TECHNOLOGY PRACTICE         ', u'', u'BH: CLINICAL TECHNOLOGY', 22.0, u'SEM2', u'D1', u'DURBAN', u'A', u'40008428:PRAKASCHANDRA', u'']
check 'CLTP101_SEM2 2018' 'CLTP101'
processXLS: only for SEM2 [u'CLTP101_SEM2 2018', u'template_2018', u'CLTP101', u'CLTP101 CLINICAL TECHNOLOGY PRACTICE         ', u'', u'BH: CLINICAL TECHNOLOGY', 22.0, u'SEM2', u'D1', u'DURBAN', u'A', u'40008428:PRAKASCHANDRA', u'']
[u'PTPY201_SEM2 2018', u'template_2018', u'PTPY201', u'PTPY201 PATHOPHYSIOLOGY II                         ', u'', u'BH: CLINICAL TECHNOLOGY', 22.0, u'SEM2', u'D1', u'DURBAN', u'A', u'40008428:PRAKASCHANDRA', u'']
check 'PTPY201_SEM2 2018' 'PTPY201'
processXLS: only for SEM2 [u'PTPY201_SEM2 2018', u'template_2018', u'PTPY201', u'PTPY201 PATHOPHYSIOLOGY II                         ', u'', u'BH: CLINICAL TECHNOLOGY', 22.0, u'SEM2', u'D1', u'DURBAN', u'A', u'40008428:PRAKASCHANDRA', u'']
processXLS: finished processing workingSheets/data/BBC3607BiomedClinicalTechnology2017.xls
getWS: requesting:  http://10.0.100.98:8000/itsenrol/classlist/2018/22/FOSP101 rsp= <Response [200]>
getWS: requesting:  http://10.0.100.98:8000/bbinfo/classlist/FOSP101 rsp= <Response [200]>
getNewStudentsInSubject: ITS 0, BB 1 -> 0 new enrollments
getWS: requesting:  http://10.0.100.98:8000/itsenrol/classlist/2018/22/HMTB301 rsp= <Response [200]>
getWS: requesting:  http://10.0.100.98:8000/bbinfo/classlist/HMTB301 rsp= <Response [200]>
getNewStudentsInSubject: ITS 0, BB 0 -> 0 new enrollments
getWS: requesting:  http://10.0.100.98:8000/itsenrol/classlist/2018/22/IMMU202 rsp= <Response [200]>
getWS: requesting:  http://10.0.100.98:8000/bbinfo/classlist/IMMU202 rsp= <Response [200]>
getNewStudentsInSubject: ITS 3, BB 1 -> 3 new enrollments
getWS: requesting:  http://10.0.100.98:8000/itsenrol/classlist/2018/22/CBIO101 rsp= <Response [200]>
getWS: requesting:  http://10.0.100.98:8000/bbinfo/classlist/CBIO101 rsp= <Response [200]>
getNewStudentsInSubject: ITS 39, BB 1 -> 39 new enrollments
getWS: requesting:  http://10.0.100.98:8000/itsenrol/classlist/2018/22/IPPB101 rsp= <Response [200]>
getWS: requesting:  http://10.0.100.98:8000/bbinfo/classlist/IPPB101 rsp= <Response [200]>
getNewStudentsInSubject: ITS 0, BB 0 -> 0 new enrollments
getWS: requesting:  http://10.0.100.98:8000/itsenrol/classlist/2018/22/CHMY101 rsp= <Response [200]>
getWS: requesting:  http://10.0.100.98:8000/bbinfo/classlist/CHMY101 rsp= <Response [200]>
getNewStudentsInSubject: ITS 0, BB 1 -> 0 new enrollments
getWS: requesting:  http://10.0.100.98:8000/itsenrol/classlist/2018/22/PRRS101 rsp= <Response [200]>
getWS: requesting:  http://10.0.100.98:8000/bbinfo/classlist/PRRS101 rsp= <Response [200]>
getNewStudentsInSubject: ITS 0, BB 0 -> 0 new enrollments
getWS: requesting:  http://10.0.100.98:8000/itsenrol/classlist/2018/22/PAPH201 rsp= <Response [200]>
getWS: requesting:  http://10.0.100.98:8000/bbinfo/classlist/PAPH201 rsp= <Response [200]>
getNewStudentsInSubject: ITS 8, BB 3 -> 8 new enrollments
getWS: requesting:  http://10.0.100.98:8000/itsenrol/classlist/2018/22/HMTL101 rsp= <Response [200]>
getWS: requesting:  http://10.0.100.98:8000/bbinfo/classlist/HMTL101 rsp= <Response [200]>
getNewStudentsInSubject: ITS 0, BB 0 -> 0 new enrollments
getWS: requesting:  http://10.0.100.98:8000/itsenrol/classlist/2018/22/CLLP101 rsp= <Response [200]>
getWS: requesting:  http://10.0.100.98:8000/bbinfo/classlist/CLLP101 rsp= <Response [200]>
getNewStudentsInSubject: ITS 0, BB 0 -> 0 new enrollments
getWS: requesting:  http://10.0.100.98:8000/itsenrol/classlist/2018/22/IHMB201 rsp= <Response [200]>
getWS: requesting:  http://10.0.100.98:8000/bbinfo/classlist/IHMB201 rsp= <Response [200]>
getNewStudentsInSubject: ITS 0, BB 0 -> 0 new enrollments
getWS: requesting:  http://10.0.100.98:8000/itsenrol/classlist/2018/22/HPTH101 rsp= <Response [200]>
getWS: requesting:  http://10.0.100.98:8000/bbinfo/classlist/HPTH101 rsp= <Response [200]>
getNewStudentsInSubject: ITS 0, BB 0 -> 0 new enrollments
getWS: requesting:  http://10.0.100.98:8000/itsenrol/classlist/2018/22/IMLG101 rsp= <Response [200]>
getWS: requesting:  http://10.0.100.98:8000/bbinfo/classlist/IMLG101 rsp= <Response [200]>
getNewStudentsInSubject: ITS 39, BB 1 -> 39 new enrollments
getWS: requesting:  http://10.0.100.98:8000/itsenrol/classlist/2018/22/HISB201 rsp= <Response [200]>
getWS: requesting:  http://10.0.100.98:8000/bbinfo/classlist/HISB201 rsp= <Response [200]>
getNewStudentsInSubject: ITS 0, BB 0 -> 0 new enrollments
getWS: requesting:  http://10.0.100.98:8000/itsenrol/classlist/2018/22/BIOA202 rsp= <Response [200]>
getWS: requesting:  http://10.0.100.98:8000/bbinfo/classlist/BIOA202 rsp= <Response [200]>
getNewStudentsInSubject: ITS 6, BB 1 -> 6 new enrollments
getWS: requesting:  http://10.0.100.98:8000/itsenrol/classlist/2018/22/HAEM203 rsp= <Response [200]>
getWS: requesting:  http://10.0.100.98:8000/bbinfo/classlist/HAEM203 rsp= <Response [200]>
getNewStudentsInSubject: ITS 40, BB 1 -> 40 new enrollments
getWS: requesting:  http://10.0.100.98:8000/itsenrol/classlist/2018/22/SYSP101 rsp= <Response [200]>
getWS: requesting:  http://10.0.100.98:8000/bbinfo/classlist/SYSP101 rsp= <Response [200]>
getNewStudentsInSubject: ITS 0, BB 0 -> 0 new enrollments
getWS: requesting:  http://10.0.100.98:8000/itsenrol/classlist/2018/22/CYTB301 rsp= <Response [200]>
getWS: requesting:  http://10.0.100.98:8000/bbinfo/classlist/CYTB301 rsp= <Response [200]>
getNewStudentsInSubject: ITS 0, BB 0 -> 0 new enrollments
getWS: requesting:  http://10.0.100.98:8000/itsenrol/classlist/2018/22/CPAT202 rsp= <Response [200]>
getWS: requesting:  http://10.0.100.98:8000/bbinfo/classlist/CPAT202 rsp= <Response [200]>
getNewStudentsInSubject: ITS 39, BB 1 -> 39 new enrollments
getWS: requesting:  http://10.0.100.98:8000/itsenrol/classlist/2018/22/CEPA201 rsp= <Response [200]>
getWS: requesting:  http://10.0.100.98:8000/bbinfo/classlist/CEPA201 rsp= <Response [200]>
getNewStudentsInSubject: ITS 36, BB 1 -> 36 new enrollments
getWS: requesting:  http://10.0.100.98:8000/itsenrol/classlist/2018/22/MCGY203 rsp= <Response [200]>
getWS: requesting:  http://10.0.100.98:8000/bbinfo/classlist/MCGY203 rsp= <Response [200]>
getNewStudentsInSubject: ITS 40, BB 39 -> 39 new enrollments
getWS: requesting:  http://10.0.100.98:8000/itsenrol/classlist/2018/22/CLCB301 rsp= <Response [200]>
getWS: requesting:  http://10.0.100.98:8000/bbinfo/classlist/CLCB301 rsp= <Response [200]>
getNewStudentsInSubject: ITS 0, BB 0 -> 0 new enrollments
getWS: requesting:  http://10.0.100.98:8000/itsenrol/classlist/2018/22/MDMB301 rsp= <Response [200]>
getWS: requesting:  http://10.0.100.98:8000/bbinfo/classlist/MDMB301 rsp= <Response [200]>
getNewStudentsInSubject: ITS 0, BB 0 -> 0 new enrollments
getWS: requesting:  http://10.0.100.98:8000/itsenrol/classlist/2018/22/PMTG101 rsp= <Response [200]>
getWS: requesting:  http://10.0.100.98:8000/bbinfo/classlist/PMTG101 rsp= <Response [200]>
getNewStudentsInSubject: ITS 0, BB 0 -> 0 new enrollments
getWS: requesting:  http://10.0.100.98:8000/itsenrol/classlist/2018/22/CPHB101 rsp= <Response [200]>
getWS: requesting:  http://10.0.100.98:8000/bbinfo/classlist/CPHB101 rsp= <Response [200]>
getNewStudentsInSubject: ITS 0, BB 0 -> 0 new enrollments
getWS: requesting:  http://10.0.100.98:8000/itsenrol/classlist/2018/22/MDMA201 rsp= <Response [200]>
getWS: requesting:  http://10.0.100.98:8000/bbinfo/classlist/MDMA201 rsp= <Response [200]>
getNewStudentsInSubject: ITS 0, BB 0 -> 0 new enrollments
getWS: requesting:  http://10.0.100.98:8000/itsenrol/classlist/2018/22/CYTL101 rsp= <Response [200]>
getWS: requesting:  http://10.0.100.98:8000/bbinfo/classlist/CYTL101 rsp= <Response [200]>
getNewStudentsInSubject: ITS 0, BB 0 -> 0 new enrollments
main: Writing students...
main: Writing enrollments...
main: Finished processing workingSheets/data/BBC3607BiomedClinicalTechnology2017.xls
main: 27 subjects processed
main: 34 subject -> classroom maps
main: 92 students
main: 249 student enrollments 0 errors
0.39user 0.13system 0:04.14elapsed 12%CPU (0avgtext+0avgdata 58160maxresident)k
152inputs+56outputs (0major+7073minor)pagefaults 0swaps
POSTING SNAPSHOTS to SIS endpoint
TEST RUN, NOT POSTING BBSTUDENTS
TEST RUN, NOT POSTIN BBENROL
copy snapshot files to saved output
=== department done ===
syncing logs...
Pushing logs from logs/20180723111852 to remote...
sending incremental file list
./
BBC3607BiomedClinicalTechnology2017.BBENROL.txt
BBC3607BiomedClinicalTechnology2017.BBSTUDENTS.txt
BBC3607BiomedClinicalTechnology2017.Enrolomat.txt
BBC3607BiomedClinicalTechnology2017.Postlog.txt

sent 128571 bytes  received 91 bytes  28591.56 bytes/sec
total size is 8615791  speedup is 66.96
logging to logs/20180723111852
=== generate newenrollments for BBC3608BasicMedicalSciences2017. ===
GENERATE SNAPSHOTS...
./BBCIncrementalEnrollerX2.py : generating enrolment files for subjects in  workingSheets/data/BBC3608BasicMedicalSciences2017.xls
processXLS: start spreadsheet workingSheets/data/BBC3608BasicMedicalSciences2017.xls
[u'2018 Blackboard Classrooms for Department: 3608 - BASIC MEDICAL SCIENCES', u'', u'', u'', u'', u'', u'', u'', u'', u'', u'', u'', u'']
check '2018 Blackboard Classrooms for Department: 3608 - BASIC MEDICAL SCIENCES' ''
[u'', u'', u'', u'', u'', u'', u'', u'', u'', u'', u'', u'', u'']
check '' ''
[u'BB Classroom', u'Migrate Classroom', u'ITS Subject', u'', u'ITS Qualification', u'', u'Block', u'', u'Off Type', u'', u'Grp', u'Lecturer(s)', u'2016 Enrol']
check 'BB Classroom' 'ITS Subject'
[u'', u'', u'', u'', u'', u'', u'', u'', u'', u'', u'', u'', u'']
check '' ''
[u'AAMY101_SEM1_2018', u'AAMY101_YEAR_2017', u'AAMY101', u'ANATOMY I', u'BHSCLT1', u'BHS: CLINICAL TECHNOLOGY', 21.0, u'SEMESTER 1', u'D1', u'Durban Campus Full-time', u'A', u'40000626:PILLAY', 35.0]
check 'AAMY101_SEM1_2018' 'AAMY101'
processXLS: only for SEM2 [u'AAMY101_SEM1_2018', u'AAMY101_YEAR_2017', u'AAMY101', u'ANATOMY I', u'BHSCLT1', u'BHS: CLINICAL TECHNOLOGY', 21.0, u'SEMESTER 1', u'D1', u'Durban Campus Full-time', u'A', u'40000626:PILLAY', 35.0]
[u'ABSC321_YEAR_2018', u'ABSC321_YEAR_2017', u'ABSC321', u'APP BIO SC III (MODULE 2)', u'NDSMF1', u'ND: SOMATOLOGY (4 YEARS)', u'11', u'YEAR', u'D1', u'Durban Campus Full-time', u'A', u'40000488:KHARWA', 9.0]
check 'ABSC321_YEAR_2018' 'ABSC321'
processXLS: only for SEM2 [u'ABSC321_YEAR_2018', u'ABSC321_YEAR_2017', u'ABSC321', u'APP BIO SC III (MODULE 2)', u'NDSMF1', u'ND: SOMATOLOGY (4 YEARS)', u'11', u'YEAR', u'D1', u'Durban Campus Full-time', u'A', u'40000488:KHARWA', 9.0]
[u'ABSC321_YEAR_2018', u'ABSC321_YEAR_2017', u'ABSC321', u'APP BIO SC III (MODULE 2)', u'NDSOM1', u'ND: SOMATOLOGY', u'11', u'YEAR', u'D1', u'Durban Campus Full-time', u'A', u'40000488:KHARWA', 27.0]
check 'ABSC321_YEAR_2018' 'ABSC321'
processXLS: only for SEM2 [u'ABSC321_YEAR_2018', u'ABSC321_YEAR_2017', u'ABSC321', u'APP BIO SC III (MODULE 2)', u'NDSOM1', u'ND: SOMATOLOGY', u'11', u'YEAR', u'D1', u'Durban Campus Full-time', u'A', u'40000488:KHARWA', 27.0]
[u'ANAT222_SEM2_2018', u'ANAT222_YEAR_2017', u'ANAT222', u'ANATOMY II (CLINICAL)', u'NDCHF1', u'ND: CHIROPRACTIC (4 YEARS)', 22.0, u'YEAR', u'D1', u'Durban Campus Full-time', u'A', u'40000626:PILLAY', 6.0]
check 'ANAT222_SEM2_2018' 'ANAT222'
processXLS: only for SEM2 [u'ANAT222_SEM2_2018', u'ANAT222_YEAR_2017', u'ANAT222', u'ANATOMY II (CLINICAL)', u'NDCHF1', u'ND: CHIROPRACTIC (4 YEARS)', 22.0, u'YEAR', u'D1', u'Durban Campus Full-time', u'A', u'40000626:PILLAY', 6.0]
[u'ANAT222_SEM2_2018', u'ANAT222_YEAR_2017', u'ANAT222', u'ANATOMY II (CLINICAL)', u'NDCHR1', u'ND: CHIROPRACTIC', 22.0, u'YEAR', u'D1', u'Durban Campus Full-time', u'A', u'40000626:PILLAY', 22.0]
check 'ANAT222_SEM2_2018' 'ANAT222'
processXLS: only for SEM2 [u'ANAT222_SEM2_2018', u'ANAT222_YEAR_2017', u'ANAT222', u'ANATOMY II (CLINICAL)', u'NDCHR1', u'ND: CHIROPRACTIC', 22.0, u'YEAR', u'D1', u'Durban Campus Full-time', u'A', u'40000626:PILLAY', 22.0]
[u'ANBT201_YEAR_2018', u'ANBT201_YEAR_2017', u'ANBT201', u'ANATOMY AND PHYSIOLOGY II', u'NDSMF1', u'ND: SOMATOLOGY (4 YEARS)', u'11', u'YEAR', u'D1', u'Durban Campus Full-time', u'A', u'40013544:MKHWANAZI', 22.0]
check 'ANBT201_YEAR_2018' 'ANBT201'
processXLS: only for SEM2 [u'ANBT201_YEAR_2018', u'ANBT201_YEAR_2017', u'ANBT201', u'ANATOMY AND PHYSIOLOGY II', u'NDSMF1', u'ND: SOMATOLOGY (4 YEARS)', u'11', u'YEAR', u'D1', u'Durban Campus Full-time', u'A', u'40013544:MKHWANAZI', 22.0]
[u'ANBT201_YEAR_2018', u'ANBT201_YEAR_2017', u'ANBT201', u'ANATOMY AND PHYSIOLOGY II', u'NDSOM1', u'ND: SOMATOLOGY', u'11', u'YEAR', u'D1', u'Durban Campus Full-time', u'A', u'40013544:MKHWANAZI', 38.0]
check 'ANBT201_YEAR_2018' 'ANBT201'
processXLS: only for SEM2 [u'ANBT201_YEAR_2018', u'ANBT201_YEAR_2017', u'ANBT201', u'ANATOMY AND PHYSIOLOGY II', u'NDSOM1', u'ND: SOMATOLOGY', u'11', u'YEAR', u'D1', u'Durban Campus Full-time', u'A', u'40013544:MKHWANAZI', 38.0]
[u'ANMY201_SEM2_2018', u'ANMY201_SEM2_2017', u'ANMY201', u'ANATOMY II', u'BHMOP3', u'BHSC MOP', u'22', u'SEMESTER 2', u'D1', u'Durban Campus Full-time', u'A', u'40000626:PILLAY', 28.0]
check 'ANMY201_SEM2_2018' 'ANMY201'
adding  ANMY201
requesting:  http://10.0.100.98:8000/bbinfo/matching_courses/ANMY201%25
r= <Response [200]>
matching classes= set([u'ANMY201_SEM2_2018', u'ANMY201_SEM2_2017', u'ANMY201_14_PILJ', u'ANMY201_SEM2_2016'])
[u'ANPA102_SEM1_2018', u'ANPA102_SEM1_2017', u'ANPA102', u'ANATOMY AND PHYSIOLOGY IA', u'BHEVH1', u'BH:  ENVIRONMENTAL HEALTH', u'21', u'SEMESTER 1', u'D1', u'Durban Campus Full-time', u'A', u'50010694:HAFFEJEE', 31.0]
check 'ANPA102_SEM1_2018' 'ANPA102'
processXLS: only for SEM2 [u'ANPA102_SEM1_2018', u'ANPA102_SEM1_2017', u'ANPA102', u'ANATOMY AND PHYSIOLOGY IA', u'BHEVH1', u'BH:  ENVIRONMENTAL HEALTH', u'21', u'SEMESTER 1', u'D1', u'Durban Campus Full-time', u'A', u'50010694:HAFFEJEE', 31.0]
[u'ANPB102_SEM2_2018', u'ANPB102_SEM2_2017', u'ANPB102', u'ANATOMY AND PHYSIOLOGY IB', u'BHEVH1', u'BH:  ENVIRONMENTAL HEALTH', u'22', u'SEMESTER 2', u'D1', u'Durban Campus Full-time', u'A', u'50010694:HAFFEJEE', 26.0]
check 'ANPB102_SEM2_2018' 'ANPB102'
adding  ANPB102
requesting:  http://10.0.100.98:8000/bbinfo/matching_courses/ANPB102%25
r= <Response [200]>
matching classes= set([u'ANPB102_ALL_2016', u'ANPB102_SEM2_2018', u'ANPB102_SEM2_2017'])
[u'ANPH114_SEM1_2018', u'ANPH114_SEM1_2017', u'ANPH114', u'ANATOMY & PHYSIOLOGY IA', u'NDBMF1', u'ND: BIOMED TECH (4 YEARS)', u'21', u'SEMESTER 1', u'D1', u'Durban Campus Full-time', u'A', u'50002247:GOVENDER', 9.0]
check 'ANPH114_SEM1_2018' 'ANPH114'
processXLS: only for SEM2 [u'ANPH114_SEM1_2018', u'ANPH114_SEM1_2017', u'ANPH114', u'ANATOMY & PHYSIOLOGY IA', u'NDBMF1', u'ND: BIOMED TECH (4 YEARS)', u'21', u'SEMESTER 1', u'D1', u'Durban Campus Full-time', u'A', u'50002247:GOVENDER', 9.0]
[u'ANPH114_SEM1_2018', u'ANPH114_SEM1_2017', u'ANPH114', u'ANATOMY & PHYSIOLOGY IA', u'NDBMT1', u'ND: BIOMEDICAL TECHNOLOGY', u'21', u'SEMESTER 1', u'D1', u'Durban Campus Full-time', u'A', u'50002247:GOVENDER', 39.0]
check 'ANPH114_SEM1_2018' 'ANPH114'
processXLS: only for SEM2 [u'ANPH114_SEM1_2018', u'ANPH114_SEM1_2017', u'ANPH114', u'ANATOMY & PHYSIOLOGY IA', u'NDBMT1', u'ND: BIOMEDICAL TECHNOLOGY', u'21', u'SEMESTER 1', u'D1', u'Durban Campus Full-time', u'A', u'50002247:GOVENDER', 39.0]
[u'ANPH124_SEM2_2018', u'ANPH124_SEM2_2017', u'ANPH124', u'ANATOMY & PHYSIOLOGY  IB', u'NDBMF1', u'ND: BIO TECH (4 YEARS)', u'22', u'SEMESTER 2', u'D1', u'Durban Campus Full-time', u'A', u'50002247:GOVENDER', 9.0]
check 'ANPH124_SEM2_2018' 'ANPH124'
adding  ANPH124
requesting:  http://10.0.100.98:8000/bbinfo/matching_courses/ANPH124%25
r= <Response [200]>
matching classes= set([u'ANPH124_SEM2_2017', u'ANPH124_SEM2_2016', u'ANPH124_SEM2_2018'])
[u'ANPH124_SEM2_2018', u'ANPH124_SEM2_2017', u'ANPH124', u'ANATOMY & PHYSIOLOGY  IB', u'NDBMT1', u'ND: BIOMEDICAL TECHNOLOGY', u'22', u'SEMESTER 2', u'D1', u'Durban Campus Full-time', u'A', u'50002247:GOVENDER', 31.0]
check 'ANPH124_SEM2_2018' 'ANPH124'
adding  ANPH124
requesting:  http://10.0.100.98:8000/bbinfo/matching_courses/ANPH124%25
r= <Response [200]>
matching classes= set([u'ANPH124_SEM2_2017', u'ANPH124_SEM2_2016', u'ANPH124_SEM2_2018'])
[u'ANPH202_YEAR_2018', u'ANPH202_YEAR_2017', u'ANPH202', u'ANATOMY AND PHYSIOLOGY II', u'NDCLF2', u'ND: CLINICAL TECHNOLOGY (4 YEARS)', u'11', u'YEAR', u'D1', u'Durban Campus Full-time', u'A', u'50002247:GOVENDER', 12.0]
check 'ANPH202_YEAR_2018' 'ANPH202'
processXLS: only for SEM2 [u'ANPH202_YEAR_2018', u'ANPH202_YEAR_2017', u'ANPH202', u'ANATOMY AND PHYSIOLOGY II', u'NDCLF2', u'ND: CLINICAL TECHNOLOGY (4 YEARS)', u'11', u'YEAR', u'D1', u'Durban Campus Full-time', u'A', u'50002247:GOVENDER', 12.0]
[u'ANPH202_YEAR_2018', u'ANPH202_YEAR_2017', u'ANPH202', u'ANATOMY AND PHYSIOLOGY II', u'NDCLT1', u'ND: CLINICAL TECHNOLOGY', u'11', u'YEAR', u'D1', u'Durban Campus Full-time', u'A', u'50002247:GOVENDER', 38.0]
check 'ANPH202_YEAR_2018' 'ANPH202'
processXLS: only for SEM2 [u'ANPH202_YEAR_2018', u'ANPH202_YEAR_2017', u'ANPH202', u'ANATOMY AND PHYSIOLOGY II', u'NDCLT1', u'ND: CLINICAL TECHNOLOGY', u'11', u'YEAR', u'D1', u'Durban Campus Full-time', u'A', u'50002247:GOVENDER', 38.0]
[u'ANTY221_SEM2_2018', u'ANTY221_YEAR_2017', u'ANTY221', u'ANATOMY II (CLINICAL)', u'NDHMF1', u'ND: HOMOEOPATHY (4 YEARS)', 22.0, u'YEAR', u'D1', u'Durban Campus Full-time', u'A', u'40000626:PILLAY J D', 1.0]
check 'ANTY221_SEM2_2018' 'ANTY221'
processXLS: only for SEM2 [u'ANTY221_SEM2_2018', u'ANTY221_YEAR_2017', u'ANTY221', u'ANATOMY II (CLINICAL)', u'NDHMF1', u'ND: HOMOEOPATHY (4 YEARS)', 22.0, u'YEAR', u'D1', u'Durban Campus Full-time', u'A', u'40000626:PILLAY J D', 1.0]
[u'ANTY221_SEM2_2018', u'ANTY221_YEAR_2017', u'ANTY221', u'ANATOMY II (CLINICAL)', u'NDHOM1', u'ND: HOMOEOPATHY', 22.0, u'YEAR', u'D1', u'Durban Campus Full-time', u'A', u'40000626:PILLAY J D', 6.0]
check 'ANTY221_SEM2_2018' 'ANTY221'
processXLS: only for SEM2 [u'ANTY221_SEM2_2018', u'ANTY221_YEAR_2017', u'ANTY221', u'ANATOMY II (CLINICAL)', u'NDHOM1', u'ND: HOMOEOPATHY', 22.0, u'YEAR', u'D1', u'Durban Campus Full-time', u'A', u'40000626:PILLAY J D', 6.0]
[u'APHY102_YEAR_2018', u'APHY102_YEAR_2017', u'APHY102', u'ANATOMY AND PHYSIOLOGY I', u'NDSMF1', u'ND: SOMATOLOGY (4 YEARS)', u'11', u'YEAR', u'D1', u'Durban Campus Full-time', u'A', u'40013544:MKHWANAZI', 30.0]
check 'APHY102_YEAR_2018' 'APHY102'
processXLS: only for SEM2 [u'APHY102_YEAR_2018', u'APHY102_YEAR_2017', u'APHY102', u'ANATOMY AND PHYSIOLOGY I', u'NDSMF1', u'ND: SOMATOLOGY (4 YEARS)', u'11', u'YEAR', u'D1', u'Durban Campus Full-time', u'A', u'40013544:MKHWANAZI', 30.0]
[u'APHY102_YEAR_2018', u'APHY102_YEAR_2017', u'APHY102', u'ANATOMY AND PHYSIOLOGY I', u'NDSOM1', u'ND: SOMATOLOGY', u'11', u'YEAR', u'D1', u'Durban Campus Full-time', u'A', u'40013544:MKHWANAZI', 44.0]
check 'APHY102_YEAR_2018' 'APHY102'
processXLS: only for SEM2 [u'APHY102_YEAR_2018', u'APHY102_YEAR_2017', u'APHY102', u'ANATOMY AND PHYSIOLOGY I', u'NDSOM1', u'ND: SOMATOLOGY', u'11', u'YEAR', u'D1', u'Durban Campus Full-time', u'A', u'40013544:MKHWANAZI', 44.0]
[u'BPHY101_SEM1_2017', u'PHCY101_ALL_2016', u'PHCY101', u'PHARMACOLOGY', u'BHMOP3', u'BH:  MOP', u'21', u'SEMESTER 1', u'D1', u'Durban Campus Full-time', u'A', u'40000488:KHARWA', 28.0]
check 'BPHY101_SEM1_2017' 'PHCY101'
[u'BPHY101_SEM2_2017', u'PHCY101_ALL_2016', u'PHCY101', u'PHARMACOLOGY', u'BHMOP2', u'BH:  MOP', u'21', u'SEMESTER 1', u'D1', u'Durban Campus Full-time', u'A', u'40000488:KHARWA', 28.0]
check 'BPHY101_SEM2_2017' 'PHCY101'
[u'CLAN101_SEM2_2018', u'CLAN101_YEAR_2017', u'CLAN101', u'CLINICAL ANATOMY', u'BHHMF1', u'BH:  HOMOEOPATHY (5 YEARS)', 22.0, u'YEAR', u'D1', u'Durban Campus Full-time', u'A', u'40000626:PILLAY', 5.0]
check 'CLAN101_SEM2_2018' 'CLAN101'
processXLS: only for SEM2 [u'CLAN101_SEM2_2018', u'CLAN101_YEAR_2017', u'CLAN101', u'CLINICAL ANATOMY', u'BHHMF1', u'BH:  HOMOEOPATHY (5 YEARS)', 22.0, u'YEAR', u'D1', u'Durban Campus Full-time', u'A', u'40000626:PILLAY', 5.0]
[u'CLAN101_SEM2_2018', u'CLAN101_YEAR_2017', u'CLAN101', u'CLINICAL ANATOMY', u'BHHOM1', u'BH:  HOMOEOPATHY', 22.0, u'YEAR', u'D1', u'Durban Campus Full-time', u'A', u'40000626:PILLAY', 18.0]
check 'CLAN101_SEM2_2018' 'CLAN101'
processXLS: only for SEM2 [u'CLAN101_SEM2_2018', u'CLAN101_YEAR_2017', u'CLAN101', u'CLINICAL ANATOMY', u'BHHOM1', u'BH:  HOMOEOPATHY', 22.0, u'YEAR', u'D1', u'Durban Campus Full-time', u'A', u'40000626:PILLAY', 18.0]
[u'CLCS101_SEM1_2018', u'CLCS101_SEM1_2017', u'CLCS101', u'CLINICAL STUDIES I', u'BHMOP2', u'BH:  MEDICAL ORTHOTICS AND PROSTHETICS', u'21', u'SEMESTER 1', u'D1', u'Durban Campus Full-time', u'A', u'40008948:KELL', 28.0]
check 'CLCS101_SEM1_2018' 'CLCS101'
processXLS: only for SEM2 [u'CLCS101_SEM1_2018', u'CLCS101_SEM1_2017', u'CLCS101', u'CLINICAL STUDIES I', u'BHMOP2', u'BH:  MEDICAL ORTHOTICS AND PROSTHETICS', u'21', u'SEMESTER 1', u'D1', u'Durban Campus Full-time', u'A', u'40008948:KELL', 28.0]
[u'CLCS201_SEM2_2018', u'CLCS201_SEM2_2017', u'CLCS201', u'CLINICAL STUDIES II', u'BHMOP1', u'BH:  MEDICAL ORTHOTICS AND PROSTHETICS', u'22', u'SEMESTER 1', u'D1', u'Durban Campus Full-time', u'A', u'40008948:KELL', 28.0]
check 'CLCS201_SEM2_2018' 'CLCS201'
adding  CLCS201
requesting:  http://10.0.100.98:8000/bbinfo/matching_courses/CLCS201%25
r= <Response [200]>
matching classes= set([u'CLCS201_ALL_2016', u'CLCS201_SEM2_2018', u'CLCS201_SEM2_2017'])
[u'EPHC201_YEAR_2018', u'EPHC201_YEAR_2017', u'EPHC201', u'EPIDEMIOLOGY II', u'NDCHF1', u'ND: CHIROPRACTIC (4 YEARS)', u'11', u'YEAR', u'D1', u'Durban Campus Full-time', u'A', u'50010694:HAFFEJEE', 4.0]
check 'EPHC201_YEAR_2018' 'EPHC201'
processXLS: only for SEM2 [u'EPHC201_YEAR_2018', u'EPHC201_YEAR_2017', u'EPHC201', u'EPIDEMIOLOGY II', u'NDCHF1', u'ND: CHIROPRACTIC (4 YEARS)', u'11', u'YEAR', u'D1', u'Durban Campus Full-time', u'A', u'50010694:HAFFEJEE', 4.0]
[u'EPHC201_YEAR_2018', u'EPHC201_YEAR_2017', u'EPHC201', u'EPIDEMIOLOGY II', u'NDCHR1', u'ND: CHIROPRACTIC', u'11', u'YEAR', u'D1', u'Durban Campus Full-time', u'A', u'50010694:HAFFEJEE', 20.0]
check 'EPHC201_YEAR_2018' 'EPHC201'
processXLS: only for SEM2 [u'EPHC201_YEAR_2018', u'EPHC201_YEAR_2017', u'EPHC201', u'EPIDEMIOLOGY II', u'NDCHR1', u'ND: CHIROPRACTIC', u'11', u'YEAR', u'D1', u'Durban Campus Full-time', u'A', u'50010694:HAFFEJEE', 20.0]
[u'EPHC201_YEAR_2018', u'EPHC201_YEAR_2017', u'EPHC201', u'EPIDEMIOLOGY II', u'NDHMF1', u'ND: HOMOEOPATHY (4 YEARS)', u'11', u'YEAR', u'D1', u'Durban Campus Full-time', u'A', u'50010694:HAFFEJEE', 4.0]
check 'EPHC201_YEAR_2018' 'EPHC201'
processXLS: only for SEM2 [u'EPHC201_YEAR_2018', u'EPHC201_YEAR_2017', u'EPHC201', u'EPIDEMIOLOGY II', u'NDHMF1', u'ND: HOMOEOPATHY (4 YEARS)', u'11', u'YEAR', u'D1', u'Durban Campus Full-time', u'A', u'50010694:HAFFEJEE', 4.0]
[u'EPHC201_YEAR_2018', u'EPHC201_YEAR_2017', u'EPHC201', u'EPIDEMIOLOGY II', u'NDHOM1', u'ND: HOMOEOPATHY', u'11', u'YEAR', u'D1', u'Durban Campus Full-time', u'A', u'50010694:HAFFEJEE', 2.0]
check 'EPHC201_YEAR_2018' 'EPHC201'
processXLS: only for SEM2 [u'EPHC201_YEAR_2018', u'EPHC201_YEAR_2017', u'EPHC201', u'EPIDEMIOLOGY II', u'NDHOM1', u'ND: HOMOEOPATHY', u'11', u'YEAR', u'D1', u'Durban Campus Full-time', u'A', u'50010694:HAFFEJEE', 2.0]
[u'EPIP101_YEAR_2018', u'EPIP101_YEAR_2017', u'EPIP101', u'EPIDEMIOLOGY: IMMUNOLOGY, PARA & COMM DIS', u'BHHOM1', u'BH:  HOMOEOPATHY', u'11', u'YEAR', u'D1', u'Durban Campus Full-time', u'A', u'50010694:HAFFEJEE', 17.0]
check 'EPIP101_YEAR_2018' 'EPIP101'
processXLS: only for SEM2 [u'EPIP101_YEAR_2018', u'EPIP101_YEAR_2017', u'EPIP101', u'EPIDEMIOLOGY: IMMUNOLOGY, PARA & COMM DIS', u'BHHOM1', u'BH:  HOMOEOPATHY', u'11', u'YEAR', u'D1', u'Durban Campus Full-time', u'A', u'50010694:HAFFEJEE', 17.0]
[u'EPPH101_YEAR_2018', u'EPPH101_YEAR_2017', u'EPPH101', u'EPIDEMIOLOGY:  PUBLIC HEALTH', u'BHHOM1', u'BH:  HOMOEOPATHY', u'11', u'YEAR', u'D1', u'Durban Campus Full-time', u'A', u'50010694:HAFFEJEE', 17.0]
check 'EPPH101_YEAR_2018' 'EPPH101'
processXLS: only for SEM2 [u'EPPH101_YEAR_2018', u'EPPH101_YEAR_2017', u'EPPH101', u'EPIDEMIOLOGY:  PUBLIC HEALTH', u'BHHOM1', u'BH:  HOMOEOPATHY', u'11', u'YEAR', u'D1', u'Durban Campus Full-time', u'A', u'50010694:HAFFEJEE', 17.0]
[u'GPAT101_YEAR_2018', u'GPAT101_YEAR_2017', u'GPAT101', u'GENERAL PATHOLOGY', u'BHHOM1', u'BH:  HOMOEOPATHY', u'11', u'YEAR', u'D1', u'Durban Campus Full-time', u'A', u'40008948:KELL', 16.0]
check 'GPAT101_YEAR_2018' 'GPAT101'
processXLS: only for SEM2 [u'GPAT101_YEAR_2018', u'GPAT101_YEAR_2017', u'GPAT101', u'GENERAL PATHOLOGY', u'BHHOM1', u'BH:  HOMOEOPATHY', u'11', u'YEAR', u'D1', u'Durban Campus Full-time', u'A', u'40008948:KELL', 16.0]
[u'GPAT201_SEM2_2018', u'GPAT201_SEM2_2017', u'GPAT201', u'GENERAL PATHOLOGY II', u'NDCHF1', u'ND: CHIROPRACTIC (4 YEARS)', u'22', u'SEMESTER 2', u'D1', u'Durban Campus Full-time', u'A', u'40008948:KELL', 6.0]
check 'GPAT201_SEM2_2018' 'GPAT201'
adding  GPAT201
requesting:  http://10.0.100.98:8000/bbinfo/matching_courses/GPAT201%25
r= <Response [200]>
matching classes= set([u'GPAT201_SEM2_2018', u'GPAT201_14', u'GPAT201_13_KELC', u'GPAT201_SEM2_2016', u'GPAT201_SEM2_2017'])
[u'GPAT201_SEM2_2018', u'GPAT201_SEM2_2017', u'GPAT201', u'GENERAL PATHOLOGY II', u'NDCHR1', u'ND: CHIROPRACTIC', u'22', u'SEMESTER 2', u'D1', u'Durban Campus Full-time', u'A', u'40008948:KELL', 24.0]
check 'GPAT201_SEM2_2018' 'GPAT201'
adding  GPAT201
requesting:  http://10.0.100.98:8000/bbinfo/matching_courses/GPAT201%25
r= <Response [200]>
matching classes= set([u'GPAT201_SEM2_2018', u'GPAT201_14', u'GPAT201_13_KELC', u'GPAT201_SEM2_2016', u'GPAT201_SEM2_2017'])
[u'GPAT201_SEM2_2018', u'GPAT201_SEM2_2017', u'GPAT201', u'GENERAL PATHOLOGY II', u'NDHMF1', u'ND: HOMOEOPATHY (4 YEARS)', u'22', u'SEMESTER 2', u'D1', u'Durban Campus Full-time', u'A', u'40008948:KELL', 4.0]
check 'GPAT201_SEM2_2018' 'GPAT201'
adding  GPAT201
requesting:  http://10.0.100.98:8000/bbinfo/matching_courses/GPAT201%25
r= <Response [200]>
matching classes= set([u'GPAT201_SEM2_2018', u'GPAT201_14', u'GPAT201_13_KELC', u'GPAT201_SEM2_2016', u'GPAT201_SEM2_2017'])
[u'GPAT201_SEM2_2018', u'GPAT201_SEM2_2017', u'GPAT201', u'GENERAL PATHOLOGY II', u'NDHOM1', u'ND: HOMOEOPATHY', u'22', u'SEMESTER 2', u'D1', u'Durban Campus Full-time', u'A', u'40008948:KELL', 8.0]
check 'GPAT201_SEM2_2018' 'GPAT201'
adding  GPAT201
requesting:  http://10.0.100.98:8000/bbinfo/matching_courses/GPAT201%25
r= <Response [200]>
matching classes= set([u'GPAT201_SEM2_2018', u'GPAT201_14', u'GPAT201_13_KELC', u'GPAT201_SEM2_2016', u'GPAT201_SEM2_2017'])
[u'GPTH201_YEAR_2018', u'GPTH201_YEAR_2017', u'GPTH201', u'GENERAL PATHOLOGY II', u'BHEMC1', u'BH: EMERGENCY MEDICAL CARE', u'11', u'YEAR', u'D1', u'Durban Campus Full-time', u'A', u'40008948:KELL', 23.0]
check 'GPTH201_YEAR_2018' 'GPTH201'
processXLS: only for SEM2 [u'GPTH201_YEAR_2018', u'GPTH201_YEAR_2017', u'GPTH201', u'GENERAL PATHOLOGY II', u'BHEMC1', u'BH: EMERGENCY MEDICAL CARE', u'11', u'YEAR', u'D1', u'Durban Campus Full-time', u'A', u'40008948:KELL', 23.0]
[u'HSTL101_YEAR_2018', u'HSTL101_YEAR_2017', u'HSTL101', u'HISTOLOGY', u'BHHMF1', u'BH:  HOMOEOPATHY (5 YEARS)', u'11', u'YEAR', u'D1', u'Durban Campus Full-time', u'A', u'50001241:DUCRAY', 4.0]
check 'HSTL101_YEAR_2018' 'HSTL101'
processXLS: only for SEM2 [u'HSTL101_YEAR_2018', u'HSTL101_YEAR_2017', u'HSTL101', u'HISTOLOGY', u'BHHMF1', u'BH:  HOMOEOPATHY (5 YEARS)', u'11', u'YEAR', u'D1', u'Durban Campus Full-time', u'A', u'50001241:DUCRAY', 4.0]
[u'HSTL101_YEAR_2018', u'HSTL101_YEAR_2017', u'HSTL101', u'HISTOLOGY', u'BHHOM1', u'BH:  HOMOEOPATHY', u'11', u'YEAR', u'D1', u'Durban Campus Full-time', u'A', u'50001241:DUCRAY', 28.0]
check 'HSTL101_YEAR_2018' 'HSTL101'
processXLS: only for SEM2 [u'HSTL101_YEAR_2018', u'HSTL101_YEAR_2017', u'HSTL101', u'HISTOLOGY', u'BHHOM1', u'BH:  HOMOEOPATHY', u'11', u'YEAR', u'D1', u'Durban Campus Full-time', u'A', u'50001241:DUCRAY', 28.0]
[u'INPH101_SEM2_2018', u'INPH101_SEM2_2017', u'INPH101', u'INTRO PHARMACOLOGY', u'BTNSF1', u'BT:  NURSING SCIENCE (5 YEARS)', u'22', u'SEMESTER 2', u'I1', u'INDUMISO CAMPUS FULL-TIME', u'A', u'40000488:KHARWA', 16.0]
check 'INPH101_SEM2_2018' 'INPH101'
adding  INPH101
requesting:  http://10.0.100.98:8000/bbinfo/matching_courses/INPH101%25
r= <Response [200]>
matching classes= set([u'INPH101_15_KHAR', u'INPH101_14_KHAR', u'INPH101_13_THAS', u'INPH101_SEM2_2018', u'INPH101_SEM2_2016', u'INPH101_SEM2_2017'])
[u'INPH101_SEM2_2018', u'INPH101_SEM2_2017', u'INPH101', u'INTRO PHARMACOLOGY', u'BTNSS1', u'BT:  NURSING SCIENCE', u'22', u'SEMESTER 2', u'I1', u'INDUMISO CAMPUS FULL-TIME', u'A', u'40000488:KHARWA', 9.0]
check 'INPH101_SEM2_2018' 'INPH101'
adding  INPH101
requesting:  http://10.0.100.98:8000/bbinfo/matching_courses/INPH101%25
r= <Response [200]>
matching classes= set([u'INPH101_15_KHAR', u'INPH101_14_KHAR', u'INPH101_13_THAS', u'INPH101_SEM2_2018', u'INPH101_SEM2_2016', u'INPH101_SEM2_2017'])
[u'INPH101_SEM2_2018', u'INPH101_SEM2_2017', u'INPH101', u'INTRO PHARMACOLOGY', u'BTNSS2', u'BT:  NURSING SCIENCE', u'22', u'SEMESTER 2', u'I1', u'INDUMISO CAMPUS FULL-TIME', u'A', u'40000488:KHARWA', 86.0]
check 'INPH101_SEM2_2018' 'INPH101'
adding  INPH101
requesting:  http://10.0.100.98:8000/bbinfo/matching_courses/INPH101%25
r= <Response [200]>
matching classes= set([u'INPH101_15_KHAR', u'INPH101_14_KHAR', u'INPH101_13_THAS', u'INPH101_SEM2_2018', u'INPH101_SEM2_2016', u'INPH101_SEM2_2017'])
[u'PHAR201_SEM1_2018', u'PHAR201_SEM1_2017', u'PHAR201', u'PHARMACOLOGY II', u'NDCLF2', u'ND: CLINICAL TECH (4 YEARS)', u'21', u'SEMESTER 1', u'D1', u'Durban Campus Full-time', u'A', u'40000488:KHARWA', 12.0]
check 'PHAR201_SEM1_2018' 'PHAR201'
processXLS: only for SEM2 [u'PHAR201_SEM1_2018', u'PHAR201_SEM1_2017', u'PHAR201', u'PHARMACOLOGY II', u'NDCLF2', u'ND: CLINICAL TECH (4 YEARS)', u'21', u'SEMESTER 1', u'D1', u'Durban Campus Full-time', u'A', u'40000488:KHARWA', 12.0]
[u'PHAR201_SEM1_2018', u'PHAR201_SEM1_2017', u'PHAR201', u'PHARMACOLOGY II', u'NDCLT1', u'ND: CLINICAL TECHNOLOGY', u'21', u'SEMESTER 1', u'D1', u'Durban Campus Full-time', u'A', u'40000488:KHARWA', 35.0]
check 'PHAR201_SEM1_2018' 'PHAR201'
processXLS: only for SEM2 [u'PHAR201_SEM1_2018', u'PHAR201_SEM1_2017', u'PHAR201', u'PHARMACOLOGY II', u'NDCLT1', u'ND: CLINICAL TECHNOLOGY', u'21', u'SEMESTER 1', u'D1', u'Durban Campus Full-time', u'A', u'40000488:KHARWA', 35.0]
[u'PHCL201_YEAR_2018', u'PHCL201_YEAR_2017', u'PHCL201', u'PHARMACOLOGY II', u'BHEMC1', u'BH: EMERGENCY MEDICAL CARE', u'11', u'YEAR', u'D1', u'Durban Campus Full-time', u'A', u'50002457:THANDAR', 30.0]
check 'PHCL201_YEAR_2018' 'PHCL201'
processXLS: only for SEM2 [u'PHCL201_YEAR_2018', u'PHCL201_YEAR_2017', u'PHCL201', u'PHARMACOLOGY II', u'BHEMC1', u'BH: EMERGENCY MEDICAL CARE', u'11', u'YEAR', u'D1', u'Durban Campus Full-time', u'A', u'50002457:THANDAR', 30.0]
[u'PHFD101_YEAR_2018', u'PHFD101_YEAR_2017', u'PHFD101', u'PHYSIOLOGY:FOOD I', u'NDCFF2', u'ND: FOOD & NUTRITION (4 YEARS)', u'11', u'YEAR', u'D1', u'Durban Campus Full-time', u'A', u'40000488:KHARWA', 23.0]
check 'PHFD101_YEAR_2018' 'PHFD101'
processXLS: only for SEM2 [u'PHFD101_YEAR_2018', u'PHFD101_YEAR_2017', u'PHFD101', u'PHYSIOLOGY:FOOD I', u'NDCFF2', u'ND: FOOD & NUTRITION (4 YEARS)', u'11', u'YEAR', u'D1', u'Durban Campus Full-time', u'A', u'40000488:KHARWA', 23.0]
[u'PHFD101_YEAR_2018', u'PHFD101_YEAR_2017', u'PHFD101', u'PHYSIOLOGY:FOOD I', u'NDCSF2', u'ND: FOOD AND NUTRITION', u'11', u'YEAR', u'D1', u'Durban Campus Full-time', u'A', u'40000488:KHARWA', 52.0]
check 'PHFD101_YEAR_2018' 'PHFD101'
processXLS: only for SEM2 [u'PHFD101_YEAR_2018', u'PHFD101_YEAR_2017', u'PHFD101', u'PHYSIOLOGY:FOOD I', u'NDCSF2', u'ND: FOOD AND NUTRITION', u'11', u'YEAR', u'D1', u'Durban Campus Full-time', u'A', u'40000488:KHARWA', 52.0]
[u'PHMC201_SEM1_2018', u'PHMC201_SEM1_2017', u'PHMC201', u'PHARMACOLOGY', u'BTNSF1', u'BT:  NURSING SCIENCE (5 YEARS)', u'21', u'SEMESTER 1', u'I1', u'INDUMISO CAMPUS FULL-TIME', u'A', u'50002457:THANDAR', 16.0]
check 'PHMC201_SEM1_2018' 'PHMC201'
processXLS: only for SEM2 [u'PHMC201_SEM1_2018', u'PHMC201_SEM1_2017', u'PHMC201', u'PHARMACOLOGY', u'BTNSF1', u'BT:  NURSING SCIENCE (5 YEARS)', u'21', u'SEMESTER 1', u'I1', u'INDUMISO CAMPUS FULL-TIME', u'A', u'50002457:THANDAR', 16.0]
[u'PHMC201_SEM1_2018', u'PHMC201_SEM1_2017', u'PHMC201', u'PHARMACOLOGY', u'BTNSS1', u'BT:  NURSING SCIENCE', u'21', u'SEMESTER 1', u'I1', u'INDUMISO CAMPUS FULL-TIME', u'A', u'50002457:THANDAR', 111.0]
check 'PHMC201_SEM1_2018' 'PHMC201'
processXLS: only for SEM2 [u'PHMC201_SEM1_2018', u'PHMC201_SEM1_2017', u'PHMC201', u'PHARMACOLOGY', u'BTNSS1', u'BT:  NURSING SCIENCE', u'21', u'SEMESTER 1', u'I1', u'INDUMISO CAMPUS FULL-TIME', u'A', u'50002457:THANDAR', 111.0]
[u'PHSI201_YEAR_2018', u'PHSI201_YEAR_2017', u'PHSI201', u'PHYSIOLOGY II', u'NDCHF1', u'ND: CHIROPRACTIC (4 YEARS)', u'11', u'YEAR', u'D1', u'Durban Campus Full-time', u'A', u'50010694:HAFFEJEE', 5.0]
check 'PHSI201_YEAR_2018' 'PHSI201'
processXLS: only for SEM2 [u'PHSI201_YEAR_2018', u'PHSI201_YEAR_2017', u'PHSI201', u'PHYSIOLOGY II', u'NDCHF1', u'ND: CHIROPRACTIC (4 YEARS)', u'11', u'YEAR', u'D1', u'Durban Campus Full-time', u'A', u'50010694:HAFFEJEE', 5.0]
[u'PHSI201_YEAR_2018', u'PHSI201_YEAR_2017', u'PHSI201', u'PHYSIOLOGY II', u'NDCHR1', u'ND: CHIROPRACTIC', u'11', u'YEAR', u'D1', u'Durban Campus Full-time', u'A', u'50010694:HAFFEJEE', 22.0]
check 'PHSI201_YEAR_2018' 'PHSI201'
processXLS: only for SEM2 [u'PHSI201_YEAR_2018', u'PHSI201_YEAR_2017', u'PHSI201', u'PHYSIOLOGY II', u'NDCHR1', u'ND: CHIROPRACTIC', u'11', u'YEAR', u'D1', u'Durban Campus Full-time', u'A', u'50010694:HAFFEJEE', 22.0]
[u'PHSI201_YEAR_2018', u'PHSI201_YEAR_2017', u'PHSI201', u'PHYSIOLOGY II', u'NDHOM1', u'ND: HOMOEOPATHY', u'11', u'YEAR', u'D1', u'Durban Campus Full-time', u'A', u'50010694:HAFFEJEE', 3.0]
check 'PHSI201_YEAR_2018' 'PHSI201'
processXLS: only for SEM2 [u'PHSI201_YEAR_2018', u'PHSI201_YEAR_2017', u'PHSI201', u'PHYSIOLOGY II', u'NDHOM1', u'ND: HOMOEOPATHY', u'11', u'YEAR', u'D1', u'Durban Campus Full-time', u'A', u'50010694:HAFFEJEE', 3.0]
[u'PHSY101_SEM1_2018', u'PHSY101_SEM1_2017', u'PHSY101', u'PHYSIOLOGY I', u'NDCHF1', u'ND: CHIROPRACTIC (4 YEARS)', u'21', u'SEMESTER 1', u'D1', u'Durban Campus Full-time', u'A', u'50001241:DUCRAY', 1.0]
check 'PHSY101_SEM1_2018' 'PHSY101'
processXLS: only for SEM2 [u'PHSY101_SEM1_2018', u'PHSY101_SEM1_2017', u'PHSY101', u'PHYSIOLOGY I', u'NDCHF1', u'ND: CHIROPRACTIC (4 YEARS)', u'21', u'SEMESTER 1', u'D1', u'Durban Campus Full-time', u'A', u'50001241:DUCRAY', 1.0]
[u'PHSY101_SEM1_2018', u'PHSY101_SEM1_2017', u'PHSY101', u'PHYSIOLOGY I', u'NDCHR1', u'ND: CHIROPRACTIC', u'21', u'SEMESTER 1', u'D1', u'Durban Campus Full-time', u'A', u'50001241:DUCRAY', 32.0]
check 'PHSY101_SEM1_2018' 'PHSY101'
processXLS: only for SEM2 [u'PHSY101_SEM1_2018', u'PHSY101_SEM1_2017', u'PHSY101', u'PHYSIOLOGY I', u'NDCHR1', u'ND: CHIROPRACTIC', u'21', u'SEMESTER 1', u'D1', u'Durban Campus Full-time', u'A', u'50001241:DUCRAY', 32.0]
[u'PHSY102_YEAR_2018', u'PHSY102_YEAR_2017', u'PHSY102', u'PHYSIOLOGY 1', u'BHHMF1', u'BH:  HOMOEOPATHY (5 YEARS)', u'11', u'YEAR', u'D1', u'Durban Campus Full-time', u'A', u'50001241:DUCRAY', 4.0]
check 'PHSY102_YEAR_2018' 'PHSY102'
processXLS: only for SEM2 [u'PHSY102_YEAR_2018', u'PHSY102_YEAR_2017', u'PHSY102', u'PHYSIOLOGY 1', u'BHHMF1', u'BH:  HOMOEOPATHY (5 YEARS)', u'11', u'YEAR', u'D1', u'Durban Campus Full-time', u'A', u'50001241:DUCRAY', 4.0]
[u'PHSY102_YEAR_2018', u'PHSY102_YEAR_2017', u'PHSY102', u'PHYSIOLOGY 1', u'BHHOM1', u'BH:  HOMOEOPATHY', u'11', u'YEAR', u'D1', u'Durban Campus Full-time', u'A', u'50001241:DUCRAY', 27.0]
check 'PHSY102_YEAR_2018' 'PHSY102'
processXLS: only for SEM2 [u'PHSY102_YEAR_2018', u'PHSY102_YEAR_2017', u'PHSY102', u'PHYSIOLOGY 1', u'BHHOM1', u'BH:  HOMOEOPATHY', u'11', u'YEAR', u'D1', u'Durban Campus Full-time', u'A', u'50001241:DUCRAY', 27.0]
[u'PHYL201_YEAR_2018', u'PHYL201_YEAR_2017', u'PHYL201', u'PHYSIOLOGY II', u'BHEMC1', u'BH: EMERGENCY MEDICAL CARE', u'11', u'YEAR', u'D1', u'Durban Campus Full-time', u'A', u'40013544:MKHWANAZI', 28.0]
check 'PHYL201_YEAR_2018' 'PHYL201'
processXLS: only for SEM2 [u'PHYL201_YEAR_2018', u'PHYL201_YEAR_2017', u'PHYL201', u'PHYSIOLOGY II', u'BHEMC1', u'BH: EMERGENCY MEDICAL CARE', u'11', u'YEAR', u'D1', u'Durban Campus Full-time', u'A', u'40013544:MKHWANAZI', 28.0]
[u'PYSA101_SEM1_2018', u'PYSA101_SEM1_2017', u'PYSA101', u'PHYSIOLOGY IA', u'BHDRD1', u'BHSC DIAGNOSTIC RADIOGRAPHY', u'21', u'SEMESTER 1', u'D1', u'Durban Campus Full-time', u'A', u'50000810:WALTERS', 49.0]
check 'PYSA101_SEM1_2018' 'PYSA101'
processXLS: only for SEM2 [u'PYSA101_SEM1_2018', u'PYSA101_SEM1_2017', u'PYSA101', u'PHYSIOLOGY IA', u'BHDRD1', u'BHSC DIAGNOSTIC RADIOGRAPHY', u'21', u'SEMESTER 1', u'D1', u'Durban Campus Full-time', u'A', u'50000810:WALTERS', 49.0]
[u'PYSA101_SEM1_2018', u'PYSA101_SEM1_2017', u'PYSA101', u'PHYSIOLOGY IA', u'BHDSN1', u'BHSC DIAGNOSTIC SONOGRAPHY', u'21', u'SEMESTER 1', u'D1', u'Durban Campus Full-time', u'A', u'50000810:WALTERS', 7.0]
check 'PYSA101_SEM1_2018' 'PYSA101'
processXLS: only for SEM2 [u'PYSA101_SEM1_2018', u'PYSA101_SEM1_2017', u'PYSA101', u'PHYSIOLOGY IA', u'BHDSN1', u'BHSC DIAGNOSTIC SONOGRAPHY', u'21', u'SEMESTER 1', u'D1', u'Durban Campus Full-time', u'A', u'50000810:WALTERS', 7.0]
[u'PYSA101_SEM1_2018', u'PYSA101_SEM1_2017', u'PYSA101', u'PHYSIOLOGY IA', u'BHNMD1', u'BHSC NUCLEAR MEDICINE', u'21', u'SEMESTER 1', u'D1', u'Durban Campus Full-time', u'A', u'50000810:WALTERS', 7.0]
check 'PYSA101_SEM1_2018' 'PYSA101'
processXLS: only for SEM2 [u'PYSA101_SEM1_2018', u'PYSA101_SEM1_2017', u'PYSA101', u'PHYSIOLOGY IA', u'BHNMD1', u'BHSC NUCLEAR MEDICINE', u'21', u'SEMESTER 1', u'D1', u'Durban Campus Full-time', u'A', u'50000810:WALTERS', 7.0]
[u'PYSA101_SEM1_2018', u'PYSA101_SEM1_2017', u'PYSA101', u'PHYSIOLOGY IA', u'BHRDT1', u'BHSC RADIOTHERAPY', u'21', u'SEMESTER 1', u'D1', u'Durban Campus Full-time', u'A', u'50000810:WALTERS', 10.0]
check 'PYSA101_SEM1_2018' 'PYSA101'
processXLS: only for SEM2 [u'PYSA101_SEM1_2018', u'PYSA101_SEM1_2017', u'PYSA101', u'PHYSIOLOGY IA', u'BHRDT1', u'BHSC RADIOTHERAPY', u'21', u'SEMESTER 1', u'D1', u'Durban Campus Full-time', u'A', u'50000810:WALTERS', 10.0]
[u'PYSB101_SEM2_2018', u'PYSB101_SEM2_2017', u'PYSB101', u'PHYSIOLOGY IB', u'BHDRD1', u'BHSC DIAGNOSTIC RADIOGRAPHY', u'22', u'SEMESTER 2', u'D1', u'Durban Campus Full-time', u'A', u'50000810:WALTERS', 45.0]
check 'PYSB101_SEM2_2018' 'PYSB101'
adding  PYSB101
requesting:  http://10.0.100.98:8000/bbinfo/matching_courses/PYSB101%25
r= <Response [200]>
matching classes= set([u'PYSB101_SEM2_2018', u'PYSB101_SEM2_2017', u'PYSB101_SEM2_2016'])
[u'PYSB101_SEM2_2018', u'PYSB101_SEM2_2017', u'PYSB101', u'PHYSIOLOGY IB', u'BHDSN1', u'BHSC DIAGNOSTIC SONOGRAPHY', u'22', u'SEMESTER 2', u'D1', u'Durban Campus Full-time', u'A', u'50000810:WALTERS', 7.0]
check 'PYSB101_SEM2_2018' 'PYSB101'
adding  PYSB101
requesting:  http://10.0.100.98:8000/bbinfo/matching_courses/PYSB101%25
r= <Response [200]>
matching classes= set([u'PYSB101_SEM2_2018', u'PYSB101_SEM2_2017', u'PYSB101_SEM2_2016'])
[u'PYSB101_SEM2_2018', u'PYSB101_SEM2_2017', u'PYSB101', u'PHYSIOLOGY IB', u'BHNMD1', u'BHSC NUCLEAR MEDICINE', u'22', u'SEMESTER 2', u'D1', u'Durban Campus Full-time', u'A', u'50000810:WALTERS', 7.0]
check 'PYSB101_SEM2_2018' 'PYSB101'
adding  PYSB101
requesting:  http://10.0.100.98:8000/bbinfo/matching_courses/PYSB101%25
r= <Response [200]>
matching classes= set([u'PYSB101_SEM2_2018', u'PYSB101_SEM2_2017', u'PYSB101_SEM2_2016'])
[u'PYSB101_SEM2_2018', u'PYSB101_SEM2_2017', u'PYSB101', u'PHYSIOLOGY IB', u'BHRDT1', u'BHSC RADIOTHERAPY', u'22', u'SEMESTER 2', u'D1', u'Durban Campus Full-time', u'A', u'50000810:WALTERS', 10.0]
check 'PYSB101_SEM2_2018' 'PYSB101'
adding  PYSB101
requesting:  http://10.0.100.98:8000/bbinfo/matching_courses/PYSB101%25
r= <Response [200]>
matching classes= set([u'PYSB101_SEM2_2018', u'PYSB101_SEM2_2017', u'PYSB101_SEM2_2016'])
[u'PYSL102_SEM1_2018', u'PYSL102_SEM1_2017', u'PYSL102', u'PHYSIOLOGY FOR MOP', u'BHMOP3', u'BH:  MEDICAL ORTHOTICS AND PROSTHETICS', u'21', u'SEMESTER 1', u'D1', u'Durban Campus Full-time', u'A', u'50002247:GOVENDER', 29.0]
check 'PYSL102_SEM1_2018' 'PYSL102'
processXLS: only for SEM2 [u'PYSL102_SEM1_2018', u'PYSL102_SEM1_2017', u'PYSL102', u'PHYSIOLOGY FOR MOP', u'BHMOP3', u'BH:  MEDICAL ORTHOTICS AND PROSTHETICS', u'21', u'SEMESTER 1', u'D1', u'Durban Campus Full-time', u'A', u'50002247:GOVENDER', 29.0]
[u'SYPA311_YEAR_2018', u'SYPA311_YEAR_2017', u'SYPA311', u'SYSTEMIC PATHOLOGY', u'NDCHF1', u'ND: CHIROPRACTIC (4 YEARS)', u'11', u'YEAR', u'D1', u'Durban Campus Full-time', u'A', u'40008948:KELL', 1.0]
check 'SYPA311_YEAR_2018' 'SYPA311'
processXLS: only for SEM2 [u'SYPA311_YEAR_2018', u'SYPA311_YEAR_2017', u'SYPA311', u'SYSTEMIC PATHOLOGY', u'NDCHF1', u'ND: CHIROPRACTIC (4 YEARS)', u'11', u'YEAR', u'D1', u'Durban Campus Full-time', u'A', u'40008948:KELL', 1.0]
[u'SYPA311_YEAR_2018', u'SYPA311_YEAR_2017', u'SYPA311', u'SYSTEMIC PATHOLOGY', u'NDCHR1', u'ND: CHIROPRACTIC', u'11', u'YEAR', u'D1', u'Durban Campus Full-time', u'A', u'40008948:KELL', 33.0]
check 'SYPA311_YEAR_2018' 'SYPA311'
processXLS: only for SEM2 [u'SYPA311_YEAR_2018', u'SYPA311_YEAR_2017', u'SYPA311', u'SYSTEMIC PATHOLOGY', u'NDCHR1', u'ND: CHIROPRACTIC', u'11', u'YEAR', u'D1', u'Durban Campus Full-time', u'A', u'40008948:KELL', 33.0]
[u'SYPA311_YEAR_2018', u'SYPA311_YEAR_2017', u'SYPA311', u'SYSTEMIC PATHOLOGY', u'NDHMF1', u'ND: HOMOEOPATHY (4 YEARS)', u'11', u'YEAR', u'D1', u'Durban Campus Full-time', u'A', u'40008948:KELL', 2.0]
check 'SYPA311_YEAR_2018' 'SYPA311'
processXLS: only for SEM2 [u'SYPA311_YEAR_2018', u'SYPA311_YEAR_2017', u'SYPA311', u'SYSTEMIC PATHOLOGY', u'NDHMF1', u'ND: HOMOEOPATHY (4 YEARS)', u'11', u'YEAR', u'D1', u'Durban Campus Full-time', u'A', u'40008948:KELL', 2.0]
[u'SYPA311_YEAR_2018', u'SYPA311_YEAR_2017', u'SYPA311', u'SYSTEMIC PATHOLOGY', u'NDHOM1', u'ND: HOMOEOPATHY', u'11', u'YEAR', u'D1', u'Durban Campus Full-time', u'A', u'40008948:KELL', 25.0]
check 'SYPA311_YEAR_2018' 'SYPA311'
processXLS: only for SEM2 [u'SYPA311_YEAR_2018', u'SYPA311_YEAR_2017', u'SYPA311', u'SYSTEMIC PATHOLOGY', u'NDHOM1', u'ND: HOMOEOPATHY', u'11', u'YEAR', u'D1', u'Durban Campus Full-time', u'A', u'40008948:KELL', 25.0]
[u'SYPA321_YEAR_2018', u'SYPA321_YEAR_2017', u'SYPA321', u'PHARMACOLOGY', u'NDCHF1', u'ND: CHIROPRACTIC (4 YEARS)', u'11', u'YEAR', u'D1', u'Durban Campus Full-time', u'A', u'50002457:THANDAR', 2.0]
check 'SYPA321_YEAR_2018' 'SYPA321'
processXLS: only for SEM2 [u'SYPA321_YEAR_2018', u'SYPA321_YEAR_2017', u'SYPA321', u'PHARMACOLOGY', u'NDCHF1', u'ND: CHIROPRACTIC (4 YEARS)', u'11', u'YEAR', u'D1', u'Durban Campus Full-time', u'A', u'50002457:THANDAR', 2.0]
[u'SYPA321_YEAR_2018', u'SYPA321_YEAR_2017', u'SYPA321', u'PHARMACOLOGY', u'NDCHR1', u'ND: CHIROPRACTIC', u'11', u'YEAR', u'D1', u'Durban Campus Full-time', u'A', u'50002457:THANDAR', 29.0]
check 'SYPA321_YEAR_2018' 'SYPA321'
processXLS: only for SEM2 [u'SYPA321_YEAR_2018', u'SYPA321_YEAR_2017', u'SYPA321', u'PHARMACOLOGY', u'NDCHR1', u'ND: CHIROPRACTIC', u'11', u'YEAR', u'D1', u'Durban Campus Full-time', u'A', u'50002457:THANDAR', 29.0]
[u'SYPA321_YEAR_2018', u'SYPA321_YEAR_2017', u'SYPA321', u'PHARMACOLOGY', u'NDHMF1', u'ND: HOMOEOPATHY (4 YEARS)', u'11', u'YEAR', u'D1', u'Durban Campus Full-time', u'A', u'50002457:THANDAR', 2.0]
check 'SYPA321_YEAR_2018' 'SYPA321'
processXLS: only for SEM2 [u'SYPA321_YEAR_2018', u'SYPA321_YEAR_2017', u'SYPA321', u'PHARMACOLOGY', u'NDHMF1', u'ND: HOMOEOPATHY (4 YEARS)', u'11', u'YEAR', u'D1', u'Durban Campus Full-time', u'A', u'50002457:THANDAR', 2.0]
[u'SYPA321_YEAR_2018', u'SYPA321_YEAR_2017', u'SYPA321', u'PHARMACOLOGY', u'NDHOM1', u'ND: HOMOEOPATHY', u'11', u'YEAR', u'D1', u'Durban Campus Full-time', u'A', u'50002457:THANDAR', 24.0]
check 'SYPA321_YEAR_2018' 'SYPA321'
processXLS: only for SEM2 [u'SYPA321_YEAR_2018', u'SYPA321_YEAR_2017', u'SYPA321', u'PHARMACOLOGY', u'NDHOM1', u'ND: HOMOEOPATHY', u'11', u'YEAR', u'D1', u'Durban Campus Full-time', u'A', u'50002457:THANDAR', 24.0]
[u'', u'', u'', u'', u'', u'', u'', u'', u'', u'', u'', u'', u'']
check '' ''
[u'', u'', u'', u'', u'', u'', u'', u'', u'', u'', u'', u'', u'']
check '' ''
[u'...', u'', u'', u'', u'', u'', u'', u'', u'', u'', u'', u'', u'']
check '...' ''
[u'New subjects for 2018', u'', u'', u'', u'', u'', u'', u'', u'', u'', u'', u'', u'']
check 'New subjects for 2018' ''
[u'AAMY102_SEM1_2018', u'template_2018', u'AAMY102', u'ANATOMY', u'BHEMC3', u'BH:  EMERGENCY MEDICAL CARE', u'21', u'SEM1', u'D1', u'Durban Campus Full-time', u'A', u'40000626:PILLAY', u'']
check 'AAMY102_SEM1_2018' 'AAMY102'
processXLS: only for SEM2 [u'AAMY102_SEM1_2018', u'template_2018', u'AAMY102', u'ANATOMY', u'BHEMC3', u'BH:  EMERGENCY MEDICAL CARE', u'21', u'SEM1', u'D1', u'Durban Campus Full-time', u'A', u'40000626:PILLAY', u'']
[u'ANTY122_YEAR_2018', u'template_2018', u'ANTY122', u'HISTOLOGY', u'NDCHF1', u'ND CHIROPRACTIC', 11.0, u'ANNUAL', u'D1', u'durban Campus Full-time', u'A', u'50001241;DUCRAY', u'']
check 'ANTY122_YEAR_2018' 'ANTY122'
processXLS: only for SEM2 [u'ANTY122_YEAR_2018', u'template_2018', u'ANTY122', u'HISTOLOGY', u'NDCHF1', u'ND CHIROPRACTIC', 11.0, u'ANNUAL', u'D1', u'durban Campus Full-time', u'A', u'50001241;DUCRAY', u'']
[u'ANTY122_YEAR_2018', u'template_2018', u'ANTY122', u'HISTOLOGY', u'NDCHR1', u'ND CHIROPRACTIC', 11.0, u'ANNUAL', u'D1', u'Durban Campus Full-time', u'A', u'50001241;DUCRAY', u'']
check 'ANTY122_YEAR_2018' 'ANTY122'
processXLS: only for SEM2 [u'ANTY122_YEAR_2018', u'template_2018', u'ANTY122', u'HISTOLOGY', u'NDCHR1', u'ND CHIROPRACTIC', 11.0, u'ANNUAL', u'D1', u'Durban Campus Full-time', u'A', u'50001241;DUCRAY', u'']
[u'APHS101_SEM1_2018', u'template_2018', u'APHS101', u'ANATOMY AND PHYSIOLOGY ', u'DISOM1', u'NDIP SOMATOLOGY', u'21', u'SEM1', u'D1', u'Durban Campus Full-time', u'A', u'40013544:MKHWANAZI', u'']
check 'APHS101_SEM1_2018' 'APHS101'
processXLS: only for SEM2 [u'APHS101_SEM1_2018', u'template_2018', u'APHS101', u'ANATOMY AND PHYSIOLOGY ', u'DISOM1', u'NDIP SOMATOLOGY', u'21', u'SEM1', u'D1', u'Durban Campus Full-time', u'A', u'40013544:MKHWANAZI', u'']
[u'APHS101_SEM1_2018', u'template_2018', u'APHS101', u'ANATOMY AND PHYSIOLOGY ', u'DISMF1', u'NDIP SOMATOLOGY (4 YEARS)', u'21', u'SEM1', u'D1', u'Durban Campus Full-time', u'A', u'40013544:MKHWANAZI', u'']
check 'APHS101_SEM1_2018' 'APHS101'
processXLS: only for SEM2 [u'APHS101_SEM1_2018', u'template_2018', u'APHS101', u'ANATOMY AND PHYSIOLOGY ', u'DISMF1', u'NDIP SOMATOLOGY (4 YEARS)', u'21', u'SEM1', u'D1', u'Durban Campus Full-time', u'A', u'40013544:MKHWANAZI', u'']
[u'BSPH101_SEM1_2018', u'template_2018', u'BSPH101', u'BASIC PHARMACOLOGY I', u'DISOM1', u'NDIP: SOMATOLOGY', u'21', u'SEM1', u'D1', u'Durban Campus Full-time', u'A', u'40000488:KHARWA;', u'']
check 'BSPH101_SEM1_2018' 'BSPH101'
processXLS: only for SEM2 [u'BSPH101_SEM1_2018', u'template_2018', u'BSPH101', u'BASIC PHARMACOLOGY I', u'DISOM1', u'NDIP: SOMATOLOGY', u'21', u'SEM1', u'D1', u'Durban Campus Full-time', u'A', u'40000488:KHARWA;', u'']
[u'BSPH101_SEM1_2018', u'template_2018', u'BSPH101', u'BASIC PHARMACOLOGY I', u'DISMF1', u'NDIP SOMATOLOGY (4 YEARS)', u'21', u'SEM1', u'D1', u'Durban Campus Full-time', u'A', u'40000488:KHARWA;', u'']
check 'BSPH101_SEM1_2018' 'BSPH101'
processXLS: only for SEM2 [u'BSPH101_SEM1_2018', u'template_2018', u'BSPH101', u'BASIC PHARMACOLOGY I', u'DISMF1', u'NDIP SOMATOLOGY (4 YEARS)', u'21', u'SEM1', u'D1', u'Durban Campus Full-time', u'A', u'40000488:KHARWA;', u'']
[u'BSPH101_SEM2_2018', u'template_2018', u'BSPH101', u'BASIC PHARMACOLOGY I', u'DISOM1', u'NDIP SOMATOLOGY', u'22', u'SEM2', u'D1', u'Durban Campus Full-time', u'A', u'40000488:KHARWA;', u'']
check 'BSPH101_SEM2_2018' 'BSPH101'
adding  BSPH101
requesting:  http://10.0.100.98:8000/bbinfo/matching_courses/BSPH101%25
r= <Response [200]>
matching classes= set([u'BSPH101_SEM2_2018', u'BSPH101_SEM1_2018'])
[u'BSPH101_SEM2_2018', u'template_2018', u'BSPH101', u'BASIC PHARMACOLOGY I', u'DISMF1', u'NDIP SOMATOLOGY (4 YEARS)', u'22', u'SEM2', u'D1', u'Durban Campus Full-time', u'A', u'40000488:KHARWA;', u'']
check 'BSPH101_SEM2_2018' 'BSPH101'
adding  BSPH101
requesting:  http://10.0.100.98:8000/bbinfo/matching_courses/BSPH101%25
r= <Response [200]>
matching classes= set([u'BSPH101_SEM2_2018', u'BSPH101_SEM1_2018'])
[u'PHCR201_YEAR_2018', u'template_2018', u'PHCR201', u'PHYSIOLOGYII', u'BHHOM1', u'BHSC HOMOEOPATHY', 11.0, u'ANNUAL', u'D1', u'Durban Campus Full-time', u'A', u'50010694;HAFFEJEE', u'']
check 'PHCR201_YEAR_2018' 'PHCR201'
processXLS: only for SEM2 [u'PHCR201_YEAR_2018', u'template_2018', u'PHCR201', u'PHYSIOLOGYII', u'BHHOM1', u'BHSC HOMOEOPATHY', 11.0, u'ANNUAL', u'D1', u'Durban Campus Full-time', u'A', u'50010694;HAFFEJEE', u'']
[u'PHGU201_YEAR_2018', u'template_2018', u'PHCU201', u'PHYSIOLOGYII', u'BHHOM1', u'BHSC HOMOEOPATHY', 11.0, u'ANNUAL', u'D1', u'Durban Campus Full-time', u'A', u'50010694;HAFFEJEE', u'']
check 'PHGU201_YEAR_2018' 'PHCU201'
[u'PHCS201_YEAR_2018', u'template_2018', u'PHSC201', u'PHYSIOLOGYII', u'BHHOM1', u'BHSC HOMOEOPATHY', 11.0, u'ANNUAL', u'D1', u'Durban Campus Full-time', u'A', u'50010694;HAFFEJEE', u'']
check 'PHCS201_YEAR_2018' 'PHSC201'
[u'PHSL101_SEM1_2018', u'template_2018', u'PHSL101', u'PHYSIOLOGY 1: EMC&R', u'BHEMC3', u'BHSC: EMC&R', 21.0, u'SEMESTER 1', u'D1', u'Durban Campus Full-time', u'A', u'50000810:WALTERS', u'']
check 'PHSL101_SEM1_2018' 'PHSL101'
processXLS: only for SEM2 [u'PHSL101_SEM1_2018', u'template_2018', u'PHSL101', u'PHYSIOLOGY 1: EMC&R', u'BHEMC3', u'BHSC: EMC&R', 21.0, u'SEMESTER 1', u'D1', u'Durban Campus Full-time', u'A', u'50000810:WALTERS', u'']
[u'PRCL101_SEM1_2018', u'template_2018', u'PRCL101', u'BASIC PHARMACOLOGY I', u'BHCLT1', u'BHSC CLINICAL TECHNOLOGY', 21.0, u'SEMESTER1', u'D1', u'Durban Campus Full-time', u'A', u'40000488;KHARWA', u'']
check 'PRCL101_SEM1_2018' 'PRCL101'
processXLS: only for SEM2 [u'PRCL101_SEM1_2018', u'template_2018', u'PRCL101', u'BASIC PHARMACOLOGY I', u'BHCLT1', u'BHSC CLINICAL TECHNOLOGY', 21.0, u'SEMESTER1', u'D1', u'Durban Campus Full-time', u'A', u'40000488;KHARWA', u'']
[u'PYSL101_SEM1_2018', u'template_2018', u'PYSL101', u'PHYSIOLOGY1: CLIN TECH', u'BHCLT1', u'BHSC CLINICAL TECHNOLOGY', 21.0, u'SEMESTER1', u'D1', u'Durban campus Full time', u'A', u'50000810:WALTERS', u'']
check 'PYSL101_SEM1_2018' 'PYSL101'
processXLS: only for SEM2 [u'PYSL101_SEM1_2018', u'template_2018', u'PYSL101', u'PHYSIOLOGY1: CLIN TECH', u'BHCLT1', u'BHSC CLINICAL TECHNOLOGY', 21.0, u'SEMESTER1', u'D1', u'Durban campus Full time', u'A', u'50000810:WALTERS', u'']
[u'SYPT101_YEAR_2018', u'template_2018', u'SYPT101', u'PATHOLOGY1', u'BHHOM1', u'BHSC HOMOEOPATHY', 11.0, u'ANNUAL', u'D1', u'Durban Campus Full-time', u'A', u'40008948;KELL', u'']
check 'SYPT101_YEAR_2018' 'SYPT101'
processXLS: only for SEM2 [u'SYPT101_YEAR_2018', u'template_2018', u'SYPT101', u'PATHOLOGY1', u'BHHOM1', u'BHSC HOMOEOPATHY', 11.0, u'ANNUAL', u'D1', u'Durban Campus Full-time', u'A', u'40008948;KELL', u'']
[u'PRHC401_YEAR_2018', u'template_2018', u'PRHC401', u'PHARMACOLOGY NURSING', u'BTNPH1', u'BHSC NURSING', 11.0, u'ANNUAL', u'D1', u'Durban Campus Full-time', u'A', u'50002457:THANDAR', u'']
check 'PRHC401_YEAR_2018' 'PRHC401'
processXLS: only for SEM2 [u'PRHC401_YEAR_2018', u'template_2018', u'PRHC401', u'PHARMACOLOGY NURSING', u'BTNPH1', u'BHSC NURSING', 11.0, u'ANNUAL', u'D1', u'Durban Campus Full-time', u'A', u'50002457:THANDAR', u'']
[u'PHYC102_YEAR_2018', u'template_2018', u'PHYC102', u'PHARMACOLOGY', u'BHHOM1', u'BHSC HOMOEOPATHY', 11.0, u'ANNUAL', u'D1', u'Durban Campus Full-time', u'', u'50002457:THANDAR', u'']
check 'PHYC102_YEAR_2018' 'PHYC102'
processXLS: only for SEM2 [u'PHYC102_YEAR_2018', u'template_2018', u'PHYC102', u'PHARMACOLOGY', u'BHHOM1', u'BHSC HOMOEOPATHY', 11.0, u'ANNUAL', u'D1', u'Durban Campus Full-time', u'', u'50002457:THANDAR', u'']
[u'', u'', u'', u'', u'', u'', u'', u'', u'', u'', u'', u'', u'']
check '' ''
[u'', u'', u'', u'', u'', u'', u'', u'', u'', u'', u'', u'', u'']
check '' ''
[u'', u'', u'', u'', u'', u'', u'', u'', u'', u'', u'', u'', u'']
check '' ''
[u'Below are existing classrooms for antomy that do not appear on this spreadsheet', u'', u'', u'', u'', u'', u'', u'', u'', u'', u'', u'', u'']
check 'Below are existing classrooms for antomy that do not appear on this spreadsheet' ''
[u'', u'', u'', u'', u'', u'', u'', u'', u'', u'', u'', u'', u'']
check '' ''
[u'ANAT212_SEM1_2018', u'ANAT212_SEM1_2017', u'ANAT212', u'GROSS ANATOMY 2', u'NDCHR1', u'ND CHIROPRACTIC', 21.0, u'SEM1', u'D1', u'Durban Campus Full-time', u'', u'50031364;ALLY', u'']
check 'ANAT212_SEM1_2018' 'ANAT212'
processXLS: only for SEM2 [u'ANAT212_SEM1_2018', u'ANAT212_SEM1_2017', u'ANAT212', u'GROSS ANATOMY 2', u'NDCHR1', u'ND CHIROPRACTIC', 21.0, u'SEM1', u'D1', u'Durban Campus Full-time', u'', u'50031364;ALLY', u'']
[u'ANMY101_SEM1_2018', u'ANMY101_SEM1_2017', u'ANMY101', u'ANATOMY1', u'BHMOP3', u'BHSC MOP', 21.0, u'SEM1', u'D1', u'Durban Campus Full-time', u'', u'50031364;ALLY', u'']
check 'ANMY101_SEM1_2018' 'ANMY101'
processXLS: only for SEM2 [u'ANMY101_SEM1_2018', u'ANMY101_SEM1_2017', u'ANMY101', u'ANATOMY1', u'BHMOP3', u'BHSC MOP', 21.0, u'SEM1', u'D1', u'Durban Campus Full-time', u'', u'50031364;ALLY', u'']
[u'ANTM101_SEM1_2018', u'ANTM101_SEM1_2017', u'ANTM101', u'ANATOMY1', u'BHDSN1', u'BHSC RADIOGRAPHY', 21.0, u'SEM1', u'D1', u'Durban Campus Full-time', u'', u'50031364;ALLY', u'']
check 'ANTM101_SEM1_2018' 'ANTM101'
processXLS: only for SEM2 [u'ANTM101_SEM1_2018', u'ANTM101_SEM1_2017', u'ANTM101', u'ANATOMY1', u'BHDSN1', u'BHSC RADIOGRAPHY', 21.0, u'SEM1', u'D1', u'Durban Campus Full-time', u'', u'50031364;ALLY', u'']
[u'ANTM101_SEM1_2018', u'ANTM101_SEM1_2017', u'ANTM101', u'ANATOMY1', u'BHNMD1', u'BHSC RADIOGRAPHY', 21.0, u'SEM1', u'D1', u'Durban Campus Full-time', u'', u'50031364;ALLY', u'']
check 'ANTM101_SEM1_2018' 'ANTM101'
processXLS: only for SEM2 [u'ANTM101_SEM1_2018', u'ANTM101_SEM1_2017', u'ANTM101', u'ANATOMY1', u'BHNMD1', u'BHSC RADIOGRAPHY', 21.0, u'SEM1', u'D1', u'Durban Campus Full-time', u'', u'50031364;ALLY', u'']
[u'ANTM101_SEM1_2018', u'ANTM101_SEM1_2017', u'ANTM101', u'ANATOMY1', u'BHDRD1', u'BHSC RADIOGRAPHY', 21.0, u'SEM1', u'D1', u'Durban Campus Full-time', u'', u'50031364;ALLY', u'']
check 'ANTM101_SEM1_2018' 'ANTM101'
processXLS: only for SEM2 [u'ANTM101_SEM1_2018', u'ANTM101_SEM1_2017', u'ANTM101', u'ANATOMY1', u'BHDRD1', u'BHSC RADIOGRAPHY', 21.0, u'SEM1', u'D1', u'Durban Campus Full-time', u'', u'50031364;ALLY', u'']
[u'ANTM101_SEM1_2018', u'ANTM101_SEM1_2017', u'ANTM101', u'ANATOMY1', u'DHRDT1', u'BHSC RADIOGRAPHY', 21.0, u'SEM1', u'D1', u'Durban Campus Full-time', u'', u'50031364;ALLY', u'']
check 'ANTM101_SEM1_2018' 'ANTM101'
processXLS: only for SEM2 [u'ANTM101_SEM1_2018', u'ANTM101_SEM1_2017', u'ANTM101', u'ANATOMY1', u'DHRDT1', u'BHSC RADIOGRAPHY', 21.0, u'SEM1', u'D1', u'Durban Campus Full-time', u'', u'50031364;ALLY', u'']
[u'ANTY112_YEAR_2018', u'ANTY112_YEAR_2017', u'ANTY112', u'GROSS ANATOMY 1', u'NDCHR1', u'ND CHIROPRACTIC', 11.0, u'ANNUAL', u'D1', u'Durban Campus Full-time', u'', u'50031364;ALLY', u'']
check 'ANTY112_YEAR_2018' 'ANTY112'
processXLS: only for SEM2 [u'ANTY112_YEAR_2018', u'ANTY112_YEAR_2017', u'ANTY112', u'GROSS ANATOMY 1', u'NDCHR1', u'ND CHIROPRACTIC', 11.0, u'ANNUAL', u'D1', u'Durban Campus Full-time', u'', u'50031364;ALLY', u'']
[u'GRAN101_YEAR_2018', u'GRAN101_YEAR_2017', u'GRAN101', u'GROSS ANATOMY 1', u'BHHOM1', u'BHSC HOMOEOPATHY', 11.0, u'ANNUAL', u'D1', u'Durban Campus Full-time', u'', u'50031364;ALLY', u'']
check 'GRAN101_YEAR_2018' 'GRAN101'
processXLS: only for SEM2 [u'GRAN101_YEAR_2018', u'GRAN101_YEAR_2017', u'GRAN101', u'GROSS ANATOMY 1', u'BHHOM1', u'BHSC HOMOEOPATHY', 11.0, u'ANNUAL', u'D1', u'Durban Campus Full-time', u'', u'50031364;ALLY', u'']
[u'GRAN201_SEM1_2018', u'GRAN201_SEM1_2017', u'GRAN201', u'GROSS ANATOMY 2', u'BHHOM1', u'BHSC HOMOEOPATHY', 21.0, u'SEM1', u'D1', u'Durban Campus Full-time', u'', u'50031364;ALLY', u'']
check 'GRAN201_SEM1_2018' 'GRAN201'
processXLS: only for SEM2 [u'GRAN201_SEM1_2018', u'GRAN201_SEM1_2017', u'GRAN201', u'GROSS ANATOMY 2', u'BHHOM1', u'BHSC HOMOEOPATHY', 21.0, u'SEM1', u'D1', u'Durban Campus Full-time', u'', u'50031364;ALLY', u'']
[u'ANTM201_SEM1_2018', u'ANTM201_SEM1_2017', u'ANTM201', u'ANATOMY2 RAD', u'BHDSN1', u'BHSC RADIOGRAPHY', 21.0, u'SEM1', u'D1', u'Durban Campus Full-time', u'', u'40000626:PILLAY', u'']
check 'ANTM201_SEM1_2018' 'ANTM201'
processXLS: only for SEM2 [u'ANTM201_SEM1_2018', u'ANTM201_SEM1_2017', u'ANTM201', u'ANATOMY2 RAD', u'BHDSN1', u'BHSC RADIOGRAPHY', 21.0, u'SEM1', u'D1', u'Durban Campus Full-time', u'', u'40000626:PILLAY', u'']
[u'ANTM201_SEM1_2018', u'ANTM201_SEM1_2017', u'ANTM201', u'ANATOMY2 RAD', u'BHNMD1', u'BHSC RADIOGRAPHY', 21.0, u'SEM1', u'D1', u'Durban Campus Full-time', u'', u'40000626:PILLAY', u'']
check 'ANTM201_SEM1_2018' 'ANTM201'
processXLS: only for SEM2 [u'ANTM201_SEM1_2018', u'ANTM201_SEM1_2017', u'ANTM201', u'ANATOMY2 RAD', u'BHNMD1', u'BHSC RADIOGRAPHY', 21.0, u'SEM1', u'D1', u'Durban Campus Full-time', u'', u'40000626:PILLAY', u'']
[u'ANTM201_SEM1_2018', u'ANTM201_SEM1_2017', u'ANTM201', u'ANATOMY2 RAD', u'BHDRD1', u'BHSC RADIOGRAPHY', 21.0, u'SEM1', u'D1', u'Durban Campus Full-time', u'', u'40000626:PILLAY', u'']
check 'ANTM201_SEM1_2018' 'ANTM201'
processXLS: only for SEM2 [u'ANTM201_SEM1_2018', u'ANTM201_SEM1_2017', u'ANTM201', u'ANATOMY2 RAD', u'BHDRD1', u'BHSC RADIOGRAPHY', 21.0, u'SEM1', u'D1', u'Durban Campus Full-time', u'', u'40000626:PILLAY', u'']
[u'ANTM201_SEM1_2018', u'ANTM201_SEM1_2017', u'ANTM201', u'ANATOMY2 RAD', u'DHRDT1', u'BHSC RADIOGRAPHY', 21.0, u'SEM1', u'D1', u'Durban Campus Full-time', u'', u'40000626:PILLAY', u'']
check 'ANTM201_SEM1_2018' 'ANTM201'
processXLS: only for SEM2 [u'ANTM201_SEM1_2018', u'ANTM201_SEM1_2017', u'ANTM201', u'ANATOMY2 RAD', u'DHRDT1', u'BHSC RADIOGRAPHY', 21.0, u'SEM1', u'D1', u'Durban Campus Full-time', u'', u'40000626:PILLAY', u'']
processXLS: finished processing workingSheets/data/BBC3608BasicMedicalSciences2017.xls
getWS: requesting:  http://10.0.100.98:8000/itsenrol/classlist/2018/22/ANPB102 rsp= <Response [200]>
getWS: requesting:  http://10.0.100.98:8000/bbinfo/classlist/ANPB102 rsp= <Response [200]>
getNewStudentsInSubject: ITS 62, BB 1 -> 62 new enrollments
getWS: requesting:  http://10.0.100.98:8000/itsenrol/classlist/2018/22/ANPH124 rsp= <Response [200]>
getWS: requesting:  http://10.0.100.98:8000/bbinfo/classlist/ANPH124 rsp= <Response [200]>
getNewStudentsInSubject: ITS 8, BB 1 -> 8 new enrollments
getWS: requesting:  http://10.0.100.98:8000/itsenrol/classlist/2018/22/INPH101 rsp= <Response [200]>
getWS: requesting:  http://10.0.100.98:8000/bbinfo/classlist/INPH101 rsp= <Response [200]>
getNewStudentsInSubject: ITS 17, BB 1 -> 17 new enrollments
getWS: requesting:  http://10.0.100.98:8000/itsenrol/classlist/2018/22/CLCS201 rsp= <Response [200]>
getWS: requesting:  http://10.0.100.98:8000/bbinfo/classlist/CLCS201 rsp= <Response [200]>
getNewStudentsInSubject: ITS 0, BB 28 -> 0 new enrollments
getWS: requesting:  http://10.0.100.98:8000/itsenrol/classlist/2018/22/BSPH101 rsp= <Response [200]>
getWS: requesting:  http://10.0.100.98:8000/bbinfo/classlist/BSPH101 rsp= <Response [200]>
getNewStudentsInSubject: ITS 0, BB 2 -> 0 new enrollments
getWS: requesting:  http://10.0.100.98:8000/itsenrol/classlist/2018/22/GPAT201 rsp= <Response [200]>
getWS: requesting:  http://10.0.100.98:8000/bbinfo/classlist/GPAT201 rsp= <Response [200]>
getNewStudentsInSubject: ITS 19, BB 1 -> 19 new enrollments
getWS: requesting:  http://10.0.100.98:8000/itsenrol/classlist/2018/22/PYSB101 rsp= <Response [200]>
getWS: requesting:  http://10.0.100.98:8000/bbinfo/classlist/PYSB101 rsp= <Response [200]>
getNewStudentsInSubject: ITS 45, BB 1 -> 45 new enrollments
getWS: requesting:  http://10.0.100.98:8000/itsenrol/classlist/2018/22/ANMY201 rsp= <Response [200]>
getWS: requesting:  http://10.0.100.98:8000/bbinfo/classlist/ANMY201 rsp= <Response [200]>
getNewStudentsInSubject: ITS 31, BB 1 -> 31 new enrollments
main: Writing students...
main: Writing enrollments...
main: Finished processing workingSheets/data/BBC3608BasicMedicalSciences2017.xls
main: 8 subjects processed
main: 18 subject -> classroom maps
main: 182 students
main: 182 student enrollments 0 errors
0.22user 0.15system 0:01.88elapsed 19%CPU (0avgtext+0avgdata 58256maxresident)k
120inputs+64outputs (0major+7136minor)pagefaults 0swaps
POSTING SNAPSHOTS to SIS endpoint
TEST RUN, NOT POSTING BBSTUDENTS
TEST RUN, NOT POSTIN BBENROL
copy snapshot files to saved output
=== department done ===
syncing logs...
Pushing logs from logs/20180723111852 to remote...
sending incremental file list
./
BBC3608BasicMedicalSciences2017.BBENROL.txt
BBC3608BasicMedicalSciences2017.BBSTUDENTS.txt
BBC3608BasicMedicalSciences2017.Enrolomat.txt
BBC3608BasicMedicalSciences2017.Postlog.txt

sent 93597 bytes  received 91 bytes  20819.56 bytes/sec
total size is 8698782  speedup is 92.85
logging to logs/20180723111852
=== generate newenrollments for BBC3609Nursing2017. ===
GENERATE SNAPSHOTS...
./BBCIncrementalEnrollerX2.py : generating enrolment files for subjects in  workingSheets/data/BBC3609Nursing2017.xls
processXLS: start spreadsheet workingSheets/data/BBC3609Nursing2017.xls
[u'2018 Blackboard Classrooms for Department: 3609 - NURSING', u'', u'', u'', u'', u'', u'', u'', u'', u'', u'', u'', u'']
check '2018 Blackboard Classrooms for Department: 3609 - NURSING' ''
[u'', u'', u'', u'', u'', u'', u'', u'', u'', u'', u'', u'', u'']
check '' ''
[u'BB Classroom', u'Migrate Classroom', u'ITS Subject', u'', u'ITS Qualification', u'', u'Block', u'', u'Off Type', u'', u'Grp', u'Lecturer(s)', u'2016 Enrol']
check 'BB Classroom' 'ITS Subject'
[u'ANPA101_SEM1_2018', u'ANPA101_SEM1_2017', u'ANPA101', u'ANATOMY AND PHYSIOLOGY IA', u'BTNSF2', u'BT:  NURSING SCIENCE (5 YEARS)', u'21', u'SEMESTER 1', u'I1', u'INDUMISO CAMPUS FULL-TIME', u'A', u'40005036:COOPASAMI', 21.0]
check 'ANPA101_SEM1_2018' 'ANPA101'
processXLS: only for SEM2 [u'ANPA101_SEM1_2018', u'ANPA101_SEM1_2017', u'ANPA101', u'ANATOMY AND PHYSIOLOGY IA', u'BTNSF2', u'BT:  NURSING SCIENCE (5 YEARS)', u'21', u'SEMESTER 1', u'I1', u'INDUMISO CAMPUS FULL-TIME', u'A', u'40005036:COOPASAMI', 21.0]
[u'ANPA101_SEM1_2018', u'ANPA101_SEM1_2017', u'ANPA101', u'ANATOMY AND PHYSIOLOGY IA', u'BTNSS1', u'BT:  NURSING SCIENCE', u'21', u'SEMESTER 1', u'I1', u'INDUMISO CAMPUS FULL-TIME', u'A', u'40005036:COOPASAMI', 1.0]
check 'ANPA101_SEM1_2018' 'ANPA101'
processXLS: only for SEM2 [u'ANPA101_SEM1_2018', u'ANPA101_SEM1_2017', u'ANPA101', u'ANATOMY AND PHYSIOLOGY IA', u'BTNSS1', u'BT:  NURSING SCIENCE', u'21', u'SEMESTER 1', u'I1', u'INDUMISO CAMPUS FULL-TIME', u'A', u'40005036:COOPASAMI', 1.0]
[u'ANPA101_SEM1_2018', u'ANPA101_SEM1_2017', u'ANPA101', u'ANATOMY AND PHYSIOLOGY IA', u'BTNSS2', u'BT:  NURSING SCIENCE', u'21', u'SEMESTER 1', u'I1', u'INDUMISO CAMPUS FULL-TIME', u'A', u'40005036:COOPASAMI', 116.0]
check 'ANPA101_SEM1_2018' 'ANPA101'
processXLS: only for SEM2 [u'ANPA101_SEM1_2018', u'ANPA101_SEM1_2017', u'ANPA101', u'ANATOMY AND PHYSIOLOGY IA', u'BTNSS2', u'BT:  NURSING SCIENCE', u'21', u'SEMESTER 1', u'I1', u'INDUMISO CAMPUS FULL-TIME', u'A', u'40005036:COOPASAMI', 116.0]
[u'ANPA101_SEM1_2018', u'ANPA101_SEM1_2017', u'ANPA101', u'ANATOMY AND PHYSIOLOGY IA', u'BTNSS2', u'BT:  NURSING SCIENCE', u'21', u'SEMESTER 1', u'I1', u'INDUMISO CAMPUS FULL-TIME', u'A', u'40005036:COOPASAMI', 1.0]
check 'ANPA101_SEM1_2018' 'ANPA101'
processXLS: only for SEM2 [u'ANPA101_SEM1_2018', u'ANPA101_SEM1_2017', u'ANPA101', u'ANATOMY AND PHYSIOLOGY IA', u'BTNSS2', u'BT:  NURSING SCIENCE', u'21', u'SEMESTER 1', u'I1', u'INDUMISO CAMPUS FULL-TIME', u'A', u'40005036:COOPASAMI', 1.0]
[u'', u'', u'', u'', u'', u'', u'', u'', u'', u'', u'', u'', u'']
check '' ''
[u'ANPB101_SEM2_2018', u'ANPB101_SEM2_2017', u'ANPB101', u'ANATOMY AND PHYSIOLOGY IB', u'BTNSF2', u'BT:  NURSING SCIENCE (5 YEARS)', u'22', u'SEMESTER 2', u'I1', u'INDUMISO CAMPUS FULL-TIME', u'A', u'40005036:COOPASAMI', 19.0]
check 'ANPB101_SEM2_2018' 'ANPB101'
adding  ANPB101
requesting:  http://10.0.100.98:8000/bbinfo/matching_courses/ANPB101%25
r= <Response [200]>
matching classes= set([u'ANPB101_13_COOM', u'ANPB101_SEM2_2017', u'ANPB101_SEM2_2018', u'ANPB101_SEM2_2016'])
[u'ANPB101_SEM2_2018', u'ANPB101_SEM2_2017', u'ANPB101', u'ANATOMY AND PHYSIOLOGY IB', u'BTNSS2', u'BT:  NURSING SCIENCE', u'22', u'SEMESTER 2', u'I1', u'INDUMISO CAMPUS FULL-TIME', u'A', u'40005036:COOPASAMI', 107.0]
check 'ANPB101_SEM2_2018' 'ANPB101'
adding  ANPB101
requesting:  http://10.0.100.98:8000/bbinfo/matching_courses/ANPB101%25
r= <Response [200]>
matching classes= set([u'ANPB101_13_COOM', u'ANPB101_SEM2_2017', u'ANPB101_SEM2_2018', u'ANPB101_SEM2_2016'])
[u'', u'', u'', u'', u'', u'', u'', u'', u'', u'', u'', u'', u'']
check '' ''
[u'BSCC101_SEM1_2018', u'BSCC101_SEM1_2017', u'BSCC101', u'BASIC SCIENCES 1', u'BTNSF2', u'BT:  NURSING SCIENCE (5 YEARS)', u'21', u'SEMESTER 1', u'I1', u'INDUMISO CAMPUS FULL-TIME', u'A', u'40009726:MAHLANZE', 18.0]
check 'BSCC101_SEM1_2018' 'BSCC101'
processXLS: only for SEM2 [u'BSCC101_SEM1_2018', u'BSCC101_SEM1_2017', u'BSCC101', u'BASIC SCIENCES 1', u'BTNSF2', u'BT:  NURSING SCIENCE (5 YEARS)', u'21', u'SEMESTER 1', u'I1', u'INDUMISO CAMPUS FULL-TIME', u'A', u'40009726:MAHLANZE', 18.0]
[u'BSCC101_SEM1_2018', u'BSCC101_SEM1_2017', u'BSCC101', u'BASIC SCIENCES 1', u'BTNSS2', u'BT:  NURSING SCIENCE', u'21', u'SEMESTER 1', u'I1', u'INDUMISO CAMPUS FULL-TIME', u'A', u'40009726:MAHLANZE', 113.0]
check 'BSCC101_SEM1_2018' 'BSCC101'
processXLS: only for SEM2 [u'BSCC101_SEM1_2018', u'BSCC101_SEM1_2017', u'BSCC101', u'BASIC SCIENCES 1', u'BTNSS2', u'BT:  NURSING SCIENCE', u'21', u'SEMESTER 1', u'I1', u'INDUMISO CAMPUS FULL-TIME', u'A', u'40009726:MAHLANZE', 113.0]
[u'', u'', u'', u'', u'', u'', u'', u'', u'', u'', u'', u'', u'']
check '' ''
[u'CHNS101_SEM2_2018', u'CHNS101_SEM2_2017', u'CHNS101', u'COMMUNITY HEALTH NURSING I', u'BTNSF1', u'BT:  NURSING SCIENCE (5 YEARS)', u'22', u'SEMESTER 2', u'I1', u'INDUMISO CAMPUS FULL-TIME', u'A', u'40013139:ZIKALALA;40009726:MAHLANZE', 2.0]
check 'CHNS101_SEM2_2018' 'CHNS101'
adding  CHNS101
requesting:  http://10.0.100.98:8000/bbinfo/matching_courses/CHNS101%25
r= <Response [200]>
matching classes= set([u'CHNS101_13_DLAN', u'CHNS101_SEM2_2017', u'CHNS101_SEM2_2016', u'CHNS101_SEM2_2018'])
[u'CHNS101_SEM2_2018', u'CHNS101_SEM2_2017', u'CHNS101', u'COMMUNITY HEALTH NURSING I', u'BTNSF2', u'BT:  NURSING SCIENCE (5 YEARS)', u'22', u'SEMESTER 2', u'I1', u'INDUMISO CAMPUS FULL-TIME', u'A', u'40013139:ZIKALALA;40009726:MAHLANZE', 15.0]
check 'CHNS101_SEM2_2018' 'CHNS101'
adding  CHNS101
requesting:  http://10.0.100.98:8000/bbinfo/matching_courses/CHNS101%25
r= <Response [200]>
matching classes= set([u'CHNS101_13_DLAN', u'CHNS101_SEM2_2017', u'CHNS101_SEM2_2016', u'CHNS101_SEM2_2018'])
[u'CHNS101_SEM2_2018', u'CHNS101_SEM2_2017', u'CHNS101', u'COMMUNITY HEALTH NURSING I', u'BTNSS2', u'BT:  NURSING SCIENCE', u'22', u'SEMESTER 2', u'I1', u'INDUMISO CAMPUS FULL-TIME', u'A', u'40013139:ZIKALALA;40009726:MAHLANZE', 107.0]
check 'CHNS101_SEM2_2018' 'CHNS101'
adding  CHNS101
requesting:  http://10.0.100.98:8000/bbinfo/matching_courses/CHNS101%25
r= <Response [200]>
matching classes= set([u'CHNS101_13_DLAN', u'CHNS101_SEM2_2017', u'CHNS101_SEM2_2016', u'CHNS101_SEM2_2018'])
[u'', u'', u'', u'', u'', u'', u'', u'', u'', u'', u'', u'', u'']
check '' ''
[u'CNPA102_SEM1_2018', u'CNPA102_SEM1_2017', u'CNPA102', u'CLIN NURS PRAC IA: FUNDAMENTAL NURS SCIENCE', u'BTNSF2', u'BT:  NURSING SCIENCE (5 YEARS)', u'21', u'SEMESTER 1', u'I1', u'INDUMISO CAMPUS FULL-TIME', u'A', u'40010057:Xaba', 3.0]
check 'CNPA102_SEM1_2018' 'CNPA102'
processXLS: only for SEM2 [u'CNPA102_SEM1_2018', u'CNPA102_SEM1_2017', u'CNPA102', u'CLIN NURS PRAC IA: FUNDAMENTAL NURS SCIENCE', u'BTNSF2', u'BT:  NURSING SCIENCE (5 YEARS)', u'21', u'SEMESTER 1', u'I1', u'INDUMISO CAMPUS FULL-TIME', u'A', u'40010057:Xaba', 3.0]
[u'CNPA102_SEM1_2018', u'CNPA102_SEM1_2017', u'CNPA102', u'CLIN NURS PRAC IA: FUNDAMENTAL NURS SCIENCE', u'BTNSF2', u'BT:  NURSING SCIENCE (5 YEARS)', u'21', u'SEMESTER 1', u'I1', u'INDUMISO CAMPUS FULL-TIME', u'A', u'40010057:Xaba', 31.0]
check 'CNPA102_SEM1_2018' 'CNPA102'
processXLS: only for SEM2 [u'CNPA102_SEM1_2018', u'CNPA102_SEM1_2017', u'CNPA102', u'CLIN NURS PRAC IA: FUNDAMENTAL NURS SCIENCE', u'BTNSF2', u'BT:  NURSING SCIENCE (5 YEARS)', u'21', u'SEMESTER 1', u'I1', u'INDUMISO CAMPUS FULL-TIME', u'A', u'40010057:Xaba', 31.0]
[u'CNPA102_SEM1_2018', u'CNPA102_SEM1_2017', u'CNPA102', u'CLIN NURS PRAC IA: FUNDAMENTAL NURS SCIENCE', u'BTNSS2', u'BT:  NURSING SCIENCE', u'21', u'SEMESTER 1', u'I1', u'INDUMISO CAMPUS FULL-TIME', u'A', u'40010057:Xaba', 124.0]
check 'CNPA102_SEM1_2018' 'CNPA102'
processXLS: only for SEM2 [u'CNPA102_SEM1_2018', u'CNPA102_SEM1_2017', u'CNPA102', u'CLIN NURS PRAC IA: FUNDAMENTAL NURS SCIENCE', u'BTNSS2', u'BT:  NURSING SCIENCE', u'21', u'SEMESTER 1', u'I1', u'INDUMISO CAMPUS FULL-TIME', u'A', u'40010057:Xaba', 124.0]
[u'CNPA102_SEM1_2018', u'CNPA102_SEM1_2017', u'CNPA102', u'CLIN NURS PRAC IA: FUNDAMENTAL NURS SCIENCE', u'BTNSS2', u'BT:  NURSING SCIENCE', u'21', u'SEMESTER 1', u'I1', u'INDUMISO CAMPUS FULL-TIME', u'A', u'40010057:Xaba', 78.0]
check 'CNPA102_SEM1_2018' 'CNPA102'
processXLS: only for SEM2 [u'CNPA102_SEM1_2018', u'CNPA102_SEM1_2017', u'CNPA102', u'CLIN NURS PRAC IA: FUNDAMENTAL NURS SCIENCE', u'BTNSS2', u'BT:  NURSING SCIENCE', u'21', u'SEMESTER 1', u'I1', u'INDUMISO CAMPUS FULL-TIME', u'A', u'40010057:Xaba', 78.0]
[u'', u'', u'', u'', u'', u'', u'', u'', u'', u'', u'', u'', u'']
check '' ''
[u'CNPB102_SEM2_2018', u'CNPB102_SEM2_2017', u'CNPB102', u'CLIN NURS PRAC IB: FUNDAMENTAL NURS SCIENCE', u'BTNSF2', u'BT:  NURSING SCIENCE (5 YEARS)', u'22', u'SEMESTER 2', u'I1', u'INDUMISO CAMPUS FULL-TIME', u'A', u'40010057:Xaba', 20.0]
check 'CNPB102_SEM2_2018' 'CNPB102'
adding  CNPB102
requesting:  http://10.0.100.98:8000/bbinfo/matching_courses/CNPB102%25
r= <Response [200]>
matching classes= set([u'CNPB102_SEM2_2017', u'CNPB102_SEM2_2016', u'CNPB102_SEM2_2018'])
[u'CNPB102_SEM2_2018', u'CNPB102_SEM2_2017', u'CNPB102', u'CLIN NURS PRAC IB: FUNDAMENTAL NURS SCIENCE', u'BTNSS2', u'BT:  NURSING SCIENCE', u'22', u'SEMESTER 2', u'I1', u'INDUMISO CAMPUS FULL-TIME', u'A', u'40010057:Xaba', 109.0]
check 'CNPB102_SEM2_2018' 'CNPB102'
adding  CNPB102
requesting:  http://10.0.100.98:8000/bbinfo/matching_courses/CNPB102%25
r= <Response [200]>
matching classes= set([u'CNPB102_SEM2_2017', u'CNPB102_SEM2_2016', u'CNPB102_SEM2_2018'])
[u'', u'', u'', u'', u'', u'', u'', u'', u'', u'', u'', u'', u'']
check '' ''
[u'CNPC101_SEM2_2018', u'CNPC101_SEM2_2017', u'CNPC101', u'CLIN NURS PRAC IC: COMMUNITY HEALTH NURSING', u'BTNSF2', u'BT:  NURSING SCIENCE (5 YEARS)', u'22', u'SEMESTER 2', u'I1', u'INDUMISO CAMPUS FULL-TIME', u'A', u'50012404:SIBIYA MN', 15.0]
check 'CNPC101_SEM2_2018' 'CNPC101'
adding  CNPC101
requesting:  http://10.0.100.98:8000/bbinfo/matching_courses/CNPC101%25
r= <Response [200]>
matching classes= set([u'CNPC101_SEM2_2017', u'CNPC101_SEM2_2018'])
[u'CNPC101_SEM2_2018', u'CNPC101_SEM2_2017', u'CNPC101', u'CLIN NURS PRAC IC: COMMUNITY HEALTH NURSING', u'BTNSS2', u'BT:  NURSING SCIENCE', u'22', u'SEMESTER 2', u'I1', u'INDUMISO CAMPUS FULL-TIME', u'A', u'50012404:SIBIYA MN', 116.0]
check 'CNPC101_SEM2_2018' 'CNPC101'
adding  CNPC101
requesting:  http://10.0.100.98:8000/bbinfo/matching_courses/CNPC101%25
r= <Response [200]>
matching classes= set([u'CNPC101_SEM2_2017', u'CNPC101_SEM2_2018'])
[u'', u'', u'', u'', u'', u'', u'', u'', u'', u'', u'', u'', u'']
check '' ''
[u'EPPA101_SEM1_2018', u'EPPA101_SEM1_2017', u'EPPA101', u'ESSENTIALS OF PROFESSIONAL PRACTICE IA', u'BTNSF2', u'BT:  NURSING SCIENCE (5 YEARS)', u'21', u'SEMESTER 1', u'I1', u'INDUMISO CAMPUS FULL-TIME', u'A', u'40011783:POPOOLA', 22.0]
check 'EPPA101_SEM1_2018' 'EPPA101'
processXLS: only for SEM2 [u'EPPA101_SEM1_2018', u'EPPA101_SEM1_2017', u'EPPA101', u'ESSENTIALS OF PROFESSIONAL PRACTICE IA', u'BTNSF2', u'BT:  NURSING SCIENCE (5 YEARS)', u'21', u'SEMESTER 1', u'I1', u'INDUMISO CAMPUS FULL-TIME', u'A', u'40011783:POPOOLA', 22.0]
[u'', u'', u'', u'', u'', u'', u'', u'', u'', u'', u'', u'', u'']
check '' ''
[u'EPPB101_SEM2_2018', u'EPPB101_SEM2_2017', u'EPPB101', u'ESSENTIALS OF PROFESSIONAL PRACTICE IB', u'BTNSF2', u'BT:  NURSING SCIENCE (5 YEARS)', u'22', u'SEMESTER 2', u'I1', u'INDUMISO CAMPUS FULL-TIME', u'A', u'40009726:MAHLANZE', 19.0]
check 'EPPB101_SEM2_2018' 'EPPB101'
adding  EPPB101
requesting:  http://10.0.100.98:8000/bbinfo/matching_courses/EPPB101%25
r= <Response [200]>
matching classes= set([u'EPPB101_SEM2_2018', u'EPPB101_SEM2_2016', u'EPPB101_SEM2_2017'])
[u'', u'', u'', u'', u'', u'', u'', u'', u'', u'', u'', u'', u'']
check '' ''
[u'FNSA101_SEM1_2018', u'FNSA101_SEM1_2017', u'FNSA101', u'FUNDAMENTAL NURSING SCIENCE IA', u'BTNSF2', u'BT:  NURSING SCIENCE (5 YEARS)', u'21', u'SEMESTER 1', u'I1', u'INDUMISO CAMPUS FULL-TIME', u'A', u'40009653:NGCOBO', 24.0]
check 'FNSA101_SEM1_2018' 'FNSA101'
processXLS: only for SEM2 [u'FNSA101_SEM1_2018', u'FNSA101_SEM1_2017', u'FNSA101', u'FUNDAMENTAL NURSING SCIENCE IA', u'BTNSF2', u'BT:  NURSING SCIENCE (5 YEARS)', u'21', u'SEMESTER 1', u'I1', u'INDUMISO CAMPUS FULL-TIME', u'A', u'40009653:NGCOBO', 24.0]
[u'FNSA101_SEM1_2018', u'FNSA101_SEM1_2017', u'FNSA101', u'FUNDAMENTAL NURSING SCIENCE IA', u'BTNSS2', u'BT:  NURSING SCIENCE', u'21', u'SEMESTER 1', u'I1', u'INDUMISO CAMPUS FULL-TIME', u'A', u'40009653:NGCOBO', 113.0]
check 'FNSA101_SEM1_2018' 'FNSA101'
processXLS: only for SEM2 [u'FNSA101_SEM1_2018', u'FNSA101_SEM1_2017', u'FNSA101', u'FUNDAMENTAL NURSING SCIENCE IA', u'BTNSS2', u'BT:  NURSING SCIENCE', u'21', u'SEMESTER 1', u'I1', u'INDUMISO CAMPUS FULL-TIME', u'A', u'40009653:NGCOBO', 113.0]
[u'', u'', u'', u'', u'', u'', u'', u'', u'', u'', u'', u'', u'']
check '' ''
[u'FNSB101_SEM2_2018', u'FNSB101_SEM2_2017', u'FNSB101', u'FUNDAMENTAL NURSING SCIENCE IB', u'BTNSF2', u'BT:  NURSING SCIENCE (5 YEARS)', u'22', u'SEMESTER 2', u'I1', u'INDUMISO CAMPUS FULL-TIME', u'A', u'40009653:NGCOBO', 20.0]
check 'FNSB101_SEM2_2018' 'FNSB101'
adding  FNSB101
requesting:  http://10.0.100.98:8000/bbinfo/matching_courses/FNSB101%25
r= <Response [200]>
matching classes= set([u'FNSB101_13_MKHM', u'FNSB101_SEM2_2016', u'FNSB101_SEM2_2017', u'FNSB101_SEM2_2018'])
[u'FNSB101_SEM2_2018', u'FNSB101_SEM2_2017', u'FNSB101', u'FUNDAMENTAL NURSING SCIENCE IB', u'BTNSS2', u'BT:  NURSING SCIENCE', u'22', u'SEMESTER 2', u'I1', u'INDUMISO CAMPUS FULL-TIME', u'A', u'40009653:NGCOBO', 108.0]
check 'FNSB101_SEM2_2018' 'FNSB101'
adding  FNSB101
requesting:  http://10.0.100.98:8000/bbinfo/matching_courses/FNSB101%25
r= <Response [200]>
matching classes= set([u'FNSB101_13_MKHM', u'FNSB101_SEM2_2016', u'FNSB101_SEM2_2017', u'FNSB101_SEM2_2018'])
[u'', u'', u'', u'', u'', u'', u'', u'', u'', u'', u'', u'', u'']
check '' ''
[u'NRES101_YEAR_2018', u'NRES101_YEAR_2017', u'NRES101', u'NURSING RESEARCH I', u'BTNNM1', u'BT: NURSING (NURSING MANAGEMENT)', u'11', u'YEAR', u'D3', u'Durban Campus Part-time', u'A', 40014164.0, 30.0]
check 'NRES101_YEAR_2018' 'NRES101'
processXLS: only for SEM2 [u'NRES101_YEAR_2018', u'NRES101_YEAR_2017', u'NRES101', u'NURSING RESEARCH I', u'BTNNM1', u'BT: NURSING (NURSING MANAGEMENT)', u'11', u'YEAR', u'D3', u'Durban Campus Part-time', u'A', 40014164.0, 30.0]
[u'NRES101_YEAR_2018', u'', u'NRES101', u'NURSING RESEARCH I', u'BTNNM1', u'BT: NURS 11', u'', u'YEAR', u'D1', u'Durban Ca A', u'', 40014164.0, 0.0]
check 'NRES101_YEAR_2018' 'NRES101'
processXLS: only for SEM2 [u'NRES101_YEAR_2018', u'', u'NRES101', u'NURSING RESEARCH I', u'BTNNM1', u'BT: NURS 11', u'', u'YEAR', u'D1', u'Durban Ca A', u'', 40014164.0, 0.0]
[u'NRES101_YEAR_2018', u'', u'NRES101', u'NURSING RESEARCH I', u'BTNOH1', u'BT: NURS 11', u'', u'YEAR', u'D1', u'Durban Ca A', u'', 40014164.0, 5.0]
check 'NRES101_YEAR_2018' 'NRES101'
processXLS: only for SEM2 [u'NRES101_YEAR_2018', u'', u'NRES101', u'NURSING RESEARCH I', u'BTNOH1', u'BT: NURS 11', u'', u'YEAR', u'D1', u'Durban Ca A', u'', 40014164.0, 5.0]
[u'NRES101_YEAR_2018', u'NRES101_YEAR_2017', u'NRES101', u'NURSING RESEARCH I', u'BTNOH1', u'BT: NURSING (OCCUPATIONAL HEALTH)', u'11', u'YEAR', u'D3', u'Durban Campus Part-time', u'A', 40014164.0, 30.0]
check 'NRES101_YEAR_2018' 'NRES101'
processXLS: only for SEM2 [u'NRES101_YEAR_2018', u'NRES101_YEAR_2017', u'NRES101', u'NURSING RESEARCH I', u'BTNOH1', u'BT: NURSING (OCCUPATIONAL HEALTH)', u'11', u'YEAR', u'D3', u'Durban Campus Part-time', u'A', 40014164.0, 30.0]
[u'NRES101_YEAR_2018', u'NRES101_YEAR_2017', u'NRES101', u'NURSING RESEARCH I', u'BTNPH1', u'BT: NURSING (PRIMARY HEALTH CARE)', u'11', u'YEAR', u'D1', u'Durban Campus Full-time', u'A', 40014164.0, 8.0]
check 'NRES101_YEAR_2018' 'NRES101'
processXLS: only for SEM2 [u'NRES101_YEAR_2018', u'NRES101_YEAR_2017', u'NRES101', u'NURSING RESEARCH I', u'BTNPH1', u'BT: NURSING (PRIMARY HEALTH CARE)', u'11', u'YEAR', u'D1', u'Durban Campus Full-time', u'A', 40014164.0, 8.0]
[u'NRES101_YEAR_2018', u'NRES101_YEAR_2017', u'NRES101', u'NURSING RESEARCH I', u'BTNPH1', u'BT: NURSING (PRIMARY HEALTH CARE)', u'11', u'YEAR', u'D3', u'Durban Campus Part-time', u'A', 40014164.0, 18.0]
check 'NRES101_YEAR_2018' 'NRES101'
processXLS: only for SEM2 [u'NRES101_YEAR_2018', u'NRES101_YEAR_2017', u'NRES101', u'NURSING RESEARCH I', u'BTNPH1', u'BT: NURSING (PRIMARY HEALTH CARE)', u'11', u'YEAR', u'D3', u'Durban Campus Part-time', u'A', 40014164.0, 18.0]
[u'', u'', u'', u'', u'', u'', u'', u'', u'', u'', u'', u'', u'']
check '' ''
[u'SCSC101_SEM1_2018', u'SCSC101_SEM1_2017', u'SCSC101', u'SOCIAL SCIENCES I', u'BTNSF2', u'BT:  NURSING SCIENCE (5 YEARS)', u'21', u'SEMESTER 1', u'I1', u'INDUMISO CAMPUS FULL-TIME', u'A', u'40009480:XABA', 18.0]
check 'SCSC101_SEM1_2018' 'SCSC101'
processXLS: only for SEM2 [u'SCSC101_SEM1_2018', u'SCSC101_SEM1_2017', u'SCSC101', u'SOCIAL SCIENCES I', u'BTNSF2', u'BT:  NURSING SCIENCE (5 YEARS)', u'21', u'SEMESTER 1', u'I1', u'INDUMISO CAMPUS FULL-TIME', u'A', u'40009480:XABA', 18.0]
[u'SCSC101_SEM1_2018', u'SCSC101_SEM1_2017', u'SCSC101', u'SOCIAL SCIENCES I', u'BTNSS2', u'BT:  NURSING SCIENCE', u'21', u'SEMESTER 1', u'I1', u'INDUMISO CAMPUS FULL-TIME', u'A', u'40009480:XABA', 115.0]
check 'SCSC101_SEM1_2018' 'SCSC101'
processXLS: only for SEM2 [u'SCSC101_SEM1_2018', u'SCSC101_SEM1_2017', u'SCSC101', u'SOCIAL SCIENCES I', u'BTNSS2', u'BT:  NURSING SCIENCE', u'21', u'SEMESTER 1', u'I1', u'INDUMISO CAMPUS FULL-TIME', u'A', u'40009480:XABA', 115.0]
[u'', u'', u'', u'', u'', u'', u'', u'', u'', u'', u'', u'', u'']
check '' ''
[u'ANPA201_SEM1_2018', u'ANPA201_SEM1_2017', u'ANPA201', u'ANATOMY AND PHYSIOLOGY IIA', u'BTNSF1', u'BT:  NURSING SCIENCE (5 YEARS)', u'21', u'SEMESTER 1', u'I1', u'INDUMISO CAMPUS FULL-TIME', u'A', u'40005036:COOPASAMI', 6.0]
check 'ANPA201_SEM1_2018' 'ANPA201'
processXLS: only for SEM2 [u'ANPA201_SEM1_2018', u'ANPA201_SEM1_2017', u'ANPA201', u'ANATOMY AND PHYSIOLOGY IIA', u'BTNSF1', u'BT:  NURSING SCIENCE (5 YEARS)', u'21', u'SEMESTER 1', u'I1', u'INDUMISO CAMPUS FULL-TIME', u'A', u'40005036:COOPASAMI', 6.0]
[u'ANPA201_SEM1_2018', u'ANPA201_SEM1_2017', u'ANPA201', u'ANATOMY AND PHYSIOLOGY IIA', u'BTNSF2', u'BT:  NURSING SCIENCE (5 YEARS)', u'21', u'SEMESTER 1', u'I1', u'INDUMISO CAMPUS FULL-TIME', u'A', u'40005036:COOPASAMI', 16.0]
check 'ANPA201_SEM1_2018' 'ANPA201'
processXLS: only for SEM2 [u'ANPA201_SEM1_2018', u'ANPA201_SEM1_2017', u'ANPA201', u'ANATOMY AND PHYSIOLOGY IIA', u'BTNSF2', u'BT:  NURSING SCIENCE (5 YEARS)', u'21', u'SEMESTER 1', u'I1', u'INDUMISO CAMPUS FULL-TIME', u'A', u'40005036:COOPASAMI', 16.0]
[u'ANPA201_SEM1_2018', u'ANPA201_SEM1_2017', u'ANPA201', u'ANATOMY AND PHYSIOLOGY IIA', u'BTNSS1', u'BT:  NURSING SCIENCE', u'21', u'SEMESTER 1', u'I1', u'INDUMISO CAMPUS FULL-TIME', u'A', u'40005036:COOPASAMI', 19.0]
check 'ANPA201_SEM1_2018' 'ANPA201'
processXLS: only for SEM2 [u'ANPA201_SEM1_2018', u'ANPA201_SEM1_2017', u'ANPA201', u'ANATOMY AND PHYSIOLOGY IIA', u'BTNSS1', u'BT:  NURSING SCIENCE', u'21', u'SEMESTER 1', u'I1', u'INDUMISO CAMPUS FULL-TIME', u'A', u'40005036:COOPASAMI', 19.0]
[u'ANPA201_SEM1_2018', u'ANPA201_SEM1_2017', u'ANPA201', u'ANATOMY AND PHYSIOLOGY IIA', u'BTNSS2', u'BT:  NURSING SCIENCE', u'21', u'SEMESTER 1', u'I1', u'INDUMISO CAMPUS FULL-TIME', u'A', u'40005036:COOPASAMI', 83.0]
check 'ANPA201_SEM1_2018' 'ANPA201'
processXLS: only for SEM2 [u'ANPA201_SEM1_2018', u'ANPA201_SEM1_2017', u'ANPA201', u'ANATOMY AND PHYSIOLOGY IIA', u'BTNSS2', u'BT:  NURSING SCIENCE', u'21', u'SEMESTER 1', u'I1', u'INDUMISO CAMPUS FULL-TIME', u'A', u'40005036:COOPASAMI', 83.0]
[u'', u'', u'', u'', u'', u'', u'', u'', u'', u'', u'', u'', u'']
check '' ''
[u'ANPB201_SEM2_2018', u'ANPB201_SEM2_2017', u'ANPB201', u'ANATOMY AND PHYSIOLOGY IIB', u'BTNSF1', u'BT:  NURSING SCIENCE (5 YEARS)', u'22', u'SEMESTER 2', u'I1', u'INDUMISO CAMPUS FULL-TIME', u'A', u'40009480:XABA;40005036:COOPASAMI', 4.0]
check 'ANPB201_SEM2_2018' 'ANPB201'
adding  ANPB201
requesting:  http://10.0.100.98:8000/bbinfo/matching_courses/ANPB201%25
r= <Response [200]>
matching classes= set([u'ANPB201_13_COOM', u'ANPB201_SEM2_2018', u'ANPB201_SEM2_2017', u'ANPB201_SEM2_2016'])
[u'ANPB201_SEM2_2018', u'ANPB201_SEM2_2017', u'ANPB201', u'ANATOMY AND PHYSIOLOGY IIB', u'BTNSF2', u'BT:  NURSING SCIENCE (5 YEARS)', u'22', u'SEMESTER 2', u'I1', u'INDUMISO CAMPUS FULL-TIME', u'A', u'40009480:XABA;40005036:COOPASAMI', 15.0]
check 'ANPB201_SEM2_2018' 'ANPB201'
adding  ANPB201
requesting:  http://10.0.100.98:8000/bbinfo/matching_courses/ANPB201%25
r= <Response [200]>
matching classes= set([u'ANPB201_13_COOM', u'ANPB201_SEM2_2018', u'ANPB201_SEM2_2017', u'ANPB201_SEM2_2016'])
[u'ANPB201_SEM2_2018', u'ANPB201_SEM2_2017', u'ANPB201', u'ANATOMY AND PHYSIOLOGY IIB', u'BTNSS1', u'BT:  NURSING SCIENCE', u'22', u'SEMESTER 2', u'I1', u'INDUMISO CAMPUS FULL-TIME', u'A', u'40009480:XABA;40005036:COOPASAMI', 11.0]
check 'ANPB201_SEM2_2018' 'ANPB201'
adding  ANPB201
requesting:  http://10.0.100.98:8000/bbinfo/matching_courses/ANPB201%25
r= <Response [200]>
matching classes= set([u'ANPB201_13_COOM', u'ANPB201_SEM2_2018', u'ANPB201_SEM2_2017', u'ANPB201_SEM2_2016'])
[u'ANPB201_SEM2_2018', u'ANPB201_SEM2_2017', u'ANPB201', u'ANATOMY AND PHYSIOLOGY IIB', u'BTNSS2', u'BT:  NURSING SCIENCE', u'22', u'SEMESTER 2', u'I1', u'INDUMISO CAMPUS FULL-TIME', u'A', u'40009480:XABA;40005036:COOPASAMI', 83.0]
check 'ANPB201_SEM2_2018' 'ANPB201'
adding  ANPB201
requesting:  http://10.0.100.98:8000/bbinfo/matching_courses/ANPB201%25
r= <Response [200]>
matching classes= set([u'ANPB201_13_COOM', u'ANPB201_SEM2_2018', u'ANPB201_SEM2_2017', u'ANPB201_SEM2_2016'])
[u'', u'', u'', u'', u'', u'', u'', u'', u'', u'', u'', u'', u'']
check '' ''
[u'BSCC201_SEM1_2018', u'BSCC201_SEM1_2017', u'BSCC201', u'BASIC SCIENCES II', u'BTNSF1', u'BT:  NURSING SCIENCE (5 YEARS)', u'21', u'SEMESTER 1', u'I1', u'INDUMISO CAMPUS FULL-TIME', u'A', u'50002600:TARR;50002603:NAIDOO', 3.0]
check 'BSCC201_SEM1_2018' 'BSCC201'
processXLS: only for SEM2 [u'BSCC201_SEM1_2018', u'BSCC201_SEM1_2017', u'BSCC201', u'BASIC SCIENCES II', u'BTNSF1', u'BT:  NURSING SCIENCE (5 YEARS)', u'21', u'SEMESTER 1', u'I1', u'INDUMISO CAMPUS FULL-TIME', u'A', u'50002600:TARR;50002603:NAIDOO', 3.0]
[u'BSCC201_SEM1_2018', u'BSCC201_SEM1_2017', u'BSCC201', u'BASIC SCIENCES II', u'BTNSS1', u'BT:  NURSING SCIENCE', u'21', u'SEMESTER 1', u'I1', u'INDUMISO CAMPUS FULL-TIME', u'A', u'50002600:TARR;50002603:NAIDOO', 13.0]
check 'BSCC201_SEM1_2018' 'BSCC201'
processXLS: only for SEM2 [u'BSCC201_SEM1_2018', u'BSCC201_SEM1_2017', u'BSCC201', u'BASIC SCIENCES II', u'BTNSS1', u'BT:  NURSING SCIENCE', u'21', u'SEMESTER 1', u'I1', u'INDUMISO CAMPUS FULL-TIME', u'A', u'50002600:TARR;50002603:NAIDOO', 13.0]
[u'BSCC201_SEM1_2018', u'BSCC201_SEM1_2017', u'BSCC201', u'BASIC SCIENCES II', u'BTNSS2', u'BT:  NURSING SCIENCE', u'21', u'SEMESTER 1', u'I1', u'INDUMISO CAMPUS FULL-TIME', u'A', u'50002600:TARR;50002603:NAIDOO', 92.0]
check 'BSCC201_SEM1_2018' 'BSCC201'
processXLS: only for SEM2 [u'BSCC201_SEM1_2018', u'BSCC201_SEM1_2017', u'BSCC201', u'BASIC SCIENCES II', u'BTNSS2', u'BT:  NURSING SCIENCE', u'21', u'SEMESTER 1', u'I1', u'INDUMISO CAMPUS FULL-TIME', u'A', u'50002600:TARR;50002603:NAIDOO', 92.0]
[u'', u'', u'', u'', u'', u'', u'', u'', u'', u'', u'', u'', u'']
check '' ''
[u'CHNS201_SEM1_2018', u'CHNS201_SEM1_2017', u'CHNS201', u'COMMUNITY HEALTH NURSING II', u'BTNSF1', u'BT:  NURSING SCIENCE (5 YEARS)', u'21', u'SEMESTER 1', u'I1', u'INDUMISO CAMPUS FULL-TIME', u'A', u'40013139:ZIKALALA;40012324:SNELL', 16.0]
check 'CHNS201_SEM1_2018' 'CHNS201'
processXLS: only for SEM2 [u'CHNS201_SEM1_2018', u'CHNS201_SEM1_2017', u'CHNS201', u'COMMUNITY HEALTH NURSING II', u'BTNSF1', u'BT:  NURSING SCIENCE (5 YEARS)', u'21', u'SEMESTER 1', u'I1', u'INDUMISO CAMPUS FULL-TIME', u'A', u'40013139:ZIKALALA;40012324:SNELL', 16.0]
[u'CHNS201_SEM1_2018', u'CHNS201_SEM1_2017', u'CHNS201', u'COMMUNITY HEALTH NURSING II', u'BTNSS1', u'BT:  NURSING SCIENCE', u'21', u'SEMESTER 1', u'I1', u'INDUMISO CAMPUS FULL-TIME', u'A', u'40013139:ZIKALALA;40012324:SNELL', 12.0]
check 'CHNS201_SEM1_2018' 'CHNS201'
processXLS: only for SEM2 [u'CHNS201_SEM1_2018', u'CHNS201_SEM1_2017', u'CHNS201', u'COMMUNITY HEALTH NURSING II', u'BTNSS1', u'BT:  NURSING SCIENCE', u'21', u'SEMESTER 1', u'I1', u'INDUMISO CAMPUS FULL-TIME', u'A', u'40013139:ZIKALALA;40012324:SNELL', 12.0]
[u'CHNS201_SEM1_2018', u'CHNS201_SEM1_2017', u'CHNS201', u'COMMUNITY HEALTH NURSING II', u'BTNSS2', u'BT:  NURSING SCIENCE', u'21', u'SEMESTER 1', u'I1', u'INDUMISO CAMPUS FULL-TIME', u'A', u'40013139:ZIKALALA;40012324:SNELL', 92.0]
check 'CHNS201_SEM1_2018' 'CHNS201'
processXLS: only for SEM2 [u'CHNS201_SEM1_2018', u'CHNS201_SEM1_2017', u'CHNS201', u'COMMUNITY HEALTH NURSING II', u'BTNSS2', u'BT:  NURSING SCIENCE', u'21', u'SEMESTER 1', u'I1', u'INDUMISO CAMPUS FULL-TIME', u'A', u'40013139:ZIKALALA;40012324:SNELL', 92.0]
[u'', u'', u'', u'', u'', u'', u'', u'', u'', u'', u'', u'', u'']
check '' ''
[u'CNPA201_SEM1_2018', u'CNPA201_SEM1_2017', u'CNPA201', u'CLINICAL NURSING PRACTICE IIA', u'BTNSF1', u'BT:  NURSING SCIENCE (5 YEARS)', u'21', u'SEMESTER 1', u'I1', u'INDUMISO CAMPUS FULL-TIME', u'A', u'40010057:Xaba;40011966:BHENGU', 18.0]
check 'CNPA201_SEM1_2018' 'CNPA201'
processXLS: only for SEM2 [u'CNPA201_SEM1_2018', u'CNPA201_SEM1_2017', u'CNPA201', u'CLINICAL NURSING PRACTICE IIA', u'BTNSF1', u'BT:  NURSING SCIENCE (5 YEARS)', u'21', u'SEMESTER 1', u'I1', u'INDUMISO CAMPUS FULL-TIME', u'A', u'40010057:Xaba;40011966:BHENGU', 18.0]
[u'CNPA201_SEM1_2018', u'CNPA201_SEM1_2017', u'CNPA201', u'CLINICAL NURSING PRACTICE IIA', u'BTNSS1', u'BT:  NURSING SCIENCE', u'21', u'SEMESTER 1', u'I1', u'INDUMISO CAMPUS FULL-TIME', u'A', u'40010057:Xaba;40011966:BHENGU', 15.0]
check 'CNPA201_SEM1_2018' 'CNPA201'
processXLS: only for SEM2 [u'CNPA201_SEM1_2018', u'CNPA201_SEM1_2017', u'CNPA201', u'CLINICAL NURSING PRACTICE IIA', u'BTNSS1', u'BT:  NURSING SCIENCE', u'21', u'SEMESTER 1', u'I1', u'INDUMISO CAMPUS FULL-TIME', u'A', u'40010057:Xaba;40011966:BHENGU', 15.0]
[u'', u'', u'', u'', u'', u'', u'', u'', u'', u'', u'', u'', u'']
check '' ''
[u'CNPA202_SEM2_2018', u'CNPA202_SEM2_2017', u'CNPA202', u'CLINICAL NURSING PRACTICE II', u'BTNSF1', u'BT:  NURSING SCIENCE (5 YEARS)', u'22', u'SEMESTER 2', u'I1', u'INDUMISO CAMPUS FULL-TIME', u'A', u'40010057:Xaba', 17.0]
check 'CNPA202_SEM2_2018' 'CNPA202'
adding  CNPA202
requesting:  http://10.0.100.98:8000/bbinfo/matching_courses/CNPA202%25
r= <Response [200]>
matching classes= set([u'CNPA202_SEM2_2017', u'CNPA202_SEM2_2016', u'CNPA202_SEM2_2018'])
[u'CNPA202_SEM2_2018', u'CNPA202_SEM2_2017', u'CNPA202', u'CLINICAL NURSING PRACTICE II', u'BTNSS1', u'BT:  NURSING SCIENCE', u'22', u'SEMESTER 2', u'I1', u'INDUMISO CAMPUS FULL-TIME', u'A', u'40010057:Xaba', 16.0]
check 'CNPA202_SEM2_2018' 'CNPA202'
adding  CNPA202
requesting:  http://10.0.100.98:8000/bbinfo/matching_courses/CNPA202%25
r= <Response [200]>
matching classes= set([u'CNPA202_SEM2_2017', u'CNPA202_SEM2_2016', u'CNPA202_SEM2_2018'])
[u'', u'', u'', u'', u'', u'', u'', u'', u'', u'', u'', u'', u'']
check '' ''
[u'CNPA203_SEM1_2018', u'CNPA203_SEM1_2017', u'CNPA203', u'CLIN NURS PRAC IIA: GENERAL NURSING SCIENCE', u'BTNSS2', u'BT:  NURSING SCIENCE', u'21', u'SEMESTER 1', u'I1', u'INDUMISO CAMPUS FULL-TIME', u'A', u'40010057:Xaba;40011966:BHENGU', 89.0]
check 'CNPA203_SEM1_2018' 'CNPA203'
processXLS: only for SEM2 [u'CNPA203_SEM1_2018', u'CNPA203_SEM1_2017', u'CNPA203', u'CLIN NURS PRAC IIA: GENERAL NURSING SCIENCE', u'BTNSS2', u'BT:  NURSING SCIENCE', u'21', u'SEMESTER 1', u'I1', u'INDUMISO CAMPUS FULL-TIME', u'A', u'40010057:Xaba;40011966:BHENGU', 89.0]
[u'', u'', u'', u'', u'', u'', u'', u'', u'', u'', u'', u'', u'']
check '' ''
[u'CNPB201_SEM1_2018', u'CNPB201_SEM1_2017', u'CNPB201', u'CLINICAL NURSING PRACTICE IIB', u'BTNSS1', u'BT:  NURSING SCIENCE', u'21', u'SEMESTER 1', u'I1', u'INDUMISO CAMPUS FULL-TIME', u'A', u'40010057:Xaba', 10.0]
check 'CNPB201_SEM1_2018' 'CNPB201'
processXLS: only for SEM2 [u'CNPB201_SEM1_2018', u'CNPB201_SEM1_2017', u'CNPB201', u'CLINICAL NURSING PRACTICE IIB', u'BTNSS1', u'BT:  NURSING SCIENCE', u'21', u'SEMESTER 1', u'I1', u'INDUMISO CAMPUS FULL-TIME', u'A', u'40010057:Xaba', 10.0]
[u'', u'', u'', u'', u'', u'', u'', u'', u'', u'', u'', u'', u'']
check '' ''
[u'CNPB201_SEM2_2018', u'CNPB201_SEM2_2017', u'CNPB201', u'CLINICAL NURSING PRACTICE IIB', u'BTNSF1', u'BT:  NURSING SCIENCE (5 YEARS)', u'22', u'SEMESTER 2', u'I1', u'INDUMISO CAMPUS FULL-TIME', u'A', u'40010057:Xaba', 1.0]
check 'CNPB201_SEM2_2018' 'CNPB201'
adding  CNPB201
requesting:  http://10.0.100.98:8000/bbinfo/matching_courses/CNPB201%25
r= <Response [200]>
matching classes= set([u'CNPB201_SEM1_2017', u'CNPB201_SEM1_2018', u'CNPB201_13_ZONT', u'CNPB201_SEM2_2018', u'CNPB201_SEM2_2017', u'CNPB201_ALL_2016'])
[u'', u'', u'', u'', u'', u'', u'', u'', u'', u'', u'', u'', u'']
check '' ''
[u'CNPB202_SEM2_2018', u'CNPB202_SEM2_2017', u'CNPB202', u'CLIN NURS PRAC IIB: GENERAL NURSING SCIENCE', u'BTNSS2', u'BT:  NURSING SCIENCE', u'22', u'SEMESTER 2', u'I1', u'INDUMISO CAMPUS FULL-TIME', u'A', u'50012404:SIBIYA MN', 81.0]
check 'CNPB202_SEM2_2018' 'CNPB202'
adding  CNPB202
requesting:  http://10.0.100.98:8000/bbinfo/matching_courses/CNPB202%25
r= <Response [200]>
matching classes= set([u'CNPB202_SEM2_2018', u'CNPB202_SEM2_2017'])
[u'', u'', u'', u'', u'', u'', u'', u'', u'', u'', u'', u'', u'']
check '' ''
[u'CNPC201_SEM1_2018', u'CNPC201_SEM1_2017', u'CNPC201', u'CLIN NURS PRAC IIC: COMMUNITY HEALTH NURSING', u'BTNSS2', u'BT:  NURSING SCIENCE', u'21', u'SEMESTER 1', u'I1', u'INDUMISO CAMPUS FULL-TIME', u'A', u'40010057:Xaba', 82.0]
check 'CNPC201_SEM1_2018' 'CNPC201'
processXLS: only for SEM2 [u'CNPC201_SEM1_2018', u'CNPC201_SEM1_2017', u'CNPC201', u'CLIN NURS PRAC IIC: COMMUNITY HEALTH NURSING', u'BTNSS2', u'BT:  NURSING SCIENCE', u'21', u'SEMESTER 1', u'I1', u'INDUMISO CAMPUS FULL-TIME', u'A', u'40010057:Xaba', 82.0]
[u'', u'', u'', u'', u'', u'', u'', u'', u'', u'', u'', u'', u'']
check '' ''
[u'CNPD201_SEM2_2018', u'CNPD201_SEM2_2017', u'CNPD201', u'CLIN NURS PRAC IID: MIDWIFERY', u'BTNSS2', u'BT:  NURSING SCIENCE', u'22', u'SEMESTER 2', u'I1', u'INDUMISO CAMPUS FULL-TIME', u'A', u'40010057:Xaba', 80.0]
check 'CNPD201_SEM2_2018' 'CNPD201'
adding  CNPD201
requesting:  http://10.0.100.98:8000/bbinfo/matching_courses/CNPD201%25
r= <Response [200]>
matching classes= set([u'CNPD201_SEM2_2017', u'CNPD201_SEM2_2016', u'CNPD201_SEM2_2018'])
[u'', u'', u'', u'', u'', u'', u'', u'', u'', u'', u'', u'', u'']
check '' ''
[u'CNRP201_SEM2_2018', u'CNRP201_SEM2_2017', u'CNRP201', u'CLINICAL NURSING PRACTICE II', u'BTNSF1', u'BT:  NURSING SCIENCE (5 YEARS)', u'22', u'SEMESTER 2', u'I1', u'INDUMISO CAMPUS FULL-TIME', u'A', u'40010057:Xaba', 16.0]
check 'CNRP201_SEM2_2018' 'CNRP201'
adding  CNRP201
requesting:  http://10.0.100.98:8000/bbinfo/matching_courses/CNRP201%25
r= <Response [200]>
matching classes= set([u'CNRP201_14_XABN', u'CNRP201_13_ZONT', u'CNRP201_SEM2_2017', u'CNRP201_SEM2_2016', u'CNRP201_CNRP301_14_XABN', u'CNRP201_SEM2_2018'])
[u'CNRP201_SEM2_2018', u'CNRP201_SEM2_2017', u'CNRP201', u'CLINICAL NURSING PRACTICE II', u'BTNSS1', u'BT:  NURSING SCIENCE', u'22', u'SEMESTER 2', u'I1', u'INDUMISO CAMPUS FULL-TIME', u'A', u'40010057:Xaba', 15.0]
check 'CNRP201_SEM2_2018' 'CNRP201'
adding  CNRP201
requesting:  http://10.0.100.98:8000/bbinfo/matching_courses/CNRP201%25
r= <Response [200]>
matching classes= set([u'CNRP201_14_XABN', u'CNRP201_13_ZONT', u'CNRP201_SEM2_2017', u'CNRP201_SEM2_2016', u'CNRP201_CNRP301_14_XABN', u'CNRP201_SEM2_2018'])
[u'', u'', u'', u'', u'', u'', u'', u'', u'', u'', u'', u'', u'']
check '' ''
[u'EPPA201_SEM1_2018', u'EPPA201_SEM1_2017', u'EPPA201', u'ESSENTIALS OF PROFESSIONAL PRACTICE IIA', u'BTNSF2', u'BT:  NURSING SCIENCE (5 YEARS)', u'21', u'SEMESTER 1', u'I1', u'INDUMISO CAMPUS FULL-TIME', u'A', u'40011783:POPOOLA', 14.0]
check 'EPPA201_SEM1_2018' 'EPPA201'
processXLS: only for SEM2 [u'EPPA201_SEM1_2018', u'EPPA201_SEM1_2017', u'EPPA201', u'ESSENTIALS OF PROFESSIONAL PRACTICE IIA', u'BTNSF2', u'BT:  NURSING SCIENCE (5 YEARS)', u'21', u'SEMESTER 1', u'I1', u'INDUMISO CAMPUS FULL-TIME', u'A', u'40011783:POPOOLA', 14.0]
[u'', u'', u'', u'', u'', u'', u'', u'', u'', u'', u'', u'', u'']
check '' ''
[u'EPPB201_SEM2_2018', u'EPPB201_SEM2_2017', u'EPPB201', u'ESSENTIALS OF PROFESSIONAL PRACTICE IIB', u'BTNSF1', u'BT:  NURSING SCIENCE (5 YEARS)', u'22', u'SEMESTER 2', u'I1', u'INDUMISO CAMPUS FULL-TIME', u'A', u'40009726:MAHLANZE', 1.0]
check 'EPPB201_SEM2_2018' 'EPPB201'
adding  EPPB201
requesting:  http://10.0.100.98:8000/bbinfo/matching_courses/EPPB201%25
r= <Response [200]>
matching classes= set([u'EPPB201_SEM2_2017', u'EPPB201_SEM2_2016', u'EPPB201_SEM2_2018'])
[u'EPPB201_SEM2_2018', u'EPPB201_SEM2_2017', u'EPPB201', u'ESSENTIALS OF PROFESSIONAL PRACTICE IIB', u'BTNSF2', u'BT:  NURSING SCIENCE (5 YEARS)', u'22', u'SEMESTER 2', u'I1', u'INDUMISO CAMPUS FULL-TIME', u'A', u'40009726:MAHLANZE', 15.0]
check 'EPPB201_SEM2_2018' 'EPPB201'
adding  EPPB201
requesting:  http://10.0.100.98:8000/bbinfo/matching_courses/EPPB201%25
r= <Response [200]>
matching classes= set([u'EPPB201_SEM2_2017', u'EPPB201_SEM2_2016', u'EPPB201_SEM2_2018'])
[u'', u'', u'', u'', u'', u'', u'', u'', u'', u'', u'', u'', u'']
check '' ''
[u'GNSA201_SEM1_2018', u'GNSA201_SEM1_2017', u'GNSA201', u'GENERAL NURSING SCIENCE IIA', u'BTNSF1', u'BT:  NURSING SCIENCE (5 YEARS)', u'21', u'SEMESTER 1', u'I1', u'INDUMISO CAMPUS FULL-TIME', u'A', u'40009653:NGCOBO;40009121:GOVENDER', 18.0]
check 'GNSA201_SEM1_2018' 'GNSA201'
processXLS: only for SEM2 [u'GNSA201_SEM1_2018', u'GNSA201_SEM1_2017', u'GNSA201', u'GENERAL NURSING SCIENCE IIA', u'BTNSF1', u'BT:  NURSING SCIENCE (5 YEARS)', u'21', u'SEMESTER 1', u'I1', u'INDUMISO CAMPUS FULL-TIME', u'A', u'40009653:NGCOBO;40009121:GOVENDER', 18.0]
[u'GNSA201_SEM1_2018', u'GNSA201_SEM1_2017', u'GNSA201', u'GENERAL NURSING SCIENCE IIA', u'BTNSS1', u'BT:  NURSING SCIENCE', u'21', u'SEMESTER 1', u'I1', u'INDUMISO CAMPUS FULL-TIME', u'A', u'40009653:NGCOBO;40009121:GOVENDER', 14.0]
check 'GNSA201_SEM1_2018' 'GNSA201'
processXLS: only for SEM2 [u'GNSA201_SEM1_2018', u'GNSA201_SEM1_2017', u'GNSA201', u'GENERAL NURSING SCIENCE IIA', u'BTNSS1', u'BT:  NURSING SCIENCE', u'21', u'SEMESTER 1', u'I1', u'INDUMISO CAMPUS FULL-TIME', u'A', u'40009653:NGCOBO;40009121:GOVENDER', 14.0]
[u'GNSA201_SEM1_2018', u'GNSA201_SEM1_2017', u'GNSA201', u'GENERAL NURSING SCIENCE IIA', u'BTNSS2', u'BT:  NURSING SCIENCE', u'21', u'SEMESTER 1', u'I1', u'INDUMISO CAMPUS FULL-TIME', u'A', u'40009653:NGCOBO;40009121:GOVENDER', 87.0]
check 'GNSA201_SEM1_2018' 'GNSA201'
processXLS: only for SEM2 [u'GNSA201_SEM1_2018', u'GNSA201_SEM1_2017', u'GNSA201', u'GENERAL NURSING SCIENCE IIA', u'BTNSS2', u'BT:  NURSING SCIENCE', u'21', u'SEMESTER 1', u'I1', u'INDUMISO CAMPUS FULL-TIME', u'A', u'40009653:NGCOBO;40009121:GOVENDER', 87.0]
[u'', u'', u'', u'', u'', u'', u'', u'', u'', u'', u'', u'', u'']
check '' ''
[u'GNSB201_SEM2_2018', u'GNSB201_SEM2_2017', u'GNSB201', u'GENERAL NURSING SCIENCE IIB', u'BTNSF1', u'BT:  NURSING SCIENCE (5 YEARS)', u'22', u'SEMESTER 2', u'I1', u'INDUMISO CAMPUS FULL-TIME', u'A', u'40009653:NGCOBO;40009121:GOVENDER', 16.0]
check 'GNSB201_SEM2_2018' 'GNSB201'
adding  GNSB201
requesting:  http://10.0.100.98:8000/bbinfo/matching_courses/GNSB201%25
r= <Response [200]>
matching classes= set([u'GNSB201_14_MHLE', u'GNSB201', u'GNSB201_15', u'GNSB201_SEM2_2018', u'GNSB201_13_NGCS', u'GNSB201_SEM2_2016', u'GNSB201_SEM2_2017'])
[u'GNSB201_SEM2_2018', u'GNSB201_SEM2_2017', u'GNSB201', u'GENERAL NURSING SCIENCE IIB', u'BTNSS1', u'BT:  NURSING SCIENCE', u'22', u'SEMESTER 2', u'I1', u'INDUMISO CAMPUS FULL-TIME', u'A', u'40009653:NGCOBO;40009121:GOVENDER', 14.0]
check 'GNSB201_SEM2_2018' 'GNSB201'
adding  GNSB201
requesting:  http://10.0.100.98:8000/bbinfo/matching_courses/GNSB201%25
r= <Response [200]>
matching classes= set([u'GNSB201_14_MHLE', u'GNSB201', u'GNSB201_15', u'GNSB201_SEM2_2018', u'GNSB201_13_NGCS', u'GNSB201_SEM2_2016', u'GNSB201_SEM2_2017'])
[u'GNSB201_SEM2_2018', u'GNSB201_SEM2_2017', u'GNSB201', u'GENERAL NURSING SCIENCE IIB', u'BTNSS2', u'BT:  NURSING SCIENCE', u'22', u'SEMESTER 2', u'I1', u'INDUMISO CAMPUS FULL-TIME', u'A', u'40009653:NGCOBO;40009121:GOVENDER', 83.0]
check 'GNSB201_SEM2_2018' 'GNSB201'
adding  GNSB201
requesting:  http://10.0.100.98:8000/bbinfo/matching_courses/GNSB201%25
r= <Response [200]>
matching classes= set([u'GNSB201_14_MHLE', u'GNSB201', u'GNSB201_15', u'GNSB201_SEM2_2018', u'GNSB201_13_NGCS', u'GNSB201_SEM2_2016', u'GNSB201_SEM2_2017'])
[u'', u'', u'', u'', u'', u'', u'', u'', u'', u'', u'', u'', u'']
check '' ''
[u'MDWF201_SEM2_2018', u'MDWF201_SEM2_2017', u'MDWF201', u'MIDWIFERY II', u'BTNSF1', u'BT:  NURSING SCIENCE (5 YEARS)', u'22', u'SEMESTER 2', u'I1', u'INDUMISO CAMPUS FULL-TIME', u'A', u'40010072:Adams', 16.0]
check 'MDWF201_SEM2_2018' 'MDWF201'
adding  MDWF201
requesting:  http://10.0.100.98:8000/bbinfo/matching_courses/MDWF201%25
r= <Response [200]>
matching classes= set([u'MDWF201_SEM2_2018', u'MDWF201_SEM2_2016', u'MDWF201_13_ADAC', u'MDWF201_SEM2_2017'])
[u'MDWF201_SEM2_2018', u'MDWF201_SEM2_2017', u'MDWF201', u'MIDWIFERY II', u'BTNSS1', u'BT:  NURSING SCIENCE', u'22', u'SEMESTER 2', u'I1', u'INDUMISO CAMPUS FULL-TIME', u'A', u'40010072:Adams', 13.0]
check 'MDWF201_SEM2_2018' 'MDWF201'
adding  MDWF201
requesting:  http://10.0.100.98:8000/bbinfo/matching_courses/MDWF201%25
r= <Response [200]>
matching classes= set([u'MDWF201_SEM2_2018', u'MDWF201_SEM2_2016', u'MDWF201_13_ADAC', u'MDWF201_SEM2_2017'])
[u'MDWF201_SEM2_2018', u'MDWF201_SEM2_2017', u'MDWF201', u'MIDWIFERY II', u'BTNSS2', u'BT:  NURSING SCIENCE', u'22', u'SEMESTER 2', u'I1', u'INDUMISO CAMPUS FULL-TIME', u'A', u'40010072:Adams', 82.0]
check 'MDWF201_SEM2_2018' 'MDWF201'
adding  MDWF201
requesting:  http://10.0.100.98:8000/bbinfo/matching_courses/MDWF201%25
r= <Response [200]>
matching classes= set([u'MDWF201_SEM2_2018', u'MDWF201_SEM2_2016', u'MDWF201_13_ADAC', u'MDWF201_SEM2_2017'])
[u'', u'', u'', u'', u'', u'', u'', u'', u'', u'', u'', u'', u'']
check '' ''
[u'SCSC201_SEM2_2018', u'SCSC201_SEM2_2017', u'SCSC201', u'SOCIAL SCIENCES II', u'BTNSF1', u'BT:  NURSING SCIENCE (5 YEARS)', u'22', u'SEMESTER 2', u'I1', u'INDUMISO CAMPUS FULL-TIME', u'A', u'40009246:GOVENDER;40009726:MAHLANZE;40012324:SNELL', 1.0]
check 'SCSC201_SEM2_2018' 'SCSC201'
adding  SCSC201
requesting:  http://10.0.100.98:8000/bbinfo/matching_courses/SCSC201%25
r= <Response [200]>
matching classes= set([u'SCSC201_13_THAS', u'SCSC201_SEM2_2016', u'SCSC201_SEM2_2017', u'SCSC201_SEM2_2018'])
[u'SCSC201_SEM2_2018', u'SCSC201_SEM2_2017', u'SCSC201', u'SOCIAL SCIENCES II', u'BTNSF2', u'BT:  NURSING SCIENCE (5 YEARS)', u'22', u'SEMESTER 2', u'I1', u'INDUMISO CAMPUS FULL-TIME', u'A', u'40009246:GOVENDER;40009726:MAHLANZE;40012324:SNELL', 15.0]
check 'SCSC201_SEM2_2018' 'SCSC201'
adding  SCSC201
requesting:  http://10.0.100.98:8000/bbinfo/matching_courses/SCSC201%25
r= <Response [200]>
matching classes= set([u'SCSC201_13_THAS', u'SCSC201_SEM2_2016', u'SCSC201_SEM2_2017', u'SCSC201_SEM2_2018'])
[u'SCSC201_SEM2_2018', u'SCSC201_SEM2_2017', u'SCSC201', u'SOCIAL SCIENCES II', u'BTNSS1', u'BT:  NURSING SCIENCE', u'22', u'SEMESTER 2', u'I1', u'INDUMISO CAMPUS FULL-TIME', u'A', u'40009246:GOVENDER;40009726:MAHLANZE;40012324:SNELL', 10.0]
check 'SCSC201_SEM2_2018' 'SCSC201'
adding  SCSC201
requesting:  http://10.0.100.98:8000/bbinfo/matching_courses/SCSC201%25
r= <Response [200]>
matching classes= set([u'SCSC201_13_THAS', u'SCSC201_SEM2_2016', u'SCSC201_SEM2_2017', u'SCSC201_SEM2_2018'])
[u'SCSC201_SEM2_2018', u'SCSC201_SEM2_2017', u'SCSC201', u'SOCIAL SCIENCES II', u'BTNSS2', u'BT:  NURSING SCIENCE', u'22', u'SEMESTER 2', u'I1', u'INDUMISO CAMPUS FULL-TIME', u'A', u'40009246:GOVENDER;40009726:MAHLANZE;40012324:SNELL', 86.0]
check 'SCSC201_SEM2_2018' 'SCSC201'
adding  SCSC201
requesting:  http://10.0.100.98:8000/bbinfo/matching_courses/SCSC201%25
r= <Response [200]>
matching classes= set([u'SCSC201_13_THAS', u'SCSC201_SEM2_2016', u'SCSC201_SEM2_2017', u'SCSC201_SEM2_2018'])
[u'', u'', u'', u'', u'', u'', u'', u'', u'', u'', u'', u'', u'']
check '' ''
[u'CNPA301_SEM1_2018', u'CNPA301_SEM1_2017', u'CNPA301', u'CLINICAL NURSING PRACTICE IIIA', u'BTNSF1', u'BT:  NURSING SCIENCE (5 YEARS)', u'21', u'SEMESTER 1', u'I1', u'INDUMISO CAMPUS FULL-TIME', u'A', u'40010057:Xaba', 15.0]
check 'CNPA301_SEM1_2018' 'CNPA301'
processXLS: only for SEM2 [u'CNPA301_SEM1_2018', u'CNPA301_SEM1_2017', u'CNPA301', u'CLINICAL NURSING PRACTICE IIIA', u'BTNSF1', u'BT:  NURSING SCIENCE (5 YEARS)', u'21', u'SEMESTER 1', u'I1', u'INDUMISO CAMPUS FULL-TIME', u'A', u'40010057:Xaba', 15.0]
[u'CNPA301_SEM1_2018', u'CNPA301_SEM1_2017', u'CNPA301', u'CLINICAL NURSING PRACTICE IIIA', u'BTNSS1', u'BT:  NURSING SCIENCE', u'21', u'SEMESTER 1', u'I1', u'INDUMISO CAMPUS FULL-TIME', u'A', u'40010057:Xaba', 89.0]
check 'CNPA301_SEM1_2018' 'CNPA301'
processXLS: only for SEM2 [u'CNPA301_SEM1_2018', u'CNPA301_SEM1_2017', u'CNPA301', u'CLINICAL NURSING PRACTICE IIIA', u'BTNSS1', u'BT:  NURSING SCIENCE', u'21', u'SEMESTER 1', u'I1', u'INDUMISO CAMPUS FULL-TIME', u'A', u'40010057:Xaba', 89.0]
[u'', u'', u'', u'', u'', u'', u'', u'', u'', u'', u'', u'', u'']
check '' ''
[u'CNPB301_SEM2_2018', u'CNPB301_SEM2_2017', u'CNPB301', u'CLINICAL NURSING PRACTICE IIIB', u'BTNSF1', u'BT:  NURSING SCIENCE (5 YEARS)', u'22', u'SEMESTER 2', u'I1', u'INDUMISO CAMPUS FULL-TIME', u'A', u'40010057:Xaba', 14.0]
check 'CNPB301_SEM2_2018' 'CNPB301'
adding  CNPB301
requesting:  http://10.0.100.98:8000/bbinfo/matching_courses/CNPB301%25
r= <Response [200]>
matching classes= set([u'CNPB301_SEM2_2017', u'CNPB301_CNPA402_14_SINT', u'CNPB301_13_ZONT', u'CNPB301_SEM2_2018', u'CNPB301_SEM2_2016'])
[u'CNPB301_SEM2_2018', u'CNPB301_SEM2_2017', u'CNPB301', u'CLINICAL NURSING PRACTICE IIIB', u'BTNSS1', u'BT:  NURSING SCIENCE', u'22', u'SEMESTER 2', u'I1', u'INDUMISO CAMPUS FULL-TIME', u'A', u'40010057:Xaba', 86.0]
check 'CNPB301_SEM2_2018' 'CNPB301'
adding  CNPB301
requesting:  http://10.0.100.98:8000/bbinfo/matching_courses/CNPB301%25
r= <Response [200]>
matching classes= set([u'CNPB301_SEM2_2017', u'CNPB301_CNPA402_14_SINT', u'CNPB301_13_ZONT', u'CNPB301_SEM2_2018', u'CNPB301_SEM2_2016'])
[u'', u'', u'', u'', u'', u'', u'', u'', u'', u'', u'', u'', u'']
check '' ''
[u'CNRP301_SEM1_2018', u'CNRP301_SEM1_2017', u'CNRP301', u'CLINICAL NURSING PRACTICE III', u'BTNSF1', u'BT:  NURSING SCIENCE (5 YEARS)', u'21', u'SEMESTER 1', u'I1', u'INDUMISO CAMPUS FULL-TIME', u'A', u'40010057:Xaba', 15.0]
check 'CNRP301_SEM1_2018' 'CNRP301'
processXLS: only for SEM2 [u'CNRP301_SEM1_2018', u'CNRP301_SEM1_2017', u'CNRP301', u'CLINICAL NURSING PRACTICE III', u'BTNSF1', u'BT:  NURSING SCIENCE (5 YEARS)', u'21', u'SEMESTER 1', u'I1', u'INDUMISO CAMPUS FULL-TIME', u'A', u'40010057:Xaba', 15.0]
[u'CNRP301_SEM1_2018', u'CNRP301_SEM1_2017', u'CNRP301', u'CLINICAL NURSING PRACTICE III', u'BTNSS1', u'BT:  NURSING SCIENCE', u'21', u'SEMESTER 1', u'I1', u'INDUMISO CAMPUS FULL-TIME', u'A', u'40010057:Xaba', 91.0]
check 'CNRP301_SEM1_2018' 'CNRP301'
processXLS: only for SEM2 [u'CNRP301_SEM1_2018', u'CNRP301_SEM1_2017', u'CNRP301', u'CLINICAL NURSING PRACTICE III', u'BTNSS1', u'BT:  NURSING SCIENCE', u'21', u'SEMESTER 1', u'I1', u'INDUMISO CAMPUS FULL-TIME', u'A', u'40010057:Xaba', 91.0]
[u'', u'', u'', u'', u'', u'', u'', u'', u'', u'', u'', u'', u'']
check '' ''
[u'EPPA301_SEM1_2018', u'EPPA301_SEM1_2017', u'EPPA301', u'ESSENTIALS OF PROFESSIONAL PRACTICE IIIA', u'BTNSF1', u'BT:  NURSING SCIENCE (5 YEARS)', u'21', u'SEMESTER 1', u'I1', u'INDUMISO CAMPUS FULL-TIME', u'A', u'40011783:POPOOLA', 16.0]
check 'EPPA301_SEM1_2018' 'EPPA301'
processXLS: only for SEM2 [u'EPPA301_SEM1_2018', u'EPPA301_SEM1_2017', u'EPPA301', u'ESSENTIALS OF PROFESSIONAL PRACTICE IIIA', u'BTNSF1', u'BT:  NURSING SCIENCE (5 YEARS)', u'21', u'SEMESTER 1', u'I1', u'INDUMISO CAMPUS FULL-TIME', u'A', u'40011783:POPOOLA', 16.0]
[u'', u'', u'', u'', u'', u'', u'', u'', u'', u'', u'', u'', u'']
check '' ''
[u'EPPB301_SEM2_2018', u'EPPB301_SEM2_2017', u'EPPB301', u'ESSENTIALS OF PROFESSIONAL PRACTICE IIIB', u'BTNSF1', u'BT:  NURSING SCIENCE (5 YEARS)', u'22', u'SEMESTER 2', u'I1', u'INDUMISO CAMPUS FULL-TIME', u'A', u'40009726:MAHLANZE', 16.0]
check 'EPPB301_SEM2_2018' 'EPPB301'
adding  EPPB301
requesting:  http://10.0.100.98:8000/bbinfo/matching_courses/EPPB301%25
r= <Response [200]>
matching classes= set([u'EPPB301_SEM2_2016', u'EPPB301_SEM2_2017', u'EPPB301_SEM2_2018'])
[u'', u'', u'', u'', u'', u'', u'', u'', u'', u'', u'', u'', u'']
check '' ''
[u'GNSC301_SEM1_2018', u'GNSC301_SEM1_2017', u'GNSC301', u'GENERAL NURSING SCIENCE III', u'BTNSF1', u'BT:  NURSING SCIENCE (5 YEARS)', u'21', u'SEMESTER 1', u'I1', u'INDUMISO CAMPUS FULL-TIME', u'A', u'40009121:GOVENDER', 14.0]
check 'GNSC301_SEM1_2018' 'GNSC301'
processXLS: only for SEM2 [u'GNSC301_SEM1_2018', u'GNSC301_SEM1_2017', u'GNSC301', u'GENERAL NURSING SCIENCE III', u'BTNSF1', u'BT:  NURSING SCIENCE (5 YEARS)', u'21', u'SEMESTER 1', u'I1', u'INDUMISO CAMPUS FULL-TIME', u'A', u'40009121:GOVENDER', 14.0]
[u'GNSC301_SEM1_2018', u'GNSC301_SEM1_2017', u'GNSC301', u'GENERAL NURSING SCIENCE III', u'BTNSS1', u'BT:  NURSING SCIENCE', u'21', u'SEMESTER 1', u'I1', u'INDUMISO CAMPUS FULL-TIME', u'A', u'40009121:GOVENDER', 96.0]
check 'GNSC301_SEM1_2018' 'GNSC301'
processXLS: only for SEM2 [u'GNSC301_SEM1_2018', u'GNSC301_SEM1_2017', u'GNSC301', u'GENERAL NURSING SCIENCE III', u'BTNSS1', u'BT:  NURSING SCIENCE', u'21', u'SEMESTER 1', u'I1', u'INDUMISO CAMPUS FULL-TIME', u'A', u'40009121:GOVENDER', 96.0]
[u'', u'', u'', u'', u'', u'', u'', u'', u'', u'', u'', u'', u'']
check '' ''
[u'MDWF301_SEM1_2018', u'MDWF301_SEM1_2017', u'MDWF301', u'MIDWIFERY III', u'BTNSF1', u'BT:  NURSING SCIENCE (5 YEARS)', u'21', u'SEMESTER 1', u'I1', u'INDUMISO CAMPUS FULL-TIME', u'A', u'40010072:Adams', 14.0]
check 'MDWF301_SEM1_2018' 'MDWF301'
processXLS: only for SEM2 [u'MDWF301_SEM1_2018', u'MDWF301_SEM1_2017', u'MDWF301', u'MIDWIFERY III', u'BTNSF1', u'BT:  NURSING SCIENCE (5 YEARS)', u'21', u'SEMESTER 1', u'I1', u'INDUMISO CAMPUS FULL-TIME', u'A', u'40010072:Adams', 14.0]
[u'MDWF301_SEM1_2018', u'MDWF301_SEM1_2017', u'MDWF301', u'MIDWIFERY III', u'BTNSS1', u'BT:  NURSING SCIENCE', u'21', u'SEMESTER 1', u'I1', u'INDUMISO CAMPUS FULL-TIME', u'A', u'40010072:Adams', 99.0]
check 'MDWF301_SEM1_2018' 'MDWF301'
processXLS: only for SEM2 [u'MDWF301_SEM1_2018', u'MDWF301_SEM1_2017', u'MDWF301', u'MIDWIFERY III', u'BTNSS1', u'BT:  NURSING SCIENCE', u'21', u'SEMESTER 1', u'I1', u'INDUMISO CAMPUS FULL-TIME', u'A', u'40010072:Adams', 99.0]
[u'', u'', u'', u'', u'', u'', u'', u'', u'', u'', u'', u'', u'']
check '' ''
[u'MHNR301_SEM2_2018', u'MHNR301_SEM2_2017', u'MHNR301', u'MENTAL HEALTH NURSING III', u'BTNSF1', u'BT:  NURSING SCIENCE (5 YEARS)', u'22', u'SEMESTER 2', u'I1', u'INDUMISO CAMPUS FULL-TIME', u'A', u'40010876:RADANA;40009246:GOVENDER', 14.0]
check 'MHNR301_SEM2_2018' 'MHNR301'
adding  MHNR301
requesting:  http://10.0.100.98:8000/bbinfo/matching_courses/MHNR301%25
r= <Response [200]>
matching classes= set([u'MHNR301_SEM2_2016', u'MHNR301_SEM2_2017', u'MHNR301_13_GOVV', u'MHNR301_SEM2_2018'])
[u'MHNR301_SEM2_2018', u'MHNR301_SEM2_2017', u'MHNR301', u'MENTAL HEALTH NURSING III', u'BTNSS1', u'BT:  NURSING SCIENCE', u'22', u'SEMESTER 2', u'I1', u'INDUMISO CAMPUS FULL-TIME', u'A', u'40010876:RADANA;40009246:GOVENDER', 86.0]
check 'MHNR301_SEM2_2018' 'MHNR301'
adding  MHNR301
requesting:  http://10.0.100.98:8000/bbinfo/matching_courses/MHNR301%25
r= <Response [200]>
matching classes= set([u'MHNR301_SEM2_2016', u'MHNR301_SEM2_2017', u'MHNR301_13_GOVV', u'MHNR301_SEM2_2018'])
[u'', u'', u'', u'', u'', u'', u'', u'', u'', u'', u'', u'', u'']
check '' ''
[u'NSRA301_SEM1_2018', u'NSRA301_SEM1_2017', u'NSRA301', u'NURSING RESEARCH IIIA', u'BTNSF1', u'BT:  NURSING SCIENCE (5 YEARS)', u'21', u'SEMESTER 1', u'I1', u'INDUMISO CAMPUS FULL-TIME', u'A', u'40010072:Adams', 16.0]
check 'NSRA301_SEM1_2018' 'NSRA301'
processXLS: only for SEM2 [u'NSRA301_SEM1_2018', u'NSRA301_SEM1_2017', u'NSRA301', u'NURSING RESEARCH IIIA', u'BTNSF1', u'BT:  NURSING SCIENCE (5 YEARS)', u'21', u'SEMESTER 1', u'I1', u'INDUMISO CAMPUS FULL-TIME', u'A', u'40010072:Adams', 16.0]
[u'NSRA301_SEM1_2018', u'NSRA301_SEM1_2017', u'NSRA301', u'NURSING RESEARCH IIIA', u'BTNSS1', u'BT:  NURSING SCIENCE', u'21', u'SEMESTER 1', u'I1', u'INDUMISO CAMPUS FULL-TIME', u'A', u'40010072:Adams', 94.0]
check 'NSRA301_SEM1_2018' 'NSRA301'
processXLS: only for SEM2 [u'NSRA301_SEM1_2018', u'NSRA301_SEM1_2017', u'NSRA301', u'NURSING RESEARCH IIIA', u'BTNSS1', u'BT:  NURSING SCIENCE', u'21', u'SEMESTER 1', u'I1', u'INDUMISO CAMPUS FULL-TIME', u'A', u'40010072:Adams', 94.0]
[u'', u'', u'', u'', u'', u'', u'', u'', u'', u'', u'', u'', u'']
check '' ''
[u'NSRB301_SEM2_2018', u'NSRB301_SEM2_2017', u'NSRB301', u'NURSING RESEARCH IIIB', u'BTNSF1', u'BT:  NURSING SCIENCE (5 YEARS)', u'22', u'SEMESTER 2', u'I1', u'INDUMISO CAMPUS FULL-TIME', u'A', u'40010072:Adams', 14.0]
check 'NSRB301_SEM2_2018' 'NSRB301'
adding  NSRB301
requesting:  http://10.0.100.98:8000/bbinfo/matching_courses/NSRB301%25
r= <Response [200]>
matching classes= set([u'NSRB301_SEM2_2018', u'NSRB301_SEM2_2017', u'NSRB301_SEM2_2016', u'NSRB301_13_GOVS'])
[u'NSRB301_SEM2_2018', u'NSRB301_SEM2_2017', u'NSRB301', u'NURSING RESEARCH IIIB', u'BTNSS1', u'BT:  NURSING SCIENCE', u'22', u'SEMESTER 2', u'I1', u'INDUMISO CAMPUS FULL-TIME', u'A', u'40010072:Adams', 85.0]
check 'NSRB301_SEM2_2018' 'NSRB301'
adding  NSRB301
requesting:  http://10.0.100.98:8000/bbinfo/matching_courses/NSRB301%25
r= <Response [200]>
matching classes= set([u'NSRB301_SEM2_2018', u'NSRB301_SEM2_2017', u'NSRB301_SEM2_2016', u'NSRB301_13_GOVS'])
[u'', u'', u'', u'', u'', u'', u'', u'', u'', u'', u'', u'', u'']
check '' ''
[u'CNPA401_SEM1_2018', u'CNPA401_SEM1_2017', u'CNPA401', u'CLIN NURS PRAC IVA:  MENTAL HEALTH NURSING', u'BTNSS1', u'BT:  NURSING SCIENCE', u'21', u'SEMESTER 1', u'I1', u'INDUMISO CAMPUS FULL-TIME', u'A', u'40010057:Xaba', 89.0]
check 'CNPA401_SEM1_2018' 'CNPA401'
processXLS: only for SEM2 [u'CNPA401_SEM1_2018', u'CNPA401_SEM1_2017', u'CNPA401', u'CLIN NURS PRAC IVA:  MENTAL HEALTH NURSING', u'BTNSS1', u'BT:  NURSING SCIENCE', u'21', u'SEMESTER 1', u'I1', u'INDUMISO CAMPUS FULL-TIME', u'A', u'40010057:Xaba', 89.0]
[u'', u'', u'', u'', u'', u'', u'', u'', u'', u'', u'', u'', u'']
check '' ''
[u'CNRA401_SEM1_2018', u'CNRA401_SEM1_2017', u'CNRA401', u'CLINICAL NURSING PROJECT IVA', u'BTNSS1', u'BT:  NURSING SCIENCE', u'21', u'SEMESTER 1', u'I1', u'INDUMISO CAMPUS FULL-TIME', u'A', u'40010057:Xaba', 91.0]
check 'CNRA401_SEM1_2018' 'CNRA401'
processXLS: only for SEM2 [u'CNRA401_SEM1_2018', u'CNRA401_SEM1_2017', u'CNRA401', u'CLINICAL NURSING PROJECT IVA', u'BTNSS1', u'BT:  NURSING SCIENCE', u'21', u'SEMESTER 1', u'I1', u'INDUMISO CAMPUS FULL-TIME', u'A', u'40010057:Xaba', 91.0]
[u'', u'', u'', u'', u'', u'', u'', u'', u'', u'', u'', u'', u'']
check '' ''
[u'CNRB401_SEM2_2018', u'CNRB401_SEM2_2017', u'CNRB401', u'CLINICAL NURSING PROJECT IVB', u'BTNSS1', u'BT:  NURSING SCIENCE', u'22', u'SEMESTER 2', u'I1', u'INDUMISO CAMPUS FULL-TIME', u'A', u'40010057:Xaba', 90.0]
check 'CNRB401_SEM2_2018' 'CNRB401'
adding  CNRB401
requesting:  http://10.0.100.98:8000/bbinfo/matching_courses/CNRB401%25
r= <Response [200]>
matching classes= set([u'CNRB401_SEM2_2018', u'CNRB401_13_GOVS', u'CNRB401_SEM2_2017', u'CNRB401_SEM2_2016'])
[u'', u'', u'', u'', u'', u'', u'', u'', u'', u'', u'', u'', u'']
check '' ''
[u'CNRS401_YEAR_2018', u'CNRS401_YEAR_2017', u'CNRS401', u'COMMUNITY NURSING IV', u'BTNPH1', u'BT: NURSING (PRIMARY HEALTH CARE)', u'11', u'YEAR', u'D1', u'Durban Campus Full-time', u'A', 40008990.0, 4.0]
check 'CNRS401_YEAR_2018' 'CNRS401'
processXLS: only for SEM2 [u'CNRS401_YEAR_2018', u'CNRS401_YEAR_2017', u'CNRS401', u'COMMUNITY NURSING IV', u'BTNPH1', u'BT: NURSING (PRIMARY HEALTH CARE)', u'11', u'YEAR', u'D1', u'Durban Campus Full-time', u'A', 40008990.0, 4.0]
[u'CNRS401_YEAR_2018', u'CNRS401_YEAR_2017', u'CNRS401', u'COMMUNITY NURSING IV', u'BTNPH1', u'BT: NURSING (PRIMARY HEALTH CARE)', u'11', u'YEAR', u'D3', u'Durban Campus Part-time', u'A', 40008990.0, 28.0]
check 'CNRS401_YEAR_2018' 'CNRS401'
processXLS: only for SEM2 [u'CNRS401_YEAR_2018', u'CNRS401_YEAR_2017', u'CNRS401', u'COMMUNITY NURSING IV', u'BTNPH1', u'BT: NURSING (PRIMARY HEALTH CARE)', u'11', u'YEAR', u'D3', u'Durban Campus Part-time', u'A', 40008990.0, 28.0]
[u'', u'', u'', u'', u'', u'', u'', u'', u'', u'', u'', u'', u'']
check '' ''
[u'EPPR401_SEM1_2018', u'EPPR401_SEM1_2017', u'EPPR401', u'ETHOS AND PROFESSIONAL PRACTICE', u'BTNSS1', u'BT:  NURSING SCIENCE', u'21', u'SEMESTER 1', u'I1', u'INDUMISO CAMPUS FULL-TIME', u'A', u'40010877:MIYA;40009726:MAHLANZE', 90.0]
check 'EPPR401_SEM1_2018' 'EPPR401'
processXLS: only for SEM2 [u'EPPR401_SEM1_2018', u'EPPR401_SEM1_2017', u'EPPR401', u'ETHOS AND PROFESSIONAL PRACTICE', u'BTNSS1', u'BT:  NURSING SCIENCE', u'21', u'SEMESTER 1', u'I1', u'INDUMISO CAMPUS FULL-TIME', u'A', u'40010877:MIYA;40009726:MAHLANZE', 90.0]
[u'', u'', u'', u'', u'', u'', u'', u'', u'', u'', u'', u'', u'']
check '' ''
[u'IPHC401_SEM2_2018', u'IPHC401_SEM2_2017', u'IPHC401', u'INTEGRATED PRIMARY HEALTH CARE', u'BTNSS1', u'BT:  NURSING SCIENCE', u'22', u'SEMESTER 2', u'I1', u'INDUMISO CAMPUS FULL-TIME', u'A', u'40011035:MUNSAMY', 87.0]
check 'IPHC401_SEM2_2018' 'IPHC401'
adding  IPHC401
requesting:  http://10.0.100.98:8000/bbinfo/matching_courses/IPHC401%25
r= <Response [200]>
matching classes= set([u'IPHC401_SEM2_2016', u'IPHC401_SEM2_2017', u'IPHC401_SEM2_2018'])
[u'', u'', u'', u'', u'', u'', u'', u'', u'', u'', u'', u'', u'']
check '' ''
[u'MHNR401_SEM1_2018', u'MHNR401_SEM1_2017', u'MHNR401', u'MENTAL HEALTH NURSING IV', u'BTNSS1', u'BT:  NURSING SCIENCE', u'21', u'SEMESTER 1', u'I1', u'INDUMISO CAMPUS FULL-TIME', u'A', u'40010876:RADANA', 90.0]
check 'MHNR401_SEM1_2018' 'MHNR401'
processXLS: only for SEM2 [u'MHNR401_SEM1_2018', u'MHNR401_SEM1_2017', u'MHNR401', u'MENTAL HEALTH NURSING IV', u'BTNSS1', u'BT:  NURSING SCIENCE', u'21', u'SEMESTER 1', u'I1', u'INDUMISO CAMPUS FULL-TIME', u'A', u'40010876:RADANA', 90.0]
[u'', u'', u'', u'', u'', u'', u'', u'', u'', u'', u'', u'', u'']
check '' ''
[u'NMGT401_YEAR_2018', u'', u'NMGT401', u'NURSING MANAGEMENT IV', u'', u'BT: NURS 11', u'', u'YEAR', u'D1', u'Durban Ca A', u'', 40008547.0, 5.0]
check 'NMGT401_YEAR_2018' 'NMGT401'
processXLS: only for SEM2 [u'NMGT401_YEAR_2018', u'', u'NMGT401', u'NURSING MANAGEMENT IV', u'', u'BT: NURS 11', u'', u'YEAR', u'D1', u'Durban Ca A', u'', 40008547.0, 5.0]
[u'NMGT401_YEAR_2018', u'NMGT401_YEAR_2017', u'NMGT401', u'NURSING MANAGEMENT IV', u'BTNNM1', u'BT: NURSING (NURSING MANAGEMENT)', u'11', u'YEAR', u'D3', u'Durban Campus Part-time', u'A', 40008547.0, 42.0]
check 'NMGT401_YEAR_2018' 'NMGT401'
processXLS: only for SEM2 [u'NMGT401_YEAR_2018', u'NMGT401_YEAR_2017', u'NMGT401', u'NURSING MANAGEMENT IV', u'BTNNM1', u'BT: NURSING (NURSING MANAGEMENT)', u'11', u'YEAR', u'D3', u'Durban Campus Part-time', u'A', 40008547.0, 42.0]
[u'NMGT401_YEAR_2018', u'', u'NMGT401', u'NURSING MANAGEMENT IV', u'BTHOH1', u'BT: NURS 11', u'', u'YEAR', u'D1', u'Durban Ca A', u'', 40008547.0, 5.0]
check 'NMGT401_YEAR_2018' 'NMGT401'
processXLS: only for SEM2 [u'NMGT401_YEAR_2018', u'', u'NMGT401', u'NURSING MANAGEMENT IV', u'BTHOH1', u'BT: NURS 11', u'', u'YEAR', u'D1', u'Durban Ca A', u'', 40008547.0, 5.0]
[u'NMGT401_YEAR_2018', u'NMGT401_YEAR_2017', u'NMGT401', u'NURSING MANAGEMENT IV', u'BTNOH1', u'BT: NURSING (OCCUPATIONAL HEALTH)', u'11', u'YEAR', u'D3', u'Durban Campus Part-time', u'A', 40008547.0, 23.0]
check 'NMGT401_YEAR_2018' 'NMGT401'
processXLS: only for SEM2 [u'NMGT401_YEAR_2018', u'NMGT401_YEAR_2017', u'NMGT401', u'NURSING MANAGEMENT IV', u'BTNOH1', u'BT: NURSING (OCCUPATIONAL HEALTH)', u'11', u'YEAR', u'D3', u'Durban Campus Part-time', u'A', 40008547.0, 23.0]
[u'NMGT401_YEAR_2018', u'NMGT401_YEAR_2017', u'NMGT401', u'NURSING MANAGEMENT IV', u'BTNPH1', u'BT: NURSING (PRIMARY HEALTH CARE)', u'11', u'YEAR', u'D1', u'Durban Campus Full-time', u'A', 40008547.0, 7.0]
check 'NMGT401_YEAR_2018' 'NMGT401'
processXLS: only for SEM2 [u'NMGT401_YEAR_2018', u'NMGT401_YEAR_2017', u'NMGT401', u'NURSING MANAGEMENT IV', u'BTNPH1', u'BT: NURSING (PRIMARY HEALTH CARE)', u'11', u'YEAR', u'D1', u'Durban Campus Full-time', u'A', 40008547.0, 7.0]
[u'NMGT401_YEAR_2018', u'NMGT401_YEAR_2017', u'NMGT401', u'NURSING MANAGEMENT IV', u'BTNPH1', u'BT: NURSING (PRIMARY HEALTH CARE)', u'11', u'YEAR', u'D3', u'Durban Campus Part-time', u'A', 40008547.0, 28.0]
check 'NMGT401_YEAR_2018' 'NMGT401'
processXLS: only for SEM2 [u'NMGT401_YEAR_2018', u'NMGT401_YEAR_2017', u'NMGT401', u'NURSING MANAGEMENT IV', u'BTNPH1', u'BT: NURSING (PRIMARY HEALTH CARE)', u'11', u'YEAR', u'D3', u'Durban Campus Part-time', u'A', 40008547.0, 28.0]
[u'', u'', u'', u'', u'', u'', u'', u'', u'', u'', u'', u'', u'']
check '' ''
[u'NMPR401_YEAR_2018', u'NMPR401_YEAR_2017', u'NMPR401', u'NURSING MANAGEMENT PRACTICE IV', u'BTNNM1', u'BT: NURSING (NURSING MANAGEMENT)', u'11', u'YEAR', u'D3', u'Durban Campus Part-time', u'A', 40008547.0, 25.0]
check 'NMPR401_YEAR_2018' 'NMPR401'
processXLS: only for SEM2 [u'NMPR401_YEAR_2018', u'NMPR401_YEAR_2017', u'NMPR401', u'NURSING MANAGEMENT PRACTICE IV', u'BTNNM1', u'BT: NURSING (NURSING MANAGEMENT)', u'11', u'YEAR', u'D3', u'Durban Campus Part-time', u'A', 40008547.0, 25.0]
[u'', u'', u'', u'', u'', u'', u'', u'', u'', u'', u'', u'', u'']
check '' ''
[u'OCHN401_YEAR_2018', u'OCHN401_YEAR_2017', u'OCHN401', u'OCCUPATIONAL HEALTH NURSING IV', u'BTNOH1', u'BT: NURSING (OCCUPATIONAL HEALTH)', u'11', u'YEAR', u'D1', u'Durban Campus Full-time', u'A', u'40010268:KUMALO;40004798:ORTON', u'']
check 'OCHN401_YEAR_2018' 'OCHN401'
processXLS: only for SEM2 [u'OCHN401_YEAR_2018', u'OCHN401_YEAR_2017', u'OCHN401', u'OCCUPATIONAL HEALTH NURSING IV', u'BTNOH1', u'BT: NURSING (OCCUPATIONAL HEALTH)', u'11', u'YEAR', u'D1', u'Durban Campus Full-time', u'A', u'40010268:KUMALO;40004798:ORTON', u'']
[u'OCHN401_YEAR_2018', u'OCHN401_YEAR_2017', u'OCHN401', u'OCCUPATIONAL HEALTH NURSING IV', u'BTNOH1', u'BT: NURSING (OCCUPATIONAL HEALTH)', u'11', u'YEAR', u'D3', u'Durban Campus Part-time', u'A', u'40010268:KUMALO;40004798:ORTON', 23.0]
check 'OCHN401_YEAR_2018' 'OCHN401'
processXLS: only for SEM2 [u'OCHN401_YEAR_2018', u'OCHN401_YEAR_2017', u'OCHN401', u'OCCUPATIONAL HEALTH NURSING IV', u'BTNOH1', u'BT: NURSING (OCCUPATIONAL HEALTH)', u'11', u'YEAR', u'D3', u'Durban Campus Part-time', u'A', u'40010268:KUMALO;40004798:ORTON', 23.0]
[u'', u'', u'', u'', u'', u'', u'', u'', u'', u'', u'', u'', u'']
check '' ''
[u'OHLT401_YEAR_2018', u'', u'OHLT401', u'OCCUPATIONAL HEALTH IV', u'', u'BT: NURSING (OCCUPATIONAL HEALTH)', u'', u'', u'', u'Durban Campus Part-time', u'', 40004798.0, 5.0]
check 'OHLT401_YEAR_2018' 'OHLT401'
processXLS: only for SEM2 [u'OHLT401_YEAR_2018', u'', u'OHLT401', u'OCCUPATIONAL HEALTH IV', u'', u'BT: NURSING (OCCUPATIONAL HEALTH)', u'', u'', u'', u'Durban Campus Part-time', u'', 40004798.0, 5.0]
[u'OHLT401_YEAR_2018', u'OHLT401_YEAR_2017', u'OHLT401', u'OCCUPATIONAL HEALTH IV', u'BTNOH1', u'BT: NURSING (OCCUPATIONAL HEALTH)', u'11', u'YEAR', u'D3', u'Durban Campus Part-time', u'A', u'40004798: ORTON', 31.0]
check 'OHLT401_YEAR_2018' 'OHLT401'
processXLS: only for SEM2 [u'OHLT401_YEAR_2018', u'OHLT401_YEAR_2017', u'OHLT401', u'OCCUPATIONAL HEALTH IV', u'BTNOH1', u'BT: NURSING (OCCUPATIONAL HEALTH)', u'11', u'YEAR', u'D3', u'Durban Campus Part-time', u'A', u'40004798: ORTON', 31.0]
[u'', u'', u'', u'', u'', u'', u'', u'', u'', u'', u'', u'', u'']
check '' ''
[u'PRDV401_YEAR_2018', u'PRDV401_YEAR_2017', u'PRDV401', u'PROJECT PLANNING AND DEVELOPMENT IV', u'BTNNM1', u'BT: NURSING (NURSING MANAGEMENT)', u'11', u'YEAR', u'D3', u'Durban Campus Part-time', u'A', u'40008547:PILLAY', 20.0]
check 'PRDV401_YEAR_2018' 'PRDV401'
processXLS: only for SEM2 [u'PRDV401_YEAR_2018', u'PRDV401_YEAR_2017', u'PRDV401', u'PROJECT PLANNING AND DEVELOPMENT IV', u'BTNNM1', u'BT: NURSING (NURSING MANAGEMENT)', u'11', u'YEAR', u'D3', u'Durban Campus Part-time', u'A', u'40008547:PILLAY', 20.0]
[u'', u'', u'', u'', u'', u'', u'', u'', u'', u'', u'', u'', u'']
check '' ''
[u'PRHC401_YEAR_2018', u'PRHC401_YEAR_2017', u'PRHC401', u'PRIMARY HEALTH CARE IV', u'BTNPH1', u'BT: NURSING (PRIMARY HEALTH CARE)', u'11', u'YEAR', u'D1', u'Durban Campus Full-time', u'A', u'50002457:THANDAR', 4.0]
check 'PRHC401_YEAR_2018' 'PRHC401'
processXLS: only for SEM2 [u'PRHC401_YEAR_2018', u'PRHC401_YEAR_2017', u'PRHC401', u'PRIMARY HEALTH CARE IV', u'BTNPH1', u'BT: NURSING (PRIMARY HEALTH CARE)', u'11', u'YEAR', u'D1', u'Durban Campus Full-time', u'A', u'50002457:THANDAR', 4.0]
[u'PRHC401_YEAR_2018', u'PRHC401_YEAR_2017', u'PRHC401', u'PRIMARY HEALTH CARE IV', u'BTNPH1', u'BT: NURSING (PRIMARY HEALTH CARE)', u'11', u'YEAR', u'D3', u'Durban Campus Part-time', u'A', u'50002457:THANDAR', 18.0]
check 'PRHC401_YEAR_2018' 'PRHC401'
processXLS: only for SEM2 [u'PRHC401_YEAR_2018', u'PRHC401_YEAR_2017', u'PRHC401', u'PRIMARY HEALTH CARE IV', u'BTNPH1', u'BT: NURSING (PRIMARY HEALTH CARE)', u'11', u'YEAR', u'D3', u'Durban Campus Part-time', u'A', u'50002457:THANDAR', 18.0]
[u'', u'', u'', u'', u'', u'', u'', u'', u'', u'', u'', u'', u'']
check '' ''
[u'UNMN401_SEM2_2018', u'UNMN401_SEM2_2017', u'UNMN401', u'UNIT MANAGEMENT', u'BTNSS1', u'BT:  NURSING SCIENCE', u'22', u'SEMESTER 2', u'I1', u'INDUMISO CAMPUS FULL-TIME', u'A', u'40009726:MAHLANZE', 86.0]
check 'UNMN401_SEM2_2018' 'UNMN401'
adding  UNMN401
requesting:  http://10.0.100.98:8000/bbinfo/matching_courses/UNMN401%25
r= <Response [200]>
matching classes= set([u'UNMN401_SEM2_2018', u'UNMN401_14_GOVV', u'UNMN401_15_MAHH', u'UNMN401_SEM2_2016', u'UNMN401_SEM2_2017'])
[u'', u'', u'', u'', u'', u'', u'', u'', u'', u'', u'', u'', u'']
check '' ''
[u'DSNS511_YEAR_2018', u'DSNS511_YEAR_2017', u'DSNS511', u'DISSERTATION (1ST REGISTRATION)', u'MHNRS1', u'MH:  NURSING', u'P0', u'POST-GRAD ANNUAL REGISTRATIONS', u'D1', u'Durban Campus Full-time', u'A', 40009166.0, 2.0]
check 'DSNS511_YEAR_2018' 'DSNS511'
processXLS: only for SEM2 [u'DSNS511_YEAR_2018', u'DSNS511_YEAR_2017', u'DSNS511', u'DISSERTATION (1ST REGISTRATION)', u'MHNRS1', u'MH:  NURSING', u'P0', u'POST-GRAD ANNUAL REGISTRATIONS', u'D1', u'Durban Campus Full-time', u'A', 40009166.0, 2.0]
[u'DSNS511_YEAR_2018', u'DSNS511_YEAR_2017', u'DSNS511', u'DISSERTATION (1ST REGISTRATION)', u'MHNRS1', u'MH:  NURSING', u'P0', u'POST-GRAD ANNUAL REGISTRATIONS', u'D3', u'Durban Campus Part-time', u'A', 40009166.0, 26.0]
check 'DSNS511_YEAR_2018' 'DSNS511'
processXLS: only for SEM2 [u'DSNS511_YEAR_2018', u'DSNS511_YEAR_2017', u'DSNS511', u'DISSERTATION (1ST REGISTRATION)', u'MHNRS1', u'MH:  NURSING', u'P0', u'POST-GRAD ANNUAL REGISTRATIONS', u'D3', u'Durban Campus Part-time', u'A', 40009166.0, 26.0]
[u'', u'', u'', u'', u'', u'', u'', u'', u'', u'', u'', u'', u'']
check '' ''
[u'DSNS521_YEAR_2018', u'DSNS521_YEAR_2017', u'DSNS521', u'DISSERTATION (2ND REGISTRATION)', u'MHNRS1', u'MH:  NURSING', u'P0', u'POST-GRAD ANNUAL REGISTRATIONS', u'D1', u'Durban Campus Full-time', u'A', 40009166.0, 1.0]
check 'DSNS521_YEAR_2018' 'DSNS521'
processXLS: only for SEM2 [u'DSNS521_YEAR_2018', u'DSNS521_YEAR_2017', u'DSNS521', u'DISSERTATION (2ND REGISTRATION)', u'MHNRS1', u'MH:  NURSING', u'P0', u'POST-GRAD ANNUAL REGISTRATIONS', u'D1', u'Durban Campus Full-time', u'A', 40009166.0, 1.0]
[u'DSNS521_YEAR_2018', u'DSNS521_YEAR_2017', u'DSNS521', u'DISSERTATION (2ND REGISTRATION)', u'MHNRS1', u'MH:  NURSING', u'P0', u'POST-GRAD ANNUAL REGISTRATIONS', u'D3', u'Durban Campus Part-time', u'A', 40009166.0, 9.0]
check 'DSNS521_YEAR_2018' 'DSNS521'
processXLS: only for SEM2 [u'DSNS521_YEAR_2018', u'DSNS521_YEAR_2017', u'DSNS521', u'DISSERTATION (2ND REGISTRATION)', u'MHNRS1', u'MH:  NURSING', u'P0', u'POST-GRAD ANNUAL REGISTRATIONS', u'D3', u'Durban Campus Part-time', u'A', 40009166.0, 9.0]
[u'', u'', u'', u'', u'', u'', u'', u'', u'', u'', u'', u'', u'']
check '' ''
[u'DSNS531_YEAR_2018', u'DSNS531_YEAR_2017', u'DSNS531', u'DISSERTATION (3RD REGISTRATION)', u'MHNRS1', u'MH:  NURSING', u'P0', u'POST-GRAD ANNUAL REGISTRATIONS', u'D3', u'Durban Campus Part-time', u'A', 40009166.0, 11.0]
check 'DSNS531_YEAR_2018' 'DSNS531'
processXLS: only for SEM2 [u'DSNS531_YEAR_2018', u'DSNS531_YEAR_2017', u'DSNS531', u'DISSERTATION (3RD REGISTRATION)', u'MHNRS1', u'MH:  NURSING', u'P0', u'POST-GRAD ANNUAL REGISTRATIONS', u'D3', u'Durban Campus Part-time', u'A', 40009166.0, 11.0]
[u'', u'', u'', u'', u'', u'', u'', u'', u'', u'', u'', u'', u'']
check '' ''
[u'NSRD501_YEAR_2018', u'NSRD501_YEAR_2017', u'NSRD501', u'DISSERTATION (1ST REGISTRATION)', u'MHNRS1', u'MH:  NURSING', u'P0', u'POST-GRAD ANNUAL REGISTRATIONS', u'D1', u'Durban Campus Full-time', u'A', 40009166.0, 2.0]
check 'NSRD501_YEAR_2018' 'NSRD501'
processXLS: only for SEM2 [u'NSRD501_YEAR_2018', u'NSRD501_YEAR_2017', u'NSRD501', u'DISSERTATION (1ST REGISTRATION)', u'MHNRS1', u'MH:  NURSING', u'P0', u'POST-GRAD ANNUAL REGISTRATIONS', u'D1', u'Durban Campus Full-time', u'A', 40009166.0, 2.0]
[u'NSRD501_YEAR_2018', u'NSRD501_YEAR_2017', u'NSRD501', u'DISSERTATION (1ST REGISTRATION)', u'MHNRS1', u'MH:  NURSING', u'P0', u'POST-GRAD ANNUAL REGISTRATIONS', u'D3', u'Durban Campus Part-time', u'A', 40009166.0, 26.0]
check 'NSRD501_YEAR_2018' 'NSRD501'
processXLS: only for SEM2 [u'NSRD501_YEAR_2018', u'NSRD501_YEAR_2017', u'NSRD501', u'DISSERTATION (1ST REGISTRATION)', u'MHNRS1', u'MH:  NURSING', u'P0', u'POST-GRAD ANNUAL REGISTRATIONS', u'D3', u'Durban Campus Part-time', u'A', 40009166.0, 26.0]
[u'', u'', u'', u'', u'', u'', u'', u'', u'', u'', u'', u'', u'']
check '' ''
[u'NSRD511_YEAR_2018', u'NSRD511_YEAR_2017', u'NSRD511', u'DISSERTATION (SUCCESSIVE YEARS)', u'MHNRS1', u'MH:  NURSING', u'P0', u'POST-GRAD ANNUAL REGISTRATIONS', u'D1', u'Durban Campus Full-time', u'A', 40009166.0, 1.0]
check 'NSRD511_YEAR_2018' 'NSRD511'
processXLS: only for SEM2 [u'NSRD511_YEAR_2018', u'NSRD511_YEAR_2017', u'NSRD511', u'DISSERTATION (SUCCESSIVE YEARS)', u'MHNRS1', u'MH:  NURSING', u'P0', u'POST-GRAD ANNUAL REGISTRATIONS', u'D1', u'Durban Campus Full-time', u'A', 40009166.0, 1.0]
[u'NSRD511_YEAR_2018', u'NSRD511_YEAR_2017', u'NSRD511', u'DISSERTATION (SUCCESSIVE YEARS)', u'MHNRS1', u'MH:  NURSING', u'P0', u'POST-GRAD ANNUAL REGISTRATIONS', u'D3', u'Durban Campus Part-time', u'A', 40009166.0, 19.0]
check 'NSRD511_YEAR_2018' 'NSRD511'
processXLS: only for SEM2 [u'NSRD511_YEAR_2018', u'NSRD511_YEAR_2017', u'NSRD511', u'DISSERTATION (SUCCESSIVE YEARS)', u'MHNRS1', u'MH:  NURSING', u'P0', u'POST-GRAD ANNUAL REGISTRATIONS', u'D3', u'Durban Campus Part-time', u'A', 40009166.0, 19.0]
[u'', u'', u'', u'', u'', u'', u'', u'', u'', u'', u'', u'', u'']
check '' ''
[u'RPNS601_YEAR_2018', u'RPNS601_YEAR_2017', u'RPNS601', u'THESIS (1ST REGISTRATION)', u'DRNRS1', u'DOCTOR OF NURSING', u'P0', u'POST-GRAD ANNUAL REGISTRATIONS', u'D3', u'Durban Campus Part-time', u'A', 40009166.0, 5.0]
check 'RPNS601_YEAR_2018' 'RPNS601'
processXLS: only for SEM2 [u'RPNS601_YEAR_2018', u'RPNS601_YEAR_2017', u'RPNS601', u'THESIS (1ST REGISTRATION)', u'DRNRS1', u'DOCTOR OF NURSING', u'P0', u'POST-GRAD ANNUAL REGISTRATIONS', u'D3', u'Durban Campus Part-time', u'A', 40009166.0, 5.0]
[u'', u'', u'', u'', u'', u'', u'', u'', u'', u'', u'', u'', u'']
check '' ''
[u'RPNS611_YEAR_2018', u'RPNS611_YEAR_2017', u'RPNS611', u'THESIS (2ND REGISTRATION)', u'DRNRS1', u'DOCTOR OF NURSING', u'P0', u'POST-GRAD ANNUAL REGISTRATIONS', u'D3', u'Durban Campus Part-time', u'A', 40009166.0, 5.0]
check 'RPNS611_YEAR_2018' 'RPNS611'
processXLS: only for SEM2 [u'RPNS611_YEAR_2018', u'RPNS611_YEAR_2017', u'RPNS611', u'THESIS (2ND REGISTRATION)', u'DRNRS1', u'DOCTOR OF NURSING', u'P0', u'POST-GRAD ANNUAL REGISTRATIONS', u'D3', u'Durban Campus Part-time', u'A', 40009166.0, 5.0]
[u'', u'', u'', u'', u'', u'', u'', u'', u'', u'', u'', u'', u'']
check '' ''
[u'THNS611_YEAR_2018', u'THNS611_YEAR_2017', u'THNS611', u'THESIS (1ST REGISTRATION)', u'DRNRS1', u'DOCTOR OF NURSING', u'P0', u'POST-GRAD ANNUAL REGISTRATIONS', u'D3', u'Durban Campus Part-time', u'A', 40009166.0, 4.0]
check 'THNS611_YEAR_2018' 'THNS611'
processXLS: only for SEM2 [u'THNS611_YEAR_2018', u'THNS611_YEAR_2017', u'THNS611', u'THESIS (1ST REGISTRATION)', u'DRNRS1', u'DOCTOR OF NURSING', u'P0', u'POST-GRAD ANNUAL REGISTRATIONS', u'D3', u'Durban Campus Part-time', u'A', 40009166.0, 4.0]
[u'', u'', u'', u'', u'', u'', u'', u'', u'', u'', u'', u'', u'']
check '' ''
[u'THNS621_YEAR_2018', u'THNS621_YEAR_2017', u'THNS621', u'THESIS (2ND REGISTRATION)', u'DRNRS1', u'DOCTOR OF NURSING', u'P0', u'POST-GRAD ANNUAL REGISTRATIONS', u'D3', u'Durban Campus Part-time', u'A', u'50012404:Sibiya', 2.0]
check 'THNS621_YEAR_2018' 'THNS621'
processXLS: only for SEM2 [u'THNS621_YEAR_2018', u'THNS621_YEAR_2017', u'THNS621', u'THESIS (2ND REGISTRATION)', u'DRNRS1', u'DOCTOR OF NURSING', u'P0', u'POST-GRAD ANNUAL REGISTRATIONS', u'D3', u'Durban Campus Part-time', u'A', u'50012404:Sibiya', 2.0]
[u'', u'', u'', u'', u'', u'', u'', u'', u'', u'', u'', u'', u'']
check '' ''
[u'THNS631_YEAR_2018', u'THNS631_YEAR_2017', u'THNS631', u'THESIS (3RD REGISTRATION)', u'DRNRS1', u'DOCTOR OF NURSING', u'P0', u'POST-GRAD ANNUAL REGISTRATIONS', u'D3', u'Durban Campus Part-time', u'A', u'50012404:Sibiya', 3.0]
check 'THNS631_YEAR_2018' 'THNS631'
processXLS: only for SEM2 [u'THNS631_YEAR_2018', u'THNS631_YEAR_2017', u'THNS631', u'THESIS (3RD REGISTRATION)', u'DRNRS1', u'DOCTOR OF NURSING', u'P0', u'POST-GRAD ANNUAL REGISTRATIONS', u'D3', u'Durban Campus Part-time', u'A', u'50012404:Sibiya', 3.0]
[u'', u'', u'', u'', u'', u'', u'', u'', u'', u'', u'', u'', u'']
check '' ''
[u'ANPB103_SEM2_2018', u'ANPB103_SEM2_2017', u'ANPB103', u'ANPB103: ANATOMY AND PHYSIOLOGY IB 2017', u'BHNSS', u'BH: HEALTH SCIENCE NURSING', 22.0, u'SEMESTER 2', u'D1', u'INDUMISO CAMPUS FULL-TIME', u'A', u'40005036:COOPASAMI', 1.0]
check 'ANPB103_SEM2_2018' 'ANPB103'
processXLS: only for SEM2 [u'ANPB103_SEM2_2018', u'ANPB103_SEM2_2017', u'ANPB103', u'ANPB103: ANATOMY AND PHYSIOLOGY IB 2017', u'BHNSS', u'BH: HEALTH SCIENCE NURSING', 22.0, u'SEMESTER 2', u'D1', u'INDUMISO CAMPUS FULL-TIME', u'A', u'40005036:COOPASAMI', 1.0]
[u'', u'', u'', u'', u'', u'', u'', u'', u'', u'', u'', u'', u'']
check '' ''
[u'FNSB102_SEM2_2018', u'FNSB102_SEM2_2017', u'FNSB102', u'FNSB102: FUNDAMENTAL NURSING SCIENCE IB 2017', u'BHNSS', u'BH: HEALTH SCIENCE NURSING', 22.0, u'SEMESTER 2', u'D1', u'INDUMISO CAMPUS FULL-TIME', u'A', u'40010057:XABA', 1.0]
check 'FNSB102_SEM2_2018' 'FNSB102'
processXLS: only for SEM2 [u'FNSB102_SEM2_2018', u'FNSB102_SEM2_2017', u'FNSB102', u'FNSB102: FUNDAMENTAL NURSING SCIENCE IB 2017', u'BHNSS', u'BH: HEALTH SCIENCE NURSING', 22.0, u'SEMESTER 2', u'D1', u'INDUMISO CAMPUS FULL-TIME', u'A', u'40010057:XABA', 1.0]
[u'...', u'', u'', u'', u'', u'', u'', u'', u'', u'', u'', u'', u'']
check '...' ''
[u'New subjects for 2018', u'', u'', u'', u'', u'', u'', u'', u'', u'', u'', u'', u'']
check 'New subjects for 2018' ''
processXLS: finished processing workingSheets/data/BBC3609Nursing2017.xls
getWS: requesting:  http://10.0.100.98:8000/itsenrol/classlist/2018/22/EPPB201 rsp= <Response [200]>
getWS: requesting:  http://10.0.100.98:8000/bbinfo/classlist/EPPB201 rsp= <Response [200]>
getNewStudentsInSubject: ITS 0, BB 1 -> 0 new enrollments
getWS: requesting:  http://10.0.100.98:8000/itsenrol/classlist/2018/22/EPPB101 rsp= <Response [200]>
getWS: requesting:  http://10.0.100.98:8000/bbinfo/classlist/EPPB101 rsp= <Response [200]>
getNewStudentsInSubject: ITS 0, BB 1 -> 0 new enrollments
getWS: requesting:  http://10.0.100.98:8000/itsenrol/classlist/2018/22/UNMN401 rsp= <Response [200]>
getWS: requesting:  http://10.0.100.98:8000/bbinfo/classlist/UNMN401 rsp= <Response [200]>
getNewStudentsInSubject: ITS 78, BB 1 -> 78 new enrollments
getWS: requesting:  http://10.0.100.98:8000/itsenrol/classlist/2018/22/MDWF201 rsp= <Response [200]>
getWS: requesting:  http://10.0.100.98:8000/bbinfo/classlist/MDWF201 rsp= <Response [200]>
getNewStudentsInSubject: ITS 22, BB 1 -> 22 new enrollments
getWS: requesting:  http://10.0.100.98:8000/itsenrol/classlist/2018/22/SCSC201 rsp= <Response [200]>
getWS: requesting:  http://10.0.100.98:8000/bbinfo/classlist/SCSC201 rsp= <Response [200]>
getNewStudentsInSubject: ITS 13, BB 3 -> 13 new enrollments
getWS: requesting:  http://10.0.100.98:8000/itsenrol/classlist/2018/22/CNPB301 rsp= <Response [200]>
getWS: requesting:  http://10.0.100.98:8000/bbinfo/classlist/CNPB301 rsp= <Response [200]>
getNewStudentsInSubject: ITS 6, BB 1 -> 6 new enrollments
getWS: requesting:  http://10.0.100.98:8000/itsenrol/classlist/2018/22/CNPB202 rsp= <Response [200]>
getWS: requesting:  http://10.0.100.98:8000/bbinfo/classlist/CNPB202 rsp= <Response [200]>
getNewStudentsInSubject: ITS 20, BB 1 -> 20 new enrollments
getWS: requesting:  http://10.0.100.98:8000/itsenrol/classlist/2018/22/ANPB201 rsp= <Response [200]>
getWS: requesting:  http://10.0.100.98:8000/bbinfo/classlist/ANPB201 rsp= <Response [200]>
getNewStudentsInSubject: ITS 7, BB 2 -> 7 new enrollments
getWS: requesting:  http://10.0.100.98:8000/itsenrol/classlist/2018/22/IPHC401 rsp= <Response [200]>
getWS: requesting:  http://10.0.100.98:8000/bbinfo/classlist/IPHC401 rsp= <Response [200]>
getNewStudentsInSubject: ITS 18, BB 1 -> 18 new enrollments
getWS: requesting:  http://10.0.100.98:8000/itsenrol/classlist/2018/22/CNPB201 rsp= <Response [200]>
getWS: requesting:  http://10.0.100.98:8000/bbinfo/classlist/CNPB201 rsp= <Response [200]>
getNewStudentsInSubject: ITS 0, BB 5 -> 0 new enrollments
getWS: requesting:  http://10.0.100.98:8000/itsenrol/classlist/2018/22/EPPB301 rsp= <Response [200]>
getWS: requesting:  http://10.0.100.98:8000/bbinfo/classlist/EPPB301 rsp= <Response [200]>
getNewStudentsInSubject: ITS 16, BB 1 -> 16 new enrollments
getWS: requesting:  http://10.0.100.98:8000/itsenrol/classlist/2018/22/CNRB401 rsp= <Response [200]>
getWS: requesting:  http://10.0.100.98:8000/bbinfo/classlist/CNRB401 rsp= <Response [200]>
getNewStudentsInSubject: ITS 12, BB 1 -> 12 new enrollments
getWS: requesting:  http://10.0.100.98:8000/itsenrol/classlist/2018/22/CNRP201 rsp= <Response [200]>
getWS: requesting:  http://10.0.100.98:8000/bbinfo/classlist/CNRP201 rsp= <Response [200]>
getNewStudentsInSubject: ITS 0, BB 1 -> 0 new enrollments
getWS: requesting:  http://10.0.100.98:8000/itsenrol/classlist/2018/22/CNPD201 rsp= <Response [200]>
getWS: requesting:  http://10.0.100.98:8000/bbinfo/classlist/CNPD201 rsp= <Response [200]>
getNewStudentsInSubject: ITS 22, BB 1 -> 22 new enrollments
getWS: requesting:  http://10.0.100.98:8000/itsenrol/classlist/2018/22/CNPA202 rsp= <Response [200]>
getWS: requesting:  http://10.0.100.98:8000/bbinfo/classlist/CNPA202 rsp= <Response [200]>
getNewStudentsInSubject: ITS 0, BB 1 -> 0 new enrollments
getWS: requesting:  http://10.0.100.98:8000/itsenrol/classlist/2018/22/FNSB101 rsp= <Response [200]>
getWS: requesting:  http://10.0.100.98:8000/bbinfo/classlist/FNSB101 rsp= <Response [200]>
getNewStudentsInSubject: ITS 23, BB 1 -> 23 new enrollments
getWS: requesting:  http://10.0.100.98:8000/itsenrol/classlist/2018/22/ANPB101 rsp= <Response [200]>
getWS: requesting:  http://10.0.100.98:8000/bbinfo/classlist/ANPB101 rsp= <Response [200]>
getNewStudentsInSubject: ITS 23, BB 3 -> 21 new enrollments
getWS: requesting:  http://10.0.100.98:8000/itsenrol/classlist/2018/22/NSRB301 rsp= <Response [200]>
getWS: requesting:  http://10.0.100.98:8000/bbinfo/classlist/NSRB301 rsp= <Response [200]>
getNewStudentsInSubject: ITS 119, BB 1 -> 119 new enrollments
getWS: requesting:  http://10.0.100.98:8000/itsenrol/classlist/2018/22/CHNS101 rsp= <Response [200]>
getWS: requesting:  http://10.0.100.98:8000/bbinfo/classlist/CHNS101 rsp= <Response [200]>
getNewStudentsInSubject: ITS 0, BB 2 -> 0 new enrollments
getWS: requesting:  http://10.0.100.98:8000/itsenrol/classlist/2018/22/CNPC101 rsp= <Response [200]>
getWS: requesting:  http://10.0.100.98:8000/bbinfo/classlist/CNPC101 rsp= <Response [200]>
getNewStudentsInSubject: ITS 0, BB 1 -> 0 new enrollments
getWS: requesting:  http://10.0.100.98:8000/itsenrol/classlist/2018/22/CNPB102 rsp= <Response [200]>
getWS: requesting:  http://10.0.100.98:8000/bbinfo/classlist/CNPB102 rsp= <Response [200]>
getNewStudentsInSubject: ITS 22, BB 1 -> 22 new enrollments
getWS: requesting:  http://10.0.100.98:8000/itsenrol/classlist/2018/22/GNSB201 rsp= <Response [200]>
getWS: requesting:  http://10.0.100.98:8000/bbinfo/classlist/GNSB201 rsp= <Response [200]>
getNewStudentsInSubject: ITS 23, BB 2 -> 23 new enrollments
getWS: requesting:  http://10.0.100.98:8000/itsenrol/classlist/2018/22/MHNR301 rsp= <Response [200]>
getWS: requesting:  http://10.0.100.98:8000/bbinfo/classlist/MHNR301 rsp= <Response [200]>
getNewStudentsInSubject: ITS 128, BB 2 -> 128 new enrollments
main: Writing students...
main: Writing enrollments...
main: Finished processing workingSheets/data/BBC3609Nursing2017.xls
main: 23 subjects processed
main: 45 subject -> classroom maps
main: 253 students
main: 550 student enrollments 0 errors
0.42user 0.14system 0:04.64elapsed 12%CPU (0avgtext+0avgdata 60080maxresident)k
128inputs+128outputs (0major+7251minor)pagefaults 0swaps
POSTING SNAPSHOTS to SIS endpoint
TEST RUN, NOT POSTING BBSTUDENTS
TEST RUN, NOT POSTIN BBENROL
copy snapshot files to saved output
=== department done ===
syncing logs...
Pushing logs from logs/20180723111852 to remote...
sending incremental file list
./
BBC3609Nursing2017.BBENROL.txt
BBC3609Nursing2017.BBSTUDENTS.txt
BBC3609Nursing2017.Enrolomat.txt
BBC3609Nursing2017.Postlog.txt

sent 151165 bytes  received 91 bytes  15921.68 bytes/sec
total size is 8839167  speedup is 58.44
logging to logs/20180723111852
=== generate newenrollments for BBC3610MedicalOrthoticProsthetic2017. ===
GENERATE SNAPSHOTS...
./BBCIncrementalEnrollerX2.py : generating enrolment files for subjects in  workingSheets/data/BBC3610MedicalOrthoticProsthetic2017.xls
processXLS: start spreadsheet workingSheets/data/BBC3610MedicalOrthoticProsthetic2017.xls
[u'2018 Blackboard Classrooms for Department: 3610 - MEDICAL ORTHOTIC & PROSTHETIC', u'', u'', u'', u'', u'', u'', u'', u'', u'', u'', u'']
check '2018 Blackboard Classrooms for Department: 3610 - MEDICAL ORTHOTIC & PROSTHETIC' ''
[u'', u'', u'', u'', u'', u'', u'', u'', u'', u'', u'', u'']
check '' ''
[u'BB Classroom', u'Migrate Classroom', u'ITS Subject', u'', u'ITS Qualification', u'', u'Block', u'', u'Off Type', u'', u'Grp', u'Lecturer(s)']
check 'BB Classroom' 'ITS Subject'
[u'BIMC101_SEM2_2018', u'BIMC101_SEM2_2017', u'BIMC101', u'BIOMECHANICS I', u'BHMOP3', u'BH:  MEDICAL ORTHOTICS AND PROSTHETICS', u'22', u'SEMESTER 2', u'D1', u'DUT Wentworth Hospital Full-time', u'F', u'40013620: RONEL GROBLER']
check 'BIMC101_SEM2_2018' 'BIMC101'
adding  BIMC101
requesting:  http://10.0.100.98:8000/bbinfo/matching_courses/BIMC101%25
r= <Response [200]>
matching classes= set([u'BIMC101_SEM2_2018', u'BIMC101_14_ASKD', u'BIMC101_13_ASKD', u'BIMC101_SEM2_2016', u'BIMC101_SEM2_2017'])
[u'', u'', u'', u'', u'', u'', u'', u'', u'', u'', u'', u'']
check '' ''
[u'CGRC101_SEM1_2018', u'CGRC101_SEM1_2017', u'CGRC101', u'COMPUTER AND GRAPHICAL COMMUNICATION', u'BHMOP3', u'BH:  MEDICAL ORTHOTICS AND PROSTHETICS', u'21', u'SEMESTER 1', u'D1', u'Durban Campus Full-time', u'F', u'40012376: B NOTHLING']
check 'CGRC101_SEM1_2018' 'CGRC101'
processXLS: only for SEM2 [u'CGRC101_SEM1_2018', u'CGRC101_SEM1_2017', u'CGRC101', u'COMPUTER AND GRAPHICAL COMMUNICATION', u'BHMOP3', u'BH:  MEDICAL ORTHOTICS AND PROSTHETICS', u'21', u'SEMESTER 1', u'D1', u'Durban Campus Full-time', u'F', u'40012376: B NOTHLING']
[u'', u'', u'', u'', u'', u'', u'', u'', u'', u'', u'', u'']
check '' ''
[u'CHRI101_SEM1_2018', u'CHRI101_SEM1_2017', u'CHRI101', u'COMMUNITY HEALTH CARE AND RESEARCH - INTRO', u'BHMOP3', u'BH:  MEDICAL ORTHOTICS AND PROSTHETICS', u'21', u'SEMESTER 1', u'D1', u'Durban Campus Full-time', u'F', u'40013214: ORTELL-PIERCE']
check 'CHRI101_SEM1_2018' 'CHRI101'
processXLS: only for SEM2 [u'CHRI101_SEM1_2018', u'CHRI101_SEM1_2017', u'CHRI101', u'COMMUNITY HEALTH CARE AND RESEARCH - INTRO', u'BHMOP3', u'BH:  MEDICAL ORTHOTICS AND PROSTHETICS', u'21', u'SEMESTER 1', u'D1', u'Durban Campus Full-time', u'F', u'40013214: ORTELL-PIERCE']
[u'', u'', u'', u'', u'', u'', u'', u'', u'', u'', u'', u'']
check '' ''
[u'CLBM101_SEM2_2018', u'CLBM101_SEM2_2017', u'CLBM101', u'CLINICAL LABORATORY AND BUSINESS MANAGEMENT', u'BHMOP3', u'BH:  MEDICAL ORTHOTICS AND PROSTHETICS', 21.0, u'SEMESTER 1', u'D1', u'Durban Campus Full-time', u'F', u'50000915: GREG BASS']
check 'CLBM101_SEM2_2018' 'CLBM101'
processXLS: only for SEM2 [u'CLBM101_SEM2_2018', u'CLBM101_SEM2_2017', u'CLBM101', u'CLINICAL LABORATORY AND BUSINESS MANAGEMENT', u'BHMOP3', u'BH:  MEDICAL ORTHOTICS AND PROSTHETICS', 21.0, u'SEMESTER 1', u'D1', u'Durban Campus Full-time', u'F', u'50000915: GREG BASS']
[u'', u'', u'', u'', u'', u'', u'', u'', u'', u'', u'', u'']
check '' ''
[u'CLCP101_SEM2_2018', u'CLCP101_SEM2_2017', u'CLCP101', u'CLINICAL PRACTICE I', u'BHMOP3', u'BH:  MEDICAL ORTHOTICS AND PROSTHETICS', 22.0, u'SEMESTER 2', u'D1', u'DUT Wentworth Hospital Full-time', u'F', u'40011691: M CALITZ']
check 'CLCP101_SEM2_2018' 'CLCP101'
processXLS: only for SEM2 [u'CLCP101_SEM2_2018', u'CLCP101_SEM2_2017', u'CLCP101', u'CLINICAL PRACTICE I', u'BHMOP3', u'BH:  MEDICAL ORTHOTICS AND PROSTHETICS', 22.0, u'SEMESTER 2', u'D1', u'DUT Wentworth Hospital Full-time', u'F', u'40011691: M CALITZ']
[u'', u'', u'', u'', u'', u'', u'', u'', u'', u'', u'', u'']
check '' ''
[u'EMDL101_SEM1_2018', u'EMDL101_SEM1_2017', u'EMDL101', u'ETHICS AND MEDICAL LAW', u'BHMOP3', u'BH:  MEDICAL ORTHOTICS AND PROSTHETICS', u'21', u'SEMESTER 1', u'D1', u'Durban Campus Full-time', u'F', u'50000639 :L ROSELT']
check 'EMDL101_SEM1_2018' 'EMDL101'
processXLS: only for SEM2 [u'EMDL101_SEM1_2018', u'EMDL101_SEM1_2017', u'EMDL101', u'ETHICS AND MEDICAL LAW', u'BHMOP3', u'BH:  MEDICAL ORTHOTICS AND PROSTHETICS', u'21', u'SEMESTER 1', u'D1', u'Durban Campus Full-time', u'F', u'50000639 :L ROSELT']
[u'', u'', u'', u'', u'', u'', u'', u'', u'', u'', u'', u'']
check '' ''
[u'ETRN101_SEM1_2018', u'ETRN101_SEM1_2017', u'ETRN101', u'ELECTRONICS', u'BHMOP3', u'BH:  MEDICAL ORTHOTICS AND PROSTHETICS', u'21', u'SEMESTER 1', u'D1', u'Durban Campus Full-time', u'F', u'40012376: B NOTHLING']
check 'ETRN101_SEM1_2018' 'ETRN101'
processXLS: only for SEM2 [u'ETRN101_SEM1_2018', u'ETRN101_SEM1_2017', u'ETRN101', u'ELECTRONICS', u'BHMOP3', u'BH:  MEDICAL ORTHOTICS AND PROSTHETICS', u'21', u'SEMESTER 1', u'D1', u'Durban Campus Full-time', u'F', u'40012376: B NOTHLING']
[u'', u'', u'', u'', u'', u'', u'', u'', u'', u'', u'', u'']
check '' ''
[u'MTSC101_SEM1_2018', u'MTSC101_SEM1_2017', u'MTSC101', u'MATERIALS SCIENCE', u'BHMOP3', u'BH:  MEDICAL ORTHOTICS AND PROSTHETICS', u'21', u'SEMESTER 1', u'D1', u'Durban Campus Full-time', u'F', u'40011691: M CALITZ']
check 'MTSC101_SEM1_2018' 'MTSC101'
processXLS: only for SEM2 [u'MTSC101_SEM1_2018', u'MTSC101_SEM1_2017', u'MTSC101', u'MATERIALS SCIENCE', u'BHMOP3', u'BH:  MEDICAL ORTHOTICS AND PROSTHETICS', u'21', u'SEMESTER 1', u'D1', u'Durban Campus Full-time', u'F', u'40011691: M CALITZ']
[u'', u'', u'', u'', u'', u'', u'', u'', u'', u'', u'', u'']
check '' ''
[u'POPR101_SEM2_2018', u'POPR101_SEM2_2017', u'POPR101', u'PRINCIPLES OF ORTHOTICS AND PROSTHETICS I', u'BHMOP3', u'BH:  MEDICAL ORTHOTICS AND PROSTHETICS', u'22', u'SEMESTER 2', u'D1', u'DUT Wentworth Hospital Full-time', u'F', u'40013620:RONEL GROBLER']
check 'POPR101_SEM2_2018' 'POPR101'
adding  POPR101
requesting:  http://10.0.100.98:8000/bbinfo/matching_courses/POPR101%25
r= <Response [200]>
matching classes= set([u'POPR101_15_DAWT', u'POPR101_SEM2_2018', u'POPR101_SEM2_2016', u'POPR101_SEM2_2017', u'POPR101_14_ASKD'])
[u'', u'', u'', u'', u'', u'', u'', u'', u'', u'', u'', u'']
check '' ''
[u'PYCL101_SEM1_2018', u'PYCL101_SEM1_2017', u'PYCL101', u'PSYCHOLOGY', u'BHMOP3', u'BH:  MEDICAL ORTHOTICS AND PROSTHETICS', u'21', u'SEMESTER 1', u'D1', u'Durban Campus Full-time', u'F', u'40012376: B NOTHLING']
check 'PYCL101_SEM1_2018' 'PYCL101'
processXLS: only for SEM2 [u'PYCL101_SEM1_2018', u'PYCL101_SEM1_2017', u'PYCL101', u'PSYCHOLOGY', u'BHMOP3', u'BH:  MEDICAL ORTHOTICS AND PROSTHETICS', u'21', u'SEMESTER 1', u'D1', u'Durban Campus Full-time', u'F', u'40012376: B NOTHLING']
[u'', u'', u'', u'', u'', u'', u'', u'', u'', u'', u'', u'']
check '' ''
[u'BIMC201_SEM2_2018', u'BIMC201_SEM2_2017', u'BIMC201', u'BIOMECHANICS II', u'BHMOP3', u'BH:  MEDICAL ORTHOTICS AND PROSTHETICS', 21.0, u'SEMESTER 1', u'D1', u'Durban Campus Full-time', u'F', u'40013622: N VAN DER MERWE']
check 'BIMC201_SEM2_2018' 'BIMC201'
processXLS: only for SEM2 [u'BIMC201_SEM2_2018', u'BIMC201_SEM2_2017', u'BIMC201', u'BIOMECHANICS II', u'BHMOP3', u'BH:  MEDICAL ORTHOTICS AND PROSTHETICS', 21.0, u'SEMESTER 1', u'D1', u'Durban Campus Full-time', u'F', u'40013622: N VAN DER MERWE']
[u'', u'', u'', u'', u'', u'', u'', u'', u'', u'', u'', u'']
check '' ''
[u'CLCP201_SEM2_2018', u'CLCP201_SEM2_2017', u'CLCP201', u'CLINICAL PRACTICE II', u'BHMOP3', u'BH:  MEDICAL ORTHOTICS AND PROSTHETICS', u'22', u'SEMESTER 2', u'D1', u'DUT Wentworth Hospital Full-time', u'F', u'40013622: N VAN DER MERWE']
check 'CLCP201_SEM2_2018' 'CLCP201'
adding  CLCP201
requesting:  http://10.0.100.98:8000/bbinfo/matching_courses/CLCP201%25
r= <Response [200]>
matching classes= set([u'CLCP201_ALL_2016', u'CLCP201_SEM2_2018', u'CLCP201_SEM2_2017'])
[u'', u'', u'', u'', u'', u'', u'', u'', u'', u'', u'', u'']
check '' ''
[u'POPR201_SEM2_2018', u'POPR201_SEM2_2017', u'POPR201', u'PRINCIPLES OF ORTHOTICS AND PROSTHETICS II', u'BHMOP3', u'BH:  MEDICAL ORTHOTICS AND PROSTHETICS', u'22', u'SEMESTER 2', u'D1', u'DUT Wentworth Hospital Full-time', u'F', u'40013622: NEIL VAN DER MERWE']
check 'POPR201_SEM2_2018' 'POPR201'
adding  POPR201
requesting:  http://10.0.100.98:8000/bbinfo/matching_courses/POPR201%25
r= <Response [200]>
matching classes= set([u'POPR201_SEM2_2017', u'POPR201_ALL_2016', u'POPR201_SEM2_2018', u'POPR201_15'])
[u'', u'', u'', u'', u'', u'', u'', u'', u'', u'', u'', u'']
check '' ''
[u'BIMC301_SEM2_2018', u'BIMC301_SEM2_2017', u'BIMC301', u'BIOMECHANICS III', u'BHMOP3', u'BH:  MEDICAL ORTHOTICS AND PROSTHETICS', 21.0, u'SEMESTER 1', u'D1', u'Durban Campus Full-time', u'F', u'40013622: NEIL VAN DER MERWE']
check 'BIMC301_SEM2_2018' 'BIMC301'
processXLS: only for SEM2 [u'BIMC301_SEM2_2018', u'BIMC301_SEM2_2017', u'BIMC301', u'BIOMECHANICS III', u'BHMOP3', u'BH:  MEDICAL ORTHOTICS AND PROSTHETICS', 21.0, u'SEMESTER 1', u'D1', u'Durban Campus Full-time', u'F', u'40013622: NEIL VAN DER MERWE']
[u'', u'', u'', u'', u'', u'', u'', u'', u'', u'', u'', u'']
check '' ''
[u'CLCP301_SEM2_2018', u'CLCP301_SEM2_2017', u'CLCP301', u'CLINICAL PRACTICE III', u'BHMOP3', u'BH:  MEDICAL ORTHOTICS AND PROSTHETICS', u'22', u'SEMESTER 2', u'D1', u'DUT Wentworth Hospital Full-time', u'F', u'40012376: B NOTHLING']
check 'CLCP301_SEM2_2018' 'CLCP301'
adding  CLCP301
requesting:  http://10.0.100.98:8000/bbinfo/matching_courses/CLCP301%25
r= <Response [200]>
matching classes= set([u'CLCP301_SEM2_2018', u'CLCP301_SEM2_2017'])
[u'', u'', u'', u'', u'', u'', u'', u'', u'', u'', u'', u'']
check '' ''
[u'POPR301_SEM2_2018', u'POPR301_SEM2_2017', u'POPR301', u'PRINCIPLES OF ORTHOTICS AND PROSTHETICS III', u'BHMOP3', u'BH:  MEDICAL ORTHOTICS AND PROSTHETICS', u'22', u'SEMESTER 2', u'D1', u'DUT Wentworth Hospital Full-time', u'F', u'40013622: NEIL VAN DER MERWE']
check 'POPR301_SEM2_2018' 'POPR301'
adding  POPR301
requesting:  http://10.0.100.98:8000/bbinfo/matching_courses/POPR301%25
r= <Response [200]>
matching classes= set([u'POPR301_SEM2_2017', u'POPR301_SEM2_2018'])
[u'', u'', u'', u'', u'', u'', u'', u'', u'', u'', u'', u'']
check '' ''
[u'ACLP401_SEM2_2018', u'ACLP401_SEM2_2017', u'ACLP401', u'ADVANCED CLINICAL PRACTICE', u'BHMOP3', u'BH:  MEDICAL ORTHOTICS AND PROSTHETICS', u'22', u'SEMESTER 2', u'D1', u'DUT Wentworth Hospital Full-time', u'F', u'40012376: B NOTHLING']
check 'ACLP401_SEM2_2018' 'ACLP401'
adding  ACLP401
requesting:  http://10.0.100.98:8000/bbinfo/matching_courses/ACLP401%25
r= <Response [200]>
matching classes= set([u'ACLP401_SEM2_2018', u'ACLP401_SEM1_2017', u'ACLP401_SEM2_2017'])
[u'', u'', u'', u'', u'', u'', u'', u'', u'', u'', u'', u'']
check '' ''
[u'CLPP401_SEM2_2018', u'CLPP401_SEM2_2017', u'CLPP401', u'CLINICAL PRACTICE IVB (PROSTHETICS)', u'BHMOP3', u'BH:  MEDICAL ORTHOTICS AND PROSTHETICS', u'22', u'SEMESTER 2', u'D1', u'DUT Wentworth Hospital Full-time', u'F', u'40012376: B NOTHLING']
check 'CLPP401_SEM2_2018' 'CLPP401'
adding  CLPP401
requesting:  http://10.0.100.98:8000/bbinfo/matching_courses/CLPP401%25
r= <Response [200]>
matching classes= set([u'CLPP401_SEM2_2017', u'CLPP401_SEM2_2018'])
[u'', u'', u'', u'', u'', u'', u'', u'', u'', u'', u'', u'']
check '' ''
[u'CLPO401_SEM2_2018', u'CLPO401_SEM2_2017', u'CLPO401', u'CLINICAL PRACTICE IVA (ORTHOTICS)', u'BHMOP3', u'BH:  MEDICAL ORTHOTICS AND PROSTHETICS', 21.0, u'SEMESTER 1', u'D1', u'DUT Wentworth Hospital Full-time', u'F', u'40012376: B NOTHLING']
check 'CLPO401_SEM2_2018' 'CLPO401'
processXLS: only for SEM2 [u'CLPO401_SEM2_2018', u'CLPO401_SEM2_2017', u'CLPO401', u'CLINICAL PRACTICE IVA (ORTHOTICS)', u'BHMOP3', u'BH:  MEDICAL ORTHOTICS AND PROSTHETICS', 21.0, u'SEMESTER 1', u'D1', u'DUT Wentworth Hospital Full-time', u'F', u'40012376: B NOTHLING']
[u'', u'', u'', u'', u'', u'', u'', u'', u'', u'', u'', u'']
check '' ''
[u'RSPJ101_SEM2_2018', u'RSPJ101_SEM2_2017', u'CHRA101', u'COMMUNITY HELTHCARE AND RESEARCH ADVANCED', u'BHMOP3', u'BH:  MEDICAL ORTHOTICS AND PROSTHETICS', 22.0, u'SEMESTER 2', u'D1', u'Durban Campus Full-time', u'F', u'40012376: B NOTHLING']
check 'RSPJ101_SEM2_2018' 'CHRA101'
[u'', u'', u'', u'', u'', u'', u'', u'', u'', u'', u'', u'']
check '' ''
[u'CHRN101_SEM1_2018', u'CHRN101_SEM1_2017', u'CHRN101', u'COMMUNITY HEALTHCARE AND RESEARCH INTERMEDIATE', u'BHMOP3', u'BH:  MEDICAL ORTHOTICS AND PROSTHETICS', 21.0, u'SEMESTER 1', u'D1', u'Durban Campus Full-time', u'F', u'40012376: B NOTHLING']
check 'CHRN101_SEM1_2018' 'CHRN101'
processXLS: only for SEM2 [u'CHRN101_SEM1_2018', u'CHRN101_SEM1_2017', u'CHRN101', u'COMMUNITY HEALTHCARE AND RESEARCH INTERMEDIATE', u'BHMOP3', u'BH:  MEDICAL ORTHOTICS AND PROSTHETICS', 21.0, u'SEMESTER 1', u'D1', u'Durban Campus Full-time', u'F', u'40012376: B NOTHLING']
[u'', u'', u'', u'', u'', u'', u'', u'', u'', u'', u'', u'']
check '' ''
[u'...', u'', u'', u'', u'', u'', u'', u'', u'', u'', u'', u'']
check '...' ''
[u'New subjects for 2018', u'', u'', u'', u'', u'', u'', u'', u'', u'', u'', u'']
check 'New subjects for 2018' ''
processXLS: finished processing workingSheets/data/BBC3610MedicalOrthoticProsthetic2017.xls
getWS: requesting:  http://10.0.100.98:8000/itsenrol/classlist/2018/22/CLCP301 rsp= <Response [200]>
getWS: requesting:  http://10.0.100.98:8000/bbinfo/classlist/CLCP301 rsp= <Response [200]>
getNewStudentsInSubject: ITS 25, BB 1 -> 25 new enrollments
getWS: requesting:  http://10.0.100.98:8000/itsenrol/classlist/2018/22/POPR301 rsp= <Response [200]>
getWS: requesting:  http://10.0.100.98:8000/bbinfo/classlist/POPR301 rsp= <Response [200]>
getNewStudentsInSubject: ITS 26, BB 1 -> 26 new enrollments
getWS: requesting:  http://10.0.100.98:8000/itsenrol/classlist/2018/22/CLPP401 rsp= <Response [200]>
getWS: requesting:  http://10.0.100.98:8000/bbinfo/classlist/CLPP401 rsp= <Response [200]>
getNewStudentsInSubject: ITS 14, BB 1 -> 14 new enrollments
getWS: requesting:  http://10.0.100.98:8000/itsenrol/classlist/2018/22/ACLP401 rsp= <Response [200]>
getWS: requesting:  http://10.0.100.98:8000/bbinfo/classlist/ACLP401 rsp= <Response [200]>
getNewStudentsInSubject: ITS 15, BB 1 -> 15 new enrollments
getWS: requesting:  http://10.0.100.98:8000/itsenrol/classlist/2018/22/CLCP201 rsp= <Response [200]>
getWS: requesting:  http://10.0.100.98:8000/bbinfo/classlist/CLCP201 rsp= <Response [200]>
getNewStudentsInSubject: ITS 31, BB 1 -> 31 new enrollments
getWS: requesting:  http://10.0.100.98:8000/itsenrol/classlist/2018/22/POPR201 rsp= <Response [200]>
getWS: requesting:  http://10.0.100.98:8000/bbinfo/classlist/POPR201 rsp= <Response [200]>
getNewStudentsInSubject: ITS 31, BB 1 -> 31 new enrollments
getWS: requesting:  http://10.0.100.98:8000/itsenrol/classlist/2018/22/POPR101 rsp= <Response [200]>
getWS: requesting:  http://10.0.100.98:8000/bbinfo/classlist/POPR101 rsp= <Response [200]>
getNewStudentsInSubject: ITS 24, BB 1 -> 24 new enrollments
getWS: requesting:  http://10.0.100.98:8000/itsenrol/classlist/2018/22/BIMC101 rsp= <Response [200]>
getWS: requesting:  http://10.0.100.98:8000/bbinfo/classlist/BIMC101 rsp= <Response [200]>
getNewStudentsInSubject: ITS 24, BB 1 -> 24 new enrollments
main: Writing students...
main: Writing enrollments...
main: Finished processing workingSheets/data/BBC3610MedicalOrthoticProsthetic2017.xls
main: 8 subjects processed
main: 8 subject -> classroom maps
main: 95 students
main: 190 student enrollments 0 errors
0.20user 0.13system 0:01.68elapsed 20%CPU (0avgtext+0avgdata 57952maxresident)k
64inputs+48outputs (0major+7046minor)pagefaults 0swaps
POSTING SNAPSHOTS to SIS endpoint
TEST RUN, NOT POSTING BBSTUDENTS
TEST RUN, NOT POSTIN BBENROL
copy snapshot files to saved output
=== department done ===
syncing logs...
Pushing logs from logs/20180723111852 to remote...
sending incremental file list
./
BBC3610MedicalOrthoticProsthetic2017.BBENROL.txt
BBC3610MedicalOrthoticProsthetic2017.BBSTUDENTS.txt
BBC3610MedicalOrthoticProsthetic2017.Enrolomat.txt
BBC3610MedicalOrthoticProsthetic2017.Postlog.txt

sent 48900 bytes  received 91 bytes  10886.89 bytes/sec
total size is 8877078  speedup is 181.20
logging to logs/20180723111852
=== generate newenrollments for BBC3701CentreForGeneralEducation2017. ===
GENERATE SNAPSHOTS...
./BBCIncrementalEnrollerX2.py : generating enrolment files for subjects in  workingSheets/data/BBC3701CentreForGeneralEducation2017.xls
processXLS: start spreadsheet workingSheets/data/BBC3701CentreForGeneralEducation2017.xls
[u'2018 Blackboard Classrooms for Department: 3701 - CENTRE FOR GENERAL EDUCATION', u'', u'', u'', u'', u'', u'', u'', u'', u'', u'', u'', u'', u'']
check '2018 Blackboard Classrooms for Department: 3701 - CENTRE FOR GENERAL EDUCATION' ''
[u'', u'', u'', u'', u'', u'', u'', u'', u'', u'', u'', u'', u'', u'']
check '' ''
[u'BB Classroom', u'Migrate Classroom', u'ITS Subject', u'', u'ITS Qualification', u'', u'Block', u'', u'Off Type', u'', u'Grp', u'Lecturer(s)', u'2016 Enrol', u'']
check 'BB Classroom' 'ITS Subject'
[u'BCIF101_SEM2_2018', u'BCIF101_SEM2_2017', u'BCIF101', u'BUSINESS COMM & INFO LITERACY', u'DIMBL1', u'DIP IN MANAGEMENT SCIENCES (BUS LAW)', u'22', u'SEMESTER 2', u'D1', u'Durban Campus Full-time', u'A', u'40000652:RAMLAGAN;40012496:Jeewa;40002599:Naidoo;40007199:JONES;40000449:NAIDOO', 61.0, u'These do not actually belong to Instit Gen Ed they are Fac of management Sc offerings']
check 'BCIF101_SEM2_2018' 'BCIF101'
adding  BCIF101
requesting:  http://10.0.100.98:8000/bbinfo/matching_courses/BCIF101%25
r= <Response [200]>
matching classes= set([u'BCIF101_SEM2_2017', u'BCIF101_SEM2_2018', u'BCIF101_YEAR_2016'])
[u'BCIF101_SEM2_2018', u'BCIF101_SEM2_2017', u'BCIF101', u'BUSINESS COMM & INFO LITERACY', u'DIMBS1', u'DIP IN MANAGEMENT SCIENCES (BUS ADMIN)', u'22', u'SEMESTER 2', u'D1', u'Durban Campus Full-time', u'A', u'40000652:RAMLAGAN;40012496:Jeewa;40002599:Naidoo;40007199:JONES;40000449:NAIDOO', 132.0, u'These do not actually belong to Instit Gen Ed they are Fac of management Sc offerings']
check 'BCIF101_SEM2_2018' 'BCIF101'
adding  BCIF101
requesting:  http://10.0.100.98:8000/bbinfo/matching_courses/BCIF101%25
r= <Response [200]>
matching classes= set([u'BCIF101_SEM2_2017', u'BCIF101_SEM2_2018', u'BCIF101_YEAR_2016'])
[u'BCIF101_SEM2_2018', u'BCIF101_SEM2_2017', u'BCIF101', u'BUSINESS COMM & INFO LITERACY', u'DIMHR1', u'DIP IN MANAGEMENT SCIENCES (HUMAN RES)', u'22', u'SEMESTER 2', u'D1', u'Durban Campus Full-time', u'A', u'40000652:RAMLAGAN;40012496:Jeewa;40002599:Naidoo;40007199:JONES;40000449:NAIDOO', 151.0, u'These do not actually belong to Instit Gen Ed they are Fac of management Sc offerings']
check 'BCIF101_SEM2_2018' 'BCIF101'
adding  BCIF101
requesting:  http://10.0.100.98:8000/bbinfo/matching_courses/BCIF101%25
r= <Response [200]>
matching classes= set([u'BCIF101_SEM2_2017', u'BCIF101_SEM2_2018', u'BCIF101_YEAR_2016'])
[u'BCIF101_SEM2_2018', u'BCIF101_SEM2_2017', u'BCIF101', u'BUSINESS COMM & INFO LITERACY', u'DIMHR1', u'DIP IN MANAGEMENT SCIENCES (HUMAN RES)', u'22', u'SEMESTER 2', u'D3', u'Durban Campus Part-time', u'A', u'40000652:RAMLAGAN;40012496:Jeewa;40002599:Naidoo;40007199:JONES;40000449:NAIDOO', 19.0, u'These do not actually belong to Instit Gen Ed they are Fac of management Sc offerings']
check 'BCIF101_SEM2_2018' 'BCIF101'
adding  BCIF101
requesting:  http://10.0.100.98:8000/bbinfo/matching_courses/BCIF101%25
r= <Response [200]>
matching classes= set([u'BCIF101_SEM2_2017', u'BCIF101_SEM2_2018', u'BCIF101_YEAR_2016'])
[u'BCIF101_SEM2_2018', u'BCIF101_SEM2_2017', u'BCIF101', u'BUSINESS COMM & INFO LITERACY', u'DIMHR1', u'DIP IN MANAGEMENT SCIENCES (HUMAN RES)', u'22', u'SEMESTER 2', u'D3', u'Durban Campus Part-time', u'A', u'40000652:RAMLAGAN;40012496:Jeewa;40002599:Naidoo;40007199:JONES;40000449:NAIDOO', 1.0, u'These do not actually belong to Instit Gen Ed they are Fac of management Sc offerings']
check 'BCIF101_SEM2_2018' 'BCIF101'
adding  BCIF101
requesting:  http://10.0.100.98:8000/bbinfo/matching_courses/BCIF101%25
r= <Response [200]>
matching classes= set([u'BCIF101_SEM2_2017', u'BCIF101_SEM2_2018', u'BCIF101_YEAR_2016'])
[u'BCIF101_SEM2_2018', u'BCIF101_SEM2_2017', u'BCIF101', u'BUSINESS COMM & INFO LITERACY', u'DIMPR1', u'DIP IN MANAGEMENT SCIENCES (PR & COMM MN', u'22', u'SEMESTER 2', u'D1', u'Durban Campus Full-time', u'A', u'40000652:RAMLAGAN;40012496:Jeewa;40002599:Naidoo;40007199:JONES;40000449:NAIDOO', 84.0, u'These do not actually belong to Instit Gen Ed they are Fac of management Sc offerings']
check 'BCIF101_SEM2_2018' 'BCIF101'
adding  BCIF101
requesting:  http://10.0.100.98:8000/bbinfo/matching_courses/BCIF101%25
r= <Response [200]>
matching classes= set([u'BCIF101_SEM2_2017', u'BCIF101_SEM2_2018', u'BCIF101_YEAR_2016'])
[u'', u'', u'', u'', u'', u'', u'', u'', u'', u'', u'', u'', u'', u'']
check '' ''
[u'BGEP101_SEM1_2018', u'BGEP101_SEM1_2017', u'BGEP101', u'BASICS OF GEOPOLITICS', u'BCCYC1', u'BC:  CHILD AND YOUTH CARE', u'21', u'SEMESTER 1', u'D1', u'Durban Campus Full-time', u'A', u'40000181:TIMM D N;40011112:HARILAL S;40011112:HARILAL S;40011112:HARILAL S;40011112:HARILAL S;40011112:HARILAL S', 9.0, u'']
check 'BGEP101_SEM1_2018' 'BGEP101'
processXLS: only for SEM2 [u'BGEP101_SEM1_2018', u'BGEP101_SEM1_2017', u'BGEP101', u'BASICS OF GEOPOLITICS', u'BCCYC1', u'BC:  CHILD AND YOUTH CARE', u'21', u'SEMESTER 1', u'D1', u'Durban Campus Full-time', u'A', u'40000181:TIMM D N;40011112:HARILAL S;40011112:HARILAL S;40011112:HARILAL S;40011112:HARILAL S;40011112:HARILAL S', 9.0, u'']
[u'', u'', u'', u'', u'', u'', u'', u'', u'', u'', u'', u'', u'', u'']
check '' ''
[u'CLDV101_SEM2_2018', u'CLDV101_SEM2_2017', u'CLDV101', u'CULTURAL DIVERSITY', u'DISHL1', u'DIPLOMA IN SHIPPING AND LOGISTICS', u'22', u'SEMESTER 2', u'D1', u'Durban Campus Full-time', u'A', u'40000181:TIMM D N', 15.0, u'']
check 'CLDV101_SEM2_2018' 'CLDV101'
adding  CLDV101
requesting:  http://10.0.100.98:8000/bbinfo/matching_courses/CLDV101%25
r= <Response [200]>
matching classes= set([u'CLDV101_YEAR_2016', u'CLDV101_SEM2_2017', u'CLDV101_SEM2_2018'])
[u'', u'', u'', u'', u'', u'', u'', u'', u'', u'', u'', u'', u'', u'']
check '' ''
[u'CLHR101_SEM2_2018', u'CLHR101_SEM2_2017', u'CLHR101', u'CONSTITUTIONAL LAW AND HUMAN RIGHTS', u'DISHL1', u'DIPLOMA IN SHIPPING AND LOGISTICS', u'22', u'SEMESTER 2', u'D1', u'Durban Campus Full-time', u'A', u'50000639:ROSELT;40000536:GONSALVES;40000181:TIMM', 49.0, u'']
check 'CLHR101_SEM2_2018' 'CLHR101'
adding  CLHR101
requesting:  http://10.0.100.98:8000/bbinfo/matching_courses/CLHR101%25
r= <Response [200]>
matching classes= set([u'CLHR101_SEM2_2017', u'CLHR101_ALL_2016', u'CLHR101_SEM2_2018'])
[u'', u'', u'', u'', u'', u'', u'', u'', u'', u'', u'', u'', u'', u'']
check '' ''
[u'CSTN101_SEM2_2018', u'CSTN101_SEM2_2017', u'CSTN101', u'CORNERSTONE 101 ', u'BCCYC1', u'BC:  CHILD AND YOUTH CARE', 21.0, u'SEMESTER 1', u'D1', u'Durban Campus Full-time', u'A', u'40008544:HEMSON;40000536:GONSALVES;40000181:TIMM', 2.0, u'']
check 'CSTN101_SEM2_2018' 'CSTN101'
processXLS: only for SEM2 [u'CSTN101_SEM2_2018', u'CSTN101_SEM2_2017', u'CSTN101', u'CORNERSTONE 101 ', u'BCCYC1', u'BC:  CHILD AND YOUTH CARE', 21.0, u'SEMESTER 1', u'D1', u'Durban Campus Full-time', u'A', u'40008544:HEMSON;40000536:GONSALVES;40000181:TIMM', 2.0, u'']
[u'CSTN101_SEM1_2018', u'CSTN101_SEM1_2017', u'CSTN101', u'CORNERSTONE 101', u'BHMOP3', u'BH:  MEDICAL ORTHOTICS AND PROSTHETICS', u'21', u'SEMESTER 1', u'D1', u'Durban Campus Full-time', u'A', u'40008544:HEMSON;40000536:GONSALVES;40000181:TIMM', 35.0, u'']
check 'CSTN101_SEM1_2018' 'CSTN101'
processXLS: only for SEM2 [u'CSTN101_SEM1_2018', u'CSTN101_SEM1_2017', u'CSTN101', u'CORNERSTONE 101', u'BHMOP3', u'BH:  MEDICAL ORTHOTICS AND PROSTHETICS', u'21', u'SEMESTER 1', u'D1', u'Durban Campus Full-time', u'A', u'40008544:HEMSON;40000536:GONSALVES;40000181:TIMM', 35.0, u'']
[u'CSTN101_SEM1_2018', u'CSTN101_SEM1_2017', u'CSTN101', u'CORNERSTONE 101', u'DIIAD1', u'DIP IN INFO & COMM TECH IN APP DEV', u'21', u'SEMESTER 1', u'D1', u'Durban Campus Full-time', u'A', u'40008544:HEMSON;40000536:GONSALVES;40000181:TIMM', 480.0, u'']
check 'CSTN101_SEM1_2018' 'CSTN101'
processXLS: only for SEM2 [u'CSTN101_SEM1_2018', u'CSTN101_SEM1_2017', u'CSTN101', u'CORNERSTONE 101', u'DIIAD1', u'DIP IN INFO & COMM TECH IN APP DEV', u'21', u'SEMESTER 1', u'D1', u'Durban Campus Full-time', u'A', u'40008544:HEMSON;40000536:GONSALVES;40000181:TIMM', 480.0, u'']
[u'CSTN101_SEM1_2018', u'CSTN101_SEM1_2017', u'CSTN101', u'CORNERSTONE 101', u'DIIAF1', u'DIP  INFO & COMM TECH/APP DEV (4 YEARS)', u'21', u'SEMESTER 1', u'D1', u'Durban Campus Full-time', u'A', u'40008544:HEMSON;40000536:GONSALVES;40000181:TIMM', 61.0, u'']
check 'CSTN101_SEM1_2018' 'CSTN101'
processXLS: only for SEM2 [u'CSTN101_SEM1_2018', u'CSTN101_SEM1_2017', u'CSTN101', u'CORNERSTONE 101', u'DIIAF1', u'DIP  INFO & COMM TECH/APP DEV (4 YEARS)', u'21', u'SEMESTER 1', u'D1', u'Durban Campus Full-time', u'A', u'40008544:HEMSON;40000536:GONSALVES;40000181:TIMM', 61.0, u'']
[u'CSTN101_SEM1_2018', u'CSTN101_SEM1_2017', u'CSTN101', u'CORNERSTONE 101', u'DIMBA1', u'DIP IN MANAGEMENT SCIENCES (BUS ADMIN)', u'21', u'SEMESTER 1', u'D1', u'Durban Campus Full-time', u'A', u'40008544:HEMSON;40000536:GONSALVES;40000181:TIMM', 1.0, u'']
check 'CSTN101_SEM1_2018' 'CSTN101'
processXLS: only for SEM2 [u'CSTN101_SEM1_2018', u'CSTN101_SEM1_2017', u'CSTN101', u'CORNERSTONE 101', u'DIMBA1', u'DIP IN MANAGEMENT SCIENCES (BUS ADMIN)', u'21', u'SEMESTER 1', u'D1', u'Durban Campus Full-time', u'A', u'40008544:HEMSON;40000536:GONSALVES;40000181:TIMM', 1.0, u'']
[u'CSTN101_SEM1_2018', u'CSTN101_SEM1_2017', u'CSTN101', u'CORNERSTONE 101', u'DIMBA1', u'DIP IN MANAGEMENT SCIENCES (BUS ADMIN)', u'21', u'SEMESTER 1', u'P1', u'Pietermaritzburg Full-time', u'B', u'40008544:HEMSON;40000536:GONSALVES;40000181:TIMM', 85.0, u'Please create a separate class for all the p1 offerings together']
check 'CSTN101_SEM1_2018' 'CSTN101'
processXLS: only for SEM2 [u'CSTN101_SEM1_2018', u'CSTN101_SEM1_2017', u'CSTN101', u'CORNERSTONE 101', u'DIMBA1', u'DIP IN MANAGEMENT SCIENCES (BUS ADMIN)', u'21', u'SEMESTER 1', u'P1', u'Pietermaritzburg Full-time', u'B', u'40008544:HEMSON;40000536:GONSALVES;40000181:TIMM', 85.0, u'Please create a separate class for all the p1 offerings together']
[u'CSTN101_SEM1_2018', u'CSTN101_SEM1_2017', u'CSTN101', u'CORNERSTONE 101', u'DIMBL1', u'DIP IN MANAGEMENT SCIENCES (BUS LAW)', u'21', u'SEMESTER 1', u'D1', u'Durban Campus Full-time', u'A', u'40008544:HEMSON;40000536:GONSALVES;40000181:TIMM', 75.0, u'']
check 'CSTN101_SEM1_2018' 'CSTN101'
processXLS: only for SEM2 [u'CSTN101_SEM1_2018', u'CSTN101_SEM1_2017', u'CSTN101', u'CORNERSTONE 101', u'DIMBL1', u'DIP IN MANAGEMENT SCIENCES (BUS LAW)', u'21', u'SEMESTER 1', u'D1', u'Durban Campus Full-time', u'A', u'40008544:HEMSON;40000536:GONSALVES;40000181:TIMM', 75.0, u'']
[u'CSTN101_SEM1_2018', u'CSTN101_SEM1_2017', u'CSTN101', u'CORNERSTONE 101', u'DIMBS1', u'DIP IN MANAGEMENT SCIENCES (BUS ADMIN)', u'21', u'SEMESTER 1', u'D1', u'Durban Campus Full-time', u'A', u'40008544:HEMSON;40000536:GONSALVES;40000181:TIMM', 157.0, u'']
check 'CSTN101_SEM1_2018' 'CSTN101'
processXLS: only for SEM2 [u'CSTN101_SEM1_2018', u'CSTN101_SEM1_2017', u'CSTN101', u'CORNERSTONE 101', u'DIMBS1', u'DIP IN MANAGEMENT SCIENCES (BUS ADMIN)', u'21', u'SEMESTER 1', u'D1', u'Durban Campus Full-time', u'A', u'40008544:HEMSON;40000536:GONSALVES;40000181:TIMM', 157.0, u'']
[u'CSTN101_SEM1_2018', u'CSTN101_SEM1_2017', u'CSTN101', u'CORNERSTONE 101', u'DIMHM1', u'DIP IN MANAGEMENT SCIENCES (HUMAN RES)', u'21', u'SEMESTER 1', u'P1', u'Pietermaritzburg Full-time', u'A', u'40008544:HEMSON;40000536:GONSALVES;40000181:TIMM', 1.0, u'']
check 'CSTN101_SEM1_2018' 'CSTN101'
processXLS: only for SEM2 [u'CSTN101_SEM1_2018', u'CSTN101_SEM1_2017', u'CSTN101', u'CORNERSTONE 101', u'DIMHM1', u'DIP IN MANAGEMENT SCIENCES (HUMAN RES)', u'21', u'SEMESTER 1', u'P1', u'Pietermaritzburg Full-time', u'A', u'40008544:HEMSON;40000536:GONSALVES;40000181:TIMM', 1.0, u'']
[u'CSTN101_SEM1_2018', u'CSTN101_SEM1_2017', u'CSTN101', u'CORNERSTONE 101', u'DIMHM1', u'DIP IN MANAGEMENT SCIENCES (HUMAN RES)', u'21', u'SEMESTER 1', u'P1', u'Pietermaritzburg Full-time', u'C', u'40008544:HEMSON;40000536:GONSALVES;40000181:TIMM', 117.0, u'']
check 'CSTN101_SEM1_2018' 'CSTN101'
processXLS: only for SEM2 [u'CSTN101_SEM1_2018', u'CSTN101_SEM1_2017', u'CSTN101', u'CORNERSTONE 101', u'DIMHM1', u'DIP IN MANAGEMENT SCIENCES (HUMAN RES)', u'21', u'SEMESTER 1', u'P1', u'Pietermaritzburg Full-time', u'C', u'40008544:HEMSON;40000536:GONSALVES;40000181:TIMM', 117.0, u'']
[u'CSTN101_SEM1_2018', u'CSTN101_SEM1_2017', u'CSTN101', u'CORNERSTONE 101', u'DIMHR1', u'DIP IN MANAGEMENT SCIENCES (HUMAN RES)', u'21', u'SEMESTER 1', u'D1', u'Durban Campus Full-time', u'A', u'40008544:HEMSON;40000536:GONSALVES;40000181:TIMM', 190.0, u'']
check 'CSTN101_SEM1_2018' 'CSTN101'
processXLS: only for SEM2 [u'CSTN101_SEM1_2018', u'CSTN101_SEM1_2017', u'CSTN101', u'CORNERSTONE 101', u'DIMHR1', u'DIP IN MANAGEMENT SCIENCES (HUMAN RES)', u'21', u'SEMESTER 1', u'D1', u'Durban Campus Full-time', u'A', u'40008544:HEMSON;40000536:GONSALVES;40000181:TIMM', 190.0, u'']
[u'CSTN101_SEM1_2018', u'CSTN101_SEM1_2017', u'CSTN101', u'CORNERSTONE 101', u'DIMHR1', u'DIP IN MANAGEMENT SCIENCES (HUMAN RES)', u'21', u'SEMESTER 1', u'D3', u'Durban Campus Part-time', u'A', u'40008544:HEMSON;40000536:GONSALVES;40000181:TIMM', 24.0, u'Please create a separate class for all the D3 offerings together']
check 'CSTN101_SEM1_2018' 'CSTN101'
processXLS: only for SEM2 [u'CSTN101_SEM1_2018', u'CSTN101_SEM1_2017', u'CSTN101', u'CORNERSTONE 101', u'DIMHR1', u'DIP IN MANAGEMENT SCIENCES (HUMAN RES)', u'21', u'SEMESTER 1', u'D3', u'Durban Campus Part-time', u'A', u'40008544:HEMSON;40000536:GONSALVES;40000181:TIMM', 24.0, u'Please create a separate class for all the D3 offerings together']
[u'CSTN101_SEM1_2018', u'CSTN101_SEM1_2017', u'CSTN101', u'CORNERSTONE 101', u'DIMMK1', u'DIP IN MANAGEMENT SCIENCES (MARKETING)', u'21', u'SEMESTER 1', u'D1', u'Durban Campus Full-time', u'A', u'40008544:HEMSON;40000536:GONSALVES;40000181:TIMM', 150.0, u'']
check 'CSTN101_SEM1_2018' 'CSTN101'
processXLS: only for SEM2 [u'CSTN101_SEM1_2018', u'CSTN101_SEM1_2017', u'CSTN101', u'CORNERSTONE 101', u'DIMMK1', u'DIP IN MANAGEMENT SCIENCES (MARKETING)', u'21', u'SEMESTER 1', u'D1', u'Durban Campus Full-time', u'A', u'40008544:HEMSON;40000536:GONSALVES;40000181:TIMM', 150.0, u'']
[u'CSTN101_SEM1_2018', u'CSTN101_SEM1_2017', u'CSTN101', u'CORNERSTONE 101', u'DIMOR1', u'DIP IN MANAGEMENT SCIENCES (OPERATIONS)', u'21', u'SEMESTER 1', u'D1', u'Durban Campus Full-time', u'A', u'40008544:HEMSON;40000536:GONSALVES;40000181:TIMM', 95.0, u'']
check 'CSTN101_SEM1_2018' 'CSTN101'
processXLS: only for SEM2 [u'CSTN101_SEM1_2018', u'CSTN101_SEM1_2017', u'CSTN101', u'CORNERSTONE 101', u'DIMOR1', u'DIP IN MANAGEMENT SCIENCES (OPERATIONS)', u'21', u'SEMESTER 1', u'D1', u'Durban Campus Full-time', u'A', u'40008544:HEMSON;40000536:GONSALVES;40000181:TIMM', 95.0, u'']
[u'CSTN101_SEM1_2018', u'CSTN101_SEM1_2017', u'CSTN101', u'CORNERSTONE 101', u'DIMOR1', u'DIP IN MANAGEMENT SCIENCES (OPERATIONS)', u'21', u'SEMESTER 1', u'D3', u'Durban Campus Part-time', u'A', u'40008544:HEMSON;40000536:GONSALVES;40000181:TIMM', 96.0, u'Please create a separate class for all the D3 offerings together']
check 'CSTN101_SEM1_2018' 'CSTN101'
processXLS: only for SEM2 [u'CSTN101_SEM1_2018', u'CSTN101_SEM1_2017', u'CSTN101', u'CORNERSTONE 101', u'DIMOR1', u'DIP IN MANAGEMENT SCIENCES (OPERATIONS)', u'21', u'SEMESTER 1', u'D3', u'Durban Campus Part-time', u'A', u'40008544:HEMSON;40000536:GONSALVES;40000181:TIMM', 96.0, u'Please create a separate class for all the D3 offerings together']
[u'CSTN101_SEM1_2018', u'CSTN101_SEM1_2017', u'CSTN101', u'CORNERSTONE 101', u'DIMPC1', u'DIP IN MANAGEMENT SCIENCES (PR AND COMM)', u'21', u'SEMESTER 1', u'P1', u'Pietermaritzburg Full-time', u'A', u'40008544:HEMSON;40000536:GONSALVES;40000181:TIMM', 82.0, u'please create a sep class for all the p1 offerings together']
check 'CSTN101_SEM1_2018' 'CSTN101'
processXLS: only for SEM2 [u'CSTN101_SEM1_2018', u'CSTN101_SEM1_2017', u'CSTN101', u'CORNERSTONE 101', u'DIMPC1', u'DIP IN MANAGEMENT SCIENCES (PR AND COMM)', u'21', u'SEMESTER 1', u'P1', u'Pietermaritzburg Full-time', u'A', u'40008544:HEMSON;40000536:GONSALVES;40000181:TIMM', 82.0, u'please create a sep class for all the p1 offerings together']
[u'CSTN101_SEM1_2018', u'CSTN101_SEM1_2017', u'CSTN101', u'CORNERSTONE 101', u'DIMPR1', u'DIP IN MANAGEMENT SCIENCES (PR & COMM MN', u'21', u'SEMESTER 1', u'D1', u'Durban Campus Full-time', u'A', u'40008544:HEMSON;40000536:GONSALVES;40000181:TIMM', 102.0, u'']
check 'CSTN101_SEM1_2018' 'CSTN101'
processXLS: only for SEM2 [u'CSTN101_SEM1_2018', u'CSTN101_SEM1_2017', u'CSTN101', u'CORNERSTONE 101', u'DIMPR1', u'DIP IN MANAGEMENT SCIENCES (PR & COMM MN', u'21', u'SEMESTER 1', u'D1', u'Durban Campus Full-time', u'A', u'40008544:HEMSON;40000536:GONSALVES;40000181:TIMM', 102.0, u'']
[u'CSTN101_SEM1_2018', u'CSTN101_SEM1_2017', u'CSTN101', u'CORNERSTONE 101', u'DIMRM1', u'DIP IN MANAGEMENT SCIENCES (RETAIL MAN)', u'21', u'SEMESTER 1', u'D1', u'Durban Campus Full-time', u'A', u'40008544:HEMSON;40000536:GONSALVES;40000181:TIMM', 97.0, u'']
check 'CSTN101_SEM1_2018' 'CSTN101'
processXLS: only for SEM2 [u'CSTN101_SEM1_2018', u'CSTN101_SEM1_2017', u'CSTN101', u'CORNERSTONE 101', u'DIMRM1', u'DIP IN MANAGEMENT SCIENCES (RETAIL MAN)', u'21', u'SEMESTER 1', u'D1', u'Durban Campus Full-time', u'A', u'40008544:HEMSON;40000536:GONSALVES;40000181:TIMM', 97.0, u'']
[u'CSTN101_SEM1_2018', u'CSTN101_SEM1_2017', u'CSTN101', u'CORNERSTONE 101', u'DINAU1', u'DIPLOMA IN NAUTICAL STUDIES', u'21', u'SEMESTER 1', u'D1', u'Durban Campus Full-time', u'A', u'40008544:HEMSON;40000536:GONSALVES;40000181:TIMM', 61.0, u'']
check 'CSTN101_SEM1_2018' 'CSTN101'
processXLS: only for SEM2 [u'CSTN101_SEM1_2018', u'CSTN101_SEM1_2017', u'CSTN101', u'CORNERSTONE 101', u'DINAU1', u'DIPLOMA IN NAUTICAL STUDIES', u'21', u'SEMESTER 1', u'D1', u'Durban Campus Full-time', u'A', u'40008544:HEMSON;40000536:GONSALVES;40000181:TIMM', 61.0, u'']
[u'CSTN101_SEM1_2018', u'CSTN101_SEM1_2017', u'CSTN101', u'CORNERSTONE 101', u'DISHL1', u'DIPLOMA IN SHIPPING AND LOGISTICS', u'21', u'SEMESTER 1', u'D1', u'Durban Campus Full-time', u'A', u'40008544:HEMSON;40000536:GONSALVES;40000181:TIMM', 59.0, u'']
check 'CSTN101_SEM1_2018' 'CSTN101'
processXLS: only for SEM2 [u'CSTN101_SEM1_2018', u'CSTN101_SEM1_2017', u'CSTN101', u'CORNERSTONE 101', u'DISHL1', u'DIPLOMA IN SHIPPING AND LOGISTICS', u'21', u'SEMESTER 1', u'D1', u'Durban Campus Full-time', u'A', u'40008544:HEMSON;40000536:GONSALVES;40000181:TIMM', 59.0, u'']
[u'CSTN101_SEM1_2018', u'CSTN101_SEM1_2017', u'CSTN101', u'CORNERSTONE 101', u'DICVE1', u'DIP ENG TECH IN CIVIL ENGINEERING', u'21', u'SEMESTER 1', u'I1', u'Durban Campus Full-time', u'A', u'40008544:HEMSON;40000536:GONSALVES;40000181:TIMM', 59.0, u'']
check 'CSTN101_SEM1_2018' 'CSTN101'
processXLS: only for SEM2 [u'CSTN101_SEM1_2018', u'CSTN101_SEM1_2017', u'CSTN101', u'CORNERSTONE 101', u'DICVE1', u'DIP ENG TECH IN CIVIL ENGINEERING', u'21', u'SEMESTER 1', u'I1', u'Durban Campus Full-time', u'A', u'40008544:HEMSON;40000536:GONSALVES;40000181:TIMM', 59.0, u'']
[u'', u'', u'', u'', u'', u'', u'', u'', u'', u'', u'', u'', u'', u'']
check '' ''
[u'CSTN101_SEM2_2018', u'CSTN101_SEM2_2017', u'CSTN101', u'CORNERSTONE 101', u'BCCYC2', u'BC:  CHILD AND YOUTH CARE', u'22', u'SEMESTER 2', u'D1', u'Durban Campus Full-time', u'A', u'40008544:HEMSON;40000536:GONSALVES;40000181:TIMM', 37.0, u'']
check 'CSTN101_SEM2_2018' 'CSTN101'
adding  CSTN101
requesting:  http://10.0.100.98:8000/bbinfo/matching_courses/CSTN101%25
r= <Response [200]>
matching classes= set([u'CSTN101_YEAR_2016', u'CSTN101_SEM1_P1_2018', u'CSTN101_SEM1_D3_2018', u'CSTN101_SEM2_2018', u'CSTN101_SEM1_I1_2018', u'CSTN101_SEM1_D1_2018', u'CSTN101_SEM1_2017', u'CSTN101_SEM2_2017', u'CSTN101_SEM2_2016'])
[u'CSTN101_SEM2_2018', u'CSTN101_SEM2_2017', u'CSTN101', u'CORNERSTONE 101', u'BHDRD1', u'BHSC IN DIAGNOSTIC RADIOGRAPHY', u'22', u'SEMESTER 2', u'D1', u'Durban Campus Full-time', u'A', u'40008544:HEMSON;40000536:GONSALVES;40000181:TIMM', 45.0, u'']
check 'CSTN101_SEM2_2018' 'CSTN101'
adding  CSTN101
requesting:  http://10.0.100.98:8000/bbinfo/matching_courses/CSTN101%25
r= <Response [200]>
matching classes= set([u'CSTN101_YEAR_2016', u'CSTN101_SEM1_P1_2018', u'CSTN101_SEM1_D3_2018', u'CSTN101_SEM2_2018', u'CSTN101_SEM1_I1_2018', u'CSTN101_SEM1_D1_2018', u'CSTN101_SEM1_2017', u'CSTN101_SEM2_2017', u'CSTN101_SEM2_2016'])
[u'CSTN101_SEM2_2018', u'CSTN101_SEM2_2017', u'CSTN101', u'CORNERSTONE 101', u'BHDSN1', u'BHSC IN DIAGNOSTIC SONOGRAPHY', u'22', u'SEMESTER 2', u'D1', u'Durban Campus Full-time', u'A', u'40008544:HEMSON;40000536:GONSALVES;40000181:TIMM', 7.0, u'']
check 'CSTN101_SEM2_2018' 'CSTN101'
adding  CSTN101
requesting:  http://10.0.100.98:8000/bbinfo/matching_courses/CSTN101%25
r= <Response [200]>
matching classes= set([u'CSTN101_YEAR_2016', u'CSTN101_SEM1_P1_2018', u'CSTN101_SEM1_D3_2018', u'CSTN101_SEM2_2018', u'CSTN101_SEM1_I1_2018', u'CSTN101_SEM1_D1_2018', u'CSTN101_SEM1_2017', u'CSTN101_SEM2_2017', u'CSTN101_SEM2_2016'])
[u'CSTN101_SEM2_2018', u'CSTN101_SEM2_2017', u'CSTN101', u'CORNERSTONE 101', u'BHEVH1', u'BH:  ENVIRONMENTAL HEALTH', u'22', u'SEMESTER 2', u'D1', u'Durban Campus Full-time', u'A', u'40008544:HEMSON;40000536:GONSALVES;40000181:TIMM', 26.0, u'']
check 'CSTN101_SEM2_2018' 'CSTN101'
adding  CSTN101
requesting:  http://10.0.100.98:8000/bbinfo/matching_courses/CSTN101%25
r= <Response [200]>
matching classes= set([u'CSTN101_YEAR_2016', u'CSTN101_SEM1_P1_2018', u'CSTN101_SEM1_D3_2018', u'CSTN101_SEM2_2018', u'CSTN101_SEM1_I1_2018', u'CSTN101_SEM1_D1_2018', u'CSTN101_SEM1_2017', u'CSTN101_SEM2_2017', u'CSTN101_SEM2_2016'])
[u'CSTN101_SEM2_2018', u'CSTN101_SEM2_2017', u'CSTN101', u'CORNERSTONE 101', u'BHHMF1', u'BH:  HOMOEOPATHY (5 YEARS)', u'22', u'SEMESTER 2', u'D1', u'Durban Campus Full-time', u'A', u'40008544:HEMSON;40000536:GONSALVES;40000181:TIMM', 3.0, u'']
check 'CSTN101_SEM2_2018' 'CSTN101'
adding  CSTN101
requesting:  http://10.0.100.98:8000/bbinfo/matching_courses/CSTN101%25
r= <Response [200]>
matching classes= set([u'CSTN101_YEAR_2016', u'CSTN101_SEM1_P1_2018', u'CSTN101_SEM1_D3_2018', u'CSTN101_SEM2_2018', u'CSTN101_SEM1_I1_2018', u'CSTN101_SEM1_D1_2018', u'CSTN101_SEM1_2017', u'CSTN101_SEM2_2017', u'CSTN101_SEM2_2016'])
[u'CSTN101_SEM2_2018', u'CSTN101_SEM2_2017', u'CSTN101', u'CORNERSTONE 101', u'BHHOM1', u'BH:  HOMOEOPATHY', u'22', u'SEMESTER 2', u'D1', u'Durban Campus Full-time', u'A', u'40008544:HEMSON;40000536:GONSALVES;40000181:TIMM', 21.0, u'']
check 'CSTN101_SEM2_2018' 'CSTN101'
adding  CSTN101
requesting:  http://10.0.100.98:8000/bbinfo/matching_courses/CSTN101%25
r= <Response [200]>
matching classes= set([u'CSTN101_YEAR_2016', u'CSTN101_SEM1_P1_2018', u'CSTN101_SEM1_D3_2018', u'CSTN101_SEM2_2018', u'CSTN101_SEM1_I1_2018', u'CSTN101_SEM1_D1_2018', u'CSTN101_SEM1_2017', u'CSTN101_SEM2_2017', u'CSTN101_SEM2_2016'])
[u'CSTN101_SEM2_2018', u'CSTN101_SEM2_2017', u'CSTN101', u'CORNERSTONE 101', u'BHNMD1', u'BHSC IN NUCLEAR MEDICINE', u'22', u'SEMESTER 2', u'D1', u'Durban Campus Full-time', u'A', u'40008544:HEMSON;40000536:GONSALVES;40000181:TIMM', 7.0, u'']
check 'CSTN101_SEM2_2018' 'CSTN101'
adding  CSTN101
requesting:  http://10.0.100.98:8000/bbinfo/matching_courses/CSTN101%25
r= <Response [200]>
matching classes= set([u'CSTN101_YEAR_2016', u'CSTN101_SEM1_P1_2018', u'CSTN101_SEM1_D3_2018', u'CSTN101_SEM2_2018', u'CSTN101_SEM1_I1_2018', u'CSTN101_SEM1_D1_2018', u'CSTN101_SEM1_2017', u'CSTN101_SEM2_2017', u'CSTN101_SEM2_2016'])
[u'CSTN101_SEM2_2018', u'CSTN101_SEM2_2017', u'CSTN101', u'CORNERSTONE 101', u'BHRDT1', u'BHSC IN RADIOTHERAPY', u'22', u'SEMESTER 2', u'D1', u'Durban Campus Full-time', u'A', u'40008544:HEMSON;40000536:GONSALVES;40000181:TIMM', 10.0, u'']
check 'CSTN101_SEM2_2018' 'CSTN101'
adding  CSTN101
requesting:  http://10.0.100.98:8000/bbinfo/matching_courses/CSTN101%25
r= <Response [200]>
matching classes= set([u'CSTN101_YEAR_2016', u'CSTN101_SEM1_P1_2018', u'CSTN101_SEM1_D3_2018', u'CSTN101_SEM2_2018', u'CSTN101_SEM1_I1_2018', u'CSTN101_SEM1_D1_2018', u'CSTN101_SEM1_2017', u'CSTN101_SEM2_2017', u'CSTN101_SEM2_2016'])
[u'CSTN101_SEM2_2018', u'CSTN101_SEM2_2017', u'CSTN101', u'CORNERSTONE 101 Repeats', u'DIMBL1', u'DIP IN MANAGEMENT SCIENCES (BUS LAW)', u'22', u'SEMESTER 2', u'D1', u'Durban Campus Full-time', u'A', u'40008544:HEMSON;40000536:GONSALVES;40000181:TIMM', 3.0, u'']
check 'CSTN101_SEM2_2018' 'CSTN101'
adding  CSTN101
requesting:  http://10.0.100.98:8000/bbinfo/matching_courses/CSTN101%25
r= <Response [200]>
matching classes= set([u'CSTN101_YEAR_2016', u'CSTN101_SEM1_P1_2018', u'CSTN101_SEM1_D3_2018', u'CSTN101_SEM2_2018', u'CSTN101_SEM1_I1_2018', u'CSTN101_SEM1_D1_2018', u'CSTN101_SEM1_2017', u'CSTN101_SEM2_2017', u'CSTN101_SEM2_2016'])
[u'CSTN101_SEM2_2018', u'CSTN101_SEM2_2017', u'CSTN101', u'CORNERSTONE 101', u'DIMBS1', u'DIP IN MANAGEMENT SCIENCES (BUS ADMIN)', u'22', u'SEMESTER 2', u'D1', u'Durban Campus Full-time', u'A', u'40008544:HEMSON;40000536:GONSALVES;40000181:TIMM', 2.0, u'']
check 'CSTN101_SEM2_2018' 'CSTN101'
adding  CSTN101
requesting:  http://10.0.100.98:8000/bbinfo/matching_courses/CSTN101%25
r= <Response [200]>
matching classes= set([u'CSTN101_YEAR_2016', u'CSTN101_SEM1_P1_2018', u'CSTN101_SEM1_D3_2018', u'CSTN101_SEM2_2018', u'CSTN101_SEM1_I1_2018', u'CSTN101_SEM1_D1_2018', u'CSTN101_SEM1_2017', u'CSTN101_SEM2_2017', u'CSTN101_SEM2_2016'])
[u'CSTN101_SEM2_2018', u'CSTN101_SEM2_2017', u'CSTN101', u'CORNERSTONE 101', u'DIMOR1', u'DIP IN MANAGEMENT SCIENCES (OPERATIONS)', u'22', u'SEMESTER 2', u'D1', u'Durban Campus Full-time', u'A', u'40008544:HEMSON;40000536:GONSALVES;40000181:TIMM', 2.0, u'']
check 'CSTN101_SEM2_2018' 'CSTN101'
adding  CSTN101
requesting:  http://10.0.100.98:8000/bbinfo/matching_courses/CSTN101%25
r= <Response [200]>
matching classes= set([u'CSTN101_YEAR_2016', u'CSTN101_SEM1_P1_2018', u'CSTN101_SEM1_D3_2018', u'CSTN101_SEM2_2018', u'CSTN101_SEM1_I1_2018', u'CSTN101_SEM1_D1_2018', u'CSTN101_SEM1_2017', u'CSTN101_SEM2_2017', u'CSTN101_SEM2_2016'])
[u'CSTN101_SEM2_2018', u'CSTN101_SEM2_2017', u'CSTN101', u'CORNERSTONE 101', u'DIMPR1', u'DIP IN MANAGEMENT SCIENCES (PR & COMM MN', u'22', u'SEMESTER 2', u'D1', u'Durban Campus Full-time', u'A', u'40008544:HEMSON;40000536:GONSALVES;40000181:TIMM', 2.0, u'']
check 'CSTN101_SEM2_2018' 'CSTN101'
adding  CSTN101
requesting:  http://10.0.100.98:8000/bbinfo/matching_courses/CSTN101%25
r= <Response [200]>
matching classes= set([u'CSTN101_YEAR_2016', u'CSTN101_SEM1_P1_2018', u'CSTN101_SEM1_D3_2018', u'CSTN101_SEM2_2018', u'CSTN101_SEM1_I1_2018', u'CSTN101_SEM1_D1_2018', u'CSTN101_SEM1_2017', u'CSTN101_SEM2_2017', u'CSTN101_SEM2_2016'])
[u'CSTN101_SEM2_2018', u'CSTN101_SEM2_2017', u'CSTN101', u'CORNERSTONE 101', u'DIMRM1', u'DIP IN MANAGEMENT SCIENCES (RETAIL MAN)', u'22', u'SEMESTER 2', u'D1', u'Durban Campus Full-time', u'A', u'40008544:HEMSON;40000536:GONSALVES;40000181:TIMM', 1.0, u'']
check 'CSTN101_SEM2_2018' 'CSTN101'
adding  CSTN101
requesting:  http://10.0.100.98:8000/bbinfo/matching_courses/CSTN101%25
r= <Response [200]>
matching classes= set([u'CSTN101_YEAR_2016', u'CSTN101_SEM1_P1_2018', u'CSTN101_SEM1_D3_2018', u'CSTN101_SEM2_2018', u'CSTN101_SEM1_I1_2018', u'CSTN101_SEM1_D1_2018', u'CSTN101_SEM1_2017', u'CSTN101_SEM2_2017', u'CSTN101_SEM2_2016'])
[u'CSTN101_SEM2_2018', u'CSTN101_SEM2_2017', u'CSTN101', u'CORNERSTONE 101', u'DINAU1', u'DIPLOMA IN NAUTICAL STUDIES', u'22', u'SEMESTER 2', u'D1', u'Durban Campus Full-time', u'A', u'40008544:HEMSON;40000536:GONSALVES;40000181:TIMM', 1.0, u'']
check 'CSTN101_SEM2_2018' 'CSTN101'
adding  CSTN101
requesting:  http://10.0.100.98:8000/bbinfo/matching_courses/CSTN101%25
r= <Response [200]>
matching classes= set([u'CSTN101_YEAR_2016', u'CSTN101_SEM1_P1_2018', u'CSTN101_SEM1_D3_2018', u'CSTN101_SEM2_2018', u'CSTN101_SEM1_I1_2018', u'CSTN101_SEM1_D1_2018', u'CSTN101_SEM1_2017', u'CSTN101_SEM2_2017', u'CSTN101_SEM2_2016'])
[u'CSTN101_SEM2_2018', u'CSTN101_SEM2_2017', u'CSTN101', u'CORNERSTONE 101', u'DISHL1', u'DIPLOMA IN SHIPPING AND LOGISTICS', u'22', u'SEMESTER 2', u'D1', u'Durban Campus Full-time', u'A', u'40008544:HEMSON;40000536:GONSALVES;40000181:TIMM', 2.0, u'']
check 'CSTN101_SEM2_2018' 'CSTN101'
adding  CSTN101
requesting:  http://10.0.100.98:8000/bbinfo/matching_courses/CSTN101%25
r= <Response [200]>
matching classes= set([u'CSTN101_YEAR_2016', u'CSTN101_SEM1_P1_2018', u'CSTN101_SEM1_D3_2018', u'CSTN101_SEM2_2018', u'CSTN101_SEM1_I1_2018', u'CSTN101_SEM1_D1_2018', u'CSTN101_SEM1_2017', u'CSTN101_SEM2_2017', u'CSTN101_SEM2_2016'])
[u'CSTN101_SEM2_2018', u'CSTN101_SEM2_2017', u'CSTN101', u'CORNERSTONE 101', u'HCPDM1', u'HIGHER CERTIFICATE IN PUBLIC ADMIN', u'22', u'SEMESTER 2', u'D1', u'Durban Campus Full-time', u'A', u'40008544:HEMSON;40000536:GONSALVES;40000181:TIMM', 1.0, u'']
check 'CSTN101_SEM2_2018' 'CSTN101'
adding  CSTN101
requesting:  http://10.0.100.98:8000/bbinfo/matching_courses/CSTN101%25
r= <Response [200]>
matching classes= set([u'CSTN101_YEAR_2016', u'CSTN101_SEM1_P1_2018', u'CSTN101_SEM1_D3_2018', u'CSTN101_SEM2_2018', u'CSTN101_SEM1_I1_2018', u'CSTN101_SEM1_D1_2018', u'CSTN101_SEM1_2017', u'CSTN101_SEM2_2017', u'CSTN101_SEM2_2016'])
[u'CSTN101_SEM2_2018', u'CSTN101_SEM2_2017', u'CSTN101', u'CORNERSTONE 101 (not sure - short course)', u'HCPDM1', u'HIGHER CERTIFICATE IN PUBLIC ADMIN', u'22', u'SEMESTER 2', u'D3', u'Durban Campus Part-time', u'A', u'40008544:HEMSON;40000536:GONSALVES;40000181:TIMM', 183.0, u'please create a separate class for D3 offering']
check 'CSTN101_SEM2_2018' 'CSTN101'
adding  CSTN101
requesting:  http://10.0.100.98:8000/bbinfo/matching_courses/CSTN101%25
r= <Response [200]>
matching classes= set([u'CSTN101_YEAR_2016', u'CSTN101_SEM1_P1_2018', u'CSTN101_SEM1_D3_2018', u'CSTN101_SEM2_2018', u'CSTN101_SEM1_I1_2018', u'CSTN101_SEM1_D1_2018', u'CSTN101_SEM1_2017', u'CSTN101_SEM2_2017', u'CSTN101_SEM2_2016'])
[u'CSTN101_SEM2_2018', u'CSTN101_SEM2_2017', u'CSTN101', u'CORNERSTONE 101', u'BHNSF1', u'BHSC IN NURSING (5 YEARS)', u'22', u'SEMESTER 2', u'I1', u'Indumiso ', u'A', u'40008544:HEMSON;40000536:GONSALVES;40000181:TIMM', 2.0, u'']
check 'CSTN101_SEM2_2018' 'CSTN101'
adding  CSTN101
requesting:  http://10.0.100.98:8000/bbinfo/matching_courses/CSTN101%25
r= <Response [200]>
matching classes= set([u'CSTN101_YEAR_2016', u'CSTN101_SEM1_P1_2018', u'CSTN101_SEM1_D3_2018', u'CSTN101_SEM2_2018', u'CSTN101_SEM1_I1_2018', u'CSTN101_SEM1_D1_2018', u'CSTN101_SEM1_2017', u'CSTN101_SEM2_2017', u'CSTN101_SEM2_2016'])
[u'CSTN101_SEM2_2018', u'CSTN101_SEM2_2017', u'CSTN101', u'CORNERSTONE 101', u'HCDNA1', u'HIGHER CERTIFICATE IN Dental assisting', u'22', u'SEMESTER 2', u'D1', u'Durban Campus Full-time', u'A', u'40008544:HEMSON;40000536:GONSALVES;40000181:TIMM', u'', u'']
check 'CSTN101_SEM2_2018' 'CSTN101'
adding  CSTN101
requesting:  http://10.0.100.98:8000/bbinfo/matching_courses/CSTN101%25
r= <Response [200]>
matching classes= set([u'CSTN101_YEAR_2016', u'CSTN101_SEM1_P1_2018', u'CSTN101_SEM1_D3_2018', u'CSTN101_SEM2_2018', u'CSTN101_SEM1_I1_2018', u'CSTN101_SEM1_D1_2018', u'CSTN101_SEM1_2017', u'CSTN101_SEM2_2017', u'CSTN101_SEM2_2016'])
[u'CSTN101_SEM2_2018', u'CSTN101_SEM2_2017', u'CSTN101', u'CORNERSTONE 101', u'HCSMS1', u'HIGHER CERTIFICATE IN SPORTS MANAGAMENT SCIENCE', u'22', u'SEMESTER 2', u'D1', u'Durban Campus Full-time', u'A', u'40008544:HEMSON;40000536:GONSALVES;40000181:TIMM', 1.0, u'']
check 'CSTN101_SEM2_2018' 'CSTN101'
adding  CSTN101
requesting:  http://10.0.100.98:8000/bbinfo/matching_courses/CSTN101%25
r= <Response [200]>
matching classes= set([u'CSTN101_YEAR_2016', u'CSTN101_SEM1_P1_2018', u'CSTN101_SEM1_D3_2018', u'CSTN101_SEM2_2018', u'CSTN101_SEM1_I1_2018', u'CSTN101_SEM1_D1_2018', u'CSTN101_SEM1_2017', u'CSTN101_SEM2_2017', u'CSTN101_SEM2_2016'])
[u'CSTN101_SEM2_2018', u'CSTN101_SEM2_2017', u'CSTN101', u'CORNERSTONE 101', u'DIBSM1', u'DIP IN BUSINESS AND INFORMATION MANAGEMENT', u'22', u'SEMESTER 2', u'P3', u'PIETERMARITZBURG', u'A', u'40008544:HEMSON;40000536:GONSALVES;40000181:TIMM', u'', u'CREATE SEPARARTE CLASS FOR ALL P3 OFFERINGS TOGETHER']
check 'CSTN101_SEM2_2018' 'CSTN101'
adding  CSTN101
requesting:  http://10.0.100.98:8000/bbinfo/matching_courses/CSTN101%25
r= <Response [200]>
matching classes= set([u'CSTN101_YEAR_2016', u'CSTN101_SEM1_P1_2018', u'CSTN101_SEM1_D3_2018', u'CSTN101_SEM2_2018', u'CSTN101_SEM1_I1_2018', u'CSTN101_SEM1_D1_2018', u'CSTN101_SEM1_2017', u'CSTN101_SEM2_2017', u'CSTN101_SEM2_2016'])
[u'CSTN101_SEM2_2018', u'CSTN101_SEM2_2017', u'CSTN101', u'CORNERSTONE 101', u'BHNSS1', u'BHSC IN NURSING (5 YEARS)', u'22', u'SEMESTER 2', u'I1', u'Indumiso ', u'A', u'40008544:HEMSON;40000536:GONSALVES;40000181:TIMM', u'', u'']
check 'CSTN101_SEM2_2018' 'CSTN101'
adding  CSTN101
requesting:  http://10.0.100.98:8000/bbinfo/matching_courses/CSTN101%25
r= <Response [200]>
matching classes= set([u'CSTN101_YEAR_2016', u'CSTN101_SEM1_P1_2018', u'CSTN101_SEM1_D3_2018', u'CSTN101_SEM2_2018', u'CSTN101_SEM1_I1_2018', u'CSTN101_SEM1_D1_2018', u'CSTN101_SEM1_2017', u'CSTN101_SEM2_2017', u'CSTN101_SEM2_2016'])
[u'CSTN101_SEM1_2018', u'CSTN101_SEM1_2017', u'CSTN101', u'CORNERSTONE 101', u'DICVE1', u'DIP ENG TECH IN CIVIL ENGINEERING', 22.0, u'SEMESTER 1', u'I1', u'Durban Campus Full-time', u'A', u'40008544:HEMSON;40000536:GONSALVES;40000181:TIMM', u'', u'']
check 'CSTN101_SEM1_2018' 'CSTN101'
processXLS: only for SEM2 [u'CSTN101_SEM1_2018', u'CSTN101_SEM1_2017', u'CSTN101', u'CORNERSTONE 101', u'DICVE1', u'DIP ENG TECH IN CIVIL ENGINEERING', 22.0, u'SEMESTER 1', u'I1', u'Durban Campus Full-time', u'A', u'40008544:HEMSON;40000536:GONSALVES;40000181:TIMM', u'', u'']
[u'', u'', u'', u'', u'', u'', u'', u'', u'', u'', u'', u'', u'', u'']
check '' ''
[u'EVST101_SEM1_2018', u'EVST101_SEM1_2017', u'EVST101', u'ENVIRONMENTAL SUSTAINABILITY', u'DIMBA1', u'DIP IN MANAGEMENT SCIENCES (BUS ADMIN)', u'21', u'SEMESTER 1', u'D1', u'Durban Campus Full-time', u'A', u'40000181:TIMM', 1.0, u'']
check 'EVST101_SEM1_2018' 'EVST101'
processXLS: only for SEM2 [u'EVST101_SEM1_2018', u'EVST101_SEM1_2017', u'EVST101', u'ENVIRONMENTAL SUSTAINABILITY', u'DIMBA1', u'DIP IN MANAGEMENT SCIENCES (BUS ADMIN)', u'21', u'SEMESTER 1', u'D1', u'Durban Campus Full-time', u'A', u'40000181:TIMM', 1.0, u'']
[u'EVST101_SEM1_2018', u'EVST101_SEM1_2017', u'EVST101', u'ENVIRONMENTAL SUSTAINABILITY', u'DIMBA1', u'DIP IN MANAGEMENT SCIENCES (BUS ADMIN)', u'21', u'SEMESTER 1', u'P1', u'Pietermaritzburg Full-time', u'B', u'40000181:TIMM', 85.0, u'']
check 'EVST101_SEM1_2018' 'EVST101'
processXLS: only for SEM2 [u'EVST101_SEM1_2018', u'EVST101_SEM1_2017', u'EVST101', u'ENVIRONMENTAL SUSTAINABILITY', u'DIMBA1', u'DIP IN MANAGEMENT SCIENCES (BUS ADMIN)', u'21', u'SEMESTER 1', u'P1', u'Pietermaritzburg Full-time', u'B', u'40000181:TIMM', 85.0, u'']
[u'EVST101_SEM1_2018', u'EVST101_SEM1_2017', u'EVST101', u'ENVIRONMENTAL SUSTAINABILITY', u'DIMBL1', u'DIP IN MANAGEMENT SCIENCES (BUS LAW)', u'21', u'SEMESTER 1', u'D1', u'Durban Campus Full-time', u'A', u'40000181:TIMM', 76.0, u'']
check 'EVST101_SEM1_2018' 'EVST101'
processXLS: only for SEM2 [u'EVST101_SEM1_2018', u'EVST101_SEM1_2017', u'EVST101', u'ENVIRONMENTAL SUSTAINABILITY', u'DIMBL1', u'DIP IN MANAGEMENT SCIENCES (BUS LAW)', u'21', u'SEMESTER 1', u'D1', u'Durban Campus Full-time', u'A', u'40000181:TIMM', 76.0, u'']
[u'EVST101_SEM1_2018', u'EVST101_SEM1_2017', u'EVST101', u'ENVIRONMENTAL SUSTAINABILITY', u'DIMBS1', u'DIP IN MANAGEMENT SCIENCES (BUS ADMIN)', u'21', u'SEMESTER 1', u'D1', u'Durban Campus Full-time', u'A', u'40000181:TIMM', 157.0, u'']
check 'EVST101_SEM1_2018' 'EVST101'
processXLS: only for SEM2 [u'EVST101_SEM1_2018', u'EVST101_SEM1_2017', u'EVST101', u'ENVIRONMENTAL SUSTAINABILITY', u'DIMBS1', u'DIP IN MANAGEMENT SCIENCES (BUS ADMIN)', u'21', u'SEMESTER 1', u'D1', u'Durban Campus Full-time', u'A', u'40000181:TIMM', 157.0, u'']
[u'EVST101_SEM1_2018', u'EVST101_SEM1_2017', u'EVST101', u'ENVIRONMENTAL SUSTAINABILITY', u'DIMHM1', u'DIP IN MANAGEMENT SCIENCES (HUMAN RES)', u'21', u'SEMESTER 1', u'P1', u'Pietermaritzburg Full-time', u'C', u'40000181:TIMM', 117.0, u'']
check 'EVST101_SEM1_2018' 'EVST101'
processXLS: only for SEM2 [u'EVST101_SEM1_2018', u'EVST101_SEM1_2017', u'EVST101', u'ENVIRONMENTAL SUSTAINABILITY', u'DIMHM1', u'DIP IN MANAGEMENT SCIENCES (HUMAN RES)', u'21', u'SEMESTER 1', u'P1', u'Pietermaritzburg Full-time', u'C', u'40000181:TIMM', 117.0, u'']
[u'EVST101_SEM1_2018', u'EVST101_SEM1_2017', u'EVST101', u'ENVIRONMENTAL SUSTAINABILITY', u'DIMHM1', u'DIP IN MANAGEMENT SCIENCES (HUMAN RES)', u'21', u'SEMESTER 1', u'P1', u'Pietermaritzburg Full-time', u'A', u'40000181:TIMM', 1.0, u'']
check 'EVST101_SEM1_2018' 'EVST101'
processXLS: only for SEM2 [u'EVST101_SEM1_2018', u'EVST101_SEM1_2017', u'EVST101', u'ENVIRONMENTAL SUSTAINABILITY', u'DIMHM1', u'DIP IN MANAGEMENT SCIENCES (HUMAN RES)', u'21', u'SEMESTER 1', u'P1', u'Pietermaritzburg Full-time', u'A', u'40000181:TIMM', 1.0, u'']
[u'EVST101_SEM1_2018', u'EVST101_SEM1_2017', u'EVST101', u'ENVIRONMENTAL SUSTAINABILITY', u'DIMHR1', u'DIP IN MANAGEMENT SCIENCES (HUMAN RES)', u'21', u'SEMESTER 1', u'D1', u'Durban Campus Full-time', u'A', u'40000181:TIMM', 190.0, u'']
check 'EVST101_SEM1_2018' 'EVST101'
processXLS: only for SEM2 [u'EVST101_SEM1_2018', u'EVST101_SEM1_2017', u'EVST101', u'ENVIRONMENTAL SUSTAINABILITY', u'DIMHR1', u'DIP IN MANAGEMENT SCIENCES (HUMAN RES)', u'21', u'SEMESTER 1', u'D1', u'Durban Campus Full-time', u'A', u'40000181:TIMM', 190.0, u'']
[u'EVST101_SEM1_2018', u'EVST101_SEM1_2017', u'EVST101', u'ENVIRONMENTAL SUSTAINABILITY', u'DIMHR1', u'DIP IN MANAGEMENT SCIENCES (HUMAN RES)', u'21', u'SEMESTER 1', u'D3', u'Durban Campus Part-time', u'A', u'40000181:TIMM', 24.0, u'']
check 'EVST101_SEM1_2018' 'EVST101'
processXLS: only for SEM2 [u'EVST101_SEM1_2018', u'EVST101_SEM1_2017', u'EVST101', u'ENVIRONMENTAL SUSTAINABILITY', u'DIMHR1', u'DIP IN MANAGEMENT SCIENCES (HUMAN RES)', u'21', u'SEMESTER 1', u'D3', u'Durban Campus Part-time', u'A', u'40000181:TIMM', 24.0, u'']
[u'EVST101_SEM1_2018', u'EVST101_SEM1_2017', u'EVST101', u'ENVIRONMENTAL SUSTAINABILITY', u'DIMMK1', u'DIP IN MANAGEMENT SCIENCES (MARKETING)', u'21', u'SEMESTER 1', u'D1', u'Durban Campus Full-time', u'A', u'40000181:TIMM', 150.0, u'']
check 'EVST101_SEM1_2018' 'EVST101'
processXLS: only for SEM2 [u'EVST101_SEM1_2018', u'EVST101_SEM1_2017', u'EVST101', u'ENVIRONMENTAL SUSTAINABILITY', u'DIMMK1', u'DIP IN MANAGEMENT SCIENCES (MARKETING)', u'21', u'SEMESTER 1', u'D1', u'Durban Campus Full-time', u'A', u'40000181:TIMM', 150.0, u'']
[u'EVST101_SEM1_2018', u'EVST101_SEM1_2017', u'EVST101', u'ENVIRONMENTAL SUSTAINABILITY', u'DIMOR1', u'DIP IN MANAGEMENT SCIENCES (OPERATIONS)', u'21', u'SEMESTER 1', u'D1', u'Durban Campus Full-time', u'A', u'40000181:TIMM', 95.0, u'']
check 'EVST101_SEM1_2018' 'EVST101'
processXLS: only for SEM2 [u'EVST101_SEM1_2018', u'EVST101_SEM1_2017', u'EVST101', u'ENVIRONMENTAL SUSTAINABILITY', u'DIMOR1', u'DIP IN MANAGEMENT SCIENCES (OPERATIONS)', u'21', u'SEMESTER 1', u'D1', u'Durban Campus Full-time', u'A', u'40000181:TIMM', 95.0, u'']
[u'EVST101_SEM1_2018', u'EVST101_SEM1_2017', u'EVST101', u'ENVIRONMENTAL SUSTAINABILITY', u'DIMOR1', u'DIP IN MANAGEMENT SCIENCES (OPERATIONS)', u'21', u'SEMESTER 1', u'D3', u'Durban Campus Part-time', u'A', u'40000181:TIMM', 96.0, u'']
check 'EVST101_SEM1_2018' 'EVST101'
processXLS: only for SEM2 [u'EVST101_SEM1_2018', u'EVST101_SEM1_2017', u'EVST101', u'ENVIRONMENTAL SUSTAINABILITY', u'DIMOR1', u'DIP IN MANAGEMENT SCIENCES (OPERATIONS)', u'21', u'SEMESTER 1', u'D3', u'Durban Campus Part-time', u'A', u'40000181:TIMM', 96.0, u'']
[u'EVST101_SEM1_2018', u'EVST101_SEM1_2017', u'EVST101', u'ENVIRONMENTAL SUSTAINABILITY', u'DIMPC1', u'DIP IN MANAGEMENT SCIENCES (PR AND COMM)', u'21', u'SEMESTER 1', u'P1', u'Pietermaritzburg Full-time', u'A', u'40000181:TIMM', 82.0, u'']
check 'EVST101_SEM1_2018' 'EVST101'
processXLS: only for SEM2 [u'EVST101_SEM1_2018', u'EVST101_SEM1_2017', u'EVST101', u'ENVIRONMENTAL SUSTAINABILITY', u'DIMPC1', u'DIP IN MANAGEMENT SCIENCES (PR AND COMM)', u'21', u'SEMESTER 1', u'P1', u'Pietermaritzburg Full-time', u'A', u'40000181:TIMM', 82.0, u'']
[u'EVST101_SEM1_2018', u'EVST101_SEM1_2017', u'EVST101', u'ENVIRONMENTAL SUSTAINABILITY', u'DIMPR1', u'DIP IN MANAGEMENT SCIENCES (PR & COMM MN', u'21', u'SEMESTER 1', u'D1', u'Durban Campus Full-time', u'A', u'40000181:TIMM', 102.0, u'']
check 'EVST101_SEM1_2018' 'EVST101'
processXLS: only for SEM2 [u'EVST101_SEM1_2018', u'EVST101_SEM1_2017', u'EVST101', u'ENVIRONMENTAL SUSTAINABILITY', u'DIMPR1', u'DIP IN MANAGEMENT SCIENCES (PR & COMM MN', u'21', u'SEMESTER 1', u'D1', u'Durban Campus Full-time', u'A', u'40000181:TIMM', 102.0, u'']
[u'EVST101_SEM1_2018', u'EVST101_SEM1_2017', u'EVST101', u'ENVIRONMENTAL SUSTAINABILITY', u'DIMRM1', u'DIP IN MANAGEMENT SCIENCES (RETAIL MAN)', u'21', u'SEMESTER 1', u'D1', u'Durban Campus Full-time', u'A', u'40000181:TIMM', 97.0, u'']
check 'EVST101_SEM1_2018' 'EVST101'
processXLS: only for SEM2 [u'EVST101_SEM1_2018', u'EVST101_SEM1_2017', u'EVST101', u'ENVIRONMENTAL SUSTAINABILITY', u'DIMRM1', u'DIP IN MANAGEMENT SCIENCES (RETAIL MAN)', u'21', u'SEMESTER 1', u'D1', u'Durban Campus Full-time', u'A', u'40000181:TIMM', 97.0, u'']
[u'', u'', u'', u'', u'', u'', u'', u'', u'', u'', u'', u'', u'', u'']
check '' ''
[u'ICTL101_SEM1_2018', u'ICTL101_SEM1_2017', u'ICTL101', u'INFORMATION & COMM TECH LITERACY AND SKILLS', u'DIIAD1', u'DIP IN INFO & COMM TECH IN APP DEV', u'21', u'SEMESTER 1', u'D1', u'Durban Campus Full-time', u'A', u'50001305:WHITE;40000309:SINGH;40003662:NAICKER;20517336:MPANZA;40000536:GONSALVES;50002263:GOVENDER;50010842:SOOBRAMONEY;40000181:TIMM;21350223:SOFOWORA;40003344:MOODLEY', 480.0, u'']
check 'ICTL101_SEM1_2018' 'ICTL101'
processXLS: only for SEM2 [u'ICTL101_SEM1_2018', u'ICTL101_SEM1_2017', u'ICTL101', u'INFORMATION & COMM TECH LITERACY AND SKILLS', u'DIIAD1', u'DIP IN INFO & COMM TECH IN APP DEV', u'21', u'SEMESTER 1', u'D1', u'Durban Campus Full-time', u'A', u'50001305:WHITE;40000309:SINGH;40003662:NAICKER;20517336:MPANZA;40000536:GONSALVES;50002263:GOVENDER;50010842:SOOBRAMONEY;40000181:TIMM;21350223:SOFOWORA;40003344:MOODLEY', 480.0, u'']
[u'ICTL101_SEM1_2018', u'ICTL101_SEM1_2017', u'ICTL101', u'INFORMATION & COMM TECH LITERACY AND SKILLS', u'DIIAF1', u'DIP  INFO & COMM TECH/APP DEV (4 YEARS)', u'21', u'SEMESTER 1', u'D1', u'Durban Campus Full-time', u'A', u'50001305:WHITE;40000309:SINGH;40003662:NAICKER;20517336:MPANZA;40000536:GONSALVES;50002263:GOVENDER;50010842:SOOBRAMONEY;40000181:TIMM;21350223:SOFOWORA;40003344:MOODLEY', 61.0, u'']
check 'ICTL101_SEM1_2018' 'ICTL101'
processXLS: only for SEM2 [u'ICTL101_SEM1_2018', u'ICTL101_SEM1_2017', u'ICTL101', u'INFORMATION & COMM TECH LITERACY AND SKILLS', u'DIIAF1', u'DIP  INFO & COMM TECH/APP DEV (4 YEARS)', u'21', u'SEMESTER 1', u'D1', u'Durban Campus Full-time', u'A', u'50001305:WHITE;40000309:SINGH;40003662:NAICKER;20517336:MPANZA;40000536:GONSALVES;50002263:GOVENDER;50010842:SOOBRAMONEY;40000181:TIMM;21350223:SOFOWORA;40003344:MOODLEY', 61.0, u'']
[u'', u'', u'', u'', u'', u'', u'', u'', u'', u'', u'', u'', u'', u'']
check '' ''
[u'ICTL101_SEM2_2018', u'ICTL101_SEM2_2017', u'ICTL101', u'INFORMATION & COMM TECH LITERACY AND SKILLS', u'BHDRD1', u'BHSC IN DIAGNOSTIC RADIOGRAPHY', u'22', u'SEMESTER 2', u'D1', u'Durban Campus Full-time', u'A', u'50001305:WHITE;40000309:SINGH;40003662:NAICKER;20517336:MPANZA;40000536:GONSALVES;50002263:GOVENDER;50010842:SOOBRAMONEY;40000181:TIMM;21350223:SOFOWORA;40003344:MOODLEY', 26.0, u'']
check 'ICTL101_SEM2_2018' 'ICTL101'
adding  ICTL101
requesting:  http://10.0.100.98:8000/bbinfo/matching_courses/ICTL101%25
r= <Response [200]>
matching classes= set([u'ICTL101_SEM1_2016', u'ICTL101_SEM1_2017', u'ICTL101_SEM2_2017', u'ICTL101_YEAR_2016', u'ICTL101_SEM2_2018', u'ICTL101_FND_S1_2016', u'ICTL101_SEM1_2018'])
[u'ICTL101_SEM2_2018', u'ICTL101_SEM2_2017', u'ICTL101', u'INFORMATION & COMM TECH LITERACY AND SKILLS', u'BHDSN1', u'BHSC IN DIAGNOSTIC SONOGRAPHY', u'22', u'SEMESTER 2', u'D1', u'Durban Campus Full-time', u'A', u'50001305:WHITE;40000309:SINGH;40003662:NAICKER;20517336:MPANZA;40000536:GONSALVES;50002263:GOVENDER;50010842:SOOBRAMONEY;40000181:TIMM;21350223:SOFOWORA;40003344:MOODLEY', 3.0, u'']
check 'ICTL101_SEM2_2018' 'ICTL101'
adding  ICTL101
requesting:  http://10.0.100.98:8000/bbinfo/matching_courses/ICTL101%25
r= <Response [200]>
matching classes= set([u'ICTL101_SEM1_2016', u'ICTL101_SEM1_2017', u'ICTL101_SEM2_2017', u'ICTL101_YEAR_2016', u'ICTL101_SEM2_2018', u'ICTL101_FND_S1_2016', u'ICTL101_SEM1_2018'])
[u'ICTL101_SEM2_2018', u'ICTL101_SEM2_2017', u'ICTL101', u'INFORMATION & COMM TECH LITERACY AND SKILLS', u'BHNMD1', u'BHSC IN NUCLEAR MEDICINE', u'22', u'SEMESTER 2', u'D1', u'Durban Campus Full-time', u'A', u'50001305:WHITE;40000309:SINGH;40003662:NAICKER;20517336:MPANZA;40000536:GONSALVES;50002263:GOVENDER;50010842:SOOBRAMONEY;40000181:TIMM;21350223:SOFOWORA;40003344:MOODLEY', 2.0, u'']
check 'ICTL101_SEM2_2018' 'ICTL101'
adding  ICTL101
requesting:  http://10.0.100.98:8000/bbinfo/matching_courses/ICTL101%25
r= <Response [200]>
matching classes= set([u'ICTL101_SEM1_2016', u'ICTL101_SEM1_2017', u'ICTL101_SEM2_2017', u'ICTL101_YEAR_2016', u'ICTL101_SEM2_2018', u'ICTL101_FND_S1_2016', u'ICTL101_SEM1_2018'])
[u'ICTL101_SEM2_2018', u'ICTL101_SEM2_2017', u'ICTL101', u'INFORMATION & COMM TECH LITERACY AND SKILLS', u'BHRDT1', u'BHSC IN RADIOTHERAPY', u'22', u'SEMESTER 2', u'D1', u'Durban Campus Full-time', u'A', u'50001305:WHITE;40000309:SINGH;40003662:NAICKER;20517336:MPANZA;40000536:GONSALVES;50002263:GOVENDER;50010842:SOOBRAMONEY;40000181:TIMM;21350223:SOFOWORA;40003344:MOODLEY', 8.0, u'']
check 'ICTL101_SEM2_2018' 'ICTL101'
adding  ICTL101
requesting:  http://10.0.100.98:8000/bbinfo/matching_courses/ICTL101%25
r= <Response [200]>
matching classes= set([u'ICTL101_SEM1_2016', u'ICTL101_SEM1_2017', u'ICTL101_SEM2_2017', u'ICTL101_YEAR_2016', u'ICTL101_SEM2_2018', u'ICTL101_FND_S1_2016', u'ICTL101_SEM1_2018'])
[u'', u'', u'', u'', u'', u'', u'', u'', u'', u'', u'', u'', u'', u'']
check '' ''
[u'ITCH101_SEM1_2018', u'ITCH101_SEM1_2017', u'ITCH101', u'INTRODUCTION TO TECHNOPRENEURSHIP', u'BCCYC1', u'BC:  CHILD AND YOUTH CARE', u'21', u'SEMESTER 1', u'D1', u'Durban Campus Full-time', u'A', u'40000181:TIMM D N;40011112:HARILAL S;40011112:HARILAL S;40011112:HARILAL S;40011112:HARILAL S;40011112:HARILAL S', 13.0, u'']
check 'ITCH101_SEM1_2018' 'ITCH101'
processXLS: only for SEM2 [u'ITCH101_SEM1_2018', u'ITCH101_SEM1_2017', u'ITCH101', u'INTRODUCTION TO TECHNOPRENEURSHIP', u'BCCYC1', u'BC:  CHILD AND YOUTH CARE', u'21', u'SEMESTER 1', u'D1', u'Durban Campus Full-time', u'A', u'40000181:TIMM D N;40011112:HARILAL S;40011112:HARILAL S;40011112:HARILAL S;40011112:HARILAL S;40011112:HARILAL S', 13.0, u'']
[u'ITCH101_SEM1_2018', u'ITCH101_SEM1_2017', u'ITCH101', u'INTRODUCTION TO TECHNOPRENEURSHIP', u'BHCLT1', u'BHSC IN CLINICAL TECHNOLOGY', u'21', u'SEMESTER 1', u'D1', u'Durban Campus Full-time', u'A', u'40000181:TIMM D N;40011112:HARILAL S;40011112:HARILAL S;40011112:HARILAL S;40011112:HARILAL S;40011112:HARILAL S', u'', u'']
check 'ITCH101_SEM1_2018' 'ITCH101'
processXLS: only for SEM2 [u'ITCH101_SEM1_2018', u'ITCH101_SEM1_2017', u'ITCH101', u'INTRODUCTION TO TECHNOPRENEURSHIP', u'BHCLT1', u'BHSC IN CLINICAL TECHNOLOGY', u'21', u'SEMESTER 1', u'D1', u'Durban Campus Full-time', u'A', u'40000181:TIMM D N;40011112:HARILAL S;40011112:HARILAL S;40011112:HARILAL S;40011112:HARILAL S;40011112:HARILAL S', u'', u'']
[u'ITCH101_SEM1_2018', u'ITCH101_SEM1_2017', u'ITCH101', u'INTRODUCTION TO TECHNOPRENEURSHIP', u'DIACH1', u'DIPLOMA IN ANALYTICAL CHEMISTRY', u'21', u'SEMESTER 1', u'D1', u'Durban Campus Full-time', u'A', u'40000181:TIMM D N;40011112:HARILAL S;40011112:HARILAL S;40011112:HARILAL S;40011112:HARILAL S;40011112:HARILAL S', u'', u'']
check 'ITCH101_SEM1_2018' 'ITCH101'
processXLS: only for SEM2 [u'ITCH101_SEM1_2018', u'ITCH101_SEM1_2017', u'ITCH101', u'INTRODUCTION TO TECHNOPRENEURSHIP', u'DIACH1', u'DIPLOMA IN ANALYTICAL CHEMISTRY', u'21', u'SEMESTER 1', u'D1', u'Durban Campus Full-time', u'A', u'40000181:TIMM D N;40011112:HARILAL S;40011112:HARILAL S;40011112:HARILAL S;40011112:HARILAL S;40011112:HARILAL S', u'', u'']
[u'', u'', u'', u'', u'', u'', u'', u'', u'', u'', u'', u'', 132.0, u'']
check '' ''
[u'KZNM101_SEM2_2018', u'KZNM101_SEM2_2017', u'KZNM101', u"KWA-ZULU NATAL'S MARITIME HERITAGE", u'DIMBS1', u'DIP IN MANAGEMENT SCIENCES (BUS ADMIN)', u'22', u'SEMESTER 2', u'D1', u'Durban Campus Full-time', u'A', u'40008280:GOVENDER', u'', u'']
check 'KZNM101_SEM2_2018' 'KZNM101'
adding  KZNM101
requesting:  http://10.0.100.98:8000/bbinfo/matching_courses/KZNM101%25
r= <Response [200]>
matching classes= set([u'KZNM101_SEM2_2018', u'KZNM101_SEM2_2017', u'KZNM101_YEAR_2016'])
[u'', u'', u'', u'', u'', u'', u'', u'', u'', u'', u'', u'', 30.0, u'']
check '' ''
[u'LDSH101_SEM2_2018', u'LDSH101_SEM2_2017', u'LDSH101', u'LEADERSHIP', u'DINAU1', u'DIPLOMA IN NAUTICAL STUDIES', u'22', u'SEMESTER 2', u'D1', u'Durban Campus Full-time', u'A', u'40008544:HEMSON;40000536:GONSALVES;40000181:TIMM', u'', u'']
check 'LDSH101_SEM2_2018' 'LDSH101'
adding  LDSH101
requesting:  http://10.0.100.98:8000/bbinfo/matching_courses/LDSH101%25
r= <Response [200]>
matching classes= set([u'LDSH101_SEM2_2017', u'LDSH101_YEAR_2016', u'LDSH101_SEM2_2018'])
[u'LWLF101_SEM2_2018', u'LWLF101_SEM2_2017', u'LWLF101', u'LAW FOR LIFE', u'DICVE1', u'DIP ENG TECH IN CIVIL ENGINEERING', 21.0, u'SEMESTER 2', u'I1', u'INDUMISO', u'A', u'40000652:RAMLAGAN;40000181:TIMM;50028298:VON STADEN;40012894:OBAJE;40000449:NAIDOO', 69.0, u'']
check 'LWLF101_SEM2_2018' 'LWLF101'
processXLS: only for SEM2 [u'LWLF101_SEM2_2018', u'LWLF101_SEM2_2017', u'LWLF101', u'LAW FOR LIFE', u'DICVE1', u'DIP ENG TECH IN CIVIL ENGINEERING', 21.0, u'SEMESTER 2', u'I1', u'INDUMISO', u'A', u'40000652:RAMLAGAN;40000181:TIMM;50028298:VON STADEN;40012894:OBAJE;40000449:NAIDOO', 69.0, u'']
[u'LWLF101_SEM2_2018', u'LWLF101_SEM2_2017', u'LWLF101', u'LAW FOR LIFE', u'BNCVL1', u'', 21.0, u'SEMESTER 2', u'D1', u'DURBAN', u'A', u'40000652:RAMLAGAN;40000181:TIMM;50028298:VON STADEN;40012894:OBAJE;40000449:NAIDOO', 61.0, u'']
check 'LWLF101_SEM2_2018' 'LWLF101'
processXLS: only for SEM2 [u'LWLF101_SEM2_2018', u'LWLF101_SEM2_2017', u'LWLF101', u'LAW FOR LIFE', u'BNCVL1', u'', 21.0, u'SEMESTER 2', u'D1', u'DURBAN', u'A', u'40000652:RAMLAGAN;40000181:TIMM;50028298:VON STADEN;40012894:OBAJE;40000449:NAIDOO', 61.0, u'']
[u'LWLF101_SEM2_2018', u'LWLF101_SEM2_2017', u'LWLF101', u'LAW FOR LIFE', u'DIMBA1', u'DIP IN MANAGEMENT SCIENCES (BUS ADMIN)', u'22', u'SEMESTER 2', u'P1', u'Pietermaritzburg Full-time', u'B', u'40000652:RAMLAGAN;40000181:TIMM;50028298:VON STADEN;40012894:OBAJE;40000449:NAIDOO', 131.0, u'']
check 'LWLF101_SEM2_2018' 'LWLF101'
adding  LWLF101
requesting:  http://10.0.100.98:8000/bbinfo/matching_courses/LWLF101%25
r= <Response [200]>
matching classes= set([u'LWLF101_SEM2_2017', u'LWLF101_YEAR_2016', u'LWLF101_SEM2_2018'])
[u'LWLF101_SEM2_2018', u'LWLF101_SEM2_2017', u'LWLF101', u'LAW FOR LIFE', u'DIMBL1', u'DIP IN MANAGEMENT SCIENCES (BUS LAW)', u'22', u'SEMESTER 2', u'D1', u'Durban Campus Full-time', u'A', u'40000652:RAMLAGAN;40000181:TIMM;50028298:VON STADEN;40012894:OBAJE;40000449:NAIDOO', 96.0, u'']
check 'LWLF101_SEM2_2018' 'LWLF101'
adding  LWLF101
requesting:  http://10.0.100.98:8000/bbinfo/matching_courses/LWLF101%25
r= <Response [200]>
matching classes= set([u'LWLF101_SEM2_2017', u'LWLF101_YEAR_2016', u'LWLF101_SEM2_2018'])
[u'LWLF101_SEM2_2018', u'LWLF101_SEM2_2017', u'LWLF101', u'LAW FOR LIFE', u'DIMBS1', u'DIP IN MANAGEMENT SCIENCES (BUS ADMIN)', u'22', u'SEMESTER 2', u'D1', u'Durban Campus Full-time', u'A', u'40000652:RAMLAGAN;40000181:TIMM;50028298:VON STADEN;40012894:OBAJE;40000449:NAIDOO', 1.0, u'']
check 'LWLF101_SEM2_2018' 'LWLF101'
adding  LWLF101
requesting:  http://10.0.100.98:8000/bbinfo/matching_courses/LWLF101%25
r= <Response [200]>
matching classes= set([u'LWLF101_SEM2_2017', u'LWLF101_YEAR_2016', u'LWLF101_SEM2_2018'])
[u'LWLF101_SEM2_2018', u'LWLF101_SEM2_2017', u'LWLF101', u'LAW FOR LIFE', u'DIMHM1', u'DIP IN MANAGEMENT SCIENCES (HUMAN RES)', u'22', u'SEMESTER 2', u'P1', u'Pietermaritzburg Full-time', u'C', u'40000652:RAMLAGAN;40000181:TIMM;50028298:VON STADEN;40012894:OBAJE;40000449:NAIDOO', 149.0, u'']
check 'LWLF101_SEM2_2018' 'LWLF101'
adding  LWLF101
requesting:  http://10.0.100.98:8000/bbinfo/matching_courses/LWLF101%25
r= <Response [200]>
matching classes= set([u'LWLF101_SEM2_2017', u'LWLF101_YEAR_2016', u'LWLF101_SEM2_2018'])
[u'LWLF101_SEM2_2018', u'LWLF101_SEM2_2017', u'LWLF101', u'LAW FOR LIFE', u'DIMHR1', u'DIP IN MANAGEMENT SCIENCES (HUMAN RES)', u'22', u'SEMESTER 2', u'D1', u'Durban Campus Full-time', u'C', u'40000652:RAMLAGAN;40000181:TIMM;50028298:VON STADEN;40012894:OBAJE;40000449:NAIDOO', 19.0, u'']
check 'LWLF101_SEM2_2018' 'LWLF101'
adding  LWLF101
requesting:  http://10.0.100.98:8000/bbinfo/matching_courses/LWLF101%25
r= <Response [200]>
matching classes= set([u'LWLF101_SEM2_2017', u'LWLF101_YEAR_2016', u'LWLF101_SEM2_2018'])
[u'LWLF101_SEM2_2018', u'LWLF101_SEM2_2017', u'LWLF101', u'LAW FOR LIFE', u'DIMHR1', u'DIP IN MANAGEMENT SCIENCES (HUMAN RES)', u'22', u'SEMESTER 2', u'D1', u'Durban Campus Full-time', u'A', u'40000652:RAMLAGAN;40000181:TIMM;50028298:VON STADEN;40012894:OBAJE;40000449:NAIDOO', 1.0, u'']
check 'LWLF101_SEM2_2018' 'LWLF101'
adding  LWLF101
requesting:  http://10.0.100.98:8000/bbinfo/matching_courses/LWLF101%25
r= <Response [200]>
matching classes= set([u'LWLF101_SEM2_2017', u'LWLF101_YEAR_2016', u'LWLF101_SEM2_2018'])
[u'LWLF101_SEM2_2018', u'LWLF101_SEM2_2017', u'LWLF101', u'LAW FOR LIFE', u'DIMHR1', u'DIP IN MANAGEMENT SCIENCES (HUMAN RES)', u'22', u'SEMESTER 2', u'D3', u'Durban Campus Part-time', u'A', u'40000652:RAMLAGAN;40000181:TIMM;50028298:VON STADEN;40012894:OBAJE;40000449:NAIDOO', 118.0, u'']
check 'LWLF101_SEM2_2018' 'LWLF101'
adding  LWLF101
requesting:  http://10.0.100.98:8000/bbinfo/matching_courses/LWLF101%25
r= <Response [200]>
matching classes= set([u'LWLF101_SEM2_2017', u'LWLF101_YEAR_2016', u'LWLF101_SEM2_2018'])
[u'LWLF101_SEM2_2018', u'LWLF101_SEM2_2017', u'LWLF101', u'LAW FOR LIFE', u'DIMHR1', u'DIP IN MANAGEMENT SCIENCES (HUMAN RES)', u'22', u'SEMESTER 2', u'D3', u'Durban Campus Part-time', u'A', u'40000652:RAMLAGAN;40000181:TIMM;50028298:VON STADEN;40012894:OBAJE;40000449:NAIDOO', 85.0, u'']
check 'LWLF101_SEM2_2018' 'LWLF101'
adding  LWLF101
requesting:  http://10.0.100.98:8000/bbinfo/matching_courses/LWLF101%25
r= <Response [200]>
matching classes= set([u'LWLF101_SEM2_2017', u'LWLF101_YEAR_2016', u'LWLF101_SEM2_2018'])
[u'LWLF101_SEM2_2018', u'LWLF101_SEM2_2017', u'LWLF101', u'LAW FOR LIFE', u'DIMMK1', u'DIP IN MANAGEMENT SCIENCES (MARKETING)', u'22', u'SEMESTER 2', u'D1', u'Durban Campus Full-time', u'A', u'40000652:RAMLAGAN;40000181:TIMM;50028298:VON STADEN;40012894:OBAJE;40000449:NAIDOO', 1.0, u'']
check 'LWLF101_SEM2_2018' 'LWLF101'
adding  LWLF101
requesting:  http://10.0.100.98:8000/bbinfo/matching_courses/LWLF101%25
r= <Response [200]>
matching classes= set([u'LWLF101_SEM2_2017', u'LWLF101_YEAR_2016', u'LWLF101_SEM2_2018'])
[u'LWLF101_SEM2_2018', u'LWLF101_SEM2_2017', u'LWLF101', u'LAW FOR LIFE', u'DIMOR1', u'DIP IN MANAGEMENT SCIENCES (OPERATIONS)', u'22', u'SEMESTER 2', u'D1', u'Durban Campus Full-time', u'A', u'40000652:RAMLAGAN;40000181:TIMM;50028298:VON STADEN;40012894:OBAJE;40000449:NAIDOO', 71.0, u'']
check 'LWLF101_SEM2_2018' 'LWLF101'
adding  LWLF101
requesting:  http://10.0.100.98:8000/bbinfo/matching_courses/LWLF101%25
r= <Response [200]>
matching classes= set([u'LWLF101_SEM2_2017', u'LWLF101_YEAR_2016', u'LWLF101_SEM2_2018'])
[u'LWLF101_SEM2_2018', u'LWLF101_SEM2_2017', u'LWLF101', u'LAW FOR LIFE', u'DIMOR1', u'DIP IN MANAGEMENT SCIENCES (OPERATIONS)', u'22', u'SEMESTER 2', u'D3', u'Durban Campus Part-time', u'A', u'40000652:RAMLAGAN;40000181:TIMM;50028298:VON STADEN;40012894:OBAJE;40000449:NAIDOO', 75.0, u'']
check 'LWLF101_SEM2_2018' 'LWLF101'
adding  LWLF101
requesting:  http://10.0.100.98:8000/bbinfo/matching_courses/LWLF101%25
r= <Response [200]>
matching classes= set([u'LWLF101_SEM2_2017', u'LWLF101_YEAR_2016', u'LWLF101_SEM2_2018'])
[u'LWLF101_SEM2_2018', u'LWLF101_SEM2_2017', u'LWLF101', u'LAW FOR LIFE', u'DIMOR1', u'DIP IN MANAGEMENT SCIENCES (OPERATIONS)', u'22', u'SEMESTER 2', u'D3', u'Durban Campus Part-time', u'A', u'40000652:RAMLAGAN;40000181:TIMM;50028298:VON STADEN;40012894:OBAJE;40000449:NAIDOO', 83.0, u'']
check 'LWLF101_SEM2_2018' 'LWLF101'
adding  LWLF101
requesting:  http://10.0.100.98:8000/bbinfo/matching_courses/LWLF101%25
r= <Response [200]>
matching classes= set([u'LWLF101_SEM2_2017', u'LWLF101_YEAR_2016', u'LWLF101_SEM2_2018'])
[u'LWLF101_SEM2_2018', u'LWLF101_SEM2_2017', u'LWLF101', u'LAW FOR LIFE', u'DIMPC1', u'DIP IN MANAGEMENT SCIENCES (PR AND COMM)', u'22', u'SEMESTER 2', u'P1', u'Pietermaritzburg Full-time', u'A', u'40000652:RAMLAGAN;40000181:TIMM;50028298:VON STADEN;40012894:OBAJE;40000449:NAIDOO', 79.0, u'']
check 'LWLF101_SEM2_2018' 'LWLF101'
adding  LWLF101
requesting:  http://10.0.100.98:8000/bbinfo/matching_courses/LWLF101%25
r= <Response [200]>
matching classes= set([u'LWLF101_SEM2_2017', u'LWLF101_YEAR_2016', u'LWLF101_SEM2_2018'])
[u'LWLF101_SEM2_2018', u'LWLF101_SEM2_2017', u'LWLF101', u'LAW FOR LIFE', u'DIMPR1', u'DIP IN MANAGEMENT SCIENCES (PR & COMM MN', u'22', u'SEMESTER 2', u'D1', u'Durban Campus Full-time', u'A', u'40000652:RAMLAGAN;40000181:TIMM;50028298:VON STADEN;40012894:OBAJE;40000449:NAIDOO', u'', u'']
check 'LWLF101_SEM2_2018' 'LWLF101'
adding  LWLF101
requesting:  http://10.0.100.98:8000/bbinfo/matching_courses/LWLF101%25
r= <Response [200]>
matching classes= set([u'LWLF101_SEM2_2017', u'LWLF101_YEAR_2016', u'LWLF101_SEM2_2018'])
[u'LWLF101_SEM2_2018', u'LWLF101_SEM2_2017', u'LWLF101', u'LAW FOR LIFE', u'DIMRM1', u'DIP IN MANAGEMENT SCIENCES (RETAIL MAN)', u'22', u'SEMESTER 2', u'D1', u'Durban Campus Full-time', u'A', u'40000652:RAMLAGAN;40000181:TIMM;50028298:VON STADEN;40012894:OBAJE;40000449:NAIDOO', 371.0, u'']
check 'LWLF101_SEM2_2018' 'LWLF101'
adding  LWLF101
requesting:  http://10.0.100.98:8000/bbinfo/matching_courses/LWLF101%25
r= <Response [200]>
matching classes= set([u'LWLF101_SEM2_2017', u'LWLF101_YEAR_2016', u'LWLF101_SEM2_2018'])
[u'LWLF101_SEM2_2018', u'LWLF101_SEM2_2017', u'LWLF101', u'LAW FOR LIFE', u'DICVE1', u'DIP ENG TECH IN CIVIL ENGINEERING', u'22', u'SEMESTER 2', u'I1', u'INDUMISO', u'A', u'40000652:RAMLAGAN;40000181:TIMM;50028298:VON STADEN;40012894:OBAJE;40000449:NAIDOO', u'', u'']
check 'LWLF101_SEM2_2018' 'LWLF101'
adding  LWLF101
requesting:  http://10.0.100.98:8000/bbinfo/matching_courses/LWLF101%25
r= <Response [200]>
matching classes= set([u'LWLF101_SEM2_2017', u'LWLF101_YEAR_2016', u'LWLF101_SEM2_2018'])
[u'', u'', u'', u'', u'', u'', u'', u'', u'', u'', u'', u'', 26.0, u'']
check '' ''
[u'MWMU101_SEM2_2018', u'MWMU101_SEM2_2017', u'MWMU101', u'ME, MY WORLD, MY UNIVERSE', u'DIIAD1', u'DIP IN INFO & COMM TECH IN APP DEV', u'22', u'SEMESTER 2', u'D1', u'Durban Campus Full-time', u'A', u' MY UNIVERSE":40002541; MY UNIVERSE":40000536; MY UNIVERSE":40000985; MY UNIVERSE":50002263; MY UNIVERSE":40000181; MY UNIVERSE":21450811', u'', u'']
check 'MWMU101_SEM2_2018' 'MWMU101'
adding  MWMU101
requesting:  http://10.0.100.98:8000/bbinfo/matching_courses/MWMU101%25
r= <Response [200]>
matching classes= set([u'MWMU101_YEAR_2016', u'MWMU101_SEM1_2018', u'MWMU101_SEM2_2018', u'MWMU101_SEM2_2017', u'MWMU101_SEM2_2016'])
[u'', u'', u'', u'', u'', u'', u'', u'', u'', u'', u'', u'', 1.0, u'']
check '' ''
[u'SERS101_SEM1_2018', u'SERS101_SEM1_2017', u'SERS101', u'SUSTAINABLE EARTH STUDIES', u'BCCYC1', u'BC:  CHILD AND YOUTH CARE', u'21', u'SEMESTER 1', u'D1', u'Durban Campus Full-time', u'A', u'40000181:TIMM', 3.0, u'']
check 'SERS101_SEM1_2018' 'SERS101'
processXLS: only for SEM2 [u'SERS101_SEM1_2018', u'SERS101_SEM1_2017', u'SERS101', u'SUSTAINABLE EARTH STUDIES', u'BCCYC1', u'BC:  CHILD AND YOUTH CARE', u'21', u'SEMESTER 1', u'D1', u'Durban Campus Full-time', u'A', u'40000181:TIMM', 3.0, u'']
[u'', u'', u'', u'', u'', u'', u'', u'', u'', u'', u'', u'', u'', u'']
check '' ''
[u'VNVL101_SEM2_2018', u'VNVL101_SEM2_2017', u'VNVL101', u'VIOLENCE AND NON-VIOLENCE', u'DINAU1', u'DIPLOMA IN NAUTICAL STUDIES', u'22', u'SEMESTER 2', u'D1', u'Durban Campus Full-time', u'A', u'40000181:TIMM D N', 24.0, u'']
check 'VNVL101_SEM2_2018' 'VNVL101'
adding  VNVL101
requesting:  http://10.0.100.98:8000/bbinfo/matching_courses/VNVL101%25
r= <Response [200]>
matching classes= set([u'VNVL101_SEM2_2018', u'VNVL101_SEM2_2017'])
[u'VNVL101_SEM2_2018', u'VNVL101_SEM2_2017', u'VNVL101', u'VIOLENCE AND NON-VIOLENCE', u'DISHL1', u'DIPLOMA IN SHIPPING AND LOGISTICS', u'22', u'SEMESTER 2', u'D1', u'Durban Campus Full-time', u'A', u'40000181:TIMM D N', 4.0, u'']
check 'VNVL101_SEM2_2018' 'VNVL101'
adding  VNVL101
requesting:  http://10.0.100.98:8000/bbinfo/matching_courses/VNVL101%25
r= <Response [200]>
matching classes= set([u'VNVL101_SEM2_2018', u'VNVL101_SEM2_2017'])
[u'', u'', u'', u'', u'', u'', u'', u'', u'', u'', u'', u'', 5.0, u'']
check '' ''
[u'VWKP101_SEM2_2018', u'VWKP101_SEM2_2017', u'VWKP101', u'VALUES IN THE WORKPLACE', u'BHDRD1', u'BHSC IN DIAGNOSTIC RADIOGRAPHY', u'22', u'SEMESTER 2', u'D1', u'Durban Campus Full-time', u'A', u'40000536:GONSALVES;40000181:TIMM;50028298:VON STADEN', 2.0, u'']
check 'VWKP101_SEM2_2018' 'VWKP101'
adding  VWKP101
requesting:  http://10.0.100.98:8000/bbinfo/matching_courses/VWKP101%25
r= <Response [200]>
matching classes= set([u'VWKP101_SEM2_2017', u'VWKP101_SEM2_2018', u'VWKP101_YEAR_2016'])
[u'VWKP101_SEM2_2018', u'VWKP101_SEM2_2017', u'VWKP101', u'VALUES IN THE WORKPLACE', u'BHDSN1', u'BHSC IN DIAGNOSTIC SONOGRAPHY', u'22', u'SEMESTER 2', u'D1', u'Durban Campus Full-time', u'A', u'40000536:GONSALVES;40000181:TIMM;50028298:VON STADEN', 24.0, u'']
check 'VWKP101_SEM2_2018' 'VWKP101'
adding  VWKP101
requesting:  http://10.0.100.98:8000/bbinfo/matching_courses/VWKP101%25
r= <Response [200]>
matching classes= set([u'VWKP101_SEM2_2017', u'VWKP101_SEM2_2018', u'VWKP101_YEAR_2016'])
[u'VWKP101_SEM2_2018', u'VWKP101_SEM2_2017', u'VWKP101', u'VALUES IN THE WORKPLACE', u'BHNMD1', u'BHSC IN NUCLEAR MEDICINE', u'22', u'SEMESTER 2', u'D1', u'Durban Campus Full-time', u'A', u'40000536:GONSALVES;40000181:TIMM;50028298:VON STADEN', u'', u'']
check 'VWKP101_SEM2_2018' 'VWKP101'
adding  VWKP101
requesting:  http://10.0.100.98:8000/bbinfo/matching_courses/VWKP101%25
r= <Response [200]>
matching classes= set([u'VWKP101_SEM2_2017', u'VWKP101_SEM2_2018', u'VWKP101_YEAR_2016'])
[u'VWKP101_SEM2_2018', u'VWKP101_SEM2_2017', u'VWKP101', u'VALUES IN THE WORKPLACE', u'BHRDT1', u'BHSC IN RADIOTHERAPY', u'22', u'SEMESTER 2', u'D1', u'Durban Campus Full-time', u'A', u'40000536:GONSALVES;40000181:TIMM;50028298:VON STADEN', 3.0, u'']
check 'VWKP101_SEM2_2018' 'VWKP101'
adding  VWKP101
requesting:  http://10.0.100.98:8000/bbinfo/matching_courses/VWKP101%25
r= <Response [200]>
matching classes= set([u'VWKP101_SEM2_2017', u'VWKP101_SEM2_2018', u'VWKP101_YEAR_2016'])
[u'VWKP101_SEM2_2018', u'VWKP101_SEM2_2017', u'VWKP101', u'VALUES IN THE WORKPLACE', u'DINAU1', u'DIPLOMA IN NAUTICAL STUDIES', u'22', u'SEMESTER 2', u'D1', u'Durban Campus Full-time', u'A', u'40000536:GONSALVES;40000181:TIMM;50028298:VON STADEN', u'', u'']
check 'VWKP101_SEM2_2018' 'VWKP101'
adding  VWKP101
requesting:  http://10.0.100.98:8000/bbinfo/matching_courses/VWKP101%25
r= <Response [200]>
matching classes= set([u'VWKP101_SEM2_2017', u'VWKP101_SEM2_2018', u'VWKP101_YEAR_2016'])
[u'VWKP101_SEM2_2018', u'VWKP101_SEM2_2017', u'VWKP101', u'VALUES IN THE WORKPLACE', u'DIACH1', u'DIPLOMA IN ANALYTICAL CHEMISTRY', u'22', u'SEMESTER 2', u'D1', u'Durban Campus Full-time', u'A', u'40000536:GONSALVES;40000181:TIMM;50028298:VON STADEN', 1.0, u'']
check 'VWKP101_SEM2_2018' 'VWKP101'
adding  VWKP101
requesting:  http://10.0.100.98:8000/bbinfo/matching_courses/VWKP101%25
r= <Response [200]>
matching classes= set([u'VWKP101_SEM2_2017', u'VWKP101_SEM2_2018', u'VWKP101_YEAR_2016'])
[u'VWKP101_SEM2_2018', u'VWKP101_SEM2_2017', u'VWKP101', u'VALUES IN THE WORKPLACE', u'BHNSF1', u'BHSC IN NURSING (5 YEARS)', u'22', u'SEMESTER 2', u'I1', u'PIETERMARITZBURG', u'A', u'40000536:GONSALVES;40000181:TIMM;50028298:VON STADEN', u'', u'']
check 'VWKP101_SEM2_2018' 'VWKP101'
adding  VWKP101
requesting:  http://10.0.100.98:8000/bbinfo/matching_courses/VWKP101%25
r= <Response [200]>
matching classes= set([u'VWKP101_SEM2_2017', u'VWKP101_SEM2_2018', u'VWKP101_YEAR_2016'])
[u'VWKP101_SEM2_2018', u'VWKP101_SEM2_2017', u'VWKP101', u'VALUES IN THE WORKPLACE', u'BHNSS1', u'BHSC IN NURSING ', u'22', u'SEMESTER 2', u'I1', u'PIETERMARITZBURG', u'A', u'40000536:GONSALVES;40000181:TIMM;50028298:VON STADEN', 1.0, u'']
check 'VWKP101_SEM2_2018' 'VWKP101'
adding  VWKP101
requesting:  http://10.0.100.98:8000/bbinfo/matching_courses/VWKP101%25
r= <Response [200]>
matching classes= set([u'VWKP101_SEM2_2017', u'VWKP101_SEM2_2018', u'VWKP101_YEAR_2016'])
[u'', u'', u'', u'', u'', u'', u'', u'', u'', u'', u'', u'', u'', u'']
check '' ''
[u'GENV101_YEAR_2018', u'GENV101_YEAR_2017', u'GENV101', u'GENV101: THE GLOBAL ENVIRONMENT', u'BCCYC1', u'BC:  CHILD AND YOUTH CARE', u'21', u'SEMESTER 1', u'D1', u'Durban Campus Full-time', u'A', u'40000181:TIMM;40010154:COOKE;40013301:AMOAH', 1.0, u'']
check 'GENV101_YEAR_2018' 'GENV101'
processXLS: only for SEM2 [u'GENV101_YEAR_2018', u'GENV101_YEAR_2017', u'GENV101', u'GENV101: THE GLOBAL ENVIRONMENT', u'BCCYC1', u'BC:  CHILD AND YOUTH CARE', u'21', u'SEMESTER 1', u'D1', u'Durban Campus Full-time', u'A', u'40000181:TIMM;40010154:COOKE;40013301:AMOAH', 1.0, u'']
[u'', u'', u'', u'', u'', u'', u'', u'', u'', u'', u'', u'', u'', u'']
check '' ''
[u'EQDV101_SEM1_2018', u'EQDV101_SEM1_2017', u'EQDV101', u'EQUALITY AND DIVERSITY', u'BHEVH1', u'BH:  ENVIRONMENTAL HEALTH', u'21', u'SEMESTER 1', u'D1', u'Durban Campus Full-time', u'', u'40000181:TIMM', 1.0, u'']
check 'EQDV101_SEM1_2018' 'EQDV101'
processXLS: only for SEM2 [u'EQDV101_SEM1_2018', u'EQDV101_SEM1_2017', u'EQDV101', u'EQUALITY AND DIVERSITY', u'BHEVH1', u'BH:  ENVIRONMENTAL HEALTH', u'21', u'SEMESTER 1', u'D1', u'Durban Campus Full-time', u'', u'40000181:TIMM', 1.0, u'']
[u'', u'', u'', u'', u'', u'', u'', u'', u'', u'', u'', u'', u'', u'']
check '' ''
[u'HCDK101_SEM1_2018', u'HCDK101_SEM1_2017', u'HCDK101', u'HIV & COMMUNICABLE DISEASES IN KZN', u'DISHL1', u'DIPLOMA IN SHIPPING AND LOGISTICS', u'21', u'SEMESTER 1', u'D1', u'Durban Campus Full-time', u'', u'40000181:TIMM', 1.0, u'']
check 'HCDK101_SEM1_2018' 'HCDK101'
processXLS: only for SEM2 [u'HCDK101_SEM1_2018', u'HCDK101_SEM1_2017', u'HCDK101', u'HIV & COMMUNICABLE DISEASES IN KZN', u'DISHL1', u'DIPLOMA IN SHIPPING AND LOGISTICS', u'21', u'SEMESTER 1', u'D1', u'Durban Campus Full-time', u'', u'40000181:TIMM', 1.0, u'']
[u'', u'', u'', u'', u'', u'', u'', u'', u'', u'', u'', u'', u'', u'']
check '' ''
[u'TENE101_SEM1_2018', u'TENE101_SEM1_2017', u'TENE101', u'THE ENTREPRENEURIAL EDGE', u'BCCYC1', u'BC:  CHILD AND YOUTH CARE', u'21', u'SEMESTER 1', u'D1', u'Durban Campus Full-time', u'A', u'40000181:TIMM', u'', u'']
check 'TENE101_SEM1_2018' 'TENE101'
processXLS: only for SEM2 [u'TENE101_SEM1_2018', u'TENE101_SEM1_2017', u'TENE101', u'THE ENTREPRENEURIAL EDGE', u'BCCYC1', u'BC:  CHILD AND YOUTH CARE', u'21', u'SEMESTER 1', u'D1', u'Durban Campus Full-time', u'A', u'40000181:TIMM', u'', u'']
[u'', u'', u'', u'', u'', u'', u'', u'', u'', u'', u'', u'', u'', u'']
check '' ''
[u'EVAH101_SEM1_2018', u'EVAH101_SEM1_2017', u'EVAH101', u'EVAH101: EMVIRONMENTAL AWARENESS FOR HEALTHCARE PRACTITIONERS 2017', u'BHNSS1', u'BH: NURSING', u'21', u'SEMESTER 1', u'I1', u'INDUMISO CAMPUS FULL-TIME', u'A', u'40012406:SOOBRYAN', u'', u'']
check 'EVAH101_SEM1_2018' 'EVAH101'
processXLS: only for SEM2 [u'EVAH101_SEM1_2018', u'EVAH101_SEM1_2017', u'EVAH101', u'EVAH101: EMVIRONMENTAL AWARENESS FOR HEALTHCARE PRACTITIONERS 2017', u'BHNSS1', u'BH: NURSING', u'21', u'SEMESTER 1', u'I1', u'INDUMISO CAMPUS FULL-TIME', u'A', u'40012406:SOOBRYAN', u'', u'']
[u'', u'', u'', u'', u'', u'', u'', u'', u'', u'', u'', u'', u'2016 Enrol', u'']
check '' ''
[u'TLIT101_SEM2_2018', u'TLIT101_SEM2_2017', u'TLIT101', u'TLIT101: TECHNICAL LITERACY 2017', u'DICVE1', u'DIPLOMA IN CIVIL ENGINEERING', 22.0, u'SEMESTER 2', u'P1', u'Pietermaritzburg Full-time', u'A', u'50012185:TAYLER', 0.0, u'']
check 'TLIT101_SEM2_2018' 'TLIT101'
processXLS: only for SEM2 [u'TLIT101_SEM2_2018', u'TLIT101_SEM2_2017', u'TLIT101', u'TLIT101: TECHNICAL LITERACY 2017', u'DICVE1', u'DIPLOMA IN CIVIL ENGINEERING', 22.0, u'SEMESTER 2', u'P1', u'Pietermaritzburg Full-time', u'A', u'50012185:TAYLER', 0.0, u'']
[u'', u'', u'', u'', u'', u'', u'', u'', u'', u'', u'', u'', u'', u'']
check '' ''
[u'===APPEND===', u'', u'', u'', u'', u'', u'', u'', u'', u'', u'', u'', 0.0, u'']
check '===APPEND===' ''
[u'2017 NEW SUBJECTS  Blackboard Classrooms for Department: 3701 - CENTRE FOR GENERAL EDUCATION', u'', u'', u'', u'', u'', u'', u'', u'', u'', u'', u'', 0.0, u'']
check '2017 NEW SUBJECTS  Blackboard Classrooms for Department: 3701 - CENTRE FOR GENERAL EDUCATION' ''
[u'', u'', u'', u'', u'', u'', u'', u'', u'', u'', u'', u'', 0.0, u'']
check '' ''
[u'BB Classroom', u'Migrate Classroom', u'ITS Subject', u'', u'ITS Qualification', u'', u'Block', u'', u'Off Type', u'', u'Grp', u'Lecturer(s)', 0.0, u'']
check 'BB Classroom' 'ITS Subject'
[u'ACDL101_SEM1_2018', u'ACDL101_SEM1_2017', u'ACDL101', u'ACADEMIC LITERACY', u'BBURP1', u'BBE:  URBAN AND REGIONAL PLANNING', u'21', u'SEMESTER 1', u'D1', u'Durban Campus Full-time', u'A', u'40000181:Timm', 0.0, u'']
check 'ACDL101_SEM1_2018' 'ACDL101'
processXLS: only for SEM2 [u'ACDL101_SEM1_2018', u'ACDL101_SEM1_2017', u'ACDL101', u'ACADEMIC LITERACY', u'BBURP1', u'BBE:  URBAN AND REGIONAL PLANNING', u'21', u'SEMESTER 1', u'D1', u'Durban Campus Full-time', u'A', u'40000181:Timm', 0.0, u'']
[u'', u'', u'', u'', u'', u'', u'', u'', u'', u'', u'', u'', 0.0, u'']
check '' ''
[u'ALTP101_SEM1_2018', u'ALTP101_SEM1_2017', u'ALTP101', u'ACADEMIC LITERACY AND PRACTICE', u'DIPAL1', u'DIPLOMA IN PUBLIC ADMIN (LOCAL GOV)', u'21', u'SEMESTER 1', u'D1', u'Durban Campus Full-time', u'A', u'40000181:Timm', 0.0, u'']
check 'ALTP101_SEM1_2018' 'ALTP101'
processXLS: only for SEM2 [u'ALTP101_SEM1_2018', u'ALTP101_SEM1_2017', u'ALTP101', u'ACADEMIC LITERACY AND PRACTICE', u'DIPAL1', u'DIPLOMA IN PUBLIC ADMIN (LOCAL GOV)', u'21', u'SEMESTER 1', u'D1', u'Durban Campus Full-time', u'A', u'40000181:Timm', 0.0, u'']
[u'ALTP101_SEM1_2018', u'ALTP101_SEM1_2017', u'ALTP101', u'ACADEMIC LITERACY AND PRACTICE', u'DIPAP1', u'DIPLOMA IN PUBLIC ADMIN (PUBLIC MAN)', u'21', u'SEMESTER 1', u'D1', u'Durban Campus Full-time', u'A', u'40000181:Timm', u'', u'']
check 'ALTP101_SEM1_2018' 'ALTP101'
processXLS: only for SEM2 [u'ALTP101_SEM1_2018', u'ALTP101_SEM1_2017', u'ALTP101', u'ACADEMIC LITERACY AND PRACTICE', u'DIPAP1', u'DIPLOMA IN PUBLIC ADMIN (PUBLIC MAN)', u'21', u'SEMESTER 1', u'D1', u'Durban Campus Full-time', u'A', u'40000181:Timm', u'', u'']
[u'ALTP101_SEM1_2018', u'ALTP101_SEM1_2017', u'ALTP101', u'ACADEMIC LITERACY AND PRACTICE', u'DIPAR1', u'DIPLOMA IN PUBLIC ADMIN (DISASTER RISK)', u'21', u'SEMESTER 1', u'D1', u'Durban Campus Full-time', u'A', u'40000181:Timm', 0.0, u'']
check 'ALTP101_SEM1_2018' 'ALTP101'
processXLS: only for SEM2 [u'ALTP101_SEM1_2018', u'ALTP101_SEM1_2017', u'ALTP101', u'ACADEMIC LITERACY AND PRACTICE', u'DIPAR1', u'DIPLOMA IN PUBLIC ADMIN (DISASTER RISK)', u'21', u'SEMESTER 1', u'D1', u'Durban Campus Full-time', u'A', u'40000181:Timm', 0.0, u'']
[u'ALTP101_SEM1_2018', u'ALTP101_SEM1_2017', u'ALTP101', u'ACADEMIC LITERACY AND PRACTICE', u'DIPAS1', u'DIPLOMA IN PUBLIC ADMIN (SUPPLY CHAIN)', u'21', u'SEMESTER 1', u'D1', u'Durban Campus Full-time', u'A', u'40000181:Timm', 0.0, u'']
check 'ALTP101_SEM1_2018' 'ALTP101'
processXLS: only for SEM2 [u'ALTP101_SEM1_2018', u'ALTP101_SEM1_2017', u'ALTP101', u'ACADEMIC LITERACY AND PRACTICE', u'DIPAS1', u'DIPLOMA IN PUBLIC ADMIN (SUPPLY CHAIN)', u'21', u'SEMESTER 1', u'D1', u'Durban Campus Full-time', u'A', u'40000181:Timm', 0.0, u'']
[u'ALTP101_SEM1_2018', u'ALTP101_SEM1_2017', u'ALTP101', u'ACADEMIC LITERACY AND PRACTICE', u'DIPLG1', u'DIP IN PUBLIC ADMIN (LOCAL GOV ADMIN)', u'21', u'SEMESTER 1', u'P1', u'Pietermaritzburg Full-time', u'A', u'40000181:Timm', 0.0, u'']
check 'ALTP101_SEM1_2018' 'ALTP101'
processXLS: only for SEM2 [u'ALTP101_SEM1_2018', u'ALTP101_SEM1_2017', u'ALTP101', u'ACADEMIC LITERACY AND PRACTICE', u'DIPLG1', u'DIP IN PUBLIC ADMIN (LOCAL GOV ADMIN)', u'21', u'SEMESTER 1', u'P1', u'Pietermaritzburg Full-time', u'A', u'40000181:Timm', 0.0, u'']
[u'ALTP101_SEM1_2018', u'ALTP101_SEM1_2017', u'ALTP101', u'ACADEMIC LITERACY AND PRACTICE', u'DIPPM1', u'DIPLOMA IN PUBLIC ADMIN (PUBLIC MAN)', u'21', u'SEMESTER 1', u'P1', u'Pietermaritzburg Full-time', u'A', u'40000181:Timm', 0.0, u'']
check 'ALTP101_SEM1_2018' 'ALTP101'
processXLS: only for SEM2 [u'ALTP101_SEM1_2018', u'ALTP101_SEM1_2017', u'ALTP101', u'ACADEMIC LITERACY AND PRACTICE', u'DIPPM1', u'DIPLOMA IN PUBLIC ADMIN (PUBLIC MAN)', u'21', u'SEMESTER 1', u'P1', u'Pietermaritzburg Full-time', u'A', u'40000181:Timm', 0.0, u'']
[u'ALTP101_SEM1_2018', u'ALTP101_SEM1_2017', u'ALTP101', u'ACADEMIC LITERACY AND PRACTICE', u'DIPSC1', u'DIPLOMA IN PUBLIC ADMIN (SUPPLY CHAIN)', u'21', u'SEMESTER 1', u'P1', u'Pietermaritzburg Full-time', u'A', u'40000181:Timm', 0.0, u'']
check 'ALTP101_SEM1_2018' 'ALTP101'
processXLS: only for SEM2 [u'ALTP101_SEM1_2018', u'ALTP101_SEM1_2017', u'ALTP101', u'ACADEMIC LITERACY AND PRACTICE', u'DIPSC1', u'DIPLOMA IN PUBLIC ADMIN (SUPPLY CHAIN)', u'21', u'SEMESTER 1', u'P1', u'Pietermaritzburg Full-time', u'A', u'40000181:Timm', 0.0, u'']
[u'', u'', u'', u'', u'', u'', u'', u'', u'', u'', u'', u'', 0.0, u'']
check '' ''
[u'BILT101_SEM1_2018', u'BILT101_SEM1_2017', u'BILT101', u'BUSINESS COMM & INFO LITERACY', u'DIPAL1', u'DIPLOMA IN PUBLIC ADMIN (LOCAL GOV)', u'21', u'SEMESTER 1', u'D1', u'Durban Campus Full-time', u'A', u'40000181:Timm', u'', u'']
check 'BILT101_SEM1_2018' 'BILT101'
processXLS: only for SEM2 [u'BILT101_SEM1_2018', u'BILT101_SEM1_2017', u'BILT101', u'BUSINESS COMM & INFO LITERACY', u'DIPAL1', u'DIPLOMA IN PUBLIC ADMIN (LOCAL GOV)', u'21', u'SEMESTER 1', u'D1', u'Durban Campus Full-time', u'A', u'40000181:Timm', u'', u'']
[u'BILT101_SEM1_2018', u'BILT101_SEM1_2017', u'BILT101', u'BUSINESS COMM & INFO LITERACY', u'DIPAP1', u'DIPLOMA IN PUBLIC ADMIN (PUBLIC MAN)', u'21', u'SEMESTER 1', u'D1', u'Durban Campus Full-time', u'A', u'40000181:Timm', 0.0, u'']
check 'BILT101_SEM1_2018' 'BILT101'
processXLS: only for SEM2 [u'BILT101_SEM1_2018', u'BILT101_SEM1_2017', u'BILT101', u'BUSINESS COMM & INFO LITERACY', u'DIPAP1', u'DIPLOMA IN PUBLIC ADMIN (PUBLIC MAN)', u'21', u'SEMESTER 1', u'D1', u'Durban Campus Full-time', u'A', u'40000181:Timm', 0.0, u'']
[u'BILT101_SEM1_2018', u'BILT101_SEM1_2017', u'BILT101', u'BUSINESS COMM & INFO LITERACY', u'DIPAS1', u'DIPLOMA IN PUBLIC ADMIN (SUPPLY CHAIN)', u'21', u'SEMESTER 1', u'D1', u'Durban Campus Full-time', u'A', u'40000181:Timm', u'', u'']
check 'BILT101_SEM1_2018' 'BILT101'
processXLS: only for SEM2 [u'BILT101_SEM1_2018', u'BILT101_SEM1_2017', u'BILT101', u'BUSINESS COMM & INFO LITERACY', u'DIPAS1', u'DIPLOMA IN PUBLIC ADMIN (SUPPLY CHAIN)', u'21', u'SEMESTER 1', u'D1', u'Durban Campus Full-time', u'A', u'40000181:Timm', u'', u'']
[u'BILT101_SEM1_2018', u'BILT101_SEM1_2017', u'BILT101', u'BUSINESS COMM & INFO LITERACY', u'DIPLG1', u'DIP IN PUBLIC ADMIN (LOCAL GOV ADMIN)', u'21', u'SEMESTER 1', u'P1', u'Pietermaritzburg Full-time', u'A', u'40000181:Timm', 0.0, u'']
check 'BILT101_SEM1_2018' 'BILT101'
processXLS: only for SEM2 [u'BILT101_SEM1_2018', u'BILT101_SEM1_2017', u'BILT101', u'BUSINESS COMM & INFO LITERACY', u'DIPLG1', u'DIP IN PUBLIC ADMIN (LOCAL GOV ADMIN)', u'21', u'SEMESTER 1', u'P1', u'Pietermaritzburg Full-time', u'A', u'40000181:Timm', 0.0, u'']
[u'BILT101_SEM1_2018', u'BILT101_SEM1_2017', u'BILT101', u'BUSINESS COMM & INFO LITERACY', u'DIPPM1', u'DIPLOMA IN PUBLIC ADMIN (PUBLIC MAN)', u'21', u'SEMESTER 1', u'P1', u'Pietermaritzburg Full-time', u'A', u'40000181:Timm', 0.0, u'']
check 'BILT101_SEM1_2018' 'BILT101'
processXLS: only for SEM2 [u'BILT101_SEM1_2018', u'BILT101_SEM1_2017', u'BILT101', u'BUSINESS COMM & INFO LITERACY', u'DIPPM1', u'DIPLOMA IN PUBLIC ADMIN (PUBLIC MAN)', u'21', u'SEMESTER 1', u'P1', u'Pietermaritzburg Full-time', u'A', u'40000181:Timm', 0.0, u'']
[u'BILT101_SEM1_2018', u'BILT101_SEM1_2017', u'BILT101', u'BUSINESS COMM & INFO LITERACY', u'DIPSC1', u'DIPLOMA IN PUBLIC ADMIN (SUPPLY CHAIN)', u'21', u'SEMESTER 1', u'P1', u'Pietermaritzburg Full-time', u'A', u'40000181:Timm', u'', u'']
check 'BILT101_SEM1_2018' 'BILT101'
processXLS: only for SEM2 [u'BILT101_SEM1_2018', u'BILT101_SEM1_2017', u'BILT101', u'BUSINESS COMM & INFO LITERACY', u'DIPSC1', u'DIPLOMA IN PUBLIC ADMIN (SUPPLY CHAIN)', u'21', u'SEMESTER 1', u'P1', u'Pietermaritzburg Full-time', u'A', u'40000181:Timm', u'', u'']
[u'', u'', u'', u'', u'', u'', u'', u'', u'', u'', u'', u'', 0.0, u'']
check '' ''
[u'INSL101_SEM1_2018', u'INSL101_SEM1_2017', u'INSL101', u'INTRODUCTION TO SIGN LANGUAGE', u'DIBIM1', u'DIPLOMA IN BUSINESS &INFO MANAGEMENT', u'21', u'SEMESTER 1', u'D1', u'Durban Campus Full-time', u'A', u'40000181:Timm', 0.0, u'']
check 'INSL101_SEM1_2018' 'INSL101'
processXLS: only for SEM2 [u'INSL101_SEM1_2018', u'INSL101_SEM1_2017', u'INSL101', u'INTRODUCTION TO SIGN LANGUAGE', u'DIBIM1', u'DIPLOMA IN BUSINESS &INFO MANAGEMENT', u'21', u'SEMESTER 1', u'D1', u'Durban Campus Full-time', u'A', u'40000181:Timm', 0.0, u'']
[u'', u'', u'', u'', u'', u'', u'', u'', u'', u'', u'', u'', 0.0, u'']
check '' ''
[u'RQTH101_SEM2_2018', u'RQTH101_SEM2_2017', u'RQTH101', u'REFLECTIONS ON QUANTITATIVE THINKING', u'DITXF1', u'DIPLOMA IN TEXTILE TECHNOLOGY (4 YEARS)', u'22', u'SEMESTER 2', u'D1', u'Durban Campus Full-time', u'A', u'40000181:Timm', 0.0, u'']
check 'RQTH101_SEM2_2018' 'RQTH101'
adding  RQTH101
requesting:  http://10.0.100.98:8000/bbinfo/matching_courses/RQTH101%25
r= <Response [200]>
matching classes= set([u'RQTH101_SEM2_2018', u'RQTH101_SEM2_2017'])
[u'RQTH101_SEM2_2018', u'RQTH101_SEM2_2017', u'RQTH101', u'REFLECTIONS ON QUANTITATIVE THINKING', u'DITXT1', u'DIPLOMA IN TEXTILE TECHNOLOGY', u'22', u'SEMESTER 2', u'D1', u'Durban Campus Full-time', u'A', u'40000181:Timm', u'', u'']
check 'RQTH101_SEM2_2018' 'RQTH101'
adding  RQTH101
requesting:  http://10.0.100.98:8000/bbinfo/matching_courses/RQTH101%25
r= <Response [200]>
matching classes= set([u'RQTH101_SEM2_2018', u'RQTH101_SEM2_2017'])
[u'', u'', u'', u'', u'', u'', u'', u'', u'', u'', u'', u'', 0.0, u'']
check '' ''
[u'SCLR101_SEM2_2018', u'SCLR101_SEM2_2017', u'SCLR101', u'SOCIAL RESPONSIBILITY', u'DIFAF1', u'DIPLOMA IN FINE ART (4 YEARS)', u'22', u'SEMESTER 2', u'D1', u'Durban Campus Full-time', u'A', u'40000181:Timm', u'', u'']
check 'SCLR101_SEM2_2018' 'SCLR101'
adding  SCLR101
requesting:  http://10.0.100.98:8000/bbinfo/matching_courses/SCLR101%25
r= <Response [200]>
matching classes= set([u'SCLR101_SEM2_2017', u'SCLR101_SEM2_2018'])
[u'SCLR101_SEM2_2018', u'SCLR101_SEM2_2017', u'SCLR101', u'SOCIAL RESPONSIBILITY', u'DIFAR1', u'DIPLOMA IN FINE ART', u'22', u'SEMESTER 2', u'D1', u'Durban Campus Full-time', u'A', u'40000181:Timm', 0.0, u'']
check 'SCLR101_SEM2_2018' 'SCLR101'
adding  SCLR101
requesting:  http://10.0.100.98:8000/bbinfo/matching_courses/SCLR101%25
r= <Response [200]>
matching classes= set([u'SCLR101_SEM2_2017', u'SCLR101_SEM2_2018'])
[u'SCLR101_SEM2_2018', u'SCLR101_SEM2_2017', u'SCLR101', u'SOCIAL RESPONSIBILITY', u'DIJDF1', u'DIPLOMA IN JEWELLERY DES & MAN (4 YEARS)', u'22', u'SEMESTER 2', u'D1', u'Durban Campus Full-time', u'A', u'40000181:Timm', 0.0, u'']
check 'SCLR101_SEM2_2018' 'SCLR101'
adding  SCLR101
requesting:  http://10.0.100.98:8000/bbinfo/matching_courses/SCLR101%25
r= <Response [200]>
matching classes= set([u'SCLR101_SEM2_2017', u'SCLR101_SEM2_2018'])
[u'SCLR101_SEM2_2018', u'SCLR101_SEM2_2017', u'SCLR101', u'SOCIAL RESPONSIBILITY', u'DIJDM1', u'DIPLOMA IN JEWELLERY DES & MANUFACTURE', u'22', u'SEMESTER 2', u'D1', u'Durban Campus Full-time', u'A', u'40000181:Timm', u'', u'']
check 'SCLR101_SEM2_2018' 'SCLR101'
adding  SCLR101
requesting:  http://10.0.100.98:8000/bbinfo/matching_courses/SCLR101%25
r= <Response [200]>
matching classes= set([u'SCLR101_SEM2_2017', u'SCLR101_SEM2_2018'])
[u'', u'', u'', u'', u'', u'', u'', u'', u'', u'', u'', u'', u'', u'']
check '' ''
[u'SRSC101_SEM1_2018', u'SRSC101_SEM1_2017', u'SRSC101', u'SOC RESP & SUSTAINABLE COMM DEV', u'BACPH1', u'B APPLIED ARTS IN COMMERCIAL PHOTOGRAPHY', u'21', u'SEMESTER 1', u'D1', u'Durban Campus Full-time', u'A', u'40000181:Timm', u'', u'']
check 'SRSC101_SEM1_2018' 'SRSC101'
processXLS: only for SEM2 [u'SRSC101_SEM1_2018', u'SRSC101_SEM1_2017', u'SRSC101', u'SOC RESP & SUSTAINABLE COMM DEV', u'BACPH1', u'B APPLIED ARTS IN COMMERCIAL PHOTOGRAPHY', u'21', u'SEMESTER 1', u'D1', u'Durban Campus Full-time', u'A', u'40000181:Timm', u'', u'']
[u'', u'', u'', u'', u'', u'', u'', u'', u'', u'', u'', u'', u'', u'']
check '' ''
[u'WPMS101_SEM2_2018', u'WPMS101_SEM2_2017', u'WPMS101', u'WORK PREPAREDNESS FOR MANAGEMENT SCIENCES', u'DIPLG1', u'DIP IN PUBLIC ADMIN (LOCAL GOV ADMIN)', u'22', u'SEMESTER 2', u'P1', u'Pietermaritzburg Full-time', u'A', u'40000181:Timm', u'', u'']
check 'WPMS101_SEM2_2018' 'WPMS101'
adding  WPMS101
requesting:  http://10.0.100.98:8000/bbinfo/matching_courses/WPMS101%25
r= <Response [200]>
matching classes= set([u'WPMS101_SEM2_2018', u'WPMS101_SEM2_2017'])
[u'WPMS101_SEM2_2018', u'WPMS101_SEM2_2017', u'WPMS101', u'WORK PREPAREDNESS FOR MANAGEMENT SCIENCES', u'DIPPM1', u'DIPLOMA IN PUBLIC ADMIN (PUBLIC MAN)', u'22', u'SEMESTER 2', u'P1', u'Pietermaritzburg Full-time', u'A', u'40000181:Timm', u'', u'']
check 'WPMS101_SEM2_2018' 'WPMS101'
adding  WPMS101
requesting:  http://10.0.100.98:8000/bbinfo/matching_courses/WPMS101%25
r= <Response [200]>
matching classes= set([u'WPMS101_SEM2_2018', u'WPMS101_SEM2_2017'])
[u'', u'', u'', u'', u'', u'', u'', u'', u'', u'', u'', u'', u'', u'']
check '' ''
[u'', u'', u'', u'', u'', u'', u'', u'', u'', u'', u'', u'', u'', u'']
check '' ''
[u'TENE101_SEM1_2018', u'template_2018', u'TENE101', u'THE ENTREPRENEURIAL EDGE', u'', u'', 21.0, u'', u'D1', u'', u'', u'40000181:Timm', u'', u'']
check 'TENE101_SEM1_2018' 'TENE101'
processXLS: only for SEM2 [u'TENE101_SEM1_2018', u'template_2018', u'TENE101', u'THE ENTREPRENEURIAL EDGE', u'', u'', 21.0, u'', u'D1', u'', u'', u'40000181:Timm', u'', u'']
[u'HCDK101_SEM1_2018', u'HCDK101_SEM1_2017', u'HCDK101', u'HIV & COMMUNICABLE DISEASES IN KZN', u'', u'', 21.0, u'', u'D1', u'', u'', u'40000181:Timm', u'', u'']
check 'HCDK101_SEM1_2018' 'HCDK101'
processXLS: only for SEM2 [u'HCDK101_SEM1_2018', u'HCDK101_SEM1_2017', u'HCDK101', u'HIV & COMMUNICABLE DISEASES IN KZN', u'', u'', 21.0, u'', u'D1', u'', u'', u'40000181:Timm', u'', u'']
[u'EQDV101_YEAR_2018', u'template_2018', u'EQDV101', u'EQUALITY & DIVERSITY', u'', u'', 21.0, u'', u'D1', u'', u'', u'40000181:Timm', u'', u'']
check 'EQDV101_YEAR_2018' 'EQDV101'
processXLS: only for SEM2 [u'EQDV101_YEAR_2018', u'template_2018', u'EQDV101', u'EQUALITY & DIVERSITY', u'', u'', 21.0, u'', u'D1', u'', u'', u'40000181:Timm', u'', u'']
[u'CEMP101_SEM1_2018', u'template_2018', u'CEMP101', u'COMMUNITY ENGAGMENT PROJECT', u'', u'', 22.0, u'', u'D1', u'', u'', u'40000181:Timm', u'', u'']
check 'CEMP101_SEM1_2018' 'CEMP101'
processXLS: only for SEM2 [u'CEMP101_SEM1_2018', u'template_2018', u'CEMP101', u'COMMUNITY ENGAGMENT PROJECT', u'', u'', 22.0, u'', u'D1', u'', u'', u'40000181:Timm', u'', u'']
[u'...', u'', u'', u'', u'', u'', u'', u'', u'', u'', u'', u'', u'', u'']
check '...' ''
[u'New subjects for 2018', u'', u'', u'', u'', u'', u'', u'', u'', u'', u'', u'', u'', u'']
check 'New subjects for 2018' ''
[u'SSOC101_SEM1_2018', u'template_2018', u'SSOC101', u'SOCIOLOGY AND SOCIETY', u'BBCST1', u'BACHELOR OF BE IN CONSTRUCTION STUDIES', u'21', u'SEM1', u'D1', u'OTNAME', u'A', u'', u'', u'']
check 'SSOC101_SEM1_2018' 'SSOC101'
processXLS: only for SEM2 [u'SSOC101_SEM1_2018', u'template_2018', u'SSOC101', u'SOCIOLOGY AND SOCIETY', u'BBCST1', u'BACHELOR OF BE IN CONSTRUCTION STUDIES', u'21', u'SEM1', u'D1', u'OTNAME', u'A', u'', u'', u'']
[u'LTLT101_SEM1_2018', u'template_2018', u'LTLT101', u'LITERACIES THROUGH LITERATURE', u'BSFST1', u'BS:  FOOD SCIENCE AND TECHNOLOGY', u'21', u'SEM1', u'D1', u'OTNAME', u'A', u'40000181:TIMM', u'', u'']
check 'LTLT101_SEM1_2018' 'LTLT101'
processXLS: only for SEM2 [u'LTLT101_SEM1_2018', u'template_2018', u'LTLT101', u'LITERACIES THROUGH LITERATURE', u'BSFST1', u'BS:  FOOD SCIENCE AND TECHNOLOGY', u'21', u'SEM1', u'D1', u'OTNAME', u'A', u'40000181:TIMM', u'', u'']
[u'LTLT101_SEM1_2018', u'template_2018', u'LTLT101', u'LITERACIES THROUGH LITERATURE', u'BSBTC1', u'BS:  BIOTECHNOLOGY', u'21', u'SEM1', u'D1', u'OTNAME', u'A', u'40000181:TIMM', u'', u'']
check 'LTLT101_SEM1_2018' 'LTLT101'
processXLS: only for SEM2 [u'LTLT101_SEM1_2018', u'template_2018', u'LTLT101', u'LITERACIES THROUGH LITERATURE', u'BSBTC1', u'BS:  BIOTECHNOLOGY', u'21', u'SEM1', u'D1', u'OTNAME', u'A', u'40000181:TIMM', u'', u'']
[u'LTLT101_SEM2_2018', u'template_2018', u'LTLT101', u'LITERACIES THROUGH LITERATURE', u'BSFST1', u'BS:  FOOD SCIENCE AND TECHNOLOGY', u'22', u'SEM2', u'D1', u'OTNAME', u'A', u'40000181:TIMM', u'', u'']
check 'LTLT101_SEM2_2018' 'LTLT101'
adding  LTLT101
requesting:  http://10.0.100.98:8000/bbinfo/matching_courses/LTLT101%25
r= <Response [200]>
matching classes= set([u'LTLT101_SEM2_2018'])
[u'LTLT101_SEM2_2018', u'template_2018', u'LTLT101', u'LITERACIES THROUGH LITERATURE', u'BSBTC1', u'BS:  BIOTECHNOLOGY', u'22', u'SEM2', u'D1', u'OTNAME', u'A', u'40000181:TIMM', u'', u'']
check 'LTLT101_SEM2_2018' 'LTLT101'
adding  LTLT101
requesting:  http://10.0.100.98:8000/bbinfo/matching_courses/LTLT101%25
r= <Response [200]>
matching classes= set([u'LTLT101_SEM2_2018'])
[u'PPRT101_SEM1_2018', u'template_2018', u'PPRT101', u'PRACTICAL PARENTING', u'BSBTC1', u'BS:  BIOTECHNOLOGY', u'21', u'SEM1', u'D1', u'OTNAME', u'A', u'40000181:TIMM', u'', u'']
check 'PPRT101_SEM1_2018' 'PPRT101'
processXLS: only for SEM2 [u'PPRT101_SEM1_2018', u'template_2018', u'PPRT101', u'PRACTICAL PARENTING', u'BSBTC1', u'BS:  BIOTECHNOLOGY', u'21', u'SEM1', u'D1', u'OTNAME', u'A', u'40000181:TIMM', u'', u'']
[u'SCLW101_SEM1_2018', u'template_2018', u'SCLW101', u'SOCIOLOGY OF WORK', u'BBGMT1', u'BACHELOR OF THE B E IN GEOMATICS', u'21', u'SEM1', u'D1', u'OTNAME', u'A', u'40000181:TIMM', u'', u'']
check 'SCLW101_SEM1_2018' 'SCLW101'
processXLS: only for SEM2 [u'SCLW101_SEM1_2018', u'template_2018', u'SCLW101', u'SOCIOLOGY OF WORK', u'BBGMT1', u'BACHELOR OF THE B E IN GEOMATICS', u'21', u'SEM1', u'D1', u'OTNAME', u'A', u'40000181:TIMM', u'', u'']
processXLS: finished processing workingSheets/data/BBC3701CentreForGeneralEducation2017.xls
getWS: requesting:  http://10.0.100.98:8000/itsenrol/classlist/2018/22/LTLT101 rsp= <Response [200]>
getWS: requesting:  http://10.0.100.98:8000/bbinfo/classlist/LTLT101 rsp= <Response [200]>
getNewStudentsInSubject: ITS 1, BB 1 -> 1 new enrollments
getWS: requesting:  http://10.0.100.98:8000/itsenrol/classlist/2018/22/CLHR101 rsp= <Response [200]>
getWS: requesting:  http://10.0.100.98:8000/bbinfo/classlist/CLHR101 rsp= <Response [200]>
getNewStudentsInSubject: ITS 35, BB 85 -> 34 new enrollments
getWS: requesting:  http://10.0.100.98:8000/itsenrol/classlist/2018/22/ICTL101 rsp= <Response [200]>
getWS: requesting:  http://10.0.100.98:8000/bbinfo/classlist/ICTL101 rsp= <Response [200]>
getNewStudentsInSubject: ITS 131, BB 2058 -> 131 new enrollments
getWS: requesting:  http://10.0.100.98:8000/itsenrol/classlist/2018/22/WPMS101 rsp= <Response [200]>
getWS: requesting:  http://10.0.100.98:8000/bbinfo/classlist/WPMS101 rsp= <Response [200]>
getNewStudentsInSubject: ITS 0, BB 1 -> 0 new enrollments
getWS: requesting:  http://10.0.100.98:8000/itsenrol/classlist/2018/22/MWMU101 rsp= <Response [200]>
getWS: requesting:  http://10.0.100.98:8000/bbinfo/classlist/MWMU101 rsp= <Response [200]>
getNewStudentsInSubject: ITS 412, BB 163 -> 412 new enrollments
getWS: requesting:  http://10.0.100.98:8000/itsenrol/classlist/2018/22/LWLF101 rsp= <Response [200]>
getWS: requesting:  http://10.0.100.98:8000/bbinfo/classlist/LWLF101 rsp= <Response [200]>
getNewStudentsInSubject: ITS 1329, BB 2307 -> 1302 new enrollments
getWS: requesting:  http://10.0.100.98:8000/itsenrol/classlist/2018/22/KZNM101 rsp= <Response [200]>
getWS: requesting:  http://10.0.100.98:8000/bbinfo/classlist/KZNM101 rsp= <Response [200]>
getNewStudentsInSubject: ITS 171, BB 1 -> 171 new enrollments
getWS: requesting:  http://10.0.100.98:8000/itsenrol/classlist/2018/22/VNVL101 rsp= <Response [200]>
getWS: requesting:  http://10.0.100.98:8000/bbinfo/classlist/VNVL101 rsp= <Response [200]>
getNewStudentsInSubject: ITS 36, BB 1 -> 36 new enrollments
getWS: requesting:  http://10.0.100.98:8000/itsenrol/classlist/2018/22/CLDV101 rsp= <Response [200]>
getWS: requesting:  http://10.0.100.98:8000/bbinfo/classlist/CLDV101 rsp= <Response [200]>
getNewStudentsInSubject: ITS 90, BB 100 -> 84 new enrollments
getWS: requesting:  http://10.0.100.98:8000/itsenrol/classlist/2018/22/BCIF101 rsp= <Response [200]>
getWS: requesting:  http://10.0.100.98:8000/bbinfo/classlist/BCIF101 rsp= <Response [200]>
getNewStudentsInSubject: ITS 534, BB 5 -> 534 new enrollments
getWS: requesting:  http://10.0.100.98:8000/itsenrol/classlist/2018/22/LDSH101 rsp= <Response [200]>
getWS: requesting:  http://10.0.100.98:8000/bbinfo/classlist/LDSH101 rsp= <Response [200]>
getNewStudentsInSubject: ITS 58, BB 76 -> 57 new enrollments
getWS: requesting:  http://10.0.100.98:8000/itsenrol/classlist/2018/22/RQTH101 rsp= <Response [200]>
getWS: requesting:  http://10.0.100.98:8000/bbinfo/classlist/RQTH101 rsp= <Response [200]>
getNewStudentsInSubject: ITS 0, BB 2 -> 0 new enrollments
getWS: requesting:  http://10.0.100.98:8000/itsenrol/classlist/2018/22/SCLR101 rsp= <Response [200]>
getWS: requesting:  http://10.0.100.98:8000/bbinfo/classlist/SCLR101 rsp= <Response [200]>
getNewStudentsInSubject: ITS 0, BB 1 -> 0 new enrollments
getWS: requesting:  http://10.0.100.98:8000/itsenrol/classlist/2018/22/VWKP101 rsp= <Response [200]>
getWS: requesting:  http://10.0.100.98:8000/bbinfo/classlist/VWKP101 rsp= <Response [200]>
getNewStudentsInSubject: ITS 191, BB 184 -> 182 new enrollments
getWS: requesting:  http://10.0.100.98:8000/itsenrol/classlist/2018/22/CSTN101 rsp= <Response [200]>
getWS: requesting:  http://10.0.100.98:8000/bbinfo/classlist/CSTN101 rsp= <Response [200]>
getNewStudentsInSubject: ITS 899, BB 12532 -> 840 new enrollments
main: Writing students...
main: Writing enrollments...
main: Finished processing workingSheets/data/BBC3701CentreForGeneralEducation2017.xls
main: 15 subjects processed
main: 70 subject -> classroom maps
main: 2897 students
main: 3784 student enrollments 0 errors
0.82user 0.25system 0:12.15elapsed 8%CPU (0avgtext+0avgdata 217984maxresident)k
120inputs+1080outputs (0major+17601minor)pagefaults 0swaps
POSTING SNAPSHOTS to SIS endpoint
TEST RUN, NOT POSTING BBSTUDENTS
TEST RUN, NOT POSTIN BBENROL
copy snapshot files to saved output
=== department done ===
syncing logs...
Pushing logs from logs/20180723111852 to remote...
sending incremental file list
./
BBC3701CentreForGeneralEducation2017.BBENROL.txt
BBC3701CentreForGeneralEducation2017.BBSTUDENTS.txt
BBC3701CentreForGeneralEducation2017.Enrolomat.txt
BBC3701CentreForGeneralEducation2017.Postlog.txt

sent 652351 bytes  received 91 bytes  62137.33 bytes/sec
total size is 9518147  speedup is 14.59
Pushing logs from logs/20180723111852 to remote...
sending incremental file list
./
000RUN_SUMMARY.txt

sent 36275 bytes  received 34 bytes  3822.00 bytes/sec
total size is 9543311  speedup is 262.84
